Labgrid Console Logfile for main
Logfile started at 2026-01-31 21:02:48.823541
=== Log starts here ===
[    0.000000] Booting Linux on physical CPU 0x0000000000 [0x411fd070]
[    0.000000] Linux version 6.6.121 (builder@buildhost) (aarch64-openwrt-linux-musl-gcc (OpenWrt GCC 13.3.0 r29101-8843108ff0) 13.3.0, GNU ld (GNU Binutils) 2.42) #0 SMP Mon Jan 19 00:20:16 2026
[    0.000000] KASLR enabled
[    0.000000] random: crng init done
[    0.000000] Machine model: linux,dummy-virt
[    0.000000] efi: UEFI not found.
[    0.000000] NUMA: No NUMA configuration found
[    0.000000] NUMA: Faking a node at [mem 0x0000000040000000-0x0000000047ffffff]
[    0.000000] NUMA: NODE_DATA [mem 0x47fac380-0x47faefff]
[    0.000000] Zone ranges:
[    0.000000]   DMA      [mem 0x0000000040000000-0x0000000047ffffff]
[    0.000000]   DMA32    empty
[    0.000000]   Normal   empty
[    0.000000] Movable zone start for each node
[    0.000000] Early memory node ranges
[    0.000000]   node   0: [mem 0x0000000040000000-0x0000000047ffffff]
[    0.000000] Initmem setup node 0 [mem 0x0000000040000000-0x0000000047ffffff]
[    0.000000] cma: Reserved 32 MiB at 0x0000000045c00000 on node -1
[    0.000000] psci: probing for conduit method from DT.
[    0.000000] psci: PSCIv1.1 detected in firmware.
[    0.000000] psci: Using standard PSCI v0.2 function IDs
[    0.000000] psci: Trusted OS migration not required
[    0.000000] psci: SMC Calling Convention v1.0
[    0.000000] percpu: Embedded 20 pages/cpu s42344 r8192 d31384 u81920
[    0.000000] Detected PIPT I-cache on CPU0
[    0.000000] CPU features: detected: Spectre-v2
[    0.000000] CPU features: detected: Spectre-v3a
[    0.000000] CPU features: detected: Spectre-v4
[    0.000000] CPU features: detected: Spectre-BHB
[    0.000000] CPU features: kernel page table isolation forced ON by KASLR
[    0.000000] CPU features: detected: Kernel page table isolation (KPTI)
[    0.000000] CPU features: detected: ARM erratum 834220
[    0.000000] CPU features: detected: ARM erratum 832075
[    0.000000] CPU features: detected: ARM errata 1165522, 1319367, or 1530923
[    0.000000] alternatives: applying boot alternatives
[    0.000000] Kernel command line: 
[    0.000000] Dentry cache hash table entries: 16384 (order: 5, 131072 bytes, linear)
[    0.000000] Inode-cache hash table entries: 8192 (order: 4, 65536 bytes, linear)
[    0.000000] Fallback order for Node 0: 0 
[    0.000000] Built 1 zonelists, mobility grouping on.  Total pages: 32256
[    0.000000] Policy zone: DMA
[    0.000000] mem auto-init: stack:off, heap alloc:off, heap free:off
[    0.000000] software IO TLB: SWIOTLB bounce buffer size adjusted to 0MB
[    0.000000] software IO TLB: area num 1.
[    0.000000] software IO TLB: mapped [mem 0x0000000047f12000-0x0000000047f52000] (0MB)
[    0.000000] Memory: 55324K/131072K available (11648K kernel code, 1546K rwdata, 3040K rodata, 22144K init, 478K bss, 42980K reserved, 32768K cma-reserved)
[    0.000000] SLUB: HWalign=64, Order=0-3, MinObjects=0, CPUs=1, Nodes=1
[    0.000000] rcu: Hierarchical RCU implementation.
[    0.000000] rcu: 	RCU restricting CPUs from NR_CPUS=256 to nr_cpu_ids=1.
[    0.000000] 	Tracing variant of Tasks RCU enabled.
[    0.000000] rcu: RCU calculated value of scheduler-enlistment delay is 10 jiffies.
[    0.000000] rcu: Adjusting geometry for rcu_fanout_leaf=16, nr_cpu_ids=1
[    0.000000] NR_IRQS: 64, nr_irqs: 64, preallocated irqs: 0
[    0.000000] Root IRQ handler: 0xffffb7a6604100b4
[    0.000000] GICv2m: range[mem 0x08020000-0x08020fff], SPI[80:143]
[    0.000000] rcu: srcu_init: Setting srcu_struct sizes based on contention.
[    0.000000] arch_timer: cp15 timer(s) running at 62.50MHz (virt).
[    0.000000] clocksource: arch_sys_counter: mask: 0x1ffffffffffffff max_cycles: 0x1cd42e208c, max_idle_ns: 881590405314 ns
[    0.000077] sched_clock: 57 bits at 63MHz, resolution 16ns, wraps every 4398046511096ns
[    0.002936] Console: colour dummy device 80x25
[    0.003227] printk: console [tty0] enabled
[    0.006819] Calibrating delay loop (skipped), value calculated using timer frequency.. 125.00 BogoMIPS (lpj=625000)
[    0.006985] pid_max: default: 32768 minimum: 301
[    0.012182] Mount-cache hash table entries: 512 (order: 0, 4096 bytes, linear)
[    0.012239] Mountpoint-cache hash table entries: 512 (order: 0, 4096 bytes, linear)
[    0.036440] cacheinfo: Unable to detect cache hierarchy for CPU 0
[    0.044082] RCU Tasks Trace: Setting shift to 0 and lim to 1 rcu_task_cb_adjust=1 rcu_task_cpu_ids=1.
[    0.045497] rcu: Hierarchical SRCU implementation.
[    0.045552] rcu: 	Max phase no-delay instances is 1000.
[    0.048355] EFI services will not be available.
[    0.049175] smp: Bringing up secondary CPUs ...
[    0.049797] smp: Brought up 1 node, 1 CPU
[    0.049838] SMP: Total of 1 processors activated.
[    0.049916] CPU features: detected: 32-bit EL0 Support
[    0.049944] CPU features: detected: 32-bit EL1 Support
[    0.050002] CPU features: detected: CRC32 instructions
[    0.052564] CPU features: emulated: Privileged Access Never (PAN) using TTBR0_EL1 switching
[    0.052809] CPU: All CPU(s) started at EL1
[    0.053004] alternatives: applying system-wide alternatives
[    0.071256] clocksource: jiffies: mask: 0xffffffff max_cycles: 0xffffffff, max_idle_ns: 19112604462750000 ns
[    0.071669] futex hash table entries: 256 (order: 2, 16384 bytes, linear)
[    0.073814] pinctrl core: initialized pinctrl subsystem
[    0.083264] DMI not present or invalid.
[    0.090877] NET: Registered PF_NETLINK/PF_ROUTE protocol family
[    0.099498] DMA: preallocated 128 KiB GFP_KERNEL pool for atomic allocations
[    0.099968] DMA: preallocated 128 KiB GFP_KERNEL|GFP_DMA pool for atomic allocations
[    0.100200] DMA: preallocated 128 KiB GFP_KERNEL|GFP_DMA32 pool for atomic allocations
[    0.104068] thermal_sys: Registered thermal governor 'step_wise'
[    0.104354] cpuidle: using governor ladder
[    0.104549] cpuidle: using governor menu
[    0.105184] ASID allocator initialised with 32768 entries
[    0.106835] Serial: AMBA PL011 UART driver
[    0.130254] 9000000.pl011: ttyAMA0 at MMIO 0x9000000 (irq = 13, base_baud = 0) is a PL011 rev1
[    0.131504] printk: console [ttyAMA0] enabled
[    0.325005] Modules: 2G module region forced by RANDOMIZE_MODULE_REGION_FULL
[    0.325282] Modules: 0 pages in range for non-PLT usage
[    0.325303] Modules: 514528 pages in range for PLT usage
[    0.332296] cryptd: max_cpu_qlen set to 1000
[    0.335357] ACPI: Interpreter disabled.
[    0.338162] iommu: Default domain type: Passthrough
[    0.339397] SCSI subsystem initialized
[    0.341489] usbcore: registered new interface driver usbfs
[    0.342149] usbcore: registered new interface driver hub
[    0.342446] usbcore: registered new device driver usb
[    0.360626] clocksource: Switched to clocksource arch_sys_counter
[    0.363001] pnp: PnP ACPI: disabled
[    0.371833] NET: Registered PF_INET protocol family
[    0.372959] IP idents hash table entries: 2048 (order: 2, 16384 bytes, linear)
[    0.378363] tcp_listen_portaddr_hash hash table entries: 256 (order: 0, 4096 bytes, linear)
[    0.378899] Table-perturb hash table entries: 65536 (order: 6, 262144 bytes, linear)
[    0.382296] TCP established hash table entries: 1024 (order: 1, 8192 bytes, linear)
[    0.382877] TCP bind hash table entries: 1024 (order: 3, 32768 bytes, linear)
[    0.383370] TCP: Hash tables configured (established 1024 bind 1024)
[    0.385212] MPTCP token hash table entries: 256 (order: 1, 6144 bytes, linear)
[    0.393833] UDP hash table entries: 256 (order: 1, 8192 bytes, linear)
[    0.394401] UDP-Lite hash table entries: 256 (order: 1, 8192 bytes, linear)
[    0.395929] NET: Registered PF_UNIX/PF_LOCAL protocol family
[    0.396599] PCI: CLS 0 bytes, default 64
[    0.410510] kvm [1]: HYP mode not available
[    0.413968] workingset: timestamp_bits=42 max_order=15 bucket_order=0
[    0.415823] squashfs: version 4.0 (2009/01/31) Phillip Lougher
[    0.416029] jffs2: version 2.2 (NAND) (SUMMARY) (LZMA) (RTIME) (CMODE_PRIORITY) (c) 2001-2006 Red Hat, Inc.
[    0.431094] 9p: Installing v9fs 9p2000 file system support
[    0.433633] Block layer SCSI generic (bsg) driver version 0.4 loaded (major 250)
[    0.444500] atomic64_test: passed
[    0.455424] pl061_gpio 9030000.pl061: PL061 GPIO chip registered
[    0.457646] pci-host-generic 4010000000.pcie: host bridge /pcie@10000000 ranges:
[    0.458452] pci-host-generic 4010000000.pcie:       IO 0x003eff0000..0x003effffff -> 0x0000000000
[    0.459177] pci-host-generic 4010000000.pcie:      MEM 0x0010000000..0x003efeffff -> 0x0010000000
[    0.466298] pci-host-generic 4010000000.pcie:      MEM 0x8000000000..0xffffffffff -> 0x8000000000
[    0.467270] pci-host-generic 4010000000.pcie: Memory resource size exceeds max for 32 bits
[    0.468003] pci-host-generic 4010000000.pcie: ECAM at [mem 0x4010000000-0x401fffffff] for [bus 00-ff]
[    0.478429] pci-host-generic 4010000000.pcie: PCI host bridge to bus 0000:00
[    0.478941] pci_bus 0000:00: root bus resource [bus 00-ff]
[    0.479197] pci_bus 0000:00: root bus resource [io  0x0000-0xffff]
[    0.479420] pci_bus 0000:00: root bus resource [mem 0x10000000-0x3efeffff]
[    0.488849] pci_bus 0000:00: root bus resource [mem 0x8000000000-0xffffffffff]
[    0.490923] pci 0000:00:00.0: [1b36:0008] type 00 class 0x060000
[    0.494026] pci 0000:00:01.0: [1af4:1000] type 00 class 0x020000
[    0.494443] pci 0000:00:01.0: reg 0x10: [io  0x0000-0x001f]
[    0.499899] pci 0000:00:01.0: reg 0x20: [mem 0x00000000-0x00003fff 64bit pref]
[    0.500361] pci 0000:00:01.0: reg 0x30: [mem 0x00000000-0x0007ffff pref]
[    0.500953] pci 0000:00:02.0: [1af4:1005] type 00 class 0x00ff00
[    0.501164] pci 0000:00:02.0: reg 0x10: [io  0x0000-0x001f]
[    0.510764] pci 0000:00:02.0: reg 0x14: [mem 0x00000000-0x00000fff]
[    0.511057] pci 0000:00:02.0: reg 0x20: [mem 0x00000000-0x00003fff 64bit pref]
[    0.511779] pci 0000:00:03.0: [1af4:1000] type 00 class 0x020000
[    0.511991] pci 0000:00:03.0: reg 0x10: [io  0x0000-0x001f]
[    0.521549] pci 0000:00:03.0: reg 0x14: [mem 0x00000000-0x00000fff]
[    0.521822] pci 0000:00:03.0: reg 0x20: [mem 0x00000000-0x00003fff 64bit pref]
[    0.522145] pci 0000:00:03.0: reg 0x30: [mem 0x00000000-0x0007ffff pref]
[    0.524338] pci 0000:00:01.0: BAR 6: assigned [mem 0x10000000-0x1007ffff pref]
[    0.532890] pci 0000:00:03.0: BAR 6: assigned [mem 0x10080000-0x100fffff pref]
[    0.533366] pci 0000:00:01.0: BAR 4: assigned [mem 0x8000000000-0x8000003fff 64bit pref]
[    0.533765] pci 0000:00:02.0: BAR 4: assigned [mem 0x8000004000-0x8000007fff 64bit pref]
[    0.534074] pci 0000:00:03.0: BAR 4: assigned [mem 0x8000008000-0x800000bfff 64bit pref]
[    0.543722] pci 0000:00:02.0: BAR 1: assigned [mem 0x10100000-0x10100fff]
[    0.544052] pci 0000:00:03.0: BAR 1: assigned [mem 0x10101000-0x10101fff]
[    0.544318] pci 0000:00:01.0: BAR 0: assigned [io  0x1000-0x101f]
[    0.554345] pci 0000:00:02.0: BAR 0: assigned [io  0x1020-0x103f]
[    0.554624] pci 0000:00:03.0: BAR 0: assigned [io  0x1040-0x105f]
[    0.613937] EINJ: ACPI disabled.
[    0.645890] virtio-pci 0000:00:01.0: enabling device (0000 -> 0003)
[    0.649224] virtio-pci 0000:00:02.0: enabling device (0000 -> 0003)
[    0.650949] virtio-pci 0000:00:03.0: enabling device (0000 -> 0003)
[    0.653545] Serial: 8250/16550 driver, 16 ports, IRQ sharing enabled
[    0.661913] SuperH (H)SCI(F) driver initialized
[    0.714180] loop: module loaded
[    0.735144] usbcore: registered new interface driver usb-storage
[    0.739277] rtc-pl031 9010000.pl031: registered as rtc0
[    0.740132] rtc-pl031 9010000.pl031: setting system clock to 2026-01-31T21:02:49 UTC (1769893369)
[    0.743957] sdhci: Secure Digital Host Controller Interface driver
[    0.745531] sdhci: Copyright(c) Pierre Ossman
[    0.746362] Synopsys Designware Multimedia Card Interface Driver
[    0.747399] sdhci-pltfm: SDHCI platform and OF driver helper
[    0.749758] hid: raw HID events driver (C) Jiri Kosina
[    0.750475] usbcore: registered new interface driver usbhid
[    0.750667] usbhid: USB HID core driver
[    0.760085] NET: Registered PF_INET6 protocol family
[    0.812895] Segment Routing with IPv6
[    0.813259] In-situ OAM (IOAM) with IPv6
[    0.813904] NET: Registered PF_PACKET protocol family
[    0.814563] bridge: filtering via arp/ip/ip6tables is no longer available by default. Update your scripts to load br_netfilter if you need this.
[    0.980318] 8021q: 802.1Q VLAN Support v1.8
[    0.981385] 9pnet: Installing 9P2000 support
[    1.120932] clk: Disabling unused clocks
[    1.125597] uart-pl011 9000000.pl011: no DMA platform data
[    1.164417] Freeing unused kernel memory: 22144K
[    1.171146] Run /init as init process
[    4.501234] init: Console is alive
[    4.613335] kmodloader: loading kernel modules from /etc/modules-boot.d/*
[    4.642559] pps_core: LinuxPPS API ver. 1 registered
[    4.642816] pps_core: Software ver. 5.3.6 - Copyright 2005-2007 Rodolfo Giometti <giometti@linux.it>
[    4.697626] PTP clock support registered
[    4.715421] kmodloader: done loading kernel modules from /etc/modules-boot.d/*
[    4.731067] init: - preinit -
[    6.577105] 8021q: adding VLAN 0 to HW filter on device eth0
Press the [f] key and hit [enter] to enter failsafe mode
Press the [1], [2], [3] or [4] key and hit [enter] to select the debug level
[   11.637684] procd: - early -
[   12.854169] procd: - ubus -
[   13.065213] procd: - init -
Please press Enter to activate this console.
root
login[1094]: root login on 'ttyAMA0'


BusyBox v1.36.1 (2026-01-19 00:20:16 UTC) built-in shell (ash)

  _______                     ________        __
 |       |.-----.-----.-----.|  |  |  |.----.|  |_
 |   -   ||  _  |  -__|     ||  |  |  ||   _||   _|
 |_______||   __|_____|__|__||________||__|  |____|
          |__| W I R E L E S S   F R E E D O M
 -----------------------------------------------------
 OpenWrt 24.10-SNAPSHOT, r29101-8843108ff0
 -----------------------------------------------------
=== WARNING! =====================================
There is no root password defined on this device!
Use the "passwd" command to set up a new password
in order to prevent unauthorized SSH logins.
--------------------------------------------------
root@(none):~# dmesg -n 1
root@(none):~# echo 'NAGJ''ETLBZF'
NAGJETLBZF
root@(none):~# run() { echo -n "$MARKER"; sh -c "$@"; echo "$MARKER $?"; }
root@(none):~# echo 'YAMT''PKVVJW'
YAMTPKVVJW
root@(none):~# MARKER='AZCF''XLJMQQ' run 'ubus wait_for network.interface.lan'
AZCFXLJMQQ