Labgrid Console Logfile for main
Logfile started at 2026-03-01 02:06:10.090042
=== Log starts here ===
c[?7l[2J[0mSeaBIOS (version 1.16.3-debian-1.16.3-2)


iPXE (https://ipxe.org) 00:03.0 CA00 PCI2.10 PnP PMM+06FCAE70+06F0AE70 CA00
Press Ctrl-B to configure iPXE (PCI 00:03.0)...                                                                               




iPXE (https://ipxe.org) 00:05.0 CB00 PCI2.10 PnP PMM 06FCAE70 06F0AE70 CB00
Press Ctrl-B to configure iPXE (PCI 00:05.0)...                                                                               


Booting from Hard Disk...
GRUB loading.....
[0;30;47mWelcome to GRUB![01;01H[0m[2J[H[J[1;1H[?25l[m[H[J[1;1H[2;30HGNU GRUB  version 2.12

[m[4;2H+----------------------------------------------------------------------------+[5;2H|[5;79H|[6;2H|[6;79H|[7;2H|[7;79H|[8;2H|[8;79H|[9;2H|[9;79H|[10;2H|[10;79H|[11;2H|[11;79H|[12;2H|[12;79H|[13;2H|[13;79H|[14;2H|[14;79H|[15;2H|[15;79H|[16;2H+----------------------------------------------------------------------------+[m[17;2H[18;2H[m     Use the ^ and v keys to select which entry is highlighted.          
      Press enter to boot the selected OS, `e' to edit the commands       
      before booting or `c' for a command-line. ESC to return             
      previous menu.                                                      [5;80H [7m[5;3H*OpenWrt                                                                    [m[5;78H[m[m[6;3H OpenWrt (failsafe)                                                         [m[6;78H[m[m[7;3H                                                                            [m[7;78H[m[m[8;3H                                                                            [m[8;78H[m[m[9;3H                                                                            [m[9;78H[m[m[10;3H                                                                            [m[10;78H[m[m[11;3H                                                                            [m[11;78H[m[m[12;3H                                                                            [m[12;78H[m[m[13;3H                                                                            [m[13;78H[m[m[14;3H                                                                            [m[14;78H[m[m[15;3H                                                                            [m[15;78H[m[15;80H [5;78H[2J[02;30HGNU GRUB  version 2.12[04;02H┌────────────────────────────────────────────────────────────────────────────┐[05;02H│[05;79H│[06;02H│[06;79H│[07;02H│[07;79H│[08;02H│[08;79H│[08;79H[09;02H│[09;79H│[10;02H│[10;79H│[11;02H│[11;79H│[12;02H│[12;79H│[13;02H│[13;79H│[14;02H│[14;79H│[15;02H│[15;79H│[16;02H│[16;79H│[17;02H└────────────────────────────────────────────────────────────────────────────┘[19;02H     Use the ↑ and ↓ keys to select which entry is highligh[19;60H[19;61Hted.          
      Press enter to boot the selected OS, `e' to edit the commands       
      before booting or `c' for a command-line. ESC to return           [21;72H[21;73H  
      previous menu.                                                      [05;80H [05;03H[0;30;47m*OpenWrt                                                                    [06;03H[0m OpenWr[06;09H[06;10Ht (failsafe)                                                         [07;03H                                                                            [08;03H                   [08;21H[08;22H                                                         [09;03H                                                                            [10;03H                                                                            [11;03H                                                                            [12;03H                                                                            [13;03H                                                                            [14;03H                                                                            [15;03H                                                                            [16;03H                                                                            [16;80H 






   The highlighted entry will be executed automatically in 5s.                [22;1H   The highlighted entry will be executed automatically in 5s.                 [5;78H [05;78H

















   The highlighted entry will be executed automatically in 4s.                [22;1H   The highlighted entry will be executed automatically in 4s.                 [5;78H [05;78H

















   The highlighted entry will be executed automatically in 3s.                [22;1H   The highlighted entry will be executed automatically in 3s.                 [5;78H [05;78H

















   The highlighted entry will be execute[23;40H[23;41Hd automatically in 2s.                [22;1H   The highlighted entry will be executed automatically in 2s.                 [5;78H [05;78H

















   T[23;04H[23;05Hhe highlighted entry will be executed automatically in 1s.                [22;1H   The highlighted entry will be executed automatically in 1s.                 [5;78H [05;78H

















   The highlighted entry will be executed automatically in 0s.                [22;1H   The highlighted entry will be executed automatically in 0s.                 [5;78H [01;01H[2J[?25h[H[J[1;1H[H[J[1;1H[2J   Booting `OpenWrt' Booting `OpenWrt

'

[    0.000000] Linux version 6.6.122 (builder@buildhost) (x86_64-openwrt-linux-musl-gcc (OpenWrt GCC 13.3.0 r29115-1bd47397ae) 13.3.0, GNU ld (GNU Binutils) 2.42) #0 SMP Sat Feb 28 15:49:24 2026
[    0.000000] Command line: BOOT_IMAGE=/boot/vmlinuz root=PARTUUID=13ec0fd3-02 rootwait console=tty1 console=ttyS0,115200n8 noinitrd
[    0.000000] BIOS-provided physical RAM map:
[    0.000000] BIOS-e820: [mem 0x0000000000000000-0x000000000009fbff] usable
[    0.000000] BIOS-e820: [mem 0x000000000009fc00-0x000000000009ffff] reserved
[    0.000000] BIOS-e820: [mem 0x00000000000f0000-0x00000000000fffff] reserved
[    0.000000] BIOS-e820: [mem 0x0000000000100000-0x0000000007fdcfff] usable
[    0.000000] BIOS-e820: [mem 0x0000000007fdd000-0x0000000007ffffff] reserved
[    0.000000] BIOS-e820: [mem 0x00000000fffc0000-0x00000000ffffffff] reserved
[    0.000000] BIOS-e820: [mem 0x000000fd00000000-0x000000ffffffffff] reserved
[    0.000000] NX (Execute Disable) protection: active
[    0.000000] APIC: Static calls initialized
[    0.000000] SMBIOS 3.0.0 present.
[    0.000000] DMI: QEMU Standard PC (i440FX + PIIX, 1996), BIOS 1.16.3-debian-1.16.3-2 04/01/2014
[    0.000000] tsc: Fast TSC calibration using PIT
[    0.000000] tsc: Detected 2446.110 MHz processor
[    0.008896] last_pfn = 0x7fdd max_arch_pfn = 0x400000000
[    0.009533] MTRR map: 4 entries (3 fixed + 1 variable; max 19), built from 8 variable MTRRs
[    0.009728] x86/PAT: Configuration [0-7]: WB  WC  UC- UC  WB  WP  UC- WT  
[    0.027895] found SMP MP-table at [mem 0x000f5460-0x000f546f]
[    0.029258] Using GB pages for direct mapping
[    0.033065] ACPI: Early table checksum verification disabled
[    0.033398] ACPI: RSDP 0x00000000000F5290 000014 (v00 BOCHS )
[    0.033715] ACPI: RSDT 0x0000000007FE1C64 000034 (v01 BOCHS  BXPC     00000001 BXPC 00000001)
[    0.034220] ACPI: FACP 0x0000000007FE1B18 000074 (v01 BOCHS  BXPC     00000001 BXPC 00000001)
[    0.034862] ACPI: DSDT 0x0000000007FE0040 001AD8 (v01 BOCHS  BXPC     00000001 BXPC 00000001)
[    0.034965] ACPI: FACS 0x0000000007FE0000 000040
[    0.035019] ACPI: APIC 0x0000000007FE1B8C 000078 (v03 BOCHS  BXPC     00000001 BXPC 00000001)
[    0.035048] ACPI: HPET 0x0000000007FE1C04 000038 (v01 BOCHS  BXPC     00000001 BXPC 00000001)
[    0.035073] ACPI: WAET 0x0000000007FE1C3C 000028 (v01 BOCHS  BXPC     00000001 BXPC 00000001)
[    0.035159] ACPI: Reserving FACP table memory at [mem 0x7fe1b18-0x7fe1b8b]
[    0.035207] ACPI: Reserving DSDT table memory at [mem 0x7fe0040-0x7fe1b17]
[    0.035215] ACPI: Reserving FACS table memory at [mem 0x7fe0000-0x7fe003f]
[    0.035221] ACPI: Reserving APIC table memory at [mem 0x7fe1b8c-0x7fe1c03]
[    0.035227] ACPI: Reserving HPET table memory at [mem 0x7fe1c04-0x7fe1c3b]
[    0.035233] ACPI: Reserving WAET table memory at [mem 0x7fe1c3c-0x7fe1c63]
[    0.038442] Zone ranges:
[    0.038480]   DMA      [mem 0x0000000000001000-0x0000000000ffffff]
[    0.038559]   DMA32    [mem 0x0000000001000000-0x0000000007fdcfff]
[    0.038572]   Normal   empty
[    0.038596] Movable zone start for each node
[    0.038624] Early memory node ranges
[    0.038653]   node   0: [mem 0x0000000000001000-0x000000000009efff]
[    0.038699]   node   0: [mem 0x0000000000100000-0x0000000007fdcfff]
[    0.038809] Initmem setup node 0 [mem 0x0000000000001000-0x0000000007fdcfff]
[    0.039657] On node 0, zone DMA: 1 pages in unavailable ranges
[    0.040005] On node 0, zone DMA: 97 pages in unavailable ranges
[    0.041026] On node 0, zone DMA32: 35 pages in unavailable ranges
[    0.041341] ACPI: PM-Timer IO Port: 0x608
[    0.041720] ACPI: LAPIC_NMI (acpi_id[0xff] dfl dfl lint[0x1])
[    0.042122] IOAPIC[0]: apic_id 0, version 32, address 0xfec00000, GSI 0-23
[    0.042235] ACPI: INT_SRC_OVR (bus 0 bus_irq 0 global_irq 2 dfl dfl)
[    0.042503] ACPI: INT_SRC_OVR (bus 0 bus_irq 5 global_irq 5 high level)
[    0.042559] ACPI: INT_SRC_OVR (bus 0 bus_irq 9 global_irq 9 high level)
[    0.042648] ACPI: INT_SRC_OVR (bus 0 bus_irq 10 global_irq 10 high level)
[    0.042659] ACPI: INT_SRC_OVR (bus 0 bus_irq 11 global_irq 11 high level)
[    0.042851] ACPI: Using ACPI (MADT) for SMP configuration information
[    0.042895] ACPI: HPET id: 0x8086a201 base: 0xfed00000
[    0.043181] smpboot: Allowing 1 CPUs, 0 hotplug CPUs
[    0.044282] [mem 0x08000000-0xfffbffff] available for PCI devices
[    0.044334] Booting paravirtualized kernel on bare hardware
[    0.044634] clocksource: refined-jiffies: mask: 0xffffffff max_cycles: 0xffffffff, max_idle_ns: 19112604462750000 ns
[    0.045378] setup_percpu: NR_CPUS:512 nr_cpumask_bits:1 nr_cpu_ids:1 nr_node_ids:1
[    0.047002] percpu: Embedded 48 pages/cpu s158248 r8192 d30168 u2097152
[    0.049261] Kernel command line: BOOT_IMAGE=/boot/vmlinuz root=PARTUUID=13ec0fd3-02 rootwait console=tty1 console=ttyS0,115200n8 noinitrd
[    0.050958] random: crng init done
[    0.055844] Dentry cache hash table entries: 16384 (order: 5, 131072 bytes, linear)
[    0.056811] Inode-cache hash table entries: 8192 (order: 4, 65536 bytes, linear)
[    0.059693] Built 1 zonelists, mobility grouping on.  Total pages: 31965
[    0.059915] mem auto-init: stack:off, heap alloc:off, heap free:off
[    0.063478] Memory: 102576K/130540K available (14336K kernel code, 1169K rwdata, 2296K rodata, 2452K init, 2408K bss, 27708K reserved, 0K cma-reserved)
[    0.069488] SLUB: HWalign=64, Order=0-3, MinObjects=0, CPUs=1, Nodes=1
[    0.077006] rcu: Hierarchical RCU implementation.
[    0.077038] rcu: 	RCU restricting CPUs from NR_CPUS=512 to nr_cpu_ids=1.
[    0.077157] 	Tracing variant of Tasks RCU enabled.
[    0.077247] rcu: RCU calculated value of scheduler-enlistment delay is 10 jiffies.
[    0.077276] rcu: Adjusting geometry for rcu_fanout_leaf=16, nr_cpu_ids=1
[    0.078429] NR_IRQS: 33024, nr_irqs: 256, preallocated irqs: 16
[    0.087261] rcu: srcu_init: Setting srcu_struct sizes based on contention.
[    0.094331] Console: colour VGA+ 80x25
[    0.094659] printk: console [tty1] enabled
[    0.102469] printk: console [ttyS0] enabled
[    0.337614] ACPI: Core revision 20230628
[    0.342819] clocksource: hpet: mask: 0xffffffff max_cycles: 0xffffffff, max_idle_ns: 19112604467 ns
[    0.347807] APIC: Switch to symmetric I/O mode setup
[    0.352423] ..TIMER: vector=0x30 apic1=0 pin1=2 apic2=-1 pin2=-1
[    0.394638] clocksource: tsc-early: mask: 0xffffffffffffffff max_cycles: 0x23425e0abfc, max_idle_ns: 440795284095 ns
[    0.395290] Calibrating delay loop (skipped), value calculated using timer frequency.. 4892.22 BogoMIPS (lpj=24461100)
[    0.397005] x86/cpu: User Mode Instruction Prevention (UMIP) activated
[    0.411758] Last level iTLB entries: 4KB 0, 2MB 0, 4MB 0
[    0.412154] Last level dTLB entries: 4KB 0, 2MB 0, 4MB 0, 1GB 0
[    0.415223] Spectre V1 : Mitigation: usercopy/swapgs barriers and __user pointer sanitization
[    0.416033] Spectre V2 : Mitigation: Retpolines
[    0.416869] Spectre V2 : Spectre v2 / SpectreRSB: Filling RSB on context switch and VMEXIT
[    0.417461] Speculative Store Bypass: Vulnerable
[    0.420097] x86/fpu: Supporting XSAVE feature 0x001: 'x87 floating point registers'
[    0.424925] x86/fpu: Supporting XSAVE feature 0x002: 'SSE registers'
[    0.426423] x86/fpu: Supporting XSAVE feature 0x004: 'AVX registers'
[    0.426689] x86/fpu: Supporting XSAVE feature 0x008: 'MPX bounds registers'
[    0.426990] x86/fpu: Supporting XSAVE feature 0x010: 'MPX CSR'
[    0.435522] x86/fpu: xstate_offset[2]:  576, xstate_sizes[2]:  256
[    0.436100] x86/fpu: xstate_offset[3]:  960, xstate_sizes[3]:   64
[    0.436352] x86/fpu: xstate_offset[4]: 1024, xstate_sizes[4]:   64
[    0.436619] x86/fpu: Enabled xstate features 0x1f, context size is 1088 bytes, using 'standard' format.
[    0.771747] Freeing SMP alternatives memory: 40K
[    0.773043] pid_max: default: 32768 minimum: 301
[    0.782278] Mount-cache hash table entries: 512 (order: 0, 4096 bytes, linear)
[    0.782702] Mountpoint-cache hash table entries: 512 (order: 0, 4096 bytes, linear)
[    0.932402] smpboot: CPU0: AMD QEMU TCG CPU version 2.5+ (family: 0x6, model: 0x6, stepping: 0x3)
[    0.935819] RCU Tasks Trace: Setting shift to 0 and lim to 1 rcu_task_cb_adjust=1 rcu_task_cpu_ids=1.
[    0.938374] Performance Events: PMU not available due to virtualization, using software events only.
[    0.940092] signal: max sigframe size: 1616
[    0.941965] rcu: Hierarchical SRCU implementation.
[    0.942269] rcu: 	Max phase no-delay instances is 1000.
[    0.948985] smp: Bringing up secondary CPUs ...
[    0.951487] smp: Brought up 1 node, 1 CPU
[    0.951705] smpboot: Max logical packages: 1
[    0.952005] smpboot: Total of 1 processors activated (4892.22 BogoMIPS)
[    0.971021] clocksource: jiffies: mask: 0xffffffff max_cycles: 0xffffffff, max_idle_ns: 19112604462750000 ns
[    0.971897] futex hash table entries: 256 (order: 2, 16384 bytes, linear)
[    0.972960] pinctrl core: initialized pinctrl subsystem
[    0.992609] NET: Registered PF_NETLINK/PF_ROUTE protocol family
[    0.999505] thermal_sys: Registered thermal governor 'step_wise'
[    0.999540] thermal_sys: Registered thermal governor 'user_space'
[    1.000428] cpuidle: using governor ladder
[    1.000978] cpuidle: using governor menu
[    1.004605] acpiphp: ACPI Hot Plug PCI Controller Driver version: 0.5
[    1.007460] PCI: Using configuration type 1 for base access
[    1.016419] cryptd: max_cpu_qlen set to 1000
[    1.021225] ACPI: Added _OSI(Module Device)
[    1.021434] ACPI: Added _OSI(Processor Device)
[    1.021617] ACPI: Added _OSI(Processor Aggregator Device)
[    1.037072] ACPI: 1 ACPI AML tables successfully acquired and loaded
[    1.051415] ACPI: _OSC evaluation for CPUs failed, trying _PDC
[    1.053530] ACPI: Interpreter enabled
[    1.054264] ACPI: PM: (supports S0 S5)
[    1.054503] ACPI: Using IOAPIC for interrupt routing
[    1.055119] PCI: Using host bridge windows from ACPI; if necessary, use "pci=nocrs" and report a bug
[    1.055538] PCI: Using E820 reservations for host bridge windows
[    1.057348] ACPI: Enabled 2 GPEs in block 00 to 0F
[    1.095872] ACPI: PCI Root Bridge [PCI0] (domain 0000 [bus 00-ff])
[    1.096901] acpi PNP0A03:00: _OSC: OS supports [ASPM ClockPM Segments MSI HPX-Type3]
[    1.097459] acpi PNP0A03:00: _OSC: not requesting OS control; OS requires [ExtendedConfig ASPM ClockPM MSI]
[    1.098413] acpi PNP0A03:00: fail to add MMCONFIG information, can't access extended configuration space under this bridge
[    1.110290] acpiphp: Slot [3] registered
[    1.110853] acpiphp: Slot [4] registered
[    1.111152] acpiphp: Slot [5] registered
[    1.111428] acpiphp: Slot [6] registered
[    1.115555] acpiphp: Slot [7] registered
[    1.116009] acpiphp: Slot [8] registered
[    1.116312] acpiphp: Slot [9] registered
[    1.116602] acpiphp: Slot [10] registered
[    1.116870] acpiphp: Slot [11] registered
[    1.117143] acpiphp: Slot [12] registered
[    1.118633] acpiphp: Slot [13] registered
[    1.125540] acpiphp: Slot [14] registered
[    1.125967] acpiphp: Slot [15] registered
[    1.126332] acpiphp: Slot [16] registered
[    1.126609] acpiphp: Slot [17] registered
[    1.126874] acpiphp: Slot [18] registered
[    1.127177] acpiphp: Slot [19] registered
[    1.135542] acpiphp: Slot [20] registered
[    1.135984] acpiphp: Slot [21] registered
[    1.136332] acpiphp: Slot [22] registered
[    1.136602] acpiphp: Slot [23] registered
[    1.136902] acpiphp: Slot [24] registered
[    1.137171] acpiphp: Slot [25] registered
[    1.145647] acpiphp: Slot [26] registered
[    1.146075] acpiphp: Slot [27] registered
[    1.146444] acpiphp: Slot [28] registered
[    1.146730] acpiphp: Slot [29] registered
[    1.147003] acpiphp: Slot [30] registered
[    1.147274] acpiphp: Slot [31] registered
[    1.155846] PCI host bridge to bus 0000:00
[    1.156352] pci_bus 0000:00: root bus resource [io  0x0000-0x0cf7 window]
[    1.156763] pci_bus 0000:00: root bus resource [io  0x0d00-0xffff window]
[    1.165281] pci_bus 0000:00: root bus resource [mem 0x000a0000-0x000bffff window]
[    1.174866] pci_bus 0000:00: root bus resource [mem 0x08000000-0xfebfffff window]
[    1.175377] pci_bus 0000:00: root bus resource [mem 0x100000000-0x17fffffff window]
[    1.175873] pci_bus 0000:00: root bus resource [bus 00-ff]
[    1.177446] pci 0000:00:00.0: [8086:1237] type 00 class 0x060000
[    1.189405] pci 0000:00:01.0: [8086:7000] type 00 class 0x060100
[    1.190309] pci 0000:00:01.1: [8086:7010] type 00 class 0x010180
[    1.193321] pci 0000:00:01.1: reg 0x20: [io  0xc0e0-0xc0ef]
[    1.195537] pci 0000:00:01.1: legacy IDE quirk: reg 0x10: [io  0x01f0-0x01f7]
[    1.197246] pci 0000:00:01.1: legacy IDE quirk: reg 0x14: [io  0x03f6]
[    1.197740] pci 0000:00:01.1: legacy IDE quirk: reg 0x18: [io  0x0170-0x0177]
[    1.198223] pci 0000:00:01.1: legacy IDE quirk: reg 0x1c: [io  0x0376]
[    1.199362] pci 0000:00:01.3: [8086:7113] type 00 class 0x068000
[    1.206258] pci 0000:00:01.3: quirk: [io  0x0600-0x063f] claimed by PIIX4 ACPI
[    1.206677] pci 0000:00:01.3: quirk: [io  0x0700-0x070f] claimed by PIIX4 SMB
[    1.207650] pci 0000:00:02.0: [1234:1111] type 00 class 0x030000
[    1.208512] pci 0000:00:02.0: reg 0x10: [mem 0xfd000000-0xfdffffff pref]
[    1.217020] pci 0000:00:02.0: reg 0x18: [mem 0xfeb90000-0xfeb90fff]
[    1.225693] pci 0000:00:02.0: reg 0x30: [mem 0xfeb80000-0xfeb8ffff pref]
[    1.226331] pci 0000:00:02.0: Video device with shadowed ROM at [mem 0x000c0000-0x000dffff]
[    1.233280] pci 0000:00:03.0: [1af4:1000] type 00 class 0x020000
[    1.234953] pci 0000:00:03.0: reg 0x10: [io  0xc080-0xc09f]
[    1.237665] pci 0000:00:03.0: reg 0x20: [mem 0xfe000000-0xfe003fff 64bit pref]
[    1.239141] pci 0000:00:03.0: reg 0x30: [mem 0xfea80000-0xfeafffff pref]
[    1.249369] pci 0000:00:04.0: [1af4:1005] type 00 class 0x00ff00
[    1.250311] pci 0000:00:04.0: reg 0x10: [io  0xc0a0-0xc0bf]
[    1.251265] pci 0000:00:04.0: reg 0x14: [mem 0xfeb91000-0xfeb91fff]
[    1.255228] pci 0000:00:04.0: reg 0x20: [mem 0xfe004000-0xfe007fff 64bit pref]
[    1.262076] pci 0000:00:05.0: [1af4:1000] type 00 class 0x020000
[    1.263077] pci 0000:00:05.0: reg 0x10: [io  0xc0c0-0xc0df]
[    1.263959] pci 0000:00:05.0: reg 0x14: [mem 0xfeb92000-0xfeb92fff]
[    1.267703] pci 0000:00:05.0: reg 0x20: [mem 0xfe008000-0xfe00bfff 64bit pref]
[    1.270023] pci 0000:00:05.0: reg 0x30: [mem 0xfeb00000-0xfeb7ffff pref]
[    1.275406] pci 0000:00:06.0: [1af4:1001] type 00 class 0x010000
[    1.276325] pci 0000:00:06.0: reg 0x10: [io  0xc000-0xc07f]
[    1.280776] pci 0000:00:06.0: reg 0x14: [mem 0xfeb93000-0xfeb93fff]
[    1.283429] pci 0000:00:06.0: reg 0x20: [mem 0xfe00c000-0xfe00ffff 64bit pref]
[    1.292573] ACPI: PCI: Interrupt link LNKA configured for IRQ 10
[    1.293535] ACPI: PCI: Interrupt link LNKB configured for IRQ 10
[    1.294237] ACPI: PCI: Interrupt link LNKC configured for IRQ 11
[    1.295095] ACPI: PCI: Interrupt link LNKD configured for IRQ 11
[    1.295507] ACPI: PCI: Interrupt link LNKS configured for IRQ 9
[    1.307241] iommu: Default domain type: Translated
[    1.307483] iommu: DMA domain TLB invalidation policy: lazy mode
[    1.309781] SCSI subsystem initialized
[    1.311721] ACPI: bus type USB registered
[    1.312307] usbcore: registered new interface driver usbfs
[    1.314794] usbcore: registered new interface driver hub
[    1.315443] usbcore: registered new device driver usb
[    1.316470] pps_core: LinuxPPS API ver. 1 registered
[    1.316699] pps_core: Software ver. 5.3.6 - Copyright 2005-2007 Rodolfo Giometti <giometti@linux.it>
[    1.325488] PTP clock support registered
[    1.339362] PCI: Using ACPI for IRQ routing
[    1.342507] hpet0: at MMIO 0xfed00000, IRQs 2, 8, 0
[    1.342819] hpet0: 3 comparators, 64-bit 100.000000 MHz counter
[    1.351202] clocksource: Switched to clocksource tsc-early
[    1.353502] pnp: PnP ACPI init
[    1.354036] pnp: PnP ACPI: found 6 devices
[    1.369637] clocksource: acpi_pm: mask: 0xffffff max_cycles: 0xffffff, max_idle_ns: 2085701024 ns
[    1.371096] NET: Registered PF_INET protocol family
[    1.372263] IP idents hash table entries: 2048 (order: 2, 16384 bytes, linear)
[    1.377625] tcp_listen_portaddr_hash hash table entries: 256 (order: 0, 4096 bytes, linear)
[    1.381042] Table-perturb hash table entries: 65536 (order: 6, 262144 bytes, linear)
[    1.381443] TCP established hash table entries: 1024 (order: 1, 8192 bytes, linear)
[    1.381975] TCP bind hash table entries: 1024 (order: 3, 32768 bytes, linear)
[    1.391846] TCP: Hash tables configured (established 1024 bind 1024)
[    1.394210] MPTCP token hash table entries: 256 (order: 1, 6144 bytes, linear)
[    1.394840] UDP hash table entries: 256 (order: 1, 8192 bytes, linear)
[    1.395341] UDP-Lite hash table entries: 256 (order: 1, 8192 bytes, linear)
[    1.404775] NET: Registered PF_UNIX/PF_LOCAL protocol family
[    1.406258] pci_bus 0000:00: resource 4 [io  0x0000-0x0cf7 window]
[    1.406550] pci_bus 0000:00: resource 5 [io  0x0d00-0xffff window]
[    1.406805] pci_bus 0000:00: resource 6 [mem 0x000a0000-0x000bffff window]
[    1.415093] pci_bus 0000:00: resource 7 [mem 0x08000000-0xfebfffff window]
[    1.415368] pci_bus 0000:00: resource 8 [mem 0x100000000-0x17fffffff window]
[    1.416154] pci 0000:00:01.0: PIIX3: Enabling Passive Release
[    1.416497] pci 0000:00:00.0: Limiting direct PCI/PCI transfers
[    1.425893] PCI: CLS 0 bytes, default 64
[    1.458559] workingset: timestamp_bits=46 max_order=15 bucket_order=0
[    1.460853] squashfs: version 4.0 (2009/01/31) Phillip Lougher
[    1.463360] Block layer SCSI generic (bsg) driver version 0.4 loaded (major 247)
[    1.467051] hv_vmbus: registering driver hyperv_fb
[    1.473101] input: Power Button as /devices/LNXSYSTM:00/LNXPWRBN:00/input/input0
[    1.486659] ACPI: button: Power Button [PWRF]
[    1.681054] ACPI: \_SB_.LNKC: Enabled at IRQ 11
[    1.869335] ACPI: \_SB_.LNKD: Enabled at IRQ 10
[    2.056090] ACPI: \_SB_.LNKA: Enabled at IRQ 10
[    2.240897] ACPI: \_SB_.LNKB: Enabled at IRQ 11
[    2.242894] Serial: 8250/16550 driver, 16 ports, IRQ sharing enabled
[    2.267723] 00:04: ttyS0 at I/O 0x3f8 (irq = 4, base_baud = 115200) is a 16550A
[    2.312610] Non-volatile memory driver v1.3
[    2.326178] Linux agpgart interface v0.103
[    2.327189] AMD-Vi: AMD IOMMUv2 functionality not available on this system - This is not a bug.
[    2.328172] ACPI: bus type drm_connector registered
[    2.330711] [drm] Found bochs VGA, ID 0xb0c5.
[    2.330948] [drm] Framebuffer size 16384 kB @ 0xfd000000, mmio @ 0xfeb90000.
[    2.344585] [drm] Found EDID data blob.
[    2.350523] [drm] Initialized bochs-drm 1.0.0 20130925 for 0000:00:02.0 on minor 0
[    2.422665] Console: switching to colour frame buffer device 160x50
[    2.432993] bochs-drm 0000:00:02.0: [drm] fb0: bochs-drmdrmfb frame buffer device
[    2.475483] loop: module loaded
[    2.476399] virtio_blk virtio3: 1/0/0 default/read/poll queues
[    2.482107] virtio_blk virtio3: [vda] 246784 512-byte logical blocks (126 MB/121 MiB)
[    2.491176]  vda: vda1 vda2
[    2.494627] Guest personality initialized and is inactive
[    2.495257] VMCI host device registered (name=vmci, major=10, minor=256)
[    2.495558] Initialized host personality
[    2.496598] VMware PVSCSI driver - version 1.0.7.0-k
[    2.496972] hv_vmbus: registering driver hv_storvsc
[    2.503117] tsc: Refined TSC clocksource calibration: 2445.421 MHz
[    2.503803] clocksource: tsc: mask: 0xffffffffffffffff max_cycles: 0x233fd2df96c, max_idle_ns: 440795235945 ns
[    2.504557] clocksource: Switched to clocksource tsc
[    2.536592] scsi host0: ata_piix
[    2.539876] scsi host1: ata_piix
[    2.540942] ata1: PATA max MWDMA2 cmd 0x1f0 ctl 0x3f6 bmdma 0xc0e0 irq 14
[    2.541288] ata2: PATA max MWDMA2 cmd 0x170 ctl 0x376 bmdma 0xc0e8 irq 15
[    2.551965] VMware vmxnet3 virtual NIC driver - version 1.7.0.0-k-NAPI
[    2.552618] hv_vmbus: registering driver hv_netvsc
[    2.553026] Fusion MPT base driver 3.04.20
[    2.553203] Copyright (c) 1999-2008 LSI Corporation
[    2.553618] Fusion MPT SPI Host driver 3.04.20
[    2.563120] Fusion MPT SAS Host driver 3.04.20
[    2.565653] usbcore: registered new interface driver usb-storage
[    2.566982] i8042: PNP: PS/2 Controller [PNP0303:KBD,PNP0f13:MOU] at 0x60,0x64 irq 1,12
[    2.573292] serio: i8042 KBD port at 0x60,0x64 irq 1
[    2.576258] serio: i8042 AUX port at 0x60,0x64 irq 12
[    2.578767] hv_vmbus: registering driver hyperv_keyboard
[    2.581358] rtc_cmos 00:05: RTC can wake from S4
[    2.586696] rtc_cmos 00:05: registered as rtc0
[    2.589603] rtc_cmos 00:05: setting system clock to 2026-03-01T02:06:23 UTC (1772330783)
[    2.592145] rtc_cmos 00:05: alarms up to one day, y3k, 242 bytes nvram, hpet irqs
[    2.595163] amd_pstate: the _CPC object is not present in SBIOS or ACPI disabled
[    2.600443] sdhci: Secure Digital Host Controller Interface driver
[    2.602569] sdhci: Copyright(c) Pierre Ossman
[    2.613469] input: AT Translated Set 2 keyboard as /devices/platform/i8042/serio0/input/input1
[    2.645169] hid: raw HID events driver (C) Jiri Kosina
[    2.648035] hv_vmbus: registering driver hid_hyperv
[    2.650853] usbcore: registered new interface driver usbhid
[    2.652984] usbhid: USB HID core driver
[    2.655206] hv_utils: Registering HyperV Utility Driver
[    2.657877] hv_vmbus: registering driver hv_utils
[    2.659953] hv_vmbus: registering driver hv_balloon
[    2.663326] NET: Registered PF_INET6 protocol family
[    2.680090] Segment Routing with IPv6
[    2.682325] In-situ OAM (IOAM) with IPv6
[    2.684791] NET: Registered PF_PACKET protocol family
[    2.687350] bridge: filtering via arp/ip/ip6tables is no longer available by default. Update your scripts to load br_netfilter if you need this.
[    2.696966] 8021q: 802.1Q VLAN Support v1.8
[    2.699753] NET: Registered PF_VSOCK protocol family
[    2.709547] IPI shorthand broadcast: enabled
[    2.711779] AVX2 version of gcm_enc/dec engaged.
[    2.718387] AES CTR mode by8 optimization enabled
[    2.738727] sched_clock: Marking stable (2490095377, 247403802)->(2748013621, -10514442)
[    2.797773] ata2: found unknown device (class 0)
[    2.892425] ata2.00: ATAPI: QEMU DVD-ROM, 2.5+, max UDMA/100
[    2.909207] scsi 1:0:0:0: CD-ROM            QEMU     QEMU DVD-ROM     2.5+ PQ: 0 ANSI: 5
[    2.914042] clk: Disabling unused clocks
[    2.979625] sr 1:0:0:0: [sr0] scsi3-mmc drive: 4x/4x cd/rw xa/form2 tray
[    2.982352] cdrom: Uniform CD-ROM driver Revision: 3.20
[    3.039643] VFS: Mounted root (squashfs filesystem) readonly on device 254:2.
[    3.110711] Freeing unused kernel image (initmem) memory: 2452K
[    3.113316] Write protecting the kernel read-only data: 18432k
[    3.118058] Freeing unused kernel image (rodata/data gap) memory: 1800K
[    3.120694] Run /sbin/init as init process
[    3.397753] init: Console is alive
[    3.971551] kmodloader: loading kernel modules from /etc/modules-boot.d/*
[    4.042160] button_hotplug: loading out-of-tree module taints kernel.
[    4.049095] Button Hotplug driver version 0.4.1
[    4.072367] Intel(R) 2.5G Ethernet Linux Driver
[    4.074809] Copyright(c) 2018 Intel Corporation.
[    4.093646] igb: Intel(R) Gigabit Ethernet Network Driver
[    4.096128] igb: Copyright (c) 2007-2014 Intel Corporation.
[    4.112524] kmodloader: done loading kernel modules from /etc/modules-boot.d/*
[    4.129181] init: - preinit -
[    5.116905] 8021q: adding VLAN 0 to HW filter on device eth0
Press the [f] key and hit [enter] to enter failsafe mode
Press the [1], [2], [3] or [4] key and hit [enter] to select the debug level
[    9.841541] loop0: detected capacity change from 0 to 212992
[    9.897850] loop0: detected capacity change from 212992 to 201216
[    9.911717] mount_root: overlay filesystem in /dev/loop0 has not been formatted yet
[   10.279271] EXT4-fs (loop0): mounted filesystem 974d0056-4caf-4eef-b79b-7f5f4ebd6e66 r/w with ordered data mode. Quota mode: disabled.
[   10.293584] mount_root: overlay filesystem has not been fully initialized yet
[   10.312104] mount_root: switching to ext4 overlay
[   10.334190] overlayfs: null uuid detected in lower fs '/', falling back to xino=off,index=off,nfs_export=off.
[   11.109860] EXT4-fs (vda1): mounted filesystem 84173db5-fa99-e35a-95c6-28613cc79ea9 r/w without journal. Quota mode: disabled.
[   11.134270] urandom-seed: Seed file not found (/etc/urandom.seed)
[   11.282648] procd: - early -
[   12.101727] procd: - ubus -
[   12.285165] procd: - init -
Please press Enter to activate this console.
root
login[1001]: root login on 'ttyS0'


BusyBox v1.36.1 (2026-02-28 15:49:24 UTC) built-in shell (ash)

  _______                     ________        __
 |       |.-----.-----.-----.|  |  |  |.----.|  |_
 |   -   ||  _  |  -__|     ||  |  |  ||   _||   _|
 |_______||   __|_____|__|__||________||__|  |____|
          |__| W I R E L E S S   F R E E D O M
 -----------------------------------------------------
 OpenWrt 24.10-SNAPSHOT, r29115-1bd47397ae
 -----------------------------------------------------
=== WARNING! =====================================
There is no root password defined on this device!
Use the "passwd" command to set up a new password
in order to prevent unauthorized SSH logins.
--------------------------------------------------
root@(none):~# dmesg -n 1
root@(none):~# echo 'AAEJ''UYAWFV'
AAEJUYAWFV
root@(none):~# run() { echo -n "$MARKER"; sh -c "$@"; echo "$MARKER $?"; }
root@(none):~# echo 'KVON''UVJUJE'
KVONUVJUJE
root@(none):~# MARKER='KEWY''MNYTZE' run 'ubus wait_for network.interface.lan'
KEWYMNYTZEKEWYMNYTZE 0
root@OpenWrt:~# echo 'CXUH''KVZTUY'
CXUHKVZTUY
root@OpenWrt:~# MARKER='BNUQ''YKQSQM' run 'ubus call network.interface.lan statu
s '"'"'{}'"'"''
BNUQYKQSQM{
	"up": true,
	"pending": false,
	"available": true,
	"autostart": true,
	"dynamic": false,
	"uptime": 0,
	"l3_device": "br-lan",
	"proto": "static",
	"device": "br-lan",
	"updated": [
		"addresses"
	],
	"metric": 0,
	"dns_metric": 0,
	"delegation": true,
	"ipv4-address": [
		{
			"address": "192.168.1.1",
			"mask": 24
		}
	],
	"ipv6-address": [
		
	],
	"ipv6-prefix": [
		
	],
	"ipv6-prefix-assignment": [
		{
			"address": "fdac:c4a8:4492::",
			"mask": 60,
			"local-address": {
				"address": "fdac:c4a8:4492::1",
				"mask": 60
			}
		}
	],
	"route": [
		
	],
	"dns-server": [
		
	],
	"dns-search": [
		
	],
	"neighbors": [
		
	],
	"inactive": {
		"ipv4-address": [
			
		],
		"ipv6-address": [
			
		],
		"route": [
			
		],
		"dns-server": [
			
		],
		"dns-search": [
			
		],
		"neighbors": [
			
		]
	},
	"data": {
		
	}
}
BNUQYKQSQM 0
root@OpenWrt:~# echo 'BUCA''TPYPJG'
BUCATPYPJG
root@OpenWrt:~# MARKER='NTGM''OGBKBF' run true
NTGMOGBKBFNTGMOGBKBF 0
root@OpenWrt:~# echo 'ONEX''XVVVSH'
ONEXXVVVSH
root@OpenWrt:~# MARKER='HPQU''GWKVQW' run 'source /etc/os-release; echo $BUILD_I
D'
HPQUGWKVQWr29115-1bd47397ae
HPQUGWKVQW 0
root@OpenWrt:~# echo 'SOGY''FMAOEB'
SOGYFMAOEB
root@OpenWrt:~# MARKER='QAYW''KOSWNC' run 'ls /etc/dropbear/dropbear_rsa_host_ke
y'
QAYWKOSWNC[0;0m/etc/dropbear/dropbear_rsa_host_key[m
QAYWKOSWNC 0
root@OpenWrt:~# echo 'ZGAN''KLUGCJ'
ZGANKLUGCJ
root@OpenWrt:~# MARKER='OOME''XFSYUG' run 'netstat -tlpn | grep 0.0.0.0:22'
OOMEXFSYUGnetstat: showing only processes with your user ID
tcp        0      0 0.0.0.0:22              0.0.0.0:*               LISTEN      1742/dropbear
OOMEXFSYUG 0
root@OpenWrt:~# echo 'LOKL''EFHAGZ'
LOKLEFHAGZ
root@OpenWrt:~# MARKER='FASL''MNTZUB' run 'dmesg | grep br-lan | grep forwarding
'
FASLMNTZUB[   32.441794] br-lan: port 1(eth0) entered forwarding state
FASLMNTZUB 0
root@OpenWrt:~# echo 'MFOE''OFKNJC'
MFOEOFKNJC
root@OpenWrt:~# MARKER='QSFU''UKKXBE' run 'ubus call network.interface.lan statu
s '"'"'{}'"'"''
QSFUUKKXBE{
	"up": true,
	"pending": false,
	"available": true,
	"autostart": true,
	"dynamic": false,
	"uptime": 8,
	"l3_device": "br-lan",
	"proto": "static",
	"device": "br-lan",
	"updated": [
		"addresses"
	],
	"metric": 0,
	"dns_metric": 0,
	"delegation": true,
	"ipv4-address": [
		{
			"address": "192.168.1.1",
			"mask": 24
		}
	],
	"ipv6-address": [
		
	],
	"ipv6-prefix": [
		
	],
	"ipv6-prefix-assignment": [
		{
			"address": "fdac:c4a8:4492::",
			"mask": 60,
			"local-address": {
				"address": "fdac:c4a8:4492::1",
				"mask": 60
			}
		}
	],
	"route": [
		
	],
	"dns-server": [
		
	],
	"dns-search": [
		
	],
	"neighbors": [
		
	],
	"inactive": {
		"ipv4-address": [
			
		],
		"ipv6-address": [
			
		],
		"route": [
			
		],
		"dns-server": [
			
		],
		"dns-search": [
			
		],
		"neighbors": [
			
		]
	},
	"data": {
		
	}
}
QSFUUKKXBE 0
root@OpenWrt:~# echo 'LHNH''SCVOYQ'
LHNHSCVOYQ
root@OpenWrt:~# MARKER='OPCT''FCUNGY' run 'ip -o addr show dev br-lan'
OPCTFCUNGY4: br-lan    inet 192.168.1.1/24 brd 192.168.1.255 scope global br-lan\       valid_lft forever preferred_lft forever
4: br-lan    inet6 fdac:c4a8:4492::1/60 scope global noprefixroute \       valid_lft forever preferred_lft forever
4: br-lan    inet6 fe80::5054:ff:fe12:3456/64 scope link \       valid_lft forever preferred_lft forever
OPCTFCUNGY 0
root@OpenWrt:~# echo 'SJHU''OYSNEK'
SJHUOYSNEK
root@OpenWrt:~# MARKER='CNTY''QBZKAF' run 'ubus call network.interface.wan statu
s '"'"'{}'"'"''
CNTYQBZKAF{
	"up": true,
	"pending": false,
	"available": true,
	"autostart": true,
	"dynamic": false,
	"uptime": 8,
	"l3_device": "eth1",
	"proto": "dhcp",
	"device": "eth1",
	"updated": [
		"addresses",
		"routes",
		"data"
	],
	"metric": 0,
	"dns_metric": 0,
	"delegation": true,
	"ipv4-address": [
		{
			"address": "10.0.2.15",
			"mask": 24
		}
	],
	"ipv6-address": [
		
	],
	"ipv6-prefix": [
		
	],
	"ipv6-prefix-assignment": [
		
	],
	"route": [
		{
			"target": "0.0.0.0",
			"mask": 0,
			"nexthop": "10.0.2.2",
			"source": "10.0.2.15/32"
		}
	],
	"dns-server": [
		"10.0.2.3"
	],
	"dns-search": [
		
	],
	"neighbors": [
		
	],
	"inactive": {
		"ipv4-address": [
			
		],
		"ipv6-address": [
			
		],
		"route": [
			
		],
		"dns-server": [
			
		],
		"dns-search": [
			
		],
		"neighbors": [
			
		]
	},
	"data": {
		"dhcpserver": "10.0.2.2",
		"leasetime": 86400
	}
}
CNTYQBZKAF 0
root@OpenWrt:~# 