Labgrid Console Logfile for main
Logfile started at 2026-03-03 02:50:47.054782
=== Log starts here ===
c[?7l[2J[0mSeaBIOS (version 1.16.3-debian-1.16.3-2)


iPXE (https://ipxe.org) 00:03.0 CA00 PCI2.10 PnP PMM+06FCAE70+06F0AE70 CA00
Press Ctrl-B to configure iPXE (PCI 00:03.0)...                                                                               




iPXE (https://ipxe.org) 00:05.0 CB00 PCI2.10 PnP PMM 06FCAE70 06F0AE70 CB00
Press Ctrl-B to configure iPXE (PCI 00:05.0)...                                                                               


Booting from Hard Disk...
GRUB loading.....
[0;30;47mWelcome to GRUB![01;01H[0m[2J[H[J[1;1H[?25l[m[H[J[1;1H[2;30HGNU GRUB  version 2.12

[m[4;2H+----------------------------------------------------------------------------+[5;2H|[5;79H|[6;2H|[6;79H|[7;2H|[7;79H|[8;2H|[8;79H|[9;2H|[9;79H|[10;2H|[10;79H|[11;2H|[11;79H|[12;2H|[12;79H|[13;2H|[13;79H|[14;2H|[14;79H|[15;2H|[15;79H|[16;2H+----------------------------------------------------------------------------+[m[17;2H[18;2H[m     Use the ^ and v keys to select which entry is highlighted.          
      Press enter to boot the selected OS, `e' to edit the commands       
      before booting or `c' for a command-line. ESC to return             
      previous menu.                                                      [5;80H [7m[5;3H*OpenWrt                                                                    [m[5;78H[m[m[6;3H OpenWrt (failsafe)                                                         [m[6;78H[m[m[7;3H                                                                            [m[7;78H[m[m[8;3H                                                                            [m[8;78H[m[m[9;3H                                                                            [m[9;78H[m[m[10;3H                                                                            [m[10;78H[m[m[11;3H                                                                            [m[11;78H[m[m[12;3H                                                                            [m[12;78H[m[m[13;3H                                                                            [m[13;78H[m[m[14;3H                                                                            [m[14;78H[m[m[15;3H                                                                            [m[15;78H[m[15;80H [5;78H[2J[02;30HGNU GRUB  version 2.12[04;02H┌────────────────────────────────────────────────────────────────────────────┐[05;02H│[05;79H│[06;02H│[06;79H│[07;02H│[07;79H│[08;02H│[08;79H│[09;02H│[09;79H│[10;02H│[10;79H│[11;02H│[11;79H│[12;02H│[12;79H│[13;02H│[13;79H│[14;02H│[14;79H│[15;02H│[15;79H│[16;02H│[16;79H│[17;02H└────────────────────────────────────────────────────────────────────────────┘[19;02H     Use the ↑ and[19;19H[19;20H ↓ keys to select which entry is highlighted.          
      Press enter to boot the selected OS, `e' to edit the commands       
      before booting or `c' for a command-line. ESC to return             
      previous menu.                                                      [05;80H [05;03H[0;30;47m*OpenWrt                                  [05;44H[05;45H                                  [06;03H[0m OpenWrt (failsafe)                                                         [07;03H                                                                            [08;03H                                                                            [09;03H                                                               [09;65H[09;66H             [10;03H                                                                            [11;03H                                                                            [12;03H                                                                            [13;03H                                                                            [14;03H                                                                            [15;03H                                                                            [16;03H               [16;17H[16;18H                                                             [16;80H 






   The highlighted entry will be executed automatically in 5s.                [22;1H   The highlighted entry will be executed automatically in 5s.                 [5;78H [05;78H

















   The highlighted entry will be executed automatically in 4s.  [23;64H[23;65H              [22;1H   The highlighted entry will be executed automatically in 4s.                 [5;78H [05;78H

















   The highlighted entry will be executed automatically in 3s.                [22;1H   The highlighted entry will be executed automatically in 3s.                 [5;78H [05;78H

















   The highlighted entry will be executed automatically in 2s.                [22;1H   The highlighted entry will be executed automatically in 2s.                 [5;78H [05;78H

















   The highlighted entry will be executed automatically in 1s.                [22;1H   The highlighted entry will be executed automatically in 1s.                 [5;78H [05;78H

















   The highlighted entry will be executed automatically in 0s.                [22;1H   The highlighted entry will be executed automatically in 0s.                 [5;78H [01;01H[2J[?25h[H[J[1;1H[H[J[1;1H[2J   Booting `OpenWrt' Booting `OpenWrt

'

[    0.000000] Linux version 6.6.122 (builder@buildhost) (x86_64-openwrt-linux-musl-gcc (OpenWrt GCC 13.3.0 r29117-f7005097ae) 13.3.0, GNU ld (GNU Binutils) 2.42) #0 SMP Sun Mar  1 10:21:05 2026
[    0.000000] Command line: BOOT_IMAGE=/boot/vmlinuz root=PARTUUID=c84c56f6-02 rootwait console=tty1 console=ttyS0,115200n8 noinitrd
[    0.000000] BIOS-provided physical RAM map:
[    0.000000] BIOS-e820: [mem 0x0000000000000000-0x000000000009fbff] usable
[    0.000000] BIOS-e820: [mem 0x000000000009fc00-0x000000000009ffff] reserved
[    0.000000] BIOS-e820: [mem 0x00000000000f0000-0x00000000000fffff] reserved
[    0.000000] BIOS-e820: [mem 0x0000000000100000-0x0000000007fdcfff] usable
[    0.000000] BIOS-e820: [mem 0x0000000007fdd000-0x0000000007ffffff] reserved
[    0.000000] BIOS-e820: [mem 0x00000000fffc0000-0x00000000ffffffff] reserved
[    0.000000] BIOS-e820: [mem 0x000000fd00000000-0x000000ffffffffff] reserved
[    0.000000] NX (Execute Disable) protection: active
[    0.000000] APIC: Static calls initialized
[    0.000000] SMBIOS 3.0.0 present.
[    0.000000] DMI: QEMU Standard PC (i440FX + PIIX, 1996), BIOS 1.16.3-debian-1.16.3-2 04/01/2014
[    0.000000] tsc: Fast TSC calibration using PIT
[    0.000000] tsc: Detected 2445.429 MHz processor
[    0.008857] last_pfn = 0x7fdd max_arch_pfn = 0x400000000
[    0.009482] MTRR map: 4 entries (3 fixed + 1 variable; max 19), built from 8 variable MTRRs
[    0.009681] x86/PAT: Configuration [0-7]: WB  WC  UC- UC  WB  WP  UC- WT  
[    0.028452] found SMP MP-table at [mem 0x000f5460-0x000f546f]
[    0.029939] Using GB pages for direct mapping
[    0.033784] ACPI: Early table checksum verification disabled
[    0.034141] ACPI: RSDP 0x00000000000F5290 000014 (v00 BOCHS )
[    0.034453] ACPI: RSDT 0x0000000007FE1C64 000034 (v01 BOCHS  BXPC     00000001 BXPC 00000001)
[    0.034981] ACPI: FACP 0x0000000007FE1B18 000074 (v01 BOCHS  BXPC     00000001 BXPC 00000001)
[    0.035616] ACPI: DSDT 0x0000000007FE0040 001AD8 (v01 BOCHS  BXPC     00000001 BXPC 00000001)
[    0.035723] ACPI: FACS 0x0000000007FE0000 000040
[    0.035778] ACPI: APIC 0x0000000007FE1B8C 000078 (v03 BOCHS  BXPC     00000001 BXPC 00000001)
[    0.035807] ACPI: HPET 0x0000000007FE1C04 000038 (v01 BOCHS  BXPC     00000001 BXPC 00000001)
[    0.035849] ACPI: WAET 0x0000000007FE1C3C 000028 (v01 BOCHS  BXPC     00000001 BXPC 00000001)
[    0.035939] ACPI: Reserving FACP table memory at [mem 0x7fe1b18-0x7fe1b8b]
[    0.035991] ACPI: Reserving DSDT table memory at [mem 0x7fe0040-0x7fe1b17]
[    0.035999] ACPI: Reserving FACS table memory at [mem 0x7fe0000-0x7fe003f]
[    0.036005] ACPI: Reserving APIC table memory at [mem 0x7fe1b8c-0x7fe1c03]
[    0.036011] ACPI: Reserving HPET table memory at [mem 0x7fe1c04-0x7fe1c3b]
[    0.036018] ACPI: Reserving WAET table memory at [mem 0x7fe1c3c-0x7fe1c63]
[    0.039161] Zone ranges:
[    0.039198]   DMA      [mem 0x0000000000001000-0x0000000000ffffff]
[    0.039276]   DMA32    [mem 0x0000000001000000-0x0000000007fdcfff]
[    0.039289]   Normal   empty
[    0.039314] Movable zone start for each node
[    0.039342] Early memory node ranges
[    0.039372]   node   0: [mem 0x0000000000001000-0x000000000009efff]
[    0.039417]   node   0: [mem 0x0000000000100000-0x0000000007fdcfff]
[    0.039528] Initmem setup node 0 [mem 0x0000000000001000-0x0000000007fdcfff]
[    0.040376] On node 0, zone DMA: 1 pages in unavailable ranges
[    0.040738] On node 0, zone DMA: 97 pages in unavailable ranges
[    0.041852] On node 0, zone DMA32: 35 pages in unavailable ranges
[    0.042187] ACPI: PM-Timer IO Port: 0x608
[    0.042563] ACPI: LAPIC_NMI (acpi_id[0xff] dfl dfl lint[0x1])
[    0.043022] IOAPIC[0]: apic_id 0, version 32, address 0xfec00000, GSI 0-23
[    0.043138] ACPI: INT_SRC_OVR (bus 0 bus_irq 0 global_irq 2 dfl dfl)
[    0.043392] ACPI: INT_SRC_OVR (bus 0 bus_irq 5 global_irq 5 high level)
[    0.043447] ACPI: INT_SRC_OVR (bus 0 bus_irq 9 global_irq 9 high level)
[    0.043537] ACPI: INT_SRC_OVR (bus 0 bus_irq 10 global_irq 10 high level)
[    0.043547] ACPI: INT_SRC_OVR (bus 0 bus_irq 11 global_irq 11 high level)
[    0.043748] ACPI: Using ACPI (MADT) for SMP configuration information
[    0.043794] ACPI: HPET id: 0x8086a201 base: 0xfed00000
[    0.044129] smpboot: Allowing 1 CPUs, 0 hotplug CPUs
[    0.045256] [mem 0x08000000-0xfffbffff] available for PCI devices
[    0.045310] Booting paravirtualized kernel on bare hardware
[    0.045602] clocksource: refined-jiffies: mask: 0xffffffff max_cycles: 0xffffffff, max_idle_ns: 19112604462750000 ns
[    0.046298] setup_percpu: NR_CPUS:512 nr_cpumask_bits:1 nr_cpu_ids:1 nr_node_ids:1
[    0.047945] percpu: Embedded 48 pages/cpu s158248 r8192 d30168 u2097152
[    0.050355] Kernel command line: BOOT_IMAGE=/boot/vmlinuz root=PARTUUID=c84c56f6-02 rootwait console=tty1 console=ttyS0,115200n8 noinitrd
[    0.052059] random: crng init done
[    0.056899] Dentry cache hash table entries: 16384 (order: 5, 131072 bytes, linear)
[    0.057881] Inode-cache hash table entries: 8192 (order: 4, 65536 bytes, linear)
[    0.060627] Built 1 zonelists, mobility grouping on.  Total pages: 31965
[    0.060868] mem auto-init: stack:off, heap alloc:off, heap free:off
[    0.064465] Memory: 102576K/130540K available (14336K kernel code, 1169K rwdata, 2296K rodata, 2452K init, 2408K bss, 27708K reserved, 0K cma-reserved)
[    0.070452] SLUB: HWalign=64, Order=0-3, MinObjects=0, CPUs=1, Nodes=1
[    0.078051] rcu: Hierarchical RCU implementation.
[    0.078093] rcu: 	RCU restricting CPUs from NR_CPUS=512 to nr_cpu_ids=1.
[    0.078212] 	Tracing variant of Tasks RCU enabled.
[    0.078300] rcu: RCU calculated value of scheduler-enlistment delay is 10 jiffies.
[    0.078329] rcu: Adjusting geometry for rcu_fanout_leaf=16, nr_cpu_ids=1
[    0.079474] NR_IRQS: 33024, nr_irqs: 256, preallocated irqs: 16
[    0.088505] rcu: srcu_init: Setting srcu_struct sizes based on contention.
[    0.095483] Console: colour VGA+ 80x25
[    0.095844] printk: console [tty1] enabled
[    0.103535] printk: console [ttyS0] enabled
[    0.340125] ACPI: Core revision 20230628
[    0.355511] clocksource: hpet: mask: 0xffffffff max_cycles: 0xffffffff, max_idle_ns: 19112604467 ns
[    0.360635] APIC: Switch to symmetric I/O mode setup
[    0.365591] ..TIMER: vector=0x30 apic1=0 pin1=2 apic2=-1 pin2=-1
[    0.407603] clocksource: tsc-early: mask: 0xffffffffffffffff max_cycles: 0x233fdac2ae5, max_idle_ns: 440795297080 ns
[    0.408408] Calibrating delay loop (skipped), value calculated using timer frequency.. 4890.85 BogoMIPS (lpj=24454290)
[    0.410166] x86/cpu: User Mode Instruction Prevention (UMIP) activated
[    0.424970] Last level iTLB entries: 4KB 0, 2MB 0, 4MB 0
[    0.428429] Last level dTLB entries: 4KB 0, 2MB 0, 4MB 0, 1GB 0
[    0.429912] Spectre V1 : Mitigation: usercopy/swapgs barriers and __user pointer sanitization
[    0.431056] Spectre V2 : Mitigation: Retpolines
[    0.431316] Spectre V2 : Spectre v2 / SpectreRSB: Filling RSB on context switch and VMEXIT
[    0.431762] Speculative Store Bypass: Vulnerable
[    0.440239] x86/fpu: Supporting XSAVE feature 0x001: 'x87 floating point registers'
[    0.444829] x86/fpu: Supporting XSAVE feature 0x002: 'SSE registers'
[    0.449562] x86/fpu: Supporting XSAVE feature 0x004: 'AVX registers'
[    0.449855] x86/fpu: Supporting XSAVE feature 0x008: 'MPX bounds registers'
[    0.451285] x86/fpu: Supporting XSAVE feature 0x010: 'MPX CSR'
[    0.451978] x86/fpu: xstate_offset[2]:  576, xstate_sizes[2]:  256
[    0.452415] x86/fpu: xstate_offset[3]:  960, xstate_sizes[3]:   64
[    0.452705] x86/fpu: xstate_offset[4]: 1024, xstate_sizes[4]:   64
[    0.458635] x86/fpu: Enabled xstate features 0x1f, context size is 1088 bytes, using 'standard' format.
[    0.785916] Freeing SMP alternatives memory: 40K
[    0.787251] pid_max: default: 32768 minimum: 301
[    0.796596] Mount-cache hash table entries: 512 (order: 0, 4096 bytes, linear)
[    0.797281] Mountpoint-cache hash table entries: 512 (order: 0, 4096 bytes, linear)
[    0.946796] smpboot: CPU0: AMD QEMU TCG CPU version 2.5+ (family: 0x6, model: 0x6, stepping: 0x3)
[    0.948318] RCU Tasks Trace: Setting shift to 0 and lim to 1 rcu_task_cb_adjust=1 rcu_task_cpu_ids=1.
[    0.948853] Performance Events: PMU not available due to virtualization, using software events only.
[    0.950645] signal: max sigframe size: 1616
[    0.952396] rcu: Hierarchical SRCU implementation.
[    0.952671] rcu: 	Max phase no-delay instances is 1000.
[    0.955752] smp: Bringing up secondary CPUs ...
[    0.961528] smp: Brought up 1 node, 1 CPU
[    0.961761] smpboot: Max logical packages: 1
[    0.962047] smpboot: Total of 1 processors activated (4890.85 BogoMIPS)
[    0.981084] clocksource: jiffies: mask: 0xffffffff max_cycles: 0xffffffff, max_idle_ns: 19112604462750000 ns
[    0.982059] futex hash table entries: 256 (order: 2, 16384 bytes, linear)
[    0.983192] pinctrl core: initialized pinctrl subsystem
[    1.003333] NET: Registered PF_NETLINK/PF_ROUTE protocol family
[    1.010282] thermal_sys: Registered thermal governor 'step_wise'
[    1.010327] thermal_sys: Registered thermal governor 'user_space'
[    1.011275] cpuidle: using governor ladder
[    1.011844] cpuidle: using governor menu
[    1.015357] acpiphp: ACPI Hot Plug PCI Controller Driver version: 0.5
[    1.018204] PCI: Using configuration type 1 for base access
[    1.027743] cryptd: max_cpu_qlen set to 1000
[    1.032908] ACPI: Added _OSI(Module Device)
[    1.033134] ACPI: Added _OSI(Processor Device)
[    1.033328] ACPI: Added _OSI(Processor Aggregator Device)
[    1.048812] ACPI: 1 ACPI AML tables successfully acquired and loaded
[    1.063116] ACPI: _OSC evaluation for CPUs failed, trying _PDC
[    1.065307] ACPI: Interpreter enabled
[    1.066055] ACPI: PM: (supports S0 S5)
[    1.066299] ACPI: Using IOAPIC for interrupt routing
[    1.066939] PCI: Using host bridge windows from ACPI; if necessary, use "pci=nocrs" and report a bug
[    1.068660] PCI: Using E820 reservations for host bridge windows
[    1.070650] ACPI: Enabled 2 GPEs in block 00 to 0F
[    1.108038] ACPI: PCI Root Bridge [PCI0] (domain 0000 [bus 00-ff])
[    1.109101] acpi PNP0A03:00: _OSC: OS supports [ASPM ClockPM Segments MSI HPX-Type3]
[    1.109608] acpi PNP0A03:00: _OSC: not requesting OS control; OS requires [ExtendedConfig ASPM ClockPM MSI]
[    1.110528] acpi PNP0A03:00: fail to add MMCONFIG information, can't access extended configuration space under this bridge
[    1.123605] acpiphp: Slot [3] registered
[    1.124126] acpiphp: Slot [4] registered
[    1.124419] acpiphp: Slot [5] registered
[    1.124696] acpiphp: Slot [6] registered
[    1.128599] acpiphp: Slot [7] registered
[    1.129142] acpiphp: Slot [8] registered
[    1.129525] acpiphp: Slot [9] registered
[    1.129787] acpiphp: Slot [10] registered
[    1.130075] acpiphp: Slot [11] registered
[    1.130365] acpiphp: Slot [12] registered
[    1.140420] acpiphp: Slot [13] registered
[    1.140723] acpiphp: Slot [14] registered
[    1.141021] acpiphp: Slot [15] registered
[    1.141288] acpiphp: Slot [16] registered
[    1.141550] acpiphp: Slot [17] registered
[    1.141820] acpiphp: Slot [18] registered
[    1.142125] acpiphp: Slot [19] registered
[    1.148827] acpiphp: Slot [20] registered
[    1.149316] acpiphp: Slot [21] registered
[    1.149653] acpiphp: Slot [22] registered
[    1.149922] acpiphp: Slot [23] registered
[    1.150203] acpiphp: Slot [24] registered
[    1.150509] acpiphp: Slot [25] registered
[    1.158817] acpiphp: Slot [26] registered
[    1.159304] acpiphp: Slot [27] registered
[    1.159757] acpiphp: Slot [28] registered
[    1.160082] acpiphp: Slot [29] registered
[    1.160355] acpiphp: Slot [30] registered
[    1.160625] acpiphp: Slot [31] registered
[    1.168974] PCI host bridge to bus 0000:00
[    1.169544] pci_bus 0000:00: root bus resource [io  0x0000-0x0cf7 window]
[    1.169975] pci_bus 0000:00: root bus resource [io  0x0d00-0xffff window]
[    1.178396] pci_bus 0000:00: root bus resource [mem 0x000a0000-0x000bffff window]
[    1.187844] pci_bus 0000:00: root bus resource [mem 0x08000000-0xfebfffff window]
[    1.188359] pci_bus 0000:00: root bus resource [mem 0x100000000-0x17fffffff window]
[    1.188955] pci_bus 0000:00: root bus resource [bus 00-ff]
[    1.190514] pci 0000:00:00.0: [8086:1237] type 00 class 0x060000
[    1.202755] pci 0000:00:01.0: [8086:7000] type 00 class 0x060100
[    1.203665] pci 0000:00:01.1: [8086:7010] type 00 class 0x010180
[    1.206699] pci 0000:00:01.1: reg 0x20: [io  0xc0e0-0xc0ef]
[    1.208921] pci 0000:00:01.1: legacy IDE quirk: reg 0x10: [io  0x01f0-0x01f7]
[    1.210292] pci 0000:00:01.1: legacy IDE quirk: reg 0x14: [io  0x03f6]
[    1.210767] pci 0000:00:01.1: legacy IDE quirk: reg 0x18: [io  0x0170-0x0177]
[    1.211224] pci 0000:00:01.1: legacy IDE quirk: reg 0x1c: [io  0x0376]
[    1.212368] pci 0000:00:01.3: [8086:7113] type 00 class 0x068000
[    1.219309] pci 0000:00:01.3: quirk: [io  0x0600-0x063f] claimed by PIIX4 ACPI
[    1.219683] pci 0000:00:01.3: quirk: [io  0x0700-0x070f] claimed by PIIX4 SMB
[    1.220700] pci 0000:00:02.0: [1234:1111] type 00 class 0x030000
[    1.229250] pci 0000:00:02.0: reg 0x10: [mem 0xfd000000-0xfdffffff pref]
[    1.230970] pci 0000:00:02.0: reg 0x18: [mem 0xfeb90000-0xfeb90fff]
[    1.233854] pci 0000:00:02.0: reg 0x30: [mem 0xfeb80000-0xfeb8ffff pref]
[    1.238732] pci 0000:00:02.0: Video device with shadowed ROM at [mem 0x000c0000-0x000dffff]
[    1.245409] pci 0000:00:03.0: [1af4:1000] type 00 class 0x020000
[    1.246771] pci 0000:00:03.0: reg 0x10: [io  0xc080-0xc09f]
[    1.249754] pci 0000:00:03.0: reg 0x20: [mem 0xfe000000-0xfe003fff 64bit pref]
[    1.251151] pci 0000:00:03.0: reg 0x30: [mem 0xfea80000-0xfeafffff pref]
[    1.261331] pci 0000:00:04.0: [1af4:1005] type 00 class 0x00ff00
[    1.262352] pci 0000:00:04.0: reg 0x10: [io  0xc0a0-0xc0bf]
[    1.263345] pci 0000:00:04.0: reg 0x14: [mem 0xfeb91000-0xfeb91fff]
[    1.267105] pci 0000:00:04.0: reg 0x20: [mem 0xfe004000-0xfe007fff 64bit pref]
[    1.274655] pci 0000:00:05.0: [1af4:1000] type 00 class 0x020000
[    1.276233] pci 0000:00:05.0: reg 0x10: [io  0xc0c0-0xc0df]
[    1.277147] pci 0000:00:05.0: reg 0x14: [mem 0xfeb92000-0xfeb92fff]
[    1.280164] pci 0000:00:05.0: reg 0x20: [mem 0xfe008000-0xfe00bfff 64bit pref]
[    1.281212] pci 0000:00:05.0: reg 0x30: [mem 0xfeb00000-0xfeb7ffff pref]
[    1.285706] pci 0000:00:06.0: [1af4:1001] type 00 class 0x010000
[    1.287662] pci 0000:00:06.0: reg 0x10: [io  0xc000-0xc07f]
[    1.289451] pci 0000:00:06.0: reg 0x14: [mem 0xfeb93000-0xfeb93fff]
[    1.291499] pci 0000:00:06.0: reg 0x20: [mem 0xfe00c000-0xfe00ffff 64bit pref]
[    1.303803] ACPI: PCI: Interrupt link LNKA configured for IRQ 10
[    1.304749] ACPI: PCI: Interrupt link LNKB configured for IRQ 10
[    1.305440] ACPI: PCI: Interrupt link LNKC configured for IRQ 11
[    1.306127] ACPI: PCI: Interrupt link LNKD configured for IRQ 11
[    1.306583] ACPI: PCI: Interrupt link LNKS configured for IRQ 9
[    1.320274] iommu: Default domain type: Translated
[    1.320579] iommu: DMA domain TLB invalidation policy: lazy mode
[    1.322905] SCSI subsystem initialized
[    1.325946] ACPI: bus type USB registered
[    1.326797] usbcore: registered new interface driver usbfs
[    1.327291] usbcore: registered new interface driver hub
[    1.327672] usbcore: registered new device driver usb
[    1.328429] pps_core: LinuxPPS API ver. 1 registered
[    1.336919] pps_core: Software ver. 5.3.6 - Copyright 2005-2007 Rodolfo Giometti <giometti@linux.it>
[    1.337651] PTP clock support registered
[    1.349228] PCI: Using ACPI for IRQ routing
[    1.352491] hpet0: at MMIO 0xfed00000, IRQs 2, 8, 0
[    1.352838] hpet0: 3 comparators, 64-bit 100.000000 MHz counter
[    1.358318] clocksource: Switched to clocksource tsc-early
[    1.358318] pnp: PnP ACPI init
[    1.358318] pnp: PnP ACPI: found 6 devices
[    1.371354] clocksource: acpi_pm: mask: 0xffffff max_cycles: 0xffffff, max_idle_ns: 2085701024 ns
[    1.372484] NET: Registered PF_INET protocol family
[    1.373726] IP idents hash table entries: 2048 (order: 2, 16384 bytes, linear)
[    1.379734] tcp_listen_portaddr_hash hash table entries: 256 (order: 0, 4096 bytes, linear)
[    1.382713] Table-perturb hash table entries: 65536 (order: 6, 262144 bytes, linear)
[    1.383172] TCP established hash table entries: 1024 (order: 1, 8192 bytes, linear)
[    1.383674] TCP bind hash table entries: 1024 (order: 3, 32768 bytes, linear)
[    1.393502] TCP: Hash tables configured (established 1024 bind 1024)
[    1.395810] MPTCP token hash table entries: 256 (order: 1, 6144 bytes, linear)
[    1.396404] UDP hash table entries: 256 (order: 1, 8192 bytes, linear)
[    1.396904] UDP-Lite hash table entries: 256 (order: 1, 8192 bytes, linear)
[    1.406800] NET: Registered PF_UNIX/PF_LOCAL protocol family
[    1.408100] pci_bus 0000:00: resource 4 [io  0x0000-0x0cf7 window]
[    1.408381] pci_bus 0000:00: resource 5 [io  0x0d00-0xffff window]
[    1.408629] pci_bus 0000:00: resource 6 [mem 0x000a0000-0x000bffff window]
[    1.416132] pci_bus 0000:00: resource 7 [mem 0x08000000-0xfebfffff window]
[    1.416492] pci_bus 0000:00: resource 8 [mem 0x100000000-0x17fffffff window]
[    1.417291] pci 0000:00:01.0: PIIX3: Enabling Passive Release
[    1.427942] pci 0000:00:00.0: 0xffffffff814f7470 took 10428 usecs
[    1.428341] pci 0000:00:00.0: Limiting direct PCI/PCI transfers
[    1.428709] PCI: CLS 0 bytes, default 64
[    1.463159] workingset: timestamp_bits=46 max_order=15 bucket_order=0
[    1.465322] squashfs: version 4.0 (2009/01/31) Phillip Lougher
[    1.468177] Block layer SCSI generic (bsg) driver version 0.4 loaded (major 247)
[    1.472716] hv_vmbus: registering driver hyperv_fb
[    1.477157] input: Power Button as /devices/LNXSYSTM:00/LNXPWRBN:00/input/input0
[    1.491444] ACPI: button: Power Button [PWRF]
[    1.686759] ACPI: \_SB_.LNKC: Enabled at IRQ 11
[    1.872925] ACPI: \_SB_.LNKD: Enabled at IRQ 10
[    2.059717] ACPI: \_SB_.LNKA: Enabled at IRQ 10
[    2.242530] ACPI: \_SB_.LNKB: Enabled at IRQ 11
[    2.244665] Serial: 8250/16550 driver, 16 ports, IRQ sharing enabled
[    2.269704] 00:04: ttyS0 at I/O 0x3f8 (irq = 4, base_baud = 115200) is a 16550A
[    2.315699] Non-volatile memory driver v1.3
[    2.328951] Linux agpgart interface v0.103
[    2.330141] AMD-Vi: AMD IOMMUv2 functionality not available on this system - This is not a bug.
[    2.330810] ACPI: bus type drm_connector registered
[    2.333483] [drm] Found bochs VGA, ID 0xb0c5.
[    2.333760] [drm] Framebuffer size 16384 kB @ 0xfd000000, mmio @ 0xfeb90000.
[    2.346838] [drm] Found EDID data blob.
[    2.353457] [drm] Initialized bochs-drm 1.0.0 20130925 for 0000:00:02.0 on minor 0
[    2.425552] Console: switching to colour frame buffer device 160x50
[    2.435405] bochs-drm 0000:00:02.0: [drm] fb0: bochs-drmdrmfb frame buffer device
[    2.478297] loop: module loaded
[    2.479151] virtio_blk virtio3: 1/0/0 default/read/poll queues
[    2.484840] virtio_blk virtio3: [vda] 246784 512-byte logical blocks (126 MB/121 MiB)
[    2.494535]  vda: vda1 vda2
[    2.498058] Guest personality initialized and is inactive
[    2.498708] VMCI host device registered (name=vmci, major=10, minor=256)
[    2.499006] Initialized host personality
[    2.500172] VMware PVSCSI driver - version 1.0.7.0-k
[    2.500538] hv_vmbus: registering driver hv_storvsc
[    2.510045] tsc: Refined TSC clocksource calibration: 2445.418 MHz
[    2.510806] clocksource: tsc: mask: 0xffffffffffffffff max_cycles: 0x233fd024acf, max_idle_ns: 440795220336 ns
[    2.511440] clocksource: Switched to clocksource tsc
[    2.538157] scsi host0: ata_piix
[    2.541936] scsi host1: ata_piix
[    2.543095] ata1: PATA max MWDMA2 cmd 0x1f0 ctl 0x3f6 bmdma 0xc0e0 irq 14
[    2.543427] ata2: PATA max MWDMA2 cmd 0x170 ctl 0x376 bmdma 0xc0e8 irq 15
[    2.554691] VMware vmxnet3 virtual NIC driver - version 1.7.0.0-k-NAPI
[    2.555397] hv_vmbus: registering driver hv_netvsc
[    2.555838] Fusion MPT base driver 3.04.20
[    2.556028] Copyright (c) 1999-2008 LSI Corporation
[    2.556421] Fusion MPT SPI Host driver 3.04.20
[    2.566231] Fusion MPT SAS Host driver 3.04.20
[    2.568509] usbcore: registered new interface driver usb-storage
[    2.570065] i8042: PNP: PS/2 Controller [PNP0303:KBD,PNP0f13:MOU] at 0x60,0x64 irq 1,12
[    2.576657] serio: i8042 KBD port at 0x60,0x64 irq 1
[    2.579970] serio: i8042 AUX port at 0x60,0x64 irq 12
[    2.582377] hv_vmbus: registering driver hyperv_keyboard
[    2.585076] rtc_cmos 00:05: RTC can wake from S4
[    2.591369] rtc_cmos 00:05: registered as rtc0
[    2.594073] rtc_cmos 00:05: setting system clock to 2026-03-03T02:50:58 UTC (1772506258)
[    2.596732] rtc_cmos 00:05: alarms up to one day, y3k, 242 bytes nvram, hpet irqs
[    2.600173] amd_pstate: the _CPC object is not present in SBIOS or ACPI disabled
[    2.605373] sdhci: Secure Digital Host Controller Interface driver
[    2.608509] sdhci: Copyright(c) Pierre Ossman
[    2.622838] input: AT Translated Set 2 keyboard as /devices/platform/i8042/serio0/input/input1
[    2.662771] hid: raw HID events driver (C) Jiri Kosina
[    2.665557] hv_vmbus: registering driver hid_hyperv
[    2.668492] usbcore: registered new interface driver usbhid
[    2.671027] usbhid: USB HID core driver
[    2.673534] hv_utils: Registering HyperV Utility Driver
[    2.675929] hv_vmbus: registering driver hv_utils
[    2.678037] hv_vmbus: registering driver hv_balloon
[    2.681854] NET: Registered PF_INET6 protocol family
[    2.699766] Segment Routing with IPv6
[    2.702187] In-situ OAM (IOAM) with IPv6
[    2.704735] NET: Registered PF_PACKET protocol family
[    2.707378] bridge: filtering via arp/ip/ip6tables is no longer available by default. Update your scripts to load br_netfilter if you need this.
[    2.716934] 8021q: 802.1Q VLAN Support v1.8
[    2.719999] NET: Registered PF_VSOCK protocol family
[    2.730410] IPI shorthand broadcast: enabled
[    2.732831] AVX2 version of gcm_enc/dec engaged.
[    2.739519] AES CTR mode by8 optimization enabled
[    2.760552] sched_clock: Marking stable (2500104479, 259268665)->(2775551460, -16178316)
[    2.809662] ata2: found unknown device (class 0)
[    2.916109] ata2.00: ATAPI: QEMU DVD-ROM, 2.5+, max UDMA/100
[    2.932835] scsi 1:0:0:0: CD-ROM            QEMU     QEMU DVD-ROM     2.5+ PQ: 0 ANSI: 5
[    2.944387] clk: Disabling unused clocks
[    3.001551] sr 1:0:0:0: [sr0] scsi3-mmc drive: 4x/4x cd/rw xa/form2 tray
[    3.004273] cdrom: Uniform CD-ROM driver Revision: 3.20
[    3.060440] VFS: Mounted root (squashfs filesystem) readonly on device 254:2.
[    3.129949] Freeing unused kernel image (initmem) memory: 2452K
[    3.132553] Write protecting the kernel read-only data: 18432k
[    3.137301] Freeing unused kernel image (rodata/data gap) memory: 1800K
[    3.140210] Run /sbin/init as init process
[    3.416583] init: Console is alive
[    4.178874] kmodloader: loading kernel modules from /etc/modules-boot.d/*
[    4.248743] button_hotplug: loading out-of-tree module taints kernel.
[    4.256486] Button Hotplug driver version 0.4.1
[    4.282862] Intel(R) 2.5G Ethernet Linux Driver
[    4.285427] Copyright(c) 2018 Intel Corporation.
[    4.305180] igb: Intel(R) Gigabit Ethernet Network Driver
[    4.307796] igb: Copyright (c) 2007-2014 Intel Corporation.
[    4.325519] kmodloader: done loading kernel modules from /etc/modules-boot.d/*
[    4.347299] init: - preinit -
[    5.403713] 8021q: adding VLAN 0 to HW filter on device eth0
Press the [f] key and hit [enter] to enter failsafe mode
Press the [1], [2], [3] or [4] key and hit [enter] to select the debug level
[   10.148066] loop0: detected capacity change from 0 to 212992
[   10.199959] loop0: detected capacity change from 212992 to 196608
[   10.214311] mount_root: overlay filesystem in /dev/loop0 has not been formatted yet
[   10.562610] EXT4-fs (loop0): mounted filesystem 0bf7a8d6-26b2-4957-996b-974e0f5c8011 r/w with ordered data mode. Quota mode: disabled.
[   10.576712] mount_root: overlay filesystem has not been fully initialized yet
[   10.595989] mount_root: switching to ext4 overlay
[   10.620204] overlayfs: null uuid detected in lower fs '/', falling back to xino=off,index=off,nfs_export=off.
[   11.399434] EXT4-fs (vda1): mounted filesystem 84173db5-fa99-e35a-95c6-28613cc79ea9 r/w without journal. Quota mode: disabled.
[   11.425536] urandom-seed: Seed file not found (/etc/urandom.seed)
[   11.585780] procd: - early -
[   12.411357] procd: - ubus -
[   12.603455] procd: - init -
Please press Enter to activate this console.
root
login[1001]: root login on 'ttyS0'


BusyBox v1.36.1 (2026-03-01 10:21:05 UTC) built-in shell (ash)

  _______                     ________        __
 |       |.-----.-----.-----.|  |  |  |.----.|  |_
 |   -   ||  _  |  -__|     ||  |  |  ||   _||   _|
 |_______||   __|_____|__|__||________||__|  |____|
          |__| W I R E L E S S   F R E E D O M
 -----------------------------------------------------
 OpenWrt 24.10-SNAPSHOT, r29117-f7005097ae
 -----------------------------------------------------
  ___   __ __                _______             __
 |   |_|__|  |--.----.-----.|   |   |-----.-----|  |--.
 |     |  |  _  |   _|  -__||       |  -__|__ --|     |
 |_____|__|_____|__| |_____||__|_|__|_____|_____|__|__|

 ------------------------------------------------------
 LiMe master development (master rev. 7929208 20260224_1303)
 ------------------------------------------------------
 https://libremesh.org
 ------------------------------------------------------

 === System Notes =================================================

 = edit via http://thisnode.info/app/#/notes or /etc/banner.notes =

=== WARNING! =====================================
There is no root password defined on this device!
Use the "passwd" command to set up a new password
in order to prevent unauthorized SSH logins.
--------------------------------------------------
root@(none):~# dmesg -n 1
root@(none):~# echo 'MPMC''FAPKOE'
MPMCFAPKOE
root@(none):~# run() { echo -n "$MARKER"; sh -c "$@"; echo "$MARKER $?"; }
root@(none):~# echo 'YQQX''AVQVBF'
YQQXAVQVBF
root@(none):~# MARKER='AXVZ''XUAMML' run 'ubus wait_for network.interface.lan'
AXVZXUAMML