Labgrid Console Logfile for main
Logfile started at 2026-03-03 02:06:59.731736
=== Log starts here ===
c[?7l[2J[0mSeaBIOS (version 1.16.3-debian-1.16.3-2)


iPXE (https://ipxe.org) 00:03.0 CA00 PCI2.10 PnP PMM+06FCAE70+06F0AE70 CA00
Press Ctrl-B to configure iPXE (PCI 00:03.0)...                                                                               




iPXE (https://ipxe.org) 00:05.0 CB00 PCI2.10 PnP PMM 06FCAE70 06F0AE70 CB00
Press Ctrl-B to configure iPXE (PCI 00:05.0)...                                                                               


Booting from Hard Disk...
GRUB loading.....
[0;30;47mWelcome to GRUB![01;01H[0m[2J[H[J[1;1H[?25l[m[H[J[1;1H[2;30HGNU GRUB  version 2.12

[m[4;2H+----------------------------------------------------------------------------+[5;2H|[5;79H|[6;2H|[6;79H|[7;2H|[7;79H|[8;2H|[8;79H|[9;2H|[9;79H|[10;2H|[10;79H|[11;2H|[11;79H|[12;2H|[12;79H|[13;2H|[13;79H|[14;2H|[14;79H|[15;2H|[15;79H|[16;2H+----------------------------------------------------------------------------+[m[17;2H[18;2H[m     Use the ^ and v keys to select which entry is highlighted.          
      Press enter to boot the selected OS, `e' to edit the commands       
      before booting or `c' for a command-line. ESC to return             
      previous menu.                                                      [5;80H [7m[5;3H*OpenWrt                                                                    [m[5;78H[m[m[6;3H OpenWrt (failsafe)                                                         [m[6;78H[m[m[7;3H                                                                            [m[7;78H[m[m[8;3H                                                                            [m[8;78H[m[m[9;3H                                                                            [m[9;78H[m[m[10;3H                                                                            [m[10;78H[m[m[11;3H                                                                            [m[11;78H[m[m[12;3H                                                                            [m[12;78H[m[m[13;3H                                                                            [m[13;78H[m[m[14;3H                                                                            [m[14;78H[m[m[15;3H                                                                            [m[15;78H[m[15;80H [5;78H[2J[02;30HGNU GRUB  version 2.12[04;02H┌────────────────────────────────────────────────────────────────────────────┐[05;02H│[05;79H│[06;02H│[06;79H│[07;02H│[07;79H│[08;02H│[08;79H│[09;02H│[09;79H│[10;02H│[10;79H│[11;02H│[11;79H│[12;02H│[12;79H│[13;02H│[13;79H│[14;02H│[14;79H│[15;02H│[15;79H│[16;02H│[16;79H│[17;02H└────────────────────────────────────────────────────────────────────────────┘[19;02H     Use the ↑ and ↓ keys to select which entry is highlighted.          
      Press enter to boot the selected OS, `e' to edit the commands       
      before booting or `c' for a command-line. ESC to ret[21;58H[21;59Hurn             
      previous menu.                                                      [05;80H [05;03H[0;30;47m*OpenWrt                                                              [05;72H[05;73H      [06;03H[0m OpenWrt (failsafe)                                                         [07;03H                                                                            [08;03H                                                                            [09;03H                                                                            [10;03H                                                                            [11;03H                                                                            [12;03H                                                                            [13;03H                                                                            [14;03H                                                                            [15;03H                                                                            [16;03H                                                [16;50H[16;51H                            [16;80H 






   The highlighted entry will be executed automatically in 5s.                [22;1H   The highlighted entry will be executed automatically in 5s.                 [5;78H [05;78H

















   The highlighted entry will be executed automatically in 4s.                [22;1H   The highlighted entry will be executed automatically in 4s.                 [5;78H [05;78H

















   The highlighted entry will be executed automatically in 3s.                [22;1H   The highlighted entry will be executed automatically in 3s.                 [5;78H [05;78H

















   The highlighted entry wil[23;28H[23;29Hl be executed automatically in 2s.                [22;1H   The highlighted entry will be executed automatically in 2s.                 [5;78H [05;78H

















   The highlighted entry will be executed automatically in 1s.                [22;1H   The highlighted entry will be executed automatically in 1s.                 [5;78H [05;78H

















   The highlighted entry will be executed automatically in 0s.                [22;1H   The highlighted entry will be executed automatically in 0s.                 [5;78H [01;01H[2J[?25h[H[J[1;1H[H[J[1;1H[2J   Booting `OpenWrt' Booting `OpenWrt

'

[    0.000000] Linux version 6.6.122 (builder@buildhost) (x86_64-openwrt-linux-musl-gcc (OpenWrt GCC 13.3.0 r29117-f7005097ae) 13.3.0, GNU ld (GNU Binutils) 2.42) #0 SMP Sun Mar  1 10:21:05 2026
[    0.000000] Command line: BOOT_IMAGE=/boot/vmlinuz root=PARTUUID=c84c56f6-02 rootwait console=tty1 console=ttyS0,115200n8 noinitrd
[    0.000000] BIOS-provided physical RAM map:
[    0.000000] BIOS-e820: [mem 0x0000000000000000-0x000000000009fbff] usable
[    0.000000] BIOS-e820: [mem 0x000000000009fc00-0x000000000009ffff] reserved
[    0.000000] BIOS-e820: [mem 0x00000000000f0000-0x00000000000fffff] reserved
[    0.000000] BIOS-e820: [mem 0x0000000000100000-0x0000000007fdcfff] usable
[    0.000000] BIOS-e820: [mem 0x0000000007fdd000-0x0000000007ffffff] reserved
[    0.000000] BIOS-e820: [mem 0x00000000fffc0000-0x00000000ffffffff] reserved
[    0.000000] BIOS-e820: [mem 0x000000fd00000000-0x000000ffffffffff] reserved
[    0.000000] NX (Execute Disable) protection: active
[    0.000000] APIC: Static calls initialized
[    0.000000] SMBIOS 3.0.0 present.
[    0.000000] DMI: QEMU Standard PC (i440FX + PIIX, 1996), BIOS 1.16.3-debian-1.16.3-2 04/01/2014
[    0.000000] tsc: Fast TSC calibration using PIT
[    0.000000] tsc: Detected 2445.394 MHz processor
[    0.008836] last_pfn = 0x7fdd max_arch_pfn = 0x400000000
[    0.009457] MTRR map: 4 entries (3 fixed + 1 variable; max 19), built from 8 variable MTRRs
[    0.009642] x86/PAT: Configuration [0-7]: WB  WC  UC- UC  WB  WP  UC- WT  
[    0.027976] found SMP MP-table at [mem 0x000f5460-0x000f546f]
[    0.029425] Using GB pages for direct mapping
[    0.033151] ACPI: Early table checksum verification disabled
[    0.033498] ACPI: RSDP 0x00000000000F5290 000014 (v00 BOCHS )
[    0.033792] ACPI: RSDT 0x0000000007FE1C64 000034 (v01 BOCHS  BXPC     00000001 BXPC 00000001)
[    0.034305] ACPI: FACP 0x0000000007FE1B18 000074 (v01 BOCHS  BXPC     00000001 BXPC 00000001)
[    0.034928] ACPI: DSDT 0x0000000007FE0040 001AD8 (v01 BOCHS  BXPC     00000001 BXPC 00000001)
[    0.035026] ACPI: FACS 0x0000000007FE0000 000040
[    0.035079] ACPI: APIC 0x0000000007FE1B8C 000078 (v03 BOCHS  BXPC     00000001 BXPC 00000001)
[    0.035108] ACPI: HPET 0x0000000007FE1C04 000038 (v01 BOCHS  BXPC     00000001 BXPC 00000001)
[    0.035132] ACPI: WAET 0x0000000007FE1C3C 000028 (v01 BOCHS  BXPC     00000001 BXPC 00000001)
[    0.035217] ACPI: Reserving FACP table memory at [mem 0x7fe1b18-0x7fe1b8b]
[    0.035265] ACPI: Reserving DSDT table memory at [mem 0x7fe0040-0x7fe1b17]
[    0.035273] ACPI: Reserving FACS table memory at [mem 0x7fe0000-0x7fe003f]
[    0.035294] ACPI: Reserving APIC table memory at [mem 0x7fe1b8c-0x7fe1c03]
[    0.035301] ACPI: Reserving HPET table memory at [mem 0x7fe1c04-0x7fe1c3b]
[    0.035307] ACPI: Reserving WAET table memory at [mem 0x7fe1c3c-0x7fe1c63]
[    0.038385] Zone ranges:
[    0.038421]   DMA      [mem 0x0000000000001000-0x0000000000ffffff]
[    0.038498]   DMA32    [mem 0x0000000001000000-0x0000000007fdcfff]
[    0.038511]   Normal   empty
[    0.038535] Movable zone start for each node
[    0.038563] Early memory node ranges
[    0.038593]   node   0: [mem 0x0000000000001000-0x000000000009efff]
[    0.038638]   node   0: [mem 0x0000000000100000-0x0000000007fdcfff]
[    0.038749] Initmem setup node 0 [mem 0x0000000000001000-0x0000000007fdcfff]
[    0.039587] On node 0, zone DMA: 1 pages in unavailable ranges
[    0.040006] On node 0, zone DMA: 97 pages in unavailable ranges
[    0.041035] On node 0, zone DMA32: 35 pages in unavailable ranges
[    0.041363] ACPI: PM-Timer IO Port: 0x608
[    0.041731] ACPI: LAPIC_NMI (acpi_id[0xff] dfl dfl lint[0x1])
[    0.042146] IOAPIC[0]: apic_id 0, version 32, address 0xfec00000, GSI 0-23
[    0.042259] ACPI: INT_SRC_OVR (bus 0 bus_irq 0 global_irq 2 dfl dfl)
[    0.042531] ACPI: INT_SRC_OVR (bus 0 bus_irq 5 global_irq 5 high level)
[    0.042588] ACPI: INT_SRC_OVR (bus 0 bus_irq 9 global_irq 9 high level)
[    0.042678] ACPI: INT_SRC_OVR (bus 0 bus_irq 10 global_irq 10 high level)
[    0.042689] ACPI: INT_SRC_OVR (bus 0 bus_irq 11 global_irq 11 high level)
[    0.042883] ACPI: Using ACPI (MADT) for SMP configuration information
[    0.042927] ACPI: HPET id: 0x8086a201 base: 0xfed00000
[    0.043218] smpboot: Allowing 1 CPUs, 0 hotplug CPUs
[    0.044393] [mem 0x08000000-0xfffbffff] available for PCI devices
[    0.044446] Booting paravirtualized kernel on bare hardware
[    0.044748] clocksource: refined-jiffies: mask: 0xffffffff max_cycles: 0xffffffff, max_idle_ns: 19112604462750000 ns
[    0.045842] setup_percpu: NR_CPUS:512 nr_cpumask_bits:1 nr_cpu_ids:1 nr_node_ids:1
[    0.047722] percpu: Embedded 48 pages/cpu s158248 r8192 d30168 u2097152
[    0.049952] Kernel command line: BOOT_IMAGE=/boot/vmlinuz root=PARTUUID=c84c56f6-02 rootwait console=tty1 console=ttyS0,115200n8 noinitrd
[    0.051669] random: crng init done
[    0.056434] Dentry cache hash table entries: 16384 (order: 5, 131072 bytes, linear)
[    0.057386] Inode-cache hash table entries: 8192 (order: 4, 65536 bytes, linear)
[    0.060023] Built 1 zonelists, mobility grouping on.  Total pages: 31965
[    0.060243] mem auto-init: stack:off, heap alloc:off, heap free:off
[    0.063745] Memory: 102576K/130540K available (14336K kernel code, 1169K rwdata, 2296K rodata, 2452K init, 2408K bss, 27708K reserved, 0K cma-reserved)
[    0.069582] SLUB: HWalign=64, Order=0-3, MinObjects=0, CPUs=1, Nodes=1
[    0.076951] rcu: Hierarchical RCU implementation.
[    0.076981] rcu: 	RCU restricting CPUs from NR_CPUS=512 to nr_cpu_ids=1.
[    0.077093] 	Tracing variant of Tasks RCU enabled.
[    0.077178] rcu: RCU calculated value of scheduler-enlistment delay is 10 jiffies.
[    0.077206] rcu: Adjusting geometry for rcu_fanout_leaf=16, nr_cpu_ids=1
[    0.078352] NR_IRQS: 33024, nr_irqs: 256, preallocated irqs: 16
[    0.087090] rcu: srcu_init: Setting srcu_struct sizes based on contention.
[    0.093808] Console: colour VGA+ 80x25
[    0.094101] printk: console [tty1] enabled
[    0.101718] printk: console [ttyS0] enabled
[    0.324676] ACPI: Core revision 20230628
[    0.329837] clocksource: hpet: mask: 0xffffffff max_cycles: 0xffffffff, max_idle_ns: 19112604467 ns
[    0.339639] APIC: Switch to symmetric I/O mode setup
[    0.343955] ..TIMER: vector=0x30 apic1=0 pin1=2 apic2=-1 pin2=-1
[    0.386544] clocksource: tsc-early: mask: 0xffffffffffffffff max_cycles: 0x233fb9b21e3, max_idle_ns: 440795268462 ns
[    0.387262] Calibrating delay loop (skipped), value calculated using timer frequency.. 4890.78 BogoMIPS (lpj=24453940)
[    0.388979] x86/cpu: User Mode Instruction Prevention (UMIP) activated
[    0.403653] Last level iTLB entries: 4KB 0, 2MB 0, 4MB 0
[    0.404046] Last level dTLB entries: 4KB 0, 2MB 0, 4MB 0, 1GB 0
[    0.407351] Spectre V1 : Mitigation: usercopy/swapgs barriers and __user pointer sanitization
[    0.408476] Spectre V2 : Mitigation: Retpolines
[    0.408815] Spectre V2 : Spectre v2 / SpectreRSB: Filling RSB on context switch and VMEXIT
[    0.409246] Speculative Store Bypass: Vulnerable
[    0.410908] x86/fpu: Supporting XSAVE feature 0x001: 'x87 floating point registers'
[    0.419671] x86/fpu: Supporting XSAVE feature 0x002: 'SSE registers'
[    0.419966] x86/fpu: Supporting XSAVE feature 0x004: 'AVX registers'
[    0.420220] x86/fpu: Supporting XSAVE feature 0x008: 'MPX bounds registers'
[    0.420513] x86/fpu: Supporting XSAVE feature 0x010: 'MPX CSR'
[    0.427593] x86/fpu: xstate_offset[2]:  576, xstate_sizes[2]:  256
[    0.428052] x86/fpu: xstate_offset[3]:  960, xstate_sizes[3]:   64
[    0.428329] x86/fpu: xstate_offset[4]: 1024, xstate_sizes[4]:   64
[    0.428596] x86/fpu: Enabled xstate features 0x1f, context size is 1088 bytes, using 'standard' format.
[    0.759692] Freeing SMP alternatives memory: 40K
[    0.760995] pid_max: default: 32768 minimum: 301
[    0.770304] Mount-cache hash table entries: 512 (order: 0, 4096 bytes, linear)
[    0.770878] Mountpoint-cache hash table entries: 512 (order: 0, 4096 bytes, linear)
[    0.919504] smpboot: CPU0: AMD QEMU TCG CPU version 2.5+ (family: 0x6, model: 0x6, stepping: 0x3)
[    0.927170] RCU Tasks Trace: Setting shift to 0 and lim to 1 rcu_task_cb_adjust=1 rcu_task_cpu_ids=1.
[    0.927170] Performance Events: PMU not available due to virtualization, using software events only.
[    0.929347] signal: max sigframe size: 1616
[    0.930989] rcu: Hierarchical SRCU implementation.
[    0.931250] rcu: 	Max phase no-delay instances is 1000.
[    0.934254] smp: Bringing up secondary CPUs ...
[    0.936218] smp: Brought up 1 node, 1 CPU
[    0.938784] smpboot: Max logical packages: 1
[    0.939083] smpboot: Total of 1 processors activated (4890.78 BogoMIPS)
[    0.956477] clocksource: jiffies: mask: 0xffffffff max_cycles: 0xffffffff, max_idle_ns: 19112604462750000 ns
[    0.957456] futex hash table entries: 256 (order: 2, 16384 bytes, linear)
[    0.958529] pinctrl core: initialized pinctrl subsystem
[    0.977733] NET: Registered PF_NETLINK/PF_ROUTE protocol family
[    0.984096] thermal_sys: Registered thermal governor 'step_wise'
[    0.984155] thermal_sys: Registered thermal governor 'user_space'
[    0.985033] cpuidle: using governor ladder
[    0.985595] cpuidle: using governor menu
[    0.988742] acpiphp: ACPI Hot Plug PCI Controller Driver version: 0.5
[    0.991461] PCI: Using configuration type 1 for base access
[    1.001645] cryptd: max_cpu_qlen set to 1000
[    1.006527] ACPI: Added _OSI(Module Device)
[    1.006733] ACPI: Added _OSI(Processor Device)
[    1.006920] ACPI: Added _OSI(Processor Aggregator Device)
[    1.022161] ACPI: 1 ACPI AML tables successfully acquired and loaded
[    1.035828] ACPI: _OSC evaluation for CPUs failed, trying _PDC
[    1.038543] ACPI: Interpreter enabled
[    1.039285] ACPI: PM: (supports S0 S5)
[    1.039507] ACPI: Using IOAPIC for interrupt routing
[    1.040090] PCI: Using host bridge windows from ACPI; if necessary, use "pci=nocrs" and report a bug
[    1.047060] PCI: Using E820 reservations for host bridge windows
[    1.049002] ACPI: Enabled 2 GPEs in block 00 to 0F
[    1.079534] ACPI: PCI Root Bridge [PCI0] (domain 0000 [bus 00-ff])
[    1.080477] acpi PNP0A03:00: _OSC: OS supports [ASPM ClockPM Segments MSI HPX-Type3]
[    1.080982] acpi PNP0A03:00: _OSC: not requesting OS control; OS requires [ExtendedConfig ASPM ClockPM MSI]
[    1.081902] acpi PNP0A03:00: fail to add MMCONFIG information, can't access extended configuration space under this bridge
[    1.091954] acpiphp: Slot [3] registered
[    1.092460] acpiphp: Slot [4] registered
[    1.092758] acpiphp: Slot [5] registered
[    1.093032] acpiphp: Slot [6] registered
[    1.097487] acpiphp: Slot [7] registered
[    1.098009] acpiphp: Slot [8] registered
[    1.098331] acpiphp: Slot [9] registered
[    1.098590] acpiphp: Slot [10] registered
[    1.098856] acpiphp: Slot [11] registered
[    1.099158] acpiphp: Slot [12] registered
[    1.108997] acpiphp: Slot [13] registered
[    1.109271] acpiphp: Slot [14] registered
[    1.109537] acpiphp: Slot [15] registered
[    1.109797] acpiphp: Slot [16] registered
[    1.110073] acpiphp: Slot [17] registered
[    1.110335] acpiphp: Slot [18] registered
[    1.117517] acpiphp: Slot [19] registered
[    1.117993] acpiphp: Slot [20] registered
[    1.118331] acpiphp: Slot [21] registered
[    1.118602] acpiphp: Slot [22] registered
[    1.118896] acpiphp: Slot [23] registered
[    1.119164] acpiphp: Slot [24] registered
[    1.119427] acpiphp: Slot [25] registered
[    1.127516] acpiphp: Slot [26] registered
[    1.127918] acpiphp: Slot [27] registered
[    1.128237] acpiphp: Slot [28] registered
[    1.128519] acpiphp: Slot [29] registered
[    1.128782] acpiphp: Slot [30] registered
[    1.129047] acpiphp: Slot [31] registered
[    1.137701] PCI host bridge to bus 0000:00
[    1.147368] pci_bus 0000:00: root bus resource [io  0x0000-0x0cf7 window]
[    1.147765] pci_bus 0000:00: root bus resource [io  0x0d00-0xffff window]
[    1.148028] pci_bus 0000:00: root bus resource [mem 0x000a0000-0x000bffff window]
[    1.157367] pci_bus 0000:00: root bus resource [mem 0x08000000-0xfebfffff window]
[    1.157807] pci_bus 0000:00: root bus resource [mem 0x100000000-0x17fffffff window]
[    1.158331] pci_bus 0000:00: root bus resource [bus 00-ff]
[    1.159830] pci 0000:00:00.0: [8086:1237] type 00 class 0x060000
[    1.171127] pci 0000:00:01.0: [8086:7000] type 00 class 0x060100
[    1.171989] pci 0000:00:01.1: [8086:7010] type 00 class 0x010180
[    1.174873] pci 0000:00:01.1: reg 0x20: [io  0xc0e0-0xc0ef]
[    1.177724] pci 0000:00:01.1: legacy IDE quirk: reg 0x10: [io  0x01f0-0x01f7]
[    1.179807] pci 0000:00:01.1: legacy IDE quirk: reg 0x14: [io  0x03f6]
[    1.180228] pci 0000:00:01.1: legacy IDE quirk: reg 0x18: [io  0x0170-0x0177]
[    1.180523] pci 0000:00:01.1: legacy IDE quirk: reg 0x1c: [io  0x0376]
[    1.188256] pci 0000:00:01.3: [8086:7113] type 00 class 0x068000
[    1.188878] pci 0000:00:01.3: quirk: [io  0x0600-0x063f] claimed by PIIX4 ACPI
[    1.189214] pci 0000:00:01.3: quirk: [io  0x0700-0x070f] claimed by PIIX4 SMB
[    1.190039] pci 0000:00:02.0: [1234:1111] type 00 class 0x030000
[    1.197978] pci 0000:00:02.0: reg 0x10: [mem 0xfd000000-0xfdffffff pref]
[    1.199554] pci 0000:00:02.0: reg 0x18: [mem 0xfeb90000-0xfeb90fff]
[    1.202226] pci 0000:00:02.0: reg 0x30: [mem 0xfeb80000-0xfeb8ffff pref]
[    1.207322] pci 0000:00:02.0: Video device with shadowed ROM at [mem 0x000c0000-0x000dffff]
[    1.213876] pci 0000:00:03.0: [1af4:1000] type 00 class 0x020000
[    1.215159] pci 0000:00:03.0: reg 0x10: [io  0xc080-0xc09f]
[    1.217711] pci 0000:00:03.0: reg 0x20: [mem 0xfe000000-0xfe003fff 64bit pref]
[    1.219030] pci 0000:00:03.0: reg 0x30: [mem 0xfea80000-0xfeafffff pref]
[    1.229559] pci 0000:00:04.0: [1af4:1005] type 00 class 0x00ff00
[    1.230385] pci 0000:00:04.0: reg 0x10: [io  0xc0a0-0xc0bf]
[    1.231272] pci 0000:00:04.0: reg 0x14: [mem 0xfeb91000-0xfeb91fff]
[    1.234427] pci 0000:00:04.0: reg 0x20: [mem 0xfe004000-0xfe007fff 64bit pref]
[    1.240231] pci 0000:00:05.0: [1af4:1000] type 00 class 0x020000
[    1.242234] pci 0000:00:05.0: reg 0x10: [io  0xc0c0-0xc0df]
[    1.243316] pci 0000:00:05.0: reg 0x14: [mem 0xfeb92000-0xfeb92fff]
[    1.245112] pci 0000:00:05.0: reg 0x20: [mem 0xfe008000-0xfe00bfff 64bit pref]
[    1.246969] pci 0000:00:05.0: reg 0x30: [mem 0xfeb00000-0xfeb7ffff pref]
[    1.250953] pci 0000:00:06.0: [1af4:1001] type 00 class 0x010000
[    1.251789] pci 0000:00:06.0: reg 0x10: [io  0xc000-0xc07f]
[    1.252618] pci 0000:00:06.0: reg 0x14: [mem 0xfeb93000-0xfeb93fff]
[    1.259189] pci 0000:00:06.0: reg 0x20: [mem 0xfe00c000-0xfe00ffff 64bit pref]
[    1.267661] ACPI: PCI: Interrupt link LNKA configured for IRQ 10
[    1.268564] ACPI: PCI: Interrupt link LNKB configured for IRQ 10
[    1.269546] ACPI: PCI: Interrupt link LNKC configured for IRQ 11
[    1.270332] ACPI: PCI: Interrupt link LNKD configured for IRQ 11
[    1.270770] ACPI: PCI: Interrupt link LNKS configured for IRQ 9
[    1.274048] iommu: Default domain type: Translated
[    1.274289] iommu: DMA domain TLB invalidation policy: lazy mode
[    1.279405] SCSI subsystem initialized
[    1.281320] ACPI: bus type USB registered
[    1.281868] usbcore: registered new interface driver usbfs
[    1.282359] usbcore: registered new interface driver hub
[    1.282753] usbcore: registered new device driver usb
[    1.288950] pps_core: LinuxPPS API ver. 1 registered
[    1.289170] pps_core: Software ver. 5.3.6 - Copyright 2005-2007 Rodolfo Giometti <giometti@linux.it>
[    1.289594] PTP clock support registered
[    1.305012] PCI: Using ACPI for IRQ routing
[    1.307914] hpet0: at MMIO 0xfed00000, IRQs 2, 8, 0
[    1.308221] hpet0: 3 comparators, 64-bit 100.000000 MHz counter
[    1.313426] clocksource: Switched to clocksource tsc-early
[    1.316012] pnp: PnP ACPI init
[    1.316012] pnp: PnP ACPI: found 6 devices
[    1.329382] clocksource: acpi_pm: mask: 0xffffff max_cycles: 0xffffff, max_idle_ns: 2085701024 ns
[    1.330407] NET: Registered PF_INET protocol family
[    1.332100] IP idents hash table entries: 2048 (order: 2, 16384 bytes, linear)
[    1.338652] tcp_listen_portaddr_hash hash table entries: 256 (order: 0, 4096 bytes, linear)
[    1.340563] Table-perturb hash table entries: 65536 (order: 6, 262144 bytes, linear)
[    1.340938] TCP established hash table entries: 1024 (order: 1, 8192 bytes, linear)
[    1.341533] TCP bind hash table entries: 1024 (order: 3, 32768 bytes, linear)
[    1.351260] TCP: Hash tables configured (established 1024 bind 1024)
[    1.353304] MPTCP token hash table entries: 256 (order: 1, 6144 bytes, linear)
[    1.353864] UDP hash table entries: 256 (order: 1, 8192 bytes, linear)
[    1.354340] UDP-Lite hash table entries: 256 (order: 1, 8192 bytes, linear)
[    1.363639] NET: Registered PF_UNIX/PF_LOCAL protocol family
[    1.364844] pci_bus 0000:00: resource 4 [io  0x0000-0x0cf7 window]
[    1.365108] pci_bus 0000:00: resource 5 [io  0x0d00-0xffff window]
[    1.365352] pci_bus 0000:00: resource 6 [mem 0x000a0000-0x000bffff window]
[    1.373221] pci_bus 0000:00: resource 7 [mem 0x08000000-0xfebfffff window]
[    1.373623] pci_bus 0000:00: resource 8 [mem 0x100000000-0x17fffffff window]
[    1.374376] pci 0000:00:01.0: PIIX3: Enabling Passive Release
[    1.374737] pci 0000:00:00.0: Limiting direct PCI/PCI transfers
[    1.384427] PCI: CLS 0 bytes, default 64
[    1.417467] workingset: timestamp_bits=46 max_order=15 bucket_order=0
[    1.419576] squashfs: version 4.0 (2009/01/31) Phillip Lougher
[    1.422479] Block layer SCSI generic (bsg) driver version 0.4 loaded (major 247)
[    1.426035] hv_vmbus: registering driver hyperv_fb
[    1.431680] input: Power Button as /devices/LNXSYSTM:00/LNXPWRBN:00/input/input0
[    1.444708] ACPI: button: Power Button [PWRF]
[    1.634561] ACPI: \_SB_.LNKC: Enabled at IRQ 11
[    1.817729] ACPI: \_SB_.LNKD: Enabled at IRQ 10
[    1.998842] ACPI: \_SB_.LNKA: Enabled at IRQ 10
[    2.181090] ACPI: \_SB_.LNKB: Enabled at IRQ 11
[    2.182930] Serial: 8250/16550 driver, 16 ports, IRQ sharing enabled
[    2.207576] 00:04: ttyS0 at I/O 0x3f8 (irq = 4, base_baud = 115200) is a 16550A
[    2.251773] Non-volatile memory driver v1.3
[    2.263372] Linux agpgart interface v0.103
[    2.264282] AMD-Vi: AMD IOMMUv2 functionality not available on this system - This is not a bug.
[    2.264955] ACPI: bus type drm_connector registered
[    2.267271] [drm] Found bochs VGA, ID 0xb0c5.
[    2.267512] [drm] Framebuffer size 16384 kB @ 0xfd000000, mmio @ 0xfeb90000.
[    2.281945] [drm] Found EDID data blob.
[    2.287363] [drm] Initialized bochs-drm 1.0.0 20130925 for 0000:00:02.0 on minor 0
[    2.356459] Console: switching to colour frame buffer device 160x50
[    2.365841] bochs-drm 0000:00:02.0: [drm] fb0: bochs-drmdrmfb frame buffer device
[    2.406520] loop: module loaded
[    2.407337] virtio_blk virtio3: 1/0/0 default/read/poll queues
[    2.411290] tsc: Refined TSC clocksource calibration: 2445.407 MHz
[    2.411989] clocksource: tsc: mask: 0xffffffffffffffff max_cycles: 0x233fc5d459f, max_idle_ns: 440795273666 ns
[    2.417492] clocksource: Switched to clocksource tsc
[    2.420107] virtio_blk virtio3: [vda] 246784 512-byte logical blocks (126 MB/121 MiB)
[    2.428878]  vda: vda1 vda2
[    2.432404] Guest personality initialized and is inactive
[    2.433152] VMCI host device registered (name=vmci, major=10, minor=256)
[    2.433464] Initialized host personality
[    2.434400] VMware PVSCSI driver - version 1.0.7.0-k
[    2.434767] hv_vmbus: registering driver hv_storvsc
[    2.462018] scsi host0: ata_piix
[    2.465029] scsi host1: ata_piix
[    2.466078] ata1: PATA max MWDMA2 cmd 0x1f0 ctl 0x3f6 bmdma 0xc0e0 irq 14
[    2.466405] ata2: PATA max MWDMA2 cmd 0x170 ctl 0x376 bmdma 0xc0e8 irq 15
[    2.476749] VMware vmxnet3 virtual NIC driver - version 1.7.0.0-k-NAPI
[    2.477382] hv_vmbus: registering driver hv_netvsc
[    2.477838] Fusion MPT base driver 3.04.20
[    2.478019] Copyright (c) 1999-2008 LSI Corporation
[    2.478406] Fusion MPT SPI Host driver 3.04.20
[    2.487755] Fusion MPT SAS Host driver 3.04.20
[    2.489997] usbcore: registered new interface driver usb-storage
[    2.491261] i8042: PNP: PS/2 Controller [PNP0303:KBD,PNP0f13:MOU] at 0x60,0x64 irq 1,12
[    2.497286] serio: i8042 KBD port at 0x60,0x64 irq 1
[    2.500085] serio: i8042 AUX port at 0x60,0x64 irq 12
[    2.502281] hv_vmbus: registering driver hyperv_keyboard
[    2.504741] rtc_cmos 00:05: RTC can wake from S4
[    2.509948] rtc_cmos 00:05: registered as rtc0
[    2.512822] rtc_cmos 00:05: setting system clock to 2026-03-03T02:07:11 UTC (1772503631)
[    2.515332] rtc_cmos 00:05: alarms up to one day, y3k, 242 bytes nvram, hpet irqs
[    2.518259] amd_pstate: the _CPC object is not present in SBIOS or ACPI disabled
[    2.520747] sdhci: Secure Digital Host Controller Interface driver
[    2.525860] sdhci: Copyright(c) Pierre Ossman
[    2.536269] input: AT Translated Set 2 keyboard as /devices/platform/i8042/serio0/input/input1
[    2.567708] hid: raw HID events driver (C) Jiri Kosina
[    2.570570] hv_vmbus: registering driver hid_hyperv
[    2.573351] usbcore: registered new interface driver usbhid
[    2.575492] usbhid: USB HID core driver
[    2.577711] hv_utils: Registering HyperV Utility Driver
[    2.580341] hv_vmbus: registering driver hv_utils
[    2.582429] hv_vmbus: registering driver hv_balloon
[    2.585795] NET: Registered PF_INET6 protocol family
[    2.602188] Segment Routing with IPv6
[    2.604495] In-situ OAM (IOAM) with IPv6
[    2.606942] NET: Registered PF_PACKET protocol family
[    2.609543] bridge: filtering via arp/ip/ip6tables is no longer available by default. Update your scripts to load br_netfilter if you need this.
[    2.618935] 8021q: 802.1Q VLAN Support v1.8
[    2.621701] NET: Registered PF_VSOCK protocol family
[    2.631564] IPI shorthand broadcast: enabled
[    2.633749] AVX2 version of gcm_enc/dec engaged.
[    2.640291] AES CTR mode by8 optimization enabled
[    2.660424] sched_clock: Marking stable (2420052530, 239580872)->(2666489041, -6855639)
[    2.719962] ata2: found unknown device (class 0)
[    2.804511] ata2.00: ATAPI: QEMU DVD-ROM, 2.5+, max UDMA/100
[    2.813103] clk: Disabling unused clocks
[    2.834646] scsi 1:0:0:0: CD-ROM            QEMU     QEMU DVD-ROM     2.5+ PQ: 0 ANSI: 5
[    2.901946] sr 1:0:0:0: [sr0] scsi3-mmc drive: 4x/4x cd/rw xa/form2 tray
[    2.904620] cdrom: Uniform CD-ROM driver Revision: 3.20
[    2.959112] VFS: Mounted root (squashfs filesystem) readonly on device 254:2.
[    3.031128] Freeing unused kernel image (initmem) memory: 2452K
[    3.033650] Write protecting the kernel read-only data: 18432k
[    3.038088] Freeing unused kernel image (rodata/data gap) memory: 1800K
[    3.040671] Run /sbin/init as init process
[    3.304369] init: Console is alive
[    3.932370] kmodloader: loading kernel modules from /etc/modules-boot.d/*
[    3.992388] button_hotplug: loading out-of-tree module taints kernel.
[    3.999261] Button Hotplug driver version 0.4.1
[    4.022829] Intel(R) 2.5G Ethernet Linux Driver
[    4.025251] Copyright(c) 2018 Intel Corporation.
[    4.043165] igb: Intel(R) Gigabit Ethernet Network Driver
[    4.045930] igb: Copyright (c) 2007-2014 Intel Corporation.
[    4.061972] kmodloader: done loading kernel modules from /etc/modules-boot.d/*
[    4.077962] init: - preinit -
[    5.013515] 8021q: adding VLAN 0 to HW filter on device eth0
Press the [f] key and hit [enter] to enter failsafe mode
Press the [1], [2], [3] or [4] key and hit [enter] to select the debug level
[    9.705302] loop0: detected capacity change from 0 to 212992
[    9.760000] loop0: detected capacity change from 212992 to 201216
[    9.775359] mount_root: overlay filesystem in /dev/loop0 has not been formatted yet
[   10.116504] EXT4-fs (loop0): mounted filesystem b518238b-276d-465f-ae1a-36ed515e6035 r/w with ordered data mode. Quota mode: disabled.
[   10.130274] mount_root: overlay filesystem has not been fully initialized yet
[   10.148237] mount_root: switching to ext4 overlay
[   10.170103] overlayfs: null uuid detected in lower fs '/', falling back to xino=off,index=off,nfs_export=off.
[   10.891463] EXT4-fs (vda1): mounted filesystem 84173db5-fa99-e35a-95c6-28613cc79ea9 r/w without journal. Quota mode: disabled.
[   10.915681] urandom-seed: Seed file not found (/etc/urandom.seed)
[   11.057392] procd: - early -
[   11.848270] procd: - ubus -
[   12.038696] procd: - init -
Please press Enter to activate this console.
root
login[1003]: root login on 'ttyS0'


BusyBox v1.36.1 (2026-03-01 10:21:05 UTC) built-in shell (ash)

  _______                     ________        __
 |       |.-----.-----.-----.|  |  |  |.----.|  |_
 |   -   ||  _  |  -__|     ||  |  |  ||   _||   _|
 |_______||   __|_____|__|__||________||__|  |____|
          |__| W I R E L E S S   F R E E D O M
 -----------------------------------------------------
 OpenWrt 24.10-SNAPSHOT, r29117-f7005097ae
 -----------------------------------------------------
=== WARNING! =====================================
There is no root password defined on this device!
Use the "passwd" command to set up a new password
in order to prevent unauthorized SSH logins.
--------------------------------------------------
root@(none):~# dmesg -n 1
root@(none):~# echo 'PAKZ''TTSPBL'
PAKZTTSPBL
root@(none):~# run() { echo -n "$MARKER"; sh -c "$@"; echo "$MARKER $?"; }
root@(none):~# echo 'OAPY''WXKVLE'
OAPYWXKVLE
root@(none):~# MARKER='CUFU''WKWCSB' run 'ubus wait_for network.interface.lan'
CUFUWKWCSBCUFUWKWCSB 0
root@OpenWrt:~# echo 'EOZC''COTEOW'
EOZCCOTEOW
root@OpenWrt:~# MARKER='YSZE''TCCLXZ' run 'ubus call network.interface.lan statu
s '"'"'{}'"'"''
YSZETCCLXZ{
	"up": true,
	"pending": false,
	"available": true,
	"autostart": true,
	"dynamic": false,
	"uptime": 0,
	"l3_device": "br-lan",
	"proto": "static",
	"device": "br-lan",
	"updated": [
		"addresses"
	],
	"metric": 0,
	"dns_metric": 0,
	"delegation": true,
	"ipv4-address": [
		{
			"address": "192.168.1.1",
			"mask": 24
		}
	],
	"ipv6-address": [
		
	],
	"ipv6-prefix": [
		
	],
	"ipv6-prefix-assignment": [
		{
			"address": "fd07:4ab9:87e1::",
			"mask": 60,
			"local-address": {
				"address": "fd07:4ab9:87e1::1",
				"mask": 60
			}
		}
	],
	"route": [
		
	],
	"dns-server": [
		
	],
	"dns-search": [
		
	],
	"neighbors": [
		
	],
	"inactive": {
		"ipv4-address": [
			
		],
		"ipv6-address": [
			
		],
		"route": [
			
		],
		"dns-server": [
			
		],
		"dns-search": [
			
		],
		"neighbors": [
			
		]
	},
	"data": {
		
	}
}
YSZETCCLXZ 0
root@OpenWrt:~# echo 'NPSB''JSAYGM'
NPSBJSAYGM
root@OpenWrt:~# MARKER='BSKG''LNEFHN' run true
BSKGLNEFHNBSKGLNEFHN 0
root@OpenWrt:~# echo 'VBEY''ZVQOTY'
VBEYZVQOTY
root@OpenWrt:~# MARKER='BUHY''BCJOWW' run 'source /etc/os-release; echo $BUILD_I
D'
BUHYBCJOWWr29117-f7005097ae
BUHYBCJOWW 0
root@OpenWrt:~# echo 'ELKM''ECBHFA'
ELKMECBHFA
root@OpenWrt:~# MARKER='OEJB''MVAKQL' run 'ls /etc/dropbear/dropbear_rsa_host_ke
y'
OEJBMVAKQL[0;0m/etc/dropbear/dropbear_rsa_host_key[m
OEJBMVAKQL 0
root@OpenWrt:~# echo 'GCVL''YZVUCU'
GCVLYZVUCU
root@OpenWrt:~# MARKER='VSTW''VSEOOC' run 'netstat -tlpn | grep 0.0.0.0:22'
VSTWVSEOOCnetstat: showing only processes with your user ID
tcp        0      0 0.0.0.0:22              0.0.0.0:*               LISTEN      1744/dropbear
VSTWVSEOOC 0
root@OpenWrt:~# echo 'BFLL''WNOZTM'
BFLLWNOZTM
root@OpenWrt:~# MARKER='FTYC''HQVEXW' run 'dmesg | grep br-lan | grep forwarding
'
FTYCHQVEXW[   31.008039] br-lan: port 1(eth0) entered forwarding state
FTYCHQVEXW 0
root@OpenWrt:~# echo 'LVCA''PPVGFM'
LVCAPPVGFM
root@OpenWrt:~# MARKER='WFXC''CKBWJC' run 'ubus call network.interface.lan statu
s '"'"'{}'"'"''
WFXCCKBWJC{
	"up": true,
	"pending": false,
	"available": true,
	"autostart": true,
	"dynamic": false,
	"uptime": 8,
	"l3_device": "br-lan",
	"proto": "static",
	"device": "br-lan",
	"updated": [
		"addresses"
	],
	"metric": 0,
	"dns_metric": 0,
	"delegation": true,
	"ipv4-address": [
		{
			"address": "192.168.1.1",
			"mask": 24
		}
	],
	"ipv6-address": [
		
	],
	"ipv6-prefix": [
		
	],
	"ipv6-prefix-assignment": [
		{
			"address": "fd07:4ab9:87e1::",
			"mask": 60,
			"local-address": {
				"address": "fd07:4ab9:87e1::1",
				"mask": 60
			}
		}
	],
	"route": [
		
	],
	"dns-server": [
		
	],
	"dns-search": [
		
	],
	"neighbors": [
		
	],
	"inactive": {
		"ipv4-address": [
			
		],
		"ipv6-address": [
			
		],
		"route": [
			
		],
		"dns-server": [
			
		],
		"dns-search": [
			
		],
		"neighbors": [
			
		]
	},
	"data": {
		
	}
}
WFXCCKBWJC 0
root@OpenWrt:~# echo 'LXSU''MQNAXF'
LXSUMQNAXF
root@OpenWrt:~# MARKER='GVZO''QZUMLG' run 'ip -o addr show dev br-lan'
GVZOQZUMLG4: br-lan    inet 192.168.1.1/24 brd 192.168.1.255 scope global br-lan\       valid_lft forever preferred_lft forever
4: br-lan    inet6 fd07:4ab9:87e1::1/60 scope global noprefixroute \       valid_lft forever preferred_lft forever
4: br-lan    inet6 fe80::5054:ff:fe12:3456/64 scope link \       valid_lft forever preferred_lft forever
GVZOQZUMLG 0
root@OpenWrt:~# echo 'JUVZ''QCSNJK'
JUVZQCSNJK
root@OpenWrt:~# MARKER='KXKB''TUXNCQ' run 'ubus call network.interface.wan statu
s '"'"'{}'"'"''
KXKBTUXNCQ{
	"up": true,
	"pending": false,
	"available": true,
	"autostart": true,
	"dynamic": false,
	"uptime": 7,
	"l3_device": "eth1",
	"proto": "dhcp",
	"device": "eth1",
	"updated": [
		"addresses",
		"routes",
		"data"
	],
	"metric": 0,
	"dns_metric": 0,
	"delegation": true,
	"ipv4-address": [
		{
			"address": "10.0.2.15",
			"mask": 24
		}
	],
	"ipv6-address": [
		
	],
	"ipv6-prefix": [
		
	],
	"ipv6-prefix-assignment": [
		
	],
	"route": [
		{
			"target": "0.0.0.0",
			"mask": 0,
			"nexthop": "10.0.2.2",
			"source": "10.0.2.15/32"
		}
	],
	"dns-server": [
		"10.0.2.3"
	],
	"dns-search": [
		
	],
	"neighbors": [
		
	],
	"inactive": {
		"ipv4-address": [
			
		],
		"ipv6-address": [
			
		],
		"route": [
			
		],
		"dns-server": [
			
		],
		"dns-search": [
			
		],
		"neighbors": [
			
		]
	},
	"data": {
		"dhcpserver": "10.0.2.2",
		"leasetime": 86400
	}
}
KXKBTUXNCQ 0
root@OpenWrt:~# 