Labgrid Console Logfile for main
Logfile started at 2026-03-01 03:02:02.089386
=== Log starts here ===
c[?7l[2J[0mSeaBIOS (version 1.16.3-debian-1.16.3-2)


iPXE (https://ipxe.org) 00:03.0 CA00 PCI2.10 PnP PMM+06FCAE70+06F0AE70 CA00
Press Ctrl-B to configure iPXE (PCI 00:03.0)...                                                                               




iPXE (https://ipxe.org) 00:05.0 CB00 PCI2.10 PnP PMM 06FCAE70 06F0AE70 CB00
Press Ctrl-B to configure iPXE (PCI 00:05.0)...                                                                               


Booting from Hard Disk...
GRUB loading.....
[0;30;47mWelcome to[16;10H[16;11H GRUB![01;01H[0m[2J[H[J[1;1H[?25l[m[H[J[1;1H[2;30HGNU GRUB  version 2.12

[m[4;2H+----------------------------------------------------------------------------+[5;2H|[5;79H|[6;2H|[6;79H|[7;2H|[7;79H|[8;2H|[8;79H|[9;2H|[9;79H|[10;2H|[10;79H|[11;2H|[11;79H|[12;2H|[12;79H|[13;2H|[13;79H|[14;2H|[14;79H|[15;2H|[15;79H|[16;2H+----------------------------------------------------------------------------+[m[17;2H[18;2H[m     Use the ^ and v keys to select which entry is highlighted.          
      Press enter to boot the selected OS, `e' to edit the commands       
      before booting or `c' for a command-line. ESC to return             
      previous menu.                                                      [5;80H [7m[5;3H*OpenWrt                                                                    [m[5;78H[m[m[6;3H OpenWrt (failsafe)                                                         [m[6;78H[m[m[7;3H                                                                            [m[7;78H[m[m[8;3H                                                                            [m[8;78H[m[m[9;3H                                                                            [m[9;78H[m[m[10;3H                                                                            [m[10;78H[m[m[11;3H                                                                            [m[11;78H[m[m[12;3H                                                                            [m[12;78H[m[m[13;3H                                                                            [m[13;78H[m[m[14;3H                                                                            [m[14;78H[m[m[15;3H                                                                            [m[15;78H[m[15;80H [5;78H[2J[02;30HGNU GRUB  version 2.12[04;02H┌────────────────────────────────────────────────────────────────────────────┐[05;02H│[05;79H│[06;02H│[06;79H│[07;02H│[07;79H│[08;02H│[08;79H│[09;02H│[09;79H│[10;02H│[10;79H│[11;02H│[11;79H│[12;02H│[12;79H│[13;02H│[13;79H│[14;02H│[14;79H│[15;02H│[15;79H│[16;02H│[16;79H│[17;02H└────────────────────────────────────────────────────────────────────────────┘[19;02H     Use the ↑ and ↓ keys to select which entry [19;49H[19;50His highlighted.          
      Press enter to boot the selected OS, `e' to edit the commands       
      before booting or `c' for a command-line. ESC to return             
      previous menu.                                                      [05;80H [05;03H[0;30;47m*OpenWrt                                                                    [06;03H[0m OpenWrt (failsafe)                                                    [06;73H[06;74H     [07;03H                                                                            [08;03H                                                                            [09;03H                                           [09;45H[09;46H                                 [10;03H                                                                            [11;03H                                                                            [12;03H              [12;16H[12;17H                                                              [13;03H                                                                            [14;03H                                                                            [15;03H                                                                            [16;03H                                                                            [16;80H 






   The highlighted entry will[23;29H[23;30H be executed automatically in 5s.                [22;1H   The highlighted entry will be executed automatically in 5s.                 [5;78H [05;78H

















   The highlighted entry will be executed automatically in 4s.                [22;1H   The highlighted entry will be executed automatically in 4s.                 [5;78H [05;78H

















   The highlighted entry will be executed automatically in 3s.                [22;1H   The highlighted entry will be executed automatically in 3s.                 [5;78H [05;78H

















   The highlighted entry will be executed automatically in 2s.                [22;1H   The highlighted entry will be executed automatically in 2s.                 [5;78H [05;78H

















   The highlighted entry will be executed automatically in 1s.                [22;1H   The highlighted entry will be executed automatically in 1s.                 [5;78H [05;78H

















   The highlighted entry will [23;30H[23;31Hbe executed automatically in 0s.                [22;1H   The highlighted entry will be executed automatically in 0s.                 [5;78H [01;01H[2J[?25h[H[J[1;1H[H[J[1;1H[2J   Booting `OpenWrt' Booting `OpenWrt

'

[    0.000000] Linux version 6.6.122 (builder@buildhost) (x86_64-openwrt-linux-musl-gcc (OpenWrt GCC 13.3.0 r29115-1bd47397ae) 13.3.0, GNU ld (GNU Binutils) 2.42) #0 SMP Sat Feb 28 15:49:24 2026
[    0.000000] Command line: BOOT_IMAGE=/boot/vmlinuz root=PARTUUID=13ec0fd3-02 rootwait console=tty1 console=ttyS0,115200n8 noinitrd
[    0.000000] BIOS-provided physical RAM map:
[    0.000000] BIOS-e820: [mem 0x0000000000000000-0x000000000009fbff] usable
[    0.000000] BIOS-e820: [mem 0x000000000009fc00-0x000000000009ffff] reserved
[    0.000000] BIOS-e820: [mem 0x00000000000f0000-0x00000000000fffff] reserved
[    0.000000] BIOS-e820: [mem 0x0000000000100000-0x0000000007fdcfff] usable
[    0.000000] BIOS-e820: [mem 0x0000000007fdd000-0x0000000007ffffff] reserved
[    0.000000] BIOS-e820: [mem 0x00000000fffc0000-0x00000000ffffffff] reserved
[    0.000000] BIOS-e820: [mem 0x000000fd00000000-0x000000ffffffffff] reserved
[    0.000000] NX (Execute Disable) protection: active
[    0.000000] APIC: Static calls initialized
[    0.000000] SMBIOS 3.0.0 present.
[    0.000000] DMI: QEMU Standard PC (i440FX + PIIX, 1996), BIOS 1.16.3-debian-1.16.3-2 04/01/2014
[    0.000000] tsc: Fast TSC calibration using PIT
[    0.000000] tsc: Detected 2793.447 MHz processor
[    0.007948] last_pfn = 0x7fdd max_arch_pfn = 0x400000000
[    0.008576] MTRR map: 4 entries (3 fixed + 1 variable; max 19), built from 8 variable MTRRs
[    0.008751] x86/PAT: Configuration [0-7]: WB  WC  UC- UC  WB  WP  UC- WT  
[    0.026183] found SMP MP-table at [mem 0x000f5460-0x000f546f]
[    0.027504] Using GB pages for direct mapping
[    0.031074] ACPI: Early table checksum verification disabled
[    0.031401] ACPI: RSDP 0x00000000000F5290 000014 (v00 BOCHS )
[    0.031699] ACPI: RSDT 0x0000000007FE1C64 000034 (v01 BOCHS  BXPC     00000001 BXPC 00000001)
[    0.032228] ACPI: FACP 0x0000000007FE1B18 000074 (v01 BOCHS  BXPC     00000001 BXPC 00000001)
[    0.032896] ACPI: DSDT 0x0000000007FE0040 001AD8 (v01 BOCHS  BXPC     00000001 BXPC 00000001)
[    0.033000] ACPI: FACS 0x0000000007FE0000 000040
[    0.033053] ACPI: APIC 0x0000000007FE1B8C 000078 (v03 BOCHS  BXPC     00000001 BXPC 00000001)
[    0.033082] ACPI: HPET 0x0000000007FE1C04 000038 (v01 BOCHS  BXPC     00000001 BXPC 00000001)
[    0.033107] ACPI: WAET 0x0000000007FE1C3C 000028 (v01 BOCHS  BXPC     00000001 BXPC 00000001)
[    0.033192] ACPI: Reserving FACP table memory at [mem 0x7fe1b18-0x7fe1b8b]
[    0.033240] ACPI: Reserving DSDT table memory at [mem 0x7fe0040-0x7fe1b17]
[    0.033249] ACPI: Reserving FACS table memory at [mem 0x7fe0000-0x7fe003f]
[    0.033255] ACPI: Reserving APIC table memory at [mem 0x7fe1b8c-0x7fe1c03]
[    0.033261] ACPI: Reserving HPET table memory at [mem 0x7fe1c04-0x7fe1c3b]
[    0.033267] ACPI: Reserving WAET table memory at [mem 0x7fe1c3c-0x7fe1c63]
[    0.036282] Zone ranges:
[    0.036317]   DMA      [mem 0x0000000000001000-0x0000000000ffffff]
[    0.036397]   DMA32    [mem 0x0000000001000000-0x0000000007fdcfff]
[    0.036410]   Normal   empty
[    0.036433] Movable zone start for each node
[    0.036460] Early memory node ranges
[    0.036489]   node   0: [mem 0x0000000000001000-0x000000000009efff]
[    0.036533]   node   0: [mem 0x0000000000100000-0x0000000007fdcfff]
[    0.036642] Initmem setup node 0 [mem 0x0000000000001000-0x0000000007fdcfff]
[    0.037489] On node 0, zone DMA: 1 pages in unavailable ranges
[    0.037863] On node 0, zone DMA: 97 pages in unavailable ranges
[    0.038969] On node 0, zone DMA32: 35 pages in unavailable ranges
[    0.039297] ACPI: PM-Timer IO Port: 0x608
[    0.039648] ACPI: LAPIC_NMI (acpi_id[0xff] dfl dfl lint[0x1])
[    0.040064] IOAPIC[0]: apic_id 0, version 32, address 0xfec00000, GSI 0-23
[    0.040169] ACPI: INT_SRC_OVR (bus 0 bus_irq 0 global_irq 2 dfl dfl)
[    0.040412] ACPI: INT_SRC_OVR (bus 0 bus_irq 5 global_irq 5 high level)
[    0.040466] ACPI: INT_SRC_OVR (bus 0 bus_irq 9 global_irq 9 high level)
[    0.040554] ACPI: INT_SRC_OVR (bus 0 bus_irq 10 global_irq 10 high level)
[    0.040564] ACPI: INT_SRC_OVR (bus 0 bus_irq 11 global_irq 11 high level)
[    0.040753] ACPI: Using ACPI (MADT) for SMP configuration information
[    0.040805] ACPI: HPET id: 0x8086a201 base: 0xfed00000
[    0.041083] smpboot: Allowing 1 CPUs, 0 hotplug CPUs
[    0.042480] [mem 0x08000000-0xfffbffff] available for PCI devices
[    0.042533] Booting paravirtualized kernel on bare hardware
[    0.042831] clocksource: refined-jiffies: mask: 0xffffffff max_cycles: 0xffffffff, max_idle_ns: 19112604462750000 ns
[    0.043436] setup_percpu: NR_CPUS:512 nr_cpumask_bits:1 nr_cpu_ids:1 nr_node_ids:1
[    0.045036] percpu: Embedded 48 pages/cpu s158248 r8192 d30168 u2097152
[    0.047372] Kernel command line: BOOT_IMAGE=/boot/vmlinuz root=PARTUUID=13ec0fd3-02 rootwait console=tty1 console=ttyS0,115200n8 noinitrd
[    0.048982] random: crng init done
[    0.053195] Dentry cache hash table entries: 16384 (order: 5, 131072 bytes, linear)
[    0.054040] Inode-cache hash table entries: 8192 (order: 4, 65536 bytes, linear)
[    0.056570] Built 1 zonelists, mobility grouping on.  Total pages: 31965
[    0.056803] mem auto-init: stack:off, heap alloc:off, heap free:off
[    0.060624] Memory: 102576K/130540K available (14336K kernel code, 1169K rwdata, 2296K rodata, 2452K init, 2408K bss, 27708K reserved, 0K cma-reserved)
[    0.066480] SLUB: HWalign=64, Order=0-3, MinObjects=0, CPUs=1, Nodes=1
[    0.074078] rcu: Hierarchical RCU implementation.
[    0.074110] rcu: 	RCU restricting CPUs from NR_CPUS=512 to nr_cpu_ids=1.
[    0.074222] 	Tracing variant of Tasks RCU enabled.
[    0.074307] rcu: RCU calculated value of scheduler-enlistment delay is 10 jiffies.
[    0.074333] rcu: Adjusting geometry for rcu_fanout_leaf=16, nr_cpu_ids=1
[    0.075453] NR_IRQS: 33024, nr_irqs: 256, preallocated irqs: 16
[    0.084464] rcu: srcu_init: Setting srcu_struct sizes based on contention.
[    0.091246] Console: colour VGA+ 80x25
[    0.091548] printk: console [tty1] enabled
[    0.099315] printk: console [ttyS0] enabled
[    0.326301] ACPI: Core revision 20230628
[    0.331538] clocksource: hpet: mask: 0xffffffff max_cycles: 0xffffffff, max_idle_ns: 19112604467 ns
[    0.341376] APIC: Switch to symmetric I/O mode setup
[    0.346007] ..TIMER: vector=0x30 apic1=0 pin1=2 apic2=-1 pin2=-1
[    0.388133] clocksource: tsc-early: mask: 0xffffffffffffffff max_cycles: 0x2844122b93a, max_idle_ns: 440795215498 ns
[    0.388698] Calibrating delay loop (skipped), value calculated using timer frequency.. 5586.89 BogoMIPS (lpj=27934470)
[    0.390312] x86/cpu: User Mode Instruction Prevention (UMIP) activated
[    0.405278] Last level iTLB entries: 4KB 0, 2MB 0, 4MB 0
[    0.405639] Last level dTLB entries: 4KB 0, 2MB 0, 4MB 0, 1GB 0
[    0.406010] Spectre V1 : Mitigation: usercopy/swapgs barriers and __user pointer sanitization
[    0.409174] Spectre V2 : Mitigation: Retpolines
[    0.410042] Spectre V2 : Spectre v2 / SpectreRSB: Filling RSB on context switch and VMEXIT
[    0.410539] Speculative Store Bypass: Vulnerable
[    0.413067] x86/fpu: Supporting XSAVE feature 0x001: 'x87 floating point registers'
[    0.417567] x86/fpu: Supporting XSAVE feature 0x002: 'SSE registers'
[    0.419812] x86/fpu: Supporting XSAVE feature 0x004: 'AVX registers'
[    0.420004] x86/fpu: Supporting XSAVE feature 0x008: 'MPX bounds registers'
[    0.420193] x86/fpu: Supporting XSAVE feature 0x010: 'MPX CSR'
[    0.428975] x86/fpu: xstate_offset[2]:  576, xstate_sizes[2]:  256
[    0.429319] x86/fpu: xstate_offset[3]:  960, xstate_sizes[3]:   64
[    0.429509] x86/fpu: xstate_offset[4]: 1024, xstate_sizes[4]:   64
[    0.429718] x86/fpu: Enabled xstate features 0x1f, context size is 1088 bytes, using 'standard' format.
[    0.739002] Freeing SMP alternatives memory: 40K
[    0.740303] pid_max: default: 32768 minimum: 301
[    0.749628] Mount-cache hash table entries: 512 (order: 0, 4096 bytes, linear)
[    0.750004] Mountpoint-cache hash table entries: 512 (order: 0, 4096 bytes, linear)
[    0.898610] smpboot: CPU0: AMD QEMU TCG CPU version 2.5+ (family: 0x6, model: 0x6, stepping: 0x3)
[    0.898610] RCU Tasks Trace: Setting shift to 0 and lim to 1 rcu_task_cb_adjust=1 rcu_task_cpu_ids=1.
[    0.900625] Performance Events: PMU not available due to virtualization, using software events only.
[    0.901991] signal: max sigframe size: 1616
[    0.903473] rcu: Hierarchical SRCU implementation.
[    0.908788] rcu: 	Max phase no-delay instances is 1000.
[    0.912031] smp: Bringing up secondary CPUs ...
[    0.913982] smp: Brought up 1 node, 1 CPU
[    0.914159] smpboot: Max logical packages: 1
[    0.914394] smpboot: Total of 1 processors activated (5586.89 BogoMIPS)
[    0.938130] clocksource: jiffies: mask: 0xffffffff max_cycles: 0xffffffff, max_idle_ns: 19112604462750000 ns
[    0.939194] futex hash table entries: 256 (order: 2, 16384 bytes, linear)
[    0.940242] pinctrl core: initialized pinctrl subsystem
[    0.958007] NET: Registered PF_NETLINK/PF_ROUTE protocol family
[    0.964561] thermal_sys: Registered thermal governor 'step_wise'
[    0.964604] thermal_sys: Registered thermal governor 'user_space'
[    0.965496] cpuidle: using governor ladder
[    0.965932] cpuidle: using governor menu
[    0.970063] acpiphp: ACPI Hot Plug PCI Controller Driver version: 0.5
[    0.972782] PCI: Using configuration type 1 for base access
[    0.982074] cryptd: max_cpu_qlen set to 1000
[    0.986867] ACPI: Added _OSI(Module Device)
[    0.987050] ACPI: Added _OSI(Processor Device)
[    0.987183] ACPI: Added _OSI(Processor Aggregator Device)
[    1.001943] ACPI: 1 ACPI AML tables successfully acquired and loaded
[    1.016348] ACPI: _OSC evaluation for CPUs failed, trying _PDC
[    1.018338] ACPI: Interpreter enabled
[    1.019153] ACPI: PM: (supports S0 S5)
[    1.019343] ACPI: Using IOAPIC for interrupt routing
[    1.019917] PCI: Using host bridge windows from ACPI; if necessary, use "pci=nocrs" and report a bug
[    1.026857] PCI: Using E820 reservations for host bridge windows
[    1.028610] ACPI: Enabled 2 GPEs in block 00 to 0F
[    1.059012] ACPI: PCI Root Bridge [PCI0] (domain 0000 [bus 00-ff])
[    1.059926] acpi PNP0A03:00: _OSC: OS supports [ASPM ClockPM Segments MSI HPX-Type3]
[    1.060378] acpi PNP0A03:00: _OSC: not requesting OS control; OS requires [ExtendedConfig ASPM ClockPM MSI]
[    1.061186] acpi PNP0A03:00: fail to add MMCONFIG information, can't access extended configuration space under this bridge
[    1.073556] acpiphp: Slot [3] registered
[    1.074237] acpiphp: Slot [4] registered
[    1.074486] acpiphp: Slot [5] registered
[    1.074696] acpiphp: Slot [6] registered
[    1.078879] acpiphp: Slot [7] registered
[    1.079260] acpiphp: Slot [8] registered
[    1.079481] acpiphp: Slot [9] registered
[    1.079691] acpiphp: Slot [10] registered
[    1.079893] acpiphp: Slot [11] registered
[    1.080143] acpiphp: Slot [12] registered
[    1.090441] acpiphp: Slot [13] registered
[    1.090661] acpiphp: Slot [14] registered
[    1.090876] acpiphp: Slot [15] registered
[    1.091080] acpiphp: Slot [16] registered
[    1.091306] acpiphp: Slot [17] registered
[    1.091513] acpiphp: Slot [18] registered
[    1.091733] acpiphp: Slot [19] registered
[    1.098912] acpiphp: Slot [20] registered
[    1.099250] acpiphp: Slot [21] registered
[    1.099474] acpiphp: Slot [22] registered
[    1.099684] acpiphp: Slot [23] registered
[    1.099899] acpiphp: Slot [24] registered
[    1.100131] acpiphp: Slot [25] registered
[    1.108910] acpiphp: Slot [26] registered
[    1.109240] acpiphp: Slot [27] registered
[    1.109468] acpiphp: Slot [28] registered
[    1.109680] acpiphp: Slot [29] registered
[    1.109907] acpiphp: Slot [30] registered
[    1.110119] acpiphp: Slot [31] registered
[    1.119154] PCI host bridge to bus 0000:00
[    1.119530] pci_bus 0000:00: root bus resource [io  0x0000-0x0cf7 window]
[    1.119860] pci_bus 0000:00: root bus resource [io  0x0d00-0xffff window]
[    1.120041] pci_bus 0000:00: root bus resource [mem 0x000a0000-0x000bffff window]
[    1.128798] pci_bus 0000:00: root bus resource [mem 0x08000000-0xfebfffff window]
[    1.129096] pci_bus 0000:00: root bus resource [mem 0x100000000-0x17fffffff window]
[    1.129506] pci_bus 0000:00: root bus resource [bus 00-ff]
[    1.130981] pci 0000:00:00.0: [8086:1237] type 00 class 0x060000
[    1.150199] pci 0000:00:01.0: [8086:7000] type 00 class 0x060100
[    1.150989] pci 0000:00:01.1: [8086:7010] type 00 class 0x010180
[    1.153478] pci 0000:00:01.1: reg 0x20: [io  0xc0e0-0xc0ef]
[    1.154568] pci 0000:00:01.1: legacy IDE quirk: reg 0x10: [io  0x01f0-0x01f7]
[    1.157083] pci 0000:00:01.1: legacy IDE quirk: reg 0x14: [io  0x03f6]
[    1.157358] pci 0000:00:01.1: legacy IDE quirk: reg 0x18: [io  0x0170-0x0177]
[    1.157564] pci 0000:00:01.1: legacy IDE quirk: reg 0x1c: [io  0x0376]
[    1.168729] pci 0000:00:01.3: [8086:7113] type 00 class 0x068000
[    1.169292] pci 0000:00:01.3: quirk: [io  0x0600-0x063f] claimed by PIIX4 ACPI
[    1.169533] pci 0000:00:01.3: quirk: [io  0x0700-0x070f] claimed by PIIX4 SMB
[    1.170254] pci 0000:00:02.0: [1234:1111] type 00 class 0x030000
[    1.178640] pci 0000:00:02.0: reg 0x10: [mem 0xfd000000-0xfdffffff pref]
[    1.180132] pci 0000:00:02.0: reg 0x18: [mem 0xfeb90000-0xfeb90fff]
[    1.183606] pci 0000:00:02.0: reg 0x30: [mem 0xfeb80000-0xfeb8ffff pref]
[    1.184111] pci 0000:00:02.0: Video device with shadowed ROM at [mem 0x000c0000-0x000dffff]
[    1.189638] pci 0000:00:03.0: [1af4:1000] type 00 class 0x020000
[    1.190353] pci 0000:00:03.0: reg 0x10: [io  0xc080-0xc09f]
[    1.194287] pci 0000:00:03.0: reg 0x20: [mem 0xfe000000-0xfe003fff 64bit pref]
[    1.195109] pci 0000:00:03.0: reg 0x30: [mem 0xfea80000-0xfeafffff pref]
[    1.203785] pci 0000:00:04.0: [1af4:1005] type 00 class 0x00ff00
[    1.204694] pci 0000:00:04.0: reg 0x10: [io  0xc0a0-0xc0bf]
[    1.205606] pci 0000:00:04.0: reg 0x14: [mem 0xfeb91000-0xfeb91fff]
[    1.209742] pci 0000:00:04.0: reg 0x20: [mem 0xfe004000-0xfe007fff 64bit pref]
[    1.215481] pci 0000:00:05.0: [1af4:1000] type 00 class 0x020000
[    1.217737] pci 0000:00:05.0: reg 0x10: [io  0xc0c0-0xc0df]
[    1.219495] pci 0000:00:05.0: reg 0x14: [mem 0xfeb92000-0xfeb92fff]
[    1.223601] pci 0000:00:05.0: reg 0x20: [mem 0xfe008000-0xfe00bfff 64bit pref]
[    1.224566] pci 0000:00:05.0: reg 0x30: [mem 0xfeb00000-0xfeb7ffff pref]
[    1.228288] pci 0000:00:06.0: [1af4:1001] type 00 class 0x010000
[    1.228610] pci 0000:00:06.0: reg 0x10: [io  0xc000-0xc07f]
[    1.229688] pci 0000:00:06.0: reg 0x14: [mem 0xfeb93000-0xfeb93fff]
[    1.231723] pci 0000:00:06.0: reg 0x20: [mem 0xfe00c000-0xfe00ffff 64bit pref]
[    1.245455] ACPI: PCI: Interrupt link LNKA configured for IRQ 10
[    1.246285] ACPI: PCI: Interrupt link LNKB configured for IRQ 10
[    1.246889] ACPI: PCI: Interrupt link LNKC configured for IRQ 11
[    1.247481] ACPI: PCI: Interrupt link LNKD configured for IRQ 11
[    1.247966] ACPI: PCI: Interrupt link LNKS configured for IRQ 9
[    1.261202] iommu: Default domain type: Translated
[    1.261417] iommu: DMA domain TLB invalidation policy: lazy mode
[    1.263539] SCSI subsystem initialized
[    1.265399] ACPI: bus type USB registered
[    1.265882] usbcore: registered new interface driver usbfs
[    1.267283] usbcore: registered new interface driver hub
[    1.267778] usbcore: registered new device driver usb
[    1.268319] pps_core: LinuxPPS API ver. 1 registered
[    1.268494] pps_core: Software ver. 5.3.6 - Copyright 2005-2007 Rodolfo Giometti <giometti@linux.it>
[    1.269096] PTP clock support registered
[    1.291261] PCI: Using ACPI for IRQ routing
[    1.294336] hpet0: at MMIO 0xfed00000, IRQs 2, 8, 0
[    1.294591] hpet0: 3 comparators, 64-bit 100.000000 MHz counter
[    1.300448] clocksource: Switched to clocksource tsc-early
[    1.302896] pnp: PnP ACPI init
[    1.306898] pnp: PnP ACPI: found 6 devices
[    1.319075] clocksource: acpi_pm: mask: 0xffffff max_cycles: 0xffffff, max_idle_ns: 2085701024 ns
[    1.319970] NET: Registered PF_INET protocol family
[    1.321097] IP idents hash table entries: 2048 (order: 2, 16384 bytes, linear)
[    1.326663] tcp_listen_portaddr_hash hash table entries: 256 (order: 0, 4096 bytes, linear)
[    1.330205] Table-perturb hash table entries: 65536 (order: 6, 262144 bytes, linear)
[    1.330521] TCP established hash table entries: 1024 (order: 1, 8192 bytes, linear)
[    1.330903] TCP bind hash table entries: 1024 (order: 3, 32768 bytes, linear)
[    1.340725] TCP: Hash tables configured (established 1024 bind 1024)
[    1.343039] MPTCP token hash table entries: 256 (order: 1, 6144 bytes, linear)
[    1.343523] UDP hash table entries: 256 (order: 1, 8192 bytes, linear)
[    1.343918] UDP-Lite hash table entries: 256 (order: 1, 8192 bytes, linear)
[    1.352621] NET: Registered PF_UNIX/PF_LOCAL protocol family
[    1.353815] pci_bus 0000:00: resource 4 [io  0x0000-0x0cf7 window]
[    1.354010] pci_bus 0000:00: resource 5 [io  0x0d00-0xffff window]
[    1.354178] pci_bus 0000:00: resource 6 [mem 0x000a0000-0x000bffff window]
[    1.361793] pci_bus 0000:00: resource 7 [mem 0x08000000-0xfebfffff window]
[    1.362118] pci_bus 0000:00: resource 8 [mem 0x100000000-0x17fffffff window]
[    1.362945] pci 0000:00:01.0: PIIX3: Enabling Passive Release
[    1.363218] pci 0000:00:00.0: Limiting direct PCI/PCI transfers
[    1.372828] PCI: CLS 0 bytes, default 64
[    1.405669] workingset: timestamp_bits=46 max_order=15 bucket_order=0
[    1.409101] squashfs: version 4.0 (2009/01/31) Phillip Lougher
[    1.411653] Block layer SCSI generic (bsg) driver version 0.4 loaded (major 247)
[    1.416856] hv_vmbus: registering driver hyperv_fb
[    1.420315] input: Power Button as /devices/LNXSYSTM:00/LNXPWRBN:00/input/input0
[    1.433247] ACPI: button: Power Button [PWRF]
[    1.602628] ACPI: \_SB_.LNKC: Enabled at IRQ 11
[    1.765830] ACPI: \_SB_.LNKD: Enabled at IRQ 10
[    1.928170] ACPI: \_SB_.LNKA: Enabled at IRQ 10
[    2.090077] ACPI: \_SB_.LNKB: Enabled at IRQ 11
[    2.092526] Serial: 8250/16550 driver, 16 ports, IRQ sharing enabled
[    2.117052] 00:04: ttyS0 at I/O 0x3f8 (irq = 4, base_baud = 115200) is a 16550A
[    2.156861] Non-volatile memory driver v1.3
[    2.168555] Linux agpgart interface v0.103
[    2.169318] AMD-Vi: AMD IOMMUv2 functionality not available on this system - This is not a bug.
[    2.169851] ACPI: bus type drm_connector registered
[    2.172136] [drm] Found bochs VGA, ID 0xb0c5.
[    2.172314] [drm] Framebuffer size 16384 kB @ 0xfd000000, mmio @ 0xfeb90000.
[    2.186024] [drm] Found EDID data blob.
[    2.191711] [drm] Initialized bochs-drm 1.0.0 20130925 for 0000:00:02.0 on minor 0
[    2.250482] Console: switching to colour frame buffer device 160x50
[    2.258561] bochs-drm 0000:00:02.0: [drm] fb0: bochs-drmdrmfb frame buffer device
[    2.293053] loop: module loaded
[    2.294093] virtio_blk virtio3: 1/0/0 default/read/poll queues
[    2.298985] virtio_blk virtio3: [vda] 246784 512-byte logical blocks (126 MB/121 MiB)
[    2.307615]  vda: vda1 vda2
[    2.310941] Guest personality initialized and is inactive
[    2.311510] VMCI host device registered (name=vmci, major=10, minor=256)
[    2.311724] Initialized host personality
[    2.313000] VMware PVSCSI driver - version 1.0.7.0-k
[    2.313298] hv_vmbus: registering driver hv_storvsc
[    2.338487] scsi host0: ata_piix
[    2.341365] scsi host1: ata_piix
[    2.342373] ata1: PATA max MWDMA2 cmd 0x1f0 ctl 0x3f6 bmdma 0xc0e0 irq 14
[    2.342625] ata2: PATA max MWDMA2 cmd 0x170 ctl 0x376 bmdma 0xc0e8 irq 15
[    2.352819] VMware vmxnet3 virtual NIC driver - version 1.7.0.0-k-NAPI
[    2.353398] hv_vmbus: registering driver hv_netvsc
[    2.353962] Fusion MPT base driver 3.04.20
[    2.354121] Copyright (c) 1999-2008 LSI Corporation
[    2.354492] Fusion MPT SPI Host driver 3.04.20
[    2.363576] Fusion MPT SAS Host driver 3.04.20
[    2.365754] usbcore: registered new interface driver usb-storage
[    2.366970] i8042: PNP: PS/2 Controller [PNP0303:KBD,PNP0f13:MOU] at 0x60,0x64 irq 1,12
[    2.370154] serio: i8042 KBD port at 0x60,0x64 irq 1
[    2.370527] serio: i8042 AUX port at 0x60,0x64 irq 12
[    2.374445] hv_vmbus: registering driver hyperv_keyboard
[    2.377787] rtc_cmos 00:05: RTC can wake from S4
[    2.382801] rtc_cmos 00:05: registered as rtc0
[    2.385424] rtc_cmos 00:05: setting system clock to 2026-03-01T03:02:15 UTC (1772334135)
[    2.387698] rtc_cmos 00:05: alarms up to one day, y3k, 242 bytes nvram, hpet irqs
[    2.390291] amd_pstate: the _CPC object is not present in SBIOS or ACPI disabled
[    2.392325] sdhci: Secure Digital Host Controller Interface driver
[    2.398066] sdhci: Copyright(c) Pierre Ossman
[    2.407962] input: AT Translated Set 2 keyboard as /devices/platform/i8042/serio0/input/input1
[    2.414769] tsc: Refined TSC clocksource calibration: 2793.461 MHz
[    2.416975] clocksource: tsc: mask: 0xffffffffffffffff max_cycles: 0x28441fa0f2b, max_idle_ns: 440795319509 ns
[    2.423302] clocksource: Switched to clocksource tsc
[    2.448719] hid: raw HID events driver (C) Jiri Kosina
[    2.450989] hv_vmbus: registering driver hid_hyperv
[    2.453506] usbcore: registered new interface driver usbhid
[    2.455546] usbhid: USB HID core driver
[    2.457540] hv_utils: Registering HyperV Utility Driver
[    2.461044] hv_vmbus: registering driver hv_utils
[    2.462804] hv_vmbus: registering driver hv_balloon
[    2.465985] NET: Registered PF_INET6 protocol family
[    2.481575] Segment Routing with IPv6
[    2.483537] In-situ OAM (IOAM) with IPv6
[    2.485950] NET: Registered PF_PACKET protocol family
[    2.488247] bridge: filtering via arp/ip/ip6tables is no longer available by default. Update your scripts to load br_netfilter if you need this.
[    2.497690] 8021q: 802.1Q VLAN Support v1.8
[    2.500037] NET: Registered PF_VSOCK protocol family
[    2.508610] IPI shorthand broadcast: enabled
[    2.510574] AVX2 version of gcm_enc/dec engaged.
[    2.516634] AES CTR mode by8 optimization enabled
[    2.533802] sched_clock: Marking stable (2290085076, 243638850)->(2545141533, -11417844)
[    2.604085] ata2: found unknown device (class 0)
[    2.657732] ata2.00: ATAPI: QEMU DVD-ROM, 2.5+, max UDMA/100
[    2.665575] clk: Disabling unused clocks
[    2.686669] scsi 1:0:0:0: CD-ROM            QEMU     QEMU DVD-ROM     2.5+ PQ: 0 ANSI: 5
[    2.755576] sr 1:0:0:0: [sr0] scsi3-mmc drive: 4x/4x cd/rw xa/form2 tray
[    2.758073] cdrom: Uniform CD-ROM driver Revision: 3.20
[    2.814314] VFS: Mounted root (squashfs filesystem) readonly on device 254:2.
[    2.874837] Freeing unused kernel image (initmem) memory: 2452K
[    2.877299] Write protecting the kernel read-only data: 18432k
[    2.881642] Freeing unused kernel image (rodata/data gap) memory: 1800K
[    2.884052] Run /sbin/init as init process
[    3.151158] init: Console is alive
[    3.868590] kmodloader: loading kernel modules from /etc/modules-boot.d/*
[    3.932170] button_hotplug: loading out-of-tree module taints kernel.
[    3.940523] Button Hotplug driver version 0.4.1
[    3.962312] Intel(R) 2.5G Ethernet Linux Driver
[    3.964616] Copyright(c) 2018 Intel Corporation.
[    3.980457] igb: Intel(R) Gigabit Ethernet Network Driver
[    3.982514] igb: Copyright (c) 2007-2014 Intel Corporation.
[    3.996965] kmodloader: done loading kernel modules from /etc/modules-boot.d/*
[    4.008845] init: - preinit -
[    4.987021] 8021q: adding VLAN 0 to HW filter on device eth0
Press the [f] key and hit [enter] to enter failsafe mode
Press the [1], [2], [3] or [4] key and hit [enter] to select the debug level
[    9.656623] loop0: detected capacity change from 0 to 212992
[    9.704057] loop0: detected capacity change from 212992 to 196608
[    9.718164] mount_root: overlay filesystem in /dev/loop0 has not been formatted yet
[   10.054150] EXT4-fs (loop0): mounted filesystem 1d964e40-2d61-4133-89ab-75733abf887a r/w with ordered data mode. Quota mode: disabled.
[   10.068636] mount_root: overlay filesystem has not been fully initialized yet
[   10.087130] mount_root: switching to ext4 overlay
[   10.110014] overlayfs: null uuid detected in lower fs '/', falling back to xino=off,index=off,nfs_export=off.
[   10.850016] EXT4-fs (vda1): mounted filesystem 84173db5-fa99-e35a-95c6-28613cc79ea9 r/w without journal. Quota mode: disabled.
[   10.874275] urandom-seed: Seed file not found (/etc/urandom.seed)
[   11.024739] procd: - early -
[   11.805127] procd: - ubus -
[   12.008674] procd: - init -
Please press Enter to activate this console.
root
login[999]: root login on 'ttyS0'


BusyBox v1.36.1 (2026-02-26 12:08:02 UTC) built-in shell (ash)

  _______                     ________        __
 |       |.-----.-----.-----.|  |  |  |.----.|  |_
 |   -   ||  _  |  -__|     ||  |  |  ||   _||   _|
 |_______||   __|_____|__|__||________||__|  |____|
          |__| W I R E L E S S   F R E E D O M
 -----------------------------------------------------
 OpenWrt 24.10-SNAPSHOT, r29115-1bd47397ae
 -----------------------------------------------------
  ___   __ __                _______             __
 |   |_|__|  |--.----.-----.|   |   |-----.-----|  |--.
 |     |  |  _  |   _|  -__||       |  -__|__ --|     |
 |_____|__|_____|__| |_____||__|_|__|_____|_____|__|__|

 ------------------------------------------------------
 LiMe master development (master rev. 7929208 20260224_1303)
 ------------------------------------------------------
 https://libremesh.org
 ------------------------------------------------------

 === System Notes =================================================

 = edit via http://thisnode.info/app/#/notes or /etc/banner.notes =

=== WARNING! =====================================
There is no root password defined on this device!
Use the "passwd" command to set up a new password
in order to prevent unauthorized SSH logins.
--------------------------------------------------
root@(none):~# dmesg -n 1
root@(none):~# echo 'YZUY''ZKTAGO'
YZUYZKTAGO
root@(none):~# run() { echo -n "$MARKER"; sh -c "$@"; echo "$MARKER $?"; }
root@(none):~# echo 'LYGE''EOOWKP'
LYGEEOOWKP
root@(none):~# MARKER='YFUT''HUJJAW' run 'ubus wait_for network.interface.lan'
YFUTHUJJAW