Labgrid Console Logfile for main
Logfile started at 2026-04-25 01:50:34.690732
=== Log starts here ===
c[?7l[2J[0mSeaBIOS (version 1.16.3-debian-1.16.3-2)


iPXE (https://ipxe.org) 00:03.0 CA00 PCI2.10 PnP PMM+06FCAE70+06F0AE70 CA00
Press Ctrl-B to configure iPXE (PCI 00:03.0)...                                                                               




iPXE (https://ipxe.org) 00:05.0 CB00 PCI2.10 PnP PMM 06FCAE70 06F0AE70 CB00
Press Ctrl-B to configure iPXE (PCI 00:05.0)...                                                                               


Booting from Hard Disk...
GRUB loading.....
[0;30;47mWelcome to GRUB![01;01H[0m[2J[H[J[1;1H[?25l[m[H[J[1;1H[2;30HGNU GRUB  version 2.12

[m[4;2H+----------------------------------------------------------------------------+[5;2H|[5;79H|[6;2H|[6;79H|[7;2H|[7;79H|[8;2H|[8;79H|[9;2H|[9;79H|[10;2H|[10;79H|[11;2H|[11;79H|[12;2H|[12;79H|[13;2H|[13;79H|[14;2H|[14;79H|[15;2H|[15;79H|[16;2H+----------------------------------------------------------------------------+[m[17;2H[18;2H[m     Use the ^ and v keys to select which entry is highlighted.          
      Press enter to boot the selected OS, `e' to edit the commands       
      before booting or `c' for a command-line. ESC to return             
      previous menu.                                                      [5;80H [7m[5;3H*OpenWrt                                                                    [m[5;78H[m[m[6;3H OpenWrt (failsafe)                                                         [m[6;78H[m[m[7;3H                                                                            [m[7;78H[m[m[8;3H                                                                            [m[8;78H[m[m[9;3H                                                                            [m[9;78H[m[m[10;3H                                                                            [m[10;78H[m[m[11;3H                                                                            [m[11;78H[m[m[12;3H                                                                            [m[12;78H[m[m[13;3H                                                                            [m[13;78H[m[m[14;3H                                                                            [m[14;78H[m[m[15;3H                                                                            [m[15;78H[m[15;80H [5;78H[2J[02;30HGNU GRUB  version 2.12[04;02H┌───────────────────────────────────────────────────────────────────[04;69H[04;70H─────────┐[05;02H│[05;79H│[06;02H│[06;79H│[07;02H│[07;79H│[08;02H│[08;79H│[09;02H│[09;79H│[10;02H│[10;79H│[11;02H│[11;79H│[12;02H│[12;79H│[13;02H│[13;79H│[14;02H│[14;79H│[15;02H│[15;79H│[16;02H│[16;79H│[17;02H└────────────────────────────────────────────────────────────────────────────┘[19;02H     Use the ↑ and ↓ keys to select which entry is highlighted.          
      Press enter to boot the selected OS, `e' to edit the commands       
      before booting or `c' for a command-line. ESC to return             
      previous menu.                                                      [05;80H [05;03H[0;30;47m*OpenWrt                                                                    [06;03H[0m OpenWrt (failsafe)                                                         [07;03H                                                                            [08;03H                                                                            [09;03H                                                                     [09;71H[09;72H       [10;03H                                                                            [11;03H                                                                            [12;03H [12;03H[12;04H                                                                           [13;03H                                                                            [14;03H      [14;08H[14;09H                                                                      [15;03H                                                                            [16;03H                                                                            [16;80H 






   The highlighted entry will be executed automatically in 5s.                [22;1H   The highlighted entry will be executed automatically in 5s.                 [5;78H [05;78H

















   The highlighted entry will be executed automatically in 4s. [23;63H[23;64H               [22;1H   The highlighted entry will be executed automatically in 4s.                 [5;78H [05;78H

















   The highlighted entry will be executed automatically in 3s.                [22;1H   The highlighted entry will be executed automatically in 3s.                 [5;78H [05;78H

















   The highlighted entry will be executed automatically in 2s.                [22;1H   The highlighted entry will be executed automatically in 2s.                 [5;78H [05;78H

















   The highlighted entry will be executed automatically in 1s.                [22;1H   The highlighted entry will be executed automatically in 1s.                 [5;78H [05;78H

















   The highlighted entry will be executed automatically in 0s.                [22;1H   The highlighted entry will be executed automatically in 0s.                 [5;78H [01;01H[2J[?25h[H[J[1;1H[H[J[1;1H[2J   Booting `OpenWrt' Booting `OpenWrt

'

[    0.000000] Linux version 6.18.21 (builder@buildhost) (x86_64-openwrt-linux-musl-gcc (OpenWrt GCC 14.3.0 r34136-8ef7b4ee4b) 14.3.0, GNU ld (GNU Binutils) 2.44) #0 SMP Fri Apr 24 19:08:24 2026
[    0.000000] Command line: BOOT_IMAGE=/boot/vmlinuz root=PARTUUID=6f360ebf-02 roonoinitrd
[    0.000000] BIOS-provided physical RAM map:
[    0.000000] BIOS-e820: [mem 0x0000000000000000-0x000000000009fbff] usable
[    0.000000] BIOS-e820: [mem 0x000000000009fc00-0x000000000009ffff] reserved
[    0.000000] BIOS-e820: [mem 0x00000000000f0000-0x00000000000ffem 0x0000000000100000-0x0000000007fdcfff] usable
[    0.000000] BIOS-e820: [mem 0x0000000007fdd000-0x0000000007ffffff] reserved
[    0.000000] BIOS-e820: [mem 0x00000000fffc0000-0x00000000ffffffff] reserved
[    0.000000] BIOS-e820: [mem 0x000000fd00000000-0x000000ffffffffff] reseotection: active
[    0.000000] APIC: Static calls initialized
[    0.000000] SMBIOS 3.0.0 present.
[    0.000000] DMI: QEMU Standard PC (i440FX + PIIX, 1996), BIOS 1.16.3-debian-1.16.3-2 04/01/2014
[    0.000000] DMI: Memory slots populated: 1/1
[    0.000000] tsc: Fast TSC calibration445.416 MHz processor
[    0.008824] last_pfn = 0x7fdd max_arch_pfn = 0x10000000000
[    0.009452] MTRR map: 4 entries (3 fixed + 1 variable; max 19), built from 8 variable MTRRs
[    0.009648] x86/PAT: Configuration [0-7]: WB  WC  UC- UC  WB  WP  UC- WT  
[    0.031434] found SMP MP-ta33030] Using GB pages for direct mapping
[    0.037673] ACPI: Early table checksum verification disabled
[    0.038024] ACPI: RSDP 0x00000000000F5290 000014 (v00 BOCHS )
[    0.038332] ACPI: RSDT 0x0000000007FE1C64 000034 (v01 BOCHS  BXPC     00000001 BXPC 00000001)
[    0.0301 BOCHS  BXPC     00000001 BXPC 00000001)
[    0.039492] ACPI: DSDT 0x0000000007FE0040 001AD8 (v01 BOCHS  BXPC     00000001 BXPC 00000001)
[    0.039572] ACPI: FACS 0x0000000007FE0000 000040
[    0.039662] ACPI: APIC 0x0000000007FE1B8C 000078 (v03 BOCHS  BXPC     00000001 BXPC 00000001)
[00038 (v01 BOCHS  BXPC     00000001 BXPC 00000001)
[    0.039717] ACPI: WAET 0x0000000007FE1C3C 000028 (v01 BOCHS  BXPC     00000001 BXPC 00000001)
[    0.039798] ACPI: Reserving FACP table memory at [mem 0x7fe1b18-0x7fe1b8b]
[    0.039834] ACPI: Reserving DSDT table memory at [me Reserving FACS table memory at [mem 0x7fe0000-0x7fe003f]
[    0.039850] ACPI: Reserving APIC table memory at [mem 0x7fe1b8c-0x7fe1c03]
[    0.039856] ACPI: Reserving HPET table memory at [mem 0x7fe1c04-0x7fe1c3b]
[    0.039863] ACPI: Reserving WAET table memory at [mem 0x7fe1
[    0.063164]   DMA      [mem 0x0000000000001000-0x0000000000ffffff]
[    0.063244]   DMA32    [mem 0x0000000001000000-0x0000000007fdcfff]
[    0.063255]   Normal   empty
[    0.063275] Movable zone start for each node
[    0.063309] Early memory node ranges
[    0.06333700000009efff]
[    0.063476]   node   0: [mem 0x0000000000100000-0x0000000007fdcfff]
[    0.063637] Initmem setup node 0 [mem 0x0000000000001000-0x0000000007fdcfff]
[    0.064753] On node 0, zone DMA: 1 pages in unavailable ranges
[    0.065141] On node 0, zone DMA: 97 pages e 0, zone DMA32: 35 pages in unavailable ranges
[    0.067096] ACPI: PM-Timer IO Port: 0x608
[    0.067541] ACPI: LAPIC_NMI (acpi_id[0xff] dfl dfl lint[0x1])
[    0.067986] IOAPIC[0]: apic_id 0, version 32, address 0xfec00000, GSI 0-23
[    0.068110] ACPI: INT_SRC_OVR (bus 0 65] ACPI: INT_SRC_OVR (bus 0 bus_irq 5 global_irq 5 high level)
[    0.068424] ACPI: INT_SRC_OVR (bus 0 bus_irq 9 global_irq 9 high level)
[    0.068521] ACPI: INT_SRC_OVR (bus 0 bus_irq 10 global_irq 10 high level)
[    0.068532] ACPI: INT_SRC_OVR (bus 0 bus_irq 11 global_irqACPI (MADT) for SMP configuration information
[    0.068792] ACPI: HPET id: 0x8086a201 base: 0xfed00000
[    0.069166] CPU topo: Max. logical packages:   1
[    0.069180] CPU topo: Max. logical dies:       1
[    0.069191] CPU topo: Max. dies per package:   1
[    0.069244] 0.069399] CPU topo: Num. cores per package:     1
[    0.069416] CPU topo: Num. threads per package:   1
[    0.069426] CPU topo: Allowing 1 present CPUs plus 0 hotplug CPUs
[    0.070245] [mem 0x08000000-0xfffbffff] available for PCI devices
[    0.070308] Booting paravirtua] clocksource: refined-jiffies: mask: 0xffffffff max_cycles: 0xffffffff, max_idle_ns: 19112604462750000 ns
[    0.071142] setup_percpu: NR_CPUS:512 nr_cpumask_bits:1 nr_cpu_ids:1 nr_node_ids:1
[    0.072970] percpu: Embedded 46 pages/cpu s150552 r8192 d29672 u2097152
[    0.07mlinuz root=PARTUUID=6f360ebf-02 rootwait console=tty1 console=ttyS0,115200n8 noinitrd
[    0.076519] random: crng init done
[    0.076621] printk: log buffer data + meta data: 131072 + 458752 = 589824 bytes
[    0.076866] Dentry cache hash table entries: 16384 (order: 5, 1310e hash table entries: 8192 (order: 4, 65536 bytes, linear)
[    0.079300] Built 1 zonelists, mobility grouping on.  Total pages: 32635
[    0.079534] mem auto-init: stack:off, heap alloc:off, heap free:off
[    0.088859] SLUB: HWalign=64, Order=0-3, MinObjects=0, CPUs=1, Nodes=ementation.
[    0.097693] rcu: 	RCU restricting CPUs from NR_CPUS=512 to nr_cpu_ids=1.
[    0.097841] 	Tracing variant of Tasks RCU enabled.
[    0.097936] rcu: RCU calculated value of scheduler-enlistment delay is 10 jiffies.
[    0.097970] rcu: Adjusting geometry for rcu_f RCU Tasks Trace: Setting shift to 0 and lim to 1 rcu_task_cb_adjust=1 rcu_task_cpu_ids=1.
[    0.099456] NR_IRQS: 33024, nr_irqs: 256, preallocated irqs: 16
[    0.108910] rcu: srcu_init: Setting srcu_struct sizes based on contention.
[    0.116204] Console: colour VGA+ 80x251] enabled
[    0.124822] printk: legacy console [ttyS0] enabled
[    0.344862] ACPI: Core revision 20250807
[    0.350423] clocksource: hpet: mask: 0xffffffff max_cycles: 0xffffffff, max_idle_ns: 19112604467 ns
[    0.355203] APIC: Switch to symmetric I/O mode setup
[    0.359713] ..TIMER: vector=0x30 apic1=0 pin1=2 apic2=-1 pin2=-1
[    0.402244] clocksource: tsc-early: mask: 0xffffffffffffffff max_cycles: 0x233fce52bc0, max_idle_ns: 440795306184 ns
[    0.402916] Calibrating delay loop (skipped), value calculated using timer frequency.. 4890.83 BogoMIPS (lpj=24454160)
[    0.404782] x86/cpu: User Mode Ition (UMIP) activated
[    0.419703] Last level iTLB entries: 4KB 0, 2MB 0, 4MB 0
[    0.420047] Last level dTLB entries: 4KB 0, 2MB 0, 4MB 0, 1GB 0
[    0.423424] mitigations: Enabled attack vectors: user_kernel, user_user, guest_host, guest_guest, SMT mitigations: auto
[    0.425010] Speculative Store Bypass: Vulnerable
[    0.425537] Spectre V2 : Mitigation: Retpolines
[    0.425880] Spectre V1 : Mitigation: usercopy/swapgs barriers and __user pointer sanitization
[    0.426336] Spectre V2 : Spectre v2 / Spe and VMEXIT
[    0.435225] x86/fpu: Supporting XSAVE feature 0x001: 'x87 floating point registers'
[    0.444209] x86/fpu: Supporting XSAVE feature 0x002: 'SSE registers'
[    0.444493] x86/fpu: Supporting XSAVE feature 0x004: 'AVX registers'
[    0.444805] x86/fpu: Supporting XSAVE feature 0x008: 'MPX bounds registers'
[    0.445244] x86/fpu: Supporting XSAVE feature 0x010: 'MPX CSR'
[    0.445813] x86/fpu: xstate_offset[2]:  576, xstate_sizes[2]:  256
[    0.446197] x86/fpu: xstate_offset[3]:  960, xstate_sizes[3]:   64
[ 024, xstate_sizes[4]:   64
[    0.453000] x86/fpu: Enabled xstate features 0x1f, context size is 1088 bytes, using 'standard' format.
[    0.866756] Freeing SMP alternatives memory: 48K
[    0.868178] pid_max: default: 32768 minimum: 301
[    0.878926] Mount-cache hash table entries: 512 (order: 0, 4096 bytes, linear)
[    0.879371] Mountpoint-cache hash table entries: 512 (order: 0, 4096 bytes, linear)
[    1.031377] smpboot: CPU0: AMD QEMU TCG CPU version 2.5+ (family: 0x6, model: 0x6, stepping: 0x3)
[    1.033775] Performance Events: PMU not available due to virtualization, using software events only.
[    1.035462] signal: max sigframe size: 1616
[    1.037215] rcu: Hierarchical SRCU implementation.
[    1.037447] rcu: 	Max phase no-delay instances is 1000.
[    1.0425Bringing up secondary CPUs ...
[    1.044606] smp: Brought up 1 node, 1 CPU
[    1.044854] smpboot: Total of 1 processors activated (4890.83 BogoMIPS)
[    1.054888] Memory: 98124K/130540K available (14247K kernel code, 1176K rwdata, 5708K rodata, 2652K init, 2180K bss, 30728Keserved, 0K cma-reserved)
[    1.068879] clocksource: jiffies: mask: 0xffffffff max_cycles: 0xffffffff, max_idle_ns: 19112604462750000 ns
[    1.069767] posixtimers hash table entries: 512 (order: 1, 8192 bytes, linear)
[    1.070291] futex hash table entries: 256 (16384 bytes on 1 NUMA nodes, total 16] pinctrl core: initialized pinctrl subsystem
[    1.098719] NET: Registered PF_NETLINK/PF_ROUTE protocol family
[    1.107243] thermal_sys: Registered thermal governor 'step_wise'
[    1.107283] thermal_sys: Registered thermal governor 'user_space'
[    1.108276] cpuidle: using governor ladder
[    1.108786] cpuidle: using governor menu
[    1.110725] acpiphp: ACPI Hot Plug PCI Controller Driver version: 0.5
[    1.113532] PCI: Using configuration type 1 for base access
[    1.119340] HugeTLB: registered 2.00 MiB page size, pre-allocated 0 pages
[    1.119647] HugeTLB: 28 KiB vmemmap can be freed for a 2.0 MiB page
[    1.137824] ACPI: Added _OSI(Module Device)
[    1.138078] ACPI: Added _OSI(Processor Device)
[    1.138274] ACPI: Added _OSI(Processor Aggregator Device)
[    1.153426] ACPI: 1 ACPI AML tables successfully acquired and loaded
[    1.170051] ACPI: Interpreter enabled
[    1.170908] ACPI: PM: (supports S0 S5)
[    1.171141] ACPI: Using IOAPIC for interrupt routing
[    1.171729] PCI: Using host bridge windows from ACPI; if necessary, use "pci=nocrs" and report a bug
[    1.172113] PCI: Using E820 r
[    1.174657] ACPI: Enabled 2 GPEs in block 00 to 0F
[    1.213342] ACPI: PCI Root Bridge [PCI0] (domain 0000 [bus 00-ff])
[    1.214416] acpi PNP0A03:00: _OSC: OS supports [ASPM ClockPM Segments MSI HPX-Type3]
[    1.214871] acpi PNP0A03:00: _OSC: not requesting OS control; OS requires [ExtendedConfig ASPM ClockPM MSI]
[    1.to add MMCONFIG information, can't access extended configuration space under this bridge
[    1.227241] acpiphp: Slot [3] registered
[    1.227594] acpiphp: Slot [4] registered
[    1.227860] acpiphp: Slot [5] registered
[    1.228114] acpiphp: Slot [6] registered
[    1.228357]istered
[    1.233176] acpiphp: Slot [8] registered
[    1.233567] acpiphp: Slot [9] registered
[    1.233881] acpiphp: Slot [10] registered
[    1.234132] acpiphp: Slot [11] registered
[    1.234385] acpiphp: Slot [12] registered
[    1.234642] acpiphp: Slot [13] registered
[  d
[    1.243122] acpiphp: Slot [15] registered
[    1.243604] acpiphp: Slot [16] registered
[    1.243926] acpiphp: Slot [17] registered
[    1.244172] acpiphp: Slot [18] registered
[    1.244417] acpiphp: Slot [19] registered
[    1.244701] acpiphp: Slot [20] registered
[ ed
[    1.253121] acpiphp: Slot [22] registered
[    1.253589] acpiphp: Slot [23] registered
[    1.253946] acpiphp: Slot [24] registered
[    1.254197] acpiphp: Slot [25] registered
[    1.254475] acpiphp: Slot [26] registered
[    1.254747] acpiphp: Slot [27] registered
[ red
[    1.263149] acpiphp: Slot [29] registered
[    1.263629] acpiphp: Slot [30] registered
[    1.264117] acpiphp: Slot [31] registered
[    1.264626] PCI host bridge to bus 0000:00
[    1.265109] pci_bus 0000:00: root bus resource [io  0x0000-0x0cf7 window]
[    1.265496] p0x0d00-0xffff window]
[    1.272956] pci_bus 0000:00: root bus resource [mem 0x000a0000-0x000bffff window]
[    1.273523] pci_bus 0000:00: root bus resource [mem 0x08000000-0xfebfffff window]
[    1.273821] pci_bus 0000:00: root bus resource [mem 0x100000000-0x17fffffff window]s resource [bus 00-ff]
[    1.293355] pci 0000:00:00.0: [8086:1237] type 00 class 0x060000 conventional PCI endpoint
[    1.297630] pci 0000:00:01.0: [8086:7000] type 00 class 0x060100 conventional PCI endpoint
[    1.298552] pci 0000:00:01.1: [8086:7010] type 00 class 0x010180 conveint
[    1.303606] pci 0000:00:01.1: BAR 4 [io  0xc0e0-0xc0ef]
[    1.303902] pci 0000:00:01.1: BAR 0 [io  0x01f0-0x01f7]: legacy IDE quirk
[    1.304187] pci 0000:00:01.1: BAR 1 [io  0x03f6]: legacy IDE quirk
[    1.304439] pci 0000:00:01.1: BAR 2 [io  0x0170-0x0177]: legacy:01.1: BAR 3 [io  0x0376]: legacy IDE quirk
[    1.313761] pci 0000:00:01.3: [8086:7113] type 00 class 0x068000 conventional PCI endpoint
[    1.314426] pci 0000:00:01.3: quirk: [io  0x0600-0x063f] claimed by PIIX4 ACPI
[    1.314747] pci 0000:00:01.3: quirk: [io  0x0700-0x070f] claci 0000:00:02.0: [1234:1111] type 00 class 0x030000 conventional PCI endpoint
[    1.323977] pci 0000:00:02.0: BAR 0 [mem 0xfd000000-0xfdffffff pref]
[    1.324340] pci 0000:00:02.0: BAR 2 [mem 0xfeb90000-0xfeb90fff]
[    1.324574] pci 0000:00:02.0: ROM [mem 0xfeb80000-0xfeb8ffff pref]ideo device with shadowed ROM at [mem 0x000c0000-0x000dffff]
[    1.333769] pci 0000:00:03.0: [1af4:1000] type 00 class 0x020000 conventional PCI endpoint
[    1.335060] pci 0000:00:03.0: BAR 0 [io  0xc080-0xc09f]
[    1.335357] pci 0000:00:03.0: BAR 4 [mem 0xfe000000-0xfe003fff 640:00:03.0: ROM [mem 0xfea80000-0xfeafffff pref]
[    1.348070] pci 0000:00:04.0: [1af4:1005] type 00 class 0x00ff00 conventional PCI endpoint
[    1.353213] pci 0000:00:04.0: BAR 0 [io  0xc0a0-0xc0bf]
[    1.353453] pci 0000:00:04.0: BAR 1 [mem 0xfeb91000-0xfeb91fff]
[    1.353675].0: BAR 4 [mem 0xfe004000-0xfe007fff 64bit pref]
[    1.361508] pci 0000:00:05.0: [1af4:1000] type 00 class 0x020000 conventional PCI endpoint
[    1.362830] pci 0000:00:05.0: BAR 0 [io  0xc0c0-0xc0df]
[    1.363071] pci 0000:00:05.0: BAR 1 [mem 0xfeb92000-0xfeb92fff]
[    1.363293 BAR 4 [mem 0xfe008000-0xfe00bfff 64bit pref]
[    1.368267] pci 0000:00:05.0: ROM [mem 0xfeb00000-0xfeb7ffff pref]
[    1.372919] pci 0000:00:06.0: [1af4:1001] type 00 class 0x010000 conventional PCI endpoint
[    1.373976] pci 0000:00:06.0: BAR 0 [io  0xc000-0xc07f]
[    1.37423AR 1 [mem 0xfeb93000-0xfeb93fff]
[    1.379788] pci 0000:00:06.0: BAR 4 [mem 0xfe00c000-0xfe00ffff 64bit pref]
[    1.390130] ACPI: PCI: Interrupt link LNKA configured for IRQ 10
[    1.391391] ACPI: PCI: Interrupt link LNKB configured for IRQ 10
[    1.392125] ACPI: PCI: Interrupt link LNKC configured for IRQ 11
[    1.392841] ACPI: PCI: Interrupt link LNKD configured for IRQ 11
[    1.393306] ACPI: PCI: Interrupt link LNKS configured for IRQ 9
[   lt domain type: Translated
[    1.402014] iommu: DMA domain TLB invalidation policy: lazy mode
[    1.405919] SCSI subsystem initialized
[    1.406993] ACPI: bus type USB registered
[    1.407581] usbcore: registered new interface driver usbfs
[    1.408052] usbcore: registered new i
[    1.413445] usbcore: registered new device driver usb
[    1.414156] pps_core: LinuxPPS API ver. 1 registered
[    1.414378] pps_core: Software ver. 5.3.6 - Copyright 2005-2007 Rodolfo Giometti <giometti@linux.it>
[    1.414787] PTP clock support registered
[    1.424983] PCI: Using ACPI for IRQ routing
[    1.427322] hpet0: at MMIO 0xfed00000, IRQs 2, 8, 0
[    1.427609] hpet0: 3 comparators, 64-bit 100.000000 MHz counter
[    1.434197] clocksource: Switched to clocksource tsc-early
[    1.437923] pnp: PnP ACPI init
[    1.442036] pnp: PnP ACPI: found 6 devices
[    1.457446] clocksource: acpi_pm: mask: 0xffffff max_cycles: 0xffffff, max_idle_ns: 2085701024 ns
[    1.458830] NET: Registered PF_INET protocol family
[    1.459972] IP idents hash table entries: 2048 (order: 2, 16384 bytes, linear)
[    1.465946] tcp_listen_portaddr_hastable entries: 256 (order: 0, 4096 bytes, linear)
[    1.468416] Table-perturb hash table entries: 65536 (order: 6, 262144 bytes, linear)
[    1.468888] TCP established hash table entries: 1024 (order: 1, 8192 bytes, linear)
[    1.469345] TCP bind hash table entries: 1024 (order: 3,CP: Hash tables configured (established 1024 bind 1024)
[    1.480901] MPTCP token hash table entries: 256 (order: 1, 6144 bytes, linear)
[    1.481453] UDP hash table entries: 256 (order: 2, 16384 bytes, linear)
[    1.481906] UDP-Lite hash table entries: 256 (order: 2, 16384 bytes NET: Registered PF_UNIX/PF_LOCAL protocol family
[    1.491325] pci_bus 0000:00: resource 4 [io  0x0000-0x0cf7 window]
[    1.491601] pci_bus 0000:00: resource 5 [io  0x0d00-0xffff window]
[    1.491821] pci_bus 0000:00: resource 6 [mem 0x000a0000-0x000bffff window]
[    1.4920668000000-0xfebfffff window]
[    1.501129] pci_bus 0000:00: resource 8 [mem 0x100000000-0x17fffffff window]
[    1.502004] pci 0000:00:01.0: PIIX3: Enabling Passive Release
[    1.502308] pci 0000:00:00.0: Limiting direct PCI/PCI transfers
[    1.502658] PCI: CLS 0 bytes, default 64
[    1.525263] workingset: timestamp_bits=46 max_order=15 bucket_order=0
[    1.527803] squashfs: version 4.0 (2009/01/31) Phillip Lougher
[    1.534455] cryptd: max_cpu_qlen set to 1000
[    1.535002] Block layer SCSI generic (bsg) driver version 0.4 loaded (major 247)
[    1.541411] input: Power Button as /devices/LNXSYSTM:00/LNXPWRBN:00/input/input0
[    1.550964] ACPI: button: Power Button [PWRF]
[    1.731899] ACPI: \_SB_.LNKC: Enabled at IRQ 11
[    1.904189] ACPI: \_SB_.LNKD: Enabled at IRQ 10
[    2.073627] ACPI: \_SB_.LNKA: Enabled at IRQ 10
[    2.244284] ACPI: \_SB_.LNKB: Enabled at IRQ 11
[    2.247132] Serial: 8250/16550 driver, 16 ports, IRQ sharing enabled
[    2.272273] 00:04: ttyS0 at I/O 0x3f8 (irq = 4, base_baud = 115200) is a 16550A
[    2.296014] Non-volatile memory driver v1.3
[    2.307209] Linux agpgart interface v0.103
[    2.308288] ACPI: bus type drm_connector registered
[    2.312662] [drm] Found bochs VGA, ID 0xb0c5.
[    2.312882] [drm] Framebuffer size 16384 kB @ 0xfd000000, mmio @ 0xfeb90000.
[    2.319145] [drm] Initialized bochs-drm 1.0.0 for 0000:00:02.0 on minor 0
[    2.386468] Console: switching to colour frame buffer device 160x50
[    2.398245] bochs-drm 0000:00:02.0: [drm] fb0: bochs-drmdrmfb frame buffer device
[    2.435497] loop: module loaded
[    2.436207] virtio_blk virtio3: 1/0/0 default/read/poll queues
[    2.440734] virtio_blk virtio3: [vda] 246784 512-byte logical blocks (126 MB/121 MiB)
[    2.450021]  vda: vda1 vda2
[    2.452252] Guest personality initialized and is inactive
[    2.452870] VMCI host device registered (name=vmci, major=10, minor=256)
[    2.453124] Initialized host personality
[    2.453647] usbcore: registered new interface driver rtsx_us PVSCSI driver - version 1.0.7.0-k
[    2.477615] scsi host0: ata_piix
[    2.480262] scsi host1: ata_piix
[    2.481343] ata1: PATA max MWDMA2 cmd 0x1f0 ctl 0x3f6 bmdma 0xc0e0 irq 14 lpm-pol 0
[    2.481676] ata2: PATA max MWDMA2 cmd 0x170 ctl 0x376 bmdma 0xc0e8 irq 15 lpm-pol 0
[    2.497096] VMware vmxnet3 virtual NIC driver - version 1.9.0.0-k-NAPI
[    2.497542] Fusion MPT base driver 3.04.20
[    2.497705] Copyright (c) 1999-2008 LSI Corporation
[    2.498093] Fusion MPT SPI Host driver 3.04.20
[    2.498534] Fusion MPT SAS Host driver 3.04.20stered new interface driver usb-storage
[    2.509053] i8042: PNP: PS/2 Controller [PNP0303:KBD,PNP0f13:MOU] at 0x60,0x64 irq 1,12
[    2.512441] serio: i8042 KBD port at 0x60,0x64 irq 1
[    2.512839] serio: i8042 AUX port at 0x60,0x64 irq 12
[    2.513644] rtc_cmos 00:05: RTC can wake f
[    2.519090] rtc_cmos 00:05: registered as rtc0
[    2.521988] rtc_cmos 00:05: setting system clock to 2026-04-25T01:50:46 UTC (1777081846)
[    2.524008] rtc_cmos 00:05: alarms up to one day, y3k, 242 bytes nvram, hpet irqs
[    2.526138] intel_powerclamp: CPU does not sup
[    2.530839] amd_pstate: the _CPC object is not present in SBIOS or ACPI disabled
[    2.532801] sdhci: Secure Digital Host Controller Interface driver
[    2.534324] sdhci: Copyright(c) Pierre Ossman
[    2.536148] VUB300 Driver rom wait states = 1C irqpoll timeout = 0400
[    2.542789] input: AT Translated Set 2 keyboard as /devices/platform/i8042/serio0/input/input1
[    2.559010] usbcore: registered new interface driver vub300
[    2.560586] usbcore: registered new interface driver ushc
[    2.568046] hid: raw HID events driver (C) Jiri Kosina
[    2.570101] usbcore: registered new interface driver usbhid
[    2.571523] usbhid: USB HID core driver
[    2.574511] NET: Registered PF_INET6 protocol family
[    2.585590] tsc: Refined TSC clocksource calibration: 2445.430 MHz
[    2.587421] clocksource: tsc: mask: 0xffffffffffffffff max_cycles: 0x233fdbaba77, max_idle_ns: 440795254155 ns
[    2.589153] clocksource: Switched to clocksource tsc
[    2.597451] Segment Routing with IPv6
[    2.599154] In-situ OAM (IOAM) with IPv6
[    2.601097] NET: Registered PF_PACKET protocol family
[    2.603017] bridge: filtering via arp/ip/ip6tables is no longer available by default. Update your scripts to load br_netfilter if y
[    2.612554] 8021q: 802.1Q VLAN Support v1.8
[    2.614735] NET: Registered PF_VSOCK protocol family
[    2.622868] IPI shorthand broadcast: enabled
[    2.642447] sched_clock: Marking stable (2400077165, 233340987)->(2641591995, -8173843)
[    2.676898] ata2: found unknown device (class 0)
[    2.702468] ata2.00: ATAPI: QEMU DVD-ROM, 2.5+, max UDMA/100
[    2.743353] scsi 1:0:0:0: CD-ROM            QEMU     QEMU DVD-ROM     2.5+ PQ: 0 ANSI: 5
[    2.755091] clk: Disabling unused clocks
[    2.767911] check access for rdinit=/init failed: -2, ignoring
[    2.805322] sr 1:0:0:0: [sr0] scsi3-mmc drive: 4x/4x cd/rw xa/form2 tray
[    2.807098] cdrom: Uniform CD-ROM driver Revision: 3.20
[    2.855008] VFS: Mounted root (squashfs filesystem) readonly on device 254:2.
[    2.927831] Freeing unused kernel image (initmem) memory: 2652K
[    2.929791] Write protecting the kernel read-only data: 20480k
[    2.932386] Freeing unused kernel image (text/rodata gap) memory: 88K
[    2.934742] Freeing unused kernel image (rodata/data gap) memory: 436K
[    2.939661] Run /sbin/init as init process
[    3.274706] init: Console is alive
[    4.262689] kmodloader: loading kernel modules from /etc/modules-boot.d/*
[    4.348414] button_hotplug: loading out-of-tree module taints kernel.
[    4.354930] Button Hotplug driver version 0.4.1
[    4.379713] Intel(R) 2.5G Ethernet Linux Driver
[    4.381589] Copyright(c) 2018 Intel Corporation.
[    4.400924] igb: Intel(R) Gigabit Ethernet Network Driver
[    4.402682] igb: Copyright (c) 2007-2014 Intel Corporation.
[    4.423126] e1000e: Intel(R) PRO/1000 Network Driver
[    4.425077] e1000e: Copyright(c) 1999 - 2015 Intel Corporation.
[    4.442104] kmodloader: done loading kernel modules from /etc/modules-boot.d/*
[    4.461028] init: - preinit -
[    5.431218] 8021q: adding VLAN 0 to HW filter on device eth0
Press the [f] key and hit [enter] to enter failsafe mode
Press the [1], [2], [3] or [4] key and hit [enter] to select the debug level
[   10.073010] loop0: detected capacity change from 0 to 212992
[   10.123933] loop0: detected capacity change from 212992 to 200704
[   10.136343] mount_root: overlay filesystem in /dev/loop0 has not been formatted yet
[   10.483569] EXT4-fs (loop0): mounted filesystem d7ed4cca-628d-4eac-886f-ccbcb0137f0b r/w with ordered data mode. Quota mode: disabled.
[   10.496764] mount_root: overlay filesystem has not been fully initialized yet
[   10.514220] mount_root: switching to ext4 overlay
[   10.535340] overlayfs: null uuid detected in lower fs '/', falling back to xino=off,index=off,nfs_export=off.
[   11.209111] EXT4-fs (vda1): mounted filesystem 84173db5-fa99-e35a-95c6-28613cc79ea9 r/w without journal. Quota mode: disabled.
[   11.232621] urandom-seed: Seed file not found (/etc/urandom.seed)
[   11.381646] procd: - early -
[   12.124065] procd: - ubus -
[   12.229155] procd: - init -
Please press Enter to activate this console.
root
login[1029]: root login on 'ttyS0'


BusyBox v1.37.0 (2026-01-02 17:07:02 UTC) built-in shell (ash)

  _______                     ________        __
 |       |.-----.-----.-----.|  |  |  |.----.|  |_
 |   -   ||  _  |  -__|     ||  |  |  ||   _||   _|
 |_______||   __|_____|__|__||________||__|  |____|
          |__| W I R E L E S S   F R E E D O M
 -----------------------------------------------------
 OpenWrt SNAPSHOT, r34136-8ef7b4ee4b
 -----------------------------------------------------

 === WARNING! =====================================
 There is no root password defined on this device!
 Use the "passwd" command to set up a new password
 in order to prevent unauthorized SSH logins.
 --------------------------------------------------

root@(none):~# dmesg -n 1
root@(none):~# echo 'FPOV''BFPCGO'
FPOVBFPCGO
root@(none):~# run() { echo -n "$MARKER"; sh -c "$@"; echo "$MARKER $?"; }
root@(none):~# echo 'OMMC''YCBTWL'
OMMCYCBTWL
root@(none):~# MARKER='ASME''VVQQZX' run 'ubus wait_for network.interface.lan'
ASMEVVQQZXASMEVVQQZX 0
root@OpenWrt:~# echo 'FCWJ''NCCXUS'
FCWJNCCXUS
root@OpenWrt:~# MARKER='LNLL''PFZSJM' run 'ubus call network.interface.lan statu
s '"'"'{}'"'"''
LNLLPFZSJM{
	"up": true,
	"pending": false,
	"available": true,
	"autostart": true,
	"dynamic": false,
	"uptime": 0,
	"l3_device": "br-lan",
	"proto": "static",
	"device": "br-lan",
	"updated": [
		"addresses"
	],
	"metric": 0,
	"dns_metric": 0,
	"delegation": true,
	"ipv4-address": [
		{
			"address": "192.168.1.1",
			"mask": 24
		}
	],
	"ipv6-address": [
		
	],
	"ipv6-prefix": [
		
	],
	"ipv6-prefix-assignment": [
		{
			"address": "fdb3:1f16:213e::",
			"mask": 60,
			"local-address": {
				"address": "fdb3:1f16:213e::1",
				"mask": 60
			}
		}
	],
	"route": [
		
	],
	"dns-server": [
		
	],
	"dns-search": [
		
	],
	"neighbors": [
		
	],
	"inactive": {
		"ipv4-address": [
			
		],
		"ipv6-address": [
			
		],
		"route": [
			
		],
		"dns-server": [
			
		],
		"dns-search": [
			
		],
		"neighbors": [
			
		]
	},
	"data": {
		
	}
}
LNLLPFZSJM 0
root@OpenWrt:~# echo 'KFWE''SXLNNX'
KFWESXLNNX
root@OpenWrt:~# MARKER='NCFQ''CGSCFN' run true
NCFQCGSCFNNCFQCGSCFN 0
root@OpenWrt:~# echo 'TLJB''KMPESU'
TLJBKMPESU
root@OpenWrt:~# MARKER='NLLW''NLPNNC' run 'source /etc/os-release; echo $BUILD_I
D'
NLLWNLPNNCr34136-8ef7b4ee4b
NLLWNLPNNC 0
root@OpenWrt:~# echo 'CXFZ''ZUETWJ'
CXFZZUETWJ
root@OpenWrt:~# MARKER='KWHT''SYGVCF' run 'ls /etc/dropbear/dropbear_rsa_host_ke
y'
KWHTSYGVCF[0;0m/etc/dropbear/dropbear_rsa_host_key[m
KWHTSYGVCF 0
root@OpenWrt:~# echo 'TOBJ''YBQSPQ'
TOBJYBQSPQ
root@OpenWrt:~# MARKER='EBGK''QUTSSS' run 'netstat -tlpn | grep 0.0.0.0:22'
EBGKQUTSSStcp        0      0 0.0.0.0:22              0.0.0.0:*               LISTEN      1718/dropbear
EBGKQUTSSS 0
root@OpenWrt:~# echo 'NJKF''MCOJMK'
NJKFMCOJMK
root@OpenWrt:~# MARKER='AAGA''EFLLZT' run 'dmesg | grep br-lan | grep forwarding
'
AAGAEFLLZT[   31.624081] br-lan: port 1(eth0) entered forwarding state
AAGAEFLLZT 0
root@OpenWrt:~# echo 'EUWJ''CNSOYW'
EUWJCNSOYW
root@OpenWrt:~# MARKER='HMLQ''TLJXJW' run 'ubus call network.interface.lan statu
s '"'"'{}'"'"''
HMLQTLJXJW{
	"up": true,
	"pending": false,
	"available": true,
	"autostart": true,
	"dynamic": false,
	"uptime": 24,
	"l3_device": "br-lan",
	"proto": "static",
	"device": "br-lan",
	"updated": [
		"addresses"
	],
	"metric": 0,
	"dns_metric": 0,
	"delegation": true,
	"ipv4-address": [
		{
			"address": "192.168.1.1",
			"mask": 24
		}
	],
	"ipv6-address": [
		
	],
	"ipv6-prefix": [
		
	],
	"ipv6-prefix-assignment": [
		{
			"address": "fdb3:1f16:213e::",
			"mask": 60,
			"local-address": {
				"address": "fdb3:1f16:213e::1",
				"mask": 60
			}
		}
	],
	"route": [
		
	],
	"dns-server": [
		
	],
	"dns-search": [
		
	],
	"neighbors": [
		
	],
	"inactive": {
		"ipv4-address": [
			
		],
		"ipv6-address": [
			
		],
		"route": [
			
		],
		"dns-server": [
			
		],
		"dns-search": [
			
		],
		"neighbors": [
			
		]
	},
	"data": {
		
	}
}
HMLQTLJXJW 0
root@OpenWrt:~# echo 'XMNT''BEUWAL'
XMNTBEUWAL
root@OpenWrt:~# MARKER='LBCJ''GYBMBZ' run 'ip -o addr show dev br-lan'
LBCJGYBMBZ4: br-lan    inet 192.168.1.1/24 brd 192.168.1.255 scope global br-lan\       valid_lft forever preferred_lft forever
4: br-lan    inet6 fdb3:1f16:213e::1/60 scope global noprefixroute \       valid_lft forever preferred_lft forever
4: br-lan    inet6 fe80::5054:ff:fe12:3456/64 scope link \       valid_lft forever preferred_lft forever
LBCJGYBMBZ 0
root@OpenWrt:~# echo 'SNKW''KTFOES'
SNKWKTFOES
root@OpenWrt:~# MARKER='NANM''HXEVAP' run 'ubus call network.interface.wan statu
s '"'"'{}'"'"''
NANMHXEVAP{
	"up": true,
	"pending": false,
	"available": true,
	"autostart": true,
	"dynamic": false,
	"uptime": 22,
	"l3_device": "eth1",
	"proto": "dhcp",
	"device": "eth1",
	"updated": [
		"addresses",
		"routes",
		"data"
	],
	"metric": 0,
	"dns_metric": 0,
	"delegation": true,
	"ipv4-address": [
		{
			"address": "10.0.2.15",
			"mask": 24
		}
	],
	"ipv6-address": [
		
	],
	"ipv6-prefix": [
		
	],
	"ipv6-prefix-assignment": [
		
	],
	"route": [
		{
			"target": "0.0.0.0",
			"mask": 0,
			"nexthop": "10.0.2.2",
			"source": "10.0.2.15/32"
		}
	],
	"dns-server": [
		"10.0.2.3"
	],
	"dns-search": [
		
	],
	"neighbors": [
		
	],
	"inactive": {
		"ipv4-address": [
			
		],
		"ipv6-address": [
			
		],
		"route": [
			
		],
		"dns-server": [
			
		],
		"dns-search": [
			
		],
		"neighbors": [
			
		]
	},
	"data": {
		"dhcpserver": "10.0.2.2",
		"leasetime": 86400
	}
}
NANMHXEVAP 0
root@OpenWrt:~# 