Labgrid Console Logfile for main
Logfile started at 2026-04-12 01:56:13.626125
=== Log starts here ===
c[?7l[2J[0mSeaBIOS (version 1.16.3-debian-1.16.3-2)


iPXE (https://ipxe.org) 00:03.0 CA00 PCI2.10 PnP PMM+06FCAE70+06F0AE70 CA00
Press Ctrl-B to configure iPXE (PCI 00:03.0)...                                                                               




iPXE (https://ipxe.org) 00:05.0 CB00 PCI2.10 PnP PMM 06FCAE70 06F0AE70 CB00
Press Ctrl-B to configure iPXE (PCI 00:05.0)...                                                                               


Booting from Hard Disk...
GRUB loading.....
[0;30;47mWelcome to GRUB![01;01H[0m[2J[H[J[1;1H[?25l[m[H[J[1;1H[2;30HGNU GRUB  version 2.12

[m[4;2H+----------------------------------------------------------------------------+[5;2H|[5;79H|[6;2H|[6;79H|[7;2H|[7;79H|[8;2H|[8;79H|[9;2H|[9;79H|[10;2H|[10;79H|[11;2H|[11;79H|[12;2H|[12;79H|[13;2H|[13;79H|[14;2H|[14;79H|[15;2H|[15;79H|[16;2H+----------------------------------------------------------------------------+[m[17;2H[18;2H[m     Use the ^ and v keys to select which entry is highlighted.          
      Press enter to boot the selected OS, `e' to edit the commands       
      before booting or `c' for a command-line. ESC to return             
      previous menu.                                                      [5;80H [7m[5;3H*OpenWrt                                                                    [m[5;78H[m[m[6;3H OpenWrt (failsafe)                                                         [m[6;78H[m[m[7;3H                                                                            [m[7;78H[m[m[8;3H                                                                            [m[8;78H[m[m[9;3H                                                                            [m[9;78H[m[m[10;3H                                                                            [m[10;78H[m[m[11;3H                                                                            [m[11;78H[m[m[12;3H                                                                            [m[12;78H[m[m[13;3H                                                                            [m[13;78H[m[m[14;3H                                                                            [m[14;78H[m[m[15;3H                                                                            [m[15;78H[m[15;80H [5;78H[2J[02;30HGNU GRUB  version 2.12[04;02H┌────────────────────────────────────────────────────────────────────────────┐[05;02H│[05;79H│[06;02H│[06;79H│[07;02H│[07;79H│[08;02H│[08;79H│[09;02H│[09;79H│[10;02H│[10;79H│[11;02H│[11;79H│[12;02H│[12;79H│[13;02H│[13;79H│[14;02H│[14;79H│[15;02H│[15;79H│[16;02H│[16;79H│[17;02H└────────────────────────────────────────────────────────────────────────────┘[19;02H     Use the ↑ and ↓ keys to select which entry is highlighted.          
      Press enter to boot the selected OS, `e' to edit the commands       
      before booting or `c' for a command-line. ESC to return             
      previous menu.                                                      [05;80H [05;03H[0;30;47m*OpenWrt                                                                 [05;75H[05;76H   [06;03H[0m OpenWrt (failsafe)                                                         [07;03H                                                                            [08;03H [08;03H[08;04H                                                                           [09;03H                                                                            [10;03H                                                                            [11;03H                                                                            [12;03H                                                                            [13;03H                                                                            [14;03H                      [14;24H[14;25H                                                      [15;03H                                                                            [16;03H                                                                            [16;80H 






   The highlighted entry will be executed automatically in 5s.                [22;1H   The highlighted entry will be executed automatically in 5s.                 [5;78H [05;78H

















   The highlighted entry will be executed automatically in 4s.                [22;1H   The highlighted entry will be executed automatically in 4s.                 [5;78H [05;78H

















   The highlighted entry will be executed automatically in 3s.                [22;1H   The highlighted entry will be executed automatically in 3s.                 [5;78H [05;78H

















   The high[23;11H[23;12Hlighted entry will be executed automatically in 2s.                [22;1H   The highlighted entry will be executed automatically in 2s.                 [5;78H [05;78H

















   The highlighted entry will be executed automatically in 1s.                [22;1H   The highlighted entry will be executed automatically in 1s.                 [5;78H [05;78H

















   The highlighted entry will be executed automatically in 0s.                [22;1H   The highlighted entry will be executed automatically in 0s.                 [5;78H [01;01H[2J[?25h[H[J[1;1H[H[J[1;1H[2J   Booting `OpenWrt' Booting `OpenWrt

'

[    0.000000] Linux version 6.12.80 (builder@buildhost) (x86_64-openwrt-linux-musl-gcc (OpenWrt GCC 14.3.0 r33893-15374ca2e7) 14.3.0, GNU ld (GNU Binutils) 2.44) #0 SMP Sat Apr 11 19:11:07 2026
[    0.000000] Command line: BOOT_IMAGE=/boot/vmlinuz root=PARTUUID=643b4239-02 rootwait console=tty1 console=ttyS0,115200n8 noinitrd
[    0.000000] BIOS-provided physical RAM map:
[    0.000000] BIOS-e820: [mem 0x0000000000000000-0x000000000009fbff] usable
[    0.000000] BIOS-e820: [mem 0x000000000009fc00-0x000000000009ffff] reserved
[    0.000000] BIOS-e820: [mem 0x00000000000f0000-0x00000000000fffff] reserved
[    0.000000] BIOS-e820: [mem 0x0000000000100000-0x0000000007fdcfff] usable
[    0.000000] BIOS-e820: [mem 0x0000000007fdd000-0x0000000007ffffff] reserved
[    0.000000] BIOS-e820: [mem 0x00000000fffc0000-0x00000000ffffffff] reserved
[    0.000000] BIOS-e820: [mem 0x000000fd00000000-0x000000ffffffffff] reserved
[    0.000000] NX (Execute Disable) protection: active
[    0.000000] APIC: Static calls initialized
[    0.000000] SMBIOS 3.0.0 present.
[    0.000000] DMI: QEMU Standard PC (i440FX + PIIX, 1996), BIOS 1.16.3-debian-1.16.3-2 04/01/2014
[    0.000000] DMI: Memory slots populated: 1/1
[    0.000000] tsc: Fast TSC calibration using PIT
[    0.000000] tsc: Detected 2445.353 MHz processor
[    0.007421] last_pfn = 0x7fdd max_arch_pfn = 0x400000000
[    0.008021] MTRR map: 4 entries (3 fixed + 1 variable; max 19), built from 8 variable MTRRs
[    0.008210] x86/PAT: Configuration [0-7]: WB  WC  UC- UC  WB  WP  UC- WT  
[    0.026436] found SMP MP-table at [mem 0x000f5460-0x000f546f]
[    0.027770] Using GB pages for direct mapping
[    0.032231] ACPI: Early table checksum verification disabled
[    0.032579] ACPI: RSDP 0x00000000000F5290 000014 (v00 BOCHS )
[    0.032879] ACPI: RSDT 0x0000000007FE1C64 000034 (v01 BOCHS  BXPC     00000001 BXPC 00000001)
[    0.033418] ACPI: FACP 0x0000000007FE1B18 000074 (v01 BOCHS  BXPC     00000001 BXPC 00000001)
[    0.033997] ACPI: DSDT 0x0000000007FE0040 001AD8 (v01 BOCHS  BXPC     00000001 BXPC 00000001)
[    0.034067] ACPI: FACS 0x0000000007FE0000 000040
[    0.034136] ACPI: APIC 0x0000000007FE1B8C 000078 (v03 BOCHS  BXPC     00000001 BXPC 00000001)
[    0.034158] ACPI: HPET 0x0000000007FE1C04 000038 (v01 BOCHS  BXPC     00000001 BXPC 00000001)
[    0.034176] ACPI: WAET 0x0000000007FE1C3C 000028 (v01 BOCHS  BXPC     00000001 BXPC 00000001)
[    0.034253] ACPI: Reserving FACP table memory at [mem 0x7fe1b18-0x7fe1b8b]
[    0.034303] ACPI: Reserving DSDT table memory at [mem 0x7fe0040-0x7fe1b17]
[    0.034309] ACPI: Reserving FACS table memory at [mem 0x7fe0000-0x7fe003f]
[    0.034315] ACPI: Reserving APIC table memory at [mem 0x7fe1b8c-0x7fe1c03]
[    0.034320] ACPI: Reserving HPET table memory at [mem 0x7fe1c04-0x7fe1c3b]
[    0.034325] ACPI: Reserving WAET table memory at [mem 0x7fe1c3c-0x7fe1c63]
[    0.037399] Zone ranges:
[    0.037427]   DMA      [mem 0x0000000000001000-0x0000000000ffffff]
[    0.037501]   DMA32    [mem 0x0000000001000000-0x0000000007fdcfff]
[    0.037510]   Normal   empty
[    0.037527] Movable zone start for each node
[    0.037560] Early memory node ranges
[    0.037587]   node   0: [mem 0x0000000000001000-0x000000000009efff]
[    0.037640]   node   0: [mem 0x0000000000100000-0x0000000007fdcfff]
[    0.037758] Initmem setup node 0 [mem 0x0000000000001000-0x0000000007fdcfff]
[    0.038788] On node 0, zone DMA: 1 pages in unavailable ranges
[    0.039287] On node 0, zone DMA: 97 pages in unavailable ranges
[    0.041419] On node 0, zone DMA32: 35 pages in unavailable ranges
[    0.041755] ACPI: PM-Timer IO Port: 0x608
[    0.042161] ACPI: LAPIC_NMI (acpi_id[0xff] dfl dfl lint[0x1])
[    0.042574] IOAPIC[0]: apic_id 0, version 32, address 0xfec00000, GSI 0-23
[    0.042686] ACPI: INT_SRC_OVR (bus 0 bus_irq 0 global_irq 2 dfl dfl)
[    0.042929] ACPI: INT_SRC_OVR (bus 0 bus_irq 5 global_irq 5 high level)
[    0.042977] ACPI: INT_SRC_OVR (bus 0 bus_irq 9 global_irq 9 high level)
[    0.043071] ACPI: INT_SRC_OVR (bus 0 bus_irq 10 global_irq 10 high level)
[    0.043097] ACPI: INT_SRC_OVR (bus 0 bus_irq 11 global_irq 11 high level)
[    0.043279] ACPI: Using ACPI (MADT) for SMP configuration information
[    0.043324] ACPI: HPET id: 0x8086a201 base: 0xfed00000
[    0.043701] CPU topo: Max. logical packages:   1
[    0.043716] CPU topo: Max. logical dies:       1
[    0.043725] CPU topo: Max. dies per package:   1
[    0.043770] CPU topo: Max. threads per core:   1
[    0.043917] CPU topo: Num. cores per package:     1
[    0.043932] CPU topo: Num. threads per package:   1
[    0.043940] CPU topo: Allowing 1 present CPUs plus 0 hotplug CPUs
[    0.045114] [mem 0x08000000-0xfffbffff] available for PCI devices
[    0.045182] Booting paravirtualized kernel on bare hardware
[    0.045483] clocksource: refined-jiffies: mask: 0xffffffff max_cycles: 0xffffffff, max_idle_ns: 19112604462750000 ns
[    0.046156] setup_percpu: NR_CPUS:512 nr_cpumask_bits:1 nr_cpu_ids:1 nr_node_ids:1
[    0.048174] percpu: Embedded 50 pages/cpu s167000 r8192 d29608 u2097152
[    0.050443] Kernel command line: BOOT_IMAGE=/boot/vmlinuz root=PARTUUID=643b4239-02 rootwait console=tty1 console=ttyS0,115200n8 noinitrd
[    0.052039] random: crng init done
[    0.056765] Dentry cache hash table entries: 16384 (order: 5, 131072 bytes, linear)
[    0.057717] Inode-cache hash table entries: 8192 (order: 4, 65536 bytes, linear)
[    0.060381] Built 1 zonelists, mobility grouping on.  Total pages: 32635
[    0.060604] mem auto-init: stack:off, heap alloc:off, heap free:off
[    0.070484] SLUB: HWalign=64, Order=0-3, MinObjects=0, CPUs=1, Nodes=1
[    0.078392] rcu: Hierarchical RCU implementation.
[    0.078421] rcu: 	RCU restricting CPUs from NR_CPUS=512 to nr_cpu_ids=1.
[    0.078566] 	Tracing variant of Tasks RCU enabled.
[    0.078655] rcu: RCU calculated value of scheduler-enlistment delay is 10 jiffies.
[    0.078685] rcu: Adjusting geometry for rcu_fanout_leaf=16, nr_cpu_ids=1
[    0.079803] RCU Tasks Trace: Setting shift to 0 and lim to 1 rcu_task_cb_adjust=1 rcu_task_cpu_ids=1.
[    0.079931] NR_IRQS: 33024, nr_irqs: 256, preallocated irqs: 16
[    0.088580] rcu: srcu_init: Setting srcu_struct sizes based on contention.
[    0.095439] Console: colour VGA+ 80x25
[    0.095846] printk: legacy console [tty1] enabled
[    0.103726] printk: legacy console [ttyS0] enabled
[    0.355351] ACPI: Core revision 20240827
[    0.360504] clocksource: hpet: mask: 0xffffffff max_cycles: 0xffffffff, max_idle_ns: 19112604467 ns
[    0.365177] APIC: Switch to symmetric I/O mode setup
[    0.369604] ..TIMER: vector=0x30 apic1=0 pin1=2 apic2=-1 pin2=-1
[    0.412247] clocksource: tsc-early: mask: 0xffffffffffffffff max_cycles: 0x233f92de63e, max_idle_ns: 440795222937 ns
[    0.412855] Calibrating delay loop (skipped), value calculated using timer frequency.. 4890.70 BogoMIPS (lpj=24453530)
[    0.414675] x86/cpu: User Mode Instruction Prevention (UMIP) activated
[    0.430168] Last level iTLB entries: 4KB 0, 2MB 0, 4MB 0
[    0.430534] Last level dTLB entries: 4KB 0, 2MB 0, 4MB 0, 1GB 0
[    0.433584] Spectre V1 : Mitigation: usercopy/swapgs barriers and __user pointer sanitization
[    0.434579] Spectre V2 : Mitigation: Retpolines
[    0.434823] Spectre V2 : Spectre v2 / SpectreRSB: Filling RSB on context switch and VMEXIT
[    0.435221] Speculative Store Bypass: Vulnerable
[    0.437175] x86/fpu: Supporting XSAVE feature 0x001: 'x87 floating point registers'
[    0.445152] x86/fpu: Supporting XSAVE feature 0x002: 'SSE registers'
[    0.445407] x86/fpu: Supporting XSAVE feature 0x004: 'AVX registers'
[    0.445641] x86/fpu: Supporting XSAVE feature 0x008: 'MPX bounds registers'
[    0.445880] x86/fpu: Supporting XSAVE feature 0x010: 'MPX CSR'
[    0.452998] x86/fpu: xstate_offset[2]:  576, xstate_sizes[2]:  256
[    0.453394] x86/fpu: xstate_offset[3]:  960, xstate_sizes[3]:   64
[    0.453629] x86/fpu: xstate_offset[4]: 1024, xstate_sizes[4]:   64
[    0.453859] x86/fpu: Enabled xstate features 0x1f, context size is 1088 bytes, using 'standard' format.
[    0.697543] Freeing SMP alternatives memory: 40K
[    0.698244] pid_max: default: 32768 minimum: 301
[    0.707283] Mount-cache hash table entries: 512 (order: 0, 4096 bytes, linear)
[    0.707651] Mountpoint-cache hash table entries: 512 (order: 0, 4096 bytes, linear)
[    0.858660] smpboot: CPU0: AMD QEMU TCG CPU version 2.5+ (family: 0x6, model: 0x6, stepping: 0x3)
[    0.888409] Performance Events: PMU not available due to virtualization, using software events only.
[    0.889738] signal: max sigframe size: 1616
[    0.891628] rcu: Hierarchical SRCU implementation.
[    0.891846] rcu: 	Max phase no-delay instances is 1000.
[    0.896348] smp: Bringing up secondary CPUs ...
[    0.900997] smp: Brought up 1 node, 1 CPU
[    0.901298] smpboot: Total of 1 processors activated (4890.70 BogoMIPS)
[    0.909493] Memory: 103200K/130540K available (14336K kernel code, 1167K rwdata, 3984K rodata, 1496K init, 1312K bss, 25628K reserved, 0K cma-reserved)
[    0.921860] clocksource: jiffies: mask: 0xffffffff max_cycles: 0xffffffff, max_idle_ns: 19112604462750000 ns
[    0.923478] futex hash table entries: 256 (order: 2, 16384 bytes, linear)
[    0.924685] pinctrl core: initialized pinctrl subsystem
[    0.943062] NET: Registered PF_NETLINK/PF_ROUTE protocol family
[    0.948975] thermal_sys: Registered thermal governor 'step_wise'
[    0.949012] thermal_sys: Registered thermal governor 'user_space'
[    0.950015] cpuidle: using governor ladder
[    0.950522] cpuidle: using governor menu
[    0.954222] acpiphp: ACPI Hot Plug PCI Controller Driver version: 0.5
[    0.956855] PCI: Using configuration type 1 for base access
[    0.966591] cryptd: max_cpu_qlen set to 1000
[    0.972328] ACPI: Added _OSI(Module Device)
[    0.972517] ACPI: Added _OSI(Processor Device)
[    0.972763] ACPI: Added _OSI(Processor Aggregator Device)
[    0.987017] ACPI: 1 ACPI AML tables successfully acquired and loaded
[    1.003808] ACPI: Interpreter enabled
[    1.004569] ACPI: PM: (supports S0 S5)
[    1.004766] ACPI: Using IOAPIC for interrupt routing
[    1.005321] PCI: Using host bridge windows from ACPI; if necessary, use "pci=nocrs" and report a bug
[    1.005675] PCI: Using E820 reservations for host bridge windows
[    1.014405] ACPI: Enabled 2 GPEs in block 00 to 0F
[    1.047971] ACPI: PCI Root Bridge [PCI0] (domain 0000 [bus 00-ff])
[    1.048819] acpi PNP0A03:00: _OSC: OS supports [ASPM ClockPM Segments MSI HPX-Type3]
[    1.049267] acpi PNP0A03:00: _OSC: not requesting OS control; OS requires [ExtendedConfig ASPM ClockPM MSI]
[    1.050097] acpi PNP0A03:00: fail to add MMCONFIG information, can't access extended configuration space under this bridge
[    1.063166] acpiphp: Slot [3] registered
[    1.063514] acpiphp: Slot [4] registered
[    1.063763] acpiphp: Slot [5] registered
[    1.064003] acpiphp: Slot [6] registered
[    1.069642] acpiphp: Slot [7] registered
[    1.071310] acpiphp: Slot [8] registered
[    1.071559] acpiphp: Slot [9] registered
[    1.071801] acpiphp: Slot [10] registered
[    1.072055] acpiphp: Slot [11] registered
[    1.072319] acpiphp: Slot [12] registered
[    1.073015] acpiphp: Slot [13] registered
[    1.073362] acpiphp: Slot [14] registered
[    1.073695] acpiphp: Slot [15] registered
[    1.073941] acpiphp: Slot [16] registered
[    1.074187] acpiphp: Slot [17] registered
[    1.074437] acpiphp: Slot [18] registered
[    1.083031] acpiphp: Slot [19] registered
[    1.083469] acpiphp: Slot [20] registered
[    1.083746] acpiphp: Slot [21] registered
[    1.092921] acpiphp: Slot [22] registered
[    1.093167] acpiphp: Slot [23] registered
[    1.093439] acpiphp: Slot [24] registered
[    1.103008] acpiphp: Slot [25] registered
[    1.103375] acpiphp: Slot [26] registered
[    1.103668] acpiphp: Slot [27] registered
[    1.103907] acpiphp: Slot [28] registered
[    1.104159] acpiphp: Slot [29] registered
[    1.104435] acpiphp: Slot [30] registered
[    1.104679] acpiphp: Slot [31] registered
[    1.113255] PCI host bridge to bus 0000:00
[    1.113709] pci_bus 0000:00: root bus resource [io  0x0000-0x0cf7 window]
[    1.114084] pci_bus 0000:00: root bus resource [io  0x0d00-0xffff window]
[    1.114316] pci_bus 0000:00: root bus resource [mem 0x000a0000-0x000bffff window]
[    1.122924] pci_bus 0000:00: root bus resource [mem 0x08000000-0xfebfffff window]
[    1.123243] pci_bus 0000:00: root bus resource [mem 0x100000000-0x17fffffff window]
[    1.123669] pci_bus 0000:00: root bus resource [bus 00-ff]
[    1.134190] pci 0000:00:00.0: [8086:1237] type 00 class 0x060000 conventional PCI endpoint
[    1.138012] pci 0000:00:01.0: [8086:7000] type 00 class 0x060100 conventional PCI endpoint
[    1.138899] pci 0000:00:01.1: [8086:7010] type 00 class 0x010180 conventional PCI endpoint
[    1.145423] pci 0000:00:01.1: BAR 4 [io  0xc0e0-0xc0ef]
[    1.146639] pci 0000:00:01.1: BAR 0 [io  0x01f0-0x01f7]: legacy IDE quirk
[    1.146912] pci 0000:00:01.1: BAR 1 [io  0x03f6]: legacy IDE quirk
[    1.147156] pci 0000:00:01.1: BAR 2 [io  0x0170-0x0177]: legacy IDE quirk
[    1.152946] pci 0000:00:01.1: BAR 3 [io  0x0376]: legacy IDE quirk
[    1.153944] pci 0000:00:01.3: [8086:7113] type 00 class 0x068000 conventional PCI endpoint
[    1.154600] pci 0000:00:01.3: quirk: [io  0x0600-0x063f] claimed by PIIX4 ACPI
[    1.154902] pci 0000:00:01.3: quirk: [io  0x0700-0x070f] claimed by PIIX4 SMB
[    1.163599] pci 0000:00:02.0: [1234:1111] type 00 class 0x030000 conventional PCI endpoint
[    1.164391] pci 0000:00:02.0: BAR 0 [mem 0xfd000000-0xfdffffff pref]
[    1.165823] pci 0000:00:02.0: BAR 2 [mem 0xfeb90000-0xfeb90fff]
[    1.175026] pci 0000:00:02.0: ROM [mem 0xfeb80000-0xfeb8ffff pref]
[    1.175504] pci 0000:00:02.0: Video device with shadowed ROM at [mem 0x000c0000-0x000dffff]
[    1.183538] pci 0000:00:03.0: [1af4:1000] type 00 class 0x020000 conventional PCI endpoint
[    1.184800] pci 0000:00:03.0: BAR 0 [io  0xc080-0xc09f]
[    1.192972] pci 0000:00:03.0: BAR 4 [mem 0xfe000000-0xfe003fff 64bit pref]
[    1.194051] pci 0000:00:03.0: ROM [mem 0xfea80000-0xfeafffff pref]
[    1.198912] pci 0000:00:04.0: [1af4:1005] type 00 class 0x00ff00 conventional PCI endpoint
[    1.202774] pci 0000:00:04.0: BAR 0 [io  0xc0a0-0xc0bf]
[    1.203602] pci 0000:00:04.0: BAR 1 [mem 0xfeb91000-0xfeb91fff]
[    1.206483] pci 0000:00:04.0: BAR 4 [mem 0xfe004000-0xfe007fff 64bit pref]
[    1.211481] pci 0000:00:05.0: [1af4:1000] type 00 class 0x020000 conventional PCI endpoint
[    1.213755] pci 0000:00:05.0: BAR 0 [io  0xc0c0-0xc0df]
[    1.214467] pci 0000:00:05.0: BAR 1 [mem 0xfeb92000-0xfeb92fff]
[    1.216220] pci 0000:00:05.0: BAR 4 [mem 0xfe008000-0xfe00bfff 64bit pref]
[    1.217014] pci 0000:00:05.0: ROM [mem 0xfeb00000-0xfeb7ffff pref]
[    1.226719] pci 0000:00:06.0: [1af4:1001] type 00 class 0x010000 conventional PCI endpoint
[    1.227503] pci 0000:00:06.0: BAR 0 [io  0xc000-0xc07f]
[    1.228154] pci 0000:00:06.0: BAR 1 [mem 0xfeb93000-0xfeb93fff]
[    1.229629] pci 0000:00:06.0: BAR 4 [mem 0xfe00c000-0xfe00ffff 64bit pref]
[    1.243631] ACPI: PCI: Interrupt link LNKA configured for IRQ 10
[    1.244522] ACPI: PCI: Interrupt link LNKB configured for IRQ 10
[    1.245140] ACPI: PCI: Interrupt link LNKC configured for IRQ 11
[    1.245814] ACPI: PCI: Interrupt link LNKD configured for IRQ 11
[    1.246566] ACPI: PCI: Interrupt link LNKS configured for IRQ 9
[    1.249943] iommu: Default domain type: Translated
[    1.250167] iommu: DMA domain TLB invalidation policy: lazy mode
[    1.252905] SCSI subsystem initialized
[    1.253946] ACPI: bus type USB registered
[    1.257951] usbcore: registered new interface driver usbfs
[    1.258512] usbcore: registered new interface driver hub
[    1.258859] usbcore: registered new device driver usb
[    1.259413] pps_core: LinuxPPS API ver. 1 registered
[    1.259606] pps_core: Software ver. 5.3.6 - Copyright 2005-2007 Rodolfo Giometti <giometti@linux.it>
[    1.263091] PTP clock support registered
[    1.280144] PCI: Using ACPI for IRQ routing
[    1.282445] hpet0: at MMIO 0xfed00000, IRQs 2, 8, 0
[    1.282786] hpet0: 3 comparators, 64-bit 100.000000 MHz counter
[    1.288409] clocksource: Switched to clocksource tsc-early
[    1.291406] pnp: PnP ACPI init
[    1.291406] pnp: PnP ACPI: found 6 devices
[    1.304345] clocksource: acpi_pm: mask: 0xffffff max_cycles: 0xffffff, max_idle_ns: 2085701024 ns
[    1.305680] NET: Registered PF_INET protocol family
[    1.307170] IP idents hash table entries: 2048 (order: 2, 16384 bytes, linear)
[    1.312661] tcp_listen_portaddr_hash hash table entries: 256 (order: 0, 4096 bytes, linear)
[    1.315188] Table-perturb hash table entries: 65536 (order: 6, 262144 bytes, linear)
[    1.315677] TCP established hash table entries: 1024 (order: 1, 8192 bytes, linear)
[    1.316128] TCP bind hash table entries: 1024 (order: 3, 32768 bytes, linear)
[    1.325999] TCP: Hash tables configured (established 1024 bind 1024)
[    1.328037] MPTCP token hash table entries: 256 (order: 1, 6144 bytes, linear)
[    1.328545] UDP hash table entries: 256 (order: 1, 8192 bytes, linear)
[    1.328967] UDP-Lite hash table entries: 256 (order: 1, 8192 bytes, linear)
[    1.338398] NET: Registered PF_UNIX/PF_LOCAL protocol family
[    1.339583] pci_bus 0000:00: resource 4 [io  0x0000-0x0cf7 window]
[    1.339819] pci_bus 0000:00: resource 5 [io  0x0d00-0xffff window]
[    1.340053] pci_bus 0000:00: resource 6 [mem 0x000a0000-0x000bffff window]
[    1.347772] pci_bus 0000:00: resource 7 [mem 0x08000000-0xfebfffff window]
[    1.348155] pci_bus 0000:00: resource 8 [mem 0x100000000-0x17fffffff window]
[    1.348959] pci 0000:00:01.0: PIIX3: Enabling Passive Release
[    1.349283] pci 0000:00:00.0: Limiting direct PCI/PCI transfers
[    1.359223] PCI: CLS 0 bytes, default 64
[    1.379303] workingset: timestamp_bits=46 max_order=15 bucket_order=0
[    1.381760] squashfs: version 4.0 (2009/01/31) Phillip Lougher
[    1.384756] Block layer SCSI generic (bsg) driver version 0.4 loaded (major 247)
[    1.388573] hv_vmbus: registering driver hyperv_fb
[    1.392909] input: Power Button as /devices/LNXSYSTM:00/LNXPWRBN:00/input/input0
[    1.401648] ACPI: button: Power Button [PWRF]
[    1.564150] ACPI: \_SB_.LNKC: Enabled at IRQ 11
[    1.715337] ACPI: \_SB_.LNKD: Enabled at IRQ 10
[    1.864541] ACPI: \_SB_.LNKA: Enabled at IRQ 10
[    2.013287] ACPI: \_SB_.LNKB: Enabled at IRQ 11
[    2.014993] Serial: 8250/16550 driver, 16 ports, IRQ sharing enabled
[    2.039930] 00:04: ttyS0 at I/O 0x3f8 (irq = 4, base_baud = 115200) is a 16550A
[    2.067318] Non-volatile memory driver v1.3
[    2.078154] Linux agpgart interface v0.103
[    2.079178] ACPI: bus type drm_connector registered
[    2.081897] [drm] Found bochs VGA, ID 0xb0c5.
[    2.082125] [drm] Framebuffer size 16384 kB @ 0xfd000000, mmio @ 0xfeb90000.
[    2.089256] [drm] Found EDID data blob.
[    2.094624] [drm] Initialized bochs-drm 1.0.0 for 0000:00:02.0 on minor 0
[    2.161915] Console: switching to colour frame buffer device 160x50
[    2.171132] bochs-drm 0000:00:02.0: [drm] fb0: bochs-drmdrmfb frame buffer device
[    2.206198] loop: module loaded
[    2.206839] virtio_blk virtio3: 1/0/0 default/read/poll queues
[    2.211262] virtio_blk virtio3: [vda] 246784 512-byte logical blocks (126 MB/121 MiB)
[    2.220530]  vda: vda1 vda2
[    2.222553] Guest personality initialized and is inactive
[    2.223151] VMCI host device registered (name=vmci, major=10, minor=256)
[    2.223438] Initialized host personality
[    2.223947] usbcore: registered new interface driver rtsx_usb
[    2.232157] VMware PVSCSI driver - version 1.0.7.0-k
[    2.232493] hv_vmbus: registering driver hv_storvsc
[    2.248410] scsi host0: ata_piix
[    2.250859] scsi host1: ata_piix
[    2.251688] ata1: PATA max MWDMA2 cmd 0x1f0 ctl 0x3f6 bmdma 0xc0e0 irq 14 lpm-pol 0
[    2.251999] ata2: PATA max MWDMA2 cmd 0x170 ctl 0x376 bmdma 0xc0e8 irq 15 lpm-pol 0
[    2.261051] VMware vmxnet3 virtual NIC driver - version 1.9.0.0-k-NAPI
[    2.261622] hv_vmbus: registering driver hv_netvsc
[    2.261992] Fusion MPT base driver 3.04.20
[    2.262176] Copyright (c) 1999-2008 LSI Corporation
[    2.262546] Fusion MPT SPI Host driver 3.04.20
[    2.272013] Fusion MPT SAS Host driver 3.04.20
[    2.274200] usbcore: registered new interface driver usb-storage
[    2.275431] i8042: PNP: PS/2 Controller [PNP0303:KBD,PNP0f13:MOU] at 0x60,0x64 irq 1,12
[    2.278615] serio: i8042 KBD port at 0x60,0x64 irq 1
[    2.278988] serio: i8042 AUX port at 0x60,0x64 irq 12
[    2.285866] hv_vmbus: registering driver hyperv_keyboard
[    2.288268] rtc_cmos 00:05: RTC can wake from S4
[    2.293177] rtc_cmos 00:05: registered as rtc0
[    2.296113] rtc_cmos 00:05: setting system clock to 2026-04-12T01:56:24 UTC (1775958984)
[    2.298555] rtc_cmos 00:05: alarms up to one day, y3k, 242 bytes nvram, hpet irqs
[    2.301214] intel_powerclamp: CPU does not support MWAIT
[    2.303460] amd_pstate: the _CPC object is not present in SBIOS or ACPI disabled
[    2.309350] sdhci: Secure Digital Host Controller Interface driver
[    2.311302] sdhci: Copyright(c) Pierre Ossman
[    2.313681] VUB300 Driver rom wait states = 1C irqpoll timeout = 0400
[    2.320134] input: AT Translated Set 2 keyboard as /devices/platform/i8042/serio0/input/input1
[    2.343083] usbcore: registered new interface driver vub300
[    2.345422] usbcore: registered new interface driver ushc
[    2.352968] hid: raw HID events driver (C) Jiri Kosina
[    2.355825] hv_vmbus: registering driver hid_hyperv
[    2.358540] usbcore: registered new interface driver usbhid
[    2.360534] usbhid: USB HID core driver
[    2.362612] hv_utils: Registering HyperV Utility Driver
[    2.364717] hv_vmbus: registering driver hv_utils
[    2.367107] hv_vmbus: registering driver hv_balloon
[    2.370463] NET: Registered PF_INET6 protocol family
[    2.384783] Segment Routing with IPv6
[    2.386906] In-situ OAM (IOAM) with IPv6
[    2.389278] NET: Registered PF_PACKET protocol family
[    2.391706] bridge: filtering via arp/ip/ip6tables is no longer available by default. Update your scripts to load br_netfilter if you need this.
[    2.401543] 8021q: 802.1Q VLAN Support v1.8
[    2.404162] NET: Registered PF_VSOCK protocol family
[    2.412902] IPI shorthand broadcast: enabled
[    2.419736] AES CTR mode by8 optimization enabled
[    2.440827] sched_clock: Marking stable (2170053580, 263642794)->(2443787876, -10091502)
[    2.471496] tsc: Refined TSC clocksource calibration: 2445.385 MHz
[    2.473924] clocksource: tsc: mask: 0xffffffffffffffff max_cycles: 0x233fb0e61e8, max_idle_ns: 440795250252 ns
[    2.484239] ata2: found unknown device (class 0)
[    2.506725] ata2.00: ATAPI: QEMU DVD-ROM, 2.5+, max UDMA/100
[    2.535525] clocksource: Switched to clocksource tsc
[    2.555332] scsi 1:0:0:0: CD-ROM            QEMU     QEMU DVD-ROM     2.5+ PQ: 0 ANSI: 5
[    2.566068] clk: Disabling unused clocks
[    2.615658] sr 1:0:0:0: [sr0] scsi3-mmc drive: 4x/4x cd/rw xa/form2 tray
[    2.618146] cdrom: Uniform CD-ROM driver Revision: 3.20
[    2.674555] VFS: Mounted root (squashfs filesystem) readonly on device 254:2.
[    2.743639] Freeing unused kernel image (initmem) memory: 1496K
[    2.746108] Write protecting the kernel read-only data: 18432k
[    2.749173] Freeing unused kernel image (rodata/data gap) memory: 112K
[    2.751661] Run /sbin/init as init process
[    3.088801] init: Console is alive
[    3.648344] kmodloader: loading kernel modules from /etc/modules-boot.d/*
[    3.715993] button_hotplug: loading out-of-tree module taints kernel.
[    3.722507] Button Hotplug driver version 0.4.1
[    3.742449] Intel(R) 2.5G Ethernet Linux Driver
[    3.744960] Copyright(c) 2018 Intel Corporation.
[    3.760626] igb: Intel(R) Gigabit Ethernet Network Driver
[    3.763192] igb: Copyright (c) 2007-2014 Intel Corporation.
[    3.779804] e1000e: Intel(R) PRO/1000 Network Driver
[    3.782169] e1000e: Copyright(c) 1999 - 2015 Intel Corporation.
[    3.795928] kmodloader: done loading kernel modules from /etc/modules-boot.d/*
[    3.815656] init: - preinit -
[    4.794709] 8021q: adding VLAN 0 to HW filter on device eth0
Press the [f] key and hit [enter] to enter failsafe mode
Press the [1], [2], [3] or [4] key and hit [enter] to select the debug level
[    9.394893] loop0: detected capacity change from 0 to 212992
[    9.444194] loop0: detected capacity change from 212992 to 201728
[    9.457125] mount_root: overlay filesystem in /dev/loop0 has not been formatted yet
[    9.781577] EXT4-fs (loop0): mounted filesystem 99095d94-50d9-4857-8104-89c69a608500 r/w with ordered data mode. Quota mode: disabled.
[    9.795442] mount_root: overlay filesystem has not been fully initialized yet
[    9.813260] mount_root: switching to ext4 overlay
[    9.834127] overlayfs: null uuid detected in lower fs '/', falling back to xino=off,index=off,nfs_export=off.
[   10.557086] EXT4-fs (vda1): mounted filesystem 84173db5-fa99-e35a-95c6-28613cc79ea9 r/w without journal. Quota mode: disabled.
[   10.580415] urandom-seed: Seed file not found (/etc/urandom.seed)
[   10.714063] procd: - early -
[   11.455449] procd: - ubus -
[   11.632121] procd: - init -
Please press Enter to activate this console.
root
login[1043]: root login on 'ttyS0'


BusyBox v1.37.0 (2026-01-02 17:07:02 UTC) built-in shell (ash)

  _______                     ________        __
 |       |.-----.-----.-----.|  |  |  |.----.|  |_
 |   -   ||  _  |  -__|     ||  |  |  ||   _||   _|
 |_______||   __|_____|__|__||________||__|  |____|
          |__| W I R E L E S S   F R E E D O M
 -----------------------------------------------------
 OpenWrt SNAPSHOT, r33893-15374ca2e7
 -----------------------------------------------------

 === WARNING! =====================================
 There is no root password defined on this device!
 Use the "passwd" command to set up a new password
 in order to prevent unauthorized SSH logins.
 --------------------------------------------------

root@(none):~# dmesg -n 1
root@(none):~# echo 'JLPO''EQTESO'
JLPOEQTESO
root@(none):~# run() { echo -n "$MARKER"; sh -c "$@"; echo "$MARKER $?"; }
root@(none):~# echo 'LQAA''PMKBGA'
LQAAPMKBGA
root@(none):~# MARKER='PFJK''LHELVL' run 'ubus wait_for network.interface.lan'
PFJKLHELVLPFJKLHELVL 0
root@OpenWrt:~# echo 'VCCT''PJLYWH'
VCCTPJLYWH
root@OpenWrt:~# MARKER='ZBVC''EQQCGX' run 'ubus call network.interface.lan statu
s '"'"'{}'"'"''
ZBVCEQQCGX{
	"up": true,
	"pending": false,
	"available": true,
	"autostart": true,
	"dynamic": false,
	"uptime": 0,
	"l3_device": "br-lan",
	"proto": "static",
	"device": "br-lan",
	"updated": [
		"addresses"
	],
	"metric": 0,
	"dns_metric": 0,
	"delegation": true,
	"ipv4-address": [
		{
			"address": "192.168.1.1",
			"mask": 24
		}
	],
	"ipv6-address": [
		
	],
	"ipv6-prefix": [
		
	],
	"ipv6-prefix-assignment": [
		{
			"address": "fdd9:2ba:f6f6::",
			"mask": 60,
			"local-address": {
				"address": "fdd9:2ba:f6f6::1",
				"mask": 60
			}
		}
	],
	"route": [
		
	],
	"dns-server": [
		
	],
	"dns-search": [
		
	],
	"neighbors": [
		
	],
	"inactive": {
		"ipv4-address": [
			
		],
		"ipv6-address": [
			
		],
		"route": [
			
		],
		"dns-server": [
			
		],
		"dns-search": [
			
		],
		"neighbors": [
			
		]
	},
	"data": {
		
	}
}
ZBVCEQQCGX 0
root@OpenWrt:~# echo 'QKCM''BFJNSE'
QKCMBFJNSE
root@OpenWrt:~# MARKER='TUJS''HCLQVK' run true
TUJSHCLQVKTUJSHCLQVK 0
root@OpenWrt:~# echo 'PYGK''GTKPBV'
PYGKGTKPBV
root@OpenWrt:~# MARKER='FJMF''KUUGCO' run 'source /etc/os-release; echo $BUILD_I
D'
FJMFKUUGCOr33893-15374ca2e7
FJMFKUUGCO 0
root@OpenWrt:~# echo 'QAMM''XCSFMJ'
QAMMXCSFMJ
root@OpenWrt:~# MARKER='BFSS''VZACNA' run 'ls /etc/dropbear/dropbear_rsa_host_ke
y'
BFSSVZACNA[0;0m/etc/dropbear/dropbear_rsa_host_key[m
BFSSVZACNA 0
root@OpenWrt:~# echo 'OCTB''PQLNZS'
OCTBPQLNZS
root@OpenWrt:~# MARKER='GLAM''EQOJOU' run 'netstat -tlpn | grep 0.0.0.0:22'
GLAMEQOJOUtcp        0      0 0.0.0.0:22              0.0.0.0:*               LISTEN      1734/dropbear
GLAMEQOJOU 0
root@OpenWrt:~# echo 'SWSW''FXOHYE'
SWSWFXOHYE
root@OpenWrt:~# MARKER='AJJH''NTUCHX' run 'dmesg | grep br-lan | grep forwarding
'
AJJHNTUCHX[   28.754555] br-lan: port 1(eth0) entered forwarding state
AJJHNTUCHX 0
root@OpenWrt:~# echo 'BPOC''VJJWHJ'
BPOCVJJWHJ
root@OpenWrt:~# MARKER='YFSJ''YWOLOT' run 'ubus call network.interface.lan statu
s '"'"'{}'"'"''
YFSJYWOLOT{
	"up": true,
	"pending": false,
	"available": true,
	"autostart": true,
	"dynamic": false,
	"uptime": 22,
	"l3_device": "br-lan",
	"proto": "static",
	"device": "br-lan",
	"updated": [
		"addresses"
	],
	"metric": 0,
	"dns_metric": 0,
	"delegation": true,
	"ipv4-address": [
		{
			"address": "192.168.1.1",
			"mask": 24
		}
	],
	"ipv6-address": [
		
	],
	"ipv6-prefix": [
		
	],
	"ipv6-prefix-assignment": [
		{
			"address": "fdd9:2ba:f6f6::",
			"mask": 60,
			"local-address": {
				"address": "fdd9:2ba:f6f6::1",
				"mask": 60
			}
		}
	],
	"route": [
		
	],
	"dns-server": [
		
	],
	"dns-search": [
		
	],
	"neighbors": [
		
	],
	"inactive": {
		"ipv4-address": [
			
		],
		"ipv6-address": [
			
		],
		"route": [
			
		],
		"dns-server": [
			
		],
		"dns-search": [
			
		],
		"neighbors": [
			
		]
	},
	"data": {
		
	}
}
YFSJYWOLOT 0
root@OpenWrt:~# echo 'JWYX''FYKKGT'
JWYXFYKKGT
root@OpenWrt:~# MARKER='MJFA''MHXKJO' run 'ip -o addr show dev br-lan'
MJFAMHXKJO4: br-lan    inet 192.168.1.1/24 brd 192.168.1.255 scope global br-lan\       valid_lft forever preferred_lft forever
4: br-lan    inet6 fdd9:2ba:f6f6::1/60 scope global noprefixroute \       valid_lft forever preferred_lft forever
4: br-lan    inet6 fe80::5054:ff:fe12:3456/64 scope link \       valid_lft forever preferred_lft forever
MJFAMHXKJO 0
root@OpenWrt:~# echo 'PPSQ''MXLBAB'
PPSQMXLBAB
root@OpenWrt:~# MARKER='UYCE''SWVTGM' run 'ubus call network.interface.wan statu
s '"'"'{}'"'"''
UYCESWVTGM{
	"up": true,
	"pending": false,
	"available": true,
	"autostart": true,
	"dynamic": false,
	"uptime": 20,
	"l3_device": "eth1",
	"proto": "dhcp",
	"device": "eth1",
	"updated": [
		"addresses",
		"routes",
		"data"
	],
	"metric": 0,
	"dns_metric": 0,
	"delegation": true,
	"ipv4-address": [
		{
			"address": "10.0.2.15",
			"mask": 24
		}
	],
	"ipv6-address": [
		
	],
	"ipv6-prefix": [
		
	],
	"ipv6-prefix-assignment": [
		
	],
	"route": [
		{
			"target": "0.0.0.0",
			"mask": 0,
			"nexthop": "10.0.2.2",
			"source": "10.0.2.15/32"
		}
	],
	"dns-server": [
		"10.0.2.3"
	],
	"dns-search": [
		
	],
	"neighbors": [
		
	],
	"inactive": {
		"ipv4-address": [
			
		],
		"ipv6-address": [
			
		],
		"route": [
			
		],
		"dns-server": [
			
		],
		"dns-search": [
			
		],
		"neighbors": [
			
		]
	},
	"data": {
		"dhcpserver": "10.0.2.2",
		"leasetime": 86400
	}
}
UYCESWVTGM 0
root@OpenWrt:~# 