Labgrid Console Logfile for main
Logfile started at 2026-04-25 03:23:39.813034
=== Log starts here ===
c[?7l[2J[0mSeaBIOS (version 1.16.3-debian-1.16.3-2)


iPXE (https://ipxe.org) 00:03.0 CA00 PCI2.10 PnP PMM+06FCAE70+06F0AE70 CA00
Press Ctrl-B to configure iPXE (PCI 00:03.0)...                                                                               




iPXE (https://ipxe.org) 00:05.0 CB00 PCI2.10 PnP PMM 06FCAE70 06F0AE70 CB00
Press Ctrl-B to configure iPXE (PCI 00:05.0)...                                                                               


Booting from Hard Disk...
GRUB loading.....
[0;30;47mWelcome to GRUB![01;01H[0m[2J[H[J[1;1H[?25l[m[H[J[1;1H[2;30HGNU GRUB  version 2.12

[m[4;2H+----------------------------------------------------------------------------+[5;2H|[5;79H|[6;2H|[6;79H|[7;2H|[7;79H|[8;2H|[8;79H|[9;2H|[9;79H|[10;2H|[10;79H|[11;2H|[11;79H|[12;2H|[12;79H|[13;2H|[13;79H|[14;2H|[14;79H|[15;2H|[15;79H|[16;2H+----------------------------------------------------------------------------+[m[17;2H[18;2H[m     Use the ^ and v keys to select which entry is highlighted.          
      Press enter to boot the selected OS, `e' to edit the commands       
      before booting or `c' for a command-line. ESC to return             
      previous menu.                                                      [5;80H [7m[5;3H*OpenWrt                                                                    [m[5;78H[m[m[6;3H OpenWrt (failsafe)                                                         [m[6;78H[m[m[7;3H                                                                            [m[7;78H[m[m[8;3H                                                                            [m[8;78H[m[m[9;3H                                                                            [m[9;78H[m[m[10;3H                                                                            [m[10;78H[m[m[11;3H                                                                            [m[11;78H[m[m[12;3H                                                                            [m[12;78H[m[m[13;3H                                                                            [m[13;78H[m[m[14;3H                                                                            [m[14;78H[m[m[15;3H                                                                            [m[15;78H[m[15;80H [5;78H[2J[02;30HGNU GRUB  version 2.12[04;02H┌────────────────────────────────────────────────────────────────────────────┐[05;02H│[05;79H│[06;02H│[06;79H│[07;02H│[07;79H│[08;02H│[08;79H│[09;02H│[09;79H│[10;02H│[10;79H│[11;02H│[11;79H│[11;79H[12;02H│[12;79H│[13;02H│[13;79H│[14;02H│[14;79H│[15;02H│[15;79H│[16;02H│[16;79H│[17;02H└────────────────────────────────────────────────────────────────────────────┘[19;02H     Use the ↑ and ↓ keys to select which entry is highlighted.          
      Press enter to boot the selected OS, `e' to edit the commands       
      before booting or `c' for a command-line. ESC to return             
      previous menu.                                                      [05;80H [05;03H[0;30;47m*OpenWrt                                                                    [06;03H[0m OpenWrt (failsafe)                                                         [07;03H                                                                            [08;03H                       [08;25H[08;26H                                                     [09;03H                                                                            [10;03H                                 [10;35H[10;36H                                           [11;03H                                                                            [12;03H                                           [12;45H[12;46H                                 [13;03H                                                                            [14;03H                                                                            [15;03H                                                                            [16;03H                                                                [16;66H[16;67H            [16;80H 






   The highlighted entry will be executed automatically in 5s.                [22;1H   The highlighted entry will be executed automatically in 5s.                 [5;78H [05;78H

















   The highlighted entry will be executed automatically in 4s.                [22;1H   The highlighted entry will be executed automatically in 4s.                 [5;78H [05;78H

















   The highlighted entry will be executed automatically in 3s.               [23;77H[23;78H [22;1H   The highlighted entry will be executed automatically in 3s.                 [5;78H [05;78H

















   The highlighted entry will be executed au[23;44H[23;45Htomatically in 2s.                [22;1H   The highlighted entry will be executed automatically in 2s.                 [5;78H [05;78H

















   The highlighted entry will be executed automatically in 1s.                [22;1H   The highlighted entry will be executed automatically in 1s.                 [5;78H [05;78H

















   The highlighted entry will be executed automatically in 0s.                [22;1H   The highlighted entry will be executed automatically in 0s.                 [5;78H [01;01H[2J[?25h[H[J[1;1H[H[J[1;1H[2J   Booting `OpenWrt' Booting `OpenWrt

'

[    0.000000] Linux version 6.18.21 (builder@buildhost) (x86_64-openwrt-linux-musl-gcc (OpenWrt GCC 14.3.0 r34136-8ef7b4ee4b) 14.3.0, GNU ld (GNU Binutils) 2.44) #0 SMP Fri Apr 24 19:08:24 2026
[    0.000000] Command line: BOOT_IMAGE=/boot/vmlinuz root=PARTUUID=6f360ebf-02 roo8 noinitrd
[    0.000000] BIOS-provided physical RAM map:
[    0.000000] BIOS-e820: [mem 0x0000000000000000-0x000000000009fbff] usable
[    0.000000] BIOS-e820: [mem 0x000000000009fc00-0x000000000009ffff] reserved
[    0.000000] BIOS-e820: [mem 0x00000000000f0000-0x0000000000: [mem 0x0000000000100000-0x0000000007fdcfff] usable
[    0.000000] BIOS-e820: [mem 0x0000000007fdd000-0x0000000007ffffff] reserved
[    0.000000] BIOS-e820: [mem 0x00000000fffc0000-0x00000000ffffffff] reserved
[    0.000000] BIOS-e820: [mem 0x000000fd00000000-0x000000ffffffffsable) protection: active
[    0.000000] APIC: Static calls initialized
[    0.000000] SMBIOS 3.0.0 present.
[    0.000000] DMI: QEMU Standard PC (i440FX + PIIX, 1996), BIOS 1.16.3-debian-1.16.3-2 04/01/2014
[    0.000000] DMI: Memory slots populated: 1/1
[    0.000000] tsc:000] tsc: Detected 2445.412 MHz processor
[    0.008937] last_pfn = 0x7fdd max_arch_pfn = 0x10000000000
[    0.009588] MTRR map: 4 entries (3 fixed + 1 variable; max 19), built from 8 variable MTRRs
[    0.009766] x86/PAT: Configuration [0-7]: WB  WC  UC- UC  WB  WP  UC- WT   0x000f5460-0x000f546f]
[    0.033260] Using GB pages for direct mapping
[    0.037912] ACPI: Early table checksum verification disabled
[    0.038283] ACPI: RSDP 0x00000000000F5290 000014 (v00 BOCHS )
[    0.038585] ACPI: RSDT 0x0000000007FE1C64 000034 (v01 BOCHS  BXPC     000FACP 0x0000000007FE1B18 000074 (v01 BOCHS  BXPC     00000001 BXPC 00000001)
[    0.039759] ACPI: DSDT 0x0000000007FE0040 001AD8 (v01 BOCHS  BXPC     00000001 BXPC 00000001)
[    0.039839] ACPI: FACS 0x0000000007FE0000 000040
[    0.039895] ACPI: APIC 0x0000000007FE1B8C 000078 (v03    0.039923] ACPI: HPET 0x0000000007FE1C04 000038 (v01 BOCHS  BXPC     00000001 BXPC 00000001)
[    0.039947] ACPI: WAET 0x0000000007FE1C3C 000028 (v01 BOCHS  BXPC     00000001 BXPC 00000001)
[    0.040042] ACPI: Reserving FACP table memory at [mem 0x7fe1b18-0x7fe1b8b]
[    0.04mem 0x7fe0040-0x7fe1b17]
[    0.040089] ACPI: Reserving FACS table memory at [mem 0x7fe0000-0x7fe003f]
[    0.040096] ACPI: Reserving APIC table memory at [mem 0x7fe1b8c-0x7fe1c03]
[    0.040102] ACPI: Reserving HPET table memory at [mem 0x7fe1c04-0x7fe1c3b]
[    0.040109] ACPI: c-0x7fe1c63]
[    0.063320] Zone ranges:
[    0.063358]   DMA      [mem 0x0000000000001000-0x0000000000ffffff]
[    0.063442]   DMA32    [mem 0x0000000001000000-0x0000000007fdcfff]
[    0.063454]   Normal   empty
[    0.063474] Movable zone start for each node
[    0.063509] Earle   0: [mem 0x0000000000001000-0x000000000009efff]
[    0.063678]   node   0: [mem 0x0000000000100000-0x0000000007fdcfff]
[    0.063819] Initmem setup node 0 [mem 0x0000000000001000-0x0000000007fdcfff]
[    0.064925] On node 0, zone DMA: 1 pages in unavailable ranges
[    0.06531able ranges
[    0.066755] On node 0, zone DMA32: 35 pages in unavailable ranges
[    0.067173] ACPI: PM-Timer IO Port: 0x608
[    0.067606] ACPI: LAPIC_NMI (acpi_id[0xff] dfl dfl lint[0x1])
[    0.068068] IOAPIC[0]: apic_id 0, version 32, address 0xfec00000, GSI 0-23
[    0.0681al_irq 2 dfl dfl)
[    0.068454] ACPI: INT_SRC_OVR (bus 0 bus_irq 5 global_irq 5 high level)
[    0.068511] ACPI: INT_SRC_OVR (bus 0 bus_irq 9 global_irq 9 high level)
[    0.068609] ACPI: INT_SRC_OVR (bus 0 bus_irq 10 global_irq 10 high level)
[    0.068619] ACPI: INT_SRC_OVR (bu[    0.068807] ACPI: Using ACPI (MADT) for SMP configuration information
[    0.068854] ACPI: HPET id: 0x8086a201 base: 0xfed00000
[    0.069247] CPU topo: Max. logical packages:   1
[    0.069262] CPU topo: Max. logical dies:       1
[    0.069272] CPU topo: Max. dies per package:s per core:   1
[    0.069482] CPU topo: Num. cores per package:     1
[    0.069499] CPU topo: Num. threads per package:   1
[    0.069509] CPU topo: Allowing 1 present CPUs plus 0 hotplug CPUs
[    0.070340] [mem 0x08000000-0xfffbffff] available for PCI devices
[    0.070405] Bare
[    0.070730] clocksource: refined-jiffies: mask: 0xffffffff max_cycles: 0xffffffff, max_idle_ns: 19112604462750000 ns
[    0.071242] setup_percpu: NR_CPUS:512 nr_cpumask_bits:1 nr_cpu_ids:1 nr_node_ids:1
[    0.073034] percpu: Embedded 46 pages/cpu s150552 r8192 d29672 u2097OOT_IMAGE=/boot/vmlinuz root=PARTUUID=6f360ebf-02 rootwait console=tty1 console=ttyS0,115200n8 noinitrd
[    0.076662] random: crng init done
[    0.076747] printk: log buffer data + meta data: 131072 + 458752 = 589824 bytes
[    0.077020] Dentry cache hash table entries: 16384 (or31] Inode-cache hash table entries: 8192 (order: 4, 65536 bytes, linear)
[    0.079487] Built 1 zonelists, mobility grouping on.  Total pages: 32635
[    0.079730] mem auto-init: stack:off, heap alloc:off, heap free:off
[    0.089123] SLUB: HWalign=64, Order=0-3, MinObjects=0, CPUical RCU implementation.
[    0.097831] rcu: 	RCU restricting CPUs from NR_CPUS=512 to nr_cpu_ids=1.
[    0.098000] 	Tracing variant of Tasks RCU enabled.
[    0.098100] rcu: RCU calculated value of scheduler-enlistment delay is 10 jiffies.
[    0.098132] rcu: Adjusting geometry  0.099286] RCU Tasks Trace: Setting shift to 0 and lim to 1 rcu_task_cb_adjust=1 rcu_task_cpu_ids=1.
[    0.099585] NR_IRQS: 33024, nr_irqs: 256, preallocated irqs: 16
[    0.108968] rcu: srcu_init: Setting srcu_struct sizes based on contention.
[    0.116434] Console: colour VGA+ole [tty1] enabled
[    0.125354] printk: legacy console [ttyS0] enabled
[    0.345125] ACPI: Core revision 20250807
[    0.350609] clocksource: hpet: mask: 0xffffffff max_cycles: 0xffffffff, max_idle_ns: 19112604467 ns
[    0.355552] APIC: Switch to symmetric I/O mode setup
[    0.360054] ..TIMER: vector=0x30 apic1=0 pin1=2 apic2=-1 pin2=-1
[    0.402499] clocksource: tsc-early: mask: 0xffffffffffffffff max_cycles: 0x233fca61329, max_idle_ns: 440795203427 ns
[    0.403252] Calibrating delay loop (skipped), value calculated using timer frequency.. 4890.82 BogoMIPS (lpj=24454120)
[    0.405225] x86/cpu: User Mode In (UMIP) activated
[    0.419575] Last level iTLB entries: 4KB 0, 2MB 0, 4MB 0
[    0.419904] Last level dTLB entries: 4KB 0, 2MB 0, 4MB 0, 1GB 0
[    0.423455] mitigations: Enabled attack vectors: user_kernel, user_user, guest_host, guest_guest, SMT mitigations: auto
[    0.424658] Speculative Store Bypass: Vulnerable
[    0.425471] Spectre V2 : Mitigation: Retpolines
[    0.425902] Spectre V1 : Mitigation: usercopy/swapgs barriers and __user pointer sanitization
[    0.426385] Spectre V2 : Spectre v2 / SpectreRSB: Filling RSB on context switch and VMEXIT
[    0.428657] x86/fpu: VE feature 0x001: 'x87 floating point registers'
[    0.435584] x86/fpu: Supporting XSAVE feature 0x002: 'SSE registers'
[    0.435854] x86/fpu: Supporting XSAVE feature 0x004: 'AVX registers'
[    0.436083] x86/fpu: Supporting XSAVE feature 0x008: 'MPX bounds registers'
[    0.436XSAVE feature 0x010: 'MPX CSR'
[    0.443503] x86/fpu: xstate_offset[2]:  576, xstate_sizes[2]:  256
[    0.443914] x86/fpu: xstate_offset[3]:  960, xstate_sizes[3]:   64
[    0.444172] x86/fpu: xstate_offset[4]: 1024, xstate_sizes[4]:   64
[    0.444428] x86/fpu: Enabled xstate features 0xandard' format.
[    0.861888] Freeing SMP alternatives memory: 48K
[    0.863390] pid_max: default: 32768 minimum: 301
[    0.874021] Mount-cache hash table entries: 512 (order: 0, 4096 bytes, linear)
[    0.874441] Mountpoint-cache hash table entries: 512 (order: 0, 4096 bytes, linear)
[    1.026200] smpboot: CPU0: AMD QEMU TCG CPU version 2.5+ (family: 0x6, model: 0x6, stepping: 0x3)
[    1.034876] Performance Events: PMU not available due to virtualization, using software events only.
[    1.036390] signal: max sigframe size: 1616
[    1.038010] rcu: Hierarchical SRCU implementation.
[    1.038261] rcu: 	Max phase no-delay instances is 1000.
[    1.0434: Bringing up secondary CPUs ...
[    1.047268] smp: Brought up 1 node, 1 CPU
[    1.047538] smpboot: Total of 1 processors activated (4890.82 BogoMIPS)
[    1.055556] Memory: 98124K/130540K available (14247K kernel code, 1176K rwdata, 5708K rodata, 2652K init, 2180K bss, 3072eserved, 0K cma-reserved)
[    1.069906] clocksource: jiffies: mask: 0xffffffff max_cycles: 0xffffffff, max_idle_ns: 19112604462750000 ns
[    1.070779] posixtimers hash table entries: 512 (order: 1, 8192 bytes, linear)
[    1.071293] futex hash table entries: 256 (16384 bytes on 1 NUMA nodes, total 16] pinctrl core: initialized pinctrl subsystem
[    1.099759] NET: Registered PF_NETLINK/PF_ROUTE protocol family
[    1.108358] thermal_sys: Registered thermal governor 'step_wise'
[    1.108396] thermal_sys: Registered thermal governor 'user_space'
[    1.109401] cpuidle: using governor ladder
[    1.109911] cpuidle: using governor menu
[    1.111775] acpiphp: ACPI Hot Plug PCI Controller Driver version: 0.5
[    1.114732] PCI: Using configuration type 1 for base access
[    1.120614] HugeTLB: registered 2.00 MiB page size, pre-allocated 0 pages
[    1.120919] HugeTLB: 28 KiB vmemmap can be freed for a 2.00 page
[    1.139646] ACPI: Added _OSI(Module Device)
[    1.139923] ACPI: Added _OSI(Processor Device)
[    1.140093] ACPI: Added _OSI(Processor Aggregator Device)
[    1.154892] ACPI: 1 ACPI AML tables successfully acquired and loaded
[    1.171703] ACPI: Interpreter enabled
[    1.172563] ACPI: PM: (supports S0 S5)
[    1.172792] ACPI: Using IOAPIC for interrupt routing
[    1.173458] PCI: Using host bridge windows from ACPI; if necessary, use "pci=nocrs" and report a bug
[    1.173827] PCI: Using E820 r
[    1.183998] ACPI: Enabled 2 GPEs in block 00 to 0F
[    1.214564] ACPI: PCI Root Bridge [PCI0] (domain 0000 [bus 00-ff])
[    1.215571] acpi PNP0A03:00: _OSC: OS supports [ASPM ClockPM Segments MSI HPX-Type3]
[    1.216015] acpi PNP0A03:00: _OSC: not requesting OS control; OS requires [ExtendedConfig ASPM ClockPM MSI]
[    1.o add MMCONFIG information, can't access extended configuration space under this bridge
[    1.227817] acpiphp: Slot [3] registered
[    1.228175] acpiphp: Slot [4] registered
[    1.228443] acpiphp: Slot [5] registered
[    1.228691] acpiphp: Slot [6] registered
[    1.228958] acpiphp: Sl[    1.233327] acpiphp: Slot [8] registered
[    1.234235] acpiphp: Slot [9] registered
[    1.234614] acpiphp: Slot [10] registered
[    1.234918] acpiphp: Slot [11] registered
[    1.235178] acpiphp: Slot [12] registered
[    1.235446] acpiphp: Slot [13] registered
[    1.2357 1.243324] acpiphp: Slot [15] registered
[    1.245009] acpiphp: Slot [16] registered
[    1.245425] acpiphp: Slot [17] registered
[    1.245689] acpiphp: Slot [18] registered
[    1.245941] acpiphp: Slot [19] registered
[    1.246197] acpiphp: Slot [20] registered
[    1.246483]253306] acpiphp: Slot [22] registered
[    1.255615] acpiphp: Slot [23] registered
[    1.256052] acpiphp: Slot [24] registered
[    1.256364] acpiphp: Slot [25] registered
[    1.256614] acpiphp: Slot [26] registered
[    1.256902] acpiphp: Slot [27] registered
[    1.257165] ac328] acpiphp: Slot [29] registered
[    1.266317] acpiphp: Slot [30] registered
[    1.266764] acpiphp: Slot [31] registered
[    1.267218] PCI host bridge to bus 0000:00
[    1.267721] pci_bus 0000:00: root bus resource [io  0x0000-0x0cf7 window]
[    1.268113] pci_bus 0000:00: roow]
[    1.273326] pci_bus 0000:00: root bus resource [mem 0x000a0000-0x000bffff window]
[    1.273874] pci_bus 0000:00: root bus resource [mem 0x08000000-0xfebfffff window]
[    1.274197] pci_bus 0000:00: root bus resource [mem 0x100000000-0x17fffffff window]
[    1.274685] -ff]
[    1.293927] pci 0000:00:00.0: [8086:1237] type 00 class 0x060000 conventional PCI endpoint
[    1.298388] pci 0000:00:01.0: [8086:7000] type 00 class 0x060100 conventional PCI endpoint
[    1.299341] pci 0000:00:01.1: [8086:7010] type 00 class 0x010180 conventional PCI endp629] pci 0000:00:01.1: BAR 4 [io  0xc0e0-0xc0ef]
[    1.303386] pci 0000:00:01.1: BAR 0 [io  0x01f0-0x01f7]: legacy IDE quirk
[    1.303711] pci 0000:00:01.1: BAR 1 [io  0x03f6]: legacy IDE quirk
[    1.304005] pci 0000:00:01.1: BAR 2 [io  0x0170-0x0177]: legacy IDE quirk
[    1.304272] pci 000uirk
[    1.314307] pci 0000:00:01.3: [8086:7113] type 00 class 0x068000 conventional PCI endpoint
[    1.314979] pci 0000:00:01.3: quirk: [io  0x0600-0x063f] claimed by PIIX4 ACPI
[    1.315320] pci 0000:00:01.3: quirk: [io  0x0700-0x070f] claimed by PIIX4 SMB
[    1.316137] pci s 0x030000 conventional PCI endpoint
[    1.324390] pci 0000:00:02.0: BAR 0 [mem 0xfd000000-0xfdffffff pref]
[    1.324747] pci 0000:00:02.0: BAR 2 [mem 0xfeb90000-0xfeb90fff]
[    1.324977] pci 0000:00:02.0: ROM [mem 0xfeb80000-0xfeb8ffff pref]
[    1.325435] pci 0000:00:02.0: Vide000c0000-0x000dffff]
[    1.334346] pci 0000:00:03.0: [1af4:1000] type 00 class 0x020000 conventional PCI endpoint
[    1.335637] pci 0000:00:03.0: BAR 0 [io  0xc080-0xc09f]
[    1.335914] pci 0000:00:03.0: BAR 4 [mem 0xfe000000-0xfe003fff 64bit pref]
[    1.336208] pci 0000:00:03.0:ref]
[    1.354565] pci 0000:00:04.0: [1af4:1005] type 00 class 0x00ff00 conventional PCI endpoint
[    1.355652] pci 0000:00:04.0: BAR 0 [io  0xc0a0-0xc0bf]
[    1.355887] pci 0000:00:04.0: BAR 1 [mem 0xfeb91000-0xfeb91fff]
[    1.356116] pci 0000:00:04.0: BAR 4 [mem 0xfe004000-0
[    1.365491] pci 0000:00:05.0: [1af4:1000] type 00 class 0x020000 conventional PCI endpoint
[    1.367130] pci 0000:00:05.0: BAR 0 [io  0xc0c0-0xc0df]
[    1.367382] pci 0000:00:05.0: BAR 1 [mem 0xfeb92000-0xfeb92fff]
[    1.367605] pci 0000:00:05.0: BAR 4 [mem 0xfe008000-065] pci 0000:00:05.0: ROM [mem 0xfeb00000-0xfeb7ffff pref]
[    1.380275] pci 0000:00:06.0: [1af4:1001] type 00 class 0x010000 conventional PCI endpoint
[    1.381330] pci 0000:00:06.0: BAR 0 [io  0xc000-0xc07f]
[    1.381569] pci 0000:00:06.0: BAR 1 [mem 0xfeb93000-0xfeb93fff]
[    :06.0: BAR 4 [mem 0xfe00c000-0xfe00ffff 64bit pref]
[    1.396812] ACPI: PCI: Interrupt link LNKA configured for IRQ 10
[    1.397991] ACPI: PCI: Interrupt link LNKB configured for IRQ 10
[    1.398737] ACPI: PCI: Interrupt link LNKC configured for IRQ 11
[    1.399422] ACPI: PCI: Interrupt link LNKD configured for IRQ 11
[    1.399872] ACPI: PCI: Interrupt link LNKS configured for IRQ 9
[   t domain type: Translated
[    1.409203] iommu: DMA domain TLB invalidation policy: lazy mode
[    1.413472] SCSI subsystem initialized
[    1.414561] ACPI: bus type USB registered
[    1.415113] usbcore: registered new interface driver usbfs
[    1.415619] usbcore: registered newb
[    1.420617] usbcore: registered new device driver usb
[    1.421447] pps_core: LinuxPPS API ver. 1 registered
[    1.421648] pps_core: Software ver. 5.3.6 - Copyright 2005-2007 Rodolfo Giometti <giometti@linux.it>
[    1.422040] PTP clock support registered
[    1.432156] PCI: Using ACPI for IRQ routing
[    1.434752] hpet0: at MMIO 0xfed00000, IRQs 2, 8, 0
[    1.435041] hpet0: 3 comparators, 64-bit 100.000000 MHz counter
[    1.441213] clocksource: Switched to clocksource tsc-early
[    1.443134] pnp: PnP ACPI init
[    1.443273] pnp: PnP ACPI: found 6 devices
[    1.458316] clocksource: acpi_pm: mask: 0xffffff max_cycles: 0xffffff, max_idle_ns: 2085701024 ns
[    1.459692] NET: Registered PF_INET protocol family
[    1.460871] IP idents hash table entries: 2048 (order: 2, 16384 bytes, linear)
[    1.466833] tcp_listen_portaddr_hastable entries: 256 (order: 0, 4096 bytes, linear)
[    1.469305] Table-perturb hash table entries: 65536 (order: 6, 262144 bytes, linear)
[    1.469759] TCP established hash table entries: 1024 (order: 1, 8192 bytes, linear)
[    1.470251] TCP bind hash table entries: 1024 (order: 3, P: Hash tables configured (established 1024 bind 1024)
[    1.481889] MPTCP token hash table entries: 256 (order: 1, 6144 bytes, linear)
[    1.482435] UDP hash table entries: 256 (order: 2, 16384 bytes, linear)
[    1.482910] UDP-Lite hash table entries: 256 (order: 2, 16384 bytes, li Registered PF_UNIX/PF_LOCAL protocol family
[    1.492295] pci_bus 0000:00: resource 4 [io  0x0000-0x0cf7 window]
[    1.492548] pci_bus 0000:00: resource 5 [io  0x0d00-0xffff window]
[    1.492770] pci_bus 0000:00: resource 6 [mem 0x000a0000-0x000bffff window]
[    1.493036] pci_0-0xfebfffff window]
[    1.502466] pci_bus 0000:00: resource 8 [mem 0x100000000-0x17fffffff window]
[    1.503264] pci 0000:00:01.0: PIIX3: Enabling Passive Release
[    1.503662] pci 0000:00:00.0: Limiting direct PCI/PCI transfers
[    1.504042] PCI: CLS 0 bytes, default 64
[    1.526316] workingset: timestamp_bits=46 max_order=15 bucket_order=0
[    1.528801] squashfs: version 4.0 (2009/01/31) Phillip Lougher
[    1.535325] cryptd: max_cpu_qlen set to 1000
[    1.535807] Block layer SCSI generic (bsg) driver version 0.4 loaded (major 247)
[    1.542470] input: Power Button as /devices/LNXSYSTM:00/LNXPWRBN:00/input/input0
[    1.550928] ACPI: button: Power Button [PWRF]
[    1.728522] ACPI: \_SB_.LNKC: Enabled at IRQ 11
[    1.900659] ACPI: \_SB_.LNKD: Enabled at IRQ 10
[    2.070772] ACPI: \_SB_.LNKA: Enabled at IRQ 10
[    2.240535] ACPI: \_SB_.LNKB: Enabled at IRQ 11
[    2.243541] Serial: 8250/16550 driver, 16 ports, IRQ sharing enabled
[    2.269273] 00:04: ttyS0 at I/O 0x3f8 (irq = 4, base_baud = 115200) is a 16550A
[    2.293431] Non-volatile memory driver v1.3
[    2.305004] Linux agpgart interface v0.103
[    2.306079] ACPI: bus type drm_connector registered
[    2.310644] [drm] Found bochs VGA, ID 0xb0c5.
[    2.310889] [drm] Framebuffer size 16384 kB @ 0xfd000000, mmio @ 0xfeb90000.
[    2.317164] [drm] Initialized bochs-drm 1.0.0 for 0000:00:02.0 on minor 0
[    2.384981] Console: switching to colour frame buffer device 160x50
[    2.396392] bochs-drm 0000:00:02.0: [drm] fb0: bochs-drmdrmfb frame buffer device
[    2.433970] loop: module loaded
[    2.434743] virtio_blk virtio3: 1/0/0 default/read/poll queues
[    2.439567] virtio_blk virtio3: [vda] 246784 512-byte logical blocks (126 MB/121 MiB)
[    2.448817]  vda: vda1 vda2
[    2.451001] Guest personality initialized and is inactive
[    2.451583] VMCI host device registered (name=vmci, major=10, minor=256)
[    2.451835] Initialized host personality
[    2.452207] usbcore: registered new interface driver rtsx_usPVSCSI driver - version 1.0.7.0-k
[    2.476418] scsi host0: ata_piix
[    2.479144] scsi host1: ata_piix
[    2.480124] ata1: PATA max MWDMA2 cmd 0x1f0 ctl 0x3f6 bmdma 0xc0e0 irq 14 lpm-pol 0
[    2.480442] ata2: PATA max MWDMA2 cmd 0x170 ctl 0x376 bmdma 0xc0e8 irq 15 lpm-pol 0
[    2.496395] VMware vmxnet3 virtual NIC driver - version 1.9.0.0-k-NAPI
[    2.496812] Fusion MPT base driver 3.04.20
[    2.496997] Copyright (c) 1999-2008 LSI Corporation
[    2.497393] Fusion MPT SPI Host driver 3.04.20
[    2.497819] Fusion MPT SAS Host driver 3.04.20stered new interface driver usb-storage
[    2.508407] i8042: PNP: PS/2 Controller [PNP0303:KBD,PNP0f13:MOU] at 0x60,0x64 irq 1,12
[    2.511823] serio: i8042 KBD port at 0x60,0x64 irq 1
[    2.512243] serio: i8042 AUX port at 0x60,0x64 irq 12
[    2.512985] rtc_cmos 00:05: R
[    2.521607] rtc_cmos 00:05: registered as rtc0
[    2.524651] rtc_cmos 00:05: setting system clock to 2026-04-25T03:23:51 UTC (1777087431)
[    2.526563] rtc_cmos 00:05: alarms up to one day, y3k, 242 bytes nvram, hpet irqs
[    2.528683] intel_powerclamp: CPU does not sup
[    2.533360] amd_pstate: the _CPC object is not present in SBIOS or ACPI disabled
[    2.535419] sdhci: Secure Digital Host Controller Interface driver
[    2.536824] sdhci: Copyright(c) Pierre Ossman
[    2.538615] VUB300 Driver rom wait states = 1C irqpoll timeout = 0400
[    2.545442] input: AT Translated Set 2 keyboard as /devices/platform/i8042/serio0/input/input1
[    2.561690] usbcore: registered new interface driver vub300
[    2.563276] usbcore: registered new interface driver ushc
[    2.570986] hid: raw HID events driver (C) Jiri Kosina
[    2.573067] usbcore: registered new interface driver usbhid
[    2.574664] usbhid: USB HID core driver
[    2.577639] NET: Registered PF_INET6 protocol family
[    2.585019] tsc: Refined TSC clocksource calibration: 2445.413 MHz
[    2.586827] clocksource: tsc: mask: 0xffffffffffffffff max_cycles: 0x233fcb97d2e, max_idle_ns: 440795290575 ns
[    2.591893] clocksource: Switched to clocksource tsc
[    2.604701] Segment Routing with IPv6
[    2.606341] In-situ OAM (IOAM) with IPv6
[    2.608235] NET: Registered PF_PACKET protocol family
[    2.610161] bridge: filtering via arp/ip/ip6tables is no longer available by default. Update your scripts to load br_netfilter if y
[    2.619391] 8021q: 802.1Q VLAN Support v1.8
[    2.621536] NET: Registered PF_VSOCK protocol family
[    2.629906] IPI shorthand broadcast: enabled
[    2.650180] sched_clock: Marking stable (2410080563, 233506386)->(2652722954, -9136005)
[    2.677558] ata2: found unknown device (class 0)
[    2.706978] ata2.00: ATAPI: QEMU DVD-ROM, 2.5+, max UDMA/100
[    2.752568] scsi 1:0:0:0: CD-ROM            QEMU     QEMU DVD-ROM     2.5+ PQ: 0 ANSI: 5
[    2.764404] clk: Disabling unused clocks
[    2.781664] check access for rdinit=/init failed: -2, ignoring
[    2.805883] sr 1:0:0:0: [sr0] scsi3-mmc drive: 4x/4x cd/rw xa/form2 tray
[    2.807757] cdrom: Uniform CD-ROM driver Revision: 3.20
[    2.847091] VFS: Mounted root (squashfs filesystem) readonly on device 254:2.
[    2.919194] Freeing unused kernel image (initmem) memory: 2652K
[    2.921212] Write protecting the kernel read-only data: 20480k
[    2.924010] Freeing unused kernel image (text/rodata gap) memory: 88K
[    2.926293] Freeing unused kernel image (rodata/data gap) memory: 436K
[    2.931196] Run /sbin/init as init process
[    3.228737] init: Console is alive
[    4.473179] kmodloader: loading kernel modules from /etc/modules-boot.d/*
[    4.569801] button_hotplug: loading out-of-tree module taints kernel.
[    4.576966] Button Hotplug driver version 0.4.1
[    4.603410] Intel(R) 2.5G Ethernet Linux Driver
[    4.605340] Copyright(c) 2018 Intel Corporation.
[    4.625768] igb: Intel(R) Gigabit Ethernet Network Driver
[    4.627530] igb: Copyright (c) 2007-2014 Intel Corporation.
[    4.647824] e1000e: Intel(R) PRO/1000 Network Driver
[    4.649575] e1000e: Copyright(c) 1999 - 2015 Intel Corporation.
[    4.665790] kmodloader: done loading kernel modules from /etc/modules-boot.d/*
[    4.684954] init: - preinit -
[    5.710111] 8021q: adding VLAN 0 to HW filter on device eth0
Press the [f] key and hit [enter] to enter failsafe mode
Press the [1], [2], [3] or [4] key and hit [enter] to select the debug level

[   10.372585] loop0: detected capacity change from 0 to 212992
[   10.414183] loop0: detected capacity change from 212992 to 198656
[   10.427100] mount_root: overlay filesystem in /dev/loop0 has not been formatted yet
[   10.761442] EXT4-fs (loop0): mounted filesystem 2e569b07-3ba0-48b2-a0d6-425db7652cd3 r/w with ordered data mode. Quota mode: disabled.
[   10.774713] mount_root: overlay filesystem has not been fully initialized yet
[   10.791871] mount_root: switching to ext4 overlay
[   10.812866] overlayfs: null uuid detected in lower fs '/', falling back to xino=off,index=off,nfs_export=off.
[   11.515517] EXT4-fs (vda1): mounted filesystem 84173db5-fa99-e35a-95c6-28613cc79ea9 r/w without journal. Quota mode: disabled.
[   11.541598] urandom-seed: Seed file not found (/etc/urandom.seed)
[   11.701704] procd: - early -
[   12.474556] procd: - ubus -
[   12.576055] procd: - init -
Please press Enter to activate this console.
root
login[1032]: root login on 'ttyS0'


BusyBox v1.37.0 (2026-04-22 23:13:36 UTC) built-in shell (ash)

  _______                     ________        __
 |       |.-----.-----.-----.|  |  |  |.----.|  |_
 |   -   ||  _  |  -__|     ||  |  |  ||   _||   _|
 |_______||   __|_____|__|__||________||__|  |____|
          |__| W I R E L E S S   F R E E D O M
 -----------------------------------------------------
 OpenWrt SNAPSHOT, r34136-8ef7b4ee4b
 -----------------------------------------------------

 === WARNING! =====================================
 There is no root password defined on this device!
 Use the "passwd" command to set up a new password
 in order to prevent unauthorized SSH logins.
 --------------------------------------------------

  ___   __ __                _______             __
 |   |_|__|  |--.----.-----.|   |   |-----.-----|  |--.
 |     |  |  _  |   _|  -__||       |  -__|__ --|     |
 |_____|__|_____|__| |_____||__|_|__|_____|_____|__|__|

 ------------------------------------------------------
 LiMe master development (master rev. aebe482 20260416_0843)
 ------------------------------------------------------
 https://libremesh.org
 ------------------------------------------------------
root@(none):~# dmesg -n 1
root@(none):~# echo 'PHHQ''GLWMKE'
PHHQGLWMKE
root@LiMe-123456:~# run() { echo -n "$MARKER"; sh -c "$@"; echo "$MARKER $?"; }
root@LiMe-123456:~# echo 'WGUQ''MQEONQ'
WGUQMQEONQ
root@LiMe-123456:~# MARKER='XVTA''NTCVFX' run 'ubus wait_for network.interface.l
an'
XVTANTCVFXXVTANTCVFX 0
root@LiMe-123456:~# echo 'PUAV''NCTMWZ'
PUAVNCTMWZ
root@LiMe-123456:~# MARKER='ESQT''HFKVFP' run 'ubus call network.interface.lan s
tatus '"'"'{}'"'"''
ESQTHFKVFP{
	"up": true,
	"pending": false,
	"available": true,
	"autostart": true,
	"dynamic": false,
	"uptime": 1,
	"l3_device": "br-lan",
	"proto": "static",
	"device": "br-lan",
	"updated": [
		"addresses"
	],
	"metric": 0,
	"dns_metric": 0,
	"delegation": true,
	"ipv4-address": [
		{
			"address": "10.13.52.86",
			"mask": 16
		}
	],
	"ipv6-address": [
		{
			"address": "fd0d:fe46:8ce8::12:3456",
			"mask": 64
		}
	],
	"ipv6-prefix": [
		
	],
	"ipv6-prefix-assignment": [
		
	],
	"route": [
		
	],
	"dns-server": [
		
	],
	"dns-search": [
		
	],
	"neighbors": [
		
	],
	"inactive": {
		"ipv4-address": [
			
		],
		"ipv6-address": [
			
		],
		"route": [
			
		],
		"dns-server": [
			
		],
		"dns-search": [
			
		],
		"neighbors": [
			
		]
	},
	"data": {
		
	}
}
ESQTHFKVFP 0
root@LiMe-123456:~# echo 'QGGY''NAOXCF'
QGGYNAOXCF
root@LiMe-123456:~# MARKER='ZSFH''JPGSTK' run true
ZSFHJPGSTKZSFHJPGSTK 0
root@LiMe-123456:~# echo 'OUOX''FPBSQG'
OUOXFPBSQG
root@LiMe-123456:~# MARKER='FWLZ''VMUQHA' run 'source /etc/os-release; echo $BUI
LD_ID'
FWLZVMUQHAr34136-8ef7b4ee4b
FWLZVMUQHA 0
root@LiMe-123456:~# echo 'ZZYN''FOWYUM'
ZZYNFOWYUM
root@LiMe-123456:~# MARKER='OYBQ''JNPMHG' run 'ls /etc/dropbear/dropbear_rsa_hos
t_key'
OYBQJNPMHG[0;0m/etc/dropbear/dropbear_rsa_host_key[m
OYBQJNPMHG 0
root@LiMe-123456:~# echo 'BHBH''CPUUHM'
BHBHCPUUHM
root@LiMe-123456:~# MARKER='MHOU''CQTPCE' run 'netstat -tlpn | grep 0.0.0.0:22'
MHOUCQTPCEtcp        0      0 0.0.0.0:22              0.0.0.0:*               LISTEN      2111/dropbear
MHOUCQTPCE 0
root@LiMe-123456:~# echo 'LQHO''MNALTH'
LQHOMNALTH
root@LiMe-123456:~# MARKER='JLYS''OEHBXC' run 'dmesg | grep br-lan | grep forwar
ding'
JLYSOEHBXC[   50.404335] br-lan: port 1(eth0) entered forwarding state
[   54.397210] br-lan: port 2(bat0) entered forwarding state
JLYSOEHBXC 0
root@LiMe-123456:~# echo 'WLYC''PNWVSV'
WLYCPNWVSV
root@LiMe-123456:~# MARKER='KNZN''KZSPUJ' run 'ubus call network.interface.lan s
tatus '"'"'{}'"'"''
KNZNKZSPUJ{
	"up": true,
	"pending": false,
	"available": true,
	"autostart": true,
	"dynamic": false,
	"uptime": 43,
	"l3_device": "br-lan",
	"proto": "static",
	"device": "br-lan",
	"updated": [
		"addresses"
	],
	"metric": 0,
	"dns_metric": 0,
	"delegation": true,
	"ipv4-address": [
		{
			"address": "10.13.52.86",
			"mask": 16
		}
	],
	"ipv6-address": [
		{
			"address": "fd0d:fe46:8ce8::12:3456",
			"mask": 64
		}
	],
	"ipv6-prefix": [
		
	],
	"ipv6-prefix-assignment": [
		
	],
	"route": [
		
	],
	"dns-server": [
		
	],
	"dns-search": [
		
	],
	"neighbors": [
		
	],
	"inactive": {
		"ipv4-address": [
			
		],
		"ipv6-address": [
			
		],
		"route": [
			
		],
		"dns-server": [
			
		],
		"dns-search": [
			
		],
		"neighbors": [
			
		]
	},
	"data": {
		
	}
}
KNZNKZSPUJ 0
root@LiMe-123456