Labgrid Console Logfile for main
Logfile started at 2026-04-19 02:00:56.214433
=== Log starts here ===
c[?7l[2J[0mSeaBIOS (version 1.16.3-debian-1.16.3-2)


iPXE (https://ipxe.org) 00:03.0 CA00 PCI2.10 PnP PMM+06FCAE70+06F0AE70 CA00
Press Ctrl-B to configure iPXE (PCI 00:03.0)...                                                                               




iPXE (https://ipxe.org) 00:05.0 CB00 PCI2.10 PnP PMM 06FCAE70 06F0AE70 CB00
Press Ctrl-B to configure iPXE (PCI 00:05.0)...                                                                               


Booting from Hard Disk...
GRUB loading.....
[0;30;47mWelcome to GRUB![01;01H[0m[2J[H[J[1;1H[?25l[m[H[J[1;1H[2;30HGNU GRUB  version 2.12

[m[4;2H+----------------------------------------------------------------------------+[5;2H|[5;79H|[6;2H|[6;79H|[7;2H|[7;79H|[8;2H|[8;79H|[9;2H|[9;79H|[10;2H|[10;79H|[11;2H|[11;79H|[12;2H|[12;79H|[13;2H|[13;79H|[14;2H|[14;79H|[15;2H|[15;79H|[16;2H+----------------------------------------------------------------------------+[m[17;2H[18;2H[m     Use the ^ and v keys to select which entry is highlighted.          
      Press enter to boot the selected OS, `e' to edit the commands       
      before booting or `c' for a command-line. ESC to return             
      previous menu.                                                      [5;80H [7m[5;3H*OpenWrt                                                                    [m[5;78H[m[m[6;3H OpenWrt (failsafe)                                                         [m[6;78H[m[m[7;3H                                                                            [m[7;78H[m[m[8;3H                                                                            [m[8;78H[m[m[9;3H                                                                            [m[9;78H[m[m[10;3H                                                                            [m[10;78H[m[m[11;3H                                                                            [m[11;78H[m[m[12;3H                                                                            [m[12;78H[m[m[13;3H                                                                            [m[13;78H[m[m[14;3H                                                                            [m[14;78H[m[m[15;3H                                                                            [m[15;78H[m[15;80H [5;78H[2J[02;30HGNU GRUB  version 2.12[04;02H┌────────────────────────────────────────────────────────────────────────────┐[05;02H│[05;79H│[06;02H│[06;79H│[07;02H│[07;79H│[08;02H│[08;79H│[09;02H│[09;79H│[10;02H│[10;79H│[11;02H│[11;79H│[12;02H│[12;79H│[13;02H│[13;79H│[14;02H│[14;79H│[15;02H│[15;79H│[16;02H│[16;79H│[17;02H└────────────────────────────────────────────────────────────────────────────┘[19;02H     Use the ↑ a[19;17H[19;18Hnd ↓ keys to select which entry is highlighted.          
      Press enter to boot the selected OS, `e' to edit the commands       
      before booting or [21;24H[21;25H`c' for a command-line. ESC to return             
      previous menu.                                                      [05;80H [05;03H[0;30;47m*OpenWrt                                                                    [06;03H[0m OpenWrt (failsafe)                                                         [07;03H                                                                            [08;03H                                                                            [09;03H                                                                            [10;03H                                                                            [11;03H                                                                   [11;69H[11;70H         [12;03H                                                                            [13;03H                                                                            [14;03H                                                                            [15;03H                                                                            [16;03H                                                                            [16;80H 






   The highlighted entry will be executed automatically in 5s.                [22;1H   The highlighted entry will be executed automatically in 5s.                 [5;78H [05;78H

















   The highlighted entry will be executed automatically in 4s.                [22;1H   The highlighted entry will be executed automatically in 4s.                 [5;78H [05;78H

















   The highlighted entry will be executed automatically in 3s.                [22;1H   The highlighted entry will be executed automatically in 3s.                 [5;78H [05;78H

















   The highlighted entry will be executed automatically in 2s.                [22;1H   The highlighted entry will be executed automatically in 2s.                 [5;78H [05;78H

















   The highlighted entry will be executed automatically in 1s.                [22;1H   The highlighted entry will be executed automatically in 1s.                 [5;78H [05;78H

















   The highlighted entry will be executed automatically in 0s.                [22;1H   The highlighted entry will be executed automatically in 0s.                 [5;78H [01;01H[2J[?25h[H[J[1;1H[H[J[1;1H[2J   Booting `OpenWrt' Booting `OpenWrt

'

[    0.000000] Linux version 6.12.80 (builder@buildhost) (x86_64-openwrt-linux-musl-gcc (OpenWrt GCC 14.3.0 r34041-a37270225e) 14.3.0, GNU ld (GNU Binutils) 2.44) #0 SMP Sat Apr 18 20:43:12 2026
[    0.000000] Command line: BOOT_IMAGE=/boot/vmlinuz root=PARTUUID=4ab01afa-02 rootwait console=tty1 console=ttyS0,115200n8 noinitrd
[    0.000000] BIOS-provided physical RAM map:
[    0.000000] BIOS-e820: [mem 0x0000000000000000-0x000000000009fbff] usable
[    0.000000] BIOS-e820: [mem 0x000000000009fc00-0x000000000009ffff] reserved
[    0.000000] BIOS-e820: [mem 0x00000000000f0000-0x00000000000fffff] reserved
[    0.000000] BIOS-e820: [mem 0x0000000000100000-0x0000000007fdcfff] usable
[    0.000000] BIOS-e820: [mem 0x0000000007fdd000-0x0000000007ffffff] reserved
[    0.000000] BIOS-e820: [mem 0x00000000fffc0000-0x00000000ffffffff] reserved
[    0.000000] BIOS-e820: [mem 0x000000fd00000000-0x000000ffffffffff] reserved
[    0.000000] NX (Execute Disable) protection: active
[    0.000000] APIC: Static calls initialized
[    0.000000] SMBIOS 3.0.0 present.
[    0.000000] DMI: QEMU Standard PC (i440FX + PIIX, 1996), BIOS 1.16.3-debian-1.16.3-2 04/01/2014
[    0.000000] DMI: Memory slots populated: 1/1
[    0.000000] tsc: Fast TSC calibration using PIT
[    0.000000] tsc: Detected 2445.453 MHz processor
[    0.007547] last_pfn = 0x7fdd max_arch_pfn = 0x400000000
[    0.008161] MTRR map: 4 entries (3 fixed + 1 variable; max 19), built from 8 variable MTRRs
[    0.008325] x86/PAT: Configuration [0-7]: WB  WC  UC- UC  WB  WP  UC- WT  
[    0.026550] found SMP MP-table at [mem 0x000f5460-0x000f546f]
[    0.027913] Using GB pages for direct mapping
[    0.032395] ACPI: Early table checksum verification disabled
[    0.032737] ACPI: RSDP 0x00000000000F5290 000014 (v00 BOCHS )
[    0.033035] ACPI: RSDT 0x0000000007FE1C64 000034 (v01 BOCHS  BXPC     00000001 BXPC 00000001)
[    0.033569] ACPI: FACP 0x0000000007FE1B18 000074 (v01 BOCHS  BXPC     00000001 BXPC 00000001)
[    0.034146] ACPI: DSDT 0x0000000007FE0040 001AD8 (v01 BOCHS  BXPC     00000001 BXPC 00000001)
[    0.034215] ACPI: FACS 0x0000000007FE0000 000040
[    0.034263] ACPI: APIC 0x0000000007FE1B8C 000078 (v03 BOCHS  BXPC     00000001 BXPC 00000001)
[    0.034283] ACPI: HPET 0x0000000007FE1C04 000038 (v01 BOCHS  BXPC     00000001 BXPC 00000001)
[    0.034301] ACPI: WAET 0x0000000007FE1C3C 000028 (v01 BOCHS  BXPC     00000001 BXPC 00000001)
[    0.034395] ACPI: Reserving FACP table memory at [mem 0x7fe1b18-0x7fe1b8b]
[    0.034446] ACPI: Reserving DSDT table memory at [mem 0x7fe0040-0x7fe1b17]
[    0.034453] ACPI: Reserving FACS table memory at [mem 0x7fe0000-0x7fe003f]
[    0.034458] ACPI: Reserving APIC table memory at [mem 0x7fe1b8c-0x7fe1c03]
[    0.034463] ACPI: Reserving HPET table memory at [mem 0x7fe1c04-0x7fe1c3b]
[    0.034468] ACPI: Reserving WAET table memory at [mem 0x7fe1c3c-0x7fe1c63]
[    0.037508] Zone ranges:
[    0.037536]   DMA      [mem 0x0000000000001000-0x0000000000ffffff]
[    0.037612]   DMA32    [mem 0x0000000001000000-0x0000000007fdcfff]
[    0.037621]   Normal   empty
[    0.037639] Movable zone start for each node
[    0.037672] Early memory node ranges
[    0.037698]   node   0: [mem 0x0000000000001000-0x000000000009efff]
[    0.037750]   node   0: [mem 0x0000000000100000-0x0000000007fdcfff]
[    0.037867] Initmem setup node 0 [mem 0x0000000000001000-0x0000000007fdcfff]
[    0.038922] On node 0, zone DMA: 1 pages in unavailable ranges
[    0.039521] On node 0, zone DMA: 97 pages in unavailable ranges
[    0.042332] On node 0, zone DMA32: 35 pages in unavailable ranges
[    0.042694] ACPI: PM-Timer IO Port: 0x608
[    0.043083] ACPI: LAPIC_NMI (acpi_id[0xff] dfl dfl lint[0x1])
[    0.043525] IOAPIC[0]: apic_id 0, version 32, address 0xfec00000, GSI 0-23
[    0.043640] ACPI: INT_SRC_OVR (bus 0 bus_irq 0 global_irq 2 dfl dfl)
[    0.043886] ACPI: INT_SRC_OVR (bus 0 bus_irq 5 global_irq 5 high level)
[    0.043935] ACPI: INT_SRC_OVR (bus 0 bus_irq 9 global_irq 9 high level)
[    0.044028] ACPI: INT_SRC_OVR (bus 0 bus_irq 10 global_irq 10 high level)
[    0.044037] ACPI: INT_SRC_OVR (bus 0 bus_irq 11 global_irq 11 high level)
[    0.044213] ACPI: Using ACPI (MADT) for SMP configuration information
[    0.044257] ACPI: HPET id: 0x8086a201 base: 0xfed00000
[    0.044663] CPU topo: Max. logical packages:   1
[    0.044678] CPU topo: Max. logical dies:       1
[    0.044687] CPU topo: Max. dies per package:   1
[    0.044733] CPU topo: Max. threads per core:   1
[    0.044893] CPU topo: Num. cores per package:     1
[    0.044909] CPU topo: Num. threads per package:   1
[    0.044918] CPU topo: Allowing 1 present CPUs plus 0 hotplug CPUs
[    0.046078] [mem 0x08000000-0xfffbffff] available for PCI devices
[    0.046148] Booting paravirtualized kernel on bare hardware
[    0.046471] clocksource: refined-jiffies: mask: 0xffffffff max_cycles: 0xffffffff, max_idle_ns: 19112604462750000 ns
[    0.047141] setup_percpu: NR_CPUS:512 nr_cpumask_bits:1 nr_cpu_ids:1 nr_node_ids:1
[    0.049150] percpu: Embedded 50 pages/cpu s167000 r8192 d29608 u2097152
[    0.051577] Kernel command line: BOOT_IMAGE=/boot/vmlinuz root=PARTUUID=4ab01afa-02 rootwait console=tty1 console=ttyS0,115200n8 noinitrd
[    0.053198] random: crng init done
[    0.057983] Dentry cache hash table entries: 16384 (order: 5, 131072 bytes, linear)
[    0.058949] Inode-cache hash table entries: 8192 (order: 4, 65536 bytes, linear)
[    0.061616] Built 1 zonelists, mobility grouping on.  Total pages: 32635
[    0.061842] mem auto-init: stack:off, heap alloc:off, heap free:off
[    0.071971] SLUB: HWalign=64, Order=0-3, MinObjects=0, CPUs=1, Nodes=1
[    0.079978] rcu: Hierarchical RCU implementation.
[    0.080007] rcu: 	RCU restricting CPUs from NR_CPUS=512 to nr_cpu_ids=1.
[    0.080153] 	Tracing variant of Tasks RCU enabled.
[    0.080245] rcu: RCU calculated value of scheduler-enlistment delay is 10 jiffies.
[    0.080276] rcu: Adjusting geometry for rcu_fanout_leaf=16, nr_cpu_ids=1
[    0.081431] RCU Tasks Trace: Setting shift to 0 and lim to 1 rcu_task_cb_adjust=1 rcu_task_cpu_ids=1.
[    0.081562] NR_IRQS: 33024, nr_irqs: 256, preallocated irqs: 16
[    0.090428] rcu: srcu_init: Setting srcu_struct sizes based on contention.
[    0.097195] Console: colour VGA+ 80x25
[    0.097637] printk: legacy console [tty1] enabled
[    0.105634] printk: legacy console [ttyS0] enabled
[    0.358118] ACPI: Core revision 20240827
[    0.363543] clocksource: hpet: mask: 0xffffffff max_cycles: 0xffffffff, max_idle_ns: 19112604467 ns
[    0.368205] APIC: Switch to symmetric I/O mode setup
[    0.372927] ..TIMER: vector=0x30 apic1=0 pin1=2 apic2=-1 pin2=-1
[    0.415339] clocksource: tsc-early: mask: 0xffffffffffffffff max_cycles: 0x233ff135673, max_idle_ns: 440795248953 ns
[    0.415982] Calibrating delay loop (skipped), value calculated using timer frequency.. 4890.90 BogoMIPS (lpj=24454530)
[    0.417808] x86/cpu: User Mode Instruction Prevention (UMIP) activated
[    0.435973] Last level iTLB entries: 4KB 0, 2MB 0, 4MB 0
[    0.436377] Last level dTLB entries: 4KB 0, 2MB 0, 4MB 0, 1GB 0
[    0.437441] Spectre V1 : Mitigation: usercopy/swapgs barriers and __user pointer sanitization
[    0.438477] Spectre V2 : Mitigation: Retpolines
[    0.438705] Spectre V2 : Spectre v2 / SpectreRSB: Filling RSB on context switch and VMEXIT
[    0.439114] Speculative Store Bypass: Vulnerable
[    0.448035] x86/fpu: Supporting XSAVE feature 0x001: 'x87 floating point registers'
[    0.452621] x86/fpu: Supporting XSAVE feature 0x002: 'SSE registers'
[    0.452896] x86/fpu: Supporting XSAVE feature 0x004: 'AVX registers'
[    0.453144] x86/fpu: Supporting XSAVE feature 0x008: 'MPX bounds registers'
[    0.466269] x86/fpu: Supporting XSAVE feature 0x010: 'MPX CSR'
[    0.466672] x86/fpu: xstate_offset[2]:  576, xstate_sizes[2]:  256
[    0.467031] x86/fpu: xstate_offset[3]:  960, xstate_sizes[3]:   64
[    0.467245] x86/fpu: xstate_offset[4]: 1024, xstate_sizes[4]:   64
[    0.474301] x86/fpu: Enabled xstate features 0x1f, context size is 1088 bytes, using 'standard' format.
[    0.707418] Freeing SMP alternatives memory: 40K
[    0.708236] pid_max: default: 32768 minimum: 301
[    0.717458] Mount-cache hash table entries: 512 (order: 0, 4096 bytes, linear)
[    0.717837] Mountpoint-cache hash table entries: 512 (order: 0, 4096 bytes, linear)
[    0.869706] smpboot: CPU0: AMD QEMU TCG CPU version 2.5+ (family: 0x6, model: 0x6, stepping: 0x3)
[    0.901306] Performance Events: PMU not available due to virtualization, using software events only.
[    0.902701] signal: max sigframe size: 1616
[    0.904685] rcu: Hierarchical SRCU implementation.
[    0.904905] rcu: 	Max phase no-delay instances is 1000.
[    0.909100] smp: Bringing up secondary CPUs ...
[    0.913911] smp: Brought up 1 node, 1 CPU
[    0.914192] smpboot: Total of 1 processors activated (4890.90 BogoMIPS)
[    0.922082] Memory: 103200K/130540K available (14336K kernel code, 1167K rwdata, 3984K rodata, 1496K init, 1312K bss, 25628K reserved, 0K cma-reserved)
[    0.936113] clocksource: jiffies: mask: 0xffffffff max_cycles: 0xffffffff, max_idle_ns: 19112604462750000 ns
[    0.936934] futex hash table entries: 256 (order: 2, 16384 bytes, linear)
[    0.938208] pinctrl core: initialized pinctrl subsystem
[    0.957270] NET: Registered PF_NETLINK/PF_ROUTE protocol family
[    0.964330] thermal_sys: Registered thermal governor 'step_wise'
[    0.964373] thermal_sys: Registered thermal governor 'user_space'
[    0.965478] cpuidle: using governor ladder
[    0.966207] cpuidle: using governor menu
[    0.969162] acpiphp: ACPI Hot Plug PCI Controller Driver version: 0.5
[    0.971911] PCI: Using configuration type 1 for base access
[    0.981492] cryptd: max_cpu_qlen set to 1000
[    0.987275] ACPI: Added _OSI(Module Device)
[    0.987470] ACPI: Added _OSI(Processor Device)
[    0.987682] ACPI: Added _OSI(Processor Aggregator Device)
[    1.001977] ACPI: 1 ACPI AML tables successfully acquired and loaded
[    1.018907] ACPI: Interpreter enabled
[    1.019689] ACPI: PM: (supports S0 S5)
[    1.019926] ACPI: Using IOAPIC for interrupt routing
[    1.020489] PCI: Using host bridge windows from ACPI; if necessary, use "pci=nocrs" and report a bug
[    1.020865] PCI: Using E820 reservations for host bridge windows
[    1.027856] ACPI: Enabled 2 GPEs in block 00 to 0F
[    1.063709] ACPI: PCI Root Bridge [PCI0] (domain 0000 [bus 00-ff])
[    1.064549] acpi PNP0A03:00: _OSC: OS supports [ASPM ClockPM Segments MSI HPX-Type3]
[    1.065005] acpi PNP0A03:00: _OSC: not requesting OS control; OS requires [ExtendedConfig ASPM ClockPM MSI]
[    1.065942] acpi PNP0A03:00: fail to add MMCONFIG information, can't access extended configuration space under this bridge
[    1.079206] acpiphp: Slot [3] registered
[    1.079519] acpiphp: Slot [4] registered
[    1.079797] acpiphp: Slot [5] registered
[    1.080042] acpiphp: Slot [6] registered
[    1.085446] acpiphp: Slot [7] registered
[    1.086016] acpiphp: Slot [8] registered
[    1.086289] acpiphp: Slot [9] registered
[    1.086532] acpiphp: Slot [10] registered
[    1.086781] acpiphp: Slot [11] registered
[    1.087021] acpiphp: Slot [12] registered
[    1.087291] acpiphp: Slot [13] registered
[    1.096177] acpiphp: Slot [14] registered
[    1.096594] acpiphp: Slot [15] registered
[    1.096964] acpiphp: Slot [16] registered
[    1.097239] acpiphp: Slot [17] registered
[    1.097489] acpiphp: Slot [18] registered
[    1.097748] acpiphp: Slot [19] registered
[    1.106149] acpiphp: Slot [20] registered
[    1.106547] acpiphp: Slot [21] registered
[    1.106924] acpiphp: Slot [22] registered
[    1.107202] acpiphp: Slot [23] registered
[    1.107445] acpiphp: Slot [24] registered
[    1.107687] acpiphp: Slot [25] registered
[    1.116151] acpiphp: Slot [26] registered
[    1.116561] acpiphp: Slot [27] registered
[    1.116927] acpiphp: Slot [28] registered
[    1.117210] acpiphp: Slot [29] registered
[    1.117470] acpiphp: Slot [30] registered
[    1.117716] acpiphp: Slot [31] registered
[    1.126363] PCI host bridge to bus 0000:00
[    1.127102] pci_bus 0000:00: root bus resource [io  0x0000-0x0cf7 window]
[    1.127482] pci_bus 0000:00: root bus resource [io  0x0d00-0xffff window]
[    1.127711] pci_bus 0000:00: root bus resource [mem 0x000a0000-0x000bffff window]
[    1.135976] pci_bus 0000:00: root bus resource [mem 0x08000000-0xfebfffff window]
[    1.136404] pci_bus 0000:00: root bus resource [mem 0x100000000-0x17fffffff window]
[    1.136986] pci_bus 0000:00: root bus resource [bus 00-ff]
[    1.138363] pci 0000:00:00.0: [8086:1237] type 00 class 0x060000 conventional PCI endpoint
[    1.155933] pci 0000:00:01.0: [8086:7000] type 00 class 0x060100 conventional PCI endpoint
[    1.156840] pci 0000:00:01.1: [8086:7010] type 00 class 0x010180 conventional PCI endpoint
[    1.159559] pci 0000:00:01.1: BAR 4 [io  0xc0e0-0xc0ef]
[    1.164133] pci 0000:00:01.1: BAR 0 [io  0x01f0-0x01f7]: legacy IDE quirk
[    1.164421] pci 0000:00:01.1: BAR 1 [io  0x03f6]: legacy IDE quirk
[    1.164691] pci 0000:00:01.1: BAR 2 [io  0x0170-0x0177]: legacy IDE quirk
[    1.164936] pci 0000:00:01.1: BAR 3 [io  0x0376]: legacy IDE quirk
[    1.166887] pci 0000:00:01.3: [8086:7113] type 00 class 0x068000 conventional PCI endpoint
[    1.176230] pci 0000:00:01.3: quirk: [io  0x0600-0x063f] claimed by PIIX4 ACPI
[    1.176532] pci 0000:00:01.3: quirk: [io  0x0700-0x070f] claimed by PIIX4 SMB
[    1.177333] pci 0000:00:02.0: [1234:1111] type 00 class 0x030000 conventional PCI endpoint
[    1.186201] pci 0000:00:02.0: BAR 0 [mem 0xfd000000-0xfdffffff pref]
[    1.187720] pci 0000:00:02.0: BAR 2 [mem 0xfeb90000-0xfeb90fff]
[    1.190247] pci 0000:00:02.0: ROM [mem 0xfeb80000-0xfeb8ffff pref]
[    1.196325] pci 0000:00:02.0: Video device with shadowed ROM at [mem 0x000c0000-0x000dffff]
[    1.197531] pci 0000:00:03.0: [1af4:1000] type 00 class 0x020000 conventional PCI endpoint
[    1.198944] pci 0000:00:03.0: BAR 0 [io  0xc080-0xc09f]
[    1.201390] pci 0000:00:03.0: BAR 4 [mem 0xfe000000-0xfe003fff 64bit pref]
[    1.207146] pci 0000:00:03.0: ROM [mem 0xfea80000-0xfeafffff pref]
[    1.212226] pci 0000:00:04.0: [1af4:1005] type 00 class 0x00ff00 conventional PCI endpoint
[    1.214061] pci 0000:00:04.0: BAR 0 [io  0xc0a0-0xc0bf]
[    1.216613] pci 0000:00:04.0: BAR 1 [mem 0xfeb91000-0xfeb91fff]
[    1.220215] pci 0000:00:04.0: BAR 4 [mem 0xfe004000-0xfe007fff 64bit pref]
[    1.224814] pci 0000:00:05.0: [1af4:1000] type 00 class 0x020000 conventional PCI endpoint
[    1.226315] pci 0000:00:05.0: BAR 0 [io  0xc0c0-0xc0df]
[    1.229226] pci 0000:00:05.0: BAR 1 [mem 0xfeb92000-0xfeb92fff]
[    1.231057] pci 0000:00:05.0: BAR 4 [mem 0xfe008000-0xfe00bfff 64bit pref]
[    1.231896] pci 0000:00:05.0: ROM [mem 0xfeb00000-0xfeb7ffff pref]
[    1.236462] pci 0000:00:06.0: [1af4:1001] type 00 class 0x010000 conventional PCI endpoint
[    1.241367] pci 0000:00:06.0: BAR 0 [io  0xc000-0xc07f]
[    1.242095] pci 0000:00:06.0: BAR 1 [mem 0xfeb93000-0xfeb93fff]
[    1.243772] pci 0000:00:06.0: BAR 4 [mem 0xfe00c000-0xfe00ffff 64bit pref]
[    1.252528] ACPI: PCI: Interrupt link LNKA configured for IRQ 10
[    1.253395] ACPI: PCI: Interrupt link LNKB configured for IRQ 10
[    1.254026] ACPI: PCI: Interrupt link LNKC configured for IRQ 11
[    1.254664] ACPI: PCI: Interrupt link LNKD configured for IRQ 11
[    1.255087] ACPI: PCI: Interrupt link LNKS configured for IRQ 9
[    1.266676] iommu: Default domain type: Translated
[    1.266893] iommu: DMA domain TLB invalidation policy: lazy mode
[    1.269498] SCSI subsystem initialized
[    1.270569] ACPI: bus type USB registered
[    1.271093] usbcore: registered new interface driver usbfs
[    1.273507] usbcore: registered new interface driver hub
[    1.273917] usbcore: registered new device driver usb
[    1.274450] pps_core: LinuxPPS API ver. 1 registered
[    1.274680] pps_core: Software ver. 5.3.6 - Copyright 2005-2007 Rodolfo Giometti <giometti@linux.it>
[    1.276205] PTP clock support registered
[    1.296858] PCI: Using ACPI for IRQ routing
[    1.299127] hpet0: at MMIO 0xfed00000, IRQs 2, 8, 0
[    1.299397] hpet0: 3 comparators, 64-bit 100.000000 MHz counter
[    1.305449] clocksource: Switched to clocksource tsc-early
[    1.305449] pnp: PnP ACPI init
[    1.305449] pnp: PnP ACPI: found 6 devices
[    1.317610] clocksource: acpi_pm: mask: 0xffffff max_cycles: 0xffffff, max_idle_ns: 2085701024 ns
[    1.318989] NET: Registered PF_INET protocol family
[    1.320164] IP idents hash table entries: 2048 (order: 2, 16384 bytes, linear)
[    1.325439] tcp_listen_portaddr_hash hash table entries: 256 (order: 0, 4096 bytes, linear)
[    1.328576] Table-perturb hash table entries: 65536 (order: 6, 262144 bytes, linear)
[    1.329037] TCP established hash table entries: 1024 (order: 1, 8192 bytes, linear)
[    1.329465] TCP bind hash table entries: 1024 (order: 3, 32768 bytes, linear)
[    1.339425] TCP: Hash tables configured (established 1024 bind 1024)
[    1.341331] MPTCP token hash table entries: 256 (order: 1, 6144 bytes, linear)
[    1.341860] UDP hash table entries: 256 (order: 1, 8192 bytes, linear)
[    1.342284] UDP-Lite hash table entries: 256 (order: 1, 8192 bytes, linear)
[    1.351805] NET: Registered PF_UNIX/PF_LOCAL protocol family
[    1.352974] pci_bus 0000:00: resource 4 [io  0x0000-0x0cf7 window]
[    1.353207] pci_bus 0000:00: resource 5 [io  0x0d00-0xffff window]
[    1.353422] pci_bus 0000:00: resource 6 [mem 0x000a0000-0x000bffff window]
[    1.361629] pci_bus 0000:00: resource 7 [mem 0x08000000-0xfebfffff window]
[    1.361953] pci_bus 0000:00: resource 8 [mem 0x100000000-0x17fffffff window]
[    1.362631] pci 0000:00:01.0: PIIX3: Enabling Passive Release
[    1.362963] pci 0000:00:00.0: Limiting direct PCI/PCI transfers
[    1.372623] PCI: CLS 0 bytes, default 64
[    1.392704] workingset: timestamp_bits=46 max_order=15 bucket_order=0
[    1.395193] squashfs: version 4.0 (2009/01/31) Phillip Lougher
[    1.398039] Block layer SCSI generic (bsg) driver version 0.4 loaded (major 247)
[    1.401661] hv_vmbus: registering driver hyperv_fb
[    1.407175] input: Power Button as /devices/LNXSYSTM:00/LNXPWRBN:00/input/input0
[    1.414946] ACPI: button: Power Button [PWRF]
[    1.579847] ACPI: \_SB_.LNKC: Enabled at IRQ 11
[    1.737004] ACPI: \_SB_.LNKD: Enabled at IRQ 10
[    1.892513] ACPI: \_SB_.LNKA: Enabled at IRQ 10
[    2.078309] ACPI: \_SB_.LNKB: Enabled at IRQ 11
[    2.081089] Serial: 8250/16550 driver, 16 ports, IRQ sharing enabled
[    2.107151] 00:04: ttyS0 at I/O 0x3f8 (irq = 4, base_baud = 115200) is a 16550A
[    2.137513] Non-volatile memory driver v1.3
[    2.151049] Linux agpgart interface v0.103
[    2.152131] ACPI: bus type drm_connector registered
[    2.154967] [drm] Found bochs VGA, ID 0xb0c5.
[    2.155424] [drm] Framebuffer size 16384 kB @ 0xfd000000, mmio @ 0xfeb90000.
[    2.162311] [drm] Found EDID data blob.
[    2.167900] [drm] Initialized bochs-drm 1.0.0 for 0000:00:02.0 on minor 0
[    2.243531] Console: switching to colour frame buffer device 160x50
[    2.252944] bochs-drm 0000:00:02.0: [drm] fb0: bochs-drmdrmfb frame buffer device
[    2.290029] loop: module loaded
[    2.290745] virtio_blk virtio3: 1/0/0 default/read/poll queues
[    2.295650] virtio_blk virtio3: [vda] 246784 512-byte logical blocks (126 MB/121 MiB)
[    2.305062]  vda: vda1 vda2
[    2.307249] Guest personality initialized and is inactive
[    2.307861] VMCI host device registered (name=vmci, major=10, minor=256)
[    2.308150] Initialized host personality
[    2.308505] usbcore: registered new interface driver rtsx_usb
[    2.316742] VMware PVSCSI driver - version 1.0.7.0-k
[    2.317131] hv_vmbus: registering driver hv_storvsc
[    2.335549] scsi host0: ata_piix
[    2.338103] scsi host1: ata_piix
[    2.338946] ata1: PATA max MWDMA2 cmd 0x1f0 ctl 0x3f6 bmdma 0xc0e0 irq 14 lpm-pol 0
[    2.339272] ata2: PATA max MWDMA2 cmd 0x170 ctl 0x376 bmdma 0xc0e8 irq 15 lpm-pol 0
[    2.348513] VMware vmxnet3 virtual NIC driver - version 1.9.0.0-k-NAPI
[    2.349123] hv_vmbus: registering driver hv_netvsc
[    2.349495] Fusion MPT base driver 3.04.20
[    2.349655] Copyright (c) 1999-2008 LSI Corporation
[    2.350041] Fusion MPT SPI Host driver 3.04.20
[    2.359524] Fusion MPT SAS Host driver 3.04.20
[    2.361655] usbcore: registered new interface driver usb-storage
[    2.362927] i8042: PNP: PS/2 Controller [PNP0303:KBD,PNP0f13:MOU] at 0x60,0x64 irq 1,12
[    2.366445] serio: i8042 KBD port at 0x60,0x64 irq 1
[    2.366851] serio: i8042 AUX port at 0x60,0x64 irq 12
[    2.375413] hv_vmbus: registering driver hyperv_keyboard
[    2.378442] rtc_cmos 00:05: RTC can wake from S4
[    2.384493] rtc_cmos 00:05: registered as rtc0
[    2.387745] rtc_cmos 00:05: setting system clock to 2026-04-19T02:01:07 UTC (1776564067)
[    2.390210] rtc_cmos 00:05: alarms up to one day, y3k, 242 bytes nvram, hpet irqs
[    2.392893] intel_powerclamp: CPU does not support MWAIT
[    2.397252] amd_pstate: the _CPC object is not present in SBIOS or ACPI disabled
[    2.399861] sdhci: Secure Digital Host Controller Interface driver
[    2.401801] sdhci: Copyright(c) Pierre Ossman
[    2.404164] VUB300 Driver rom wait states = 1C irqpoll timeout = 0400
[    2.411009] input: AT Translated Set 2 keyboard as /devices/platform/i8042/serio0/input/input1
[    2.439467] usbcore: registered new interface driver vub300
[    2.442233] usbcore: registered new interface driver ushc
[    2.449127] tsc: Refined TSC clocksource calibration: 2445.434 MHz
[    2.452001] clocksource: tsc: mask: 0xffffffffffffffff max_cycles: 0x233fdf4f8c5, max_idle_ns: 440795226840 ns
[    2.459400] clocksource: Switched to clocksource tsc
[    2.466823] hid: raw HID events driver (C) Jiri Kosina
[    2.469352] hv_vmbus: registering driver hid_hyperv
[    2.472116] usbcore: registered new interface driver usbhid
[    2.474234] usbhid: USB HID core driver
[    2.476639] hv_utils: Registering HyperV Utility Driver
[    2.479692] hv_vmbus: registering driver hv_utils
[    2.482355] hv_vmbus: registering driver hv_balloon
[    2.486587] NET: Registered PF_INET6 protocol family
[    2.501893] Segment Routing with IPv6
[    2.504020] In-situ OAM (IOAM) with IPv6
[    2.506542] NET: Registered PF_PACKET protocol family
[    2.509049] bridge: filtering via arp/ip/ip6tables is no longer available by default. Update your scripts to load br_netfilter if you need this.
[    2.518383] 8021q: 802.1Q VLAN Support v1.8
[    2.521001] NET: Registered PF_VSOCK protocol family
[    2.531290] IPI shorthand broadcast: enabled
[    2.538221] AES CTR mode by8 optimization enabled
[    2.559595] sched_clock: Marking stable (2290062764, 264932165)->(2567569096, -12574167)
[    2.590197] ata2: found unknown device (class 0)
[    2.619161] ata2.00: ATAPI: QEMU DVD-ROM, 2.5+, max UDMA/100
[    2.660594] scsi 1:0:0:0: CD-ROM            QEMU     QEMU DVD-ROM     2.5+ PQ: 0 ANSI: 5
[    2.674691] clk: Disabling unused clocks
[    2.716906] sr 1:0:0:0: [sr0] scsi3-mmc drive: 4x/4x cd/rw xa/form2 tray
[    2.719454] cdrom: Uniform CD-ROM driver Revision: 3.20
[    2.777154] VFS: Mounted root (squashfs filesystem) readonly on device 254:2.
[    2.849799] Freeing unused kernel image (initmem) memory: 1496K
[    2.852291] Write protecting the kernel read-only data: 18432k
[    2.855639] Freeing unused kernel image (rodata/data gap) memory: 112K
[    2.858221] Run /sbin/init as init process
[    3.193963] init: Console is alive
[    3.757493] kmodloader: loading kernel modules from /etc/modules-boot.d/*
[    3.827398] button_hotplug: loading out-of-tree module taints kernel.
[    3.834093] Button Hotplug driver version 0.4.1
[    3.853991] Intel(R) 2.5G Ethernet Linux Driver
[    3.856613] Copyright(c) 2018 Intel Corporation.
[    3.872655] igb: Intel(R) Gigabit Ethernet Network Driver
[    3.875179] igb: Copyright (c) 2007-2014 Intel Corporation.
[    3.891911] e1000e: Intel(R) PRO/1000 Network Driver
[    3.894411] e1000e: Copyright(c) 1999 - 2015 Intel Corporation.
[    3.908585] kmodloader: done loading kernel modules from /etc/modules-boot.d/*
[    3.924394] init: - preinit -
[    4.918326] 8021q: adding VLAN 0 to HW filter on device eth0
Press the [f] key and hit [enter] to enter failsafe mode
Press the [1], [2], [3] or [4] key and hit [enter] to select the debug level
[    9.535750] loop0: detected capacity change from 0 to 212992
[    9.575386] loop0: detected capacity change from 212992 to 201728
[    9.588246] mount_root: overlay filesystem in /dev/loop0 has not been formatted yet
[    9.916211] EXT4-fs (loop0): mounted filesystem 76ae573f-2525-4a6c-85e9-70cd7cc9dc5a r/w with ordered data mode. Quota mode: disabled.
[    9.929818] mount_root: overlay filesystem has not been fully initialized yet
[    9.947609] mount_root: switching to ext4 overlay
[    9.968211] overlayfs: null uuid detected in lower fs '/', falling back to xino=off,index=off,nfs_export=off.
[   10.705674] EXT4-fs (vda1): mounted filesystem 84173db5-fa99-e35a-95c6-28613cc79ea9 r/w without journal. Quota mode: disabled.
[   10.729294] urandom-seed: Seed file not found (/etc/urandom.seed)
[   10.866083] procd: - early -
[   11.609996] procd: - ubus -
[   11.787153] procd: - init -
Please press Enter to activate this console.
root
login[1052]: root login on 'ttyS0'


BusyBox v1.37.0 (2026-01-02 17:07:02 UTC) built-in shell (ash)

  _______                     ________        __
 |       |.-----.-----.-----.|  |  |  |.----.|  |_
 |   -   ||  _  |  -__|     ||  |  |  ||   _||   _|
 |_______||   __|_____|__|__||________||__|  |____|
          |__| W I R E L E S S   F R E E D O M
 -----------------------------------------------------
 OpenWrt SNAPSHOT, r34041-a37270225e
 -----------------------------------------------------

 === WARNING! =====================================
 There is no root password defined on this device!
 Use the "passwd" command to set up a new password
 in order to prevent unauthorized SSH logins.
 --------------------------------------------------

root@(none):~# dmesg -n 1
root@(none):~# echo 'MHNZ''WCVQPZ'
MHNZWCVQPZ
root@(none):~# run() { echo -n "$MARKER"; sh -c "$@"; echo "$MARKER $?"; }
root@(none):~# echo 'LUEH''CQFLQX'
LUEHCQFLQX
root@(none):~# MARKER='QKNW''PXLPMW' run 'ubus wait_for network.interface.lan'
QKNWPXLPMWQKNWPXLPMW 0
root@OpenWrt:~# echo 'VMEK''ZAPPVJ'
VMEKZAPPVJ
root@OpenWrt:~# MARKER='FFXW''EWCNLA' run 'ubus call network.interface.lan statu
s '"'"'{}'"'"''
FFXWEWCNLA{
	"up": true,
	"pending": false,
	"available": true,
	"autostart": true,
	"dynamic": false,
	"uptime": 1,
	"l3_device": "br-lan",
	"proto": "static",
	"device": "br-lan",
	"updated": [
		"addresses"
	],
	"metric": 0,
	"dns_metric": 0,
	"delegation": true,
	"ipv4-address": [
		{
			"address": "192.168.1.1",
			"mask": 24
		}
	],
	"ipv6-address": [
		
	],
	"ipv6-prefix": [
		
	],
	"ipv6-prefix-assignment": [
		{
			"address": "fd3a:a33c:3d61::",
			"mask": 60,
			"local-address": {
				"address": "fd3a:a33c:3d61::1",
				"mask": 60
			}
		}
	],
	"route": [
		
	],
	"dns-server": [
		
	],
	"dns-search": [
		
	],
	"neighbors": [
		
	],
	"inactive": {
		"ipv4-address": [
			
		],
		"ipv6-address": [
			
		],
		"route": [
			
		],
		"dns-server": [
			
		],
		"dns-search": [
			
		],
		"neighbors": [
			
		]
	},
	"data": {
		
	}
}
FFXWEWCNLA 0
root@OpenWrt:~# echo 'LZEU''VACOWX'
LZEUVACOWX
root@OpenWrt:~# MARKER='WFQB''MAUXTF' run true
WFQBMAUXTFWFQBMAUXTF 0
root@OpenWrt:~# echo 'CAVO''OZONNO'
CAVOOZONNO
root@OpenWrt:~# MARKER='GWPQ''SFFAMW' run 'source /etc/os-release; echo $BUILD_I
D'
GWPQSFFAMWr34041-a37270225e
GWPQSFFAMW 0
root@OpenWrt:~# echo 'BLSU''KPAKSX'
BLSUKPAKSX
root@OpenWrt:~# MARKER='QWZX''FFHUBB' run 'ls /etc/dropbear/dropbear_rsa_host_ke
y'
QWZXFFHUBB[0;0m/etc/dropbear/dropbear_rsa_host_key[m
QWZXFFHUBB 0
root@OpenWrt:~# echo 'GYXJ''NTKWGF'
GYXJNTKWGF
root@OpenWrt:~# MARKER='UULO''TPBNCA' run 'netstat -tlpn | grep 0.0.0.0:22'
UULOTPBNCAtcp        0      0 0.0.0.0:22              0.0.0.0:*               LISTEN      1735/dropbear
UULOTPBNCA 0
root@OpenWrt:~# echo 'BBMH''PEKXEV'
BBMHPEKXEV
root@OpenWrt:~# MARKER='PUFX''BCAHMP' run 'dmesg | grep br-lan | grep forwarding
'
PUFXBCAHMP[   36.128747] br-lan: port 1(eth0) entered forwarding state
PUFXBCAHMP 0
root@OpenWrt:~# echo 'QBZG''YSEAZV'
QBZGYSEAZV
root@OpenWrt:~# MARKER='VMEG''UMFBGQ' run 'ubus call network.interface.lan statu
s '"'"'{}'"'"''
VMEGUMFBGQ{
	"up": true,
	"pending": false,
	"available": true,
	"autostart": true,
	"dynamic": false,
	"uptime": 23,
	"l3_device": "br-lan",
	"proto": "static",
	"device": "br-lan",
	"updated": [
		"addresses"
	],
	"metric": 0,
	"dns_metric": 0,
	"delegation": true,
	"ipv4-address": [
		{
			"address": "192.168.1.1",
			"mask": 24
		}
	],
	"ipv6-address": [
		
	],
	"ipv6-prefix": [
		
	],
	"ipv6-prefix-assignment": [
		{
			"address": "fd3a:a33c:3d61::",
			"mask": 60,
			"local-address": {
				"address": "fd3a:a33c:3d61::1",
				"mask": 60
			}
		}
	],
	"route": [
		
	],
	"dns-server": [
		
	],
	"dns-search": [
		
	],
	"neighbors": [
		
	],
	"inactive": {
		"ipv4-address": [
			
		],
		"ipv6-address": [
			
		],
		"route": [
			
		],
		"dns-server": [
			
		],
		"dns-search": [
			
		],
		"neighbors": [
			
		]
	},
	"data": {
		
	}
}
VMEGUMFBGQ 0
root@OpenWrt:~# echo 'EAEM''BFEKUQ'
EAEMBFEKUQ
root@OpenWrt:~# MARKER='NHLH''JGALYV' run 'ip -o addr show dev br-lan'
NHLHJGALYV4: br-lan    inet 192.168.1.1/24 brd 192.168.1.255 scope global br-lan\       valid_lft forever preferred_lft forever
4: br-lan    inet6 fd3a:a33c:3d61::1/60 scope global noprefixroute \       valid_lft forever preferred_lft forever
4: br-lan    inet6 fe80::5054:ff:fe12:3456/64 scope link \       valid_lft forever preferred_lft forever
NHLHJGALYV 0
root@OpenWrt:~# echo 'ZGLY''THMWUG'
ZGLYTHMWUG
root@OpenWrt:~# MARKER='GQHK''CZWVPJ' run 'ubus call network.interface.wan statu
s '"'"'{}'"'"''
GQHKCZWVPJ{
	"up": true,
	"pending": false,
	"available": true,
	"autostart": true,
	"dynamic": false,
	"uptime": 20,
	"l3_device": "eth1",
	"proto": "dhcp",
	"device": "eth1",
	"updated": [
		"addresses",
		"routes",
		"data"
	],
	"metric": 0,
	"dns_metric": 0,
	"delegation": true,
	"ipv4-address": [
		{
			"address": "10.0.2.15",
			"mask": 24
		}
	],
	"ipv6-address": [
		
	],
	"ipv6-prefix": [
		
	],
	"ipv6-prefix-assignment": [
		
	],
	"route": [
		{
			"target": "0.0.0.0",
			"mask": 0,
			"nexthop": "10.0.2.2",
			"source": "10.0.2.15/32"
		}
	],
	"dns-server": [
		"10.0.2.3"
	],
	"dns-search": [
		
	],
	"neighbors": [
		
	],
	"inactive": {
		"ipv4-address": [
			
		],
		"ipv6-address": [
			
		],
		"route": [
			
		],
		"dns-server": [
			
		],
		"dns-search": [
			
		],
		"neighbors": [
			
		]
	},
	"data": {
		"dhcpserver": "10.0.2.2",
		"leasetime": 86400
	}
}
GQHKCZWVPJ 0
root@OpenWrt:~# 