Labgrid Console Logfile for main
Logfile started at 2026-04-27 02:06:28.702876
=== Log starts here ===
c[?7l[2J[0mSeaBIOS (version 1.16.3-debian-1.16.3-2)


iPXE (https://ipxe.org) 00:03.0 CA00 PCI2.10 PnP PMM+06FCAE70+06F0AE70 CA00
Press Ctrl-B to configure iPXE (PCI 00:03.0)...                                                                               




iPXE (https://ipxe.org) 00:05.0 CB00 PCI2.10 PnP PMM 06FCAE70 06F0AE70 CB00
Press Ctrl-B to configure iPXE (PCI 00:05.0)...                                                                               


Booting from Hard Disk...
GRUB loading.....
[0;30;47mWelcome to GRUB![01;01H[0m[2J[H[J[1;1H[?25l[m[H[J[1;1H[2;30HGNU GRUB  version 2.12

[m[4;2H+----------------------------------------------------------------------------+[5;2H|[5;79H|[6;2H|[6;79H|[7;2H|[7;79H|[8;2H|[8;79H|[9;2H|[9;79H|[10;2H|[10;79H|[11;2H|[11;79H|[12;2H|[12;79H|[13;2H|[13;79H|[14;2H|[14;79H|[15;2H|[15;79H|[16;2H+----------------------------------------------------------------------------+[m[17;2H[18;2H[m     Use the ^ and v keys to select which entry is highlighted.          
      Press enter to boot the selected OS, `e' to edit the commands       
      before booting or `c' for a command-line. ESC to return             
      previous menu.                                                      [5;80H [7m[5;3H*OpenWrt                                                                    [m[5;78H[m[m[6;3H OpenWrt (failsafe)                                                         [m[6;78H[m[m[7;3H                                                                            [m[7;78H[m[m[8;3H                                                                            [m[8;78H[m[m[9;3H                                                                            [m[9;78H[m[m[10;3H                                                                            [m[10;78H[m[m[11;3H                                                                            [m[11;78H[m[m[12;3H                                                                            [m[12;78H[m[m[13;3H                                                                            [m[13;78H[m[m[14;3H                                                                            [m[14;78H[m[m[15;3H                                                                            [m[15;78H[m[15;80H [5;78H[2J[02;30HGNU GRUB  version 2.12[04;02H┌────────────────────────────────────────────────────────────────────────────┐[05;02H│[05;79H│[06;02H│[06;79H│[07;02H│[07;79H│[08;02H│[08;79H│[09;02H│[09;79H│[10;02H│[10;79H│[11;02H│[11;79H│[12;02H│[12;79H│[13;02H│[13;79H│[14;02H│[14;79H│[15;02H│[15;79H│[16;02H│[16;79H│[17;02H└────────────────────────────────────────────────────────────────────────────┘[19;02H     Use the ↑ and ↓ keys to select which entry is [19;52H[19;53Hhighlighted.          
      Press enter to boot the selected OS, `e' to edit the commands       
      before booting or `c' for a command-line. ESC to return             
      previous menu.                                                      [05;80H [05;03H[0;30;47m*OpenWrt                                                                  [05;76H[05;77H  [06;03H[0m OpenWrt (failsafe)                                                         [07;03H                                                                            [08;03H                                                                            [09;03H                                                                            [10;03H                                                                            [11;03H                                                                            [12;03H                                                                            [13;03H                                                                            [14;03H                              [14;32H[14;33H                                              [15;03H                                                                            [16;03H                                      [16;40H[16;41H                                      [16;80H 






   The highlighted entry will be executed automatically in 5s.                [22;1H   The highlighted entry will be executed automatically in 5s.                 [5;78H [05;78H

















   The highlighted entry will be executed automatically in 4s.                [22;1H   The highlighted entry will be executed automatically in 4s.                 [5;78H [05;78H

















   The highlighted entry will be executed automatic[23;51H[23;52Hally in 3s.                [22;1H   The highlighted entry will be executed automatically in 3s.                 [5;78H [05;78H

















   The highlighted entry will be executed automatically in 2s.                [22;1H   The highlighted entry will be executed automatically in 2s.                 [5;78H [05;78H

















   The highlighted entry will be executed automatically in 1s.                [22;1H   The highlighted entry will be executed automatically in 1s.                 [5;78H [05;78H

















   The highlighted entry will be executed automatically in 0s.                [22;1H   The highlighted entry will be executed automatically in 0s.                 [5;78H [01;01H[2J[?25h[H[J[1;1H[H[J[1;1H[2J    [01;02HBooting `OpenWrt'[01;03HBooting `OpenWrt

'

[    0.000000] Linux version 6.18.21 (builder@buildhost) (x86_64-openwrt-linux-musl-gcc (OpenWrt GCC 14.3.0 r34159-60fda6238c) 14.3.0, GNU ld (GNU Binutils) 2.44) #0 SMP Sun Apr 26 17:38:45 2026
[    0.000000] Command line: BOOT_IMAGE=/boot/vmlinuz root=PARTUUID=b4797d83-02 rooinitrd
[    0.000000] BIOS-provided physical RAM map:
[    0.000000] BIOS-e820: [mem 0x0000000000000000-0x000000000009fbff] usable
[    0.000000] BIOS-e820: [mem 0x000000000009fc00-0x000000000009ffff] reserved
[    0.000000] BIOS-e820: [mem 0x00000000000f0000-0x00000000000fffx0000000000100000-0x0000000007fdcfff] usable
[    0.000000] BIOS-e820: [mem 0x0000000007fdd000-0x0000000007ffffff] reserved
[    0.000000] BIOS-e820: [mem 0x00000000fffc0000-0x00000000ffffffff] reserved
[    0.000000] BIOS-e820: [mem 0x000000fd00000000-0x000000ffffffffff] resetection: active
[    0.000000] APIC: Static calls initialized
[    0.000000] SMBIOS 3.0.0 present.
[    0.000000] DMI: QEMU Standard PC (i440FX + PIIX, 1996), BIOS 1.16.3-debian-1.16.3-2 04/01/2014
[    0.000000] DMI: Memory slots populated: 1/1
[    0.000000] tsc: Fast TSC ected 2596.153 MHz processor
[    0.009101] last_pfn = 0x7fdd max_arch_pfn = 0x10000000000
[    0.009752] MTRR map: 4 entries (3 fixed + 1 variable; max 19), built from 8 variable MTRRs
[    0.009942] x86/PAT: Configuration [0-7]: WB  WC  UC- UC  WB  WP  UC- WT  
[    0.03124546f]
[    0.032929] Using GB pages for direct mapping
[    0.037663] ACPI: Early table checksum verification disabled
[    0.038005] ACPI: RSDP 0x00000000000F5290 000014 (v00 BOCHS )
[    0.038329] ACPI: RSDT 0x0000000007FE1C64 000034 (v01 BOCHS  BXPC     00000001 BXPC 000001B18 000074 (v01 BOCHS  BXPC     00000001 BXPC 00000001)
[    0.039475] ACPI: DSDT 0x0000000007FE0040 001AD8 (v01 BOCHS  BXPC     00000001 BXPC 00000001)
[    0.039551] ACPI: FACS 0x0000000007FE0000 000040
[    0.039601] ACPI: APIC 0x0000000007FE1B8C 000078 (v03 BOCHS  BXPC   I: HPET 0x0000000007FE1C04 000038 (v01 BOCHS  BXPC     00000001 BXPC 00000001)
[    0.039642] ACPI: WAET 0x0000000007FE1C3C 000028 (v01 BOCHS  BXPC     00000001 BXPC 00000001)
[    0.039715] ACPI: Reserving FACP table memory at [mem 0x7fe1b18-0x7fe1b8b]
[    0.039748] ACPI: Refe1b17]
[    0.039755] ACPI: Reserving FACS table memory at [mem 0x7fe0000-0x7fe003f]
[    0.039761] ACPI: Reserving APIC table memory at [mem 0x7fe1b8c-0x7fe1c03]
[    0.039767] ACPI: Reserving HPET table memory at [mem 0x7fe1c04-0x7fe1c3b]
[    0.039773] ACPI: Reserving WAE    0.064774] Zone ranges:
[    0.064813]   DMA      [mem 0x0000000000001000-0x0000000000ffffff]
[    0.064897]   DMA32    [mem 0x0000000001000000-0x0000000007fdcfff]
[    0.064907]   Normal   empty
[    0.064927] Movable zone start for each node
[    0.064960] Early memory x0000000000001000-0x000000000009efff]
[    0.065145]   node   0: [mem 0x0000000000100000-0x0000000007fdcfff]
[    0.065297] Initmem setup node 0 [mem 0x0000000000001000-0x0000000007fdcfff]
[    0.066416] On node 0, zone DMA: 1 pages in unavailable ranges
[    0.066827] On nod
[    0.068595] On node 0, zone DMA32: 35 pages in unavailable ranges
[    0.069016] ACPI: PM-Timer IO Port: 0x608
[    0.069483] ACPI: LAPIC_NMI (acpi_id[0xff] dfl dfl lint[0x1])
[    0.069907] IOAPIC[0]: apic_id 0, version 32, address 0xfec00000, GSI 0-23
[    0.070022] ACP dfl)
[    0.070295] ACPI: INT_SRC_OVR (bus 0 bus_irq 5 global_irq 5 high level)
[    0.070352] ACPI: INT_SRC_OVR (bus 0 bus_irq 9 global_irq 9 high level)
[    0.070446] ACPI: INT_SRC_OVR (bus 0 bus_irq 10 global_irq 10 high level)
[    0.070454] ACPI: INT_SRC_OVR (bus 0 bus5] ACPI: Using ACPI (MADT) for SMP configuration information
[    0.070688] ACPI: HPET id: 0x8086a201 base: 0xfed00000
[    0.071048] CPU topo: Max. logical packages:   1
[    0.071058] CPU topo: Max. logical dies:       1
[    0.071067] CPU topo: Max. dies per package:   1
:   1
[    0.071288] CPU topo: Num. cores per package:     1
[    0.071303] CPU topo: Num. threads per package:   1
[    0.071312] CPU topo: Allowing 1 present CPUs plus 0 hotplug CPUs
[    0.072160] [mem 0x08000000-0xfffbffff] available for PCI devices
[    0.072223] Bootin 0.072539] clocksource: refined-jiffies: mask: 0xffffffff max_cycles: 0xffffffff, max_idle_ns: 19112604462750000 ns
[    0.073038] setup_percpu: NR_CPUS:512 nr_cpumask_bits:1 nr_cpu_ids:1 nr_node_ids:1
[    0.074705] percpu: Embedded 46 pages/cpu s150552 r8192 d29672 u2097152
=/boot/vmlinuz root=PARTUUID=b4797d83-02 rootwait console=tty1 console=ttyS0,115200n8 noinitrd
[    0.078434] random: crng init done
[    0.078522] printk: log buffer data + meta data: 131072 + 458752 = 589824 bytes
[    0.078775] Dentry cache hash table entries: 16384 (order:e-cache hash table entries: 8192 (order: 4, 65536 bytes, linear)
[    0.081221] Built 1 zonelists, mobility grouping on.  Total pages: 32635
[    0.081452] mem auto-init: stack:off, heap alloc:off, heap free:off
[    0.090892] SLUB: HWalign=64, Order=0-3, MinObjects=0, CPUs=1, implementation.
[    0.099564] rcu: 	RCU restricting CPUs from NR_CPUS=512 to nr_cpu_ids=1.
[    0.099713] 	Tracing variant of Tasks RCU enabled.
[    0.099805] rcu: RCU calculated value of scheduler-enlistment delay is 10 jiffies.
[    0.099835] rcu: Adjusting geometry for 2] RCU Tasks Trace: Setting shift to 0 and lim to 1 rcu_task_cb_adjust=1 rcu_task_cpu_ids=1.
[    0.101312] NR_IRQS: 33024, nr_irqs: 256, preallocated irqs: 16
[    0.110813] rcu: srcu_init: Setting srcu_struct sizes based on contention.
[    0.118051] Console: colour VGA+ 80x] enabled
[    0.126375] printk: legacy console [ttyS0] enabled
[    0.344608] ACPI: Core revision 20250807
[    0.350164] clocksource: hpet: mask: 0xffffffff max_cycles: 0xffffffff, max_idle_ns: 19112604467 ns
[    0.354948] APIC: Switch to symmetric I/O mode setup
[    0.359566] ..TIMER: vector=0x30 apic1=0 pin1=2 apic2=-1 pin2=-1
[    0.402055] clocksource: tsc-early: mask: 0xffffffffffffffff max_cycles: 0x256c09edd8e, max_idle_ns: 440795211792 ns
[    0.402824] Calibrating delay loop (skipped), value calculated using timer frequency.. 5192.30 BogoMIPS (lpj=25961530)
[    0.404793] x86/cpu: User Mode In (UMIP) activated
[    0.419285] Last level iTLB entries: 4KB 0, 2MB 0, 4MB 0
[    0.419634] Last level dTLB entries: 4KB 0, 2MB 0, 4MB 0, 1GB 0
[    0.423059] mitigations: Enabled attack vectors: user_kernel, user_user, guest_host, guest_guest, SMT mitigations: auto
[    0.424310] Speculative Store Bypass: Vulnerable
[    0.424939] Spectre V2 : Mitigation: Retpolines
[    0.425327] Spectre V1 : Mitigation: usercopy/swapgs barriers and __user pointer sanitization
[    0.425787] Spectre V2 : Spectre v2 / SpectreRSB: Filling RSB on context 
[    0.434422] x86/fpu: Supporting XSAVE feature 0x001: 'x87 floating point registers'
[    0.439100] x86/fpu: Supporting XSAVE feature 0x002: 'SSE registers'
[    0.439377] x86/fpu: Supporting XSAVE feature 0x004: 'AVX registers'
[    0.439618] x86/fpu: Supporting XSAVE feat
[    0.442807] x86/fpu: Supporting XSAVE feature 0x010: 'MPX CSR'
[    0.443334] x86/fpu: xstate_offset[2]:  576, xstate_sizes[2]:  256
[    0.443694] x86/fpu: xstate_offset[3]:  960, xstate_sizes[3]:   64
[    0.443929] x86/fpu: xstate_offset[4]: 1024, xstate_sizes[4]:   64features 0x1f, context size is 1088 bytes, using 'standard' format.
[    0.779031] Freeing SMP alternatives memory: 48K
[    0.780515] pid_max: default: 32768 minimum: 301
[    0.791294] Mount-cache hash table entries: 512 (order: 0, 4096 bytes, linear)
[    0.791704] Mountpoint-cache hash table entries: 512 (order: 0, 4096 bytes, linear)
[    0.943871] smpboot: CPU0: AMD QEMU TCG CPU version 2.5+ (family: 0x6, model: 0x6, stepping: 0x3)
[    0.954188] Performance Events: PMU not available due to virtualization, using software events only.
[    0.955695] signal: max sigframe size: 1616
[    0.957321] rcu: Hierarchical SRCU implementation.
[    0.957577] rcu: 	Max phase no-delay instances is 1000.
[    0.9627 Bringing up secondary CPUs ...
[    0.966846] smp: Brought up 1 node, 1 CPU
[    0.967107] smpboot: Total of 1 processors activated (5192.30 BogoMIPS)
[    0.975205] Memory: 96076K/130540K available (14379K kernel code, 1184K rwdata, 5764K rodata, 2676K init, 2148K bss, 32776eserved, 0K cma-reserved)
[    0.989525] clocksource: jiffies: mask: 0xffffffff max_cycles: 0xffffffff, max_idle_ns: 19112604462750000 ns
[    0.990440] posixtimers hash table entries: 512 (order: 1, 8192 bytes, linear)
[    0.990952] futex hash table entries: 256 (16384 bytes on 1 NUMA nodes, total 16pinctrl core: initialized pinctrl subsystem
[    1.017376] NET: Registered PF_NETLINK/PF_ROUTE protocol family
[    1.025793] thermal_sys: Registered thermal governor 'step_wise'
[    1.025836] thermal_sys: Registered thermal governor 'user_space'
[    1.026819] cpuidle: using governor ladder
[    1.027350] cpuidle: uing governor menu
[    1.029408] acpiphp: ACPI Hot Plug PCI Controller Driver version: 0.5
[    1.032103] PCI: Using configuration type 1 for base access
[    1.037870] HugeTLB: registered 2.00 MiB page size, pre-allocated 0 pages
[    1.038177] HugeTLB: 28 KiB vmemmap can bereed for a 2.00 MiB page
[    1.053581] ACPI: Added _OSI(Module Device)
[    1.053828] ACPI: Added _OSI(Processor Device)
[    1.053999] ACPI: Added _OSI(Processor Aggregator Device)
[    1.067919] ACPI: 1 ACPI AML tables successfully acquired and loaded
[    1.084866] ACPI: Interpreter enabled
[    1.085730] ACPI: PM: (supports S0 S5)
[    1.085940] ACPI: Using IOAPIC for interrupt routing
[    1.086536] PCI: Using host bridge windows from ACPI; if necessary, use "pci=nocrs" and report a bug
[    1.086913] PCI: Using E820 r
[    1.094751] ACPI: Enabled 2 GPEs in block 00 to 0F
[    1.125181] ACPI: PCI Root Bridge [PCI0] (domain 0000 [bus 00-ff])
[    1.126188] acpi PNP0A03:00: _OSC: OS supports [ASPM ClockPM Segments MSI HPX-Type3]
[    1.126655] acpi PNP0A03:00: _OSC: not requesting OS control; OS requires [ExtendedConfig ASPM ClockPM MSI]
[    1. add MMCONFIG information, can't access extended configuration space under this bridge
[    1.137222] acpiphp: Slot [3] registered
[    1.137545] acpiphp: Slot [4] registered
[    1.137821] acpiphp: Slot [5] registered
[    1.138053] acpiphp: Slot [6] registered
[    1.13828gistered
[    1.143053] acpiphp: Slot [8] registered
[    1.143430] acpiphp: Slot [9] registered
[    1.143686] acpiphp: Slot [10] registered
[    1.143911] acpiphp: Slot [11] registered
[    1.144175] acpiphp: Slot [12] registered
[    1.144409] acpiphp: Slot [13] registeristered
[    1.153029] acpiphp: Slot [15] registered
[    1.153440] acpiphp: Slot [16] registered
[    1.153706] acpiphp: Slot [17] registered
[    1.153965] acpiphp: Slot [18] registered
[    1.154192] acpiphp: Slot [19] registered
[    1.154426] acpiphp: Slot [20] registegistered
[    1.163074] acpiphp: Slot [22] registered
[    1.163435] acpiphp: Slot [23] registered
[    1.163717] acpiphp: Slot [24] registered
[    1.163952] acpiphp: Slot [25] registered
[    1.164185] acpiphp: Slot [26] registered
[    1.164419] acpiphp: Slot [27] registregistered
[    1.173042] acpiphp: Slot [29] registered
[    1.173427] acpiphp: Slot [30] registered
[    1.173724] acpiphp: Slot [31] registered
[    1.174173] PCI host bridge to bus 0000:00
[    1.174626] pci_bus 0000:00: root bus resource [io  0x0000-0x0cf7 window]
[    rce [io  0x0d00-0xffff window]
[    1.191545] pci_bus 0000:00: root bus resource [mem 0x000a0000-0x000bffff window]
[    1.192069] pci_bus 0000:00: root bus resource [mem 0x08000000-0xfebfffff window]
[    1.192420] pci_bus 0000:00: root bus resource [mem 0x100000000-0x17fffffroot bus resource [bus 00-ff]
[    1.204056] pci 0000:00:00.0: [8086:1237] type 00 class 0x060000 conventional PCI endpoint
[    1.208382] pci 0000:00:01.0: [8086:7000] type 00 class 0x060100 conventional PCI endpoint
[    1.209224] pci 0000:00:01.1: [8086:7010] type 00 class nal PCI endpoint
[    1.213765] pci 0000:00:01.1: BAR 4 [io  0xc0e0-0xc0ef]
[    1.214072] pci 0000:00:01.1: BAR 0 [io  0x01f0-0x01f7]: legacy IDE quirk
[    1.214329] pci 0000:00:01.1: BAR 1 [io  0x03f6]: legacy IDE quirk
[    1.214590] pci 0000:00:01.1: BAR 2 [io  0x0170-0xpci 0000:00:01.1: BAR 3 [io  0x0376]: legacy IDE quirk
[    1.223615] pci 0000:00:01.3: [8086:7113] type 00 class 0x068000 conventional PCI endpoint
[    1.224283] pci 0000:00:01.3: quirk: [io  0x0600-0x063f] claimed by PIIX4 ACPI
[    1.224621] pci 0000:00:01.3: quirk: [io  0    1.233336] pci 0000:00:02.0: [1234:1111] type 00 class 0x030000 conventional PCI endpoint
[    1.235456] pci 0000:00:02.0: BAR 0 [mem 0xfd000000-0xfdffffff pref]
[    1.235802] pci 0000:00:02.0: BAR 2 [mem 0xfeb90000-0xfeb90fff]
[    1.236066] pci 0000:00:02.0: ROM [mem 0xf9] pci 0000:00:02.0: Video device with shadowed ROM at [mem 0x000c0000-0x000dffff]
[    1.247120] pci 0000:00:03.0: [1af4:1000] type 00 class 0x020000 conventional PCI endpoint
[    1.248597] pci 0000:00:03.0: BAR 0 [io  0xc080-0xc09f]
[    1.248896] pci 0000:00:03.0: BAR 4 [m]
[    1.252921] pci 0000:00:03.0: ROM [mem 0xfea80000-0xfeafffff pref]
[    1.264100] pci 0000:00:04.0: [1af4:1005] type 00 class 0x00ff00 conventional PCI endpoint
[    1.265284] pci 0000:00:04.0: BAR 0 [io  0xc0a0-0xc0bf]
[    1.265522] pci 0000:00:04.0: BAR 1 [mem 0xfeb911fff]
[    1.268116] pci 0000:00:04.0: BAR 4 [mem 0xfe004000-0xfe007fff 64bit pref]
[    1.271576] pci 0000:00:05.0: [1af4:1000] type 00 class 0x020000 conventional PCI endpoint
[    1.272702] pci 0000:00:05.0: BAR 0 [io  0xc0c0-0xc0df]
[    1.272948] pci 0000:00:05.0: BAR 1 2fff]
[    1.278386] pci 0000:00:05.0: BAR 4 [mem 0xfe008000-0xfe00bfff 64bit pref]
[    1.278806] pci 0000:00:05.0: ROM [mem 0xfeb00000-0xfeb7ffff pref]
[    1.283088] pci 0000:00:06.0: [1af4:1001] type 00 class 0x010000 conventional PCI endpoint
[    1.284170] pci 0000:00:06.0: 
[    1.290195] pci 0000:00:06.0: BAR 1 [mem 0xfeb93000-0xfeb93fff]
[    1.290587] pci 0000:00:06.0: BAR 4 [mem 0xfe00c000-0xfe00ffff 64bit pref]
[    1.298509] ACPI: PCI: Interrupt link LNKA configured for IRQ 10
[    1.299902] ACPI: PCI: Interrupt link LNKB configured for IR0
[    1.302223] ACPI: PCI: Interrupt link LNKC configured for IRQ 11
[    1.302936] ACPI: PCI: Interrupt link LNKD configured for IRQ 11
[    1.303402] ACPI: PCI: Interrupt link LNKS configured for IRQ 9
[    1.306570] iommu: Default domain type: Translated
[    1.306835] ilidation policy: lazy mode
[    1.315321] SCSI subsystem initialized
[    1.316362] ACPI: bus type USB registered
[    1.316869] usbcore: registered new interface driver usbfs
[    1.317346] usbcore: registered new interface driver hub
[    1.317677] usbcore: registered new device0891] pps_core: LinuxPPS API ver. 1 registered
[    1.322851] pps_core: Software ver. 5.3.6 - Copyright 2005-2007 Rodolfo Giometti <giometti@linux.it>
[    1.323440] PTP clock support registered
[    1.333930] PCI: Using ACPI for IRQ routing
[    1.336639] hpet0: at MMIO 0xfed00000, IRQs 2, 8, 0
[    1.336962] hpet0: 3 comparators, 64-bit 100.000000 MHz counter
[    1.342166] clocksource: Switched to clocksource tsc-early
[    1.342166] pnp: PnP ACPI init
[    1.342166] pnp: PnP ACPI: found 6 devices
[    1.354385] clocksource: acpi_pm: mask: 0xffffff max_cycles: 0xffffff, max_idle_ns: 2085701024 ns
[    1.355773] NET: Registered PF_INET protocol family
[    1.357028] IP idents hash table entries: 2048 (order: 2, 16384 bytes, linear)
[    1.362662] tcp_listen_portaddr_hasable entries: 256 (order: 0, 4096 bytes, linear)
[    1.365324] Table-perturb hash table entries: 65536 (order: 6, 262144 bytes, linear)
[    1.365791] TCP established hash table entries: 1024 (order: 1, 8192 bytes, linear)
[    1.366230] TCP bind hash table entries: 1024 (ord] TCP: Hash tables configured (established 1024 bind 1024)
[    1.377834] MPTCP token hash table entries: 256 (order: 1, 6144 bytes, linear)
[    1.378382] UDP hash table entries: 256 (order: 2, 16384 bytes, linear)
[    1.378851] UDP-Lite hash table entries: 256 (order: 2, 16384580] NET: Registered PF_UNIX/PF_LOCAL protocol family
[    1.388242] pci_bus 0000:00: resource 4 [io  0x0000-0x0cf7 window]
[    1.388501] pci_bus 0000:00: resource 5 [io  0x0d00-0xffff window]
[    1.388738] pci_bus 0000:00: resource 6 [mem 0x000a0000-0x000bffff window]
[ [mem 0x08000000-0xfebfffff window]
[    1.398341] pci_bus 0000:00: resource 8 [mem 0x100000000-0x17fffffff window]
[    1.399104] pci 0000:00:01.0: PIIX3: Enabling Passive Release
[    1.399420] pci 0000:00:00.0: Limiting direct PCI/PCI transfers
[    1.399760] PCI: CLS 0 byt
[    1.423636] workingset: timestamp_bits=46 max_order=15 bucket_order=0
[    1.423636] squashfs: version 4.0 (2009/01/31) Phillip Lougher
[    1.434845] cryptd: max_cpu_qlen set to 1000
[    1.435323] Block layer SCSI generic (bsg) driver version 0.4 loaded (major 247)
[    1.438331] hyperv_fb: Deprecated: use Hyper-V DRM driver instead
[    1.438673] hv_vmbus: registering driver hyperv_fb
[    1.442069] input: Power Button as /devices/LNXSYSTM:00/LNXPWRBN:00/input/input0
[    1.449318] ACPI: button: Power Button [PWRF]
[    1.596219] ACPI: \_SB_.LNKC: Enabled at IRQ 11
[    1.736072] ACPI: \_SB_.LNKD: Enabled at IRQ 10
[    1.873602] ACPI: \_SB_.LNKA: Enabled at IRQ 10
[    2.010912] ACPI: \_SB_.LNKB: Enabled at IRQ 11
[    2.013846] Serial: 8250/16550 driver, 16 ports, IRQ sharing enabled
[    2.039197] 00:04: ttyS0 at I/O 0x3f8 (irq = 4, base_baud = 115200) is a 16550A
[    2.058113] Non-volatile memory driver v1.3
[    2.069337] Linux agpgart interface v0.103
[    2.070370] ACPI: bus type drm_connector registered
[    2.074746] [drm] Found bochs VGA, ID 0xb0c5.
[    2.074977] [drm] Framebuffer size 16384 kB @ 0xfd000000, mmio @ 0xfeb90000.
[    2.081052] [drm] Initialized bochs-drm 1.0.0 for 0000:00:02.0 on minor 0
[    2.145111] Console: switching to colour frame buffer device 160x50
[    2.156539] bochs-drm 0000:00:02.0: [drm] fb0: bochs-drmdrmfb frame buffer device
[    2.186462] loop: module loaded
[    2.187254] virtio_blk virtio3: 1/0/0 default/read/poll queues
[    2.192017] virtio_blk virtio3: [vda] 246784 512-byte logical blocks (126 MB/121 MiB)
[    2.200973]  vda: vda1 vda2
[    2.203279] Guest personality initialized and is inactive
[    2.203906] VMCI host device registered (name=vmci, major=10, minor=256)
[    2.204172] Initialized host personality
[    2.204482] usbcore: registered new interface driver rtsx_usSCSI driver - version 1.0.7.0-k
[    2.211839] hv_vmbus: registering driver hv_storvsc
[    2.225815] scsi host0: ata_piix
[    2.228329] scsi host1: ata_piix
[    2.229337] ata1: PATA max MWDMA2 cmd 0x1f0 ctl 0x3f6 bmdma 0xc0e0 irq 14 lpm-pol 0
[    2.229673] ata2: PATA max MWDMA2 cmd 0x170 ctl 0x376 bmdma 0xc0e8 irq 15 lpm-pol 0
[    2.244739] VMware vmxnet3 virtual NIC driver - version 1.9.0.0-k-NAPI
[    2.245339] hv_vmbus: registering driver hv_netvsc
[    2.245734] Fusion MPT base driver 3.04.20
[    2.245892] Copyright (c) 1999-2008 LSI Corporation
[    2.246263] Fusion MPT SPI Host driver 3.04t driver 3.04.20
[    2.257598] usbcore: registered new interface driver usb-storage
[    2.258905] i8042: PNP: PS/2 Controller [PNP0303:KBD,PNP0f13:MOU] at 0x60,0x64 irq 1,12
[    2.262638] serio: i8042 KBD port at 0x60,0x64 irq 1
[    2.263034] serio: i8042 AUX port at 0x60
[    2.268805] hv_vmbus: registering driver hyperv_keyboard
[    2.270738] rtc_cmos 00:05: RTC can wake from S4
[    2.275422] rtc_cmos 00:05: registered as rtc0
[    2.277427] rtc_cmos 00:05: setting system clock to 2026-04-27T02:06:40 UTC (1777255600)
[    2.279456] rtc_cmos 00:05: alarms up to one day, y3k, 242 bytes nvram, hpet irqs
[    2.281873] intel_powerclamp: CPU does not support MWAIT
[    2.283544] amd_pstate: the _CPC object is not present in SBIOS or ACPI disabled
[    2.285250] sdhci: Secure Digital Host Contr
[    2.291849] sdhci: Copyright(c) Pierre Ossman
[    2.293596] VUB300 Driver rom wait states = 1C irqpoll timeout = 0400
[    2.299774] input: AT Translated Set 2 keyboard as /devices/platform/i8042/serio0/input/input1
[    2.314270] usbcore: registered new interface driver vub300
[    2.315905] usbcore: registered new interface driver ushc
[    2.323491] hid: raw HID events driver (C) Jiri Kosina
[    2.325652] hv_vmbus: registering driver hid_hyperv
[    2.328082] usbcore: registered new interface driver usbhid
[    2.329532] usbhid: USB HID core driver
[    2.331045] hv_utils: Registering HyperV Utility Driver
[    2.332605] hv_vmbus: registering driver hv_utils
[002] hv_vmbus: registering driver hv_balloon
[    2.339533] NET: Registered PF_INET6 protocol family
[    2.354512] Segment Routing with IPv6
[    2.356141] In-situ OAM (IOAM) with IPv6
[    2.357985] NET: Registered PF_PACKET protocol family
[    2.359948] bridge: filtering via arp/ip/ip6tables is no longer available by default. Update your scripts to load br_netfilter if y
[    2.369392] 8021q: 802.1Q VLAN Support v1.8
[    2.371707] NET: Registered PF_VSOCK protocol family
[    2.379728] IPI shorthand broadcast: enabled
[    2.395752] sched_clock: Marking stable (2160092309, 231330818)->(2471004235, -79581108)
[    2.424336] ata2: found unknown device (class 0)
[    2.461595] tsc: Refined TSC clocksource calibration: 2596.170 MHz
[    2.463623] clocksource: tsc: mask: 0xffffffffffffffff max_cycles: 0x256c19ff92a, max_idle_ns: 440795264267 ns
[    2.465395] clocksource: Switched to clocksource tsc
[    2.475581] ata2.00: ATAPI: QEMU DVD-ROM, 2.5+, max UDMA/100
[    2.493374] scsi 1:0:0:0: CD-ROM            QEMU     QEMU DVD-ROM     2.5+ PQ: 0 ANSI: 5
[    2.503826] clk: Disabling unused clocks
[    2.515789] check access for rdinit=/init failed: -2, ignoring
[    2.553264] sr 1:0:0:0: [sr0] scsi3-mmc drive: 4x/4x cd/rw xa/form2 tray
[    2.555085] cdrom: Uniform CD-ROM driver Revision: 3.20
[    2.594223] VFS: Mounted root (squashfs filesystem) readonly on device 254:2.
[    2.673459] Freeing unused kernel image (initmem) memory: 2676K
[    2.675549] Write protecting the kernel read-only data: 22528k
[    2.680378] Freeing unused kernel image (text/rodata gap) memory: 2004K
[    2.682788] Freeing unused kernel image (rodata/data gap) memory: 380K
[    2.686080] Run /sbin/init as init process
[    3.001811] init: Console is alive
[    3.970730] kmodloader: loading kernel modules from /etc/modules-boot.d/*
[    4.054838] button_hotplug: loading out-of-tree module taints kernel.
[    4.061250] Button Hotplug driver version 0.4.1
[    4.087091] Intel(R) 2.5G Ethernet Linux Driver
[    4.089051] Copyright(c) 2018 Intel Corporation.
[    4.108810] igb: Intel(R) Gigabit Ethernet Network Driver
[    4.110766] igb: Copyright (c) 2007-2014 Intel Corporation.
[    4.132343] e1000e: Intel(R) PRO/1000 Network Driver
[    4.134322] e1000e: Copyright(c) 1999 - 2015 Intel Corporation.
[    4.151289] kmodloader: done loading kernel modules from /etc/modules-boot.d/*
[    4.167391] init: - preinit -
[    5.194979] 8021q: adding VLAN 0 to HW filter on device eth0
Press the [f] key and hit [enter] to enter failsafe mode
Press the [1], [2], [3] or [4] key and hit [enter] to select the debug level
[    9.905071] loop0: detected capacity change from 0 to 212992
[    9.962055] loop0: detected capacity change from 212992 to 200704
[    9.976006] mount_root: overlay filesystem in /dev/loop0 has not been formatted yet
[   10.318882] EXT4-fs (loop0): mounted filesystem 4fa7085c-935c-4de2-90d2-9569e013f207 r/w with ordered data mode. Quota mode: disabled.
[   10.333455] mount_root: overlay filesystem has not been fully initialized yet
[   10.353675] mount_root: switching to ext4 overlay
[   10.377558] overlayfs: null uuid detected in lower fs '/', falling back to xino=off,index=off,nfs_export=off.
[   11.115293] EXT4-fs (vda1): mounted filesystem 84173db5-fa99-e35a-95c6-28613cc79ea9 r/w without journal. Quota mode: disabled.
[   11.142900] urandom-seed: Seed file not found (/etc/urandom.seed)
[   11.302883] procd: - early -
[   12.049776] procd: - ubus -
[   12.227694] procd: - init -
Please press Enter to activate this console.
root
login[1041]: root login on 'ttyS0'


BusyBox v1.37.0 (2026-01-02 17:07:02 UTC) built-in shell (ash)

  _______                     ________        __
 |       |.-----.-----.-----.|  |  |  |.----.|  |_
 |   -   ||  _  |  -__|     ||  |  |  ||   _||   _|
 |_______||   __|_____|__|__||________||__|  |____|
          |__| W I R E L E S S   F R E E D O M
 -----------------------------------------------------
 OpenWrt SNAPSHOT, r34159-60fda6238c
 -----------------------------------------------------

 === WARNING! =====================================
 There is no root password defined on this device!
 Use the "passwd" command to set up a new password
 in order to prevent unauthorized SSH logins.
 --------------------------------------------------

root@(none):~# dmesg -n 1
root@(none):~# echo 'HEVM''FCAFQK'
HEVMFCAFQK
root@(none):~# run() { echo -n "$MARKER"; sh -c "$@"; echo "$MARKER $?"; }
root@(none):~# echo 'PPPF''FPLONB'
PPPFFPLONB
root@(none):~# MARKER='MJNK''ATXMKZ' run 'ubus wait_for network.interface.lan'
MJNKATXMKZMJNKATXMKZ 0
root@OpenWrt:~# echo 'EFBM''JBHJEP'
EFBMJBHJEP
root@OpenWrt:~# MARKER='VYUH''KFCJFP' run 'ubus call network.interface.lan statu
s '"'"'{}'"'"''
VYUHKFCJFP{
	"up": true,
	"pending": false,
	"available": true,
	"autostart": true,
	"dynamic": false,
	"uptime": 0,
	"l3_device": "br-lan",
	"proto": "static",
	"device": "br-lan",
	"updated": [
		"addresses"
	],
	"metric": 0,
	"dns_metric": 0,
	"delegation": true,
	"ipv4-address": [
		{
			"address": "192.168.1.1",
			"mask": 24
		}
	],
	"ipv6-address": [
		
	],
	"ipv6-prefix": [
		
	],
	"ipv6-prefix-assignment": [
		{
			"address": "fd66:af5b:32e7::",
			"mask": 60,
			"local-address": {
				"address": "fd66:af5b:32e7::1",
				"mask": 60
			}
		}
	],
	"route": [
		
	],
	"dns-server": [
		
	],
	"dns-search": [
		
	],
	"neighbors": [
		
	],
	"inactive": {
		"ipv4-address": [
			
		],
		"ipv6-address": [
			
		],
		"route": [
			
		],
		"dns-server": [
			
		],
		"dns-search": [
			
		],
		"neighbors": [
			
		]
	},
	"data": {
		
	}
}
VYUHKFCJFP 0
root@OpenWrt:~# echo 'EAKA''UEFWPG'
EAKAUEFWPG
root@OpenWrt:~# MARKER='HEOM''JHMMEN' run true
HEOMJHMMENHEOMJHMMEN 0
root@OpenWrt:~# echo 'PGNO''WQYCSE'
PGNOWQYCSE
root@OpenWrt:~# MARKER='QEXJ''GOSQCY' run 'source /etc/os-release; echo $BUILD_I
D'
QEXJGOSQCYr34159-60fda6238c
QEXJGOSQCY 0
root@OpenWrt:~# echo 'QKSH''XJZXBB'
QKSHXJZXBB
root@OpenWrt:~# MARKER='EOBV''HATCGJ' run 'ls /etc/dropbear/dropbear_rsa_host_ke
y'
EOBVHATCGJ[0;0m/etc/dropbear/dropbear_rsa_host_key[m
EOBVHATCGJ 0
root@OpenWrt:~# echo 'PFOX''LPUCBG'
PFOXLPUCBG
root@OpenWrt:~# MARKER='FZST''VANPGP' run 'netstat -tlpn | grep 0.0.0.0:22'
FZSTVANPGPtcp        0      0 0.0.0.0:22              0.0.0.0:*               LISTEN      1730/dropbear
FZSTVANPGP 0
root@OpenWrt:~# echo 'JBVO''KVXJQC'
JBVOKVXJQC
root@OpenWrt:~# MARKER='OSZF''SZQQUO' run 'dmesg | grep br-lan | grep forwarding
'
OSZFSZQQUO[   37.552400] br-lan: port 1(eth0) entered forwarding state
OSZFSZQQUO 0
root@OpenWrt:~# echo 'JBSM''OFHJCT'
JBSMOFHJCT
root@OpenWrt:~# MARKER='PSHJ''UXVCNV' run 'ubus call network.interface.lan statu
s '"'"'{}'"'"''
PSHJUXVCNV{
	"up": true,
	"pending": false,
	"available": true,
	"autostart": true,
	"dynamic": false,
	"uptime": 25,
	"l3_device": "br-lan",
	"proto": "static",
	"device": "br-lan",
	"updated": [
		"addresses"
	],
	"metric": 0,
	"dns_metric": 0,
	"delegation": true,
	"ipv4-address": [
		{
			"address": "192.168.1.1",
			"mask": 24
		}
	],
	"ipv6-address": [
		
	],
	"ipv6-prefix": [
		
	],
	"ipv6-prefix-assignment": [
		{
			"address": "fd66:af5b:32e7::",
			"mask": 60,
			"local-address": {
				"address": "fd66:af5b:32e7::1",
				"mask": 60
			}
		}
	],
	"route": [
		
	],
	"dns-server": [
		
	],
	"dns-search": [
		
	],
	"neighbors": [
		
	],
	"inactive": {
		"ipv4-address": [
			
		],
		"ipv6-address": [
			
		],
		"route": [
			
		],
		"dns-server": [
			
		],
		"dns-search": [
			
		],
		"neighbors": [
			
		]
	},
	"data": {
		
	}
}
PSHJUXVCNV 0
root@OpenWrt:~# echo 'MEYT''ZCHWFU'
MEYTZCHWFU
root@OpenWrt:~# MARKER='ZYOQ''PCAFFO' run 'ip -o addr show dev br-lan'
ZYOQPCAFFO4: br-lan    inet 192.168.1.1/24 brd 192.168.1.255 scope global br-lan\       valid_lft forever preferred_lft forever
4: br-lan    inet6 fd66:af5b:32e7::1/60 scope global noprefixroute \       valid_lft forever preferred_lft forever
4: br-lan    inet6 fe80::5054:ff:fe12:3456/64 scope link \       valid_lft forever preferred_lft forever
ZYOQPCAFFO 0
root@OpenWrt:~# echo 'EPNU''KAAWKL'
EPNUKAAWKL
root@OpenWrt:~# MARKER='SEXT''VYNKQS' run 'ubus call network.interface.wan statu
s '"'"'{}'"'"''
SEXTVYNKQS{
	"up": true,
	"pending": false,
	"available": true,
	"autostart": true,
	"dynamic": false,
	"uptime": 22,
	"l3_device": "eth1",
	"proto": "dhcp",
	"device": "eth1",
	"updated": [
		"addresses",
		"routes",
		"data"
	],
	"metric": 0,
	"dns_metric": 0,
	"delegation": true,
	"ipv4-address": [
		{
			"address": "10.0.2.15",
			"mask": 24
		}
	],
	"ipv6-address": [
		
	],
	"ipv6-prefix": [
		
	],
	"ipv6-prefix-assignment": [
		
	],
	"route": [
		{
			"target": "0.0.0.0",
			"mask": 0,
			"nexthop": "10.0.2.2",
			"source": "10.0.2.15/32"
		}
	],
	"dns-server": [
		"10.0.2.3"
	],
	"dns-search": [
		
	],
	"neighbors": [
		
	],
	"inactive": {
		"ipv4-address": [
			
		],
		"ipv6-address": [
			
		],
		"route": [
			
		],
		"dns-server": [
			
		],
		"dns-search": [
			
		],
		"neighbors": [
			
		]
	},
	"data": {
		"dhcpserver": "10.0.2.2",
		"leasetime": 86400
	}
}
SEXTVYNKQS 0
root@OpenWrt:~# 