Labgrid Console Logfile for main
Logfile started at 2026-04-27 03:50:22.826240
=== Log starts here ===
c[?7l[2J[0mSeaBIOS (version 1.16.3-debian-1.16.3-2)


iPXE (https://ipxe.org) 00:03.0 CA00 PCI2.10 PnP PMM+06FCAE70+06F0AE70 CA00
Press Ctrl-B to configure iPXE (PCI 00:03.0)...                                                                               




iPXE (https://ipxe.org) 00:05.0 CB00 PCI2.10 PnP PMM 06FCAE70 06F0AE70 CB00
Press Ctrl-B to configure iPXE (PCI 00:05.0)...                                                                               


Booting from Hard Disk...
GRUB loading.....
[0;30;47mWelcome to GRUB![01;01H[0m[2J[H[J[1;1H[?25l[m[H[J[1;1H[2;30HGNU GRUB  version 2.12

[m[4;2H+----------------------------------------------------------------------------+[5;2H|[5;79H|[6;2H|[6;79H|[7;2H|[7;79H|[8;2H|[8;79H|[9;2H|[9;79H|[10;2H|[10;79H|[11;2H|[11;79H|[12;2H|[12;79H|[13;2H|[13;79H|[14;2H|[14;79H|[15;2H|[15;79H|[16;2H+----------------------------------------------------------------------------+[m[17;2H[18;2H[m     Use the ^ and v keys to select which entry is highlighted.          
      Press enter to boot the selected OS, `e' to edit the commands       
      before booting or `c' for a command-line. ESC to return             
      previous menu.                                                      [5;80H [7m[5;3H*OpenWrt                                                                    [m[5;78H[m[m[6;3H OpenWrt (failsafe)                                                         [m[6;78H[m[m[7;3H                                                                            [m[7;78H[m[m[8;3H                                                                            [m[8;78H[m[m[9;3H                                                                            [m[9;78H[m[m[10;3H                                                                            [m[10;78H[m[m[11;3H                                                                            [m[11;78H[m[m[12;3H                                                                            [m[12;78H[m[m[13;3H                                                                            [m[13;78H[m[m[14;3H                                                                            [m[14;78H[m[m[15;3H                                                                            [m[15;78H[m[15;80H [5;78H[2J[02;30HGNU GRUB  version 2.12[04;02H┌────────────────────────────────────────────────────────────────────────────┐[05;02H│[05;79H│[06;02H│[06;79H│[07;02H│[07;79H│[08;02H│[08;02H[08;79H│[09;02H│[09;79H│[10;02H│[10;79H│[11;02H│[11;79H│[12;02H│[12;79H│[13;02H│[13;79H│[14;02H│[14;79H│[15;02H│[15;79H│[16;02H│[16;79H│[17;02H└────────────────────────────────────────────────────────────────────────────┘[19;02H     Use the ↑ and ↓ keys to select which entry is highlig[19;59H[19;60Hhted.          
      Press enter to boot the selected OS, `e' to edit the commands       
      before booting or `c' for a command-line. ESC to return            [21;73H[21;74H 
      previous menu.                                                      [05;80H [05;03H[0;30;47m*OpenWrt                                                                    [06;03H[0m OpenWrt [06;11H[06;12H(failsafe)                                                         [07;03H                                                                            [08;03H                                                                            [09;03H                                                                            [10;03H                                  [10;36H[10;37H                                          [11;03H                                                                            [12;03H                                                                            [13;03H                                                                            [14;03H                                                                            [15;03H                                                                            [16;03H                                                                      [16;72H[16;73H      [16;80H 






   The highlighted entry will be executed automatically in 5s.                [22;1H   The highlighted entry will be executed automatically in 5s.                 [5;78H [05;78H

















   The highlighted entry will be executed automatically in 4s.                [22;1H   The highlighted entry will be executed automatically in 4s.                 [5;78H [05;78H

















   The highlighted entry will be executed automatically in 3s.                [22;1H   The highlighted entry will be executed automatically in 3s.                 [5;78H [05;78H

















   The highlighted entry will be executed automatically in 2s.                [22;1H   The highlighted entry will be executed automatically in 2s.                 [5;78H [05;78H

















   The highlighted entry will be executed automatically in 1s.                [22;1H   The highlighted entry will be executed automatically in 1s.                 [5;78H [05;78H

















   The highlighted entry will be executed automatically in 0s.                [22;1H   The highlighted entry will be executed automatically in 0s.                 [5;78H [01;01H[2J[?25h[H[J[1;1H[H[J[1;1H[2J   Booting `OpenWrt' Booting `OpenWrt

'

[    0.000000] Linux version 6.18.21 (builder@buildhost) (x86_64-openwrt-linux-musl-gcc (OpenWrt GCC 14.3.0 r34168-793ceff149) 14.3.0, GNU ld (GNU Binutils) 2.44) #0 SMP Sun Apr 26 22:40:59 2026
[    0.000000] Command line: BOOT_IMAGE=/boot/vmlinuz root=PARTUUID=95604ddd-02 roonoinitrd
[    0.000000] BIOS-provided physical RAM map:
[    0.000000] BIOS-e820: [mem 0x0000000000000000-0x000000000009fbff] usable
[    0.000000] BIOS-e820: [mem 0x000000000009fc00-0x000000000009ffff] reserved
[    0.000000] BIOS-e820: [mem 0x00000000000f0000-0x00000000000fem 0x0000000000100000-0x0000000007fdcfff] usable
[    0.000000] BIOS-e820: [mem 0x0000000007fdd000-0x0000000007ffffff] reserved
[    0.000000] BIOS-e820: [mem 0x00000000fffc0000-0x00000000ffffffff] reserved
[    0.000000] BIOS-e820: [mem 0x000000fd00000000-0x000000ffffffffff] ) protection: active
[    0.000000] APIC: Static calls initialized
[    0.000000] SMBIOS 3.0.0 present.
[    0.000000] DMI: QEMU Standard PC (i440FX + PIIX, 1996), BIOS 1.16.3-debian-1.16.3-2 04/01/2014
[    0.000000] DMI: Memory slots populated: 1/1
[    0.000000] tsc: Fasttsc: Detected 2445.427 MHz processor
[    0.008799] last_pfn = 0x7fdd max_arch_pfn = 0x10000000000
[    0.009388] MTRR map: 4 entries (3 fixed + 1 variable; max 19), built from 8 variable MTRRs
[    0.009590] x86/PAT: Configuration [0-7]: WB  WC  UC- UC  WB  WP  UC- WT  
[   460-0x000f546f]
[    0.033022] Using GB pages for direct mapping
[    0.037633] ACPI: Early table checksum verification disabled
[    0.037968] ACPI: RSDP 0x00000000000F5290 000014 (v00 BOCHS )
[    0.038256] ACPI: RSDT 0x0000000007FE1C64 000034 (v01 BOCHS  BXPC     00000001 x0000000007FE1B18 000074 (v01 BOCHS  BXPC     00000001 BXPC 00000001)
[    0.039377] ACPI: DSDT 0x0000000007FE0040 001AD8 (v01 BOCHS  BXPC     00000001 BXPC 00000001)
[    0.039458] ACPI: FACS 0x0000000007FE0000 000040
[    0.039510] ACPI: APIC 0x0000000007FE1B8C 000078 (v03 BOCHS39560] ACPI: HPET 0x0000000007FE1C04 000038 (v01 BOCHS  BXPC     00000001 BXPC 00000001)
[    0.039583] ACPI: WAET 0x0000000007FE1C3C 000028 (v01 BOCHS  BXPC     00000001 BXPC 00000001)
[    0.039691] ACPI: Reserving FACP table memory at [mem 0x7fe1b18-0x7fe1b8b]
[    0.0397260x7fe0040-0x7fe1b17]
[    0.039735] ACPI: Reserving FACS table memory at [mem 0x7fe0000-0x7fe003f]
[    0.039741] ACPI: Reserving APIC table memory at [mem 0x7fe1b8c-0x7fe1c03]
[    0.039747] ACPI: Reserving HPET table memory at [mem 0x7fe1c04-0x7fe1c3b]
[    0.039753] ACPI: R-0x7fe1c63]
[    0.062693] Zone ranges:
[    0.062725]   DMA      [mem 0x0000000000001000-0x0000000000ffffff]
[    0.062806]   DMA32    [mem 0x0000000001000000-0x0000000007fdcfff]
[    0.062818]   Normal   empty
[    0.062838] Movable zone start for each node
[    0.062872] node   0: [mem 0x0000000000001000-0x000000000009efff]
[    0.063042]   node   0: [mem 0x0000000000100000-0x0000000007fdcfff]
[    0.063182] Initmem setup node 0 [mem 0x0000000000001000-0x0000000007fdcfff]
[    0.064270] On node 0, zone DMA: 1 pages in unavailable ranges
[   navailable ranges
[    0.066102] On node 0, zone DMA32: 35 pages in unavailable ranges
[    0.066516] ACPI: PM-Timer IO Port: 0x608
[    0.066955] ACPI: LAPIC_NMI (acpi_id[0xff] dfl dfl lint[0x1])
[    0.067364] IOAPIC[0]: apic_id 0, version 32, address 0xfec00000, GSI 0-23
irq 0 global_irq 2 dfl dfl)
[    0.067751] ACPI: INT_SRC_OVR (bus 0 bus_irq 5 global_irq 5 high level)
[    0.067809] ACPI: INT_SRC_OVR (bus 0 bus_irq 9 global_irq 9 high level)
[    0.067904] ACPI: INT_SRC_OVR (bus 0 bus_irq 10 global_irq 10 high level)
[    0.067914] ACPI: INT_SRC_O)
[    0.068096] ACPI: Using ACPI (MADT) for SMP configuration information
[    0.068142] ACPI: HPET id: 0x8086a201 base: 0xfed00000
[    0.068485] CPU topo: Max. logical packages:   1
[    0.068497] CPU topo: Max. logical dies:       1
[    0.068507] CPU topo: Max. dies per pareads per core:   1
[    0.068729] CPU topo: Num. cores per package:     1
[    0.068745] CPU topo: Num. threads per package:   1
[    0.068754] CPU topo: Allowing 1 present CPUs plus 0 hotplug CPUs
[    0.069536] [mem 0x08000000-0xfffbffff] available for PCI devices
[    0.069617] Boo
[    0.069917] clocksource: refined-jiffies: mask: 0xffffffff max_cycles: 0xffffffff, max_idle_ns: 19112604462750000 ns
[    0.070402] setup_percpu: NR_CPUS:512 nr_cpumask_bits:1 nr_cpu_ids:1 nr_node_ids:1
[    0.072218] percpu: Embedded 46 pages/cpu s150552 r8192 d29672 u2097152MAGE=/boot/vmlinuz root=PARTUUID=95604ddd-02 rootwait console=tty1 console=ttyS0,115200n8 noinitrd
[    0.075799] random: crng init done
[    0.075879] printk: log buffer data + meta data: 131072 + 458752 = 589824 bytes
[    0.076116] Dentry cache hash table entries: 16384 (order: 5, 1310he hash table entries: 8192 (order: 4, 65536 bytes, linear)
[    0.078609] Built 1 zonelists, mobility grouping on.  Total pages: 32635
[    0.078839] mem auto-init: stack:off, heap alloc:off, heap free:off
[    0.088015] SLUB: HWalign=64, Order=0-3, MinObjects=0, CPUs=1, Nodes=1
entation.
[    0.096518] rcu: 	RCU restricting CPUs from NR_CPUS=512 to nr_cpu_ids=1.
[    0.096692] 	Tracing variant of Tasks RCU enabled.
[    0.096786] rcu: RCU calculated value of scheduler-enlistment delay is 10 jiffies.
[    0.096817] rcu: Adjusting geometry for rcu_fanout_leaf=1ace: Setting shift to 0 and lim to 1 rcu_task_cb_adjust=1 rcu_task_cpu_ids=1.
[    0.098249] NR_IRQS: 33024, nr_irqs: 256, preallocated irqs: 16
[    0.107526] rcu: srcu_init: Setting srcu_struct sizes based on contention.
[    0.114598] Console: colour VGA+ 80x25
[    0.115015] pr.123172] printk: legacy console [ttyS0] enabled
[    0.342726] ACPI: Core revision 20250807
[    0.348105] clocksource: hpet: mask: 0xffffffff max_cycles: 0xffffffff, max_idle_ns: 19112604467 ns
[    0.352645] APIC: Switch to symmetric I/O mode setup
[    0.357387] ..TIMER: vector=0x30 apic1=0 pin1=2 apic2=-1 pin2=-1
[    0.399896] clocksource: tsc-early: mask: 0xffffffffffffffff max_cycles: 0x233fd8a313f, max_idle_ns: 440795252855 ns
[    0.400534] Calibrating delay loop (skipped), value calculated using timer frequency.. 4890.85 BogoMIPS (lpj=24454270)
[    0.402394] x86/cpu: User Mode I (UMIP) activated
[    0.416797] Last level iTLB entries: 4KB 0, 2MB 0, 4MB 0
[    0.417149] Last level dTLB entries: 4KB 0, 2MB 0, 4MB 0, 1GB 0
[    0.420588] mitigations: Enabled attack vectors: user_kernel, user_user, guest_host, guest_guest, SMT mitigations: auto
[    0.421853] Speculative Store Bypass: Vulnerable
[    0.422617] Spectre V2 : Mitigation: Retpolines
[    0.423000] Spectre V1 : Mitigation: usercopy/swapgs barriers and __user pointer sanitization
[    0.423478] Spectre V2 : Spectre v2 / SpectreRSB: Filling RSB on context 
[    0.432439] x86/fpu: Supporting XSAVE feature 0x001: 'x87 floating point registers'
[    0.436917] x86/fpu: Supporting XSAVE feature 0x002: 'SSE registers'
[    0.437177] x86/fpu: Supporting XSAVE feature 0x004: 'AVX registers'
[    0.437422] x86/fpu: Supporting XSAVE feat
[    0.440513] x86/fpu: Supporting XSAVE feature 0x010: 'MPX CSR'
[    0.441144] x86/fpu: xstate_offset[2]:  576, xstate_sizes[2]:  256
[    0.441585] x86/fpu: xstate_offset[3]:  960, xstate_sizes[3]:   64
[    0.441817] x86/fpu: xstate_offset[4]: 1024, xstate_sizes[4]:   64te features 0x1f, context size is 1088 bytes, using 'standard' format.
[    0.807051] Freeing SMP alternatives memory: 48K
[    0.808416] pid_max: default: 32768 minimum: 301
[    0.818600] Mount-cache hash table entries: 512 (order: 0, 4096 bytes, linear)
[    0.819016] Mountpoint-cache hash table entries: 512 (order: 0, 4096 bytes, linear)
[    0.969929] smpboot: CPU0: AMD QEMU TCG CPU version 2.5+ (family: 0x6, model: 0x6, stepping: 0x3)
[    0.970899] Performance Events: PMU not available due to virtualization, using software events only.
[    0.972484] signal: max sigframe size: 1616
[    0.974164] rcu: Hierarchical SRCU implementation.
[    0.974390] rcu: 	Max phase no-delay instances is 1000.
[    0.9793inging up secondary CPUs ...
[    0.982141] smp: Brought up 1 node, 1 CPU
[    0.982383] smpboot: Total of 1 processors activated (4890.85 BogoMIPS)
[    0.991840] Memory: 96076K/130540K available (14379K kernel code, 1184K rwdata, 5764K rodata, 2676K init, 2148K bss, 32776K rrved, 0K cma-reserved)
[    1.005562] clocksource: jiffies: mask: 0xffffffff max_cycles: 0xffffffff, max_idle_ns: 19112604462750000 ns
[    1.006386] posixtimers hash table entries: 512 (order: 1, 8192 bytes, linear)
[    1.006873] futex hash table entries: 256 (16384 bytes on 1 NUMA nodes, total 16] pinctrl core: initialized pinctrl subsystem
[    1.034957] NET: Registered PF_NETLINK/PF_ROUTE protocol family
[    1.043233] thermal_sys: Registered thermal governor 'step_wise'
[    1.043270] thermal_sys: Registered thermal governor 'user_space'
[    1.044209] cpuidle: using governor ladder
[    1.044724] cpuidle: ung governor menu
[    1.046941] acpiphp: ACPI Hot Plug PCI Controller Driver version: 0.5
[    1.049594] PCI: Using configuration type 1 for base access
[    1.055218] HugeTLB: registered 2.00 MiB page size, pre-allocated 0 pages
[    1.055513] HugeTLB: 28 KiB vmemmap can be eed for a 2.00 MiB page
[    1.073158] ACPI: Added _OSI(Module Device)
[    1.073371] ACPI: Added _OSI(Processor Device)
[    1.073540] ACPI: Added _OSI(Processor Aggregator Device)
[    1.087957] ACPI: 1 ACPI AML tables successfully acquired and loaded
[    1.104128] ACPI: Interpreter enabled
[    1.104878] ACPI: PM: (supports S0 S5)
[    1.105081] ACPI: Using IOAPIC for interrupt routing
[    1.105677] PCI: Using host bridge windows from ACPI; if necessary, use "pci=nocrs" and report a bug
[    1.106031] PCI: Using E820 r
[    1.112302] ACPI: Enabled 2 GPEs in block 00 to 0F
[    1.146016] ACPI: PCI Root Bridge [PCI0] (domain 0000 [bus 00-ff])
[    1.147058] acpi PNP0A03:00: _OSC: OS supports [ASPM ClockPM Segments MSI HPX-Type3]
[    1.147518] acpi PNP0A03:00: _OSC: not requesting OS control; OS requires [ExtendedConfig ASPM ClockPM MSI]
[    1. to add MMCONFIG information, can't access extended configuration space under this bridge
[    1.161502] acpiphp: Slot [3] registered
[    1.161818] acpiphp: Slot [4] registered
[    1.162072] acpiphp: Slot [5] registered
[    1.162334] acpiphp: Slot [6] registered
[    1.16registered
[    1.168429] acpiphp: Slot [8] registered
[    1.168845] acpiphp: Slot [9] registered
[    1.169114] acpiphp: Slot [10] registered
[    1.169374] acpiphp: Slot [11] registered
[    1.169613] acpiphp: Slot [12] registered
[    1.169856] acpiphp: Slot [13] registered
[    
[    1.170662] acpiphp: Slot [15] registered
[    1.171136] acpiphp: Slot [16] registered
[    1.171449] acpiphp: Slot [17] registered
[    1.180681] acpiphp: Slot [18] registered
[    1.180917] acpiphp: Slot [19] registered
[    1.181185] acpiphp: Slot [20] registered
[  ed
[    1.190663] acpiphp: Slot [22] registered
[    1.191098] acpiphp: Slot [23] registered
[    1.191512] acpiphp: Slot [24] registered
[    1.191786] acpiphp: Slot [25] registered
[    1.192041] acpiphp: Slot [26] registered
[    1.192291] acpiphp: Slot [27] registered
[ red
[    1.200676] acpiphp: Slot [29] registered
[    1.201113] acpiphp: Slot [30] registered
[    1.201523] acpiphp: Slot [31] registered
[    1.202064] PCI host bridge to bus 0000:00
[    1.202502] pci_bus 0000:00: root bus resource [io  0x0000-0x0cf7 window]
[    1.20286 [io  0x0d00-0xffff window]
[    1.210563] pci_bus 0000:00: root bus resource [mem 0x000a0000-0x000bffff window]
[    1.211104] pci_bus 0000:00: root bus resource [mem 0x08000000-0xfebfffff window]
[    1.211515] pci_bus 0000:00: root bus resource [mem 0x100000000-0x17fffffff  root bus resource [bus 00-ff]
[    1.221965] pci 0000:00:00.0: [8086:1237] type 00 class 0x060000 conventional PCI endpoint
[    1.226100] pci 0000:00:01.0: [8086:7000] type 00 class 0x060100 conventional PCI endpoint
[    1.230463] pci 0000:00:01.1: [8086:7010] type 00 classional PCI endpoint
[    1.235631] pci 0000:00:01.1: BAR 4 [io  0xc0e0-0xc0ef]
[    1.235916] pci 0000:00:01.1: BAR 0 [io  0x01f0-0x01f7]: legacy IDE quirk
[    1.236191] pci 0000:00:01.1: BAR 1 [io  0x03f6]: legacy IDE quirk
[    1.236433] pci 0000:00:01.1: BAR 2 [io  0x0170-533] pci 0000:00:01.1: BAR 3 [io  0x0376]: legacy IDE quirk
[    1.244257] pci 0000:00:01.3: [8086:7113] type 00 class 0x068000 conventional PCI endpoint
[    1.244909] pci 0000:00:01.3: quirk: [io  0x0600-0x063f] claimed by PIIX4 ACPI
[    1.245213] pci 0000:00:01.3: quirk: [MB
[    1.251325] pci 0000:00:02.0: [1234:1111] type 00 class 0x030000 conventional PCI endpoint
[    1.252586] pci 0000:00:02.0: BAR 0 [mem 0xfd000000-0xfdffffff pref]
[    1.252888] pci 0000:00:02.0: BAR 2 [mem 0xfeb90000-0xfeb90fff]
[    1.253146] pci 0000:00:02.0: ROM [me[    1.260732] pci 0000:00:02.0: Video device with shadowed ROM at [mem 0x000c0000-0x000dffff]
[    1.262310] pci 0000:00:03.0: [1af4:1000] type 00 class 0x020000 conventional PCI endpoint
[    1.263549] pci 0000:00:03.0: BAR 0 [io  0xc080-0xc09f]
[    1.263819] pci 0000:00:03fff 64bit pref]
[    1.270557] pci 0000:00:03.0: ROM [mem 0xfea80000-0xfeafffff pref]
[    1.284492] pci 0000:00:04.0: [1af4:1005] type 00 class 0x00ff00 conventional PCI endpoint
[    1.285621] pci 0000:00:04.0: BAR 0 [io  0xc0a0-0xc0bf]
[    1.285855] pci 0000:00:04.0: BAR 1 [1000-0xfeb91fff]
[    1.288423] pci 0000:00:04.0: BAR 4 [mem 0xfe004000-0xfe007fff 64bit pref]
[    1.293092] pci 0000:00:05.0: [1af4:1000] type 00 class 0x020000 conventional PCI endpoint
[    1.294697] pci 0000:00:05.0: BAR 0 [io  0xc0c0-0xc0df]
[    1.294925] pci 0000:00:0feb92000-0xfeb92fff]
[    1.300005] pci 0000:00:05.0: BAR 4 [mem 0xfe008000-0xfe00bfff 64bit pref]
[    1.300418] pci 0000:00:05.0: ROM [mem 0xfeb00000-0xfeb7ffff pref]
[    1.304154] pci 0000:00:06.0: [1af4:1001] type 00 class 0x010000 conventional PCI endpoint
[    1.305152 0 [io  0xc000-0xc07f]
[    1.310603] pci 0000:00:06.0: BAR 1 [mem 0xfeb93000-0xfeb93fff]
[    1.310943] pci 0000:00:06.0: BAR 4 [mem 0xfe00c000-0xfe00ffff 64bit pref]
[    1.319151] ACPI: PCI: Interrupt link LNKA configured for IRQ 10
[    1.320784] ACPI: PCI: Interrupt linkB configured for IRQ 10
[    1.322863] ACPI: PCI: Interrupt link LNKC configured for IRQ 11
[    1.323563] ACPI: PCI: Interrupt link LNKD configured for IRQ 11
[    1.323970] ACPI: PCI: Interrupt link LNKS configured for IRQ 9
[    1.326978] iommu: Default domain type: Translmmu: DMA domain TLB invalidation policy: lazy mode
[    1.333515] SCSI subsystem initialized
[    1.334606] ACPI: bus type USB registered
[    1.335138] usbcore: registered new interface driver usbfs
[    1.335613] usbcore: registered new interface driver hub
[    1.335951] w device driver usb
[    1.341075] pps_core: LinuxPPS API ver. 1 registered
[    1.341327] pps_core: Software ver. 5.3.6 - Copyright 2005-2007 Rodolfo Giometti <giometti@linux.it>
[    1.341717] PTP clock support registered
[    1.355259] PCI: Using ACPI for IRQ routing
[    1.357768] hpet0: at MMIO 0xfed00000, IRQs 2, 8, 0
[    1.358043] hpet0: 3 comparators, 64-bit 100.000000 MHz counter
[    1.366223] clocksource: Switched to clocksource tsc-early
[    1.369731] pnp: PnP ACPI init
[    1.369731] pnp: PnP ACPI: found 6 devices
[    1.383642] clocksource: acpi_pm: mask: 0xffffff max_cycles: 0xffffff, max_idle_ns: 2085701024 ns
[    1.384930] NET: Registered PF_INET protocol family
[    1.386461] IP idents hash table entries: 2048 (order: 2, 16384 bytes, linear)
[    1.391966] tcp_listen_portaddr_hastable entries: 256 (order: 0, 4096 bytes, linear)
[    1.394328] Table-perturb hash table entries: 65536 (order: 6, 262144 bytes, linear)
[    1.394830] TCP established hash table entries: 1024 (order: 1, 8192 bytes, linear)
[    1.395405] TCP bind hash table entries: 1024 (or02492] TCP: Hash tables configured (established 1024 bind 1024)
[    1.407025] MPTCP token hash table entries: 256 (order: 1, 6144 bytes, linear)
[    1.407560] UDP hash table entries: 256 (order: 2, 16384 bytes, linear)
[    1.408009] UDP-Lite hash table entries: 256 (order: 
[    1.416184] NET: Registered PF_UNIX/PF_LOCAL protocol family
[    1.417538] pci_bus 0000:00: resource 4 [io  0x0000-0x0cf7 window]
[    1.417772] pci_bus 0000:00: resource 5 [io  0x0d00-0xffff window]
[    1.417988] pci_bus 0000:00: resource 6 [mem 0x000a0000-0x000bffff wi:00: resource 7 [mem 0x08000000-0xfebfffff window]
[    1.427469] pci_bus 0000:00: resource 8 [mem 0x100000000-0x17fffffff window]
[    1.428134] pci 0000:00:01.0: PIIX3: Enabling Passive Release
[    1.428427] pci 0000:00:00.0: Limiting direct PCI/PCI transfers
[    1.428736] PCI: CLS 0 
[    1.454759] workingset: timestamp_bits=46 max_order=15 bucket_order=0
[    1.457149] squashfs: version 4.0 (2009/01/31) Phillip Lougher
[    1.463065] cryptd: max_cpu_qlen set to 1000
[    1.463542] Block layer SCSI generic (bsg) driver version 0.4 loaded (major 247)
[    1.466829] hyperv_fb: Deprecated: use Hyper-V DRM driver instead
[    1.467153] hv_vmbus: registering driver hyperv_fb
[    1.470463] input: Power Button as /devices/LNXSYSTM:00/LNXPWRBN:00/input/input0
[    1.480383] ACPI: button: Power Button [PWRF]
[    1.642984] ACPI: \_SB_.LNKC: Enabled at IRQ 11
[    1.801728] ACPI: \_SB_.LNKD: Enabled at IRQ 10
[    1.957605] ACPI: \_SB_.LNKA: Enabled at IRQ 10
[    2.113094] ACPI: \_SB_.LNKB: Enabled at IRQ 11
[    2.115728] Serial: 8250/16550 driver, 16 ports, IRQ sharing enabled
[    2.140706] 00:04: ttyS0 at I/O 0x3f8 (irq = 4, base_baud = 115200) is a 16550A
[    2.164173] Non-volatile memory driver v1.3
[    2.175077] Linux agpgart interface v0.103
[    2.176066] ACPI: bus type drm_connector registered
[    2.180284] [drm] Found bochs VGA, ID 0xb0c5.
[    2.180500] [drm] Framebuffer size 16384 kB @ 0xfd000000, mmio @ 0xfeb90000.
[    2.186441] [drm] Initialized bochs-drm 1.0.0 for 0000:00:02.0 on minor 0
[    2.252581] Console: switching to colour frame buffer device 160x50
[    2.263892] bochs-drm 0000:00:02.0: [drm] fb0: bochs-drmdrmfb frame buffer device
[    2.299168] loop: module loaded
[    2.299860] virtio_blk virtio3: 1/0/0 default/read/poll queues
[    2.304738] virtio_blk virtio3: [vda] 246784 512-byte logical blocks (126 MB/121 MiB)
[    2.313547]  vda: vda1 vda2
[    2.315673] Guest personality initialized and is inactive
[    2.316280] VMCI host device registered (name=vmci, major=10, minor=256)
[    2.316526] Initialized host personality
[    2.316855] usbcore: registered new interface driver rtsx_usPVSCSI driver - version 1.0.7.0-k
[    2.324337] hv_vmbus: registering driver hv_storvsc
[    2.340361] scsi host0: ata_piix
[    2.343217] scsi host1: ata_piix
[    2.344266] ata1: PATA max MWDMA2 cmd 0x1f0 ctl 0x3f6 bmdma 0xc0e0 irq 14 lpm-pol 0
[    2.344560] ata2: PATA max MWDMA2 cmd 0x170 ctl 0x376 bmdma 0xc0e8 irq 15 lpm-pol 0
[    2.359806] VMware vmxnet3 virtual NIC driver - version 1.9.0.0-k-NAPI
[    2.360398] hv_vmbus: registering driver hv_netvsc
[    2.360770] Fusion MPT base driver 3.04.20
[    2.360985] Copyright (c) 1999-2008 LSI Corporation
[    2.361372] Fusion MPT SPI Host driver 3.04Host driver 3.04.20
[    2.372877] usbcore: registered new interface driver usb-storage
[    2.374305] i8042: PNP: PS/2 Controller [PNP0303:KBD,PNP0f13:MOU] at 0x60,0x64 irq 1,12
[    2.377621] serio: i8042 KBD port at 0x60,0x64 irq 1
[    2.377988] serio: i8042 AUX port at 012
[    2.383803] hv_vmbus: registering driver hyperv_keyboard
[    2.385586] rtc_cmos 00:05: RTC can wake from S4
[    2.389832] rtc_cmos 00:05: registered as rtc0
[    2.391653] rtc_cmos 00:05: setting system clock to 2026-04-27T03:50:35 UTC (1777261835)
[    2.393586] rtc_cms 00:05: alarms up to one day, y3k, 242 bytes nvram, hpet irqs
[    2.396290] intel_powerclamp: CPU does not support MWAIT
[    2.397860] amd_pstate: the _CPC object is not present in SBIOS or ACPI disabled
[    2.399493] sdhci: Secure Digital Host Controller Interface driver
[    2.400828] sdhPierre Ossman
[    2.407166] VUB300 Driver rom wait states = 1C irqpoll timeout = 0400
[    2.413898] input: AT Translated Set 2 keyboard as /devices/platform/i8042/serio0/input/input1
[    2.430463] usbcore: registered new interface driver vub300
[    2.431987] usbcore: registered new interface driver ushc
[    2.439207] hid: raw HID events driver (C) Jiri Kosina
[    2.441072] hv_vmbus: registering driver hid_hyperv
[    2.443355] usbcore: registered new interface driver usbhid
[    2.444716] usbhid: USB HID core driver
[    2.446154] hv_utils: Registering HyperV Utility Driver
[    2.447485] hv_vmbus: registering driver hv_utils
[] hv_vmbus: registering driver hv_balloon
[    2.455271] NET: Registered PF_INET6 protocol family
[    2.470460] Segment Routing with IPv6
[    2.471973] In-situ OAM (IOAM) with IPv6
[    2.473903] NET: Registered PF_PACKET protocol family
[    2.475817] bridge: filtering via arp/ip/ip6tables is no longer available by default. Update your scripts to load br_netfilter if y
[    2.485114] 8021q: 802.1Q VLAN Support v1.8
[    2.487850] NET: Registered PF_VSOCK protocol family
[    2.497193] IPI shorthand broadcast: enabled
[    2.515927] sched_clock: Marking stable (2280085648, 232358105)->(2565962627, -53518874)
[    2.545803] ata2: found unknown device (class 0)
[    2.553459] tsc: Refined TSC clocksource calibration: 2445.440 MHz
[    2.555182] clocksource: tsc: mask: 0xffffffffffffffff max_cycles: 0x233fe5130d9, max_idle_ns: 440795243750 ns
[    2.569785] clocksource: Switched to clocksource tsc
[    2.590293] ata2.00: ATAPI: QEMU DVD-ROM, 2.5+, max UDMA/100
[    2.624610] scsi 1:0:0:0: CD-ROM            QEMU     QEMU DVD-ROM     2.5+ PQ: 0 ANSI: 5
[    2.635682] clk: Disabling unused clocks
[    2.647250] check access for rdinit=/init failed: -2, ignoring
[    2.684401] sr 1:0:0:0: [sr0] scsi3-mmc drive: 4x/4x cd/rw xa/form2 tray
[    2.686222] cdrom: Uniform CD-ROM driver Revision: 3.20
[    2.724511] VFS: Mounted root (squashfs filesystem) readonly on device 254:2.
[    2.796430] Freeing unused kernel image (initmem) memory: 2676K
[    2.798343] Write protecting the kernel read-only data: 22528k
[    2.803315] Freeing unused kernel image (text/rodata gap) memory: 2004K
[    2.805480] Freeing unused kernel image (rodata/data gap) memory: 380K
[    2.808816] Run /sbin/init as init process
[    3.083883] init: Console is alive
[    4.236643] kmodloader: loading kernel modules from /etc/modules-boot.d/*
[    4.327450] button_hotplug: loading out-of-tree module taints kernel.
[    4.334133] Button Hotplug driver version 0.4.1
[    4.358250] Intel(R) 2.5G Ethernet Linux Driver
[    4.360016] Copyright(c) 2018 Intel Corporation.
[    4.384486] igb: Intel(R) Gigabit Ethernet Network Driver
[    4.386913] igb: Copyright (c) 2007-2014 Intel Corporation.
[    4.414643] e1000e: Intel(R) PRO/1000 Network Driver
[    4.417039] e1000e: Copyright(c) 1999 - 2015 Intel Corporation.
[    4.440988] kmodloader: done loading kernel modules from /etc/modules-boot.d/*
[    4.463265] init: - preinit -
[    5.434609] 8021q: adding VLAN 0 to HW filter on device eth0
Press the [f] key and hit [enter] to enter failsafe mode
Press the [1], [2], [3] or [4] key and hit [enter] to select the debug level

[   10.072346] loop0: detected capacity change from 0 to 212992
[   10.112972] loop0: detected capacity change from 212992 to 198656
[   10.126362] mount_root: overlay filesystem in /dev/loop0 has not been formatted yet
[   10.539512] EXT4-fs (loop0): mounted filesystem 5fa8edf2-913c-4d26-9287-e9641347f877 r/w with ordered data mode. Quota mode: disabled.
[   10.553323] mount_root: overlay filesystem has not been fully initialized yet
[   10.571324] mount_root: switching to ext4 overlay
[   10.592993] overlayfs: null uuid detected in lower fs '/', falling back to xino=off,index=off,nfs_export=off.
[   11.267230] EXT4-fs (vda1): mounted filesystem 84173db5-fa99-e35a-95c6-28613cc79ea9 r/w without journal. Quota mode: disabled.
[   11.291078] urandom-seed: Seed file not found (/etc/urandom.seed)
[   11.436723] procd: - early -
[   12.179325] procd: - ubus -
[   12.282335] procd: - init -
Please press Enter to activate this console.
root
login[1045]: root login on 'ttyS0'


BusyBox v1.37.0 (2026-04-25 17:56:08 UTC) built-in shell (ash)

  _______                     ________        __
 |       |.-----.-----.-----.|  |  |  |.----.|  |_
 |   -   ||  _  |  -__|     ||  |  |  ||   _||   _|
 |_______||   __|_____|__|__||________||__|  |____|
          |__| W I R E L E S S   F R E E D O M
 -----------------------------------------------------
 OpenWrt SNAPSHOT, r34168-793ceff149
 -----------------------------------------------------

 === WARNING! =====================================
 There is no root password defined on this device!
 Use the "passwd" command to set up a new password
 in order to prevent unauthorized SSH logins.
 --------------------------------------------------

  ___   __ __                _______             __
 |   |_|__|  |--.----.-----.|   |   |-----.-----|  |--.
 |     |  |  _  |   _|  -__||       |  -__|__ --|     |
 |_____|__|_____|__| |_____||__|_|__|_____|_____|__|__|

 ------------------------------------------------------
 LiMe master development (master rev. aebe482 20260416_0843)
 ------------------------------------------------------
 https://libremesh.org
 ------------------------------------------------------
root@(none):~# dmesg -n 1
root@(none):~# echo 'JSZK''JXVMYN'
JSZKJXVMYN
root@LiMe-123456:~# run() { echo -n "$MARKER"; sh -c "$@"; echo "$MARKER $?"; }
root@LiMe-123456:~# echo 'OHOE''FEALAK'
OHOEFEALAK
root@LiMe-123456:~# MARKER='FXBX''BZUWHG' run 'ubus wait_for network.interface.l
an'
FXBXBZUWHGFXBXBZUWHG 0
root@LiMe-123456:~# echo 'OCEZ''OOQYHG'
OCEZOOQYHG
root@LiMe-123456:~# MARKER='BXGO''TNQJFE' run 'ubus call network.interface.lan s
tatus '"'"'{}'"'"''
BXGOTNQJFE{
	"up": true,
	"pending": false,
	"available": true,
	"autostart": true,
	"dynamic": false,
	"uptime": 0,
	"l3_device": "br-lan",
	"proto": "static",
	"device": "br-lan",
	"updated": [
		"addresses"
	],
	"metric": 0,
	"dns_metric": 0,
	"delegation": true,
	"ipv4-address": [
		{
			"address": "10.13.52.86",
			"mask": 16
		}
	],
	"ipv6-address": [
		{
			"address": "fd0d:fe46:8ce8::12:3456",
			"mask": 64
		}
	],
	"ipv6-prefix": [
		
	],
	"ipv6-prefix-assignment": [
		
	],
	"route": [
		
	],
	"dns-server": [
		
	],
	"dns-search": [
		
	],
	"neighbors": [
		
	],
	"inactive": {
		"ipv4-address": [
			
		],
		"ipv6-address": [
			
		],
		"route": [
			
		],
		"dns-server": [
			
		],
		"dns-search": [
			
		],
		"neighbors": [
			
		]
	},
	"data": {
		
	}
}
BXGOTNQJFE 0
root@LiMe-123456:~# echo 'FYHZ''EGZMQN'
FYHZEGZMQN
root@LiMe-123456:~# MARKER='ZKFJ''YTSPAQ' run true
ZKFJYTSPAQZKFJYTSPAQ 0
root@LiMe-123456:~# echo 'YFHA''UCUMJG'
YFHAUCUMJG
root@LiMe-123456:~# MARKER='OUZX''NCSTTY' run 'source /etc/os-release; echo $BUI
LD_ID'
OUZXNCSTTYr34168-793ceff149
OUZXNCSTTY 0
root@LiMe-123456:~# echo 'KQPL''ESAYXX'
KQPLESAYXX
root@LiMe-123456:~# MARKER='PNXH''NWLFYJ' run 'ls /etc/dropbear/dropbear_rsa_hos
t_key'
PNXHNWLFYJ[0;0m/etc/dropbear/dropbear_rsa_host_key[m
PNXHNWLFYJ 0
root@LiMe-123456:~# echo 'TKCV''OHZQSU'
TKCVOHZQSU
root@LiMe-123456:~# MARKER='VAVB''BLAENA' run 'netstat -tlpn | grep 0.0.0.0:22'
VAVBBLAENAtcp        0      0 0.0.0.0:22              0.0.0.0:*               LISTEN      2121/dropbear
VAVBBLAENA 0
root@LiMe-123456:~# echo 'BOAN''ZCCWXB'
BOANZCCWXB
root@LiMe-123456:~# MARKER='HGBC''PZJWBW' run 'dmesg | grep br-lan | grep forwar
ding'
HGBCPZJWBW[   45.432905] br-lan: port 1(eth0) entered forwarding state
[   48.688643] br-lan: port 2(bat0) entered forwarding state
HGBCPZJWBW 0
root@LiMe-123456:~# echo 'JOFG''TYSLNN'
JOFGTYSLNN
root@LiMe-123456:~# MARKER='WVQB''PKHFKK' run 'ubus call network.interface.lan s
tatus '"'"'{}'"'"''
WVQBPKHFKK{
	"up": true,
	"pending": false,
	"available": true,
	"autostart": true,
	"dynamic": false,
	"uptime": 42,
	"l3_device": "br-lan",
	"proto": "static",
	"device": "br-lan",
	"updated": [
		"addresses"
	],
	"metric": 0,
	"dns_metric": 0,
	"delegation": true,
	"ipv4-address": [
		{
			"address": "10.13.52.86",
			"mask": 16
		}
	],
	"ipv6-address": [
		{
			"address": "fd0d:fe46:8ce8::12:3456",
			"mask": 64
		}
	],
	"ipv6-prefix": [
		
	],
	"ipv6-prefix-assignment": [
		
	],
	"route": [
		
	],
	"dns-server": [
		
	],
	"dns-search": [
		
	],
	"neighbors": [
		
	],
	"inactive": {
		"ipv4-address": [
			
		],
		"ipv6-address": [
			
		],
		"route": [
			
		],
		"dns-server": [
			
		],
		"dns-search": [
			
		],
		"neighbors": [
			
		]
	},
	"data": {
		
	}
}
WVQBPKHFKK 0
root@LiMe-123456:~# 