Labgrid Console Logfile for main
Logfile started at 2026-03-31 03:02:21.449207
=== Log starts here ===
c[?7l[2J[0mSeaBIOS (version 1.16.3-debian-1.16.3-2)


iPXE (https://ipxe.org) 00:03.0 CA00 PCI2.10 PnP PMM+06FCAE70+06F0AE70 CA00
Press Ctrl-B to configure iPXE (PCI 00:03.0)...                                                                               




iPXE (https://ipxe.org) 00:05.0 CB00 PCI2.10 PnP PMM 06FCAE70 06F0AE70 CB00
Press Ctrl-B to configure iPXE (PCI 00:05.0)...                                                                               


Booting from Hard Disk...
GRUB loading.....
[0;30;47mWelcome to GRUB![01;01H[0m[2J[H[J[1;1H[?25l[m[H[J[1;1H[2;30HGNU GRUB  version 2.12

[m[4;2H+----------------------------------------------------------------------------+[5;2H|[5;79H|[6;2H|[6;79H|[7;2H|[7;79H|[8;2H|[8;79H|[9;2H|[9;79H|[10;2H|[10;79H|[11;2H|[11;79H|[12;2H|[12;79H|[13;2H|[13;79H|[14;2H|[14;79H|[15;2H|[15;79H|[16;2H+----------------------------------------------------------------------------+[m[17;2H[18;2H[m     Use the ^ and v keys to select which entry is highlighted.          
      Press enter to boot the selected OS, `e' to edit the commands       
      before booting or `c' for a command-line. ESC to return             
      previous menu.                                                      [5;80H [7m[5;3H*OpenWrt                                                                    [m[5;78H[m[m[6;3H OpenWrt (failsafe)                                                         [m[6;78H[m[m[7;3H                                                                            [m[7;78H[m[m[8;3H                                                                            [m[8;78H[m[m[9;3H                                                                            [m[9;78H[m[m[10;3H                                                                            [m[10;78H[m[m[11;3H                                                                            [m[11;78H[m[m[12;3H                                                                            [m[12;78H[m[m[13;3H                                                                            [m[13;78H[m[m[14;3H                                                                            [m[14;78H[m[m[15;3H                                                                            [m[15;78H[m[15;80H [5;78H[2J[02;30HGNU GRUB  version 2.12[04;02H┌─────────────────────────────────────────────[04;47H[04;48H───────────────────────────────┐[05;02H│[05;79H│[06;02H│[06;79H│[07;02H│[07;79H│[08;02H│[08;79H│[09;02H│[09;79H│[10;02H│[10;79H│[11;02H│[11;79H│[12;02H│[12;79H│[13;02H│[13;79H│[14;02H│[14;79H│[15;02H│[15;79H│[16;02H│[16;79H│[17;02H└────────────────────────────────────────────────────────────────────────────┘[19;02H     Use the ↑ and ↓ keys to select which entry is highlighted.          
      Press enter to boot the selected OS, `e' to edit the commands       
      before booting or `c' for a command-line. ESC to return             
      previous menu.                                                      [05;80H [05;03H[0;30;47m*OpenWrt                                                                    [06;03H[0m OpenWrt (failsafe)                                                         [07;03H                                                                            [08;03H                                                                            [09;03H                                             [09;47H[09;48H                               [10;03H                                                                            [11;03H                                                                            [12;03H                                                                            [13;03H                                                                            [14;03H                                                                            [15;03H                                                                 [15;67H[15;68H           [16;03H                                                                            [16;80H 






   The highlighted entry will be executed automatically in 5s.      [23;68H[23;69H          [22;1H   The highlighted entry will be executed automatically in 5s.                 [5;78H [05;78H

















   The highlighted entry will be executed automatically in 4s.                [22;1H   The highlighted entry will be executed automatically in 4s.                 [5;78H [05;78H

















   The highlighted entry will be executed automatically in 3s.                [22;1H   The highlighted entry will be executed automatically in 3s.                 [5;78H [05;78H

















   The highlighted entry will be executed automatically in 2s.                [22;1H   The highlighted entry will be executed automatically in 2s.                 [5;78H [05;78H

















   The highlighted entry will be executed automatically in 1s.                [22;1H   The highlighted entry will be executed automatically in 1s.                 [5;78H [05;78H

















   The highlighted entry will be executed automatically in 0s.                [22;1H   The highlighted entry will be executed automatically in 0s.                 [5;78H [01;01H[2J[?25h[H[J[1;1H[H[J[1;1H[2J   Booting `OpenWrt' Booting `OpenWrt

'

[    0.000000] Linux version 6.12.79 (builder@buildhost) (x86_64-openwrt-linux-musl-gcc (OpenWrt GCC 14.3.0 r33710-598b90107e) 14.3.0, GNU ld (GNU Binutils) 2.44) #0 SMP Mon Mar 30 17:35:41 2026
[    0.000000] Command line: BOOT_IMAGE=/boot/vmlinuz root=PARTUUID=cd16e9d6-02 rootwait console=tty1 console=ttyS0,115200n8 noinitrd
[    0.000000] BIOS-provided physical RAM map:
[    0.000000] BIOS-e820: [mem 0x0000000000000000-0x000000000009fbff] usable
[    0.000000] BIOS-e820: [mem 0x000000000009fc00-0x000000000009ffff] reserved
[    0.000000] BIOS-e820: [mem 0x00000000000f0000-0x00000000000fffff] reserved
[    0.000000] BIOS-e820: [mem 0x0000000000100000-0x0000000007fdcfff] usable
[    0.000000] BIOS-e820: [mem 0x0000000007fdd000-0x0000000007ffffff] reserved
[    0.000000] BIOS-e820: [mem 0x00000000fffc0000-0x00000000ffffffff] reserved
[    0.000000] BIOS-e820: [mem 0x000000fd00000000-0x000000ffffffffff] reserved
[    0.000000] NX (Execute Disable) protection: active
[    0.000000] APIC: Static calls initialized
[    0.000000] SMBIOS 3.0.0 present.
[    0.000000] DMI: QEMU Standard PC (i440FX + PIIX, 1996), BIOS 1.16.3-debian-1.16.3-2 04/01/2014
[    0.000000] DMI: Memory slots populated: 1/1
[    0.000000] tsc: Fast TSC calibration using PIT
[    0.000000] tsc: Detected 2445.425 MHz processor
[    0.007453] last_pfn = 0x7fdd max_arch_pfn = 0x400000000
[    0.008099] MTRR map: 4 entries (3 fixed + 1 variable; max 19), built from 8 variable MTRRs
[    0.008272] x86/PAT: Configuration [0-7]: WB  WC  UC- UC  WB  WP  UC- WT  
[    0.026811] found SMP MP-table at [mem 0x000f5460-0x000f546f]
[    0.028222] Using GB pages for direct mapping
[    0.032956] ACPI: Early table checksum verification disabled
[    0.033317] ACPI: RSDP 0x00000000000F5290 000014 (v00 BOCHS )
[    0.033632] ACPI: RSDT 0x0000000007FE1C64 000034 (v01 BOCHS  BXPC     00000001 BXPC 00000001)
[    0.034160] ACPI: FACP 0x0000000007FE1B18 000074 (v01 BOCHS  BXPC     00000001 BXPC 00000001)
[    0.034778] ACPI: DSDT 0x0000000007FE0040 001AD8 (v01 BOCHS  BXPC     00000001 BXPC 00000001)
[    0.034855] ACPI: FACS 0x0000000007FE0000 000040
[    0.034906] ACPI: APIC 0x0000000007FE1B8C 000078 (v03 BOCHS  BXPC     00000001 BXPC 00000001)
[    0.034926] ACPI: HPET 0x0000000007FE1C04 000038 (v01 BOCHS  BXPC     00000001 BXPC 00000001)
[    0.034945] ACPI: WAET 0x0000000007FE1C3C 000028 (v01 BOCHS  BXPC     00000001 BXPC 00000001)
[    0.035019] ACPI: Reserving FACP table memory at [mem 0x7fe1b18-0x7fe1b8b]
[    0.035068] ACPI: Reserving DSDT table memory at [mem 0x7fe0040-0x7fe1b17]
[    0.035076] ACPI: Reserving FACS table memory at [mem 0x7fe0000-0x7fe003f]
[    0.035081] ACPI: Reserving APIC table memory at [mem 0x7fe1b8c-0x7fe1c03]
[    0.035087] ACPI: Reserving HPET table memory at [mem 0x7fe1c04-0x7fe1c3b]
[    0.035092] ACPI: Reserving WAET table memory at [mem 0x7fe1c3c-0x7fe1c63]
[    0.038210] Zone ranges:
[    0.038239]   DMA      [mem 0x0000000000001000-0x0000000000ffffff]
[    0.038317]   DMA32    [mem 0x0000000001000000-0x0000000007fdcfff]
[    0.038327]   Normal   empty
[    0.038345] Movable zone start for each node
[    0.038379] Early memory node ranges
[    0.038406]   node   0: [mem 0x0000000000001000-0x000000000009efff]
[    0.038461]   node   0: [mem 0x0000000000100000-0x0000000007fdcfff]
[    0.038580] Initmem setup node 0 [mem 0x0000000000001000-0x0000000007fdcfff]
[    0.039675] On node 0, zone DMA: 1 pages in unavailable ranges
[    0.040183] On node 0, zone DMA: 97 pages in unavailable ranges
[    0.042299] On node 0, zone DMA32: 35 pages in unavailable ranges
[    0.042650] ACPI: PM-Timer IO Port: 0x608
[    0.043086] ACPI: LAPIC_NMI (acpi_id[0xff] dfl dfl lint[0x1])
[    0.043512] IOAPIC[0]: apic_id 0, version 32, address 0xfec00000, GSI 0-23
[    0.043630] ACPI: INT_SRC_OVR (bus 0 bus_irq 0 global_irq 2 dfl dfl)
[    0.043901] ACPI: INT_SRC_OVR (bus 0 bus_irq 5 global_irq 5 high level)
[    0.043953] ACPI: INT_SRC_OVR (bus 0 bus_irq 9 global_irq 9 high level)
[    0.044047] ACPI: INT_SRC_OVR (bus 0 bus_irq 10 global_irq 10 high level)
[    0.044056] ACPI: INT_SRC_OVR (bus 0 bus_irq 11 global_irq 11 high level)
[    0.044237] ACPI: Using ACPI (MADT) for SMP configuration information
[    0.044282] ACPI: HPET id: 0x8086a201 base: 0xfed00000
[    0.044687] CPU topo: Max. logical packages:   1
[    0.044702] CPU topo: Max. logical dies:       1
[    0.044712] CPU topo: Max. dies per package:   1
[    0.044778] CPU topo: Max. threads per core:   1
[    0.044934] CPU topo: Num. cores per package:     1
[    0.044951] CPU topo: Num. threads per package:   1
[    0.044960] CPU topo: Allowing 1 present CPUs plus 0 hotplug CPUs
[    0.046265] [mem 0x08000000-0xfffbffff] available for PCI devices
[    0.046334] Booting paravirtualized kernel on bare hardware
[    0.046633] clocksource: refined-jiffies: mask: 0xffffffff max_cycles: 0xffffffff, max_idle_ns: 19112604462750000 ns
[    0.047315] setup_percpu: NR_CPUS:512 nr_cpumask_bits:1 nr_cpu_ids:1 nr_node_ids:1
[    0.049356] percpu: Embedded 50 pages/cpu s166808 r8192 d29800 u2097152
[    0.051708] Kernel command line: BOOT_IMAGE=/boot/vmlinuz root=PARTUUID=cd16e9d6-02 rootwait console=tty1 console=ttyS0,115200n8 noinitrd
[    0.053371] random: crng init done
[    0.058148] Dentry cache hash table entries: 16384 (order: 5, 131072 bytes, linear)
[    0.059108] Inode-cache hash table entries: 8192 (order: 4, 65536 bytes, linear)
[    0.061739] Built 1 zonelists, mobility grouping on.  Total pages: 32635
[    0.061979] mem auto-init: stack:off, heap alloc:off, heap free:off
[    0.071952] SLUB: HWalign=64, Order=0-3, MinObjects=0, CPUs=1, Nodes=1
[    0.080200] rcu: Hierarchical RCU implementation.
[    0.080237] rcu: 	RCU restricting CPUs from NR_CPUS=512 to nr_cpu_ids=1.
[    0.080391] 	Tracing variant of Tasks RCU enabled.
[    0.080487] rcu: RCU calculated value of scheduler-enlistment delay is 10 jiffies.
[    0.080519] rcu: Adjusting geometry for rcu_fanout_leaf=16, nr_cpu_ids=1
[    0.081713] RCU Tasks Trace: Setting shift to 0 and lim to 1 rcu_task_cb_adjust=1 rcu_task_cpu_ids=1.
[    0.081866] NR_IRQS: 33024, nr_irqs: 256, preallocated irqs: 16
[    0.090933] rcu: srcu_init: Setting srcu_struct sizes based on contention.
[    0.097904] Console: colour VGA+ 80x25
[    0.098329] printk: legacy console [tty1] enabled
[    0.106381] printk: legacy console [ttyS0] enabled
[    0.349247] ACPI: Core revision 20240827
[    0.364382] clocksource: hpet: mask: 0xffffffff max_cycles: 0xffffffff, max_idle_ns: 19112604467 ns
[    0.369087] APIC: Switch to symmetric I/O mode setup
[    0.373792] ..TIMER: vector=0x30 apic1=0 pin1=2 apic2=-1 pin2=-1
[    0.416198] clocksource: tsc-early: mask: 0xffffffffffffffff max_cycles: 0x233fd71eca6, max_idle_ns: 440795324395 ns
[    0.416918] Calibrating delay loop (skipped), value calculated using timer frequency.. 4890.85 BogoMIPS (lpj=24454250)
[    0.418819] x86/cpu: User Mode Instruction Prevention (UMIP) activated
[    0.437217] Last level iTLB entries: 4KB 0, 2MB 0, 4MB 0
[    0.437611] Last level dTLB entries: 4KB 0, 2MB 0, 4MB 0, 1GB 0
[    0.438720] Spectre V1 : Mitigation: usercopy/swapgs barriers and __user pointer sanitization
[    0.439807] Spectre V2 : Mitigation: Retpolines
[    0.440035] Spectre V2 : Spectre v2 / SpectreRSB: Filling RSB on context switch and VMEXIT
[    0.440442] Speculative Store Bypass: Vulnerable
[    0.442413] x86/fpu: Supporting XSAVE feature 0x001: 'x87 floating point registers'
[    0.449170] x86/fpu: Supporting XSAVE feature 0x002: 'SSE registers'
[    0.449438] x86/fpu: Supporting XSAVE feature 0x004: 'AVX registers'
[    0.449669] x86/fpu: Supporting XSAVE feature 0x008: 'MPX bounds registers'
[    0.456829] x86/fpu: Supporting XSAVE feature 0x010: 'MPX CSR'
[    0.457514] x86/fpu: xstate_offset[2]:  576, xstate_sizes[2]:  256
[    0.457871] x86/fpu: xstate_offset[3]:  960, xstate_sizes[3]:   64
[    0.458094] x86/fpu: xstate_offset[4]: 1024, xstate_sizes[4]:   64
[    0.466843] x86/fpu: Enabled xstate features 0x1f, context size is 1088 bytes, using 'standard' format.
[    0.703931] Freeing SMP alternatives memory: 40K
[    0.704753] pid_max: default: 32768 minimum: 301
[    0.714247] Mount-cache hash table entries: 512 (order: 0, 4096 bytes, linear)
[    0.714631] Mountpoint-cache hash table entries: 512 (order: 0, 4096 bytes, linear)
[    0.866799] smpboot: CPU0: AMD QEMU TCG CPU version 2.5+ (family: 0x6, model: 0x6, stepping: 0x3)
[    0.895058] Performance Events: PMU not available due to virtualization, using software events only.
[    0.896561] signal: max sigframe size: 1616
[    0.898396] rcu: Hierarchical SRCU implementation.
[    0.898626] rcu: 	Max phase no-delay instances is 1000.
[    0.903666] smp: Bringing up secondary CPUs ...
[    0.908766] smp: Brought up 1 node, 1 CPU
[    0.909074] smpboot: Total of 1 processors activated (4890.85 BogoMIPS)
[    0.916198] Memory: 103200K/130540K available (14336K kernel code, 1166K rwdata, 3980K rodata, 1496K init, 1312K bss, 25628K reserved, 0K cma-reserved)
[    0.930438] clocksource: jiffies: mask: 0xffffffff max_cycles: 0xffffffff, max_idle_ns: 19112604462750000 ns
[    0.931281] futex hash table entries: 256 (order: 2, 16384 bytes, linear)
[    0.932517] pinctrl core: initialized pinctrl subsystem
[    0.951715] NET: Registered PF_NETLINK/PF_ROUTE protocol family
[    0.958137] thermal_sys: Registered thermal governor 'step_wise'
[    0.958177] thermal_sys: Registered thermal governor 'user_space'
[    0.959209] cpuidle: using governor ladder
[    0.959717] cpuidle: using governor menu
[    0.963878] acpiphp: ACPI Hot Plug PCI Controller Driver version: 0.5
[    0.966694] PCI: Using configuration type 1 for base access
[    0.976147] cryptd: max_cpu_qlen set to 1000
[    0.982624] ACPI: Added _OSI(Module Device)
[    0.982873] ACPI: Added _OSI(Processor Device)
[    0.983072] ACPI: Added _OSI(Processor Aggregator Device)
[    0.997575] ACPI: 1 ACPI AML tables successfully acquired and loaded
[    1.015247] ACPI: Interpreter enabled
[    1.016102] ACPI: PM: (supports S0 S5)
[    1.016316] ACPI: Using IOAPIC for interrupt routing
[    1.017015] PCI: Using host bridge windows from ACPI; if necessary, use "pci=nocrs" and report a bug
[    1.017384] PCI: Using E820 reservations for host bridge windows
[    1.027723] ACPI: Enabled 2 GPEs in block 00 to 0F
[    1.060474] ACPI: PCI Root Bridge [PCI0] (domain 0000 [bus 00-ff])
[    1.061471] acpi PNP0A03:00: _OSC: OS supports [ASPM ClockPM Segments MSI HPX-Type3]
[    1.061945] acpi PNP0A03:00: _OSC: not requesting OS control; OS requires [ExtendedConfig ASPM ClockPM MSI]
[    1.062814] acpi PNP0A03:00: fail to add MMCONFIG information, can't access extended configuration space under this bridge
[    1.071934] acpiphp: Slot [3] registered
[    1.077077] acpiphp: Slot [4] registered
[    1.077344] acpiphp: Slot [5] registered
[    1.077591] acpiphp: Slot [6] registered
[    1.082616] acpiphp: Slot [7] registered
[    1.084512] acpiphp: Slot [8] registered
[    1.084774] acpiphp: Slot [9] registered
[    1.085060] acpiphp: Slot [10] registered
[    1.085337] acpiphp: Slot [11] registered
[    1.085599] acpiphp: Slot [12] registered
[    1.087166] acpiphp: Slot [13] registered
[    1.087617] acpiphp: Slot [14] registered
[    1.087973] acpiphp: Slot [15] registered
[    1.088265] acpiphp: Slot [16] registered
[    1.088518] acpiphp: Slot [17] registered
[    1.088774] acpiphp: Slot [18] registered
[    1.097115] acpiphp: Slot [19] registered
[    1.097536] acpiphp: Slot [20] registered
[    1.097904] acpiphp: Slot [21] registered
[    1.098157] acpiphp: Slot [22] registered
[    1.098404] acpiphp: Slot [23] registered
[    1.106904] acpiphp: Slot [24] registered
[    1.107190] acpiphp: Slot [25] registered
[    1.116570] acpiphp: Slot [26] registered
[    1.116892] acpiphp: Slot [27] registered
[    1.117292] acpiphp: Slot [28] registered
[    1.117565] acpiphp: Slot [29] registered
[    1.117855] acpiphp: Slot [30] registered
[    1.118111] acpiphp: Slot [31] registered
[    1.127446] PCI host bridge to bus 0000:00
[    1.128027] pci_bus 0000:00: root bus resource [io  0x0000-0x0cf7 window]
[    1.128427] pci_bus 0000:00: root bus resource [io  0x0d00-0xffff window]
[    1.128663] pci_bus 0000:00: root bus resource [mem 0x000a0000-0x000bffff window]
[    1.137007] pci_bus 0000:00: root bus resource [mem 0x08000000-0xfebfffff window]
[    1.137461] pci_bus 0000:00: root bus resource [mem 0x100000000-0x17fffffff window]
[    1.137938] pci_bus 0000:00: root bus resource [bus 00-ff]
[    1.148425] pci 0000:00:00.0: [8086:1237] type 00 class 0x060000 conventional PCI endpoint
[    1.152572] pci 0000:00:01.0: [8086:7000] type 00 class 0x060100 conventional PCI endpoint
[    1.153481] pci 0000:00:01.1: [8086:7010] type 00 class 0x010180 conventional PCI endpoint
[    1.159531] pci 0000:00:01.1: BAR 4 [io  0xc0e0-0xc0ef]
[    1.160722] pci 0000:00:01.1: BAR 0 [io  0x01f0-0x01f7]: legacy IDE quirk
[    1.160997] pci 0000:00:01.1: BAR 1 [io  0x03f6]: legacy IDE quirk
[    1.161251] pci 0000:00:01.1: BAR 2 [io  0x0170-0x0177]: legacy IDE quirk
[    1.166987] pci 0000:00:01.1: BAR 3 [io  0x0376]: legacy IDE quirk
[    1.168195] pci 0000:00:01.3: [8086:7113] type 00 class 0x068000 conventional PCI endpoint
[    1.168870] pci 0000:00:01.3: quirk: [io  0x0600-0x063f] claimed by PIIX4 ACPI
[    1.169176] pci 0000:00:01.3: quirk: [io  0x0700-0x070f] claimed by PIIX4 SMB
[    1.177751] pci 0000:00:02.0: [1234:1111] type 00 class 0x030000 conventional PCI endpoint
[    1.178601] pci 0000:00:02.0: BAR 0 [mem 0xfd000000-0xfdffffff pref]
[    1.180058] pci 0000:00:02.0: BAR 2 [mem 0xfeb90000-0xfeb90fff]
[    1.189135] pci 0000:00:02.0: ROM [mem 0xfeb80000-0xfeb8ffff pref]
[    1.189675] pci 0000:00:02.0: Video device with shadowed ROM at [mem 0x000c0000-0x000dffff]
[    1.197430] pci 0000:00:03.0: [1af4:1000] type 00 class 0x020000 conventional PCI endpoint
[    1.204893] pci 0000:00:03.0: BAR 0 [io  0xc080-0xc09f]
[    1.207342] pci 0000:00:03.0: BAR 4 [mem 0xfe000000-0xfe003fff 64bit pref]
[    1.208539] pci 0000:00:03.0: ROM [mem 0xfea80000-0xfeafffff pref]
[    1.213578] pci 0000:00:04.0: [1af4:1005] type 00 class 0x00ff00 conventional PCI endpoint
[    1.215828] pci 0000:00:04.0: BAR 0 [io  0xc0a0-0xc0bf]
[    1.217207] pci 0000:00:04.0: BAR 1 [mem 0xfeb91000-0xfeb91fff]
[    1.220450] pci 0000:00:04.0: BAR 4 [mem 0xfe004000-0xfe007fff 64bit pref]
[    1.225692] pci 0000:00:05.0: [1af4:1000] type 00 class 0x020000 conventional PCI endpoint
[    1.227368] pci 0000:00:05.0: BAR 0 [io  0xc0c0-0xc0df]
[    1.228199] pci 0000:00:05.0: BAR 1 [mem 0xfeb92000-0xfeb92fff]
[    1.230125] pci 0000:00:05.0: BAR 4 [mem 0xfe008000-0xfe00bfff 64bit pref]
[    1.231032] pci 0000:00:05.0: ROM [mem 0xfeb00000-0xfeb7ffff pref]
[    1.234924] pci 0000:00:06.0: [1af4:1001] type 00 class 0x010000 conventional PCI endpoint
[    1.237747] pci 0000:00:06.0: BAR 0 [io  0xc000-0xc07f]
[    1.238522] pci 0000:00:06.0: BAR 1 [mem 0xfeb93000-0xfeb93fff]
[    1.240347] pci 0000:00:06.0: BAR 4 [mem 0xfe00c000-0xfe00ffff 64bit pref]
[    1.259851] ACPI: PCI: Interrupt link LNKA configured for IRQ 10
[    1.260728] ACPI: PCI: Interrupt link LNKB configured for IRQ 10
[    1.261360] ACPI: PCI: Interrupt link LNKC configured for IRQ 11
[    1.262413] ACPI: PCI: Interrupt link LNKD configured for IRQ 11
[    1.262875] ACPI: PCI: Interrupt link LNKS configured for IRQ 9
[    1.266229] iommu: Default domain type: Translated
[    1.266458] iommu: DMA domain TLB invalidation policy: lazy mode
[    1.269227] SCSI subsystem initialized
[    1.274116] ACPI: bus type USB registered
[    1.274646] usbcore: registered new interface driver usbfs
[    1.275132] usbcore: registered new interface driver hub
[    1.275477] usbcore: registered new device driver usb
[    1.276051] pps_core: LinuxPPS API ver. 1 registered
[    1.276966] pps_core: Software ver. 5.3.6 - Copyright 2005-2007 Rodolfo Giometti <giometti@linux.it>
[    1.277574] PTP clock support registered
[    1.296520] PCI: Using ACPI for IRQ routing
[    1.298950] hpet0: at MMIO 0xfed00000, IRQs 2, 8, 0
[    1.299250] hpet0: 3 comparators, 64-bit 100.000000 MHz counter
[    1.305064] clocksource: Switched to clocksource tsc-early
[    1.305064] pnp: PnP ACPI init
[    1.305064] pnp: PnP ACPI: found 6 devices
[    1.318841] clocksource: acpi_pm: mask: 0xffffff max_cycles: 0xffffff, max_idle_ns: 2085701024 ns
[    1.320621] NET: Registered PF_INET protocol family
[    1.321838] IP idents hash table entries: 2048 (order: 2, 16384 bytes, linear)
[    1.327390] tcp_listen_portaddr_hash hash table entries: 256 (order: 0, 4096 bytes, linear)
[    1.329844] Table-perturb hash table entries: 65536 (order: 6, 262144 bytes, linear)
[    1.330337] TCP established hash table entries: 1024 (order: 1, 8192 bytes, linear)
[    1.330778] TCP bind hash table entries: 1024 (order: 3, 32768 bytes, linear)
[    1.340955] TCP: Hash tables configured (established 1024 bind 1024)
[    1.343014] MPTCP token hash table entries: 256 (order: 1, 6144 bytes, linear)
[    1.343580] UDP hash table entries: 256 (order: 1, 8192 bytes, linear)
[    1.344015] UDP-Lite hash table entries: 256 (order: 1, 8192 bytes, linear)
[    1.353491] NET: Registered PF_UNIX/PF_LOCAL protocol family
[    1.354700] pci_bus 0000:00: resource 4 [io  0x0000-0x0cf7 window]
[    1.354947] pci_bus 0000:00: resource 5 [io  0x0d00-0xffff window]
[    1.355182] pci_bus 0000:00: resource 6 [mem 0x000a0000-0x000bffff window]
[    1.363257] pci_bus 0000:00: resource 7 [mem 0x08000000-0xfebfffff window]
[    1.363574] pci_bus 0000:00: resource 8 [mem 0x100000000-0x17fffffff window]
[    1.364301] pci 0000:00:01.0: PIIX3: Enabling Passive Release
[    1.364602] pci 0000:00:00.0: Limiting direct PCI/PCI transfers
[    1.374435] PCI: CLS 0 bytes, default 64
[    1.395131] workingset: timestamp_bits=46 max_order=15 bucket_order=0
[    1.397772] squashfs: version 4.0 (2009/01/31) Phillip Lougher
[    1.400728] Block layer SCSI generic (bsg) driver version 0.4 loaded (major 247)
[    1.404512] hv_vmbus: registering driver hyperv_fb
[    1.409865] input: Power Button as /devices/LNXSYSTM:00/LNXPWRBN:00/input/input0
[    1.418070] ACPI: button: Power Button [PWRF]
[    1.586080] ACPI: \_SB_.LNKC: Enabled at IRQ 11
[    1.745798] ACPI: \_SB_.LNKD: Enabled at IRQ 10
[    1.903221] ACPI: \_SB_.LNKA: Enabled at IRQ 10
[    2.060866] ACPI: \_SB_.LNKB: Enabled at IRQ 11
[    2.062869] Serial: 8250/16550 driver, 16 ports, IRQ sharing enabled
[    2.088045] 00:04: ttyS0 at I/O 0x3f8 (irq = 4, base_baud = 115200) is a 16550A
[    2.114932] Non-volatile memory driver v1.3
[    2.126286] Linux agpgart interface v0.103
[    2.127335] ACPI: bus type drm_connector registered
[    2.130093] [drm] Found bochs VGA, ID 0xb0c5.
[    2.130320] [drm] Framebuffer size 16384 kB @ 0xfd000000, mmio @ 0xfeb90000.
[    2.136300] [drm] Found EDID data blob.
[    2.142067] [drm] Initialized bochs-drm 1.0.0 for 0000:00:02.0 on minor 0
[    2.211720] Console: switching to colour frame buffer device 160x50
[    2.221005] bochs-drm 0000:00:02.0: [drm] fb0: bochs-drmdrmfb frame buffer device
[    2.257328] loop: module loaded
[    2.258043] virtio_blk virtio3: 1/0/0 default/read/poll queues
[    2.262699] virtio_blk virtio3: [vda] 246784 512-byte logical blocks (126 MB/121 MiB)
[    2.272295]  vda: vda1 vda2
[    2.274417] Guest personality initialized and is inactive
[    2.274996] VMCI host device registered (name=vmci, major=10, minor=256)
[    2.275304] Initialized host personality
[    2.275818] usbcore: registered new interface driver rtsx_usb
[    2.283773] VMware PVSCSI driver - version 1.0.7.0-k
[    2.284105] hv_vmbus: registering driver hv_storvsc
[    2.300479] scsi host0: ata_piix
[    2.303022] scsi host1: ata_piix
[    2.303881] ata1: PATA max MWDMA2 cmd 0x1f0 ctl 0x3f6 bmdma 0xc0e0 irq 14 lpm-pol 0
[    2.304219] ata2: PATA max MWDMA2 cmd 0x170 ctl 0x376 bmdma 0xc0e8 irq 15 lpm-pol 0
[    2.313567] VMware vmxnet3 virtual NIC driver - version 1.9.0.0-k-NAPI
[    2.314127] hv_vmbus: registering driver hv_netvsc
[    2.314530] Fusion MPT base driver 3.04.20
[    2.314694] Copyright (c) 1999-2008 LSI Corporation
[    2.315057] Fusion MPT SPI Host driver 3.04.20
[    2.324504] Fusion MPT SAS Host driver 3.04.20
[    2.326842] usbcore: registered new interface driver usb-storage
[    2.328110] i8042: PNP: PS/2 Controller [PNP0303:KBD,PNP0f13:MOU] at 0x60,0x64 irq 1,12
[    2.331439] serio: i8042 KBD port at 0x60,0x64 irq 1
[    2.331818] serio: i8042 AUX port at 0x60,0x64 irq 12
[    2.338588] hv_vmbus: registering driver hyperv_keyboard
[    2.341017] rtc_cmos 00:05: RTC can wake from S4
[    2.346094] rtc_cmos 00:05: registered as rtc0
[    2.348846] rtc_cmos 00:05: setting system clock to 2026-03-31T03:02:32 UTC (1774926152)
[    2.351269] rtc_cmos 00:05: alarms up to one day, y3k, 242 bytes nvram, hpet irqs
[    2.353874] intel_powerclamp: CPU does not support MWAIT
[    2.359422] amd_pstate: the _CPC object is not present in SBIOS or ACPI disabled
[    2.361865] sdhci: Secure Digital Host Controller Interface driver
[    2.363782] sdhci: Copyright(c) Pierre Ossman
[    2.366195] VUB300 Driver rom wait states = 1C irqpoll timeout = 0400
[    2.372560] input: AT Translated Set 2 keyboard as /devices/platform/i8042/serio0/input/input1
[    2.397042] usbcore: registered new interface driver vub300
[    2.399313] usbcore: registered new interface driver ushc
[    2.407014] hid: raw HID events driver (C) Jiri Kosina
[    2.409725] hv_vmbus: registering driver hid_hyperv
[    2.412480] usbcore: registered new interface driver usbhid
[    2.414456] usbhid: USB HID core driver
[    2.416697] hv_utils: Registering HyperV Utility Driver
[    2.418658] hv_vmbus: registering driver hv_utils
[    2.420755] hv_vmbus: registering driver hv_balloon
[    2.424564] NET: Registered PF_INET6 protocol family
[    2.439978] Segment Routing with IPv6
[    2.442151] In-situ OAM (IOAM) with IPv6
[    2.444557] NET: Registered PF_PACKET protocol family
[    2.447214] bridge: filtering via arp/ip/ip6tables is no longer available by default. Update your scripts to load br_netfilter if you need this.
[    2.456602] tsc: Refined TSC clocksource calibration: 2445.456 MHz
[    2.458977] clocksource: tsc: mask: 0xffffffffffffffff max_cycles: 0x233ff3f0562, max_idle_ns: 440795264562 ns
[    2.461874] clocksource: Switched to clocksource tsc
[    2.468362] 8021q: 802.1Q VLAN Support v1.8
[    2.470951] NET: Registered PF_VSOCK protocol family
[    2.479992] IPI shorthand broadcast: enabled
[    2.486673] AES CTR mode by8 optimization enabled
[    2.507881] sched_clock: Marking stable (2240103224, 265348789)->(2522082871, -16630858)
[    2.545961] ata2: found unknown device (class 0)
[    2.575138] ata2.00: ATAPI: QEMU DVD-ROM, 2.5+, max UDMA/100
[    2.614608] scsi 1:0:0:0: CD-ROM            QEMU     QEMU DVD-ROM     2.5+ PQ: 0 ANSI: 5
[    2.626614] clk: Disabling unused clocks
[    2.677554] sr 1:0:0:0: [sr0] scsi3-mmc drive: 4x/4x cd/rw xa/form2 tray
[    2.680501] cdrom: Uniform CD-ROM driver Revision: 3.20
[    2.738233] VFS: Mounted root (squashfs filesystem) readonly on device 254:2.
[    2.807683] Freeing unused kernel image (initmem) memory: 1496K
[    2.810216] Write protecting the kernel read-only data: 18432k
[    2.813414] Freeing unused kernel image (rodata/data gap) memory: 116K
[    2.816191] Run /sbin/init as init process
[    3.114977] init: Console is alive
[    3.766226] kmodloader: loading kernel modules from /etc/modules-boot.d/*
[    3.842797] button_hotplug: loading out-of-tree module taints kernel.
[    3.849920] Button Hotplug driver version 0.4.1
[    3.872240] Intel(R) 2.5G Ethernet Linux Driver
[    3.874736] Copyright(c) 2018 Intel Corporation.
[    3.891141] igb: Intel(R) Gigabit Ethernet Network Driver
[    3.893708] igb: Copyright (c) 2007-2014 Intel Corporation.
[    3.911216] e1000e: Intel(R) PRO/1000 Network Driver
[    3.913757] e1000e: Copyright(c) 1999 - 2015 Intel Corporation.
[    3.929443] kmodloader: done loading kernel modules from /etc/modules-boot.d/*
[    3.941789] init: - preinit -
[    4.963832] 8021q: adding VLAN 0 to HW filter on device eth0
Press the [f] key and hit [enter] to enter failsafe mode
Press the [1], [2], [3] or [4] key and hit [enter] to select the debug level

[    9.636354] loop0: detected capacity change from 0 to 212992
[    9.675890] loop0: detected capacity change from 212992 to 199680
[    9.689466] mount_root: overlay filesystem in /dev/loop0 has not been formatted yet
[   10.010750] EXT4-fs (loop0): mounted filesystem 70caa05c-0f02-43bd-b20b-1ceb2182a294 r/w with ordered data mode. Quota mode: disabled.
[   10.025065] mount_root: overlay filesystem has not been fully initialized yet
[   10.043618] mount_root: switching to ext4 overlay
[   10.064743] overlayfs: null uuid detected in lower fs '/', falling back to xino=off,index=off,nfs_export=off.
[   10.821829] EXT4-fs (vda1): mounted filesystem 84173db5-fa99-e35a-95c6-28613cc79ea9 r/w without journal. Quota mode: disabled.
[   10.846926] urandom-seed: Seed file not found (/etc/urandom.seed)
[   10.994392] procd: - early -
[   11.748729] procd: - ubus -
[   11.930265] procd: - init -
Please press Enter to activate this console.
root
login[1050]: root login on 'ttyS0'


BusyBox v1.37.0 (2026-03-29 16:52:41 UTC) built-in shell (ash)

  _______                     ________        __
 |       |.-----.-----.-----.|  |  |  |.----.|  |_
 |   -   ||  _  |  -__|     ||  |  |  ||   _||   _|
 |_______||   __|_____|__|__||________||__|  |____|
          |__| W I R E L E S S   F R E E D O M
 -----------------------------------------------------
 OpenWrt SNAPSHOT, r33710-598b90107e
 -----------------------------------------------------

 === WARNING! =====================================
 There is no root password defined on this device!
 Use the "passwd" command to set up a new password
 in order to prevent unauthorized SSH logins.
 --------------------------------------------------

  ___   __ __                _______             __
 |   |_|__|  |--.----.-----.|   |   |-----.-----|  |--.
 |     |  |  _  |   _|  -__||       |  -__|__ --|     |
 |_____|__|_____|__| |_____||__|_|__|_____|_____|__|__|

 ------------------------------------------------------
 LiMe master development (master rev. 7929208 20260304_1752)
 ------------------------------------------------------
 https://libremesh.org
 ------------------------------------------------------
root@(none):~# dmesg -n 1
root@(none):~# echo 'XWTS''LSBXUT'
XWTSLSBXUT
root@LiMe-123456:~# run() { echo -n "$MARKER"; sh -c "$@"; echo "$MARKER $?"; }
root@LiMe-123456:~# echo 'OSQV''OWLTMG'
OSQVOWLTMG
root@LiMe-123456:~# MARKER='QXPW''FFNVGS' run 'ubus wait_for network.interface.l
an'
QXPWFFNVGSQXPWFFNVGS 0
root@LiMe-123456:~# echo 'YQCP''AGBKFP'
YQCPAGBKFP
root@LiMe-123456:~# MARKER='BLUL''CNUWQC' run 'ubus call network.interface.lan s
tatus '"'"'{}'"'"''
BLULCNUWQC{
	"up": true,
	"pending": false,
	"available": true,
	"autostart": true,
	"dynamic": false,
	"uptime": 1,
	"l3_device": "br-lan",
	"proto": "static",
	"device": "br-lan",
	"updated": [
		"addresses"
	],
	"metric": 0,
	"dns_metric": 0,
	"delegation": true,
	"ipv4-address": [
		{
			"address": "10.13.52.86",
			"mask": 16
		}
	],
	"ipv6-address": [
		{
			"address": "fd0d:fe46:8ce8::12:3456",
			"mask": 64
		}
	],
	"ipv6-prefix": [
		
	],
	"ipv6-prefix-assignment": [
		
	],
	"route": [
		
	],
	"dns-server": [
		
	],
	"dns-search": [
		
	],
	"neighbors": [
		
	],
	"inactive": {
		"ipv4-address": [
			
		],
		"ipv6-address": [
			
		],
		"route": [
			
		],
		"dns-server": [
			
		],
		"dns-search": [
			
		],
		"neighbors": [
			
		]
	},
	"data": {
		
	}
}
BLULCNUWQC 0
root@LiMe-123456:~# echo 'OVCL''ZXQOCP'
OVCLZXQOCP
root@LiMe-123456:~# MARKER='VYSN''MMVGFH' run true
VYSNMMVGFHVYSNMMVGFH 0
root@LiMe-123456:~# echo 'NOTU''NZJYFB'
NOTUNZJYFB
root@LiMe-123456:~# MARKER='COEM''BHAVOH' run 'source /etc/os-release; echo $BUI
LD_ID'
COEMBHAVOHr33710-598b90107e
COEMBHAVOH 0
root@LiMe-123456:~# echo 'ZMQJ''UUESNG'
ZMQJUUESNG
root@LiMe-123456:~# MARKER='MYZX''XBPBMC' run 'ls /etc/dropbear/dropbear_rsa_hos
t_key'
MYZXXBPBMC[0;0m/etc/dropbear/dropbear_rsa_host_key[m
MYZXXBPBMC 0
root@LiMe-123456:~# echo 'HAOY''KCFBKG'
HAOYKCFBKG
root@LiMe-123456:~# MARKER='JFYM''MJUYWQ' run 'netstat -tlpn | grep 0.0.0.0:22'
JFYMMJUYWQnetstat: showing only processes with your user ID
tcp        0      0 0.0.0.0:22              0.0.0.0:*               LISTEN      2159/dropbear
JFYMMJUYWQ 0
root@LiMe-123456:~# echo 'LBXM''KGNQCV'
LBXMKGNQCV
root@LiMe-123456:~# MARKER='TVFK''UBVVZX' run 'dmesg | grep br-lan | grep forwar
ding'
TVFKUBVVZX[   52.047895] br-lan: port 1(eth0) entered forwarding state
[   55.317383] br-lan: port 2(bat0) entered forwarding state
TVFKUBVVZX 0
root@LiMe-123456:~# echo 'GEVA''VXNUCN'
GEVAVXNUCN
root@LiMe-123456:~# MARKER='PXQJ''SHNUWZ' run 'ubus call network.interface.lan s
tatus '"'"'{}'"'"''
PXQJSHNUWZ{
	"up": true,
	"pending": false,
	"available": true,
	"autostart": true,
	"dynamic": false,
	"uptime": 41,
	"l3_device": "br-lan",
	"proto": "static",
	"device": "br-lan",
	"updated": [
		"addresses"
	],
	"metric": 0,
	"dns_metric": 0,
	"delegation": true,
	"ipv4-address": [
		{
			"address": "10.13.52.86",
			"mask": 16
		}
	],
	"ipv6-address": [
		{
			"address": "fd0d:fe46:8ce8::12:3456",
			"mask": 64
		}
	],
	"ipv6-prefix": [
		
	],
	"ipv6-prefix-assignment": [
		
	],
	"route": [
		
	],
	"dns-server": [
		
	],
	"dns-search": [
		
	],
	"neighbors": [
		
	],
	"inactive": {
		"ipv4-address": [
			
		],
		"ipv6-address": [
			
		],
		"route": [
			
		],
		"dns-server": [
			
		],
		"dns-search": [
			
		],
		"neighbors": [
			
		]
	},
	"data": {
		
	}
}
PXQJSHNUWZ 0
root@LiMe-123456:~# 