Labgrid Console Logfile for main
Logfile started at 2026-04-14 01:56:00.843184
=== Log starts here ===
c[?7l[2J[0mSeaBIOS (version 1.16.3-debian-1.16.3-2)


iPXE (https://ipxe.org) 00:03.0 CA00 PCI2.10 PnP PMM+06FCAE70+06F0AE70 CA00
Press Ctrl-B to configure iPXE (PCI 00:03.0)...                                                                               




iPXE (https://ipxe.org) 00:05.0 CB00 PCI2.10 PnP PMM 06FCAE70 06F0AE70 CB00
Press Ctrl-B to configure iPXE (PCI 00:05.0)...                                                                               


Booting from Hard Disk...
GRUB loading.....
[0;30;47mWelcome to GRUB![01;01H[0m[2J[H[J[1;1H[?25l[m[H[J[1;1H[2;30HGNU GRUB  version 2.12

[m[4;2H+----------------------------------------------------------------------------+[5;2H|[5;79H|[6;2H|[6;79H|[7;2H|[7;79H|[8;2H|[8;79H|[9;2H|[9;79H|[10;2H|[10;79H|[11;2H|[11;79H|[12;2H|[12;79H|[13;2H|[13;79H|[14;2H|[14;79H|[15;2H|[15;79H|[16;2H+----------------------------------------------------------------------------+[m[17;2H[18;2H[m     Use the ^ and v keys to select which entry is highlighted.          
      Press enter to boot the selected OS, `e' to edit the commands       
      before booting or `c' for a command-line. ESC to return             
      previous menu.                                                      [5;80H [7m[5;3H*OpenWrt                                                                    [m[5;78H[m[m[6;3H OpenWrt (failsafe)                                                         [m[6;78H[m[m[7;3H                                                                            [m[7;78H[m[m[8;3H                                                                            [m[8;78H[m[m[9;3H                                                                            [m[9;78H[m[m[10;3H                                                                            [m[10;78H[m[m[11;3H                                                                            [m[11;78H[m[m[12;3H                                                                            [m[12;78H[m[m[13;3H                                                                            [m[13;78H[m[m[14;3H                                                                            [m[14;78H[m[m[15;3H                                                                            [m[15;78H[m[15;80H [5;78H[2J[02;30HGNU GRUB  version 2.12[04;02H┌────────────────────────────────────────────────────────────────────────────┐[05;02H│[05;02H[05;79H│[06;02H│[06;79H│[07;02H│[07;79H│[08;02H│[08;79H│[09;02H│[09;79H│[10;02H│[10;79H│[11;02H│[11;79H│[12;02H│[12;79H│[13;02H│[13;79H│[14;02H│[14;79H│[15;02H│[15;79H│[16;02H│[16;79H│[17;02H└────────────────────────────────────────────────────────────────────────────┘[19;02H     Use the ↑ and ↓ keys to select which entry [19;49H[19;50His highlighted.          
      Press enter to boot the selected OS, `e' to edit the commands       
      before booting or `c' for a command-line. ESC to return             
      previous menu.                                                      [05;80H [05;03H[0;30;47m*OpenWrt                                                                    [06;03H[0m OpenWrt (failsafe)                                                         [07;03H                                                                            [08;03H                                                                            [09;03H                                                                            [10;03H                    [10;22H[10;23H                                                        [11;03H                                                                            [12;03H               [12;17H[12;18H                                                             [13;03H                                                                            [14;03H                                                                            [15;03H                                                                            [16;03H                                                                            [16;80H 






   The highlighted entry will be executed automatically in 5s.                [22;1H   The highlighted entry will be executed automatically in 5s.                 [5;78H [05;78H

















   The highlighted entry will be executed automatically in 4s.                [22;1H   The highlighted entry will be executed automatically in 4s.                 [5;78H [05;78H

















   The highlighted entry will be executed automatically in 3s.                [22;1H   The highlighted entry will be executed automatically in 3s.                 [5;78H [05;78H

















   The highlighted entry will be executed automatically in 2s.                [22;1H   The highlighted entry will be executed automatically in 2s.                 [5;78H [05;78H

















   The highlighted entry will be executed automatically in 1s.                [22;1H   The highlighted entry will be executed automatically in 1s.                 [5;78H [05;78H

















   The highlighted entry will be executed automatically in 0s.                [22;1H   The highlighted entry will be executed automatically in 0s.                 [5;78H [01;01H[2J[?25h[H[J[1;1H[H[J[1;1H[2J   Booting `OpenWrt' Booting `OpenWrt

'

[    0.000000] Linux version 6.12.80 (builder@buildhost) (x86_64-openwrt-linux-musl-gcc (OpenWrt GCC 14.3.0 r33936-ca8d931205) 14.3.0, GNU ld (GNU Binutils) 2.44) #0 SMP Mon Apr 13 16:42:33 2026
[    0.000000] Command line: BOOT_IMAGE=/boot/vmlinuz root=PARTUUID=cc34fd25-02 rootwait console=tty1 console=ttyS0,115200n8 noinitrd
[    0.000000] BIOS-provided physical RAM map:
[    0.000000] BIOS-e820: [mem 0x0000000000000000-0x000000000009fbff] usable
[    0.000000] BIOS-e820: [mem 0x000000000009fc00-0x000000000009ffff] reserved
[    0.000000] BIOS-e820: [mem 0x00000000000f0000-0x00000000000fffff] reserved
[    0.000000] BIOS-e820: [mem 0x0000000000100000-0x0000000007fdcfff] usable
[    0.000000] BIOS-e820: [mem 0x0000000007fdd000-0x0000000007ffffff] reserved
[    0.000000] BIOS-e820: [mem 0x00000000fffc0000-0x00000000ffffffff] reserved
[    0.000000] BIOS-e820: [mem 0x000000fd00000000-0x000000ffffffffff] reserved
[    0.000000] NX (Execute Disable) protection: active
[    0.000000] APIC: Static calls initialized
[    0.000000] SMBIOS 3.0.0 present.
[    0.000000] DMI: QEMU Standard PC (i440FX + PIIX, 1996), BIOS 1.16.3-debian-1.16.3-2 04/01/2014
[    0.000000] DMI: Memory slots populated: 1/1
[    0.000000] tsc: Fast TSC calibration using PIT
[    0.000000] tsc: Detected 2445.384 MHz processor
[    0.007469] last_pfn = 0x7fdd max_arch_pfn = 0x400000000
[    0.008111] MTRR map: 4 entries (3 fixed + 1 variable; max 19), built from 8 variable MTRRs
[    0.008288] x86/PAT: Configuration [0-7]: WB  WC  UC- UC  WB  WP  UC- WT  
[    0.026416] found SMP MP-table at [mem 0x000f5460-0x000f546f]
[    0.027941] Using GB pages for direct mapping
[    0.032498] ACPI: Early table checksum verification disabled
[    0.032875] ACPI: RSDP 0x00000000000F5290 000014 (v00 BOCHS )
[    0.033196] ACPI: RSDT 0x0000000007FE1C64 000034 (v01 BOCHS  BXPC     00000001 BXPC 00000001)
[    0.033721] ACPI: FACP 0x0000000007FE1B18 000074 (v01 BOCHS  BXPC     00000001 BXPC 00000001)
[    0.034351] ACPI: DSDT 0x0000000007FE0040 001AD8 (v01 BOCHS  BXPC     00000001 BXPC 00000001)
[    0.034434] ACPI: FACS 0x0000000007FE0000 000040
[    0.034486] ACPI: APIC 0x0000000007FE1B8C 000078 (v03 BOCHS  BXPC     00000001 BXPC 00000001)
[    0.034507] ACPI: HPET 0x0000000007FE1C04 000038 (v01 BOCHS  BXPC     00000001 BXPC 00000001)
[    0.034526] ACPI: WAET 0x0000000007FE1C3C 000028 (v01 BOCHS  BXPC     00000001 BXPC 00000001)
[    0.034605] ACPI: Reserving FACP table memory at [mem 0x7fe1b18-0x7fe1b8b]
[    0.034657] ACPI: Reserving DSDT table memory at [mem 0x7fe0040-0x7fe1b17]
[    0.034663] ACPI: Reserving FACS table memory at [mem 0x7fe0000-0x7fe003f]
[    0.034669] ACPI: Reserving APIC table memory at [mem 0x7fe1b8c-0x7fe1c03]
[    0.034674] ACPI: Reserving HPET table memory at [mem 0x7fe1c04-0x7fe1c3b]
[    0.034679] ACPI: Reserving WAET table memory at [mem 0x7fe1c3c-0x7fe1c63]
[    0.037745] Zone ranges:
[    0.037775]   DMA      [mem 0x0000000000001000-0x0000000000ffffff]
[    0.037880]   DMA32    [mem 0x0000000001000000-0x0000000007fdcfff]
[    0.037889]   Normal   empty
[    0.037908] Movable zone start for each node
[    0.037941] Early memory node ranges
[    0.037980]   node   0: [mem 0x0000000000001000-0x000000000009efff]
[    0.038069]   node   0: [mem 0x0000000000100000-0x0000000007fdcfff]
[    0.038192] Initmem setup node 0 [mem 0x0000000000001000-0x0000000007fdcfff]
[    0.039260] On node 0, zone DMA: 1 pages in unavailable ranges
[    0.039748] On node 0, zone DMA: 97 pages in unavailable ranges
[    0.041900] On node 0, zone DMA32: 35 pages in unavailable ranges
[    0.042259] ACPI: PM-Timer IO Port: 0x608
[    0.042661] ACPI: LAPIC_NMI (acpi_id[0xff] dfl dfl lint[0x1])
[    0.043107] IOAPIC[0]: apic_id 0, version 32, address 0xfec00000, GSI 0-23
[    0.043229] ACPI: INT_SRC_OVR (bus 0 bus_irq 0 global_irq 2 dfl dfl)
[    0.043477] ACPI: INT_SRC_OVR (bus 0 bus_irq 5 global_irq 5 high level)
[    0.043527] ACPI: INT_SRC_OVR (bus 0 bus_irq 9 global_irq 9 high level)
[    0.043630] ACPI: INT_SRC_OVR (bus 0 bus_irq 10 global_irq 10 high level)
[    0.043645] ACPI: INT_SRC_OVR (bus 0 bus_irq 11 global_irq 11 high level)
[    0.043858] ACPI: Using ACPI (MADT) for SMP configuration information
[    0.043908] ACPI: HPET id: 0x8086a201 base: 0xfed00000
[    0.044308] CPU topo: Max. logical packages:   1
[    0.044325] CPU topo: Max. logical dies:       1
[    0.044334] CPU topo: Max. dies per package:   1
[    0.044380] CPU topo: Max. threads per core:   1
[    0.044535] CPU topo: Num. cores per package:     1
[    0.044550] CPU topo: Num. threads per package:   1
[    0.044559] CPU topo: Allowing 1 present CPUs plus 0 hotplug CPUs
[    0.045762] [mem 0x08000000-0xfffbffff] available for PCI devices
[    0.045868] Booting paravirtualized kernel on bare hardware
[    0.046178] clocksource: refined-jiffies: mask: 0xffffffff max_cycles: 0xffffffff, max_idle_ns: 19112604462750000 ns
[    0.046897] setup_percpu: NR_CPUS:512 nr_cpumask_bits:1 nr_cpu_ids:1 nr_node_ids:1
[    0.048967] percpu: Embedded 50 pages/cpu s167000 r8192 d29608 u2097152
[    0.051311] Kernel command line: BOOT_IMAGE=/boot/vmlinuz root=PARTUUID=cc34fd25-02 rootwait console=tty1 console=ttyS0,115200n8 noinitrd
[    0.053173] random: crng init done
[    0.058028] Dentry cache hash table entries: 16384 (order: 5, 131072 bytes, linear)
[    0.059014] Inode-cache hash table entries: 8192 (order: 4, 65536 bytes, linear)
[    0.061772] Built 1 zonelists, mobility grouping on.  Total pages: 32635
[    0.062026] mem auto-init: stack:off, heap alloc:off, heap free:off
[    0.072143] SLUB: HWalign=64, Order=0-3, MinObjects=0, CPUs=1, Nodes=1
[    0.080416] rcu: Hierarchical RCU implementation.
[    0.080455] rcu: 	RCU restricting CPUs from NR_CPUS=512 to nr_cpu_ids=1.
[    0.080606] 	Tracing variant of Tasks RCU enabled.
[    0.080698] rcu: RCU calculated value of scheduler-enlistment delay is 10 jiffies.
[    0.080730] rcu: Adjusting geometry for rcu_fanout_leaf=16, nr_cpu_ids=1
[    0.081904] RCU Tasks Trace: Setting shift to 0 and lim to 1 rcu_task_cb_adjust=1 rcu_task_cpu_ids=1.
[    0.082038] NR_IRQS: 33024, nr_irqs: 256, preallocated irqs: 16
[    0.091003] rcu: srcu_init: Setting srcu_struct sizes based on contention.
[    0.098010] Console: colour VGA+ 80x25
[    0.098440] printk: legacy console [tty1] enabled
[    0.106391] printk: legacy console [ttyS0] enabled
[    0.361857] ACPI: Core revision 20240827
[    0.367160] clocksource: hpet: mask: 0xffffffff max_cycles: 0xffffffff, max_idle_ns: 19112604467 ns
[    0.371906] APIC: Switch to symmetric I/O mode setup
[    0.376661] ..TIMER: vector=0x30 apic1=0 pin1=2 apic2=-1 pin2=-1
[    0.419059] clocksource: tsc-early: mask: 0xffffffffffffffff max_cycles: 0x233faffd279, max_idle_ns: 440795293176 ns
[    0.419795] Calibrating delay loop (skipped), value calculated using timer frequency.. 4890.76 BogoMIPS (lpj=24453840)
[    0.421641] x86/cpu: User Mode Instruction Prevention (UMIP) activated
[    0.439982] Last level iTLB entries: 4KB 0, 2MB 0, 4MB 0
[    0.440365] Last level dTLB entries: 4KB 0, 2MB 0, 4MB 0, 1GB 0
[    0.441414] Spectre V1 : Mitigation: usercopy/swapgs barriers and __user pointer sanitization
[    0.442571] Spectre V2 : Mitigation: Retpolines
[    0.442805] Spectre V2 : Spectre v2 / SpectreRSB: Filling RSB on context switch and VMEXIT
[    0.443249] Speculative Store Bypass: Vulnerable
[    0.451697] x86/fpu: Supporting XSAVE feature 0x001: 'x87 floating point registers'
[    0.456353] x86/fpu: Supporting XSAVE feature 0x002: 'SSE registers'
[    0.460793] x86/fpu: Supporting XSAVE feature 0x004: 'AVX registers'
[    0.461063] x86/fpu: Supporting XSAVE feature 0x008: 'MPX bounds registers'
[    0.462632] x86/fpu: Supporting XSAVE feature 0x010: 'MPX CSR'
[    0.463271] x86/fpu: xstate_offset[2]:  576, xstate_sizes[2]:  256
[    0.463781] x86/fpu: xstate_offset[3]:  960, xstate_sizes[3]:   64
[    0.464003] x86/fpu: xstate_offset[4]: 1024, xstate_sizes[4]:   64
[    0.469744] x86/fpu: Enabled xstate features 0x1f, context size is 1088 bytes, using 'standard' format.
[    0.714487] Freeing SMP alternatives memory: 40K
[    0.715353] pid_max: default: 32768 minimum: 301
[    0.725032] Mount-cache hash table entries: 512 (order: 0, 4096 bytes, linear)
[    0.725656] Mountpoint-cache hash table entries: 512 (order: 0, 4096 bytes, linear)
[    0.878438] smpboot: CPU0: AMD QEMU TCG CPU version 2.5+ (family: 0x6, model: 0x6, stepping: 0x3)
[    0.906862] Performance Events: PMU not available due to virtualization, using software events only.
[    0.908388] signal: max sigframe size: 1616
[    0.910381] rcu: Hierarchical SRCU implementation.
[    0.910610] rcu: 	Max phase no-delay instances is 1000.
[    0.915613] smp: Bringing up secondary CPUs ...
[    0.920886] smp: Brought up 1 node, 1 CPU
[    0.921183] smpboot: Total of 1 processors activated (4890.76 BogoMIPS)
[    0.927941] Memory: 103200K/130540K available (14336K kernel code, 1167K rwdata, 3984K rodata, 1496K init, 1312K bss, 25628K reserved, 0K cma-reserved)
[    0.942357] clocksource: jiffies: mask: 0xffffffff max_cycles: 0xffffffff, max_idle_ns: 19112604462750000 ns
[    0.943199] futex hash table entries: 256 (order: 2, 16384 bytes, linear)
[    0.944449] pinctrl core: initialized pinctrl subsystem
[    0.963670] NET: Registered PF_NETLINK/PF_ROUTE protocol family
[    0.970152] thermal_sys: Registered thermal governor 'step_wise'
[    0.970193] thermal_sys: Registered thermal governor 'user_space'
[    0.971221] cpuidle: using governor ladder
[    0.971745] cpuidle: using governor menu
[    0.975749] acpiphp: ACPI Hot Plug PCI Controller Driver version: 0.5
[    0.978503] PCI: Using configuration type 1 for base access
[    0.988196] cryptd: max_cpu_qlen set to 1000
[    0.994603] ACPI: Added _OSI(Module Device)
[    0.994808] ACPI: Added _OSI(Processor Device)
[    0.994979] ACPI: Added _OSI(Processor Aggregator Device)
[    1.009450] ACPI: 1 ACPI AML tables successfully acquired and loaded
[    1.026879] ACPI: Interpreter enabled
[    1.027720] ACPI: PM: (supports S0 S5)
[    1.027954] ACPI: Using IOAPIC for interrupt routing
[    1.028565] PCI: Using host bridge windows from ACPI; if necessary, use "pci=nocrs" and report a bug
[    1.028926] PCI: Using E820 reservations for host bridge windows
[    1.031677] ACPI: Enabled 2 GPEs in block 00 to 0F
[    1.073575] ACPI: PCI Root Bridge [PCI0] (domain 0000 [bus 00-ff])
[    1.074523] acpi PNP0A03:00: _OSC: OS supports [ASPM ClockPM Segments MSI HPX-Type3]
[    1.074970] acpi PNP0A03:00: _OSC: not requesting OS control; OS requires [ExtendedConfig ASPM ClockPM MSI]
[    1.075836] acpi PNP0A03:00: fail to add MMCONFIG information, can't access extended configuration space under this bridge
[    1.084324] acpiphp: Slot [3] registered
[    1.084673] acpiphp: Slot [4] registered
[    1.089859] acpiphp: Slot [5] registered
[    1.090113] acpiphp: Slot [6] registered
[    1.095497] acpiphp: Slot [7] registered
[    1.097389] acpiphp: Slot [8] registered
[    1.097641] acpiphp: Slot [9] registered
[    1.097882] acpiphp: Slot [10] registered
[    1.098137] acpiphp: Slot [11] registered
[    1.098416] acpiphp: Slot [12] registered
[    1.100046] acpiphp: Slot [13] registered
[    1.100482] acpiphp: Slot [14] registered
[    1.100967] acpiphp: Slot [15] registered
[    1.101241] acpiphp: Slot [16] registered
[    1.101489] acpiphp: Slot [17] registered
[    1.101774] acpiphp: Slot [18] registered
[    1.102036] acpiphp: Slot [19] registered
[    1.110007] acpiphp: Slot [20] registered
[    1.110452] acpiphp: Slot [21] registered
[    1.110784] acpiphp: Slot [22] registered
[    1.111030] acpiphp: Slot [23] registered
[    1.111316] acpiphp: Slot [24] registered
[    1.119803] acpiphp: Slot [25] registered
[    1.129137] acpiphp: Slot [26] registered
[    1.129598] acpiphp: Slot [27] registered
[    1.130059] acpiphp: Slot [28] registered
[    1.130351] acpiphp: Slot [29] registered
[    1.130619] acpiphp: Slot [30] registered
[    1.130870] acpiphp: Slot [31] registered
[    1.140293] PCI host bridge to bus 0000:00
[    1.140930] pci_bus 0000:00: root bus resource [io  0x0000-0x0cf7 window]
[    1.141329] pci_bus 0000:00: root bus resource [io  0x0d00-0xffff window]
[    1.141563] pci_bus 0000:00: root bus resource [mem 0x000a0000-0x000bffff window]
[    1.149883] pci_bus 0000:00: root bus resource [mem 0x08000000-0xfebfffff window]
[    1.150348] pci_bus 0000:00: root bus resource [mem 0x100000000-0x17fffffff window]
[    1.150844] pci_bus 0000:00: root bus resource [bus 00-ff]
[    1.161364] pci 0000:00:00.0: [8086:1237] type 00 class 0x060000 conventional PCI endpoint
[    1.165673] pci 0000:00:01.0: [8086:7000] type 00 class 0x060100 conventional PCI endpoint
[    1.166615] pci 0000:00:01.1: [8086:7010] type 00 class 0x010180 conventional PCI endpoint
[    1.172492] pci 0000:00:01.1: BAR 4 [io  0xc0e0-0xc0ef]
[    1.173728] pci 0000:00:01.1: BAR 0 [io  0x01f0-0x01f7]: legacy IDE quirk
[    1.174037] pci 0000:00:01.1: BAR 1 [io  0x03f6]: legacy IDE quirk
[    1.174290] pci 0000:00:01.1: BAR 2 [io  0x0170-0x0177]: legacy IDE quirk
[    1.179901] pci 0000:00:01.1: BAR 3 [io  0x0376]: legacy IDE quirk
[    1.180957] pci 0000:00:01.3: [8086:7113] type 00 class 0x068000 conventional PCI endpoint
[    1.181619] pci 0000:00:01.3: quirk: [io  0x0600-0x063f] claimed by PIIX4 ACPI
[    1.181918] pci 0000:00:01.3: quirk: [io  0x0700-0x070f] claimed by PIIX4 SMB
[    1.190843] pci 0000:00:02.0: [1234:1111] type 00 class 0x030000 conventional PCI endpoint
[    1.191761] pci 0000:00:02.0: BAR 0 [mem 0xfd000000-0xfdffffff pref]
[    1.199711] pci 0000:00:02.0: BAR 2 [mem 0xfeb90000-0xfeb90fff]
[    1.209726] pci 0000:00:02.0: ROM [mem 0xfeb80000-0xfeb8ffff pref]
[    1.210314] pci 0000:00:02.0: Video device with shadowed ROM at [mem 0x000c0000-0x000dffff]
[    1.211491] pci 0000:00:03.0: [1af4:1000] type 00 class 0x020000 conventional PCI endpoint
[    1.212760] pci 0000:00:03.0: BAR 0 [io  0xc080-0xc09f]
[    1.220766] pci 0000:00:03.0: BAR 4 [mem 0xfe000000-0xfe003fff 64bit pref]
[    1.221944] pci 0000:00:03.0: ROM [mem 0xfea80000-0xfeafffff pref]
[    1.227199] pci 0000:00:04.0: [1af4:1005] type 00 class 0x00ff00 conventional PCI endpoint
[    1.230069] pci 0000:00:04.0: BAR 0 [io  0xc0a0-0xc0bf]
[    1.231029] pci 0000:00:04.0: BAR 1 [mem 0xfeb91000-0xfeb91fff]
[    1.234353] pci 0000:00:04.0: BAR 4 [mem 0xfe004000-0xfe007fff 64bit pref]
[    1.241207] pci 0000:00:05.0: [1af4:1000] type 00 class 0x020000 conventional PCI endpoint
[    1.242774] pci 0000:00:05.0: BAR 0 [io  0xc0c0-0xc0df]
[    1.243627] pci 0000:00:05.0: BAR 1 [mem 0xfeb92000-0xfeb92fff]
[    1.245886] pci 0000:00:05.0: BAR 4 [mem 0xfe008000-0xfe00bfff 64bit pref]
[    1.251530] pci 0000:00:05.0: ROM [mem 0xfeb00000-0xfeb7ffff pref]
[    1.256139] pci 0000:00:06.0: [1af4:1001] type 00 class 0x010000 conventional PCI endpoint
[    1.260007] pci 0000:00:06.0: BAR 0 [io  0xc000-0xc07f]
[    1.260873] pci 0000:00:06.0: BAR 1 [mem 0xfeb93000-0xfeb93fff]
[    1.266907] pci 0000:00:06.0: BAR 4 [mem 0xfe00c000-0xfe00ffff 64bit pref]
[    1.276132] ACPI: PCI: Interrupt link LNKA configured for IRQ 10
[    1.277026] ACPI: PCI: Interrupt link LNKB configured for IRQ 10
[    1.277668] ACPI: PCI: Interrupt link LNKC configured for IRQ 11
[    1.278303] ACPI: PCI: Interrupt link LNKD configured for IRQ 11
[    1.278712] ACPI: PCI: Interrupt link LNKS configured for IRQ 9
[    1.290598] iommu: Default domain type: Translated
[    1.290818] iommu: DMA domain TLB invalidation policy: lazy mode
[    1.293544] SCSI subsystem initialized
[    1.294617] ACPI: bus type USB registered
[    1.295138] usbcore: registered new interface driver usbfs
[    1.298258] usbcore: registered new interface driver hub
[    1.298820] usbcore: registered new device driver usb
[    1.299407] pps_core: LinuxPPS API ver. 1 registered
[    1.299607] pps_core: Software ver. 5.3.6 - Copyright 2005-2007 Rodolfo Giometti <giometti@linux.it>
[    1.299987] PTP clock support registered
[    1.321117] PCI: Using ACPI for IRQ routing
[    1.323534] hpet0: at MMIO 0xfed00000, IRQs 2, 8, 0
[    1.323817] hpet0: 3 comparators, 64-bit 100.000000 MHz counter
[    1.328501] clocksource: Switched to clocksource tsc-early
[    1.328501] pnp: PnP ACPI init
[    1.328501] pnp: PnP ACPI: found 6 devices
[    1.341758] clocksource: acpi_pm: mask: 0xffffff max_cycles: 0xffffff, max_idle_ns: 2085701024 ns
[    1.343193] NET: Registered PF_INET protocol family
[    1.344437] IP idents hash table entries: 2048 (order: 2, 16384 bytes, linear)
[    1.349941] tcp_listen_portaddr_hash hash table entries: 256 (order: 0, 4096 bytes, linear)
[    1.352732] Table-perturb hash table entries: 65536 (order: 6, 262144 bytes, linear)
[    1.353266] TCP established hash table entries: 1024 (order: 1, 8192 bytes, linear)
[    1.353693] TCP bind hash table entries: 1024 (order: 3, 32768 bytes, linear)
[    1.363645] TCP: Hash tables configured (established 1024 bind 1024)
[    1.365822] MPTCP token hash table entries: 256 (order: 1, 6144 bytes, linear)
[    1.366407] UDP hash table entries: 256 (order: 1, 8192 bytes, linear)
[    1.366846] UDP-Lite hash table entries: 256 (order: 1, 8192 bytes, linear)
[    1.376259] NET: Registered PF_UNIX/PF_LOCAL protocol family
[    1.377457] pci_bus 0000:00: resource 4 [io  0x0000-0x0cf7 window]
[    1.377699] pci_bus 0000:00: resource 5 [io  0x0d00-0xffff window]
[    1.377912] pci_bus 0000:00: resource 6 [mem 0x000a0000-0x000bffff window]
[    1.385574] pci_bus 0000:00: resource 7 [mem 0x08000000-0xfebfffff window]
[    1.385964] pci_bus 0000:00: resource 8 [mem 0x100000000-0x17fffffff window]
[    1.386738] pci 0000:00:01.0: PIIX3: Enabling Passive Release
[    1.396788] pci 0000:00:00.0: Limiting direct PCI/PCI transfers
[    1.397248] PCI: CLS 0 bytes, default 64
[    1.417884] workingset: timestamp_bits=46 max_order=15 bucket_order=0
[    1.420470] squashfs: version 4.0 (2009/01/31) Phillip Lougher
[    1.423548] Block layer SCSI generic (bsg) driver version 0.4 loaded (major 247)
[    1.427272] hv_vmbus: registering driver hyperv_fb
[    1.433053] input: Power Button as /devices/LNXSYSTM:00/LNXPWRBN:00/input/input0
[    1.441145] ACPI: button: Power Button [PWRF]
[    1.601321] ACPI: \_SB_.LNKC: Enabled at IRQ 11
[    1.754964] ACPI: \_SB_.LNKD: Enabled at IRQ 10
[    1.907242] ACPI: \_SB_.LNKA: Enabled at IRQ 10
[    2.059433] ACPI: \_SB_.LNKB: Enabled at IRQ 11
[    2.061681] Serial: 8250/16550 driver, 16 ports, IRQ sharing enabled
[    2.086850] 00:04: ttyS0 at I/O 0x3f8 (irq = 4, base_baud = 115200) is a 16550A
[    2.114052] Non-volatile memory driver v1.3
[    2.125684] Linux agpgart interface v0.103
[    2.126774] ACPI: bus type drm_connector registered
[    2.129979] [drm] Found bochs VGA, ID 0xb0c5.
[    2.130195] [drm] Framebuffer size 16384 kB @ 0xfd000000, mmio @ 0xfeb90000.
[    2.135948] [drm] Found EDID data blob.
[    2.141902] [drm] Initialized bochs-drm 1.0.0 for 0000:00:02.0 on minor 0
[    2.211564] Console: switching to colour frame buffer device 160x50
[    2.221077] bochs-drm 0000:00:02.0: [drm] fb0: bochs-drmdrmfb frame buffer device
[    2.257039] loop: module loaded
[    2.257786] virtio_blk virtio3: 1/0/0 default/read/poll queues
[    2.262830] virtio_blk virtio3: [vda] 246784 512-byte logical blocks (126 MB/121 MiB)
[    2.272274]  vda: vda1 vda2
[    2.274523] Guest personality initialized and is inactive
[    2.275146] VMCI host device registered (name=vmci, major=10, minor=256)
[    2.275429] Initialized host personality
[    2.275779] usbcore: registered new interface driver rtsx_usb
[    2.284034] VMware PVSCSI driver - version 1.0.7.0-k
[    2.284381] hv_vmbus: registering driver hv_storvsc
[    2.301072] scsi host0: ata_piix
[    2.303604] scsi host1: ata_piix
[    2.304462] ata1: PATA max MWDMA2 cmd 0x1f0 ctl 0x3f6 bmdma 0xc0e0 irq 14 lpm-pol 0
[    2.304773] ata2: PATA max MWDMA2 cmd 0x170 ctl 0x376 bmdma 0xc0e8 irq 15 lpm-pol 0
[    2.314463] VMware vmxnet3 virtual NIC driver - version 1.9.0.0-k-NAPI
[    2.315079] hv_vmbus: registering driver hv_netvsc
[    2.315464] Fusion MPT base driver 3.04.20
[    2.315626] Copyright (c) 1999-2008 LSI Corporation
[    2.316012] Fusion MPT SPI Host driver 3.04.20
[    2.325535] Fusion MPT SAS Host driver 3.04.20
[    2.327704] usbcore: registered new interface driver usb-storage
[    2.329136] i8042: PNP: PS/2 Controller [PNP0303:KBD,PNP0f13:MOU] at 0x60,0x64 irq 1,12
[    2.332427] serio: i8042 KBD port at 0x60,0x64 irq 1
[    2.332808] serio: i8042 AUX port at 0x60,0x64 irq 12
[    2.339457] hv_vmbus: registering driver hyperv_keyboard
[    2.341993] rtc_cmos 00:05: RTC can wake from S4
[    2.347137] rtc_cmos 00:05: registered as rtc0
[    2.350033] rtc_cmos 00:05: setting system clock to 2026-04-14T01:56:12 UTC (1776131772)
[    2.352503] rtc_cmos 00:05: alarms up to one day, y3k, 242 bytes nvram, hpet irqs
[    2.355228] intel_powerclamp: CPU does not support MWAIT
[    2.357463] amd_pstate: the _CPC object is not present in SBIOS or ACPI disabled
[    2.361140] sdhci: Secure Digital Host Controller Interface driver
[    2.363083] sdhci: Copyright(c) Pierre Ossman
[    2.365445] VUB300 Driver rom wait states = 1C irqpoll timeout = 0400
[    2.372498] input: AT Translated Set 2 keyboard as /devices/platform/i8042/serio0/input/input1
[    2.396530] usbcore: registered new interface driver vub300
[    2.399091] usbcore: registered new interface driver ushc
[    2.406933] hid: raw HID events driver (C) Jiri Kosina
[    2.409763] hv_vmbus: registering driver hid_hyperv
[    2.412519] usbcore: registered new interface driver usbhid
[    2.414550] usbhid: USB HID core driver
[    2.416619] hv_utils: Registering HyperV Utility Driver
[    2.420128] hv_vmbus: registering driver hv_utils
[    2.422084] hv_vmbus: registering driver hv_balloon
[    2.425627] NET: Registered PF_INET6 protocol family
[    2.440472] Segment Routing with IPv6
[    2.442595] In-situ OAM (IOAM) with IPv6
[    2.444977] NET: Registered PF_PACKET protocol family
[    2.447389] bridge: filtering via arp/ip/ip6tables is no longer available by default. Update your scripts to load br_netfilter if you need this.
[    2.457331] tsc: Refined TSC clocksource calibration: 2445.381 MHz
[    2.459942] clocksource: tsc: mask: 0xffffffffffffffff max_cycles: 0x233fad42433, max_idle_ns: 440795277567 ns
[    2.462736] clocksource: Switched to clocksource tsc
[    2.469444] 8021q: 802.1Q VLAN Support v1.8
[    2.472185] NET: Registered PF_VSOCK protocol family
[    2.481700] IPI shorthand broadcast: enabled
[    2.488829] AES CTR mode by8 optimization enabled
[    2.511092] sched_clock: Marking stable (2240126088, 268145423)->(2524161237, -15889726)
[    2.543933] ata2: found unknown device (class 0)
[    2.561667] ata2.00: ATAPI: QEMU DVD-ROM, 2.5+, max UDMA/100
[    2.599452] scsi 1:0:0:0: CD-ROM            QEMU     QEMU DVD-ROM     2.5+ PQ: 0 ANSI: 5
[    2.633324] clk: Disabling unused clocks
[    2.670118] sr 1:0:0:0: [sr0] scsi3-mmc drive: 4x/4x cd/rw xa/form2 tray
[    2.672728] cdrom: Uniform CD-ROM driver Revision: 3.20
[    2.731348] VFS: Mounted root (squashfs filesystem) readonly on device 254:2.
[    2.801361] Freeing unused kernel image (initmem) memory: 1496K
[    2.803997] Write protecting the kernel read-only data: 18432k
[    2.807232] Freeing unused kernel image (rodata/data gap) memory: 112K
[    2.810028] Run /sbin/init as init process
[    3.131209] init: Console is alive
[    3.728936] kmodloader: loading kernel modules from /etc/modules-boot.d/*
[    3.797898] button_hotplug: loading out-of-tree module taints kernel.
[    3.805002] Button Hotplug driver version 0.4.1
[    3.826364] Intel(R) 2.5G Ethernet Linux Driver
[    3.829038] Copyright(c) 2018 Intel Corporation.
[    3.845650] igb: Intel(R) Gigabit Ethernet Network Driver
[    3.848367] igb: Copyright (c) 2007-2014 Intel Corporation.
[    3.866602] e1000e: Intel(R) PRO/1000 Network Driver
[    3.869257] e1000e: Copyright(c) 1999 - 2015 Intel Corporation.
[    3.884732] kmodloader: done loading kernel modules from /etc/modules-boot.d/*
[    3.904569] init: - preinit -
[    4.921869] 8021q: adding VLAN 0 to HW filter on device eth0
Press the [f] key and hit [enter] to enter failsafe mode
Press the [1], [2], [3] or [4] key and hit [enter] to select the debug level
[    9.577701] loop0: detected capacity change from 0 to 212992
[    9.628697] loop0: detected capacity change from 212992 to 201728
[    9.642902] mount_root: overlay filesystem in /dev/loop0 has not been formatted yet
[    9.990756] EXT4-fs (loop0): mounted filesystem 5becfd69-e377-46c0-b25e-37da6195e8be r/w with ordered data mode. Quota mode: disabled.
[   10.004794] mount_root: overlay filesystem has not been fully initialized yet
[   10.024158] mount_root: switching to ext4 overlay
[   10.046365] overlayfs: null uuid detected in lower fs '/', falling back to xino=off,index=off,nfs_export=off.
[   10.831376] EXT4-fs (vda1): mounted filesystem 84173db5-fa99-e35a-95c6-28613cc79ea9 r/w without journal. Quota mode: disabled.
[   10.857549] urandom-seed: Seed file not found (/etc/urandom.seed)
[   11.006002] procd: - early -
[   11.763450] procd: - ubus -
[   11.941988] procd: - init -
Please press Enter to activate this console.
root
login[1050]: root login on 'ttyS0'


BusyBox v1.37.0 (2026-01-02 17:07:02 UTC) built-in shell (ash)

  _______                     ________        __
 |       |.-----.-----.-----.|  |  |  |.----.|  |_
 |   -   ||  _  |  -__|     ||  |  |  ||   _||   _|
 |_______||   __|_____|__|__||________||__|  |____|
          |__| W I R E L E S S   F R E E D O M
 -----------------------------------------------------
 OpenWrt SNAPSHOT, r33936-ca8d931205
 -----------------------------------------------------

 === WARNING! =====================================
 There is no root password defined on this device!
 Use the "passwd" command to set up a new password
 in order to prevent unauthorized SSH logins.
 --------------------------------------------------

root@(none):~# dmesg -n 1
root@(none):~# echo 'COQL''QTXGVA'
COQLQTXGVA
root@(none):~# run() { echo -n "$MARKER"; sh -c "$@"; echo "$MARKER $?"; }
root@(none):~# echo 'ESFP''EEGCBE'
ESFPEEGCBE
root@(none):~# MARKER='MWCM''OLAWBZ' run 'ubus wait_for network.interface.lan'
MWCMOLAWBZMWCMOLAWBZ 0
root@OpenWrt:~# echo 'KCKU''SEPZWS'
KCKUSEPZWS
root@OpenWrt:~# MARKER='GYKJ''FPOHZO' run 'ubus call network.interface.lan statu
s '"'"'{}'"'"''
GYKJFPOHZO{
	"up": true,
	"pending": false,
	"available": true,
	"autostart": true,
	"dynamic": false,
	"uptime": 0,
	"l3_device": "br-lan",
	"proto": "static",
	"device": "br-lan",
	"updated": [
		"addresses"
	],
	"metric": 0,
	"dns_metric": 0,
	"delegation": true,
	"ipv4-address": [
		{
			"address": "192.168.1.1",
			"mask": 24
		}
	],
	"ipv6-address": [
		
	],
	"ipv6-prefix": [
		
	],
	"ipv6-prefix-assignment": [
		{
			"address": "fdb7:f0d2:386::",
			"mask": 60,
			"local-address": {
				"address": "fdb7:f0d2:386::1",
				"mask": 60
			}
		}
	],
	"route": [
		
	],
	"dns-server": [
		
	],
	"dns-search": [
		
	],
	"neighbors": [
		
	],
	"inactive": {
		"ipv4-address": [
			
		],
		"ipv6-address": [
			
		],
		"route": [
			
		],
		"dns-server": [
			
		],
		"dns-search": [
			
		],
		"neighbors": [
			
		]
	},
	"data": {
		
	}
}
GYKJFPOHZO 0
root@OpenWrt:~# echo 'MOVJ''FYUTGB'
MOVJFYUTGB
root@OpenWrt:~# MARKER='JVQH''NWTTWU' run true
JVQHNWTTWUJVQHNWTTWU 0
root@OpenWrt:~# echo 'HBPA''MWVFBK'
HBPAMWVFBK
root@OpenWrt:~# MARKER='CEKF''LNKCQU' run 'source /etc/os-release; echo $BUILD_I
D'
CEKFLNKCQUr33936-ca8d931205
CEKFLNKCQU 0
root@OpenWrt:~# echo 'KNWU''JWJTHX'
KNWUJWJTHX
root@OpenWrt:~# MARKER='AHEL''BWGEHP' run 'ls /etc/dropbear/dropbear_rsa_host_ke
y'
AHELBWGEHP[0;0m/etc/dropbear/dropbear_rsa_host_key[m
AHELBWGEHP 0
root@OpenWrt:~# echo 'SALT''LOTGGW'
SALTLOTGGW
root@OpenWrt:~# MARKER='QGQQ''XOVHBJ' run 'netstat -tlpn | grep 0.0.0.0:22'
QGQQXOVHBJnetstat: showing only processes with your user ID
tcp        0      0 0.0.0.0:22              0.0.0.0:*               LISTEN      1735/dropbear
QGQQXOVHBJ 0
root@OpenWrt:~# echo 'VGTC''MBTSZK'
VGTCMBTSZK
root@OpenWrt:~# MARKER='YSJC''GTQBHV' run 'dmesg | grep br-lan | grep forwarding
'
YSJCGTQBHV[   33.889051] br-lan: port 1(eth0) entered forwarding state
YSJCGTQBHV 0
root@OpenWrt:~# echo 'ETHA''VMZBKC'
ETHAVMZBKC
root@OpenWrt:~# MARKER='LMVA''BQCJYL' run 'ubus call network.interface.lan statu
s '"'"'{}'"'"''
LMVABQCJYL{
	"up": true,
	"pending": false,
	"available": true,
	"autostart": true,
	"dynamic": false,
	"uptime": 24,
	"l3_device": "br-lan",
	"proto": "static",
	"device": "br-lan",
	"updated": [
		"addresses"
	],
	"metric": 0,
	"dns_metric": 0,
	"delegation": true,
	"ipv4-address": [
		{
			"address": "192.168.1.1",
			"mask": 24
		}
	],
	"ipv6-address": [
		
	],
	"ipv6-prefix": [
		
	],
	"ipv6-prefix-assignment": [
		{
			"address": "fdb7:f0d2:386::",
			"mask": 60,
			"local-address": {
				"address": "fdb7:f0d2:386::1",
				"mask": 60
			}
		}
	],
	"route": [
		
	],
	"dns-server": [
		
	],
	"dns-search": [
		
	],
	"neighbors": [
		
	],
	"inactive": {
		"ipv4-address": [
			
		],
		"ipv6-address": [
			
		],
		"route": [
			
		],
		"dns-server": [
			
		],
		"dns-search": [
			
		],
		"neighbors": [
			
		]
	},
	"data": {
		
	}
}
LMVABQCJYL 0
root@OpenWrt:~# echo 'AHVC''JKPSNV'
AHVCJKPSNV
root@OpenWrt:~# MARKER='LVMQ''NOKHYN' run 'ip -o addr show dev br-lan'
LVMQNOKHYN4: br-lan    inet 192.168.1.1/24 brd 192.168.1.255 scope global br-lan\       valid_lft forever preferred_lft forever
4: br-lan    inet6 fdb7:f0d2:386::1/60 scope global noprefixroute \       valid_lft forever preferred_lft forever
4: br-lan    inet6 fe80::5054:ff:fe12:3456/64 scope link \       valid_lft forever preferred_lft forever
LVMQNOKHYN 0
root@OpenWrt:~# echo 'LNNB''UBLFUY'
LNNBUBLFUY
root@OpenWrt:~# MARKER='TGJP''COVSLV' run 'ubus call network.interface.wan statu
s '"'"'{}'"'"''
TGJPCOVSLV{
	"up": true,
	"pending": false,
	"available": true,
	"autostart": true,
	"dynamic": false,
	"uptime": 21,
	"l3_device": "eth1",
	"proto": "dhcp",
	"device": "eth1",
	"updated": [
		"addresses",
		"routes",
		"data"
	],
	"metric": 0,
	"dns_metric": 0,
	"delegation": true,
	"ipv4-address": [
		{
			"address": "10.0.2.15",
			"mask": 24
		}
	],
	"ipv6-address": [
		
	],
	"ipv6-prefix": [
		
	],
	"ipv6-prefix-assignment": [
		
	],
	"route": [
		{
			"target": "0.0.0.0",
			"mask": 0,
			"nexthop": "10.0.2.2",
			"source": "10.0.2.15/32"
		}
	],
	"dns-server": [
		"10.0.2.3"
	],
	"dns-search": [
		
	],
	"neighbors": [
		
	],
	"inactive": {
		"ipv4-address": [
			
		],
		"ipv6-address": [
			
		],
		"route": [
			
		],
		"dns-server": [
			
		],
		"dns-search": [
			
		],
		"neighbors": [
			
		]
	},
	"data": {
		"dhcpserver": "10.0.2.2",
		"leasetime": 86400
	}
}
TGJPCOVSLV 0
root@OpenWrt:~# 