Labgrid Console Logfile for main
Logfile started at 2026-03-21 02:13:36.685310
=== Log starts here ===
c[?7l[2J[0mSeaBIOS (version 1.16.3-debian-1.16.3-2)


iPXE (https://ipxe.org) 00:03.0 CA00 PCI2.10 PnP PMM+06FCAE70+06F0AE70 CA00
Press Ctrl-B to configure iPXE (PCI 00:03.0)...                                                                               




iPXE (https://ipxe.org) 00:05.0 CB00 PCI2.10 PnP PMM 06FCAE70 06F0AE70 CB00
Press Ctrl-B to configure iPXE (PCI 00:05.0)...                                                                               


Booting from Hard Disk...
GRUB loading.....
[0;30;47mWelcome to GRUB![01;01H[0m[2J[H[J[1;1H[?25l[m[H[J[1;1H[2;30HGNU GRUB  version 2.12

[m[4;2H+----------------------------------------------------------------------------+[5;2H|[5;79H|[6;2H|[6;79H|[7;2H|[7;79H|[8;2H|[8;79H|[9;2H|[9;79H|[10;2H|[10;79H|[11;2H|[11;79H|[12;2H|[12;79H|[13;2H|[13;79H|[14;2H|[14;79H|[15;2H|[15;79H|[16;2H+----------------------------------------------------------------------------+[m[17;2H[18;2H[m     Use the ^ and v keys to select which entry is highlighted.          
      Press enter to boot the selected OS, `e' to edit the commands       
      before booting or `c' for a command-line. ESC to return             
      previous menu.                                                      [5;80H [7m[5;3H*OpenWrt                                                                    [m[5;78H[m[m[6;3H OpenWrt (failsafe)                                                         [m[6;78H[m[m[7;3H                                                                            [m[7;78H[m[m[8;3H                                                                            [m[8;78H[m[m[9;3H                                                                            [m[9;78H[m[m[10;3H                                                                            [m[10;78H[m[m[11;3H                                                                            [m[11;78H[m[m[12;3H                                                                            [m[12;78H[m[m[13;3H                                                                            [m[13;78H[m[m[14;3H                                                                            [m[14;78H[m[m[15;3H                                                                            [m[15;78H[m[15;80H [5;78H[2J[02;30HGNU GRUB  version 2.12[04;02H┌────────────────────────────────────────────────────────────────────────────┐[05;02H│[05;79H│[06;02H│[06;79H│[07;02H│[07;79H│[08;02H│[08;79H│[09;02H│[09;79H│[10;02H│[10;79H│[11;02H│[11;79H│[12;02H│[12;79H│[13;02H│[13;79H│[14;02H│[14;79H│[15;02H│[15;79H│[16;02H│[16;79H│[17;02H└────────────────────────────────────────────────────────────────────────────┘[19;02H     Use the ↑ and ↓ keys to select which entry is highlighted.          
      Press enter to boot the selected OS, `e' to edit the commands       
      before booting or `c' for a command-line. ESC to return             
      previous menu.    [22;24H[22;25H                                                  [05;80H [05;03H[0;30;47m*OpenWrt                                                                    [06;03H[0m OpenWrt (failsafe)                                                         [07;03H                                                                            [08;03H                                                                            [09;03H                                                                            [10;03H                                                                            [11;03H                                                                            [12;03H                                                                            [13;03H                                                                            [14;03H                                                          [14;60H[14;61H                  [15;03H                                                                            [16;03H                                                                            [16;80H 






   The highlighted entry will be executed automatically in 5s.                [22;1H   The highlighted entry will be executed automatically in 5s.                 [5;78H [05;78H

















   The highlighted entry will be executed automatically in 4s.                [22;1H   The highlighted entry will be executed automatically in 4s.                 [5;78H [05;78H

















   The highlighted entry will be executed automatically in 3s.                [22;1H   The highlighted entry will be executed automatically in 3s.                 [5;78H [05;78H

















   The highlighted entry will be executed automatically in 2s.                [22;1H   The highlighted entry will be executed automatically in 2s.                 [5;78H [05;78H

















   The highlighted entry will be executed automatically in 1s.                [22;1H   The highlighted entry will be executed automatically in 1s.                 [5;78H [05;78H

















   The highlighted entry will be executed automatically in 0s.                [22;1H   The highlighted entry will be executed automatically in 0s.                 [5;78H [01;01H[2J[?25h[H[J[1;1H[H[J[1;1H[2J   Booting `OpenWrt' Booting `OpenWrt

'

[    0.000000] Linux version 6.12.74 (builder@buildhost) (x86_64-openwrt-linux-musl-gcc (OpenWrt GCC 14.3.0 r33473-7ba45de827) 14.3.0, GNU ld (GNU Binutils) 2.44) #0 SMP Fri Mar 20 12:21:46 2026
[    0.000000] Command line: BOOT_IMAGE=/boot/vmlinuz root=PARTUUID=54437c9f-02 rootwait console=tty1 console=ttyS0,115200n8 noinitrd
[    0.000000] BIOS-provided physical RAM map:
[    0.000000] BIOS-e820: [mem 0x0000000000000000-0x000000000009fbff] usable
[    0.000000] BIOS-e820: [mem 0x000000000009fc00-0x000000000009ffff] reserved
[    0.000000] BIOS-e820: [mem 0x00000000000f0000-0x00000000000fffff] reserved
[    0.000000] BIOS-e820: [mem 0x0000000000100000-0x0000000007fdcfff] usable
[    0.000000] BIOS-e820: [mem 0x0000000007fdd000-0x0000000007ffffff] reserved
[    0.000000] BIOS-e820: [mem 0x00000000fffc0000-0x00000000ffffffff] reserved
[    0.000000] BIOS-e820: [mem 0x000000fd00000000-0x000000ffffffffff] reserved
[    0.000000] NX (Execute Disable) protection: active
[    0.000000] APIC: Static calls initialized
[    0.000000] SMBIOS 3.0.0 present.
[    0.000000] DMI: QEMU Standard PC (i440FX + PIIX, 1996), BIOS 1.16.3-debian-1.16.3-2 04/01/2014
[    0.000000] DMI: Memory slots populated: 1/1
[    0.000000] tsc: Fast TSC calibration using PIT
[    0.000000] tsc: Detected 2793.268 MHz processor
[    0.006627] last_pfn = 0x7fdd max_arch_pfn = 0x400000000
[    0.007252] MTRR map: 4 entries (3 fixed + 1 variable; max 19), built from 8 variable MTRRs
[    0.007423] x86/PAT: Configuration [0-7]: WB  WC  UC- UC  WB  WP  UC- WT  
[    0.026090] found SMP MP-table at [mem 0x000f5460-0x000f546f]
[    0.027467] Using GB pages for direct mapping
[    0.031597] ACPI: Early table checksum verification disabled
[    0.031953] ACPI: RSDP 0x00000000000F5290 000014 (v00 BOCHS )
[    0.032272] ACPI: RSDT 0x0000000007FE1C64 000034 (v01 BOCHS  BXPC     00000001 BXPC 00000001)
[    0.032776] ACPI: FACP 0x0000000007FE1B18 000074 (v01 BOCHS  BXPC     00000001 BXPC 00000001)
[    0.033365] ACPI: DSDT 0x0000000007FE0040 001AD8 (v01 BOCHS  BXPC     00000001 BXPC 00000001)
[    0.033438] ACPI: FACS 0x0000000007FE0000 000040
[    0.033487] ACPI: APIC 0x0000000007FE1B8C 000078 (v03 BOCHS  BXPC     00000001 BXPC 00000001)
[    0.033507] ACPI: HPET 0x0000000007FE1C04 000038 (v01 BOCHS  BXPC     00000001 BXPC 00000001)
[    0.033526] ACPI: WAET 0x0000000007FE1C3C 000028 (v01 BOCHS  BXPC     00000001 BXPC 00000001)
[    0.033599] ACPI: Reserving FACP table memory at [mem 0x7fe1b18-0x7fe1b8b]
[    0.033650] ACPI: Reserving DSDT table memory at [mem 0x7fe0040-0x7fe1b17]
[    0.033657] ACPI: Reserving FACS table memory at [mem 0x7fe0000-0x7fe003f]
[    0.033663] ACPI: Reserving APIC table memory at [mem 0x7fe1b8c-0x7fe1c03]
[    0.033668] ACPI: Reserving HPET table memory at [mem 0x7fe1c04-0x7fe1c3b]
[    0.033674] ACPI: Reserving WAET table memory at [mem 0x7fe1c3c-0x7fe1c63]
[    0.036637] Zone ranges:
[    0.036670]   DMA      [mem 0x0000000000001000-0x0000000000ffffff]
[    0.036755]   DMA32    [mem 0x0000000001000000-0x0000000007fdcfff]
[    0.036773]   Normal   empty
[    0.036792] Movable zone start for each node
[    0.036825] Early memory node ranges
[    0.036851]   node   0: [mem 0x0000000000001000-0x000000000009efff]
[    0.036907]   node   0: [mem 0x0000000000100000-0x0000000007fdcfff]
[    0.037035] Initmem setup node 0 [mem 0x0000000000001000-0x0000000007fdcfff]
[    0.038087] On node 0, zone DMA: 1 pages in unavailable ranges
[    0.038542] On node 0, zone DMA: 97 pages in unavailable ranges
[    0.040420] On node 0, zone DMA32: 35 pages in unavailable ranges
[    0.040787] ACPI: PM-Timer IO Port: 0x608
[    0.041188] ACPI: LAPIC_NMI (acpi_id[0xff] dfl dfl lint[0x1])
[    0.041614] IOAPIC[0]: apic_id 0, version 32, address 0xfec00000, GSI 0-23
[    0.041730] ACPI: INT_SRC_OVR (bus 0 bus_irq 0 global_irq 2 dfl dfl)
[    0.042014] ACPI: INT_SRC_OVR (bus 0 bus_irq 5 global_irq 5 high level)
[    0.042065] ACPI: INT_SRC_OVR (bus 0 bus_irq 9 global_irq 9 high level)
[    0.042160] ACPI: INT_SRC_OVR (bus 0 bus_irq 10 global_irq 10 high level)
[    0.042169] ACPI: INT_SRC_OVR (bus 0 bus_irq 11 global_irq 11 high level)
[    0.042347] ACPI: Using ACPI (MADT) for SMP configuration information
[    0.042390] ACPI: HPET id: 0x8086a201 base: 0xfed00000
[    0.042813] CPU topo: Max. logical packages:   1
[    0.042829] CPU topo: Max. logical dies:       1
[    0.042839] CPU topo: Max. dies per package:   1
[    0.042884] CPU topo: Max. threads per core:   1
[    0.043046] CPU topo: Num. cores per package:     1
[    0.043061] CPU topo: Num. threads per package:   1
[    0.043069] CPU topo: Allowing 1 present CPUs plus 0 hotplug CPUs
[    0.044531] [mem 0x08000000-0xfffbffff] available for PCI devices
[    0.044603] Booting paravirtualized kernel on bare hardware
[    0.044922] clocksource: refined-jiffies: mask: 0xffffffff max_cycles: 0xffffffff, max_idle_ns: 19112604462750000 ns
[    0.045575] setup_percpu: NR_CPUS:512 nr_cpumask_bits:1 nr_cpu_ids:1 nr_node_ids:1
[    0.047485] percpu: Embedded 50 pages/cpu s166808 r8192 d29800 u2097152
[    0.049817] Kernel command line: BOOT_IMAGE=/boot/vmlinuz root=PARTUUID=54437c9f-02 rootwait console=tty1 console=ttyS0,115200n8 noinitrd
[    0.051411] random: crng init done
[    0.055498] Dentry cache hash table entries: 16384 (order: 5, 131072 bytes, linear)
[    0.056338] Inode-cache hash table entries: 8192 (order: 4, 65536 bytes, linear)
[    0.058890] Built 1 zonelists, mobility grouping on.  Total pages: 32635
[    0.059122] mem auto-init: stack:off, heap alloc:off, heap free:off
[    0.068915] SLUB: HWalign=64, Order=0-3, MinObjects=0, CPUs=1, Nodes=1
[    0.077135] rcu: Hierarchical RCU implementation.
[    0.077171] rcu: 	RCU restricting CPUs from NR_CPUS=512 to nr_cpu_ids=1.
[    0.077319] 	Tracing variant of Tasks RCU enabled.
[    0.077415] rcu: RCU calculated value of scheduler-enlistment delay is 10 jiffies.
[    0.077446] rcu: Adjusting geometry for rcu_fanout_leaf=16, nr_cpu_ids=1
[    0.078605] RCU Tasks Trace: Setting shift to 0 and lim to 1 rcu_task_cb_adjust=1 rcu_task_cpu_ids=1.
[    0.078738] NR_IRQS: 33024, nr_irqs: 256, preallocated irqs: 16
[    0.087836] rcu: srcu_init: Setting srcu_struct sizes based on contention.
[    0.094814] Console: colour VGA+ 80x25
[    0.095242] printk: legacy console [tty1] enabled
[    0.103273] printk: legacy console [ttyS0] enabled
[    0.353235] ACPI: Core revision 20240827
[    0.358555] clocksource: hpet: mask: 0xffffffff max_cycles: 0xffffffff, max_idle_ns: 19112604467 ns
[    0.363567] APIC: Switch to symmetric I/O mode setup
[    0.368156] ..TIMER: vector=0x30 apic1=0 pin1=2 apic2=-1 pin2=-1
[    0.410322] clocksource: tsc-early: mask: 0xffffffffffffffff max_cycles: 0x28436928c28, max_idle_ns: 440795267499 ns
[    0.411016] Calibrating delay loop (skipped), value calculated using timer frequency.. 5586.53 BogoMIPS (lpj=27932680)
[    0.412811] x86/cpu: User Mode Instruction Prevention (UMIP) activated
[    0.431311] Last level iTLB entries: 4KB 0, 2MB 0, 4MB 0
[    0.431725] Last level dTLB entries: 4KB 0, 2MB 0, 4MB 0, 1GB 0
[    0.432831] Spectre V1 : Mitigation: usercopy/swapgs barriers and __user pointer sanitization
[    0.433822] Spectre V2 : Mitigation: Retpolines
[    0.434014] Spectre V2 : Spectre v2 / SpectreRSB: Filling RSB on context switch and VMEXIT
[    0.434366] Speculative Store Bypass: Vulnerable
[    0.443144] x86/fpu: Supporting XSAVE feature 0x001: 'x87 floating point registers'
[    0.448157] x86/fpu: Supporting XSAVE feature 0x002: 'SSE registers'
[    0.452067] x86/fpu: Supporting XSAVE feature 0x004: 'AVX registers'
[    0.452267] x86/fpu: Supporting XSAVE feature 0x008: 'MPX bounds registers'
[    0.453029] x86/fpu: Supporting XSAVE feature 0x010: 'MPX CSR'
[    0.453650] x86/fpu: xstate_offset[2]:  576, xstate_sizes[2]:  256
[    0.454073] x86/fpu: xstate_offset[3]:  960, xstate_sizes[3]:   64
[    0.454250] x86/fpu: xstate_offset[4]: 1024, xstate_sizes[4]:   64
[    0.461096] x86/fpu: Enabled xstate features 0x1f, context size is 1088 bytes, using 'standard' format.
[    0.673751] Freeing SMP alternatives memory: 40K
[    0.674574] pid_max: default: 32768 minimum: 301
[    0.684398] Mount-cache hash table entries: 512 (order: 0, 4096 bytes, linear)
[    0.684993] Mountpoint-cache hash table entries: 512 (order: 0, 4096 bytes, linear)
[    0.837367] smpboot: CPU0: AMD QEMU TCG CPU version 2.5+ (family: 0x6, model: 0x6, stepping: 0x3)
[    0.846316] Performance Events: PMU not available due to virtualization, using software events only.
[    0.847717] signal: max sigframe size: 1616
[    0.863257] rcu: Hierarchical SRCU implementation.
[    0.863523] rcu: 	Max phase no-delay instances is 1000.
[    0.868907] smp: Bringing up secondary CPUs ...
[    0.870716] smp: Brought up 1 node, 1 CPU
[    0.872106] smpboot: Total of 1 processors activated (5586.53 BogoMIPS)
[    0.880314] Memory: 103268K/130540K available (14336K kernel code, 1166K rwdata, 3976K rodata, 1496K init, 1312K bss, 25628K reserved, 0K cma-reserved)
[    0.893059] clocksource: jiffies: mask: 0xffffffff max_cycles: 0xffffffff, max_idle_ns: 19112604462750000 ns
[    0.893879] futex hash table entries: 256 (order: 2, 16384 bytes, linear)
[    0.895037] pinctrl core: initialized pinctrl subsystem
[    0.912039] NET: Registered PF_NETLINK/PF_ROUTE protocol family
[    0.918195] thermal_sys: Registered thermal governor 'step_wise'
[    0.918239] thermal_sys: Registered thermal governor 'user_space'
[    0.919243] cpuidle: using governor ladder
[    0.919692] cpuidle: using governor menu
[    0.923097] acpiphp: ACPI Hot Plug PCI Controller Driver version: 0.5
[    0.925934] PCI: Using configuration type 1 for base access
[    0.937565] cryptd: max_cpu_qlen set to 1000
[    0.943410] ACPI: Added _OSI(Module Device)
[    0.943617] ACPI: Added _OSI(Processor Device)
[    0.943758] ACPI: Added _OSI(Processor Aggregator Device)
[    0.958188] ACPI: 1 ACPI AML tables successfully acquired and loaded
[    0.976856] ACPI: Interpreter enabled
[    0.977664] ACPI: PM: (supports S0 S5)
[    0.977848] ACPI: Using IOAPIC for interrupt routing
[    0.978474] PCI: Using host bridge windows from ACPI; if necessary, use "pci=nocrs" and report a bug
[    0.978864] PCI: Using E820 reservations for host bridge windows
[    0.983227] ACPI: Enabled 2 GPEs in block 00 to 0F
[    1.021664] ACPI: PCI Root Bridge [PCI0] (domain 0000 [bus 00-ff])
[    1.022563] acpi PNP0A03:00: _OSC: OS supports [ASPM ClockPM Segments MSI HPX-Type3]
[    1.022958] acpi PNP0A03:00: _OSC: not requesting OS control; OS requires [ExtendedConfig ASPM ClockPM MSI]
[    1.023749] acpi PNP0A03:00: fail to add MMCONFIG information, can't access extended configuration space under this bridge
[    1.035507] acpiphp: Slot [3] registered
[    1.035827] acpiphp: Slot [4] registered
[    1.036054] acpiphp: Slot [5] registered
[    1.036265] acpiphp: Slot [6] registered
[    1.041184] acpiphp: Slot [7] registered
[    1.043112] acpiphp: Slot [8] registered
[    1.043341] acpiphp: Slot [9] registered
[    1.043547] acpiphp: Slot [10] registered
[    1.043764] acpiphp: Slot [11] registered
[    1.043973] acpiphp: Slot [12] registered
[    1.051156] acpiphp: Slot [13] registered
[    1.051578] acpiphp: Slot [14] registered
[    1.051951] acpiphp: Slot [15] registered
[    1.052176] acpiphp: Slot [16] registered
[    1.052418] acpiphp: Slot [17] registered
[    1.052651] acpiphp: Slot [18] registered
[    1.061160] acpiphp: Slot [19] registered
[    1.061578] acpiphp: Slot [20] registered
[    1.061967] acpiphp: Slot [21] registered
[    1.062204] acpiphp: Slot [22] registered
[    1.062414] acpiphp: Slot [23] registered
[    1.062658] acpiphp: Slot [24] registered
[    1.062879] acpiphp: Slot [25] registered
[    1.071192] acpiphp: Slot [26] registered
[    1.071618] acpiphp: Slot [27] registered
[    1.071928] acpiphp: Slot [28] registered
[    1.072167] acpiphp: Slot [29] registered
[    1.072393] acpiphp: Slot [30] registered
[    1.072638] acpiphp: Slot [31] registered
[    1.081806] PCI host bridge to bus 0000:00
[    1.082279] pci_bus 0000:00: root bus resource [io  0x0000-0x0cf7 window]
[    1.082603] pci_bus 0000:00: root bus resource [io  0x0d00-0xffff window]
[    1.082815] pci_bus 0000:00: root bus resource [mem 0x000a0000-0x000bffff window]
[    1.091128] pci_bus 0000:00: root bus resource [mem 0x08000000-0xfebfffff window]
[    1.091539] pci_bus 0000:00: root bus resource [mem 0x100000000-0x17fffffff window]
[    1.091975] pci_bus 0000:00: root bus resource [bus 00-ff]
[    1.102513] pci 0000:00:00.0: [8086:1237] type 00 class 0x060000 conventional PCI endpoint
[    1.114040] pci 0000:00:01.0: [8086:7000] type 00 class 0x060100 conventional PCI endpoint
[    1.114904] pci 0000:00:01.1: [8086:7010] type 00 class 0x010180 conventional PCI endpoint
[    1.121544] pci 0000:00:01.1: BAR 4 [io  0xc0e0-0xc0ef]
[    1.122593] pci 0000:00:01.1: BAR 0 [io  0x01f0-0x01f7]: legacy IDE quirk
[    1.122836] pci 0000:00:01.1: BAR 1 [io  0x03f6]: legacy IDE quirk
[    1.123039] pci 0000:00:01.1: BAR 2 [io  0x0170-0x0177]: legacy IDE quirk
[    1.130073] pci 0000:00:01.1: BAR 3 [io  0x0376]: legacy IDE quirk
[    1.131391] pci 0000:00:01.3: [8086:7113] type 00 class 0x068000 conventional PCI endpoint
[    1.132015] pci 0000:00:01.3: quirk: [io  0x0600-0x063f] claimed by PIIX4 ACPI
[    1.132269] pci 0000:00:01.3: quirk: [io  0x0700-0x070f] claimed by PIIX4 SMB
[    1.141438] pci 0000:00:02.0: [1234:1111] type 00 class 0x030000 conventional PCI endpoint
[    1.142297] pci 0000:00:02.0: BAR 0 [mem 0xfd000000-0xfdffffff pref]
[    1.143667] pci 0000:00:02.0: BAR 2 [mem 0xfeb90000-0xfeb90fff]
[    1.153297] pci 0000:00:02.0: ROM [mem 0xfeb80000-0xfeb8ffff pref]
[    1.153774] pci 0000:00:02.0: Video device with shadowed ROM at [mem 0x000c0000-0x000dffff]
[    1.154796] pci 0000:00:03.0: [1af4:1000] type 00 class 0x020000 conventional PCI endpoint
[    1.161904] pci 0000:00:03.0: BAR 0 [io  0xc080-0xc09f]
[    1.164406] pci 0000:00:03.0: BAR 4 [mem 0xfe000000-0xfe003fff 64bit pref]
[    1.165407] pci 0000:00:03.0: ROM [mem 0xfea80000-0xfeafffff pref]
[    1.171353] pci 0000:00:04.0: [1af4:1005] type 00 class 0x00ff00 conventional PCI endpoint
[    1.174265] pci 0000:00:04.0: BAR 0 [io  0xc0a0-0xc0bf]
[    1.175183] pci 0000:00:04.0: BAR 1 [mem 0xfeb91000-0xfeb91fff]
[    1.177846] pci 0000:00:04.0: BAR 4 [mem 0xfe004000-0xfe007fff 64bit pref]
[    1.182637] pci 0000:00:05.0: [1af4:1000] type 00 class 0x020000 conventional PCI endpoint
[    1.185233] pci 0000:00:05.0: BAR 0 [io  0xc0c0-0xc0df]
[    1.186049] pci 0000:00:05.0: BAR 1 [mem 0xfeb92000-0xfeb92fff]
[    1.188070] pci 0000:00:05.0: BAR 4 [mem 0xfe008000-0xfe00bfff 64bit pref]
[    1.188936] pci 0000:00:05.0: ROM [mem 0xfeb00000-0xfeb7ffff pref]
[    1.194781] pci 0000:00:06.0: [1af4:1001] type 00 class 0x010000 conventional PCI endpoint
[    1.195674] pci 0000:00:06.0: BAR 0 [io  0xc000-0xc07f]
[    1.196441] pci 0000:00:06.0: BAR 1 [mem 0xfeb93000-0xfeb93fff]
[    1.202661] pci 0000:00:06.0: BAR 4 [mem 0xfe00c000-0xfe00ffff 64bit pref]
[    1.214378] ACPI: PCI: Interrupt link LNKA configured for IRQ 10
[    1.215186] ACPI: PCI: Interrupt link LNKB configured for IRQ 10
[    1.215767] ACPI: PCI: Interrupt link LNKC configured for IRQ 11
[    1.217204] ACPI: PCI: Interrupt link LNKD configured for IRQ 11
[    1.217641] ACPI: PCI: Interrupt link LNKS configured for IRQ 9
[    1.220943] iommu: Default domain type: Translated
[    1.221131] iommu: DMA domain TLB invalidation policy: lazy mode
[    1.223811] SCSI subsystem initialized
[    1.228980] ACPI: bus type USB registered
[    1.229503] usbcore: registered new interface driver usbfs
[    1.229951] usbcore: registered new interface driver hub
[    1.230272] usbcore: registered new device driver usb
[    1.230768] pps_core: LinuxPPS API ver. 1 registered
[    1.231052] pps_core: Software ver. 5.3.6 - Copyright 2005-2007 Rodolfo Giometti <giometti@linux.it>
[    1.231583] PTP clock support registered
[    1.250455] PCI: Using ACPI for IRQ routing
[    1.252973] hpet0: at MMIO 0xfed00000, IRQs 2, 8, 0
[    1.253226] hpet0: 3 comparators, 64-bit 100.000000 MHz counter
[    1.258152] clocksource: Switched to clocksource tsc-early
[    1.258152] pnp: PnP ACPI init
[    1.259390] pnp: PnP ACPI: found 6 devices
[    1.273191] clocksource: acpi_pm: mask: 0xffffff max_cycles: 0xffffff, max_idle_ns: 2085701024 ns
[    1.274818] NET: Registered PF_INET protocol family
[    1.276000] IP idents hash table entries: 2048 (order: 2, 16384 bytes, linear)
[    1.281579] tcp_listen_portaddr_hash hash table entries: 256 (order: 0, 4096 bytes, linear)
[    1.283949] Table-perturb hash table entries: 65536 (order: 6, 262144 bytes, linear)
[    1.284456] TCP established hash table entries: 1024 (order: 1, 8192 bytes, linear)
[    1.284845] TCP bind hash table entries: 1024 (order: 3, 32768 bytes, linear)
[    1.294921] TCP: Hash tables configured (established 1024 bind 1024)
[    1.296810] MPTCP token hash table entries: 256 (order: 1, 6144 bytes, linear)
[    1.297310] UDP hash table entries: 256 (order: 1, 8192 bytes, linear)
[    1.297698] UDP-Lite hash table entries: 256 (order: 1, 8192 bytes, linear)
[    1.307452] NET: Registered PF_UNIX/PF_LOCAL protocol family
[    1.308733] pci_bus 0000:00: resource 4 [io  0x0000-0x0cf7 window]
[    1.308948] pci_bus 0000:00: resource 5 [io  0x0d00-0xffff window]
[    1.309116] pci_bus 0000:00: resource 6 [mem 0x000a0000-0x000bffff window]
[    1.316781] pci_bus 0000:00: resource 7 [mem 0x08000000-0xfebfffff window]
[    1.317087] pci_bus 0000:00: resource 8 [mem 0x100000000-0x17fffffff window]
[    1.317857] pci 0000:00:01.0: PIIX3: Enabling Passive Release
[    1.318170] pci 0000:00:00.0: Limiting direct PCI/PCI transfers
[    1.328026] PCI: CLS 0 bytes, default 64
[    1.348533] workingset: timestamp_bits=46 max_order=15 bucket_order=0
[    1.351145] squashfs: version 4.0 (2009/01/31) Phillip Lougher
[    1.353906] Block layer SCSI generic (bsg) driver version 0.4 loaded (major 247)
[    1.357668] hv_vmbus: registering driver hyperv_fb
[    1.362521] input: Power Button as /devices/LNXSYSTM:00/LNXPWRBN:00/input/input0
[    1.370603] ACPI: button: Power Button [PWRF]
[    1.511647] ACPI: \_SB_.LNKC: Enabled at IRQ 11
[    1.645666] ACPI: \_SB_.LNKD: Enabled at IRQ 10
[    1.777173] ACPI: \_SB_.LNKA: Enabled at IRQ 10
[    1.908727] ACPI: \_SB_.LNKB: Enabled at IRQ 11
[    1.910647] Serial: 8250/16550 driver, 16 ports, IRQ sharing enabled
[    1.935571] 00:04: ttyS0 at I/O 0x3f8 (irq = 4, base_baud = 115200) is a 16550A
[    1.959212] Non-volatile memory driver v1.3
[    1.970366] Linux agpgart interface v0.103
[    1.971417] ACPI: bus type drm_connector registered
[    1.974461] [drm] Found bochs VGA, ID 0xb0c5.
[    1.974648] [drm] Framebuffer size 16384 kB @ 0xfd000000, mmio @ 0xfeb90000.
[    1.980165] [drm] Found EDID data blob.
[    1.986211] [drm] Initialized bochs-drm 1.0.0 for 0000:00:02.0 on minor 0
[    2.045823] Console: switching to colour frame buffer device 160x50
[    2.054695] bochs-drm 0000:00:02.0: [drm] fb0: bochs-drmdrmfb frame buffer device
[    2.085160] loop: module loaded
[    2.085906] virtio_blk virtio3: 1/0/0 default/read/poll queues
[    2.090248] virtio_blk virtio3: [vda] 246784 512-byte logical blocks (126 MB/121 MiB)
[    2.099850]  vda: vda1 vda2
[    2.101864] Guest personality initialized and is inactive
[    2.102444] VMCI host device registered (name=vmci, major=10, minor=256)
[    2.102831] Initialized host personality
[    2.103193] usbcore: registered new interface driver rtsx_usb
[    2.111376] VMware PVSCSI driver - version 1.0.7.0-k
[    2.111682] hv_vmbus: registering driver hv_storvsc
[    2.127250] scsi host0: ata_piix
[    2.129811] scsi host1: ata_piix
[    2.130701] ata1: PATA max MWDMA2 cmd 0x1f0 ctl 0x3f6 bmdma 0xc0e0 irq 14 lpm-pol 0
[    2.130998] ata2: PATA max MWDMA2 cmd 0x170 ctl 0x376 bmdma 0xc0e8 irq 15 lpm-pol 0
[    2.140120] VMware vmxnet3 virtual NIC driver - version 1.9.0.0-k-NAPI
[    2.140681] hv_vmbus: registering driver hv_netvsc
[    2.141057] Fusion MPT base driver 3.04.20
[    2.141204] Copyright (c) 1999-2008 LSI Corporation
[    2.141546] Fusion MPT SPI Host driver 3.04.20
[    2.151136] Fusion MPT SAS Host driver 3.04.20
[    2.153363] usbcore: registered new interface driver usb-storage
[    2.154569] i8042: PNP: PS/2 Controller [PNP0303:KBD,PNP0f13:MOU] at 0x60,0x64 irq 1,12
[    2.157803] serio: i8042 KBD port at 0x60,0x64 irq 1
[    2.158182] serio: i8042 AUX port at 0x60,0x64 irq 12
[    2.165116] hv_vmbus: registering driver hyperv_keyboard
[    2.167473] rtc_cmos 00:05: RTC can wake from S4
[    2.172269] rtc_cmos 00:05: registered as rtc0
[    2.175204] rtc_cmos 00:05: setting system clock to 2026-03-21T02:13:48 UTC (1774059228)
[    2.177509] rtc_cmos 00:05: alarms up to one day, y3k, 242 bytes nvram, hpet irqs
[    2.180003] intel_powerclamp: CPU does not support MWAIT
[    2.182081] amd_pstate: the _CPC object is not present in SBIOS or ACPI disabled
[    2.188353] sdhci: Secure Digital Host Controller Interface driver
[    2.190103] sdhci: Copyright(c) Pierre Ossman
[    2.192211] VUB300 Driver rom wait states = 1C irqpoll timeout = 0400
[    2.199022] input: AT Translated Set 2 keyboard as /devices/platform/i8042/serio0/input/input1
[    2.220947] usbcore: registered new interface driver vub300
[    2.223151] usbcore: registered new interface driver ushc
[    2.230410] hid: raw HID events driver (C) Jiri Kosina
[    2.233176] hv_vmbus: registering driver hid_hyperv
[    2.235722] usbcore: registered new interface driver usbhid
[    2.237503] usbhid: USB HID core driver
[    2.239391] hv_utils: Registering HyperV Utility Driver
[    2.241173] hv_vmbus: registering driver hv_utils
[    2.243015] hv_vmbus: registering driver hv_balloon
[    2.247232] NET: Registered PF_INET6 protocol family
[    2.261926] Segment Routing with IPv6
[    2.264155] In-situ OAM (IOAM) with IPv6
[    2.266410] NET: Registered PF_PACKET protocol family
[    2.268672] bridge: filtering via arp/ip/ip6tables is no longer available by default. Update your scripts to load br_netfilter if you need this.
[    2.278476] 8021q: 802.1Q VLAN Support v1.8
[    2.280954] NET: Registered PF_VSOCK protocol family
[    2.290059] IPI shorthand broadcast: enabled
[    2.296807] AES CTR mode by8 optimization enabled
[    2.315465] sched_clock: Marking stable (2050068351, 262515934)->(2324471672, -11887387)
[    2.352842] tsc: Refined TSC clocksource calibration: 2793.292 MHz
[    2.355332] clocksource: tsc: mask: 0xffffffffffffffff max_cycles: 0x2843801d6d1, max_idle_ns: 440795309101 ns
[    2.373190] ata2: found unknown device (class 0)
[    2.391556] ata2.00: ATAPI: QEMU DVD-ROM, 2.5+, max UDMA/100
[    2.407497] scsi 1:0:0:0: CD-ROM            QEMU     QEMU DVD-ROM     2.5+ PQ: 0 ANSI: 5
[    2.423325] clocksource: Switched to clocksource tsc
[    2.431743] clk: Disabling unused clocks
[    2.474491] sr 1:0:0:0: [sr0] scsi3-mmc drive: 4x/4x cd/rw xa/form2 tray
[    2.477129] cdrom: Uniform CD-ROM driver Revision: 3.20
[    2.524820] VFS: Mounted root (squashfs filesystem) readonly on device 254:2.
[    2.583728] Freeing unused kernel image (initmem) memory: 1496K
[    2.586390] Write protecting the kernel read-only data: 18432k
[    2.589485] Freeing unused kernel image (rodata/data gap) memory: 120K
[    2.591889] Run /sbin/init as init process
[    2.932938] init: Console is alive
[    3.511930] kmodloader: loading kernel modules from /etc/modules-boot.d/*
[    3.578200] button_hotplug: loading out-of-tree module taints kernel.
[    3.586126] Button Hotplug driver version 0.4.1
[    3.606306] Intel(R) 2.5G Ethernet Linux Driver
[    3.609022] Copyright(c) 2018 Intel Corporation.
[    3.624728] igb: Intel(R) Gigabit Ethernet Network Driver
[    3.627451] igb: Copyright (c) 2007-2014 Intel Corporation.
[    3.643614] e1000e: Intel(R) PRO/1000 Network Driver
[    3.646102] e1000e: Copyright(c) 1999 - 2015 Intel Corporation.
[    3.660010] kmodloader: done loading kernel modules from /etc/modules-boot.d/*
[    3.679588] init: - preinit -
[    4.685510] 8021q: adding VLAN 0 to HW filter on device eth0
Press the [f] key and hit [enter] to enter failsafe mode
Press the [1], [2], [3] or [4] key and hit [enter] to select the debug level
[    9.311359] loop0: detected capacity change from 0 to 212992
[    9.362919] loop0: detected capacity change from 212992 to 201728
[    9.375400] mount_root: overlay filesystem in /dev/loop0 has not been formatted yet
[    9.704411] EXT4-fs (loop0): mounted filesystem 0256904b-0028-4913-82d3-b8d840563637 r/w with ordered data mode. Quota mode: disabled.
[    9.717862] mount_root: overlay filesystem has not been fully initialized yet
[    9.735515] mount_root: switching to ext4 overlay
[    9.755766] overlayfs: null uuid detected in lower fs '/', falling back to xino=off,index=off,nfs_export=off.
[   10.472873] EXT4-fs (vda1): mounted filesystem 84173db5-fa99-e35a-95c6-28613cc79ea9 r/w without journal. Quota mode: disabled.
[   10.496794] urandom-seed: Seed file not found (/etc/urandom.seed)
[   10.633889] procd: - early -
[   11.373394] procd: - ubus -
[   11.551544] procd: - init -
Please press Enter to activate this console.
root
login[1049]: root login on 'ttyS0'


BusyBox v1.37.0 (2026-01-02 17:07:02 UTC) built-in shell (ash)

  _______                     ________        __
 |       |.-----.-----.-----.|  |  |  |.----.|  |_
 |   -   ||  _  |  -__|     ||  |  |  ||   _||   _|
 |_______||   __|_____|__|__||________||__|  |____|
          |__| W I R E L E S S   F R E E D O M
 -----------------------------------------------------
 OpenWrt SNAPSHOT, r33473-7ba45de827
 -----------------------------------------------------

 === WARNING! =====================================
 There is no root password defined on this device!
 Use the "passwd" command to set up a new password
 in order to prevent unauthorized SSH logins.
 --------------------------------------------------

root@(none):~# dmesg -n 1
root@(none):~# echo 'LKJG''NZULYZ'
LKJGNZULYZ
root@(none):~# run() { echo -n "$MARKER"; sh -c "$@"; echo "$MARKER $?"; }
root@(none):~# echo 'UXOP''KAPSPP'
UXOPKAPSPP
root@(none):~# MARKER='EKME''XYNGVT' run 'ubus wait_for network.interface.lan'
EKMEXYNGVTEKMEXYNGVT 0
root@OpenWrt:~# echo 'WULV''SLZZXU'
WULVSLZZXU
root@OpenWrt:~# MARKER='XFWU''KNXEBN' run 'ubus call network.interface.lan statu
s '"'"'{}'"'"''
XFWUKNXEBN{
	"up": true,
	"pending": false,
	"available": true,
	"autostart": true,
	"dynamic": false,
	"uptime": 0,
	"l3_device": "br-lan",
	"proto": "static",
	"device": "br-lan",
	"updated": [
		"addresses"
	],
	"metric": 0,
	"dns_metric": 0,
	"delegation": true,
	"ipv4-address": [
		{
			"address": "192.168.1.1",
			"mask": 24
		}
	],
	"ipv6-address": [
		
	],
	"ipv6-prefix": [
		
	],
	"ipv6-prefix-assignment": [
		{
			"address": "fd23:a5eb:c24a::",
			"mask": 60,
			"local-address": {
				"address": "fd23:a5eb:c24a::1",
				"mask": 60
			}
		}
	],
	"route": [
		
	],
	"dns-server": [
		
	],
	"dns-search": [
		
	],
	"neighbors": [
		
	],
	"inactive": {
		"ipv4-address": [
			
		],
		"ipv6-address": [
			
		],
		"route": [
			
		],
		"dns-server": [
			
		],
		"dns-search": [
			
		],
		"neighbors": [
			
		]
	},
	"data": {
		
	}
}
XFWUKNXEBN 0
root@OpenWrt:~# echo 'NKXU''OPBQQF'
NKXUOPBQQF
root@OpenWrt:~# MARKER='QZCF''AENELH' run true
QZCFAENELHQZCFAENELH 0
root@OpenWrt:~# echo 'EUGE''PBCUYU'
EUGEPBCUYU
root@OpenWrt:~# MARKER='FKHS''MFCQZF' run 'source /etc/os-release; echo $BUILD_I
D'
FKHSMFCQZFr33473-7ba45de827
FKHSMFCQZF 0
root@OpenWrt:~# echo 'NWGH''WKGKNL'
NWGHWKGKNL
root@OpenWrt:~# MARKER='QSEP''OVUHKT' run 'ls /etc/dropbear/dropbear_rsa_host_ke
y'
QSEPOVUHKT[0;0m/etc/dropbear/dropbear_rsa_host_key[m
QSEPOVUHKT 0
root@OpenWrt:~# echo 'MFBO''KAECAX'
MFBOKAECAX
root@OpenWrt:~# MARKER='TBYE''AOBENK' run 'netstat -tlpn | grep 0.0.0.0:22'
TBYEAOBENKtcp        0      0 0.0.0.0:22              0.0.0.0:*               LISTEN      1732/dropbear
TBYEAOBENK 0
root@OpenWrt:~# echo 'FLUP''NYQQVU'
FLUPNYQQVU
root@OpenWrt:~# MARKER='YNVT''ULVUVU' run 'dmesg | grep br-lan | grep forwarding
'
YNVTULVUVU[   29.555239] br-lan: port 1(eth0) entered forwarding state
YNVTULVUVU 0
root@OpenWrt:~# echo 'EJGC''NFUWWQ'
EJGCNFUWWQ
root@OpenWrt:~# MARKER='THEF''QLFSCF' run 'ubus call network.interface.lan statu
s '"'"'{}'"'"''
THEFQLFSCF{
	"up": true,
	"pending": false,
	"available": true,
	"autostart": true,
	"dynamic": false,
	"uptime": 19,
	"l3_device": "br-lan",
	"proto": "static",
	"device": "br-lan",
	"updated": [
		"addresses"
	],
	"metric": 0,
	"dns_metric": 0,
	"delegation": true,
	"ipv4-address": [
		{
			"address": "192.168.1.1",
			"mask": 24
		}
	],
	"ipv6-address": [
		
	],
	"ipv6-prefix": [
		
	],
	"ipv6-prefix-assignment": [
		{
			"address": "fd23:a5eb:c24a::",
			"mask": 60,
			"local-address": {
				"address": "fd23:a5eb:c24a::1",
				"mask": 60
			}
		}
	],
	"route": [
		
	],
	"dns-server": [
		
	],
	"dns-search": [
		
	],
	"neighbors": [
		
	],
	"inactive": {
		"ipv4-address": [
			
		],
		"ipv6-address": [
			
		],
		"route": [
			
		],
		"dns-server": [
			
		],
		"dns-search": [
			
		],
		"neighbors": [
			
		]
	},
	"data": {
		
	}
}
THEFQLFSCF 0
root@OpenWrt:~# echo 'XETB''SBGBZK'
XETBSBGBZK
root@OpenWrt:~# MARKER='GNPB''XGSHGJ' run 'ip -o addr show dev br-lan'
GNPBXGSHGJ4: br-lan    inet 192.168.1.1/24 brd 192.168.1.255 scope global br-lan\       valid_lft forever preferred_lft forever
4: br-lan    inet6 fd23:a5eb:c24a::1/60 scope global noprefixroute \       valid_lft forever preferred_lft forever
4: br-lan    inet6 fe80::5054:ff:fe12:3456/64 scope link \       valid_lft forever preferred_lft forever
GNPBXGSHGJ 0
root@OpenWrt:~# echo 'EFFQ''EALZZA'
EFFQEALZZA
root@OpenWrt:~# MARKER='MVLJ''CLVAJX' run 'ubus call network.interface.wan statu
s '"'"'{}'"'"''
MVLJCLVAJX{
	"up": true,
	"pending": false,
	"available": true,
	"autostart": true,
	"dynamic": false,
	"uptime": 18,
	"l3_device": "eth1",
	"proto": "dhcp",
	"device": "eth1",
	"updated": [
		"addresses",
		"routes",
		"data"
	],
	"metric": 0,
	"dns_metric": 0,
	"delegation": true,
	"ipv4-address": [
		{
			"address": "10.0.2.15",
			"mask": 24
		}
	],
	"ipv6-address": [
		
	],
	"ipv6-prefix": [
		
	],
	"ipv6-prefix-assignment": [
		
	],
	"route": [
		{
			"target": "0.0.0.0",
			"mask": 0,
			"nexthop": "10.0.2.2",
			"source": "10.0.2.15/32"
		}
	],
	"dns-server": [
		"10.0.2.3"
	],
	"dns-search": [
		
	],
	"neighbors": [
		
	],
	"inactive": {
		"ipv4-address": [
			
		],
		"ipv6-address": [
			
		],
		"route": [
			
		],
		"dns-server": [
			
		],
		"dns-search": [
			
		],
		"neighbors": [
			
		]
	},
	"data": {
		"dhcpserver": "10.0.2.2",
		"leasetime": 86400
	}
}
MVLJCLVAJX 0
root@OpenWrt:~# 