Labgrid Console Logfile for main
Logfile started at 2026-04-19 03:42:54.839883
=== Log starts here ===
c[?7l[2J[0mSeaBIOS (version 1.16.3-debian-1.16.3-2)


iPXE (https://ipxe.org) 00:03.0 CA00 PCI2.10 PnP PMM+06FCAE70+06F0AE70 CA00
Press Ctrl-B to configure iPXE (PCI 00:03.0)...                                                                               




iPXE (https://ipxe.org) 00:05.0 CB00 PCI2.10 PnP PMM 06FCAE70 06F0AE70 CB00
Press Ctrl-B to configure iPXE (PCI 00:05.0)...                                                                               


Booting from Hard Disk...
GRUB loading.....
[0;30;47mWelcome to GRUB![01;01H[0m[2J[H[J[1;1H[?25l[m[H[J[1;1H[2;30HGNU GRUB  version 2.12

[m[4;2H+----------------------------------------------------------------------------+[5;2H|[5;79H|[6;2H|[6;79H|[7;2H|[7;79H|[8;2H|[8;79H|[9;2H|[9;79H|[10;2H|[10;79H|[11;2H|[11;79H|[12;2H|[12;79H|[13;2H|[13;79H|[14;2H|[14;79H|[15;2H|[15;79H|[16;2H+----------------------------------------------------------------------------+[m[17;2H[18;2H[m     Use the ^ and v keys to select which entry is highlighted.          
      Press enter to boot the selected OS, `e' to edit the commands       
      before booting or `c' for a command-line. ESC to return             
      previous menu.                                                      [5;80H [7m[5;3H*OpenWrt                                                                    [m[5;78H[m[m[6;3H OpenWrt (failsafe)                                                         [m[6;78H[m[m[7;3H                                                                            [m[7;78H[m[m[8;3H                                                                            [m[8;78H[m[m[9;3H                                                                            [m[9;78H[m[m[10;3H                                                                            [m[10;78H[m[m[11;3H                                                                            [m[11;78H[m[m[12;3H                                                                            [m[12;78H[m[m[13;3H                                                                            [m[13;78H[m[m[14;3H                                                                            [m[14;78H[m[m[15;3H                                                                            [m[15;78H[m[15;80H [5;78H[2J[02;30HGNU GRUB  version 2.12[04;02H┌────────────────────────────────────────────────────────────────────────────┐[05;02H│[05;79H│[06;02H│[06;79H│[07;02H│[07;79H│[08;02H│[08;79H│[09;02H│[09;79H│[10;02H│[10;79H│[11;02H│[11;79H│[12;02H│[12;79H│[13;02H│[13;79H│[14;02H│[14;79H│[15;02H│[15;79H│[16;02H│[16;79H│[17;02H└────────────────────────────────────────────────────────────────────────────┘[19;02H     Use the ↑ and ↓ keys to select which entry is [19;52H[19;53Hhighlighted.          
      Press enter to boot the selected OS, `e' to edit the commands       
      before booting or `c' for a command-line. ESC to return             
      previous menu.                                                      [05;80H [05;03H[0;30;47m*OpenWrt                                                                    [06;03H[0m OpenWrt (failsafe)                                                         [07;03H                                                                            [08;03H             [08;15H[08;16H                                                               [09;03H                                                                            [10;03H                                                                            [11;03H                                                                            [12;03H                                                                            [13;03H                                                                            [14;03H                                                                            [15;03H                                                                            [16;03H                                                        [16;58H[16;59H                    [16;80H 






   The highlighted entry will be executed automatically in 5s.                [22;1H   The highlighted entry will be executed automatically in 5s.                 [5;78H [05;78H

















   The highlighted entry will be executed automatically in 4s.                [22;1H   The highlighted entry will be executed automatically in 4s.                 [5;78H [05;78H

















   The highlighted entry will be executed automatically in 3s.      [23;68H[23;69H          [22;1H   The highlighted entry will be executed automatically in 3s.                 [5;78H [05;78H

















   The highlighted entry will be executed automatically in 2s.                [22;1H   The highlighted entry will be executed automatically in 2s.                 [5;78H [05;78H

















   The highlighted entry will be executed automatically in 1s.                [22;1H   The highlighted entry will be executed automatically in 1s.                 [5;78H [05;78H

















   The highlighted entry will be executed automatically in 0s.                [22;1H   The highlighted entry will be executed automatically in 0s.                 [5;78H [01;01H[2J[?25h[H[J[1;1H[H[J[1;1H[2J   Booting `OpenWrt' Booting `OpenWrt

'

[    0.000000] Linux version 6.12.80 (builder@buildhost) (x86_64-openwrt-linux-musl-gcc (OpenWrt GCC 14.3.0 r34041-a37270225e) 14.3.0, GNU ld (GNU Binutils) 2.44) #0 SMP Sat Apr 18 20:43:12 2026
[    0.000000] Command line: BOOT_IMAGE=/boot/vmlinuz root=PARTUUID=4ab01afa-02 rootwait console=tty1 console=ttyS0,115200n8 noinitrd
[    0.000000] BIOS-provided physical RAM map:
[    0.000000] BIOS-e820: [mem 0x0000000000000000-0x000000000009fbff] usable
[    0.000000] BIOS-e820: [mem 0x000000000009fc00-0x000000000009ffff] reserved
[    0.000000] BIOS-e820: [mem 0x00000000000f0000-0x00000000000fffff] reserved
[    0.000000] BIOS-e820: [mem 0x0000000000100000-0x0000000007fdcfff] usable
[    0.000000] BIOS-e820: [mem 0x0000000007fdd000-0x0000000007ffffff] reserved
[    0.000000] BIOS-e820: [mem 0x00000000fffc0000-0x00000000ffffffff] reserved
[    0.000000] BIOS-e820: [mem 0x000000fd00000000-0x000000ffffffffff] reserved
[    0.000000] NX (Execute Disable) protection: active
[    0.000000] APIC: Static calls initialized
[    0.000000] SMBIOS 3.0.0 present.
[    0.000000] DMI: QEMU Standard PC (i440FX + PIIX, 1996), BIOS 1.16.3-debian-1.16.3-2 04/01/2014
[    0.000000] DMI: Memory slots populated: 1/1
[    0.000000] tsc: Fast TSC calibration using PIT
[    0.000000] tsc: Detected 2445.412 MHz processor
[    0.007428] last_pfn = 0x7fdd max_arch_pfn = 0x400000000
[    0.008058] MTRR map: 4 entries (3 fixed + 1 variable; max 19), built from 8 variable MTRRs
[    0.008224] x86/PAT: Configuration [0-7]: WB  WC  UC- UC  WB  WP  UC- WT  
[    0.026520] found SMP MP-table at [mem 0x000f5460-0x000f546f]
[    0.027914] Using GB pages for direct mapping
[    0.032385] ACPI: Early table checksum verification disabled
[    0.032738] ACPI: RSDP 0x00000000000F5290 000014 (v00 BOCHS )
[    0.033040] ACPI: RSDT 0x0000000007FE1C64 000034 (v01 BOCHS  BXPC     00000001 BXPC 00000001)
[    0.033549] ACPI: FACP 0x0000000007FE1B18 000074 (v01 BOCHS  BXPC     00000001 BXPC 00000001)
[    0.034161] ACPI: DSDT 0x0000000007FE0040 001AD8 (v01 BOCHS  BXPC     00000001 BXPC 00000001)
[    0.034234] ACPI: FACS 0x0000000007FE0000 000040
[    0.034284] ACPI: APIC 0x0000000007FE1B8C 000078 (v03 BOCHS  BXPC     00000001 BXPC 00000001)
[    0.034304] ACPI: HPET 0x0000000007FE1C04 000038 (v01 BOCHS  BXPC     00000001 BXPC 00000001)
[    0.034321] ACPI: WAET 0x0000000007FE1C3C 000028 (v01 BOCHS  BXPC     00000001 BXPC 00000001)
[    0.034399] ACPI: Reserving FACP table memory at [mem 0x7fe1b18-0x7fe1b8b]
[    0.034449] ACPI: Reserving DSDT table memory at [mem 0x7fe0040-0x7fe1b17]
[    0.034455] ACPI: Reserving FACS table memory at [mem 0x7fe0000-0x7fe003f]
[    0.034461] ACPI: Reserving APIC table memory at [mem 0x7fe1b8c-0x7fe1c03]
[    0.034466] ACPI: Reserving HPET table memory at [mem 0x7fe1c04-0x7fe1c3b]
[    0.034471] ACPI: Reserving WAET table memory at [mem 0x7fe1c3c-0x7fe1c63]
[    0.037477] Zone ranges:
[    0.037506]   DMA      [mem 0x0000000000001000-0x0000000000ffffff]
[    0.037602]   DMA32    [mem 0x0000000001000000-0x0000000007fdcfff]
[    0.037612]   Normal   empty
[    0.037630] Movable zone start for each node
[    0.037663] Early memory node ranges
[    0.037690]   node   0: [mem 0x0000000000001000-0x000000000009efff]
[    0.037743]   node   0: [mem 0x0000000000100000-0x0000000007fdcfff]
[    0.037862] Initmem setup node 0 [mem 0x0000000000001000-0x0000000007fdcfff]
[    0.038903] On node 0, zone DMA: 1 pages in unavailable ranges
[    0.039391] On node 0, zone DMA: 97 pages in unavailable ranges
[    0.041531] On node 0, zone DMA32: 35 pages in unavailable ranges
[    0.041890] ACPI: PM-Timer IO Port: 0x608
[    0.042278] ACPI: LAPIC_NMI (acpi_id[0xff] dfl dfl lint[0x1])
[    0.042702] IOAPIC[0]: apic_id 0, version 32, address 0xfec00000, GSI 0-23
[    0.042818] ACPI: INT_SRC_OVR (bus 0 bus_irq 0 global_irq 2 dfl dfl)
[    0.043062] ACPI: INT_SRC_OVR (bus 0 bus_irq 5 global_irq 5 high level)
[    0.043111] ACPI: INT_SRC_OVR (bus 0 bus_irq 9 global_irq 9 high level)
[    0.043205] ACPI: INT_SRC_OVR (bus 0 bus_irq 10 global_irq 10 high level)
[    0.043214] ACPI: INT_SRC_OVR (bus 0 bus_irq 11 global_irq 11 high level)
[    0.043402] ACPI: Using ACPI (MADT) for SMP configuration information
[    0.043447] ACPI: HPET id: 0x8086a201 base: 0xfed00000
[    0.043857] CPU topo: Max. logical packages:   1
[    0.043873] CPU topo: Max. logical dies:       1
[    0.043882] CPU topo: Max. dies per package:   1
[    0.043928] CPU topo: Max. threads per core:   1
[    0.044079] CPU topo: Num. cores per package:     1
[    0.044094] CPU topo: Num. threads per package:   1
[    0.044102] CPU topo: Allowing 1 present CPUs plus 0 hotplug CPUs
[    0.045283] [mem 0x08000000-0xfffbffff] available for PCI devices
[    0.045355] Booting paravirtualized kernel on bare hardware
[    0.045666] clocksource: refined-jiffies: mask: 0xffffffff max_cycles: 0xffffffff, max_idle_ns: 19112604462750000 ns
[    0.046336] setup_percpu: NR_CPUS:512 nr_cpumask_bits:1 nr_cpu_ids:1 nr_node_ids:1
[    0.048557] percpu: Embedded 50 pages/cpu s167000 r8192 d29608 u2097152
[    0.050867] Kernel command line: BOOT_IMAGE=/boot/vmlinuz root=PARTUUID=4ab01afa-02 rootwait console=tty1 console=ttyS0,115200n8 noinitrd
[    0.052482] random: crng init done
[    0.057211] Dentry cache hash table entries: 16384 (order: 5, 131072 bytes, linear)
[    0.058167] Inode-cache hash table entries: 8192 (order: 4, 65536 bytes, linear)
[    0.060867] Built 1 zonelists, mobility grouping on.  Total pages: 32635
[    0.061092] mem auto-init: stack:off, heap alloc:off, heap free:off
[    0.071001] SLUB: HWalign=64, Order=0-3, MinObjects=0, CPUs=1, Nodes=1
[    0.078984] rcu: Hierarchical RCU implementation.
[    0.079013] rcu: 	RCU restricting CPUs from NR_CPUS=512 to nr_cpu_ids=1.
[    0.079163] 	Tracing variant of Tasks RCU enabled.
[    0.079255] rcu: RCU calculated value of scheduler-enlistment delay is 10 jiffies.
[    0.079286] rcu: Adjusting geometry for rcu_fanout_leaf=16, nr_cpu_ids=1
[    0.080424] RCU Tasks Trace: Setting shift to 0 and lim to 1 rcu_task_cb_adjust=1 rcu_task_cpu_ids=1.
[    0.080553] NR_IRQS: 33024, nr_irqs: 256, preallocated irqs: 16
[    0.089407] rcu: srcu_init: Setting srcu_struct sizes based on contention.
[    0.096226] Console: colour VGA+ 80x25
[    0.096658] printk: legacy console [tty1] enabled
[    0.104523] printk: legacy console [ttyS0] enabled
[    0.357021] ACPI: Core revision 20240827
[    0.362257] clocksource: hpet: mask: 0xffffffff max_cycles: 0xffffffff, max_idle_ns: 19112604467 ns
[    0.366970] APIC: Switch to symmetric I/O mode setup
[    0.371770] ..TIMER: vector=0x30 apic1=0 pin1=2 apic2=-1 pin2=-1
[    0.414097] clocksource: tsc-early: mask: 0xffffffffffffffff max_cycles: 0x233fca61329, max_idle_ns: 440795203427 ns
[    0.414785] Calibrating delay loop (skipped), value calculated using timer frequency.. 4890.82 BogoMIPS (lpj=24454120)
[    0.416609] x86/cpu: User Mode Instruction Prevention (UMIP) activated
[    0.432242] Last level iTLB entries: 4KB 0, 2MB 0, 4MB 0
[    0.434894] Last level dTLB entries: 4KB 0, 2MB 0, 4MB 0, 1GB 0
[    0.435993] Spectre V1 : Mitigation: usercopy/swapgs barriers and __user pointer sanitization
[    0.437089] Spectre V2 : Mitigation: Retpolines
[    0.437316] Spectre V2 : Spectre v2 / SpectreRSB: Filling RSB on context switch and VMEXIT
[    0.437767] Speculative Store Bypass: Vulnerable
[    0.446666] x86/fpu: Supporting XSAVE feature 0x001: 'x87 floating point registers'
[    0.451269] x86/fpu: Supporting XSAVE feature 0x002: 'SSE registers'
[    0.451524] x86/fpu: Supporting XSAVE feature 0x004: 'AVX registers'
[    0.451767] x86/fpu: Supporting XSAVE feature 0x008: 'MPX bounds registers'
[    0.455784] x86/fpu: Supporting XSAVE feature 0x010: 'MPX CSR'
[    0.456192] x86/fpu: xstate_offset[2]:  576, xstate_sizes[2]:  256
[    0.456557] x86/fpu: xstate_offset[3]:  960, xstate_sizes[3]:   64
[    0.456775] x86/fpu: xstate_offset[4]: 1024, xstate_sizes[4]:   64
[    0.464726] x86/fpu: Enabled xstate features 0x1f, context size is 1088 bytes, using 'standard' format.
[    0.702979] Freeing SMP alternatives memory: 40K
[    0.703852] pid_max: default: 32768 minimum: 301
[    0.713289] Mount-cache hash table entries: 512 (order: 0, 4096 bytes, linear)
[    0.713869] Mountpoint-cache hash table entries: 512 (order: 0, 4096 bytes, linear)
[    0.865752] smpboot: CPU0: AMD QEMU TCG CPU version 2.5+ (family: 0x6, model: 0x6, stepping: 0x3)
[    0.901906] Performance Events: PMU not available due to virtualization, using software events only.
[    0.903405] signal: max sigframe size: 1616
[    0.905320] rcu: Hierarchical SRCU implementation.
[    0.905550] rcu: 	Max phase no-delay instances is 1000.
[    0.910433] smp: Bringing up secondary CPUs ...
[    0.915854] smp: Brought up 1 node, 1 CPU
[    0.916151] smpboot: Total of 1 processors activated (4890.82 BogoMIPS)
[    0.923010] Memory: 103200K/130540K available (14336K kernel code, 1167K rwdata, 3984K rodata, 1496K init, 1312K bss, 25628K reserved, 0K cma-reserved)
[    0.937350] clocksource: jiffies: mask: 0xffffffff max_cycles: 0xffffffff, max_idle_ns: 19112604462750000 ns
[    0.938236] futex hash table entries: 256 (order: 2, 16384 bytes, linear)
[    0.939531] pinctrl core: initialized pinctrl subsystem
[    0.959243] NET: Registered PF_NETLINK/PF_ROUTE protocol family
[    0.966867] thermal_sys: Registered thermal governor 'step_wise'
[    0.966906] thermal_sys: Registered thermal governor 'user_space'
[    0.967965] cpuidle: using governor ladder
[    0.968454] cpuidle: using governor menu
[    0.971363] acpiphp: ACPI Hot Plug PCI Controller Driver version: 0.5
[    0.974365] PCI: Using configuration type 1 for base access
[    0.984055] cryptd: max_cpu_qlen set to 1000
[    0.990406] ACPI: Added _OSI(Module Device)
[    0.990630] ACPI: Added _OSI(Processor Device)
[    0.990798] ACPI: Added _OSI(Processor Aggregator Device)
[    1.005327] ACPI: 1 ACPI AML tables successfully acquired and loaded
[    1.022330] ACPI: Interpreter enabled
[    1.023168] ACPI: PM: (supports S0 S5)
[    1.023374] ACPI: Using IOAPIC for interrupt routing
[    1.023972] PCI: Using host bridge windows from ACPI; if necessary, use "pci=nocrs" and report a bug
[    1.024322] PCI: Using E820 reservations for host bridge windows
[    1.034855] ACPI: Enabled 2 GPEs in block 00 to 0F
[    1.068322] ACPI: PCI Root Bridge [PCI0] (domain 0000 [bus 00-ff])
[    1.069275] acpi PNP0A03:00: _OSC: OS supports [ASPM ClockPM Segments MSI HPX-Type3]
[    1.069750] acpi PNP0A03:00: _OSC: not requesting OS control; OS requires [ExtendedConfig ASPM ClockPM MSI]
[    1.070600] acpi PNP0A03:00: fail to add MMCONFIG information, can't access extended configuration space under this bridge
[    1.079418] acpiphp: Slot [3] registered
[    1.079759] acpiphp: Slot [4] registered
[    1.084867] acpiphp: Slot [5] registered
[    1.085119] acpiphp: Slot [6] registered
[    1.090554] acpiphp: Slot [7] registered
[    1.092303] acpiphp: Slot [8] registered
[    1.092562] acpiphp: Slot [9] registered
[    1.092845] acpiphp: Slot [10] registered
[    1.093100] acpiphp: Slot [11] registered
[    1.093345] acpiphp: Slot [12] registered
[    1.095055] acpiphp: Slot [13] registered
[    1.095432] acpiphp: Slot [14] registered
[    1.095747] acpiphp: Slot [15] registered
[    1.096035] acpiphp: Slot [16] registered
[    1.096282] acpiphp: Slot [17] registered
[    1.096535] acpiphp: Slot [18] registered
[    1.105080] acpiphp: Slot [19] registered
[    1.105467] acpiphp: Slot [20] registered
[    1.105811] acpiphp: Slot [21] registered
[    1.106064] acpiphp: Slot [22] registered
[    1.106311] acpiphp: Slot [23] registered
[    1.106563] acpiphp: Slot [24] registered
[    1.114875] acpiphp: Slot [25] registered
[    1.124346] acpiphp: Slot [26] registered
[    1.124938] acpiphp: Slot [27] registered
[    1.125204] acpiphp: Slot [28] registered
[    1.125465] acpiphp: Slot [29] registered
[    1.125765] acpiphp: Slot [30] registered
[    1.126017] acpiphp: Slot [31] registered
[    1.135312] PCI host bridge to bus 0000:00
[    1.135881] pci_bus 0000:00: root bus resource [io  0x0000-0x0cf7 window]
[    1.136291] pci_bus 0000:00: root bus resource [io  0x0d00-0xffff window]
[    1.136522] pci_bus 0000:00: root bus resource [mem 0x000a0000-0x000bffff window]
[    1.144927] pci_bus 0000:00: root bus resource [mem 0x08000000-0xfebfffff window]
[    1.145344] pci_bus 0000:00: root bus resource [mem 0x100000000-0x17fffffff window]
[    1.145842] pci_bus 0000:00: root bus resource [bus 00-ff]
[    1.147450] pci 0000:00:00.0: [8086:1237] type 00 class 0x060000 conventional PCI endpoint
[    1.158847] pci 0000:00:01.0: [8086:7000] type 00 class 0x060100 conventional PCI endpoint
[    1.159787] pci 0000:00:01.1: [8086:7010] type 00 class 0x010180 conventional PCI endpoint
[    1.165829] pci 0000:00:01.1: BAR 4 [io  0xc0e0-0xc0ef]
[    1.170048] pci 0000:00:01.1: BAR 0 [io  0x01f0-0x01f7]: legacy IDE quirk
[    1.170355] pci 0000:00:01.1: BAR 1 [io  0x03f6]: legacy IDE quirk
[    1.170664] pci 0000:00:01.1: BAR 2 [io  0x0170-0x0177]: legacy IDE quirk
[    1.170914] pci 0000:00:01.1: BAR 3 [io  0x0376]: legacy IDE quirk
[    1.175925] pci 0000:00:01.3: [8086:7113] type 00 class 0x068000 conventional PCI endpoint
[    1.176625] pci 0000:00:01.3: quirk: [io  0x0600-0x063f] claimed by PIIX4 ACPI
[    1.176929] pci 0000:00:01.3: quirk: [io  0x0700-0x070f] claimed by PIIX4 SMB
[    1.185646] pci 0000:00:02.0: [1234:1111] type 00 class 0x030000 conventional PCI endpoint
[    1.186505] pci 0000:00:02.0: BAR 0 [mem 0xfd000000-0xfdffffff pref]
[    1.188018] pci 0000:00:02.0: BAR 2 [mem 0xfeb90000-0xfeb90fff]
[    1.196908] pci 0000:00:02.0: ROM [mem 0xfeb80000-0xfeb8ffff pref]
[    1.202291] pci 0000:00:02.0: Video device with shadowed ROM at [mem 0x000c0000-0x000dffff]
[    1.203527] pci 0000:00:03.0: [1af4:1000] type 00 class 0x020000 conventional PCI endpoint
[    1.204712] pci 0000:00:03.0: BAR 0 [io  0xc080-0xc09f]
[    1.215494] pci 0000:00:03.0: BAR 4 [mem 0xfe000000-0xfe003fff 64bit pref]
[    1.216845] pci 0000:00:03.0: ROM [mem 0xfea80000-0xfeafffff pref]
[    1.222021] pci 0000:00:04.0: [1af4:1005] type 00 class 0x00ff00 conventional PCI endpoint
[    1.223053] pci 0000:00:04.0: BAR 0 [io  0xc0a0-0xc0bf]
[    1.225616] pci 0000:00:04.0: BAR 1 [mem 0xfeb91000-0xfeb91fff]
[    1.228121] pci 0000:00:04.0: BAR 4 [mem 0xfe004000-0xfe007fff 64bit pref]
[    1.235928] pci 0000:00:05.0: [1af4:1000] type 00 class 0x020000 conventional PCI endpoint
[    1.238499] pci 0000:00:05.0: BAR 0 [io  0xc0c0-0xc0df]
[    1.239678] pci 0000:00:05.0: BAR 1 [mem 0xfeb92000-0xfeb92fff]
[    1.241644] pci 0000:00:05.0: BAR 4 [mem 0xfe008000-0xfe00bfff 64bit pref]
[    1.242641] pci 0000:00:05.0: ROM [mem 0xfeb00000-0xfeb7ffff pref]
[    1.246525] pci 0000:00:06.0: [1af4:1001] type 00 class 0x010000 conventional PCI endpoint
[    1.251140] pci 0000:00:06.0: BAR 0 [io  0xc000-0xc07f]
[    1.251954] pci 0000:00:06.0: BAR 1 [mem 0xfeb93000-0xfeb93fff]
[    1.253901] pci 0000:00:06.0: BAR 4 [mem 0xfe00c000-0xfe00ffff 64bit pref]
[    1.270114] ACPI: PCI: Interrupt link LNKA configured for IRQ 10
[    1.270984] ACPI: PCI: Interrupt link LNKB configured for IRQ 10
[    1.271976] ACPI: PCI: Interrupt link LNKC configured for IRQ 11
[    1.272635] ACPI: PCI: Interrupt link LNKD configured for IRQ 11
[    1.273083] ACPI: PCI: Interrupt link LNKS configured for IRQ 9
[    1.276455] iommu: Default domain type: Translated
[    1.276702] iommu: DMA domain TLB invalidation policy: lazy mode
[    1.285425] SCSI subsystem initialized
[    1.286492] ACPI: bus type USB registered
[    1.287036] usbcore: registered new interface driver usbfs
[    1.287507] usbcore: registered new interface driver hub
[    1.287877] usbcore: registered new device driver usb
[    1.294234] pps_core: LinuxPPS API ver. 1 registered
[    1.294473] pps_core: Software ver. 5.3.6 - Copyright 2005-2007 Rodolfo Giometti <giometti@linux.it>
[    1.294871] PTP clock support registered
[    1.306400] PCI: Using ACPI for IRQ routing
[    1.308761] hpet0: at MMIO 0xfed00000, IRQs 2, 8, 0
[    1.309034] hpet0: 3 comparators, 64-bit 100.000000 MHz counter
[    1.314568] clocksource: Switched to clocksource tsc-early
[    1.314568] pnp: PnP ACPI init
[    1.314568] pnp: PnP ACPI: found 6 devices
[    1.327176] clocksource: acpi_pm: mask: 0xffffff max_cycles: 0xffffff, max_idle_ns: 2085701024 ns
[    1.328620] NET: Registered PF_INET protocol family
[    1.329828] IP idents hash table entries: 2048 (order: 2, 16384 bytes, linear)
[    1.335201] tcp_listen_portaddr_hash hash table entries: 256 (order: 0, 4096 bytes, linear)
[    1.338156] Table-perturb hash table entries: 65536 (order: 6, 262144 bytes, linear)
[    1.338589] TCP established hash table entries: 1024 (order: 1, 8192 bytes, linear)
[    1.339055] TCP bind hash table entries: 1024 (order: 3, 32768 bytes, linear)
[    1.349002] TCP: Hash tables configured (established 1024 bind 1024)
[    1.350922] MPTCP token hash table entries: 256 (order: 1, 6144 bytes, linear)
[    1.351461] UDP hash table entries: 256 (order: 1, 8192 bytes, linear)
[    1.351884] UDP-Lite hash table entries: 256 (order: 1, 8192 bytes, linear)
[    1.361504] NET: Registered PF_UNIX/PF_LOCAL protocol family
[    1.362681] pci_bus 0000:00: resource 4 [io  0x0000-0x0cf7 window]
[    1.362921] pci_bus 0000:00: resource 5 [io  0x0d00-0xffff window]
[    1.363154] pci_bus 0000:00: resource 6 [mem 0x000a0000-0x000bffff window]
[    1.370977] pci_bus 0000:00: resource 7 [mem 0x08000000-0xfebfffff window]
[    1.371374] pci_bus 0000:00: resource 8 [mem 0x100000000-0x17fffffff window]
[    1.372199] pci 0000:00:01.0: PIIX3: Enabling Passive Release
[    1.372521] pci 0000:00:00.0: Limiting direct PCI/PCI transfers
[    1.382338] PCI: CLS 0 bytes, default 64
[    1.402892] workingset: timestamp_bits=46 max_order=15 bucket_order=0
[    1.405527] squashfs: version 4.0 (2009/01/31) Phillip Lougher
[    1.408332] Block layer SCSI generic (bsg) driver version 0.4 loaded (major 247)
[    1.412034] hv_vmbus: registering driver hyperv_fb
[    1.417352] input: Power Button as /devices/LNXSYSTM:00/LNXPWRBN:00/input/input0
[    1.426504] ACPI: button: Power Button [PWRF]
[    1.585697] ACPI: \_SB_.LNKC: Enabled at IRQ 11
[    1.742071] ACPI: \_SB_.LNKD: Enabled at IRQ 10
[    1.892361] ACPI: \_SB_.LNKA: Enabled at IRQ 10
[    2.042736] ACPI: \_SB_.LNKB: Enabled at IRQ 11
[    2.044696] Serial: 8250/16550 driver, 16 ports, IRQ sharing enabled
[    2.069788] 00:04: ttyS0 at I/O 0x3f8 (irq = 4, base_baud = 115200) is a 16550A
[    2.096877] Non-volatile memory driver v1.3
[    2.108113] Linux agpgart interface v0.103
[    2.109190] ACPI: bus type drm_connector registered
[    2.111972] [drm] Found bochs VGA, ID 0xb0c5.
[    2.112202] [drm] Framebuffer size 16384 kB @ 0xfd000000, mmio @ 0xfeb90000.
[    2.119539] [drm] Found EDID data blob.
[    2.125111] [drm] Initialized bochs-drm 1.0.0 for 0000:00:02.0 on minor 0
[    2.193426] Console: switching to colour frame buffer device 160x50
[    2.202736] bochs-drm 0000:00:02.0: [drm] fb0: bochs-drmdrmfb frame buffer device
[    2.238638] loop: module loaded
[    2.239371] virtio_blk virtio3: 1/0/0 default/read/poll queues
[    2.244123] virtio_blk virtio3: [vda] 246784 512-byte logical blocks (126 MB/121 MiB)
[    2.253676]  vda: vda1 vda2
[    2.255828] Guest personality initialized and is inactive
[    2.256454] VMCI host device registered (name=vmci, major=10, minor=256)
[    2.256716] Initialized host personality
[    2.257175] usbcore: registered new interface driver rtsx_usb
[    2.265451] VMware PVSCSI driver - version 1.0.7.0-k
[    2.265830] hv_vmbus: registering driver hv_storvsc
[    2.282102] scsi host0: ata_piix
[    2.284643] scsi host1: ata_piix
[    2.285683] ata1: PATA max MWDMA2 cmd 0x1f0 ctl 0x3f6 bmdma 0xc0e0 irq 14 lpm-pol 0
[    2.286002] ata2: PATA max MWDMA2 cmd 0x170 ctl 0x376 bmdma 0xc0e8 irq 15 lpm-pol 0
[    2.295534] VMware vmxnet3 virtual NIC driver - version 1.9.0.0-k-NAPI
[    2.296158] hv_vmbus: registering driver hv_netvsc
[    2.296539] Fusion MPT base driver 3.04.20
[    2.296703] Copyright (c) 1999-2008 LSI Corporation
[    2.297086] Fusion MPT SPI Host driver 3.04.20
[    2.306605] Fusion MPT SAS Host driver 3.04.20
[    2.308773] usbcore: registered new interface driver usb-storage
[    2.310041] i8042: PNP: PS/2 Controller [PNP0303:KBD,PNP0f13:MOU] at 0x60,0x64 irq 1,12
[    2.313335] serio: i8042 KBD port at 0x60,0x64 irq 1
[    2.313709] serio: i8042 AUX port at 0x60,0x64 irq 12
[    2.320498] hv_vmbus: registering driver hyperv_keyboard
[    2.322940] rtc_cmos 00:05: RTC can wake from S4
[    2.328176] rtc_cmos 00:05: registered as rtc0
[    2.330898] rtc_cmos 00:05: setting system clock to 2026-04-19T03:43:05 UTC (1776570185)
[    2.333334] rtc_cmos 00:05: alarms up to one day, y3k, 242 bytes nvram, hpet irqs
[    2.336125] intel_powerclamp: CPU does not support MWAIT
[    2.341492] amd_pstate: the _CPC object is not present in SBIOS or ACPI disabled
[    2.344000] sdhci: Secure Digital Host Controller Interface driver
[    2.346073] sdhci: Copyright(c) Pierre Ossman
[    2.348424] VUB300 Driver rom wait states = 1C irqpoll timeout = 0400
[    2.355050] input: AT Translated Set 2 keyboard as /devices/platform/i8042/serio0/input/input1
[    2.378478] usbcore: registered new interface driver vub300
[    2.380709] usbcore: registered new interface driver ushc
[    2.388963] hid: raw HID events driver (C) Jiri Kosina
[    2.391556] hv_vmbus: registering driver hid_hyperv
[    2.394246] usbcore: registered new interface driver usbhid
[    2.396384] usbhid: USB HID core driver
[    2.398489] hv_utils: Registering HyperV Utility Driver
[    2.401886] hv_vmbus: registering driver hv_utils
[    2.403853] hv_vmbus: registering driver hv_balloon
[    2.407310] NET: Registered PF_INET6 protocol family
[    2.422094] Segment Routing with IPv6
[    2.424258] In-situ OAM (IOAM) with IPv6
[    2.426805] NET: Registered PF_PACKET protocol family
[    2.429271] bridge: filtering via arp/ip/ip6tables is no longer available by default. Update your scripts to load br_netfilter if you need this.
[    2.438418] tsc: Refined TSC clocksource calibration: 2445.420 MHz
[    2.440792] clocksource: tsc: mask: 0xffffffffffffffff max_cycles: 0x233fd1f69e2, max_idle_ns: 440795278869 ns
[    2.443607] clocksource: Switched to clocksource tsc
[    2.450125] 8021q: 802.1Q VLAN Support v1.8
[    2.452701] NET: Registered PF_VSOCK protocol family
[    2.461862] IPI shorthand broadcast: enabled
[    2.468605] AES CTR mode by8 optimization enabled
[    2.490065] sched_clock: Marking stable (2220091493, 264737360)->(2494383458, -9554605)
[    2.525467] ata2: found unknown device (class 0)
[    2.555727] ata2.00: ATAPI: QEMU DVD-ROM, 2.5+, max UDMA/100
[    2.593313] scsi 1:0:0:0: CD-ROM            QEMU     QEMU DVD-ROM     2.5+ PQ: 0 ANSI: 5
[    2.606789] clk: Disabling unused clocks
[    2.646754] sr 1:0:0:0: [sr0] scsi3-mmc drive: 4x/4x cd/rw xa/form2 tray
[    2.649402] cdrom: Uniform CD-ROM driver Revision: 3.20
[    2.706625] VFS: Mounted root (squashfs filesystem) readonly on device 254:2.
[    2.777011] Freeing unused kernel image (initmem) memory: 1496K
[    2.779529] Write protecting the kernel read-only data: 18432k
[    2.782706] Freeing unused kernel image (rodata/data gap) memory: 112K
[    2.785382] Run /sbin/init as init process
[    3.104273] init: Console is alive
[    3.813317] kmodloader: loading kernel modules from /etc/modules-boot.d/*
[    3.894786] button_hotplug: loading out-of-tree module taints kernel.
[    3.901979] Button Hotplug driver version 0.4.1
[    3.923045] Intel(R) 2.5G Ethernet Linux Driver
[    3.925600] Copyright(c) 2018 Intel Corporation.
[    3.941517] igb: Intel(R) Gigabit Ethernet Network Driver
[    3.943973] igb: Copyright (c) 2007-2014 Intel Corporation.
[    3.961477] e1000e: Intel(R) PRO/1000 Network Driver
[    3.963905] e1000e: Copyright(c) 1999 - 2015 Intel Corporation.
[    3.978735] kmodloader: done loading kernel modules from /etc/modules-boot.d/*
[    3.998486] init: - preinit -
[    5.011270] 8021q: adding VLAN 0 to HW filter on device eth0
Press the [f] key and hit [enter] to enter failsafe mode
Press the [1], [2], [3] or [4] key and hit [enter] to select the debug level

[    9.618705] loop0: detected capacity change from 0 to 212992
[    9.675205] loop0: detected capacity change from 212992 to 199680
[    9.689467] mount_root: overlay filesystem in /dev/loop0 has not been formatted yet
[   10.051567] EXT4-fs (loop0): mounted filesystem 7550c19a-70f9-45c3-ab52-5a6cd7330f78 r/w with ordered data mode. Quota mode: disabled.
[   10.065718] mount_root: overlay filesystem has not been fully initialized yet
[   10.083885] mount_root: switching to ext4 overlay
[   10.105628] overlayfs: null uuid detected in lower fs '/', falling back to xino=off,index=off,nfs_export=off.
[   10.854199] EXT4-fs (vda1): mounted filesystem 84173db5-fa99-e35a-95c6-28613cc79ea9 r/w without journal. Quota mode: disabled.
[   10.878868] urandom-seed: Seed file not found (/etc/urandom.seed)
[   11.030287] procd: - early -
[   11.783820] procd: - ubus -
[   11.965208] procd: - init -
Please press Enter to activate this console.
root
login[1052]: root login on 'ttyS0'


BusyBox v1.37.0 (2026-04-18 07:21:00 UTC) built-in shell (ash)

  _______                     ________        __
 |       |.-----.-----.-----.|  |  |  |.----.|  |_
 |   -   ||  _  |  -__|     ||  |  |  ||   _||   _|
 |_______||   __|_____|__|__||________||__|  |____|
          |__| W I R E L E S S   F R E E D O M
 -----------------------------------------------------
 OpenWrt SNAPSHOT, r34041-a37270225e
 -----------------------------------------------------

 === WARNING! =====================================
 There is no root password defined on this device!
 Use the "passwd" command to set up a new password
 in order to prevent unauthorized SSH logins.
 --------------------------------------------------

  ___   __ __                _______             __
 |   |_|__|  |--.----.-----.|   |   |-----.-----|  |--.
 |     |  |  _  |   _|  -__||       |  -__|__ --|     |
 |_____|__|_____|__| |_____||__|_|__|_____|_____|__|__|

 ------------------------------------------------------
 LiMe master development (master rev. aebe482 20260416_0843)
 ------------------------------------------------------
 https://libremesh.org
 ------------------------------------------------------
root@(none):~# dmesg -n 1
root@(none):~# echo 'WZTC''HMXYOE'
WZTCHMXYOE
root@LiMe-123456:~# run() { echo -n "$MARKER"; sh -c "$@"; echo "$MARKER $?"; }
root@LiMe-123456:~# echo 'NLJV''ZZPPCW'
NLJVZZPPCW
root@LiMe-123456:~# MARKER='UCZO''JTVECS' run 'ubus wait_for network.interface.l
an'
UCZOJTVECSUCZOJTVECS 0
root@LiMe-123456:~# echo 'SWJU''THJPZY'
SWJUTHJPZY
root@LiMe-123456:~# MARKER='WNBT''ZAENEA' run 'ubus call network.interface.lan s
tatus '"'"'{}'"'"''
WNBTZAENEA{
	"up": true,
	"pending": false,
	"available": true,
	"autostart": true,
	"dynamic": false,
	"uptime": 1,
	"l3_device": "br-lan",
	"proto": "static",
	"device": "br-lan",
	"updated": [
		"addresses"
	],
	"metric": 0,
	"dns_metric": 0,
	"delegation": true,
	"ipv4-address": [
		{
			"address": "10.13.52.86",
			"mask": 16
		}
	],
	"ipv6-address": [
		{
			"address": "fd0d:fe46:8ce8::12:3456",
			"mask": 64
		}
	],
	"ipv6-prefix": [
		
	],
	"ipv6-prefix-assignment": [
		
	],
	"route": [
		
	],
	"dns-server": [
		
	],
	"dns-search": [
		
	],
	"neighbors": [
		
	],
	"inactive": {
		"ipv4-address": [
			
		],
		"ipv6-address": [
			
		],
		"route": [
			
		],
		"dns-server": [
			
		],
		"dns-search": [
			
		],
		"neighbors": [
			
		]
	},
	"data": {
		
	}
}
WNBTZAENEA 0
root@LiMe-123456:~# echo 'KYCB''XUAQCO'
KYCBXUAQCO
root@LiMe-123456:~# MARKER='MNMG''JXJBOH' run true
MNMGJXJBOHMNMGJXJBOH 0
root@LiMe-123456:~# echo 'AKVU''SHTOGV'
AKVUSHTOGV
root@LiMe-123456:~# MARKER='ZYET''JABGNW' run 'source /etc/os-release; echo $BUI
LD_ID'
ZYETJABGNWr34041-a37270225e
ZYETJABGNW 0
root@LiMe-123456:~# echo 'MBSX''TQSGOK'
MBSXTQSGOK
root@LiMe-123456:~# MARKER='NMHX''GLFNFJ' run 'ls /etc/dropbear/dropbear_rsa_hos
t_key'
NMHXGLFNFJ[0;0m/etc/dropbear/dropbear_rsa_host_key[m
NMHXGLFNFJ 0
root@LiMe-123456:~# echo 'OYCT''YGPBOA'
OYCTYGPBOA
root@LiMe-123456:~# MARKER='OTBJ''TOEXMW' run 'netstat -tlpn | grep 0.0.0.0:22'
OTBJTOEXMWtcp        0      0 0.0.0.0:22              0.0.0.0:*               LISTEN      2152/dropbear
OTBJTOEXMW 0
root@LiMe-123456:~# echo 'SQAV''QOEOXG'
SQAVQOEOXG
root@LiMe-123456:~# MARKER='GBUJ''TPLTAU' run 'dmesg | grep br-lan | grep forwar
ding'
GBUJTPLTAU[   51.765551] br-lan: port 1(eth0) entered forwarding state
[   54.993683] br-lan: port 2(bat0) entered forwarding state
GBUJTPLTAU 0
root@LiMe-123456:~# echo 'YBGK''WMMGAS'
YBGKWMMGAS
root@LiMe-123456:~# MARKER='ZNUS''UFPYUK' run 'ubus call network.interface.lan s
tatus '"'"'{}'"'"''
ZNUSUFPYUK{
	"up": true,
	"pending": false,
	"available": true,
	"autostart": true,
	"dynamic": false,
	"uptime": 42,
	"l3_device": "br-lan",
	"proto": "static",
	"device": "br-lan",
	"updated": [
		"addresses"
	],
	"metric": 0,
	"dns_metric": 0,
	"delegation": true,
	"ipv4-address": [
		{
			"address": "10.13.52.86",
			"mask": 16
		}
	],
	"ipv6-address": [
		{
			"address": "fd0d:fe46:8ce8::12:3456",
			"mask": 64
		}
	],
	"ipv6-prefix": [
		
	],
	"ipv6-prefix-assignment": [
		
	],
	"route": [
		
	],
	"dns-server": [
		
	],
	"dns-search": [
		
	],
	"neighbors": [
		
	],
	"inactive": {
		"ipv4-address": [
			
		],
		"ipv6-address": [
			
		],
		"route": [
			
		],
		"dns-server": [
			
		],
		"dns-search": [
			
		],
		"neighbors": [
			
		]
	},
	"data": {
		
	}
}
ZNUSUFPYUK 0
root@LiMe-123456