Labgrid Console Logfile for main
Logfile started at 2026-04-29 03:53:01.459065
=== Log starts here ===
c[?7l[2J[0mSeaBIOS (version 1.16.3-debian-1.16.3-2)


iPXE (https://ipxe.org) 00:03.0 CA00 PCI2.10 PnP PMM+06FCAE70+06F0AE70 CA00
Press Ctrl-B to configure iPXE (PCI 00:03.0)...                                                                               




iPXE (https://ipxe.org) 00:05.0 CB00 PCI2.10 PnP PMM 06FCAE70 06F0AE70 CB00
Press Ctrl-B to configure iPXE (PCI 00:05.0)...                                                                               


Booting from Hard Disk...
GRUB loading.....
[0;30;47mWelcome to GRUB![01;01H[0m[2J[H[J[1;1H[?25l[m[H[J[1;1H[2;30HGNU GRUB  version 2.12

[m[4;2H+----------------------------------------------------------------------------+[5;2H|[5;79H|[6;2H|[6;79H|[7;2H|[7;79H|[8;2H|[8;79H|[9;2H|[9;79H|[10;2H|[10;79H|[11;2H|[11;79H|[12;2H|[12;79H|[13;2H|[13;79H|[14;2H|[14;79H|[15;2H|[15;79H|[16;2H+----------------------------------------------------------------------------+[m[17;2H[18;2H[m     Use the ^ and v keys to select which entry is highlighted.          
      Press enter to boot the selected OS, `e' to edit the commands       
      before booting or `c' for a command-line. ESC to return             
      previous menu.                                                      [5;80H [7m[5;3H*OpenWrt                                                                    [m[5;78H[m[m[6;3H OpenWrt (failsafe)                                                         [m[6;78H[m[m[7;3H                                                                            [m[7;78H[m[m[8;3H                                                                            [m[8;78H[m[m[9;3H                                                                            [m[9;78H[m[m[10;3H                                                                            [m[10;78H[m[m[11;3H                                                                            [m[11;78H[m[m[12;3H                                                                            [m[12;78H[m[m[13;3H                                                                            [m[13;78H[m[m[14;3H                                                                            [m[14;78H[m[m[15;3H                                                                            [m[15;78H[m[15;80H [5;78H[2J[02;30HGNU GRUB  version 2.12[04;02H┌──────────────────────────────────────────────[04;48H[04;49H──────────────────────────────┐[05;02H│[05;79H│[06;02H│[06;79H│[07;02H│[07;79H│[08;02H│[08;79H│[09;02H│[09;79H│[10;02H│[10;79H│[11;02H│[11;79H│[12;02H│[12;79H│[13;02H│[13;79H│[14;02H│[14;79H│[15;02H│[15;79H│[16;02H│[16;79H│[17;02H└────────────────────────────────────────────────────────────────────────────┘[19;02H     Use the ↑ and ↓ keys to select which entry is highlighted.          
      Press enter to boot the selected OS, `e' to edit the commands       
      before booting or `c' for a command-line. ESC to return             
      previous menu.                                                      [05;80H [05;03H[0;30;47m*OpenWrt                                                                    [06;03H[0m OpenWrt (failsafe)                                                         [07;03H                                   [07;37H[07;38H                                         [08;03H                                                                            [09;03H                                                                            [10;03H                                                                            [11;03H                                                                            [12;03H                                                                            [13;03H                                                                            [14;03H                                                                            [15;03H                                                                [15;66H[15;67H            [16;03H                                                                            [16;80H 






   The highlighted entry will be executed automatically in 5s.     [23;67H[23;68H           [22;1H   The highlighted entry will be executed automatically in 5s.                 [5;78H [05;78H

















   The highlighted entry will be e[23;34H[23;35Hxecuted automatically in 4s.                [22;1H   The highlighted entry will be executed automatically in 4s.                 [5;78H [05;78H

















 [23;02H  The highlighted entry will be executed automatically in 3s.                [22;1H   The highlighted entry will be executed automatically in 3s.                 [5;78H [05;78H

















   The highlighted entry will be executed automatically in 2s.                [22;1H   The highlighted entry will be executed automatically in 2s.                 [5;78H [05;78H

















   The highlighted entry will be executed automatically in 1s.                [22;1H   The highlighted entry will be executed automatically in 1s.                 [5;78H [05;78H

















   The highlighted entry will be executed automatically in 0s.                [22;1H   The highlighted entry will be executed automatically in 0s.                 [5;78H [01;01H[2J[?25h[H[J[1;1H[H[J[1;1H[2J   Booting `OpenWrt' Booting `OpenWrt

'

[    0.000000] Linux version 6.18.21 (builder@buildhost) (x86_64-openwrt-linux-musl-gcc (OpenWrt GCC 14.3.0 r34210-1b9922d5e8) 14.3.0, GNU ld (GNU Binutils) 2.44) #0 SMP Tue Apr 28 18:09:03 2026
[    0.000000] Command line: BOOT_IMAGE=/boot/vmlinuz root=PARTUUID=f956390c-02 roonoinitrd
[    0.000000] BIOS-provided physical RAM map:
[    0.000000] BIOS-e820: [mem 0x0000000000000000-0x000000000009fbff] usable
[    0.000000] BIOS-e820: [mem 0x000000000009fc00-0x000000000009ffff] reserved
[    0.000000] BIOS-e820: [mem 0x00000000000f0000-0x00000000000fem 0x0000000000100000-0x0000000007fdcfff] usable
[    0.000000] BIOS-e820: [mem 0x0000000007fdd000-0x0000000007ffffff] reserved
[    0.000000] BIOS-e820: [mem 0x00000000fffc0000-0x00000000ffffffff] reserved
[    0.000000] BIOS-e820: [mem 0x000000fd00000000-0x000000ffffffffff]  protection: active
[    0.000000] APIC: Static calls initialized
[    0.000000] SMBIOS 3.0.0 present.
[    0.000000] DMI: QEMU Standard PC (i440FX + PIIX, 1996), BIOS 1.16.3-debian-1.16.3-2 04/01/2014
[    0.000000] DMI: Memory slots populated: 1/1
[    0.000000] tsc: Fast sc: Detected 2445.431 MHz processor
[    0.008831] last_pfn = 0x7fdd max_arch_pfn = 0x10000000000
[    0.009463] MTRR map: 4 entries (3 fixed + 1 variable; max 19), built from 8 variable MTRRs
[    0.009638] x86/PAT: Configuration [0-7]: WB  WC  UC- UC  WB  WP  UC- WT  
[    0-0x000f546f]
[    0.032826] Using GB pages for direct mapping
[    0.037420] ACPI: Early table checksum verification disabled
[    0.037771] ACPI: RSDP 0x00000000000F5290 000014 (v00 BOCHS )
[    0.038071] ACPI: RSDT 0x0000000007FE1C64 000034 (v01 BOCHS  BXPC     00000001 BX00000007FE1B18 000074 (v01 BOCHS  BXPC     00000001 BXPC 00000001)
[    0.039205] ACPI: DSDT 0x0000000007FE0040 001AD8 (v01 BOCHS  BXPC     00000001 BXPC 00000001)
[    0.039292] ACPI: FACS 0x0000000007FE0000 000040
[    0.039346] ACPI: APIC 0x0000000007FE1B8C 000078 (v03 BOCH039369] ACPI: HPET 0x0000000007FE1C04 000038 (v01 BOCHS  BXPC     00000001 BXPC 00000001)
[    0.039390] ACPI: WAET 0x0000000007FE1C3C 000028 (v01 BOCHS  BXPC     00000001 BXPC 00000001)
[    0.039465] ACPI: Reserving FACP table memory at [mem 0x7fe1b18-0x7fe1b8b]
[    0.039490x7fe0040-0x7fe1b17]
[    0.039507] ACPI: Reserving FACS table memory at [mem 0x7fe0000-0x7fe003f]
[    0.039513] ACPI: Reserving APIC table memory at [mem 0x7fe1b8c-0x7fe1c03]
[    0.039519] ACPI: Reserving HPET table memory at [mem 0x7fe1c04-0x7fe1c3b]
[    0.039525] ACPI: -0x7fe1c63]
[    0.062876] Zone ranges:
[    0.062909]   DMA      [mem 0x0000000000001000-0x0000000000ffffff]
[    0.062988]   DMA32    [mem 0x0000000001000000-0x0000000007fdcfff]
[    0.062999]   Normal   empty
[    0.063019] Movable zone start for each node
[    0.063052]node   0: [mem 0x0000000000001000-0x000000000009efff]
[    0.063241]   node   0: [mem 0x0000000000100000-0x0000000007fdcfff]
[    0.063384] Initmem setup node 0 [mem 0x0000000000001000-0x0000000007fdcfff]
[    0.064479] On node 0, zone DMA: 1 pages in unavailable ranges
[    vailable ranges
[    0.066309] On node 0, zone DMA32: 35 pages in unavailable ranges
[    0.066700] ACPI: PM-Timer IO Port: 0x608
[    0.067119] ACPI: LAPIC_NMI (acpi_id[0xff] dfl dfl lint[0x1])
[    0.067563] IOAPIC[0]: apic_id 0, version 32, address 0xfec00000, GSI 0-23
[    0.067684] ACPdfl dfl)
[    0.067939] ACPI: INT_SRC_OVR (bus 0 bus_irq 5 global_irq 5 high level)
[    0.067996] ACPI: INT_SRC_OVR (bus 0 bus_irq 9 global_irq 9 high level)
[    0.068092] ACPI: INT_SRC_OVR (bus 0 bus_irq 10 global_irq 10 high level)
[    0.068102] ACPI: INT_SRC_OVR (bus 0 .068310] ACPI: Using ACPI (MADT) for SMP configuration information
[    0.068357] ACPI: HPET id: 0x8086a201 base: 0xfed00000
[    0.068705] CPU topo: Max. logical packages:   1
[    0.068717] CPU topo: Max. logical dies:       1
[    0.068726] CPU topo: Max. dies per package:per core:   1
[    0.068930] CPU topo: Num. cores per package:     1
[    0.068946] CPU topo: Num. threads per package:   1
[    0.068955] CPU topo: Allowing 1 present CPUs plus 0 hotplug CPUs
[    0.069777] [mem 0x08000000-0xfffbffff] available for PCI devices
[    0.069840ware
[    0.070155] clocksource: refined-jiffies: mask: 0xffffffff max_cycles: 0xffffffff, max_idle_ns: 19112604462750000 ns
[    0.070664] setup_percpu: NR_CPUS:512 nr_cpumask_bits:1 nr_cpu_ids:1 nr_node_ids:1
[    0.072472] percpu: Embedded 46 pages/cpu s150552 r8192 d29672 : BOOT_IMAGE=/boot/vmlinuz root=PARTUUID=f956390c-02 rootwait console=tty1 console=ttyS0,115200n8 noinitrd
[    0.075998] random: crng init done
[    0.076080] printk: log buffer data + meta data: 131072 + 458752 = 589824 bytes
[    0.076344] Dentry cache hash table entries: 1 0.076452] Inode-cache hash table entries: 8192 (order: 4, 65536 bytes, linear)
[    0.078881] Built 1 zonelists, mobility grouping on.  Total pages: 32635
[    0.079106] mem auto-init: stack:off, heap alloc:off, heap free:off
[    0.088400] SLUB: HWalign=64, Order=0-3, MinObjects=0rchical RCU implementation.
[    0.096914] rcu: 	RCU restricting CPUs from NR_CPUS=512 to nr_cpu_ids=1.
[    0.097059] 	Tracing variant of Tasks RCU enabled.
[    0.097151] rcu: RCU calculated value of scheduler-enlistment delay is 10 jiffies.
[    0.097201] rcu: Adjusting ge
[    0.098349] RCU Tasks Trace: Setting shift to 0 and lim to 1 rcu_task_cb_adjust=1 rcu_task_cpu_ids=1.
[    0.098647] NR_IRQS: 33024, nr_irqs: 256, preallocated irqs: 16
[    0.108100] rcu: srcu_init: Setting srcu_struct sizes based on contention.
[    0.115340] Console: cocy console [tty1] enabled
[    0.123930] printk: legacy console [ttyS0] enabled
[    0.345071] ACPI: Core revision 20250807
[    0.350453] clocksource: hpet: mask: 0xffffffff max_cycles: 0xffffffff, max_idle_ns: 19112604467 ns
[    0.355029] APIC: Switch to symmetric I/O mode setup
[    0.359679] ..TIMER: vector=0x30 apic1=0 pin1=2 apic2=-1 pin2=-1
[    0.402246] clocksource: tsc-early: mask: 0xffffffffffffffff max_cycles: 0x233fdc46f83, max_idle_ns: 440795225539 ns
[    0.403070] Calibrating delay loop (skipped), value calculated using timer frequency.. 4890.86 BogoMIPS (lpj=24454310)
[    0.404910] x86/cpu: User Mode In (UMIP) activated
[    0.419294] Last level iTLB entries: 4KB 0, 2MB 0, 4MB 0
[    0.419617] Last level dTLB entries: 4KB 0, 2MB 0, 4MB 0, 1GB 0
[    0.423143] mitigations: Enabled attack vectors: user_kernel, user_user, guest_host, guest_guest, SMT mitigations: auto
[    0.424363] Speculative Store Bypass: Vulnerable
[    0.424942] Spectre V2 : Mitigation: Retpolines
[    0.425481] Spectre V1 : Mitigation: usercopy/swapgs barriers and __user pointer sanitization
[    0.425922] Spectre V2 : Spectre v2 / SpectreRSB: Filling RSB on context switch and VMEXIT
[    0.428993] x8ng XSAVE feature 0x001: 'x87 floating point registers'
[    0.435322] x86/fpu: Supporting XSAVE feature 0x002: 'SSE registers'
[    0.435587] x86/fpu: Supporting XSAVE feature 0x004: 'AVX registers'
[    0.435830] x86/fpu: Supporting XSAVE feature 0x008: 'MPX bounds registers': Supporting XSAVE feature 0x010: 'MPX CSR'
[    0.443255] x86/fpu: xstate_offset[2]:  576, xstate_sizes[2]:  256
[    0.443719] x86/fpu: xstate_offset[3]:  960, xstate_sizes[3]:   64
[    0.443942] x86/fpu: xstate_offset[4]: 1024, xstate_sizes[4]:   64
[    0.444190] x86/fpuize is 1088 bytes, using 'standard' format.
[    0.844875] Freeing SMP alternatives memory: 48K
[    0.846276] pid_max: default: 32768 minimum: 301
[    0.856689] Mount-cache hash table entries: 512 (order: 0, 4096 bytes, linear)
[    0.857111] Mountpoint-cache hash table entries: 512 (order: 0, 4096 bytes, linear)
[    1.008816] smpboot: CPU0: AMD QEMU TCG CPU version 2.5+ (family: 0x6, model: 0x6, stepping: 0x3)
[    1.013971] Performance Events: PMU not available due to virtualization, using software events only.
[    1.015682] signal: max sigframe size: 1616
[    1.017358] rcu: Hierarchical SRCU implementation.
[    1.017611] rcu: 	Max phase no-delay instances is 1000.
[    1.0226Bringing up secondary CPUs ...
[    1.024572] smp: Brought up 1 node, 1 CPU
[    1.024842] smpboot: Total of 1 processors activated (4890.86 BogoMIPS)
[    1.034995] Memory: 96076K/130540K available (14379K kernel code, 1184K rwdata, 5764K rodata, 2676K init, 2148K bss, 32776Kserved, 0K cma-reserved)
[    1.048871] clocksource: jiffies: mask: 0xffffffff max_cycles: 0xffffffff, max_idle_ns: 19112604462750000 ns
[    1.049743] posixtimers hash table entries: 512 (order: 1, 8192 bytes, linear)
[    1.050240] futex hash table entries: 256 (16384 bytes on 1 NUMA nodes, total 16] pinctrl core: initialized pinctrl subsystem
[    1.078539] NET: Registered PF_NETLINK/PF_ROUTE protocol family
[    1.086942] thermal_sys: Registered thermal governor 'step_wise'
[    1.086980] thermal_sys: Registered thermal governor 'user_space'
[    1.087944] cpuidle: using governor ladder
[    1.088446] cpuidle: uing governor menu
[    1.090529] acpiphp: ACPI Hot Plug PCI Controller Driver version: 0.5
[    1.093271] PCI: Using configuration type 1 for base access
[    1.099006] HugeTLB: registered 2.00 MiB page size, pre-allocated 0 pages
[    1.099306] HugeTLB: 28 KiB vmemmap can befreed for a 2.00 MiB page
[    1.117320] ACPI: Added _OSI(Module Device)
[    1.117588] ACPI: Added _OSI(Processor Device)
[    1.117760] ACPI: Added _OSI(Processor Aggregator Device)
[    1.132052] ACPI: 1 ACPI AML tables successfully acquired and loaded
[    1.148447] ACPI: Interpreter enabled
[    1.149262] ACPI: PM: (supports S0 S5)
[    1.149468] ACPI: Using IOAPIC for interrupt routing
[    1.150064] PCI: Using host bridge windows from ACPI; if necessary, use "pci=nocrs" and report a bug
[    1.150425] PCI: Using E820 r
[    1.154792] ACPI: Enabled 2 GPEs in block 00 to 0F
[    1.190665] ACPI: PCI Root Bridge [PCI0] (domain 0000 [bus 00-ff])
[    1.191650] acpi PNP0A03:00: _OSC: OS supports [ASPM ClockPM Segments MSI HPX-Type3]
[    1.192097] acpi PNP0A03:00: _OSC: not requesting OS control; OS requires [ExtendedConfig ASPM ClockPM MSI]
[    1.o add MMCONFIG information, can't access extended configuration space under this bridge
[    1.206381] acpiphp: Slot [3] registered
[    1.206746] acpiphp: Slot [4] registered
[    1.207011] acpiphp: Slot [5] registered
[    1.207258] acpiphp: Slot [6] registered
[    1.2075 registered
[    1.212709] acpiphp: Slot [8] registered
[    1.213122] acpiphp: Slot [9] registered
[    1.213379] acpiphp: Slot [10] registered
[    1.213652] acpiphp: Slot [11] registered
[    1.213900] acpiphp: Slot [12] registered
[    1.214146] acpiphp: Slot [13] regis] registered
[    1.223262] acpiphp: Slot [15] registered
[    1.223707] acpiphp: Slot [16] registered
[    1.224001] acpiphp: Slot [17] registered
[    1.224280] acpiphp: Slot [18] registered
[    1.224520] acpiphp: Slot [19] registered
[    1.224769] acpiphp: Slot [20] registeredstered
[    1.233262] acpiphp: Slot [22] registered
[    1.233697] acpiphp: Slot [23] registered
[    1.234050] acpiphp: Slot [24] registered
[    1.234293] acpiphp: Slot [25] registered
[    1.234531] acpiphp: Slot [26] registered
[    1.234845] acpiphp: Slot [27] registered
[  ed
[    1.243256] acpiphp: Slot [29] registered
[    1.243707] acpiphp: Slot [30] registered
[    1.244027] acpiphp: Slot [31] registered
[    1.244438] PCI host bridge to bus 0000:00
[    1.244918] pci_bus 0000:00: root bus resource [io  0x0000-0x0cf7 window]
[    1.245305] p 0x0d00-0xffff window]
[    1.253083] pci_bus 0000:00: root bus resource [mem 0x000a0000-0x000bffff window]
[    1.253631] pci_bus 0000:00: root bus resource [mem 0x08000000-0xfebfffff window]
[    1.253913] pci_bus 0000:00: root bus resource [mem 0x100000000-0x17fffffff window]us resource [bus 00-ff]
[    1.264478] pci 0000:00:00.0: [8086:1237] type 00 class 0x060000 conventional PCI endpoint
[    1.274191] pci 0000:00:01.0: [8086:7000] type 00 class 0x060100 conventional PCI endpoint
[    1.275105] pci 0000:00:01.1: [8086:7010] type 00 class 0x010180 convennt
[    1.280214] pci 0000:00:01.1: BAR 4 [io  0xc0e0-0xc0ef]
[    1.280572] pci 0000:00:01.1: BAR 0 [io  0x01f0-0x01f7]: legacy IDE quirk
[    1.280860] pci 0000:00:01.1: BAR 1 [io  0x03f6]: legacy IDE quirk
[    1.281106] pci 0000:00:01.1: BAR 2 [io  0x0170-0x0177]: legacy IDE BAR 3 [io  0x0376]: legacy IDE quirk
[    1.291543] pci 0000:00:01.3: [8086:7113] type 00 class 0x068000 conventional PCI endpoint
[    1.292182] pci 0000:00:01.3: quirk: [io  0x0600-0x063f] claimed by PIIX4 ACPI
[    1.292513] pci 0000:00:01.3: quirk: [io  0x0700-0x070f] claimed by PIIX4 SM [1234:1111] type 00 class 0x030000 conventional PCI endpoint
[    1.302988] pci 0000:00:02.0: BAR 0 [mem 0xfd000000-0xfdffffff pref]
[    1.303307] pci 0000:00:02.0: BAR 2 [mem 0xfeb90000-0xfeb90fff]
[    1.303563] pci 0000:00:02.0: ROM [mem 0xfeb80000-0xfeb8ffff pref]
[    1.304011] pci 000 ROM at [mem 0x000c0000-0x000dffff]
[    1.313606] pci 0000:00:03.0: [1af4:1000] type 00 class 0x020000 conventional PCI endpoint
[    1.314866] pci 0000:00:03.0: BAR 0 [io  0xc080-0xc09f]
[    1.315139] pci 0000:00:03.0: BAR 4 [mem 0xfe000000-0xfe003fff 64bit pref]
[    1.315455] pc0-0xfeafffff pref]
[    1.329707] pci 0000:00:04.0: [1af4:1005] type 00 class 0x00ff00 conventional PCI endpoint
[    1.330831] pci 0000:00:04.0: BAR 0 [io  0xc0a0-0xc0bf]
[    1.331063] pci 0000:00:04.0: BAR 1 [mem 0xfeb91000-0xfeb91fff]
[    1.331284] pci 0000:00:04.0: BAR 4 04000-0xfe007fff 64bit pref]
[    1.336684] pci 0000:00:05.0: [1af4:1000] type 00 class 0x020000 conventional PCI endpoint
[    1.338284] pci 0000:00:05.0: BAR 0 [io  0xc0c0-0xc0df]
[    1.338541] pci 0000:00:05.0: BAR 1 [mem 0xfeb92000-0xfeb92fff]
[    1.338782] pci 0000:00:05.0: BAR 4 [mem 0ff 64bit pref]
[    1.343086] pci 0000:00:05.0: ROM [mem 0xfeb00000-0xfeb7ffff pref]
[    1.346813] pci 0000:00:06.0: [1af4:1001] type 00 class 0x010000 conventional PCI endpoint
[    1.347861] pci 0000:00:06.0: BAR 0 [io  0xc000-0xc07f]
[    1.348098] pci 0000:00:06.0: BAR 1b93fff]
[    1.353050] pci 0000:00:06.0: BAR 4 [mem 0xfe00c000-0xfe00ffff 64bit pref]
[    1.365147] ACPI: PCI: Interrupt link LNKA configured for IRQ 10
[    1.366038] ACPI: PCI: Interrupt link LNKB configured for IRQ 10
[    1.366684] ACPI: PCI: Interrupt link LNKC configured for I11
[    1.368492] ACPI: PCI: Interrupt link LNKD configured for IRQ 11
[    1.368967] ACPI: PCI: Interrupt link LNKS configured for IRQ 9
[    1.371935] iommu: Default domain type: Translated
[    1.372160] iommu: DMA domain TLB invalidation policy: lazy mode
[    1.375232] initialized
[    1.380053] ACPI: bus type USB registered
[    1.380633] usbcore: registered new interface driver usbfs
[    1.381242] usbcore: registered new interface driver hub
[    1.381640] usbcore: registered new device driver usb
[    1.382187] pps_core: LinuxPPS API v] pps_core: Software ver. 5.3.6 - Copyright 2005-2007 Rodolfo Giometti <giometti@linux.it>
[    1.386822] PTP clock support registered
[    1.401028] PCI: Using ACPI for IRQ routing
[    1.403729] hpet0: at MMIO 0xfed00000, IRQs 2, 8, 0
[    1.404016] hpet0: 3 comparators, 64-bit 100.000000 MHz counter
[    1.410166] clocksource: Switched to clocksource tsc-early
[    1.412442] pnp: PnP ACPI init
[    1.412442] pnp: PnP ACPI: found 6 devices
[    1.426031] clocksource: acpi_pm: mask: 0xffffff max_cycles: 0xffffff, max_idle_ns: 2085701024 ns
[    1.427347] NET: Registered PF_INET protocol family
[    1.428483] IP idents hash table entries: 2048 (order: 2, 16384 bytes, linear)
[    1.434415] tcp_listen_portaddr_hasable entries: 256 (order: 0, 4096 bytes, linear)
[    1.436908] Table-perturb hash table entries: 65536 (order: 6, 262144 bytes, linear)
[    1.437429] TCP established hash table entries: 1024 (order: 1, 8192 bytes, linear)
[    1.437869] TCP bind hash table entries: 1024 (orde4] TCP: Hash tables configured (established 1024 bind 1024)
[    1.449351] MPTCP token hash table entries: 256 (order: 1, 6144 bytes, linear)
[    1.449903] UDP hash table entries: 256 (order: 2, 16384 bytes, linear)
[    1.450378] UDP-Lite hash table entries: 256 (order: 2, 1 1.456844] NET: Registered PF_UNIX/PF_LOCAL protocol family
[    1.459644] pci_bus 0000:00: resource 4 [io  0x0000-0x0cf7 window]
[    1.459887] pci_bus 0000:00: resource 5 [io  0x0d00-0xffff window]
[    1.460131] pci_bus 0000:00: resource 6 [mem 0x000a0000-0x000bffff window]ource 7 [mem 0x08000000-0xfebfffff window]
[    1.469673] pci_bus 0000:00: resource 8 [mem 0x100000000-0x17fffffff window]
[    1.470430] pci 0000:00:01.0: PIIX3: Enabling Passive Release
[    1.470740] pci 0000:00:00.0: Limiting direct PCI/PCI transfers
[    1.471102] PCI: CLS 0 b
[    1.497375] workingset: timestamp_bits=46 max_order=15 bucket_order=0
[    1.499806] squashfs: version 4.0 (2009/01/31) Phillip Lougher
[    1.506102] cryptd: max_cpu_qlen set to 1000
[    1.506562] Block layer SCSI generic (bsg) driver version 0.4 loaded (major 247)
[    1.509696] hyperv_fb: Deprecated: use Hyper-V DRM driver instead
[    1.510000] hv_vmbus: registering driver hyperv_fb
[    1.513304] input: Power Button as /devices/LNXSYSTM:00/LNXPWRBN:00/input/input0
[    1.523207] ACPI: button: Power Button [PWRF]
[    1.683899] ACPI: \_SB_.LNKC: Enabled at IRQ 11
[    1.839973] ACPI: \_SB_.LNKD: Enabled at IRQ 10
[    1.993602] ACPI: \_SB_.LNKA: Enabled at IRQ 10
[    2.148110] ACPI: \_SB_.LNKB: Enabled at IRQ 11
[    2.150873] Serial: 8250/16550 driver, 16 ports, IRQ sharing enabled
[    2.176444] 00:04: ttyS0 at I/O 0x3f8 (irq = 4, base_baud = 115200) is a 16550A
[    2.200314] Non-volatile memory driver v1.3
[    2.211299] Linux agpgart interface v0.103
[    2.212368] ACPI: bus type drm_connector registered
[    2.217227] [drm] Found bochs VGA, ID 0xb0c5.
[    2.217444] [drm] Framebuffer size 16384 kB @ 0xfd000000, mmio @ 0xfeb90000.
[    2.223302] [drm] Initialized bochs-drm 1.0.0 for 0000:00:02.0 on minor 0
[    2.291221] Console: switching to colour frame buffer device 160x50
[    2.303013] bochs-drm 0000:00:02.0: [drm] fb0: bochs-drmdrmfb frame buffer device
[    2.339585] loop: module loaded
[    2.340331] virtio_blk virtio3: 1/0/0 default/read/poll queues
[    2.345087] virtio_blk virtio3: [vda] 246784 512-byte logical blocks (126 MB/121 MiB)
[    2.353939]  vda: vda1 vda2
[    2.356365] Guest personality initialized and is inactive
[    2.356957] VMCI host device registered (name=vmci, major=10, minor=256)
[    2.357228] Initialized host personality
[    2.357560] usbcore: registered new interface driver rtsx_us PVSCSI driver - version 1.0.7.0-k
[    2.364859] hv_vmbus: registering driver hv_storvsc
[    2.381510] scsi host0: ata_piix
[    2.384236] scsi host1: ata_piix
[    2.385548] ata1: PATA max MWDMA2 cmd 0x1f0 ctl 0x3f6 bmdma 0xc0e0 irq 14 lpm-pol 0
[    2.385843] ata2: PATA max MWDMA2 cmd 0x170 ctl 0x376 bmdma 0xc0e8 irq 15 lpm-pol 0
[    2.401719] VMware vmxnet3 virtual NIC driver - version 1.9.0.0-k-NAPI
[    2.402354] hv_vmbus: registering driver hv_netvsc
[    2.402719] Fusion MPT base driver 3.04.20
[    2.402872] Copyright (c) 1999-2008 LSI Corporation
[    2.403251] Fusion MPT SPI Host driver 3.04ost driver 3.04.20
[    2.414549] usbcore: registered new interface driver usb-storage
[    2.415829] i8042: PNP: PS/2 Controller [PNP0303:KBD,PNP0f13:MOU] at 0x60,0x64 irq 1,12
[    2.419224] serio: i8042 KBD port at 0x60,0x64 irq 1
[    2.419590] serio: i8042 AUX port at 0x60,0x
[    2.425133] hv_vmbus: registering driver hyperv_keyboard
[    2.426972] rtc_cmos 00:05: RTC can wake from S4
[    2.431428] rtc_cmos 00:05: registered as rtc0
[    2.433398] rtc_cmos 00:05: setting system clock to 2026-04-29T03:53:13 UTC (1777434793)
[    2.435390] rtc_cmos 00:05: alarms up to one day, y3k, 242 bytes nvram, hpet irqs
[    2.437713] intel_powerclamp: CPU does not support MWAIT
[    2.439313] amd_pstate: the _CPC object is not present in SBIOS or ACPI disabled
[    2.440969] sdhci: Secure Digital Host Controller I
[    2.446419] sdhci: Copyright(c) Pierre Ossman
[    2.448469] VUB300 Driver rom wait states = 1C irqpoll timeout = 0400
[    2.455342] input: AT Translated Set 2 keyboard as /devices/platform/i8042/serio0/input/input1
[    2.473104] usbcore: registered new interface driver vub300
[    2.475125] usbcore: registered new interface driver ushc
[    2.482559] hid: raw HID events driver (C) Jiri Kosina
[    2.484849] hv_vmbus: registering driver hid_hyperv
[    2.487003] usbcore: registered new interface driver usbhid
[    2.488421] usbhid: USB HID core driver
[    2.489910] hv_utils: Registering HyperV Utility Driver
[    2.491280] hv_vmbus: registering driver hv_utils
[2] hv_vmbus: registering driver hv_balloon
[    2.498702] NET: Registered PF_INET6 protocol family
[    2.507086] tsc: Refined TSC clocksource calibration: 2445.439 MHz
[    2.508855] clocksource: tsc: mask: 0xffffffffffffffff max_cycles: 0x233fe42a13f, max_idle_ns: 440795286674 ns
[    2.511671] clocksource: Switched to clocksource tsc
[    2.524608] Segment Routing with IPv6
[    2.526166] In-situ OAM (IOAM) with IPv6
[    2.527978] NET: Registered PF_PACKET protocol family
[    2.529866] bridge: filtering via arp/ip/ip6tables is no longer available by default. Update your scripts to load br_netfilter if y
[    2.539075] 8021q: 802.1Q VLAN Support v1.8
[    2.541165] NET: Registered PF_VSOCK protocol family
[    2.549428] IPI shorthand broadcast: enabled
[    2.568621] sched_clock: Marking stable (2330097069, 234271516)->(2575519344, -11150759)
[    2.592986] ata2: found unknown device (class 0)
[    2.648612] ata2.00: ATAPI: QEMU DVD-ROM, 2.5+, max UDMA/100
[    2.668738] scsi 1:0:0:0: CD-ROM            QEMU     QEMU DVD-ROM     2.5+ PQ: 0 ANSI: 5
[    2.680667] clk: Disabling unused clocks
[    2.692944] check access for rdinit=/init failed: -2, ignoring
[    2.716400] sr 1:0:0:0: [sr0] scsi3-mmc drive: 4x/4x cd/rw xa/form2 tray
[    2.718223] cdrom: Uniform CD-ROM driver Revision: 3.20
[    2.756905] VFS: Mounted root (squashfs filesystem) readonly on device 254:2.
[    2.830264] Freeing unused kernel image (initmem) memory: 2676K
[    2.832242] Write protecting the kernel read-only data: 22528k
[    2.837412] Freeing unused kernel image (text/rodata gap) memory: 2004K
[    2.839658] Freeing unused kernel image (rodata/data gap) memory: 380K
[    2.842875] Run /sbin/init as init process
[    3.125925] init: Console is alive
[    4.288028] kmodloader: loading kernel modules from /etc/modules-boot.d/*
[    4.380305] button_hotplug: loading out-of-tree module taints kernel.
[    4.387599] Button Hotplug driver version 0.4.1
[    4.415258] Intel(R) 2.5G Ethernet Linux Driver
[    4.417060] Copyright(c) 2018 Intel Corporation.
[    4.436572] igb: Intel(R) Gigabit Ethernet Network Driver
[    4.438330] igb: Copyright (c) 2007-2014 Intel Corporation.
[    4.458009] e1000e: Intel(R) PRO/1000 Network Driver
[    4.459803] e1000e: Copyright(c) 1999 - 2015 Intel Corporation.
[    4.476359] kmodloader: done loading kernel modules from /etc/modules-boot.d/*
[    4.495536] init: - preinit -
[    5.488922] 8021q: adding VLAN 0 to HW filter on device eth0
Press the [f] key and hit [enter] to enter failsafe mode
Press the [1], [2], [3] or [4] key and hit [enter] to select the debug level

[   10.136781] loop0: detected capacity change from 0 to 212992
[   10.184892] loop0: detected capacity change from 212992 to 198528
[   10.197536] mount_root: overlay filesystem in /dev/loop0 has not been formatted yet
[   10.530131] EXT4-fs (loop0): mounted filesystem f97ca760-f1db-47ed-9730-c8f0a9fe45fd r/w with ordered data mode. Quota mode: disabled.
[   10.543286] mount_root: overlay filesystem has not been fully initialized yet
[   10.561163] mount_root: switching to ext4 overlay
[   10.582634] overlayfs: null uuid detected in lower fs '/', falling back to xino=off,index=off,nfs_export=off.
[   11.268073] EXT4-fs (vda1): mounted filesystem 84173db5-fa99-e35a-95c6-28613cc79ea9 r/w without journal. Quota mode: disabled.
[   11.293898] urandom-seed: Seed file not found (/etc/urandom.seed)
[   11.443735] procd: - early -
[   12.193302] procd: - ubus -
[   12.304966] procd: - init -
Please press Enter to activate this console.
root
login[1044]: root login on 'ttyS0'


BusyBox v1.37.0 (2026-04-27 13:23:43 UTC) built-in shell (ash)

  _______                     ________        __
 |       |.-----.-----.-----.|  |  |  |.----.|  |_
 |   -   ||  _  |  -__|     ||  |  |  ||   _||   _|
 |_______||   __|_____|__|__||________||__|  |____|
          |__| W I R E L E S S   F R E E D O M
 -----------------------------------------------------
 OpenWrt SNAPSHOT, r34210-1b9922d5e8
 -----------------------------------------------------

 === WARNING! =====================================
 There is no root password defined on this device!
 Use the "passwd" command to set up a new password
 in order to prevent unauthorized SSH logins.
 --------------------------------------------------

  ___   __ __                _______             __
 |   |_|__|  |--.----.-----.|   |   |-----.-----|  |--.
 |     |  |  _  |   _|  -__||       |  -__|__ --|     |
 |_____|__|_____|__| |_____||__|_|__|_____|_____|__|__|

 ------------------------------------------------------
 LiMe master development (master rev. aebe482 20260416_0843)
 ------------------------------------------------------
 https://libremesh.org
 ------------------------------------------------------
root@(none):~# dmesg -n 1
root@(none):~# echo 'MCST''ZHTEFO'
MCSTZHTEFO
root@LiMe-123456:~# run() { echo -n "$MARKER"; sh -c "$@"; echo "$MARKER $?"; }
root@LiMe-123456:~# echo 'MAGO''FQABUK'
MAGOFQABUK
root@LiMe-123456:~# MARKER='JAWB''LECBPL' run 'ubus wait_for network.interface.l
an'
JAWBLECBPLJAWBLECBPL 0
root@LiMe-123456:~# echo 'PWPN''OPVCCX'
PWPNOPVCCX
root@LiMe-123456:~# MARKER='ANPZ''GMNSKB' run 'ubus call network.interface.lan s
tatus '"'"'{}'"'"''
ANPZGMNSKB{
	"up": true,
	"pending": false,
	"available": true,
	"autostart": true,
	"dynamic": false,
	"uptime": 1,
	"l3_device": "br-lan",
	"proto": "static",
	"device": "br-lan",
	"updated": [
		"addresses"
	],
	"metric": 0,
	"dns_metric": 0,
	"delegation": true,
	"ipv4-address": [
		{
			"address": "10.13.52.86",
			"mask": 16
		}
	],
	"ipv6-address": [
		{
			"address": "fd0d:fe46:8ce8::12:3456",
			"mask": 64
		}
	],
	"ipv6-prefix": [
		
	],
	"ipv6-prefix-assignment": [
		
	],
	"route": [
		
	],
	"dns-server": [
		
	],
	"dns-search": [
		
	],
	"neighbors": [
		
	],
	"inactive": {
		"ipv4-address": [
			
		],
		"ipv6-address": [
			
		],
		"route": [
			
		],
		"dns-server": [
			
		],
		"dns-search": [
			
		],
		"neighbors": [
			
		]
	},
	"data": {
		
	}
}
ANPZGMNSKB 0
root@LiMe-123456:~# echo 'YCHH''NZLMFB'
YCHHNZLMFB
root@LiMe-123456:~# MARKER='NVJK''BLVJHA' run true
NVJKBLVJHANVJKBLVJHA 0
root@LiMe-123456:~# echo 'JOCQ''QZMFJF'
JOCQQZMFJF
root@LiMe-123456:~# MARKER='VJUQ''WYAYNK' run 'source /etc/os-release; echo $BUI
LD_ID'
VJUQWYAYNKr34210-1b9922d5e8
VJUQWYAYNK 0
root@LiMe-123456:~# echo 'KBGM''OUEKQY'
KBGMOUEKQY
root@LiMe-123456:~# MARKER='PHQQ''TCPOXK' run 'ls /etc/dropbear/dropbear_rsa_hos
t_key'
PHQQTCPOXK[0;0m/etc/dropbear/dropbear_rsa_host_key[m
PHQQTCPOXK 0
root@LiMe-123456:~# echo 'FLFM''NWMGSW'
FLFMNWMGSW
root@LiMe-123456:~# MARKER='HKLS''XKSMWC' run 'netstat -tlpn | grep 0.0.0.0:22'
HKLSXKSMWCtcp        0      0 0.0.0.0:22              0.0.0.0:*               LISTEN      2097/dropbear
HKLSXKSMWC 0
root@LiMe-123456:~# echo 'JVEG''LVFYYV'
JVEGLVFYYV
root@LiMe-123456:~# MARKER='WWCC''HGAGPY' run 'dmesg | grep br-lan | grep forwar
ding'
WWCCHGAGPY[   44.654979] br-lan: port 1(eth0) entered forwarding state
[   49.039905] br-lan: port 2(bat0) entered forwarding state
WWCCHGAGPY 0
root@LiMe-123456:~# echo 'OLAS''SEKYOX'
OLASSEKYOX
root@LiMe-123456:~# MARKER='VUGT''MNMNLT' run 'ubus call network.interface.lan s
tatus '"'"'{}'"'"''
VUGTMNMNLT{
	"up": true,
	"pending": false,
	"available": true,
	"autostart": true,
	"dynamic": false,
	"uptime": 45,
	"l3_device": "br-lan",
	"proto": "static",
	"device": "br-lan",
	"updated": [
		"addresses"
	],
	"metric": 0,
	"dns_metric": 0,
	"delegation": true,
	"ipv4-address": [
		{
			"address": "10.13.52.86",
			"mask": 16
		}
	],
	"ipv6-address": [
		{
			"address": "fd0d:fe46:8ce8::12:3456",
			"mask": 64
		}
	],
	"ipv6-prefix": [
		
	],
	"ipv6-prefix-assignment": [
		
	],
	"route": [
		
	],
	"dns-server": [
		
	],
	"dns-search": [
		
	],
	"neighbors": [
		
	],
	"inactive": {
		"ipv4-address": [
			
		],
		"ipv6-address": [
			
		],
		"route": [
			
		],
		"dns-server": [
			
		],
		"dns-search": [
			
		],
		"neighbors": [
			
		]
	},
	"data": {
		
	}
}
VUGTMNMNLT 0
root@LiMe-123456