Labgrid Console Logfile for main
Logfile started at 2026-03-30 21:00:40.639113
=== Log starts here ===
c[?7l[2J[0mSeaBIOS (version 1.16.3-debian-1.16.3-2)


iPXE (https://ipxe.org) 00:03.0 CA00 PCI2.10 PnP PMM+06FCAE70+06F0AE70 CA00
Press Ctrl-B to configure iPXE (PCI 00:03.0)...                                                                               




iPXE (https://ipxe.org) 00:05.0 CB00 PCI2.10 PnP PMM 06FCAE70 06F0AE70 CB00
Press Ctrl-B to configure iPXE (PCI 00:05.0)...                                                                               


Booting from Hard Disk...
GRUB loading.....
[0;30;47mWelcome to GRUB![01;01H[0m[2J[H[J[1;1H[?25l[m[H[J[1;1H[2;30HGNU GRUB  version 2.12

[m[4;2H+----------------------------------------------------------------------------+[5;2H|[5;79H|[6;2H|[6;79H|[7;2H|[7;79H|[8;2H|[8;79H|[9;2H|[9;79H|[10;2H|[10;79H|[11;2H|[11;79H|[12;2H|[12;79H|[13;2H|[13;79H|[14;2H|[14;79H|[15;2H|[15;79H|[16;2H+----------------------------------------------------------------------------+[m[17;2H[18;2H[m     Use the ^ and v keys to select which entry is highlighted.          
      Press enter to boot the selected OS, `e' to edit the commands       
      before booting or `c' for a command-line. ESC to return             
      previous menu.                                                      [5;80H [7m[5;3H*OpenWrt                                                                    [m[5;78H[m[m[6;3H OpenWrt (failsafe)                                                         [m[6;78H[m[m[7;3H                                                                            [m[7;78H[m[m[8;3H                                                                            [m[8;78H[m[m[9;3H                                                                            [m[9;78H[m[m[10;3H                                                                            [m[10;78H[m[m[11;3H                                                                            [m[11;78H[m[m[12;3H                                                                            [m[12;78H[m[m[13;3H                                                                            [m[13;78H[m[m[14;3H                                                                            [m[14;78H[m[m[15;3H                                                                            [m[15;78H[m[15;80H [5;78H[2J[02;30HGNU GRUB  version 2.12[04;02H┌────────────────────────────────────────────────────────────────────────────┐[05;02H│[05;79H│[06;02H│[06;79H│[07;02H│[07;79H│[08;02H│[08;79H│[09;02H│[09;79H│[10;02H│[10;79H│[11;02H│[11;79H│[12;02H│[12;79H│[12;79H[13;02H│[13;79H│[14;02H│[14;79H│[15;02H│[15;79H│[16;02H│[16;79H│[17;02H└────────────────────────────────────────────────────────────────────────────┘[19;02H     Use the ↑ and ↓ keys to select which entry is highlighted.          
      Press enter to boot the selected OS, `e' to edit the commands       
      before booting or `c' for a command-line. ESC to return             
      previous menu.                                                     [22;73H[22;74H [05;80H [05;03H[0;30;47m*OpenWrt                                                                    [06;03H[0m OpenWrt (failsafe)                                                         [07;03H                                      [07;40H[07;41H                                      [08;03H                                                                            [09;03H                                                                            [10;03H                                                                            [11;03H                                                                            [12;03H                                                                            [13;03H                                                                            [14;03H                                                                            [15;03H                                                                            [16;03H                                                                            [16;80H 






   The highlighted entry will be executed automatically in 5s.                [22;1H   The highlighted entry will be executed automatically in 5s.                 [5;78H [05;78H

















   The highl[23;12H[23;13Highted entry will be executed automatically in 4s.                [22;1H   The highlighted entry will be executed automatically in 4s.                 [5;78H [05;78H

















   The highlighted entry will be executed automatically in 3s.                [22;1H   The highlighted entry will be executed automatically in 3s.                 [5;78H [05;78H

















   The highlighted entry will be executed automatically in 2s.                [22;1H   The highlighted entry will be executed automatically in 2s.                 [5;78H [05;78H

















   The highlighted entry will be executed automatically in 1s.                [22;1H   The highlighted entry will be executed automatically in 1s.                 [5;78H [05;78H

















   The highlighted entry will be executed [23;42H[23;43Hautomatically in 0s.                [22;1H   The highlighted entry will be executed automatically in 0s.                 [5;78H [01;01H[2J[?25h[H[J[1;1H[H[J[1;1H[2J   Booting `OpenWrt' Booting `OpenWrt

'

[    0.000000] Linux version 6.12.79 (builder@buildhost) (x86_64-openwrt-linux-musl-gcc (OpenWrt GCC 14.3.0 r33710-598b90107e) 14.3.0, GNU ld (GNU Binutils) 2.44) #0 SMP Mon Mar 30 17:35:41 2026
[    0.000000] Command line: BOOT_IMAGE=/boot/vmlinuz root=PARTUUID=cd16e9d6-02 rootwait console=tty1 console=ttyS0,115200n8 noinitrd
[    0.000000] BIOS-provided physical RAM map:
[    0.000000] BIOS-e820: [mem 0x0000000000000000-0x000000000009fbff] usable
[    0.000000] BIOS-e820: [mem 0x000000000009fc00-0x000000000009ffff] reserved
[    0.000000] BIOS-e820: [mem 0x00000000000f0000-0x00000000000fffff] reserved
[    0.000000] BIOS-e820: [mem 0x0000000000100000-0x0000000007fdcfff] usable
[    0.000000] BIOS-e820: [mem 0x0000000007fdd000-0x0000000007ffffff] reserved
[    0.000000] BIOS-e820: [mem 0x00000000fffc0000-0x00000000ffffffff] reserved
[    0.000000] BIOS-e820: [mem 0x000000fd00000000-0x000000ffffffffff] reserved
[    0.000000] NX (Execute Disable) protection: active
[    0.000000] APIC: Static calls initialized
[    0.000000] SMBIOS 3.0.0 present.
[    0.000000] DMI: QEMU Standard PC (i440FX + PIIX, 1996), BIOS 1.16.3-debian-1.16.3-2 04/01/2014
[    0.000000] DMI: Memory slots populated: 1/1
[    0.000000] tsc: Fast TSC calibration using PIT
[    0.000000] tsc: Detected 2793.436 MHz processor
[    0.006623] last_pfn = 0x7fdd max_arch_pfn = 0x400000000
[    0.007247] MTRR map: 4 entries (3 fixed + 1 variable; max 19), built from 8 variable MTRRs
[    0.007417] x86/PAT: Configuration [0-7]: WB  WC  UC- UC  WB  WP  UC- WT  
[    0.025166] found SMP MP-table at [mem 0x000f5460-0x000f546f]
[    0.026778] Using GB pages for direct mapping
[    0.032045] ACPI: Early table checksum verification disabled
[    0.032437] ACPI: RSDP 0x00000000000F5290 000014 (v00 BOCHS )
[    0.032753] ACPI: RSDT 0x0000000007FE1C64 000034 (v01 BOCHS  BXPC     00000001 BXPC 00000001)
[    0.033284] ACPI: FACP 0x0000000007FE1B18 000074 (v01 BOCHS  BXPC     00000001 BXPC 00000001)
[    0.033911] ACPI: DSDT 0x0000000007FE0040 001AD8 (v01 BOCHS  BXPC     00000001 BXPC 00000001)
[    0.033983] ACPI: FACS 0x0000000007FE0000 000040
[    0.034030] ACPI: APIC 0x0000000007FE1B8C 000078 (v03 BOCHS  BXPC     00000001 BXPC 00000001)
[    0.034050] ACPI: HPET 0x0000000007FE1C04 000038 (v01 BOCHS  BXPC     00000001 BXPC 00000001)
[    0.034068] ACPI: WAET 0x0000000007FE1C3C 000028 (v01 BOCHS  BXPC     00000001 BXPC 00000001)
[    0.034139] ACPI: Reserving FACP table memory at [mem 0x7fe1b18-0x7fe1b8b]
[    0.034188] ACPI: Reserving DSDT table memory at [mem 0x7fe0040-0x7fe1b17]
[    0.034196] ACPI: Reserving FACS table memory at [mem 0x7fe0000-0x7fe003f]
[    0.034201] ACPI: Reserving APIC table memory at [mem 0x7fe1b8c-0x7fe1c03]
[    0.034207] ACPI: Reserving HPET table memory at [mem 0x7fe1c04-0x7fe1c3b]
[    0.034212] ACPI: Reserving WAET table memory at [mem 0x7fe1c3c-0x7fe1c63]
[    0.037213] Zone ranges:
[    0.037245]   DMA      [mem 0x0000000000001000-0x0000000000ffffff]
[    0.037328]   DMA32    [mem 0x0000000001000000-0x0000000007fdcfff]
[    0.037338]   Normal   empty
[    0.037356] Movable zone start for each node
[    0.037389] Early memory node ranges
[    0.037416]   node   0: [mem 0x0000000000001000-0x000000000009efff]
[    0.037471]   node   0: [mem 0x0000000000100000-0x0000000007fdcfff]
[    0.037594] Initmem setup node 0 [mem 0x0000000000001000-0x0000000007fdcfff]
[    0.038655] On node 0, zone DMA: 1 pages in unavailable ranges
[    0.039151] On node 0, zone DMA: 97 pages in unavailable ranges
[    0.041598] On node 0, zone DMA32: 35 pages in unavailable ranges
[    0.042061] ACPI: PM-Timer IO Port: 0x608
[    0.042643] ACPI: LAPIC_NMI (acpi_id[0xff] dfl dfl lint[0x1])
[    0.043185] IOAPIC[0]: apic_id 0, version 32, address 0xfec00000, GSI 0-23
[    0.043363] ACPI: INT_SRC_OVR (bus 0 bus_irq 0 global_irq 2 dfl dfl)
[    0.043626] ACPI: INT_SRC_OVR (bus 0 bus_irq 5 global_irq 5 high level)
[    0.043676] ACPI: INT_SRC_OVR (bus 0 bus_irq 9 global_irq 9 high level)
[    0.043775] ACPI: INT_SRC_OVR (bus 0 bus_irq 10 global_irq 10 high level)
[    0.043783] ACPI: INT_SRC_OVR (bus 0 bus_irq 11 global_irq 11 high level)
[    0.043991] ACPI: Using ACPI (MADT) for SMP configuration information
[    0.044065] ACPI: HPET id: 0x8086a201 base: 0xfed00000
[    0.044627] CPU topo: Max. logical packages:   1
[    0.044649] CPU topo: Max. logical dies:       1
[    0.044660] CPU topo: Max. dies per package:   1
[    0.044705] CPU topo: Max. threads per core:   1
[    0.044881] CPU topo: Num. cores per package:     1
[    0.044897] CPU topo: Num. threads per package:   1
[    0.044906] CPU topo: Allowing 1 present CPUs plus 0 hotplug CPUs
[    0.046081] [mem 0x08000000-0xfffbffff] available for PCI devices
[    0.046153] Booting paravirtualized kernel on bare hardware
[    0.046455] clocksource: refined-jiffies: mask: 0xffffffff max_cycles: 0xffffffff, max_idle_ns: 19112604462750000 ns
[    0.047132] setup_percpu: NR_CPUS:512 nr_cpumask_bits:1 nr_cpu_ids:1 nr_node_ids:1
[    0.049067] percpu: Embedded 50 pages/cpu s166808 r8192 d29800 u2097152
[    0.051405] Kernel command line: BOOT_IMAGE=/boot/vmlinuz root=PARTUUID=cd16e9d6-02 rootwait console=tty1 console=ttyS0,115200n8 noinitrd
[    0.053056] random: crng init done
[    0.057158] Dentry cache hash table entries: 16384 (order: 5, 131072 bytes, linear)
[    0.057985] Inode-cache hash table entries: 8192 (order: 4, 65536 bytes, linear)
[    0.060462] Built 1 zonelists, mobility grouping on.  Total pages: 32635
[    0.060693] mem auto-init: stack:off, heap alloc:off, heap free:off
[    0.070550] SLUB: HWalign=64, Order=0-3, MinObjects=0, CPUs=1, Nodes=1
[    0.079066] rcu: Hierarchical RCU implementation.
[    0.079098] rcu: 	RCU restricting CPUs from NR_CPUS=512 to nr_cpu_ids=1.
[    0.079248] 	Tracing variant of Tasks RCU enabled.
[    0.079342] rcu: RCU calculated value of scheduler-enlistment delay is 10 jiffies.
[    0.079373] rcu: Adjusting geometry for rcu_fanout_leaf=16, nr_cpu_ids=1
[    0.080549] RCU Tasks Trace: Setting shift to 0 and lim to 1 rcu_task_cb_adjust=1 rcu_task_cpu_ids=1.
[    0.080681] NR_IRQS: 33024, nr_irqs: 256, preallocated irqs: 16
[    0.089643] rcu: srcu_init: Setting srcu_struct sizes based on contention.
[    0.096658] Console: colour VGA+ 80x25
[    0.097099] printk: legacy console [tty1] enabled
[    0.105667] printk: legacy console [ttyS0] enabled
[    0.354830] ACPI: Core revision 20240827
[    0.360223] clocksource: hpet: mask: 0xffffffff max_cycles: 0xffffffff, max_idle_ns: 19112604467 ns
[    0.364921] APIC: Switch to symmetric I/O mode setup
[    0.369376] ..TIMER: vector=0x30 apic1=0 pin1=2 apic2=-1 pin2=-1
[    0.412028] clocksource: tsc-early: mask: 0xffffffffffffffff max_cycles: 0x284407e0e7a, max_idle_ns: 440795310592 ns
[    0.412647] Calibrating delay loop (skipped), value calculated using timer frequency.. 5586.87 BogoMIPS (lpj=27934360)
[    0.414456] x86/cpu: User Mode Instruction Prevention (UMIP) activated
[    0.432709] Last level iTLB entries: 4KB 0, 2MB 0, 4MB 0
[    0.433097] Last level dTLB entries: 4KB 0, 2MB 0, 4MB 0, 1GB 0
[    0.434154] Spectre V1 : Mitigation: usercopy/swapgs barriers and __user pointer sanitization
[    0.434983] Spectre V2 : Mitigation: Retpolines
[    0.435180] Spectre V2 : Spectre v2 / SpectreRSB: Filling RSB on context switch and VMEXIT
[    0.435513] Speculative Store Bypass: Vulnerable
[    0.444503] x86/fpu: Supporting XSAVE feature 0x001: 'x87 floating point registers'
[    0.449213] x86/fpu: Supporting XSAVE feature 0x002: 'SSE registers'
[    0.449444] x86/fpu: Supporting XSAVE feature 0x004: 'AVX registers'
[    0.449620] x86/fpu: Supporting XSAVE feature 0x008: 'MPX bounds registers'
[    0.453658] x86/fpu: Supporting XSAVE feature 0x010: 'MPX CSR'
[    0.454067] x86/fpu: xstate_offset[2]:  576, xstate_sizes[2]:  256
[    0.454402] x86/fpu: xstate_offset[3]:  960, xstate_sizes[3]:   64
[    0.454578] x86/fpu: xstate_offset[4]: 1024, xstate_sizes[4]:   64
[    0.462594] x86/fpu: Enabled xstate features 0x1f, context size is 1088 bytes, using 'standard' format.
[    0.684121] Freeing SMP alternatives memory: 40K
[    0.684910] pid_max: default: 32768 minimum: 301
[    0.694671] Mount-cache hash table entries: 512 (order: 0, 4096 bytes, linear)
[    0.695129] Mountpoint-cache hash table entries: 512 (order: 0, 4096 bytes, linear)
[    0.847613] smpboot: CPU0: AMD QEMU TCG CPU version 2.5+ (family: 0x6, model: 0x6, stepping: 0x3)
[    0.876029] Performance Events: PMU not available due to virtualization, using software events only.
[    0.877436] signal: max sigframe size: 1616
[    0.879125] rcu: Hierarchical SRCU implementation.
[    0.879317] rcu: 	Max phase no-delay instances is 1000.
[    0.885897] smp: Bringing up secondary CPUs ...
[    0.888640] smp: Brought up 1 node, 1 CPU
[    0.888934] smpboot: Total of 1 processors activated (5586.87 BogoMIPS)
[    0.895547] Memory: 103200K/130540K available (14336K kernel code, 1166K rwdata, 3980K rodata, 1496K init, 1312K bss, 25628K reserved, 0K cma-reserved)
[    0.910650] clocksource: jiffies: mask: 0xffffffff max_cycles: 0xffffffff, max_idle_ns: 19112604462750000 ns
[    0.911466] futex hash table entries: 256 (order: 2, 16384 bytes, linear)
[    0.912866] pinctrl core: initialized pinctrl subsystem
[    0.929990] NET: Registered PF_NETLINK/PF_ROUTE protocol family
[    0.936215] thermal_sys: Registered thermal governor 'step_wise'
[    0.936267] thermal_sys: Registered thermal governor 'user_space'
[    0.937295] cpuidle: using governor ladder
[    0.937731] cpuidle: using governor menu
[    0.941896] acpiphp: ACPI Hot Plug PCI Controller Driver version: 0.5
[    0.944846] PCI: Using configuration type 1 for base access
[    0.954141] cryptd: max_cpu_qlen set to 1000
[    0.960347] ACPI: Added _OSI(Module Device)
[    0.960558] ACPI: Added _OSI(Processor Device)
[    0.960697] ACPI: Added _OSI(Processor Aggregator Device)
[    0.974564] ACPI: 1 ACPI AML tables successfully acquired and loaded
[    0.991648] ACPI: Interpreter enabled
[    0.992613] ACPI: PM: (supports S0 S5)
[    0.992813] ACPI: Using IOAPIC for interrupt routing
[    0.993412] PCI: Using host bridge windows from ACPI; if necessary, use "pci=nocrs" and report a bug
[    0.993699] PCI: Using E820 reservations for host bridge windows
[    1.003916] ACPI: Enabled 2 GPEs in block 00 to 0F
[    1.035287] ACPI: PCI Root Bridge [PCI0] (domain 0000 [bus 00-ff])
[    1.036203] acpi PNP0A03:00: _OSC: OS supports [ASPM ClockPM Segments MSI HPX-Type3]
[    1.036594] acpi PNP0A03:00: _OSC: not requesting OS control; OS requires [ExtendedConfig ASPM ClockPM MSI]
[    1.037402] acpi PNP0A03:00: fail to add MMCONFIG information, can't access extended configuration space under this bridge
[    1.047370] acpiphp: Slot [3] registered
[    1.047689] acpiphp: Slot [4] registered
[    1.047908] acpiphp: Slot [5] registered
[    1.048112] acpiphp: Slot [6] registered
[    1.052862] acpiphp: Slot [7] registered
[    1.054507] acpiphp: Slot [8] registered
[    1.054745] acpiphp: Slot [9] registered
[    1.054953] acpiphp: Slot [10] registered
[    1.055174] acpiphp: Slot [11] registered
[    1.055384] acpiphp: Slot [12] registered
[    1.062853] acpiphp: Slot [13] registered
[    1.063150] acpiphp: Slot [14] registered
[    1.063376] acpiphp: Slot [15] registered
[    1.063588] acpiphp: Slot [16] registered
[    1.063820] acpiphp: Slot [17] registered
[    1.064037] acpiphp: Slot [18] registered
[    1.072857] acpiphp: Slot [19] registered
[    1.073249] acpiphp: Slot [20] registered
[    1.073656] acpiphp: Slot [21] registered
[    1.073955] acpiphp: Slot [22] registered
[    1.074176] acpiphp: Slot [23] registered
[    1.074387] acpiphp: Slot [24] registered
[    1.082822] acpiphp: Slot [25] registered
[    1.083229] acpiphp: Slot [26] registered
[    1.083629] acpiphp: Slot [27] registered
[    1.083932] acpiphp: Slot [28] registered
[    1.084167] acpiphp: Slot [29] registered
[    1.084390] acpiphp: Slot [30] registered
[    1.092961] acpiphp: Slot [31] registered
[    1.093645] PCI host bridge to bus 0000:00
[    1.094120] pci_bus 0000:00: root bus resource [io  0x0000-0x0cf7 window]
[    1.094454] pci_bus 0000:00: root bus resource [io  0x0d00-0xffff window]
[    1.102622] pci_bus 0000:00: root bus resource [mem 0x000a0000-0x000bffff window]
[    1.111571] pci_bus 0000:00: root bus resource [mem 0x08000000-0xfebfffff window]
[    1.112001] pci_bus 0000:00: root bus resource [mem 0x100000000-0x17fffffff window]
[    1.112660] pci_bus 0000:00: root bus resource [bus 00-ff]
[    1.123910] pci 0000:00:00.0: [8086:1237] type 00 class 0x060000 conventional PCI endpoint
[    1.127998] pci 0000:00:01.0: [8086:7000] type 00 class 0x060100 conventional PCI endpoint
[    1.128837] pci 0000:00:01.1: [8086:7010] type 00 class 0x010180 conventional PCI endpoint
[    1.135098] pci 0000:00:01.1: BAR 4 [io  0xc0e0-0xc0ef]
[    1.136114] pci 0000:00:01.1: BAR 0 [io  0x01f0-0x01f7]: legacy IDE quirk
[    1.136357] pci 0000:00:01.1: BAR 1 [io  0x03f6]: legacy IDE quirk
[    1.136555] pci 0000:00:01.1: BAR 2 [io  0x0170-0x0177]: legacy IDE quirk
[    1.142791] pci 0000:00:01.1: BAR 3 [io  0x0376]: legacy IDE quirk
[    1.143971] pci 0000:00:01.3: [8086:7113] type 00 class 0x068000 conventional PCI endpoint
[    1.144602] pci 0000:00:01.3: quirk: [io  0x0600-0x063f] claimed by PIIX4 ACPI
[    1.144852] pci 0000:00:01.3: quirk: [io  0x0700-0x070f] claimed by PIIX4 SMB
[    1.153691] pci 0000:00:02.0: [1234:1111] type 00 class 0x030000 conventional PCI endpoint
[    1.154545] pci 0000:00:02.0: BAR 0 [mem 0xfd000000-0xfdffffff pref]
[    1.155908] pci 0000:00:02.0: BAR 2 [mem 0xfeb90000-0xfeb90fff]
[    1.166082] pci 0000:00:02.0: ROM [mem 0xfeb80000-0xfeb8ffff pref]
[    1.166610] pci 0000:00:02.0: Video device with shadowed ROM at [mem 0x000c0000-0x000dffff]
[    1.167681] pci 0000:00:03.0: [1af4:1000] type 00 class 0x020000 conventional PCI endpoint
[    1.173447] pci 0000:00:03.0: BAR 0 [io  0xc080-0xc09f]
[    1.176484] pci 0000:00:03.0: BAR 4 [mem 0xfe000000-0xfe003fff 64bit pref]
[    1.177369] pci 0000:00:03.0: ROM [mem 0xfea80000-0xfeafffff pref]
[    1.185556] pci 0000:00:04.0: [1af4:1005] type 00 class 0x00ff00 conventional PCI endpoint
[    1.187952] pci 0000:00:04.0: BAR 0 [io  0xc0a0-0xc0bf]
[    1.189830] pci 0000:00:04.0: BAR 1 [mem 0xfeb91000-0xfeb91fff]
[    1.192057] pci 0000:00:04.0: BAR 4 [mem 0xfe004000-0xfe007fff 64bit pref]
[    1.196586] pci 0000:00:05.0: [1af4:1000] type 00 class 0x020000 conventional PCI endpoint
[    1.198371] pci 0000:00:05.0: BAR 0 [io  0xc0c0-0xc0df]
[    1.201152] pci 0000:00:05.0: BAR 1 [mem 0xfeb92000-0xfeb92fff]
[    1.203498] pci 0000:00:05.0: BAR 4 [mem 0xfe008000-0xfe00bfff 64bit pref]
[    1.204388] pci 0000:00:05.0: ROM [mem 0xfeb00000-0xfeb7ffff pref]
[    1.211773] pci 0000:00:06.0: [1af4:1001] type 00 class 0x010000 conventional PCI endpoint
[    1.213213] pci 0000:00:06.0: BAR 0 [io  0xc000-0xc07f]
[    1.214043] pci 0000:00:06.0: BAR 1 [mem 0xfeb93000-0xfeb93fff]
[    1.219679] pci 0000:00:06.0: BAR 4 [mem 0xfe00c000-0xfe00ffff 64bit pref]
[    1.229595] ACPI: PCI: Interrupt link LNKA configured for IRQ 10
[    1.230661] ACPI: PCI: Interrupt link LNKB configured for IRQ 10
[    1.231269] ACPI: PCI: Interrupt link LNKC configured for IRQ 11
[    1.231819] ACPI: PCI: Interrupt link LNKD configured for IRQ 11
[    1.232198] ACPI: PCI: Interrupt link LNKS configured for IRQ 9
[    1.244847] iommu: Default domain type: Translated
[    1.245072] iommu: DMA domain TLB invalidation policy: lazy mode
[    1.247613] SCSI subsystem initialized
[    1.248683] ACPI: bus type USB registered
[    1.249192] usbcore: registered new interface driver usbfs
[    1.251640] usbcore: registered new interface driver hub
[    1.252150] usbcore: registered new device driver usb
[    1.252897] pps_core: LinuxPPS API ver. 1 registered
[    1.253070] pps_core: Software ver. 5.3.6 - Copyright 2005-2007 Rodolfo Giometti <giometti@linux.it>
[    1.262111] PTP clock support registered
[    1.274010] PCI: Using ACPI for IRQ routing
[    1.276384] hpet0: at MMIO 0xfed00000, IRQs 2, 8, 0
[    1.276692] hpet0: 3 comparators, 64-bit 100.000000 MHz counter
[    1.282374] clocksource: Switched to clocksource tsc-early
[    1.282374] pnp: PnP ACPI init
[    1.282374] pnp: PnP ACPI: found 6 devices
[    1.293451] clocksource: acpi_pm: mask: 0xffffff max_cycles: 0xffffff, max_idle_ns: 2085701024 ns
[    1.294774] NET: Registered PF_INET protocol family
[    1.295968] IP idents hash table entries: 2048 (order: 2, 16384 bytes, linear)
[    1.301584] tcp_listen_portaddr_hash hash table entries: 256 (order: 0, 4096 bytes, linear)
[    1.304392] Table-perturb hash table entries: 65536 (order: 6, 262144 bytes, linear)
[    1.304815] TCP established hash table entries: 1024 (order: 1, 8192 bytes, linear)
[    1.305195] TCP bind hash table entries: 1024 (order: 3, 32768 bytes, linear)
[    1.315215] TCP: Hash tables configured (established 1024 bind 1024)
[    1.317545] MPTCP token hash table entries: 256 (order: 1, 6144 bytes, linear)
[    1.318057] UDP hash table entries: 256 (order: 1, 8192 bytes, linear)
[    1.318464] UDP-Lite hash table entries: 256 (order: 1, 8192 bytes, linear)
[    1.327414] NET: Registered PF_UNIX/PF_LOCAL protocol family
[    1.328604] pci_bus 0000:00: resource 4 [io  0x0000-0x0cf7 window]
[    1.328815] pci_bus 0000:00: resource 5 [io  0x0d00-0xffff window]
[    1.328984] pci_bus 0000:00: resource 6 [mem 0x000a0000-0x000bffff window]
[    1.336563] pci_bus 0000:00: resource 7 [mem 0x08000000-0xfebfffff window]
[    1.336906] pci_bus 0000:00: resource 8 [mem 0x100000000-0x17fffffff window]
[    1.337657] pci 0000:00:01.0: PIIX3: Enabling Passive Release
[    1.347433] pci 0000:00:00.0: Limiting direct PCI/PCI transfers
[    1.347881] PCI: CLS 0 bytes, default 64
[    1.367688] workingset: timestamp_bits=46 max_order=15 bucket_order=0
[    1.370123] squashfs: version 4.0 (2009/01/31) Phillip Lougher
[    1.372855] Block layer SCSI generic (bsg) driver version 0.4 loaded (major 247)
[    1.376496] hv_vmbus: registering driver hyperv_fb
[    1.381510] input: Power Button as /devices/LNXSYSTM:00/LNXPWRBN:00/input/input0
[    1.390538] ACPI: button: Power Button [PWRF]
[    1.545064] ACPI: \_SB_.LNKC: Enabled at IRQ 11
[    1.687074] ACPI: \_SB_.LNKD: Enabled at IRQ 10
[    1.826858] ACPI: \_SB_.LNKA: Enabled at IRQ 10
[    1.966667] ACPI: \_SB_.LNKB: Enabled at IRQ 11
[    1.968580] Serial: 8250/16550 driver, 16 ports, IRQ sharing enabled
[    1.993572] 00:04: ttyS0 at I/O 0x3f8 (irq = 4, base_baud = 115200) is a 16550A
[    2.017377] Non-volatile memory driver v1.3
[    2.028934] Linux agpgart interface v0.103
[    2.030025] ACPI: bus type drm_connector registered
[    2.033168] [drm] Found bochs VGA, ID 0xb0c5.
[    2.033383] [drm] Framebuffer size 16384 kB @ 0xfd000000, mmio @ 0xfeb90000.
[    2.039194] [drm] Found EDID data blob.
[    2.044855] [drm] Initialized bochs-drm 1.0.0 for 0000:00:02.0 on minor 0
[    2.104603] Console: switching to colour frame buffer device 160x50
[    2.113302] bochs-drm 0000:00:02.0: [drm] fb0: bochs-drmdrmfb frame buffer device
[    2.143802] loop: module loaded
[    2.144557] virtio_blk virtio3: 1/0/0 default/read/poll queues
[    2.149141] virtio_blk virtio3: [vda] 246784 512-byte logical blocks (126 MB/121 MiB)
[    2.158276]  vda: vda1 vda2
[    2.160392] Guest personality initialized and is inactive
[    2.160951] VMCI host device registered (name=vmci, major=10, minor=256)
[    2.161170] Initialized host personality
[    2.161510] usbcore: registered new interface driver rtsx_usb
[    2.169718] VMware PVSCSI driver - version 1.0.7.0-k
[    2.170023] hv_vmbus: registering driver hv_storvsc
[    2.184935] scsi host0: ata_piix
[    2.187452] scsi host1: ata_piix
[    2.188350] ata1: PATA max MWDMA2 cmd 0x1f0 ctl 0x3f6 bmdma 0xc0e0 irq 14 lpm-pol 0
[    2.188624] ata2: PATA max MWDMA2 cmd 0x170 ctl 0x376 bmdma 0xc0e8 irq 15 lpm-pol 0
[    2.197667] VMware vmxnet3 virtual NIC driver - version 1.9.0.0-k-NAPI
[    2.198212] hv_vmbus: registering driver hv_netvsc
[    2.198606] Fusion MPT base driver 3.04.20
[    2.198753] Copyright (c) 1999-2008 LSI Corporation
[    2.199094] Fusion MPT SPI Host driver 3.04.20
[    2.208660] Fusion MPT SAS Host driver 3.04.20
[    2.211029] usbcore: registered new interface driver usb-storage
[    2.212250] i8042: PNP: PS/2 Controller [PNP0303:KBD,PNP0f13:MOU] at 0x60,0x64 irq 1,12
[    2.215698] serio: i8042 KBD port at 0x60,0x64 irq 1
[    2.216065] serio: i8042 AUX port at 0x60,0x64 irq 12
[    2.222302] hv_vmbus: registering driver hyperv_keyboard
[    2.224837] rtc_cmos 00:05: RTC can wake from S4
[    2.229793] rtc_cmos 00:05: registered as rtc0
[    2.232678] rtc_cmos 00:05: setting system clock to 2026-03-30T21:00:51 UTC (1774904451)
[    2.234947] rtc_cmos 00:05: alarms up to one day, y3k, 242 bytes nvram, hpet irqs
[    2.237364] intel_powerclamp: CPU does not support MWAIT
[    2.242939] amd_pstate: the _CPC object is not present in SBIOS or ACPI disabled
[    2.245226] sdhci: Secure Digital Host Controller Interface driver
[    2.246947] sdhci: Copyright(c) Pierre Ossman
[    2.249041] VUB300 Driver rom wait states = 1C irqpoll timeout = 0400
[    2.255928] input: AT Translated Set 2 keyboard as /devices/platform/i8042/serio0/input/input1
[    2.277689] usbcore: registered new interface driver vub300
[    2.279868] usbcore: registered new interface driver ushc
[    2.287757] hid: raw HID events driver (C) Jiri Kosina
[    2.290419] hv_vmbus: registering driver hid_hyperv
[    2.293106] usbcore: registered new interface driver usbhid
[    2.294881] usbhid: USB HID core driver
[    2.296759] hv_utils: Registering HyperV Utility Driver
[    2.298497] hv_vmbus: registering driver hv_utils
[    2.300218] hv_vmbus: registering driver hv_balloon
[    2.304449] NET: Registered PF_INET6 protocol family
[    2.319051] Segment Routing with IPv6
[    2.320980] In-situ OAM (IOAM) with IPv6
[    2.323386] NET: Registered PF_PACKET protocol family
[    2.325624] bridge: filtering via arp/ip/ip6tables is no longer available by default. Update your scripts to load br_netfilter if you need this.
[    2.335260] 8021q: 802.1Q VLAN Support v1.8
[    2.337677] NET: Registered PF_VSOCK protocol family
[    2.346594] IPI shorthand broadcast: enabled
[    2.353290] AES CTR mode by8 optimization enabled
[    2.371244] sched_clock: Marking stable (2100129600, 262339723)->(2375986752, -13517429)
[    2.425078] ata2: found unknown device (class 0)
[    2.446322] tsc: Refined TSC clocksource calibration: 2793.455 MHz
[    2.448804] clocksource: tsc: mask: 0xffffffffffffffff max_cycles: 0x284419b0ed4, max_idle_ns: 440795234815 ns
[    2.451408] clocksource: Switched to clocksource tsc
[    2.461262] ata2.00: ATAPI: QEMU DVD-ROM, 2.5+, max UDMA/100
[    2.477518] scsi 1:0:0:0: CD-ROM            QEMU     QEMU DVD-ROM     2.5+ PQ: 0 ANSI: 5
[    2.488018] clk: Disabling unused clocks
[    2.544372] sr 1:0:0:0: [sr0] scsi3-mmc drive: 4x/4x cd/rw xa/form2 tray
[    2.546996] cdrom: Uniform CD-ROM driver Revision: 3.20
[    2.605646] VFS: Mounted root (squashfs filesystem) readonly on device 254:2.
[    2.666498] Freeing unused kernel image (initmem) memory: 1496K
[    2.669136] Write protecting the kernel read-only data: 18432k
[    2.672200] Freeing unused kernel image (rodata/data gap) memory: 116K
[    2.674671] Run /sbin/init as init process
[    2.960633] init: Console is alive
[    3.624868] kmodloader: loading kernel modules from /etc/modules-boot.d/*
[    3.694586] button_hotplug: loading out-of-tree module taints kernel.
[    3.701397] Button Hotplug driver version 0.4.1
[    3.720875] Intel(R) 2.5G Ethernet Linux Driver
[    3.723238] Copyright(c) 2018 Intel Corporation.
[    3.737940] igb: Intel(R) Gigabit Ethernet Network Driver
[    3.740168] igb: Copyright (c) 2007-2014 Intel Corporation.
[    3.755748] e1000e: Intel(R) PRO/1000 Network Driver
[    3.757966] e1000e: Copyright(c) 1999 - 2015 Intel Corporation.
[    3.771293] kmodloader: done loading kernel modules from /etc/modules-boot.d/*
[    3.784264] init: - preinit -
[    4.836667] 8021q: adding VLAN 0 to HW filter on device eth0
Press the [f] key and hit [enter] to enter failsafe mode
Press the [1], [2], [3] or [4] key and hit [enter] to select the debug level
[    9.528590] loop0: detected capacity change from 0 to 212992
[    9.582742] loop0: detected capacity change from 212992 to 196224
[    9.596199] mount_root: overlay filesystem in /dev/loop0 has not been formatted yet
[    9.932629] EXT4-fs (loop0): mounted filesystem b8dbff3a-a804-4b89-9fd4-72dbd5196b58 r/w with ordered data mode. Quota mode: disabled.
[    9.946833] mount_root: overlay filesystem has not been fully initialized yet
[    9.965625] mount_root: switching to ext4 overlay
[    9.986958] overlayfs: null uuid detected in lower fs '/', falling back to xino=off,index=off,nfs_export=off.
[   10.737271] EXT4-fs (vda1): mounted filesystem 84173db5-fa99-e35a-95c6-28613cc79ea9 r/w without journal. Quota mode: disabled.
[   10.764521] urandom-seed: Seed file not found (/etc/urandom.seed)
[   10.922222] procd: - early -
[   11.676240] procd: - ubus -
[   11.857438] procd: - init -
Please press Enter to activate this console.
root
login[1050]: root login on 'ttyS0'


BusyBox v1.37.0 (2026-03-29 16:52:41 UTC) built-in shell (ash)

  _______                     ________        __
 |       |.-----.-----.-----.|  |  |  |.----.|  |_
 |   -   ||  _  |  -__|     ||  |  |  ||   _||   _|
 |_______||   __|_____|__|__||________||__|  |____|
          |__| W I R E L E S S   F R E E D O M
 -----------------------------------------------------
 OpenWrt SNAPSHOT, r33710-598b90107e
 -----------------------------------------------------

 === WARNING! =====================================
 There is no root password defined on this device!
 Use the "passwd" command to set up a new password
 in order to prevent unauthorized SSH logins.
 --------------------------------------------------

  ___   __ __                _______             __
 |   |_|__|  |--.----.-----.|   |   |-----.-----|  |--.
 |     |  |  _  |   _|  -__||       |  -__|__ --|     |
 |_____|__|_____|__| |_____||__|_|__|_____|_____|__|__|

 ------------------------------------------------------
 LiMe master development (master rev. 7929208 20260304_1752)
 ------------------------------------------------------
 https://libremesh.org
 ------------------------------------------------------

 === System Notes =================================================

 = edit via http://thisnode.info/app/#/notes or /etc/banner.notes =

root@(none):~# dmesg -n 1
root@(none):~# echo 'PNVH''CMYQZY'
PNVHCMYQZY
root@(none):~# run() { echo -n "$MARKER"; sh -c "$@"; echo "$MARKER $?"; }
root@(none):~# echo 'KUOJ''ZUFVTW'
KUOJZUFVTW
root@(none):~# MARKER='ZTTZ''KQPUXJ' run 'ubus wait_for network.interface.lan'
ZTTZKQPUXJ