Labgrid Console Logfile for main
Logfile started at 2026-03-03 02:54:35.933055
=== Log starts here ===
c[?7l[2J[0mSeaBIOS (version 1.16.3-debian-1.16.3-2)


iPXE (https://ipxe.org) 00:03.0 CA00 PCI2.10 PnP PMM+06FCAE70+06F0AE70 CA00
Press Ctrl-B to configure iPXE (PCI 00:03.0)...                                                                               




iPXE (https://ipxe.org) 00:05.0 CB00 PCI2.10 PnP PMM 06FCAE70 06F0AE70 CB00
Press Ctrl-B to configure iPXE (PCI 00:05.0)...                                                                               


Booting from Hard Disk...
GRUB loading.....
[0;30;47mWelcome to GRUB![01;01H[0m[2J[H[J[1;1H[?25l[m[H[J[1;1H[2;30HGNU GRUB  version 2.12

[m[4;2H+----------------------------------------------------------------------------+[5;2H|[5;79H|[6;2H|[6;79H|[7;2H|[7;79H|[8;2H|[8;79H|[9;2H|[9;79H|[10;2H|[10;79H|[11;2H|[11;79H|[12;2H|[12;79H|[13;2H|[13;79H|[14;2H|[14;79H|[15;2H|[15;79H|[16;2H+----------------------------------------------------------------------------+[m[17;2H[18;2H[m     Use the ^ and v keys to select which entry is highlighted.          
      Press enter to boot the selected OS, `e' to edit the commands       
      before booting or `c' for a command-line. ESC to return             
      previous menu.                                                      [5;80H [7m[5;3H*OpenWrt                                                                    [m[5;78H[m[m[6;3H OpenWrt (failsafe)                                                         [m[6;78H[m[m[7;3H                                                                            [m[7;78H[m[m[8;3H                                                                            [m[8;78H[m[m[9;3H                                                                            [m[9;78H[m[m[10;3H                                                                            [m[10;78H[m[m[11;3H                                                                            [m[11;78H[m[m[12;3H                                                                            [m[12;78H[m[m[13;3H                                                                            [m[13;78H[m[m[14;3H                                                                            [m[14;78H[m[m[15;3H                                                                            [m[15;78H[m[15;80H [5;78H[2J[02;30HGNU GRUB  version 2.12[04;02H┌─────────────────────────────────────────────────[04;51H[04;52H───────────────────────────┐[05;02H│[05;79H│[06;02H│[06;79H│[07;02H│[07;79H│[08;02H│[08;79H│[09;02H│[09;79H│[10;02H│[10;79H│[11;02H│[11;79H│[12;02H│[12;79H│[13;02H│[13;79H│[14;02H│[14;79H│[15;02H│[15;79H│[16;02H│[16;79H│[17;02H└────────────────────────────────────────────────────────────────────────────┘[19;02H     Use the ↑ and ↓ keys to select which entry is highlighted.          
      Press enter to boot the selected OS, `e' to edit the commands       
      before booting or `c' for a command-line. ESC to return             
      previous menu.                                                      [05;80H [05;03H[0;30;47m*OpenWrt                                                                    [06;03H[0m OpenWrt (failsafe)                                                         [07;03H                                                                            [08;03H                                                                            [09;03H                                             [09;47H[09;48H                               [10;03H                                                                            [11;03H                                                                            [12;03H                                                                            [13;03H                                                                            [14;03H                                                               [14;65H[14;66H             [15;03H                                                                            [16;03H                                                                            [16;80H 






   The highlighted entry will be executed automatically in 5s.                [22;1H   The highlighted entry will be executed automatically in 5s.                 [5;78H [05;78H

















   The highlighted entry will be executed automatically in 4s.                [22;1H   The highlighted entry will be executed automatically in 4s.                 [5;78H [05;78H

















   The highlighted entry will be executed automatically in 3s.                [22;1H   The highlighted entry will be executed automatically in 3s.                 [5;78H [05;78H

















   The highlighted entry will be executed automatically in 2s.                [22;1H   The highlighted entry will be executed automatically in 2s.                 [5;78H [05;78H

















   The highlighted entry will be executed automatically in 1s.                [22;1H   The highlighted entry will be executed automatically in 1s.                 [5;78H [05;78H

















   The highlighted entry will be executed automatically in 0s.                [22;1H   The highlighted entry will be executed automatically in 0s.                 [5;78H [01;01H[2J[?25h[H[J[1;1H[H[J[1;1H[2J   Booting `OpenWrt' Booting `OpenWrt

'

[    0.000000] Linux version 6.12.74 (builder@buildhost) (x86_64-openwrt-linux-musl-gcc (OpenWrt GCC 14.3.0 r33272-3207627eab) 14.3.0, GNU ld (GNU Binutils) 2.44) #0 SMP Mon Mar  2 17:18:05 2026
[    0.000000] Command line: BOOT_IMAGE=/boot/vmlinuz root=PARTUUID=d50a92d3-02 rootwait console=tty1 console=ttyS0,115200n8 noinitrd
[    0.000000] BIOS-provided physical RAM map:
[    0.000000] BIOS-e820: [mem 0x0000000000000000-0x000000000009fbff] usable
[    0.000000] BIOS-e820: [mem 0x000000000009fc00-0x000000000009ffff] reserved
[    0.000000] BIOS-e820: [mem 0x00000000000f0000-0x00000000000fffff] reserved
[    0.000000] BIOS-e820: [mem 0x0000000000100000-0x0000000007fdcfff] usable
[    0.000000] BIOS-e820: [mem 0x0000000007fdd000-0x0000000007ffffff] reserved
[    0.000000] BIOS-e820: [mem 0x00000000fffc0000-0x00000000ffffffff] reserved
[    0.000000] BIOS-e820: [mem 0x000000fd00000000-0x000000ffffffffff] reserved
[    0.000000] NX (Execute Disable) protection: active
[    0.000000] APIC: Static calls initialized
[    0.000000] SMBIOS 3.0.0 present.
[    0.000000] DMI: QEMU Standard PC (i440FX + PIIX, 1996), BIOS 1.16.3-debian-1.16.3-2 04/01/2014
[    0.000000] DMI: Memory slots populated: 1/1
[    0.000000] tsc: Fast TSC calibration using PIT
[    0.000000] tsc: Detected 2793.438 MHz processor
[    0.006569] last_pfn = 0x7fdd max_arch_pfn = 0x400000000
[    0.007198] MTRR map: 4 entries (3 fixed + 1 variable; max 19), built from 8 variable MTRRs
[    0.007372] x86/PAT: Configuration [0-7]: WB  WC  UC- UC  WB  WP  UC- WT  
[    0.026019] found SMP MP-table at [mem 0x000f5460-0x000f546f]
[    0.027393] Using GB pages for direct mapping
[    0.031547] ACPI: Early table checksum verification disabled
[    0.032199] ACPI: RSDP 0x00000000000F5290 000014 (v00 BOCHS )
[    0.032518] ACPI: RSDT 0x0000000007FE1C64 000034 (v01 BOCHS  BXPC     00000001 BXPC 00000001)
[    0.033030] ACPI: FACP 0x0000000007FE1B18 000074 (v01 BOCHS  BXPC     00000001 BXPC 00000001)
[    0.033639] ACPI: DSDT 0x0000000007FE0040 001AD8 (v01 BOCHS  BXPC     00000001 BXPC 00000001)
[    0.033713] ACPI: FACS 0x0000000007FE0000 000040
[    0.033764] ACPI: APIC 0x0000000007FE1B8C 000078 (v03 BOCHS  BXPC     00000001 BXPC 00000001)
[    0.033785] ACPI: HPET 0x0000000007FE1C04 000038 (v01 BOCHS  BXPC     00000001 BXPC 00000001)
[    0.033805] ACPI: WAET 0x0000000007FE1C3C 000028 (v01 BOCHS  BXPC     00000001 BXPC 00000001)
[    0.033879] ACPI: Reserving FACP table memory at [mem 0x7fe1b18-0x7fe1b8b]
[    0.033931] ACPI: Reserving DSDT table memory at [mem 0x7fe0040-0x7fe1b17]
[    0.033939] ACPI: Reserving FACS table memory at [mem 0x7fe0000-0x7fe003f]
[    0.033945] ACPI: Reserving APIC table memory at [mem 0x7fe1b8c-0x7fe1c03]
[    0.033951] ACPI: Reserving HPET table memory at [mem 0x7fe1c04-0x7fe1c3b]
[    0.033957] ACPI: Reserving WAET table memory at [mem 0x7fe1c3c-0x7fe1c63]
[    0.036905] Zone ranges:
[    0.036938]   DMA      [mem 0x0000000000001000-0x0000000000ffffff]
[    0.037020]   DMA32    [mem 0x0000000001000000-0x0000000007fdcfff]
[    0.037031]   Normal   empty
[    0.037058] Movable zone start for each node
[    0.037092] Early memory node ranges
[    0.037119]   node   0: [mem 0x0000000000001000-0x000000000009efff]
[    0.037174]   node   0: [mem 0x0000000000100000-0x0000000007fdcfff]
[    0.037301] Initmem setup node 0 [mem 0x0000000000001000-0x0000000007fdcfff]
[    0.038363] On node 0, zone DMA: 1 pages in unavailable ranges
[    0.038836] On node 0, zone DMA: 97 pages in unavailable ranges
[    0.040821] On node 0, zone DMA32: 35 pages in unavailable ranges
[    0.041202] ACPI: PM-Timer IO Port: 0x608
[    0.041625] ACPI: LAPIC_NMI (acpi_id[0xff] dfl dfl lint[0x1])
[    0.042040] IOAPIC[0]: apic_id 0, version 32, address 0xfec00000, GSI 0-23
[    0.042164] ACPI: INT_SRC_OVR (bus 0 bus_irq 0 global_irq 2 dfl dfl)
[    0.042427] ACPI: INT_SRC_OVR (bus 0 bus_irq 5 global_irq 5 high level)
[    0.042476] ACPI: INT_SRC_OVR (bus 0 bus_irq 9 global_irq 9 high level)
[    0.042574] ACPI: INT_SRC_OVR (bus 0 bus_irq 10 global_irq 10 high level)
[    0.042582] ACPI: INT_SRC_OVR (bus 0 bus_irq 11 global_irq 11 high level)
[    0.042769] ACPI: Using ACPI (MADT) for SMP configuration information
[    0.042813] ACPI: HPET id: 0x8086a201 base: 0xfed00000
[    0.043224] CPU topo: Max. logical packages:   1
[    0.043242] CPU topo: Max. logical dies:       1
[    0.043251] CPU topo: Max. dies per package:   1
[    0.043295] CPU topo: Max. threads per core:   1
[    0.043460] CPU topo: Num. cores per package:     1
[    0.043475] CPU topo: Num. threads per package:   1
[    0.043483] CPU topo: Allowing 1 present CPUs plus 0 hotplug CPUs
[    0.044609] [mem 0x08000000-0xfffbffff] available for PCI devices
[    0.044678] Booting paravirtualized kernel on bare hardware
[    0.045020] clocksource: refined-jiffies: mask: 0xffffffff max_cycles: 0xffffffff, max_idle_ns: 19112604462750000 ns
[    0.045726] setup_percpu: NR_CPUS:512 nr_cpumask_bits:1 nr_cpu_ids:1 nr_node_ids:1
[    0.047615] percpu: Embedded 50 pages/cpu s166808 r8192 d29800 u2097152
[    0.049935] Kernel command line: BOOT_IMAGE=/boot/vmlinuz root=PARTUUID=d50a92d3-02 rootwait console=tty1 console=ttyS0,115200n8 noinitrd
[    0.051546] random: crng init done
[    0.055619] Dentry cache hash table entries: 16384 (order: 5, 131072 bytes, linear)
[    0.056464] Inode-cache hash table entries: 8192 (order: 4, 65536 bytes, linear)
[    0.058946] Built 1 zonelists, mobility grouping on.  Total pages: 32635
[    0.059181] mem auto-init: stack:off, heap alloc:off, heap free:off
[    0.069051] SLUB: HWalign=64, Order=0-3, MinObjects=0, CPUs=1, Nodes=1
[    0.077533] rcu: Hierarchical RCU implementation.
[    0.077571] rcu: 	RCU restricting CPUs from NR_CPUS=512 to nr_cpu_ids=1.
[    0.077721] 	Tracing variant of Tasks RCU enabled.
[    0.077819] rcu: RCU calculated value of scheduler-enlistment delay is 10 jiffies.
[    0.077851] rcu: Adjusting geometry for rcu_fanout_leaf=16, nr_cpu_ids=1
[    0.079016] RCU Tasks Trace: Setting shift to 0 and lim to 1 rcu_task_cb_adjust=1 rcu_task_cpu_ids=1.
[    0.079160] NR_IRQS: 33024, nr_irqs: 256, preallocated irqs: 16
[    0.087990] rcu: srcu_init: Setting srcu_struct sizes based on contention.
[    0.095001] Console: colour VGA+ 80x25
[    0.095450] printk: legacy console [tty1] enabled
[    0.103702] printk: legacy console [ttyS0] enabled
[    0.357126] ACPI: Core revision 20240827
[    0.362749] clocksource: hpet: mask: 0xffffffff max_cycles: 0xffffffff, max_idle_ns: 19112604467 ns
[    0.367709] APIC: Switch to symmetric I/O mode setup
[    0.372226] ..TIMER: vector=0x30 apic1=0 pin1=2 apic2=-1 pin2=-1
[    0.414650] clocksource: tsc-early: mask: 0xffffffffffffffff max_cycles: 0x284409db922, max_idle_ns: 440795228871 ns
[    0.415311] Calibrating delay loop (skipped), value calculated using timer frequency.. 5586.87 BogoMIPS (lpj=27934380)
[    0.417112] x86/cpu: User Mode Instruction Prevention (UMIP) activated
[    0.435694] Last level iTLB entries: 4KB 0, 2MB 0, 4MB 0
[    0.436116] Last level dTLB entries: 4KB 0, 2MB 0, 4MB 0, 1GB 0
[    0.437213] Spectre V1 : Mitigation: usercopy/swapgs barriers and __user pointer sanitization
[    0.438200] Spectre V2 : Mitigation: Retpolines
[    0.438397] Spectre V2 : Spectre v2 / SpectreRSB: Filling RSB on context switch and VMEXIT
[    0.438747] Speculative Store Bypass: Vulnerable
[    0.447471] x86/fpu: Supporting XSAVE feature 0x001: 'x87 floating point registers'
[    0.452223] x86/fpu: Supporting XSAVE feature 0x002: 'SSE registers'
[    0.456289] x86/fpu: Supporting XSAVE feature 0x004: 'AVX registers'
[    0.456520] x86/fpu: Supporting XSAVE feature 0x008: 'MPX bounds registers'
[    0.457597] x86/fpu: Supporting XSAVE feature 0x010: 'MPX CSR'
[    0.458214] x86/fpu: xstate_offset[2]:  576, xstate_sizes[2]:  256
[    0.458705] x86/fpu: xstate_offset[3]:  960, xstate_sizes[3]:   64
[    0.458914] x86/fpu: xstate_offset[4]: 1024, xstate_sizes[4]:   64
[    0.465410] x86/fpu: Enabled xstate features 0x1f, context size is 1088 bytes, using 'standard' format.
[    0.684410] Freeing SMP alternatives memory: 40K
[    0.685267] pid_max: default: 32768 minimum: 301
[    0.695435] Mount-cache hash table entries: 512 (order: 0, 4096 bytes, linear)
[    0.695865] Mountpoint-cache hash table entries: 512 (order: 0, 4096 bytes, linear)
[    0.848317] smpboot: CPU0: AMD QEMU TCG CPU version 2.5+ (family: 0x6, model: 0x6, stepping: 0x3)
[    0.856126] Performance Events: PMU not available due to virtualization, using software events only.
[    0.857704] signal: max sigframe size: 1616
[    0.865980] rcu: Hierarchical SRCU implementation.
[    0.866270] rcu: 	Max phase no-delay instances is 1000.
[    0.883225] smp: Bringing up secondary CPUs ...
[    0.885063] smp: Brought up 1 node, 1 CPU
[    0.885910] smpboot: Total of 1 processors activated (5586.87 BogoMIPS)
[    0.892939] Memory: 103268K/130540K available (14336K kernel code, 1177K rwdata, 4000K rodata, 1500K init, 1296K bss, 25628K reserved, 0K cma-reserved)
[    0.905990] clocksource: jiffies: mask: 0xffffffff max_cycles: 0xffffffff, max_idle_ns: 19112604462750000 ns
[    0.906870] futex hash table entries: 256 (order: 2, 16384 bytes, linear)
[    0.908042] pinctrl core: initialized pinctrl subsystem
[    0.926110] NET: Registered PF_NETLINK/PF_ROUTE protocol family
[    0.932652] thermal_sys: Registered thermal governor 'step_wise'
[    0.932713] thermal_sys: Registered thermal governor 'user_space'
[    0.933852] cpuidle: using governor ladder
[    0.934316] cpuidle: using governor menu
[    0.937007] acpiphp: ACPI Hot Plug PCI Controller Driver version: 0.5
[    0.939842] PCI: Using configuration type 1 for base access
[    0.950791] cryptd: max_cpu_qlen set to 1000
[    0.956875] ACPI: Added _OSI(Module Device)
[    0.957105] ACPI: Added _OSI(Processor Device)
[    0.957242] ACPI: Added _OSI(Processor Aggregator Device)
[    0.971270] ACPI: 1 ACPI AML tables successfully acquired and loaded
[    0.988679] ACPI: Interpreter enabled
[    0.989494] ACPI: PM: (supports S0 S5)
[    0.989684] ACPI: Using IOAPIC for interrupt routing
[    0.990276] PCI: Using host bridge windows from ACPI; if necessary, use "pci=nocrs" and report a bug
[    0.990572] PCI: Using E820 reservations for host bridge windows
[    0.997126] ACPI: Enabled 2 GPEs in block 00 to 0F
[    1.033644] ACPI: PCI Root Bridge [PCI0] (domain 0000 [bus 00-ff])
[    1.034545] acpi PNP0A03:00: _OSC: OS supports [ASPM ClockPM Segments MSI HPX-Type3]
[    1.034938] acpi PNP0A03:00: _OSC: not requesting OS control; OS requires [ExtendedConfig ASPM ClockPM MSI]
[    1.035972] acpi PNP0A03:00: fail to add MMCONFIG information, can't access extended configuration space under this bridge
[    1.049569] acpiphp: Slot [3] registered
[    1.049922] acpiphp: Slot [4] registered
[    1.050151] acpiphp: Slot [5] registered
[    1.050386] acpiphp: Slot [6] registered
[    1.055477] acpiphp: Slot [7] registered
[    1.057389] acpiphp: Slot [8] registered
[    1.057615] acpiphp: Slot [9] registered
[    1.057823] acpiphp: Slot [10] registered
[    1.058055] acpiphp: Slot [11] registered
[    1.058265] acpiphp: Slot [12] registered
[    1.065472] acpiphp: Slot [13] registered
[    1.065876] acpiphp: Slot [14] registered
[    1.066293] acpiphp: Slot [15] registered
[    1.066526] acpiphp: Slot [16] registered
[    1.066738] acpiphp: Slot [17] registered
[    1.066959] acpiphp: Slot [18] registered
[    1.075521] acpiphp: Slot [19] registered
[    1.075923] acpiphp: Slot [20] registered
[    1.076293] acpiphp: Slot [21] registered
[    1.076526] acpiphp: Slot [22] registered
[    1.076741] acpiphp: Slot [23] registered
[    1.076952] acpiphp: Slot [24] registered
[    1.085522] acpiphp: Slot [25] registered
[    1.085961] acpiphp: Slot [26] registered
[    1.086329] acpiphp: Slot [27] registered
[    1.086554] acpiphp: Slot [28] registered
[    1.086785] acpiphp: Slot [29] registered
[    1.087004] acpiphp: Slot [30] registered
[    1.095536] acpiphp: Slot [31] registered
[    1.096284] PCI host bridge to bus 0000:00
[    1.096769] pci_bus 0000:00: root bus resource [io  0x0000-0x0cf7 window]
[    1.097145] pci_bus 0000:00: root bus resource [io  0x0d00-0xffff window]
[    1.097332] pci_bus 0000:00: root bus resource [mem 0x000a0000-0x000bffff window]
[    1.105412] pci_bus 0000:00: root bus resource [mem 0x08000000-0xfebfffff window]
[    1.105853] pci_bus 0000:00: root bus resource [mem 0x100000000-0x17fffffff window]
[    1.106307] pci_bus 0000:00: root bus resource [bus 00-ff]
[    1.116855] pci 0000:00:00.0: [8086:1237] type 00 class 0x060000 conventional PCI endpoint
[    1.127365] pci 0000:00:01.0: [8086:7000] type 00 class 0x060100 conventional PCI endpoint
[    1.128274] pci 0000:00:01.1: [8086:7010] type 00 class 0x010180 conventional PCI endpoint
[    1.134739] pci 0000:00:01.1: BAR 4 [io  0xc0e0-0xc0ef]
[    1.135834] pci 0000:00:01.1: BAR 0 [io  0x01f0-0x01f7]: legacy IDE quirk
[    1.136086] pci 0000:00:01.1: BAR 1 [io  0x03f6]: legacy IDE quirk
[    1.136327] pci 0000:00:01.1: BAR 2 [io  0x0170-0x0177]: legacy IDE quirk
[    1.143816] pci 0000:00:01.1: BAR 3 [io  0x0376]: legacy IDE quirk
[    1.145246] pci 0000:00:01.3: [8086:7113] type 00 class 0x068000 conventional PCI endpoint
[    1.145886] pci 0000:00:01.3: quirk: [io  0x0600-0x063f] claimed by PIIX4 ACPI
[    1.146141] pci 0000:00:01.3: quirk: [io  0x0700-0x070f] claimed by PIIX4 SMB
[    1.154981] pci 0000:00:02.0: [1234:1111] type 00 class 0x030000 conventional PCI endpoint
[    1.155902] pci 0000:00:02.0: BAR 0 [mem 0xfd000000-0xfdffffff pref]
[    1.157347] pci 0000:00:02.0: BAR 2 [mem 0xfeb90000-0xfeb90fff]
[    1.166981] pci 0000:00:02.0: ROM [mem 0xfeb80000-0xfeb8ffff pref]
[    1.167496] pci 0000:00:02.0: Video device with shadowed ROM at [mem 0x000c0000-0x000dffff]
[    1.168633] pci 0000:00:03.0: [1af4:1000] type 00 class 0x020000 conventional PCI endpoint
[    1.176338] pci 0000:00:03.0: BAR 0 [io  0xc080-0xc09f]
[    1.178861] pci 0000:00:03.0: BAR 4 [mem 0xfe000000-0xfe003fff 64bit pref]
[    1.179904] pci 0000:00:03.0: ROM [mem 0xfea80000-0xfeafffff pref]
[    1.185693] pci 0000:00:04.0: [1af4:1005] type 00 class 0x00ff00 conventional PCI endpoint
[    1.187051] pci 0000:00:04.0: BAR 0 [io  0xc0a0-0xc0bf]
[    1.188015] pci 0000:00:04.0: BAR 1 [mem 0xfeb91000-0xfeb91fff]
[    1.190750] pci 0000:00:04.0: BAR 4 [mem 0xfe004000-0xfe007fff 64bit pref]
[    1.196567] pci 0000:00:05.0: [1af4:1000] type 00 class 0x020000 conventional PCI endpoint
[    1.200111] pci 0000:00:05.0: BAR 0 [io  0xc0c0-0xc0df]
[    1.200970] pci 0000:00:05.0: BAR 1 [mem 0xfeb92000-0xfeb92fff]
[    1.203180] pci 0000:00:05.0: BAR 4 [mem 0xfe008000-0xfe00bfff 64bit pref]
[    1.204158] pci 0000:00:05.0: ROM [mem 0xfeb00000-0xfeb7ffff pref]
[    1.209346] pci 0000:00:06.0: [1af4:1001] type 00 class 0x010000 conventional PCI endpoint
[    1.210333] pci 0000:00:06.0: BAR 0 [io  0xc000-0xc07f]
[    1.215917] pci 0000:00:06.0: BAR 1 [mem 0xfeb93000-0xfeb93fff]
[    1.217905] pci 0000:00:06.0: BAR 4 [mem 0xfe00c000-0xfe00ffff 64bit pref]
[    1.229660] ACPI: PCI: Interrupt link LNKA configured for IRQ 10
[    1.230518] ACPI: PCI: Interrupt link LNKB configured for IRQ 10
[    1.231140] ACPI: PCI: Interrupt link LNKC configured for IRQ 11
[    1.231851] ACPI: PCI: Interrupt link LNKD configured for IRQ 11
[    1.232247] ACPI: PCI: Interrupt link LNKS configured for IRQ 9
[    1.235642] iommu: Default domain type: Translated
[    1.235849] iommu: DMA domain TLB invalidation policy: lazy mode
[    1.245058] SCSI subsystem initialized
[    1.246850] ACPI: bus type USB registered
[    1.247388] usbcore: registered new interface driver usbfs
[    1.247821] usbcore: registered new interface driver hub
[    1.248144] usbcore: registered new device driver usb
[    1.253675] pps_core: LinuxPPS API ver. 1 registered
[    1.253855] pps_core: Software ver. 5.3.6 - Copyright 2005-2007 Rodolfo Giometti <giometti@linux.it>
[    1.254202] PTP clock support registered
[    1.265568] PCI: Using ACPI for IRQ routing
[    1.268615] hpet0: at MMIO 0xfed00000, IRQs 2, 8, 0
[    1.269053] hpet0: 3 comparators, 64-bit 100.000000 MHz counter
[    1.274676] clocksource: Switched to clocksource tsc-early
[    1.274676] pnp: PnP ACPI init
[    1.277617] pnp: PnP ACPI: found 6 devices
[    1.295944] clocksource: acpi_pm: mask: 0xffffff max_cycles: 0xffffff, max_idle_ns: 2085701024 ns
[    1.297336] NET: Registered PF_INET protocol family
[    1.298570] IP idents hash table entries: 2048 (order: 2, 16384 bytes, linear)
[    1.304438] tcp_listen_portaddr_hash hash table entries: 256 (order: 0, 4096 bytes, linear)
[    1.306858] Table-perturb hash table entries: 65536 (order: 6, 262144 bytes, linear)
[    1.307358] TCP established hash table entries: 1024 (order: 1, 8192 bytes, linear)
[    1.307774] TCP bind hash table entries: 1024 (order: 3, 32768 bytes, linear)
[    1.317813] TCP: Hash tables configured (established 1024 bind 1024)
[    1.319904] MPTCP token hash table entries: 256 (order: 1, 6144 bytes, linear)
[    1.320432] UDP hash table entries: 256 (order: 1, 8192 bytes, linear)
[    1.320824] UDP-Lite hash table entries: 256 (order: 1, 8192 bytes, linear)
[    1.330492] NET: Registered PF_UNIX/PF_LOCAL protocol family
[    1.331813] pci_bus 0000:00: resource 4 [io  0x0000-0x0cf7 window]
[    1.332040] pci_bus 0000:00: resource 5 [io  0x0d00-0xffff window]
[    1.332214] pci_bus 0000:00: resource 6 [mem 0x000a0000-0x000bffff window]
[    1.339728] pci_bus 0000:00: resource 7 [mem 0x08000000-0xfebfffff window]
[    1.340082] pci_bus 0000:00: resource 8 [mem 0x100000000-0x17fffffff window]
[    1.340849] pci 0000:00:01.0: PIIX3: Enabling Passive Release
[    1.350655] pci 0000:00:00.0: Limiting direct PCI/PCI transfers
[    1.351105] PCI: CLS 0 bytes, default 64
[    1.372030] workingset: timestamp_bits=46 max_order=15 bucket_order=0
[    1.374636] squashfs: version 4.0 (2009/01/31) Phillip Lougher
[    1.377637] Block layer SCSI generic (bsg) driver version 0.4 loaded (major 247)
[    1.381339] hv_vmbus: registering driver hyperv_fb
[    1.386726] input: Power Button as /devices/LNXSYSTM:00/LNXPWRBN:00/input/input0
[    1.395553] ACPI: button: Power Button [PWRF]
[    1.537756] ACPI: \_SB_.LNKC: Enabled at IRQ 11
[    1.671737] ACPI: \_SB_.LNKD: Enabled at IRQ 10
[    1.803952] ACPI: \_SB_.LNKA: Enabled at IRQ 10
[    1.936524] ACPI: \_SB_.LNKB: Enabled at IRQ 11
[    1.938635] Serial: 8250/16550 driver, 16 ports, IRQ sharing enabled
[    1.963709] 00:04: ttyS0 at I/O 0x3f8 (irq = 4, base_baud = 115200) is a 16550A
[    1.987840] Non-volatile memory driver v1.3
[    1.999561] Linux agpgart interface v0.103
[    2.000624] ACPI: bus type drm_connector registered
[    2.003528] [drm] Found bochs VGA, ID 0xb0c5.
[    2.003728] [drm] Framebuffer size 16384 kB @ 0xfd000000, mmio @ 0xfeb90000.
[    2.011052] [drm] Found EDID data blob.
[    2.016543] [drm] Initialized bochs-drm 1.0.0 for 0000:00:02.0 on minor 0
[    2.076219] Console: switching to colour frame buffer device 160x50
[    2.085140] bochs-drm 0000:00:02.0: [drm] fb0: bochs-drmdrmfb frame buffer device
[    2.116263] loop: module loaded
[    2.117319] virtio_blk virtio3: 1/0/0 default/read/poll queues
[    2.122276] virtio_blk virtio3: [vda] 246784 512-byte logical blocks (126 MB/121 MiB)
[    2.131789]  vda: vda1 vda2
[    2.133965] Guest personality initialized and is inactive
[    2.134581] VMCI host device registered (name=vmci, major=10, minor=256)
[    2.134838] Initialized host personality
[    2.135174] usbcore: registered new interface driver rtsx_usb
[    2.143494] VMware PVSCSI driver - version 1.0.7.0-k
[    2.143833] hv_vmbus: registering driver hv_storvsc
[    2.159469] scsi host0: ata_piix
[    2.162013] scsi host1: ata_piix
[    2.162899] ata1: PATA max MWDMA2 cmd 0x1f0 ctl 0x3f6 bmdma 0xc0e0 irq 14 lpm-pol 0
[    2.163191] ata2: PATA max MWDMA2 cmd 0x170 ctl 0x376 bmdma 0xc0e8 irq 15 lpm-pol 0
[    2.174015] VMware vmxnet3 virtual NIC driver - version 1.9.0.0-k-NAPI
[    2.174669] hv_vmbus: registering driver hv_netvsc
[    2.175058] Fusion MPT base driver 3.04.20
[    2.175201] Copyright (c) 1999-2008 LSI Corporation
[    2.175573] Fusion MPT SPI Host driver 3.04.20
[    2.185233] Fusion MPT SAS Host driver 3.04.20
[    2.187594] usbcore: registered new interface driver usb-storage
[    2.188852] i8042: PNP: PS/2 Controller [PNP0303:KBD,PNP0f13:MOU] at 0x60,0x64 irq 1,12
[    2.192467] serio: i8042 KBD port at 0x60,0x64 irq 1
[    2.192854] serio: i8042 AUX port at 0x60,0x64 irq 12
[    2.198996] hv_vmbus: registering driver hyperv_keyboard
[    2.201507] rtc_cmos 00:05: RTC can wake from S4
[    2.206449] rtc_cmos 00:05: registered as rtc0
[    2.209246] rtc_cmos 00:05: setting system clock to 2026-03-03T02:54:46 UTC (1772506486)
[    2.211568] rtc_cmos 00:05: alarms up to one day, y3k, 242 bytes nvram, hpet irqs
[    2.214013] intel_powerclamp: CPU does not support MWAIT
[    2.219748] amd_pstate: the _CPC object is not present in SBIOS or ACPI disabled
[    2.222102] sdhci: Secure Digital Host Controller Interface driver
[    2.223892] sdhci: Copyright(c) Pierre Ossman
[    2.226092] VUB300 Driver rom wait states = 1C irqpoll timeout = 0400
[    2.232976] input: AT Translated Set 2 keyboard as /devices/platform/i8042/serio0/input/input1
[    2.255232] usbcore: registered new interface driver vub300
[    2.257645] usbcore: registered new interface driver ushc
[    2.265311] hid: raw HID events driver (C) Jiri Kosina
[    2.267944] hv_vmbus: registering driver hid_hyperv
[    2.270499] usbcore: registered new interface driver usbhid
[    2.272272] usbhid: USB HID core driver
[    2.274157] hv_utils: Registering HyperV Utility Driver
[    2.275924] hv_vmbus: registering driver hv_utils
[    2.277851] hv_vmbus: registering driver hv_balloon
[    2.281655] NET: Registered PF_INET6 protocol family
[    2.296399] Segment Routing with IPv6
[    2.298701] In-situ OAM (IOAM) with IPv6
[    2.300948] NET: Registered PF_PACKET protocol family
[    2.303211] bridge: filtering via arp/ip/ip6tables is no longer available by default. Update your scripts to load br_netfilter if you need this.
[    2.313180] 8021q: 802.1Q VLAN Support v1.8
[    2.315683] NET: Registered PF_VSOCK protocol family
[    2.324845] IPI shorthand broadcast: enabled
[    2.331579] AES CTR mode by8 optimization enabled
[    2.350721] sched_clock: Marking stable (2080105480, 266652554)->(2358447196, -11689162)
[    2.399459] ata2: found unknown device (class 0)
[    2.415089] ata2.00: ATAPI: QEMU DVD-ROM, 2.5+, max UDMA/100
[    2.437624] tsc: Refined TSC clocksource calibration: 2793.453 MHz
[    2.440132] clocksource: tsc: mask: 0xffffffffffffffff max_cycles: 0x2844181b96d, max_idle_ns: 440795300192 ns
[    2.442441] clocksource: Switched to clocksource tsc
[    2.457726] scsi 1:0:0:0: CD-ROM            QEMU     QEMU DVD-ROM     2.5+ PQ: 0 ANSI: 5
[    2.470819] clk: Disabling unused clocks
[    2.519129] sr 1:0:0:0: [sr0] scsi3-mmc drive: 4x/4x cd/rw xa/form2 tray
[    2.521880] cdrom: Uniform CD-ROM driver Revision: 3.20
[    2.580384] VFS: Mounted root (squashfs filesystem) readonly on device 254:2.
[    2.639986] Freeing unused kernel image (initmem) memory: 1500K
[    2.642642] Write protecting the kernel read-only data: 18432k
[    2.645801] Freeing unused kernel image (rodata/data gap) memory: 96K
[    2.648475] Run /sbin/init as init process
[    2.974070] init: Console is alive
[    3.728128] kmodloader: loading kernel modules from /etc/modules-boot.d/*
[    3.794993] button_hotplug: loading out-of-tree module taints kernel.
[    3.802967] Button Hotplug driver version 0.4.1
[    3.823583] Intel(R) 2.5G Ethernet Linux Driver
[    3.826267] Copyright(c) 2018 Intel Corporation.
[    3.842098] igb: Intel(R) Gigabit Ethernet Network Driver
[    3.844502] igb: Copyright (c) 2007-2014 Intel Corporation.
[    3.860873] e1000e: Intel(R) PRO/1000 Network Driver
[    3.863401] e1000e: Copyright(c) 1999 - 2015 Intel Corporation.
[    3.876598] kmodloader: done loading kernel modules from /etc/modules-boot.d/*
[    3.890094] init: - preinit -
[    5.011541] 8021q: adding VLAN 0 to HW filter on device eth0
Press the [f] key and hit [enter] to enter failsafe mode
Press the [1], [2], [3] or [4] key and hit [enter] to select the debug level
[    9.704853] loop0: detected capacity change from 0 to 212992
[    9.767186] loop0: detected capacity change from 212992 to 196352
[    9.780971] mount_root: overlay filesystem in /dev/loop0 has not been formatted yet
[   10.135340] EXT4-fs (loop0): mounted filesystem b78702ff-05a5-4f07-ad8b-6091ee8265dc r/w with ordered data mode. Quota mode: disabled.
[   10.149681] mount_root: overlay filesystem has not been fully initialized yet
[   10.168691] mount_root: switching to ext4 overlay
[   10.190017] overlayfs: null uuid detected in lower fs '/', falling back to xino=off,index=off,nfs_export=off.
[   10.968483] EXT4-fs (vda1): mounted filesystem 84173db5-fa99-e35a-95c6-28613cc79ea9 r/w without journal. Quota mode: disabled.
[   10.995530] urandom-seed: Seed file not found (/etc/urandom.seed)
[   11.164948] procd: - early -
[   11.928468] procd: - ubus -
[   12.112096] procd: - init -
Please press Enter to activate this console.
root
login[1044]: root login on 'ttyS0'


BusyBox v1.37.0 (2026-03-01 18:54:12 UTC) built-in shell (ash)

  _______                     ________        __
 |       |.-----.-----.-----.|  |  |  |.----.|  |_
 |   -   ||  _  |  -__|     ||  |  |  ||   _||   _|
 |_______||   __|_____|__|__||________||__|  |____|
          |__| W I R E L E S S   F R E E D O M
 -----------------------------------------------------
 OpenWrt SNAPSHOT, r33272-3207627eab
 -----------------------------------------------------

 === WARNING! =====================================
 There is no root password defined on this device!
 Use the "passwd" command to set up a new password
 in order to prevent unauthorized SSH logins.
 --------------------------------------------------

  ___   __ __                _______             __
 |   |_|__|  |--.----.-----.|   |   |-----.-----|  |--.
 |     |  |  _  |   _|  -__||       |  -__|__ --|     |
 |_____|__|_____|__| |_____||__|_|__|_____|_____|__|__|

 ------------------------------------------------------
 LiMe master development (master rev. 7929208 20260224_1304)
 ------------------------------------------------------
 https://libremesh.org
 ------------------------------------------------------

 === System Notes =================================================

 = edit via http://thisnode.info/app/#/notes or /etc/banner.notes =


 OpenWrt recently switched to the "apk" package manager!

 OPKG Command           APK Equivalent      Description
 ------------------------------------------------------------------
 opkg install <pkg>     apk add <pkg>       Install a package
 opkg remove <pkg>      apk del <pkg>       Remove a package
 opkg upgrade           apk upgrade         Upgrade all packages
 opkg files <pkg>       apk info -L <pkg>   List package contents
 opkg list-installed    apk info            List installed packages
 opkg update            apk update          Update package lists
 opkg search <pkg>      apk search <pkg>    Search for packages
 ------------------------------------------------------------------

For more information visit:
https://openwrt.org/docs/guide-user/additional-software/opkg-to-apk-cheatsheet

root@(none):~# dmesg -n 1
root@(none):~# echo 'EHXC''WXCBGQ'
EHXCWXCBGQ
root@(none):~# run() { echo -n "$MARKER"; sh -c "$@"; echo "$MARKER $?"; }
root@(none):~# echo 'JTBO''CCUUNT'
JTBOCCUUNT
root@(none):~# MARKER='TXNQ''JWUUQS' run 'ubus wait_for network.interface.lan'
TXNQJWUUQS