Labgrid Console Logfile for main
Logfile started at 2026-03-20 02:13:21.600747
=== Log starts here ===
c[?7l[2J[0mSeaBIOS (version 1.16.3-debian-1.16.3-2)


iPXE (https://ipxe.org) 00:03.0 CA00 PCI2.10 PnP PMM+06FCAE70+06F0AE70 CA00
Press Ctrl-B to configure iPXE (PCI 00:03.0)...                                                                               




iPXE (https://ipxe.org) 00:05.0 CB00 PCI2.10 PnP PMM 06FCAE70 06F0AE70 CB00
Press Ctrl-B to configure iPXE (PCI 00:05.0)...                                                                               


Booting from Hard Disk...
GRUB loading.....
[0;30;47mWelcome to GRUB![01;01H[0m[2J[H[J[1;1H[?25l[m[H[J[1;1H[2;30HGNU GRUB  version 2.12

[m[4;2H+----------------------------------------------------------------------------+[5;2H|[5;79H|[6;2H|[6;79H|[7;2H|[7;79H|[8;2H|[8;79H|[9;2H|[9;79H|[10;2H|[10;79H|[11;2H|[11;79H|[12;2H|[12;79H|[13;2H|[13;79H|[14;2H|[14;79H|[15;2H|[15;79H|[16;2H+----------------------------------------------------------------------------+[m[17;2H[18;2H[m     Use the ^ and v keys to select which entry is highlighted.          
      Press enter to boot the selected OS, `e' to edit the commands       
      before booting or `c' for a command-line. ESC to return             
      previous menu.                                                      [5;80H [7m[5;3H*OpenWrt                                                                    [m[5;78H[m[m[6;3H OpenWrt (failsafe)                                                         [m[6;78H[m[m[7;3H                                                                            [m[7;78H[m[m[8;3H                                                                            [m[8;78H[m[m[9;3H                                                                            [m[9;78H[m[m[10;3H                                                                            [m[10;78H[m[m[11;3H                                                                            [m[11;78H[m[m[12;3H                                                                            [m[12;78H[m[m[13;3H                                                                            [m[13;78H[m[m[14;3H                                                                            [m[14;78H[m[m[15;3H                                                                            [m[15;78H[m[15;80H [5;78H[2J[02;30HGNU GRUB  version 2.12[04;02H┌────────────────────────────────────────────────────────────────────────────┐[05;02H│[05;79H│[06;02H│[06;79H│[07;02H│[07;79H│[08;02H│[08;79H│[09;02H│[09;79H│[10;02H│[10;79H│[11;02H│[11;79H│[12;02H│[12;79H│[13;02H│[13;79H│[14;02H│[14;79H│[15;02H│[15;79H│[16;02H│[16;79H│[17;02H└────────────────────────────────────────────────────────────────────────────┘[19;02H     Use the ↑ and ↓ keys to select which entry is highlighted.          
      Press enter to boot the selected OS, `e' to edit the commands       
      before booting or `c' for a command[21;41H[21;42H-line. ESC to return             
      previous menu.                                                      [05;80H [05;03H[0;30;47m*OpenWrt                                                                    [06;03H[0m OpenWrt (failsafe)                                                         [07;03H                                                                            [08;03H                                                                            [09;03H                                                                            [10;03H                                                                            [11;03H                                                                            [12;03H                                                                            [13;03H                                                                            [14;03H                                                                            [15;03H                                                                            [16;03H                        [16;26H[16;27H                                                    [16;80H 






   The highlighted entry will be executed automatically in 5s.                [22;1H   The highlighted entry will be executed automatically in 5s.                 [5;78H [05;78H

















   The highlighted entry will be executed automatically in 4s.            [23;74H[23;75H    [22;1H   The highlighted entry will be executed automatically in 4s.                 [5;78H [05;78H

















   The highlighted entry will be executed automatically in 3s.                [22;1H   The highlighted entry will be executed automatically in 3s.                 [5;78H [05;78H

















   The highlighted entry will be executed automatically in 2s.                [22;1H   The highlighted entry will be executed automatically in 2s.                 [5;78H [05;78H

















   The highlighted entry will be executed automatically in 1s.                [22;1H   The highlighted entry will be executed automatically in 1s.                 [5;78H [05;78H

















   The highlighted entry will be executed automatically in 0s.                [22;1H   The highlighted entry will be executed automatically in 0s.                 [5;78H [01;01H[2J[?25h[H[J[1;1H[H[J[1;1H[2J   Booting `OpenWrt' Booting `OpenWrt

'

[    0.000000] Linux version 6.12.74 (builder@buildhost) (x86_64-openwrt-linux-musl-gcc (OpenWrt GCC 14.3.0 r33461-49715596f9) 14.3.0, GNU ld (GNU Binutils) 2.44) #0 SMP Thu Mar 19 16:30:43 2026
[    0.000000] Command line: BOOT_IMAGE=/boot/vmlinuz root=PARTUUID=5e83bc98-02 rootwait console=tty1 console=ttyS0,115200n8 noinitrd
[    0.000000] BIOS-provided physical RAM map:
[    0.000000] BIOS-e820: [mem 0x0000000000000000-0x000000000009fbff] usable
[    0.000000] BIOS-e820: [mem 0x000000000009fc00-0x000000000009ffff] reserved
[    0.000000] BIOS-e820: [mem 0x00000000000f0000-0x00000000000fffff] reserved
[    0.000000] BIOS-e820: [mem 0x0000000000100000-0x0000000007fdcfff] usable
[    0.000000] BIOS-e820: [mem 0x0000000007fdd000-0x0000000007ffffff] reserved
[    0.000000] BIOS-e820: [mem 0x00000000fffc0000-0x00000000ffffffff] reserved
[    0.000000] BIOS-e820: [mem 0x000000fd00000000-0x000000ffffffffff] reserved
[    0.000000] NX (Execute Disable) protection: active
[    0.000000] APIC: Static calls initialized
[    0.000000] SMBIOS 3.0.0 present.
[    0.000000] DMI: QEMU Standard PC (i440FX + PIIX, 1996), BIOS 1.16.3-debian-1.16.3-2 04/01/2014
[    0.000000] DMI: Memory slots populated: 1/1
[    0.000000] tsc: Fast TSC calibration using PIT
[    0.000000] tsc: Detected 2445.459 MHz processor
[    0.007401] last_pfn = 0x7fdd max_arch_pfn = 0x400000000
[    0.008041] MTRR map: 4 entries (3 fixed + 1 variable; max 19), built from 8 variable MTRRs
[    0.008214] x86/PAT: Configuration [0-7]: WB  WC  UC- UC  WB  WP  UC- WT  
[    0.027904] found SMP MP-table at [mem 0x000f5460-0x000f546f]
[    0.029299] Using GB pages for direct mapping
[    0.033745] ACPI: Early table checksum verification disabled
[    0.034115] ACPI: RSDP 0x00000000000F5290 000014 (v00 BOCHS )
[    0.034432] ACPI: RSDT 0x0000000007FE1C64 000034 (v01 BOCHS  BXPC     00000001 BXPC 00000001)
[    0.034961] ACPI: FACP 0x0000000007FE1B18 000074 (v01 BOCHS  BXPC     00000001 BXPC 00000001)
[    0.035550] ACPI: DSDT 0x0000000007FE0040 001AD8 (v01 BOCHS  BXPC     00000001 BXPC 00000001)
[    0.035625] ACPI: FACS 0x0000000007FE0000 000040
[    0.035675] ACPI: APIC 0x0000000007FE1B8C 000078 (v03 BOCHS  BXPC     00000001 BXPC 00000001)
[    0.035696] ACPI: HPET 0x0000000007FE1C04 000038 (v01 BOCHS  BXPC     00000001 BXPC 00000001)
[    0.035715] ACPI: WAET 0x0000000007FE1C3C 000028 (v01 BOCHS  BXPC     00000001 BXPC 00000001)
[    0.035790] ACPI: Reserving FACP table memory at [mem 0x7fe1b18-0x7fe1b8b]
[    0.035856] ACPI: Reserving DSDT table memory at [mem 0x7fe0040-0x7fe1b17]
[    0.035863] ACPI: Reserving FACS table memory at [mem 0x7fe0000-0x7fe003f]
[    0.035869] ACPI: Reserving APIC table memory at [mem 0x7fe1b8c-0x7fe1c03]
[    0.035875] ACPI: Reserving HPET table memory at [mem 0x7fe1c04-0x7fe1c3b]
[    0.035880] ACPI: Reserving WAET table memory at [mem 0x7fe1c3c-0x7fe1c63]
[    0.038923] Zone ranges:
[    0.038952]   DMA      [mem 0x0000000000001000-0x0000000000ffffff]
[    0.039030]   DMA32    [mem 0x0000000001000000-0x0000000007fdcfff]
[    0.039040]   Normal   empty
[    0.039057] Movable zone start for each node
[    0.039090] Early memory node ranges
[    0.039117]   node   0: [mem 0x0000000000001000-0x000000000009efff]
[    0.039170]   node   0: [mem 0x0000000000100000-0x0000000007fdcfff]
[    0.039295] Initmem setup node 0 [mem 0x0000000000001000-0x0000000007fdcfff]
[    0.040356] On node 0, zone DMA: 1 pages in unavailable ranges
[    0.040856] On node 0, zone DMA: 97 pages in unavailable ranges
[    0.043022] On node 0, zone DMA32: 35 pages in unavailable ranges
[    0.043372] ACPI: PM-Timer IO Port: 0x608
[    0.043775] ACPI: LAPIC_NMI (acpi_id[0xff] dfl dfl lint[0x1])
[    0.044202] IOAPIC[0]: apic_id 0, version 32, address 0xfec00000, GSI 0-23
[    0.044318] ACPI: INT_SRC_OVR (bus 0 bus_irq 0 global_irq 2 dfl dfl)
[    0.044593] ACPI: INT_SRC_OVR (bus 0 bus_irq 5 global_irq 5 high level)
[    0.044644] ACPI: INT_SRC_OVR (bus 0 bus_irq 9 global_irq 9 high level)
[    0.044742] ACPI: INT_SRC_OVR (bus 0 bus_irq 10 global_irq 10 high level)
[    0.044752] ACPI: INT_SRC_OVR (bus 0 bus_irq 11 global_irq 11 high level)
[    0.044964] ACPI: Using ACPI (MADT) for SMP configuration information
[    0.045010] ACPI: HPET id: 0x8086a201 base: 0xfed00000
[    0.045406] CPU topo: Max. logical packages:   1
[    0.045422] CPU topo: Max. logical dies:       1
[    0.045431] CPU topo: Max. dies per package:   1
[    0.045477] CPU topo: Max. threads per core:   1
[    0.045639] CPU topo: Num. cores per package:     1
[    0.045655] CPU topo: Num. threads per package:   1
[    0.045664] CPU topo: Allowing 1 present CPUs plus 0 hotplug CPUs
[    0.046982] [mem 0x08000000-0xfffbffff] available for PCI devices
[    0.047062] Booting paravirtualized kernel on bare hardware
[    0.047357] clocksource: refined-jiffies: mask: 0xffffffff max_cycles: 0xffffffff, max_idle_ns: 19112604462750000 ns
[    0.048045] setup_percpu: NR_CPUS:512 nr_cpumask_bits:1 nr_cpu_ids:1 nr_node_ids:1
[    0.050093] percpu: Embedded 50 pages/cpu s166808 r8192 d29800 u2097152
[    0.052431] Kernel command line: BOOT_IMAGE=/boot/vmlinuz root=PARTUUID=5e83bc98-02 rootwait console=tty1 console=ttyS0,115200n8 noinitrd
[    0.054113] random: crng init done
[    0.058826] Dentry cache hash table entries: 16384 (order: 5, 131072 bytes, linear)
[    0.059771] Inode-cache hash table entries: 8192 (order: 4, 65536 bytes, linear)
[    0.062438] Built 1 zonelists, mobility grouping on.  Total pages: 32635
[    0.062662] mem auto-init: stack:off, heap alloc:off, heap free:off
[    0.072557] SLUB: HWalign=64, Order=0-3, MinObjects=0, CPUs=1, Nodes=1
[    0.080510] rcu: Hierarchical RCU implementation.
[    0.080540] rcu: 	RCU restricting CPUs from NR_CPUS=512 to nr_cpu_ids=1.
[    0.080691] 	Tracing variant of Tasks RCU enabled.
[    0.080785] rcu: RCU calculated value of scheduler-enlistment delay is 10 jiffies.
[    0.080832] rcu: Adjusting geometry for rcu_fanout_leaf=16, nr_cpu_ids=1
[    0.082000] RCU Tasks Trace: Setting shift to 0 and lim to 1 rcu_task_cb_adjust=1 rcu_task_cpu_ids=1.
[    0.082132] NR_IRQS: 33024, nr_irqs: 256, preallocated irqs: 16
[    0.091168] rcu: srcu_init: Setting srcu_struct sizes based on contention.
[    0.098185] Console: colour VGA+ 80x25
[    0.098607] printk: legacy console [tty1] enabled
[    0.106705] printk: legacy console [ttyS0] enabled
[    0.360076] ACPI: Core revision 20240827
[    0.365527] clocksource: hpet: mask: 0xffffffff max_cycles: 0xffffffff, max_idle_ns: 19112604467 ns
[    0.370537] APIC: Switch to symmetric I/O mode setup
[    0.376684] ..TIMER: vector=0x30 apic1=0 pin1=2 apic2=-1 pin2=-1
[    0.427446] clocksource: tsc-early: mask: 0xffffffffffffffff max_cycles: 0x233ff6f8ee4, max_idle_ns: 440795265863 ns
[    0.428248] Calibrating delay loop (skipped), value calculated using timer frequency.. 4890.91 BogoMIPS (lpj=24454590)
[    0.430210] x86/cpu: User Mode Instruction Prevention (UMIP) activated
[    0.448478] Last level iTLB entries: 4KB 0, 2MB 0, 4MB 0
[    0.448927] Last level dTLB entries: 4KB 0, 2MB 0, 4MB 0, 1GB 0
[    0.450291] Spectre V1 : Mitigation: usercopy/swapgs barriers and __user pointer sanitization
[    0.451290] Spectre V2 : Mitigation: Retpolines
[    0.451536] Spectre V2 : Spectre v2 / SpectreRSB: Filling RSB on context switch and VMEXIT
[    0.451997] Speculative Store Bypass: Vulnerable
[    0.460267] x86/fpu: Supporting XSAVE feature 0x001: 'x87 floating point registers'
[    0.465150] x86/fpu: Supporting XSAVE feature 0x002: 'SSE registers'
[    0.469290] x86/fpu: Supporting XSAVE feature 0x004: 'AVX registers'
[    0.469578] x86/fpu: Supporting XSAVE feature 0x008: 'MPX bounds registers'
[    0.470909] x86/fpu: Supporting XSAVE feature 0x010: 'MPX CSR'
[    0.471495] x86/fpu: xstate_offset[2]:  576, xstate_sizes[2]:  256
[    0.471905] x86/fpu: xstate_offset[3]:  960, xstate_sizes[3]:   64
[    0.472156] x86/fpu: xstate_offset[4]: 1024, xstate_sizes[4]:   64
[    0.478327] x86/fpu: Enabled xstate features 0x1f, context size is 1088 bytes, using 'standard' format.
[    0.706677] Freeing SMP alternatives memory: 40K
[    0.707577] pid_max: default: 32768 minimum: 301
[    0.717278] Mount-cache hash table entries: 512 (order: 0, 4096 bytes, linear)
[    0.717949] Mountpoint-cache hash table entries: 512 (order: 0, 4096 bytes, linear)
[    0.870780] smpboot: CPU0: AMD QEMU TCG CPU version 2.5+ (family: 0x6, model: 0x6, stepping: 0x3)
[    0.887033] Performance Events: PMU not available due to virtualization, using software events only.
[    0.888820] signal: max sigframe size: 1616
[    0.907739] rcu: Hierarchical SRCU implementation.
[    0.908177] rcu: 	Max phase no-delay instances is 1000.
[    0.913554] smp: Bringing up secondary CPUs ...
[    0.915371] smp: Brought up 1 node, 1 CPU
[    0.915699] smpboot: Total of 1 processors activated (4890.91 BogoMIPS)
[    0.926132] Memory: 103268K/130540K available (14336K kernel code, 1166K rwdata, 3976K rodata, 1496K init, 1312K bss, 25628K reserved, 0K cma-reserved)
[    0.940080] clocksource: jiffies: mask: 0xffffffff max_cycles: 0xffffffff, max_idle_ns: 19112604462750000 ns
[    0.940993] futex hash table entries: 256 (order: 2, 16384 bytes, linear)
[    0.942250] pinctrl core: initialized pinctrl subsystem
[    0.961976] NET: Registered PF_NETLINK/PF_ROUTE protocol family
[    0.968776] thermal_sys: Registered thermal governor 'step_wise'
[    0.968816] thermal_sys: Registered thermal governor 'user_space'
[    0.969887] cpuidle: using governor ladder
[    0.970474] cpuidle: using governor menu
[    0.974232] acpiphp: ACPI Hot Plug PCI Controller Driver version: 0.5
[    0.977374] PCI: Using configuration type 1 for base access
[    0.987685] cryptd: max_cpu_qlen set to 1000
[    0.994002] ACPI: Added _OSI(Module Device)
[    0.994231] ACPI: Added _OSI(Processor Device)
[    0.994423] ACPI: Added _OSI(Processor Aggregator Device)
[    1.009339] ACPI: 1 ACPI AML tables successfully acquired and loaded
[    1.028542] ACPI: Interpreter enabled
[    1.029427] ACPI: PM: (supports S0 S5)
[    1.029662] ACPI: Using IOAPIC for interrupt routing
[    1.030317] PCI: Using host bridge windows from ACPI; if necessary, use "pci=nocrs" and report a bug
[    1.030751] PCI: Using E820 reservations for host bridge windows
[    1.040566] ACPI: Enabled 2 GPEs in block 00 to 0F
[    1.075154] ACPI: PCI Root Bridge [PCI0] (domain 0000 [bus 00-ff])
[    1.076152] acpi PNP0A03:00: _OSC: OS supports [ASPM ClockPM Segments MSI HPX-Type3]
[    1.076666] acpi PNP0A03:00: _OSC: not requesting OS control; OS requires [ExtendedConfig ASPM ClockPM MSI]
[    1.077613] acpi PNP0A03:00: fail to add MMCONFIG information, can't access extended configuration space under this bridge
[    1.091128] acpiphp: Slot [3] registered
[    1.091510] acpiphp: Slot [4] registered
[    1.091794] acpiphp: Slot [5] registered
[    1.092060] acpiphp: Slot [6] registered
[    1.097174] acpiphp: Slot [7] registered
[    1.098274] acpiphp: Slot [8] registered
[    1.098571] acpiphp: Slot [9] registered
[    1.098839] acpiphp: Slot [10] registered
[    1.099113] acpiphp: Slot [11] registered
[    1.099392] acpiphp: Slot [12] registered
[    1.107191] acpiphp: Slot [13] registered
[    1.108216] acpiphp: Slot [14] registered
[    1.108648] acpiphp: Slot [15] registered
[    1.108918] acpiphp: Slot [16] registered
[    1.109217] acpiphp: Slot [17] registered
[    1.109502] acpiphp: Slot [18] registered
[    1.118406] acpiphp: Slot [19] registered
[    1.118859] acpiphp: Slot [20] registered
[    1.119256] acpiphp: Slot [21] registered
[    1.119552] acpiphp: Slot [22] registered
[    1.119825] acpiphp: Slot [23] registered
[    1.120192] acpiphp: Slot [24] registered
[    1.128599] acpiphp: Slot [25] registered
[    1.129074] acpiphp: Slot [26] registered
[    1.129433] acpiphp: Slot [27] registered
[    1.129706] acpiphp: Slot [28] registered
[    1.129988] acpiphp: Slot [29] registered
[    1.130266] acpiphp: Slot [30] registered
[    1.130552] acpiphp: Slot [31] registered
[    1.138782] PCI host bridge to bus 0000:00
[    1.139474] pci_bus 0000:00: root bus resource [io  0x0000-0x0cf7 window]
[    1.139884] pci_bus 0000:00: root bus resource [io  0x0d00-0xffff window]
[    1.140158] pci_bus 0000:00: root bus resource [mem 0x000a0000-0x000bffff window]
[    1.148330] pci_bus 0000:00: root bus resource [mem 0x08000000-0xfebfffff window]
[    1.148830] pci_bus 0000:00: root bus resource [mem 0x100000000-0x17fffffff window]
[    1.149356] pci_bus 0000:00: root bus resource [bus 00-ff]
[    1.159751] pci 0000:00:00.0: [8086:1237] type 00 class 0x060000 conventional PCI endpoint
[    1.169742] pci 0000:00:01.0: [8086:7000] type 00 class 0x060100 conventional PCI endpoint
[    1.170724] pci 0000:00:01.1: [8086:7010] type 00 class 0x010180 conventional PCI endpoint
[    1.177651] pci 0000:00:01.1: BAR 4 [io  0xc0e0-0xc0ef]
[    1.179002] pci 0000:00:01.1: BAR 0 [io  0x01f0-0x01f7]: legacy IDE quirk
[    1.179347] pci 0000:00:01.1: BAR 1 [io  0x03f6]: legacy IDE quirk
[    1.179635] pci 0000:00:01.1: BAR 2 [io  0x0170-0x0177]: legacy IDE quirk
[    1.185517] pci 0000:00:01.1: BAR 3 [io  0x0376]: legacy IDE quirk
[    1.186747] pci 0000:00:01.3: [8086:7113] type 00 class 0x068000 conventional PCI endpoint
[    1.187502] pci 0000:00:01.3: quirk: [io  0x0600-0x063f] claimed by PIIX4 ACPI
[    1.188193] pci 0000:00:01.3: quirk: [io  0x0700-0x070f] claimed by PIIX4 SMB
[    1.197791] pci 0000:00:02.0: [1234:1111] type 00 class 0x030000 conventional PCI endpoint
[    1.198668] pci 0000:00:02.0: BAR 0 [mem 0xfd000000-0xfdffffff pref]
[    1.200245] pci 0000:00:02.0: BAR 2 [mem 0xfeb90000-0xfeb90fff]
[    1.210149] pci 0000:00:02.0: ROM [mem 0xfeb80000-0xfeb8ffff pref]
[    1.210736] pci 0000:00:02.0: Video device with shadowed ROM at [mem 0x000c0000-0x000dffff]
[    1.211904] pci 0000:00:03.0: [1af4:1000] type 00 class 0x020000 conventional PCI endpoint
[    1.213305] pci 0000:00:03.0: BAR 0 [io  0xc080-0xc09f]
[    1.220183] pci 0000:00:03.0: BAR 4 [mem 0xfe000000-0xfe003fff 64bit pref]
[    1.221398] pci 0000:00:03.0: ROM [mem 0xfea80000-0xfeafffff pref]
[    1.230219] pci 0000:00:04.0: [1af4:1005] type 00 class 0x00ff00 conventional PCI endpoint
[    1.232415] pci 0000:00:04.0: BAR 0 [io  0xc0a0-0xc0bf]
[    1.233306] pci 0000:00:04.0: BAR 1 [mem 0xfeb91000-0xfeb91fff]
[    1.236595] pci 0000:00:04.0: BAR 4 [mem 0xfe004000-0xfe007fff 64bit pref]
[    1.243739] pci 0000:00:05.0: [1af4:1000] type 00 class 0x020000 conventional PCI endpoint
[    1.245155] pci 0000:00:05.0: BAR 0 [io  0xc0c0-0xc0df]
[    1.246029] pci 0000:00:05.0: BAR 1 [mem 0xfeb92000-0xfeb92fff]
[    1.248164] pci 0000:00:05.0: BAR 4 [mem 0xfe008000-0xfe00bfff 64bit pref]
[    1.255939] pci 0000:00:05.0: ROM [mem 0xfeb00000-0xfeb7ffff pref]
[    1.260483] pci 0000:00:06.0: [1af4:1001] type 00 class 0x010000 conventional PCI endpoint
[    1.261372] pci 0000:00:06.0: BAR 0 [io  0xc000-0xc07f]
[    1.262156] pci 0000:00:06.0: BAR 1 [mem 0xfeb93000-0xfeb93fff]
[    1.267897] pci 0000:00:06.0: BAR 4 [mem 0xfe00c000-0xfe00ffff 64bit pref]
[    1.276583] ACPI: PCI: Interrupt link LNKA configured for IRQ 10
[    1.277722] ACPI: PCI: Interrupt link LNKB configured for IRQ 10
[    1.278610] ACPI: PCI: Interrupt link LNKC configured for IRQ 11
[    1.279319] ACPI: PCI: Interrupt link LNKD configured for IRQ 11
[    1.279762] ACPI: PCI: Interrupt link LNKS configured for IRQ 9
[    1.291415] iommu: Default domain type: Translated
[    1.291682] iommu: DMA domain TLB invalidation policy: lazy mode
[    1.294590] SCSI subsystem initialized
[    1.295781] ACPI: bus type USB registered
[    1.296348] usbcore: registered new interface driver usbfs
[    1.298735] usbcore: registered new interface driver hub
[    1.299188] usbcore: registered new device driver usb
[    1.299809] pps_core: LinuxPPS API ver. 1 registered
[    1.300037] pps_core: Software ver. 5.3.6 - Copyright 2005-2007 Rodolfo Giometti <giometti@linux.it>
[    1.308514] PTP clock support registered
[    1.321752] PCI: Using ACPI for IRQ routing
[    1.324199] hpet0: at MMIO 0xfed00000, IRQs 2, 8, 0
[    1.324524] hpet0: 3 comparators, 64-bit 100.000000 MHz counter
[    1.329614] clocksource: Switched to clocksource tsc-early
[    1.333427] pnp: PnP ACPI init
[    1.337693] pnp: PnP ACPI: found 6 devices
[    1.352507] clocksource: acpi_pm: mask: 0xffffff max_cycles: 0xffffff, max_idle_ns: 2085701024 ns
[    1.354000] NET: Registered PF_INET protocol family
[    1.355300] IP idents hash table entries: 2048 (order: 2, 16384 bytes, linear)
[    1.361175] tcp_listen_portaddr_hash hash table entries: 256 (order: 0, 4096 bytes, linear)
[    1.363426] Table-perturb hash table entries: 65536 (order: 6, 262144 bytes, linear)
[    1.363935] TCP established hash table entries: 1024 (order: 1, 8192 bytes, linear)
[    1.364413] TCP bind hash table entries: 1024 (order: 3, 32768 bytes, linear)
[    1.374530] TCP: Hash tables configured (established 1024 bind 1024)
[    1.376579] MPTCP token hash table entries: 256 (order: 1, 6144 bytes, linear)
[    1.377153] UDP hash table entries: 256 (order: 1, 8192 bytes, linear)
[    1.377709] UDP-Lite hash table entries: 256 (order: 1, 8192 bytes, linear)
[    1.387004] NET: Registered PF_UNIX/PF_LOCAL protocol family
[    1.388650] pci_bus 0000:00: resource 4 [io  0x0000-0x0cf7 window]
[    1.388925] pci_bus 0000:00: resource 5 [io  0x0d00-0xffff window]
[    1.389175] pci_bus 0000:00: resource 6 [mem 0x000a0000-0x000bffff window]
[    1.396413] pci_bus 0000:00: resource 7 [mem 0x08000000-0xfebfffff window]
[    1.396820] pci_bus 0000:00: resource 8 [mem 0x100000000-0x17fffffff window]
[    1.397699] pci 0000:00:01.0: PIIX3: Enabling Passive Release
[    1.398043] pci 0000:00:00.0: Limiting direct PCI/PCI transfers
[    1.407875] PCI: CLS 0 bytes, default 64
[    1.428793] workingset: timestamp_bits=46 max_order=15 bucket_order=0
[    1.431587] squashfs: version 4.0 (2009/01/31) Phillip Lougher
[    1.434466] Block layer SCSI generic (bsg) driver version 0.4 loaded (major 247)
[    1.438434] hv_vmbus: registering driver hyperv_fb
[    1.442859] input: Power Button as /devices/LNXSYSTM:00/LNXPWRBN:00/input/input0
[    1.452288] ACPI: button: Power Button [PWRF]
[    1.611219] ACPI: \_SB_.LNKC: Enabled at IRQ 11
[    1.763729] ACPI: \_SB_.LNKD: Enabled at IRQ 10
[    1.914476] ACPI: \_SB_.LNKA: Enabled at IRQ 10
[    2.065081] ACPI: \_SB_.LNKB: Enabled at IRQ 11
[    2.067247] Serial: 8250/16550 driver, 16 ports, IRQ sharing enabled
[    2.092741] 00:04: ttyS0 at I/O 0x3f8 (irq = 4, base_baud = 115200) is a 16550A
[    2.120101] Non-volatile memory driver v1.3
[    2.131880] Linux agpgart interface v0.103
[    2.133060] ACPI: bus type drm_connector registered
[    2.135965] [drm] Found bochs VGA, ID 0xb0c5.
[    2.136204] [drm] Framebuffer size 16384 kB @ 0xfd000000, mmio @ 0xfeb90000.
[    2.144019] [drm] Found EDID data blob.
[    2.149790] [drm] Initialized bochs-drm 1.0.0 for 0000:00:02.0 on minor 0
[    2.218383] Console: switching to colour frame buffer device 160x50
[    2.227794] bochs-drm 0000:00:02.0: [drm] fb0: bochs-drmdrmfb frame buffer device
[    2.263390] loop: module loaded
[    2.264151] virtio_blk virtio3: 1/0/0 default/read/poll queues
[    2.269037] virtio_blk virtio3: [vda] 246784 512-byte logical blocks (126 MB/121 MiB)
[    2.278639]  vda: vda1 vda2
[    2.280706] Guest personality initialized and is inactive
[    2.281328] VMCI host device registered (name=vmci, major=10, minor=256)
[    2.281667] Initialized host personality
[    2.282036] usbcore: registered new interface driver rtsx_usb
[    2.290421] VMware PVSCSI driver - version 1.0.7.0-k
[    2.290842] hv_vmbus: registering driver hv_storvsc
[    2.307464] scsi host0: ata_piix
[    2.310035] scsi host1: ata_piix
[    2.310901] ata1: PATA max MWDMA2 cmd 0x1f0 ctl 0x3f6 bmdma 0xc0e0 irq 14 lpm-pol 0
[    2.311258] ata2: PATA max MWDMA2 cmd 0x170 ctl 0x376 bmdma 0xc0e8 irq 15 lpm-pol 0
[    2.320821] VMware vmxnet3 virtual NIC driver - version 1.9.0.0-k-NAPI
[    2.321445] hv_vmbus: registering driver hv_netvsc
[    2.321869] Fusion MPT base driver 3.04.20
[    2.322054] Copyright (c) 1999-2008 LSI Corporation
[    2.322450] Fusion MPT SPI Host driver 3.04.20
[    2.331956] Fusion MPT SAS Host driver 3.04.20
[    2.334142] usbcore: registered new interface driver usb-storage
[    2.335420] i8042: PNP: PS/2 Controller [PNP0303:KBD,PNP0f13:MOU] at 0x60,0x64 irq 1,12
[    2.338893] serio: i8042 KBD port at 0x60,0x64 irq 1
[    2.339300] serio: i8042 AUX port at 0x60,0x64 irq 12
[    2.345863] hv_vmbus: registering driver hyperv_keyboard
[    2.348525] rtc_cmos 00:05: RTC can wake from S4
[    2.353815] rtc_cmos 00:05: registered as rtc0
[    2.356614] rtc_cmos 00:05: setting system clock to 2026-03-20T02:13:32 UTC (1773972812)
[    2.359159] rtc_cmos 00:05: alarms up to one day, y3k, 242 bytes nvram, hpet irqs
[    2.361890] intel_powerclamp: CPU does not support MWAIT
[    2.367108] amd_pstate: the _CPC object is not present in SBIOS or ACPI disabled
[    2.369712] sdhci: Secure Digital Host Controller Interface driver
[    2.371723] sdhci: Copyright(c) Pierre Ossman
[    2.374108] VUB300 Driver rom wait states = 1C irqpoll timeout = 0400
[    2.381420] input: AT Translated Set 2 keyboard as /devices/platform/i8042/serio0/input/input1
[    2.404900] usbcore: registered new interface driver vub300
[    2.407387] usbcore: registered new interface driver ushc
[    2.415462] hid: raw HID events driver (C) Jiri Kosina
[    2.418198] hv_vmbus: registering driver hid_hyperv
[    2.420984] usbcore: registered new interface driver usbhid
[    2.423026] usbhid: USB HID core driver
[    2.425141] hv_utils: Registering HyperV Utility Driver
[    2.428288] hv_vmbus: registering driver hv_utils
[    2.430283] hv_vmbus: registering driver hv_balloon
[    2.433698] NET: Registered PF_INET6 protocol family
[    2.448996] Segment Routing with IPv6
[    2.451164] In-situ OAM (IOAM) with IPv6
[    2.453601] NET: Registered PF_PACKET protocol family
[    2.456069] bridge: filtering via arp/ip/ip6tables is no longer available by default. Update your scripts to load br_netfilter if you need this.
[    2.465590] tsc: Refined TSC clocksource calibration: 2445.431 MHz
[    2.468191] clocksource: tsc: mask: 0xffffffffffffffff max_cycles: 0x233fdc46f83, max_idle_ns: 440795225539 ns
[    2.471353] clocksource: Switched to clocksource tsc
[    2.478263] 8021q: 802.1Q VLAN Support v1.8
[    2.481099] NET: Registered PF_VSOCK protocol family
[    2.490663] IPI shorthand broadcast: enabled
[    2.497839] AES CTR mode by8 optimization enabled
[    2.519560] sched_clock: Marking stable (2240080672, 276445167)->(2518767912, -2242073)
[    2.549934] ata2: found unknown device (class 0)
[    2.578817] ata2.00: ATAPI: QEMU DVD-ROM, 2.5+, max UDMA/100
[    2.624058] scsi 1:0:0:0: CD-ROM            QEMU     QEMU DVD-ROM     2.5+ PQ: 0 ANSI: 5
[    2.636692] clk: Disabling unused clocks
[    2.678367] sr 1:0:0:0: [sr0] scsi3-mmc drive: 4x/4x cd/rw xa/form2 tray
[    2.681051] cdrom: Uniform CD-ROM driver Revision: 3.20
[    2.738901] VFS: Mounted root (squashfs filesystem) readonly on device 254:2.
[    2.808013] Freeing unused kernel image (initmem) memory: 1496K
[    2.810642] Write protecting the kernel read-only data: 18432k
[    2.814007] Freeing unused kernel image (rodata/data gap) memory: 120K
[    2.816808] Run /sbin/init as init process
[    3.171557] init: Console is alive
[    3.743917] kmodloader: loading kernel modules from /etc/modules-boot.d/*
[    3.811692] button_hotplug: loading out-of-tree module taints kernel.
[    3.819196] Button Hotplug driver version 0.4.1
[    3.839470] Intel(R) 2.5G Ethernet Linux Driver
[    3.841914] Copyright(c) 2018 Intel Corporation.
[    3.857910] igb: Intel(R) Gigabit Ethernet Network Driver
[    3.860272] igb: Copyright (c) 2007-2014 Intel Corporation.
[    3.876783] e1000e: Intel(R) PRO/1000 Network Driver
[    3.879181] e1000e: Copyright(c) 1999 - 2015 Intel Corporation.
[    3.892879] kmodloader: done loading kernel modules from /etc/modules-boot.d/*
[    3.909910] init: - preinit -
[    4.888329] 8021q: adding VLAN 0 to HW filter on device eth0
Press the [f] key and hit [enter] to enter failsafe mode
Press the [1], [2], [3] or [4] key and hit [enter] to select the debug level
[    9.500067] loop0: detected capacity change from 0 to 212992
[    9.546948] loop0: detected capacity change from 212992 to 201728
[    9.559828] mount_root: overlay filesystem in /dev/loop0 has not been formatted yet
[    9.925471] EXT4-fs (loop0): mounted filesystem ba380d5b-f66c-4983-8dff-6075f2f3d189 r/w with ordered data mode. Quota mode: disabled.
[    9.939342] mount_root: overlay filesystem has not been fully initialized yet
[    9.957362] mount_root: switching to ext4 overlay
[    9.978363] overlayfs: null uuid detected in lower fs '/', falling back to xino=off,index=off,nfs_export=off.
[   10.719856] EXT4-fs (vda1): mounted filesystem 84173db5-fa99-e35a-95c6-28613cc79ea9 r/w without journal. Quota mode: disabled.
[   10.743737] urandom-seed: Seed file not found (/etc/urandom.seed)
[   10.882074] procd: - early -
[   11.625654] procd: - ubus -
[   11.804926] procd: - init -
Please press Enter to activate this console.
root
login[1041]: root login on 'ttyS0'


BusyBox v1.37.0 (2026-01-02 17:07:02 UTC) built-in shell (ash)

  _______                     ________        __
 |       |.-----.-----.-----.|  |  |  |.----.|  |_
 |   -   ||  _  |  -__|     ||  |  |  ||   _||   _|
 |_______||   __|_____|__|__||________||__|  |____|
          |__| W I R E L E S S   F R E E D O M
 -----------------------------------------------------
 OpenWrt SNAPSHOT, r33461-49715596f9
 -----------------------------------------------------

 === WARNING! =====================================
 There is no root password defined on this device!
 Use the "passwd" command to set up a new password
 in order to prevent unauthorized SSH logins.
 --------------------------------------------------

root@(none):~# dmesg -n 1
root@(none):~# echo 'BGZA''OOFPTO'
BGZAOOFPTO
root@(none):~# run() { echo -n "$MARKER"; sh -c "$@"; echo "$MARKER $?"; }
root@(none):~# echo 'ONTE''LSPOFK'
ONTELSPOFK
root@(none):~# MARKER='HNVH''MWJXBZ' run 'ubus wait_for network.interface.lan'
HNVHMWJXBZHNVHMWJXBZ 0
root@OpenWrt:~# echo 'UVBZ''NYOGMH'
UVBZNYOGMH
root@OpenWrt:~# MARKER='QXAG''YVJOOJ' run 'ubus call network.interface.lan statu
s '"'"'{}'"'"''
QXAGYVJOOJ{
	"up": true,
	"pending": false,
	"available": true,
	"autostart": true,
	"dynamic": false,
	"uptime": 0,
	"l3_device": "br-lan",
	"proto": "static",
	"device": "br-lan",
	"updated": [
		"addresses"
	],
	"metric": 0,
	"dns_metric": 0,
	"delegation": true,
	"ipv4-address": [
		{
			"address": "192.168.1.1",
			"mask": 24
		}
	],
	"ipv6-address": [
		
	],
	"ipv6-prefix": [
		
	],
	"ipv6-prefix-assignment": [
		{
			"address": "fd45:13a4:36e7::",
			"mask": 60,
			"local-address": {
				"address": "fd45:13a4:36e7::1",
				"mask": 60
			}
		}
	],
	"route": [
		
	],
	"dns-server": [
		
	],
	"dns-search": [
		
	],
	"neighbors": [
		
	],
	"inactive": {
		"ipv4-address": [
			
		],
		"ipv6-address": [
			
		],
		"route": [
			
		],
		"dns-server": [
			
		],
		"dns-search": [
			
		],
		"neighbors": [
			
		]
	},
	"data": {
		
	}
}
QXAGYVJOOJ 0
root@OpenWrt:~# echo 'KXEY''GSJSWO'
KXEYGSJSWO
root@OpenWrt:~# MARKER='AGCJ''ULSUCO' run true
AGCJULSUCOAGCJULSUCO 0
root@OpenWrt:~# echo 'VPSG''BOQLTY'
VPSGBOQLTY
root@OpenWrt:~# MARKER='WOEW''BYFXBW' run 'source /etc/os-release; echo $BUILD_I
D'
WOEWBYFXBWr33461-49715596f9
WOEWBYFXBW 0
root@OpenWrt:~# echo 'OZWH''JTJMBL'
OZWHJTJMBL
root@OpenWrt:~# MARKER='MMTJ''ZZTJBZ' run 'ls /etc/dropbear/dropbear_rsa_host_ke
y'
MMTJZZTJBZ[0;0m/etc/dropbear/dropbear_rsa_host_key[m
MMTJZZTJBZ 0
root@OpenWrt:~# echo 'HUKB''ECCUUS'
HUKBECCUUS
root@OpenWrt:~# MARKER='YEYZ''PEZJNS' run 'netstat -tlpn | grep 0.0.0.0:22'
YEYZPEZJNStcp        0      0 0.0.0.0:22              0.0.0.0:*               LISTEN      1733/dropbear
YEYZPEZJNS 0
root@OpenWrt:~# echo 'COUY''WMXAJQ'
COUYWMXAJQ
root@OpenWrt:~# MARKER='CYKZ''CKPVUU' run 'dmesg | grep br-lan | grep forwarding
'
CYKZCKPVUU[   29.337191] br-lan: port 1(eth0) entered forwarding state
CYKZCKPVUU 0
root@OpenWrt:~# echo 'ALNT''WLVQAE'
ALNTWLVQAE
root@OpenWrt:~# MARKER='KHEX''EQEQYW' run 'ubus call network.interface.lan statu
s '"'"'{}'"'"''
KHEXEQEQYW{
	"up": true,
	"pending": false,
	"available": true,
	"autostart": true,
	"dynamic": false,
	"uptime": 22,
	"l3_device": "br-lan",
	"proto": "static",
	"device": "br-lan",
	"updated": [
		"addresses"
	],
	"metric": 0,
	"dns_metric": 0,
	"delegation": true,
	"ipv4-address": [
		{
			"address": "192.168.1.1",
			"mask": 24
		}
	],
	"ipv6-address": [
		
	],
	"ipv6-prefix": [
		
	],
	"ipv6-prefix-assignment": [
		{
			"address": "fd45:13a4:36e7::",
			"mask": 60,
			"local-address": {
				"address": "fd45:13a4:36e7::1",
				"mask": 60
			}
		}
	],
	"route": [
		
	],
	"dns-server": [
		
	],
	"dns-search": [
		
	],
	"neighbors": [
		
	],
	"inactive": {
		"ipv4-address": [
			
		],
		"ipv6-address": [
			
		],
		"route": [
			
		],
		"dns-server": [
			
		],
		"dns-search": [
			
		],
		"neighbors": [
			
		]
	},
	"data": {
		
	}
}
KHEXEQEQYW 0
root@OpenWrt:~# echo 'TZWZ''QJKNKU'
TZWZQJKNKU
root@OpenWrt:~# MARKER='PXLY''YLLFXL' run 'ip -o addr show dev br-lan'
PXLYYLLFXL4: br-lan    inet 192.168.1.1/24 brd 192.168.1.255 scope global br-lan\       valid_lft forever preferred_lft forever
4: br-lan    inet6 fd45:13a4:36e7::1/60 scope global noprefixroute \       valid_lft forever preferred_lft forever
4: br-lan    inet6 fe80::5054:ff:fe12:3456/64 scope link \       valid_lft forever preferred_lft forever
PXLYYLLFXL 0
root@OpenWrt:~# echo 'QBFG''XUKLQA'
QBFGXUKLQA
root@OpenWrt:~# MARKER='NWVC''WGTSTK' run 'ubus call network.interface.wan statu
s '"'"'{}'"'"''
NWVCWGTSTK{
	"up": true,
	"pending": false,
	"available": true,
	"autostart": true,
	"dynamic": false,
	"uptime": 20,
	"l3_device": "eth1",
	"proto": "dhcp",
	"device": "eth1",
	"updated": [
		"addresses",
		"routes",
		"data"
	],
	"metric": 0,
	"dns_metric": 0,
	"delegation": true,
	"ipv4-address": [
		{
			"address": "10.0.2.15",
			"mask": 24
		}
	],
	"ipv6-address": [
		
	],
	"ipv6-prefix": [
		
	],
	"ipv6-prefix-assignment": [
		
	],
	"route": [
		{
			"target": "0.0.0.0",
			"mask": 0,
			"nexthop": "10.0.2.2",
			"source": "10.0.2.15/32"
		}
	],
	"dns-server": [
		"10.0.2.3"
	],
	"dns-search": [
		
	],
	"neighbors": [
		
	],
	"inactive": {
		"ipv4-address": [
			
		],
		"ipv6-address": [
			
		],
		"route": [
			
		],
		"dns-server": [
			
		],
		"dns-search": [
			
		],
		"neighbors": [
			
		]
	},
	"data": {
		"dhcpserver": "10.0.2.2",
		"leasetime": 86400
	}
}
NWVCWGTSTK 0
root@OpenWrt:~# 