Labgrid Console Logfile for main
Logfile started at 2026-03-01 03:03:05.418274
=== Log starts here ===
c[?7l[2J[0mSeaBIOS (version 1.16.3-debian-1.16.3-2)


iPXE (https://ipxe.org) 00:03.0 CA00 PCI2.10 PnP PMM+06FCAE70+06F0AE70 CA00
Press Ctrl-B to configure iPXE (PCI 00:03.0)...                                                                               




iPXE (https://ipxe.org) 00:05.0 CB00 PCI2.10 PnP PMM 06FCAE70 06F0AE70 CB00
Press Ctrl-B to configure iPXE (PCI 00:05.0)...                                                                               


Booting from Hard Disk...
GRUB loading.....
[0;30;47mWelcome to GRUB![01;01H[0m[2J[H[J[1;1H[?25l[m[H[J[1;1H[2;30HGNU GRUB  version 2.12

[m[4;2H+----------------------------------------------------------------------------+[5;2H|[5;79H|[6;2H|[6;79H|[7;2H|[7;79H|[8;2H|[8;79H|[9;2H|[9;79H|[10;2H|[10;79H|[11;2H|[11;79H|[12;2H|[12;79H|[13;2H|[13;79H|[14;2H|[14;79H|[15;2H|[15;79H|[16;2H+----------------------------------------------------------------------------+[m[17;2H[18;2H[m     Use the ^ and v keys to select which entry is highlighted.          
      Press enter to boot the selected OS, `e' to edit the commands       
      before booting or `c' for a command-line. ESC to return             
      previous menu.                                                      [5;80H [7m[5;3H*OpenWrt                                                                    [m[5;78H[m[m[6;3H OpenWrt (failsafe)                                                         [m[6;78H[m[m[7;3H                                                                            [m[7;78H[m[m[8;3H                                                                            [m[8;78H[m[m[9;3H                                                                            [m[9;78H[m[m[10;3H                                                                            [m[10;78H[m[m[11;3H                                                                            [m[11;78H[m[m[12;3H                                                                            [m[12;78H[m[m[13;3H                                                                            [m[13;78H[m[m[14;3H                                                                            [m[14;78H[m[m[15;3H                                                                            [m[15;78H[m[15;80H [5;78H[2J[02;30HGNU GRUB  version 2.12[04;02H┌───────────────────────────────────────────────────────────────────────[04;73H[04;74H─────┐[05;02H│[05;79H│[06;02H│[06;79H│[07;02H│[07;79H│[08;02H│[08;79H│[09;02H│[09;79H│[10;02H│[10;79H│[11;02H│[11;79H│[12;02H│[12;79H│[13;02H│[13;79H│[14;02H│[14;79H│[15;02H│[15;79H│[16;02H│[16;79H│[17;02H└────────────────────────────────────────────────────────────────────────────┘[19;02H     Use the ↑ and ↓ keys to select which entry is highlighted.          
      Press enter to boot the selected OS, `e' to edit the commands       
      before booting or `c' for a command-line. ES[21;50H[21;51HC to return             
      previous menu.                                                      [05;80H [05;03H[0;30;47m*OpenWrt                                                                    [06;03H[0m OpenWrt (failsafe)                                                         [07;03H                                                                            [08;03H                                                                            [09;03H                                                                            [10;03H                                                                            [11;03H                                                                            [12;03H                                                                            [13;03H                                                                            [14;03H                                                                            [15;03H                                                                            [16;03H                                        [16;42H[16;43H                                    [16;80H 






   The highlighted entry will be executed automatically in 5s.                [22;1H   The highlighted entry will be executed automatically in 5s.                 [5;78H [05;78H

















   The highlighted entry will be executed automatically in 4s.                [22;1H   The highlighted entry will be executed automatically in 4s.                 [5;78H [05;78H

















   The highlighted entry will be executed automatically in 3s.                [22;1H   The highlighted entry will be executed automatically in 3s.                 [5;78H [05;78H

















   The highlighted entry will be executed automatically in 2s.                [22;1H   The highlighted entry will be executed automatically in 2s.                 [5;78H [05;78H

















   The highlighted entry will be executed automatically in 1s.                [22;1H   The highlighted entry will be executed automatically in 1s.                 [5;78H [05;78H

















   The highlighted entry will be executed automatically in 0s.                [22;1H   The highlighted entry will be executed automatically in 0s.                 [5;78H [01;01H[2J[?25h[H[J[1;1H[H[J[1;1H[2J   Booting `OpenWrt' Booting[01;09H[01;10H `OpenWrt

'

[    0.000000] Linux version 6.12.74 (builder@buildhost) (x86_64-openwrt-linux-musl-gcc (OpenWrt GCC 14.3.0 r33240-296b286a67) 14.3.0, GNU ld (GNU Binutils) 2.44) #0 SMP Sat Feb 28 13:36:16 2026
[    0.000000] Command line: BOOT_IMAGE=/boot/vmlinuz root=PARTUUID=d25348d2-02 rootwait console=tty1 console=ttyS0,115200n8 noinitrd
[    0.000000] BIOS-provided physical RAM map:
[    0.000000] BIOS-e820: [mem 0x0000000000000000-0x000000000009fbff] usable
[    0.000000] BIOS-e820: [mem 0x000000000009fc00-0x000000000009ffff] reserved
[    0.000000] BIOS-e820: [mem 0x00000000000f0000-0x00000000000fffff] reserved
[    0.000000] BIOS-e820: [mem 0x0000000000100000-0x0000000007fdcfff] usable
[    0.000000] BIOS-e820: [mem 0x0000000007fdd000-0x0000000007ffffff] reserved
[    0.000000] BIOS-e820: [mem 0x00000000fffc0000-0x00000000ffffffff] reserved
[    0.000000] BIOS-e820: [mem 0x000000fd00000000-0x000000ffffffffff] reserved
[    0.000000] NX (Execute Disable) protection: active
[    0.000000] APIC: Static calls initialized
[    0.000000] SMBIOS 3.0.0 present.
[    0.000000] DMI: QEMU Standard PC (i440FX + PIIX, 1996), BIOS 1.16.3-debian-1.16.3-2 04/01/2014
[    0.000000] DMI: Memory slots populated: 1/1
[    0.000000] tsc: Fast TSC calibration using PIT
[    0.000000] tsc: Detected 2445.374 MHz processor
[    0.007436] last_pfn = 0x7fdd max_arch_pfn = 0x400000000
[    0.008049] MTRR map: 4 entries (3 fixed + 1 variable; max 19), built from 8 variable MTRRs
[    0.008228] x86/PAT: Configuration [0-7]: WB  WC  UC- UC  WB  WP  UC- WT  
[    0.027482] found SMP MP-table at [mem 0x000f5460-0x000f546f]
[    0.028907] Using GB pages for direct mapping
[    0.033262] ACPI: Early table checksum verification disabled
[    0.033612] ACPI: RSDP 0x00000000000F5290 000014 (v00 BOCHS )
[    0.033917] ACPI: RSDT 0x0000000007FE1C64 000034 (v01 BOCHS  BXPC     00000001 BXPC 00000001)
[    0.034438] ACPI: FACP 0x0000000007FE1B18 000074 (v01 BOCHS  BXPC     00000001 BXPC 00000001)
[    0.035029] ACPI: DSDT 0x0000000007FE0040 001AD8 (v01 BOCHS  BXPC     00000001 BXPC 00000001)
[    0.035101] ACPI: FACS 0x0000000007FE0000 000040
[    0.035165] ACPI: APIC 0x0000000007FE1B8C 000078 (v03 BOCHS  BXPC     00000001 BXPC 00000001)
[    0.035187] ACPI: HPET 0x0000000007FE1C04 000038 (v01 BOCHS  BXPC     00000001 BXPC 00000001)
[    0.035205] ACPI: WAET 0x0000000007FE1C3C 000028 (v01 BOCHS  BXPC     00000001 BXPC 00000001)
[    0.035284] ACPI: Reserving FACP table memory at [mem 0x7fe1b18-0x7fe1b8b]
[    0.035335] ACPI: Reserving DSDT table memory at [mem 0x7fe0040-0x7fe1b17]
[    0.035342] ACPI: Reserving FACS table memory at [mem 0x7fe0000-0x7fe003f]
[    0.035347] ACPI: Reserving APIC table memory at [mem 0x7fe1b8c-0x7fe1c03]
[    0.035352] ACPI: Reserving HPET table memory at [mem 0x7fe1c04-0x7fe1c3b]
[    0.035358] ACPI: Reserving WAET table memory at [mem 0x7fe1c3c-0x7fe1c63]
[    0.038376] Zone ranges:
[    0.038404]   DMA      [mem 0x0000000000001000-0x0000000000ffffff]
[    0.038482]   DMA32    [mem 0x0000000001000000-0x0000000007fdcfff]
[    0.038492]   Normal   empty
[    0.038510] Movable zone start for each node
[    0.038543] Early memory node ranges
[    0.038569]   node   0: [mem 0x0000000000001000-0x000000000009efff]
[    0.038623]   node   0: [mem 0x0000000000100000-0x0000000007fdcfff]
[    0.038749] Initmem setup node 0 [mem 0x0000000000001000-0x0000000007fdcfff]
[    0.039791] On node 0, zone DMA: 1 pages in unavailable ranges
[    0.040286] On node 0, zone DMA: 97 pages in unavailable ranges
[    0.042393] On node 0, zone DMA32: 35 pages in unavailable ranges
[    0.042735] ACPI: PM-Timer IO Port: 0x608
[    0.043129] ACPI: LAPIC_NMI (acpi_id[0xff] dfl dfl lint[0x1])
[    0.043555] IOAPIC[0]: apic_id 0, version 32, address 0xfec00000, GSI 0-23
[    0.043672] ACPI: INT_SRC_OVR (bus 0 bus_irq 0 global_irq 2 dfl dfl)
[    0.043941] ACPI: INT_SRC_OVR (bus 0 bus_irq 5 global_irq 5 high level)
[    0.043991] ACPI: INT_SRC_OVR (bus 0 bus_irq 9 global_irq 9 high level)
[    0.044087] ACPI: INT_SRC_OVR (bus 0 bus_irq 10 global_irq 10 high level)
[    0.044097] ACPI: INT_SRC_OVR (bus 0 bus_irq 11 global_irq 11 high level)
[    0.044295] ACPI: Using ACPI (MADT) for SMP configuration information
[    0.044341] ACPI: HPET id: 0x8086a201 base: 0xfed00000
[    0.044734] CPU topo: Max. logical packages:   1
[    0.044749] CPU topo: Max. logical dies:       1
[    0.044759] CPU topo: Max. dies per package:   1
[    0.044805] CPU topo: Max. threads per core:   1
[    0.044968] CPU topo: Num. cores per package:     1
[    0.044984] CPU topo: Num. threads per package:   1
[    0.044992] CPU topo: Allowing 1 present CPUs plus 0 hotplug CPUs
[    0.046200] [mem 0x08000000-0xfffbffff] available for PCI devices
[    0.046272] Booting paravirtualized kernel on bare hardware
[    0.046581] clocksource: refined-jiffies: mask: 0xffffffff max_cycles: 0xffffffff, max_idle_ns: 19112604462750000 ns
[    0.047389] setup_percpu: NR_CPUS:512 nr_cpumask_bits:1 nr_cpu_ids:1 nr_node_ids:1
[    0.049412] percpu: Embedded 50 pages/cpu s166808 r8192 d29800 u2097152
[    0.051711] Kernel command line: BOOT_IMAGE=/boot/vmlinuz root=PARTUUID=d25348d2-02 rootwait console=tty1 console=ttyS0,115200n8 noinitrd
[    0.053361] random: crng init done
[    0.058113] Dentry cache hash table entries: 16384 (order: 5, 131072 bytes, linear)
[    0.059093] Inode-cache hash table entries: 8192 (order: 4, 65536 bytes, linear)
[    0.061787] Built 1 zonelists, mobility grouping on.  Total pages: 32635
[    0.062009] mem auto-init: stack:off, heap alloc:off, heap free:off
[    0.071835] SLUB: HWalign=64, Order=0-3, MinObjects=0, CPUs=1, Nodes=1
[    0.079701] rcu: Hierarchical RCU implementation.
[    0.079730] rcu: 	RCU restricting CPUs from NR_CPUS=512 to nr_cpu_ids=1.
[    0.079881] 	Tracing variant of Tasks RCU enabled.
[    0.079978] rcu: RCU calculated value of scheduler-enlistment delay is 10 jiffies.
[    0.080011] rcu: Adjusting geometry for rcu_fanout_leaf=16, nr_cpu_ids=1
[    0.081176] RCU Tasks Trace: Setting shift to 0 and lim to 1 rcu_task_cb_adjust=1 rcu_task_cpu_ids=1.
[    0.081309] NR_IRQS: 33024, nr_irqs: 256, preallocated irqs: 16
[    0.090246] rcu: srcu_init: Setting srcu_struct sizes based on contention.
[    0.097116] Console: colour VGA+ 80x25
[    0.097574] printk: legacy console [tty1] enabled
[    0.105616] printk: legacy console [ttyS0] enabled
[    0.348661] ACPI: Core revision 20240827
[    0.353914] clocksource: hpet: mask: 0xffffffff max_cycles: 0xffffffff, max_idle_ns: 19112604467 ns
[    0.358656] APIC: Switch to symmetric I/O mode setup
[    0.363415] ..TIMER: vector=0x30 apic1=0 pin1=2 apic2=-1 pin2=-1
[    0.405764] clocksource: tsc-early: mask: 0xffffffffffffffff max_cycles: 0x233fa695ddd, max_idle_ns: 440795303581 ns
[    0.406461] Calibrating delay loop (skipped), value calculated using timer frequency.. 4890.74 BogoMIPS (lpj=24453740)
[    0.408390] x86/cpu: User Mode Instruction Prevention (UMIP) activated
[    0.426577] Last level iTLB entries: 4KB 0, 2MB 0, 4MB 0
[    0.426986] Last level dTLB entries: 4KB 0, 2MB 0, 4MB 0, 1GB 0
[    0.428192] Spectre V1 : Mitigation: usercopy/swapgs barriers and __user pointer sanitization
[    0.429212] Spectre V2 : Mitigation: Retpolines
[    0.429454] Spectre V2 : Spectre v2 / SpectreRSB: Filling RSB on context switch and VMEXIT
[    0.429901] Speculative Store Bypass: Vulnerable
[    0.438517] x86/fpu: Supporting XSAVE feature 0x001: 'x87 floating point registers'
[    0.443334] x86/fpu: Supporting XSAVE feature 0x002: 'SSE registers'
[    0.443623] x86/fpu: Supporting XSAVE feature 0x004: 'AVX registers'
[    0.447490] x86/fpu: Supporting XSAVE feature 0x008: 'MPX bounds registers'
[    0.448809] x86/fpu: Supporting XSAVE feature 0x010: 'MPX CSR'
[    0.449505] x86/fpu: xstate_offset[2]:  576, xstate_sizes[2]:  256
[    0.449941] x86/fpu: xstate_offset[3]:  960, xstate_sizes[3]:   64
[    0.450213] x86/fpu: xstate_offset[4]: 1024, xstate_sizes[4]:   64
[    0.456530] x86/fpu: Enabled xstate features 0x1f, context size is 1088 bytes, using 'standard' format.
[    0.685183] Freeing SMP alternatives memory: 40K
[    0.686062] pid_max: default: 32768 minimum: 301
[    0.695603] Mount-cache hash table entries: 512 (order: 0, 4096 bytes, linear)
[    0.696014] Mountpoint-cache hash table entries: 512 (order: 0, 4096 bytes, linear)
[    0.848144] smpboot: CPU0: AMD QEMU TCG CPU version 2.5+ (family: 0x6, model: 0x6, stepping: 0x3)
[    0.858395] Performance Events: PMU not available due to virtualization, using software events only.
[    0.859837] signal: max sigframe size: 1616
[    0.865587] rcu: Hierarchical SRCU implementation.
[    0.865856] rcu: 	Max phase no-delay instances is 1000.
[    0.888823] smp: Bringing up secondary CPUs ...
[    0.890637] smp: Brought up 1 node, 1 CPU
[    0.890937] smpboot: Total of 1 processors activated (4890.74 BogoMIPS)
[    0.897567] Memory: 103268K/130540K available (14336K kernel code, 1177K rwdata, 4000K rodata, 1500K init, 1296K bss, 25628K reserved, 0K cma-reserved)
[    0.911873] clocksource: jiffies: mask: 0xffffffff max_cycles: 0xffffffff, max_idle_ns: 19112604462750000 ns
[    0.912746] futex hash table entries: 256 (order: 2, 16384 bytes, linear)
[    0.914062] pinctrl core: initialized pinctrl subsystem
[    0.934004] NET: Registered PF_NETLINK/PF_ROUTE protocol family
[    0.940360] thermal_sys: Registered thermal governor 'step_wise'
[    0.940399] thermal_sys: Registered thermal governor 'user_space'
[    0.941426] cpuidle: using governor ladder
[    0.941989] cpuidle: using governor menu
[    0.945996] acpiphp: ACPI Hot Plug PCI Controller Driver version: 0.5
[    0.948872] PCI: Using configuration type 1 for base access
[    0.958177] cryptd: max_cpu_qlen set to 1000
[    0.963924] ACPI: Added _OSI(Module Device)
[    0.964144] ACPI: Added _OSI(Processor Device)
[    0.964334] ACPI: Added _OSI(Processor Aggregator Device)
[    0.978605] ACPI: 1 ACPI AML tables successfully acquired and loaded
[    0.995600] ACPI: Interpreter enabled
[    0.996442] ACPI: PM: (supports S0 S5)
[    0.996696] ACPI: Using IOAPIC for interrupt routing
[    0.997371] PCI: Using host bridge windows from ACPI; if necessary, use "pci=nocrs" and report a bug
[    0.997804] PCI: Using E820 reservations for host bridge windows
[    1.007870] ACPI: Enabled 2 GPEs in block 00 to 0F
[    1.040258] ACPI: PCI Root Bridge [PCI0] (domain 0000 [bus 00-ff])
[    1.041206] acpi PNP0A03:00: _OSC: OS supports [ASPM ClockPM Segments MSI HPX-Type3]
[    1.041714] acpi PNP0A03:00: _OSC: not requesting OS control; OS requires [ExtendedConfig ASPM ClockPM MSI]
[    1.042631] acpi PNP0A03:00: fail to add MMCONFIG information, can't access extended configuration space under this bridge
[    1.056749] acpiphp: Slot [3] registered
[    1.057229] acpiphp: Slot [4] registered
[    1.057566] acpiphp: Slot [5] registered
[    1.057861] acpiphp: Slot [6] registered
[    1.062372] acpiphp: Slot [7] registered
[    1.064410] acpiphp: Slot [8] registered
[    1.064705] acpiphp: Slot [9] registered
[    1.064966] acpiphp: Slot [10] registered
[    1.065241] acpiphp: Slot [11] registered
[    1.065527] acpiphp: Slot [12] registered
[    1.065797] acpiphp: Slot [13] registered
[    1.066611] acpiphp: Slot [14] registered
[    1.067056] acpiphp: Slot [15] registered
[    1.067510] acpiphp: Slot [16] registered
[    1.067781] acpiphp: Slot [17] registered
[    1.068060] acpiphp: Slot [18] registered
[    1.068362] acpiphp: Slot [19] registered
[    1.076601] acpiphp: Slot [20] registered
[    1.077034] acpiphp: Slot [21] registered
[    1.077488] acpiphp: Slot [22] registered
[    1.077757] acpiphp: Slot [23] registered
[    1.086519] acpiphp: Slot [24] registered
[    1.086814] acpiphp: Slot [25] registered
[    1.095986] acpiphp: Slot [26] registered
[    1.096552] acpiphp: Slot [27] registered
[    1.097007] acpiphp: Slot [28] registered
[    1.097294] acpiphp: Slot [29] registered
[    1.097592] acpiphp: Slot [30] registered
[    1.097869] acpiphp: Slot [31] registered
[    1.098332] PCI host bridge to bus 0000:00
[    1.107055] pci_bus 0000:00: root bus resource [io  0x0000-0x0cf7 window]
[    1.107633] pci_bus 0000:00: root bus resource [io  0x0d00-0xffff window]
[    1.107917] pci_bus 0000:00: root bus resource [mem 0x000a0000-0x000bffff window]
[    1.108276] pci_bus 0000:00: root bus resource [mem 0x08000000-0xfebfffff window]
[    1.116552] pci_bus 0000:00: root bus resource [mem 0x100000000-0x17fffffff window]
[    1.117202] pci_bus 0000:00: root bus resource [bus 00-ff]
[    1.118828] pci 0000:00:00.0: [8086:1237] type 00 class 0x060000 conventional PCI endpoint
[    1.130595] pci 0000:00:01.0: [8086:7000] type 00 class 0x060100 conventional PCI endpoint
[    1.131562] pci 0000:00:01.1: [8086:7010] type 00 class 0x010180 conventional PCI endpoint
[    1.137602] pci 0000:00:01.1: BAR 4 [io  0xc0e0-0xc0ef]
[    1.138949] pci 0000:00:01.1: BAR 0 [io  0x01f0-0x01f7]: legacy IDE quirk
[    1.140318] pci 0000:00:01.1: BAR 1 [io  0x03f6]: legacy IDE quirk
[    1.140776] pci 0000:00:01.1: BAR 2 [io  0x0170-0x0177]: legacy IDE quirk
[    1.141161] pci 0000:00:01.1: BAR 3 [io  0x0376]: legacy IDE quirk
[    1.142134] pci 0000:00:01.3: [8086:7113] type 00 class 0x068000 conventional PCI endpoint
[    1.147164] pci 0000:00:01.3: quirk: [io  0x0600-0x063f] claimed by PIIX4 ACPI
[    1.147521] pci 0000:00:01.3: quirk: [io  0x0700-0x070f] claimed by PIIX4 SMB
[    1.148344] pci 0000:00:02.0: [1234:1111] type 00 class 0x030000 conventional PCI endpoint
[    1.157201] pci 0000:00:02.0: BAR 0 [mem 0xfd000000-0xfdffffff pref]
[    1.158802] pci 0000:00:02.0: BAR 2 [mem 0xfeb90000-0xfeb90fff]
[    1.167390] pci 0000:00:02.0: ROM [mem 0xfeb80000-0xfeb8ffff pref]
[    1.167916] pci 0000:00:02.0: Video device with shadowed ROM at [mem 0x000c0000-0x000dffff]
[    1.174072] pci 0000:00:03.0: [1af4:1000] type 00 class 0x020000 conventional PCI endpoint
[    1.175180] pci 0000:00:03.0: BAR 0 [io  0xc080-0xc09f]
[    1.179007] pci 0000:00:03.0: BAR 4 [mem 0xfe000000-0xfe003fff 64bit pref]
[    1.184825] pci 0000:00:03.0: ROM [mem 0xfea80000-0xfeafffff pref]
[    1.190069] pci 0000:00:04.0: [1af4:1005] type 00 class 0x00ff00 conventional PCI endpoint
[    1.191923] pci 0000:00:04.0: BAR 0 [io  0xc0a0-0xc0bf]
[    1.192797] pci 0000:00:04.0: BAR 1 [mem 0xfeb91000-0xfeb91fff]
[    1.198401] pci 0000:00:04.0: BAR 4 [mem 0xfe004000-0xfe007fff 64bit pref]
[    1.203643] pci 0000:00:05.0: [1af4:1000] type 00 class 0x020000 conventional PCI endpoint
[    1.206026] pci 0000:00:05.0: BAR 0 [io  0xc0c0-0xc0df]
[    1.207163] pci 0000:00:05.0: BAR 1 [mem 0xfeb92000-0xfeb92fff]
[    1.209032] pci 0000:00:05.0: BAR 4 [mem 0xfe008000-0xfe00bfff 64bit pref]
[    1.209935] pci 0000:00:05.0: ROM [mem 0xfeb00000-0xfeb7ffff pref]
[    1.213626] pci 0000:00:06.0: [1af4:1001] type 00 class 0x010000 conventional PCI endpoint
[    1.217257] pci 0000:00:06.0: BAR 0 [io  0xc000-0xc07f]
[    1.218064] pci 0000:00:06.0: BAR 1 [mem 0xfeb93000-0xfeb93fff]
[    1.219846] pci 0000:00:06.0: BAR 4 [mem 0xfe00c000-0xfe00ffff 64bit pref]
[    1.237901] ACPI: PCI: Interrupt link LNKA configured for IRQ 10
[    1.238799] ACPI: PCI: Interrupt link LNKB configured for IRQ 10
[    1.239739] ACPI: PCI: Interrupt link LNKC configured for IRQ 11
[    1.240403] ACPI: PCI: Interrupt link LNKD configured for IRQ 11
[    1.240904] ACPI: PCI: Interrupt link LNKS configured for IRQ 9
[    1.244278] iommu: Default domain type: Translated
[    1.246490] iommu: DMA domain TLB invalidation policy: lazy mode
[    1.249756] SCSI subsystem initialized
[    1.251453] ACPI: bus type USB registered
[    1.252009] usbcore: registered new interface driver usbfs
[    1.252523] usbcore: registered new interface driver hub
[    1.256723] usbcore: registered new device driver usb
[    1.257533] pps_core: LinuxPPS API ver. 1 registered
[    1.257756] pps_core: Software ver. 5.3.6 - Copyright 2005-2007 Rodolfo Giometti <giometti@linux.it>
[    1.258227] PTP clock support registered
[    1.282987] PCI: Using ACPI for IRQ routing
[    1.285340] hpet0: at MMIO 0xfed00000, IRQs 2, 8, 0
[    1.285661] hpet0: 3 comparators, 64-bit 100.000000 MHz counter
[    1.290745] clocksource: Switched to clocksource tsc-early
[    1.294824] pnp: PnP ACPI init
[    1.295254] pnp: PnP ACPI: found 6 devices
[    1.309381] clocksource: acpi_pm: mask: 0xffffff max_cycles: 0xffffff, max_idle_ns: 2085701024 ns
[    1.310753] NET: Registered PF_INET protocol family
[    1.312315] IP idents hash table entries: 2048 (order: 2, 16384 bytes, linear)
[    1.318149] tcp_listen_portaddr_hash hash table entries: 256 (order: 0, 4096 bytes, linear)
[    1.320117] Table-perturb hash table entries: 65536 (order: 6, 262144 bytes, linear)
[    1.320679] TCP established hash table entries: 1024 (order: 1, 8192 bytes, linear)
[    1.321184] TCP bind hash table entries: 1024 (order: 3, 32768 bytes, linear)
[    1.331019] TCP: Hash tables configured (established 1024 bind 1024)
[    1.333119] MPTCP token hash table entries: 256 (order: 1, 6144 bytes, linear)
[    1.333672] UDP hash table entries: 256 (order: 1, 8192 bytes, linear)
[    1.334154] UDP-Lite hash table entries: 256 (order: 1, 8192 bytes, linear)
[    1.343703] NET: Registered PF_UNIX/PF_LOCAL protocol family
[    1.345111] pci_bus 0000:00: resource 4 [io  0x0000-0x0cf7 window]
[    1.345521] pci_bus 0000:00: resource 5 [io  0x0d00-0xffff window]
[    1.345777] pci_bus 0000:00: resource 6 [mem 0x000a0000-0x000bffff window]
[    1.352932] pci_bus 0000:00: resource 7 [mem 0x08000000-0xfebfffff window]
[    1.353342] pci_bus 0000:00: resource 8 [mem 0x100000000-0x17fffffff window]
[    1.354174] pci 0000:00:01.0: PIIX3: Enabling Passive Release
[    1.354511] pci 0000:00:00.0: Limiting direct PCI/PCI transfers
[    1.364311] PCI: CLS 0 bytes, default 64
[    1.385203] workingset: timestamp_bits=46 max_order=15 bucket_order=0
[    1.387932] squashfs: version 4.0 (2009/01/31) Phillip Lougher
[    1.390801] Block layer SCSI generic (bsg) driver version 0.4 loaded (major 247)
[    1.394720] hv_vmbus: registering driver hyperv_fb
[    1.399086] input: Power Button as /devices/LNXSYSTM:00/LNXPWRBN:00/input/input0
[    1.407660] ACPI: button: Power Button [PWRF]
[    1.571447] ACPI: \_SB_.LNKC: Enabled at IRQ 11
[    1.723422] ACPI: \_SB_.LNKD: Enabled at IRQ 10
[    1.874851] ACPI: \_SB_.LNKA: Enabled at IRQ 10
[    2.027526] ACPI: \_SB_.LNKB: Enabled at IRQ 11
[    2.029544] Serial: 8250/16550 driver, 16 ports, IRQ sharing enabled
[    2.054621] 00:04: ttyS0 at I/O 0x3f8 (irq = 4, base_baud = 115200) is a 16550A
[    2.080767] Non-volatile memory driver v1.3
[    2.091714] Linux agpgart interface v0.103
[    2.092768] ACPI: bus type drm_connector registered
[    2.095818] [drm] Found bochs VGA, ID 0xb0c5.
[    2.096084] [drm] Framebuffer size 16384 kB @ 0xfd000000, mmio @ 0xfeb90000.
[    2.101820] [drm] Found EDID data blob.
[    2.107812] [drm] Initialized bochs-drm 1.0.0 for 0000:00:02.0 on minor 0
[    2.177303] Console: switching to colour frame buffer device 160x50
[    2.186928] bochs-drm 0000:00:02.0: [drm] fb0: bochs-drmdrmfb frame buffer device
[    2.223443] loop: module loaded
[    2.224173] virtio_blk virtio3: 1/0/0 default/read/poll queues
[    2.228728] virtio_blk virtio3: [vda] 246784 512-byte logical blocks (126 MB/121 MiB)
[    2.238378]  vda: vda1 vda2
[    2.240550] Guest personality initialized and is inactive
[    2.241199] VMCI host device registered (name=vmci, major=10, minor=256)
[    2.241506] Initialized host personality
[    2.241912] usbcore: registered new interface driver rtsx_usb
[    2.250088] VMware PVSCSI driver - version 1.0.7.0-k
[    2.250452] hv_vmbus: registering driver hv_storvsc
[    2.266311] scsi host0: ata_piix
[    2.268878] scsi host1: ata_piix
[    2.269735] ata1: PATA max MWDMA2 cmd 0x1f0 ctl 0x3f6 bmdma 0xc0e0 irq 14 lpm-pol 0
[    2.270109] ata2: PATA max MWDMA2 cmd 0x170 ctl 0x376 bmdma 0xc0e8 irq 15 lpm-pol 0
[    2.280655] VMware vmxnet3 virtual NIC driver - version 1.9.0.0-k-NAPI
[    2.281278] hv_vmbus: registering driver hv_netvsc
[    2.281691] Fusion MPT base driver 3.04.20
[    2.281913] Copyright (c) 1999-2008 LSI Corporation
[    2.282321] Fusion MPT SPI Host driver 3.04.20
[    2.291605] Fusion MPT SAS Host driver 3.04.20
[    2.293887] usbcore: registered new interface driver usb-storage
[    2.295185] i8042: PNP: PS/2 Controller [PNP0303:KBD,PNP0f13:MOU] at 0x60,0x64 irq 1,12
[    2.298630] serio: i8042 KBD port at 0x60,0x64 irq 1
[    2.299053] serio: i8042 AUX port at 0x60,0x64 irq 12
[    2.305687] hv_vmbus: registering driver hyperv_keyboard
[    2.308196] rtc_cmos 00:05: RTC can wake from S4
[    2.313271] rtc_cmos 00:05: registered as rtc0
[    2.316233] rtc_cmos 00:05: setting system clock to 2026-03-01T03:03:17 UTC (1772334197)
[    2.318740] rtc_cmos 00:05: alarms up to one day, y3k, 242 bytes nvram, hpet irqs
[    2.321459] intel_powerclamp: CPU does not support MWAIT
[    2.327060] amd_pstate: the _CPC object is not present in SBIOS or ACPI disabled
[    2.329387] sdhci: Secure Digital Host Controller Interface driver
[    2.331364] sdhci: Copyright(c) Pierre Ossman
[    2.333729] VUB300 Driver rom wait states = 1C irqpoll timeout = 0400
[    2.340754] input: AT Translated Set 2 keyboard as /devices/platform/i8042/serio0/input/input1
[    2.369760] usbcore: registered new interface driver vub300
[    2.372043] usbcore: registered new interface driver ushc
[    2.379929] hid: raw HID events driver (C) Jiri Kosina
[    2.382598] hv_vmbus: registering driver hid_hyperv
[    2.385308] usbcore: registered new interface driver usbhid
[    2.387468] usbhid: USB HID core driver
[    2.389595] hv_utils: Registering HyperV Utility Driver
[    2.391935] hv_vmbus: registering driver hv_utils
[    2.393923] hv_vmbus: registering driver hv_balloon
[    2.397394] NET: Registered PF_INET6 protocol family
[    2.412555] Segment Routing with IPv6
[    2.414727] In-situ OAM (IOAM) with IPv6
[    2.417325] NET: Registered PF_PACKET protocol family
[    2.419818] bridge: filtering via arp/ip/ip6tables is no longer available by default. Update your scripts to load br_netfilter if you need this.
[    2.429341] 8021q: 802.1Q VLAN Support v1.8
[    2.431960] NET: Registered PF_VSOCK protocol family
[    2.440297] tsc: Refined TSC clocksource calibration: 2445.417 MHz
[    2.442726] clocksource: tsc: mask: 0xffffffffffffffff max_cycles: 0x233fcf3bb47, max_idle_ns: 440795263260 ns
[    2.449639] clocksource: Switched to clocksource tsc
[    2.456543] IPI shorthand broadcast: enabled
[    2.463607] AES CTR mode by8 optimization enabled
[    2.485460] sched_clock: Marking stable (2220091208, 255578473)->(2481015804, -5346123)
[    2.516692] ata2: found unknown device (class 0)
[    2.569787] ata2.00: ATAPI: QEMU DVD-ROM, 2.5+, max UDMA/100
[    2.590516] scsi 1:0:0:0: CD-ROM            QEMU     QEMU DVD-ROM     2.5+ PQ: 0 ANSI: 5
[    2.601661] clk: Disabling unused clocks
[    2.637879] sr 1:0:0:0: [sr0] scsi3-mmc drive: 4x/4x cd/rw xa/form2 tray
[    2.640589] cdrom: Uniform CD-ROM driver Revision: 3.20
[    2.697431] VFS: Mounted root (squashfs filesystem) readonly on device 254:2.
[    2.768575] Freeing unused kernel image (initmem) memory: 1500K
[    2.771224] Write protecting the kernel read-only data: 18432k
[    2.774514] Freeing unused kernel image (rodata/data gap) memory: 96K
[    2.777347] Run /sbin/init as init process
[    3.101829] init: Console is alive
[    3.812405] kmodloader: loading kernel modules from /etc/modules-boot.d/*
[    3.879254] button_hotplug: loading out-of-tree module taints kernel.
[    3.886438] Button Hotplug driver version 0.4.1
[    3.906499] Intel(R) 2.5G Ethernet Linux Driver
[    3.908999] Copyright(c) 2018 Intel Corporation.
[    3.924228] igb: Intel(R) Gigabit Ethernet Network Driver
[    3.926813] igb: Copyright (c) 2007-2014 Intel Corporation.
[    3.943245] e1000e: Intel(R) PRO/1000 Network Driver
[    3.945734] e1000e: Copyright(c) 1999 - 2015 Intel Corporation.
[    3.958478] kmodloader: done loading kernel modules from /etc/modules-boot.d/*
[    3.978180] init: - preinit -
[    5.028252] 8021q: adding VLAN 0 to HW filter on device eth0
Press the [f] key and hit [enter] to enter failsafe mode
Press the [1], [2], [3] or [4] key and hit [enter] to select the debug level
[    9.680407] loop0: detected capacity change from 0 to 212992
[    9.726115] loop0: detected capacity change from 212992 to 196352
[    9.739864] mount_root: overlay filesystem in /dev/loop0 has not been formatted yet
[   10.090064] EXT4-fs (loop0): mounted filesystem 90b8930e-0861-40d2-b839-29466bcf19b8 r/w with ordered data mode. Quota mode: disabled.
[   10.104092] mount_root: overlay filesystem has not been fully initialized yet
[   10.122370] mount_root: switching to ext4 overlay
[   10.143255] overlayfs: null uuid detected in lower fs '/', falling back to xino=off,index=off,nfs_export=off.
[   10.886350] EXT4-fs (vda1): mounted filesystem 84173db5-fa99-e35a-95c6-28613cc79ea9 r/w without journal. Quota mode: disabled.
[   10.911776] urandom-seed: Seed file not found (/etc/urandom.seed)
[   11.069574] procd: - early -
[   11.828726] procd: - ubus -
[   12.010028] procd: - init -
Please press Enter to activate this console.
root
login[1043]: root login on 'ttyS0'


BusyBox v1.37.0 (2026-02-26 22:34:10 UTC) built-in shell (ash)

  _______                     ________        __
 |       |.-----.-----.-----.|  |  |  |.----.|  |_
 |   -   ||  _  |  -__|     ||  |  |  ||   _||   _|
 |_______||   __|_____|__|__||________||__|  |____|
          |__| W I R E L E S S   F R E E D O M
 -----------------------------------------------------
 OpenWrt SNAPSHOT, r33240-296b286a67
 -----------------------------------------------------

 === WARNING! =====================================
 There is no root password defined on this device!
 Use the "passwd" command to set up a new password
 in order to prevent unauthorized SSH logins.
 --------------------------------------------------

  ___   __ __                _______             __
 |   |_|__|  |--.----.-----.|   |   |-----.-----|  |--.
 |     |  |  _  |   _|  -__||       |  -__|__ --|     |
 |_____|__|_____|__| |_____||__|_|__|_____|_____|__|__|

 ------------------------------------------------------
 LiMe master development (master rev. 7929208 20260224_1304)
 ------------------------------------------------------
 https://libremesh.org
 ------------------------------------------------------

 === System Notes =================================================

 = edit via http://thisnode.info/app/#/notes or /etc/banner.notes =


 OpenWrt recently switched to the "apk" package manager!

 OPKG Command           APK Equivalent      Description
 ------------------------------------------------------------------
 opkg install <pkg>     apk add <pkg>       Install a package
 opkg remove <pkg>      apk del <pkg>       Remove a package
 opkg upgrade           apk upgrade         Upgrade all packages
 opkg files <pkg>       apk info -L <pkg>   List package contents
 opkg list-installed    apk info            List installed packages
 opkg update            apk update          Update package lists
 opkg search <pkg>      apk search <pkg>    Search for packages
 ------------------------------------------------------------------

For more information visit:
https://openwrt.org/docs/guide-user/additional-software/opkg-to-apk-cheatsheet

root@(none):~# dmesg -n 1
root@(none):~# echo 'FPNV''JNCHWC'
FPNVJNCHWC
root@(none):~# run() { echo -n "$MARKER"; sh -c "$@"; echo "$MARKER $?"; }
root@(none):~# echo 'MVNT''XFVYEW'
MVNTXFVYEW
root@(none):~# MARKER='WCEY''QJOLFE' run 'ubus wait_for network.interface.lan'
WCEYQJOLFE