Labgrid Console Logfile for main
Logfile started at 2026-04-28 02:12:41.698059
=== Log starts here ===
c[?7l[2J[0mSeaBIOS (version 1.16.3-debian-1.16.3-2)


iPXE (https://ipxe.org) 00:03.0 CA00 PCI2.10 PnP PMM+06FCAE70+06F0AE70 CA00
Press Ctrl-B to configure iPXE (PCI 00:03.0)...                                                                               




iPXE (https://ipxe.org) 00:05.0 CB00 PCI2.10 PnP PMM 06FCAE70 06F0AE70 CB00
Press Ctrl-B to configure iPXE (PCI 00:05.0)...                                                                               


Booting from Hard Disk...
GRUB loading.....
[0;30;47mWelcome to GRUB![01;01H[0m[2J[H[J[1;1H[?25l[m[H[J[1;1H[2;30HGNU GRUB  version 2.12

[m[4;2H+----------------------------------------------------------------------------+[5;2H|[5;79H|[6;2H|[6;79H|[7;2H|[7;79H|[8;2H|[8;79H|[9;2H|[9;79H|[10;2H|[10;79H|[11;2H|[11;79H|[12;2H|[12;79H|[13;2H|[13;79H|[14;2H|[14;79H|[15;2H|[15;79H|[16;2H+----------------------------------------------------------------------------+[m[17;2H[18;2H[m     Use the ^ and v keys to select which entry is highlighted.          
      Press enter to boot the selected OS, `e' to edit the commands       
      before booting or `c' for a command-line. ESC to return             
      previous menu.                                                      [5;80H [7m[5;3H*OpenWrt                                                                    [m[5;78H[m[m[6;3H OpenWrt (failsafe)                                                         [m[6;78H[m[m[7;3H                                                                            [m[7;78H[m[m[8;3H                                                                            [m[8;78H[m[m[9;3H                                                                            [m[9;78H[m[m[10;3H                                                                            [m[10;78H[m[m[11;3H                                                                            [m[11;78H[m[m[12;3H                                                                            [m[12;78H[m[m[13;3H                                                                            [m[13;78H[m[m[14;3H                                                                            [m[14;78H[m[m[15;3H                                                                            [m[15;78H[m[15;80H [5;78H[2J[02;30HGNU GRUB  version 2.12[04;02H┌────────────────────────────────────────────────────────────────────────────┐[05;02H│[05;79H│[06;02H│[06;79H│[07;02H│[07;79H│[08;02H│[08;79H│[09;02H│[09;79H│[10;02H│[10;79H│[11;02H│[11;79H│[12;02H│[12;79H│[13;02H│[13;79H│[14;02H│[14;79H│[15;02H│[15;79H│[16;02H│[16;79H│[17;02H└────────────────────────────────────────────────────────────────────────────┘[19;02H     Use the ↑ and ↓ keys to select which entry is highlighted.          
      Press enter to boot the selected OS, `e' to edit the commands       
      before booting or `c' for a command-line. ESC to return   [21;64H[21;65H          
      previous menu.                                                      [05;80H [05;03H[0;30;47m*OpenWrt                                                                    [06;03H[0m OpenWrt (failsafe)                                                         [07;03H                                                                            [08;03H                                                                            [09;03H                                                                            [10;03H                      [10;24H[10;25H                                                      [11;03H                                                                            [12;03H                                [12;34H[12;35H                                            [13;03H                                                                            [14;03H                                          [14;44H[14;45H                                  [15;03H                                                                            [16;03H                                                                            [16;80H 






   The highlighted entry will be executed automatically in 5s.                [22;1H   The highlighted entry will be executed automatically in 5s.                 [5;78H [05;78H

















   The highlighted entry will be executed automatically in 4s.                [22;1H   The highlighted entry will be executed automatically in 4s.                 [5;78H [05;78H

















   The highlighted entry will be executed automatically in 3s.    [23;66H[23;67H            [22;1H   The highlighted entry will be executed automatically in 3s.                 [5;78H [05;78H

















   The highlighted entry will be[23;32H[23;33H executed automatically in 2s.                [22;1H   The highlighted entry will be executed automatically in 2s.                 [5;78H [05;78H

















   The highlighted entry will be executed automatically in 1s.                [22;1H   The highlighted entry will be executed automatically in 1s.                 [5;78H [05;78H

















   The highlighted entry will be executed automatically in 0s.                [22;1H   The highlighted entry will be executed automatically in 0s.                 [5;78H [01;01H[2J[?25h[H[J[1;1H[H[J[1;1H[2J   Booting `OpenWrt' Booting `OpenWrt

'

[    0.000000] Linux version 6.18.21 (builder@buildhost) (x86_64-openwrt-linux-musl-gcc (OpenWrt GCC 14.3.0 r34198-0509464a93) 14.3.0, GNU ld (GNU Binutils) 2.44) #0 SMP Mon Apr 27 13:23:43 2026
[    0.000000] Command line: BOOT_IMAGE=/boot/vmlinuz root=PARTUUID=9af4cb25-02 roo noinitrd
[    0.000000] BIOS-provided physical RAM map:
[    0.000000] BIOS-e820: [mem 0x0000000000000000-0x000000000009fbff] usable
[    0.000000] BIOS-e820: [mem 0x000000000009fc00-0x000000000009ffff] reserved
[    0.000000] BIOS-e820: [mem 0x00000000000f0000-0x00000000000[mem 0x0000000000100000-0x0000000007fdcfff] usable
[    0.000000] BIOS-e820: [mem 0x0000000007fdd000-0x0000000007ffffff] reserved
[    0.000000] BIOS-e820: [mem 0x00000000fffc0000-0x00000000ffffffff] reserved
[    0.000000] BIOS-e820: [mem 0x000000fd00000000-0x000000ffffffffff] reserveection: active
[    0.000000] APIC: Static calls initialized
[    0.000000] SMBIOS 3.0.0 present.
[    0.000000] DMI: QEMU Standard PC (i440FX + PIIX, 1996), BIOS 1.16.3-debian-1.16.3-2 04/01/2014
[    0.000000] DMI: Memory slots populated: 1/1
[    0.000000] tsc: Fast TSC csc: Detected 2445.439 MHz processor
[    0.008908] last_pfn = 0x7fdd max_arch_pfn = 0x10000000000
[    0.009520] MTRR map: 4 entries (3 fixed + 1 variable; max 19), built from 8 variable MTRRs
[    0.009696] x86/PAT: Configuration [0-7]: WB  WC  UC- UC  WB  WP  UC- WT  
[    460-0x000f546f]
[    0.033140] Using GB pages for direct mapping
[    0.037760] ACPI: Early table checksum verification disabled
[    0.038120] ACPI: RSDP 0x00000000000F5290 000014 (v00 BOCHS )
[    0.038415] ACPI: RSDT 0x0000000007FE1C64 000034 (v01 BOCHS  BXPC     00000001 0x0000000007FE1B18 000074 (v01 BOCHS  BXPC     00000001 BXPC 00000001)
[    0.039587] ACPI: DSDT 0x0000000007FE0040 001AD8 (v01 BOCHS  BXPC     00000001 BXPC 00000001)
[    0.039670] ACPI: FACS 0x0000000007FE0000 000040
[    0.039724] ACPI: APIC 0x0000000007FE1B8C 000078 (v03    0.039748] ACPI: HPET 0x0000000007FE1C04 000038 (v01 BOCHS  BXPC     00000001 BXPC 00000001)
[    0.039769] ACPI: WAET 0x0000000007FE1C3C 000028 (v01 BOCHS  BXPC     00000001 BXPC 00000001)
[    0.039863] ACPI: Reserving FACP table memory at [mem 0x7fe1b18-0x7fe1b8b]
[    0. [mem 0x7fe0040-0x7fe1b17]
[    0.039907] ACPI: Reserving FACS table memory at [mem 0x7fe0000-0x7fe003f]
[    0.039913] ACPI: Reserving APIC table memory at [mem 0x7fe1b8c-0x7fe1c03]
[    0.039919] ACPI: Reserving HPET table memory at [mem 0x7fe1c04-0x7fe1c3b]
[    0.039925] 7fe1c3c-0x7fe1c63]
[    0.063051] Zone ranges:
[    0.063088]   DMA      [mem 0x0000000000001000-0x0000000000ffffff]
[    0.063180]   DMA32    [mem 0x0000000001000000-0x0000000007fdcfff]
[    0.063191]   Normal   empty
[    0.063212] Movable zone start for each node
[    0.3276]   node   0: [mem 0x0000000000001000-0x000000000009efff]
[    0.063425]   node   0: [mem 0x0000000000100000-0x0000000007fdcfff]
[    0.063574] Initmem setup node 0 [mem 0x0000000000001000-0x0000000007fdcfff]
[    0.064661] On node 0, zone DMA: 1 pages in unavailable rangeages in unavailable ranges
[    0.066497] On node 0, zone DMA32: 35 pages in unavailable ranges
[    0.066909] ACPI: PM-Timer IO Port: 0x608
[    0.067386] ACPI: LAPIC_NMI (acpi_id[0xff] dfl dfl lint[0x1])
[    0.067824] IOAPIC[0]: apic_id 0, version 32, address 0xfec00000, GSIs 0 bus_irq 0 global_irq 2 dfl dfl)
[    0.068203] ACPI: INT_SRC_OVR (bus 0 bus_irq 5 global_irq 5 high level)
[    0.068261] ACPI: INT_SRC_OVR (bus 0 bus_irq 9 global_irq 9 high level)
[    0.068358] ACPI: INT_SRC_OVR (bus 0 bus_irq 10 global_irq 10 high level)
[    0.068368_irq 11 high level)
[    0.068555] ACPI: Using ACPI (MADT) for SMP configuration information
[    0.068601] ACPI: HPET id: 0x8086a201 base: 0xfed00000
[    0.068981] CPU topo: Max. logical packages:   1
[    0.068995] CPU topo: Max. logical dies:       1
[    0.069005] CPU t9059] CPU topo: Max. threads per core:   1
[    0.069208] CPU topo: Num. cores per package:     1
[    0.069225] CPU topo: Num. threads per package:   1
[    0.069234] CPU topo: Allowing 1 present CPUs plus 0 hotplug CPUs
[    0.070049] [mem 0x08000000-0xfffbffff] available favirtualized kernel on bare hardware
[    0.070427] clocksource: refined-jiffies: mask: 0xffffffff max_cycles: 0xffffffff, max_idle_ns: 19112604462750000 ns
[    0.070937] setup_percpu: NR_CPUS:512 nr_cpumask_bits:1 nr_cpu_ids:1 nr_node_ids:1
[    0.072719] percpu: Embedded 46    0.074557] Kernel command line: BOOT_IMAGE=/boot/vmlinuz root=PARTUUID=9af4cb25-02 rootwait console=tty1 console=ttyS0,115200n8 noinitrd
[    0.076237] random: crng init done
[    0.076321] printk: log buffer data + meta data: 131072 + 458752 = 589824 bytes
[    0.076561] D5, 131072 bytes, linear)
[    0.076668] Inode-cache hash table entries: 8192 (order: 4, 65536 bytes, linear)
[    0.079079] Built 1 zonelists, mobility grouping on.  Total pages: 32635
[    0.079333] mem auto-init: stack:off, heap alloc:off, heap free:off
[    0.088772] SLUB:, Nodes=1
[    0.097308] rcu: Hierarchical RCU implementation.
[    0.097338] rcu: 	RCU restricting CPUs from NR_CPUS=512 to nr_cpu_ids=1.
[    0.097518] 	Tracing variant of Tasks RCU enabled.
[    0.097625] rcu: RCU calculated value of scheduler-enlistment delay is 10 jiffiesr rcu_fanout_leaf=16, nr_cpu_ids=1
[    0.098821] RCU Tasks Trace: Setting shift to 0 and lim to 1 rcu_task_cb_adjust=1 rcu_task_cpu_ids=1.
[    0.099111] NR_IRQS: 33024, nr_irqs: 256, preallocated irqs: 16
[    0.108457] rcu: srcu_init: Setting srcu_struct sizes based on contentix25
[    0.116180] printk: legacy console [tty1] enabled
[    0.124265] printk: legacy console [ttyS0] enabled
[    0.343572] ACPI: Core revision 20250807
[    0.348960] clocksource: hpet: mask: 0xffffffff max_cycles: 0xffffffff, max_idle_ns: 19112604467 ns
[    0.353854] APIC: Switch to symmetric I/O mode setup
[    0.358396] ..TIMER: vector=0x30 apic1=0 pin1=2 apic2=-1 pin2=-1
[    0.400852] clocksource: tsc-early: mask: 0xffffffffffffffff max_cycles: 0x233fe42a13f, max_idle_ns: 440795286674 ns
[    0.401621] Calibrating delay loop (skipped), value calculated using timer frequency.. 4890.87 BogoMIPS (lpj=24454390)
[    0.403502] x86/cpu: User Mode In (UMIP) activated
[    0.418053] Last level iTLB entries: 4KB 0, 2MB 0, 4MB 0
[    0.418415] Last level dTLB entries: 4KB 0, 2MB 0, 4MB 0, 1GB 0
[    0.422251] mitigations: Enabled attack vectors: user_kernel, user_user, guest_host, guest_guest, SMT mitigations: auto
[    0.423598] Speculative Store Bypass: Vulnerable
[    0.424374] Spectre V2 : Mitigation: Retpolines
[    0.424731] Spectre V1 : Mitigation: usercopy/swapgs barriers and __user pointer sanitization
[    0.425203] Spectre V2 : Spectre v2 / SpectreRSB: Filling RSB on context 
[    0.433443] x86/fpu: Supporting XSAVE feature 0x001: 'x87 floating point registers'
[    0.437949] x86/fpu: Supporting XSAVE feature 0x002: 'SSE registers'
[    0.438212] x86/fpu: Supporting XSAVE feature 0x004: 'AVX registers'
[    0.438435] x86/fpu: Supporting XSAVE feat
[    0.441659] x86/fpu: Supporting XSAVE feature 0x010: 'MPX CSR'
[    0.442257] x86/fpu: xstate_offset[2]:  576, xstate_sizes[2]:  256
[    0.442591] x86/fpu: xstate_offset[3]:  960, xstate_sizes[3]:   64
[    0.442836] x86/fpu: xstate_offset[4]: 1024, xstate_sizes[4]:   64e features 0x1f, context size is 1088 bytes, using 'standard' format.
[    0.781670] Freeing SMP alternatives memory: 48K
[    0.783076] pid_max: default: 32768 minimum: 301
[    0.793848] Mount-cache hash table entries: 512 (order: 0, 4096 bytes, linear)
[    0.794275] Mountpoint-cache hash table entries: 512 (order: 0, 4096 bytes, linear)
[    0.946610] smpboot: CPU0: AMD QEMU TCG CPU version 2.5+ (family: 0x6, model: 0x6, stepping: 0x3)
[    0.952513] Performance Events: PMU not available due to virtualization, using software events only.
[    0.954185] signal: max sigframe size: 1616
[    0.955959] rcu: Hierarchical SRCU implementation.
[    0.956182] rcu: 	Max phase no-delay instances is 1000.
[    0.9615p: Bringing up secondary CPUs ...
[    0.965349] smp: Brought up 1 node, 1 CPU
[    0.965614] smpboot: Total of 1 processors activated (4890.87 BogoMIPS)
[    0.972969] Memory: 96076K/130540K available (14379K kernel code, 1184K rwdata, 5764K rodata, 2676K init, 2148K bss, 32776K rese, 0K cma-reserved)
[    0.987596] clocksource: jiffies: mask: 0xffffffff max_cycles: 0xffffffff, max_idle_ns: 19112604462750000 ns
[    0.988632] posixtimers hash table entries: 512 (order: 1, 8192 bytes, linear)
[    0.989150] futex hash table entries: 256 (16384 bytes on 1 NUMA nodes, total 167] pinctrl core: initialized pinctrl subsystem
[    1.017470] NET: Registered PF_NETLINK/PF_ROUTE protocol family
[    1.025832] thermal_sys: Registered thermal governor 'step_wise'
[    1.025870] thermal_sys: Registered thermal governor 'user_space'
[    1.026845] cpuidle: using governor ladder
[    1.027372] cpuidle: uing governor menu
[    1.029494] acpiphp: ACPI Hot Plug PCI Controller Driver version: 0.5
[    1.032263] PCI: Using configuration type 1 for base access
[    1.038000] HugeTLB: registered 2.00 MiB page size, pre-allocated 0 pages
[    1.038293] HugeTLB: 28 KiB vmemmap can be free for a 2.00 MiB page
[    1.056321] ACPI: Added _OSI(Module Device)
[    1.056542] ACPI: Added _OSI(Processor Device)
[    1.056706] ACPI: Added _OSI(Processor Aggregator Device)
[    1.070884] ACPI: 1 ACPI AML tables successfully acquired and loaded
[    1.087123] ACPI: Interpreter enabled
[    1.087887] ACPI: PM: (supports S0 S5)
[    1.088114] ACPI: Using IOAPIC for interrupt routing
[    1.088678] PCI: Using host bridge windows from ACPI; if necessary, use "pci=nocrs" and report a bug
[    1.089056] PCI: Using E820 r
[    1.093406] ACPI: Enabled 2 GPEs in block 00 to 0F
[    1.129228] ACPI: PCI Root Bridge [PCI0] (domain 0000 [bus 00-ff])
[    1.130208] acpi PNP0A03:00: _OSC: OS supports [ASPM ClockPM Segments MSI HPX-Type3]
[    1.130658] acpi PNP0A03:00: _OSC: not requesting OS control; OS requires [ExtendedConfig ASPM ClockPM MSI]
[    1. to add MMCONFIG information, can't access extended configuration space under this bridge
[    1.144918] acpiphp: Slot [3] registered
[    1.145284] acpiphp: Slot [4] registered
[    1.145534] acpiphp: Slot [5] registered
[    1.145771] acpiphp: Slot [6] registered
[    1.147] registered
[    1.151173] acpiphp: Slot [8] registered
[    1.151653] acpiphp: Slot [9] registered
[    1.152028] acpiphp: Slot [10] registered
[    1.152275] acpiphp: Slot [11] registered
[    1.152508] acpiphp: Slot [12] registered
[    1.152757] acpiphp: Slot [13] reg[14] registered
[    1.161787] acpiphp: Slot [15] registered
[    1.162215] acpiphp: Slot [16] registered
[    1.162607] acpiphp: Slot [17] registered
[    1.162851] acpiphp: Slot [18] registered
[    1.163084] acpiphp: Slot [19] registered
[    1.163329] acpiphp: Slot [20] regist registered
[    1.171716] acpiphp: Slot [22] registered
[    1.172122] acpiphp: Slot [23] registered
[    1.172546] acpiphp: Slot [24] registered
[    1.172874] acpiphp: Slot [25] registered
[    1.173111] acpiphp: Slot [26] registered
[    1.173356] acpiphp: Slot [27] registered
[  d
[    1.181710] acpiphp: Slot [29] registered
[    1.182100] acpiphp: Slot [30] registered
[    1.182538] acpiphp: Slot [31] registered
[    1.183042] PCI host bridge to bus 0000:00
[    1.183522] pci_bus 0000:00: root bus resource [io  0x0000-0x0cf7 window]
[    1.183900] p 0x0d00-0xffff window]
[    1.191583] pci_bus 0000:00: root bus resource [mem 0x000a0000-0x000bffff window]
[    1.192129] pci_bus 0000:00: root bus resource [mem 0x08000000-0xfebfffff window]
[    1.192514] pci_bus 0000:00: root bus resource [mem 0x100000000-0x17fffffff window]
[    1e [bus 00-ff]
[    1.203148] pci 0000:00:00.0: [8086:1237] type 00 class 0x060000 conventional PCI endpoint
[    1.212720] pci 0000:00:01.0: [8086:7000] type 00 class 0x060100 conventional PCI endpoint
[    1.213619] pci 0000:00:01.1: [8086:7010] type 00 class 0x010180 conventnt
[    1.218502] pci 0000:00:01.1: BAR 4 [io  0xc0e0-0xc0ef]
[    1.218808] pci 0000:00:01.1: BAR 0 [io  0x01f0-0x01f7]: legacy IDE quirk
[    1.219099] pci 0000:00:01.1: BAR 1 [io  0x03f6]: legacy IDE quirk
[    1.219339] pci 0000:00:01.1: BAR 2 [io  0x0170-0x0177]: legacy IDE: BAR 3 [io  0x0376]: legacy IDE quirk
[    1.222589] pci 0000:00:01.3: [8086:7113] type 00 class 0x068000 conventional PCI endpoint
[    1.223235] pci 0000:00:01.3: quirk: [io  0x0600-0x063f] claimed by PIIX4 ACPI
[    1.223552] pci 0000:00:01.3: quirk: [io  0x0700-0x070f] claimed b000:00:02.0: [1234:1111] type 00 class 0x030000 conventional PCI endpoint
[    1.238477] pci 0000:00:02.0: BAR 0 [mem 0xfd000000-0xfdffffff pref]
[    1.241607] pci 0000:00:02.0: BAR 2 [mem 0xfeb90000-0xfeb90fff]
[    1.241835] pci 0000:00:02.0: ROM [mem 0xfeb80000-0xfeb8ffff pref]
[ device with shadowed ROM at [mem 0x000c0000-0x000dffff]
[    1.252049] pci 0000:00:03.0: [1af4:1000] type 00 class 0x020000 conventional PCI endpoint
[    1.253316] pci 0000:00:03.0: BAR 0 [io  0xc080-0xc09f]
[    1.253585] pci 0000:00:03.0: BAR 4 [mem 0xfe000000-0xfe003fff 64bit pref0: ROM [mem 0xfea80000-0xfeafffff pref]
[    1.268395] pci 0000:00:04.0: [1af4:1005] type 00 class 0x00ff00 conventional PCI endpoint
[    1.269555] pci 0000:00:04.0: BAR 0 [io  0xc0a0-0xc0bf]
[    1.269782] pci 0000:00:04.0: BAR 1 [mem 0xfeb91000-0xfeb91fff]
[    1.269994] pci 0000:00:04.0: m 0xfe004000-0xfe007fff 64bit pref]
[    1.275360] pci 0000:00:05.0: [1af4:1000] type 00 class 0x020000 conventional PCI endpoint
[    1.276968] pci 0000:00:05.0: BAR 0 [io  0xc0c0-0xc0df]
[    1.277195] pci 0000:00:05.0: BAR 1 [mem 0xfeb92000-0xfeb92fff]
[    1.277409] pci 0000:00:0fe008000-0xfe00bfff 64bit pref]
[    1.281653] pci 0000:00:05.0: ROM [mem 0xfeb00000-0xfeb7ffff pref]
[    1.285831] pci 0000:00:06.0: [1af4:1001] type 00 class 0x010000 conventional PCI endpoint
[    1.286869] pci 0000:00:06.0: BAR 0 [io  0xc000-0xc07f]
[    1.287106] pci 0000:00:063000-0xfeb93fff]
[    1.291598] pci 0000:00:06.0: BAR 4 [mem 0xfe00c000-0xfe00ffff 64bit pref]
[    1.302965] ACPI: PCI: Interrupt link LNKA configured for IRQ 10
[    1.303820] ACPI: PCI: Interrupt link LNKB configured for IRQ 10
[    1.304459] ACPI: PCI: Interrupt link LNKC configured for 11
[    1.306526] ACPI: PCI: Interrupt link LNKD configured for IRQ 11
[    1.307124] ACPI: PCI: Interrupt link LNKS configured for IRQ 9
[    1.310095] iommu: Default domain type: Translated
[    1.310311] iommu: DMA domain TLB invalidation policy: lazy mode
[    1.313368] SCStialized
[    1.318239] ACPI: bus type USB registered
[    1.318815] usbcore: registered new interface driver usbfs
[    1.319311] usbcore: registered new interface driver hub
[    1.319647] usbcore: registered new device driver usb
[    1.320199] pps_core: LinuxPPS API ver. 1 registware ver. 5.3.6 - Copyright 2005-2007 Rodolfo Giometti <giometti@linux.it>
[    1.328787] PTP clock support registered
[    1.339086] PCI: Using ACPI for IRQ routing
[    1.342007] hpet0: at MMIO 0xfed00000, IRQs 2, 8, 0
[    1.342312] hpet0: 3 comparators, 64-bit 100.000000 MHz counter
[    1.348395] clocksource: Switched to clocksource tsc-early
[    1.350762] pnp: PnP ACPI init
[    1.350762] pnp: PnP ACPI: found 6 devices
[    1.364553] clocksource: acpi_pm: mask: 0xffffff max_cycles: 0xffffff, max_idle_ns: 2085701024 ns
[    1.366276] NET: Registered PF_INET protocol family
[    1.367522] IP idents hash table entries: 2048 (order: 2, 16384 bytes, linear)
[    1.373184] tcp_listen_portaddr_has table entries: 256 (order: 0, 4096 bytes, linear)
[    1.375580] Table-perturb hash table entries: 65536 (order: 6, 262144 bytes, linear)
[    1.376038] TCP established hash table entries: 1024 (order: 1, 8192 bytes, linear)
[    1.376478] TCP bind hash table entries: 1024 (orde077] TCP: Hash tables configured (established 1024 bind 1024)
[    1.387929] MPTCP token hash table entries: 256 (order: 1, 6144 bytes, linear)
[    1.388458] UDP hash table entries: 256 (order: 2, 16384 bytes, linear)
[    1.388926] UDP-Lite hash table entries: 256 (order: 2,   1.395814] NET: Registered PF_UNIX/PF_LOCAL protocol family
[    1.398271] pci_bus 0000:00: resource 4 [io  0x0000-0x0cf7 window]
[    1.398514] pci_bus 0000:00: resource 5 [io  0x0d00-0xffff window]
[    1.398766] pci_bus 0000:00: resource 6 [mem 0x000a0000-0x000bffff windoesource 7 [mem 0x08000000-0xfebfffff window]
[    1.408502] pci_bus 0000:00: resource 8 [mem 0x100000000-0x17fffffff window]
[    1.409225] pci 0000:00:01.0: PIIX3: Enabling Passive Release
[    1.409524] pci 0000:00:00.0: Limiting direct PCI/PCI transfers
[    1.409861] PCI:
[    1.441887] workingset: timestamp_bits=46 max_order=15 bucket_order=0
[    1.444657] squashfs: version 4.0 (2009/01/31) Phillip Lougher
[    1.450919] cryptd: max_cpu_qlen set to 1000
[    1.451425] Block layer SCSI generic (bsg) driver version 0.4 loaded (major 247)
[    1.455290] hyperv_fb: Deprecated: use Hyper-V DRM driver instead
[    1.455651] hv_vmbus: registering driver hyperv_fb
[    1.459025] input: Power Button as /devices/LNXSYSTM:00/LNXPWRBN:00/input/input0
[    1.469188] ACPI: button: Power Button [PWRF]
[    1.629568] ACPI: \_SB_.LNKC: Enabled at IRQ 11
[    1.787792] ACPI: \_SB_.LNKD: Enabled at IRQ 10
[    1.942459] ACPI: \_SB_.LNKA: Enabled at IRQ 10
[    2.096947] ACPI: \_SB_.LNKB: Enabled at IRQ 11
[    2.099706] Serial: 8250/16550 driver, 16 ports, IRQ sharing enabled
[    2.124986] 00:04: ttyS0 at I/O 0x3f8 (irq = 4, base_baud = 115200) is a 16550A
[    2.148228] Non-volatile memory driver v1.3
[    2.159201] Linux agpgart interface v0.103
[    2.160239] ACPI: bus type drm_connector registered
[    2.164944] [drm] Found bochs VGA, ID 0xb0c5.
[    2.165155] [drm] Framebuffer size 16384 kB @ 0xfd000000, mmio @ 0xfeb90000.
[    2.171012] [drm] Initialized bochs-drm 1.0.0 for 0000:00:02.0 on minor 0
[    2.238642] Console: switching to colour frame buffer device 160x50
[    2.249917] bochs-drm 0000:00:02.0: [drm] fb0: bochs-drmdrmfb frame buffer device
[    2.285905] loop: module loaded
[    2.286641] virtio_blk virtio3: 1/0/0 default/read/poll queues
[    2.291199] virtio_blk virtio3: [vda] 246784 512-byte logical blocks (126 MB/121 MiB)
[    2.300389]  vda: vda1 vda2
[    2.302766] Guest personality initialized and is inactive
[    2.303388] VMCI host device registered (name=vmci, major=10, minor=256)
[    2.303656] Initialized host personality
[    2.303991] usbcore: registered new interface driver rtsx_us PVSCSI driver - version 1.0.7.0-k
[    2.311144] hv_vmbus: registering driver hv_storvsc
[    2.328036] scsi host0: ata_piix
[    2.330791] scsi host1: ata_piix
[    2.331836] ata1: PATA max MWDMA2 cmd 0x1f0 ctl 0x3f6 bmdma 0xc0e0 irq 14 lpm-pol 0
[    2.332137] ata2: PATA max MWDMA2 cmd 0x170 ctl 0x376 bmdma 0xc0e8 irq 15 lpm-pol 0
[    2.348610] VMware vmxnet3 virtual NIC driver - version 1.9.0.0-k-NAPI
[    2.349210] hv_vmbus: registering driver hv_netvsc
[    2.349599] Fusion MPT base driver 3.04.20
[    2.349758] Copyright (c) 1999-2008 LSI Corporation
[    2.350116] Fusion MPT SPI Host driver 3.04Host driver 3.04.20
[    2.361426] usbcore: registered new interface driver usb-storage
[    2.362841] i8042: PNP: PS/2 Controller [PNP0303:KBD,PNP0f13:MOU] at 0x60,0x64 irq 1,12
[    2.366262] serio: i8042 KBD port at 0x60,0x64 irq 1
[    2.366657] serio: i8042 AUX port at 02
[    2.372818] hv_vmbus: registering driver hyperv_keyboard
[    2.374672] rtc_cmos 00:05: RTC can wake from S4
[    2.379117] rtc_cmos 00:05: registered as rtc0
[    2.380999] rtc_cmos 00:05: setting system clock to 2026-04-28T02:12:53 UTC (1777342373)
[    2.383305] rtc_cmos 00:05: alarms up to one day, y3k, 242 bytes nvram, hpet irqs
[    2.385380] intel_powerclamp: CPU does not support MWAIT
[    2.386996] amd_pstate: the _CPC obj SBIOS or ACPI disabled
[    2.394091] sdhci: Secure Digital Host Controller Interface driver
[    2.395449] sdhci: Copyright(c) Pierre Ossman
[    2.397187] VUB300 Driver rom wait states = 1C irqpoll timeout = 0400
[    2.404020] input: AT Translated Set 2 keyboard as /devices/platform/i8042/serio0/input/input1
[    2.420763] usbcore: registered new interface driver vub300
[    2.422291] usbcore: registered new interface driver ushc
[    2.430026] hid: raw HID events driver (C) Jiri Kosina
[    2.432058] hv_vmbus: registering driver hid_hyperv
[    2.434297] usbcore: registered new interface driver usbhid
[    2.435681] usbhid: USB HID core driver
[    2.437124] hv_utils: Registering HyperV Utility Driver
[    2.438468] hv_vmbus: registering driver hv_utils
[0] hv_vmbus: registering driver hv_balloon
[    2.445826] NET: Registered PF_INET6 protocol family
[    2.460820] Segment Routing with IPv6
[    2.462351] In-situ OAM (IOAM) with IPv6
[    2.464259] NET: Registered PF_PACKET protocol family
[    2.466172] bridge: filtering via arp/ip/ip6tables is no longer available by default. Update your scripts to load br_netfilter if y
[    2.475484] 8021q: 802.1Q VLAN Support v1.8
[    2.477542] NET: Registered PF_VSOCK protocol family
[    2.485914] IPI shorthand broadcast: enabled
[    2.504688] sched_clock: Marking stable (2270084680, 232498194)->(2582836203, -80253329)
[    2.532089] tsc: Refined TSC clocksource calibration: 2445.413 MHz
[    2.533989] clocksource: tsc: mask: 0xffffffffffffffff max_cycles: 0x233fcb97d2e, max_idle_ns: 440795290575 ns
[    2.536061] ata2: found unknown device (class 0)
[    2.578486] clocksource: Switched to clocksource tsc
[    2.597344] ata2.00: ATAPI: QEMU DVD-ROM, 2.5+, max UDMA/100
[    2.613394] scsi 1:0:0:0: CD-ROM            QEMU     QEMU DVD-ROM     2.5+ PQ: 0 ANSI: 5
[    2.623087] clk: Disabling unused clocks
[    2.637310] check access for rdinit=/init failed: -2, ignoring
[    2.674441] sr 1:0:0:0: [sr0] scsi3-mmc drive: 4x/4x cd/rw xa/form2 tray
[    2.676222] cdrom: Uniform CD-ROM driver Revision: 3.20
[    2.725079] VFS: Mounted root (squashfs filesystem) readonly on device 254:2.
[    2.797641] Freeing unused kernel image (initmem) memory: 2676K
[    2.799575] Write protecting the kernel read-only data: 22528k
[    2.804698] Freeing unused kernel image (text/rodata gap) memory: 2004K
[    2.806938] Freeing unused kernel image (rodata/data gap) memory: 380K
[    2.810219] Run /sbin/init as init process
[    3.134187] init: Console is alive
[    4.092373] kmodloader: loading kernel modules from /etc/modules-boot.d/*
[    4.177285] button_hotplug: loading out-of-tree module taints kernel.
[    4.184006] Button Hotplug driver version 0.4.1
[    4.209640] Intel(R) 2.5G Ethernet Linux Driver
[    4.211453] Copyright(c) 2018 Intel Corporation.
[    4.230546] igb: Intel(R) Gigabit Ethernet Network Driver
[    4.232347] igb: Copyright (c) 2007-2014 Intel Corporation.
[    4.252459] e1000e: Intel(R) PRO/1000 Network Driver
[    4.254308] e1000e: Copyright(c) 1999 - 2015 Intel Corporation.
[    4.271085] kmodloader: done loading kernel modules from /etc/modules-boot.d/*
[    4.293916] init: - preinit -
[    5.259785] 8021q: adding VLAN 0 to HW filter on device eth0
Press the [f] key and hit [enter] to enter failsafe mode
Press the [1], [2], [3] or [4] key and hit [enter] to select the debug level
[    9.900681] loop0: detected capacity change from 0 to 212992
[    9.953151] loop0: detected capacity change from 212992 to 200704
[    9.966381] mount_root: overlay filesystem in /dev/loop0 has not been formatted yet
[   10.296430] EXT4-fs (loop0): mounted filesystem 7e263621-d69c-4f25-bd3e-0b6a7432d782 r/w with ordered data mode. Quota mode: disabled.
[   10.310282] mount_root: overlay filesystem has not been fully initialized yet
[   10.328825] mount_root: switching to ext4 overlay
[   10.352873] overlayfs: null uuid detected in lower fs '/', falling back to xino=off,index=off,nfs_export=off.
[   11.055452] EXT4-fs (vda1): mounted filesystem 84173db5-fa99-e35a-95c6-28613cc79ea9 r/w without journal. Quota mode: disabled.
[   11.080915] urandom-seed: Seed file not found (/etc/urandom.seed)
[   11.233581] procd: - early -
[   11.981082] procd: - ubus -
[   12.089407] procd: - init -
Please press Enter to activate this console.
root
login[1044]: root login on 'ttyS0'


BusyBox v1.37.0 (2026-01-02 17:07:02 UTC) built-in shell (ash)

  _______                     ________        __
 |       |.-----.-----.-----.|  |  |  |.----.|  |_
 |   -   ||  _  |  -__|     ||  |  |  ||   _||   _|
 |_______||   __|_____|__|__||________||__|  |____|
          |__| W I R E L E S S   F R E E D O M
 -----------------------------------------------------
 OpenWrt SNAPSHOT, r34198-0509464a93
 -----------------------------------------------------

 === WARNING! =====================================
 There is no root password defined on this device!
 Use the "passwd" command to set up a new password
 in order to prevent unauthorized SSH logins.
 --------------------------------------------------

root@(none):~# dmesg -n 1
root@(none):~# echo 'OVVQ''GLYCBG'
OVVQGLYCBG
root@(none):~# run() { echo -n "$MARKER"; sh -c "$@"; echo "$MARKER $?"; }
root@(none):~# echo 'JXBK''ALCGUY'
JXBKALCGUY
root@(none):~# MARKER='MXAB''FXKQML' run 'ubus wait_for network.interface.lan'
MXABFXKQMLMXABFXKQML 0
root@OpenWrt:~# echo 'EQBS''KYPKPA'
EQBSKYPKPA
root@OpenWrt:~# MARKER='UUVB''JZBBCS' run 'ubus call network.interface.lan statu
s '"'"'{}'"'"''
UUVBJZBBCS{
	"up": true,
	"pending": false,
	"available": true,
	"autostart": true,
	"dynamic": false,
	"uptime": 0,
	"l3_device": "br-lan",
	"proto": "static",
	"device": "br-lan",
	"updated": [
		"addresses"
	],
	"metric": 0,
	"dns_metric": 0,
	"delegation": true,
	"ipv4-address": [
		{
			"address": "192.168.1.1",
			"mask": 24
		}
	],
	"ipv6-address": [
		
	],
	"ipv6-prefix": [
		
	],
	"ipv6-prefix-assignment": [
		{
			"address": "fd28:c9a1:5f4b::",
			"mask": 60,
			"local-address": {
				"address": "fd28:c9a1:5f4b::1",
				"mask": 60
			}
		}
	],
	"route": [
		
	],
	"dns-server": [
		
	],
	"dns-search": [
		
	],
	"neighbors": [
		
	],
	"inactive": {
		"ipv4-address": [
			
		],
		"ipv6-address": [
			
		],
		"route": [
			
		],
		"dns-server": [
			
		],
		"dns-search": [
			
		],
		"neighbors": [
			
		]
	},
	"data": {
		
	}
}
UUVBJZBBCS 0
root@OpenWrt:~# echo 'TFMB''KUYVWQ'
TFMBKUYVWQ
root@OpenWrt:~# MARKER='XKJQ''ACSCZQ' run true
XKJQACSCZQXKJQACSCZQ 0
root@OpenWrt:~# echo 'QMQX''NMELWJ'
QMQXNMELWJ
root@OpenWrt:~# MARKER='WENF''HGMNHQ' run 'source /etc/os-release; echo $BUILD_I
D'
WENFHGMNHQr34198-0509464a93
WENFHGMNHQ 0
root@OpenWrt:~# echo 'TFNW''ZUXLMQ'
TFNWZUXLMQ
root@OpenWrt:~# MARKER='MTKB''CNMTPV' run 'ls /etc/dropbear/dropbear_rsa_host_ke
y'
MTKBCNMTPV[0;0m/etc/dropbear/dropbear_rsa_host_key[m
MTKBCNMTPV 0
root@OpenWrt:~# echo 'SUKW''LJTTGY'
SUKWLJTTGY
root@OpenWrt:~# MARKER='UAHK''LMLMVK' run 'netstat -tlpn | grep 0.0.0.0:22'
UAHKLMLMVKtcp        0      0 0.0.0.0:22              0.0.0.0:*               LISTEN      1731/dropbear
UAHKLMLMVK 0
root@OpenWrt:~# echo 'ZKZT''YTHFUX'
ZKZTYTHFUX
root@OpenWrt:~# MARKER='SULN''YCGNAH' run 'dmesg | grep br-lan | grep forwarding
'
SULNYCGNAH[   30.263070] br-lan: port 1(eth0) entered forwarding state
SULNYCGNAH 0
root@OpenWrt:~# echo 'VYQX''ZUCTZY'
VYQXZUCTZY
root@OpenWrt:~# MARKER='VSEN''KJFEUA' run 'ubus call network.interface.lan statu
s '"'"'{}'"'"''
VSENKJFEUA{
	"up": true,
	"pending": false,
	"available": true,
	"autostart": true,
	"dynamic": false,
	"uptime": 23,
	"l3_device": "br-lan",
	"proto": "static",
	"device": "br-lan",
	"updated": [
		"addresses"
	],
	"metric": 0,
	"dns_metric": 0,
	"delegation": true,
	"ipv4-address": [
		{
			"address": "192.168.1.1",
			"mask": 24
		}
	],
	"ipv6-address": [
		
	],
	"ipv6-prefix": [
		
	],
	"ipv6-prefix-assignment": [
		{
			"address": "fd28:c9a1:5f4b::",
			"mask": 60,
			"local-address": {
				"address": "fd28:c9a1:5f4b::1",
				"mask": 60
			}
		}
	],
	"route": [
		
	],
	"dns-server": [
		
	],
	"dns-search": [
		
	],
	"neighbors": [
		
	],
	"inactive": {
		"ipv4-address": [
			
		],
		"ipv6-address": [
			
		],
		"route": [
			
		],
		"dns-server": [
			
		],
		"dns-search": [
			
		],
		"neighbors": [
			
		]
	},
	"data": {
		
	}
}
VSENKJFEUA 0
root@OpenWrt:~# echo 'UQBB''HJNSBH'
UQBBHJNSBH
root@OpenWrt:~# MARKER='LSUK''KSOLWJ' run 'ip -o addr show dev br-lan'
LSUKKSOLWJ4: br-lan    inet 192.168.1.1/24 brd 192.168.1.255 scope global br-lan\       valid_lft forever preferred_lft forever
4: br-lan    inet6 fd28:c9a1:5f4b::1/60 scope global noprefixroute \       valid_lft forever preferred_lft forever
4: br-lan    inet6 fe80::5054:ff:fe12:3456/64 scope link \       valid_lft forever preferred_lft forever
LSUKKSOLWJ 0
root@OpenWrt:~# echo 'AXCK''XYKOMZ'
AXCKXYKOMZ
root@OpenWrt:~# MARKER='QOSV''QPVGNX' run 'ubus call network.interface.wan statu
s '"'"'{}'"'"''
QOSVQPVGNX{
	"up": true,
	"pending": false,
	"available": true,
	"autostart": true,
	"dynamic": false,
	"uptime": 21,
	"l3_device": "eth1",
	"proto": "dhcp",
	"device": "eth1",
	"updated": [
		"addresses",
		"routes",
		"data"
	],
	"metric": 0,
	"dns_metric": 0,
	"delegation": true,
	"ipv4-address": [
		{
			"address": "10.0.2.15",
			"mask": 24
		}
	],
	"ipv6-address": [
		
	],
	"ipv6-prefix": [
		
	],
	"ipv6-prefix-assignment": [
		
	],
	"route": [
		{
			"target": "0.0.0.0",
			"mask": 0,
			"nexthop": "10.0.2.2",
			"source": "10.0.2.15/32"
		}
	],
	"dns-server": [
		"10.0.2.3"
	],
	"dns-search": [
		
	],
	"neighbors": [
		
	],
	"inactive": {
		"ipv4-address": [
			
		],
		"ipv6-address": [
			
		],
		"route": [
			
		],
		"dns-server": [
			
		],
		"dns-search": [
			
		],
		"neighbors": [
			
		]
	},
	"data": {
		"dhcpserver": "10.0.2.2",
		"leasetime": 86400
	}
}
QOSVQPVGNX 0
root@OpenWrt:~# 