Labgrid Console Logfile for main
Logfile started at 2026-03-15 03:25:38.331293
=== Log starts here ===
c[?7l[2J[0mSeaBIOS (version 1.16.3-debian-1.16.3-2)


iPXE (https://ipxe.org) 00:03.0 CA00 PCI2.10 PnP PMM+06FCAE70+06F0AE70 CA00
Press Ctrl-B to configure iPXE (PCI 00:03.0)...                                                                               




iPXE (https://ipxe.org) 00:05.0 CB00 PCI2.10 PnP PMM 06FCAE70 06F0AE70 CB00
Press Ctrl-B to configure iPXE (PCI 00:05.0)...                                                                               


Booting from Hard Disk...
GRUB loading.....
[0;30;47mWelcome to GRUB![01;01H[0m[2J[H[J[1;1H[?25l[m[H[J[1;1H[2;30HGNU GRUB  version 2.12

[m[4;2H+----------------------------------------------------------------------------+[5;2H|[5;79H|[6;2H|[6;79H|[7;2H|[7;79H|[8;2H|[8;79H|[9;2H|[9;79H|[10;2H|[10;79H|[11;2H|[11;79H|[12;2H|[12;79H|[13;2H|[13;79H|[14;2H|[14;79H|[15;2H|[15;79H|[16;2H+----------------------------------------------------------------------------+[m[17;2H[18;2H[m     Use the ^ and v keys to select which entry is highlighted.          
      Press enter to boot the selected OS, `e' to edit the commands       
      before booting or `c' for a command-line. ESC to return             
      previous menu.                                                      [5;80H [7m[5;3H*OpenWrt                                                                    [m[5;78H[m[m[6;3H OpenWrt (failsafe)                                                         [m[6;78H[m[m[7;3H                                                                            [m[7;78H[m[m[8;3H                                                                            [m[8;78H[m[m[9;3H                                                                            [m[9;78H[m[m[10;3H                                                                            [m[10;78H[m[m[11;3H                                                                            [m[11;78H[m[m[12;3H                                                                            [m[12;78H[m[m[13;3H                                                                            [m[13;78H[m[m[14;3H                                                                            [m[14;78H[m[m[15;3H                                                                            [m[15;78H[m[15;80H [5;78H[2J[02;30HGNU GRUB  version 2.12[04;02H┌────────────────────────────────────────────────────────────────────────────┐[05;02H│[05;79H│[06;02H│[06;79H│[07;02H│[07;79H│[08;02H│[08;79H│[09;02H│[09;79H│[10;02H│[10;79H│[11;02H│[11;79H│[12;02H│[12;79H│[13;02H│[13;79H│[14;02H│[14;79H│[15;02H│[15;79H│[16;02H│[16;79H│[17;02H└────────────────────────────────────────────────────────────────────────────┘[19;02H     Use the ↑ and ↓ keys to select which entry is highlighted.          
      Press enter to boot the selected OS, `e' to edit the commands       
      before booting or `c' for a command-line. ESC to return             
      previous menu.     [22;25H[22;26H                                                 [05;80H [05;03H[0;30;47m*OpenWrt                                                                    [06;03H[0m OpenWrt (failsafe)                                                         [07;03H                                                                            [08;03H                                                                            [09;03H                                                                            [10;03H                                                                            [11;03H                                                                            [12;03H           [12;13H[12;14H                                                                 [13;03H                                                                            [14;03H                                                                            [15;03H                                                                            [16;03H                                                                            [16;80H 






   The highlighted entr[23;23H[23;24Hy will be executed automatically in 5s.                [22;1H   The highlighted entry will be executed automatically in 5s.                 [5;78H [05;78H

















   The highlighted entry will be executed automatically in 4s.                [22;1H   The highlighted entry will be executed automatically in 4s.                 [5;78H [05;78H

















   The highlighted entry will be executed automatically in 3s.                [22;1H   The highlighted entry will be executed automatically in 3s.                 [5;78H [05;78H

















   The highlighted entry will be executed automatically in 2s.                [22;1H   The highlighted entry will be executed automatically in 2s.                 [5;78H [05;78H

















   The highlighted entry will be executed automatically in 1s.  [23;64H[23;65H              [22;1H   The highlighted entry will be executed automatically in 1s.                 [5;78H [05;78H

















   The highlighted entry[23;24H[23;25H will be executed automatically in 0s.                [22;1H   The highlighted entry will be executed automatically in 0s.                 [5;78H [01;01H[2J[?25h[H[J[1;1H[H[J[1;1H[2J   Booting `OpenWrt' Booting `OpenWrt

'

[    0.000000] Linux version 6.12.74 (builder@buildhost) (x86_64-openwrt-linux-musl-gcc (OpenWrt GCC 14.3.0 r33384-0d04e03385) 14.3.0, GNU ld (GNU Binutils) 2.44) #0 SMP Sat Mar 14 09:51:36 2026
[    0.000000] Command line: BOOT_IMAGE=/boot/vmlinuz root=PARTUUID=727755e9-02 rootwait console=tty1 console=ttyS0,115200n8 noinitrd
[    0.000000] BIOS-provided physical RAM map:
[    0.000000] BIOS-e820: [mem 0x0000000000000000-0x000000000009fbff] usable
[    0.000000] BIOS-e820: [mem 0x000000000009fc00-0x000000000009ffff] reserved
[    0.000000] BIOS-e820: [mem 0x00000000000f0000-0x00000000000fffff] reserved
[    0.000000] BIOS-e820: [mem 0x0000000000100000-0x0000000007fdcfff] usable
[    0.000000] BIOS-e820: [mem 0x0000000007fdd000-0x0000000007ffffff] reserved
[    0.000000] BIOS-e820: [mem 0x00000000fffc0000-0x00000000ffffffff] reserved
[    0.000000] BIOS-e820: [mem 0x000000fd00000000-0x000000ffffffffff] reserved
[    0.000000] NX (Execute Disable) protection: active
[    0.000000] APIC: Static calls initialized
[    0.000000] SMBIOS 3.0.0 present.
[    0.000000] DMI: QEMU Standard PC (i440FX + PIIX, 1996), BIOS 1.16.3-debian-1.16.3-2 04/01/2014
[    0.000000] DMI: Memory slots populated: 1/1
[    0.000000] tsc: Fast TSC calibration using PIT
[    0.000000] tsc: Detected 2793.456 MHz processor
[    0.006666] last_pfn = 0x7fdd max_arch_pfn = 0x400000000
[    0.007281] MTRR map: 4 entries (3 fixed + 1 variable; max 19), built from 8 variable MTRRs
[    0.007462] x86/PAT: Configuration [0-7]: WB  WC  UC- UC  WB  WP  UC- WT  
[    0.026293] found SMP MP-table at [mem 0x000f5460-0x000f546f]
[    0.027690] Using GB pages for direct mapping
[    0.031799] ACPI: Early table checksum verification disabled
[    0.032152] ACPI: RSDP 0x00000000000F5290 000014 (v00 BOCHS )
[    0.032473] ACPI: RSDT 0x0000000007FE1C64 000034 (v01 BOCHS  BXPC     00000001 BXPC 00000001)
[    0.032972] ACPI: FACP 0x0000000007FE1B18 000074 (v01 BOCHS  BXPC     00000001 BXPC 00000001)
[    0.033560] ACPI: DSDT 0x0000000007FE0040 001AD8 (v01 BOCHS  BXPC     00000001 BXPC 00000001)
[    0.033638] ACPI: FACS 0x0000000007FE0000 000040
[    0.033686] ACPI: APIC 0x0000000007FE1B8C 000078 (v03 BOCHS  BXPC     00000001 BXPC 00000001)
[    0.033706] ACPI: HPET 0x0000000007FE1C04 000038 (v01 BOCHS  BXPC     00000001 BXPC 00000001)
[    0.033724] ACPI: WAET 0x0000000007FE1C3C 000028 (v01 BOCHS  BXPC     00000001 BXPC 00000001)
[    0.033794] ACPI: Reserving FACP table memory at [mem 0x7fe1b18-0x7fe1b8b]
[    0.033843] ACPI: Reserving DSDT table memory at [mem 0x7fe0040-0x7fe1b17]
[    0.033851] ACPI: Reserving FACS table memory at [mem 0x7fe0000-0x7fe003f]
[    0.033856] ACPI: Reserving APIC table memory at [mem 0x7fe1b8c-0x7fe1c03]
[    0.033862] ACPI: Reserving HPET table memory at [mem 0x7fe1c04-0x7fe1c3b]
[    0.033867] ACPI: Reserving WAET table memory at [mem 0x7fe1c3c-0x7fe1c63]
[    0.036786] Zone ranges:
[    0.036816]   DMA      [mem 0x0000000000001000-0x0000000000ffffff]
[    0.036896]   DMA32    [mem 0x0000000001000000-0x0000000007fdcfff]
[    0.036906]   Normal   empty
[    0.036924] Movable zone start for each node
[    0.036956] Early memory node ranges
[    0.036983]   node   0: [mem 0x0000000000001000-0x000000000009efff]
[    0.037037]   node   0: [mem 0x0000000000100000-0x0000000007fdcfff]
[    0.037162] Initmem setup node 0 [mem 0x0000000000001000-0x0000000007fdcfff]
[    0.038221] On node 0, zone DMA: 1 pages in unavailable ranges
[    0.038707] On node 0, zone DMA: 97 pages in unavailable ranges
[    0.040636] On node 0, zone DMA32: 35 pages in unavailable ranges
[    0.040996] ACPI: PM-Timer IO Port: 0x608
[    0.041406] ACPI: LAPIC_NMI (acpi_id[0xff] dfl dfl lint[0x1])
[    0.041827] IOAPIC[0]: apic_id 0, version 32, address 0xfec00000, GSI 0-23
[    0.041941] ACPI: INT_SRC_OVR (bus 0 bus_irq 0 global_irq 2 dfl dfl)
[    0.042203] ACPI: INT_SRC_OVR (bus 0 bus_irq 5 global_irq 5 high level)
[    0.042253] ACPI: INT_SRC_OVR (bus 0 bus_irq 9 global_irq 9 high level)
[    0.042349] ACPI: INT_SRC_OVR (bus 0 bus_irq 10 global_irq 10 high level)
[    0.042358] ACPI: INT_SRC_OVR (bus 0 bus_irq 11 global_irq 11 high level)
[    0.042545] ACPI: Using ACPI (MADT) for SMP configuration information
[    0.042588] ACPI: HPET id: 0x8086a201 base: 0xfed00000
[    0.042992] CPU topo: Max. logical packages:   1
[    0.043007] CPU topo: Max. logical dies:       1
[    0.043017] CPU topo: Max. dies per package:   1
[    0.043062] CPU topo: Max. threads per core:   1
[    0.043224] CPU topo: Num. cores per package:     1
[    0.043238] CPU topo: Num. threads per package:   1
[    0.043246] CPU topo: Allowing 1 present CPUs plus 0 hotplug CPUs
[    0.044363] [mem 0x08000000-0xfffbffff] available for PCI devices
[    0.044439] Booting paravirtualized kernel on bare hardware
[    0.044745] clocksource: refined-jiffies: mask: 0xffffffff max_cycles: 0xffffffff, max_idle_ns: 19112604462750000 ns
[    0.045407] setup_percpu: NR_CPUS:512 nr_cpumask_bits:1 nr_cpu_ids:1 nr_node_ids:1
[    0.047297] percpu: Embedded 50 pages/cpu s166808 r8192 d29800 u2097152
[    0.049611] Kernel command line: BOOT_IMAGE=/boot/vmlinuz root=PARTUUID=727755e9-02 rootwait console=tty1 console=ttyS0,115200n8 noinitrd
[    0.051316] random: crng init done
[    0.055410] Dentry cache hash table entries: 16384 (order: 5, 131072 bytes, linear)
[    0.056239] Inode-cache hash table entries: 8192 (order: 4, 65536 bytes, linear)
[    0.058719] Built 1 zonelists, mobility grouping on.  Total pages: 32635
[    0.058949] mem auto-init: stack:off, heap alloc:off, heap free:off
[    0.068991] SLUB: HWalign=64, Order=0-3, MinObjects=0, CPUs=1, Nodes=1
[    0.076986] rcu: Hierarchical RCU implementation.
[    0.077017] rcu: 	RCU restricting CPUs from NR_CPUS=512 to nr_cpu_ids=1.
[    0.077163] 	Tracing variant of Tasks RCU enabled.
[    0.077258] rcu: RCU calculated value of scheduler-enlistment delay is 10 jiffies.
[    0.077288] rcu: Adjusting geometry for rcu_fanout_leaf=16, nr_cpu_ids=1
[    0.078452] RCU Tasks Trace: Setting shift to 0 and lim to 1 rcu_task_cb_adjust=1 rcu_task_cpu_ids=1.
[    0.078584] NR_IRQS: 33024, nr_irqs: 256, preallocated irqs: 16
[    0.087469] rcu: srcu_init: Setting srcu_struct sizes based on contention.
[    0.094402] Console: colour VGA+ 80x25
[    0.094825] printk: legacy console [tty1] enabled
[    0.103138] printk: legacy console [ttyS0] enabled
[    0.353248] ACPI: Core revision 20240827
[    0.358627] clocksource: hpet: mask: 0xffffffff max_cycles: 0xffffffff, max_idle_ns: 19112604467 ns
[    0.363244] APIC: Switch to symmetric I/O mode setup
[    0.367932] ..TIMER: vector=0x30 apic1=0 pin1=2 apic2=-1 pin2=-1
[    0.410401] clocksource: tsc-early: mask: 0xffffffffffffffff max_cycles: 0x28441a7b989, max_idle_ns: 440795202126 ns
[    0.411021] Calibrating delay loop (skipped), value calculated using timer frequency.. 5586.91 BogoMIPS (lpj=27934560)
[    0.412840] x86/cpu: User Mode Instruction Prevention (UMIP) activated
[    0.431191] Last level iTLB entries: 4KB 0, 2MB 0, 4MB 0
[    0.431577] Last level dTLB entries: 4KB 0, 2MB 0, 4MB 0, 1GB 0
[    0.432671] Spectre V1 : Mitigation: usercopy/swapgs barriers and __user pointer sanitization
[    0.433649] Spectre V2 : Mitigation: Retpolines
[    0.433836] Spectre V2 : Spectre v2 / SpectreRSB: Filling RSB on context switch and VMEXIT
[    0.434181] Speculative Store Bypass: Vulnerable
[    0.443164] x86/fpu: Supporting XSAVE feature 0x001: 'x87 floating point registers'
[    0.447905] x86/fpu: Supporting XSAVE feature 0x002: 'SSE registers'
[    0.448132] x86/fpu: Supporting XSAVE feature 0x004: 'AVX registers'
[    0.448309] x86/fpu: Supporting XSAVE feature 0x008: 'MPX bounds registers'
[    0.452115] x86/fpu: Supporting XSAVE feature 0x010: 'MPX CSR'
[    0.452489] x86/fpu: xstate_offset[2]:  576, xstate_sizes[2]:  256
[    0.452806] x86/fpu: xstate_offset[3]:  960, xstate_sizes[3]:   64
[    0.452970] x86/fpu: xstate_offset[4]: 1024, xstate_sizes[4]:   64
[    0.461118] x86/fpu: Enabled xstate features 0x1f, context size is 1088 bytes, using 'standard' format.
[    0.675531] Freeing SMP alternatives memory: 40K
[    0.676332] pid_max: default: 32768 minimum: 301
[    0.686221] Mount-cache hash table entries: 512 (order: 0, 4096 bytes, linear)
[    0.686796] Mountpoint-cache hash table entries: 512 (order: 0, 4096 bytes, linear)
[    0.838989] smpboot: CPU0: AMD QEMU TCG CPU version 2.5+ (family: 0x6, model: 0x6, stepping: 0x3)
[    0.847919] Performance Events: PMU not available due to virtualization, using software events only.
[    0.849330] signal: max sigframe size: 1616
[    0.864818] rcu: Hierarchical SRCU implementation.
[    0.865064] rcu: 	Max phase no-delay instances is 1000.
[    0.870598] smp: Bringing up secondary CPUs ...
[    0.873210] smp: Brought up 1 node, 1 CPU
[    0.873484] smpboot: Total of 1 processors activated (5586.91 BogoMIPS)
[    0.882336] Memory: 103268K/130540K available (14336K kernel code, 1166K rwdata, 3976K rodata, 1496K init, 1312K bss, 25628K reserved, 0K cma-reserved)
[    0.894320] clocksource: jiffies: mask: 0xffffffff max_cycles: 0xffffffff, max_idle_ns: 19112604462750000 ns
[    0.895099] futex hash table entries: 256 (order: 2, 16384 bytes, linear)
[    0.896226] pinctrl core: initialized pinctrl subsystem
[    0.913580] NET: Registered PF_NETLINK/PF_ROUTE protocol family
[    0.919701] thermal_sys: Registered thermal governor 'step_wise'
[    0.919744] thermal_sys: Registered thermal governor 'user_space'
[    0.920682] cpuidle: using governor ladder
[    0.921673] cpuidle: using governor menu
[    0.925544] acpiphp: ACPI Hot Plug PCI Controller Driver version: 0.5
[    0.928366] PCI: Using configuration type 1 for base access
[    0.937841] cryptd: max_cpu_qlen set to 1000
[    0.943909] ACPI: Added _OSI(Module Device)
[    0.944100] ACPI: Added _OSI(Processor Device)
[    0.944236] ACPI: Added _OSI(Processor Aggregator Device)
[    0.957990] ACPI: 1 ACPI AML tables successfully acquired and loaded
[    0.976147] ACPI: Interpreter enabled
[    0.976965] ACPI: PM: (supports S0 S5)
[    0.977145] ACPI: Using IOAPIC for interrupt routing
[    0.977730] PCI: Using host bridge windows from ACPI; if necessary, use "pci=nocrs" and report a bug
[    0.978017] PCI: Using E820 reservations for host bridge windows
[    0.983221] ACPI: Enabled 2 GPEs in block 00 to 0F
[    1.020377] ACPI: PCI Root Bridge [PCI0] (domain 0000 [bus 00-ff])
[    1.021335] acpi PNP0A03:00: _OSC: OS supports [ASPM ClockPM Segments MSI HPX-Type3]
[    1.021747] acpi PNP0A03:00: _OSC: not requesting OS control; OS requires [ExtendedConfig ASPM ClockPM MSI]
[    1.022527] acpi PNP0A03:00: fail to add MMCONFIG information, can't access extended configuration space under this bridge
[    1.035494] acpiphp: Slot [3] registered
[    1.035787] acpiphp: Slot [4] registered
[    1.036008] acpiphp: Slot [5] registered
[    1.036211] acpiphp: Slot [6] registered
[    1.041184] acpiphp: Slot [7] registered
[    1.043085] acpiphp: Slot [8] registered
[    1.043301] acpiphp: Slot [9] registered
[    1.043502] acpiphp: Slot [10] registered
[    1.043729] acpiphp: Slot [11] registered
[    1.043942] acpiphp: Slot [12] registered
[    1.051252] acpiphp: Slot [13] registered
[    1.051630] acpiphp: Slot [14] registered
[    1.052006] acpiphp: Slot [15] registered
[    1.052230] acpiphp: Slot [16] registered
[    1.052438] acpiphp: Slot [17] registered
[    1.052652] acpiphp: Slot [18] registered
[    1.061218] acpiphp: Slot [19] registered
[    1.061611] acpiphp: Slot [20] registered
[    1.061947] acpiphp: Slot [21] registered
[    1.062203] acpiphp: Slot [22] registered
[    1.062419] acpiphp: Slot [23] registered
[    1.062626] acpiphp: Slot [24] registered
[    1.071146] acpiphp: Slot [25] registered
[    1.071577] acpiphp: Slot [26] registered
[    1.071960] acpiphp: Slot [27] registered
[    1.072200] acpiphp: Slot [28] registered
[    1.072464] acpiphp: Slot [29] registered
[    1.072684] acpiphp: Slot [30] registered
[    1.072896] acpiphp: Slot [31] registered
[    1.081580] PCI host bridge to bus 0000:00
[    1.082135] pci_bus 0000:00: root bus resource [io  0x0000-0x0cf7 window]
[    1.082489] pci_bus 0000:00: root bus resource [io  0x0d00-0xffff window]
[    1.082675] pci_bus 0000:00: root bus resource [mem 0x000a0000-0x000bffff window]
[    1.091119] pci_bus 0000:00: root bus resource [mem 0x08000000-0xfebfffff window]
[    1.091535] pci_bus 0000:00: root bus resource [mem 0x100000000-0x17fffffff window]
[    1.091982] pci_bus 0000:00: root bus resource [bus 00-ff]
[    1.102561] pci 0000:00:00.0: [8086:1237] type 00 class 0x060000 conventional PCI endpoint
[    1.112485] pci 0000:00:01.0: [8086:7000] type 00 class 0x060100 conventional PCI endpoint
[    1.113304] pci 0000:00:01.1: [8086:7010] type 00 class 0x010180 conventional PCI endpoint
[    1.119844] pci 0000:00:01.1: BAR 4 [io  0xc0e0-0xc0ef]
[    1.120854] pci 0000:00:01.1: BAR 0 [io  0x01f0-0x01f7]: legacy IDE quirk
[    1.121145] pci 0000:00:01.1: BAR 1 [io  0x03f6]: legacy IDE quirk
[    1.121345] pci 0000:00:01.1: BAR 2 [io  0x0170-0x0177]: legacy IDE quirk
[    1.128802] pci 0000:00:01.1: BAR 3 [io  0x0376]: legacy IDE quirk
[    1.129859] pci 0000:00:01.3: [8086:7113] type 00 class 0x068000 conventional PCI endpoint
[    1.130464] pci 0000:00:01.3: quirk: [io  0x0600-0x063f] claimed by PIIX4 ACPI
[    1.130717] pci 0000:00:01.3: quirk: [io  0x0700-0x070f] claimed by PIIX4 SMB
[    1.131916] pci 0000:00:02.0: [1234:1111] type 00 class 0x030000 conventional PCI endpoint
[    1.132791] pci 0000:00:02.0: BAR 0 [mem 0xfd000000-0xfdffffff pref]
[    1.142208] pci 0000:00:02.0: BAR 2 [mem 0xfeb90000-0xfeb90fff]
[    1.152058] pci 0000:00:02.0: ROM [mem 0xfeb80000-0xfeb8ffff pref]
[    1.152539] pci 0000:00:02.0: Video device with shadowed ROM at [mem 0x000c0000-0x000dffff]
[    1.153587] pci 0000:00:03.0: [1af4:1000] type 00 class 0x020000 conventional PCI endpoint
[    1.161179] pci 0000:00:03.0: BAR 0 [io  0xc080-0xc09f]
[    1.163876] pci 0000:00:03.0: BAR 4 [mem 0xfe000000-0xfe003fff 64bit pref]
[    1.164887] pci 0000:00:03.0: ROM [mem 0xfea80000-0xfeafffff pref]
[    1.169773] pci 0000:00:04.0: [1af4:1005] type 00 class 0x00ff00 conventional PCI endpoint
[    1.172125] pci 0000:00:04.0: BAR 0 [io  0xc0a0-0xc0bf]
[    1.173037] pci 0000:00:04.0: BAR 1 [mem 0xfeb91000-0xfeb91fff]
[    1.175551] pci 0000:00:04.0: BAR 4 [mem 0xfe004000-0xfe007fff 64bit pref]
[    1.180227] pci 0000:00:05.0: [1af4:1000] type 00 class 0x020000 conventional PCI endpoint
[    1.182231] pci 0000:00:05.0: BAR 0 [io  0xc0c0-0xc0df]
[    1.183034] pci 0000:00:05.0: BAR 1 [mem 0xfeb92000-0xfeb92fff]
[    1.185093] pci 0000:00:05.0: BAR 4 [mem 0xfe008000-0xfe00bfff 64bit pref]
[    1.185941] pci 0000:00:05.0: ROM [mem 0xfeb00000-0xfeb7ffff pref]
[    1.194798] pci 0000:00:06.0: [1af4:1001] type 00 class 0x010000 conventional PCI endpoint
[    1.195641] pci 0000:00:06.0: BAR 0 [io  0xc000-0xc07f]
[    1.196412] pci 0000:00:06.0: BAR 1 [mem 0xfeb93000-0xfeb93fff]
[    1.200947] pci 0000:00:06.0: BAR 4 [mem 0xfe00c000-0xfe00ffff 64bit pref]
[    1.212911] ACPI: PCI: Interrupt link LNKA configured for IRQ 10
[    1.213711] ACPI: PCI: Interrupt link LNKB configured for IRQ 10
[    1.214260] ACPI: PCI: Interrupt link LNKC configured for IRQ 11
[    1.214990] ACPI: PCI: Interrupt link LNKD configured for IRQ 11
[    1.215346] ACPI: PCI: Interrupt link LNKS configured for IRQ 9
[    1.218539] iommu: Default domain type: Translated
[    1.218728] iommu: DMA domain TLB invalidation policy: lazy mode
[    1.223962] SCSI subsystem initialized
[    1.225000] ACPI: bus type USB registered
[    1.225484] usbcore: registered new interface driver usbfs
[    1.225901] usbcore: registered new interface driver hub
[    1.226226] usbcore: registered new device driver usb
[    1.231511] pps_core: LinuxPPS API ver. 1 registered
[    1.231678] pps_core: Software ver. 5.3.6 - Copyright 2005-2007 Rodolfo Giometti <giometti@linux.it>
[    1.231981] PTP clock support registered
[    1.248179] PCI: Using ACPI for IRQ routing
[    1.250594] hpet0: at MMIO 0xfed00000, IRQs 2, 8, 0
[    1.250860] hpet0: 3 comparators, 64-bit 100.000000 MHz counter
[    1.256734] clocksource: Switched to clocksource tsc-early
[    1.259911] pnp: PnP ACPI init
[    1.259911] pnp: PnP ACPI: found 6 devices
[    1.271889] clocksource: acpi_pm: mask: 0xffffff max_cycles: 0xffffff, max_idle_ns: 2085701024 ns
[    1.273223] NET: Registered PF_INET protocol family
[    1.274690] IP idents hash table entries: 2048 (order: 2, 16384 bytes, linear)
[    1.280309] tcp_listen_portaddr_hash hash table entries: 256 (order: 0, 4096 bytes, linear)
[    1.282521] Table-perturb hash table entries: 65536 (order: 6, 262144 bytes, linear)
[    1.282903] TCP established hash table entries: 1024 (order: 1, 8192 bytes, linear)
[    1.283302] TCP bind hash table entries: 1024 (order: 3, 32768 bytes, linear)
[    1.293428] TCP: Hash tables configured (established 1024 bind 1024)
[    1.295524] MPTCP token hash table entries: 256 (order: 1, 6144 bytes, linear)
[    1.296029] UDP hash table entries: 256 (order: 1, 8192 bytes, linear)
[    1.296420] UDP-Lite hash table entries: 256 (order: 1, 8192 bytes, linear)
[    1.305637] NET: Registered PF_UNIX/PF_LOCAL protocol family
[    1.306906] pci_bus 0000:00: resource 4 [io  0x0000-0x0cf7 window]
[    1.307120] pci_bus 0000:00: resource 5 [io  0x0d00-0xffff window]
[    1.307292] pci_bus 0000:00: resource 6 [mem 0x000a0000-0x000bffff window]
[    1.314798] pci_bus 0000:00: resource 7 [mem 0x08000000-0xfebfffff window]
[    1.315078] pci_bus 0000:00: resource 8 [mem 0x100000000-0x17fffffff window]
[    1.315792] pci 0000:00:01.0: PIIX3: Enabling Passive Release
[    1.325717] pci 0000:00:00.0: Limiting direct PCI/PCI transfers
[    1.326025] PCI: CLS 0 bytes, default 64
[    1.345407] workingset: timestamp_bits=46 max_order=15 bucket_order=0
[    1.348015] squashfs: version 4.0 (2009/01/31) Phillip Lougher
[    1.350830] Block layer SCSI generic (bsg) driver version 0.4 loaded (major 247)
[    1.354238] hv_vmbus: registering driver hyperv_fb
[    1.359863] input: Power Button as /devices/LNXSYSTM:00/LNXPWRBN:00/input/input0
[    1.367649] ACPI: button: Power Button [PWRF]
[    1.508387] ACPI: \_SB_.LNKC: Enabled at IRQ 11
[    1.642459] ACPI: \_SB_.LNKD: Enabled at IRQ 10
[    1.775111] ACPI: \_SB_.LNKA: Enabled at IRQ 10
[    1.907027] ACPI: \_SB_.LNKB: Enabled at IRQ 11
[    1.908877] Serial: 8250/16550 driver, 16 ports, IRQ sharing enabled
[    1.933409] 00:04: ttyS0 at I/O 0x3f8 (irq = 4, base_baud = 115200) is a 16550A
[    1.956853] Non-volatile memory driver v1.3
[    1.968149] Linux agpgart interface v0.103
[    1.969206] ACPI: bus type drm_connector registered
[    1.971994] [drm] Found bochs VGA, ID 0xb0c5.
[    1.972188] [drm] Framebuffer size 16384 kB @ 0xfd000000, mmio @ 0xfeb90000.
[    1.978199] [drm] Found EDID data blob.
[    1.984074] [drm] Initialized bochs-drm 1.0.0 for 0000:00:02.0 on minor 0
[    2.042565] Console: switching to colour frame buffer device 160x50
[    2.051062] bochs-drm 0000:00:02.0: [drm] fb0: bochs-drmdrmfb frame buffer device
[    2.081156] loop: module loaded
[    2.081875] virtio_blk virtio3: 1/0/0 default/read/poll queues
[    2.086521] virtio_blk virtio3: [vda] 246784 512-byte logical blocks (126 MB/121 MiB)
[    2.095851]  vda: vda1 vda2
[    2.097928] Guest personality initialized and is inactive
[    2.098528] VMCI host device registered (name=vmci, major=10, minor=256)
[    2.098770] Initialized host personality
[    2.099106] usbcore: registered new interface driver rtsx_usb
[    2.107454] VMware PVSCSI driver - version 1.0.7.0-k
[    2.107795] hv_vmbus: registering driver hv_storvsc
[    2.122450] scsi host0: ata_piix
[    2.125043] scsi host1: ata_piix
[    2.125871] ata1: PATA max MWDMA2 cmd 0x1f0 ctl 0x3f6 bmdma 0xc0e0 irq 14 lpm-pol 0
[    2.126155] ata2: PATA max MWDMA2 cmd 0x170 ctl 0x376 bmdma 0xc0e8 irq 15 lpm-pol 0
[    2.135100] VMware vmxnet3 virtual NIC driver - version 1.9.0.0-k-NAPI
[    2.135660] hv_vmbus: registering driver hv_netvsc
[    2.136024] Fusion MPT base driver 3.04.20
[    2.136164] Copyright (c) 1999-2008 LSI Corporation
[    2.136502] Fusion MPT SPI Host driver 3.04.20
[    2.146076] Fusion MPT SAS Host driver 3.04.20
[    2.148337] usbcore: registered new interface driver usb-storage
[    2.149507] i8042: PNP: PS/2 Controller [PNP0303:KBD,PNP0f13:MOU] at 0x60,0x64 irq 1,12
[    2.152722] serio: i8042 KBD port at 0x60,0x64 irq 1
[    2.153196] serio: i8042 AUX port at 0x60,0x64 irq 12
[    2.159775] hv_vmbus: registering driver hyperv_keyboard
[    2.162122] rtc_cmos 00:05: RTC can wake from S4
[    2.166968] rtc_cmos 00:05: registered as rtc0
[    2.169721] rtc_cmos 00:05: setting system clock to 2026-03-15T03:25:49 UTC (1773545149)
[    2.171983] rtc_cmos 00:05: alarms up to one day, y3k, 242 bytes nvram, hpet irqs
[    2.174495] intel_powerclamp: CPU does not support MWAIT
[    2.176553] amd_pstate: the _CPC object is not present in SBIOS or ACPI disabled
[    2.182794] sdhci: Secure Digital Host Controller Interface driver
[    2.184683] sdhci: Copyright(c) Pierre Ossman
[    2.186855] VUB300 Driver rom wait states = 1C irqpoll timeout = 0400
[    2.193733] input: AT Translated Set 2 keyboard as /devices/platform/i8042/serio0/input/input1
[    2.215067] usbcore: registered new interface driver vub300
[    2.217271] usbcore: registered new interface driver ushc
[    2.225025] hid: raw HID events driver (C) Jiri Kosina
[    2.227678] hv_vmbus: registering driver hid_hyperv
[    2.230258] usbcore: registered new interface driver usbhid
[    2.232032] usbhid: USB HID core driver
[    2.234079] hv_utils: Registering HyperV Utility Driver
[    2.235829] hv_vmbus: registering driver hv_utils
[    2.237567] hv_vmbus: registering driver hv_balloon
[    2.241814] NET: Registered PF_INET6 protocol family
[    2.256368] Segment Routing with IPv6
[    2.258536] In-situ OAM (IOAM) with IPv6
[    2.260846] NET: Registered PF_PACKET protocol family
[    2.263272] bridge: filtering via arp/ip/ip6tables is no longer available by default. Update your scripts to load br_netfilter if you need this.
[    2.272586] 8021q: 802.1Q VLAN Support v1.8
[    2.275175] NET: Registered PF_VSOCK protocol family
[    2.284219] IPI shorthand broadcast: enabled
[    2.290368] AES CTR mode by8 optimization enabled
[    2.308641] sched_clock: Marking stable (2040083742, 262917703)->(2315379146, -12377701)
[    2.365579] ata2: found unknown device (class 0)
[    2.376254] tsc: Refined TSC clocksource calibration: 2793.473 MHz
[    2.378712] clocksource: tsc: mask: 0xffffffffffffffff max_cycles: 0x28442b1bacb, max_idle_ns: 440795340311 ns
[    2.384758] clocksource: Switched to clocksource tsc
[    2.393081] ata2.00: ATAPI: QEMU DVD-ROM, 2.5+, max UDMA/100
[    2.409748] scsi 1:0:0:0: CD-ROM            QEMU     QEMU DVD-ROM     2.5+ PQ: 0 ANSI: 5
[    2.419788] clk: Disabling unused clocks
[    2.464877] sr 1:0:0:0: [sr0] scsi3-mmc drive: 4x/4x cd/rw xa/form2 tray
[    2.467612] cdrom: Uniform CD-ROM driver Revision: 3.20
[    2.525542] VFS: Mounted root (squashfs filesystem) readonly on device 254:2.
[    2.584260] Freeing unused kernel image (initmem) memory: 1496K
[    2.586870] Write protecting the kernel read-only data: 18432k
[    2.589884] Freeing unused kernel image (rodata/data gap) memory: 120K
[    2.592243] Run /sbin/init as init process
[    2.879521] init: Console is alive
[    3.612473] kmodloader: loading kernel modules from /etc/modules-boot.d/*
[    3.682553] button_hotplug: loading out-of-tree module taints kernel.
[    3.689349] Button Hotplug driver version 0.4.1
[    3.708463] Intel(R) 2.5G Ethernet Linux Driver
[    3.710782] Copyright(c) 2018 Intel Corporation.
[    3.725338] igb: Intel(R) Gigabit Ethernet Network Driver
[    3.727661] igb: Copyright (c) 2007-2014 Intel Corporation.
[    3.742926] e1000e: Intel(R) PRO/1000 Network Driver
[    3.745411] e1000e: Copyright(c) 1999 - 2015 Intel Corporation.
[    3.758759] kmodloader: done loading kernel modules from /etc/modules-boot.d/*
[    3.777985] init: - preinit -
[    4.830256] 8021q: adding VLAN 0 to HW filter on device eth0
Press the [f] key and hit [enter] to enter failsafe mode
Press the [1], [2], [3] or [4] key and hit [enter] to select the debug level
[    9.501282] loop0: detected capacity change from 0 to 212992
[    9.553350] loop0: detected capacity change from 212992 to 196224
[    9.566595] mount_root: overlay filesystem in /dev/loop0 has not been formatted yet
[    9.927326] EXT4-fs (loop0): mounted filesystem 42fb13f2-61ba-4abc-b988-456dd95ba592 r/w with ordered data mode. Quota mode: disabled.
[    9.941795] mount_root: overlay filesystem has not been fully initialized yet
[    9.960584] mount_root: switching to ext4 overlay
[    9.981712] overlayfs: null uuid detected in lower fs '/', falling back to xino=off,index=off,nfs_export=off.
[   10.732759] EXT4-fs (vda1): mounted filesystem 84173db5-fa99-e35a-95c6-28613cc79ea9 r/w without journal. Quota mode: disabled.
[   10.759524] urandom-seed: Seed file not found (/etc/urandom.seed)
[   10.921975] procd: - early -
[   11.670526] procd: - ubus -
[   11.852328] procd: - init -
Please press Enter to activate this console.
root
login[1050]: root login on 'ttyS0'


BusyBox v1.37.0 (2026-03-13 18:59:59 UTC) built-in shell (ash)

  _______                     ________        __
 |       |.-----.-----.-----.|  |  |  |.----.|  |_
 |   -   ||  _  |  -__|     ||  |  |  ||   _||   _|
 |_______||   __|_____|__|__||________||__|  |____|
          |__| W I R E L E S S   F R E E D O M
 -----------------------------------------------------
 OpenWrt SNAPSHOT, r33384-0d04e03385
 -----------------------------------------------------

 === WARNING! =====================================
 There is no root password defined on this device!
 Use the "passwd" command to set up a new password
 in order to prevent unauthorized SSH logins.
 --------------------------------------------------

  ___   __ __                _______             __
 |   |_|__|  |--.----.-----.|   |   |-----.-----|  |--.
 |     |  |  _  |   _|  -__||       |  -__|__ --|     |
 |_____|__|_____|__| |_____||__|_|__|_____|_____|__|__|

 ------------------------------------------------------
 LiMe master development (master rev. 7929208 20260304_1752)
 ------------------------------------------------------
 https://libremesh.org
 ------------------------------------------------------

 === System Notes =================================================

 = edit via http://thisnode.info/app/#/notes or /etc/banner.notes =

root@(none):~# dmesg -n 1
root@(none):~# echo 'NMCF''TLUBBH'
NMCFTLUBBH
root@(none):~# run() { echo -n "$MARKER"; sh -c "$@"; echo "$MARKER $?"; }
root@(none):~# echo 'VQNL''YMPGZQ'
VQNLYMPGZQ
root@(none):~# MARKER='EEJJ''PHLBVB' run 'ubus wait_for network.interface.lan'
EEJJPHLBVB