Labgrid Console Logfile for main
Logfile started at 2026-03-18 02:12:38.849521
=== Log starts here ===
c[?7l[2J[0mSeaBIOS (version 1.16.3-debian-1.16.3-2)


iPXE (https://ipxe.org) 00:03.0 CA00 PCI2.10 PnP PMM+06FCAE70+06F0AE70 CA00
Press Ctrl-B to configure iPXE (PCI 00:03.0)...                                                                               




iPXE (https://ipxe.org) 00:05.0 CB00 PCI2.10 PnP PMM 06FCAE70 06F0AE70 CB00
Press Ctrl-B to configure iPXE (PCI 00:05.0)...                                                                               


Booting from Hard Disk...
GRUB loading.....
[0;30;47mWelcome to GRUB![01;01H[0m[2J[H[J[1;1H[?25l[m[H[J[1;1H[2;30HGNU GRUB  version 2.12

[m[4;2H+----------------------------------------------------------------------------+[5;2H|[5;79H|[6;2H|[6;79H|[7;2H|[7;79H|[8;2H|[8;79H|[9;2H|[9;79H|[10;2H|[10;79H|[11;2H|[11;79H|[12;2H|[12;79H|[13;2H|[13;79H|[14;2H|[14;79H|[15;2H|[15;79H|[16;2H+----------------------------------------------------------------------------+[m[17;2H[18;2H[m     Use the ^ and v keys to select which entry is highlighted.          
      Press enter to boot the selected OS, `e' to edit the commands       
      before booting or `c' for a command-line. ESC to return             
      previous menu.                                                      [5;80H [7m[5;3H*OpenWrt                                                                    [m[5;78H[m[m[6;3H OpenWrt (failsafe)                                                         [m[6;78H[m[m[7;3H                                                                            [m[7;78H[m[m[8;3H                                                                            [m[8;78H[m[m[9;3H                                                                            [m[9;78H[m[m[10;3H                                                                            [m[10;78H[m[m[11;3H                                                                            [m[11;78H[m[m[12;3H                                                                            [m[12;78H[m[m[13;3H                                                                            [m[13;78H[m[m[14;3H                                                                            [m[14;78H[m[m[15;3H                                                                            [m[15;78H[m[15;80H [5;78H[2J[02;30HGNU GRUB  version 2.12[04;02H┌───────────────────────────────────────────────────[04;53H[04;54H─────────────────────────┐[05;02H│[05;79H│[06;02H│[06;79H│[07;02H│[07;79H│[08;02H│[08;79H│[09;02H│[09;79H│[10;02H│[10;79H│[11;02H│[11;79H│[12;02H│[12;79H│[13;02H│[13;79H│[14;02H│[14;79H│[15;02H│[15;79H│[16;02H│[16;79H│[17;02H└────────────────────────────────────────────────────────────────────────────┘[19;02H     Use the ↑ and ↓ keys to select which entry is highlighted.          
      Press enter to boot the selected OS, `e' to edit the commands       
      before booting or `c' for a command-line. ESC to return             
      previous menu.                                                      [05;80H [05;03H[0;30;47m*OpenWrt                                                                    [06;03H[0m OpenWrt (failsafe)                                                         [07;03H                                                                            [08;03H                                                                            [09;03H                                                                          [09;76H[09;77H  [10;03H                                                                            [11;03H                                                                            [12;03H        [12;10H[12;11H                                                                    [13;03H                                                                            [14;03H                                                                            [15;03H                                                                            [16;03H                                [16;34H[16;35H                                            [16;80H 






   The highlighted entry will be executed automatically in 5s.                [22;1H   The highlighted entry will be executed automatically in 5s.                 [5;78H [05;78H

















   The highlighted entry will be executed automatically in 4s.                [22;1H   The highlighted entry will be executed automatically in 4s.                 [5;78H [05;78H

















   The highlighted entry will be executed automatically in 3s.                [22;1H   The highlighted entry will be executed automatically in 3s.                 [5;78H [05;78H

















   The highlighted entry will be executed automatically in 2s.                [22;1H   The highlighted entry will be executed automatically in 2s.                 [5;78H [05;78H

















   The highlighted entry will be executed automatically in 1s.                [22;1H   The highlighted entry will be executed automatically in 1s.                 [5;78H [05;78H

















   The highlighted entry will be executed automatically in 0s.                [22;1H   The highlighted entry will be executed automatically in 0s.                 [5;78H [01;01H[2J[?25h[H[J[1;1H[H[J[1;1H[2J   Booting `OpenWrt' Booting `OpenWrt

'

[    0.000000] Linux version 6.12.74 (builder@buildhost) (x86_64-openwrt-linux-musl-gcc (OpenWrt GCC 14.3.0 r33446-e210d994fa) 14.3.0, GNU ld (GNU Binutils) 2.44) #0 SMP Tue Mar 17 13:44:44 2026
[    0.000000] Command line: BOOT_IMAGE=/boot/vmlinuz root=PARTUUID=33e9f7db-02 rootwait console=tty1 console=ttyS0,115200n8 noinitrd
[    0.000000] BIOS-provided physical RAM map:
[    0.000000] BIOS-e820: [mem 0x0000000000000000-0x000000000009fbff] usable
[    0.000000] BIOS-e820: [mem 0x000000000009fc00-0x000000000009ffff] reserved
[    0.000000] BIOS-e820: [mem 0x00000000000f0000-0x00000000000fffff] reserved
[    0.000000] BIOS-e820: [mem 0x0000000000100000-0x0000000007fdcfff] usable
[    0.000000] BIOS-e820: [mem 0x0000000007fdd000-0x0000000007ffffff] reserved
[    0.000000] BIOS-e820: [mem 0x00000000fffc0000-0x00000000ffffffff] reserved
[    0.000000] BIOS-e820: [mem 0x000000fd00000000-0x000000ffffffffff] reserved
[    0.000000] NX (Execute Disable) protection: active
[    0.000000] APIC: Static calls initialized
[    0.000000] SMBIOS 3.0.0 present.
[    0.000000] DMI: QEMU Standard PC (i440FX + PIIX, 1996), BIOS 1.16.3-debian-1.16.3-2 04/01/2014
[    0.000000] DMI: Memory slots populated: 1/1
[    0.000000] tsc: Fast TSC calibration using PIT
[    0.000000] tsc: Detected 2445.426 MHz processor
[    0.007507] last_pfn = 0x7fdd max_arch_pfn = 0x400000000
[    0.008149] MTRR map: 4 entries (3 fixed + 1 variable; max 19), built from 8 variable MTRRs
[    0.008330] x86/PAT: Configuration [0-7]: WB  WC  UC- UC  WB  WP  UC- WT  
[    0.027962] found SMP MP-table at [mem 0x000f5460-0x000f546f]
[    0.029346] Using GB pages for direct mapping
[    0.033721] ACPI: Early table checksum verification disabled
[    0.034088] ACPI: RSDP 0x00000000000F5290 000014 (v00 BOCHS )
[    0.034400] ACPI: RSDT 0x0000000007FE1C64 000034 (v01 BOCHS  BXPC     00000001 BXPC 00000001)
[    0.034914] ACPI: FACP 0x0000000007FE1B18 000074 (v01 BOCHS  BXPC     00000001 BXPC 00000001)
[    0.035529] ACPI: DSDT 0x0000000007FE0040 001AD8 (v01 BOCHS  BXPC     00000001 BXPC 00000001)
[    0.035607] ACPI: FACS 0x0000000007FE0000 000040
[    0.035659] ACPI: APIC 0x0000000007FE1B8C 000078 (v03 BOCHS  BXPC     00000001 BXPC 00000001)
[    0.035681] ACPI: HPET 0x0000000007FE1C04 000038 (v01 BOCHS  BXPC     00000001 BXPC 00000001)
[    0.035701] ACPI: WAET 0x0000000007FE1C3C 000028 (v01 BOCHS  BXPC     00000001 BXPC 00000001)
[    0.035776] ACPI: Reserving FACP table memory at [mem 0x7fe1b18-0x7fe1b8b]
[    0.035826] ACPI: Reserving DSDT table memory at [mem 0x7fe0040-0x7fe1b17]
[    0.035833] ACPI: Reserving FACS table memory at [mem 0x7fe0000-0x7fe003f]
[    0.035839] ACPI: Reserving APIC table memory at [mem 0x7fe1b8c-0x7fe1c03]
[    0.035845] ACPI: Reserving HPET table memory at [mem 0x7fe1c04-0x7fe1c3b]
[    0.035850] ACPI: Reserving WAET table memory at [mem 0x7fe1c3c-0x7fe1c63]
[    0.039032] Zone ranges:
[    0.039062]   DMA      [mem 0x0000000000001000-0x0000000000ffffff]
[    0.039141]   DMA32    [mem 0x0000000001000000-0x0000000007fdcfff]
[    0.039151]   Normal   empty
[    0.039168] Movable zone start for each node
[    0.039202] Early memory node ranges
[    0.039228]   node   0: [mem 0x0000000000001000-0x000000000009efff]
[    0.039283]   node   0: [mem 0x0000000000100000-0x0000000007fdcfff]
[    0.039411] Initmem setup node 0 [mem 0x0000000000001000-0x0000000007fdcfff]
[    0.040466] On node 0, zone DMA: 1 pages in unavailable ranges
[    0.041021] On node 0, zone DMA: 97 pages in unavailable ranges
[    0.043544] On node 0, zone DMA32: 35 pages in unavailable ranges
[    0.043888] ACPI: PM-Timer IO Port: 0x608
[    0.044299] ACPI: LAPIC_NMI (acpi_id[0xff] dfl dfl lint[0x1])
[    0.044711] IOAPIC[0]: apic_id 0, version 32, address 0xfec00000, GSI 0-23
[    0.044844] ACPI: INT_SRC_OVR (bus 0 bus_irq 0 global_irq 2 dfl dfl)
[    0.045192] ACPI: INT_SRC_OVR (bus 0 bus_irq 5 global_irq 5 high level)
[    0.045247] ACPI: INT_SRC_OVR (bus 0 bus_irq 9 global_irq 9 high level)
[    0.045346] ACPI: INT_SRC_OVR (bus 0 bus_irq 10 global_irq 10 high level)
[    0.045355] ACPI: INT_SRC_OVR (bus 0 bus_irq 11 global_irq 11 high level)
[    0.045540] ACPI: Using ACPI (MADT) for SMP configuration information
[    0.045585] ACPI: HPET id: 0x8086a201 base: 0xfed00000
[    0.046009] CPU topo: Max. logical packages:   1
[    0.046026] CPU topo: Max. logical dies:       1
[    0.046036] CPU topo: Max. dies per package:   1
[    0.046082] CPU topo: Max. threads per core:   1
[    0.046247] CPU topo: Num. cores per package:     1
[    0.046263] CPU topo: Num. threads per package:   1
[    0.046272] CPU topo: Allowing 1 present CPUs plus 0 hotplug CPUs
[    0.047470] [mem 0x08000000-0xfffbffff] available for PCI devices
[    0.047542] Booting paravirtualized kernel on bare hardware
[    0.047841] clocksource: refined-jiffies: mask: 0xffffffff max_cycles: 0xffffffff, max_idle_ns: 19112604462750000 ns
[    0.048534] setup_percpu: NR_CPUS:512 nr_cpumask_bits:1 nr_cpu_ids:1 nr_node_ids:1
[    0.050584] percpu: Embedded 50 pages/cpu s166808 r8192 d29800 u2097152
[    0.052901] Kernel command line: BOOT_IMAGE=/boot/vmlinuz root=PARTUUID=33e9f7db-02 rootwait console=tty1 console=ttyS0,115200n8 noinitrd
[    0.054568] random: crng init done
[    0.059270] Dentry cache hash table entries: 16384 (order: 5, 131072 bytes, linear)
[    0.060237] Inode-cache hash table entries: 8192 (order: 4, 65536 bytes, linear)
[    0.062917] Built 1 zonelists, mobility grouping on.  Total pages: 32635
[    0.063172] mem auto-init: stack:off, heap alloc:off, heap free:off
[    0.073129] SLUB: HWalign=64, Order=0-3, MinObjects=0, CPUs=1, Nodes=1
[    0.081198] rcu: Hierarchical RCU implementation.
[    0.081231] rcu: 	RCU restricting CPUs from NR_CPUS=512 to nr_cpu_ids=1.
[    0.081495] 	Tracing variant of Tasks RCU enabled.
[    0.081592] rcu: RCU calculated value of scheduler-enlistment delay is 10 jiffies.
[    0.081624] rcu: Adjusting geometry for rcu_fanout_leaf=16, nr_cpu_ids=1
[    0.082790] RCU Tasks Trace: Setting shift to 0 and lim to 1 rcu_task_cb_adjust=1 rcu_task_cpu_ids=1.
[    0.082925] NR_IRQS: 33024, nr_irqs: 256, preallocated irqs: 16
[    0.091896] rcu: srcu_init: Setting srcu_struct sizes based on contention.
[    0.098944] Console: colour VGA+ 80x25
[    0.099381] printk: legacy console [tty1] enabled
[    0.107604] printk: legacy console [ttyS0] enabled
[    0.351525] ACPI: Core revision 20240827
[    0.356968] clocksource: hpet: mask: 0xffffffff max_cycles: 0xffffffff, max_idle_ns: 19112604467 ns
[    0.366344] APIC: Switch to symmetric I/O mode setup
[    0.370736] ..TIMER: vector=0x30 apic1=0 pin1=2 apic2=-1 pin2=-1
[    0.413415] clocksource: tsc-early: mask: 0xffffffffffffffff max_cycles: 0x233fd7ba1b0, max_idle_ns: 440795295779 ns
[    0.414251] Calibrating delay loop (skipped), value calculated using timer frequency.. 4890.85 BogoMIPS (lpj=24454260)
[    0.416213] x86/cpu: User Mode Instruction Prevention (UMIP) activated
[    0.434515] Last level iTLB entries: 4KB 0, 2MB 0, 4MB 0
[    0.434939] Last level dTLB entries: 4KB 0, 2MB 0, 4MB 0, 1GB 0
[    0.436330] Spectre V1 : Mitigation: usercopy/swapgs barriers and __user pointer sanitization
[    0.437297] Spectre V2 : Mitigation: Retpolines
[    0.437546] Spectre V2 : Spectre v2 / SpectreRSB: Filling RSB on context switch and VMEXIT
[    0.437996] Speculative Store Bypass: Vulnerable
[    0.446409] x86/fpu: Supporting XSAVE feature 0x001: 'x87 floating point registers'
[    0.451139] x86/fpu: Supporting XSAVE feature 0x002: 'SSE registers'
[    0.455295] x86/fpu: Supporting XSAVE feature 0x004: 'AVX registers'
[    0.455564] x86/fpu: Supporting XSAVE feature 0x008: 'MPX bounds registers'
[    0.456896] x86/fpu: Supporting XSAVE feature 0x010: 'MPX CSR'
[    0.457496] x86/fpu: xstate_offset[2]:  576, xstate_sizes[2]:  256
[    0.457919] x86/fpu: xstate_offset[3]:  960, xstate_sizes[3]:   64
[    0.458167] x86/fpu: xstate_offset[4]: 1024, xstate_sizes[4]:   64
[    0.464315] x86/fpu: Enabled xstate features 0x1f, context size is 1088 bytes, using 'standard' format.
[    0.692784] Freeing SMP alternatives memory: 40K
[    0.693671] pid_max: default: 32768 minimum: 301
[    0.703679] Mount-cache hash table entries: 512 (order: 0, 4096 bytes, linear)
[    0.704232] Mountpoint-cache hash table entries: 512 (order: 0, 4096 bytes, linear)
[    0.856787] smpboot: CPU0: AMD QEMU TCG CPU version 2.5+ (family: 0x6, model: 0x6, stepping: 0x3)
[    0.873172] Performance Events: PMU not available due to virtualization, using software events only.
[    0.874853] signal: max sigframe size: 1616
[    0.892378] rcu: Hierarchical SRCU implementation.
[    0.892669] rcu: 	Max phase no-delay instances is 1000.
[    0.898636] smp: Bringing up secondary CPUs ...
[    0.900438] smp: Brought up 1 node, 1 CPU
[    0.900768] smpboot: Total of 1 processors activated (4890.85 BogoMIPS)
[    0.910129] Memory: 103268K/130540K available (14336K kernel code, 1166K rwdata, 3976K rodata, 1496K init, 1312K bss, 25628K reserved, 0K cma-reserved)
[    0.922472] clocksource: jiffies: mask: 0xffffffff max_cycles: 0xffffffff, max_idle_ns: 19112604462750000 ns
[    0.923340] futex hash table entries: 256 (order: 2, 16384 bytes, linear)
[    0.925365] pinctrl core: initialized pinctrl subsystem
[    0.944584] NET: Registered PF_NETLINK/PF_ROUTE protocol family
[    0.951109] thermal_sys: Registered thermal governor 'step_wise'
[    0.951147] thermal_sys: Registered thermal governor 'user_space'
[    0.952174] cpuidle: using governor ladder
[    0.952766] cpuidle: using governor menu
[    0.955715] acpiphp: ACPI Hot Plug PCI Controller Driver version: 0.5
[    0.958685] PCI: Using configuration type 1 for base access
[    0.969363] cryptd: max_cpu_qlen set to 1000
[    0.975499] ACPI: Added _OSI(Module Device)
[    0.975743] ACPI: Added _OSI(Processor Device)
[    0.975935] ACPI: Added _OSI(Processor Aggregator Device)
[    0.990616] ACPI: 1 ACPI AML tables successfully acquired and loaded
[    1.009399] ACPI: Interpreter enabled
[    1.010215] ACPI: PM: (supports S0 S5)
[    1.010437] ACPI: Using IOAPIC for interrupt routing
[    1.011065] PCI: Using host bridge windows from ACPI; if necessary, use "pci=nocrs" and report a bug
[    1.011469] PCI: Using E820 reservations for host bridge windows
[    1.016407] ACPI: Enabled 2 GPEs in block 00 to 0F
[    1.055424] ACPI: PCI Root Bridge [PCI0] (domain 0000 [bus 00-ff])
[    1.056367] acpi PNP0A03:00: _OSC: OS supports [ASPM ClockPM Segments MSI HPX-Type3]
[    1.056992] acpi PNP0A03:00: _OSC: not requesting OS control; OS requires [ExtendedConfig ASPM ClockPM MSI]
[    1.057901] acpi PNP0A03:00: fail to add MMCONFIG information, can't access extended configuration space under this bridge
[    1.068625] acpiphp: Slot [3] registered
[    1.068964] acpiphp: Slot [4] registered
[    1.069247] acpiphp: Slot [5] registered
[    1.069683] acpiphp: Slot [6] registered
[    1.074448] acpiphp: Slot [7] registered
[    1.076174] acpiphp: Slot [8] registered
[    1.076449] acpiphp: Slot [9] registered
[    1.076709] acpiphp: Slot [10] registered
[    1.077006] acpiphp: Slot [11] registered
[    1.077278] acpiphp: Slot [12] registered
[    1.084392] acpiphp: Slot [13] registered
[    1.084864] acpiphp: Slot [14] registered
[    1.085221] acpiphp: Slot [15] registered
[    1.085489] acpiphp: Slot [16] registered
[    1.085752] acpiphp: Slot [17] registered
[    1.086059] acpiphp: Slot [18] registered
[    1.086342] acpiphp: Slot [19] registered
[    1.094437] acpiphp: Slot [20] registered
[    1.094910] acpiphp: Slot [21] registered
[    1.095220] acpiphp: Slot [22] registered
[    1.095487] acpiphp: Slot [23] registered
[    1.095786] acpiphp: Slot [24] registered
[    1.096051] acpiphp: Slot [25] registered
[    1.104449] acpiphp: Slot [26] registered
[    1.104907] acpiphp: Slot [27] registered
[    1.105180] acpiphp: Slot [28] registered
[    1.105485] acpiphp: Slot [29] registered
[    1.105771] acpiphp: Slot [30] registered
[    1.106035] acpiphp: Slot [31] registered
[    1.114644] PCI host bridge to bus 0000:00
[    1.115325] pci_bus 0000:00: root bus resource [io  0x0000-0x0cf7 window]
[    1.115729] pci_bus 0000:00: root bus resource [io  0x0d00-0xffff window]
[    1.115998] pci_bus 0000:00: root bus resource [mem 0x000a0000-0x000bffff window]
[    1.124273] pci_bus 0000:00: root bus resource [mem 0x08000000-0xfebfffff window]
[    1.124770] pci_bus 0000:00: root bus resource [mem 0x100000000-0x17fffffff window]
[    1.125336] pci_bus 0000:00: root bus resource [bus 00-ff]
[    1.135434] pci 0000:00:00.0: [8086:1237] type 00 class 0x060000 conventional PCI endpoint
[    1.147947] pci 0000:00:01.0: [8086:7000] type 00 class 0x060100 conventional PCI endpoint
[    1.148892] pci 0000:00:01.1: [8086:7010] type 00 class 0x010180 conventional PCI endpoint
[    1.151919] pci 0000:00:01.1: BAR 4 [io  0xc0e0-0xc0ef]
[    1.155533] pci 0000:00:01.1: BAR 0 [io  0x01f0-0x01f7]: legacy IDE quirk
[    1.155850] pci 0000:00:01.1: BAR 1 [io  0x03f6]: legacy IDE quirk
[    1.156148] pci 0000:00:01.1: BAR 2 [io  0x0170-0x0177]: legacy IDE quirk
[    1.156432] pci 0000:00:01.1: BAR 3 [io  0x0376]: legacy IDE quirk
[    1.165185] pci 0000:00:01.3: [8086:7113] type 00 class 0x068000 conventional PCI endpoint
[    1.165850] pci 0000:00:01.3: quirk: [io  0x0600-0x063f] claimed by PIIX4 ACPI
[    1.166205] pci 0000:00:01.3: quirk: [io  0x0700-0x070f] claimed by PIIX4 SMB
[    1.167012] pci 0000:00:02.0: [1234:1111] type 00 class 0x030000 conventional PCI endpoint
[    1.174892] pci 0000:00:02.0: BAR 0 [mem 0xfd000000-0xfdffffff pref]
[    1.176463] pci 0000:00:02.0: BAR 2 [mem 0xfeb90000-0xfeb90fff]
[    1.179198] pci 0000:00:02.0: ROM [mem 0xfeb80000-0xfeb8ffff pref]
[    1.184591] pci 0000:00:02.0: Video device with shadowed ROM at [mem 0x000c0000-0x000dffff]
[    1.185784] pci 0000:00:03.0: [1af4:1000] type 00 class 0x020000 conventional PCI endpoint
[    1.186867] pci 0000:00:03.0: BAR 0 [io  0xc080-0xc09f]
[    1.189533] pci 0000:00:03.0: BAR 4 [mem 0xfe000000-0xfe003fff 64bit pref]
[    1.195174] pci 0000:00:03.0: ROM [mem 0xfea80000-0xfeafffff pref]
[    1.205313] pci 0000:00:04.0: [1af4:1005] type 00 class 0x00ff00 conventional PCI endpoint
[    1.206289] pci 0000:00:04.0: BAR 0 [io  0xc0a0-0xc0bf]
[    1.207196] pci 0000:00:04.0: BAR 1 [mem 0xfeb91000-0xfeb91fff]
[    1.213159] pci 0000:00:04.0: BAR 4 [mem 0xfe004000-0xfe007fff 64bit pref]
[    1.219236] pci 0000:00:05.0: [1af4:1000] type 00 class 0x020000 conventional PCI endpoint
[    1.220503] pci 0000:00:05.0: BAR 0 [io  0xc0c0-0xc0df]
[    1.221520] pci 0000:00:05.0: BAR 1 [mem 0xfeb92000-0xfeb92fff]
[    1.223400] pci 0000:00:05.0: BAR 4 [mem 0xfe008000-0xfe00bfff 64bit pref]
[    1.224422] pci 0000:00:05.0: ROM [mem 0xfeb00000-0xfeb7ffff pref]
[    1.228214] pci 0000:00:06.0: [1af4:1001] type 00 class 0x010000 conventional PCI endpoint
[    1.232924] pci 0000:00:06.0: BAR 0 [io  0xc000-0xc07f]
[    1.233668] pci 0000:00:06.0: BAR 1 [mem 0xfeb93000-0xfeb93fff]
[    1.235383] pci 0000:00:06.0: BAR 4 [mem 0xfe00c000-0xfe00ffff 64bit pref]
[    1.244326] ACPI: PCI: Interrupt link LNKA configured for IRQ 10
[    1.245465] ACPI: PCI: Interrupt link LNKB configured for IRQ 10
[    1.246133] ACPI: PCI: Interrupt link LNKC configured for IRQ 11
[    1.246812] ACPI: PCI: Interrupt link LNKD configured for IRQ 11
[    1.247290] ACPI: PCI: Interrupt link LNKS configured for IRQ 9
[    1.258411] iommu: Default domain type: Translated
[    1.258656] iommu: DMA domain TLB invalidation policy: lazy mode
[    1.261468] SCSI subsystem initialized
[    1.262604] ACPI: bus type USB registered
[    1.264144] usbcore: registered new interface driver usbfs
[    1.266775] usbcore: registered new interface driver hub
[    1.267168] usbcore: registered new device driver usb
[    1.267767] pps_core: LinuxPPS API ver. 1 registered
[    1.267991] pps_core: Software ver. 5.3.6 - Copyright 2005-2007 Rodolfo Giometti <giometti@linux.it>
[    1.274478] PTP clock support registered
[    1.288575] PCI: Using ACPI for IRQ routing
[    1.290813] hpet0: at MMIO 0xfed00000, IRQs 2, 8, 0
[    1.291115] hpet0: 3 comparators, 64-bit 100.000000 MHz counter
[    1.295392] clocksource: Switched to clocksource tsc-early
[    1.298494] pnp: PnP ACPI init
[    1.302728] pnp: PnP ACPI: found 6 devices
[    1.316271] clocksource: acpi_pm: mask: 0xffffff max_cycles: 0xffffff, max_idle_ns: 2085701024 ns
[    1.317687] NET: Registered PF_INET protocol family
[    1.318908] IP idents hash table entries: 2048 (order: 2, 16384 bytes, linear)
[    1.324652] tcp_listen_portaddr_hash hash table entries: 256 (order: 0, 4096 bytes, linear)
[    1.326982] Table-perturb hash table entries: 65536 (order: 6, 262144 bytes, linear)
[    1.327430] TCP established hash table entries: 1024 (order: 1, 8192 bytes, linear)
[    1.328024] TCP bind hash table entries: 1024 (order: 3, 32768 bytes, linear)
[    1.337895] TCP: Hash tables configured (established 1024 bind 1024)
[    1.339772] MPTCP token hash table entries: 256 (order: 1, 6144 bytes, linear)
[    1.340317] UDP hash table entries: 256 (order: 1, 8192 bytes, linear)
[    1.340804] UDP-Lite hash table entries: 256 (order: 1, 8192 bytes, linear)
[    1.350250] NET: Registered PF_UNIX/PF_LOCAL protocol family
[    1.351578] pci_bus 0000:00: resource 4 [io  0x0000-0x0cf7 window]
[    1.351847] pci_bus 0000:00: resource 5 [io  0x0d00-0xffff window]
[    1.352091] pci_bus 0000:00: resource 6 [mem 0x000a0000-0x000bffff window]
[    1.360013] pci_bus 0000:00: resource 7 [mem 0x08000000-0xfebfffff window]
[    1.360325] pci_bus 0000:00: resource 8 [mem 0x100000000-0x17fffffff window]
[    1.361054] pci 0000:00:01.0: PIIX3: Enabling Passive Release
[    1.361409] pci 0000:00:00.0: Limiting direct PCI/PCI transfers
[    1.370975] PCI: CLS 0 bytes, default 64
[    1.391128] workingset: timestamp_bits=46 max_order=15 bucket_order=0
[    1.394070] squashfs: version 4.0 (2009/01/31) Phillip Lougher
[    1.397341] Block layer SCSI generic (bsg) driver version 0.4 loaded (major 247)
[    1.401474] hv_vmbus: registering driver hyperv_fb
[    1.405344] input: Power Button as /devices/LNXSYSTM:00/LNXPWRBN:00/input/input0
[    1.413792] ACPI: button: Power Button [PWRF]
[    1.597322] ACPI: \_SB_.LNKC: Enabled at IRQ 11
[    1.753391] ACPI: \_SB_.LNKD: Enabled at IRQ 10
[    1.907481] ACPI: \_SB_.LNKA: Enabled at IRQ 10
[    2.062066] ACPI: \_SB_.LNKB: Enabled at IRQ 11
[    2.064148] Serial: 8250/16550 driver, 16 ports, IRQ sharing enabled
[    2.089346] 00:04: ttyS0 at I/O 0x3f8 (irq = 4, base_baud = 115200) is a 16550A
[    2.115917] Non-volatile memory driver v1.3
[    2.127177] Linux agpgart interface v0.103
[    2.128290] ACPI: bus type drm_connector registered
[    2.131153] [drm] Found bochs VGA, ID 0xb0c5.
[    2.131400] [drm] Framebuffer size 16384 kB @ 0xfd000000, mmio @ 0xfeb90000.
[    2.138182] [drm] Found EDID data blob.
[    2.143858] [drm] Initialized bochs-drm 1.0.0 for 0000:00:02.0 on minor 0
[    2.212514] Console: switching to colour frame buffer device 160x50
[    2.221629] bochs-drm 0000:00:02.0: [drm] fb0: bochs-drmdrmfb frame buffer device
[    2.257196] loop: module loaded
[    2.257887] virtio_blk virtio3: 1/0/0 default/read/poll queues
[    2.262583] virtio_blk virtio3: [vda] 246784 512-byte logical blocks (126 MB/121 MiB)
[    2.272287]  vda: vda1 vda2
[    2.274304] Guest personality initialized and is inactive
[    2.274923] VMCI host device registered (name=vmci, major=10, minor=256)
[    2.275232] Initialized host personality
[    2.275617] usbcore: registered new interface driver rtsx_usb
[    2.283968] VMware PVSCSI driver - version 1.0.7.0-k
[    2.284349] hv_vmbus: registering driver hv_storvsc
[    2.300437] scsi host0: ata_piix
[    2.303144] scsi host1: ata_piix
[    2.304011] ata1: PATA max MWDMA2 cmd 0x1f0 ctl 0x3f6 bmdma 0xc0e0 irq 14 lpm-pol 0
[    2.304359] ata2: PATA max MWDMA2 cmd 0x170 ctl 0x376 bmdma 0xc0e8 irq 15 lpm-pol 0
[    2.313610] VMware vmxnet3 virtual NIC driver - version 1.9.0.0-k-NAPI
[    2.314220] hv_vmbus: registering driver hv_netvsc
[    2.314642] Fusion MPT base driver 3.04.20
[    2.314821] Copyright (c) 1999-2008 LSI Corporation
[    2.315212] Fusion MPT SPI Host driver 3.04.20
[    2.324662] Fusion MPT SAS Host driver 3.04.20
[    2.326801] usbcore: registered new interface driver usb-storage
[    2.328067] i8042: PNP: PS/2 Controller [PNP0303:KBD,PNP0f13:MOU] at 0x60,0x64 irq 1,12
[    2.331406] serio: i8042 KBD port at 0x60,0x64 irq 1
[    2.331885] serio: i8042 AUX port at 0x60,0x64 irq 12
[    2.338559] hv_vmbus: registering driver hyperv_keyboard
[    2.340958] rtc_cmos 00:05: RTC can wake from S4
[    2.346138] rtc_cmos 00:05: registered as rtc0
[    2.348943] rtc_cmos 00:05: setting system clock to 2026-03-18T02:12:49 UTC (1773799969)
[    2.351540] rtc_cmos 00:05: alarms up to one day, y3k, 242 bytes nvram, hpet irqs
[    2.354360] intel_powerclamp: CPU does not support MWAIT
[    2.359545] amd_pstate: the _CPC object is not present in SBIOS or ACPI disabled
[    2.362180] sdhci: Secure Digital Host Controller Interface driver
[    2.364176] sdhci: Copyright(c) Pierre Ossman
[    2.366530] VUB300 Driver rom wait states = 1C irqpoll timeout = 0400
[    2.373196] input: AT Translated Set 2 keyboard as /devices/platform/i8042/serio0/input/input1
[    2.397513] usbcore: registered new interface driver vub300
[    2.399731] usbcore: registered new interface driver ushc
[    2.407461] hid: raw HID events driver (C) Jiri Kosina
[    2.410178] hv_vmbus: registering driver hid_hyperv
[    2.413051] usbcore: registered new interface driver usbhid
[    2.415093] usbhid: USB HID core driver
[    2.417195] hv_utils: Registering HyperV Utility Driver
[    2.419186] hv_vmbus: registering driver hv_utils
[    2.421563] hv_vmbus: registering driver hv_balloon
[    2.425138] NET: Registered PF_INET6 protocol family
[    2.440042] Segment Routing with IPv6
[    2.442332] In-situ OAM (IOAM) with IPv6
[    2.444768] NET: Registered PF_PACKET protocol family
[    2.447239] bridge: filtering via arp/ip/ip6tables is no longer available by default. Update your scripts to load br_netfilter if you need this.
[    2.456381] tsc: Refined TSC clocksource calibration: 2445.409 MHz
[    2.458785] clocksource: tsc: mask: 0xffffffffffffffff max_cycles: 0x233fc7f3f21, max_idle_ns: 440795317890 ns
[    2.461430] clocksource: Switched to clocksource tsc
[    2.468193] 8021q: 802.1Q VLAN Support v1.8
[    2.470796] NET: Registered PF_VSOCK protocol family
[    2.479997] IPI shorthand broadcast: enabled
[    2.486878] AES CTR mode by8 optimization enabled
[    2.508497] sched_clock: Marking stable (2240092716, 261686860)->(2504329074, -2549498)
[    2.542803] ata2: found unknown device (class 0)
[    2.568614] ata2.00: ATAPI: QEMU DVD-ROM, 2.5+, max UDMA/100
[    2.610683] scsi 1:0:0:0: CD-ROM            QEMU     QEMU DVD-ROM     2.5+ PQ: 0 ANSI: 5
[    2.623588] clk: Disabling unused clocks
[    2.663710] sr 1:0:0:0: [sr0] scsi3-mmc drive: 4x/4x cd/rw xa/form2 tray
[    2.666213] cdrom: Uniform CD-ROM driver Revision: 3.20
[    2.724043] VFS: Mounted root (squashfs filesystem) readonly on device 254:2.
[    2.793350] Freeing unused kernel image (initmem) memory: 1496K
[    2.795995] Write protecting the kernel read-only data: 18432k
[    2.799292] Freeing unused kernel image (rodata/data gap) memory: 120K
[    2.802004] Run /sbin/init as init process
[    3.141697] init: Console is alive
[    3.722910] kmodloader: loading kernel modules from /etc/modules-boot.d/*
[    3.792620] button_hotplug: loading out-of-tree module taints kernel.
[    3.799432] Button Hotplug driver version 0.4.1
[    3.820066] Intel(R) 2.5G Ethernet Linux Driver
[    3.822698] Copyright(c) 2018 Intel Corporation.
[    3.838711] igb: Intel(R) Gigabit Ethernet Network Driver
[    3.841169] igb: Copyright (c) 2007-2014 Intel Corporation.
[    3.858236] e1000e: Intel(R) PRO/1000 Network Driver
[    3.860758] e1000e: Copyright(c) 1999 - 2015 Intel Corporation.
[    3.874572] kmodloader: done loading kernel modules from /etc/modules-boot.d/*
[    3.894192] init: - preinit -
[    4.886842] 8021q: adding VLAN 0 to HW filter on device eth0
Press the [f] key and hit [enter] to enter failsafe mode
Press the [1], [2], [3] or [4] key and hit [enter] to select the debug level
[    9.511710] loop0: detected capacity change from 0 to 212992
[    9.562219] loop0: detected capacity change from 212992 to 201728
[    9.575796] mount_root: overlay filesystem in /dev/loop0 has not been formatted yet
[    9.940854] EXT4-fs (loop0): mounted filesystem a3134752-8884-485b-a659-e8fdffd81ed2 r/w with ordered data mode. Quota mode: disabled.
[    9.955019] mount_root: overlay filesystem has not been fully initialized yet
[    9.973185] mount_root: switching to ext4 overlay
[    9.994230] overlayfs: null uuid detected in lower fs '/', falling back to xino=off,index=off,nfs_export=off.
[   10.736289] EXT4-fs (vda1): mounted filesystem 84173db5-fa99-e35a-95c6-28613cc79ea9 r/w without journal. Quota mode: disabled.
[   10.760606] urandom-seed: Seed file not found (/etc/urandom.seed)
[   10.901534] procd: - early -
[   11.648057] procd: - ubus -
[   11.827678] procd: - init -
Please press Enter to activate this console.
root
login[1050]: root login on 'ttyS0'


BusyBox v1.37.0 (2026-01-02 17:07:02 UTC) built-in shell (ash)

  _______                     ________        __
 |       |.-----.-----.-----.|  |  |  |.----.|  |_
 |   -   ||  _  |  -__|     ||  |  |  ||   _||   _|
 |_______||   __|_____|__|__||________||__|  |____|
          |__| W I R E L E S S   F R E E D O M
 -----------------------------------------------------
 OpenWrt SNAPSHOT, r33446-e210d994fa
 -----------------------------------------------------

 === WARNING! =====================================
 There is no root password defined on this device!
 Use the "passwd" command to set up a new password
 in order to prevent unauthorized SSH logins.
 --------------------------------------------------

root@(none):~# dmesg -n 1
root@(none):~# echo 'JOUK''PAQFEF'
JOUKPAQFEF
root@(none):~# run() { echo -n "$MARKER"; sh -c "$@"; echo "$MARKER $?"; }
root@(none):~# echo 'SWZB''EGNLVK'
SWZBEGNLVK
root@(none):~# MARKER='AHTN''YPYUVT' run 'ubus wait_for network.interface.lan'
AHTNYPYUVTAHTNYPYUVT 0
root@OpenWrt:~# echo 'BQMG''ELPZLT'
BQMGELPZLT
root@OpenWrt:~# MARKER='TGOA''LTHBKN' run 'ubus call network.interface.lan statu
s '"'"'{}'"'"''
TGOALTHBKN{
	"up": true,
	"pending": false,
	"available": true,
	"autostart": true,
	"dynamic": false,
	"uptime": 0,
	"l3_device": "br-lan",
	"proto": "static",
	"device": "br-lan",
	"updated": [
		"addresses"
	],
	"metric": 0,
	"dns_metric": 0,
	"delegation": true,
	"ipv4-address": [
		{
			"address": "192.168.1.1",
			"mask": 24
		}
	],
	"ipv6-address": [
		
	],
	"ipv6-prefix": [
		
	],
	"ipv6-prefix-assignment": [
		{
			"address": "fdae:5827:ab10::",
			"mask": 60,
			"local-address": {
				"address": "fdae:5827:ab10::1",
				"mask": 60
			}
		}
	],
	"route": [
		
	],
	"dns-server": [
		
	],
	"dns-search": [
		
	],
	"neighbors": [
		
	],
	"inactive": {
		"ipv4-address": [
			
		],
		"ipv6-address": [
			
		],
		"route": [
			
		],
		"dns-server": [
			
		],
		"dns-search": [
			
		],
		"neighbors": [
			
		]
	},
	"data": {
		
	}
}
TGOALTHBKN 0
root@OpenWrt:~# echo 'QMGH''ZSLNVN'
QMGHZSLNVN
root@OpenWrt:~# MARKER='ZCGS''SAELBA' run true
ZCGSSAELBAZCGSSAELBA 0
root@OpenWrt:~# echo 'LJTY''OJETTY'
LJTYOJETTY
root@OpenWrt:~# MARKER='JVLY''JJMYGQ' run 'source /etc/os-release; echo $BUILD_I
D'
JVLYJJMYGQr33446-e210d994fa
JVLYJJMYGQ 0
root@OpenWrt:~# echo 'FLTZ''WAHCEX'
FLTZWAHCEX
root@OpenWrt:~# MARKER='BKJJ''VCQWZA' run 'ls /etc/dropbear/dropbear_rsa_host_ke
y'
BKJJVCQWZA[0;0m/etc/dropbear/dropbear_rsa_host_key[m
BKJJVCQWZA 0
root@OpenWrt:~# echo 'GZFM''NWKPAB'
GZFMNWKPAB
root@OpenWrt:~# MARKER='VWWS''CLSYAL' run 'netstat -tlpn | grep 0.0.0.0:22'
VWWSCLSYALtcp        0      0 0.0.0.0:22              0.0.0.0:*               LISTEN      1733/dropbear
VWWSCLSYAL 0
root@OpenWrt:~# echo 'GQEH''VUQJXL'
GQEHVUQJXL
root@OpenWrt:~# MARKER='TNMW''CZSBNG' run 'dmesg | grep br-lan | grep forwarding
'
TNMWCZSBNG[   30.202467] br-lan: port 1(eth0) entered forwarding state
TNMWCZSBNG 0
root@OpenWrt:~# echo 'VETQ''NVFTOJ'
VETQNVFTOJ
root@OpenWrt:~# MARKER='SFYT''UUCAVA' run 'ubus call network.interface.lan statu
s '"'"'{}'"'"''
SFYTUUCAVA{
	"up": true,
	"pending": false,
	"available": true,
	"autostart": true,
	"dynamic": false,
	"uptime": 22,
	"l3_device": "br-lan",
	"proto": "static",
	"device": "br-lan",
	"updated": [
		"addresses"
	],
	"metric": 0,
	"dns_metric": 0,
	"delegation": true,
	"ipv4-address": [
		{
			"address": "192.168.1.1",
			"mask": 24
		}
	],
	"ipv6-address": [
		
	],
	"ipv6-prefix": [
		
	],
	"ipv6-prefix-assignment": [
		{
			"address": "fdae:5827:ab10::",
			"mask": 60,
			"local-address": {
				"address": "fdae:5827:ab10::1",
				"mask": 60
			}
		}
	],
	"route": [
		
	],
	"dns-server": [
		
	],
	"dns-search": [
		
	],
	"neighbors": [
		
	],
	"inactive": {
		"ipv4-address": [
			
		],
		"ipv6-address": [
			
		],
		"route": [
			
		],
		"dns-server": [
			
		],
		"dns-search": [
			
		],
		"neighbors": [
			
		]
	},
	"data": {
		
	}
}
SFYTUUCAVA 0
root@OpenWrt:~# echo 'FONP''FJAXVM'
FONPFJAXVM
root@OpenWrt:~# MARKER='VZHY''ZENHYG' run 'ip -o addr show dev br-lan'
VZHYZENHYG4: br-lan    inet 192.168.1.1/24 brd 192.168.1.255 scope global br-lan\       valid_lft forever preferred_lft forever
4: br-lan    inet6 fdae:5827:ab10::1/60 scope global noprefixroute \       valid_lft forever preferred_lft forever
4: br-lan    inet6 fe80::5054:ff:fe12:3456/64 scope link \       valid_lft forever preferred_lft forever
VZHYZENHYG 0
root@OpenWrt:~# echo 'LAXG''BCAYEF'
LAXGBCAYEF
root@OpenWrt:~# MARKER='CNYT''VLBATS' run 'ubus call network.interface.wan statu
s '"'"'{}'"'"''
CNYTVLBATS{
	"up": true,
	"pending": false,
	"available": true,
	"autostart": true,
	"dynamic": false,
	"uptime": 20,
	"l3_device": "eth1",
	"proto": "dhcp",
	"device": "eth1",
	"updated": [
		"addresses",
		"routes",
		"data"
	],
	"metric": 0,
	"dns_metric": 0,
	"delegation": true,
	"ipv4-address": [
		{
			"address": "10.0.2.15",
			"mask": 24
		}
	],
	"ipv6-address": [
		
	],
	"ipv6-prefix": [
		
	],
	"ipv6-prefix-assignment": [
		
	],
	"route": [
		{
			"target": "0.0.0.0",
			"mask": 0,
			"nexthop": "10.0.2.2",
			"source": "10.0.2.15/32"
		}
	],
	"dns-server": [
		"10.0.2.3"
	],
	"dns-search": [
		
	],
	"neighbors": [
		
	],
	"inactive": {
		"ipv4-address": [
			
		],
		"ipv6-address": [
			
		],
		"route": [
			
		],
		"dns-server": [
			
		],
		"dns-search": [
			
		],
		"neighbors": [
			
		]
	},
	"data": {
		"dhcpserver": "10.0.2.2",
		"leasetime": 86400
	}
}
CNYTVLBATS 0
root@OpenWrt:~# 