Labgrid Console Logfile for main
Logfile started at 2026-04-05 01:51:44.815653
=== Log starts here ===
c[?7l[2J[0mSeaBIOS (version 1.16.3-debian-1.16.3-2)


iPXE (https://ipxe.org) 00:03.0 CA00 PCI2.10 PnP PMM+06FCAE70+06F0AE70 CA00
Press Ctrl-B to configure iPXE (PCI 00:03.0)...                                                                               




iPXE (https://ipxe.org) 00:05.0 CB00 PCI2.10 PnP PMM 06FCAE70 06F0AE70 CB00
Press Ctrl-B to configure iPXE (PCI 00:05.0)...                                                                               


Booting from Hard Disk...
GRUB loading.....
[0;30;47mWelcome to GRUB![01;01H[0m[2J[H[J[1;1H[?25l[m[H[J[1;1H[2;30HGNU GRUB  version 2.12

[m[4;2H+----------------------------------------------------------------------------+[5;2H|[5;79H|[6;2H|[6;79H|[7;2H|[7;79H|[8;2H|[8;79H|[9;2H|[9;79H|[10;2H|[10;79H|[11;2H|[11;79H|[12;2H|[12;79H|[13;2H|[13;79H|[14;2H|[14;79H|[15;2H|[15;79H|[16;2H+----------------------------------------------------------------------------+[m[17;2H[18;2H[m     Use the ^ and v keys to select which entry is highlighted.          
      Press enter to boot the selected OS, `e' to edit the commands       
      before booting or `c' for a command-line. ESC to return             
      previous menu.                                                      [5;80H [7m[5;3H*OpenWrt                                                                    [m[5;78H[m[m[6;3H OpenWrt (failsafe)                                                         [m[6;78H[m[m[7;3H                                                                            [m[7;78H[m[m[8;3H                                                                            [m[8;78H[m[m[9;3H                                                                            [m[9;78H[m[m[10;3H                                                                            [m[10;78H[m[m[11;3H                                                                            [m[11;78H[m[m[12;3H                                                                            [m[12;78H[m[m[13;3H                                                                            [m[13;78H[m[m[14;3H                                                                            [m[14;78H[m[m[15;3H                                                                            [m[15;78H[m[15;80H [5;78H[2J[02;30HGNU GRUB  version 2.12[04;02H┌────────────────────────────────────────────────────────────────────────────┐[05;02H│[05;79H│[06;02H│[06;79H│[07;02H│[07;79H│[08;02H│[08;79H│[09;02H│[09;79H│[10;02H│[10;79H│[11;02H│[11;79H│[12;02H│[12;79H│[13;02H│[13;79H│[14;02H│[14;79H│[15;02H│[15;79H│[16;02H│[16;79H│[17;02H└────────────────────────────────────────────────────────────────────────────┘[19;02H     Use the ↑ and ↓ keys to select which entry is highlighted.          
      Press enter to boot the selected OS, `e' to edit the commands       
      before booting or[21;23H[21;24H `c' for a command-line. ESC to return             
      previous menu.                                                      [05;80H [05;03H[0;30;47m*OpenWrt                       [05;33H[05;34H                                             [06;03H[0m OpenWrt (failsafe)                                                         [07;03H                                                                            [08;03H                                                                            [09;03H                                                                            [10;03H                                                                            [11;03H                                                                            [12;03H                                                                            [13;03H                                                                            [14;03H                                                                            [15;03H                                                                            [16;03H                                                                            [16;80H 






   The highlighted entry will be executed automatically in 5s.                [22;1H   The highlighted entry will be executed automatically in 5s.                 [5;78H [05;78H

















   The highlighted entry will be executed automatically in 4s.                [22;1H   The highlighted entry will be executed automatically in 4s.                 [5;78H [05;78H

















   The highlighted entry will be executed automatically in 3s.                [22;1H   The highlighted entry will be executed automatically in 3s.                 [5;78H [05;78H

















   The highlighted entry will be executed automatically in 2s.                [22;1H   The highlighted entry will be executed automatically in 2s.                 [5;78H [05;78H

















   The highlighted entry will be executed automatically in 1s.                [22;1H   The highlighted entry will be executed automatically in 1s.                 [5;78H [05;78H

















   The highlighted entry will be executed automatically in 0s.                [22;1H   The highlighted entry will be executed automatically in 0s.                 [5;78H [01;01H[2J[?25h[H[J[1;1H[H[J[1;1H[2J   Booting `OpenWrt' Booting `OpenWrt

'

[    0.000000] Linux version 6.12.80 (builder@buildhost) (x86_64-openwrt-linux-musl-gcc (OpenWrt GCC 14.3.0 r33768-acf9796d7d) 14.3.0, GNU ld (GNU Binutils) 2.44) #0 SMP Sat Apr  4 07:28:28 2026
[    0.000000] Command line: BOOT_IMAGE=/boot/vmlinuz root=PARTUUID=cbae1173-02 rootwait console=tty1 console=ttyS0,115200n8 noinitrd
[    0.000000] BIOS-provided physical RAM map:
[    0.000000] BIOS-e820: [mem 0x0000000000000000-0x000000000009fbff] usable
[    0.000000] BIOS-e820: [mem 0x000000000009fc00-0x000000000009ffff] reserved
[    0.000000] BIOS-e820: [mem 0x00000000000f0000-0x00000000000fffff] reserved
[    0.000000] BIOS-e820: [mem 0x0000000000100000-0x0000000007fdcfff] usable
[    0.000000] BIOS-e820: [mem 0x0000000007fdd000-0x0000000007ffffff] reserved
[    0.000000] BIOS-e820: [mem 0x00000000fffc0000-0x00000000ffffffff] reserved
[    0.000000] BIOS-e820: [mem 0x000000fd00000000-0x000000ffffffffff] reserved
[    0.000000] NX (Execute Disable) protection: active
[    0.000000] APIC: Static calls initialized
[    0.000000] SMBIOS 3.0.0 present.
[    0.000000] DMI: QEMU Standard PC (i440FX + PIIX, 1996), BIOS 1.16.3-debian-1.16.3-2 04/01/2014
[    0.000000] DMI: Memory slots populated: 1/1
[    0.000000] tsc: Fast TSC calibration using PIT
[    0.000000] tsc: Detected 2445.422 MHz processor
[    0.007507] last_pfn = 0x7fdd max_arch_pfn = 0x400000000
[    0.008159] MTRR map: 4 entries (3 fixed + 1 variable; max 19), built from 8 variable MTRRs
[    0.008323] x86/PAT: Configuration [0-7]: WB  WC  UC- UC  WB  WP  UC- WT  
[    0.026796] found SMP MP-table at [mem 0x000f5460-0x000f546f]
[    0.028193] Using GB pages for direct mapping
[    0.032720] ACPI: Early table checksum verification disabled
[    0.033091] ACPI: RSDP 0x00000000000F5290 000014 (v00 BOCHS )
[    0.033412] ACPI: RSDT 0x0000000007FE1C64 000034 (v01 BOCHS  BXPC     00000001 BXPC 00000001)
[    0.033932] ACPI: FACP 0x0000000007FE1B18 000074 (v01 BOCHS  BXPC     00000001 BXPC 00000001)
[    0.034541] ACPI: DSDT 0x0000000007FE0040 001AD8 (v01 BOCHS  BXPC     00000001 BXPC 00000001)
[    0.034616] ACPI: FACS 0x0000000007FE0000 000040
[    0.034666] ACPI: APIC 0x0000000007FE1B8C 000078 (v03 BOCHS  BXPC     00000001 BXPC 00000001)
[    0.034687] ACPI: HPET 0x0000000007FE1C04 000038 (v01 BOCHS  BXPC     00000001 BXPC 00000001)
[    0.034706] ACPI: WAET 0x0000000007FE1C3C 000028 (v01 BOCHS  BXPC     00000001 BXPC 00000001)
[    0.034786] ACPI: Reserving FACP table memory at [mem 0x7fe1b18-0x7fe1b8b]
[    0.034834] ACPI: Reserving DSDT table memory at [mem 0x7fe0040-0x7fe1b17]
[    0.034841] ACPI: Reserving FACS table memory at [mem 0x7fe0000-0x7fe003f]
[    0.034846] ACPI: Reserving APIC table memory at [mem 0x7fe1b8c-0x7fe1c03]
[    0.034851] ACPI: Reserving HPET table memory at [mem 0x7fe1c04-0x7fe1c3b]
[    0.034856] ACPI: Reserving WAET table memory at [mem 0x7fe1c3c-0x7fe1c63]
[    0.037905] Zone ranges:
[    0.037933]   DMA      [mem 0x0000000000001000-0x0000000000ffffff]
[    0.038029]   DMA32    [mem 0x0000000001000000-0x0000000007fdcfff]
[    0.038040]   Normal   empty
[    0.038060] Movable zone start for each node
[    0.038093] Early memory node ranges
[    0.038121]   node   0: [mem 0x0000000000001000-0x000000000009efff]
[    0.038175]   node   0: [mem 0x0000000000100000-0x0000000007fdcfff]
[    0.038296] Initmem setup node 0 [mem 0x0000000000001000-0x0000000007fdcfff]
[    0.039359] On node 0, zone DMA: 1 pages in unavailable ranges
[    0.039856] On node 0, zone DMA: 97 pages in unavailable ranges
[    0.041991] On node 0, zone DMA32: 35 pages in unavailable ranges
[    0.042372] ACPI: PM-Timer IO Port: 0x608
[    0.042773] ACPI: LAPIC_NMI (acpi_id[0xff] dfl dfl lint[0x1])
[    0.043212] IOAPIC[0]: apic_id 0, version 32, address 0xfec00000, GSI 0-23
[    0.043332] ACPI: INT_SRC_OVR (bus 0 bus_irq 0 global_irq 2 dfl dfl)
[    0.043586] ACPI: INT_SRC_OVR (bus 0 bus_irq 5 global_irq 5 high level)
[    0.043636] ACPI: INT_SRC_OVR (bus 0 bus_irq 9 global_irq 9 high level)
[    0.043736] ACPI: INT_SRC_OVR (bus 0 bus_irq 10 global_irq 10 high level)
[    0.043745] ACPI: INT_SRC_OVR (bus 0 bus_irq 11 global_irq 11 high level)
[    0.043928] ACPI: Using ACPI (MADT) for SMP configuration information
[    0.043972] ACPI: HPET id: 0x8086a201 base: 0xfed00000
[    0.044400] CPU topo: Max. logical packages:   1
[    0.044416] CPU topo: Max. logical dies:       1
[    0.044426] CPU topo: Max. dies per package:   1
[    0.044471] CPU topo: Max. threads per core:   1
[    0.044624] CPU topo: Num. cores per package:     1
[    0.044639] CPU topo: Num. threads per package:   1
[    0.044647] CPU topo: Allowing 1 present CPUs plus 0 hotplug CPUs
[    0.045830] [mem 0x08000000-0xfffbffff] available for PCI devices
[    0.045901] Booting paravirtualized kernel on bare hardware
[    0.046235] clocksource: refined-jiffies: mask: 0xffffffff max_cycles: 0xffffffff, max_idle_ns: 19112604462750000 ns
[    0.046917] setup_percpu: NR_CPUS:512 nr_cpumask_bits:1 nr_cpu_ids:1 nr_node_ids:1
[    0.048967] percpu: Embedded 50 pages/cpu s167000 r8192 d29608 u2097152
[    0.051346] Kernel command line: BOOT_IMAGE=/boot/vmlinuz root=PARTUUID=cbae1173-02 rootwait console=tty1 console=ttyS0,115200n8 noinitrd
[    0.053026] random: crng init done
[    0.057777] Dentry cache hash table entries: 16384 (order: 5, 131072 bytes, linear)
[    0.058739] Inode-cache hash table entries: 8192 (order: 4, 65536 bytes, linear)
[    0.061481] Built 1 zonelists, mobility grouping on.  Total pages: 32635
[    0.061715] mem auto-init: stack:off, heap alloc:off, heap free:off
[    0.071898] SLUB: HWalign=64, Order=0-3, MinObjects=0, CPUs=1, Nodes=1
[    0.080090] rcu: Hierarchical RCU implementation.
[    0.080119] rcu: 	RCU restricting CPUs from NR_CPUS=512 to nr_cpu_ids=1.
[    0.080270] 	Tracing variant of Tasks RCU enabled.
[    0.080363] rcu: RCU calculated value of scheduler-enlistment delay is 10 jiffies.
[    0.080394] rcu: Adjusting geometry for rcu_fanout_leaf=16, nr_cpu_ids=1
[    0.081551] RCU Tasks Trace: Setting shift to 0 and lim to 1 rcu_task_cb_adjust=1 rcu_task_cpu_ids=1.
[    0.081684] NR_IRQS: 33024, nr_irqs: 256, preallocated irqs: 16
[    0.090862] rcu: srcu_init: Setting srcu_struct sizes based on contention.
[    0.097955] Console: colour VGA+ 80x25
[    0.098406] printk: legacy console [tty1] enabled
[    0.106444] printk: legacy console [ttyS0] enabled
[    0.348971] ACPI: Core revision 20240827
[    0.354420] clocksource: hpet: mask: 0xffffffff max_cycles: 0xffffffff, max_idle_ns: 19112604467 ns
[    0.359198] APIC: Switch to symmetric I/O mode setup
[    0.363831] ..TIMER: vector=0x30 apic1=0 pin1=2 apic2=-1 pin2=-1
[    0.406266] clocksource: tsc-early: mask: 0xffffffffffffffff max_cycles: 0x233fd41637b, max_idle_ns: 440795323094 ns
[    0.406916] Calibrating delay loop (skipped), value calculated using timer frequency.. 4890.84 BogoMIPS (lpj=24454220)
[    0.408778] x86/cpu: User Mode Instruction Prevention (UMIP) activated
[    0.426989] Last level iTLB entries: 4KB 0, 2MB 0, 4MB 0
[    0.427374] Last level dTLB entries: 4KB 0, 2MB 0, 4MB 0, 1GB 0
[    0.428439] Spectre V1 : Mitigation: usercopy/swapgs barriers and __user pointer sanitization
[    0.429456] Spectre V2 : Mitigation: Retpolines
[    0.429679] Spectre V2 : Spectre v2 / SpectreRSB: Filling RSB on context switch and VMEXIT
[    0.430144] Speculative Store Bypass: Vulnerable
[    0.438892] x86/fpu: Supporting XSAVE feature 0x001: 'x87 floating point registers'
[    0.443612] x86/fpu: Supporting XSAVE feature 0x002: 'SSE registers'
[    0.443874] x86/fpu: Supporting XSAVE feature 0x004: 'AVX registers'
[    0.444120] x86/fpu: Supporting XSAVE feature 0x008: 'MPX bounds registers'
[    0.447935] x86/fpu: Supporting XSAVE feature 0x010: 'MPX CSR'
[    0.448363] x86/fpu: xstate_offset[2]:  576, xstate_sizes[2]:  256
[    0.448712] x86/fpu: xstate_offset[3]:  960, xstate_sizes[3]:   64
[    0.448930] x86/fpu: xstate_offset[4]: 1024, xstate_sizes[4]:   64
[    0.456848] x86/fpu: Enabled xstate features 0x1f, context size is 1088 bytes, using 'standard' format.
[    0.680548] Freeing SMP alternatives memory: 40K
[    0.681397] pid_max: default: 32768 minimum: 301
[    0.690790] Mount-cache hash table entries: 512 (order: 0, 4096 bytes, linear)
[    0.691192] Mountpoint-cache hash table entries: 512 (order: 0, 4096 bytes, linear)
[    0.842917] smpboot: CPU0: AMD QEMU TCG CPU version 2.5+ (family: 0x6, model: 0x6, stepping: 0x3)
[    0.871687] Performance Events: PMU not available due to virtualization, using software events only.
[    0.873104] signal: max sigframe size: 1616
[    0.874969] rcu: Hierarchical SRCU implementation.
[    0.875219] rcu: 	Max phase no-delay instances is 1000.
[    0.881098] smp: Bringing up secondary CPUs ...
[    0.884351] smp: Brought up 1 node, 1 CPU
[    0.884641] smpboot: Total of 1 processors activated (4890.84 BogoMIPS)
[    0.891449] Memory: 103200K/130540K available (14336K kernel code, 1167K rwdata, 3984K rodata, 1496K init, 1312K bss, 25628K reserved, 0K cma-reserved)
[    0.905903] clocksource: jiffies: mask: 0xffffffff max_cycles: 0xffffffff, max_idle_ns: 19112604462750000 ns
[    0.906752] futex hash table entries: 256 (order: 2, 16384 bytes, linear)
[    0.908161] pinctrl core: initialized pinctrl subsystem
[    0.927935] NET: Registered PF_NETLINK/PF_ROUTE protocol family
[    0.934944] thermal_sys: Registered thermal governor 'step_wise'
[    0.934984] thermal_sys: Registered thermal governor 'user_space'
[    0.935990] cpuidle: using governor ladder
[    0.936510] cpuidle: using governor menu
[    0.938311] acpiphp: ACPI Hot Plug PCI Controller Driver version: 0.5
[    0.941075] PCI: Using configuration type 1 for base access
[    0.951794] cryptd: max_cpu_qlen set to 1000
[    0.957647] ACPI: Added _OSI(Module Device)
[    0.957842] ACPI: Added _OSI(Processor Device)
[    0.958011] ACPI: Added _OSI(Processor Aggregator Device)
[    0.972271] ACPI: 1 ACPI AML tables successfully acquired and loaded
[    0.989566] ACPI: Interpreter enabled
[    0.990359] ACPI: PM: (supports S0 S5)
[    0.990567] ACPI: Using IOAPIC for interrupt routing
[    0.991147] PCI: Using host bridge windows from ACPI; if necessary, use "pci=nocrs" and report a bug
[    0.991512] PCI: Using E820 reservations for host bridge windows
[    0.998555] ACPI: Enabled 2 GPEs in block 00 to 0F
[    1.034583] ACPI: PCI Root Bridge [PCI0] (domain 0000 [bus 00-ff])
[    1.035467] acpi PNP0A03:00: _OSC: OS supports [ASPM ClockPM Segments MSI HPX-Type3]
[    1.035922] acpi PNP0A03:00: _OSC: not requesting OS control; OS requires [ExtendedConfig ASPM ClockPM MSI]
[    1.036967] acpi PNP0A03:00: fail to add MMCONFIG information, can't access extended configuration space under this bridge
[    1.050180] acpiphp: Slot [3] registered
[    1.050504] acpiphp: Slot [4] registered
[    1.050771] acpiphp: Slot [5] registered
[    1.051022] acpiphp: Slot [6] registered
[    1.056723] acpiphp: Slot [7] registered
[    1.056945] acpiphp: Slot [8] registered
[    1.057204] acpiphp: Slot [9] registered
[    1.057480] acpiphp: Slot [10] registered
[    1.057736] acpiphp: Slot [11] registered
[    1.057988] acpiphp: Slot [12] registered
[    1.058236] acpiphp: Slot [13] registered
[    1.067090] acpiphp: Slot [14] registered
[    1.067546] acpiphp: Slot [15] registered
[    1.067994] acpiphp: Slot [16] registered
[    1.068258] acpiphp: Slot [17] registered
[    1.068557] acpiphp: Slot [18] registered
[    1.068818] acpiphp: Slot [19] registered
[    1.077120] acpiphp: Slot [20] registered
[    1.077467] acpiphp: Slot [21] registered
[    1.077721] acpiphp: Slot [22] registered
[    1.078010] acpiphp: Slot [23] registered
[    1.078302] acpiphp: Slot [24] registered
[    1.078567] acpiphp: Slot [25] registered
[    1.087128] acpiphp: Slot [26] registered
[    1.087501] acpiphp: Slot [27] registered
[    1.087750] acpiphp: Slot [28] registered
[    1.088008] acpiphp: Slot [29] registered
[    1.088305] acpiphp: Slot [30] registered
[    1.088556] acpiphp: Slot [31] registered
[    1.097364] PCI host bridge to bus 0000:00
[    1.098025] pci_bus 0000:00: root bus resource [io  0x0000-0x0cf7 window]
[    1.098401] pci_bus 0000:00: root bus resource [io  0x0d00-0xffff window]
[    1.098638] pci_bus 0000:00: root bus resource [mem 0x000a0000-0x000bffff window]
[    1.106964] pci_bus 0000:00: root bus resource [mem 0x08000000-0xfebfffff window]
[    1.107404] pci_bus 0000:00: root bus resource [mem 0x100000000-0x17fffffff window]
[    1.107915] pci_bus 0000:00: root bus resource [bus 00-ff]
[    1.109385] pci 0000:00:00.0: [8086:1237] type 00 class 0x060000 conventional PCI endpoint
[    1.127557] pci 0000:00:01.0: [8086:7000] type 00 class 0x060100 conventional PCI endpoint
[    1.128476] pci 0000:00:01.1: [8086:7010] type 00 class 0x010180 conventional PCI endpoint
[    1.131263] pci 0000:00:01.1: BAR 4 [io  0xc0e0-0xc0ef]
[    1.135487] pci 0000:00:01.1: BAR 0 [io  0x01f0-0x01f7]: legacy IDE quirk
[    1.135782] pci 0000:00:01.1: BAR 1 [io  0x03f6]: legacy IDE quirk
[    1.136038] pci 0000:00:01.1: BAR 2 [io  0x0170-0x0177]: legacy IDE quirk
[    1.136333] pci 0000:00:01.1: BAR 3 [io  0x0376]: legacy IDE quirk
[    1.146938] pci 0000:00:01.3: [8086:7113] type 00 class 0x068000 conventional PCI endpoint
[    1.147627] pci 0000:00:01.3: quirk: [io  0x0600-0x063f] claimed by PIIX4 ACPI
[    1.147934] pci 0000:00:01.3: quirk: [io  0x0700-0x070f] claimed by PIIX4 SMB
[    1.148781] pci 0000:00:02.0: [1234:1111] type 00 class 0x030000 conventional PCI endpoint
[    1.157624] pci 0000:00:02.0: BAR 0 [mem 0xfd000000-0xfdffffff pref]
[    1.159148] pci 0000:00:02.0: BAR 2 [mem 0xfeb90000-0xfeb90fff]
[    1.161820] pci 0000:00:02.0: ROM [mem 0xfeb80000-0xfeb8ffff pref]
[    1.167301] pci 0000:00:02.0: Video device with shadowed ROM at [mem 0x000c0000-0x000dffff]
[    1.168410] pci 0000:00:03.0: [1af4:1000] type 00 class 0x020000 conventional PCI endpoint
[    1.169748] pci 0000:00:03.0: BAR 0 [io  0xc080-0xc09f]
[    1.172247] pci 0000:00:03.0: BAR 4 [mem 0xfe000000-0xfe003fff 64bit pref]
[    1.178045] pci 0000:00:03.0: ROM [mem 0xfea80000-0xfeafffff pref]
[    1.183096] pci 0000:00:04.0: [1af4:1005] type 00 class 0x00ff00 conventional PCI endpoint
[    1.184945] pci 0000:00:04.0: BAR 0 [io  0xc0a0-0xc0bf]
[    1.187580] pci 0000:00:04.0: BAR 1 [mem 0xfeb91000-0xfeb91fff]
[    1.191409] pci 0000:00:04.0: BAR 4 [mem 0xfe004000-0xfe007fff 64bit pref]
[    1.196891] pci 0000:00:05.0: [1af4:1000] type 00 class 0x020000 conventional PCI endpoint
[    1.198743] pci 0000:00:05.0: BAR 0 [io  0xc0c0-0xc0df]
[    1.199899] pci 0000:00:05.0: BAR 1 [mem 0xfeb92000-0xfeb92fff]
[    1.202945] pci 0000:00:05.0: BAR 4 [mem 0xfe008000-0xfe00bfff 64bit pref]
[    1.203778] pci 0000:00:05.0: ROM [mem 0xfeb00000-0xfeb7ffff pref]
[    1.207637] pci 0000:00:06.0: [1af4:1001] type 00 class 0x010000 conventional PCI endpoint
[    1.212989] pci 0000:00:06.0: BAR 0 [io  0xc000-0xc07f]
[    1.213831] pci 0000:00:06.0: BAR 1 [mem 0xfeb93000-0xfeb93fff]
[    1.215809] pci 0000:00:06.0: BAR 4 [mem 0xfe00c000-0xfe00ffff 64bit pref]
[    1.224688] ACPI: PCI: Interrupt link LNKA configured for IRQ 10
[    1.225549] ACPI: PCI: Interrupt link LNKB configured for IRQ 10
[    1.226190] ACPI: PCI: Interrupt link LNKC configured for IRQ 11
[    1.226935] ACPI: PCI: Interrupt link LNKD configured for IRQ 11
[    1.227804] ACPI: PCI: Interrupt link LNKS configured for IRQ 9
[    1.240144] iommu: Default domain type: Translated
[    1.240376] iommu: DMA domain TLB invalidation policy: lazy mode
[    1.243055] SCSI subsystem initialized
[    1.244167] ACPI: bus type USB registered
[    1.244699] usbcore: registered new interface driver usbfs
[    1.246614] usbcore: registered new interface driver hub
[    1.247088] usbcore: registered new device driver usb
[    1.247638] pps_core: LinuxPPS API ver. 1 registered
[    1.247837] pps_core: Software ver. 5.3.6 - Copyright 2005-2007 Rodolfo Giometti <giometti@linux.it>
[    1.257151] PTP clock support registered
[    1.269347] PCI: Using ACPI for IRQ routing
[    1.271677] hpet0: at MMIO 0xfed00000, IRQs 2, 8, 0
[    1.271959] hpet0: 3 comparators, 64-bit 100.000000 MHz counter
[    1.277790] clocksource: Switched to clocksource tsc-early
[    1.280766] pnp: PnP ACPI init
[    1.284933] pnp: PnP ACPI: found 6 devices
[    1.298514] clocksource: acpi_pm: mask: 0xffffff max_cycles: 0xffffff, max_idle_ns: 2085701024 ns
[    1.299894] NET: Registered PF_INET protocol family
[    1.301097] IP idents hash table entries: 2048 (order: 2, 16384 bytes, linear)
[    1.306861] tcp_listen_portaddr_hash hash table entries: 256 (order: 0, 4096 bytes, linear)
[    1.309444] Table-perturb hash table entries: 65536 (order: 6, 262144 bytes, linear)
[    1.309859] TCP established hash table entries: 1024 (order: 1, 8192 bytes, linear)
[    1.310299] TCP bind hash table entries: 1024 (order: 3, 32768 bytes, linear)
[    1.320204] TCP: Hash tables configured (established 1024 bind 1024)
[    1.322140] MPTCP token hash table entries: 256 (order: 1, 6144 bytes, linear)
[    1.322680] UDP hash table entries: 256 (order: 1, 8192 bytes, linear)
[    1.323120] UDP-Lite hash table entries: 256 (order: 1, 8192 bytes, linear)
[    1.332541] NET: Registered PF_UNIX/PF_LOCAL protocol family
[    1.333759] pci_bus 0000:00: resource 4 [io  0x0000-0x0cf7 window]
[    1.334005] pci_bus 0000:00: resource 5 [io  0x0d00-0xffff window]
[    1.334226] pci_bus 0000:00: resource 6 [mem 0x000a0000-0x000bffff window]
[    1.342011] pci_bus 0000:00: resource 7 [mem 0x08000000-0xfebfffff window]
[    1.342395] pci_bus 0000:00: resource 8 [mem 0x100000000-0x17fffffff window]
[    1.343169] pci 0000:00:01.0: PIIX3: Enabling Passive Release
[    1.353286] pci 0000:00:00.0: Limiting direct PCI/PCI transfers
[    1.353688] PCI: CLS 0 bytes, default 64
[    1.373801] workingset: timestamp_bits=46 max_order=15 bucket_order=0
[    1.376462] squashfs: version 4.0 (2009/01/31) Phillip Lougher
[    1.379353] Block layer SCSI generic (bsg) driver version 0.4 loaded (major 247)
[    1.383227] hv_vmbus: registering driver hyperv_fb
[    1.388306] input: Power Button as /devices/LNXSYSTM:00/LNXPWRBN:00/input/input0
[    1.397129] ACPI: button: Power Button [PWRF]
[    1.558828] ACPI: \_SB_.LNKC: Enabled at IRQ 11
[    1.712444] ACPI: \_SB_.LNKD: Enabled at IRQ 10
[    1.879755] ACPI: \_SB_.LNKA: Enabled at IRQ 10
[    2.075129] ACPI: \_SB_.LNKB: Enabled at IRQ 11
[    2.077429] Serial: 8250/16550 driver, 16 ports, IRQ sharing enabled
[    2.103976] 00:04: ttyS0 at I/O 0x3f8 (irq = 4, base_baud = 115200) is a 16550A
[    2.137324] Non-volatile memory driver v1.3
[    2.150770] Linux agpgart interface v0.103
[    2.151844] ACPI: bus type drm_connector registered
[    2.154699] [drm] Found bochs VGA, ID 0xb0c5.
[    2.154909] [drm] Framebuffer size 16384 kB @ 0xfd000000, mmio @ 0xfeb90000.
[    2.162343] [drm] Found EDID data blob.
[    2.167933] [drm] Initialized bochs-drm 1.0.0 for 0000:00:02.0 on minor 0
[    2.236522] Console: switching to colour frame buffer device 160x50
[    2.247544] bochs-drm 0000:00:02.0: [drm] fb0: bochs-drmdrmfb frame buffer device
[    2.286594] loop: module loaded
[    2.287281] virtio_blk virtio3: 1/0/0 default/read/poll queues
[    2.291845] virtio_blk virtio3: [vda] 246784 512-byte logical blocks (126 MB/121 MiB)
[    2.301307]  vda: vda1 vda2
[    2.303436] Guest personality initialized and is inactive
[    2.304074] VMCI host device registered (name=vmci, major=10, minor=256)
[    2.304361] Initialized host personality
[    2.304749] usbcore: registered new interface driver rtsx_usb
[    2.313065] VMware PVSCSI driver - version 1.0.7.0-k
[    2.313397] hv_vmbus: registering driver hv_storvsc
[    2.330114] scsi host0: ata_piix
[    2.332677] scsi host1: ata_piix
[    2.333591] ata1: PATA max MWDMA2 cmd 0x1f0 ctl 0x3f6 bmdma 0xc0e0 irq 14 lpm-pol 0
[    2.333916] ata2: PATA max MWDMA2 cmd 0x170 ctl 0x376 bmdma 0xc0e8 irq 15 lpm-pol 0
[    2.343603] VMware vmxnet3 virtual NIC driver - version 1.9.0.0-k-NAPI
[    2.344196] hv_vmbus: registering driver hv_netvsc
[    2.344610] Fusion MPT base driver 3.04.20
[    2.344779] Copyright (c) 1999-2008 LSI Corporation
[    2.345149] Fusion MPT SPI Host driver 3.04.20
[    2.354679] Fusion MPT SAS Host driver 3.04.20
[    2.356958] usbcore: registered new interface driver usb-storage
[    2.358211] i8042: PNP: PS/2 Controller [PNP0303:KBD,PNP0f13:MOU] at 0x60,0x64 irq 1,12
[    2.361523] serio: i8042 KBD port at 0x60,0x64 irq 1
[    2.361908] serio: i8042 AUX port at 0x60,0x64 irq 12
[    2.368680] hv_vmbus: registering driver hyperv_keyboard
[    2.371078] rtc_cmos 00:05: RTC can wake from S4
[    2.376165] rtc_cmos 00:05: registered as rtc0
[    2.378955] rtc_cmos 00:05: setting system clock to 2026-04-05T01:51:55 UTC (1775353915)
[    2.381390] rtc_cmos 00:05: alarms up to one day, y3k, 242 bytes nvram, hpet irqs
[    2.384020] intel_powerclamp: CPU does not support MWAIT
[    2.386318] amd_pstate: the _CPC object is not present in SBIOS or ACPI disabled
[    2.389966] sdhci: Secure Digital Host Controller Interface driver
[    2.391886] sdhci: Copyright(c) Pierre Ossman
[    2.394196] VUB300 Driver rom wait states = 1C irqpoll timeout = 0400
[    2.401046] input: AT Translated Set 2 keyboard as /devices/platform/i8042/serio0/input/input1
[    2.423706] usbcore: registered new interface driver vub300
[    2.426018] usbcore: registered new interface driver ushc
[    2.433560] hid: raw HID events driver (C) Jiri Kosina
[    2.436351] hv_vmbus: registering driver hid_hyperv
[    2.439050] usbcore: registered new interface driver usbhid
[    2.441008] usbhid: USB HID core driver
[    2.443074] hv_utils: Registering HyperV Utility Driver
[    2.445041] hv_vmbus: registering driver hv_utils
[    2.447408] hv_vmbus: registering driver hv_balloon
[    2.450891] NET: Registered PF_INET6 protocol family
[    2.458509] tsc: Refined TSC clocksource calibration: 2445.423 MHz
[    2.460892] clocksource: tsc: mask: 0xffffffffffffffff max_cycles: 0x233fd4ff307, max_idle_ns: 440795280170 ns
[    2.464224] clocksource: Switched to clocksource tsc
[    2.477126] Segment Routing with IPv6
[    2.479254] In-situ OAM (IOAM) with IPv6
[    2.481668] NET: Registered PF_PACKET protocol family
[    2.484080] bridge: filtering via arp/ip/ip6tables is no longer available by default. Update your scripts to load br_netfilter if you need this.
[    2.493509] 8021q: 802.1Q VLAN Support v1.8
[    2.496114] NET: Registered PF_VSOCK protocol family
[    2.504925] IPI shorthand broadcast: enabled
[    2.511712] AES CTR mode by8 optimization enabled
[    2.533682] sched_clock: Marking stable (2270078439, 255385890)->(2531006955, -5542626)
[    2.575809] ata2: found unknown device (class 0)
[    2.584247] ata2.00: ATAPI: QEMU DVD-ROM, 2.5+, max UDMA/100
[    2.608058] scsi 1:0:0:0: CD-ROM            QEMU     QEMU DVD-ROM     2.5+ PQ: 0 ANSI: 5
[    2.645649] clk: Disabling unused clocks
[    2.687435] sr 1:0:0:0: [sr0] scsi3-mmc drive: 4x/4x cd/rw xa/form2 tray
[    2.689931] cdrom: Uniform CD-ROM driver Revision: 3.20
[    2.749087] VFS: Mounted root (squashfs filesystem) readonly on device 254:2.
[    2.818839] Freeing unused kernel image (initmem) memory: 1496K
[    2.821404] Write protecting the kernel read-only data: 18432k
[    2.824603] Freeing unused kernel image (rodata/data gap) memory: 112K
[    2.827265] Run /sbin/init as init process
[    3.145610] init: Console is alive
[    3.741194] kmodloader: loading kernel modules from /etc/modules-boot.d/*
[    3.808668] button_hotplug: loading out-of-tree module taints kernel.
[    3.815101] Button Hotplug driver version 0.4.1
[    3.835340] Intel(R) 2.5G Ethernet Linux Driver
[    3.837881] Copyright(c) 2018 Intel Corporation.
[    3.853148] igb: Intel(R) Gigabit Ethernet Network Driver
[    3.855674] igb: Copyright (c) 2007-2014 Intel Corporation.
[    3.872622] e1000e: Intel(R) PRO/1000 Network Driver
[    3.875048] e1000e: Copyright(c) 1999 - 2015 Intel Corporation.
[    3.894074] kmodloader: done loading kernel modules from /etc/modules-boot.d/*
[    3.906351] init: - preinit -
[    4.910994] 8021q: adding VLAN 0 to HW filter on device eth0
Press the [f] key and hit [enter] to enter failsafe mode
Press the [1], [2], [3] or [4] key and hit [enter] to select the debug level
[    9.527238] loop0: detected capacity change from 0 to 212992
[    9.575971] loop0: detected capacity change from 212992 to 201728
[    9.588978] mount_root: overlay filesystem in /dev/loop0 has not been formatted yet
[    9.916972] EXT4-fs (loop0): mounted filesystem 0154b8c3-96a4-4d85-804c-00ee2c37d6fb r/w with ordered data mode. Quota mode: disabled.
[    9.930561] mount_root: overlay filesystem has not been fully initialized yet
[    9.948456] mount_root: switching to ext4 overlay
[    9.969257] overlayfs: null uuid detected in lower fs '/', falling back to xino=off,index=off,nfs_export=off.
[   10.709165] EXT4-fs (vda1): mounted filesystem 84173db5-fa99-e35a-95c6-28613cc79ea9 r/w without journal. Quota mode: disabled.
[   10.732780] urandom-seed: Seed file not found (/etc/urandom.seed)
[   10.869346] procd: - early -
[   11.612985] procd: - ubus -
[   11.730308] procd: - init -
Please press Enter to activate this console.
root
login[1051]: root login on 'ttyS0'


BusyBox v1.37.0 (2026-01-02 17:07:02 UTC) built-in shell (ash)

  _______                     ________        __
 |       |.-----.-----.-----.|  |  |  |.----.|  |_
 |   -   ||  _  |  -__|     ||  |  |  ||   _||   _|
 |_______||   __|_____|__|__||________||__|  |____|
          |__| W I R E L E S S   F R E E D O M
 -----------------------------------------------------
 OpenWrt SNAPSHOT, r33768-acf9796d7d
 -----------------------------------------------------

 === WARNING! =====================================
 There is no root password defined on this device!
 Use the "passwd" command to set up a new password
 in order to prevent unauthorized SSH logins.
 --------------------------------------------------

root@(none):~# dmesg -n 1
root@(none):~# echo 'VCCL''VXFMFX'
VCCLVXFMFX
root@(none):~# run() { echo -n "$MARKER"; sh -c "$@"; echo "$MARKER $?"; }
root@(none):~# echo 'KKFP''NTFBTT'
KKFPNTFBTT
root@(none):~# MARKER='VSPS''CKFKQN' run 'ubus wait_for network.interface.lan'
VSPSCKFKQNVSPSCKFKQN 0
root@OpenWrt:~# echo 'ZPJM''CXSNSZ'
ZPJMCXSNSZ
root@OpenWrt:~# MARKER='FQNH''LGTOUP' run 'ubus call network.interface.lan statu
s '"'"'{}'"'"''
FQNHLGTOUP{
	"up": true,
	"pending": false,
	"available": true,
	"autostart": true,
	"dynamic": false,
	"uptime": 1,
	"l3_device": "br-lan",
	"proto": "static",
	"device": "br-lan",
	"updated": [
		"addresses"
	],
	"metric": 0,
	"dns_metric": 0,
	"delegation": true,
	"ipv4-address": [
		{
			"address": "192.168.1.1",
			"mask": 24
		}
	],
	"ipv6-address": [
		
	],
	"ipv6-prefix": [
		
	],
	"ipv6-prefix-assignment": [
		{
			"address": "fd1a:19b7:c61a::",
			"mask": 60,
			"local-address": {
				"address": "fd1a:19b7:c61a::1",
				"mask": 60
			}
		}
	],
	"route": [
		
	],
	"dns-server": [
		
	],
	"dns-search": [
		
	],
	"neighbors": [
		
	],
	"inactive": {
		"ipv4-address": [
			
		],
		"ipv6-address": [
			
		],
		"route": [
			
		],
		"dns-server": [
			
		],
		"dns-search": [
			
		],
		"neighbors": [
			
		]
	},
	"data": {
		
	}
}
FQNHLGTOUP 0
root@OpenWrt:~# echo 'UGNL''ONFVZG'
UGNLONFVZG
root@OpenWrt:~# MARKER='KVAO''OXKNFP' run true
KVAOOXKNFPKVAOOXKNFP 0
root@OpenWrt:~# echo 'JWWW''OSHPSU'
JWWWOSHPSU
root@OpenWrt:~# MARKER='LGHY''OAJXNV' run 'source /etc/os-release; echo $BUILD_I
D'
LGHYOAJXNVr33768-acf9796d7d
LGHYOAJXNV 0
root@OpenWrt:~# echo 'BZKS''EOCCPZ'
BZKSEOCCPZ
root@OpenWrt:~# MARKER='TYNK''EOUMLF' run 'ls /etc/dropbear/dropbear_rsa_host_ke
y'
TYNKEOUMLF[0;0m/etc/dropbear/dropbear_rsa_host_key[m
TYNKEOUMLF 0
root@OpenWrt:~# echo 'UTOG''CXPJKJ'
UTOGCXPJKJ
root@OpenWrt:~# MARKER='SHTW''VUJQFT' run 'netstat -tlpn | grep 0.0.0.0:22'
SHTWVUJQFTtcp        0      0 0.0.0.0:22              0.0.0.0:*               LISTEN      1734/dropbear
SHTWVUJQFT 0
root@OpenWrt:~# echo 'VFFW''CJUHOX'
VFFWCJUHOX
root@OpenWrt:~# MARKER='GEJJ''WKYTPK' run 'dmesg | grep br-lan | grep forwarding
'
GEJJWKYTPK[   31.076170] br-lan: port 1(eth0) entered forwarding state
GEJJWKYTPK 0
root@OpenWrt:~# echo 'QZPW''PXASFK'
QZPWPXASFK
root@OpenWrt:~# MARKER='GSYA''HHQFUJ' run 'ubus call network.interface.lan statu
s '"'"'{}'"'"''
GSYAHHQFUJ{
	"up": true,
	"pending": false,
	"available": true,
	"autostart": true,
	"dynamic": false,
	"uptime": 23,
	"l3_device": "br-lan",
	"proto": "static",
	"device": "br-lan",
	"updated": [
		"addresses"
	],
	"metric": 0,
	"dns_metric": 0,
	"delegation": true,
	"ipv4-address": [
		{
			"address": "192.168.1.1",
			"mask": 24
		}
	],
	"ipv6-address": [
		
	],
	"ipv6-prefix": [
		
	],
	"ipv6-prefix-assignment": [
		{
			"address": "fd1a:19b7:c61a::",
			"mask": 60,
			"local-address": {
				"address": "fd1a:19b7:c61a::1",
				"mask": 60
			}
		}
	],
	"route": [
		
	],
	"dns-server": [
		
	],
	"dns-search": [
		
	],
	"neighbors": [
		
	],
	"inactive": {
		"ipv4-address": [
			
		],
		"ipv6-address": [
			
		],
		"route": [
			
		],
		"dns-server": [
			
		],
		"dns-search": [
			
		],
		"neighbors": [
			
		]
	},
	"data": {
		
	}
}
GSYAHHQFUJ 0
root@OpenWrt:~# echo 'OWJK''XTVGTE'
OWJKXTVGTE
root@OpenWrt:~# MARKER='HLZJ''KGFOQO' run 'ip -o addr show dev br-lan'
HLZJKGFOQO4: br-lan    inet 192.168.1.1/24 brd 192.168.1.255 scope global br-lan\       valid_lft forever preferred_lft forever
4: br-lan    inet6 fd1a:19b7:c61a::1/60 scope global noprefixroute \       valid_lft forever preferred_lft forever
4: br-lan    inet6 fe80::5054:ff:fe12:3456/64 scope link \       valid_lft forever preferred_lft forever
HLZJKGFOQO 0
root@OpenWrt:~# echo 'NCSF''JWFLNP'
NCSFJWFLNP
root@OpenWrt:~# MARKER='FVCN''KFPVJH' run 'ubus call network.interface.wan statu
s '"'"'{}'"'"''
FVCNKFPVJH{
	"up": true,
	"pending": false,
	"available": true,
	"autostart": true,
	"dynamic": false,
	"uptime": 20,
	"l3_device": "eth1",
	"proto": "dhcp",
	"device": "eth1",
	"updated": [
		"addresses",
		"routes",
		"data"
	],
	"metric": 0,
	"dns_metric": 0,
	"delegation": true,
	"ipv4-address": [
		{
			"address": "10.0.2.15",
			"mask": 24
		}
	],
	"ipv6-address": [
		
	],
	"ipv6-prefix": [
		
	],
	"ipv6-prefix-assignment": [
		
	],
	"route": [
		{
			"target": "0.0.0.0",
			"mask": 0,
			"nexthop": "10.0.2.2",
			"source": "10.0.2.15/32"
		}
	],
	"dns-server": [
		"10.0.2.3"
	],
	"dns-search": [
		
	],
	"neighbors": [
		
	],
	"inactive": {
		"ipv4-address": [
			
		],
		"ipv6-address": [
			
		],
		"route": [
			
		],
		"dns-server": [
			
		],
		"dns-search": [
			
		],
		"neighbors": [
			
		]
	},
	"data": {
		"dhcpserver": "10.0.2.2",
		"leasetime": 86400
	}
}
FVCNKFPVJH 0
root@OpenWrt:~# 