Labgrid Console Logfile for main
Logfile started at 2026-03-26 02:15:31.945756
=== Log starts here ===
c[?7l[2J[0mSeaBIOS (version 1.16.3-debian-1.16.3-2)


iPXE (https://ipxe.org) 00:03.0 CA00 PCI2.10 PnP PMM+06FCAE70+06F0AE70 CA00
Press Ctrl-B to configure iPXE (PCI 00:03.0)...                                                                               




iPXE (https://ipxe.org) 00:05.0 CB00 PCI2.10 PnP PMM 06FCAE70 06F0AE70 CB00
Press Ctrl-B to configure iPXE (PCI 00:05.0)...                                                                               


Booting from Hard Disk...
GRUB loading.....
[0;30;47mWelcome to GRUB![01;01H[0m[2J[H[J[1;1H[?25l[m[H[J[1;1H[2;30HGNU GRUB  version 2.12

[m[4;2H+----------------------------------------------------------------------------+[5;2H|[5;79H|[6;2H|[6;79H|[7;2H|[7;79H|[8;2H|[8;79H|[9;2H|[9;79H|[10;2H|[10;79H|[11;2H|[11;79H|[12;2H|[12;79H|[13;2H|[13;79H|[14;2H|[14;79H|[15;2H|[15;79H|[16;2H+----------------------------------------------------------------------------+[m[17;2H[18;2H[m     Use the ^ and v keys to select which entry is highlighted.          
      Press enter to boot the selected OS, `e' to edit the commands       
      before booting or `c' for a command-line. ESC to return             
      previous menu.                                                      [5;80H [7m[5;3H*OpenWrt                                                                    [m[5;78H[m[m[6;3H OpenWrt (failsafe)                                                         [m[6;78H[m[m[7;3H                                                                            [m[7;78H[m[m[8;3H                                                                            [m[8;78H[m[m[9;3H                                                                            [m[9;78H[m[m[10;3H                                                                            [m[10;78H[m[m[11;3H                                                                            [m[11;78H[m[m[12;3H                                                                            [m[12;78H[m[m[13;3H                                                                            [m[13;78H[m[m[14;3H                                                                            [m[14;78H[m[m[15;3H                                                                            [m[15;78H[m[15;80H [5;78H[2J[02;30HGNU GRUB  version 2.12[04;02H┌────────────────────────────────────────────────────────────────────────────┐[05;02H│[05;79H│[06;02H│[06;79H│[07;02H│[07;79H│[08;02H│[08;79H│[09;02H│[09;79H│[10;02H│[10;79H│[11;02H│[11;79H│[12;02H│[12;79H│[13;02H│[13;79H│[13;79H[14;02H│[14;79H│[15;02H│[15;79H│[16;02H│[16;79H│[17;02H└────────────────────────────────────────────────────────────────────────────┘[19;02H     Use the ↑ and ↓ keys to select which entry is highlighted.          
      Press enter to boot the selected OS, `e' to edit the commands       
      before booting or `c' for a command-line. ESC to return             
      previous [22;15H[22;16Hmenu.                                                      [05;80H [05;03H[0;30;47m*OpenWrt                                                                    [06;03H[0m OpenWrt (failsafe)                                                         [07;03H                                                                            [08;03H                                                                            [09;03H                                                                            [10;03H                                                                            [11;03H                                                                            [12;03H                                                                            [13;03H                                                                            [14;03H                                                                         [14;75H[14;76H   [15;03H                                                                            [16;03H                                                                            [16;80H 






   The highlighted entry will be executed automatically in 5s.                [22;1H   The highlighted entry will be executed automatically in 5s.                 [5;78H [05;78H

















   The highlighted entry will be executed automatically in 4s.                [22;1H   The highlighted entry will be executed automatically in 4s.                 [5;78H [05;78H

















   The highlighted entry will be executed automatically in 3s.                [22;1H   The highlighted entry will be executed automatically in 3s.                 [5;78H [05;78H

















   The highlighted entry will be executed automatically in 2[23;60H[23;61Hs.                [22;1H   The highlighted entry will be executed automatically in 2s.                 [5;78H [05;78H

















   The highlighted entry[23;24H[23;25H will be executed automatically in 1s.                [22;1H   The highlighted entry will be executed automatically in 1s.                 [5;78H [05;78H

















   The highlighted entry will be executed automatically in 0s.                [22;1H   The highlighted entry will be executed automatically in 0s.                 [5;78H [01;01H[2J[?25h[H[J[1;1H[H[J[1;1H[2J   Booting `OpenWrt' Booting `OpenWrt

'

[    0.000000] Linux version 6.12.77 (builder@buildhost) (x86_64-openwrt-linux-musl-gcc (OpenWrt GCC 14.3.0 r33549-20d6296141) 14.3.0, GNU ld (GNU Binutils) 2.44) #0 SMP Wed Mar 25 13:00:49 2026
[    0.000000] Command line: BOOT_IMAGE=/boot/vmlinuz root=PARTUUID=254bb9d0-02 rootwait console=tty1 console=ttyS0,115200n8 noinitrd
[    0.000000] BIOS-provided physical RAM map:
[    0.000000] BIOS-e820: [mem 0x0000000000000000-0x000000000009fbff] usable
[    0.000000] BIOS-e820: [mem 0x000000000009fc00-0x000000000009ffff] reserved
[    0.000000] BIOS-e820: [mem 0x00000000000f0000-0x00000000000fffff] reserved
[    0.000000] BIOS-e820: [mem 0x0000000000100000-0x0000000007fdcfff] usable
[    0.000000] BIOS-e820: [mem 0x0000000007fdd000-0x0000000007ffffff] reserved
[    0.000000] BIOS-e820: [mem 0x00000000fffc0000-0x00000000ffffffff] reserved
[    0.000000] BIOS-e820: [mem 0x000000fd00000000-0x000000ffffffffff] reserved
[    0.000000] NX (Execute Disable) protection: active
[    0.000000] APIC: Static calls initialized
[    0.000000] SMBIOS 3.0.0 present.
[    0.000000] DMI: QEMU Standard PC (i440FX + PIIX, 1996), BIOS 1.16.3-debian-1.16.3-2 04/01/2014
[    0.000000] DMI: Memory slots populated: 1/1
[    0.000000] tsc: Fast TSC calibration using PIT
[    0.000000] tsc: Detected 2445.405 MHz processor
[    0.007443] last_pfn = 0x7fdd max_arch_pfn = 0x400000000
[    0.008075] MTRR map: 4 entries (3 fixed + 1 variable; max 19), built from 8 variable MTRRs
[    0.008252] x86/PAT: Configuration [0-7]: WB  WC  UC- UC  WB  WP  UC- WT  
[    0.026658] found SMP MP-table at [mem 0x000f5460-0x000f546f]
[    0.028088] Using GB pages for direct mapping
[    0.032773] ACPI: Early table checksum verification disabled
[    0.033142] ACPI: RSDP 0x00000000000F5290 000014 (v00 BOCHS )
[    0.033456] ACPI: RSDT 0x0000000007FE1C64 000034 (v01 BOCHS  BXPC     00000001 BXPC 00000001)
[    0.033997] ACPI: FACP 0x0000000007FE1B18 000074 (v01 BOCHS  BXPC     00000001 BXPC 00000001)
[    0.034591] ACPI: DSDT 0x0000000007FE0040 001AD8 (v01 BOCHS  BXPC     00000001 BXPC 00000001)
[    0.034665] ACPI: FACS 0x0000000007FE0000 000040
[    0.034715] ACPI: APIC 0x0000000007FE1B8C 000078 (v03 BOCHS  BXPC     00000001 BXPC 00000001)
[    0.034737] ACPI: HPET 0x0000000007FE1C04 000038 (v01 BOCHS  BXPC     00000001 BXPC 00000001)
[    0.034756] ACPI: WAET 0x0000000007FE1C3C 000028 (v01 BOCHS  BXPC     00000001 BXPC 00000001)
[    0.034845] ACPI: Reserving FACP table memory at [mem 0x7fe1b18-0x7fe1b8b]
[    0.034899] ACPI: Reserving DSDT table memory at [mem 0x7fe0040-0x7fe1b17]
[    0.034907] ACPI: Reserving FACS table memory at [mem 0x7fe0000-0x7fe003f]
[    0.034913] ACPI: Reserving APIC table memory at [mem 0x7fe1b8c-0x7fe1c03]
[    0.034919] ACPI: Reserving HPET table memory at [mem 0x7fe1c04-0x7fe1c3b]
[    0.034925] ACPI: Reserving WAET table memory at [mem 0x7fe1c3c-0x7fe1c63]
[    0.038039] Zone ranges:
[    0.038068]   DMA      [mem 0x0000000000001000-0x0000000000ffffff]
[    0.038150]   DMA32    [mem 0x0000000001000000-0x0000000007fdcfff]
[    0.038161]   Normal   empty
[    0.038180] Movable zone start for each node
[    0.038214] Early memory node ranges
[    0.038241]   node   0: [mem 0x0000000000001000-0x000000000009efff]
[    0.038298]   node   0: [mem 0x0000000000100000-0x0000000007fdcfff]
[    0.038421] Initmem setup node 0 [mem 0x0000000000001000-0x0000000007fdcfff]
[    0.039477] On node 0, zone DMA: 1 pages in unavailable ranges
[    0.039978] On node 0, zone DMA: 97 pages in unavailable ranges
[    0.042199] On node 0, zone DMA32: 35 pages in unavailable ranges
[    0.042558] ACPI: PM-Timer IO Port: 0x608
[    0.042983] ACPI: LAPIC_NMI (acpi_id[0xff] dfl dfl lint[0x1])
[    0.043417] IOAPIC[0]: apic_id 0, version 32, address 0xfec00000, GSI 0-23
[    0.043535] ACPI: INT_SRC_OVR (bus 0 bus_irq 0 global_irq 2 dfl dfl)
[    0.043794] ACPI: INT_SRC_OVR (bus 0 bus_irq 5 global_irq 5 high level)
[    0.043861] ACPI: INT_SRC_OVR (bus 0 bus_irq 9 global_irq 9 high level)
[    0.043961] ACPI: INT_SRC_OVR (bus 0 bus_irq 10 global_irq 10 high level)
[    0.043971] ACPI: INT_SRC_OVR (bus 0 bus_irq 11 global_irq 11 high level)
[    0.044153] ACPI: Using ACPI (MADT) for SMP configuration information
[    0.044198] ACPI: HPET id: 0x8086a201 base: 0xfed00000
[    0.044606] CPU topo: Max. logical packages:   1
[    0.044622] CPU topo: Max. logical dies:       1
[    0.044631] CPU topo: Max. dies per package:   1
[    0.044678] CPU topo: Max. threads per core:   1
[    0.044847] CPU topo: Num. cores per package:     1
[    0.044864] CPU topo: Num. threads per package:   1
[    0.044873] CPU topo: Allowing 1 present CPUs plus 0 hotplug CPUs
[    0.046061] [mem 0x08000000-0xfffbffff] available for PCI devices
[    0.046132] Booting paravirtualized kernel on bare hardware
[    0.046445] clocksource: refined-jiffies: mask: 0xffffffff max_cycles: 0xffffffff, max_idle_ns: 19112604462750000 ns
[    0.047133] setup_percpu: NR_CPUS:512 nr_cpumask_bits:1 nr_cpu_ids:1 nr_node_ids:1
[    0.049168] percpu: Embedded 50 pages/cpu s166808 r8192 d29800 u2097152
[    0.051484] Kernel command line: BOOT_IMAGE=/boot/vmlinuz root=PARTUUID=254bb9d0-02 rootwait console=tty1 console=ttyS0,115200n8 noinitrd
[    0.053145] random: crng init done
[    0.057783] Dentry cache hash table entries: 16384 (order: 5, 131072 bytes, linear)
[    0.058737] Inode-cache hash table entries: 8192 (order: 4, 65536 bytes, linear)
[    0.061437] Built 1 zonelists, mobility grouping on.  Total pages: 32635
[    0.061663] mem auto-init: stack:off, heap alloc:off, heap free:off
[    0.071565] SLUB: HWalign=64, Order=0-3, MinObjects=0, CPUs=1, Nodes=1
[    0.079524] rcu: Hierarchical RCU implementation.
[    0.079554] rcu: 	RCU restricting CPUs from NR_CPUS=512 to nr_cpu_ids=1.
[    0.079705] 	Tracing variant of Tasks RCU enabled.
[    0.079802] rcu: RCU calculated value of scheduler-enlistment delay is 10 jiffies.
[    0.079850] rcu: Adjusting geometry for rcu_fanout_leaf=16, nr_cpu_ids=1
[    0.081059] RCU Tasks Trace: Setting shift to 0 and lim to 1 rcu_task_cb_adjust=1 rcu_task_cpu_ids=1.
[    0.081191] NR_IRQS: 33024, nr_irqs: 256, preallocated irqs: 16
[    0.089998] rcu: srcu_init: Setting srcu_struct sizes based on contention.
[    0.097205] Console: colour VGA+ 80x25
[    0.097638] printk: legacy console [tty1] enabled
[    0.105961] printk: legacy console [ttyS0] enabled
[    0.349726] ACPI: Core revision 20240827
[    0.355050] clocksource: hpet: mask: 0xffffffff max_cycles: 0xffffffff, max_idle_ns: 19112604467 ns
[    0.364731] APIC: Switch to symmetric I/O mode setup
[    0.369166] ..TIMER: vector=0x30 apic1=0 pin1=2 apic2=-1 pin2=-1
[    0.411524] clocksource: tsc-early: mask: 0xffffffffffffffff max_cycles: 0x233fc3b4c22, max_idle_ns: 440795229441 ns
[    0.412326] Calibrating delay loop (skipped), value calculated using timer frequency.. 4890.81 BogoMIPS (lpj=24454050)
[    0.414319] x86/cpu: User Mode Instruction Prevention (UMIP) activated
[    0.432421] Last level iTLB entries: 4KB 0, 2MB 0, 4MB 0
[    0.432849] Last level dTLB entries: 4KB 0, 2MB 0, 4MB 0, 1GB 0
[    0.434027] Spectre V1 : Mitigation: usercopy/swapgs barriers and __user pointer sanitization
[    0.435087] Spectre V2 : Mitigation: Retpolines
[    0.435338] Spectre V2 : Spectre v2 / SpectreRSB: Filling RSB on context switch and VMEXIT
[    0.435805] Speculative Store Bypass: Vulnerable
[    0.444376] x86/fpu: Supporting XSAVE feature 0x001: 'x87 floating point registers'
[    0.449154] x86/fpu: Supporting XSAVE feature 0x002: 'SSE registers'
[    0.449473] x86/fpu: Supporting XSAVE feature 0x004: 'AVX registers'
[    0.453348] x86/fpu: Supporting XSAVE feature 0x008: 'MPX bounds registers'
[    0.454788] x86/fpu: Supporting XSAVE feature 0x010: 'MPX CSR'
[    0.455495] x86/fpu: xstate_offset[2]:  576, xstate_sizes[2]:  256
[    0.455942] x86/fpu: xstate_offset[3]:  960, xstate_sizes[3]:   64
[    0.456201] x86/fpu: xstate_offset[4]: 1024, xstate_sizes[4]:   64
[    0.462381] x86/fpu: Enabled xstate features 0x1f, context size is 1088 bytes, using 'standard' format.
[    0.686816] Freeing SMP alternatives memory: 40K
[    0.687670] pid_max: default: 32768 minimum: 301
[    0.696954] Mount-cache hash table entries: 512 (order: 0, 4096 bytes, linear)
[    0.697370] Mountpoint-cache hash table entries: 512 (order: 0, 4096 bytes, linear)
[    0.849477] smpboot: CPU0: AMD QEMU TCG CPU version 2.5+ (family: 0x6, model: 0x6, stepping: 0x3)
[    0.878828] Performance Events: PMU not available due to virtualization, using software events only.
[    0.880371] signal: max sigframe size: 1616
[    0.882324] rcu: Hierarchical SRCU implementation.
[    0.882584] rcu: 	Max phase no-delay instances is 1000.
[    0.887708] smp: Bringing up secondary CPUs ...
[    0.891798] smp: Brought up 1 node, 1 CPU
[    0.893208] smpboot: Total of 1 processors activated (4890.81 BogoMIPS)
[    0.900198] Memory: 103200K/130540K available (14336K kernel code, 1166K rwdata, 3980K rodata, 1496K init, 1312K bss, 25628K reserved, 0K cma-reserved)
[    0.913594] clocksource: jiffies: mask: 0xffffffff max_cycles: 0xffffffff, max_idle_ns: 19112604462750000 ns
[    0.914506] futex hash table entries: 256 (order: 2, 16384 bytes, linear)
[    0.915832] pinctrl core: initialized pinctrl subsystem
[    0.935423] NET: Registered PF_NETLINK/PF_ROUTE protocol family
[    0.941766] thermal_sys: Registered thermal governor 'step_wise'
[    0.941821] thermal_sys: Registered thermal governor 'user_space'
[    0.942996] cpuidle: using governor ladder
[    0.943567] cpuidle: using governor menu
[    0.947591] acpiphp: ACPI Hot Plug PCI Controller Driver version: 0.5
[    0.950470] PCI: Using configuration type 1 for base access
[    0.960065] cryptd: max_cpu_qlen set to 1000
[    0.966528] ACPI: Added _OSI(Module Device)
[    0.966779] ACPI: Added _OSI(Processor Device)
[    0.966979] ACPI: Added _OSI(Processor Aggregator Device)
[    0.981305] ACPI: 1 ACPI AML tables successfully acquired and loaded
[    0.998452] ACPI: Interpreter enabled
[    0.999341] ACPI: PM: (supports S0 S5)
[    0.999578] ACPI: Using IOAPIC for interrupt routing
[    1.000223] PCI: Using host bridge windows from ACPI; if necessary, use "pci=nocrs" and report a bug
[    1.000636] PCI: Using E820 reservations for host bridge windows
[    1.004229] ACPI: Enabled 2 GPEs in block 00 to 0F
[    1.044430] ACPI: PCI Root Bridge [PCI0] (domain 0000 [bus 00-ff])
[    1.045410] acpi PNP0A03:00: _OSC: OS supports [ASPM ClockPM Segments MSI HPX-Type3]
[    1.045907] acpi PNP0A03:00: _OSC: not requesting OS control; OS requires [ExtendedConfig ASPM ClockPM MSI]
[    1.046828] acpi PNP0A03:00: fail to add MMCONFIG information, can't access extended configuration space under this bridge
[    1.056813] acpiphp: Slot [3] registered
[    1.057176] acpiphp: Slot [4] registered
[    1.057459] acpiphp: Slot [5] registered
[    1.057730] acpiphp: Slot [6] registered
[    1.062526] acpiphp: Slot [7] registered
[    1.064296] acpiphp: Slot [8] registered
[    1.064579] acpiphp: Slot [9] registered
[    1.064850] acpiphp: Slot [10] registered
[    1.065160] acpiphp: Slot [11] registered
[    1.065441] acpiphp: Slot [12] registered
[    1.072527] acpiphp: Slot [13] registered
[    1.073009] acpiphp: Slot [14] registered
[    1.073471] acpiphp: Slot [15] registered
[    1.073771] acpiphp: Slot [16] registered
[    1.074048] acpiphp: Slot [17] registered
[    1.074328] acpiphp: Slot [18] registered
[    1.074605] acpiphp: Slot [19] registered
[    1.082507] acpiphp: Slot [20] registered
[    1.082941] acpiphp: Slot [21] registered
[    1.083400] acpiphp: Slot [22] registered
[    1.083682] acpiphp: Slot [23] registered
[    1.083956] acpiphp: Slot [24] registered
[    1.084228] acpiphp: Slot [25] registered
[    1.092506] acpiphp: Slot [26] registered
[    1.092962] acpiphp: Slot [27] registered
[    1.093425] acpiphp: Slot [28] registered
[    1.102517] acpiphp: Slot [29] registered
[    1.102798] acpiphp: Slot [30] registered
[    1.103098] acpiphp: Slot [31] registered
[    1.112811] PCI host bridge to bus 0000:00
[    1.113527] pci_bus 0000:00: root bus resource [io  0x0000-0x0cf7 window]
[    1.113942] pci_bus 0000:00: root bus resource [io  0x0d00-0xffff window]
[    1.114214] pci_bus 0000:00: root bus resource [mem 0x000a0000-0x000bffff window]
[    1.122337] pci_bus 0000:00: root bus resource [mem 0x08000000-0xfebfffff window]
[    1.122801] pci_bus 0000:00: root bus resource [mem 0x100000000-0x17fffffff window]
[    1.123433] pci_bus 0000:00: root bus resource [bus 00-ff]
[    1.124900] pci 0000:00:00.0: [8086:1237] type 00 class 0x060000 conventional PCI endpoint
[    1.136637] pci 0000:00:01.0: [8086:7000] type 00 class 0x060100 conventional PCI endpoint
[    1.137691] pci 0000:00:01.1: [8086:7010] type 00 class 0x010180 conventional PCI endpoint
[    1.143661] pci 0000:00:01.1: BAR 4 [io  0xc0e0-0xc0ef]
[    1.147347] pci 0000:00:01.1: BAR 0 [io  0x01f0-0x01f7]: legacy IDE quirk
[    1.147692] pci 0000:00:01.1: BAR 1 [io  0x03f6]: legacy IDE quirk
[    1.147987] pci 0000:00:01.1: BAR 2 [io  0x0170-0x0177]: legacy IDE quirk
[    1.148284] pci 0000:00:01.1: BAR 3 [io  0x0376]: legacy IDE quirk
[    1.153341] pci 0000:00:01.3: [8086:7113] type 00 class 0x068000 conventional PCI endpoint
[    1.154061] pci 0000:00:01.3: quirk: [io  0x0600-0x063f] claimed by PIIX4 ACPI
[    1.154406] pci 0000:00:01.3: quirk: [io  0x0700-0x070f] claimed by PIIX4 SMB
[    1.155255] pci 0000:00:02.0: [1234:1111] type 00 class 0x030000 conventional PCI endpoint
[    1.163051] pci 0000:00:02.0: BAR 0 [mem 0xfd000000-0xfdffffff pref]
[    1.164629] pci 0000:00:02.0: BAR 2 [mem 0xfeb90000-0xfeb90fff]
[    1.173534] pci 0000:00:02.0: ROM [mem 0xfeb80000-0xfeb8ffff pref]
[    1.179537] pci 0000:00:02.0: Video device with shadowed ROM at [mem 0x000c0000-0x000dffff]
[    1.181024] pci 0000:00:03.0: [1af4:1000] type 00 class 0x020000 conventional PCI endpoint
[    1.182247] pci 0000:00:03.0: BAR 0 [io  0xc080-0xc09f]
[    1.185176] pci 0000:00:03.0: BAR 4 [mem 0xfe000000-0xfe003fff 64bit pref]
[    1.191315] pci 0000:00:03.0: ROM [mem 0xfea80000-0xfeafffff pref]
[    1.196957] pci 0000:00:04.0: [1af4:1005] type 00 class 0x00ff00 conventional PCI endpoint
[    1.199238] pci 0000:00:04.0: BAR 0 [io  0xc0a0-0xc0bf]
[    1.200141] pci 0000:00:04.0: BAR 1 [mem 0xfeb91000-0xfeb91fff]
[    1.204809] pci 0000:00:04.0: BAR 4 [mem 0xfe004000-0xfe007fff 64bit pref]
[    1.210387] pci 0000:00:05.0: [1af4:1000] type 00 class 0x020000 conventional PCI endpoint
[    1.212204] pci 0000:00:05.0: BAR 0 [io  0xc0c0-0xc0df]
[    1.213005] pci 0000:00:05.0: BAR 1 [mem 0xfeb92000-0xfeb92fff]
[    1.215007] pci 0000:00:05.0: BAR 4 [mem 0xfe008000-0xfe00bfff 64bit pref]
[    1.216051] pci 0000:00:05.0: ROM [mem 0xfeb00000-0xfeb7ffff pref]
[    1.219924] pci 0000:00:06.0: [1af4:1001] type 00 class 0x010000 conventional PCI endpoint
[    1.223055] pci 0000:00:06.0: BAR 0 [io  0xc000-0xc07f]
[    1.223915] pci 0000:00:06.0: BAR 1 [mem 0xfeb93000-0xfeb93fff]
[    1.225875] pci 0000:00:06.0: BAR 4 [mem 0xfe00c000-0xfe00ffff 64bit pref]
[    1.245042] ACPI: PCI: Interrupt link LNKA configured for IRQ 10
[    1.245959] ACPI: PCI: Interrupt link LNKB configured for IRQ 10
[    1.246947] ACPI: PCI: Interrupt link LNKC configured for IRQ 11
[    1.247708] ACPI: PCI: Interrupt link LNKD configured for IRQ 11
[    1.248212] ACPI: PCI: Interrupt link LNKS configured for IRQ 9
[    1.251575] iommu: Default domain type: Translated
[    1.251845] iommu: DMA domain TLB invalidation policy: lazy mode
[    1.255267] SCSI subsystem initialized
[    1.256390] ACPI: bus type USB registered
[    1.262590] usbcore: registered new interface driver usbfs
[    1.263151] usbcore: registered new interface driver hub
[    1.263538] usbcore: registered new device driver usb
[    1.269974] pps_core: LinuxPPS API ver. 1 registered
[    1.270266] pps_core: Software ver. 5.3.6 - Copyright 2005-2007 Rodolfo Giometti <giometti@linux.it>
[    1.270726] PTP clock support registered
[    1.282240] PCI: Using ACPI for IRQ routing
[    1.284711] hpet0: at MMIO 0xfed00000, IRQs 2, 8, 0
[    1.285054] hpet0: 3 comparators, 64-bit 100.000000 MHz counter
[    1.291781] clocksource: Switched to clocksource tsc-early
[    1.291781] pnp: PnP ACPI init
[    1.291781] pnp: PnP ACPI: found 6 devices
[    1.304645] clocksource: acpi_pm: mask: 0xffffff max_cycles: 0xffffff, max_idle_ns: 2085701024 ns
[    1.306158] NET: Registered PF_INET protocol family
[    1.307402] IP idents hash table entries: 2048 (order: 2, 16384 bytes, linear)
[    1.313135] tcp_listen_portaddr_hash hash table entries: 256 (order: 0, 4096 bytes, linear)
[    1.315717] Table-perturb hash table entries: 65536 (order: 6, 262144 bytes, linear)
[    1.316228] TCP established hash table entries: 1024 (order: 1, 8192 bytes, linear)
[    1.316745] TCP bind hash table entries: 1024 (order: 3, 32768 bytes, linear)
[    1.326816] TCP: Hash tables configured (established 1024 bind 1024)
[    1.328878] MPTCP token hash table entries: 256 (order: 1, 6144 bytes, linear)
[    1.329462] UDP hash table entries: 256 (order: 1, 8192 bytes, linear)
[    1.330021] UDP-Lite hash table entries: 256 (order: 1, 8192 bytes, linear)
[    1.339216] NET: Registered PF_UNIX/PF_LOCAL protocol family
[    1.340443] pci_bus 0000:00: resource 4 [io  0x0000-0x0cf7 window]
[    1.340740] pci_bus 0000:00: resource 5 [io  0x0d00-0xffff window]
[    1.341003] pci_bus 0000:00: resource 6 [mem 0x000a0000-0x000bffff window]
[    1.348867] pci_bus 0000:00: resource 7 [mem 0x08000000-0xfebfffff window]
[    1.349270] pci_bus 0000:00: resource 8 [mem 0x100000000-0x17fffffff window]
[    1.350195] pci 0000:00:01.0: PIIX3: Enabling Passive Release
[    1.350540] pci 0000:00:00.0: Limiting direct PCI/PCI transfers
[    1.360407] PCI: CLS 0 bytes, default 64
[    1.380203] workingset: timestamp_bits=46 max_order=15 bucket_order=0
[    1.382870] squashfs: version 4.0 (2009/01/31) Phillip Lougher
[    1.386027] Block layer SCSI generic (bsg) driver version 0.4 loaded (major 247)
[    1.390560] hv_vmbus: registering driver hyperv_fb
[    1.394784] input: Power Button as /devices/LNXSYSTM:00/LNXPWRBN:00/input/input0
[    1.403380] ACPI: button: Power Button [PWRF]
[    1.564553] ACPI: \_SB_.LNKC: Enabled at IRQ 11
[    1.718363] ACPI: \_SB_.LNKD: Enabled at IRQ 10
[    1.870631] ACPI: \_SB_.LNKA: Enabled at IRQ 10
[    2.022890] ACPI: \_SB_.LNKB: Enabled at IRQ 11
[    2.024935] Serial: 8250/16550 driver, 16 ports, IRQ sharing enabled
[    2.050183] 00:04: ttyS0 at I/O 0x3f8 (irq = 4, base_baud = 115200) is a 16550A
[    2.077278] Non-volatile memory driver v1.3
[    2.088866] Linux agpgart interface v0.103
[    2.090003] ACPI: bus type drm_connector registered
[    2.093280] [drm] Found bochs VGA, ID 0xb0c5.
[    2.093519] [drm] Framebuffer size 16384 kB @ 0xfd000000, mmio @ 0xfeb90000.
[    2.099590] [drm] Found EDID data blob.
[    2.105346] [drm] Initialized bochs-drm 1.0.0 for 0000:00:02.0 on minor 0
[    2.175178] Console: switching to colour frame buffer device 160x50
[    2.184524] bochs-drm 0000:00:02.0: [drm] fb0: bochs-drmdrmfb frame buffer device
[    2.220598] loop: module loaded
[    2.221375] virtio_blk virtio3: 1/0/0 default/read/poll queues
[    2.226246] virtio_blk virtio3: [vda] 246784 512-byte logical blocks (126 MB/121 MiB)
[    2.235842]  vda: vda1 vda2
[    2.237895] Guest personality initialized and is inactive
[    2.238503] VMCI host device registered (name=vmci, major=10, minor=256)
[    2.238870] Initialized host personality
[    2.239257] usbcore: registered new interface driver rtsx_usb
[    2.247537] VMware PVSCSI driver - version 1.0.7.0-k
[    2.247933] hv_vmbus: registering driver hv_storvsc
[    2.264447] scsi host0: ata_piix
[    2.267035] scsi host1: ata_piix
[    2.267891] ata1: PATA max MWDMA2 cmd 0x1f0 ctl 0x3f6 bmdma 0xc0e0 irq 14 lpm-pol 0
[    2.268253] ata2: PATA max MWDMA2 cmd 0x170 ctl 0x376 bmdma 0xc0e8 irq 15 lpm-pol 0
[    2.277838] VMware vmxnet3 virtual NIC driver - version 1.9.0.0-k-NAPI
[    2.278457] hv_vmbus: registering driver hv_netvsc
[    2.278898] Fusion MPT base driver 3.04.20
[    2.279092] Copyright (c) 1999-2008 LSI Corporation
[    2.279485] Fusion MPT SPI Host driver 3.04.20
[    2.288806] Fusion MPT SAS Host driver 3.04.20
[    2.290982] usbcore: registered new interface driver usb-storage
[    2.292364] i8042: PNP: PS/2 Controller [PNP0303:KBD,PNP0f13:MOU] at 0x60,0x64 irq 1,12
[    2.295662] serio: i8042 KBD port at 0x60,0x64 irq 1
[    2.296089] serio: i8042 AUX port at 0x60,0x64 irq 12
[    2.302748] hv_vmbus: registering driver hyperv_keyboard
[    2.305103] rtc_cmos 00:05: RTC can wake from S4
[    2.310124] rtc_cmos 00:05: registered as rtc0
[    2.313080] rtc_cmos 00:05: setting system clock to 2026-03-26T02:15:42 UTC (1774491342)
[    2.315553] rtc_cmos 00:05: alarms up to one day, y3k, 242 bytes nvram, hpet irqs
[    2.318209] intel_powerclamp: CPU does not support MWAIT
[    2.320428] amd_pstate: the _CPC object is not present in SBIOS or ACPI disabled
[    2.326318] sdhci: Secure Digital Host Controller Interface driver
[    2.328267] sdhci: Copyright(c) Pierre Ossman
[    2.330565] VUB300 Driver rom wait states = 1C irqpoll timeout = 0400
[    2.337477] input: AT Translated Set 2 keyboard as /devices/platform/i8042/serio0/input/input1
[    2.360616] usbcore: registered new interface driver vub300
[    2.362999] usbcore: registered new interface driver ushc
[    2.370712] hid: raw HID events driver (C) Jiri Kosina
[    2.373493] hv_vmbus: registering driver hid_hyperv
[    2.376201] usbcore: registered new interface driver usbhid
[    2.378184] usbhid: USB HID core driver
[    2.380249] hv_utils: Registering HyperV Utility Driver
[    2.382719] hv_vmbus: registering driver hv_utils
[    2.384718] hv_vmbus: registering driver hv_balloon
[    2.388152] NET: Registered PF_INET6 protocol family
[    2.403113] Segment Routing with IPv6
[    2.405308] In-situ OAM (IOAM) with IPv6
[    2.407689] NET: Registered PF_PACKET protocol family
[    2.410088] bridge: filtering via arp/ip/ip6tables is no longer available by default. Update your scripts to load br_netfilter if you need this.
[    2.419792] 8021q: 802.1Q VLAN Support v1.8
[    2.422546] NET: Registered PF_VSOCK protocol family
[    2.431702] IPI shorthand broadcast: enabled
[    2.438575] AES CTR mode by8 optimization enabled
[    2.460203] sched_clock: Marking stable (2190074623, 261682598)->(2466947430, -15190209)
[    2.489604] tsc: Refined TSC clocksource calibration: 2445.451 MHz
[    2.492217] clocksource: tsc: mask: 0xffffffffffffffff max_cycles: 0x233fef15ca1, max_idle_ns: 440795204727 ns
[    2.502251] ata2: found unknown device (class 0)
[    2.519891] clocksource: Switched to clocksource tsc
[    2.558509] ata2.00: ATAPI: QEMU DVD-ROM, 2.5+, max UDMA/100
[    2.575297] scsi 1:0:0:0: CD-ROM            QEMU     QEMU DVD-ROM     2.5+ PQ: 0 ANSI: 5
[    2.586939] clk: Disabling unused clocks
[    2.633672] sr 1:0:0:0: [sr0] scsi3-mmc drive: 4x/4x cd/rw xa/form2 tray
[    2.636347] cdrom: Uniform CD-ROM driver Revision: 3.20
[    2.694137] VFS: Mounted root (squashfs filesystem) readonly on device 254:2.
[    2.763540] Freeing unused kernel image (initmem) memory: 1496K
[    2.766166] Write protecting the kernel read-only data: 18432k
[    2.769323] Freeing unused kernel image (rodata/data gap) memory: 116K
[    2.771953] Run /sbin/init as init process
[    3.103312] init: Console is alive
[    3.658941] kmodloader: loading kernel modules from /etc/modules-boot.d/*
[    3.727204] button_hotplug: loading out-of-tree module taints kernel.
[    3.734597] Button Hotplug driver version 0.4.1
[    3.754708] Intel(R) 2.5G Ethernet Linux Driver
[    3.757089] Copyright(c) 2018 Intel Corporation.
[    3.773487] igb: Intel(R) Gigabit Ethernet Network Driver
[    3.775984] igb: Copyright (c) 2007-2014 Intel Corporation.
[    3.793357] e1000e: Intel(R) PRO/1000 Network Driver
[    3.795838] e1000e: Copyright(c) 1999 - 2015 Intel Corporation.
[    3.810118] kmodloader: done loading kernel modules from /etc/modules-boot.d/*
[    3.822930] init: - preinit -
[    4.820412] 8021q: adding VLAN 0 to HW filter on device eth0
Press the [f] key and hit [enter] to enter failsafe mode
Press the [1], [2], [3] or [4] key and hit [enter] to select the debug level
[    9.467760] loop0: detected capacity change from 0 to 212992
[    9.522185] loop0: detected capacity change from 212992 to 201728
[    9.535981] mount_root: overlay filesystem in /dev/loop0 has not been formatted yet
[    9.888067] EXT4-fs (loop0): mounted filesystem 1673a0d0-fc97-428e-a2eb-416fe19742c6 r/w with ordered data mode. Quota mode: disabled.
[    9.902085] mount_root: overlay filesystem has not been fully initialized yet
[    9.920135] mount_root: switching to ext4 overlay
[    9.943901] overlayfs: null uuid detected in lower fs '/', falling back to xino=off,index=off,nfs_export=off.
[   10.699726] EXT4-fs (vda1): mounted filesystem 84173db5-fa99-e35a-95c6-28613cc79ea9 r/w without journal. Quota mode: disabled.
[   10.724666] urandom-seed: Seed file not found (/etc/urandom.seed)
[   10.861312] procd: - early -
[   11.623199] procd: - ubus -
[   11.801407] procd: - init -
Please press Enter to activate this console.
root
login[1050]: root login on 'ttyS0'


BusyBox v1.37.0 (2026-01-02 17:07:02 UTC) built-in shell (ash)

  _______                     ________        __
 |       |.-----.-----.-----.|  |  |  |.----.|  |_
 |   -   ||  _  |  -__|     ||  |  |  ||   _||   _|
 |_______||   __|_____|__|__||________||__|  |____|
          |__| W I R E L E S S   F R E E D O M
 -----------------------------------------------------
 OpenWrt SNAPSHOT, r33549-20d6296141
 -----------------------------------------------------

 === WARNING! =====================================
 There is no root password defined on this device!
 Use the "passwd" command to set up a new password
 in order to prevent unauthorized SSH logins.
 --------------------------------------------------

root@(none):~# dmesg -n 1
root@(none):~# echo 'YPMF''NGEXLY'
YPMFNGEXLY
root@(none):~# run() { echo -n "$MARKER"; sh -c "$@"; echo "$MARKER $?"; }
root@(none):~# echo 'UOBT''WZJUGW'
UOBTWZJUGW
root@(none):~# MARKER='GLJF''VYTVSX' run 'ubus wait_for network.interface.lan'
GLJFVYTVSXGLJFVYTVSX 0
root@OpenWrt:~# echo 'UEHH''OZVELG'
UEHHOZVELG
root@OpenWrt:~# MARKER='TYUV''FTGWXX' run 'ubus call network.interface.lan statu
s '"'"'{}'"'"''
TYUVFTGWXX{
	"up": true,
	"pending": false,
	"available": true,
	"autostart": true,
	"dynamic": false,
	"uptime": 0,
	"l3_device": "br-lan",
	"proto": "static",
	"device": "br-lan",
	"updated": [
		"addresses"
	],
	"metric": 0,
	"dns_metric": 0,
	"delegation": true,
	"ipv4-address": [
		{
			"address": "192.168.1.1",
			"mask": 24
		}
	],
	"ipv6-address": [
		
	],
	"ipv6-prefix": [
		
	],
	"ipv6-prefix-assignment": [
		{
			"address": "fd0d:983c:412c::",
			"mask": 60,
			"local-address": {
				"address": "fd0d:983c:412c::1",
				"mask": 60
			}
		}
	],
	"route": [
		
	],
	"dns-server": [
		
	],
	"dns-search": [
		
	],
	"neighbors": [
		
	],
	"inactive": {
		"ipv4-address": [
			
		],
		"ipv6-address": [
			
		],
		"route": [
			
		],
		"dns-server": [
			
		],
		"dns-search": [
			
		],
		"neighbors": [
			
		]
	},
	"data": {
		
	}
}
TYUVFTGWXX 0
root@OpenWrt:~# echo 'NJYF''BCWKSB'
NJYFBCWKSB
root@OpenWrt:~# MARKER='TXCZ''OWKKMV' run true
TXCZOWKKMVTXCZOWKKMV 0
root@OpenWrt:~# echo 'OGZT''EHQPUF'
OGZTEHQPUF
root@OpenWrt:~# MARKER='NJYY''HQWZWL' run 'source /etc/os-release; echo $BUILD_I
D'
NJYYHQWZWLr33549-20d6296141
NJYYHQWZWL 0
root@OpenWrt:~# echo 'TAXT''XGUMTJ'
TAXTXGUMTJ
root@OpenWrt:~# MARKER='FKOQ''ZYYFOF' run 'ls /etc/dropbear/dropbear_rsa_host_ke
y'
FKOQZYYFOF[0;0m/etc/dropbear/dropbear_rsa_host_key[m
FKOQZYYFOF 0
root@OpenWrt:~# echo 'EEVV''CVQKKL'
EEVVCVQKKL
root@OpenWrt:~# MARKER='EJHC''ZZYPGY' run 'netstat -tlpn | grep 0.0.0.0:22'
EJHCZZYPGYtcp        0      0 0.0.0.0:22              0.0.0.0:*               LISTEN      1735/dropbear
EJHCZZYPGY 0
root@OpenWrt:~# echo 'KYXS''NEAGCB'
KYXSNEAGCB
root@OpenWrt:~# MARKER='ASPQ''YCGPMK' run 'dmesg | grep br-lan | grep forwarding
'
ASPQYCGPMK[   31.732572] br-lan: port 1(eth0) entered forwarding state
ASPQYCGPMK 0
root@OpenWrt:~# echo 'SCJV''QBAFUG'
SCJVQBAFUG
root@OpenWrt:~# MARKER='WTZY''BOAMPE' run 'ubus call network.interface.lan statu
s '"'"'{}'"'"''
WTZYBOAMPE{
	"up": true,
	"pending": false,
	"available": true,
	"autostart": true,
	"dynamic": false,
	"uptime": 24,
	"l3_device": "br-lan",
	"proto": "static",
	"device": "br-lan",
	"updated": [
		"addresses"
	],
	"metric": 0,
	"dns_metric": 0,
	"delegation": true,
	"ipv4-address": [
		{
			"address": "192.168.1.1",
			"mask": 24
		}
	],
	"ipv6-address": [
		
	],
	"ipv6-prefix": [
		
	],
	"ipv6-prefix-assignment": [
		{
			"address": "fd0d:983c:412c::",
			"mask": 60,
			"local-address": {
				"address": "fd0d:983c:412c::1",
				"mask": 60
			}
		}
	],
	"route": [
		
	],
	"dns-server": [
		
	],
	"dns-search": [
		
	],
	"neighbors": [
		
	],
	"inactive": {
		"ipv4-address": [
			
		],
		"ipv6-address": [
			
		],
		"route": [
			
		],
		"dns-server": [
			
		],
		"dns-search": [
			
		],
		"neighbors": [
			
		]
	},
	"data": {
		
	}
}
WTZYBOAMPE 0
root@OpenWrt:~# echo 'OZMW''VXTYXB'
OZMWVXTYXB
root@OpenWrt:~# MARKER='YULA''LWLUMZ' run 'ip -o addr show dev br-lan'
YULALWLUMZ4: br-lan    inet 192.168.1.1/24 brd 192.168.1.255 scope global br-lan\       valid_lft forever preferred_lft forever
4: br-lan    inet6 fd0d:983c:412c::1/60 scope global noprefixroute \       valid_lft forever preferred_lft forever
4: br-lan    inet6 fe80::5054:ff:fe12:3456/64 scope link \       valid_lft forever preferred_lft forever
YULALWLUMZ 0
root@OpenWrt:~# echo 'FHBA''BLPXPK'
FHBABLPXPK
root@OpenWrt:~# MARKER='QOQZ''MBAZLM' run 'ubus call network.interface.wan statu
s '"'"'{}'"'"''
QOQZMBAZLM{
	"up": true,
	"pending": false,
	"available": true,
	"autostart": true,
	"dynamic": false,
	"uptime": 21,
	"l3_device": "eth1",
	"proto": "dhcp",
	"device": "eth1",
	"updated": [
		"addresses",
		"routes",
		"data"
	],
	"metric": 0,
	"dns_metric": 0,
	"delegation": true,
	"ipv4-address": [
		{
			"address": "10.0.2.15",
			"mask": 24
		}
	],
	"ipv6-address": [
		
	],
	"ipv6-prefix": [
		
	],
	"ipv6-prefix-assignment": [
		
	],
	"route": [
		{
			"target": "0.0.0.0",
			"mask": 0,
			"nexthop": "10.0.2.2",
			"source": "10.0.2.15/32"
		}
	],
	"dns-server": [
		"10.0.2.3"
	],
	"dns-search": [
		
	],
	"neighbors": [
		
	],
	"inactive": {
		"ipv4-address": [
			
		],
		"ipv6-address": [
			
		],
		"route": [
			
		],
		"dns-server": [
			
		],
		"dns-search": [
			
		],
		"neighbors": [
			
		]
	},
	"data": {
		"dhcpserver": "10.0.2.2",
		"leasetime": 86400
	}
}
QOQZMBAZLM 0
root@OpenWrt:~# 