Labgrid Console Logfile for main
Logfile started at 2026-05-02 03:38:58.408730
=== Log starts here ===
c[?7l[2J[0mSeaBIOS (version 1.16.3-debian-1.16.3-2)


iPXE (https://ipxe.org) 00:03.0 CA00 PCI2.10 PnP PMM+06FCAE70+06F0AE70 CA00
Press Ctrl-B to configure iPXE (PCI 00:03.0)...                                                                               




iPXE (https://ipxe.org) 00:05.0 CB00 PCI2.10 PnP PMM 06FCAE70 06F0AE70 CB00
Press Ctrl-B to configure iPXE (PCI 00:05.0)...                                                                               


Booting from Hard Disk...
GRUB loading.....
[0;30;47mWelcome to GRUB![01;01H[0m[2J[H[J[1;1H[?25l[m[H[J[1;1H[2;30HGNU GRUB  version 2.12

[m[4;2H+----------------------------------------------------------------------------+[5;2H|[5;79H|[6;2H|[6;79H|[7;2H|[7;79H|[8;2H|[8;79H|[9;2H|[9;79H|[10;2H|[10;79H|[11;2H|[11;79H|[12;2H|[12;79H|[13;2H|[13;79H|[14;2H|[14;79H|[15;2H|[15;79H|[16;2H+----------------------------------------------------------------------------+[m[17;2H[18;2H[m     Use the ^ and v keys to select which entry is highlighted.          
      Press enter to boot the selected OS, `e' to edit the commands       
      before booting or `c' for a command-line. ESC to return             
      previous menu.                                                      [5;80H [7m[5;3H*OpenWrt                                                                    [m[5;78H[m[m[6;3H OpenWrt (failsafe)                                                         [m[6;78H[m[m[7;3H                                                                            [m[7;78H[m[m[8;3H                                                                            [m[8;78H[m[m[9;3H                                                                            [m[9;78H[m[m[10;3H                                                                            [m[10;78H[m[m[11;3H                                                                            [m[11;78H[m[m[12;3H                                                                            [m[12;78H[m[m[13;3H                                                                            [m[13;78H[m[m[14;3H                                                                            [m[14;78H[m[m[15;3H                                                                            [m[15;78H[m[15;80H [5;78H[2J[02;30HGNU GRUB  version 2.12[04;02H┌────────────────────────────────────────────────────────────────────────────┐[05;02H│[05;79H│[06;02H│[06;79H│[07;02H│[07;79H│[08;02H│[08;79H│[09;02H│[09;79H│[10;02H│[10;79H│[11;02H│[11;79H│[12;02H│[12;79H│[12;79H[13;02H│[13;79H│[14;02H│[14;79H│[15;02H│[15;79H│[16;02H│[16;79H│[17;02H└────────────────────────────────────────────────────────────────────────────┘[19;02H     Use the ↑ and ↓ keys to select which entry is highlighted.      [19;70H[19;71H    
      Press enter to boot the selected OS, `e' to edit the commands       
      before booting or `c' for a command-line. ESC to return             
      pr[22;08H[22;09Hevious menu.                                                      [05;80H [05;03H[0;30;47m*OpenWrt                                                                    [06;03H[0m OpenWrt (failsafe)                                                         [07;03H                                                                            [08;03H                           [08;29H[08;30H                                                 [09;03H                                                                            [10;03H                                     [10;39H[10;40H                                       [11;03H                                                                            [12;03H                                                                            [13;03H                                                                            [14;03H                                                                            [15;03H                                                                            [16;03H                                                                  [16;68H[16;69H          [16;80H 






   The highlighted entry will be executed automatically in 5s.                [22;1H   The highlighted entry will be executed automatically in 5s.                 [5;78H [05;78H

















   The highlighted entry will be executed automatically in 4s.                [22;1H   The highlighted entry will be executed automatically in 4s.                 [5;78H [05;78H

















   The highlighted entry will be executed automatically in 3s.                [22;1H   The highlighted entry will be executed automatically in 3s.                 [5;78H [05;78H

















   The highlighted entry will be executed autom[23;47H[23;48Hatically in 2s.                [22;1H   The highlighted entry will be executed automatically in 2s.                 [5;78H [05;78H

















   The highlighted entry will be executed automatically in 1s.                [22;1H   The highlighted entry will be executed automatically in 1s.                 [5;78H [05;78H

















   The highlighted entry will be executed automatically in 0s.                [22;1H   The highlighted entry will be executed automatically in 0s.                 [5;78H [01;01H[2J[?25h[H[J[1;1H[H[J[1;1H[2J   Booting `OpenWrt' Booting `OpenWrt

'

[    0.000000] Linux version 6.18.25 (builder@buildhost) (x86_64-openwrt-linux-musl-gcc (OpenWrt GCC 14.3.0 r34249-0bef741188) 14.3.0, GNU ld (GNU Binutils) 2.44) #0 SMP Fri May  1 18:12:18 2026
[    0.000000] Command line: BOOT_IMAGE=/boot/vmlinuz root=PARTUUID=9ea3d883-02 roonoinitrd
[    0.000000] BIOS-provided physical RAM map:
[    0.000000] BIOS-e820: [mem 0x0000000000000000-0x000000000009fbff] usable
[    0.000000] BIOS-e820: [mem 0x000000000009fc00-0x000000000009ffff] reserved
[    0.000000] BIOS-e820: [mem 0x00000000000f0000-0x00000000000fem 0x0000000000100000-0x0000000007fdcfff] usable
[    0.000000] BIOS-e820: [mem 0x0000000007fdd000-0x0000000007ffffff] reserved
[    0.000000] BIOS-e820: [mem 0x00000000fffc0000-0x00000000ffffffff] reserved
[    0.000000] BIOS-e820: [mem 0x000000fd00000000-0x000000ffffffffff] reservedtion: active
[    0.000000] APIC: Static calls initialized
[    0.000000] SMBIOS 3.0.0 present.
[    0.000000] DMI: QEMU Standard PC (i440FX + PIIX, 1996), BIOS 1.16.3-debian-1.16.3-2 04/01/2014
[    0.000000] DMI: Memory slots populated: 1/1
[    0.000000] tsc: Fast TSC calibration us437 MHz processor
[    0.009514] last_pfn = 0x7fdd max_arch_pfn = 0x10000000000
[    0.010122] MTRR map: 4 entries (3 fixed + 1 variable; max 19), built from 8 variable MTRRs
[    0.010309] x86/PAT: Configuration [0-7]: WB  WC  UC- UC  WB  WP  UC- WT  
[    0.032636] found SMP MP-table 0] Using GB pages for direct mapping
[    0.038839] ACPI: Early table checksum verification disabled
[    0.039183] ACPI: RSDP 0x00000000000F5290 000014 (v00 BOCHS )
[    0.039501] ACPI: RSDT 0x0000000007FE1C64 000034 (v01 BOCHS  BXPC     00000001 BXPC 00000001)
[    0.040035] ACPI: FPC     00000001 BXPC 00000001)
[    0.040641] ACPI: DSDT 0x0000000007FE0040 001AD8 (v01 BOCHS  BXPC     00000001 BXPC 00000001)
[    0.040733] ACPI: FACS 0x0000000007FE0000 000040
[    0.040786] ACPI: APIC 0x0000000007FE1B8C 000078 (v03 BOCHS  BXPC     00000001 BXPC 00000001)
[    0.0v01 BOCHS  BXPC     00000001 BXPC 00000001)
[    0.040832] ACPI: WAET 0x0000000007FE1C3C 000028 (v01 BOCHS  BXPC     00000001 BXPC 00000001)
[    0.040908] ACPI: Reserving FACP table memory at [mem 0x7fe1b18-0x7fe1b8b]
[    0.040942] ACPI: Reserving DSDT table memory at [mem 0x7fe0040-0x7 table memory at [mem 0x7fe0000-0x7fe003f]
[    0.040957] ACPI: Reserving APIC table memory at [mem 0x7fe1b8c-0x7fe1c03]
[    0.040963] ACPI: Reserving HPET table memory at [mem 0x7fe1c04-0x7fe1c3b]
[    0.040969] ACPI: Reserving WAET table memory at [mem 0x7fe1c3c-0x7fe1c63]
[    0.0    [mem 0x0000000000001000-0x0000000000ffffff]
[    0.064044]   DMA32    [mem 0x0000000001000000-0x0000000007fdcfff]
[    0.064055]   Normal   empty
[    0.064075] Movable zone start for each node
[    0.064108] Early memory node ranges
[    0.064136]   node   0: [mem 0x0000000000001000  0: [mem 0x0000000000100000-0x0000000007fdcfff]
[    0.064439] Initmem setup node 0 [mem 0x0000000000001000-0x0000000007fdcfff]
[    0.065550] On node 0, zone DMA: 1 pages in unavailable ranges
[    0.065937] On node 0, zone DMA: 97 pages in unavailable ranges
[    0.067471] On node 
[    0.067884] ACPI: PM-Timer IO Port: 0x608
[    0.068304] ACPI: LAPIC_NMI (acpi_id[0xff] dfl dfl lint[0x1])
[    0.068739] IOAPIC[0]: apic_id 0, version 32, address 0xfec00000, GSI 0-23
[    0.068858] ACPI: INT_SRC_OVR (bus 0 bus_irq 0 global_irq 2 dfl dfl)
[    0.069109] q 5 high level)
[    0.069166] ACPI: INT_SRC_OVR (bus 0 bus_irq 9 global_irq 9 high level)
[    0.069260] ACPI: INT_SRC_OVR (bus 0 bus_irq 10 global_irq 10 high level)
[    0.069270] ACPI: INT_SRC_OVR (bus 0 bus_irq 11 global_irq 11 high level)
[    0.069476] ACPI: Using ACPI (MADT) for2] ACPI: HPET id: 0x8086a201 base: 0xfed00000
[    0.069868] CPU topo: Max. logical packages:   1
[    0.069880] CPU topo: Max. logical dies:       1
[    0.069889] CPU topo: Max. dies per package:   1
[    0.069942] CPU topo: Max. threads per core:   1
[    0.070088] CPU topo: Num. corpo: Num. threads per package:   1
[    0.070112] CPU topo: Allowing 1 present CPUs plus 0 hotplug CPUs
[    0.070916] [mem 0x08000000-0xfffbffff] available for PCI devices
[    0.070978] Booting paravirtualized kernel on bare hardware
[    0.071277] clocksource: refined-jiffies: mask: 0: 19112604462750000 ns
[    0.071786] setup_percpu: NR_CPUS:512 nr_cpumask_bits:1 nr_cpu_ids:1 nr_node_ids:1
[    0.073594] percpu: Embedded 46 pages/cpu s150552 r8192 d29672 u2097152
[    0.075511] Kernel command line: BOOT_IMAGE=/boot/vmlinuz root=PARTUUID=9ea3d883-02 rootwait console=.077149] random: crng init done
[    0.077228] printk: log buffer data + meta data: 131072 + 458752 = 589824 bytes
[    0.077488] Dentry cache hash table entries: 16384 (order: 5, 131072 bytes, linear)
[    0.077595] Inode-cache hash table entries: 8192 (order: 4, 65536 bytes, linear)
[ouping on.  Total pages: 32635
[    0.080151] mem auto-init: stack:off, heap alloc:off, heap free:off
[    0.089392] SLUB: HWalign=64, Order=0-3, MinObjects=0, CPUs=1, Nodes=1
[    0.098353] rcu: Hierarchical RCU implementation.
[    0.098385] rcu: 	RCU restricting CPUs from NR_CPUcing variant of Tasks RCU enabled.
[    0.098634] rcu: RCU calculated value of scheduler-enlistment delay is 10 jiffies.
[    0.098666] rcu: Adjusting geometry for rcu_fanout_leaf=16, nr_cpu_ids=1
[    0.099824] RCU Tasks Trace: Setting shift to 0 and lim to 1 rcu_task_cb_adjust=1 rcu_task nr_irqs: 256, preallocated irqs: 16
[    0.109585] rcu: srcu_init: Setting srcu_struct sizes based on contention.
[    0.116714] Console: colour VGA+ 80x25
[    0.117139] printk: legacy console [tty1] enabled
[    0.125078] printk: legacy console [ttyS0] enabled
[    0.335076] ACPI: Core
[    0.344990] clocksource: hpet: mask: 0xffffffff max_cycles: 0xffffffff, max_idle_ns: 19112604467 ns
[    0.349823] APIC: Switch to symmetric I/O mode setup
[    0.354241] ..TIMER: vector=0x30 apic1=0 pin1=2 apic2=-1 pin2=-1
[    0.397056] clocksource: tsc-early: mask: 0xffffffffffffffff max_cycles: 0x233fe20a787, max_idle_ns: 440795242449 ns
[    0.397721] Calibrating delay loop (skipped), value calculated using timer frequency.. 4890.87 BogoMIPS (lpj=24454370)
[    0.399581] x86/cpu: User Mode In (UMIP) activated
[    0.414068] Last level iTLB entries: 4KB 0, 2MB 0, 4MB 0
[    0.414402] Last level dTLB entries: 4KB 0, 2MB 0, 4MB 0, 1GB 0
[    0.417778] mitigations: Enabled attack vectors: user_kernel, user_user, guest_host, guest_guest, SMT mitigations: auto
[    0.418987] Speculative Store Bypass: Vulnerable
[    0.419702] Spectre V2 : Mitigation: Retpolines
[    0.420112] Spectre V1 : Mitigation: usercopy/swapgs barriers and __user pointer sanitization
[    0.420585] Spectre V2 : Spectre v2 / SpectreRSB: Filling RSB on context 
[    0.427122] x86/fpu: Supporting XSAVE feature 0x001: 'x87 floating point registers'
[    0.432655] x86/fpu: Supporting XSAVE feature 0x002: 'SSE registers'
[    0.432945] x86/fpu: Supporting XSAVE feature 0x004: 'AVX registers'
[    0.433178] x86/fpu: Supporting XSAVE feat
[    0.437712] x86/fpu: Supporting XSAVE feature 0x010: 'MPX CSR'
[    0.438374] x86/fpu: xstate_offset[2]:  576, xstate_sizes[2]:  256
[    0.438694] x86/fpu: xstate_offset[3]:  960, xstate_sizes[3]:   64
[    0.438919] x86/fpu: xstate_offset[4]: 1024, xstate_sizes[4]:   64e features 0x1f, context size is 1088 bytes, using 'standard' format.
[    0.816468] Freeing SMP alternatives memory: 48K
[    0.817899] pid_max: default: 32768 minimum: 301
[    0.828388] Mount-cache hash table entries: 512 (order: 0, 4096 bytes, linear)
[    0.828764] Mountpoint-cache hash table entries: 512 (order: 0, 4096 bytes, linear)
[    0.980734] smpboot: CPU0: AMD QEMU TCG CPU version 2.5+ (family: 0x6, model: 0x6, stepping: 0x3)
[    0.988879] Performance Events: PMU not available due to virtualization, using software events only.
[    0.990543] signal: max sigframe size: 1616
[    0.992255] rcu: Hierarchical SRCU implementation.
[    0.992482] rcu: 	Max phase no-delay instances is 1000.
[    0.9976p: Bringing up secondary CPUs ...
[    1.001199] smp: Brought up 1 node, 1 CPU
[    1.001445] smpboot: Total of 1 processors activated (4890.87 BogoMIPS)
[    1.009678] Memory: 96076K/130540K available (14379K kernel code, 1184K rwdata, 5764K rodata, 2676K init, 2148K bss, 3276K reserved, 0K cma-reserved)
[    1.024571] clocksource: jiffies: mask: 0xffffffff max_cycles: 0xffffffff, max_idle_ns: 19112604462750000 ns
[    1.025443] posixtimers hash table entries: 512 (order: 1, 8192 bytes, linear)
[    1.025928] futex hash table entries: 256 (16384 bytes on 1 NUMA nodes, total 16] pinctrl core: initialized pinctrl subsystem
[    1.054642] NET: Registered PF_NETLINK/PF_ROUTE protocol family
[    1.063487] thermal_sys: Registered thermal governor 'step_wise'
[    1.063528] thermal_sys: Registered thermal governor 'user_space'
[    1.064523] cpuidle: using governor ladder
[    1.065025] cpuidle: using governor menu
[    1.066926] acpiphp: ACPI Hot Plug PCI Controller Driver version: 0.5
[    1.070083] PCI: Using configuration type 1 for base access
[    1.076460] HugeTLB: registered 2.00 MiB page size, pre-allocated 0 pages
[    1.076914] HugeTLB: 28 KiB vmemmap can be freed for a 2.00 MiB page
[    1.094618] ACPI: Added _OSI(Module Device)
[    1.094860] ACPI: Added _OSI(Processor Device)
[    1.095026] ACPI: Added _OSI(Processor Aggregator Device)
[    1.109822] ACPI: 1 ACPI AML tables successfully acquired and loaded
[    1.127717] ACPI: Interpreter enabled
[    1.128946] ACPI: PM: (supports S0 S5)
[    1.129342] ACPI: Using IOAPIC for interrupt routing
[    1.130084] PCI: Using host bridge windows from ACPI; if necessary, use "pci=nocrs" and report a bug
[    1.130534] PCI: Using E820 rws
[    1.139489] ACPI: Enabled 2 GPEs in block 00 to 0F
[    1.172261] ACPI: PCI Root Bridge [PCI0] (domain 0000 [bus 00-ff])
[    1.173251] acpi PNP0A03:00: _OSC: OS supports [ASPM ClockPM Segments MSI HPX-Type3]
[    1.173723] acpi PNP0A03:00: _OSC: not requesting OS control; OS requires [ExtendedConfig ASPM ClockPM MSI]
[    1. to add MMCONFIG information, can't access extended configuration space under this bridge
[    1.187690] acpiphp: Slot [3] registered
[    1.188017] acpiphp: Slot [4] registered
[    1.188278] acpiphp: Slot [5] registered
[    1.188548] acpiphp: Slot [6] registered
[    1.188790]stered
[    1.194216] acpiphp: Slot [8] registered
[    1.194666] acpiphp: Slot [9] registered
[    1.194989] acpiphp: Slot [10] registered
[    1.195237] acpiphp: Slot [11] registered
[    1.195529] acpiphp: Slot [12] registered
[    1.195788] acpiphp: Slot [13] registered
[    
[    1.197951] acpiphp: Slot [15] registered
[    1.198407] acpiphp: Slot [16] registered
[    1.198736] acpiphp: Slot [17] registered
[    1.199037] acpiphp: Slot [18] registered
[    1.199281] acpiphp: Slot [19] registered
[    1.199533] acpiphp: Slot [20] registered
[  ed
[    1.207927] acpiphp: Slot [22] registered
[    1.208373] acpiphp: Slot [23] registered
[    1.208735] acpiphp: Slot [24] registered
[    1.217770] acpiphp: Slot [25] registered
[    1.218015] acpiphp: Slot [26] registered
[    1.218302] acpiphp: Slot [27] registered
[  
[    1.227928] acpiphp: Slot [29] registered
[    1.228361] acpiphp: Slot [30] registered
[    1.228706] acpiphp: Slot [31] registered
[    1.229116] PCI host bridge to bus 0000:00
[    1.229599] pci_bus 0000:00: root bus resource [io  0x0000-0x0cf7 window]
[    1.229974] p0x0d00-0xffff window]
[    1.237765] pci_bus 0000:00: root bus resource [mem 0x000a0000-0x000bffff window]
[    1.238290] pci_bus 0000:00: root bus resource [mem 0x08000000-0xfebfffff window]
[    1.238616] pci_bus 0000:00: root bus resource [mem 0x100000000-0x17fffffff window]
[    1.[bus 00-ff]
[    1.249185] pci 0000:00:00.0: [8086:1237] type 00 class 0x060000 conventional PCI endpoint
[    1.253431] pci 0000:00:01.0: [8086:7000] type 00 class 0x060100 conventional PCI endpoint
[    1.254332] pci 0000:00:01.1: [8086:7010] type 00 class 0x010180 conventional 
[    1.258503] pci 0000:00:01.1: BAR 4 [io  0xc0e0-0xc0ef]
[    1.258977] pci 0000:00:01.1: BAR 0 [io  0x01f0-0x01f7]: legacy IDE quirk
[    1.259307] pci 0000:00:01.1: BAR 1 [io  0x03f6]: legacy IDE quirk
[    1.259557] pci 0000:00:01.1: BAR 2 [io  0x0170-0x0177]: legacy IDEAR 3 [io  0x0376]: legacy IDE quirk
[    1.268560] pci 0000:00:01.3: [8086:7113] type 00 class 0x068000 conventional PCI endpoint
[    1.269236] pci 0000:00:01.3: quirk: [io  0x0600-0x063f] claimed by PIIX4 ACPI
[    1.269542] pci 0000:00:01.3: quirk: [io  0x0700-0x070f] claimed by PIIX42.0: [1234:1111] type 00 class 0x030000 conventional PCI endpoint
[    1.278831] pci 0000:00:02.0: BAR 0 [mem 0xfd000000-0xfdffffff pref]
[    1.279153] pci 0000:00:02.0: BAR 2 [mem 0xfeb90000-0xfeb90fff]
[    1.279376] pci 0000:00:02.0: ROM [mem 0xfeb80000-0xfeb8ffff pref]
[    1.27with shadowed ROM at [mem 0x000c0000-0x000dffff]
[    1.288656] pci 0000:00:03.0: [1af4:1000] type 00 class 0x020000 conventional PCI endpoint
[    1.289954] pci 0000:00:03.0: BAR 0 [io  0xc080-0xc09f]
[    1.290230] pci 0000:00:03.0: BAR 4 [mem 0xfe000000-0xfe003fff 64bit pref]
[   [mem 0xfea80000-0xfeafffff pref]
[    1.311854] pci 0000:00:04.0: [1af4:1005] type 00 class 0x00ff00 conventional PCI endpoint
[    1.312957] pci 0000:00:04.0: BAR 0 [io  0xc0a0-0xc0bf]
[    1.313200] pci 0000:00:04.0: BAR 1 [mem 0xfeb91000-0xfeb91fff]
[    1.313424] pci 0000:00:04.0:  0xfe004000-0xfe007fff 64bit pref]
[    1.320129] pci 0000:00:05.0: [1af4:1000] type 00 class 0x020000 conventional PCI endpoint
[    1.322292] pci 0000:00:05.0: BAR 0 [io  0xc0c0-0xc0df]
[    1.322567] pci 0000:00:05.0: BAR 1 [mem 0xfeb92000-0xfeb92fff]
[    1.322787] pci 0000:00:05008000-0xfe00bfff 64bit pref]
[    1.327425] pci 0000:00:05.0: ROM [mem 0xfeb00000-0xfeb7ffff pref]
[    1.331366] pci 0000:00:06.0: [1af4:1001] type 00 class 0x010000 conventional PCI endpoint
[    1.332363] pci 0000:00:06.0: BAR 0 [io  0xc000-0xc07f]
[    1.332596] pci 0000:00:06.0: feb93fff]
[    1.337749] pci 0000:00:06.0: BAR 4 [mem 0xfe00c000-0xfe00ffff 64bit pref]
[    1.345363] ACPI: PCI: Interrupt link LNKA configured for IRQ 10
[    1.346185] ACPI: PCI: Interrupt link LNKB configured for IRQ 10
[    1.348144] ACPI: PCI: Interrupt link LNKC configured fRQ 11
[    1.350186] ACPI: PCI: Interrupt link LNKD configured for IRQ 11
[    1.350679] ACPI: PCI: Interrupt link LNKS configured for IRQ 9
[    1.353659] iommu: Default domain type: Translated
[    1.353879] iommu: DMA domain TLB invalidation policy: lazy mode
[    1.356741] SCSialized
[    1.358896] ACPI: bus type USB registered
[    1.359506] usbcore: registered new interface driver usbfs
[    1.359959] usbcore: registered new interface driver hub
[    1.360294] usbcore: registered new device driver usb
[    1.360839] pps_core: LinuxPPS API ver. 1 registware ver. 5.3.6 - Copyright 2005-2007 Rodolfo Giometti <giometti@linux.it>
[    1.367906] PTP clock support registered
[    1.382859] PCI: Using ACPI for IRQ routing
[    1.386067] hpet0: at MMIO 0xfed00000, IRQs 2, 8, 0
[    1.386398] hpet0: 3 comparators, 64-bit 100.000000 MHz counter
[    1.392231] clocksource: Switched to clocksource tsc-early
[    1.395545] pnp: PnP ACPI init
[    1.396178] pnp: PnP ACPI: found 6 devices
[    1.410105] clocksource: acpi_pm: mask: 0xffffff max_cycles: 0xffffff, max_idle_ns: 2085701024 ns
[    1.411408] NET: Registered PF_INET protocol family
[    1.412855] IP idents hash table entries: 2048 (order: 2, 16384 bytes, linear)
[    1.419941] tcp_listen_portaddr_has hash table entries: 256 (order: 0, 4096 bytes, linear)
[    1.421023] Table-perturb hash table entries: 65536 (order: 6, 262144 bytes, linear)
[    1.421482] TCP established hash table entries: 1024 (order: 1, 8192 bytes, linear)
[    1.421913] TCP bind hash table entries: 10   1.430673] TCP: Hash tables configured (established 1024 bind 1024)
[    1.433384] MPTCP token hash table entries: 256 (order: 1, 6144 bytes, linear)
[    1.433902] UDP hash table entries: 256 (order: 2, 16384 bytes, linear)
[    1.434366] UDP-Lite hash table entries: 256 (o
[    1.443354] NET: Registered PF_UNIX/PF_LOCAL protocol family
[    1.444600] pci_bus 0000:00: resource 4 [io  0x0000-0x0cf7 window]
[    1.444835] pci_bus 0000:00: resource 5 [io  0x0d00-0xffff window]
[    1.445050] pci_bus 0000:00: resource 6 [mem 0x000a0000-0x000bffff wi0: resource 7 [mem 0x08000000-0xfebfffff window]
[    1.453968] pci_bus 0000:00: resource 8 [mem 0x100000000-0x17fffffff window]
[    1.454823] pci 0000:00:01.0: PIIX3: Enabling Passive Release
[    1.455120] pci 0000:00:00.0: Limiting direct PCI/PCI transfers
[    1.455468] 
[    1.483977] workingset: timestamp_bits=46 max_order=15 bucket_order=0
[    1.486382] squashfs: version 4.0 (2009/01/31) Phillip Lougher
[    1.492332] cryptd: max_cpu_qlen set to 1000
[    1.492782] Block layer SCSI generic (bsg) driver version 0.4 loaded (major 247)
[    1.495933] hyperv_fb: Deprecated: use Hyper-V DRM driver instead
[    1.496228] hv_vmbus: registering driver hyperv_fb
[    1.500119] input: Power Button as /devices/LNXSYSTM:00/LNXPWRBN:00/input/input0
[    1.509370] ACPI: button: Power Button [PWRF]
[    1.675261] ACPI: \_SB_.LNKC: Enabled at IRQ 11
[    1.837454] ACPI: \_SB_.LNKD: Enabled at IRQ 10
[    1.996750] ACPI: \_SB_.LNKA: Enabled at IRQ 10
[    2.156814] ACPI: \_SB_.LNKB: Enabled at IRQ 11
[    2.159705] Serial: 8250/16550 driver, 16 ports, IRQ sharing enabled
[    2.184988] 00:04: ttyS0 at I/O 0x3f8 (irq = 4, base_baud = 115200) is a 16550A
[    2.207753] Non-volatile memory driver v1.3
[    2.218705] Linux agpgart interface v0.103
[    2.219724] ACPI: bus type drm_connector registered
[    2.223989] [drm] Found bochs VGA, ID 0xb0c5.
[    2.224196] [drm] Framebuffer size 16384 kB @ 0xfd000000, mmio @ 0xfeb90000.
[    2.230079] [drm] Initialized bochs-drm 1.0.0 for 0000:00:02.0 on minor 0
[    2.296600] Console: switching to colour frame buffer device 160x50
[    2.307756] bochs-drm 0000:00:02.0: [drm] fb0: bochs-drmdrmfb frame buffer device
[    2.344013] loop: module loaded
[    2.344742] virtio_blk virtio3: 1/0/0 default/read/poll queues
[    2.349414] virtio_blk virtio3: [vda] 246784 512-byte logical blocks (126 MB/121 MiB)
[    2.358343]  vda: vda1 vda2
[    2.360505] Guest personality initialized and is inactive
[    2.361081] VMCI host device registered (name=vmci, major=10, minor=256)
[    2.361350] Initialized host personality
[    2.361691] usbcore: registered new interface driver rtsx_usPVSCSI driver - version 1.0.7.0-k
[    2.369169] hv_vmbus: registering driver hv_storvsc
[    2.385272] scsi host0: ata_piix
[    2.388125] scsi host1: ata_piix
[    2.389081] ata1: PATA max MWDMA2 cmd 0x1f0 ctl 0x3f6 bmdma 0xc0e0 irq 14 lpm-pol 0
[    2.389401] ata2: PATA max MWDMA2 cmd 0x170 ctl 0x376 bmdma 0xc0e8 irq 15 lpm-pol 0
[    2.404898] VMware vmxnet3 virtual NIC driver - version 1.9.0.0-k-NAPI
[    2.405504] hv_vmbus: registering driver hv_netvsc
[    2.405866] Fusion MPT base driver 3.04.20
[    2.406016] Copyright (c) 1999-2008 LSI Corporation
[    2.406397] Fusion MPT SPI Host driver 3.04ost driver 3.04.20
[    2.417873] usbcore: registered new interface driver usb-storage
[    2.419130] i8042: PNP: PS/2 Controller [PNP0303:KBD,PNP0f13:MOU] at 0x60,0x64 irq 1,12
[    2.422528] serio: i8042 KBD port at 0x60,0x64 irq 1
[    2.422902] serio: i8042 AUX port at 0x
[    2.429100] hv_vmbus: registering driver hyperv_keyboard
[    2.430966] rtc_cmos 00:05: RTC can wake from S4
[    2.435457] rtc_cmos 00:05: registered as rtc0
[    2.437434] rtc_cmos 00:05: setting system clock to 2026-05-02T03:39:10 UTC (1777693150)
[    2.439684] rtc_cmos 00:05: alarms up to one day, y3k, 242 bytes nvram, hpet irqs
[    2.441758] intel_powerclamp: CPU does not support MWAIT
[    2.443396] amd_pstate: the _CPC obj SBIOS or ACPI disabled
[    2.450409] sdhci: Secure Digital Host Controller Interface driver
[    2.451773] sdhci: Copyright(c) Pierre Ossman
[    2.453540] VUB300 Driver rom wait states = 1C irqpoll timeout = 0400
[    2.460499] input: AT Translated Set 2 keyboard as /devices/platform/i8042/serio0/input/input1
[    2.477215] usbcore: registered new interface driver vub300
[    2.478919] usbcore: registered new interface driver ushc
[    2.486066] hid: raw HID events driver (C) Jiri Kosina
[    2.488131] hv_vmbus: registering driver hid_hyperv
[    2.490263] usbcore: registered new interface driver usbhid
[    2.491640] usbhid: USB HID core driver
[    2.493094] hv_utils: Registering HyperV Utility Driver
[    2.494462] hv_vmbus: registering driver hv_utils
[4] hv_vmbus: registering driver hv_balloon
[    2.501662] NET: Registered PF_INET6 protocol family
[    2.508399] tsc: Refined TSC clocksource calibration: 2445.425 MHz
[    2.510439] clocksource: tsc: mask: 0xffffffffffffffff max_cycles: 0x233fd71eca6, max_idle_ns: 440795324395 ns
[    2.513191] clocksource: Switched to clocksource tsc
[    2.525133] Segment Routing with IPv6
[    2.526692] In-situ OAM (IOAM) with IPv6
[    2.528676] NET: Registered PF_PACKET protocol family
[    2.530566] bridge: filtering via arp/ip/ip6tables is no longer available by default. Update your scripts to load br_netfilter if y
[    2.539735] 8021q: 802.1Q VLAN Support v1.8
[    2.541729] NET: Registered PF_VSOCK protocol family
[    2.549953] IPI shorthand broadcast: enabled
[    2.569312] sched_clock: Marking stable (2340089461, 227502449)->(2613685709, -46093799)
[    2.600521] ata2: found unknown device (class 0)
[    2.651193] ata2.00: ATAPI: QEMU DVD-ROM, 2.5+, max UDMA/100
[    2.671442] scsi 1:0:0:0: CD-ROM            QEMU     QEMU DVD-ROM     2.5+ PQ: 0 ANSI: 5
[    2.682528] clk: Disabling unused clocks
[    2.694993] check access for rdinit=/init failed: -2, ignoring
[    2.729454] sr 1:0:0:0: [sr0] scsi3-mmc drive: 4x/4x cd/rw xa/form2 tray
[    2.731180] cdrom: Uniform CD-ROM driver Revision: 3.20
[    2.779199] VFS: Mounted root (squashfs filesystem) readonly on device 254:2.
[    2.851160] Freeing unused kernel image (initmem) memory: 2676K
[    2.853038] Write protecting the kernel read-only data: 22528k
[    2.858054] Freeing unused kernel image (text/rodata gap) memory: 2004K
[    2.860317] Freeing unused kernel image (rodata/data gap) memory: 380K
[    2.863705] Run /sbin/init as init process
[    3.137729] init: Console is alive
[    4.287982] kmodloader: loading kernel modules from /etc/modules-boot.d/*
[    4.381173] button_hotplug: loading out-of-tree module taints kernel.
[    4.387458] Button Hotplug driver version 0.4.1
[    4.412299] Intel(R) 2.5G Ethernet Linux Driver
[    4.414061] Copyright(c) 2018 Intel Corporation.
[    4.433580] igb: Intel(R) Gigabit Ethernet Network Driver
[    4.435405] igb: Copyright (c) 2007-2014 Intel Corporation.
[    4.455452] e1000e: Intel(R) PRO/1000 Network Driver
[    4.457217] e1000e: Copyright(c) 1999 - 2015 Intel Corporation.
[    4.473523] kmodloader: done loading kernel modules from /etc/modules-boot.d/*
[    4.492348] init: - preinit -
[    5.470665] 8021q: adding VLAN 0 to HW filter on device eth0
Press the [f] key and hit [enter] to enter failsafe mode
Press the [1], [2], [3] or [4] key and hit [enter] to select the debug level

[   10.108733] loop0: detected capacity change from 0 to 212992
[   10.148157] loop0: detected capacity change from 212992 to 198656
[   10.161122] mount_root: overlay filesystem in /dev/loop0 has not been formatted yet
[   10.510817] EXT4-fs (loop0): mounted filesystem 055abf7a-8b94-47c4-b412-128a8db1bffa r/w with ordered data mode. Quota mode: disabled.
[   10.523758] mount_root: overlay filesystem has not been fully initialized yet
[   10.541188] mount_root: switching to ext4 overlay
[   10.562153] overlayfs: null uuid detected in lower fs '/', falling back to xino=off,index=off,nfs_export=off.
[   11.233565] EXT4-fs (vda1): mounted filesystem 84173db5-fa99-e35a-95c6-28613cc79ea9 r/w without journal. Quota mode: disabled.
[   11.259465] urandom-seed: Seed file not found (/etc/urandom.seed)
[   11.407422] procd: - early -
[   12.149031] procd: - ubus -
[   12.252414] procd: - init -
Please press Enter to activate this console.
root
login[1042]: root login on 'ttyS0'


BusyBox v1.37.0 (2026-04-30 08:42:06 UTC) built-in shell (ash)

  _______                     ________        __
 |       |.-----.-----.-----.|  |  |  |.----.|  |_
 |   -   ||  _  |  -__|     ||  |  |  ||   _||   _|
 |_______||   __|_____|__|__||________||__|  |____|
          |__| W I R E L E S S   F R E E D O M
 -----------------------------------------------------
 OpenWrt SNAPSHOT, r34249-0bef741188
 -----------------------------------------------------

 === WARNING! =====================================
 There is no root password defined on this device!
 Use the "passwd" command to set up a new password
 in order to prevent unauthorized SSH logins.
 --------------------------------------------------

  ___   __ __                _______             __
 |   |_|__|  |--.----.-----.|   |   |-----.-----|  |--.
 |     |  |  _  |   _|  -__||       |  -__|__ --|     |
 |_____|__|_____|__| |_____||__|_|__|_____|_____|__|__|

 ------------------------------------------------------
 LiMe master development (master rev. aebe482 20260416_0843)
 ------------------------------------------------------
 https://libremesh.org
 ------------------------------------------------------
root@(none):~# dmesg -n 1
root@(none):~# echo 'EHVB''YLSNKG'
EHVBYLSNKG
root@LiMe-123456:~# run() { echo -n "$MARKER"; sh -c "$@"; echo "$MARKER $?"; }
root@LiMe-123456:~# echo 'CPQG''OGTJQM'
CPQGOGTJQM
root@LiMe-123456:~# MARKER='SJCE''KUHMNS' run 'ubus wait_for network.interface.l
an'
SJCEKUHMNSSJCEKUHMNS 0
root@LiMe-123456:~# echo 'YTXU''JXBXNT'
YTXUJXBXNT
root@LiMe-123456:~# MARKER='EOTC''UJMNXG' run 'ubus call network.interface.lan s
tatus '"'"'{}'"'"''
EOTCUJMNXG{
	"up": true,
	"pending": false,
	"available": true,
	"autostart": true,
	"dynamic": false,
	"uptime": 1,
	"l3_device": "br-lan",
	"proto": "static",
	"device": "br-lan",
	"updated": [
		"addresses"
	],
	"metric": 0,
	"dns_metric": 0,
	"delegation": true,
	"ipv4-address": [
		{
			"address": "10.13.52.86",
			"mask": 16
		}
	],
	"ipv6-address": [
		{
			"address": "fd0d:fe46:8ce8::12:3456",
			"mask": 64
		}
	],
	"ipv6-prefix": [
		
	],
	"ipv6-prefix-assignment": [
		
	],
	"route": [
		
	],
	"dns-server": [
		
	],
	"dns-search": [
		
	],
	"neighbors": [
		
	],
	"inactive": {
		"ipv4-address": [
			
		],
		"ipv6-address": [
			
		],
		"route": [
			
		],
		"dns-server": [
			
		],
		"dns-search": [
			
		],
		"neighbors": [
			
		]
	},
	"data": {
		
	}
}
EOTCUJMNXG 0
root@LiMe-123456:~# echo 'LLAO''CKMNYP'
LLAOCKMNYP
root@LiMe-123456:~# MARKER='KGSQ''GAZYUP' run true
KGSQGAZYUPKGSQGAZYUP 0
root@LiMe-123456:~# echo 'VQVA''AMXYGK'
VQVAAMXYGK
root@LiMe-123456:~# MARKER='NOSK''MFTOXS' run 'source /etc/os-release; echo $BUI
LD_ID'
NOSKMFTOXSr34249-0bef741188
NOSKMFTOXS 0
root@LiMe-123456:~# echo 'ZLVJ''LTBVCV'
ZLVJLTBVCV
root@LiMe-123456:~# MARKER='XSKY''GNNYFO' run 'ls /etc/dropbear/dropbear_rsa_hos
t_key'
XSKYGNNYFO[0;0m/etc/dropbear/dropbear_rsa_host_key[m
XSKYGNNYFO 0
root@LiMe-123456:~# echo 'OKHX''EQXLYM'
OKHXEQXLYM
root@LiMe-123456:~# MARKER='OVLF''KNZAYS' run 'netstat -tlpn | grep 0.0.0.0:22'
OVLFKNZAYStcp        0      0 0.0.0.0:22              0.0.0.0:*               LISTEN      2097/dropbear
OVLFKNZAYS 0
root@LiMe-123456:~# echo 'KFHB''LBOEVZ'
KFHBLBOEVZ
root@LiMe-123456:~# MARKER='QJTV''WAJNLH' run 'dmesg | grep br-lan | grep forwar
ding'
QJTVWAJNLH[   44.238222] br-lan: port 1(eth0) entered forwarding state
[   48.179348] br-lan: port 2(bat0) entered forwarding state
QJTVWAJNLH 0
root@LiMe-123456:~# echo 'YHAC''KNMLTG'
YHACKNMLTG
root@LiMe-123456:~# MARKER='TGWU''MLLKYT' run 'ubus call network.interface.lan s
tatus '"'"'{}'"'"''
TGWUMLLKYT{
	"up": true,
	"pending": false,
	"available": true,
	"autostart": true,
	"dynamic": false,
	"uptime": 43,
	"l3_device": "br-lan",
	"proto": "static",
	"device": "br-lan",
	"updated": [
		"addresses"
	],
	"metric": 0,
	"dns_metric": 0,
	"delegation": true,
	"ipv4-address": [
		{
			"address": "10.13.52.86",
			"mask": 16
		}
	],
	"ipv6-address": [
		{
			"address": "fd0d:fe46:8ce8::12:3456",
			"mask": 64
		}
	],
	"ipv6-prefix": [
		
	],
	"ipv6-prefix-assignment": [
		
	],
	"route": [
		
	],
	"dns-server": [
		
	],
	"dns-search": [
		
	],
	"neighbors": [
		
	],
	"inactive": {
		"ipv4-address": [
			
		],
		"ipv6-address": [
			
		],
		"route": [
			
		],
		"dns-server": [
			
		],
		"dns-search": [
			
		],
		"neighbors": [
			
		]
	},
	"data": {
		
	}
}
TGWUMLLKYT 0
root@LiMe-123456:~# 