Labgrid Console Logfile for main
Logfile started at 2026-04-23 03:51:19.368725
=== Log starts here ===
c[?7l[2J[0mSeaBIOS (version 1.16.3-debian-1.16.3-2)


iPXE (https://ipxe.org) 00:03.0 CA00 PCI2.10 PnP PMM+06FCAE70+06F0AE70 CA00
Press Ctrl-B to configure iPXE (PCI 00:03.0)...                                                                               




iPXE (https://ipxe.org) 00:05.0 CB00 PCI2.10 PnP PMM 06FCAE70 06F0AE70 CB00
Press Ctrl-B to configure iPXE (PCI 00:05.0)...                                                                               


Booting from Hard Disk...
GRUB loading.....
[0;30;47mWelcome to GRUB![01;01H[0m[2J[H[J[1;1H[?25l[m[H[J[1;1H[2;30HGNU GRUB  version 2.12

[m[4;2H+----------------------------------------------------------------------------+[5;2H|[5;79H|[6;2H|[6;79H|[7;2H|[7;79H|[8;2H|[8;79H|[9;2H|[9;79H|[10;2H|[10;79H|[11;2H|[11;79H|[12;2H|[12;79H|[13;2H|[13;79H|[14;2H|[14;79H|[15;2H|[15;79H|[16;2H+----------------------------------------------------------------------------+[m[17;2H[18;2H[m     Use the ^ and v keys to select which entry is highlighted.          
      Press enter to boot the selected OS, `e' to edit the commands       
      before booting or `c' for a command-line. ESC to return             
      previous menu.                                                      [5;80H [7m[5;3H*OpenWrt                                                                    [m[5;78H[m[m[6;3H OpenWrt (failsafe)                                                         [m[6;78H[m[m[7;3H                                                                            [m[7;78H[m[m[8;3H                                                                            [m[8;78H[m[m[9;3H                                                                            [m[9;78H[m[m[10;3H                                                                            [m[10;78H[m[m[11;3H                                                                            [m[11;78H[m[m[12;3H                                                                            [m[12;78H[m[m[13;3H                                                                            [m[13;78H[m[m[14;3H                                                                            [m[14;78H[m[m[15;3H                                                                            [m[15;78H[m[15;80H [5;78H[2J[02;30HGNU GRUB  version 2.12[04;02H┌────────────────────────────────────────────────────────────────────────────┐[05;02H│[05;79H│[06;02H│[06;79H│[07;02H│[07;79H│[08;02H│[08;79H│[09;02H│[09;79H│[10;02H│[10;79H│[11;02H│[11;79H│[12;02H│[12;79H│[13;02H│[13;79H│[14;02H│[14;79H│[15;02H│[15;79H│[16;02H│[16;79H│[17;02H└──────────────────────────────────────────────────────────────[17;64H[17;65H──────────────┘[19;02H     Use the ↑ and ↓ keys to select which entry is highlighted.          
      Press enter to boot the selected OS, `e' to edit the commands       
      before booting or `c' for a command-lin[21;45H[21;46He. ESC to return             
      previous menu.                                                      [05;80H [05;03H[0;30;47m*OpenWrt                                                                    [06;03H[0m OpenWrt (failsafe)          [06;31H[06;32H                                               [07;03H                                                                            [08;03H                                                                            [09;03H                                                                            [10;03H                                                                            [11;03H                                                                        [11;74H[11;75H    [12;03H                                                                            [13;03H                                                                            [14;03H                                                      [14;56H[14;57H                      [15;03H                                                                            [16;03H                                                                            [16;80H 






   The highlighted entry will be executed automatically in 5s.                [22;1H   The highlighted entry will be executed automatically in 5s.                 [5;78H [05;78H

















   The highlighted entry will be executed automatically in 4s.                [22;1H   The highlighted entry will be executed automatically in 4s.                 [5;78H [05;78H

















   The highlighted entry will be executed automatically in 3s.                [22;1H   The highlighted entry will be executed automatically in 3s.                 [5;78H [05;78H

















   The highlighted entry will be executed automatically in 2s.                [22;1H   The highlighted entry will be executed automatically in 2s.                 [5;78H [05;78H

















   The highlighted entry will be executed automatically in 1s.                [22;1H   The highlighted entry will be executed automatically in 1s.                 [5;78H [05;78H

















   The highlighted entry will be executed automatically in 0s.                [22;1H   The highlighted entry will be executed automatically in 0s.                 [5;78H [01;01H[2J[?25h[H[J[1;1H[H[J[1;1H[2J   Booting `OpenWrt' Booting `OpenWrt

'

[    0.000000] Linux version 6.12.80 (builder@buildhost) (x86_64-openwrt-linux-musl-gcc (OpenWrt GCC 14.3.0 r34100-1bc03924db) 14.3.0, GNU ld (GNU Binutils) 2.44) #0 SMP Wed Apr 22 18:40:23 2026
[    0.000000] Command line: BOOT_IMAGE=/boot/vmlinuz root=PARTUUID=0aa2ffc2-02 rootwait console=tty1 console=ttyS0,115200n8 noinitrd
[    0.000000] BIOS-provided physical RAM map:
[    0.000000] BIOS-e820: [mem 0x0000000000000000-0x000000000009fbff] usable
[    0.000000] BIOS-e820: [mem 0x000000000009fc00-0x000000000009ffff] reserved
[    0.000000] BIOS-e820: [mem 0x00000000000f0000-0x00000000000fffff] reserved
[    0.000000] BIOS-e820: [mem 0x0000000000100000-0x0000000007fdcfff] usable
[    0.000000] BIOS-e820: [mem 0x0000000007fdd000-0x0000000007ffffff] reserved
[    0.000000] BIOS-e820: [mem 0x00000000fffc0000-0x00000000ffffffff] reserved
[    0.000000] BIOS-e820: [mem 0x000000fd00000000-0x000000ffffffffff] reserved
[    0.000000] NX (Execute Disable) protection: active
[    0.000000] APIC: Static calls initialized
[    0.000000] SMBIOS 3.0.0 present.
[    0.000000] DMI: QEMU Standard PC (i440FX + PIIX, 1996), BIOS 1.16.3-debian-1.16.3-2 04/01/2014
[    0.000000] DMI: Memory slots populated: 1/1
[    0.000000] tsc: Fast TSC calibration using PIT
[    0.000000] tsc: Detected 2596.101 MHz processor
[    0.005950] last_pfn = 0x7fdd max_arch_pfn = 0x400000000
[    0.006446] MTRR map: 4 entries (3 fixed + 1 variable; max 19), built from 8 variable MTRRs
[    0.006572] x86/PAT: Configuration [0-7]: WB  WC  UC- UC  WB  WP  UC- WT  
[    0.020566] found SMP MP-table at [mem 0x000f5460-0x000f546f]
[    0.021649] Using GB pages for direct mapping
[    0.025245] ACPI: Early table checksum verification disabled
[    0.025515] ACPI: RSDP 0x00000000000F5290 000014 (v00 BOCHS )
[    0.025751] ACPI: RSDT 0x0000000007FE1C64 000034 (v01 BOCHS  BXPC     00000001 BXPC 00000001)
[    0.026153] ACPI: FACP 0x0000000007FE1B18 000074 (v01 BOCHS  BXPC     00000001 BXPC 00000001)
[    0.026606] ACPI: DSDT 0x0000000007FE0040 001AD8 (v01 BOCHS  BXPC     00000001 BXPC 00000001)
[    0.026658] ACPI: FACS 0x0000000007FE0000 000040
[    0.026695] ACPI: APIC 0x0000000007FE1B8C 000078 (v03 BOCHS  BXPC     00000001 BXPC 00000001)
[    0.026710] ACPI: HPET 0x0000000007FE1C04 000038 (v01 BOCHS  BXPC     00000001 BXPC 00000001)
[    0.026724] ACPI: WAET 0x0000000007FE1C3C 000028 (v01 BOCHS  BXPC     00000001 BXPC 00000001)
[    0.026783] ACPI: Reserving FACP table memory at [mem 0x7fe1b18-0x7fe1b8b]
[    0.026821] ACPI: Reserving DSDT table memory at [mem 0x7fe0040-0x7fe1b17]
[    0.026826] ACPI: Reserving FACS table memory at [mem 0x7fe0000-0x7fe003f]
[    0.026831] ACPI: Reserving APIC table memory at [mem 0x7fe1b8c-0x7fe1c03]
[    0.026835] ACPI: Reserving HPET table memory at [mem 0x7fe1c04-0x7fe1c3b]
[    0.026839] ACPI: Reserving WAET table memory at [mem 0x7fe1c3c-0x7fe1c63]
[    0.029213] Zone ranges:
[    0.029235]   DMA      [mem 0x0000000000001000-0x0000000000ffffff]
[    0.029294]   DMA32    [mem 0x0000000001000000-0x0000000007fdcfff]
[    0.029301]   Normal   empty
[    0.029315] Movable zone start for each node
[    0.029339] Early memory node ranges
[    0.029360]   node   0: [mem 0x0000000000001000-0x000000000009efff]
[    0.029400]   node   0: [mem 0x0000000000100000-0x0000000007fdcfff]
[    0.029493] Initmem setup node 0 [mem 0x0000000000001000-0x0000000007fdcfff]
[    0.030310] On node 0, zone DMA: 1 pages in unavailable ranges
[    0.030687] On node 0, zone DMA: 97 pages in unavailable ranges
[    0.032339] On node 0, zone DMA32: 35 pages in unavailable ranges
[    0.032613] ACPI: PM-Timer IO Port: 0x608
[    0.032939] ACPI: LAPIC_NMI (acpi_id[0xff] dfl dfl lint[0x1])
[    0.033254] IOAPIC[0]: apic_id 0, version 32, address 0xfec00000, GSI 0-23
[    0.033340] ACPI: INT_SRC_OVR (bus 0 bus_irq 0 global_irq 2 dfl dfl)
[    0.033531] ACPI: INT_SRC_OVR (bus 0 bus_irq 5 global_irq 5 high level)
[    0.033567] ACPI: INT_SRC_OVR (bus 0 bus_irq 9 global_irq 9 high level)
[    0.033637] ACPI: INT_SRC_OVR (bus 0 bus_irq 10 global_irq 10 high level)
[    0.033643] ACPI: INT_SRC_OVR (bus 0 bus_irq 11 global_irq 11 high level)
[    0.033781] ACPI: Using ACPI (MADT) for SMP configuration information
[    0.033814] ACPI: HPET id: 0x8086a201 base: 0xfed00000
[    0.034138] CPU topo: Max. logical packages:   1
[    0.034150] CPU topo: Max. logical dies:       1
[    0.034158] CPU topo: Max. dies per package:   1
[    0.034194] CPU topo: Max. threads per core:   1
[    0.034312] CPU topo: Num. cores per package:     1
[    0.034322] CPU topo: Num. threads per package:   1
[    0.034329] CPU topo: Allowing 1 present CPUs plus 0 hotplug CPUs
[    0.035256] [mem 0x08000000-0xfffbffff] available for PCI devices
[    0.035307] Booting paravirtualized kernel on bare hardware
[    0.035537] clocksource: refined-jiffies: mask: 0xffffffff max_cycles: 0xffffffff, max_idle_ns: 19112604462750000 ns
[    0.036072] setup_percpu: NR_CPUS:512 nr_cpumask_bits:1 nr_cpu_ids:1 nr_node_ids:1
[    0.037543] percpu: Embedded 50 pages/cpu s167000 r8192 d29608 u2097152
[    0.039430] Kernel command line: BOOT_IMAGE=/boot/vmlinuz root=PARTUUID=0aa2ffc2-02 rootwait console=tty1 console=ttyS0,115200n8 noinitrd
[    0.040728] random: crng init done
[    0.044714] Dentry cache hash table entries: 16384 (order: 5, 131072 bytes, linear)
[    0.045540] Inode-cache hash table entries: 8192 (order: 4, 65536 bytes, linear)
[    0.047764] Built 1 zonelists, mobility grouping on.  Total pages: 32635
[    0.047951] mem auto-init: stack:off, heap alloc:off, heap free:off
[    0.055682] SLUB: HWalign=64, Order=0-3, MinObjects=0, CPUs=1, Nodes=1
[    0.062078] rcu: Hierarchical RCU implementation.
[    0.062102] rcu: 	RCU restricting CPUs from NR_CPUS=512 to nr_cpu_ids=1.
[    0.062217] 	Tracing variant of Tasks RCU enabled.
[    0.062287] rcu: RCU calculated value of scheduler-enlistment delay is 10 jiffies.
[    0.062310] rcu: Adjusting geometry for rcu_fanout_leaf=16, nr_cpu_ids=1
[    0.063200] RCU Tasks Trace: Setting shift to 0 and lim to 1 rcu_task_cb_adjust=1 rcu_task_cpu_ids=1.
[    0.063302] NR_IRQS: 33024, nr_irqs: 256, preallocated irqs: 16
[    0.070177] rcu: srcu_init: Setting srcu_struct sizes based on contention.
[    0.075512] Console: colour VGA+ 80x25
[    0.075839] printk: legacy console [tty1] enabled
[    0.081820] printk: legacy console [ttyS0] enabled
[    0.329551] ACPI: Core revision 20240827
[    0.333867] clocksource: hpet: mask: 0xffffffff max_cycles: 0xffffffff, max_idle_ns: 19112604467 ns
[    0.337575] APIC: Switch to symmetric I/O mode setup
[    0.341118] ..TIMER: vector=0x30 apic1=0 pin1=2 apic2=-1 pin2=-1
[    0.385339] clocksource: tsc-early: mask: 0xffffffffffffffff max_cycles: 0x256bd8b26d7, max_idle_ns: 440795253218 ns
[    0.385914] Calibrating delay loop (skipped), value calculated using timer frequency.. 5192.20 BogoMIPS (lpj=25961010)
[    0.387409] x86/cpu: User Mode Instruction Prevention (UMIP) activated
[    0.401953] Last level iTLB entries: 4KB 0, 2MB 0, 4MB 0
[    0.402260] Last level dTLB entries: 4KB 0, 2MB 0, 4MB 0, 1GB 0
[    0.403085] Spectre V1 : Mitigation: usercopy/swapgs barriers and __user pointer sanitization
[    0.403720] Spectre V2 : Mitigation: Retpolines
[    0.405864] Spectre V2 : Spectre v2 / SpectreRSB: Filling RSB on context switch and VMEXIT
[    0.406321] Speculative Store Bypass: Vulnerable
[    0.407901] x86/fpu: Supporting XSAVE feature 0x001: 'x87 floating point registers'
[    0.411557] x86/fpu: Supporting XSAVE feature 0x002: 'SSE registers'
[    0.416683] x86/fpu: Supporting XSAVE feature 0x004: 'AVX registers'
[    0.416899] x86/fpu: Supporting XSAVE feature 0x008: 'MPX bounds registers'
[    0.417094] x86/fpu: Supporting XSAVE feature 0x010: 'MPX CSR'
[    0.426009] x86/fpu: xstate_offset[2]:  576, xstate_sizes[2]:  256
[    0.426368] x86/fpu: xstate_offset[3]:  960, xstate_sizes[3]:   64
[    0.426545] x86/fpu: xstate_offset[4]: 1024, xstate_sizes[4]:   64
[    0.426751] x86/fpu: Enabled xstate features 0x1f, context size is 1088 bytes, using 'standard' format.
[    0.626178] Freeing SMP alternatives memory: 40K
[    0.626885] pid_max: default: 32768 minimum: 301
[    0.634193] Mount-cache hash table entries: 512 (order: 0, 4096 bytes, linear)
[    0.634545] Mountpoint-cache hash table entries: 512 (order: 0, 4096 bytes, linear)
[    0.779661] smpboot: CPU0: AMD QEMU TCG CPU version 2.5+ (family: 0x6, model: 0x6, stepping: 0x3)
[    0.803398] Performance Events: PMU not available due to virtualization, using software events only.
[    0.804958] signal: max sigframe size: 1616
[    0.806771] rcu: Hierarchical SRCU implementation.
[    0.806977] rcu: 	Max phase no-delay instances is 1000.
[    0.811623] smp: Bringing up secondary CPUs ...
[    0.815610] smp: Brought up 1 node, 1 CPU
[    0.816760] smpboot: Total of 1 processors activated (5192.20 BogoMIPS)
[    0.822138] Memory: 103200K/130540K available (14336K kernel code, 1167K rwdata, 3984K rodata, 1496K init, 1312K bss, 25628K reserved, 0K cma-reserved)
[    0.835364] clocksource: jiffies: mask: 0xffffffff max_cycles: 0xffffffff, max_idle_ns: 19112604462750000 ns
[    0.836226] futex hash table entries: 256 (order: 2, 16384 bytes, linear)
[    0.837453] pinctrl core: initialized pinctrl subsystem
[    0.854517] NET: Registered PF_NETLINK/PF_ROUTE protocol family
[    0.859563] thermal_sys: Registered thermal governor 'step_wise'
[    0.859595] thermal_sys: Registered thermal governor 'user_space'
[    0.860431] cpuidle: using governor ladder
[    0.860836] cpuidle: using governor menu
[    0.866161] acpiphp: ACPI Hot Plug PCI Controller Driver version: 0.5
[    0.868221] PCI: Using configuration type 1 for base access
[    0.874871] cryptd: max_cpu_qlen set to 1000
[    0.879715] ACPI: Added _OSI(Module Device)
[    0.879883] ACPI: Added _OSI(Processor Device)
[    0.880025] ACPI: Added _OSI(Processor Aggregator Device)
[    0.890802] ACPI: 1 ACPI AML tables successfully acquired and loaded
[    0.904107] ACPI: Interpreter enabled
[    0.904726] ACPI: PM: (supports S0 S5)
[    0.904890] ACPI: Using IOAPIC for interrupt routing
[    0.905341] PCI: Using host bridge windows from ACPI; if necessary, use "pci=nocrs" and report a bug
[    0.905631] PCI: Using E820 reservations for host bridge windows
[    0.916006] ACPI: Enabled 2 GPEs in block 00 to 0F
[    0.948728] ACPI: PCI Root Bridge [PCI0] (domain 0000 [bus 00-ff])
[    0.949641] acpi PNP0A03:00: _OSC: OS supports [ASPM ClockPM Segments MSI HPX-Type3]
[    0.950135] acpi PNP0A03:00: _OSC: not requesting OS control; OS requires [ExtendedConfig ASPM ClockPM MSI]
[    0.951030] acpi PNP0A03:00: fail to add MMCONFIG information, can't access extended configuration space under this bridge
[    0.959391] acpiphp: Slot [3] registered
[    0.959683] acpiphp: Slot [4] registered
[    0.959905] acpiphp: Slot [5] registered
[    0.960088] acpiphp: Slot [6] registered
[    0.966089] acpiphp: Slot [7] registered
[    0.967366] acpiphp: Slot [8] registered
[    0.967558] acpiphp: Slot [9] registered
[    0.967735] acpiphp: Slot [10] registered
[    0.967930] acpiphp: Slot [11] registered
[    0.968126] acpiphp: Slot [12] registered
[    0.968311] acpiphp: Slot [13] registered
[    0.976063] acpiphp: Slot [14] registered
[    0.976393] acpiphp: Slot [15] registered
[    0.976651] acpiphp: Slot [16] registered
[    0.976835] acpiphp: Slot [17] registered
[    0.977024] acpiphp: Slot [18] registered
[    0.977215] acpiphp: Slot [19] registered
[    0.986050] acpiphp: Slot [20] registered
[    0.986345] acpiphp: Slot [21] registered
[    0.986606] acpiphp: Slot [22] registered
[    0.986797] acpiphp: Slot [23] registered
[    0.986982] acpiphp: Slot [24] registered
[    0.987166] acpiphp: Slot [25] registered
[    0.996052] acpiphp: Slot [26] registered
[    0.996327] acpiphp: Slot [27] registered
[    0.996573] acpiphp: Slot [28] registered
[    0.996799] acpiphp: Slot [29] registered
[    0.996990] acpiphp: Slot [30] registered
[    0.997174] acpiphp: Slot [31] registered
[    1.006270] PCI host bridge to bus 0000:00
[    1.006737] pci_bus 0000:00: root bus resource [io  0x0000-0x0cf7 window]
[    1.007037] pci_bus 0000:00: root bus resource [io  0x0d00-0xffff window]
[    1.007225] pci_bus 0000:00: root bus resource [mem 0x000a0000-0x000bffff window]
[    1.015966] pci_bus 0000:00: root bus resource [mem 0x08000000-0xfebfffff window]
[    1.016266] pci_bus 0000:00: root bus resource [mem 0x100000000-0x17fffffff window]
[    1.026042] pci_bus 0000:00: root bus resource [bus 00-ff]
[    1.027186] pci 0000:00:00.0: [8086:1237] type 00 class 0x060000 conventional PCI endpoint
[    1.039022] pci 0000:00:01.0: [8086:7000] type 00 class 0x060100 conventional PCI endpoint
[    1.039713] pci 0000:00:01.1: [8086:7010] type 00 class 0x010180 conventional PCI endpoint
[    1.042257] pci 0000:00:01.1: BAR 4 [io  0xc0e0-0xc0ef]
[    1.046962] pci 0000:00:01.1: BAR 0 [io  0x01f0-0x01f7]: legacy IDE quirk
[    1.047198] pci 0000:00:01.1: BAR 1 [io  0x03f6]: legacy IDE quirk
[    1.047402] pci 0000:00:01.1: BAR 2 [io  0x0170-0x0177]: legacy IDE quirk
[    1.047599] pci 0000:00:01.1: BAR 3 [io  0x0376]: legacy IDE quirk
[    1.056700] pci 0000:00:01.3: [8086:7113] type 00 class 0x068000 conventional PCI endpoint
[    1.057286] pci 0000:00:01.3: quirk: [io  0x0600-0x063f] claimed by PIIX4 ACPI
[    1.057532] pci 0000:00:01.3: quirk: [io  0x0700-0x070f] claimed by PIIX4 SMB
[    1.066525] pci 0000:00:02.0: [1234:1111] type 00 class 0x030000 conventional PCI endpoint
[    1.067236] pci 0000:00:02.0: BAR 0 [mem 0xfd000000-0xfdffffff pref]
[    1.068786] pci 0000:00:02.0: BAR 2 [mem 0xfeb90000-0xfeb90fff]
[    1.071413] pci 0000:00:02.0: ROM [mem 0xfeb80000-0xfeb8ffff pref]
[    1.076208] pci 0000:00:02.0: Video device with shadowed ROM at [mem 0x000c0000-0x000dffff]
[    1.077084] pci 0000:00:03.0: [1af4:1000] type 00 class 0x020000 conventional PCI endpoint
[    1.078291] pci 0000:00:03.0: BAR 0 [io  0xc080-0xc09f]
[    1.080760] pci 0000:00:03.0: BAR 4 [mem 0xfe000000-0xfe003fff 64bit pref]
[    1.086802] pci 0000:00:03.0: ROM [mem 0xfea80000-0xfeafffff pref]
[    1.090508] pci 0000:00:04.0: [1af4:1005] type 00 class 0x00ff00 conventional PCI endpoint
[    1.095833] pci 0000:00:04.0: BAR 0 [io  0xc0a0-0xc0bf]
[    1.100565] pci 0000:00:04.0: BAR 1 [mem 0xfeb91000-0xfeb91fff]
[    1.102616] pci 0000:00:04.0: BAR 4 [mem 0xfe004000-0xfe007fff 64bit pref]
[    1.107558] pci 0000:00:05.0: [1af4:1000] type 00 class 0x020000 conventional PCI endpoint
[    1.109416] pci 0000:00:05.0: BAR 0 [io  0xc0c0-0xc0df]
[    1.112711] pci 0000:00:05.0: BAR 1 [mem 0xfeb92000-0xfeb92fff]
[    1.114405] pci 0000:00:05.0: BAR 4 [mem 0xfe008000-0xfe00bfff 64bit pref]
[    1.115199] pci 0000:00:05.0: ROM [mem 0xfeb00000-0xfeb7ffff pref]
[    1.117849] pci 0000:00:06.0: [1af4:1001] type 00 class 0x010000 conventional PCI endpoint
[    1.123626] pci 0000:00:06.0: BAR 0 [io  0xc000-0xc07f]
[    1.124263] pci 0000:00:06.0: BAR 1 [mem 0xfeb93000-0xfeb93fff]
[    1.125840] pci 0000:00:06.0: BAR 4 [mem 0xfe00c000-0xfe00ffff 64bit pref]
[    1.132323] ACPI: PCI: Interrupt link LNKA configured for IRQ 10
[    1.134421] ACPI: PCI: Interrupt link LNKB configured for IRQ 10
[    1.134853] ACPI: PCI: Interrupt link LNKC configured for IRQ 11
[    1.135298] ACPI: PCI: Interrupt link LNKD configured for IRQ 11
[    1.135584] ACPI: PCI: Interrupt link LNKS configured for IRQ 9
[    1.147400] iommu: Default domain type: Translated
[    1.147583] iommu: DMA domain TLB invalidation policy: lazy mode
[    1.149677] SCSI subsystem initialized
[    1.150492] ACPI: bus type USB registered
[    1.150884] usbcore: registered new interface driver usbfs
[    1.155736] usbcore: registered new interface driver hub
[    1.156025] usbcore: registered new device driver usb
[    1.156431] pps_core: LinuxPPS API ver. 1 registered
[    1.156585] pps_core: Software ver. 5.3.6 - Copyright 2005-2007 Rodolfo Giometti <giometti@linux.it>
[    1.166088] PTP clock support registered
[    1.174741] PCI: Using ACPI for IRQ routing
[    1.177040] hpet0: at MMIO 0xfed00000, IRQs 2, 8, 0
[    1.177352] hpet0: 3 comparators, 64-bit 100.000000 MHz counter
[    1.182799] clocksource: Switched to clocksource tsc-early
[    1.184801] pnp: PnP ACPI init
[    1.184801] pnp: PnP ACPI: found 6 devices
[    1.192182] clocksource: acpi_pm: mask: 0xffffff max_cycles: 0xffffff, max_idle_ns: 2085701024 ns
[    1.193248] NET: Registered PF_INET protocol family
[    1.194185] IP idents hash table entries: 2048 (order: 2, 16384 bytes, linear)
[    1.198363] tcp_listen_portaddr_hash hash table entries: 256 (order: 0, 4096 bytes, linear)
[    1.202970] Table-perturb hash table entries: 65536 (order: 6, 262144 bytes, linear)
[    1.203327] TCP established hash table entries: 1024 (order: 1, 8192 bytes, linear)
[    1.203694] TCP bind hash table entries: 1024 (order: 3, 32768 bytes, linear)
[    1.213667] TCP: Hash tables configured (established 1024 bind 1024)
[    1.215113] MPTCP token hash table entries: 256 (order: 1, 6144 bytes, linear)
[    1.215545] UDP hash table entries: 256 (order: 1, 8192 bytes, linear)
[    1.215882] UDP-Lite hash table entries: 256 (order: 1, 8192 bytes, linear)
[    1.225538] NET: Registered PF_UNIX/PF_LOCAL protocol family
[    1.226547] pci_bus 0000:00: resource 4 [io  0x0000-0x0cf7 window]
[    1.226743] pci_bus 0000:00: resource 5 [io  0x0d00-0xffff window]
[    1.226916] pci_bus 0000:00: resource 6 [mem 0x000a0000-0x000bffff window]
[    1.235230] pci_bus 0000:00: resource 7 [mem 0x08000000-0xfebfffff window]
[    1.235489] pci_bus 0000:00: resource 8 [mem 0x100000000-0x17fffffff window]
[    1.236070] pci 0000:00:01.0: PIIX3: Enabling Passive Release
[    1.246012] pci 0000:00:00.0: Limiting direct PCI/PCI transfers
[    1.246335] PCI: CLS 0 bytes, default 64
[    1.261113] workingset: timestamp_bits=46 max_order=15 bucket_order=0
[    1.263011] squashfs: version 4.0 (2009/01/31) Phillip Lougher
[    1.265068] Block layer SCSI generic (bsg) driver version 0.4 loaded (major 247)
[    1.267685] hv_vmbus: registering driver hyperv_fb
[    1.274169] input: Power Button as /devices/LNXSYSTM:00/LNXPWRBN:00/input/input0
[    1.280072] ACPI: button: Power Button [PWRF]
[    1.388168] ACPI: \_SB_.LNKC: Enabled at IRQ 11
[    1.493661] ACPI: \_SB_.LNKD: Enabled at IRQ 10
[    1.596643] ACPI: \_SB_.LNKA: Enabled at IRQ 10
[    1.700579] ACPI: \_SB_.LNKB: Enabled at IRQ 11
[    1.702190] Serial: 8250/16550 driver, 16 ports, IRQ sharing enabled
[    1.726112] 00:04: ttyS0 at I/O 0x3f8 (irq = 4, base_baud = 115200) is a 16550A
[    1.743673] Non-volatile memory driver v1.3
[    1.752634] Linux agpgart interface v0.103
[    1.753399] ACPI: bus type drm_connector registered
[    1.755941] [drm] Found bochs VGA, ID 0xb0c5.
[    1.756131] [drm] Framebuffer size 16384 kB @ 0xfd000000, mmio @ 0xfeb90000.
[    1.760428] [drm] Found EDID data blob.
[    1.764431] [drm] Initialized bochs-drm 1.0.0 for 0000:00:02.0 on minor 0
[    1.812729] Console: switching to colour frame buffer device 160x50
[    1.820542] bochs-drm 0000:00:02.0: [drm] fb0: bochs-drmdrmfb frame buffer device
[    1.843404] loop: module loaded
[    1.843999] virtio_blk virtio3: 1/0/0 default/read/poll queues
[    1.847670] virtio_blk virtio3: [vda] 246784 512-byte logical blocks (126 MB/121 MiB)
[    1.854760]  vda: vda1 vda2
[    1.856449] Guest personality initialized and is inactive
[    1.856920] VMCI host device registered (name=vmci, major=10, minor=256)
[    1.857151] Initialized host personality
[    1.857426] usbcore: registered new interface driver rtsx_usb
[    1.866050] VMware PVSCSI driver - version 1.0.7.0-k
[    1.866319] hv_vmbus: registering driver hv_storvsc
[    1.877119] scsi host0: ata_piix
[    1.878985] scsi host1: ata_piix
[    1.879632] ata1: PATA max MWDMA2 cmd 0x1f0 ctl 0x3f6 bmdma 0xc0e0 irq 14 lpm-pol 0
[    1.879894] ata2: PATA max MWDMA2 cmd 0x170 ctl 0x376 bmdma 0xc0e8 irq 15 lpm-pol 0
[    1.886426] VMware vmxnet3 virtual NIC driver - version 1.9.0.0-k-NAPI
[    1.887984] hv_vmbus: registering driver hv_netvsc
[    1.888333] Fusion MPT base driver 3.04.20
[    1.888483] Copyright (c) 1999-2008 LSI Corporation
[    1.888787] Fusion MPT SPI Host driver 3.04.20
[    1.889127] Fusion MPT SAS Host driver 3.04.20
[    1.900090] usbcore: registered new interface driver usb-storage
[    1.901075] i8042: PNP: PS/2 Controller [PNP0303:KBD,PNP0f13:MOU] at 0x60,0x64 irq 1,12
[    1.903784] serio: i8042 KBD port at 0x60,0x64 irq 1
[    1.904091] serio: i8042 AUX port at 0x60,0x64 irq 12
[    1.911888] hv_vmbus: registering driver hyperv_keyboard
[    1.913860] rtc_cmos 00:05: RTC can wake from S4
[    1.917839] rtc_cmos 00:05: registered as rtc0
[    1.919898] rtc_cmos 00:05: setting system clock to 2026-04-23T03:51:29 UTC (1776916289)
[    1.922086] rtc_cmos 00:05: alarms up to one day, y3k, 242 bytes nvram, hpet irqs
[    1.924167] intel_powerclamp: CPU does not support MWAIT
[    1.926044] amd_pstate: the _CPC object is not present in SBIOS or ACPI disabled
[    1.932866] sdhci: Secure Digital Host Controller Interface driver
[    1.934471] sdhci: Copyright(c) Pierre Ossman
[    1.936395] VUB300 Driver rom wait states = 1C irqpoll timeout = 0400
[    1.941028] input: AT Translated Set 2 keyboard as /devices/platform/i8042/serio0/input/input1
[    1.957716] usbcore: registered new interface driver vub300
[    1.959576] usbcore: registered new interface driver ushc
[    1.965241] hid: raw HID events driver (C) Jiri Kosina
[    1.967424] hv_vmbus: registering driver hid_hyperv
[    1.969898] usbcore: registered new interface driver usbhid
[    1.971564] usbhid: USB HID core driver
[    1.973279] hv_utils: Registering HyperV Utility Driver
[    1.974903] hv_vmbus: registering driver hv_utils
[    1.976657] hv_vmbus: registering driver hv_balloon
[    1.979525] NET: Registered PF_INET6 protocol family
[    1.991696] Segment Routing with IPv6
[    1.993475] In-situ OAM (IOAM) with IPv6
[    1.995555] NET: Registered PF_PACKET protocol family
[    1.997612] bridge: filtering via arp/ip/ip6tables is no longer available by default. Update your scripts to load br_netfilter if you need this.
[    2.007190] 8021q: 802.1Q VLAN Support v1.8
[    2.009294] NET: Registered PF_VSOCK protocol family
[    2.016423] IPI shorthand broadcast: enabled
[    2.021518] AES CTR mode by8 optimization enabled
[    2.035731] sched_clock: Marking stable (1780067876, 255219178)->(2044816687, -9529633)
[    2.082527] clk: Disabling unused clocks
[    2.108645] ata2: found unknown device (class 0)
[    2.115254] ata2.00: ATAPI: QEMU DVD-ROM, 2.5+, max UDMA/100
[    2.127642] scsi 1:0:0:0: CD-ROM            QEMU     QEMU DVD-ROM     2.5+ PQ: 0 ANSI: 5
[    2.186718] sr 1:0:0:0: [sr0] scsi3-mmc drive: 4x/4x cd/rw xa/form2 tray
[    2.188701] cdrom: Uniform CD-ROM driver Revision: 3.20
[    2.232251] VFS: Mounted root (squashfs filesystem) readonly on device 254:2.
[    2.292558] Freeing unused kernel image (initmem) memory: 1496K
[    2.294623] Write protecting the kernel read-only data: 18432k
[    2.297127] Freeing unused kernel image (rodata/data gap) memory: 112K
[    2.299134] Run /sbin/init as init process
[    2.351955] tsc: Refined TSC clocksource calibration: 2596.079 MHz
[    2.354097] clocksource: tsc: mask: 0xffffffffffffffff max_cycles: 0x256bc42f26f, max_idle_ns: 440795244933 ns
[    2.356409] clocksource: Switched to clocksource tsc
[    2.547704] init: Console is alive
[    3.086232] kmodloader: loading kernel modules from /etc/modules-boot.d/*
[    3.140980] button_hotplug: loading out-of-tree module taints kernel.
[    3.146901] Button Hotplug driver version 0.4.1
[    3.161899] Intel(R) 2.5G Ethernet Linux Driver
[    3.163955] Copyright(c) 2018 Intel Corporation.
[    3.175739] igb: Intel(R) Gigabit Ethernet Network Driver
[    3.177706] igb: Copyright (c) 2007-2014 Intel Corporation.
[    3.189898] e1000e: Intel(R) PRO/1000 Network Driver
[    3.191900] e1000e: Copyright(c) 1999 - 2015 Intel Corporation.
[    3.202787] kmodloader: done loading kernel modules from /etc/modules-boot.d/*
[    3.220237] init: - preinit -
[    3.989954] 8021q: adding VLAN 0 to HW filter on device eth0
Press the [f] key and hit [enter] to enter failsafe mode
Press the [1], [2], [3] or [4] key and hit [enter] to select the debug level

[    8.493246] loop0: detected capacity change from 0 to 212992
[    8.535593] loop0: detected capacity change from 212992 to 199680
[    8.546270] mount_root: overlay filesystem in /dev/loop0 has not been formatted yet
[    9.154020] EXT4-fs (loop0): mounted filesystem 51c61c8e-7eaa-47f5-88ae-94b664898464 r/w with ordered data mode. Quota mode: disabled.
[    9.164921] mount_root: overlay filesystem has not been fully initialized yet
[    9.179193] mount_root: switching to ext4 overlay
[    9.195555] overlayfs: null uuid detected in lower fs '/', falling back to xino=off,index=off,nfs_export=off.
[    9.831675] EXT4-fs (vda1): mounted filesystem 84173db5-fa99-e35a-95c6-28613cc79ea9 r/w without journal. Quota mode: disabled.
[    9.850722] urandom-seed: Seed file not found (/etc/urandom.seed)
[    9.967637] procd: - early -
[   10.646263] procd: - ubus -
[   10.740483] procd: - init -
Please press Enter to activate this console.
root
login[1051]: root login on 'ttyS0'


BusyBox v1.37.0 (2026-04-21 17:42:45 UTC) built-in shell (ash)

  _______                     ________        __
 |       |.-----.-----.-----.|  |  |  |.----.|  |_
 |   -   ||  _  |  -__|     ||  |  |  ||   _||   _|
 |_______||   __|_____|__|__||________||__|  |____|
          |__| W I R E L E S S   F R E E D O M
 -----------------------------------------------------
 OpenWrt SNAPSHOT, r34100-1bc03924db
 -----------------------------------------------------

 === WARNING! =====================================
 There is no root password defined on this device!
 Use the "passwd" command to set up a new password
 in order to prevent unauthorized SSH logins.
 --------------------------------------------------

  ___   __ __                _______             __
 |   |_|__|  |--.----.-----.|   |   |-----.-----|  |--.
 |     |  |  _  |   _|  -__||       |  -__|__ --|     |
 |_____|__|_____|__| |_____||__|_|__|_____|_____|__|__|

 ------------------------------------------------------
 LiMe master development (master rev. aebe482 20260416_0843)
 ------------------------------------------------------
 https://libremesh.org
 ------------------------------------------------------
root@(none):~# dmesg -n 1
root@(none):~# echo 'SPBF''PLZGOP'
SPBFPLZGOP
root@LiMe-123456:~# run() { echo -n "$MARKER"; sh -c "$@"; echo "$MARKER $?"; }
root@LiMe-123456:~# echo 'TJHM''PMEPEU'
TJHMPMEPEU
root@LiMe-123456:~# MARKER='ZUGP''XFUNNC' run 'ubus wait_for network.interface.l
an'
ZUGPXFUNNCZUGPXFUNNC 0
root@LiMe-123456:~# echo 'XZXP''ELKWNO'
XZXPELKWNO
root@LiMe-123456:~# MARKER='EMJL''MHWHJN' run 'ubus call network.interface.lan s
tatus '"'"'{}'"'"''
EMJLMHWHJN{
	"up": true,
	"pending": false,
	"available": true,
	"autostart": true,
	"dynamic": false,
	"uptime": 1,
	"l3_device": "br-lan",
	"proto": "static",
	"device": "br-lan",
	"updated": [
		"addresses"
	],
	"metric": 0,
	"dns_metric": 0,
	"delegation": true,
	"ipv4-address": [
		{
			"address": "10.13.52.86",
			"mask": 16
		}
	],
	"ipv6-address": [
		{
			"address": "fd0d:fe46:8ce8::12:3456",
			"mask": 64
		}
	],
	"ipv6-prefix": [
		
	],
	"ipv6-prefix-assignment": [
		
	],
	"route": [
		
	],
	"dns-server": [
		
	],
	"dns-search": [
		
	],
	"neighbors": [
		
	],
	"inactive": {
		"ipv4-address": [
			
		],
		"ipv6-address": [
			
		],
		"route": [
			
		],
		"dns-server": [
			
		],
		"dns-search": [
			
		],
		"neighbors": [
			
		]
	},
	"data": {
		
	}
}
EMJLMHWHJN 0
root@LiMe-123456:~# echo 'TQPC''QJMENJ'
TQPCQJMENJ
root@LiMe-123456:~# MARKER='UKGZ''UBTMGV' run true
UKGZUBTMGVUKGZUBTMGV 0
root@LiMe-123456:~# echo 'MSFT''XHUOMC'
MSFTXHUOMC
root@LiMe-123456:~# MARKER='HAHM''GUPVJJ' run 'source /etc/os-release; echo $BUI
LD_ID'
HAHMGUPVJJr34100-1bc03924db
HAHMGUPVJJ 0
root@LiMe-123456:~# echo 'NNXX''WZGQMV'
NNXXWZGQMV
root@LiMe-123456:~# MARKER='UJKU''SYGMPN' run 'ls /etc/dropbear/dropbear_rsa_hos
t_key'
UJKUSYGMPN[0;0m/etc/dropbear/dropbear_rsa_host_key[m
UJKUSYGMPN 0
root@LiMe-123456:~# echo 'WMWC''OZEVBN'
WMWCOZEVBN
root@LiMe-123456:~# MARKER='WNFG''TVXFUO' run 'netstat -tlpn | grep 0.0.0.0:22'
WNFGTVXFUOnetstat: showing only processes with your user ID
tcp        0      0 0.0.0.0:22              0.0.0.0:*               LISTEN      2099/dropbear
WNFGTVXFUO 0
root@LiMe-123456:~# echo 'NBSZ''YJOQWH'
NBSZYJOQWH
root@LiMe-123456:~# MARKER='NWEU''FFWEEH' run 'dmesg | grep br-lan | grep forwar
ding'
NWEUFFWEEH[   35.946052] br-lan: port 1(eth0) entered forwarding state
[   37.436892] br-lan: port 2(bat0) entered forwarding state
NWEUFFWEEH 0
root@LiMe-123456:~# echo 'ZGGW''ACPMSB'
ZGGWACPMSB
root@LiMe-123456:~# MARKER='LLNX''KMVZGF' run 'ubus call network.interface.lan s
tatus '"'"'{}'"'"''
LLNXKMVZGF{
	"up": true,
	"pending": false,
	"available": true,
	"autostart": true,
	"dynamic": false,
	"uptime": 34,
	"l3_device": "br-lan",
	"proto": "static",
	"device": "br-lan",
	"updated": [
		"addresses"
	],
	"metric": 0,
	"dns_metric": 0,
	"delegation": true,
	"ipv4-address": [
		{
			"address": "10.13.52.86",
			"mask": 16
		}
	],
	"ipv6-address": [
		{
			"address": "fd0d:fe46:8ce8::12:3456",
			"mask": 64
		}
	],
	"ipv6-prefix": [
		
	],
	"ipv6-prefix-assignment": [
		
	],
	"route": [
		
	],
	"dns-server": [
		
	],
	"dns-search": [
		
	],
	"neighbors": [
		
	],
	"inactive": {
		"ipv4-address": [
			
		],
		"ipv6-address": [
			
		],
		"route": [
			
		],
		"dns-server": [
			
		],
		"dns-search": [
			
		],
		"neighbors": [
			
		]
	},
	"data": {
		
	}
}
LLNXKMVZGF 0
root@LiMe-123456