Labgrid Console Logfile for main
Logfile started at 2026-03-30 23:22:42.235441
=== Log starts here ===
c[?7l[2J[0mSeaBIOS (version 1.16.3-debian-1.16.3-2)


iPXE (https://ipxe.org) 00:03.0 CA00 PCI2.10 PnP PMM+06FCAE70+06F0AE70 CA00
Press Ctrl-B to configure iPXE (PCI 00:03.0)...                                                                               




iPXE (https://ipxe.org) 00:05.0 CB00 PCI2.10 PnP PMM 06FCAE70 06F0AE70 CB00
Press Ctrl-B to configure iPXE (PCI 00:05.0)...                                                                               


Booting from Hard Disk...
GRUB loading.....
[0;30;47mWelcome to GRUB![01;01H[0m[2J[H[J[1;1H[?25l[m[H[J[1;1H[2;30HGNU GRUB  version 2.12

[m[4;2H+----------------------------------------------------------------------------+[5;2H|[5;79H|[6;2H|[6;79H|[7;2H|[7;79H|[8;2H|[8;79H|[9;2H|[9;79H|[10;2H|[10;79H|[11;2H|[11;79H|[12;2H|[12;79H|[13;2H|[13;79H|[14;2H|[14;79H|[15;2H|[15;79H|[16;2H+----------------------------------------------------------------------------+[m[17;2H[18;2H[m     Use the ^ and v keys to select which entry is highlighted.          
      Press enter to boot the selected OS, `e' to edit the commands       
      before booting or `c' for a command-line. ESC to return             
      previous menu.                                                      [5;80H [7m[5;3H*OpenWrt                                                                    [m[5;78H[m[m[6;3H OpenWrt (failsafe)                                                         [m[6;78H[m[m[7;3H                                                                            [m[7;78H[m[m[8;3H                                                                            [m[8;78H[m[m[9;3H                                                                            [m[9;78H[m[m[10;3H                                                                            [m[10;78H[m[m[11;3H                                                                            [m[11;78H[m[m[12;3H                                                                            [m[12;78H[m[m[13;3H                                                                            [m[13;78H[m[m[14;3H                                                                            [m[14;78H[m[m[15;3H                                                                            [m[15;78H[m[15;80H [5;78H[2J[02;30HGNU GRUB  version 2.12[04;02H┌──────────────────────────────────────────────────[04;52H[04;53H──────────────────────────┐[05;02H│[05;79H│[06;02H│[06;79H│[07;02H│[07;79H│[08;02H│[08;79H│[09;02H│[09;79H│[10;02H│[10;79H│[11;02H│[11;79H│[12;02H│[12;79H│[13;02H│[13;79H│[14;02H│[14;79H│[15;02H│[15;79H│[16;02H│[16;79H│[17;02H└────────────────────────────────────────────────────────────────────────────┘[19;02H     Use the ↑ and[19;19H[19;20H ↓ keys to select which entry is highlighted.          
      Press enter to boot the selected OS, `e' to edit the commands       
      before booting or `c' for a command-line. ESC to return             
      previous menu.                                                      [05;80H [05;03H[0;30;47m*OpenWrt                                                                    [06;03H[0m OpenWrt (failsafe)                                                         [07;03H                                                 [07;51H[07;52H                           [08;03H                                                                            [09;03H                                                                            [10;03H                                                                            [11;03H                                                                            [12;03H                                                                            [13;03H                                                                            [14;03H                                                                            [15;03H                                                                            [16;03H                                                                            [16;80H 






   The highlighted entry will be executed automatically in 5s.                [22;1H   The highlighted entry will be executed automatically in 5s.                 [5;78H [05;78H

















   The highlighted entry will be executed automa[23;48H[23;49Htically in 4s.                [22;1H   The highlighted entry will be executed automatically in 4s.                 [5;78H [05;78H

















   The highli[23;13H[23;14Hghted entry will be executed automatically in 3s.                [22;1H   The highlighted entry will be executed automatically in 3s.                 [5;78H [05;78H

















   The highlighted entry will be executed automatically in 2s.                [22;1H   The highlighted entry will be executed automatically in 2s.                 [5;78H [05;78H

















   The highlighted entry will be executed automatically in 1s.                [22;1H   The highlighted entry will be executed automatically in 1s.                 [5;78H [05;78H

















   The highlighted entry will be executed automatically in 0s.     [23;67H[23;68H           [22;1H   The highlighted entry will be executed automatically in 0s.                 [5;78H [01;01H[2J[?25h[H[J[1;1H[H[J[1;1H[2J   Booting `OpenWrt' Booting `OpenWrt

'

[    0.000000] Linux version 6.12.79 (builder@buildhost) (x86_64-openwrt-linux-musl-gcc (OpenWrt GCC 14.3.0 r33710-598b90107e) 14.3.0, GNU ld (GNU Binutils) 2.44) #0 SMP Mon Mar 30 17:35:41 2026
[    0.000000] Command line: BOOT_IMAGE=/boot/vmlinuz root=PARTUUID=cd16e9d6-02 rootwait console=tty1 console=ttyS0,115200n8 noinitrd
[    0.000000] BIOS-provided physical RAM map:
[    0.000000] BIOS-e820: [mem 0x0000000000000000-0x000000000009fbff] usable
[    0.000000] BIOS-e820: [mem 0x000000000009fc00-0x000000000009ffff] reserved
[    0.000000] BIOS-e820: [mem 0x00000000000f0000-0x00000000000fffff] reserved
[    0.000000] BIOS-e820: [mem 0x0000000000100000-0x0000000007fdcfff] usable
[    0.000000] BIOS-e820: [mem 0x0000000007fdd000-0x0000000007ffffff] reserved
[    0.000000] BIOS-e820: [mem 0x00000000fffc0000-0x00000000ffffffff] reserved
[    0.000000] BIOS-e820: [mem 0x000000fd00000000-0x000000ffffffffff] reserved
[    0.000000] NX (Execute Disable) protection: active
[    0.000000] APIC: Static calls initialized
[    0.000000] SMBIOS 3.0.0 present.
[    0.000000] DMI: QEMU Standard PC (i440FX + PIIX, 1996), BIOS 1.16.3-debian-1.16.3-2 04/01/2014
[    0.000000] DMI: Memory slots populated: 1/1
[    0.000000] tsc: Fast TSC calibration using PIT
[    0.000000] tsc: Detected 2596.096 MHz processor
[    0.007761] last_pfn = 0x7fdd max_arch_pfn = 0x400000000
[    0.008390] MTRR map: 4 entries (3 fixed + 1 variable; max 19), built from 8 variable MTRRs
[    0.008554] x86/PAT: Configuration [0-7]: WB  WC  UC- UC  WB  WP  UC- WT  
[    0.026749] found SMP MP-table at [mem 0x000f5460-0x000f546f]
[    0.028201] Using GB pages for direct mapping
[    0.032988] ACPI: Early table checksum verification disabled
[    0.033337] ACPI: RSDP 0x00000000000F5290 000014 (v00 BOCHS )
[    0.033672] ACPI: RSDT 0x0000000007FE1C64 000034 (v01 BOCHS  BXPC     00000001 BXPC 00000001)
[    0.034186] ACPI: FACP 0x0000000007FE1B18 000074 (v01 BOCHS  BXPC     00000001 BXPC 00000001)
[    0.034785] ACPI: DSDT 0x0000000007FE0040 001AD8 (v01 BOCHS  BXPC     00000001 BXPC 00000001)
[    0.034859] ACPI: FACS 0x0000000007FE0000 000040
[    0.034905] ACPI: APIC 0x0000000007FE1B8C 000078 (v03 BOCHS  BXPC     00000001 BXPC 00000001)
[    0.034925] ACPI: HPET 0x0000000007FE1C04 000038 (v01 BOCHS  BXPC     00000001 BXPC 00000001)
[    0.034943] ACPI: WAET 0x0000000007FE1C3C 000028 (v01 BOCHS  BXPC     00000001 BXPC 00000001)
[    0.035017] ACPI: Reserving FACP table memory at [mem 0x7fe1b18-0x7fe1b8b]
[    0.035075] ACPI: Reserving DSDT table memory at [mem 0x7fe0040-0x7fe1b17]
[    0.035082] ACPI: Reserving FACS table memory at [mem 0x7fe0000-0x7fe003f]
[    0.035088] ACPI: Reserving APIC table memory at [mem 0x7fe1b8c-0x7fe1c03]
[    0.035093] ACPI: Reserving HPET table memory at [mem 0x7fe1c04-0x7fe1c3b]
[    0.035099] ACPI: Reserving WAET table memory at [mem 0x7fe1c3c-0x7fe1c63]
[    0.038166] Zone ranges:
[    0.038197]   DMA      [mem 0x0000000000001000-0x0000000000ffffff]
[    0.038276]   DMA32    [mem 0x0000000001000000-0x0000000007fdcfff]
[    0.038286]   Normal   empty
[    0.038303] Movable zone start for each node
[    0.038336] Early memory node ranges
[    0.038363]   node   0: [mem 0x0000000000001000-0x000000000009efff]
[    0.038415]   node   0: [mem 0x0000000000100000-0x0000000007fdcfff]
[    0.038536] Initmem setup node 0 [mem 0x0000000000001000-0x0000000007fdcfff]
[    0.039583] On node 0, zone DMA: 1 pages in unavailable ranges
[    0.040109] On node 0, zone DMA: 97 pages in unavailable ranges
[    0.042393] On node 0, zone DMA32: 35 pages in unavailable ranges
[    0.042762] ACPI: PM-Timer IO Port: 0x608
[    0.043274] ACPI: LAPIC_NMI (acpi_id[0xff] dfl dfl lint[0x1])
[    0.043705] IOAPIC[0]: apic_id 0, version 32, address 0xfec00000, GSI 0-23
[    0.043820] ACPI: INT_SRC_OVR (bus 0 bus_irq 0 global_irq 2 dfl dfl)
[    0.044073] ACPI: INT_SRC_OVR (bus 0 bus_irq 5 global_irq 5 high level)
[    0.044121] ACPI: INT_SRC_OVR (bus 0 bus_irq 9 global_irq 9 high level)
[    0.044213] ACPI: INT_SRC_OVR (bus 0 bus_irq 10 global_irq 10 high level)
[    0.044220] ACPI: INT_SRC_OVR (bus 0 bus_irq 11 global_irq 11 high level)
[    0.044397] ACPI: Using ACPI (MADT) for SMP configuration information
[    0.044439] ACPI: HPET id: 0x8086a201 base: 0xfed00000
[    0.044867] CPU topo: Max. logical packages:   1
[    0.044883] CPU topo: Max. logical dies:       1
[    0.044892] CPU topo: Max. dies per package:   1
[    0.044938] CPU topo: Max. threads per core:   1
[    0.045088] CPU topo: Num. cores per package:     1
[    0.045102] CPU topo: Num. threads per package:   1
[    0.045111] CPU topo: Allowing 1 present CPUs plus 0 hotplug CPUs
[    0.046298] [mem 0x08000000-0xfffbffff] available for PCI devices
[    0.046364] Booting paravirtualized kernel on bare hardware
[    0.046696] clocksource: refined-jiffies: mask: 0xffffffff max_cycles: 0xffffffff, max_idle_ns: 19112604462750000 ns
[    0.047380] setup_percpu: NR_CPUS:512 nr_cpumask_bits:1 nr_cpu_ids:1 nr_node_ids:1
[    0.049288] percpu: Embedded 50 pages/cpu s166808 r8192 d29800 u2097152
[    0.051602] Kernel command line: BOOT_IMAGE=/boot/vmlinuz root=PARTUUID=cd16e9d6-02 rootwait console=tty1 console=ttyS0,115200n8 noinitrd
[    0.053266] random: crng init done
[    0.058392] Dentry cache hash table entries: 16384 (order: 5, 131072 bytes, linear)
[    0.059446] Inode-cache hash table entries: 8192 (order: 4, 65536 bytes, linear)
[    0.062289] Built 1 zonelists, mobility grouping on.  Total pages: 32635
[    0.062515] mem auto-init: stack:off, heap alloc:off, heap free:off
[    0.072578] SLUB: HWalign=64, Order=0-3, MinObjects=0, CPUs=1, Nodes=1
[    0.080634] rcu: Hierarchical RCU implementation.
[    0.080684] rcu: 	RCU restricting CPUs from NR_CPUS=512 to nr_cpu_ids=1.
[    0.080836] 	Tracing variant of Tasks RCU enabled.
[    0.080935] rcu: RCU calculated value of scheduler-enlistment delay is 10 jiffies.
[    0.080965] rcu: Adjusting geometry for rcu_fanout_leaf=16, nr_cpu_ids=1
[    0.082118] RCU Tasks Trace: Setting shift to 0 and lim to 1 rcu_task_cb_adjust=1 rcu_task_cpu_ids=1.
[    0.082249] NR_IRQS: 33024, nr_irqs: 256, preallocated irqs: 16
[    0.091312] rcu: srcu_init: Setting srcu_struct sizes based on contention.
[    0.098368] Console: colour VGA+ 80x25
[    0.098828] printk: legacy console [tty1] enabled
[    0.106769] printk: legacy console [ttyS0] enabled
[    0.360819] ACPI: Core revision 20240827
[    0.366167] clocksource: hpet: mask: 0xffffffff max_cycles: 0xffffffff, max_idle_ns: 19112604467 ns
[    0.370985] APIC: Switch to symmetric I/O mode setup
[    0.375552] ..TIMER: vector=0x30 apic1=0 pin1=2 apic2=-1 pin2=-1
[    0.418122] clocksource: tsc-early: mask: 0xffffffffffffffff max_cycles: 0x256bd440a4d, max_idle_ns: 440795297406 ns
[    0.418903] Calibrating delay loop (skipped), value calculated using timer frequency.. 5192.19 BogoMIPS (lpj=25960960)
[    0.420856] x86/cpu: User Mode Instruction Prevention (UMIP) activated
[    0.439069] Last level iTLB entries: 4KB 0, 2MB 0, 4MB 0
[    0.439491] Last level dTLB entries: 4KB 0, 2MB 0, 4MB 0, 1GB 0
[    0.440587] Spectre V1 : Mitigation: usercopy/swapgs barriers and __user pointer sanitization
[    0.441634] Spectre V2 : Mitigation: Retpolines
[    0.441906] Spectre V2 : Spectre v2 / SpectreRSB: Filling RSB on context switch and VMEXIT
[    0.442344] Speculative Store Bypass: Vulnerable
[    0.450880] x86/fpu: Supporting XSAVE feature 0x001: 'x87 floating point registers'
[    0.459896] x86/fpu: Supporting XSAVE feature 0x002: 'SSE registers'
[    0.460203] x86/fpu: Supporting XSAVE feature 0x004: 'AVX registers'
[    0.460450] x86/fpu: Supporting XSAVE feature 0x008: 'MPX bounds registers'
[    0.461841] x86/fpu: Supporting XSAVE feature 0x010: 'MPX CSR'
[    0.462454] x86/fpu: xstate_offset[2]:  576, xstate_sizes[2]:  256
[    0.462855] x86/fpu: xstate_offset[3]:  960, xstate_sizes[3]:   64
[    0.463086] x86/fpu: xstate_offset[4]: 1024, xstate_sizes[4]:   64
[    0.468840] x86/fpu: Enabled xstate features 0x1f, context size is 1088 bytes, using 'standard' format.
[    0.704326] Freeing SMP alternatives memory: 40K
[    0.705211] pid_max: default: 32768 minimum: 301
[    0.714751] Mount-cache hash table entries: 512 (order: 0, 4096 bytes, linear)
[    0.715227] Mountpoint-cache hash table entries: 512 (order: 0, 4096 bytes, linear)
[    0.867554] smpboot: CPU0: AMD QEMU TCG CPU version 2.5+ (family: 0x6, model: 0x6, stepping: 0x3)
[    0.898398] Performance Events: PMU not available due to virtualization, using software events only.
[    0.901700] signal: max sigframe size: 1616
[    0.905412] rcu: Hierarchical SRCU implementation.
[    0.905932] rcu: 	Max phase no-delay instances is 1000.
[    0.918390] smp: Bringing up secondary CPUs ...
[    0.920874] smp: Brought up 1 node, 1 CPU
[    0.921330] smpboot: Total of 1 processors activated (5192.19 BogoMIPS)
[    0.932734] Memory: 103200K/130540K available (14336K kernel code, 1166K rwdata, 3980K rodata, 1496K init, 1312K bss, 25628K reserved, 0K cma-reserved)
[    0.947435] clocksource: jiffies: mask: 0xffffffff max_cycles: 0xffffffff, max_idle_ns: 19112604462750000 ns
[    0.948327] futex hash table entries: 256 (order: 2, 16384 bytes, linear)
[    0.949738] pinctrl core: initialized pinctrl subsystem
[    0.966410] NET: Registered PF_NETLINK/PF_ROUTE protocol family
[    0.972775] thermal_sys: Registered thermal governor 'step_wise'
[    0.972824] thermal_sys: Registered thermal governor 'user_space'
[    0.973914] cpuidle: using governor ladder
[    0.974449] cpuidle: using governor menu
[    0.978513] acpiphp: ACPI Hot Plug PCI Controller Driver version: 0.5
[    0.981368] PCI: Using configuration type 1 for base access
[    0.990678] cryptd: max_cpu_qlen set to 1000
[    0.996517] ACPI: Added _OSI(Module Device)
[    0.996743] ACPI: Added _OSI(Processor Device)
[    0.996915] ACPI: Added _OSI(Processor Aggregator Device)
[    1.011121] ACPI: 1 ACPI AML tables successfully acquired and loaded
[    1.029194] ACPI: Interpreter enabled
[    1.030091] ACPI: PM: (supports S0 S5)
[    1.030335] ACPI: Using IOAPIC for interrupt routing
[    1.030959] PCI: Using host bridge windows from ACPI; if necessary, use "pci=nocrs" and report a bug
[    1.031343] PCI: Using E820 reservations for host bridge windows
[    1.040674] ACPI: Enabled 2 GPEs in block 00 to 0F
[    1.072566] ACPI: PCI Root Bridge [PCI0] (domain 0000 [bus 00-ff])
[    1.073557] acpi PNP0A03:00: _OSC: OS supports [ASPM ClockPM Segments MSI HPX-Type3]
[    1.074043] acpi PNP0A03:00: _OSC: not requesting OS control; OS requires [ExtendedConfig ASPM ClockPM MSI]
[    1.074952] acpi PNP0A03:00: fail to add MMCONFIG information, can't access extended configuration space under this bridge
[    1.083564] acpiphp: Slot [3] registered
[    1.088807] acpiphp: Slot [4] registered
[    1.089077] acpiphp: Slot [5] registered
[    1.089337] acpiphp: Slot [6] registered
[    1.094625] acpiphp: Slot [7] registered
[    1.096378] acpiphp: Slot [8] registered
[    1.096634] acpiphp: Slot [9] registered
[    1.096866] acpiphp: Slot [10] registered
[    1.097109] acpiphp: Slot [11] registered
[    1.097448] acpiphp: Slot [12] registered
[    1.097680] acpiphp: Slot [13] registered
[    1.099135] acpiphp: Slot [14] registered
[    1.099527] acpiphp: Slot [15] registered
[    1.099776] acpiphp: Slot [16] registered
[    1.100000] acpiphp: Slot [17] registered
[    1.100235] acpiphp: Slot [18] registered
[    1.100502] acpiphp: Slot [19] registered
[    1.109106] acpiphp: Slot [20] registered
[    1.109513] acpiphp: Slot [21] registered
[    1.109777] acpiphp: Slot [22] registered
[    1.110011] acpiphp: Slot [23] registered
[    1.110245] acpiphp: Slot [24] registered
[    1.110510] acpiphp: Slot [25] registered
[    1.119122] acpiphp: Slot [26] registered
[    1.119508] acpiphp: Slot [27] registered
[    1.119753] acpiphp: Slot [28] registered
[    1.128893] acpiphp: Slot [29] registered
[    1.129151] acpiphp: Slot [30] registered
[    1.129428] acpiphp: Slot [31] registered
[    1.139231] PCI host bridge to bus 0000:00
[    1.139787] pci_bus 0000:00: root bus resource [io  0x0000-0x0cf7 window]
[    1.140164] pci_bus 0000:00: root bus resource [io  0x0d00-0xffff window]
[    1.140437] pci_bus 0000:00: root bus resource [mem 0x000a0000-0x000bffff window]
[    1.148926] pci_bus 0000:00: root bus resource [mem 0x08000000-0xfebfffff window]
[    1.149361] pci_bus 0000:00: root bus resource [mem 0x100000000-0x17fffffff window]
[    1.149833] pci_bus 0000:00: root bus resource [bus 00-ff]
[    1.151315] pci 0000:00:00.0: [8086:1237] type 00 class 0x060000 conventional PCI endpoint
[    1.163027] pci 0000:00:01.0: [8086:7000] type 00 class 0x060100 conventional PCI endpoint
[    1.163957] pci 0000:00:01.1: [8086:7010] type 00 class 0x010180 conventional PCI endpoint
[    1.168982] pci 0000:00:01.1: BAR 4 [io  0xc0e0-0xc0ef]
[    1.172895] pci 0000:00:01.1: BAR 0 [io  0x01f0-0x01f7]: legacy IDE quirk
[    1.173232] pci 0000:00:01.1: BAR 1 [io  0x03f6]: legacy IDE quirk
[    1.173486] pci 0000:00:01.1: BAR 2 [io  0x0170-0x0177]: legacy IDE quirk
[    1.173740] pci 0000:00:01.1: BAR 3 [io  0x0376]: legacy IDE quirk
[    1.179850] pci 0000:00:01.3: [8086:7113] type 00 class 0x068000 conventional PCI endpoint
[    1.180650] pci 0000:00:01.3: quirk: [io  0x0600-0x063f] claimed by PIIX4 ACPI
[    1.180972] pci 0000:00:01.3: quirk: [io  0x0700-0x070f] claimed by PIIX4 SMB
[    1.189798] pci 0000:00:02.0: [1234:1111] type 00 class 0x030000 conventional PCI endpoint
[    1.190802] pci 0000:00:02.0: BAR 0 [mem 0xfd000000-0xfdffffff pref]
[    1.192485] pci 0000:00:02.0: BAR 2 [mem 0xfeb90000-0xfeb90fff]
[    1.200542] pci 0000:00:02.0: ROM [mem 0xfeb80000-0xfeb8ffff pref]
[    1.205609] pci 0000:00:02.0: Video device with shadowed ROM at [mem 0x000c0000-0x000dffff]
[    1.206917] pci 0000:00:03.0: [1af4:1000] type 00 class 0x020000 conventional PCI endpoint
[    1.208831] pci 0000:00:03.0: BAR 0 [io  0xc080-0xc09f]
[    1.211332] pci 0000:00:03.0: BAR 4 [mem 0xfe000000-0xfe003fff 64bit pref]
[    1.217534] pci 0000:00:03.0: ROM [mem 0xfea80000-0xfeafffff pref]
[    1.222735] pci 0000:00:04.0: [1af4:1005] type 00 class 0x00ff00 conventional PCI endpoint
[    1.223744] pci 0000:00:04.0: BAR 0 [io  0xc0a0-0xc0bf]
[    1.227466] pci 0000:00:04.0: BAR 1 [mem 0xfeb91000-0xfeb91fff]
[    1.231064] pci 0000:00:04.0: BAR 4 [mem 0xfe004000-0xfe007fff 64bit pref]
[    1.235279] pci 0000:00:05.0: [1af4:1000] type 00 class 0x020000 conventional PCI endpoint
[    1.236333] pci 0000:00:05.0: BAR 0 [io  0xc0c0-0xc0df]
[    1.239541] pci 0000:00:05.0: BAR 1 [mem 0xfeb92000-0xfeb92fff]
[    1.243152] pci 0000:00:05.0: BAR 4 [mem 0xfe008000-0xfe00bfff 64bit pref]
[    1.244025] pci 0000:00:05.0: ROM [mem 0xfeb00000-0xfeb7ffff pref]
[    1.247422] pci 0000:00:06.0: [1af4:1001] type 00 class 0x010000 conventional PCI endpoint
[    1.249742] pci 0000:00:06.0: BAR 0 [io  0xc000-0xc07f]
[    1.250576] pci 0000:00:06.0: BAR 1 [mem 0xfeb93000-0xfeb93fff]
[    1.254674] pci 0000:00:06.0: BAR 4 [mem 0xfe00c000-0xfe00ffff 64bit pref]
[    1.263827] ACPI: PCI: Interrupt link LNKA configured for IRQ 10
[    1.264676] ACPI: PCI: Interrupt link LNKB configured for IRQ 10
[    1.265236] ACPI: PCI: Interrupt link LNKC configured for IRQ 11
[    1.265790] ACPI: PCI: Interrupt link LNKD configured for IRQ 11
[    1.266166] ACPI: PCI: Interrupt link LNKS configured for IRQ 9
[    1.272719] iommu: Default domain type: Translated
[    1.278806] iommu: DMA domain TLB invalidation policy: lazy mode
[    1.281514] SCSI subsystem initialized
[    1.282600] ACPI: bus type USB registered
[    1.283113] usbcore: registered new interface driver usbfs
[    1.285923] usbcore: registered new interface driver hub
[    1.286393] usbcore: registered new device driver usb
[    1.286930] pps_core: LinuxPPS API ver. 1 registered
[    1.287140] pps_core: Software ver. 5.3.6 - Copyright 2005-2007 Rodolfo Giometti <giometti@linux.it>
[    1.289202] PTP clock support registered
[    1.308687] PCI: Using ACPI for IRQ routing
[    1.311183] hpet0: at MMIO 0xfed00000, IRQs 2, 8, 0
[    1.311483] hpet0: 3 comparators, 64-bit 100.000000 MHz counter
[    1.316253] clocksource: Switched to clocksource tsc-early
[    1.316253] pnp: PnP ACPI init
[    1.316593] pnp: PnP ACPI: found 6 devices
[    1.329973] clocksource: acpi_pm: mask: 0xffffff max_cycles: 0xffffff, max_idle_ns: 2085701024 ns
[    1.331425] NET: Registered PF_INET protocol family
[    1.333070] IP idents hash table entries: 2048 (order: 2, 16384 bytes, linear)
[    1.338558] tcp_listen_portaddr_hash hash table entries: 256 (order: 0, 4096 bytes, linear)
[    1.340830] Table-perturb hash table entries: 65536 (order: 6, 262144 bytes, linear)
[    1.341393] TCP established hash table entries: 1024 (order: 1, 8192 bytes, linear)
[    1.341971] TCP bind hash table entries: 1024 (order: 3, 32768 bytes, linear)
[    1.351869] TCP: Hash tables configured (established 1024 bind 1024)
[    1.353989] MPTCP token hash table entries: 256 (order: 1, 6144 bytes, linear)
[    1.354584] UDP hash table entries: 256 (order: 1, 8192 bytes, linear)
[    1.355033] UDP-Lite hash table entries: 256 (order: 1, 8192 bytes, linear)
[    1.364276] NET: Registered PF_UNIX/PF_LOCAL protocol family
[    1.365513] pci_bus 0000:00: resource 4 [io  0x0000-0x0cf7 window]
[    1.365765] pci_bus 0000:00: resource 5 [io  0x0d00-0xffff window]
[    1.365987] pci_bus 0000:00: resource 6 [mem 0x000a0000-0x000bffff window]
[    1.373859] pci_bus 0000:00: resource 7 [mem 0x08000000-0xfebfffff window]
[    1.374244] pci_bus 0000:00: resource 8 [mem 0x100000000-0x17fffffff window]
[    1.374983] pci 0000:00:01.0: PIIX3: Enabling Passive Release
[    1.375328] pci 0000:00:00.0: Limiting direct PCI/PCI transfers
[    1.384809] PCI: CLS 0 bytes, default 64
[    1.405069] workingset: timestamp_bits=46 max_order=15 bucket_order=0
[    1.407624] squashfs: version 4.0 (2009/01/31) Phillip Lougher
[    1.410390] Block layer SCSI generic (bsg) driver version 0.4 loaded (major 247)
[    1.414173] hv_vmbus: registering driver hyperv_fb
[    1.419046] input: Power Button as /devices/LNXSYSTM:00/LNXPWRBN:00/input/input0
[    1.427201] ACPI: button: Power Button [PWRF]
[    1.575695] ACPI: \_SB_.LNKC: Enabled at IRQ 11
[    1.719535] ACPI: \_SB_.LNKD: Enabled at IRQ 10
[    1.860084] ACPI: \_SB_.LNKA: Enabled at IRQ 10
[    2.002592] ACPI: \_SB_.LNKB: Enabled at IRQ 11
[    2.004627] Serial: 8250/16550 driver, 16 ports, IRQ sharing enabled
[    2.029887] 00:04: ttyS0 at I/O 0x3f8 (irq = 4, base_baud = 115200) is a 16550A
[    2.052079] Non-volatile memory driver v1.3
[    2.063838] Linux agpgart interface v0.103
[    2.064917] ACPI: bus type drm_connector registered
[    2.068174] [drm] Found bochs VGA, ID 0xb0c5.
[    2.068404] [drm] Framebuffer size 16384 kB @ 0xfd000000, mmio @ 0xfeb90000.
[    2.074033] [drm] Found EDID data blob.
[    2.079753] [drm] Initialized bochs-drm 1.0.0 for 0000:00:02.0 on minor 0
[    2.142504] Console: switching to colour frame buffer device 160x50
[    2.152653] bochs-drm 0000:00:02.0: [drm] fb0: bochs-drmdrmfb frame buffer device
[    2.182927] loop: module loaded
[    2.183717] virtio_blk virtio3: 1/0/0 default/read/poll queues
[    2.188687] virtio_blk virtio3: [vda] 246784 512-byte logical blocks (126 MB/121 MiB)
[    2.198286]  vda: vda1 vda2
[    2.200553] Guest personality initialized and is inactive
[    2.201259] VMCI host device registered (name=vmci, major=10, minor=256)
[    2.201566] Initialized host personality
[    2.201919] usbcore: registered new interface driver rtsx_usb
[    2.210179] VMware PVSCSI driver - version 1.0.7.0-k
[    2.210534] hv_vmbus: registering driver hv_storvsc
[    2.225358] scsi host0: ata_piix
[    2.228047] scsi host1: ata_piix
[    2.228939] ata1: PATA max MWDMA2 cmd 0x1f0 ctl 0x3f6 bmdma 0xc0e0 irq 14 lpm-pol 0
[    2.229303] ata2: PATA max MWDMA2 cmd 0x170 ctl 0x376 bmdma 0xc0e8 irq 15 lpm-pol 0
[    2.238674] VMware vmxnet3 virtual NIC driver - version 1.9.0.0-k-NAPI
[    2.239280] hv_vmbus: registering driver hv_netvsc
[    2.239698] Fusion MPT base driver 3.04.20
[    2.239871] Copyright (c) 1999-2008 LSI Corporation
[    2.240276] Fusion MPT SPI Host driver 3.04.20
[    2.249716] Fusion MPT SAS Host driver 3.04.20
[    2.251855] usbcore: registered new interface driver usb-storage
[    2.253121] i8042: PNP: PS/2 Controller [PNP0303:KBD,PNP0f13:MOU] at 0x60,0x64 irq 1,12
[    2.256495] serio: i8042 KBD port at 0x60,0x64 irq 1
[    2.256894] serio: i8042 AUX port at 0x60,0x64 irq 12
[    2.263893] hv_vmbus: registering driver hyperv_keyboard
[    2.266492] rtc_cmos 00:05: RTC can wake from S4
[    2.272184] rtc_cmos 00:05: registered as rtc0
[    2.274903] rtc_cmos 00:05: setting system clock to 2026-03-30T23:22:53 UTC (1774912973)
[    2.277671] rtc_cmos 00:05: alarms up to one day, y3k, 242 bytes nvram, hpet irqs
[    2.280454] intel_powerclamp: CPU does not support MWAIT
[    2.285161] amd_pstate: the _CPC object is not present in SBIOS or ACPI disabled
[    2.288003] sdhci: Secure Digital Host Controller Interface driver
[    2.290088] sdhci: Copyright(c) Pierre Ossman
[    2.292513] VUB300 Driver rom wait states = 1C irqpoll timeout = 0400
[    2.299347] input: AT Translated Set 2 keyboard as /devices/platform/i8042/serio0/input/input1
[    2.321303] usbcore: registered new interface driver vub300
[    2.323692] usbcore: registered new interface driver ushc
[    2.331435] hid: raw HID events driver (C) Jiri Kosina
[    2.334448] hv_vmbus: registering driver hid_hyperv
[    2.337553] usbcore: registered new interface driver usbhid
[    2.339731] usbhid: USB HID core driver
[    2.341984] hv_utils: Registering HyperV Utility Driver
[    2.344074] hv_vmbus: registering driver hv_utils
[    2.346605] hv_vmbus: registering driver hv_balloon
[    2.350325] NET: Registered PF_INET6 protocol family
[    2.365031] Segment Routing with IPv6
[    2.367508] In-situ OAM (IOAM) with IPv6
[    2.370032] NET: Registered PF_PACKET protocol family
[    2.372628] bridge: filtering via arp/ip/ip6tables is no longer available by default. Update your scripts to load br_netfilter if you need this.
[    2.381614] 8021q: 802.1Q VLAN Support v1.8
[    2.384382] NET: Registered PF_VSOCK protocol family
[    2.393512] IPI shorthand broadcast: enabled
[    2.400642] AES CTR mode by8 optimization enabled
[    2.418939] sched_clock: Marking stable (2150117739, 266908185)->(2431572705, -14546781)
[    2.451741] tsc: Refined TSC clocksource calibration: 2596.086 MHz
[    2.454399] clocksource: tsc: mask: 0xffffffffffffffff max_cycles: 0x256bcaae0be, max_idle_ns: 440795262884 ns
[    2.467604] ata2: found unknown device (class 0)
[    2.492085] clocksource: Switched to clocksource tsc
[    2.502788] ata2.00: ATAPI: QEMU DVD-ROM, 2.5+, max UDMA/100
[    2.520248] scsi 1:0:0:0: CD-ROM            QEMU     QEMU DVD-ROM     2.5+ PQ: 0 ANSI: 5
[    2.531492] clk: Disabling unused clocks
[    2.579061] sr 1:0:0:0: [sr0] scsi3-mmc drive: 4x/4x cd/rw xa/form2 tray
[    2.581915] cdrom: Uniform CD-ROM driver Revision: 3.20
[    2.639384] VFS: Mounted root (squashfs filesystem) readonly on device 254:2.
[    2.715555] Freeing unused kernel image (initmem) memory: 1496K
[    2.718686] Write protecting the kernel read-only data: 18432k
[    2.722438] Freeing unused kernel image (rodata/data gap) memory: 116K
[    2.725708] Run /sbin/init as init process
[    3.028867] init: Console is alive
[    3.686808] kmodloader: loading kernel modules from /etc/modules-boot.d/*
[    3.768368] button_hotplug: loading out-of-tree module taints kernel.
[    3.775205] Button Hotplug driver version 0.4.1
[    3.802436] Intel(R) 2.5G Ethernet Linux Driver
[    3.805082] Copyright(c) 2018 Intel Corporation.
[    3.821299] igb: Intel(R) Gigabit Ethernet Network Driver
[    3.824056] igb: Copyright (c) 2007-2014 Intel Corporation.
[    3.840603] e1000e: Intel(R) PRO/1000 Network Driver
[    3.843304] e1000e: Copyright(c) 1999 - 2015 Intel Corporation.
[    3.857925] kmodloader: done loading kernel modules from /etc/modules-boot.d/*
[    3.870817] init: - preinit -
[    4.861362] 8021q: adding VLAN 0 to HW filter on device eth0
Press the [f] key and hit [enter] to enter failsafe mode
Press the [1], [2], [3] or [4] key and hit [enter] to select the debug level

[    9.534819] loop0: detected capacity change from 0 to 212992
[    9.587417] loop0: detected capacity change from 212992 to 199680
[    9.601312] mount_root: overlay filesystem in /dev/loop0 has not been formatted yet
[    9.920051] EXT4-fs (loop0): mounted filesystem 60279101-b190-48dc-954d-4321d4143716 r/w with ordered data mode. Quota mode: disabled.
[    9.933759] mount_root: overlay filesystem has not been fully initialized yet
[    9.951850] mount_root: switching to ext4 overlay
[    9.972473] overlayfs: null uuid detected in lower fs '/', falling back to xino=off,index=off,nfs_export=off.
[   10.706476] EXT4-fs (vda1): mounted filesystem 84173db5-fa99-e35a-95c6-28613cc79ea9 r/w without journal. Quota mode: disabled.
[   10.730835] urandom-seed: Seed file not found (/etc/urandom.seed)
[   10.875118] procd: - early -
[   11.595805] procd: - ubus -
[   11.777438] procd: - init -
Please press Enter to activate this console.
root
login[1050]: root login on 'ttyS0'


BusyBox v1.37.0 (2026-03-29 16:52:41 UTC) built-in shell (ash)

  _______                     ________        __
 |       |.-----.-----.-----.|  |  |  |.----.|  |_
 |   -   ||  _  |  -__|     ||  |  |  ||   _||   _|
 |_______||   __|_____|__|__||________||__|  |____|
          |__| W I R E L E S S   F R E E D O M
 -----------------------------------------------------
 OpenWrt SNAPSHOT, r33710-598b90107e
 -----------------------------------------------------

 === WARNING! =====================================
 There is no root password defined on this device!
 Use the "passwd" command to set up a new password
 in order to prevent unauthorized SSH logins.
 --------------------------------------------------

  ___   __ __                _______             __
 |   |_|__|  |--.----.-----.|   |   |-----.-----|  |--.
 |     |  |  _  |   _|  -__||       |  -__|__ --|     |
 |_____|__|_____|__| |_____||__|_|__|_____|_____|__|__|

 ------------------------------------------------------
 LiMe master development (master rev. 7929208 20260304_1752)
 ------------------------------------------------------
 https://libremesh.org
 ------------------------------------------------------
root@(none):~# dmesg -n 1
root@(none):~# echo 'KSNZ''FGFQNU'
KSNZFGFQNU
root@LiMe-123456:~# run() { echo -n "$MARKER"; sh -c "$@"; echo "$MARKER $?"; }
root@LiMe-123456:~# echo 'EAMS''EKGTLQ'
EAMSEKGTLQ
root@LiMe-123456:~# MARKER='USNW''NXNCAP' run 'ubus wait_for network.interface.l
an'
USNWNXNCAPUSNWNXNCAP 0
root@LiMe-123456:~# echo 'AJFU''AZWBFQ'
AJFUAZWBFQ
root@LiMe-123456:~# MARKER='BJOY''JOEFBH' run 'ubus call network.interface.lan s
tatus '"'"'{}'"'"''
BJOYJOEFBH{
	"up": true,
	"pending": false,
	"available": true,
	"autostart": true,
	"dynamic": false,
	"uptime": 1,
	"l3_device": "br-lan",
	"proto": "static",
	"device": "br-lan",
	"updated": [
		"addresses"
	],
	"metric": 0,
	"dns_metric": 0,
	"delegation": true,
	"ipv4-address": [
		{
			"address": "10.13.52.86",
			"mask": 16
		}
	],
	"ipv6-address": [
		{
			"address": "fd0d:fe46:8ce8::12:3456",
			"mask": 64
		}
	],
	"ipv6-prefix": [
		
	],
	"ipv6-prefix-assignment": [
		
	],
	"route": [
		
	],
	"dns-server": [
		
	],
	"dns-search": [
		
	],
	"neighbors": [
		
	],
	"inactive": {
		"ipv4-address": [
			
		],
		"ipv6-address": [
			
		],
		"route": [
			
		],
		"dns-server": [
			
		],
		"dns-search": [
			
		],
		"neighbors": [
			
		]
	},
	"data": {
		
	}
}
BJOYJOEFBH 0
root@LiMe-123456:~# echo 'SETS''YCLTHL'
SETSYCLTHL
root@LiMe-123456:~# MARKER='HXYP''NTOGVF' run true
HXYPNTOGVFHXYPNTOGVF 0
root@LiMe-123456:~# echo 'OWMH''GLJJEH'
OWMHGLJJEH
root@LiMe-123456:~# MARKER='VAHG''SGGFPV' run 'source /etc/os-release; echo $BUI
LD_ID'
VAHGSGGFPVr33710-598b90107e
VAHGSGGFPV 0
root@LiMe-123456:~# echo 'NTVP''KXXJVT'
NTVPKXXJVT
root@LiMe-123456:~# MARKER='UULH''FJCVQG' run 'ls /etc/dropbear/dropbear_rsa_hos
t_key'
UULHFJCVQG[0;0m/etc/dropbear/dropbear_rsa_host_key[m
UULHFJCVQG 0
root@LiMe-123456:~# echo 'ZCSJ''PXWSHH'
ZCSJPXWSHH
root@LiMe-123456:~# MARKER='UGUH''ESJUZY' run 'netstat -tlpn | grep 0.0.0.0:22'
UGUHESJUZYnetstat: showing only processes with your user ID
tcp        0      0 0.0.0.0:22              0.0.0.0:*               LISTEN      2134/dropbear
UGUHESJUZY 0
root@LiMe-123456:~# echo 'UUHX''OZMNPV'
UUHXOZMNPV
root@LiMe-123456:~# MARKER='AKVG''SAXWSF' run 'dmesg | grep br-lan | grep forwar
ding'
AKVGSAXWSF[   47.809429] br-lan: port 1(eth0) entered forwarding state
[   50.830444] br-lan: port 2(bat0) entered forwarding state
AKVGSAXWSF 0
root@LiMe-123456:~# echo 'ZPPM''WWPZCE'
ZPPMWWPZCE
root@LiMe-123456:~# MARKER='SOCW''XKGMOW' run 'ubus call network.interface.lan s
tatus '"'"'{}'"'"''
SOCWXKGMOW{
	"up": true,
	"pending": false,
	"available": true,
	"autostart": true,
	"dynamic": false,
	"uptime": 41,
	"l3_device": "br-lan",
	"proto": "static",
	"device": "br-lan",
	"updated": [
		"addresses"
	],
	"metric": 0,
	"dns_metric": 0,
	"delegation": true,
	"ipv4-address": [
		{
			"address": "10.13.52.86",
			"mask": 16
		}
	],
	"ipv6-address": [
		{
			"address": "fd0d:fe46:8ce8::12:3456",
			"mask": 64
		}
	],
	"ipv6-prefix": [
		
	],
	"ipv6-prefix-assignment": [
		
	],
	"route": [
		
	],
	"dns-server": [
		
	],
	"dns-search": [
		
	],
	"neighbors": [
		
	],
	"inactive": {
		"ipv4-address": [
			
		],
		"ipv6-address": [
			
		],
		"route": [
			
		],
		"dns-server": [
			
		],
		"dns-search": [
			
		],
		"neighbors": [
			
		]
	},
	"data": {
		
	}
}
SOCWXKGMOW 0
root@LiMe-123456:~# 