Labgrid Console Logfile for main
Logfile started at 2026-05-02 02:04:37.206490
=== Log starts here ===
c[?7l[2J[0mSeaBIOS (version 1.16.3-debian-1.16.3-2)


iPXE (https://ipxe.org) 00:03.0 CA00 PCI2.10 PnP PMM+06FCAE70+06F0AE70 CA00
Press Ctrl-B to configure iPXE (PCI 00:03.0)...                                                                               




iPXE (https://ipxe.org) 00:05.0 CB00 PCI2.10 PnP PMM 06FCAE70 06F0AE70 CB00
Press Ctrl-B to configure iPXE (PCI 00:05.0)...                                                                               


Booting from Hard Disk...
GRUB loading.....
[0;30;47mWelcome to GRUB![01;01H[0m[2J[H[J[1;1H[?25l[m[H[J[1;1H[2;30HGNU GRUB  version 2.12

[m[4;2H+----------------------------------------------------------------------------+[5;2H|[5;79H|[6;2H|[6;79H|[7;2H|[7;79H|[8;2H|[8;79H|[9;2H|[9;79H|[10;2H|[10;79H|[11;2H|[11;79H|[12;2H|[12;79H|[13;2H|[13;79H|[14;2H|[14;79H|[15;2H|[15;79H|[16;2H+----------------------------------------------------------------------------+[m[17;2H[18;2H[m     Use the ^ and v keys to select which entry is highlighted.          
      Press enter to boot the selected OS, `e' to edit the commands       
      before booting or `c' for a command-line. ESC to return             
      previous menu.                                                      [5;80H [7m[5;3H*OpenWrt                                                                    [m[5;78H[m[m[6;3H OpenWrt (failsafe)                                                         [m[6;78H[m[m[7;3H                                                                            [m[7;78H[m[m[8;3H                                                                            [m[8;78H[m[m[9;3H                                                                            [m[9;78H[m[m[10;3H                                                                            [m[10;78H[m[m[11;3H                                                                            [m[11;78H[m[m[12;3H                                                                            [m[12;78H[m[m[13;3H                                                                            [m[13;78H[m[m[14;3H                                                                            [m[14;78H[m[m[15;3H                                                                            [m[15;78H[m[15;80H [5;78H[2J[02;30HGNU GRUB  version 2.12[04;02H┌────────────────────────────────────────────────────────────────────────────┐[05;02H│[05;79H│[06;02H│[06;79H│[07;02H│[07;79H│[08;02H│[08;79H│[09;02H│[09;79H│[10;02H│[10;79H│[11;02H│[11;79H│[12;02H│[12;79H│[13;02H│[13;79H│[14;02H│[14;79H│[15;02H│[15;79H│[16;02H│[16;79H│[17;02H└────────────────────────────────────────────────────────────────────────────┘[19;02H     Use the ↑ and ↓ keys to select which entry is highlighted.[19;64H[19;65H          
      Press enter to boot the selected OS, `e' to edit the commands       
      before booting or `c' for a command-line. ESC to return             
      previous menu.                                                      [05;80H [05;03H[0;30;47m*OpenWrt                                                                    [06;03H[0m OpenWrt (failsafe)                                                         [07;03H                                                                            [08;03H                         [08;27H[08;28H                                                   [09;03H                                                                            [10;03H                                                                            [11;03H                                                                            [12;03H                                               [12;49H[12;50H                             [13;03H                                                                            [14;03H                                                                            [15;03H                                                                            [16;03H                                                                            [16;80H 






   The highlighted entry will be executed automatically in 5s.                [22;1H   The highlighted entry will be executed automatically in 5s.                 [5;78H [05;78H

















   The highlighted entry will be executed automatically in 4s.                [22;1H   The highlighted entry will be executed automatically in 4s.                 [5;78H [05;78H

















   The highlighted entry will be executed automatically in 3s.                [22;1H   The highlighted entry will be executed automatically in 3s.                 [5;78H [05;78H

















   The highlighted entry will be exec[23;37H[23;38Huted automatically in 2s.                [22;1H   The highlighted entry will be executed automatically in 2s.                 [5;78H [05;78H

















   [23;03H[23;04HThe highlighted entry will be executed automatically in 1s.                [22;1H   The highlighted entry will be executed automatically in 1s.                 [5;78H [05;78H

















   The highlighted entry will be executed automatically in 0s.                [22;1H   The highlighted entry will be executed automatically in 0s.                 [5;78H [01;01H[2J[?25h[H[J[1;1H[H[J[1;1H[2J   Booting `OpenWrt' Booting `OpenWrt

'

[    0.000000] Linux version 6.18.25 (builder@buildhost) (x86_64-openwrt-linux-musl-gcc (OpenWrt GCC 14.3.0 r34249-0bef741188) 14.3.0, GNU ld (GNU Binutils) 2.44) #0 SMP Fri May  1 18:12:18 2026
[    0.000000] Command line: BOOT_IMAGE=/boot/vmlinuz root=PARTUUID=9ea3d883-02 roonoinitrd
[    0.000000] BIOS-provided physical RAM map:
[    0.000000] BIOS-e820: [mem 0x0000000000000000-0x000000000009fbff] usable
[    0.000000] BIOS-e820: [mem 0x000000000009fc00-0x000000000009ffff] reserved
[    0.000000] BIOS-e820: [mem 0x00000000000f0000-0x00000000000fem 0x0000000000100000-0x0000000007fdcfff] usable
[    0.000000] BIOS-e820: [mem 0x0000000007fdd000-0x0000000007ffffff] reserved
[    0.000000] BIOS-e820: [mem 0x00000000fffc0000-0x00000000ffffffff] reserved
[    0.000000] BIOS-e820: [mem 0x000000fd00000000-0x000000ffffffffff] reservedtion: active
[    0.000000] APIC: Static calls initialized
[    0.000000] SMBIOS 3.0.0 present.
[    0.000000] DMI: QEMU Standard PC (i440FX + PIIX, 1996), BIOS 1.16.3-debian-1.16.3-2 04/01/2014
[    0.000000] DMI: Memory slots populated: 1/1
[    0.000000] tsc: Fast TSC calibrat2445.462 MHz processor
[    0.008773] last_pfn = 0x7fdd max_arch_pfn = 0x10000000000
[    0.009381] MTRR map: 4 entries (3 fixed + 1 variable; max 19), built from 8 variable MTRRs
[    0.009554] x86/PAT: Configuration [0-7]: WB  WC  UC- UC  WB  WP  UC- WT  
[    0.031345] found SMP MP-0.032934] Using GB pages for direct mapping
[    0.037522] ACPI: Early table checksum verification disabled
[    0.037875] ACPI: RSDP 0x00000000000F5290 000014 (v00 BOCHS )
[    0.038169] ACPI: RSDT 0x0000000007FE1C64 000034 (v01 BOCHS  BXPC     00000001 BXPC 00000001)
[    0.038721] CHS  BXPC     00000001 BXPC 00000001)
[    0.039315] ACPI: DSDT 0x0000000007FE0040 001AD8 (v01 BOCHS  BXPC     00000001 BXPC 00000001)
[    0.039410] ACPI: FACS 0x0000000007FE0000 000040
[    0.039465] ACPI: APIC 0x0000000007FE1B8C 000078 (v03 BOCHS  BXPC     00000001 BXPC 00000001)1C04 000038 (v01 BOCHS  BXPC     00000001 BXPC 00000001)
[    0.039510] ACPI: WAET 0x0000000007FE1C3C 000028 (v01 BOCHS  BXPC     00000001 BXPC 00000001)
[    0.039606] ACPI: Reserving FACP table memory at [mem 0x7fe1b18-0x7fe1b8b]
[    0.039642] ACPI: Reserving DSDT table memory 9650] ACPI: Reserving FACS table memory at [mem 0x7fe0000-0x7fe003f]
[    0.039656] ACPI: Reserving APIC table memory at [mem 0x7fe1b8c-0x7fe1c03]
[    0.039662] ACPI: Reserving HPET table memory at [mem 0x7fe1c04-0x7fe1c3b]
[    0.039668] ACPI: Reserving WAET table memory at [me ranges:
[    0.062496]   DMA      [mem 0x0000000000001000-0x0000000000ffffff]
[    0.062573]   DMA32    [mem 0x0000000001000000-0x0000000007fdcfff]
[    0.062602]   Normal   empty
[    0.062627] Movable zone start for each node
[    0.062661] Early memory node ranges
[    0.062690]000009efff]
[    0.062838]   node   0: [mem 0x0000000000100000-0x0000000007fdcfff]
[    0.062981] Initmem setup node 0 [mem 0x0000000000001000-0x0000000007fdcfff]
[    0.064073] On node 0, zone DMA: 1 pages in unavailable ranges
[    0.064518] On node 0, zone DMA: 97 pages in unavailabl32: 35 pages in unavailable ranges
[    0.066366] ACPI: PM-Timer IO Port: 0x608
[    0.066805] ACPI: LAPIC_NMI (acpi_id[0xff] dfl dfl lint[0x1])
[    0.067232] IOAPIC[0]: apic_id 0, version 32, address 0xfec00000, GSI 0-23
[    0.067350] ACPI: INT_SRC_OVR (bus 0 bus_irq 0 global_irq 2 dfl 0 bus_irq 5 global_irq 5 high level)
[    0.067689] ACPI: INT_SRC_OVR (bus 0 bus_irq 9 global_irq 9 high level)
[    0.067785] ACPI: INT_SRC_OVR (bus 0 bus_irq 10 global_irq 10 high level)
[    0.067796] ACPI: INT_SRC_OVR (bus 0 bus_irq 11 global_irq 11 high level)
[    0.067979] ACPI:ormation
[    0.068032] ACPI: HPET id: 0x8086a201 base: 0xfed00000
[    0.068379] CPU topo: Max. logical packages:   1
[    0.068391] CPU topo: Max. logical dies:       1
[    0.068401] CPU topo: Max. dies per package:   1
[    0.068453] CPU topo: Max. threads per core:   1
[        1
[    0.068639] CPU topo: Num. threads per package:   1
[    0.068647] CPU topo: Allowing 1 present CPUs plus 0 hotplug CPUs
[    0.069492] [mem 0x08000000-0xfffbffff] available for PCI devices
[    0.069557] Booting paravirtualized kernel on bare hardware
[    0.069899] cloc_cycles: 0xffffffff, max_idle_ns: 19112604462750000 ns
[    0.070385] setup_percpu: NR_CPUS:512 nr_cpumask_bits:1 nr_cpu_ids:1 nr_node_ids:1
[    0.072198] percpu: Embedded 46 pages/cpu s150552 r8192 d29672 u2097152
[    0.074139] Kernel command line: BOOT_IMAGE=/boot/vmlinuz root=PARTe=ttyS0,115200n8 noinitrd
[    0.075769] random: crng init done
[    0.075849] printk: log buffer data + meta data: 131072 + 458752 = 589824 bytes
[    0.076096] Dentry cache hash table entries: 16384 (order: 5, 131072 bytes, linear)
[    0.076201] Inode-cache hash table entries: 8192 (o] Built 1 zonelists, mobility grouping on.  Total pages: 32635
[    0.078751] mem auto-init: stack:off, heap alloc:off, heap free:off
[    0.087915] SLUB: HWalign=64, Order=0-3, MinObjects=0, CPUs=1, Nodes=1
[    0.096431] rcu: Hierarchical RCU implementation.
[    0.096460] rcu: 	RCU ds=1.
[    0.096622] 	Tracing variant of Tasks RCU enabled.
[    0.096732] rcu: RCU calculated value of scheduler-enlistment delay is 10 jiffies.
[    0.096765] rcu: Adjusting geometry for rcu_fanout_leaf=16, nr_cpu_ids=1
[    0.097897] RCU Tasks Trace: Setting shift to 0 and lim t
[    0.098190] NR_IRQS: 33024, nr_irqs: 256, preallocated irqs: 16
[    0.107615] rcu: srcu_init: Setting srcu_struct sizes based on contention.
[    0.114776] Console: colour VGA+ 80x25
[    0.115202] printk: legacy console [tty1] enabled
[    0.123278] printk: legacy consoCore revision 20250807
[    0.348034] clocksource: hpet: mask: 0xffffffff max_cycles: 0xffffffff, max_idle_ns: 19112604467 ns
[    0.352627] APIC: Switch to symmetric I/O mode setup
[    0.357342] ..TIMER: vector=0x30 apic1=0 pin1=2 apic2=-1 pin2=-1
[    0.399843] clocksource: tsc-early: mask: 0xffffffffffffffff max_cycles: 0x233ff9b3de2, max_idle_ns: 440795281472 ns
[    0.400464] Calibrating delay loop (skipped), value calculated using timer frequency.. 4890.92 BogoMIPS (lpj=24454620)
[    0.402303] x86/cpu: User Mode I (UMIP) activated
[    0.416736] Last level iTLB entries: 4KB 0, 2MB 0, 4MB 0
[    0.417059] Last level dTLB entries: 4KB 0, 2MB 0, 4MB 0, 1GB 0
[    0.420470] mitigations: Enabled attack vectors: user_kernel, user_user, guest_host, guest_guest, SMT mitigations: auto
[    0.421673] Speculative Store Bypass: Vulnerable
[    0.422383] Spectre V2 : Mitigation: Retpolines
[    0.422852] Spectre V1 : Mitigation: usercopy/swapgs barriers and __user pointer sanitization
[    0.423292] Spectre V2 : Spectre v2 / SpectreRSB: Filling RSB on context 
[    0.429795] x86/fpu: Supporting XSAVE feature 0x001: 'x87 floating point registers'
[    0.435390] x86/fpu: Supporting XSAVE feature 0x002: 'SSE registers'
[    0.435653] x86/fpu: Supporting XSAVE feature 0x004: 'AVX registers'
[    0.435881] x86/fpu: Supporting XSAVE feat
[    0.440445] x86/fpu: Supporting XSAVE feature 0x010: 'MPX CSR'
[    0.441056] x86/fpu: xstate_offset[2]:  576, xstate_sizes[2]:  256
[    0.441467] x86/fpu: xstate_offset[3]:  960, xstate_sizes[3]:   64
[    0.441692] x86/fpu: xstate_offset[4]: 1024, xstate_sizes[4]:   64e features 0x1f, context size is 1088 bytes, using 'standard' format.
[    0.796314] Freeing SMP alternatives memory: 48K
[    0.797665] pid_max: default: 32768 minimum: 301
[    0.807573] Mount-cache hash table entries: 512 (order: 0, 4096 bytes, linear)
[    0.807974] Mountpoint-cache hash table entries: 512 (order: 0, 4096 bytes, linear)
[    0.959810] smpboot: CPU0: AMD QEMU TCG CPU version 2.5+ (family: 0x6, model: 0x6, stepping: 0x3)
[    0.960968] Performance Events: PMU not available due to virtualization, using software events only.
[    0.962594] signal: max sigframe size: 1616
[    0.964305] rcu: Hierarchical SRCU implementation.
[    0.964527] rcu: 	Max phase no-delay instances is 1000.
[    0.9695Bringing up secondary CPUs ...
[    0.972190] smp: Brought up 1 node, 1 CPU
[    0.972441] smpboot: Total of 1 processors activated (4890.92 BogoMIPS)
[    0.982135] Memory: 96076K/130540K available (14379K kernel code, 1184K rwdata, 5764K rodata, 2676K init, 2148K bss, 32776K served, 0K cma-reserved)
[    0.995875] clocksource: jiffies: mask: 0xffffffff max_cycles: 0xffffffff, max_idle_ns: 19112604462750000 ns
[    0.996724] posixtimers hash table entries: 512 (order: 1, 8192 bytes, linear)
[    0.997224] futex hash table entries: 256 (16384 bytes on 1 NUMA nodes, total 16 pinctrl core: initialized pinctrl subsystem
[    1.025551] NET: Registered PF_NETLINK/PF_ROUTE protocol family
[    1.034110] thermal_sys: Registered thermal governor 'step_wise'
[    1.034147] thermal_sys: Registered thermal governor 'user_space'
[    1.035111] cpuidle: using governor ladder
[    1.035630] cpuidle: using governor menu
[    1.037397] acpiphp: ACPI Hot Plug PCI Controller Driver version: 0.5
[    1.040055] PCI: Using configuration type 1 for base access
[    1.045824] HugeTLB: registered 2.00 MiB page size, pre-allocated 0 pages
[    1.046115] HugeTLB: 28 KiB vmemmap can be freed for a 2.00 ge
[    1.064723] ACPI: Added _OSI(Module Device)
[    1.064939] ACPI: Added _OSI(Processor Device)
[    1.065104] ACPI: Added _OSI(Processor Aggregator Device)
[    1.079463] ACPI: 1 ACPI AML tables successfully acquired and loaded
[    1.095648] ACPI: Interpreter enabled
[    1.096419] ACPI: PM: (supports S0 S5)
[    1.096624] ACPI: Using IOAPIC for interrupt routing
[    1.097190] PCI: Using host bridge windows from ACPI; if necessary, use "pci=nocrs" and report a bug
[    1.097574] PCI: Using E820 r
[    1.102219] ACPI: Enabled 2 GPEs in block 00 to 0F
[    1.137991] ACPI: PCI Root Bridge [PCI0] (domain 0000 [bus 00-ff])
[    1.138931] acpi PNP0A03:00: _OSC: OS supports [ASPM ClockPM Segments MSI HPX-Type3]
[    1.139392] acpi PNP0A03:00: _OSC: not requesting OS control; OS requires [ExtendedConfig ASPM ClockPM MSI]
[    1.to add MMCONFIG information, can't access extended configuration space under this bridge
[    1.153281] acpiphp: Slot [3] registered
[    1.153607] acpiphp: Slot [4] registered
[    1.153864] acpiphp: Slot [5] registered
[    1.154109] acpiphp: Slot [6] registered
[    1.154373] acpiphp
[    1.159664] acpiphp: Slot [8] registered
[    1.160103] acpiphp: Slot [9] registered
[    1.160435] acpiphp: Slot [10] registered
[    1.160687] acpiphp: Slot [11] registered
[    1.160928] acpiphp: Slot [12] registered
[    1.161208] acpiphp: Slot [13] registered
[    
[    1.170544] acpiphp: Slot [15] registered
[    1.170994] acpiphp: Slot [16] registered
[    1.171419] acpiphp: Slot [17] registered
[    1.171670] acpiphp: Slot [18] registered
[    1.171907] acpiphp: Slot [19] registered
[    1.172183] acpiphp: Slot [20] registered
[  
[    1.180600] acpiphp: Slot [22] registered
[    1.181036] acpiphp: Slot [23] registered
[    1.181417] acpiphp: Slot [24] registered
[    1.181663] acpiphp: Slot [25] registered
[    1.181924] acpiphp: Slot [26] registered
[    1.182175] acpiphp: Slot [27] registered
[  d
[    1.190614] acpiphp: Slot [29] registered
[    1.191059] acpiphp: Slot [30] registered
[    1.191467] acpiphp: Slot [31] registered
[    1.191903] PCI host bridge to bus 0000:00
[    1.192340] pci_bus 0000:00: root bus resource [io  0x0000-0x0cf7 window]
[    1.192733] p0x0d00-0xffff window]
[    1.200471] pci_bus 0000:00: root bus resource [mem 0x000a0000-0x000bffff window]
[    1.201004] pci_bus 0000:00: root bus resource [mem 0x08000000-0xfebfffff window]
[    1.201419] pci_bus 0000:00: root bus resource [mem 0x100000000-0x17fffffff window]
[    1.201856] pci_
[    1.211895] pci 0000:00:00.0: [8086:1237] type 00 class 0x060000 conventional PCI endpoint
[    1.221340] pci 0000:00:01.0: [8086:7000] type 00 class 0x060100 conventional PCI endpoint
[    1.222256] pci 0000:00:01.1: [8086:7010] type 00 class 0x010180 conventional PCI endp77] pci 0000:00:01.1: BAR 4 [io  0xc0e0-0xc0ef]
[    1.227706] pci 0000:00:01.1: BAR 0 [io  0x01f0-0x01f7]: legacy IDE quirk
[    1.228001] pci 0000:00:01.1: BAR 1 [io  0x03f6]: legacy IDE quirk
[    1.228274] pci 0000:00:01.1: BAR 2 [io  0x0170-0x0177]: legacy IDE quirk
[    1.228530] cy IDE quirk
[    1.231445] pci 0000:00:01.3: [8086:7113] type 00 class 0x068000 conventional PCI endpoint
[    1.232075] pci 0000:00:01.3: quirk: [io  0x0600-0x063f] claimed by PIIX4 ACPI
[    1.240376] pci 0000:00:01.3: quirk: [io  0x0700-0x070f] claimed by PIIX4 SMB
[    1.241156] pci s 0x030000 conventional PCI endpoint
[    1.250846] pci 0000:00:02.0: BAR 0 [mem 0xfd000000-0xfdffffff pref]
[    1.251178] pci 0000:00:02.0: BAR 2 [mem 0xfeb90000-0xfeb90fff]
[    1.251402] pci 0000:00:02.0: ROM [mem 0xfeb80000-0xfeb8ffff pref]
[    1.251831] pci 0000:00:02.0: Video device0x000dffff]
[    1.261483] pci 0000:00:03.0: [1af4:1000] type 00 class 0x020000 conventional PCI endpoint
[    1.262726] pci 0000:00:03.0: BAR 0 [io  0xc080-0xc09f]
[    1.263014] pci 0000:00:03.0: BAR 4 [mem 0xfe000000-0xfe003fff 64bit pref]
[    1.263306] pci 0000:00:03.0: ROM [mem 0
[    1.276776] pci 0000:00:04.0: [1af4:1005] type 00 class 0x00ff00 conventional PCI endpoint
[    1.277785] pci 0000:00:04.0: BAR 0 [io  0xc0a0-0xc0bf]
[    1.278010] pci 0000:00:04.0: BAR 1 [mem 0xfeb91000-0xfeb91fff]
[    1.278242] pci 0000:00:04.0: BAR 4 [mem 0xfe004000-0
[    1.283880] pci 0000:00:05.0: [1af4:1000] type 00 class 0x020000 conventional PCI endpoint
[    1.285684] pci 0000:00:05.0: BAR 0 [io  0xc0c0-0xc0df]
[    1.285913] pci 0000:00:05.0: BAR 1 [mem 0xfeb92000-0xfeb92fff]
[    1.286147] pci 0000:00:05.0: BAR 4 [mem 0xfe008000-071] pci 0000:00:05.0: ROM [mem 0xfeb00000-0xfeb7ffff pref]
[    1.302179] pci 0000:00:06.0: [1af4:1001] type 00 class 0x010000 conventional PCI endpoint
[    1.303100] pci 0000:00:06.0: BAR 0 [io  0xc000-0xc07f]
[    1.303345] pci 0000:00:06.0: BAR 1 [mem 0xfeb93000-0xfeb93fff]
[    1.30BAR 4 [mem 0xfe00c000-0xfe00ffff 64bit pref]
[    1.316908] ACPI: PCI: Interrupt link LNKA configured for IRQ 10
[    1.317748] ACPI: PCI: Interrupt link LNKB configured for IRQ 10
[    1.318384] ACPI: PCI: Interrupt link LNKC configured for IRQ 11
[    1.318993] ACPI: PCI: Interruink LNKD configured for IRQ 11
[    1.320458] ACPI: PCI: Interrupt link LNKS configured for IRQ 9
[    1.323449] iommu: Default domain type: Translated
[    1.323666] iommu: DMA domain TLB invalidation policy: lazy mode
[    1.326549] SCSI subsystem initialized
[    1.327623] ACPB registered
[    1.331065] usbcore: registered new interface driver usbfs
[    1.331602] usbcore: registered new interface driver hub
[    1.331938] usbcore: registered new device driver usb
[    1.332486] pps_core: LinuxPPS API ver. 1 registered
[    1.332685] pps_core: Softwadolfo Giometti <giometti@linux.it>
[    1.340658] PTP clock support registered
[    1.352451] PCI: Using ACPI for IRQ routing
[    1.354891] hpet0: at MMIO 0xfed00000, IRQs 2, 8, 0
[    1.355172] hpet0: 3 comparators, 64-bit 100.000000 MHz counter
[    1.361214] clocksource: Switched to clocksource tsc-early
[    1.364580] pnp: PnP ACPI init
[    1.368751] pnp: PnP ACPI: found 6 devices
[    1.383115] clocksource: acpi_pm: mask: 0xffffff max_cycles: 0xffffff, max_idle_ns: 2085701024 ns
[    1.384399] NET: Registered PF_INET protocol family
[    1.385504] IP idents hash table entries: 2048 (order: 2, 16384 bytes, linear)
[    1.391142] tcp_listen_portaddr_hasble entries: 256 (order: 0, 4096 bytes, linear)
[    1.393827] Table-perturb hash table entries: 65536 (order: 6, 262144 bytes, linear)
[    1.394312] TCP established hash table entries: 1024 (order: 1, 8192 bytes, linear)
[    1.394742] TCP bind hash table entries: 1024 (orde93] TCP: Hash tables configured (established 1024 bind 1024)
[    1.406241] MPTCP token hash table entries: 256 (order: 1, 6144 bytes, linear)
[    1.406767] UDP hash table entries: 256 (order: 2, 16384 bytes, linear)
[    1.407232] UDP-Lite hash table entries: 256 (order: 2,  1.413992] NET: Registered PF_UNIX/PF_LOCAL protocol family
[    1.416730] pci_bus 0000:00: resource 4 [io  0x0000-0x0cf7 window]
[    1.416993] pci_bus 0000:00: resource 5 [io  0x0d00-0xffff window]
[    1.417211] pci_bus 0000:00: resource 6 [mem 0x000a0000-0x000bffff window]ource 7 [mem 0x08000000-0xfebfffff window]
[    1.427312] pci_bus 0000:00: resource 8 [mem 0x100000000-0x17fffffff window]
[    1.427959] pci 0000:00:01.0: PIIX3: Enabling Passive Release
[    1.428284] pci 0000:00:00.0: Limiting direct PCI/PCI transfers
[    1.428595] PCI: C
[    1.456376] workingset: timestamp_bits=46 max_order=15 bucket_order=0
[    1.458719] squashfs: version 4.0 (2009/01/31) Phillip Lougher
[    1.464611] cryptd: max_cpu_qlen set to 1000
[    1.465081] Block layer SCSI generic (bsg) driver version 0.4 loaded (major 247)
[    1.468210] hyperv_fb: Deprecated: use Hyper-V DRM driver instead
[    1.468498] hv_vmbus: registering driver hyperv_fb
[    1.471749] input: Power Button as /devices/LNXSYSTM:00/LNXPWRBN:00/input/input0
[    1.480562] ACPI: button: Power Button [PWRF]
[    1.649121] ACPI: \_SB_.LNKC: Enabled at IRQ 11
[    1.815908] ACPI: \_SB_.LNKD: Enabled at IRQ 10
[    1.978383] ACPI: \_SB_.LNKA: Enabled at IRQ 10
[    2.139809] ACPI: \_SB_.LNKB: Enabled at IRQ 11
[    2.142474] Serial: 8250/16550 driver, 16 ports, IRQ sharing enabled
[    2.167563] 00:04: ttyS0 at I/O 0x3f8 (irq = 4, base_baud = 115200) is a 16550A
[    2.190414] Non-volatile memory driver v1.3
[    2.201521] Linux agpgart interface v0.103
[    2.202886] ACPI: bus type drm_connector registered
[    2.207176] [drm] Found bochs VGA, ID 0xb0c5.
[    2.207390] [drm] Framebuffer size 16384 kB @ 0xfd000000, mmio @ 0xfeb90000.
[    2.213414] [drm] Initialized bochs-drm 1.0.0 for 0000:00:02.0 on minor 0
[    2.280798] Console: switching to colour frame buffer device 160x50
[    2.292006] bochs-drm 0000:00:02.0: [drm] fb0: bochs-drmdrmfb frame buffer device
[    2.328271] loop: module loaded
[    2.328992] virtio_blk virtio3: 1/0/0 default/read/poll queues
[    2.333702] virtio_blk virtio3: [vda] 246784 512-byte logical blocks (126 MB/121 MiB)
[    2.342985]  vda: vda1 vda2
[    2.345133] Guest personality initialized and is inactive
[    2.345716] VMCI host device registered (name=vmci, major=10, minor=256)
[    2.345960] Initialized host personality
[    2.346325] usbcore: registered new interface driver rtsx_usPVSCSI driver - version 1.0.7.0-k
[    2.353946] hv_vmbus: registering driver hv_storvsc
[    2.370315] scsi host0: ata_piix
[    2.373222] scsi host1: ata_piix
[    2.374195] ata1: PATA max MWDMA2 cmd 0x1f0 ctl 0x3f6 bmdma 0xc0e0 irq 14 lpm-pol 0
[    2.374494] ata2: PATA max MWDMA2 cmd 0x170 ctl 0x376 bmdma 0xc0e8 irq 15 lpm-pol 0
[    2.389919] VMware vmxnet3 virtual NIC driver - version 1.9.0.0-k-NAPI
[    2.390542] hv_vmbus: registering driver hv_netvsc
[    2.390903] Fusion MPT base driver 3.04.20
[    2.391077] Copyright (c) 1999-2008 LSI Corporation
[    2.391441] Fusion MPT SPI Host driver 3.04Host driver 3.04.20
[    2.402658] usbcore: registered new interface driver usb-storage
[    2.403941] i8042: PNP: PS/2 Controller [PNP0303:KBD,PNP0f13:MOU] at 0x60,0x64 irq 1,12
[    2.407389] serio: i8042 KBD port at 0x60,0x64 irq 1
[    2.407763] serio: i8042 AUX port at 0x6
[    2.413987] hv_vmbus: registering driver hyperv_keyboard
[    2.415787] rtc_cmos 00:05: RTC can wake from S4
[    2.420096] rtc_cmos 00:05: registered as rtc0
[    2.421931] rtc_cmos 00:05: setting system clock to 2026-05-02T02:04:49 UTC (1777687489)
[    2.423951] rtc_cmos 00:05: alarms up to one day, y3k, 242 bytes nvram, hpet irqs
[    2.426584] intel_powerclamp: CPU does not support MWAIT
[    2.428186] amd_pstate: the _CPC object is not present in SBIOS or ACPI disabled
[    2.429854] sdhci: Secure Digital Host Controller Interface driver
[    2opyright(c) Pierre Ossman
[    2.437531] VUB300 Driver rom wait states = 1C irqpoll timeout = 0400
[    2.443873] input: AT Translated Set 2 keyboard as /devices/platform/i8042/serio0/input/input1
[    2.460630] usbcore: registered new interface driver vub300
[    2.462231] usbcore: registered new interface driver ushc
[    2.469435] hid: raw HID events driver (C) Jiri Kosina
[    2.471463] hv_vmbus: registering driver hid_hyperv
[    2.473781] usbcore: registered new interface driver usbhid
[    2.475178] usbhid: USB HID core driver
[    2.476632] hv_utils: Registering HyperV Utility Driver
[    2.477981] hv_vmbus: registering driver hv_utils
[9] hv_vmbus: registering driver hv_balloon
[    2.485119] NET: Registered PF_INET6 protocol family
[    2.499601] Segment Routing with IPv6
[    2.501266] In-situ OAM (IOAM) with IPv6
[    2.503232] NET: Registered PF_PACKET protocol family
[    2.505120] bridge: filtering via arp/ip/ip6tables is no longer available by default. Update your scripts to load br_netfilter if y
[    2.514246] tsc: Refined TSC clocksource calibration: 2445.447 MHz
[    2.516041] clocksource: tsc: mask: 0xffffffffffffffff max_cycles: 0x233feb71e1f, max_idle_ns: 440795232043 ns
[    2.517726] clocksource: Switched to clocksource tsc
[    2.523256] 8021q: 802.1Q VLAN Su v1.8
[    2.526815] NET: Registered PF_VSOCK protocol family
[    2.534909] IPI shorthand broadcast: enabled
[    2.553934] sched_clock: Marking stable (2320056750, 232219872)->(2620888659, -68612037)
[    2.583692] ata2: found unknown device (class 0)
[    2.614255] ata2.00: ATAPI: QEMU DVD-ROM, 2.5+, max UDMA/100
[    2.654884] scsi 1:0:0:0: CD-ROM            QEMU     QEMU DVD-ROM     2.5+ PQ: 0 ANSI: 5
[    2.666004] clk: Disabling unused clocks
[    2.677798] check access for rdinit=/init failed: -2, ignoring
[    2.714189] sr 1:0:0:0: [sr0] scsi3-mmc drive: 4x/4x cd/rw xa/form2 tray
[    2.715876] cdrom: Uniform CD-ROM driver Revision: 3.20
[    2.754038] VFS: Mounted root (squashfs filesystem) readonly on device 254:2.
[    2.825744] Freeing unused kernel image (initmem) memory: 2676K
[    2.827559] Write protecting the kernel read-only data: 22528k
[    2.832535] Freeing unused kernel image (text/rodata gap) memory: 2004K
[    2.834695] Freeing unused kernel image (rodata/data gap) memory: 380K
[    2.838232] Run /sbin/init as init process
[    3.142289] init: Console is alive
[    4.133093] kmodloader: loading kernel modules from /etc/modules-boot.d/*
[    4.218481] button_hotplug: loading out-of-tree module taints kernel.
[    4.225709] Button Hotplug driver version 0.4.1
[    4.249556] Intel(R) 2.5G Ethernet Linux Driver
[    4.251291] Copyright(c) 2018 Intel Corporation.
[    4.270737] igb: Intel(R) Gigabit Ethernet Network Driver
[    4.272558] igb: Copyright (c) 2007-2014 Intel Corporation.
[    4.291833] e1000e: Intel(R) PRO/1000 Network Driver
[    4.293624] e1000e: Copyright(c) 1999 - 2015 Intel Corporation.
[    4.309291] kmodloader: done loading kernel modules from /etc/modules-boot.d/*
[    4.328191] init: - preinit -
[    5.299730] 8021q: adding VLAN 0 to HW filter on device eth0
Press the [f] key and hit [enter] to enter failsafe mode
Press the [1], [2], [3] or [4] key and hit [enter] to select the debug level
[    9.956251] loop0: detected capacity change from 0 to 212992
[   10.002807] loop0: detected capacity change from 212992 to 200704
[   10.015747] mount_root: overlay filesystem in /dev/loop0 has not been formatted yet
[   10.339902] EXT4-fs (loop0): mounted filesystem f894d7fd-245d-4f03-8a77-d7fc4b71ad65 r/w with ordered data mode. Quota mode: disabled.
[   10.353318] mount_root: overlay filesystem has not been fully initialized yet
[   10.370487] mount_root: switching to ext4 overlay
[   10.391219] overlayfs: null uuid detected in lower fs '/', falling back to xino=off,index=off,nfs_export=off.
[   11.067724] EXT4-fs (vda1): mounted filesystem 84173db5-fa99-e35a-95c6-28613cc79ea9 r/w without journal. Quota mode: disabled.
[   11.091215] urandom-seed: Seed file not found (/etc/urandom.seed)
[   11.236697] procd: - early -
[   11.990445] procd: - ubus -
[   12.095280] procd: - init -
Please press Enter to activate this console.
root
login[1046]: root login on 'ttyS0'


BusyBox v1.37.0 (2026-01-02 17:07:02 UTC) built-in shell (ash)

  _______                     ________        __
 |       |.-----.-----.-----.|  |  |  |.----.|  |_
 |   -   ||  _  |  -__|     ||  |  |  ||   _||   _|
 |_______||   __|_____|__|__||________||__|  |____|
          |__| W I R E L E S S   F R E E D O M
 -----------------------------------------------------
 OpenWrt SNAPSHOT, r34249-0bef741188
 -----------------------------------------------------

 === WARNING! =====================================
 There is no root password defined on this device!
 Use the "passwd" command to set up a new password
 in order to prevent unauthorized SSH logins.
 --------------------------------------------------

root@(none):~# dmesg -n 1
root@(none):~# echo 'GTXU''LEWTVW'
GTXULEWTVW
root@(none):~# run() { echo -n "$MARKER"; sh -c "$@"; echo "$MARKER $?"; }
root@(none):~# echo 'GFJG''PHYJAT'
GFJGPHYJAT
root@(none):~# MARKER='XANW''YLHQNC' run 'ubus wait_for network.interface.lan'
XANWYLHQNCXANWYLHQNC 0
root@OpenWrt:~# echo 'YGEV''ANWFVY'
YGEVANWFVY
root@OpenWrt:~# MARKER='FHHO''OTYXGB' run 'ubus call network.interface.lan statu
s '"'"'{}'"'"''
FHHOOTYXGB{
	"up": true,
	"pending": false,
	"available": true,
	"autostart": true,
	"dynamic": false,
	"uptime": 0,
	"l3_device": "br-lan",
	"proto": "static",
	"device": "br-lan",
	"updated": [
		"addresses"
	],
	"metric": 0,
	"dns_metric": 0,
	"delegation": true,
	"ipv4-address": [
		{
			"address": "192.168.1.1",
			"mask": 24
		}
	],
	"ipv6-address": [
		
	],
	"ipv6-prefix": [
		
	],
	"ipv6-prefix-assignment": [
		{
			"address": "fdd6:a808:e61c::",
			"mask": 60,
			"local-address": {
				"address": "fdd6:a808:e61c::1",
				"mask": 60
			}
		}
	],
	"route": [
		
	],
	"dns-server": [
		
	],
	"dns-search": [
		
	],
	"neighbors": [
		
	],
	"inactive": {
		"ipv4-address": [
			
		],
		"ipv6-address": [
			
		],
		"route": [
			
		],
		"dns-server": [
			
		],
		"dns-search": [
			
		],
		"neighbors": [
			
		]
	},
	"data": {
		
	}
}
FHHOOTYXGB 0
root@OpenWrt:~# echo 'MPJO''JEGXHC'
MPJOJEGXHC
root@OpenWrt:~# MARKER='YGKO''LTZNVO' run true
YGKOLTZNVOYGKOLTZNVO 0
root@OpenWrt:~# echo 'OUQV''PJOOVB'
OUQVPJOOVB
root@OpenWrt:~# MARKER='YLPG''GJKAUP' run 'source /etc/os-release; echo $BUILD_I
D'
YLPGGJKAUPr34249-0bef741188
YLPGGJKAUP 0
root@OpenWrt:~# echo 'GHTK''OJYYXS'
GHTKOJYYXS
root@OpenWrt:~# MARKER='NMNY''WPMFWA' run 'ls /etc/dropbear/dropbear_rsa_host_ke
y'
NMNYWPMFWA[0;0m/etc/dropbear/dropbear_rsa_host_key[m
NMNYWPMFWA 0
root@OpenWrt:~# echo 'ENAY''SPOGKM'
ENAYSPOGKM
root@OpenWrt:~# MARKER='FUKY''HFCPFJ' run 'netstat -tlpn | grep 0.0.0.0:22'
FUKYHFCPFJtcp        0      0 0.0.0.0:22              0.0.0.0:*               LISTEN      1733/dropbear
FUKYHFCPFJ 0
root@OpenWrt:~# echo 'CENO''HGPKZQ'
CENOHGPKZQ
root@OpenWrt:~# MARKER='WXHT''NMJSEO' run 'dmesg | grep br-lan | grep forwarding
'
WXHTNMJSEO[   31.226386] br-lan: port 1(eth0) entered forwarding state
WXHTNMJSEO 0
root@OpenWrt:~# echo 'BCJK''TXAOKV'
BCJKTXAOKV
root@OpenWrt:~# MARKER='XZKY''YLNBGB' run 'ubus call network.interface.lan statu
s '"'"'{}'"'"''
XZKYYLNBGB{
	"up": true,
	"pending": false,
	"available": true,
	"autostart": true,
	"dynamic": false,
	"uptime": 24,
	"l3_device": "br-lan",
	"proto": "static",
	"device": "br-lan",
	"updated": [
		"addresses"
	],
	"metric": 0,
	"dns_metric": 0,
	"delegation": true,
	"ipv4-address": [
		{
			"address": "192.168.1.1",
			"mask": 24
		}
	],
	"ipv6-address": [
		
	],
	"ipv6-prefix": [
		
	],
	"ipv6-prefix-assignment": [
		{
			"address": "fdd6:a808:e61c::",
			"mask": 60,
			"local-address": {
				"address": "fdd6:a808:e61c::1",
				"mask": 60
			}
		}
	],
	"route": [
		
	],
	"dns-server": [
		
	],
	"dns-search": [
		
	],
	"neighbors": [
		
	],
	"inactive": {
		"ipv4-address": [
			
		],
		"ipv6-address": [
			
		],
		"route": [
			
		],
		"dns-server": [
			
		],
		"dns-search": [
			
		],
		"neighbors": [
			
		]
	},
	"data": {
		
	}
}
XZKYYLNBGB 0
root@OpenWrt:~# echo 'THUT''BXLFYV'
THUTBXLFYV
root@OpenWrt:~# MARKER='JQVS''PFTOCC' run 'ip -o addr show dev br-lan'
JQVSPFTOCC4: br-lan    inet 192.168.1.1/24 brd 192.168.1.255 scope global br-lan\       valid_lft forever preferred_lft forever
4: br-lan    inet6 fdd6:a808:e61c::1/60 scope global noprefixroute \       valid_lft forever preferred_lft forever
4: br-lan    inet6 fe80::5054:ff:fe12:3456/64 scope link \       valid_lft forever preferred_lft forever
JQVSPFTOCC 0
root@OpenWrt:~# echo 'KSMW''TMHBOH'
KSMWTMHBOH
root@OpenWrt:~# MARKER='TYYU''JBCKLP' run 'ubus call network.interface.wan statu
s '"'"'{}'"'"''
TYYUJBCKLP{
	"up": true,
	"pending": false,
	"available": true,
	"autostart": true,
	"dynamic": false,
	"uptime": 22,
	"l3_device": "eth1",
	"proto": "dhcp",
	"device": "eth1",
	"updated": [
		"addresses",
		"routes",
		"data"
	],
	"metric": 0,
	"dns_metric": 0,
	"delegation": true,
	"ipv4-address": [
		{
			"address": "10.0.2.15",
			"mask": 24
		}
	],
	"ipv6-address": [
		
	],
	"ipv6-prefix": [
		
	],
	"ipv6-prefix-assignment": [
		
	],
	"route": [
		{
			"target": "0.0.0.0",
			"mask": 0,
			"nexthop": "10.0.2.2",
			"source": "10.0.2.15/32"
		}
	],
	"dns-server": [
		"10.0.2.3"
	],
	"dns-search": [
		
	],
	"neighbors": [
		
	],
	"inactive": {
		"ipv4-address": [
			
		],
		"ipv6-address": [
			
		],
		"route": [
			
		],
		"dns-server": [
			
		],
		"dns-search": [
			
		],
		"neighbors": [
			
		]
	},
	"data": {
		"dhcpserver": "10.0.2.2",
		"leasetime": 86400
	}
}
TYYUJBCKLP 0
root@OpenWrt:~# 