Labgrid Console Logfile for main
Logfile started at 2026-04-09 03:01:13.868790
=== Log starts here ===
c[?7l[2J[0mSeaBIOS (version 1.16.3-debian-1.16.3-2)


iPXE (https://ipxe.org) 00:03.0 CA00 PCI2.10 PnP PMM+06FCAE70+06F0AE70 CA00
Press Ctrl-B to configure iPXE (PCI 00:03.0)...                                                                               




iPXE (https://ipxe.org) 00:05.0 CB00 PCI2.10 PnP PMM 06FCAE70 06F0AE70 CB00
Press Ctrl-B to configure iPXE (PCI 00:05.0)...                                                                               


Booting from Hard Disk...
GRUB loading.....
[0;30;47mWelcome to GRUB![01;01H[0m[2J[H[J[1;1H[?25l[m[H[J[1;1H[2;30HGNU GRUB  version 2.12

[m[4;2H+----------------------------------------------------------------------------+[5;2H|[5;79H|[6;2H|[6;79H|[7;2H|[7;79H|[8;2H|[8;79H|[9;2H|[9;79H|[10;2H|[10;79H|[11;2H|[11;79H|[12;2H|[12;79H|[13;2H|[13;79H|[14;2H|[14;79H|[15;2H|[15;79H|[16;2H+----------------------------------------------------------------------------+[m[17;2H[18;2H[m     Use the ^ and v keys to select which entry is highlighted.          
      Press enter to boot the selected OS, `e' to edit the commands       
      before booting or `c' for a command-line. ESC to return             
      previous menu.                                                      [5;80H [7m[5;3H*OpenWrt                                                                    [m[5;78H[m[m[6;3H OpenWrt (failsafe)                                                         [m[6;78H[m[m[7;3H                                                                            [m[7;78H[m[m[8;3H                                                                            [m[8;78H[m[m[9;3H                                                                            [m[9;78H[m[m[10;3H                                                                            [m[10;78H[m[m[11;3H                                                                            [m[11;78H[m[m[12;3H                                                                            [m[12;78H[m[m[13;3H                                                                            [m[13;78H[m[m[14;3H                                                                            [m[14;78H[m[m[15;3H                                                                            [m[15;78H[m[15;80H [5;78H[2J[02;30HGNU GRUB  version 2.12[04;02H┌─────────────────────────────────────────────────────────────────────[04;71H[04;72H───────┐[05;02H│[05;79H│[06;02H│[06;79H│[07;02H│[07;79H│[08;02H│[08;79H│[09;02H│[09;79H│[10;02H│[10;79H│[11;02H│[11;79H│[12;02H│[12;79H│[13;02H│[13;79H│[14;02H│[14;79H│[15;02H│[15;79H│[16;02H│[16;79H│[17;02H└────────────────────────────────────────────────────────────────────────────┘[19;02H     Use the ↑ and ↓ keys to select which entry is highlighted.          
      Press enter to boot the selected OS, `e' to edit the commands       
      before booting or `c' for a command-line. ESC to return             
      previous menu.                                                      [05;80H [05;03H[0;30;47m*OpenWrt                                                 [05;59H[05;60H                   [06;03H[0m OpenWrt (failsafe)                                                         [07;03H                                                                [07;66H[07;67H            [08;03H                                                                            [09;03H                                                                            [10;03H                                                                            [11;03H                                                                            [12;03H  [12;04H[12;05H                                                                          [13;03H                                                                            [14;03H                                                                            [15;03H                                                                            [16;03H                                                                            [16;80H 






   The highlighted entry will be executed automatically in 5s.                [22;1H   The highlighted entry will be executed automatically in 5s.                 [5;78H [05;78H

















   The highlighted entry will be executed automatically in 4s.                [22;1H   The highlighted entry will be executed automatically in 4s.                 [5;78H [05;78H

















   The highlighted entry will be executed automatically in 3s.                [22;1H   The highlighted entry will be executed automatically in 3s.                 [5;78H [05;78H

















   The highlighted entry will be executed automatically in 2s.                [22;1H   The highlighted entry will be executed automatically in 2s.                 [5;78H [05;78H

















   The highlighted entry will be executed automatically in 1s.                [22;1H   The highlighted entry will be executed automatically in 1s.                 [5;78H [05;78H

















   The highlighted entry will be executed automatically in 0s.                [22;1H   The highlighted entry will be executed automatically in 0s.                 [5;78H [01;01H[2J[?25h[H[J[1;1H[H[J[1;1H[2J   Booting `OpenWrt' Booting `OpenWrt

'

[    0.000000] Linux version 6.12.80 (builder@buildhost) (x86_64-openwrt-linux-musl-gcc (OpenWrt GCC 14.3.0 r33845-c99a30668d) 14.3.0, GNU ld (GNU Binutils) 2.44) #0 SMP Wed Apr  8 16:46:32 2026
[    0.000000] Command line: BOOT_IMAGE=/boot/vmlinuz root=PARTUUID=f0870f31-02 rootwait console=tty1 console=ttyS0,115200n8 noinitrd
[    0.000000] BIOS-provided physical RAM map:
[    0.000000] BIOS-e820: [mem 0x0000000000000000-0x000000000009fbff] usable
[    0.000000] BIOS-e820: [mem 0x000000000009fc00-0x000000000009ffff] reserved
[    0.000000] BIOS-e820: [mem 0x00000000000f0000-0x00000000000fffff] reserved
[    0.000000] BIOS-e820: [mem 0x0000000000100000-0x0000000007fdcfff] usable
[    0.000000] BIOS-e820: [mem 0x0000000007fdd000-0x0000000007ffffff] reserved
[    0.000000] BIOS-e820: [mem 0x00000000fffc0000-0x00000000ffffffff] reserved
[    0.000000] BIOS-e820: [mem 0x000000fd00000000-0x000000ffffffffff] reserved
[    0.000000] NX (Execute Disable) protection: active
[    0.000000] APIC: Static calls initialized
[    0.000000] SMBIOS 3.0.0 present.
[    0.000000] DMI: QEMU Standard PC (i440FX + PIIX, 1996), BIOS 1.16.3-debian-1.16.3-2 04/01/2014
[    0.000000] DMI: Memory slots populated: 1/1
[    0.000000] tsc: Fast TSC calibration using PIT
[    0.000000] tsc: Detected 2445.434 MHz processor
[    0.007592] last_pfn = 0x7fdd max_arch_pfn = 0x400000000
[    0.008223] MTRR map: 4 entries (3 fixed + 1 variable; max 19), built from 8 variable MTRRs
[    0.008420] x86/PAT: Configuration [0-7]: WB  WC  UC- UC  WB  WP  UC- WT  
[    0.026095] found SMP MP-table at [mem 0x000f5460-0x000f546f]
[    0.027538] Using GB pages for direct mapping
[    0.032100] ACPI: Early table checksum verification disabled
[    0.032478] ACPI: RSDP 0x00000000000F5290 000014 (v00 BOCHS )
[    0.032906] ACPI: RSDT 0x0000000007FE1C64 000034 (v01 BOCHS  BXPC     00000001 BXPC 00000001)
[    0.033445] ACPI: FACP 0x0000000007FE1B18 000074 (v01 BOCHS  BXPC     00000001 BXPC 00000001)
[    0.034040] ACPI: DSDT 0x0000000007FE0040 001AD8 (v01 BOCHS  BXPC     00000001 BXPC 00000001)
[    0.034112] ACPI: FACS 0x0000000007FE0000 000040
[    0.034168] ACPI: APIC 0x0000000007FE1B8C 000078 (v03 BOCHS  BXPC     00000001 BXPC 00000001)
[    0.034190] ACPI: HPET 0x0000000007FE1C04 000038 (v01 BOCHS  BXPC     00000001 BXPC 00000001)
[    0.034208] ACPI: WAET 0x0000000007FE1C3C 000028 (v01 BOCHS  BXPC     00000001 BXPC 00000001)
[    0.034285] ACPI: Reserving FACP table memory at [mem 0x7fe1b18-0x7fe1b8b]
[    0.034355] ACPI: Reserving DSDT table memory at [mem 0x7fe0040-0x7fe1b17]
[    0.034363] ACPI: Reserving FACS table memory at [mem 0x7fe0000-0x7fe003f]
[    0.034368] ACPI: Reserving APIC table memory at [mem 0x7fe1b8c-0x7fe1c03]
[    0.034373] ACPI: Reserving HPET table memory at [mem 0x7fe1c04-0x7fe1c3b]
[    0.034378] ACPI: Reserving WAET table memory at [mem 0x7fe1c3c-0x7fe1c63]
[    0.037430] Zone ranges:
[    0.037458]   DMA      [mem 0x0000000000001000-0x0000000000ffffff]
[    0.037533]   DMA32    [mem 0x0000000001000000-0x0000000007fdcfff]
[    0.037542]   Normal   empty
[    0.037559] Movable zone start for each node
[    0.037592] Early memory node ranges
[    0.037618]   node   0: [mem 0x0000000000001000-0x000000000009efff]
[    0.037672]   node   0: [mem 0x0000000000100000-0x0000000007fdcfff]
[    0.037798] Initmem setup node 0 [mem 0x0000000000001000-0x0000000007fdcfff]
[    0.038858] On node 0, zone DMA: 1 pages in unavailable ranges
[    0.039365] On node 0, zone DMA: 97 pages in unavailable ranges
[    0.041539] On node 0, zone DMA32: 35 pages in unavailable ranges
[    0.041890] ACPI: PM-Timer IO Port: 0x608
[    0.042293] ACPI: LAPIC_NMI (acpi_id[0xff] dfl dfl lint[0x1])
[    0.042744] IOAPIC[0]: apic_id 0, version 32, address 0xfec00000, GSI 0-23
[    0.042863] ACPI: INT_SRC_OVR (bus 0 bus_irq 0 global_irq 2 dfl dfl)
[    0.043122] ACPI: INT_SRC_OVR (bus 0 bus_irq 5 global_irq 5 high level)
[    0.043173] ACPI: INT_SRC_OVR (bus 0 bus_irq 9 global_irq 9 high level)
[    0.043268] ACPI: INT_SRC_OVR (bus 0 bus_irq 10 global_irq 10 high level)
[    0.043276] ACPI: INT_SRC_OVR (bus 0 bus_irq 11 global_irq 11 high level)
[    0.043489] ACPI: Using ACPI (MADT) for SMP configuration information
[    0.043536] ACPI: HPET id: 0x8086a201 base: 0xfed00000
[    0.043927] CPU topo: Max. logical packages:   1
[    0.043942] CPU topo: Max. logical dies:       1
[    0.043951] CPU topo: Max. dies per package:   1
[    0.043996] CPU topo: Max. threads per core:   1
[    0.044154] CPU topo: Num. cores per package:     1
[    0.044171] CPU topo: Num. threads per package:   1
[    0.044179] CPU topo: Allowing 1 present CPUs plus 0 hotplug CPUs
[    0.045389] [mem 0x08000000-0xfffbffff] available for PCI devices
[    0.045459] Booting paravirtualized kernel on bare hardware
[    0.045770] clocksource: refined-jiffies: mask: 0xffffffff max_cycles: 0xffffffff, max_idle_ns: 19112604462750000 ns
[    0.046470] setup_percpu: NR_CPUS:512 nr_cpumask_bits:1 nr_cpu_ids:1 nr_node_ids:1
[    0.048511] percpu: Embedded 50 pages/cpu s167000 r8192 d29608 u2097152
[    0.050838] Kernel command line: BOOT_IMAGE=/boot/vmlinuz root=PARTUUID=f0870f31-02 rootwait console=tty1 console=ttyS0,115200n8 noinitrd
[    0.052547] random: crng init done
[    0.057235] Dentry cache hash table entries: 16384 (order: 5, 131072 bytes, linear)
[    0.058195] Inode-cache hash table entries: 8192 (order: 4, 65536 bytes, linear)
[    0.060940] Built 1 zonelists, mobility grouping on.  Total pages: 32635
[    0.061171] mem auto-init: stack:off, heap alloc:off, heap free:off
[    0.071245] SLUB: HWalign=64, Order=0-3, MinObjects=0, CPUs=1, Nodes=1
[    0.079584] rcu: Hierarchical RCU implementation.
[    0.079615] rcu: 	RCU restricting CPUs from NR_CPUS=512 to nr_cpu_ids=1.
[    0.079765] 	Tracing variant of Tasks RCU enabled.
[    0.079860] rcu: RCU calculated value of scheduler-enlistment delay is 10 jiffies.
[    0.079898] rcu: Adjusting geometry for rcu_fanout_leaf=16, nr_cpu_ids=1
[    0.081063] RCU Tasks Trace: Setting shift to 0 and lim to 1 rcu_task_cb_adjust=1 rcu_task_cpu_ids=1.
[    0.081194] NR_IRQS: 33024, nr_irqs: 256, preallocated irqs: 16
[    0.090139] rcu: srcu_init: Setting srcu_struct sizes based on contention.
[    0.097180] Console: colour VGA+ 80x25
[    0.097635] printk: legacy console [tty1] enabled
[    0.105701] printk: legacy console [ttyS0] enabled
[    0.349060] ACPI: Core revision 20240827
[    0.354473] clocksource: hpet: mask: 0xffffffff max_cycles: 0xffffffff, max_idle_ns: 19112604467 ns
[    0.359363] APIC: Switch to symmetric I/O mode setup
[    0.363928] ..TIMER: vector=0x30 apic1=0 pin1=2 apic2=-1 pin2=-1
[    0.406265] clocksource: tsc-early: mask: 0xffffffffffffffff max_cycles: 0x233fdf4f8c5, max_idle_ns: 440795226840 ns
[    0.406928] Calibrating delay loop (skipped), value calculated using timer frequency.. 4890.86 BogoMIPS (lpj=24454340)
[    0.408787] x86/cpu: User Mode Instruction Prevention (UMIP) activated
[    0.426944] Last level iTLB entries: 4KB 0, 2MB 0, 4MB 0
[    0.427348] Last level dTLB entries: 4KB 0, 2MB 0, 4MB 0, 1GB 0
[    0.428510] Spectre V1 : Mitigation: usercopy/swapgs barriers and __user pointer sanitization
[    0.429465] Spectre V2 : Mitigation: Retpolines
[    0.429689] Spectre V2 : Spectre v2 / SpectreRSB: Filling RSB on context switch and VMEXIT
[    0.430097] Speculative Store Bypass: Vulnerable
[    0.438875] x86/fpu: Supporting XSAVE feature 0x001: 'x87 floating point registers'
[    0.443586] x86/fpu: Supporting XSAVE feature 0x002: 'SSE registers'
[    0.443868] x86/fpu: Supporting XSAVE feature 0x004: 'AVX registers'
[    0.444122] x86/fpu: Supporting XSAVE feature 0x008: 'MPX bounds registers'
[    0.447968] x86/fpu: Supporting XSAVE feature 0x010: 'MPX CSR'
[    0.448377] x86/fpu: xstate_offset[2]:  576, xstate_sizes[2]:  256
[    0.448754] x86/fpu: xstate_offset[3]:  960, xstate_sizes[3]:   64
[    0.448971] x86/fpu: xstate_offset[4]: 1024, xstate_sizes[4]:   64
[    0.456864] x86/fpu: Enabled xstate features 0x1f, context size is 1088 bytes, using 'standard' format.
[    0.695698] Freeing SMP alternatives memory: 40K
[    0.696539] pid_max: default: 32768 minimum: 301
[    0.706139] Mount-cache hash table entries: 512 (order: 0, 4096 bytes, linear)
[    0.706598] Mountpoint-cache hash table entries: 512 (order: 0, 4096 bytes, linear)
[    0.859354] smpboot: CPU0: AMD QEMU TCG CPU version 2.5+ (family: 0x6, model: 0x6, stepping: 0x3)
[    0.893073] Performance Events: PMU not available due to virtualization, using software events only.
[    0.894545] signal: max sigframe size: 1616
[    0.896367] rcu: Hierarchical SRCU implementation.
[    0.896589] rcu: 	Max phase no-delay instances is 1000.
[    0.901927] smp: Bringing up secondary CPUs ...
[    0.905851] smp: Brought up 1 node, 1 CPU
[    0.906153] smpboot: Total of 1 processors activated (4890.86 BogoMIPS)
[    0.913998] Memory: 103200K/130540K available (14336K kernel code, 1167K rwdata, 3984K rodata, 1496K init, 1312K bss, 25628K reserved, 0K cma-reserved)
[    0.928059] clocksource: jiffies: mask: 0xffffffff max_cycles: 0xffffffff, max_idle_ns: 19112604462750000 ns
[    0.928865] futex hash table entries: 256 (order: 2, 16384 bytes, linear)
[    0.930127] pinctrl core: initialized pinctrl subsystem
[    0.949052] NET: Registered PF_NETLINK/PF_ROUTE protocol family
[    0.955282] thermal_sys: Registered thermal governor 'step_wise'
[    0.955318] thermal_sys: Registered thermal governor 'user_space'
[    0.956301] cpuidle: using governor ladder
[    0.956862] cpuidle: using governor menu
[    0.960977] acpiphp: ACPI Hot Plug PCI Controller Driver version: 0.5
[    0.963645] PCI: Using configuration type 1 for base access
[    0.972758] cryptd: max_cpu_qlen set to 1000
[    0.978689] ACPI: Added _OSI(Module Device)
[    0.978886] ACPI: Added _OSI(Processor Device)
[    0.979076] ACPI: Added _OSI(Processor Aggregator Device)
[    0.993451] ACPI: 1 ACPI AML tables successfully acquired and loaded
[    1.010597] ACPI: Interpreter enabled
[    1.011437] ACPI: PM: (supports S0 S5)
[    1.011639] ACPI: Using IOAPIC for interrupt routing
[    1.012215] PCI: Using host bridge windows from ACPI; if necessary, use "pci=nocrs" and report a bug
[    1.012572] PCI: Using E820 reservations for host bridge windows
[    1.018598] ACPI: Enabled 2 GPEs in block 00 to 0F
[    1.055689] ACPI: PCI Root Bridge [PCI0] (domain 0000 [bus 00-ff])
[    1.056574] acpi PNP0A03:00: _OSC: OS supports [ASPM ClockPM Segments MSI HPX-Type3]
[    1.057038] acpi PNP0A03:00: _OSC: not requesting OS control; OS requires [ExtendedConfig ASPM ClockPM MSI]
[    1.057929] acpi PNP0A03:00: fail to add MMCONFIG information, can't access extended configuration space under this bridge
[    1.071095] acpiphp: Slot [3] registered
[    1.071411] acpiphp: Slot [4] registered
[    1.071666] acpiphp: Slot [5] registered
[    1.071911] acpiphp: Slot [6] registered
[    1.077167] acpiphp: Slot [7] registered
[    1.078896] acpiphp: Slot [8] registered
[    1.079146] acpiphp: Slot [9] registered
[    1.079387] acpiphp: Slot [10] registered
[    1.079664] acpiphp: Slot [11] registered
[    1.079910] acpiphp: Slot [12] registered
[    1.087148] acpiphp: Slot [13] registered
[    1.087587] acpiphp: Slot [14] registered
[    1.087927] acpiphp: Slot [15] registered
[    1.088177] acpiphp: Slot [16] registered
[    1.088430] acpiphp: Slot [17] registered
[    1.088712] acpiphp: Slot [18] registered
[    1.088967] acpiphp: Slot [19] registered
[    1.097178] acpiphp: Slot [20] registered
[    1.097552] acpiphp: Slot [21] registered
[    1.097842] acpiphp: Slot [22] registered
[    1.098088] acpiphp: Slot [23] registered
[    1.098361] acpiphp: Slot [24] registered
[    1.098604] acpiphp: Slot [25] registered
[    1.107204] acpiphp: Slot [26] registered
[    1.107590] acpiphp: Slot [27] registered
[    1.107878] acpiphp: Slot [28] registered
[    1.108170] acpiphp: Slot [29] registered
[    1.108425] acpiphp: Slot [30] registered
[    1.108671] acpiphp: Slot [31] registered
[    1.117392] PCI host bridge to bus 0000:00
[    1.117975] pci_bus 0000:00: root bus resource [io  0x0000-0x0cf7 window]
[    1.118341] pci_bus 0000:00: root bus resource [io  0x0d00-0xffff window]
[    1.118575] pci_bus 0000:00: root bus resource [mem 0x000a0000-0x000bffff window]
[    1.127020] pci_bus 0000:00: root bus resource [mem 0x08000000-0xfebfffff window]
[    1.127431] pci_bus 0000:00: root bus resource [mem 0x100000000-0x17fffffff window]
[    1.127912] pci_bus 0000:00: root bus resource [bus 00-ff]
[    1.129545] pci 0000:00:00.0: [8086:1237] type 00 class 0x060000 conventional PCI endpoint
[    1.148476] pci 0000:00:01.0: [8086:7000] type 00 class 0x060100 conventional PCI endpoint
[    1.149390] pci 0000:00:01.1: [8086:7010] type 00 class 0x010180 conventional PCI endpoint
[    1.152148] pci 0000:00:01.1: BAR 4 [io  0xc0e0-0xc0ef]
[    1.156619] pci 0000:00:01.1: BAR 0 [io  0x01f0-0x01f7]: legacy IDE quirk
[    1.156976] pci 0000:00:01.1: BAR 1 [io  0x03f6]: legacy IDE quirk
[    1.157234] pci 0000:00:01.1: BAR 2 [io  0x0170-0x0177]: legacy IDE quirk
[    1.157484] pci 0000:00:01.1: BAR 3 [io  0x0376]: legacy IDE quirk
[    1.167354] pci 0000:00:01.3: [8086:7113] type 00 class 0x068000 conventional PCI endpoint
[    1.168073] pci 0000:00:01.3: quirk: [io  0x0600-0x063f] claimed by PIIX4 ACPI
[    1.168380] pci 0000:00:01.3: quirk: [io  0x0700-0x070f] claimed by PIIX4 SMB
[    1.177718] pci 0000:00:02.0: [1234:1111] type 00 class 0x030000 conventional PCI endpoint
[    1.178493] pci 0000:00:02.0: BAR 0 [mem 0xfd000000-0xfdffffff pref]
[    1.180051] pci 0000:00:02.0: BAR 2 [mem 0xfeb90000-0xfeb90fff]
[    1.182487] pci 0000:00:02.0: ROM [mem 0xfeb80000-0xfeb8ffff pref]
[    1.187309] pci 0000:00:02.0: Video device with shadowed ROM at [mem 0x000c0000-0x000dffff]
[    1.188456] pci 0000:00:03.0: [1af4:1000] type 00 class 0x020000 conventional PCI endpoint
[    1.189766] pci 0000:00:03.0: BAR 0 [io  0xc080-0xc09f]
[    1.199025] pci 0000:00:03.0: BAR 4 [mem 0xfe000000-0xfe003fff 64bit pref]
[    1.200423] pci 0000:00:03.0: ROM [mem 0xfea80000-0xfeafffff pref]
[    1.207775] pci 0000:00:04.0: [1af4:1005] type 00 class 0x00ff00 conventional PCI endpoint
[    1.208687] pci 0000:00:04.0: BAR 0 [io  0xc0a0-0xc0bf]
[    1.212560] pci 0000:00:04.0: BAR 1 [mem 0xfeb91000-0xfeb91fff]
[    1.214769] pci 0000:00:04.0: BAR 4 [mem 0xfe004000-0xfe007fff 64bit pref]
[    1.219627] pci 0000:00:05.0: [1af4:1000] type 00 class 0x020000 conventional PCI endpoint
[    1.221239] pci 0000:00:05.0: BAR 0 [io  0xc0c0-0xc0df]
[    1.224310] pci 0000:00:05.0: BAR 1 [mem 0xfeb92000-0xfeb92fff]
[    1.226370] pci 0000:00:05.0: BAR 4 [mem 0xfe008000-0xfe00bfff 64bit pref]
[    1.227133] pci 0000:00:05.0: ROM [mem 0xfeb00000-0xfeb7ffff pref]
[    1.230708] pci 0000:00:06.0: [1af4:1001] type 00 class 0x010000 conventional PCI endpoint
[    1.234362] pci 0000:00:06.0: BAR 0 [io  0xc000-0xc07f]
[    1.235674] pci 0000:00:06.0: BAR 1 [mem 0xfeb93000-0xfeb93fff]
[    1.237906] pci 0000:00:06.0: BAR 4 [mem 0xfe00c000-0xfe00ffff 64bit pref]
[    1.246558] ACPI: PCI: Interrupt link LNKA configured for IRQ 10
[    1.247623] ACPI: PCI: Interrupt link LNKB configured for IRQ 10
[    1.248227] ACPI: PCI: Interrupt link LNKC configured for IRQ 11
[    1.248850] ACPI: PCI: Interrupt link LNKD configured for IRQ 11
[    1.249253] ACPI: PCI: Interrupt link LNKS configured for IRQ 9
[    1.260318] iommu: Default domain type: Translated
[    1.260536] iommu: DMA domain TLB invalidation policy: lazy mode
[    1.263194] SCSI subsystem initialized
[    1.264227] ACPI: bus type USB registered
[    1.264772] usbcore: registered new interface driver usbfs
[    1.267402] usbcore: registered new interface driver hub
[    1.267895] usbcore: registered new device driver usb
[    1.268428] pps_core: LinuxPPS API ver. 1 registered
[    1.268651] pps_core: Software ver. 5.3.6 - Copyright 2005-2007 Rodolfo Giometti <giometti@linux.it>
[    1.277157] PTP clock support registered
[    1.291023] PCI: Using ACPI for IRQ routing
[    1.293278] hpet0: at MMIO 0xfed00000, IRQs 2, 8, 0
[    1.293568] hpet0: 3 comparators, 64-bit 100.000000 MHz counter
[    1.298221] clocksource: Switched to clocksource tsc-early
[    1.301081] pnp: PnP ACPI init
[    1.305527] pnp: PnP ACPI: found 6 devices
[    1.318794] clocksource: acpi_pm: mask: 0xffffff max_cycles: 0xffffff, max_idle_ns: 2085701024 ns
[    1.320152] NET: Registered PF_INET protocol family
[    1.321355] IP idents hash table entries: 2048 (order: 2, 16384 bytes, linear)
[    1.327036] tcp_listen_portaddr_hash hash table entries: 256 (order: 0, 4096 bytes, linear)
[    1.329616] Table-perturb hash table entries: 65536 (order: 6, 262144 bytes, linear)
[    1.330144] TCP established hash table entries: 1024 (order: 1, 8192 bytes, linear)
[    1.330577] TCP bind hash table entries: 1024 (order: 3, 32768 bytes, linear)
[    1.340401] TCP: Hash tables configured (established 1024 bind 1024)
[    1.342427] MPTCP token hash table entries: 256 (order: 1, 6144 bytes, linear)
[    1.342964] UDP hash table entries: 256 (order: 1, 8192 bytes, linear)
[    1.343402] UDP-Lite hash table entries: 256 (order: 1, 8192 bytes, linear)
[    1.352895] NET: Registered PF_UNIX/PF_LOCAL protocol family
[    1.354104] pci_bus 0000:00: resource 4 [io  0x0000-0x0cf7 window]
[    1.354345] pci_bus 0000:00: resource 5 [io  0x0d00-0xffff window]
[    1.354562] pci_bus 0000:00: resource 6 [mem 0x000a0000-0x000bffff window]
[    1.362108] pci_bus 0000:00: resource 7 [mem 0x08000000-0xfebfffff window]
[    1.362471] pci_bus 0000:00: resource 8 [mem 0x100000000-0x17fffffff window]
[    1.363314] pci 0000:00:01.0: PIIX3: Enabling Passive Release
[    1.363621] pci 0000:00:00.0: Limiting direct PCI/PCI transfers
[    1.373189] PCI: CLS 0 bytes, default 64
[    1.393517] workingset: timestamp_bits=46 max_order=15 bucket_order=0
[    1.396113] squashfs: version 4.0 (2009/01/31) Phillip Lougher
[    1.398903] Block layer SCSI generic (bsg) driver version 0.4 loaded (major 247)
[    1.402601] hv_vmbus: registering driver hyperv_fb
[    1.407750] input: Power Button as /devices/LNXSYSTM:00/LNXPWRBN:00/input/input0
[    1.415664] ACPI: button: Power Button [PWRF]
[    1.575317] ACPI: \_SB_.LNKC: Enabled at IRQ 11
[    1.727302] ACPI: \_SB_.LNKD: Enabled at IRQ 10
[    1.877718] ACPI: \_SB_.LNKA: Enabled at IRQ 10
[    2.027733] ACPI: \_SB_.LNKB: Enabled at IRQ 11
[    2.029599] Serial: 8250/16550 driver, 16 ports, IRQ sharing enabled
[    2.054525] 00:04: ttyS0 at I/O 0x3f8 (irq = 4, base_baud = 115200) is a 16550A
[    2.081450] Non-volatile memory driver v1.3
[    2.092546] Linux agpgart interface v0.103
[    2.093621] ACPI: bus type drm_connector registered
[    2.096944] [drm] Found bochs VGA, ID 0xb0c5.
[    2.097219] [drm] Framebuffer size 16384 kB @ 0xfd000000, mmio @ 0xfeb90000.
[    2.103092] [drm] Found EDID data blob.
[    2.108963] [drm] Initialized bochs-drm 1.0.0 for 0000:00:02.0 on minor 0
[    2.178588] Console: switching to colour frame buffer device 160x50
[    2.187995] bochs-drm 0000:00:02.0: [drm] fb0: bochs-drmdrmfb frame buffer device
[    2.223911] loop: module loaded
[    2.224761] virtio_blk virtio3: 1/0/0 default/read/poll queues
[    2.229519] virtio_blk virtio3: [vda] 246784 512-byte logical blocks (126 MB/121 MiB)
[    2.238687]  vda: vda1 vda2
[    2.240678] Guest personality initialized and is inactive
[    2.241297] VMCI host device registered (name=vmci, major=10, minor=256)
[    2.241578] Initialized host personality
[    2.242035] usbcore: registered new interface driver rtsx_usb
[    2.250406] VMware PVSCSI driver - version 1.0.7.0-k
[    2.250749] hv_vmbus: registering driver hv_storvsc
[    2.266771] scsi host0: ata_piix
[    2.269261] scsi host1: ata_piix
[    2.270094] ata1: PATA max MWDMA2 cmd 0x1f0 ctl 0x3f6 bmdma 0xc0e0 irq 14 lpm-pol 0
[    2.270406] ata2: PATA max MWDMA2 cmd 0x170 ctl 0x376 bmdma 0xc0e8 irq 15 lpm-pol 0
[    2.279760] VMware vmxnet3 virtual NIC driver - version 1.9.0.0-k-NAPI
[    2.280348] hv_vmbus: registering driver hv_netvsc
[    2.280723] Fusion MPT base driver 3.04.20
[    2.280906] Copyright (c) 1999-2008 LSI Corporation
[    2.281286] Fusion MPT SPI Host driver 3.04.20
[    2.290665] Fusion MPT SAS Host driver 3.04.20
[    2.292954] usbcore: registered new interface driver usb-storage
[    2.294215] i8042: PNP: PS/2 Controller [PNP0303:KBD,PNP0f13:MOU] at 0x60,0x64 irq 1,12
[    2.297746] serio: i8042 KBD port at 0x60,0x64 irq 1
[    2.298157] serio: i8042 AUX port at 0x60,0x64 irq 12
[    2.304602] hv_vmbus: registering driver hyperv_keyboard
[    2.307313] rtc_cmos 00:05: RTC can wake from S4
[    2.312640] rtc_cmos 00:05: registered as rtc0
[    2.315252] rtc_cmos 00:05: setting system clock to 2026-04-09T03:01:24 UTC (1775703684)
[    2.317821] rtc_cmos 00:05: alarms up to one day, y3k, 242 bytes nvram, hpet irqs
[    2.320503] intel_powerclamp: CPU does not support MWAIT
[    2.325404] amd_pstate: the _CPC object is not present in SBIOS or ACPI disabled
[    2.328045] sdhci: Secure Digital Host Controller Interface driver
[    2.329966] sdhci: Copyright(c) Pierre Ossman
[    2.332291] VUB300 Driver rom wait states = 1C irqpoll timeout = 0400
[    2.339303] input: AT Translated Set 2 keyboard as /devices/platform/i8042/serio0/input/input1
[    2.363077] usbcore: registered new interface driver vub300
[    2.365285] usbcore: registered new interface driver ushc
[    2.372957] hid: raw HID events driver (C) Jiri Kosina
[    2.375787] hv_vmbus: registering driver hid_hyperv
[    2.378655] usbcore: registered new interface driver usbhid
[    2.380646] usbhid: USB HID core driver
[    2.382830] hv_utils: Registering HyperV Utility Driver
[    2.384852] hv_vmbus: registering driver hv_utils
[    2.387298] hv_vmbus: registering driver hv_balloon
[    2.390665] NET: Registered PF_INET6 protocol family
[    2.405502] Segment Routing with IPv6
[    2.407778] In-situ OAM (IOAM) with IPv6
[    2.410175] NET: Registered PF_PACKET protocol family
[    2.412612] bridge: filtering via arp/ip/ip6tables is no longer available by default. Update your scripts to load br_netfilter if you need this.
[    2.422028] 8021q: 802.1Q VLAN Support v1.8
[    2.424554] NET: Registered PF_VSOCK protocol family
[    2.433627] IPI shorthand broadcast: enabled
[    2.439759] tsc: Refined TSC clocksource calibration: 2445.427 MHz
[    2.442132] clocksource: tsc: mask: 0xffffffffffffffff max_cycles: 0x233fd8a313f, max_idle_ns: 440795252855 ns
[    2.448860] clocksource: Switched to clocksource tsc
[    2.455142] AES CTR mode by8 optimization enabled
[    2.476853] sched_clock: Marking stable (2220084523, 256131536)->(2478708826, -2492767)
[    2.508027] ata2: found unknown device (class 0)
[    2.559248] ata2.00: ATAPI: QEMU DVD-ROM, 2.5+, max UDMA/100
[    2.576583] scsi 1:0:0:0: CD-ROM            QEMU     QEMU DVD-ROM     2.5+ PQ: 0 ANSI: 5
[    2.589394] clk: Disabling unused clocks
[    2.638102] sr 1:0:0:0: [sr0] scsi3-mmc drive: 4x/4x cd/rw xa/form2 tray
[    2.640647] cdrom: Uniform CD-ROM driver Revision: 3.20
[    2.698021] VFS: Mounted root (squashfs filesystem) readonly on device 254:2.
[    2.768554] Freeing unused kernel image (initmem) memory: 1496K
[    2.771121] Write protecting the kernel read-only data: 18432k
[    2.774327] Freeing unused kernel image (rodata/data gap) memory: 112K
[    2.777057] Run /sbin/init as init process
[    3.086961] init: Console is alive
[    3.788970] kmodloader: loading kernel modules from /etc/modules-boot.d/*
[    3.863210] button_hotplug: loading out-of-tree module taints kernel.
[    3.870452] Button Hotplug driver version 0.4.1
[    3.890999] Intel(R) 2.5G Ethernet Linux Driver
[    3.893362] Copyright(c) 2018 Intel Corporation.
[    3.908730] igb: Intel(R) Gigabit Ethernet Network Driver
[    3.911105] igb: Copyright (c) 2007-2014 Intel Corporation.
[    3.928079] e1000e: Intel(R) PRO/1000 Network Driver
[    3.930490] e1000e: Copyright(c) 1999 - 2015 Intel Corporation.
[    3.944001] kmodloader: done loading kernel modules from /etc/modules-boot.d/*
[    3.956986] init: - preinit -
[    4.972308] 8021q: adding VLAN 0 to HW filter on device eth0
Press the [f] key and hit [enter] to enter failsafe mode
Press the [1], [2], [3] or [4] key and hit [enter] to select the debug level

[    9.608607] loop0: detected capacity change from 0 to 212992
[    9.656814] loop0: detected capacity change from 212992 to 199680
[    9.671118] mount_root: overlay filesystem in /dev/loop0 has not been formatted yet
[   10.027484] EXT4-fs (loop0): mounted filesystem 221d9b5a-fb88-4dea-9254-1f2a380d5870 r/w with ordered data mode. Quota mode: disabled.
[   10.041396] mount_root: overlay filesystem has not been fully initialized yet
[   10.059456] mount_root: switching to ext4 overlay
[   10.080573] overlayfs: null uuid detected in lower fs '/', falling back to xino=off,index=off,nfs_export=off.
[   10.817129] EXT4-fs (vda1): mounted filesystem 84173db5-fa99-e35a-95c6-28613cc79ea9 r/w without journal. Quota mode: disabled.
[   10.841827] urandom-seed: Seed file not found (/etc/urandom.seed)
[   10.991599] procd: - early -
[   11.746578] procd: - ubus -
[   11.928597] procd: - init -
Please press Enter to activate this console.
root
login[1052]: root login on 'ttyS0'


BusyBox v1.37.0 (2026-04-07 22:34:59 UTC) built-in shell (ash)

  _______                     ________        __
 |       |.-----.-----.-----.|  |  |  |.----.|  |_
 |   -   ||  _  |  -__|     ||  |  |  ||   _||   _|
 |_______||   __|_____|__|__||________||__|  |____|
          |__| W I R E L E S S   F R E E D O M
 -----------------------------------------------------
 OpenWrt SNAPSHOT, r33845-c99a30668d
 -----------------------------------------------------

 === WARNING! =====================================
 There is no root password defined on this device!
 Use the "passwd" command to set up a new password
 in order to prevent unauthorized SSH logins.
 --------------------------------------------------

  ___   __ __                _______             __
 |   |_|__|  |--.----.-----.|   |   |-----.-----|  |--.
 |     |  |  _  |   _|  -__||       |  -__|__ --|     |
 |_____|__|_____|__| |_____||__|_|__|_____|_____|__|__|

 ------------------------------------------------------
 LiMe master development (master rev. 142c27f 20260407_1216)
 ------------------------------------------------------
 https://libremesh.org
 ------------------------------------------------------
root@(none):~# dmesg -n 1
root@(none):~# echo 'CALV''XJPKAA'
CALVXJPKAA
root@LiMe-123456:~# run() { echo -n "$MARKER"; sh -c "$@"; echo "$MARKER $?"; }
root@LiMe-123456:~# echo 'JEAV''KLXNNU'
JEAVKLXNNU
root@LiMe-123456:~# MARKER='YNOB''ZJYOSW' run 'ubus wait_for network.interface.l
an'
YNOBZJYOSWYNOBZJYOSW 0
root@LiMe-123456:~# echo 'EUKS''HKHEJV'
EUKSHKHEJV
root@LiMe-123456:~# MARKER='PHOL''AZCNSS' run 'ubus call network.interface.lan s
tatus '"'"'{}'"'"''
PHOLAZCNSS{
	"up": true,
	"pending": false,
	"available": true,
	"autostart": true,
	"dynamic": false,
	"uptime": 1,
	"l3_device": "br-lan",
	"proto": "static",
	"device": "br-lan",
	"updated": [
		"addresses"
	],
	"metric": 0,
	"dns_metric": 0,
	"delegation": true,
	"ipv4-address": [
		{
			"address": "10.13.52.86",
			"mask": 16
		}
	],
	"ipv6-address": [
		{
			"address": "fd0d:fe46:8ce8::12:3456",
			"mask": 64
		}
	],
	"ipv6-prefix": [
		
	],
	"ipv6-prefix-assignment": [
		
	],
	"route": [
		
	],
	"dns-server": [
		
	],
	"dns-search": [
		
	],
	"neighbors": [
		
	],
	"inactive": {
		"ipv4-address": [
			
		],
		"ipv6-address": [
			
		],
		"route": [
			
		],
		"dns-server": [
			
		],
		"dns-search": [
			
		],
		"neighbors": [
			
		]
	},
	"data": {
		
	}
}
PHOLAZCNSS 0
root@LiMe-123456:~# echo 'CYNT''GVHACF'
CYNTGVHACF
root@LiMe-123456:~# MARKER='KKGH''MTQUOY' run true
KKGHMTQUOYKKGHMTQUOY 0
root@LiMe-123456:~# echo 'TKEO''BKMBJT'
TKEOBKMBJT
root@LiMe-123456:~# MARKER='HEHY''NWGMYJ' run 'source /etc/os-release; echo $BUI
LD_ID'
HEHYNWGMYJr33845-c99a30668d
HEHYNWGMYJ 0
root@LiMe-123456:~# echo 'AFZH''YWUPWE'
AFZHYWUPWE
root@LiMe-123456:~# MARKER='YMNV''ZYQYGT' run 'ls /etc/dropbear/dropbear_rsa_hos
t_key'
YMNVZYQYGT[0;0m/etc/dropbear/dropbear_rsa_host_key[m
YMNVZYQYGT 0
root@LiMe-123456:~# echo 'BOTM''PQWHOQ'
BOTMPQWHOQ
root@LiMe-123456:~# MARKER='FEUG''YLYEHS' run 'netstat -tlpn | grep 0.0.0.0:22'
FEUGYLYEHSnetstat: showing only processes with your user ID
tcp        0      0 0.0.0.0:22              0.0.0.0:*               LISTEN      2101/dropbear
FEUGYLYEHS 0
root@LiMe-123456:~# echo 'WPGK''KCXXFU'
WPGKKCXXFU
root@LiMe-123456:~# MARKER='LGKP''UXTYPA' run 'dmesg | grep br-lan | grep forwar
ding'
LGKPUXTYPA[   45.127174] br-lan: port 1(eth0) entered forwarding state
[   47.986544] br-lan: port 2(bat0) entered forwarding state
LGKPUXTYPA 0
root@LiMe-123456:~# echo 'LCOS''AFQHYH'
LCOSAFQHYH
root@LiMe-123456:~# MARKER='UUXS''YKTHUJ' run 'ubus call network.interface.lan s
tatus '"'"'{}'"'"''
UUXSYKTHUJ{
	"up": true,
	"pending": false,
	"available": true,
	"autostart": true,
	"dynamic": false,
	"uptime": 41,
	"l3_device": "br-lan",
	"proto": "static",
	"device": "br-lan",
	"updated": [
		"addresses"
	],
	"metric": 0,
	"dns_metric": 0,
	"delegation": true,
	"ipv4-address": [
		{
			"address": "10.13.52.86",
			"mask": 16
		}
	],
	"ipv6-address": [
		{
			"address": "fd0d:fe46:8ce8::12:3456",
			"mask": 64
		}
	],
	"ipv6-prefix": [
		
	],
	"ipv6-prefix-assignment": [
		
	],
	"route": [
		
	],
	"dns-server": [
		
	],
	"dns-search": [
		
	],
	"neighbors": [
		
	],
	"inactive": {
		"ipv4-address": [
			
		],
		"ipv6-address": [
			
		],
		"route": [
			
		],
		"dns-server": [
			
		],
		"dns-search": [
			
		],
		"neighbors": [
			
		]
	},
	"data": {
		
	}
}
UUXSYKTHUJ 0
root@LiMe-123456