Labgrid Console Logfile for main
Logfile started at 2026-04-18 01:48:04.823693
=== Log starts here ===
c[?7l[2J[0mSeaBIOS (version 1.16.3-debian-1.16.3-2)


iPXE (https://ipxe.org) 00:03.0 CA00 PCI2.10 PnP PMM+06FCAE70+06F0AE70 CA00
Press Ctrl-B to configure iPXE (PCI 00:03.0)...                                                                               




iPXE (https://ipxe.org) 00:05.0 CB00 PCI2.10 PnP PMM 06FCAE70 06F0AE70 CB00
Press Ctrl-B to configure iPXE (PCI 00:05.0)...                                                                               


Booting from Hard Disk...
GRUB loading.....
[0;30;47mWelcome to GRUB![01;01H[0m[2J[H[J[1;1H[?25l[m[H[J[1;1H[2;30HGNU GRUB  version 2.12

[m[4;2H+----------------------------------------------------------------------------+[5;2H|[5;79H|[6;2H|[6;79H|[7;2H|[7;79H|[8;2H|[8;79H|[9;2H|[9;79H|[10;2H|[10;79H|[11;2H|[11;79H|[12;2H|[12;79H|[13;2H|[13;79H|[14;2H|[14;79H|[15;2H|[15;79H|[16;2H+----------------------------------------------------------------------------+[m[17;2H[18;2H[m     Use the ^ and v keys to select which entry is highlighted.          
      Press enter to boot the selected OS, `e' to edit the commands       
      before booting or `c' for a command-line. ESC to return             
      previous menu.                                                      [5;80H [7m[5;3H*OpenWrt                                                                    [m[5;78H[m[m[6;3H OpenWrt (failsafe)                                                         [m[6;78H[m[m[7;3H                                                                            [m[7;78H[m[m[8;3H                                                                            [m[8;78H[m[m[9;3H                                                                            [m[9;78H[m[m[10;3H                                                                            [m[10;78H[m[m[11;3H                                                                            [m[11;78H[m[m[12;3H                                                                            [m[12;78H[m[m[13;3H                                                                            [m[13;78H[m[m[14;3H                                                                            [m[14;78H[m[m[15;3H                                                                            [m[15;78H[m[15;80H [5;78H[2J[02;30HGNU GRUB  version 2.12[04;02H┌────────────────────────────────────────────────────────────────────────────┐[05;02H│[05;79H│[06;02H│[06;79H│[07;02H│[07;79H│[08;02H│[08;79H│[09;02H│[09;79H│[10;02H│[10;79H│[11;02H│[11;79H│[12;02H│[12;79H│[13;02H│[13;79H│[14;02H│[14;79H│[15;02H│[15;79H│[16;02H│[16;79H│[17;02H└────────────────────────────────────────────────────────────────────────────┘[19;02H     Use the ↑ and ↓ keys to select which entry is highlighted.          
      Press enter to boot the selected OS, `e' to edit the commands       
      before booting or `c' for a command-line. ESC to return             
      previous menu.                                                      [05;80H [05;03H[0;30;47m*OpenWrt                                                                    [06;03H[0m OpenWrt (failsafe)                                                         [07;03H                                                                            [08;03H                                                                            [09;03H                                                                            [10;03H                                      [10;40H[10;41H                                      [11;03H                                                                            [12;03H                                                                            [13;03H                                                                            [14;03H                                                                            [15;03H                                                                            [16;03H                                                                      [16;72H[16;73H      [16;80H 






   The highlighted entry will be executed automatically in 5s.                [22;1H   The highlighted entry will be executed automatically in 5s.                 [5;78H [05;78H

















   The highlighted entry will be executed automatically in 4s.                [22;1H   The highlighted entry will be executed automatically in 4s.                 [5;78H [05;78H

















   The highlighted entry will be executed automatically in 3s.                [22;1H   The highlighted entry will be executed automatically in 3s.                 [5;78H [05;78H

















   The highlighted entry will be executed automatically in 2s.                [22;1H   The highlighted entry will be executed automatically in 2s.                 [5;78H [05;78H

















   The highlighted entry will be executed automatically in 1s.                [22;1H   The highlighted entry will be executed automatically in 1s.                 [5;78H [05;78H

















   The highlighted entry will be executed automatically in 0s.                [22;1H   The highlighted entry will be executed automatically in 0s.                 [5;78H [01;01H[2J[?25h[H[J[1;1H[H[J[1;1H[2J   Booting `OpenWrt' Booting `OpenWrt

'

[    0.000000] Linux version 6.12.80 (builder@buildhost) (x86_64-openwrt-linux-musl-gcc (OpenWrt GCC 14.3.0 r34025-8aa836eba3) 14.3.0, GNU ld (GNU Binutils) 2.44) #0 SMP Fri Apr 17 21:57:02 2026
[    0.000000] Command line: BOOT_IMAGE=/boot/vmlinuz root=PARTUUID=faa27ed6-02 rootwait console=tty1 console=ttyS0,115200n8 noinitrd
[    0.000000] BIOS-provided physical RAM map:
[    0.000000] BIOS-e820: [mem 0x0000000000000000-0x000000000009fbff] usable
[    0.000000] BIOS-e820: [mem 0x000000000009fc00-0x000000000009ffff] reserved
[    0.000000] BIOS-e820: [mem 0x00000000000f0000-0x00000000000fffff] reserved
[    0.000000] BIOS-e820: [mem 0x0000000000100000-0x0000000007fdcfff] usable
[    0.000000] BIOS-e820: [mem 0x0000000007fdd000-0x0000000007ffffff] reserved
[    0.000000] BIOS-e820: [mem 0x00000000fffc0000-0x00000000ffffffff] reserved
[    0.000000] BIOS-e820: [mem 0x000000fd00000000-0x000000ffffffffff] reserved
[    0.000000] NX (Execute Disable) protection: active
[    0.000000] APIC: Static calls initialized
[    0.000000] SMBIOS 3.0.0 present.
[    0.000000] DMI: QEMU Standard PC (i440FX + PIIX, 1996), BIOS 1.16.3-debian-1.16.3-2 04/01/2014
[    0.000000] DMI: Memory slots populated: 1/1
[    0.000000] tsc: Fast TSC calibration using PIT
[    0.000000] tsc: Detected 2445.413 MHz processor
[    0.007354] last_pfn = 0x7fdd max_arch_pfn = 0x400000000
[    0.007972] MTRR map: 4 entries (3 fixed + 1 variable; max 19), built from 8 variable MTRRs
[    0.008141] x86/PAT: Configuration [0-7]: WB  WC  UC- UC  WB  WP  UC- WT  
[    0.026746] found SMP MP-table at [mem 0x000f5460-0x000f546f]
[    0.028091] Using GB pages for direct mapping
[    0.032568] ACPI: Early table checksum verification disabled
[    0.032899] ACPI: RSDP 0x00000000000F5290 000014 (v00 BOCHS )
[    0.033191] ACPI: RSDT 0x0000000007FE1C64 000034 (v01 BOCHS  BXPC     00000001 BXPC 00000001)
[    0.033705] ACPI: FACP 0x0000000007FE1B18 000074 (v01 BOCHS  BXPC     00000001 BXPC 00000001)
[    0.034287] ACPI: DSDT 0x0000000007FE0040 001AD8 (v01 BOCHS  BXPC     00000001 BXPC 00000001)
[    0.034357] ACPI: FACS 0x0000000007FE0000 000040
[    0.034404] ACPI: APIC 0x0000000007FE1B8C 000078 (v03 BOCHS  BXPC     00000001 BXPC 00000001)
[    0.034443] ACPI: HPET 0x0000000007FE1C04 000038 (v01 BOCHS  BXPC     00000001 BXPC 00000001)
[    0.034463] ACPI: WAET 0x0000000007FE1C3C 000028 (v01 BOCHS  BXPC     00000001 BXPC 00000001)
[    0.034544] ACPI: Reserving FACP table memory at [mem 0x7fe1b18-0x7fe1b8b]
[    0.034593] ACPI: Reserving DSDT table memory at [mem 0x7fe0040-0x7fe1b17]
[    0.034600] ACPI: Reserving FACS table memory at [mem 0x7fe0000-0x7fe003f]
[    0.034605] ACPI: Reserving APIC table memory at [mem 0x7fe1b8c-0x7fe1c03]
[    0.034610] ACPI: Reserving HPET table memory at [mem 0x7fe1c04-0x7fe1c3b]
[    0.034615] ACPI: Reserving WAET table memory at [mem 0x7fe1c3c-0x7fe1c63]
[    0.037585] Zone ranges:
[    0.037613]   DMA      [mem 0x0000000000001000-0x0000000000ffffff]
[    0.037688]   DMA32    [mem 0x0000000001000000-0x0000000007fdcfff]
[    0.037697]   Normal   empty
[    0.037714] Movable zone start for each node
[    0.037746] Early memory node ranges
[    0.037772]   node   0: [mem 0x0000000000001000-0x000000000009efff]
[    0.037823]   node   0: [mem 0x0000000000100000-0x0000000007fdcfff]
[    0.037939] Initmem setup node 0 [mem 0x0000000000001000-0x0000000007fdcfff]
[    0.039015] On node 0, zone DMA: 1 pages in unavailable ranges
[    0.039517] On node 0, zone DMA: 97 pages in unavailable ranges
[    0.041646] On node 0, zone DMA32: 35 pages in unavailable ranges
[    0.041990] ACPI: PM-Timer IO Port: 0x608
[    0.042374] ACPI: LAPIC_NMI (acpi_id[0xff] dfl dfl lint[0x1])
[    0.042804] IOAPIC[0]: apic_id 0, version 32, address 0xfec00000, GSI 0-23
[    0.042918] ACPI: INT_SRC_OVR (bus 0 bus_irq 0 global_irq 2 dfl dfl)
[    0.043159] ACPI: INT_SRC_OVR (bus 0 bus_irq 5 global_irq 5 high level)
[    0.043206] ACPI: INT_SRC_OVR (bus 0 bus_irq 9 global_irq 9 high level)
[    0.043298] ACPI: INT_SRC_OVR (bus 0 bus_irq 10 global_irq 10 high level)
[    0.043306] ACPI: INT_SRC_OVR (bus 0 bus_irq 11 global_irq 11 high level)
[    0.043502] ACPI: Using ACPI (MADT) for SMP configuration information
[    0.043547] ACPI: HPET id: 0x8086a201 base: 0xfed00000
[    0.043923] CPU topo: Max. logical packages:   1
[    0.043938] CPU topo: Max. logical dies:       1
[    0.043947] CPU topo: Max. dies per package:   1
[    0.043991] CPU topo: Max. threads per core:   1
[    0.044148] CPU topo: Num. cores per package:     1
[    0.044164] CPU topo: Num. threads per package:   1
[    0.044172] CPU topo: Allowing 1 present CPUs plus 0 hotplug CPUs
[    0.045319] [mem 0x08000000-0xfffbffff] available for PCI devices
[    0.045385] Booting paravirtualized kernel on bare hardware
[    0.045703] clocksource: refined-jiffies: mask: 0xffffffff max_cycles: 0xffffffff, max_idle_ns: 19112604462750000 ns
[    0.046362] setup_percpu: NR_CPUS:512 nr_cpumask_bits:1 nr_cpu_ids:1 nr_node_ids:1
[    0.048389] percpu: Embedded 50 pages/cpu s167000 r8192 d29608 u2097152
[    0.050683] Kernel command line: BOOT_IMAGE=/boot/vmlinuz root=PARTUUID=faa27ed6-02 rootwait console=tty1 console=ttyS0,115200n8 noinitrd
[    0.052285] random: crng init done
[    0.057019] Dentry cache hash table entries: 16384 (order: 5, 131072 bytes, linear)
[    0.057981] Inode-cache hash table entries: 8192 (order: 4, 65536 bytes, linear)
[    0.060762] Built 1 zonelists, mobility grouping on.  Total pages: 32635
[    0.060986] mem auto-init: stack:off, heap alloc:off, heap free:off
[    0.070709] SLUB: HWalign=64, Order=0-3, MinObjects=0, CPUs=1, Nodes=1
[    0.078789] rcu: Hierarchical RCU implementation.
[    0.078818] rcu: 	RCU restricting CPUs from NR_CPUS=512 to nr_cpu_ids=1.
[    0.078963] 	Tracing variant of Tasks RCU enabled.
[    0.079053] rcu: RCU calculated value of scheduler-enlistment delay is 10 jiffies.
[    0.079083] rcu: Adjusting geometry for rcu_fanout_leaf=16, nr_cpu_ids=1
[    0.080209] RCU Tasks Trace: Setting shift to 0 and lim to 1 rcu_task_cb_adjust=1 rcu_task_cpu_ids=1.
[    0.080338] NR_IRQS: 33024, nr_irqs: 256, preallocated irqs: 16
[    0.089118] rcu: srcu_init: Setting srcu_struct sizes based on contention.
[    0.095877] Console: colour VGA+ 80x25
[    0.096286] printk: legacy console [tty1] enabled
[    0.104144] printk: legacy console [ttyS0] enabled
[    0.356187] ACPI: Core revision 20240827
[    0.361235] clocksource: hpet: mask: 0xffffffff max_cycles: 0xffffffff, max_idle_ns: 19112604467 ns
[    0.365826] APIC: Switch to symmetric I/O mode setup
[    0.370567] ..TIMER: vector=0x30 apic1=0 pin1=2 apic2=-1 pin2=-1
[    0.412980] clocksource: tsc-early: mask: 0xffffffffffffffff max_cycles: 0x233fcb97d2e, max_idle_ns: 440795290575 ns
[    0.413717] Calibrating delay loop (skipped), value calculated using timer frequency.. 4890.82 BogoMIPS (lpj=24454130)
[    0.415513] x86/cpu: User Mode Instruction Prevention (UMIP) activated
[    0.431034] Last level iTLB entries: 4KB 0, 2MB 0, 4MB 0
[    0.433624] Last level dTLB entries: 4KB 0, 2MB 0, 4MB 0, 1GB 0
[    0.434678] Spectre V1 : Mitigation: usercopy/swapgs barriers and __user pointer sanitization
[    0.435697] Spectre V2 : Mitigation: Retpolines
[    0.435999] Spectre V2 : Spectre v2 / SpectreRSB: Filling RSB on context switch and VMEXIT
[    0.436426] Speculative Store Bypass: Vulnerable
[    0.438373] x86/fpu: Supporting XSAVE feature 0x001: 'x87 floating point registers'
[    0.445962] x86/fpu: Supporting XSAVE feature 0x002: 'SSE registers'
[    0.446217] x86/fpu: Supporting XSAVE feature 0x004: 'AVX registers'
[    0.446473] x86/fpu: Supporting XSAVE feature 0x008: 'MPX bounds registers'
[    0.446716] x86/fpu: Supporting XSAVE feature 0x010: 'MPX CSR'
[    0.453866] x86/fpu: xstate_offset[2]:  576, xstate_sizes[2]:  256
[    0.454357] x86/fpu: xstate_offset[3]:  960, xstate_sizes[3]:   64
[    0.454570] x86/fpu: xstate_offset[4]: 1024, xstate_sizes[4]:   64
[    0.454799] x86/fpu: Enabled xstate features 0x1f, context size is 1088 bytes, using 'standard' format.
[    0.696621] Freeing SMP alternatives memory: 40K
[    0.697296] pid_max: default: 32768 minimum: 301
[    0.706210] Mount-cache hash table entries: 512 (order: 0, 4096 bytes, linear)
[    0.706580] Mountpoint-cache hash table entries: 512 (order: 0, 4096 bytes, linear)
[    0.858069] smpboot: CPU0: AMD QEMU TCG CPU version 2.5+ (family: 0x6, model: 0x6, stepping: 0x3)
[    0.887742] Performance Events: PMU not available due to virtualization, using software events only.
[    0.889112] signal: max sigframe size: 1616
[    0.890875] rcu: Hierarchical SRCU implementation.
[    0.891130] rcu: 	Max phase no-delay instances is 1000.
[    0.896790] smp: Bringing up secondary CPUs ...
[    0.900536] smp: Brought up 1 node, 1 CPU
[    0.900820] smpboot: Total of 1 processors activated (4890.82 BogoMIPS)
[    0.907408] Memory: 103200K/130540K available (14336K kernel code, 1167K rwdata, 3984K rodata, 1496K init, 1312K bss, 25628K reserved, 0K cma-reserved)
[    0.922390] clocksource: jiffies: mask: 0xffffffff max_cycles: 0xffffffff, max_idle_ns: 19112604462750000 ns
[    0.923198] futex hash table entries: 256 (order: 2, 16384 bytes, linear)
[    0.924906] pinctrl core: initialized pinctrl subsystem
[    0.943415] NET: Registered PF_NETLINK/PF_ROUTE protocol family
[    0.949461] thermal_sys: Registered thermal governor 'step_wise'
[    0.949498] thermal_sys: Registered thermal governor 'user_space'
[    0.950476] cpuidle: using governor ladder
[    0.950966] cpuidle: using governor menu
[    0.955251] acpiphp: ACPI Hot Plug PCI Controller Driver version: 0.5
[    0.957860] PCI: Using configuration type 1 for base access
[    0.967165] cryptd: max_cpu_qlen set to 1000
[    0.972900] ACPI: Added _OSI(Module Device)
[    0.973115] ACPI: Added _OSI(Processor Device)
[    0.973287] ACPI: Added _OSI(Processor Aggregator Device)
[    0.987608] ACPI: 1 ACPI AML tables successfully acquired and loaded
[    1.004358] ACPI: Interpreter enabled
[    1.005163] ACPI: PM: (supports S0 S5)
[    1.005364] ACPI: Using IOAPIC for interrupt routing
[    1.005903] PCI: Using host bridge windows from ACPI; if necessary, use "pci=nocrs" and report a bug
[    1.006280] PCI: Using E820 reservations for host bridge windows
[    1.015384] ACPI: Enabled 2 GPEs in block 00 to 0F
[    1.047852] ACPI: PCI Root Bridge [PCI0] (domain 0000 [bus 00-ff])
[    1.048736] acpi PNP0A03:00: _OSC: OS supports [ASPM ClockPM Segments MSI HPX-Type3]
[    1.049171] acpi PNP0A03:00: _OSC: not requesting OS control; OS requires [ExtendedConfig ASPM ClockPM MSI]
[    1.050020] acpi PNP0A03:00: fail to add MMCONFIG information, can't access extended configuration space under this bridge
[    1.064005] acpiphp: Slot [3] registered
[    1.064345] acpiphp: Slot [4] registered
[    1.064599] acpiphp: Slot [5] registered
[    1.064840] acpiphp: Slot [6] registered
[    1.070531] acpiphp: Slot [7] registered
[    1.072268] acpiphp: Slot [8] registered
[    1.072525] acpiphp: Slot [9] registered
[    1.072767] acpiphp: Slot [10] registered
[    1.073016] acpiphp: Slot [11] registered
[    1.073285] acpiphp: Slot [12] registered
[    1.073532] acpiphp: Slot [13] registered
[    1.073940] acpiphp: Slot [14] registered
[    1.074361] acpiphp: Slot [15] registered
[    1.074677] acpiphp: Slot [16] registered
[    1.074927] acpiphp: Slot [17] registered
[    1.075178] acpiphp: Slot [18] registered
[    1.075460] acpiphp: Slot [19] registered
[    1.083942] acpiphp: Slot [20] registered
[    1.084356] acpiphp: Slot [21] registered
[    1.093724] acpiphp: Slot [22] registered
[    1.093981] acpiphp: Slot [23] registered
[    1.094257] acpiphp: Slot [24] registered
[    1.094503] acpiphp: Slot [25] registered
[    1.103982] acpiphp: Slot [26] registered
[    1.104379] acpiphp: Slot [27] registered
[    1.104679] acpiphp: Slot [28] registered
[    1.104940] acpiphp: Slot [29] registered
[    1.105224] acpiphp: Slot [30] registered
[    1.105471] acpiphp: Slot [31] registered
[    1.114233] PCI host bridge to bus 0000:00
[    1.114764] pci_bus 0000:00: root bus resource [io  0x0000-0x0cf7 window]
[    1.115150] pci_bus 0000:00: root bus resource [io  0x0d00-0xffff window]
[    1.115380] pci_bus 0000:00: root bus resource [mem 0x000a0000-0x000bffff window]
[    1.123838] pci_bus 0000:00: root bus resource [mem 0x08000000-0xfebfffff window]
[    1.124231] pci_bus 0000:00: root bus resource [mem 0x100000000-0x17fffffff window]
[    1.124750] pci_bus 0000:00: root bus resource [bus 00-ff]
[    1.126114] pci 0000:00:00.0: [8086:1237] type 00 class 0x060000 conventional PCI endpoint
[    1.137569] pci 0000:00:01.0: [8086:7000] type 00 class 0x060100 conventional PCI endpoint
[    1.138463] pci 0000:00:01.1: [8086:7010] type 00 class 0x010180 conventional PCI endpoint
[    1.144907] pci 0000:00:01.1: BAR 4 [io  0xc0e0-0xc0ef]
[    1.149450] pci 0000:00:01.1: BAR 0 [io  0x01f0-0x01f7]: legacy IDE quirk
[    1.149733] pci 0000:00:01.1: BAR 1 [io  0x03f6]: legacy IDE quirk
[    1.149979] pci 0000:00:01.1: BAR 2 [io  0x0170-0x0177]: legacy IDE quirk
[    1.150248] pci 0000:00:01.1: BAR 3 [io  0x0376]: legacy IDE quirk
[    1.154635] pci 0000:00:01.3: [8086:7113] type 00 class 0x068000 conventional PCI endpoint
[    1.155262] pci 0000:00:01.3: quirk: [io  0x0600-0x063f] claimed by PIIX4 ACPI
[    1.155581] pci 0000:00:01.3: quirk: [io  0x0700-0x070f] claimed by PIIX4 SMB
[    1.156333] pci 0000:00:02.0: [1234:1111] type 00 class 0x030000 conventional PCI endpoint
[    1.164383] pci 0000:00:02.0: BAR 0 [mem 0xfd000000-0xfdffffff pref]
[    1.165803] pci 0000:00:02.0: BAR 2 [mem 0xfeb90000-0xfeb90fff]
[    1.174862] pci 0000:00:02.0: ROM [mem 0xfeb80000-0xfeb8ffff pref]
[    1.181490] pci 0000:00:02.0: Video device with shadowed ROM at [mem 0x000c0000-0x000dffff]
[    1.182542] pci 0000:00:03.0: [1af4:1000] type 00 class 0x020000 conventional PCI endpoint
[    1.183611] pci 0000:00:03.0: BAR 0 [io  0xc080-0xc09f]
[    1.185507] pci 0000:00:03.0: BAR 4 [mem 0xfe000000-0xfe003fff 64bit pref]
[    1.192696] pci 0000:00:03.0: ROM [mem 0xfea80000-0xfeafffff pref]
[    1.198535] pci 0000:00:04.0: [1af4:1005] type 00 class 0x00ff00 conventional PCI endpoint
[    1.200205] pci 0000:00:04.0: BAR 0 [io  0xc0a0-0xc0bf]
[    1.201168] pci 0000:00:04.0: BAR 1 [mem 0xfeb91000-0xfeb91fff]
[    1.205036] pci 0000:00:04.0: BAR 4 [mem 0xfe004000-0xfe007fff 64bit pref]
[    1.209692] pci 0000:00:05.0: [1af4:1000] type 00 class 0x020000 conventional PCI endpoint
[    1.211356] pci 0000:00:05.0: BAR 0 [io  0xc0c0-0xc0df]
[    1.214560] pci 0000:00:05.0: BAR 1 [mem 0xfeb92000-0xfeb92fff]
[    1.216299] pci 0000:00:05.0: BAR 4 [mem 0xfe008000-0xfe00bfff 64bit pref]
[    1.217158] pci 0000:00:05.0: ROM [mem 0xfeb00000-0xfeb7ffff pref]
[    1.220817] pci 0000:00:06.0: [1af4:1001] type 00 class 0x010000 conventional PCI endpoint
[    1.224520] pci 0000:00:06.0: BAR 0 [io  0xc000-0xc07f]
[    1.225231] pci 0000:00:06.0: BAR 1 [mem 0xfeb93000-0xfeb93fff]
[    1.227009] pci 0000:00:06.0: BAR 4 [mem 0xfe00c000-0xfe00ffff 64bit pref]
[    1.238439] ACPI: PCI: Interrupt link LNKA configured for IRQ 10
[    1.239348] ACPI: PCI: Interrupt link LNKB configured for IRQ 10
[    1.239977] ACPI: PCI: Interrupt link LNKC configured for IRQ 11
[    1.240615] ACPI: PCI: Interrupt link LNKD configured for IRQ 11
[    1.241022] ACPI: PCI: Interrupt link LNKS configured for IRQ 9
[    1.247761] iommu: Default domain type: Translated
[    1.247981] iommu: DMA domain TLB invalidation policy: lazy mode
[    1.256005] SCSI subsystem initialized
[    1.257067] ACPI: bus type USB registered
[    1.257585] usbcore: registered new interface driver usbfs
[    1.260534] usbcore: registered new interface driver hub
[    1.260957] usbcore: registered new device driver usb
[    1.261522] pps_core: LinuxPPS API ver. 1 registered
[    1.261721] pps_core: Software ver. 5.3.6 - Copyright 2005-2007 Rodolfo Giometti <giometti@linux.it>
[    1.263943] PTP clock support registered
[    1.282772] PCI: Using ACPI for IRQ routing
[    1.285071] hpet0: at MMIO 0xfed00000, IRQs 2, 8, 0
[    1.285371] hpet0: 3 comparators, 64-bit 100.000000 MHz counter
[    1.290071] clocksource: Switched to clocksource tsc-early
[    1.292693] pnp: PnP ACPI init
[    1.292693] pnp: PnP ACPI: found 6 devices
[    1.305003] clocksource: acpi_pm: mask: 0xffffff max_cycles: 0xffffff, max_idle_ns: 2085701024 ns
[    1.306350] NET: Registered PF_INET protocol family
[    1.307919] IP idents hash table entries: 2048 (order: 2, 16384 bytes, linear)
[    1.313250] tcp_listen_portaddr_hash hash table entries: 256 (order: 0, 4096 bytes, linear)
[    1.315903] Table-perturb hash table entries: 65536 (order: 6, 262144 bytes, linear)
[    1.316352] TCP established hash table entries: 1024 (order: 1, 8192 bytes, linear)
[    1.316778] TCP bind hash table entries: 1024 (order: 3, 32768 bytes, linear)
[    1.326734] TCP: Hash tables configured (established 1024 bind 1024)
[    1.328647] MPTCP token hash table entries: 256 (order: 1, 6144 bytes, linear)
[    1.329181] UDP hash table entries: 256 (order: 1, 8192 bytes, linear)
[    1.329607] UDP-Lite hash table entries: 256 (order: 1, 8192 bytes, linear)
[    1.339012] NET: Registered PF_UNIX/PF_LOCAL protocol family
[    1.340203] pci_bus 0000:00: resource 4 [io  0x0000-0x0cf7 window]
[    1.340437] pci_bus 0000:00: resource 5 [io  0x0d00-0xffff window]
[    1.340652] pci_bus 0000:00: resource 6 [mem 0x000a0000-0x000bffff window]
[    1.348620] pci_bus 0000:00: resource 7 [mem 0x08000000-0xfebfffff window]
[    1.348960] pci_bus 0000:00: resource 8 [mem 0x100000000-0x17fffffff window]
[    1.349691] pci 0000:00:01.0: PIIX3: Enabling Passive Release
[    1.349985] pci 0000:00:00.0: Limiting direct PCI/PCI transfers
[    1.360026] PCI: CLS 0 bytes, default 64
[    1.379430] workingset: timestamp_bits=46 max_order=15 bucket_order=0
[    1.381849] squashfs: version 4.0 (2009/01/31) Phillip Lougher
[    1.384569] Block layer SCSI generic (bsg) driver version 0.4 loaded (major 247)
[    1.388276] hv_vmbus: registering driver hyperv_fb
[    1.393374] input: Power Button as /devices/LNXSYSTM:00/LNXPWRBN:00/input/input0
[    1.402495] ACPI: button: Power Button [PWRF]
[    1.561116] ACPI: \_SB_.LNKC: Enabled at IRQ 11
[    1.713392] ACPI: \_SB_.LNKD: Enabled at IRQ 10
[    1.863333] ACPI: \_SB_.LNKA: Enabled at IRQ 10
[    2.012768] ACPI: \_SB_.LNKB: Enabled at IRQ 11
[    2.014544] Serial: 8250/16550 driver, 16 ports, IRQ sharing enabled
[    2.039387] 00:04: ttyS0 at I/O 0x3f8 (irq = 4, base_baud = 115200) is a 16550A
[    2.066123] Non-volatile memory driver v1.3
[    2.076871] Linux agpgart interface v0.103
[    2.077883] ACPI: bus type drm_connector registered
[    2.080579] [drm] Found bochs VGA, ID 0xb0c5.
[    2.080782] [drm] Framebuffer size 16384 kB @ 0xfd000000, mmio @ 0xfeb90000.
[    2.086461] [drm] Found EDID data blob.
[    2.092071] [drm] Initialized bochs-drm 1.0.0 for 0000:00:02.0 on minor 0
[    2.160164] Console: switching to colour frame buffer device 160x50
[    2.169266] bochs-drm 0000:00:02.0: [drm] fb0: bochs-drmdrmfb frame buffer device
[    2.204509] loop: module loaded
[    2.205192] virtio_blk virtio3: 1/0/0 default/read/poll queues
[    2.209654] virtio_blk virtio3: [vda] 246784 512-byte logical blocks (126 MB/121 MiB)
[    2.218901]  vda: vda1 vda2
[    2.220923] Guest personality initialized and is inactive
[    2.221544] VMCI host device registered (name=vmci, major=10, minor=256)
[    2.221802] Initialized host personality
[    2.222186] usbcore: registered new interface driver rtsx_usb
[    2.230578] VMware PVSCSI driver - version 1.0.7.0-k
[    2.230921] hv_vmbus: registering driver hv_storvsc
[    2.246914] scsi host0: ata_piix
[    2.249415] scsi host1: ata_piix
[    2.250244] ata1: PATA max MWDMA2 cmd 0x1f0 ctl 0x3f6 bmdma 0xc0e0 irq 14 lpm-pol 0
[    2.250556] ata2: PATA max MWDMA2 cmd 0x170 ctl 0x376 bmdma 0xc0e8 irq 15 lpm-pol 0
[    2.259547] VMware vmxnet3 virtual NIC driver - version 1.9.0.0-k-NAPI
[    2.260151] hv_vmbus: registering driver hv_netvsc
[    2.260532] Fusion MPT base driver 3.04.20
[    2.260697] Copyright (c) 1999-2008 LSI Corporation
[    2.261061] Fusion MPT SPI Host driver 3.04.20
[    2.270576] Fusion MPT SAS Host driver 3.04.20
[    2.272679] usbcore: registered new interface driver usb-storage
[    2.273919] i8042: PNP: PS/2 Controller [PNP0303:KBD,PNP0f13:MOU] at 0x60,0x64 irq 1,12
[    2.277308] serio: i8042 KBD port at 0x60,0x64 irq 1
[    2.277683] serio: i8042 AUX port at 0x60,0x64 irq 12
[    2.284393] hv_vmbus: registering driver hyperv_keyboard
[    2.286768] rtc_cmos 00:05: RTC can wake from S4
[    2.291710] rtc_cmos 00:05: registered as rtc0
[    2.294598] rtc_cmos 00:05: setting system clock to 2026-04-18T01:48:16 UTC (1776476896)
[    2.297025] rtc_cmos 00:05: alarms up to one day, y3k, 242 bytes nvram, hpet irqs
[    2.299652] intel_powerclamp: CPU does not support MWAIT
[    2.301844] amd_pstate: the _CPC object is not present in SBIOS or ACPI disabled
[    2.307819] sdhci: Secure Digital Host Controller Interface driver
[    2.309802] sdhci: Copyright(c) Pierre Ossman
[    2.312144] VUB300 Driver rom wait states = 1C irqpoll timeout = 0400
[    2.318781] input: AT Translated Set 2 keyboard as /devices/platform/i8042/serio0/input/input1
[    2.341872] usbcore: registered new interface driver vub300
[    2.344166] usbcore: registered new interface driver ushc
[    2.351701] hid: raw HID events driver (C) Jiri Kosina
[    2.354516] hv_vmbus: registering driver hid_hyperv
[    2.357315] usbcore: registered new interface driver usbhid
[    2.359285] usbhid: USB HID core driver
[    2.361345] hv_utils: Registering HyperV Utility Driver
[    2.363303] hv_vmbus: registering driver hv_utils
[    2.365705] hv_vmbus: registering driver hv_balloon
[    2.369038] NET: Registered PF_INET6 protocol family
[    2.383729] Segment Routing with IPv6
[    2.385970] In-situ OAM (IOAM) with IPv6
[    2.388353] NET: Registered PF_PACKET protocol family
[    2.390765] bridge: filtering via arp/ip/ip6tables is no longer available by default. Update your scripts to load br_netfilter if you need this.
[    2.400234] 8021q: 802.1Q VLAN Support v1.8
[    2.402748] NET: Registered PF_VSOCK protocol family
[    2.411594] IPI shorthand broadcast: enabled
[    2.418204] AES CTR mode by8 optimization enabled
[    2.439297] sched_clock: Marking stable (2170053156, 263962698)->(2443373441, -9357587)
[    2.472296] tsc: Refined TSC clocksource calibration: 2445.420 MHz
[    2.474742] clocksource: tsc: mask: 0xffffffffffffffff max_cycles: 0x233fd1f69e2, max_idle_ns: 440795278869 ns
[    2.485040] ata2: found unknown device (class 0)
[    2.526308] clocksource: Switched to clocksource tsc
[    2.534411] ata2.00: ATAPI: QEMU DVD-ROM, 2.5+, max UDMA/100
[    2.552294] scsi 1:0:0:0: CD-ROM            QEMU     QEMU DVD-ROM     2.5+ PQ: 0 ANSI: 5
[    2.563136] clk: Disabling unused clocks
[    2.605993] sr 1:0:0:0: [sr0] scsi3-mmc drive: 4x/4x cd/rw xa/form2 tray
[    2.608491] cdrom: Uniform CD-ROM driver Revision: 3.20
[    2.665336] VFS: Mounted root (squashfs filesystem) readonly on device 254:2.
[    2.735281] Freeing unused kernel image (initmem) memory: 1496K
[    2.737681] Write protecting the kernel read-only data: 18432k
[    2.740754] Freeing unused kernel image (rodata/data gap) memory: 112K
[    2.743247] Run /sbin/init as init process
[    3.087131] init: Console is alive
[    3.663585] kmodloader: loading kernel modules from /etc/modules-boot.d/*
[    3.730708] button_hotplug: loading out-of-tree module taints kernel.
[    3.737371] Button Hotplug driver version 0.4.1
[    3.757614] Intel(R) 2.5G Ethernet Linux Driver
[    3.759946] Copyright(c) 2018 Intel Corporation.
[    3.775463] igb: Intel(R) Gigabit Ethernet Network Driver
[    3.777807] igb: Copyright (c) 2007-2014 Intel Corporation.
[    3.794349] e1000e: Intel(R) PRO/1000 Network Driver
[    3.796695] e1000e: Copyright(c) 1999 - 2015 Intel Corporation.
[    3.810015] kmodloader: done loading kernel modules from /etc/modules-boot.d/*
[    3.822928] init: - preinit -
[    4.924200] 8021q: adding VLAN 0 to HW filter on device eth0
Press the [f] key and hit [enter] to enter failsafe mode
Press the [1], [2], [3] or [4] key and hit [enter] to select the debug level
[    9.528541] loop0: detected capacity change from 0 to 212992
[    9.574464] loop0: detected capacity change from 212992 to 201728
[    9.586783] mount_root: overlay filesystem in /dev/loop0 has not been formatted yet
[    9.911244] EXT4-fs (loop0): mounted filesystem cf38ff4b-c420-4ad1-87ec-557a10a6a37b r/w with ordered data mode. Quota mode: disabled.
[    9.925070] mount_root: overlay filesystem has not been fully initialized yet
[    9.942701] mount_root: switching to ext4 overlay
[    9.963456] overlayfs: null uuid detected in lower fs '/', falling back to xino=off,index=off,nfs_export=off.
[   10.687370] EXT4-fs (vda1): mounted filesystem 84173db5-fa99-e35a-95c6-28613cc79ea9 r/w without journal. Quota mode: disabled.
[   10.710729] urandom-seed: Seed file not found (/etc/urandom.seed)
[   10.846547] procd: - early -
[   11.589242] procd: - ubus -
[   11.766437] procd: - init -
Please press Enter to activate this console.
root
login[1051]: root login on 'ttyS0'


BusyBox v1.37.0 (2026-01-02 17:07:02 UTC) built-in shell (ash)

  _______                     ________        __
 |       |.-----.-----.-----.|  |  |  |.----.|  |_
 |   -   ||  _  |  -__|     ||  |  |  ||   _||   _|
 |_______||   __|_____|__|__||________||__|  |____|
          |__| W I R E L E S S   F R E E D O M
 -----------------------------------------------------
 OpenWrt SNAPSHOT, r34025-8aa836eba3
 -----------------------------------------------------

 === WARNING! =====================================
 There is no root password defined on this device!
 Use the "passwd" command to set up a new password
 in order to prevent unauthorized SSH logins.
 --------------------------------------------------

root@(none):~# dmesg -n 1
root@(none):~# echo 'TGCQ''NLWPLQ'
TGCQNLWPLQ
root@(none):~# run() { echo -n "$MARKER"; sh -c "$@"; echo "$MARKER $?"; }
root@(none):~# echo 'UAZJ''QULYNX'
UAZJQULYNX
root@(none):~# MARKER='AFLO''LASXBS' run 'ubus wait_for network.interface.lan'
AFLOLASXBSAFLOLASXBS 0
root@OpenWrt:~# echo 'KKWU''ZKAPMQ'
KKWUZKAPMQ
root@OpenWrt:~# MARKER='MJGV''VBMWUO' run 'ubus call network.interface.lan statu
s '"'"'{}'"'"''
MJGVVBMWUO{
	"up": true,
	"pending": false,
	"available": true,
	"autostart": true,
	"dynamic": false,
	"uptime": 0,
	"l3_device": "br-lan",
	"proto": "static",
	"device": "br-lan",
	"updated": [
		"addresses"
	],
	"metric": 0,
	"dns_metric": 0,
	"delegation": true,
	"ipv4-address": [
		{
			"address": "192.168.1.1",
			"mask": 24
		}
	],
	"ipv6-address": [
		
	],
	"ipv6-prefix": [
		
	],
	"ipv6-prefix-assignment": [
		{
			"address": "fd90:e643:371a::",
			"mask": 60,
			"local-address": {
				"address": "fd90:e643:371a::1",
				"mask": 60
			}
		}
	],
	"route": [
		
	],
	"dns-server": [
		
	],
	"dns-search": [
		
	],
	"neighbors": [
		
	],
	"inactive": {
		"ipv4-address": [
			
		],
		"ipv6-address": [
			
		],
		"route": [
			
		],
		"dns-server": [
			
		],
		"dns-search": [
			
		],
		"neighbors": [
			
		]
	},
	"data": {
		
	}
}
MJGVVBMWUO 0
root@OpenWrt:~# echo 'XPPG''LOFZBB'
XPPGLOFZBB
root@OpenWrt:~# MARKER='WQMM''GUASCF' run true
WQMMGUASCFWQMMGUASCF 0
root@OpenWrt:~# echo 'FNTV''PUZJFA'
FNTVPUZJFA
root@OpenWrt:~# MARKER='VGHH''KKHECU' run 'source /etc/os-release; echo $BUILD_I
D'
VGHHKKHECUr34025-8aa836eba3
VGHHKKHECU 0
root@OpenWrt:~# echo 'FCAX''LVKOXE'
FCAXLVKOXE
root@OpenWrt:~# MARKER='ZAEY''PVGOMX' run 'ls /etc/dropbear/dropbear_rsa_host_ke
y'
ZAEYPVGOMX[0;0m/etc/dropbear/dropbear_rsa_host_key[m
ZAEYPVGOMX 0
root@OpenWrt:~# echo 'ECPJ''FYHMPT'
ECPJFYHMPT
root@OpenWrt:~# MARKER='NGUN''HXTBLX' run 'netstat -tlpn | grep 0.0.0.0:22'
NGUNHXTBLXtcp        0      0 0.0.0.0:22              0.0.0.0:*               LISTEN      1734/dropbear
NGUNHXTBLX 0
root@OpenWrt:~# echo 'WNKW''LGGKJM'
WNKWLGGKJM
root@OpenWrt:~# MARKER='VMMC''KUHPES' run 'dmesg | grep br-lan | grep forwarding
'
VMMCKUHPES[   30.682996] br-lan: port 1(eth0) entered forwarding state
VMMCKUHPES 0
root@OpenWrt:~# echo 'NKGX''YWHVCT'
NKGXYWHVCT
root@OpenWrt:~# MARKER='SYYB''KYBNEM' run 'ubus call network.interface.lan statu
s '"'"'{}'"'"''
SYYBKYBNEM{
	"up": true,
	"pending": false,
	"available": true,
	"autostart": true,
	"dynamic": false,
	"uptime": 22,
	"l3_device": "br-lan",
	"proto": "static",
	"device": "br-lan",
	"updated": [
		"addresses"
	],
	"metric": 0,
	"dns_metric": 0,
	"delegation": true,
	"ipv4-address": [
		{
			"address": "192.168.1.1",
			"mask": 24
		}
	],
	"ipv6-address": [
		
	],
	"ipv6-prefix": [
		
	],
	"ipv6-prefix-assignment": [
		{
			"address": "fd90:e643:371a::",
			"mask": 60,
			"local-address": {
				"address": "fd90:e643:371a::1",
				"mask": 60
			}
		}
	],
	"route": [
		
	],
	"dns-server": [
		
	],
	"dns-search": [
		
	],
	"neighbors": [
		
	],
	"inactive": {
		"ipv4-address": [
			
		],
		"ipv6-address": [
			
		],
		"route": [
			
		],
		"dns-server": [
			
		],
		"dns-search": [
			
		],
		"neighbors": [
			
		]
	},
	"data": {
		
	}
}
SYYBKYBNEM 0
root@OpenWrt:~# echo 'BFMW''HCKSUT'
BFMWHCKSUT
root@OpenWrt:~# MARKER='TAYE''YBXVVW' run 'ip -o addr show dev br-lan'
TAYEYBXVVW4: br-lan    inet 192.168.1.1/24 brd 192.168.1.255 scope global br-lan\       valid_lft forever preferred_lft forever
4: br-lan    inet6 fd90:e643:371a::1/60 scope global noprefixroute \       valid_lft forever preferred_lft forever
4: br-lan    inet6 fe80::5054:ff:fe12:3456/64 scope link \       valid_lft forever preferred_lft forever
TAYEYBXVVW 0
root@OpenWrt:~# echo 'VZMQ''XXVHVJ'
VZMQXXVHVJ
root@OpenWrt:~# MARKER='ETNC''HHPXGG' run 'ubus call network.interface.wan statu
s '"'"'{}'"'"''
ETNCHHPXGG{
	"up": true,
	"pending": false,
	"available": true,
	"autostart": true,
	"dynamic": false,
	"uptime": 20,
	"l3_device": "eth1",
	"proto": "dhcp",
	"device": "eth1",
	"updated": [
		"addresses",
		"routes",
		"data"
	],
	"metric": 0,
	"dns_metric": 0,
	"delegation": true,
	"ipv4-address": [
		{
			"address": "10.0.2.15",
			"mask": 24
		}
	],
	"ipv6-address": [
		
	],
	"ipv6-prefix": [
		
	],
	"ipv6-prefix-assignment": [
		
	],
	"route": [
		{
			"target": "0.0.0.0",
			"mask": 0,
			"nexthop": "10.0.2.2",
			"source": "10.0.2.15/32"
		}
	],
	"dns-server": [
		"10.0.2.3"
	],
	"dns-search": [
		
	],
	"neighbors": [
		
	],
	"inactive": {
		"ipv4-address": [
			
		],
		"ipv6-address": [
			
		],
		"route": [
			
		],
		"dns-server": [
			
		],
		"dns-search": [
			
		],
		"neighbors": [
			
		]
	},
	"data": {
		"dhcpserver": "10.0.2.2",
		"leasetime": 86400
	}
}
ETNCHHPXGG 0
root@OpenWrt:~# 