Labgrid Console Logfile for main
Logfile started at 2026-03-28 02:16:10.469985
=== Log starts here ===
c[?7l[2J[0mSeaBIOS (version 1.16.3-debian-1.16.3-2)


iPXE (https://ipxe.org) 00:03.0 CA00 PCI2.10 PnP PMM+06FCAE70+06F0AE70 CA00
Press Ctrl-B to configure iPXE (PCI 00:03.0)...                                                                               




iPXE (https://ipxe.org) 00:05.0 CB00 PCI2.10 PnP PMM 06FCAE70 06F0AE70 CB00
Press Ctrl-B to configure iPXE (PCI 00:05.0)...                                                                               


Booting from Hard Disk...
GRUB loading.....
[0;30;47mWelcome to GRUB!

[01;01H[0m[2J[H[J[1;1H[?25l[m[H[J[1;1H[2;30HGNU GRUB  version 2.12

[m[4;2H+----------------------------------------------------------------------------+[5;2H|[5;79H|[6;2H|[6;79H|[7;2H|[7;79H|[8;2H|[8;79H|[9;2H|[9;79H|[10;2H|[10;79H|[11;2H|[11;79H|[12;2H|[12;79H|[13;2H|[13;79H|[14;2H|[14;79H|[15;2H|[15;79H|[16;2H+----------------------------------------------------------------------------+[m[17;2H[18;2H[m     Use the ^ and v keys to select which entry is highlighted.          
      Press enter to boot the selected OS, `e' to edit the commands       
      before booting or `c' for a command-line. ESC to return             
      previous menu.                                                      [5;80H [7m[5;3H*OpenWrt                                                                    [m[5;78H[m[m[6;3H OpenWrt (failsafe)                                                         [m[6;78H[m[m[7;3H                                                                            [m[7;78H[m[m[8;3H                                                                            [m[8;78H[m[m[9;3H                                                                            [m[9;78H[m[m[10;3H                                                                            [m[10;78H[m[m[11;3H                                                                            [m[11;78H[m[m[12;3H                                                                            [m[12;78H[m[m[13;3H                                                                            [m[13;78H[m[m[14;3H                                                                            [m[14;78H[m[m[15;3H                                                                            [m[15;78H[m[15;80H [5;78H[2J[02;30HGNU GRUB  version 2.12[04;02H┌────────────────────────────────────────────────────────────────────────────┐[05;02H│[05;79H│[06;02H│[06;79H│[07;02H│[07;79H│[08;02H│[08;79H│[09;02H│[09;79H│[10;02H│[10;79H│[11;02H│[11;79H│[12;02H│[12;79H│[13;02H│[13;79H│[14;02H│[14;79H│[15;02H│[15;79H│[16;02H│[16;79H│[17;02H└────────────────────────────────────────────────────────────────────────────┘[19;02H     Use the ↑ and ↓ keys to select which entry is highlighted.          
      Press enter to boot the selected OS, `e' to edit the commands       
     [21;05H[21;06H before booting or `c' for a command-line. ESC to return             
      previous menu.                                                      [05;80H [05;03H[0;30;47m*OpenWrt     [05;15H[05;16H                                                               [06;03H[0m OpenWrt (failsafe)                                                         [07;03H                                                                            [08;03H                                                                            [09;03H                                                                            [10;03H                                                                            [11;03H                                                                            [12;03H                                                                            [13;03H                                                                            [14;03H                                                                            [15;03H                                             [15;47H[15;48H                               [16;03H                                                                            [16;80H 






   The highlighted entry will be executed autom[23;47H[23;48Hatically in 5s.                [22;1H   The highlighted entry will be executed automatically in 5s.                 [5;78H [05;78H

















   The highlighted entry will be executed automatically in 4s.                [22;1H   The highlighted entry will be executed automatically in 4s.                 [5;78H [05;78H

















   The highlighted entry will be executed automatically in 3s.                [22;1H   The highlighted entry will be executed automatically in 3s.                 [5;78H [05;78H

















   The highlighted entry will be executed automatically in 2s.                [22;1H   The highlighted entry will be executed automatically in 2s.                 [5;78H [05;78H

















   The highlighted entry will be executed automatically in 1s.           [23;73H[23;74H     [22;1H   The highlighted entry will be executed automatically in 1s.                 [5;78H [05;78H

















   The highlighted entry will be executed automatically in 0s.                [22;1H   The highlighted entry will be executed automatically in 0s.                 [5;78H [01;01H[2J[?25h[H[J[1;1H[H[J[1;1H[2J   Booting `OpenWrt' Booting `OpenWrt

'

[    0.000000] Linux version 6.12.77 (builder@buildhost) (x86_64-openwrt-linux-musl-gcc (OpenWrt GCC 14.3.0 r33594-27568d21d3) 14.3.0, GNU ld (GNU Binutils) 2.44) #0 SMP Fri Mar 27 15:49:23 2026
[    0.000000] Command line: BOOT_IMAGE=/boot/vmlinuz root=PARTUUID=48ba8968-02 rootwait console=tty1 console=ttyS0,115200n8 noinitrd
[    0.000000] BIOS-provided physical RAM map:
[    0.000000] BIOS-e820: [mem 0x0000000000000000-0x000000000009fbff] usable
[    0.000000] BIOS-e820: [mem 0x000000000009fc00-0x000000000009ffff] reserved
[    0.000000] BIOS-e820: [mem 0x00000000000f0000-0x00000000000fffff] reserved
[    0.000000] BIOS-e820: [mem 0x0000000000100000-0x0000000007fdcfff] usable
[    0.000000] BIOS-e820: [mem 0x0000000007fdd000-0x0000000007ffffff] reserved
[    0.000000] BIOS-e820: [mem 0x00000000fffc0000-0x00000000ffffffff] reserved
[    0.000000] BIOS-e820: [mem 0x000000fd00000000-0x000000ffffffffff] reserved
[    0.000000] NX (Execute Disable) protection: active
[    0.000000] APIC: Static calls initialized
[    0.000000] SMBIOS 3.0.0 present.
[    0.000000] DMI: QEMU Standard PC (i440FX + PIIX, 1996), BIOS 1.16.3-debian-1.16.3-2 04/01/2014
[    0.000000] DMI: Memory slots populated: 1/1
[    0.000000] tsc: Fast TSC calibration using PIT
[    0.000000] tsc: Detected 2445.432 MHz processor
[    0.007488] last_pfn = 0x7fdd max_arch_pfn = 0x400000000
[    0.008118] MTRR map: 4 entries (3 fixed + 1 variable; max 19), built from 8 variable MTRRs
[    0.008294] x86/PAT: Configuration [0-7]: WB  WC  UC- UC  WB  WP  UC- WT  
[    0.026652] found SMP MP-table at [mem 0x000f5460-0x000f546f]
[    0.028045] Using GB pages for direct mapping
[    0.032769] ACPI: Early table checksum verification disabled
[    0.033116] ACPI: RSDP 0x00000000000F5290 000014 (v00 BOCHS )
[    0.033560] ACPI: RSDT 0x0000000007FE1C64 000034 (v01 BOCHS  BXPC     00000001 BXPC 00000001)
[    0.034129] ACPI: FACP 0x0000000007FE1B18 000074 (v01 BOCHS  BXPC     00000001 BXPC 00000001)
[    0.034798] ACPI: DSDT 0x0000000007FE0040 001AD8 (v01 BOCHS  BXPC     00000001 BXPC 00000001)
[    0.034873] ACPI: FACS 0x0000000007FE0000 000040
[    0.034924] ACPI: APIC 0x0000000007FE1B8C 000078 (v03 BOCHS  BXPC     00000001 BXPC 00000001)
[    0.034945] ACPI: HPET 0x0000000007FE1C04 000038 (v01 BOCHS  BXPC     00000001 BXPC 00000001)
[    0.034964] ACPI: WAET 0x0000000007FE1C3C 000028 (v01 BOCHS  BXPC     00000001 BXPC 00000001)
[    0.035038] ACPI: Reserving FACP table memory at [mem 0x7fe1b18-0x7fe1b8b]
[    0.035088] ACPI: Reserving DSDT table memory at [mem 0x7fe0040-0x7fe1b17]
[    0.035095] ACPI: Reserving FACS table memory at [mem 0x7fe0000-0x7fe003f]
[    0.035102] ACPI: Reserving APIC table memory at [mem 0x7fe1b8c-0x7fe1c03]
[    0.035108] ACPI: Reserving HPET table memory at [mem 0x7fe1c04-0x7fe1c3b]
[    0.035114] ACPI: Reserving WAET table memory at [mem 0x7fe1c3c-0x7fe1c63]
[    0.038135] Zone ranges:
[    0.038164]   DMA      [mem 0x0000000000001000-0x0000000000ffffff]
[    0.038244]   DMA32    [mem 0x0000000001000000-0x0000000007fdcfff]
[    0.038255]   Normal   empty
[    0.038275] Movable zone start for each node
[    0.038308] Early memory node ranges
[    0.038335]   node   0: [mem 0x0000000000001000-0x000000000009efff]
[    0.038390]   node   0: [mem 0x0000000000100000-0x0000000007fdcfff]
[    0.038531] Initmem setup node 0 [mem 0x0000000000001000-0x0000000007fdcfff]
[    0.039588] On node 0, zone DMA: 1 pages in unavailable ranges
[    0.040080] On node 0, zone DMA: 97 pages in unavailable ranges
[    0.042263] On node 0, zone DMA32: 35 pages in unavailable ranges
[    0.042638] ACPI: PM-Timer IO Port: 0x608
[    0.043037] ACPI: LAPIC_NMI (acpi_id[0xff] dfl dfl lint[0x1])
[    0.043481] IOAPIC[0]: apic_id 0, version 32, address 0xfec00000, GSI 0-23
[    0.043615] ACPI: INT_SRC_OVR (bus 0 bus_irq 0 global_irq 2 dfl dfl)
[    0.043870] ACPI: INT_SRC_OVR (bus 0 bus_irq 5 global_irq 5 high level)
[    0.043919] ACPI: INT_SRC_OVR (bus 0 bus_irq 9 global_irq 9 high level)
[    0.044013] ACPI: INT_SRC_OVR (bus 0 bus_irq 10 global_irq 10 high level)
[    0.044023] ACPI: INT_SRC_OVR (bus 0 bus_irq 11 global_irq 11 high level)
[    0.044207] ACPI: Using ACPI (MADT) for SMP configuration information
[    0.044252] ACPI: HPET id: 0x8086a201 base: 0xfed00000
[    0.044678] CPU topo: Max. logical packages:   1
[    0.044694] CPU topo: Max. logical dies:       1
[    0.044704] CPU topo: Max. dies per package:   1
[    0.044751] CPU topo: Max. threads per core:   1
[    0.044901] CPU topo: Num. cores per package:     1
[    0.044917] CPU topo: Num. threads per package:   1
[    0.044926] CPU topo: Allowing 1 present CPUs plus 0 hotplug CPUs
[    0.046093] [mem 0x08000000-0xfffbffff] available for PCI devices
[    0.046173] Booting paravirtualized kernel on bare hardware
[    0.046490] clocksource: refined-jiffies: mask: 0xffffffff max_cycles: 0xffffffff, max_idle_ns: 19112604462750000 ns
[    0.047152] setup_percpu: NR_CPUS:512 nr_cpumask_bits:1 nr_cpu_ids:1 nr_node_ids:1
[    0.049182] percpu: Embedded 50 pages/cpu s166808 r8192 d29800 u2097152
[    0.051512] Kernel command line: BOOT_IMAGE=/boot/vmlinuz root=PARTUUID=48ba8968-02 rootwait console=tty1 console=ttyS0,115200n8 noinitrd
[    0.053157] random: crng init done
[    0.057894] Dentry cache hash table entries: 16384 (order: 5, 131072 bytes, linear)
[    0.058854] Inode-cache hash table entries: 8192 (order: 4, 65536 bytes, linear)
[    0.061522] Built 1 zonelists, mobility grouping on.  Total pages: 32635
[    0.061748] mem auto-init: stack:off, heap alloc:off, heap free:off
[    0.071628] SLUB: HWalign=64, Order=0-3, MinObjects=0, CPUs=1, Nodes=1
[    0.079710] rcu: Hierarchical RCU implementation.
[    0.079739] rcu: 	RCU restricting CPUs from NR_CPUS=512 to nr_cpu_ids=1.
[    0.079892] 	Tracing variant of Tasks RCU enabled.
[    0.079988] rcu: RCU calculated value of scheduler-enlistment delay is 10 jiffies.
[    0.080020] rcu: Adjusting geometry for rcu_fanout_leaf=16, nr_cpu_ids=1
[    0.081169] RCU Tasks Trace: Setting shift to 0 and lim to 1 rcu_task_cb_adjust=1 rcu_task_cpu_ids=1.
[    0.081300] NR_IRQS: 33024, nr_irqs: 256, preallocated irqs: 16
[    0.090010] rcu: srcu_init: Setting srcu_struct sizes based on contention.
[    0.096883] Console: colour VGA+ 80x25
[    0.097314] printk: legacy console [tty1] enabled
[    0.105512] printk: legacy console [ttyS0] enabled
[    0.348607] ACPI: Core revision 20240827
[    0.353958] clocksource: hpet: mask: 0xffffffff max_cycles: 0xffffffff, max_idle_ns: 19112604467 ns
[    0.363236] APIC: Switch to symmetric I/O mode setup
[    0.367554] ..TIMER: vector=0x30 apic1=0 pin1=2 apic2=-1 pin2=-1
[    0.410425] clocksource: tsc-early: mask: 0xffffffffffffffff max_cycles: 0x233fdd7d99c, max_idle_ns: 440795312688 ns
[    0.411179] Calibrating delay loop (skipped), value calculated using timer frequency.. 4890.86 BogoMIPS (lpj=24454320)
[    0.413144] x86/cpu: User Mode Instruction Prevention (UMIP) activated
[    0.431753] Last level iTLB entries: 4KB 0, 2MB 0, 4MB 0
[    0.432159] Last level dTLB entries: 4KB 0, 2MB 0, 4MB 0, 1GB 0
[    0.433374] Spectre V1 : Mitigation: usercopy/swapgs barriers and __user pointer sanitization
[    0.434223] Spectre V2 : Mitigation: Retpolines
[    0.434452] Spectre V2 : Spectre v2 / SpectreRSB: Filling RSB on context switch and VMEXIT
[    0.434901] Speculative Store Bypass: Vulnerable
[    0.443310] x86/fpu: Supporting XSAVE feature 0x001: 'x87 floating point registers'
[    0.452190] x86/fpu: Supporting XSAVE feature 0x002: 'SSE registers'
[    0.452492] x86/fpu: Supporting XSAVE feature 0x004: 'AVX registers'
[    0.452734] x86/fpu: Supporting XSAVE feature 0x008: 'MPX bounds registers'
[    0.454043] x86/fpu: Supporting XSAVE feature 0x010: 'MPX CSR'
[    0.454581] x86/fpu: xstate_offset[2]:  576, xstate_sizes[2]:  256
[    0.454941] x86/fpu: xstate_offset[3]:  960, xstate_sizes[3]:   64
[    0.455167] x86/fpu: xstate_offset[4]: 1024, xstate_sizes[4]:   64
[    0.461226] x86/fpu: Enabled xstate features 0x1f, context size is 1088 bytes, using 'standard' format.
[    0.686892] Freeing SMP alternatives memory: 40K
[    0.687743] pid_max: default: 32768 minimum: 301
[    0.697417] Mount-cache hash table entries: 512 (order: 0, 4096 bytes, linear)
[    0.697943] Mountpoint-cache hash table entries: 512 (order: 0, 4096 bytes, linear)
[    0.849961] smpboot: CPU0: AMD QEMU TCG CPU version 2.5+ (family: 0x6, model: 0x6, stepping: 0x3)
[    0.877471] Performance Events: PMU not available due to virtualization, using software events only.
[    0.878971] signal: max sigframe size: 1616
[    0.880852] rcu: Hierarchical SRCU implementation.
[    0.881418] rcu: 	Max phase no-delay instances is 1000.
[    0.886523] smp: Bringing up secondary CPUs ...
[    0.890362] smp: Brought up 1 node, 1 CPU
[    0.890653] smpboot: Total of 1 processors activated (4890.86 BogoMIPS)
[    0.898622] Memory: 103200K/130540K available (14336K kernel code, 1166K rwdata, 3980K rodata, 1496K init, 1312K bss, 25628K reserved, 0K cma-reserved)
[    0.912815] clocksource: jiffies: mask: 0xffffffff max_cycles: 0xffffffff, max_idle_ns: 19112604462750000 ns
[    0.913700] futex hash table entries: 256 (order: 2, 16384 bytes, linear)
[    0.914970] pinctrl core: initialized pinctrl subsystem
[    0.934637] NET: Registered PF_NETLINK/PF_ROUTE protocol family
[    0.940997] thermal_sys: Registered thermal governor 'step_wise'
[    0.941096] thermal_sys: Registered thermal governor 'user_space'
[    0.942105] cpuidle: using governor ladder
[    0.942619] cpuidle: using governor menu
[    0.946734] acpiphp: ACPI Hot Plug PCI Controller Driver version: 0.5
[    0.949530] PCI: Using configuration type 1 for base access
[    0.958856] cryptd: max_cpu_qlen set to 1000
[    0.965396] ACPI: Added _OSI(Module Device)
[    0.965596] ACPI: Added _OSI(Processor Device)
[    0.965772] ACPI: Added _OSI(Processor Aggregator Device)
[    0.980143] ACPI: 1 ACPI AML tables successfully acquired and loaded
[    0.997174] ACPI: Interpreter enabled
[    0.998023] ACPI: PM: (supports S0 S5)
[    0.998237] ACPI: Using IOAPIC for interrupt routing
[    0.998830] PCI: Using host bridge windows from ACPI; if necessary, use "pci=nocrs" and report a bug
[    0.999204] PCI: Using E820 reservations for host bridge windows
[    1.002849] ACPI: Enabled 2 GPEs in block 00 to 0F
[    1.042345] ACPI: PCI Root Bridge [PCI0] (domain 0000 [bus 00-ff])
[    1.043297] acpi PNP0A03:00: _OSC: OS supports [ASPM ClockPM Segments MSI HPX-Type3]
[    1.043757] acpi PNP0A03:00: _OSC: not requesting OS control; OS requires [ExtendedConfig ASPM ClockPM MSI]
[    1.044642] acpi PNP0A03:00: fail to add MMCONFIG information, can't access extended configuration space under this bridge
[    1.055763] acpiphp: Slot [3] registered
[    1.056095] acpiphp: Slot [4] registered
[    1.056359] acpiphp: Slot [5] registered
[    1.056638] acpiphp: Slot [6] registered
[    1.061406] acpiphp: Slot [7] registered
[    1.063096] acpiphp: Slot [8] registered
[    1.063355] acpiphp: Slot [9] registered
[    1.063628] acpiphp: Slot [10] registered
[    1.063893] acpiphp: Slot [11] registered
[    1.064149] acpiphp: Slot [12] registered
[    1.071392] acpiphp: Slot [13] registered
[    1.071817] acpiphp: Slot [14] registered
[    1.072152] acpiphp: Slot [15] registered
[    1.072405] acpiphp: Slot [16] registered
[    1.072699] acpiphp: Slot [17] registered
[    1.072964] acpiphp: Slot [18] registered
[    1.081429] acpiphp: Slot [19] registered
[    1.081848] acpiphp: Slot [20] registered
[    1.082187] acpiphp: Slot [21] registered
[    1.082488] acpiphp: Slot [22] registered
[    1.082741] acpiphp: Slot [23] registered
[    1.082992] acpiphp: Slot [24] registered
[    1.083243] acpiphp: Slot [25] registered
[    1.091466] acpiphp: Slot [26] registered
[    1.091849] acpiphp: Slot [27] registered
[    1.092153] acpiphp: Slot [28] registered
[    1.092424] acpiphp: Slot [29] registered
[    1.092688] acpiphp: Slot [30] registered
[    1.092961] acpiphp: Slot [31] registered
[    1.101592] PCI host bridge to bus 0000:00
[    1.102167] pci_bus 0000:00: root bus resource [io  0x0000-0x0cf7 window]
[    1.102546] pci_bus 0000:00: root bus resource [io  0x0d00-0xffff window]
[    1.102831] pci_bus 0000:00: root bus resource [mem 0x000a0000-0x000bffff window]
[    1.120571] pci_bus 0000:00: root bus resource [mem 0x08000000-0xfebfffff window]
[    1.121006] pci_bus 0000:00: root bus resource [mem 0x100000000-0x17fffffff window]
[    1.121332] pci_bus 0000:00: root bus resource [bus 00-ff]
[    1.122788] pci 0000:00:00.0: [8086:1237] type 00 class 0x060000 conventional PCI endpoint
[    1.135183] pci 0000:00:01.0: [8086:7000] type 00 class 0x060100 conventional PCI endpoint
[    1.136119] pci 0000:00:01.1: [8086:7010] type 00 class 0x010180 conventional PCI endpoint
[    1.138853] pci 0000:00:01.1: BAR 4 [io  0xc0e0-0xc0ef]
[    1.142328] pci 0000:00:01.1: BAR 0 [io  0x01f0-0x01f7]: legacy IDE quirk
[    1.142667] pci 0000:00:01.1: BAR 1 [io  0x03f6]: legacy IDE quirk
[    1.142929] pci 0000:00:01.1: BAR 2 [io  0x0170-0x0177]: legacy IDE quirk
[    1.143195] pci 0000:00:01.1: BAR 3 [io  0x0376]: legacy IDE quirk
[    1.152172] pci 0000:00:01.3: [8086:7113] type 00 class 0x068000 conventional PCI endpoint
[    1.152892] pci 0000:00:01.3: quirk: [io  0x0600-0x063f] claimed by PIIX4 ACPI
[    1.153209] pci 0000:00:01.3: quirk: [io  0x0700-0x070f] claimed by PIIX4 SMB
[    1.162101] pci 0000:00:02.0: [1234:1111] type 00 class 0x030000 conventional PCI endpoint
[    1.162987] pci 0000:00:02.0: BAR 0 [mem 0xfd000000-0xfdffffff pref]
[    1.164566] pci 0000:00:02.0: BAR 2 [mem 0xfeb90000-0xfeb90fff]
[    1.167215] pci 0000:00:02.0: ROM [mem 0xfeb80000-0xfeb8ffff pref]
[    1.171613] pci 0000:00:02.0: Video device with shadowed ROM at [mem 0x000c0000-0x000dffff]
[    1.172740] pci 0000:00:03.0: [1af4:1000] type 00 class 0x020000 conventional PCI endpoint
[    1.173993] pci 0000:00:03.0: BAR 0 [io  0xc080-0xc09f]
[    1.183282] pci 0000:00:03.0: BAR 4 [mem 0xfe000000-0xfe003fff 64bit pref]
[    1.184700] pci 0000:00:03.0: ROM [mem 0xfea80000-0xfeafffff pref]
[    1.195399] pci 0000:00:04.0: [1af4:1005] type 00 class 0x00ff00 conventional PCI endpoint
[    1.196366] pci 0000:00:04.0: BAR 0 [io  0xc0a0-0xc0bf]
[    1.198493] pci 0000:00:04.0: BAR 1 [mem 0xfeb91000-0xfeb91fff]
[    1.201382] pci 0000:00:04.0: BAR 4 [mem 0xfe004000-0xfe007fff 64bit pref]
[    1.205826] pci 0000:00:05.0: [1af4:1000] type 00 class 0x020000 conventional PCI endpoint
[    1.206810] pci 0000:00:05.0: BAR 0 [io  0xc0c0-0xc0df]
[    1.209990] pci 0000:00:05.0: BAR 1 [mem 0xfeb92000-0xfeb92fff]
[    1.212612] pci 0000:00:05.0: BAR 4 [mem 0xfe008000-0xfe00bfff 64bit pref]
[    1.213504] pci 0000:00:05.0: ROM [mem 0xfeb00000-0xfeb7ffff pref]
[    1.217252] pci 0000:00:06.0: [1af4:1001] type 00 class 0x010000 conventional PCI endpoint
[    1.219969] pci 0000:00:06.0: BAR 0 [io  0xc000-0xc07f]
[    1.221780] pci 0000:00:06.0: BAR 1 [mem 0xfeb93000-0xfeb93fff]
[    1.224744] pci 0000:00:06.0: BAR 4 [mem 0xfe00c000-0xfe00ffff 64bit pref]
[    1.233578] ACPI: PCI: Interrupt link LNKA configured for IRQ 10
[    1.234517] ACPI: PCI: Interrupt link LNKB configured for IRQ 10
[    1.235165] ACPI: PCI: Interrupt link LNKC configured for IRQ 11
[    1.235784] ACPI: PCI: Interrupt link LNKD configured for IRQ 11
[    1.236228] ACPI: PCI: Interrupt link LNKS configured for IRQ 9
[    1.244623] iommu: Default domain type: Translated
[    1.244873] iommu: DMA domain TLB invalidation policy: lazy mode
[    1.247587] SCSI subsystem initialized
[    1.251950] ACPI: bus type USB registered
[    1.252491] usbcore: registered new interface driver usbfs
[    1.255822] usbcore: registered new interface driver hub
[    1.256264] usbcore: registered new device driver usb
[    1.256823] pps_core: LinuxPPS API ver. 1 registered
[    1.257087] pps_core: Software ver. 5.3.6 - Copyright 2005-2007 Rodolfo Giometti <giometti@linux.it>
[    1.261374] PTP clock support registered
[    1.278006] PCI: Using ACPI for IRQ routing
[    1.280609] hpet0: at MMIO 0xfed00000, IRQs 2, 8, 0
[    1.280948] hpet0: 3 comparators, 64-bit 100.000000 MHz counter
[    1.285692] clocksource: Switched to clocksource tsc-early
[    1.288639] pnp: PnP ACPI init
[    1.289008] pnp: PnP ACPI: found 6 devices
[    1.304698] clocksource: acpi_pm: mask: 0xffffff max_cycles: 0xffffff, max_idle_ns: 2085701024 ns
[    1.306203] NET: Registered PF_INET protocol family
[    1.307910] IP idents hash table entries: 2048 (order: 2, 16384 bytes, linear)
[    1.313458] tcp_listen_portaddr_hash hash table entries: 256 (order: 0, 4096 bytes, linear)
[    1.315721] Table-perturb hash table entries: 65536 (order: 6, 262144 bytes, linear)
[    1.316199] TCP established hash table entries: 1024 (order: 1, 8192 bytes, linear)
[    1.316688] TCP bind hash table entries: 1024 (order: 3, 32768 bytes, linear)
[    1.326856] TCP: Hash tables configured (established 1024 bind 1024)
[    1.328798] MPTCP token hash table entries: 256 (order: 1, 6144 bytes, linear)
[    1.329330] UDP hash table entries: 256 (order: 1, 8192 bytes, linear)
[    1.329795] UDP-Lite hash table entries: 256 (order: 1, 8192 bytes, linear)
[    1.339356] NET: Registered PF_UNIX/PF_LOCAL protocol family
[    1.340592] pci_bus 0000:00: resource 4 [io  0x0000-0x0cf7 window]
[    1.340869] pci_bus 0000:00: resource 5 [io  0x0d00-0xffff window]
[    1.341098] pci_bus 0000:00: resource 6 [mem 0x000a0000-0x000bffff window]
[    1.348770] pci_bus 0000:00: resource 7 [mem 0x08000000-0xfebfffff window]
[    1.349122] pci_bus 0000:00: resource 8 [mem 0x100000000-0x17fffffff window]
[    1.349908] pci 0000:00:01.0: PIIX3: Enabling Passive Release
[    1.359845] pci 0000:00:00.0: Limiting direct PCI/PCI transfers
[    1.360326] PCI: CLS 0 bytes, default 64
[    1.380486] workingset: timestamp_bits=46 max_order=15 bucket_order=0
[    1.383118] squashfs: version 4.0 (2009/01/31) Phillip Lougher
[    1.385991] Block layer SCSI generic (bsg) driver version 0.4 loaded (major 247)
[    1.390300] hv_vmbus: registering driver hyperv_fb
[    1.394577] input: Power Button as /devices/LNXSYSTM:00/LNXPWRBN:00/input/input0
[    1.403307] ACPI: button: Power Button [PWRF]
[    1.565379] ACPI: \_SB_.LNKC: Enabled at IRQ 11
[    1.720221] ACPI: \_SB_.LNKD: Enabled at IRQ 10
[    1.873280] ACPI: \_SB_.LNKA: Enabled at IRQ 10
[    2.025681] ACPI: \_SB_.LNKB: Enabled at IRQ 11
[    2.027784] Serial: 8250/16550 driver, 16 ports, IRQ sharing enabled
[    2.053054] 00:04: ttyS0 at I/O 0x3f8 (irq = 4, base_baud = 115200) is a 16550A
[    2.079999] Non-volatile memory driver v1.3
[    2.091505] Linux agpgart interface v0.103
[    2.092567] ACPI: bus type drm_connector registered
[    2.095366] [drm] Found bochs VGA, ID 0xb0c5.
[    2.095580] [drm] Framebuffer size 16384 kB @ 0xfd000000, mmio @ 0xfeb90000.
[    2.101433] [drm] Found EDID data blob.
[    2.107051] [drm] Initialized bochs-drm 1.0.0 for 0000:00:02.0 on minor 0
[    2.176342] Console: switching to colour frame buffer device 160x50
[    2.185644] bochs-drm 0000:00:02.0: [drm] fb0: bochs-drmdrmfb frame buffer device
[    2.222234] loop: module loaded
[    2.222993] virtio_blk virtio3: 1/0/0 default/read/poll queues
[    2.227719] virtio_blk virtio3: [vda] 246784 512-byte logical blocks (126 MB/121 MiB)
[    2.237222]  vda: vda1 vda2
[    2.239283] Guest personality initialized and is inactive
[    2.239907] VMCI host device registered (name=vmci, major=10, minor=256)
[    2.240174] Initialized host personality
[    2.240531] usbcore: registered new interface driver rtsx_usb
[    2.249001] VMware PVSCSI driver - version 1.0.7.0-k
[    2.249344] hv_vmbus: registering driver hv_storvsc
[    2.265523] scsi host0: ata_piix
[    2.268061] scsi host1: ata_piix
[    2.268911] ata1: PATA max MWDMA2 cmd 0x1f0 ctl 0x3f6 bmdma 0xc0e0 irq 14 lpm-pol 0
[    2.269232] ata2: PATA max MWDMA2 cmd 0x170 ctl 0x376 bmdma 0xc0e8 irq 15 lpm-pol 0
[    2.278503] VMware vmxnet3 virtual NIC driver - version 1.9.0.0-k-NAPI
[    2.279204] hv_vmbus: registering driver hv_netvsc
[    2.279588] Fusion MPT base driver 3.04.20
[    2.279792] Copyright (c) 1999-2008 LSI Corporation
[    2.280174] Fusion MPT SPI Host driver 3.04.20
[    2.289418] Fusion MPT SAS Host driver 3.04.20
[    2.291673] usbcore: registered new interface driver usb-storage
[    2.292941] i8042: PNP: PS/2 Controller [PNP0303:KBD,PNP0f13:MOU] at 0x60,0x64 irq 1,12
[    2.296179] serio: i8042 KBD port at 0x60,0x64 irq 1
[    2.296701] serio: i8042 AUX port at 0x60,0x64 irq 12
[    2.303303] hv_vmbus: registering driver hyperv_keyboard
[    2.305672] rtc_cmos 00:05: RTC can wake from S4
[    2.310749] rtc_cmos 00:05: registered as rtc0
[    2.313490] rtc_cmos 00:05: setting system clock to 2026-03-28T02:16:21 UTC (1774664181)
[    2.315957] rtc_cmos 00:05: alarms up to one day, y3k, 242 bytes nvram, hpet irqs
[    2.318574] intel_powerclamp: CPU does not support MWAIT
[    2.320897] amd_pstate: the _CPC object is not present in SBIOS or ACPI disabled
[    2.327056] sdhci: Secure Digital Host Controller Interface driver
[    2.329022] sdhci: Copyright(c) Pierre Ossman
[    2.332330] VUB300 Driver rom wait states = 1C irqpoll timeout = 0400
[    2.339096] input: AT Translated Set 2 keyboard as /devices/platform/i8042/serio0/input/input1
[    2.363651] usbcore: registered new interface driver vub300
[    2.365846] usbcore: registered new interface driver ushc
[    2.373493] hid: raw HID events driver (C) Jiri Kosina
[    2.376213] hv_vmbus: registering driver hid_hyperv
[    2.378906] usbcore: registered new interface driver usbhid
[    2.381038] usbhid: USB HID core driver
[    2.383133] hv_utils: Registering HyperV Utility Driver
[    2.385107] hv_vmbus: registering driver hv_utils
[    2.387363] hv_vmbus: registering driver hv_balloon
[    2.390894] NET: Registered PF_INET6 protocol family
[    2.405583] Segment Routing with IPv6
[    2.407713] In-situ OAM (IOAM) with IPv6
[    2.410095] NET: Registered PF_PACKET protocol family
[    2.412699] bridge: filtering via arp/ip/ip6tables is no longer available by default. Update your scripts to load br_netfilter if you need this.
[    2.422069] 8021q: 802.1Q VLAN Support v1.8
[    2.424647] NET: Registered PF_VSOCK protocol family
[    2.433815] IPI shorthand broadcast: enabled
[    2.440268] AES CTR mode by8 optimization enabled
[    2.461944] sched_clock: Marking stable (2200108248, 260516219)->(2472468270, -11843803)
[    2.496203] tsc: Refined TSC clocksource calibration: 2445.429 MHz
[    2.498694] clocksource: tsc: mask: 0xffffffffffffffff max_cycles: 0x233fdac2ae5, max_idle_ns: 440795297080 ns
[    2.511497] ata2: found unknown device (class 0)
[    2.547880] ata2.00: ATAPI: QEMU DVD-ROM, 2.5+, max UDMA/100
[    2.562621] clocksource: Switched to clocksource tsc
[    2.578594] scsi 1:0:0:0: CD-ROM            QEMU     QEMU DVD-ROM     2.5+ PQ: 0 ANSI: 5
[    2.590530] clk: Disabling unused clocks
[    2.632676] sr 1:0:0:0: [sr0] scsi3-mmc drive: 4x/4x cd/rw xa/form2 tray
[    2.635252] cdrom: Uniform CD-ROM driver Revision: 3.20
[    2.692804] VFS: Mounted root (squashfs filesystem) readonly on device 254:2.
[    2.762781] Freeing unused kernel image (initmem) memory: 1496K
[    2.765355] Write protecting the kernel read-only data: 18432k
[    2.768502] Freeing unused kernel image (rodata/data gap) memory: 116K
[    2.771112] Run /sbin/init as init process
[    3.103487] init: Console is alive
[    3.663693] kmodloader: loading kernel modules from /etc/modules-boot.d/*
[    3.733136] button_hotplug: loading out-of-tree module taints kernel.
[    3.739761] Button Hotplug driver version 0.4.1
[    3.759549] Intel(R) 2.5G Ethernet Linux Driver
[    3.762092] Copyright(c) 2018 Intel Corporation.
[    3.778286] igb: Intel(R) Gigabit Ethernet Network Driver
[    3.780900] igb: Copyright (c) 2007-2014 Intel Corporation.
[    3.798053] e1000e: Intel(R) PRO/1000 Network Driver
[    3.800521] e1000e: Copyright(c) 1999 - 2015 Intel Corporation.
[    3.815945] kmodloader: done loading kernel modules from /etc/modules-boot.d/*
[    3.833027] init: - preinit -
[    4.828295] 8021q: adding VLAN 0 to HW filter on device eth0
Press the [f] key and hit [enter] to enter failsafe mode
Press the [1], [2], [3] or [4] key and hit [enter] to select the debug level
[    9.447658] loop0: detected capacity change from 0 to 212992
[    9.500998] loop0: detected capacity change from 212992 to 201728
[    9.514034] mount_root: overlay filesystem in /dev/loop0 has not been formatted yet
[    9.861422] EXT4-fs (loop0): mounted filesystem 5f8a84b4-d0dc-4182-bcb5-2dd14901ce73 r/w with ordered data mode. Quota mode: disabled.
[    9.875424] mount_root: overlay filesystem has not been fully initialized yet
[    9.893593] mount_root: switching to ext4 overlay
[    9.914534] overlayfs: null uuid detected in lower fs '/', falling back to xino=off,index=off,nfs_export=off.
[   10.649715] EXT4-fs (vda1): mounted filesystem 84173db5-fa99-e35a-95c6-28613cc79ea9 r/w without journal. Quota mode: disabled.
[   10.674235] urandom-seed: Seed file not found (/etc/urandom.seed)
[   10.812385] procd: - early -
[   11.556529] procd: - ubus -
[   11.733508] procd: - init -
Please press Enter to activate this console.
root
login[1050]: root login on 'ttyS0'


BusyBox v1.37.0 (2026-01-02 17:07:02 UTC) built-in shell (ash)

  _______                     ________        __
 |       |.-----.-----.-----.|  |  |  |.----.|  |_
 |   -   ||  _  |  -__|     ||  |  |  ||   _||   _|
 |_______||   __|_____|__|__||________||__|  |____|
          |__| W I R E L E S S   F R E E D O M
 -----------------------------------------------------
 OpenWrt SNAPSHOT, r33594-27568d21d3
 -----------------------------------------------------

 === WARNING! =====================================
 There is no root password defined on this device!
 Use the "passwd" command to set up a new password
 in order to prevent unauthorized SSH logins.
 --------------------------------------------------

root@(none):~# dmesg -n 1
root@(none):~# echo 'WXEM''CWYUYE'
WXEMCWYUYE
root@(none):~# run() { echo -n "$MARKER"; sh -c "$@"; echo "$MARKER $?"; }
root@(none):~# echo 'WFHS''WWYMXV'
WFHSWWYMXV
root@(none):~# MARKER='OWPY''EASJHK' run 'ubus wait_for network.interface.lan'
OWPYEASJHKOWPYEASJHK 0
root@OpenWrt:~# echo 'UPEZ''KAFHVE'
UPEZKAFHVE
root@OpenWrt:~# MARKER='YJXC''FNVTXZ' run 'ubus call network.interface.lan statu
s '"'"'{}'"'"''
YJXCFNVTXZ{
	"up": true,
	"pending": false,
	"available": true,
	"autostart": true,
	"dynamic": false,
	"uptime": 0,
	"l3_device": "br-lan",
	"proto": "static",
	"device": "br-lan",
	"updated": [
		"addresses"
	],
	"metric": 0,
	"dns_metric": 0,
	"delegation": true,
	"ipv4-address": [
		{
			"address": "192.168.1.1",
			"mask": 24
		}
	],
	"ipv6-address": [
		
	],
	"ipv6-prefix": [
		
	],
	"ipv6-prefix-assignment": [
		{
			"address": "fdb0:c6a5:c9be::",
			"mask": 60,
			"local-address": {
				"address": "fdb0:c6a5:c9be::1",
				"mask": 60
			}
		}
	],
	"route": [
		
	],
	"dns-server": [
		
	],
	"dns-search": [
		
	],
	"neighbors": [
		
	],
	"inactive": {
		"ipv4-address": [
			
		],
		"ipv6-address": [
			
		],
		"route": [
			
		],
		"dns-server": [
			
		],
		"dns-search": [
			
		],
		"neighbors": [
			
		]
	},
	"data": {
		
	}
}
YJXCFNVTXZ 0
root@OpenWrt:~# echo 'SHJU''OVQJHB'
SHJUOVQJHB
root@OpenWrt:~# MARKER='NSBV''UFSUHO' run true
NSBVUFSUHONSBVUFSUHO 0
root@OpenWrt:~# echo 'XOQJ''CSJHZH'
XOQJCSJHZH
root@OpenWrt:~# MARKER='WAEG''OCUBCK' run 'source /etc/os-release; echo $BUILD_I
D'
WAEGOCUBCKr33594-27568d21d3
WAEGOCUBCK 0
root@OpenWrt:~# echo 'LSXP''UXNGZQ'
LSXPUXNGZQ
root@OpenWrt:~# MARKER='NZQT''ESMOEJ' run 'ls /etc/dropbear/dropbear_rsa_host_ke
y'
NZQTESMOEJ[0;0m/etc/dropbear/dropbear_rsa_host_key[m
NZQTESMOEJ 0
root@OpenWrt:~# echo 'HZCC''KTNTNF'
HZCCKTNTNF
root@OpenWrt:~# MARKER='FVQC''UPBOAS' run 'netstat -tlpn | grep 0.0.0.0:22'
FVQCUPBOAStcp        0      0 0.0.0.0:22              0.0.0.0:*               LISTEN      1733/dropbear
FVQCUPBOAS 0
root@OpenWrt:~# echo 'SVZV''GGSOVP'
SVZVGGSOVP
root@OpenWrt:~# MARKER='WELG''OVLMOH' run 'dmesg | grep br-lan | grep forwarding
'
WELGOVLMOH[   29.086583] br-lan: port 1(eth0) entered forwarding state
WELGOVLMOH 0
root@OpenWrt:~# echo 'VSYZ''BNJYYC'
VSYZBNJYYC
root@OpenWrt:~# MARKER='FNOY''ASEUWA' run 'ubus call network.interface.lan statu
s '"'"'{}'"'"''
FNOYASEUWA{
	"up": true,
	"pending": false,
	"available": true,
	"autostart": true,
	"dynamic": false,
	"uptime": 24,
	"l3_device": "br-lan",
	"proto": "static",
	"device": "br-lan",
	"updated": [
		"addresses"
	],
	"metric": 0,
	"dns_metric": 0,
	"delegation": true,
	"ipv4-address": [
		{
			"address": "192.168.1.1",
			"mask": 24
		}
	],
	"ipv6-address": [
		
	],
	"ipv6-prefix": [
		
	],
	"ipv6-prefix-assignment": [
		{
			"address": "fdb0:c6a5:c9be::",
			"mask": 60,
			"local-address": {
				"address": "fdb0:c6a5:c9be::1",
				"mask": 60
			}
		}
	],
	"route": [
		
	],
	"dns-server": [
		
	],
	"dns-search": [
		
	],
	"neighbors": [
		
	],
	"inactive": {
		"ipv4-address": [
			
		],
		"ipv6-address": [
			
		],
		"route": [
			
		],
		"dns-server": [
			
		],
		"dns-search": [
			
		],
		"neighbors": [
			
		]
	},
	"data": {
		
	}
}
FNOYASEUWA 0
root@OpenWrt:~# echo 'MTUK''KUQKMS'
MTUKKUQKMS
root@OpenWrt:~# MARKER='FNWP''SCXZSJ' run 'ip -o addr show dev br-lan'
FNWPSCXZSJ4: br-lan    inet 192.168.1.1/24 brd 192.168.1.255 scope global br-lan\       valid_lft forever preferred_lft forever
4: br-lan    inet6 fdb0:c6a5:c9be::1/60 scope global noprefixroute \       valid_lft forever preferred_lft forever
4: br-lan    inet6 fe80::5054:ff:fe12:3456/64 scope link \       valid_lft forever preferred_lft forever
FNWPSCXZSJ 0
root@OpenWrt:~# echo 'ONSH''LXHYWW'
ONSHLXHYWW
root@OpenWrt:~# MARKER='XSZG''BMGNJT' run 'ubus call network.interface.wan statu
s '"'"'{}'"'"''
XSZGBMGNJT{
	"up": true,
	"pending": false,
	"available": true,
	"autostart": true,
	"dynamic": false,
	"uptime": 21,
	"l3_device": "eth1",
	"proto": "dhcp",
	"device": "eth1",
	"updated": [
		"addresses",
		"routes",
		"data"
	],
	"metric": 0,
	"dns_metric": 0,
	"delegation": true,
	"ipv4-address": [
		{
			"address": "10.0.2.15",
			"mask": 24
		}
	],
	"ipv6-address": [
		
	],
	"ipv6-prefix": [
		
	],
	"ipv6-prefix-assignment": [
		
	],
	"route": [
		{
			"target": "0.0.0.0",
			"mask": 0,
			"nexthop": "10.0.2.2",
			"source": "10.0.2.15/32"
		}
	],
	"dns-server": [
		"10.0.2.3"
	],
	"dns-search": [
		
	],
	"neighbors": [
		
	],
	"inactive": {
		"ipv4-address": [
			
		],
		"ipv6-address": [
			
		],
		"route": [
			
		],
		"dns-server": [
			
		],
		"dns-search": [
			
		],
		"neighbors": [
			
		]
	},
	"data": {
		"dhcpserver": "10.0.2.2",
		"leasetime": 86400
	}
}
XSZGBMGNJT 0
root@OpenWrt:~# 