Labgrid Console Logfile for main
Logfile started at 2026-03-19 02:12:59.649270
=== Log starts here ===
c[?7l[2J[0mSeaBIOS (version 1.16.3-debian-1.16.3-2)


iPXE (https://ipxe.org) 00:03.0 CA00 PCI2.10 PnP PMM+06FCAE70+06F0AE70 CA00
Press Ctrl-B to configure iPXE (PCI 00:03.0)...                                                                               




iPXE (https://ipxe.org) 00:05.0 CB00 PCI2.10 PnP PMM 06FCAE70 06F0AE70 CB00
Press Ctrl-B to configure iPXE (PCI 00:05.0)...                                                                               


Booting from Hard Disk...
GRUB loading.....
[0;30;47mWelcome to GRUB![01;01H[0m[2J[H[J[1;1H[?25l[m[H[J[1;1H[2;30HGNU GRUB  version 2.12

[m[4;2H+----------------------------------------------------------------------------+[5;2H|[5;79H|[6;2H|[6;79H|[7;2H|[7;79H|[8;2H|[8;79H|[9;2H|[9;79H|[10;2H|[10;79H|[11;2H|[11;79H|[12;2H|[12;79H|[13;2H|[13;79H|[14;2H|[14;79H|[15;2H|[15;79H|[16;2H+----------------------------------------------------------------------------+[m[17;2H[18;2H[m     Use the ^ and v keys to select which entry is highlighted.          
      Press enter to boot the selected OS, `e' to edit the commands       
      before booting or `c' for a command-line. ESC to return             
      previous menu.                                                      [5;80H [7m[5;3H*OpenWrt                                                                    [m[5;78H[m[m[6;3H OpenWrt (failsafe)                                                         [m[6;78H[m[m[7;3H                                                                            [m[7;78H[m[m[8;3H                                                                            [m[8;78H[m[m[9;3H                                                                            [m[9;78H[m[m[10;3H                                                                            [m[10;78H[m[m[11;3H                                                                            [m[11;78H[m[m[12;3H                                                                            [m[12;78H[m[m[13;3H                                                                            [m[13;78H[m[m[14;3H                                                                            [m[14;78H[m[m[15;3H                                                                            [m[15;78H[m[15;80H [5;78H[2J[02;30HGNU GRUB  version 2.12[04;02H┌────────────────────────────────────────────────────────────────────────────┐[05;02H│[05;79H│[06;02H│[06;79H│[07;02H│[07;79H│[08;02H│[08;79H│[09;02H│[09;79H│[10;02H│[10;79H│[11;02H│[11;79H│[12;02H│[12;79H│[13;02H│[13;79H│[14;02H│[14;79H│[15;02H│[15;79H│[16;02H│[16;79H│[17;02H└────────────────────────────────────────────────────────────────────────────┘[19;02H     Use the ↑ and [19;20H[19;21H↓ keys to select which entry is highlighted.          
      Press enter to boot the selected OS, `e' to edit the commands       
      before booting or `c' for a [21;34H[21;35Hcommand-line. ESC to return             
      previous menu.                                                      [05;80H [05;03H[0;30;47m*OpenWrt                                        [05;50H[05;51H                            [06;03H[0m OpenWrt (failsafe)                                                         [07;03H                                                            [07;62H[07;63H                [08;03H                                                                            [09;03H                                                                            [10;03H                                                                            [11;03H                                                                            [12;03H     [12;07H[12;08H                                                                       [13;03H                                                                            [14;03H                [14;18H[14;19H                                                            [15;03H                                                                            [16;03H                           [16;29H[16;30H                                                 [16;80H 






   The highlighted entry will be executed automatically in 5s.                [22;1H   The highlighted entry will be executed automatically in 5s.                 [5;78H [05;78H

















   The highlighted entry will be executed automatically in 4s.                [22;1H   The highlighted entry will be executed automatically in 4s.                 [5;78H [05;78H

















   The highlighted entry will be executed automa[23;48H[23;49Htically in 3s.                [22;1H   The highlighted entry will be executed automatically in 3s.                 [5;78H [05;78H

















   The highligh[23;15H[23;16Hted entry will be executed automatically in 2s.                [22;1H   The highlighted entry will be executed automatically in 2s.                 [5;78H [05;78H

















   The highlighted entry will be executed automatically in 1s.                [22;1H   The highlighted entry will be executed automatically in 1s.                 [5;78H [05;78H

















   The highlighted entry will be executed automatically in 0s.                [22;1H   The highlighted entry will be executed automatically in 0s.                 [5;78H [01;01H[2J[?25h[H[J[1;1H[H[J[1;1H[2J   Booting `OpenWrt' Booting `OpenWrt

'

[    0.000000] Linux version 6.12.74 (builder@buildhost) (x86_64-openwrt-linux-musl-gcc (OpenWrt GCC 14.3.0 r33448-8364cb4baa) 14.3.0, GNU ld (GNU Binutils) 2.44) #0 SMP Wed Mar 18 08:29:01 2026
[    0.000000] Command line: BOOT_IMAGE=/boot/vmlinuz root=PARTUUID=ef2b736b-02 rootwait console=tty1 console=ttyS0,115200n8 noinitrd
[    0.000000] BIOS-provided physical RAM map:
[    0.000000] BIOS-e820: [mem 0x0000000000000000-0x000000000009fbff] usable
[    0.000000] BIOS-e820: [mem 0x000000000009fc00-0x000000000009ffff] reserved
[    0.000000] BIOS-e820: [mem 0x00000000000f0000-0x00000000000fffff] reserved
[    0.000000] BIOS-e820: [mem 0x0000000000100000-0x0000000007fdcfff] usable
[    0.000000] BIOS-e820: [mem 0x0000000007fdd000-0x0000000007ffffff] reserved
[    0.000000] BIOS-e820: [mem 0x00000000fffc0000-0x00000000ffffffff] reserved
[    0.000000] BIOS-e820: [mem 0x000000fd00000000-0x000000ffffffffff] reserved
[    0.000000] NX (Execute Disable) protection: active
[    0.000000] APIC: Static calls initialized
[    0.000000] SMBIOS 3.0.0 present.
[    0.000000] DMI: QEMU Standard PC (i440FX + PIIX, 1996), BIOS 1.16.3-debian-1.16.3-2 04/01/2014
[    0.000000] DMI: Memory slots populated: 1/1
[    0.000000] tsc: Fast TSC calibration using PIT
[    0.000000] tsc: Detected 2445.441 MHz processor
[    0.007433] last_pfn = 0x7fdd max_arch_pfn = 0x400000000
[    0.008075] MTRR map: 4 entries (3 fixed + 1 variable; max 19), built from 8 variable MTRRs
[    0.008240] x86/PAT: Configuration [0-7]: WB  WC  UC- UC  WB  WP  UC- WT  
[    0.028004] found SMP MP-table at [mem 0x000f5460-0x000f546f]
[    0.029395] Using GB pages for direct mapping
[    0.033738] ACPI: Early table checksum verification disabled
[    0.034079] ACPI: RSDP 0x00000000000F5290 000014 (v00 BOCHS )
[    0.034382] ACPI: RSDT 0x0000000007FE1C64 000034 (v01 BOCHS  BXPC     00000001 BXPC 00000001)
[    0.034906] ACPI: FACP 0x0000000007FE1B18 000074 (v01 BOCHS  BXPC     00000001 BXPC 00000001)
[    0.035497] ACPI: DSDT 0x0000000007FE0040 001AD8 (v01 BOCHS  BXPC     00000001 BXPC 00000001)
[    0.035573] ACPI: FACS 0x0000000007FE0000 000040
[    0.035622] ACPI: APIC 0x0000000007FE1B8C 000078 (v03 BOCHS  BXPC     00000001 BXPC 00000001)
[    0.035643] ACPI: HPET 0x0000000007FE1C04 000038 (v01 BOCHS  BXPC     00000001 BXPC 00000001)
[    0.035662] ACPI: WAET 0x0000000007FE1C3C 000028 (v01 BOCHS  BXPC     00000001 BXPC 00000001)
[    0.035737] ACPI: Reserving FACP table memory at [mem 0x7fe1b18-0x7fe1b8b]
[    0.035789] ACPI: Reserving DSDT table memory at [mem 0x7fe0040-0x7fe1b17]
[    0.035796] ACPI: Reserving FACS table memory at [mem 0x7fe0000-0x7fe003f]
[    0.035801] ACPI: Reserving APIC table memory at [mem 0x7fe1b8c-0x7fe1c03]
[    0.035807] ACPI: Reserving HPET table memory at [mem 0x7fe1c04-0x7fe1c3b]
[    0.035812] ACPI: Reserving WAET table memory at [mem 0x7fe1c3c-0x7fe1c63]
[    0.038858] Zone ranges:
[    0.038888]   DMA      [mem 0x0000000000001000-0x0000000000ffffff]
[    0.038966]   DMA32    [mem 0x0000000001000000-0x0000000007fdcfff]
[    0.038976]   Normal   empty
[    0.038994] Movable zone start for each node
[    0.039026] Early memory node ranges
[    0.039053]   node   0: [mem 0x0000000000001000-0x000000000009efff]
[    0.039109]   node   0: [mem 0x0000000000100000-0x0000000007fdcfff]
[    0.039235] Initmem setup node 0 [mem 0x0000000000001000-0x0000000007fdcfff]
[    0.040374] On node 0, zone DMA: 1 pages in unavailable ranges
[    0.040877] On node 0, zone DMA: 97 pages in unavailable ranges
[    0.043043] On node 0, zone DMA32: 35 pages in unavailable ranges
[    0.043392] ACPI: PM-Timer IO Port: 0x608
[    0.043797] ACPI: LAPIC_NMI (acpi_id[0xff] dfl dfl lint[0x1])
[    0.044205] IOAPIC[0]: apic_id 0, version 32, address 0xfec00000, GSI 0-23
[    0.044320] ACPI: INT_SRC_OVR (bus 0 bus_irq 0 global_irq 2 dfl dfl)
[    0.044605] ACPI: INT_SRC_OVR (bus 0 bus_irq 5 global_irq 5 high level)
[    0.044658] ACPI: INT_SRC_OVR (bus 0 bus_irq 9 global_irq 9 high level)
[    0.044754] ACPI: INT_SRC_OVR (bus 0 bus_irq 10 global_irq 10 high level)
[    0.044764] ACPI: INT_SRC_OVR (bus 0 bus_irq 11 global_irq 11 high level)
[    0.044943] ACPI: Using ACPI (MADT) for SMP configuration information
[    0.044986] ACPI: HPET id: 0x8086a201 base: 0xfed00000
[    0.045371] CPU topo: Max. logical packages:   1
[    0.045387] CPU topo: Max. logical dies:       1
[    0.045396] CPU topo: Max. dies per package:   1
[    0.045442] CPU topo: Max. threads per core:   1
[    0.045619] CPU topo: Num. cores per package:     1
[    0.045637] CPU topo: Num. threads per package:   1
[    0.045645] CPU topo: Allowing 1 present CPUs plus 0 hotplug CPUs
[    0.046847] [mem 0x08000000-0xfffbffff] available for PCI devices
[    0.046918] Booting paravirtualized kernel on bare hardware
[    0.047225] clocksource: refined-jiffies: mask: 0xffffffff max_cycles: 0xffffffff, max_idle_ns: 19112604462750000 ns
[    0.047909] setup_percpu: NR_CPUS:512 nr_cpumask_bits:1 nr_cpu_ids:1 nr_node_ids:1
[    0.049923] percpu: Embedded 50 pages/cpu s166808 r8192 d29800 u2097152
[    0.052229] Kernel command line: BOOT_IMAGE=/boot/vmlinuz root=PARTUUID=ef2b736b-02 rootwait console=tty1 console=ttyS0,115200n8 noinitrd
[    0.053960] random: crng init done
[    0.058712] Dentry cache hash table entries: 16384 (order: 5, 131072 bytes, linear)
[    0.059680] Inode-cache hash table entries: 8192 (order: 4, 65536 bytes, linear)
[    0.062311] Built 1 zonelists, mobility grouping on.  Total pages: 32635
[    0.062560] mem auto-init: stack:off, heap alloc:off, heap free:off
[    0.072372] SLUB: HWalign=64, Order=0-3, MinObjects=0, CPUs=1, Nodes=1
[    0.080270] rcu: Hierarchical RCU implementation.
[    0.080301] rcu: 	RCU restricting CPUs from NR_CPUS=512 to nr_cpu_ids=1.
[    0.080464] 	Tracing variant of Tasks RCU enabled.
[    0.080565] rcu: RCU calculated value of scheduler-enlistment delay is 10 jiffies.
[    0.080596] rcu: Adjusting geometry for rcu_fanout_leaf=16, nr_cpu_ids=1
[    0.081878] RCU Tasks Trace: Setting shift to 0 and lim to 1 rcu_task_cb_adjust=1 rcu_task_cpu_ids=1.
[    0.082013] NR_IRQS: 33024, nr_irqs: 256, preallocated irqs: 16
[    0.090829] rcu: srcu_init: Setting srcu_struct sizes based on contention.
[    0.097733] Console: colour VGA+ 80x25
[    0.098151] printk: legacy console [tty1] enabled
[    0.106177] printk: legacy console [ttyS0] enabled
[    0.359617] ACPI: Core revision 20240827
[    0.364890] clocksource: hpet: mask: 0xffffffff max_cycles: 0xffffffff, max_idle_ns: 19112604467 ns
[    0.369774] APIC: Switch to symmetric I/O mode setup
[    0.374358] ..TIMER: vector=0x30 apic1=0 pin1=2 apic2=-1 pin2=-1
[    0.416729] clocksource: tsc-early: mask: 0xffffffffffffffff max_cycles: 0x233fe5ae5ea, max_idle_ns: 440795215133 ns
[    0.417443] Calibrating delay loop (skipped), value calculated using timer frequency.. 4890.88 BogoMIPS (lpj=24454410)
[    0.419376] x86/cpu: User Mode Instruction Prevention (UMIP) activated
[    0.434879] Last level iTLB entries: 4KB 0, 2MB 0, 4MB 0
[    0.437596] Last level dTLB entries: 4KB 0, 2MB 0, 4MB 0, 1GB 0
[    0.438707] Spectre V1 : Mitigation: usercopy/swapgs barriers and __user pointer sanitization
[    0.439800] Spectre V2 : Mitigation: Retpolines
[    0.440049] Spectre V2 : Spectre v2 / SpectreRSB: Filling RSB on context switch and VMEXIT
[    0.440525] Speculative Store Bypass: Vulnerable
[    0.449549] x86/fpu: Supporting XSAVE feature 0x001: 'x87 floating point registers'
[    0.454355] x86/fpu: Supporting XSAVE feature 0x002: 'SSE registers'
[    0.454648] x86/fpu: Supporting XSAVE feature 0x004: 'AVX registers'
[    0.458470] x86/fpu: Supporting XSAVE feature 0x008: 'MPX bounds registers'
[    0.464586] x86/fpu: Supporting XSAVE feature 0x010: 'MPX CSR'
[    0.465229] x86/fpu: xstate_offset[2]:  576, xstate_sizes[2]:  256
[    0.465622] x86/fpu: xstate_offset[3]:  960, xstate_sizes[3]:   64
[    0.465874] x86/fpu: xstate_offset[4]: 1024, xstate_sizes[4]:   64
[    0.467502] x86/fpu: Enabled xstate features 0x1f, context size is 1088 bytes, using 'standard' format.
[    0.696797] Freeing SMP alternatives memory: 40K
[    0.697610] pid_max: default: 32768 minimum: 301
[    0.706971] Mount-cache hash table entries: 512 (order: 0, 4096 bytes, linear)
[    0.707513] Mountpoint-cache hash table entries: 512 (order: 0, 4096 bytes, linear)
[    0.859405] smpboot: CPU0: AMD QEMU TCG CPU version 2.5+ (family: 0x6, model: 0x6, stepping: 0x3)
[    0.874017] Performance Events: PMU not available due to virtualization, using software events only.
[    0.875499] signal: max sigframe size: 1616
[    0.895092] rcu: Hierarchical SRCU implementation.
[    0.895364] rcu: 	Max phase no-delay instances is 1000.
[    0.901928] smp: Bringing up secondary CPUs ...
[    0.903721] smp: Brought up 1 node, 1 CPU
[    0.904031] smpboot: Total of 1 processors activated (4890.88 BogoMIPS)
[    0.912312] Memory: 103268K/130540K available (14336K kernel code, 1166K rwdata, 3976K rodata, 1496K init, 1312K bss, 25628K reserved, 0K cma-reserved)
[    0.924889] clocksource: jiffies: mask: 0xffffffff max_cycles: 0xffffffff, max_idle_ns: 19112604462750000 ns
[    0.925780] futex hash table entries: 256 (order: 2, 16384 bytes, linear)
[    0.927015] pinctrl core: initialized pinctrl subsystem
[    0.946617] NET: Registered PF_NETLINK/PF_ROUTE protocol family
[    0.953106] thermal_sys: Registered thermal governor 'step_wise'
[    0.953144] thermal_sys: Registered thermal governor 'user_space'
[    0.954191] cpuidle: using governor ladder
[    0.954768] cpuidle: using governor menu
[    0.958580] acpiphp: ACPI Hot Plug PCI Controller Driver version: 0.5
[    0.961522] PCI: Using configuration type 1 for base access
[    0.971233] cryptd: max_cpu_qlen set to 1000
[    0.977260] ACPI: Added _OSI(Module Device)
[    0.977580] ACPI: Added _OSI(Processor Device)
[    0.977773] ACPI: Added _OSI(Processor Aggregator Device)
[    0.992032] ACPI: 1 ACPI AML tables successfully acquired and loaded
[    1.009800] ACPI: Interpreter enabled
[    1.010622] ACPI: PM: (supports S0 S5)
[    1.010859] ACPI: Using IOAPIC for interrupt routing
[    1.011454] PCI: Using host bridge windows from ACPI; if necessary, use "pci=nocrs" and report a bug
[    1.011900] PCI: Using E820 reservations for host bridge windows
[    1.019225] ACPI: Enabled 2 GPEs in block 00 to 0F
[    1.055797] ACPI: PCI Root Bridge [PCI0] (domain 0000 [bus 00-ff])
[    1.056701] acpi PNP0A03:00: _OSC: OS supports [ASPM ClockPM Segments MSI HPX-Type3]
[    1.057187] acpi PNP0A03:00: _OSC: not requesting OS control; OS requires [ExtendedConfig ASPM ClockPM MSI]
[    1.057991] acpi PNP0A03:00: fail to add MMCONFIG information, can't access extended configuration space under this bridge
[    1.071308] acpiphp: Slot [3] registered
[    1.071668] acpiphp: Slot [4] registered
[    1.071948] acpiphp: Slot [5] registered
[    1.072215] acpiphp: Slot [6] registered
[    1.077631] acpiphp: Slot [7] registered
[    1.079478] acpiphp: Slot [8] registered
[    1.079751] acpiphp: Slot [9] registered
[    1.080015] acpiphp: Slot [10] registered
[    1.080290] acpiphp: Slot [11] registered
[    1.080580] acpiphp: Slot [12] registered
[    1.080845] acpiphp: Slot [13] registered
[    1.087630] acpiphp: Slot [14] registered
[    1.088090] acpiphp: Slot [15] registered
[    1.088388] acpiphp: Slot [16] registered
[    1.088657] acpiphp: Slot [17] registered
[    1.088933] acpiphp: Slot [18] registered
[    1.089228] acpiphp: Slot [19] registered
[    1.097637] acpiphp: Slot [20] registered
[    1.098086] acpiphp: Slot [21] registered
[    1.098383] acpiphp: Slot [22] registered
[    1.098653] acpiphp: Slot [23] registered
[    1.098921] acpiphp: Slot [24] registered
[    1.099209] acpiphp: Slot [25] registered
[    1.107628] acpiphp: Slot [26] registered
[    1.108117] acpiphp: Slot [27] registered
[    1.108482] acpiphp: Slot [28] registered
[    1.108761] acpiphp: Slot [29] registered
[    1.109035] acpiphp: Slot [30] registered
[    1.109330] acpiphp: Slot [31] registered
[    1.117850] PCI host bridge to bus 0000:00
[    1.118531] pci_bus 0000:00: root bus resource [io  0x0000-0x0cf7 window]
[    1.118949] pci_bus 0000:00: root bus resource [io  0x0d00-0xffff window]
[    1.119220] pci_bus 0000:00: root bus resource [mem 0x000a0000-0x000bffff window]
[    1.127480] pci_bus 0000:00: root bus resource [mem 0x08000000-0xfebfffff window]
[    1.128002] pci_bus 0000:00: root bus resource [mem 0x100000000-0x17fffffff window]
[    1.128500] pci_bus 0000:00: root bus resource [bus 00-ff]
[    1.129919] pci 0000:00:00.0: [8086:1237] type 00 class 0x060000 conventional PCI endpoint
[    1.148610] pci 0000:00:01.0: [8086:7000] type 00 class 0x060100 conventional PCI endpoint
[    1.149535] pci 0000:00:01.1: [8086:7010] type 00 class 0x010180 conventional PCI endpoint
[    1.152493] pci 0000:00:01.1: BAR 4 [io  0xc0e0-0xc0ef]
[    1.156739] pci 0000:00:01.1: BAR 0 [io  0x01f0-0x01f7]: legacy IDE quirk
[    1.157055] pci 0000:00:01.1: BAR 1 [io  0x03f6]: legacy IDE quirk
[    1.157388] pci 0000:00:01.1: BAR 2 [io  0x0170-0x0177]: legacy IDE quirk
[    1.157709] pci 0000:00:01.1: BAR 3 [io  0x0376]: legacy IDE quirk
[    1.167441] pci 0000:00:01.3: [8086:7113] type 00 class 0x068000 conventional PCI endpoint
[    1.168128] pci 0000:00:01.3: quirk: [io  0x0600-0x063f] claimed by PIIX4 ACPI
[    1.168464] pci 0000:00:01.3: quirk: [io  0x0700-0x070f] claimed by PIIX4 SMB
[    1.169287] pci 0000:00:02.0: [1234:1111] type 00 class 0x030000 conventional PCI endpoint
[    1.178169] pci 0000:00:02.0: BAR 0 [mem 0xfd000000-0xfdffffff pref]
[    1.179754] pci 0000:00:02.0: BAR 2 [mem 0xfeb90000-0xfeb90fff]
[    1.182500] pci 0000:00:02.0: ROM [mem 0xfeb80000-0xfeb8ffff pref]
[    1.183013] pci 0000:00:02.0: Video device with shadowed ROM at [mem 0x000c0000-0x000dffff]
[    1.188408] pci 0000:00:03.0: [1af4:1000] type 00 class 0x020000 conventional PCI endpoint
[    1.189769] pci 0000:00:03.0: BAR 0 [io  0xc080-0xc09f]
[    1.192534] pci 0000:00:03.0: BAR 4 [mem 0xfe000000-0xfe003fff 64bit pref]
[    1.198276] pci 0000:00:03.0: ROM [mem 0xfea80000-0xfeafffff pref]
[    1.203350] pci 0000:00:04.0: [1af4:1005] type 00 class 0x00ff00 conventional PCI endpoint
[    1.207356] pci 0000:00:04.0: BAR 0 [io  0xc0a0-0xc0bf]
[    1.208200] pci 0000:00:04.0: BAR 1 [mem 0xfeb91000-0xfeb91fff]
[    1.213134] pci 0000:00:04.0: BAR 4 [mem 0xfe004000-0xfe007fff 64bit pref]
[    1.218973] pci 0000:00:05.0: [1af4:1000] type 00 class 0x020000 conventional PCI endpoint
[    1.221328] pci 0000:00:05.0: BAR 0 [io  0xc0c0-0xc0df]
[    1.222704] pci 0000:00:05.0: BAR 1 [mem 0xfeb92000-0xfeb92fff]
[    1.224685] pci 0000:00:05.0: BAR 4 [mem 0xfe008000-0xfe00bfff 64bit pref]
[    1.225679] pci 0000:00:05.0: ROM [mem 0xfeb00000-0xfeb7ffff pref]
[    1.229683] pci 0000:00:06.0: [1af4:1001] type 00 class 0x010000 conventional PCI endpoint
[    1.234282] pci 0000:00:06.0: BAR 0 [io  0xc000-0xc07f]
[    1.235075] pci 0000:00:06.0: BAR 1 [mem 0xfeb93000-0xfeb93fff]
[    1.236881] pci 0000:00:06.0: BAR 4 [mem 0xfe00c000-0xfe00ffff 64bit pref]
[    1.252239] ACPI: PCI: Interrupt link LNKA configured for IRQ 10
[    1.253127] ACPI: PCI: Interrupt link LNKB configured for IRQ 10
[    1.253792] ACPI: PCI: Interrupt link LNKC configured for IRQ 11
[    1.254429] ACPI: PCI: Interrupt link LNKD configured for IRQ 11
[    1.255121] ACPI: PCI: Interrupt link LNKS configured for IRQ 9
[    1.258513] iommu: Default domain type: Translated
[    1.258777] iommu: DMA domain TLB invalidation policy: lazy mode
[    1.261520] SCSI subsystem initialized
[    1.266667] ACPI: bus type USB registered
[    1.267210] usbcore: registered new interface driver usbfs
[    1.267708] usbcore: registered new interface driver hub
[    1.268100] usbcore: registered new device driver usb
[    1.268686] pps_core: LinuxPPS API ver. 1 registered
[    1.276670] pps_core: Software ver. 5.3.6 - Copyright 2005-2007 Rodolfo Giometti <giometti@linux.it>
[    1.277465] PTP clock support registered
[    1.288639] PCI: Using ACPI for IRQ routing
[    1.290884] hpet0: at MMIO 0xfed00000, IRQs 2, 8, 0
[    1.291181] hpet0: 3 comparators, 64-bit 100.000000 MHz counter
[    1.295876] clocksource: Switched to clocksource tsc-early
[    1.295876] pnp: PnP ACPI init
[    1.295876] pnp: PnP ACPI: found 6 devices
[    1.309757] clocksource: acpi_pm: mask: 0xffffff max_cycles: 0xffffff, max_idle_ns: 2085701024 ns
[    1.311132] NET: Registered PF_INET protocol family
[    1.312332] IP idents hash table entries: 2048 (order: 2, 16384 bytes, linear)
[    1.317949] tcp_listen_portaddr_hash hash table entries: 256 (order: 0, 4096 bytes, linear)
[    1.320538] Table-perturb hash table entries: 65536 (order: 6, 262144 bytes, linear)
[    1.320953] TCP established hash table entries: 1024 (order: 1, 8192 bytes, linear)
[    1.321459] TCP bind hash table entries: 1024 (order: 3, 32768 bytes, linear)
[    1.331320] TCP: Hash tables configured (established 1024 bind 1024)
[    1.333202] MPTCP token hash table entries: 256 (order: 1, 6144 bytes, linear)
[    1.333784] UDP hash table entries: 256 (order: 1, 8192 bytes, linear)
[    1.334248] UDP-Lite hash table entries: 256 (order: 1, 8192 bytes, linear)
[    1.343596] NET: Registered PF_UNIX/PF_LOCAL protocol family
[    1.344886] pci_bus 0000:00: resource 4 [io  0x0000-0x0cf7 window]
[    1.345171] pci_bus 0000:00: resource 5 [io  0x0d00-0xffff window]
[    1.345436] pci_bus 0000:00: resource 6 [mem 0x000a0000-0x000bffff window]
[    1.353105] pci_bus 0000:00: resource 7 [mem 0x08000000-0xfebfffff window]
[    1.353499] pci_bus 0000:00: resource 8 [mem 0x100000000-0x17fffffff window]
[    1.354239] pci 0000:00:01.0: PIIX3: Enabling Passive Release
[    1.354608] pci 0000:00:00.0: Limiting direct PCI/PCI transfers
[    1.364571] PCI: CLS 0 bytes, default 64
[    1.383838] workingset: timestamp_bits=46 max_order=15 bucket_order=0
[    1.386469] squashfs: version 4.0 (2009/01/31) Phillip Lougher
[    1.389496] Block layer SCSI generic (bsg) driver version 0.4 loaded (major 247)
[    1.393479] hv_vmbus: registering driver hyperv_fb
[    1.397523] input: Power Button as /devices/LNXSYSTM:00/LNXPWRBN:00/input/input0
[    1.405740] ACPI: button: Power Button [PWRF]
[    1.565682] ACPI: \_SB_.LNKC: Enabled at IRQ 11
[    1.718374] ACPI: \_SB_.LNKD: Enabled at IRQ 10
[    1.869803] ACPI: \_SB_.LNKA: Enabled at IRQ 10
[    2.021618] ACPI: \_SB_.LNKB: Enabled at IRQ 11
[    2.023596] Serial: 8250/16550 driver, 16 ports, IRQ sharing enabled
[    2.048876] 00:04: ttyS0 at I/O 0x3f8 (irq = 4, base_baud = 115200) is a 16550A
[    2.075235] Non-volatile memory driver v1.3
[    2.086271] Linux agpgart interface v0.103
[    2.087373] ACPI: bus type drm_connector registered
[    2.090177] [drm] Found bochs VGA, ID 0xb0c5.
[    2.090409] [drm] Framebuffer size 16384 kB @ 0xfd000000, mmio @ 0xfeb90000.
[    2.096344] [drm] Found EDID data blob.
[    2.101930] [drm] Initialized bochs-drm 1.0.0 for 0000:00:02.0 on minor 0
[    2.170502] Console: switching to colour frame buffer device 160x50
[    2.179764] bochs-drm 0000:00:02.0: [drm] fb0: bochs-drmdrmfb frame buffer device
[    2.215072] loop: module loaded
[    2.215753] virtio_blk virtio3: 1/0/0 default/read/poll queues
[    2.220314] virtio_blk virtio3: [vda] 246784 512-byte logical blocks (126 MB/121 MiB)
[    2.229691]  vda: vda1 vda2
[    2.231699] Guest personality initialized and is inactive
[    2.232312] VMCI host device registered (name=vmci, major=10, minor=256)
[    2.232648] Initialized host personality
[    2.233016] usbcore: registered new interface driver rtsx_usb
[    2.241253] VMware PVSCSI driver - version 1.0.7.0-k
[    2.241650] hv_vmbus: registering driver hv_storvsc
[    2.257857] scsi host0: ata_piix
[    2.260308] scsi host1: ata_piix
[    2.261170] ata1: PATA max MWDMA2 cmd 0x1f0 ctl 0x3f6 bmdma 0xc0e0 irq 14 lpm-pol 0
[    2.261537] ata2: PATA max MWDMA2 cmd 0x170 ctl 0x376 bmdma 0xc0e8 irq 15 lpm-pol 0
[    2.270724] VMware vmxnet3 virtual NIC driver - version 1.9.0.0-k-NAPI
[    2.271305] hv_vmbus: registering driver hv_netvsc
[    2.271743] Fusion MPT base driver 3.04.20
[    2.271928] Copyright (c) 1999-2008 LSI Corporation
[    2.272324] Fusion MPT SPI Host driver 3.04.20
[    2.281646] Fusion MPT SAS Host driver 3.04.20
[    2.284149] usbcore: registered new interface driver usb-storage
[    2.285405] i8042: PNP: PS/2 Controller [PNP0303:KBD,PNP0f13:MOU] at 0x60,0x64 irq 1,12
[    2.288780] serio: i8042 KBD port at 0x60,0x64 irq 1
[    2.289181] serio: i8042 AUX port at 0x60,0x64 irq 12
[    2.295546] hv_vmbus: registering driver hyperv_keyboard
[    2.298245] rtc_cmos 00:05: RTC can wake from S4
[    2.303313] rtc_cmos 00:05: registered as rtc0
[    2.306014] rtc_cmos 00:05: setting system clock to 2026-03-19T02:13:10 UTC (1773886390)
[    2.308649] rtc_cmos 00:05: alarms up to one day, y3k, 242 bytes nvram, hpet irqs
[    2.311303] intel_powerclamp: CPU does not support MWAIT
[    2.316563] amd_pstate: the _CPC object is not present in SBIOS or ACPI disabled
[    2.319094] sdhci: Secure Digital Host Controller Interface driver
[    2.321075] sdhci: Copyright(c) Pierre Ossman
[    2.323399] VUB300 Driver rom wait states = 1C irqpoll timeout = 0400
[    2.330290] input: AT Translated Set 2 keyboard as /devices/platform/i8042/serio0/input/input1
[    2.352959] usbcore: registered new interface driver vub300
[    2.355212] usbcore: registered new interface driver ushc
[    2.362989] hid: raw HID events driver (C) Jiri Kosina
[    2.365783] hv_vmbus: registering driver hid_hyperv
[    2.368697] usbcore: registered new interface driver usbhid
[    2.370708] usbhid: USB HID core driver
[    2.372825] hv_utils: Registering HyperV Utility Driver
[    2.374845] hv_vmbus: registering driver hv_utils
[    2.377353] hv_vmbus: registering driver hv_balloon
[    2.380814] NET: Registered PF_INET6 protocol family
[    2.395876] Segment Routing with IPv6
[    2.398226] In-situ OAM (IOAM) with IPv6
[    2.400680] NET: Registered PF_PACKET protocol family
[    2.403150] bridge: filtering via arp/ip/ip6tables is no longer available by default. Update your scripts to load br_netfilter if you need this.
[    2.412534] 8021q: 802.1Q VLAN Support v1.8
[    2.415130] NET: Registered PF_VSOCK protocol family
[    2.424273] IPI shorthand broadcast: enabled
[    2.430965] AES CTR mode by8 optimization enabled
[    2.452636] sched_clock: Marking stable (2180055520, 265985780)->(2455064958, -9023658)
[    2.482673] tsc: Refined TSC clocksource calibration: 2445.431 MHz
[    2.485179] clocksource: tsc: mask: 0xffffffffffffffff max_cycles: 0x233fdc46f83, max_idle_ns: 440795225539 ns
[    2.498670] ata2: found unknown device (class 0)
[    2.511498] clocksource: Switched to clocksource tsc
[    2.546348] ata2.00: ATAPI: QEMU DVD-ROM, 2.5+, max UDMA/100
[    2.565211] scsi 1:0:0:0: CD-ROM            QEMU     QEMU DVD-ROM     2.5+ PQ: 0 ANSI: 5
[    2.576556] clk: Disabling unused clocks
[    2.617992] sr 1:0:0:0: [sr0] scsi3-mmc drive: 4x/4x cd/rw xa/form2 tray
[    2.620651] cdrom: Uniform CD-ROM driver Revision: 3.20
[    2.677497] VFS: Mounted root (squashfs filesystem) readonly on device 254:2.
[    2.746348] Freeing unused kernel image (initmem) memory: 1496K
[    2.748981] Write protecting the kernel read-only data: 18432k
[    2.752214] Freeing unused kernel image (rodata/data gap) memory: 120K
[    2.754839] Run /sbin/init as init process
[    3.100772] init: Console is alive
[    3.678061] kmodloader: loading kernel modules from /etc/modules-boot.d/*
[    3.748746] button_hotplug: loading out-of-tree module taints kernel.
[    3.755476] Button Hotplug driver version 0.4.1
[    3.777169] Intel(R) 2.5G Ethernet Linux Driver
[    3.779710] Copyright(c) 2018 Intel Corporation.
[    3.795721] igb: Intel(R) Gigabit Ethernet Network Driver
[    3.798379] igb: Copyright (c) 2007-2014 Intel Corporation.
[    3.814799] e1000e: Intel(R) PRO/1000 Network Driver
[    3.817503] e1000e: Copyright(c) 1999 - 2015 Intel Corporation.
[    3.832100] kmodloader: done loading kernel modules from /etc/modules-boot.d/*
[    3.844236] init: - preinit -
[    4.851687] 8021q: adding VLAN 0 to HW filter on device eth0
Press the [f] key and hit [enter] to enter failsafe mode
Press the [1], [2], [3] or [4] key and hit [enter] to select the debug level
[    9.485695] loop0: detected capacity change from 0 to 212992
[    9.536465] loop0: detected capacity change from 212992 to 201728
[    9.549369] mount_root: overlay filesystem in /dev/loop0 has not been formatted yet
[    9.920801] EXT4-fs (loop0): mounted filesystem bf2c6b7e-accb-4cc2-985f-5cf12082df93 r/w with ordered data mode. Quota mode: disabled.
[    9.934506] mount_root: overlay filesystem has not been fully initialized yet
[    9.952423] mount_root: switching to ext4 overlay
[    9.973279] overlayfs: null uuid detected in lower fs '/', falling back to xino=off,index=off,nfs_export=off.
[   10.718582] EXT4-fs (vda1): mounted filesystem 84173db5-fa99-e35a-95c6-28613cc79ea9 r/w without journal. Quota mode: disabled.
[   10.743236] urandom-seed: Seed file not found (/etc/urandom.seed)
[   10.884155] procd: - early -
[   11.624889] procd: - ubus -
[   11.802814] procd: - init -
Please press Enter to activate this console.
root
login[1051]: root login on 'ttyS0'


BusyBox v1.37.0 (2026-01-02 17:07:02 UTC) built-in shell (ash)

  _______                     ________        __
 |       |.-----.-----.-----.|  |  |  |.----.|  |_
 |   -   ||  _  |  -__|     ||  |  |  ||   _||   _|
 |_______||   __|_____|__|__||________||__|  |____|
          |__| W I R E L E S S   F R E E D O M
 -----------------------------------------------------
 OpenWrt SNAPSHOT, r33448-8364cb4baa
 -----------------------------------------------------

 === WARNING! =====================================
 There is no root password defined on this device!
 Use the "passwd" command to set up a new password
 in order to prevent unauthorized SSH logins.
 --------------------------------------------------

root@(none):~# dmesg -n 1
root@(none):~# echo 'SLMS''KBUTMU'
SLMSKBUTMU
root@(none):~# run() { echo -n "$MARKER"; sh -c "$@"; echo "$MARKER $?"; }
root@(none):~# echo 'BYMO''ZJSQYX'
BYMOZJSQYX
root@(none):~# MARKER='VHPZ''MQEBKJ' run 'ubus wait_for network.interface.lan'
VHPZMQEBKJVHPZMQEBKJ 0
root@OpenWrt:~# echo 'TQWN''TCQBMF'
TQWNTCQBMF
root@OpenWrt:~# MARKER='VAFZ''KUKGFG' run 'ubus call network.interface.lan statu
s '"'"'{}'"'"''
VAFZKUKGFG{
	"up": true,
	"pending": false,
	"available": true,
	"autostart": true,
	"dynamic": false,
	"uptime": 0,
	"l3_device": "br-lan",
	"proto": "static",
	"device": "br-lan",
	"updated": [
		"addresses"
	],
	"metric": 0,
	"dns_metric": 0,
	"delegation": true,
	"ipv4-address": [
		{
			"address": "192.168.1.1",
			"mask": 24
		}
	],
	"ipv6-address": [
		
	],
	"ipv6-prefix": [
		
	],
	"ipv6-prefix-assignment": [
		{
			"address": "fd24:8b2c:12c2::",
			"mask": 60,
			"local-address": {
				"address": "fd24:8b2c:12c2::1",
				"mask": 60
			}
		}
	],
	"route": [
		
	],
	"dns-server": [
		
	],
	"dns-search": [
		
	],
	"neighbors": [
		
	],
	"inactive": {
		"ipv4-address": [
			
		],
		"ipv6-address": [
			
		],
		"route": [
			
		],
		"dns-server": [
			
		],
		"dns-search": [
			
		],
		"neighbors": [
			
		]
	},
	"data": {
		
	}
}
VAFZKUKGFG 0
root@OpenWrt:~# echo 'YCXG''USAYKL'
YCXGUSAYKL
root@OpenWrt:~# MARKER='XJSA''CNPSKC' run true
XJSACNPSKCXJSACNPSKC 0
root@OpenWrt:~# echo 'UPEE''FLZNVS'
UPEEFLZNVS
root@OpenWrt:~# MARKER='NMPE''YKESCZ' run 'source /etc/os-release; echo $BUILD_I
D'
NMPEYKESCZr33448-8364cb4baa
NMPEYKESCZ 0
root@OpenWrt:~# echo 'FMXX''NGWTYT'
FMXXNGWTYT
root@OpenWrt:~# MARKER='UZWM''SAKMQY' run 'ls /etc/dropbear/dropbear_rsa_host_ke
y'
UZWMSAKMQY[0;0m/etc/dropbear/dropbear_rsa_host_key[m
UZWMSAKMQY 0
root@OpenWrt:~# echo 'HHWJ''BNGOKU'
HHWJBNGOKU
root@OpenWrt:~# MARKER='ABPN''XXPOWC' run 'netstat -tlpn | grep 0.0.0.0:22'
ABPNXXPOWCtcp        0      0 0.0.0.0:22              0.0.0.0:*               LISTEN      1734/dropbear
ABPNXXPOWC 0
root@OpenWrt:~# echo 'FFET''WMEUUO'
FFETWMEUUO
root@OpenWrt:~# MARKER='FECS''PVMCOC' run 'dmesg | grep br-lan | grep forwarding
'
FECSPVMCOC[   31.726743] br-lan: port 1(eth0) entered forwarding state
FECSPVMCOC 0
root@OpenWrt:~# echo 'MBEZ''HJHEBB'
MBEZHJHEBB
root@OpenWrt:~# MARKER='ZOPN''WEVJWH' run 'ubus call network.interface.lan statu
s '"'"'{}'"'"''
ZOPNWEVJWH{
	"up": true,
	"pending": false,
	"available": true,
	"autostart": true,
	"dynamic": false,
	"uptime": 22,
	"l3_device": "br-lan",
	"proto": "static",
	"device": "br-lan",
	"updated": [
		"addresses"
	],
	"metric": 0,
	"dns_metric": 0,
	"delegation": true,
	"ipv4-address": [
		{
			"address": "192.168.1.1",
			"mask": 24
		}
	],
	"ipv6-address": [
		
	],
	"ipv6-prefix": [
		
	],
	"ipv6-prefix-assignment": [
		{
			"address": "fd24:8b2c:12c2::",
			"mask": 60,
			"local-address": {
				"address": "fd24:8b2c:12c2::1",
				"mask": 60
			}
		}
	],
	"route": [
		
	],
	"dns-server": [
		
	],
	"dns-search": [
		
	],
	"neighbors": [
		
	],
	"inactive": {
		"ipv4-address": [
			
		],
		"ipv6-address": [
			
		],
		"route": [
			
		],
		"dns-server": [
			
		],
		"dns-search": [
			
		],
		"neighbors": [
			
		]
	},
	"data": {
		
	}
}
ZOPNWEVJWH 0
root@OpenWrt:~# echo 'JCAC''GCUOZG'
JCACGCUOZG
root@OpenWrt:~# MARKER='LZOB''FMWAME' run 'ip -o addr show dev br-lan'
LZOBFMWAME4: br-lan    inet 192.168.1.1/24 brd 192.168.1.255 scope global br-lan\       valid_lft forever preferred_lft forever
4: br-lan    inet6 fd24:8b2c:12c2::1/60 scope global noprefixroute \       valid_lft forever preferred_lft forever
4: br-lan    inet6 fe80::5054:ff:fe12:3456/64 scope link \       valid_lft forever preferred_lft forever
LZOBFMWAME 0
root@OpenWrt:~# echo 'HKCZ''YJAFKN'
HKCZYJAFKN
root@OpenWrt:~# MARKER='AQZU''QMGCPH' run 'ubus call network.interface.wan statu
s '"'"'{}'"'"''
AQZUQMGCPH{
	"up": true,
	"pending": false,
	"available": true,
	"autostart": true,
	"dynamic": false,
	"uptime": 20,
	"l3_device": "eth1",
	"proto": "dhcp",
	"device": "eth1",
	"updated": [
		"addresses",
		"routes",
		"data"
	],
	"metric": 0,
	"dns_metric": 0,
	"delegation": true,
	"ipv4-address": [
		{
			"address": "10.0.2.15",
			"mask": 24
		}
	],
	"ipv6-address": [
		
	],
	"ipv6-prefix": [
		
	],
	"ipv6-prefix-assignment": [
		
	],
	"route": [
		{
			"target": "0.0.0.0",
			"mask": 0,
			"nexthop": "10.0.2.2",
			"source": "10.0.2.15/32"
		}
	],
	"dns-server": [
		"10.0.2.3"
	],
	"dns-search": [
		
	],
	"neighbors": [
		
	],
	"inactive": {
		"ipv4-address": [
			
		],
		"ipv6-address": [
			
		],
		"route": [
			
		],
		"dns-server": [
			
		],
		"dns-search": [
			
		],
		"neighbors": [
			
		]
	},
	"data": {
		"dhcpserver": "10.0.2.2",
		"leasetime": 86400
	}
}
AQZUQMGCPH 0
root@OpenWrt:~# 