Labgrid Console Logfile for main
Logfile started at 2026-04-29 02:13:38.382397
=== Log starts here ===
c[?7l[2J[0mSeaBIOS (version 1.16.3-debian-1.16.3-2)


iPXE (https://ipxe.org) 00:03.0 CA00 PCI2.10 PnP PMM+06FCAE70+06F0AE70 CA00
Press Ctrl-B to configure iPXE (PCI 00:03.0)...                                                                               




iPXE (https://ipxe.org) 00:05.0 CB00 PCI2.10 PnP PMM 06FCAE70 06F0AE70 CB00
Press Ctrl-B to configure iPXE (PCI 00:05.0)...                                                                               


Booting from Hard Disk...
GRUB loading.....
[0;30;47mWelcome to GRUB![01;01H[0m[2J[H[J[1;1H[?25l[m[H[J[1;1H[2;30HGNU GRUB  version 2.12

[m[4;2H+----------------------------------------------------------------------------+[5;2H|[5;79H|[6;2H|[6;79H|[7;2H|[7;79H|[8;2H|[8;79H|[9;2H|[9;79H|[10;2H|[10;79H|[11;2H|[11;79H|[12;2H|[12;79H|[13;2H|[13;79H|[14;2H|[14;79H|[15;2H|[15;79H|[16;2H+----------------------------------------------------------------------------+[m[17;2H[18;2H[m     Use the ^ and v keys to select which entry is highlighted.          
      Press enter to boot the selected OS, `e' to edit the commands       
      before booting or `c' for a command-line. ESC to return             
      previous menu.                                                      [5;80H [7m[5;3H*OpenWrt                                                                    [m[5;78H[m[m[6;3H OpenWrt (failsafe)                                                         [m[6;78H[m[m[7;3H                                                                            [m[7;78H[m[m[8;3H                                                                            [m[8;78H[m[m[9;3H                                                                            [m[9;78H[m[m[10;3H                                                                            [m[10;78H[m[m[11;3H                                                                            [m[11;78H[m[m[12;3H                                                                            [m[12;78H[m[m[13;3H                                                                            [m[13;78H[m[m[14;3H                                                                            [m[14;78H[m[m[15;3H                                                                            [m[15;78H[m[15;80H [5;78H[2J[02;30HGNU GRUB  version 2.12[04;02H┌────────────────────────────────────────────────────────────────────────────┐[05;02H│[05;79H│[06;02H│[06;79H│[07;02H│[07;79H│[07;79H[08;02H│[08;79H│[09;02H│[09;79H│[10;02H│[10;79H│[11;02H│[11;79H│[12;02H│[12;79H│[13;02H│[13;79H│[14;02H│[14;79H│[15;02H│[15;79H│[16;02H│[16;79H│[17;02H└────────────────────────────────────────────────────────────────────────────┘[19;02H     Use the ↑ and ↓ keys to select which entry is highlighted.          
      Press enter to boot the selected OS, `e' to edit the commands       
      before booting or `c' for a command-line. ESC to return          [21;71H[21;72H   
      previous menu.                                                      [05;80H [05;03H[0;30;47m*OpenWrt                                                                    [06;03H[0m OpenWrt (failsafe)                                                         [07;03H                                                                            [08;03H                                                                            [09;03H                                                                            [10;03H                                                                            [11;03H                                                                            [12;03H                                                                            [13;03H                                                                            [14;03H                                                                            [15;03H                                                                            [16;03H                                                                            [16;80H 






   The highlighted entry will be executed automatically in 5s.                [22;1H   The highlighted entry will be executed automatically in 5s.                 [5;78H [05;78H

















   The highlighted entry will be executed automatically in 4s.                [22;1H   The highlighted entry will be executed automatically in 4s.                 [5;78H [05;78H

















   The highlighted entry will be executed automatically in 3s.            [23;74H[23;75H    [22;1H   The highlighted entry will be executed automatically in 3s.                 [5;78H [05;78H

















   The highlighted entry will be exec[23;37H[23;38Huted automatically in 2s.                [22;1H   The highlighted entry will be executed automatically in 2s.                 [5;78H [05;78H

















   The highlighted entry will be executed automatically in 1s.                [22;1H   The highlighted entry will be executed automatically in 1s.                 [5;78H [05;78H

















   The highlighted entry will be executed automatically in 0s.                [22;1H   The highlighted entry will be executed automatically in 0s.                 [5;78H [01;01H[2J[?25h[H[J[1;1H[H[J[1;1H[2J   Booting `OpenWrt' Booting `OpenWrt

'

[    0.000000] Linux version 6.18.21 (builder@buildhost) (x86_64-openwrt-linux-musl-gcc (OpenWrt GCC 14.3.0 r34210-1b9922d5e8) 14.3.0, GNU ld (GNU Binutils) 2.44) #0 SMP Tue Apr 28 18:09:03 2026
[    0.000000] Command line: BOOT_IMAGE=/boot/vmlinuz root=PARTUUID=f956390c-02 roonitrd
[    0.000000] BIOS-provided physical RAM map:
[    0.000000] BIOS-e820: [mem 0x0000000000000000-0x000000000009fbff] usable
[    0.000000] BIOS-e820: [mem 0x000000000009fc00-0x000000000009ffff] reserved
[    0.000000] BIOS-e820: [mem 0x00000000000f0000-0x00000000000ffff000000000100000-0x0000000007fdcfff] usable
[    0.000000] BIOS-e820: [mem 0x0000000007fdd000-0x0000000007ffffff] reserved
[    0.000000] BIOS-e820: [mem 0x00000000fffc0000-0x00000000ffffffff] reserved
[    0.000000] BIOS-e820: [mem 0x000000fd00000000-0x000000ffffffffff] reservedn: active
[    0.000000] APIC: Static calls initialized
[    0.000000] SMBIOS 3.0.0 present.
[    0.000000] DMI: QEMU Standard PC (i440FX + PIIX, 1996), BIOS 1.16.3-debian-1.16.3-2 04/01/2014
[    0.000000] DMI: Memory slots populated: 1/1
[    0.000000] tsc: Fast TSC calibration6.182 MHz processor
[    0.008925] last_pfn = 0x7fdd max_arch_pfn = 0x10000000000
[    0.009537] MTRR map: 4 entries (3 fixed + 1 variable; max 19), built from 8 variable MTRRs
[    0.009737] x86/PAT: Configuration [0-7]: WB  WC  UC- UC  WB  WP  UC- WT  
[    0.030701] found SMP 0.032350] Using GB pages for direct mapping
[    0.036976] ACPI: Early table checksum verification disabled
[    0.037318] ACPI: RSDP 0x00000000000F5290 000014 (v00 BOCHS )
[    0.037619] ACPI: RSDT 0x0000000007FE1C64 000034 (v01 BOCHS  BXPC     00000001 BXPC 00000001)
[    0.038BOCHS  BXPC     00000001 BXPC 00000001)
[    0.038769] ACPI: DSDT 0x0000000007FE0040 001AD8 (v01 BOCHS  BXPC     00000001 BXPC 00000001)
[    0.038846] ACPI: FACS 0x0000000007FE0000 000040
[    0.038899] ACPI: APIC 0x0000000007FE1B8C 000078 (v03 BOCHS  BXPC     00000001 BXPC 000000004 000038 (v01 BOCHS  BXPC     00000001 BXPC 00000001)
[    0.038940] ACPI: WAET 0x0000000007FE1C3C 000028 (v01 BOCHS  BXPC     00000001 BXPC 00000001)
[    0.039014] ACPI: Reserving FACP table memory at [mem 0x7fe1b18-0x7fe1b8b]
[    0.039047] ACPI: Reserving DSDT table memory at [mem 0xrving FACS table memory at [mem 0x7fe0000-0x7fe003f]
[    0.039061] ACPI: Reserving APIC table memory at [mem 0x7fe1b8c-0x7fe1c03]
[    0.039067] ACPI: Reserving HPET table memory at [mem 0x7fe1c04-0x7fe1c3b]
[    0.039072] ACPI: Reserving WAET table memory at [mem 0x7fe1c3c-0x7fe1c63]]   DMA      [mem 0x0000000000001000-0x0000000000ffffff]
[    0.064089]   DMA32    [mem 0x0000000001000000-0x0000000007fdcfff]
[    0.064100]   Normal   empty
[    0.064119] Movable zone start for each node
[    0.064154] Early memory node ranges
[    0.064183]   node   0: [mem 0x0064325]   node   0: [mem 0x0000000000100000-0x0000000007fdcfff]
[    0.064546] Initmem setup node 0 [mem 0x0000000000001000-0x0000000007fdcfff]
[    0.065654] On node 0, zone DMA: 1 pages in unavailable ranges
[    0.066099] On node 0, zone DMA: 97 pages in unavailable ranges
[    0.ailable ranges
[    0.068018] ACPI: PM-Timer IO Port: 0x608
[    0.068458] ACPI: LAPIC_NMI (acpi_id[0xff] dfl dfl lint[0x1])
[    0.068892] IOAPIC[0]: apic_id 0, version 32, address 0xfec00000, GSI 0-23
[    0.069009] ACPI: INT_SRC_OVR (bus 0 bus_irq 0 global_irq 2 dfl dfl)
[    lobal_irq 5 high level)
[    0.069319] ACPI: INT_SRC_OVR (bus 0 bus_irq 9 global_irq 9 high level)
[    0.069412] ACPI: INT_SRC_OVR (bus 0 bus_irq 10 global_irq 10 high level)
[    0.069420] ACPI: INT_SRC_OVR (bus 0 bus_irq 11 global_irq 11 high level)
[    0.069605] ACPI: Using ACPI  0.069649] ACPI: HPET id: 0x8086a201 base: 0xfed00000
[    0.070027] CPU topo: Max. logical packages:   1
[    0.070039] CPU topo: Max. logical dies:       1
[    0.070049] CPU topo: Max. dies per package:   1
[    0.070103] CPU topo: Max. threads per core:   1
[    0.070253] CPU70269] CPU topo: Num. threads per package:   1
[    0.070277] CPU topo: Allowing 1 present CPUs plus 0 hotplug CPUs
[    0.071093] [mem 0x08000000-0xfffbffff] available for PCI devices
[    0.071152] Booting paravirtualized kernel on bare hardware
[    0.071463] clocksource: refined-jifax_idle_ns: 19112604462750000 ns
[    0.071974] setup_percpu: NR_CPUS:512 nr_cpumask_bits:1 nr_cpu_ids:1 nr_node_ids:1
[    0.073626] percpu: Embedded 46 pages/cpu s150552 r8192 d29672 u2097152
[    0.075486] Kernel command line: BOOT_IMAGE=/boot/vmlinuz root=PARTUUID=f956390c-02 rootwai
[    0.077166] random: crng init done
[    0.077248] printk: log buffer data + meta data: 131072 + 458752 = 589824 bytes
[    0.077483] Dentry cache hash table entries: 16384 (order: 5, 131072 bytes, linear)
[    0.077582] Inode-cache hash table entries: 8192 (order: 4, 65536 by, mobility grouping on.  Total pages: 32635
[    0.080154] mem auto-init: stack:off, heap alloc:off, heap free:off
[    0.089575] SLUB: HWalign=64, Order=0-3, MinObjects=0, CPUs=1, Nodes=1
[    0.098182] rcu: Hierarchical RCU implementation.
[    0.098213] rcu: 	RCU restricting CPU8359] 	Tracing variant of Tasks RCU enabled.
[    0.098449] rcu: RCU calculated value of scheduler-enlistment delay is 10 jiffies.
[    0.098480] rcu: Adjusting geometry for rcu_fanout_leaf=16, nr_cpu_ids=1
[    0.099636] RCU Tasks Trace: Setting shift to 0 and lim to 1 rcu_tas18] NR_IRQS: 33024, nr_irqs: 256, preallocated irqs: 16
[    0.109435] rcu: srcu_init: Setting srcu_struct sizes based on contention.
[    0.116718] Console: colour VGA+ 80x25
[    0.117169] printk: legacy console [tty1] enabled
[    0.125332] printk: legacy console [ttyS0] enabled
[
[    0.348731] clocksource: hpet: mask: 0xffffffff max_cycles: 0xffffffff, max_idle_ns: 19112604467 ns
[    0.353419] APIC: Switch to symmetric I/O mode setup
[    0.357785] ..TIMER: vector=0x30 apic1=0 pin1=2 apic2=-1 pin2=-1
[    0.400709] clocksource: tsc-early: mask: 0xffffffffffffffff max_cycles: 0x256c2547f73, max_idle_ns: 440795222840 ns
[    0.401443] Calibrating delay loop (skipped), value calculated using timer frequency.. 5192.36 BogoMIPS (lpj=25961820)
[    0.403353] x86/cpu: User Mode I (UMIP) activated
[    0.417854] Last level iTLB entries: 4KB 0, 2MB 0, 4MB 0
[    0.418206] Last level dTLB entries: 4KB 0, 2MB 0, 4MB 0, 1GB 0
[    0.421701] mitigations: Enabled attack vectors: user_kernel, user_user, guest_host, guest_guest, SMT mitigations: auto
[    0.422939] Speculative Store Bypass: Vulnerable
[    0.423610] Spectre V2 : Mitigation: Retpolines
[    0.424006] Spectre V1 : Mitigation: usercopy/swapgs barriers and __user pointer sanitization
[    0.424455] Spectre V2 : Spectre v2 / SpectreRSB: Filling RSB on context 
[    0.433000] x86/fpu: Supporting XSAVE feature 0x001: 'x87 floating point registers'
[    0.437534] x86/fpu: Supporting XSAVE feature 0x002: 'SSE registers'
[    0.437809] x86/fpu: Supporting XSAVE feature 0x004: 'AVX registers'
[    0.438047] x86/fpu: Supporting XSAVE feat
[    0.441450] x86/fpu: Supporting XSAVE feature 0x010: 'MPX CSR'
[    0.441994] x86/fpu: xstate_offset[2]:  576, xstate_sizes[2]:  256
[    0.442324] x86/fpu: xstate_offset[3]:  960, xstate_sizes[3]:   64
[    0.442561] x86/fpu: xstate_offset[4]: 1024, xstate_sizes[4]:   64eatures 0x1f, context size is 1088 bytes, using 'standard' format.
[    0.782919] Freeing SMP alternatives memory: 48K
[    0.784347] pid_max: default: 32768 minimum: 301
[    0.794964] Mount-cache hash table entries: 512 (order: 0, 4096 bytes, linear)
[    0.795361] Mountpoint-cache hash table entries: 512 (order: 0, 4096 bytes, linear)
[    0.947082] smpboot: CPU0: AMD QEMU TCG CPU version 2.5+ (family: 0x6, model: 0x6, stepping: 0x3)
[    0.952351] Performance Events: PMU not available due to virtualization, using software events only.
[    0.953879] signal: max sigframe size: 1616
[    0.955598] rcu: Hierarchical SRCU implementation.
[    0.955850] rcu: 	Max phase no-delay instances is 1000.
[    0.9608ringing up secondary CPUs ...
[    0.962993] smp: Brought up 1 node, 1 CPU
[    0.963245] smpboot: Total of 1 processors activated (5192.36 BogoMIPS)
[    0.973326] Memory: 96076K/130540K available (14379K kernel code, 1184K rwdata, 5764K rodata, 2676K init, 2148K bss, 32776K reserve 0K cma-reserved)
[    0.986967] clocksource: jiffies: mask: 0xffffffff max_cycles: 0xffffffff, max_idle_ns: 19112604462750000 ns
[    0.987870] posixtimers hash table entries: 512 (order: 1, 8192 bytes, linear)
[    0.988385] futex hash table entries: 256 (16384 bytes on 1 NUMA nodes, total 16pinctrl core: initialized pinctrl subsystem
[    1.014790] NET: Registered PF_NETLINK/PF_ROUTE protocol family
[    1.023308] thermal_sys: Registered thermal governor 'step_wise'
[    1.023351] thermal_sys: Registered thermal governor 'user_space'
[    1.024374] cpuidle: using governor ladder
[    1.024897] cpuidle: using governor menu
[    1.026685] acpiphp: ACPI Hot Plug PCI Controller Driver version: 0.5
[    1.029649] PCI: Using configuration type 1 for base access
[    1.035604] HugeTLB: registered 2.00 MiB page size, pre-allocated 0 pages
[    1.035920] HugeTLB: 28 KiB vmemmap can be freed for a 2.00 page
[    1.051701] ACPI: Added _OSI(Module Device)
[    1.051972] ACPI: Added _OSI(Processor Device)
[    1.052145] ACPI: Added _OSI(Processor Aggregator Device)
[    1.066164] ACPI: 1 ACPI AML tables successfully acquired and loaded
[    1.083037] ACPI: Interpreter enabled
[    1.083925] ACPI: PM: (supports S0 S5)
[    1.084164] ACPI: Using IOAPIC for interrupt routing
[    1.084795] PCI: Using host bridge windows from ACPI; if necessary, use "pci=nocrs" and report a bug
[    1.085198] PCI: Using E820 r
[    1.093413] ACPI: Enabled 2 GPEs in block 00 to 0F
[    1.123701] ACPI: PCI Root Bridge [PCI0] (domain 0000 [bus 00-ff])
[    1.124696] acpi PNP0A03:00: _OSC: OS supports [ASPM ClockPM Segments MSI HPX-Type3]
[    1.125165] acpi PNP0A03:00: _OSC: not requesting OS control; OS requires [ExtendedConfig ASPM ClockPM MSI]
[    1.add MMCONFIG information, can't access extended configuration space under this bridge
[    1.135898] acpiphp: Slot [3] registered
[    1.136238] acpiphp: Slot [4] registered
[    1.136490] acpiphp: Slot [5] registered
[    1.136721] acpiphp: Slot [6] registered
[    1.136961] acped
[    1.141670] acpiphp: Slot [8] registered
[    1.142086] acpiphp: Slot [9] registered
[    1.142343] acpiphp: Slot [10] registered
[    1.142582] acpiphp: Slot [11] registered
[    1.142807] acpiphp: Slot [12] registered
[    1.143064] acpiphp: Slot [13] registered
[ 
[    1.151636] acpiphp: Slot [15] registered
[    1.152105] acpiphp: Slot [16] registered
[    1.152412] acpiphp: Slot [17] registered
[    1.152640] acpiphp: Slot [18] registered
[    1.152888] acpiphp: Slot [19] registered
[    1.153121] acpiphp: Slot [20] registered
[  
[    1.161670] acpiphp: Slot [22] registered
[    1.162043] acpiphp: Slot [23] registered
[    1.162336] acpiphp: Slot [24] registered
[    1.162592] acpiphp: Slot [25] registered
[    1.162822] acpiphp: Slot [26] registered
[    1.163052] acpiphp: Slot [27] registered
[  
[    1.171675] acpiphp: Slot [29] registered
[    1.172072] acpiphp: Slot [30] registered
[    1.172399] acpiphp: Slot [31] registered
[    1.172850] PCI host bridge to bus 0000:00
[    1.173297] pci_bus 0000:00: root bus resource [io  0x0000-0x0cf7 window]
[    1.181427] p0d00-0xffff window]
[    1.190337] pci_bus 0000:00: root bus resource [mem 0x000a0000-0x000bffff window]
[    1.190833] pci_bus 0000:00: root bus resource [mem 0x08000000-0xfebfffff window]
[    1.191425] pci_bus 0000:00: root bus resource [mem 0x100000000-0x17fffffff window]
[    1.1s 00-ff]
[    1.202921] pci 0000:00:00.0: [8086:1237] type 00 class 0x060000 conventional PCI endpoint
[    1.207242] pci 0000:00:01.0: [8086:7000] type 00 class 0x060100 conventional PCI endpoint
[    1.208137] pci 0000:00:01.1: [8086:7010] type 00 class 0x010180 conventional PCI endp10] pci 0000:00:01.1: BAR 4 [io  0xc0e0-0xc0ef]
[    1.211563] pci 0000:00:01.1: BAR 0 [io  0x01f0-0x01f7]: legacy IDE quirk
[    1.211955] pci 0000:00:01.1: BAR 1 [io  0x03f6]: legacy IDE quirk
[    1.212220] pci 0000:00:01.1: BAR 2 [io  0x0170-0x0177]: legacy IDE quirk
[    1.212485] pci 0E quirk
[    1.222657] pci 0000:00:01.3: [8086:7113] type 00 class 0x068000 conventional PCI endpoint
[    1.223756] pci 0000:00:01.3: quirk: [io  0x0600-0x063f] claimed by PIIX4 ACPI
[    1.224286] pci 0000:00:01.3: quirk: [io  0x0700-0x070f] claimed by PIIX4 SMB
[    1.225532] pci] type 00 class 0x030000 conventional PCI endpoint
[    1.233178] pci 0000:00:02.0: BAR 0 [mem 0xfd000000-0xfdffffff pref]
[    1.233743] pci 0000:00:02.0: BAR 2 [mem 0xfeb90000-0xfeb90fff]
[    1.234133] pci 0000:00:02.0: ROM [mem 0xfeb80000-0xfeb8ffff pref]
[    1.234913] pcice with shadowed ROM at [mem 0x000c0000-0x000dffff]
[    1.242863] pci 0000:00:03.0: [1af4:1000] type 00 class 0x020000 conventional PCI endpoint
[    1.244902] pci 0000:00:03.0: BAR 0 [io  0xc080-0xc09f]
[    1.245223] pci 0000:00:03.0: BAR 4 [mem 0xfe000000-0xfe003fff 64bit pref]0:03.0: ROM [mem 0xfea80000-0xfeafffff pref]
[    1.264490] pci 0000:00:04.0: [1af4:1005] type 00 class 0x00ff00 conventional PCI endpoint
[    1.265766] pci 0000:00:04.0: BAR 0 [io  0xc0a0-0xc0bf]
[    1.266022] pci 0000:00:04.0: BAR 1 [mem 0xfeb91000-0xfeb91fff]
[    1.266263] pci 00: BAR 4 [mem 0xfe004000-0xfe007fff 64bit pref]
[    1.272202] pci 0000:00:05.0: [1af4:1000] type 00 class 0x020000 conventional PCI endpoint
[    1.274031] pci 0000:00:05.0: BAR 0 [io  0xc0c0-0xc0df]
[    1.274288] pci 0000:00:05.0: BAR 1 [mem 0xfeb92000-0xfeb92fff]
[    1.274AR 4 [mem 0xfe008000-0xfe00bfff 64bit pref]
[    1.280168] pci 0000:00:05.0: ROM [mem 0xfeb00000-0xfeb7ffff pref]
[    1.283630] pci 0000:00:06.0: [1af4:1001] type 00 class 0x010000 conventional PCI endpoint
[    1.286105] pci 0000:00:06.0: BAR 0 [io  0xc000-0xc07f]
[    1.:06.0: BAR 1 [mem 0xfeb93000-0xfeb93fff]
[    1.290622] pci 0000:00:06.0: BAR 4 [mem 0xfe00c000-0xfe00ffff 64bit pref]
[    1.298059] ACPI: PCI: Interrupt link LNKA configured for IRQ 10
[    1.298881] ACPI: PCI: Interrupt link LNKB configured for IRQ 10
[    1.299470] ACPI: PCI: Interrupt KC configured for IRQ 11
[    1.301987] ACPI: PCI: Interrupt link LNKD configured for IRQ 11
[    1.302476] ACPI: PCI: Interrupt link LNKS configured for IRQ 9
[    1.305486] iommu: Default domain type: Translated
[    1.305720] iommu: DMA domain TLB invalidation policy: lazy mode
[    1.3system initialized
[    1.312598] ACPI: bus type USB registered
[    1.313226] usbcore: registered new interface driver usbfs
[    1.313687] usbcore: registered new interface driver hub
[    1.314029] usbcore: registered new device driver usb
[    1.314537] pps_core: LinuxPPS API ver. 1 regSoftware ver. 5.3.6 - Copyright 2005-2007 Rodolfo Giometti <giometti@linux.it>
[    1.321655] PTP clock support registered
[    1.333374] PCI: Using ACPI for IRQ routing
[    1.335955] hpet0: at MMIO 0xfed00000, IRQs 2, 8, 0
[    1.336279] hpet0: 3 comparators, 64-bit 100.000000 MHz counter
[    1.340920] clocksource: Switched to clocksource tsc-early
[    1.340920] pnp: PnP ACPI init
[    1.340920] pnp: PnP ACPI: found 6 devices
[    1.352796] clocksource: acpi_pm: mask: 0xffffff max_cycles: 0xffffff, max_idle_ns: 2085701024 ns
[    1.354143] NET: Registered PF_INET protocol family
[    1.355380] IP idents hash table entries: 2048 (order: 2, 16384 bytes, linear)
[    1.360929] tcp_listen_portaddr_hasble entries: 256 (order: 0, 4096 bytes, linear)
[    1.363644] Table-perturb hash table entries: 65536 (order: 6, 262144 bytes, linear)
[    1.364157] TCP established hash table entries: 1024 (order: 1, 8192 bytes, linear)
[    1.364594] TCP bind hash table entries: 1024 (order: 3, 32768 tables configured (established 1024 bind 1024)
[    1.376182] MPTCP token hash table entries: 256 (order: 1, 6144 bytes, linear)
[    1.376726] UDP hash table entries: 256 (order: 2, 16384 bytes, linear)
[    1.377195] UDP-Lite hash table entries: 256 (order: 2, 16384 bytes, linear)
[    1_UNIX/PF_LOCAL protocol family
[    1.386391] pci_bus 0000:00: resource 4 [io  0x0000-0x0cf7 window]
[    1.386651] pci_bus 0000:00: resource 5 [io  0x0d00-0xffff window]
[    1.386886] pci_bus 0000:00: resource 6 [mem 0x000a0000-0x000bffff window]
[    1.387137] pci_bus 0000:00: resourc
[    1.396134] pci_bus 0000:00: resource 8 [mem 0x100000000-0x17fffffff window]
[    1.396975] pci 0000:00:01.0: PIIX3: Enabling Passive Release
[    1.397285] pci 0000:00:00.0: Limiting direct PCI/PCI transfers
[    1.397616] PCI: CLS 0 bytes, default 64
[    1.419904] workingset: timestamp_bits=46 max_order=15 bucket_order=0
[    1.422772] squashfs: version 4.0 (2009/01/31) Phillip Lougher
[    1.428681] cryptd: max_cpu_qlen set to 1000
[    1.429179] Block layer SCSI generic (bsg) driver version 0.4 loaded (major 247)
[    1.432359] hyperv_fb: Deprecated: use Hyper-V DRM driver instead
[    1.432670] hv_vmbus: registering driver hyperv_fb
[    1.435880] input: Power Button as /devices/LNXSYSTM:00/LNXPWRBN:00/input/input0
[    1.443270] ACPI: button: Power Button [PWRF]
[    1.588480] ACPI: \_SB_.LNKC: Enabled at IRQ 11
[    1.729736] ACPI: \_SB_.LNKD: Enabled at IRQ 10
[    1.867783] ACPI: \_SB_.LNKA: Enabled at IRQ 10
[    2.006756] ACPI: \_SB_.LNKB: Enabled at IRQ 11
[    2.009558] Serial: 8250/16550 driver, 16 ports, IRQ sharing enabled
[    2.035101] 00:04: ttyS0 at I/O 0x3f8 (irq = 4, base_baud = 115200) is a 16550A
[    2.053486] Non-volatile memory driver v1.3
[    2.064723] Linux agpgart interface v0.103
[    2.065756] ACPI: bus type drm_connector registered
[    2.069925] [drm] Found bochs VGA, ID 0xb0c5.
[    2.070154] [drm] Framebuffer size 16384 kB @ 0xfd000000, mmio @ 0xfeb90000.
[    2.076217] [drm] Initialized bochs-drm 1.0.0 for 0000:00:02.0 on minor 0
[    2.138873] Console: switching to colour frame buffer device 160x50
[    2.150747] bochs-drm 0000:00:02.0: [drm] fb0: bochs-drmdrmfb frame buffer device
[    2.181057] loop: module loaded
[    2.182020] virtio_blk virtio3: 1/0/0 default/read/poll queues
[    2.186530] virtio_blk virtio3: [vda] 246784 512-byte logical blocks (126 MB/121 MiB)
[    2.195445]  vda: vda1 vda2
[    2.197563] Guest personality initialized and is inactive
[    2.198164] VMCI host device registered (name=vmci, major=10, minor=256)
[    2.198422] Initialized host personality
[    2.198734] usbcore: registered new interface driver rtsx_usSCSI driver - version 1.0.7.0-k
[    2.206261] hv_vmbus: registering driver hv_storvsc
[    2.220395] scsi host0: ata_piix
[    2.223527] scsi host1: ata_piix
[    2.224567] ata1: PATA max MWDMA2 cmd 0x1f0 ctl 0x3f6 bmdma 0xc0e0 irq 14 lpm-pol 0
[    2.224911] ata2: PATA max MWDMA2 cmd 0x170 ctl 0x376 bmdma 0xc0e8 irq 15 lpm-pol 0
[    2.239801] VMware vmxnet3 virtual NIC driver - version 1.9.0.0-k-NAPI
[    2.240461] hv_vmbus: registering driver hv_netvsc
[    2.240857] Fusion MPT base driver 3.04.20
[    2.241014] Copyright (c) 1999-2008 LSI Corporation
[    2.241389] Fusion MPT SPI Host driver 3.04t driver 3.04.20
[    2.252633] usbcore: registered new interface driver usb-storage
[    2.253941] i8042: PNP: PS/2 Controller [PNP0303:KBD,PNP0f13:MOU] at 0x60,0x64 irq 1,12
[    2.257413] serio: i8042 KBD port at 0x60,0x64 irq 1
[    2.257816] serio: i8042 AUX port at 0x60
[    2.263769] hv_vmbus: registering driver hyperv_keyboard
[    2.265679] rtc_cmos 00:05: RTC can wake from S4
[    2.270146] rtc_cmos 00:05: registered as rtc0
[    2.272206] rtc_cmos 00:05: setting system clock to 2026-04-29T02:13:50 UTC (1777428830)
[    2.274131] rtc_cmos 00:05: alarms up to one day, y3k, 242 bytes nvram, hpet irqs
[    2.276481] intel_powerclamp: CPU does not support MWAIT
[    2.278123] amd_pstate: the _CPC object is not present in SBIOS or ACPI disabled
[    2.279817] sdhci: Secure Digital Host Contr
[    2.286672] sdhci: Copyright(c) Pierre Ossman
[    2.288420] VUB300 Driver rom wait states = 1C irqpoll timeout = 0400
[    2.295066] input: AT Translated Set 2 keyboard as /devices/platform/i8042/serio0/input/input1
[    2.309142] usbcore: registered new interface driver vub300
[    2.310817] usbcore: registered new interface driver ushc
[    2.318498] hid: raw HID events driver (C) Jiri Kosina
[    2.320658] hv_vmbus: registering driver hid_hyperv
[    2.323062] usbcore: registered new interface driver usbhid
[    2.324509] usbhid: USB HID core driver
[    2.326017] hv_utils: Registering HyperV Utility Driver
[    2.327399] hv_vmbus: registering driver hv_utils
[66] hv_vmbus: registering driver hv_balloon
[    2.334570] NET: Registered PF_INET6 protocol family
[    2.349497] Segment Routing with IPv6
[    2.351132] In-situ OAM (IOAM) with IPv6
[    2.353152] NET: Registered PF_PACKET protocol family
[    2.355141] bridge: filtering via arp/ip/ip6tables is no longer available by default. Update your scripts to load br_netfilter if y
[    2.364092] 8021q: 802.1Q VLAN Support v1.8
[    2.366198] NET: Registered PF_VSOCK protocol family
[    2.374244] IPI shorthand broadcast: enabled
[    2.390027] sched_clock: Marking stable (2150085615, 231326591)->(2465244476, -83832270)
[    2.408892] ata2: found unknown device (class 0)
[    2.425745] tsc: Refined TSC clocksource calibration: 2596.178 MHz
[    2.427793] clocksource: tsc: mask: 0xffffffffffffffff max_cycles: 0x256c21852a4, max_idle_ns: 440795236649 ns
[    2.447322] clocksource: Switched to clocksource tsc
[    2.467857] ata2.00: ATAPI: QEMU DVD-ROM, 2.5+, max UDMA/100
[    2.484328] scsi 1:0:0:0: CD-ROM            QEMU     QEMU DVD-ROM     2.5+ PQ: 0 ANSI: 5
[    2.495647] clk: Disabling unused clocks
[    2.507966] check access for rdinit=/init failed: -2, ignoring
[    2.543482] sr 1:0:0:0: [sr0] scsi3-mmc drive: 4x/4x cd/rw xa/form2 tray
[    2.545467] cdrom: Uniform CD-ROM driver Revision: 3.20
[    2.585357] VFS: Mounted root (squashfs filesystem) readonly on device 254:2.
[    2.665305] Freeing unused kernel image (initmem) memory: 2676K
[    2.667395] Write protecting the kernel read-only data: 22528k
[    2.672414] Freeing unused kernel image (text/rodata gap) memory: 2004K
[    2.674772] Freeing unused kernel image (rodata/data gap) memory: 380K
[    2.678081] Run /sbin/init as init process
[    2.990872] init: Console is alive
[    3.946851] kmodloader: loading kernel modules from /etc/modules-boot.d/*
[    4.037952] button_hotplug: loading out-of-tree module taints kernel.
[    4.044371] Button Hotplug driver version 0.4.1
[    4.067537] Intel(R) 2.5G Ethernet Linux Driver
[    4.069382] Copyright(c) 2018 Intel Corporation.
[    4.087245] igb: Intel(R) Gigabit Ethernet Network Driver
[    4.089205] igb: Copyright (c) 2007-2014 Intel Corporation.
[    4.108416] e1000e: Intel(R) PRO/1000 Network Driver
[    4.110266] e1000e: Copyright(c) 1999 - 2015 Intel Corporation.
[    4.126118] kmodloader: done loading kernel modules from /etc/modules-boot.d/*
[    4.138553] init: - preinit -
[    5.106888] 8021q: adding VLAN 0 to HW filter on device eth0
Press the [f] key and hit [enter] to enter failsafe mode
Press the [1], [2], [3] or [4] key and hit [enter] to select the debug level
[    9.776588] loop0: detected capacity change from 0 to 212992
[    9.812099] loop0: detected capacity change from 212992 to 200704
[    9.825541] mount_root: overlay filesystem in /dev/loop0 has not been formatted yet
[   10.165119] EXT4-fs (loop0): mounted filesystem d250fe33-0d42-4e7c-99dc-6e842f873b00 r/w with ordered data mode. Quota mode: disabled.
[   10.178341] mount_root: overlay filesystem has not been fully initialized yet
[   10.196359] mount_root: switching to ext4 overlay
[   10.218097] overlayfs: null uuid detected in lower fs '/', falling back to xino=off,index=off,nfs_export=off.
[   10.908179] EXT4-fs (vda1): mounted filesystem 84173db5-fa99-e35a-95c6-28613cc79ea9 r/w without journal. Quota mode: disabled.
[   10.933164] urandom-seed: Seed file not found (/etc/urandom.seed)
[   11.084756] procd: - early -
[   11.807619] procd: - ubus -
[   11.916556] procd: - init -
Please press Enter to activate this console.
root
login[1044]: root login on 'ttyS0'


BusyBox v1.37.0 (2026-01-02 17:07:02 UTC) built-in shell (ash)

  _______                     ________        __
 |       |.-----.-----.-----.|  |  |  |.----.|  |_
 |   -   ||  _  |  -__|     ||  |  |  ||   _||   _|
 |_______||   __|_____|__|__||________||__|  |____|
          |__| W I R E L E S S   F R E E D O M
 -----------------------------------------------------
 OpenWrt SNAPSHOT, r34210-1b9922d5e8
 -----------------------------------------------------

 === WARNING! =====================================
 There is no root password defined on this device!
 Use the "passwd" command to set up a new password
 in order to prevent unauthorized SSH logins.
 --------------------------------------------------

root@(none):~# dmesg -n 1
root@(none):~# echo 'VAMS''VTLKEE'
VAMSVTLKEE
root@(none):~# run() { echo -n "$MARKER"; sh -c "$@"; echo "$MARKER $?"; }
root@(none):~# echo 'LGTZ''ZXSHXQ'
LGTZZXSHXQ
root@(none):~# MARKER='PAFS''OEBLGJ' run 'ubus wait_for network.interface.lan'
PAFSOEBLGJPAFSOEBLGJ 0
root@OpenWrt:~# echo 'FXEG''SYOWMS'
FXEGSYOWMS
root@OpenWrt:~# MARKER='THFY''CUHCKK' run 'ubus call network.interface.lan statu
s '"'"'{}'"'"''
THFYCUHCKK{
	"up": true,
	"pending": false,
	"available": true,
	"autostart": true,
	"dynamic": false,
	"uptime": 0,
	"l3_device": "br-lan",
	"proto": "static",
	"device": "br-lan",
	"updated": [
		"addresses"
	],
	"metric": 0,
	"dns_metric": 0,
	"delegation": true,
	"ipv4-address": [
		{
			"address": "192.168.1.1",
			"mask": 24
		}
	],
	"ipv6-address": [
		
	],
	"ipv6-prefix": [
		
	],
	"ipv6-prefix-assignment": [
		{
			"address": "fd23:d83a:34a8::",
			"mask": 60,
			"local-address": {
				"address": "fd23:d83a:34a8::1",
				"mask": 60
			}
		}
	],
	"route": [
		
	],
	"dns-server": [
		
	],
	"dns-search": [
		
	],
	"neighbors": [
		
	],
	"inactive": {
		"ipv4-address": [
			
		],
		"ipv6-address": [
			
		],
		"route": [
			
		],
		"dns-server": [
			
		],
		"dns-search": [
			
		],
		"neighbors": [
			
		]
	},
	"data": {
		
	}
}
THFYCUHCKK 0
root@OpenWrt:~# echo 'EJBH''HOYJPH'
EJBHHOYJPH
root@OpenWrt:~# MARKER='HKJF''BTYTVZ' run true
HKJFBTYTVZHKJFBTYTVZ 0
root@OpenWrt:~# echo 'NUYP''ZONMEK'
NUYPZONMEK
root@OpenWrt:~# MARKER='YJAX''SWONNZ' run 'source /etc/os-release; echo $BUILD_I
D'
YJAXSWONNZr34210-1b9922d5e8
YJAXSWONNZ 0
root@OpenWrt:~# echo 'WKZK''YOHOXP'
WKZKYOHOXP
root@OpenWrt:~# MARKER='YKHT''LBWPLQ' run 'ls /etc/dropbear/dropbear_rsa_host_ke
y'
YKHTLBWPLQ[0;0m/etc/dropbear/dropbear_rsa_host_key[m
YKHTLBWPLQ 0
root@OpenWrt:~# echo 'UMNL''XJJTZE'
UMNLXJJTZE
root@OpenWrt:~# MARKER='QCKQ''FMQSJW' run 'netstat -tlpn | grep 0.0.0.0:22'
QCKQFMQSJWtcp        0      0 0.0.0.0:22              0.0.0.0:*               LISTEN      1731/dropbear
QCKQFMQSJW 0
root@OpenWrt:~# echo 'CBFF''PVSGOU'
CBFFPVSGOU
root@OpenWrt:~# MARKER='THTW''QTFEBW' run 'dmesg | grep br-lan | grep forwarding
'
THTWQTFEBW[   30.982411] br-lan: port 1(eth0) entered forwarding state
THTWQTFEBW 0
root@OpenWrt:~# echo 'QJFZ''UXSQNJ'
QJFZUXSQNJ
root@OpenWrt:~# MARKER='YGWM''AQKYKB' run 'ubus call network.interface.lan statu
s '"'"'{}'"'"''
YGWMAQKYKB{
	"up": true,
	"pending": false,
	"available": true,
	"autostart": true,
	"dynamic": false,
	"uptime": 25,
	"l3_device": "br-lan",
	"proto": "static",
	"device": "br-lan",
	"updated": [
		"addresses"
	],
	"metric": 0,
	"dns_metric": 0,
	"delegation": true,
	"ipv4-address": [
		{
			"address": "192.168.1.1",
			"mask": 24
		}
	],
	"ipv6-address": [
		
	],
	"ipv6-prefix": [
		
	],
	"ipv6-prefix-assignment": [
		{
			"address": "fd23:d83a:34a8::",
			"mask": 60,
			"local-address": {
				"address": "fd23:d83a:34a8::1",
				"mask": 60
			}
		}
	],
	"route": [
		
	],
	"dns-server": [
		
	],
	"dns-search": [
		
	],
	"neighbors": [
		
	],
	"inactive": {
		"ipv4-address": [
			
		],
		"ipv6-address": [
			
		],
		"route": [
			
		],
		"dns-server": [
			
		],
		"dns-search": [
			
		],
		"neighbors": [
			
		]
	},
	"data": {
		
	}
}
YGWMAQKYKB 0
root@OpenWrt:~# echo 'FXHZ''PYVEBX'
FXHZPYVEBX
root@OpenWrt:~# MARKER='SOGP''ZPPZGM' run 'ip -o addr show dev br-lan'
SOGPZPPZGM4: br-lan    inet 192.168.1.1/24 brd 192.168.1.255 scope global br-lan\       valid_lft forever preferred_lft forever
4: br-lan    inet6 fd23:d83a:34a8::1/60 scope global noprefixroute \       valid_lft forever preferred_lft forever
4: br-lan    inet6 fe80::5054:ff:fe12:3456/64 scope link \       valid_lft forever preferred_lft forever
SOGPZPPZGM 0
root@OpenWrt:~# echo 'UZPK''AHVBBV'
UZPKAHVBBV
root@OpenWrt:~# MARKER='WJCF''XVKVBH' run 'ubus call network.interface.wan statu
s '"'"'{}'"'"''
WJCFXVKVBH{
	"up": true,
	"pending": false,
	"available": true,
	"autostart": true,
	"dynamic": false,
	"uptime": 22,
	"l3_device": "eth1",
	"proto": "dhcp",
	"device": "eth1",
	"updated": [
		"addresses",
		"routes",
		"data"
	],
	"metric": 0,
	"dns_metric": 0,
	"delegation": true,
	"ipv4-address": [
		{
			"address": "10.0.2.15",
			"mask": 24
		}
	],
	"ipv6-address": [
		
	],
	"ipv6-prefix": [
		
	],
	"ipv6-prefix-assignment": [
		
	],
	"route": [
		{
			"target": "0.0.0.0",
			"mask": 0,
			"nexthop": "10.0.2.2",
			"source": "10.0.2.15/32"
		}
	],
	"dns-server": [
		"10.0.2.3"
	],
	"dns-search": [
		
	],
	"neighbors": [
		
	],
	"inactive": {
		"ipv4-address": [
			
		],
		"ipv6-address": [
			
		],
		"route": [
			
		],
		"dns-server": [
			
		],
		"dns-search": [
			
		],
		"neighbors": [
			
		]
	},
	"data": {
		"dhcpserver": "10.0.2.2",
		"leasetime": 86400
	}
}
WJCFXVKVBH 0
root@OpenWrt:~# 