Labgrid Console Logfile for main
Logfile started at 2026-03-29 03:33:50.801179
=== Log starts here ===
c[?7l[2J[0mSeaBIOS (version 1.16.3-debian-1.16.3-2)


iPXE (https://ipxe.org) 00:03.0 CA00 PCI2.10 PnP PMM+06FCAE70+06F0AE70 CA00
Press Ctrl-B to configure iPXE (PCI 00:03.0)...                                                                               




iPXE (https://ipxe.org) 00:05.0 CB00 PCI2.10 PnP PMM 06FCAE70 06F0AE70 CB00
Press Ctrl-B to configure iPXE (PCI 00:05.0)...                                                                               


Booting from Hard Disk...
GRUB loading.....
[0;30;47mWelcome to GRUB![01;01H[0m[2J[H[J[1;1H[?25l[m[H[J[1;1H[2;30HGNU GRUB  version 2.12

[m[4;2H+----------------------------------------------------------------------------+[5;2H|[5;79H|[6;2H|[6;79H|[7;2H|[7;79H|[8;2H|[8;79H|[9;2H|[9;79H|[10;2H|[10;79H|[11;2H|[11;79H|[12;2H|[12;79H|[13;2H|[13;79H|[14;2H|[14;79H|[15;2H|[15;79H|[16;2H+----------------------------------------------------------------------------+[m[17;2H[18;2H[m     Use the ^ and v keys to select which entry is highlighted.          
      Press enter to boot the selected OS, `e' to edit the commands       
      before booting or `c' for a command-line. ESC to return             
      previous menu.                                                      [5;80H [7m[5;3H*OpenWrt                                                                    [m[5;78H[m[m[6;3H OpenWrt (failsafe)                                                         [m[6;78H[m[m[7;3H                                                                            [m[7;78H[m[m[8;3H                                                                            [m[8;78H[m[m[9;3H                                                                            [m[9;78H[m[m[10;3H                                                                            [m[10;78H[m[m[11;3H                                                                            [m[11;78H[m[m[12;3H                                                                            [m[12;78H[m[m[13;3H                                                                            [m[13;78H[m[m[14;3H                                                                            [m[14;78H[m[m[15;3H                                                                            [m[15;78H[m[15;80H [5;78H[2J[02;30HGNU GRUB  version 2.12[04;02H┌────────────────────────────────────────────────────────────────────────────┐[05;02H│[05;79H│[06;02H│[06;79H│[07;02H│[07;79H│[08;02H│[08;79H│[09;02H│[09;79H│[10;02H│[10;79H│[11;02H│[11;79H│[12;02H│[12;79H│[13;02H│[13;79H│[14;02H│[14;79H│[15;02H│[15;79H│[16;02H│[16;79H│[17;02H└────────────────────────────────────────────────────────────────────────────┘[19;02H     Use the ↑ and [19;20H[19;21H↓ keys to select which entry is highlighted.          
      Press enter to boot the selected OS, `e' to edit the commands       
      before booting or `c' for a command-line. ESC to return             
      previous menu.                                                      [05;80H [05;03H[0;30;47m*OpenWrt                                    [05;46H[05;47H                                [06;03H[0m OpenWrt (failsafe)                                                         [07;03H                                                      [07;56H[07;57H                      [08;03H                                                                            [09;03H                                                                            [10;03H                                                                            [11;03H                                                                      [11;72H[11;73H      [12;03H                                                                            [13;03H                                                                            [14;03H                                                                            [15;03H                                                                            [16;03H       [16;09H[16;10H                                                                     [16;80H 






   The highlighted entry will be executed automatically in 5s.                [22;1H   The highlighted entry will be executed automatically in 5s.                 [5;78H [05;78H

















   The highlighted entry will be executed automatically in 4s.                [22;1H   The highlighted entry will be executed automatically in 4s.                 [5;78H [05;78H

















   The highlighted entry will be executed automatically in 3s.                [22;1H   The highlighted entry will be executed automatically in 3s.                 [5;78H [05;78H

















   The highlighted entry will be executed automatically in 2s.                [22;1H   The highlighted entry will be executed automatically in 2s.                 [5;78H [05;78H

















   The highlighted entry will be executed automatically in 1s.                [22;1H   The highlighted entry will be executed automatically in 1s.                 [5;78H [05;78H

















   The highlighted entry will be executed automatically in 0s.                [22;1H   The highlighted entry will be executed automatically in 0s.                 [5;78H [01;01H[2J[?25h[H[J[1;1H[H[J[1;1H[2J   Booting `OpenWrt' Booting `OpenWrt

'

[    0.000000] Linux version 6.12.77 (builder@buildhost) (x86_64-openwrt-linux-musl-gcc (OpenWrt GCC 14.3.0 r33661-92c7feebd2) 14.3.0, GNU ld (GNU Binutils) 2.44) #0 SMP Sat Mar 28 17:06:18 2026
[    0.000000] Command line: BOOT_IMAGE=/boot/vmlinuz root=PARTUUID=bed6c46f-02 rootwait console=tty1 console=ttyS0,115200n8 noinitrd
[    0.000000] BIOS-provided physical RAM map:
[    0.000000] BIOS-e820: [mem 0x0000000000000000-0x000000000009fbff] usable
[    0.000000] BIOS-e820: [mem 0x000000000009fc00-0x000000000009ffff] reserved
[    0.000000] BIOS-e820: [mem 0x00000000000f0000-0x00000000000fffff] reserved
[    0.000000] BIOS-e820: [mem 0x0000000000100000-0x0000000007fdcfff] usable
[    0.000000] BIOS-e820: [mem 0x0000000007fdd000-0x0000000007ffffff] reserved
[    0.000000] BIOS-e820: [mem 0x00000000fffc0000-0x00000000ffffffff] reserved
[    0.000000] BIOS-e820: [mem 0x000000fd00000000-0x000000ffffffffff] reserved
[    0.000000] NX (Execute Disable) protection: active
[    0.000000] APIC: Static calls initialized
[    0.000000] SMBIOS 3.0.0 present.
[    0.000000] DMI: QEMU Standard PC (i440FX + PIIX, 1996), BIOS 1.16.3-debian-1.16.3-2 04/01/2014
[    0.000000] DMI: Memory slots populated: 1/1
[    0.000000] tsc: Fast TSC calibration using PIT
[    0.000000] tsc: Detected 2445.429 MHz processor
[    0.007488] last_pfn = 0x7fdd max_arch_pfn = 0x400000000
[    0.008132] MTRR map: 4 entries (3 fixed + 1 variable; max 19), built from 8 variable MTRRs
[    0.008298] x86/PAT: Configuration [0-7]: WB  WC  UC- UC  WB  WP  UC- WT  
[    0.026341] found SMP MP-table at [mem 0x000f5460-0x000f546f]
[    0.027746] Using GB pages for direct mapping
[    0.032514] ACPI: Early table checksum verification disabled
[    0.032859] ACPI: RSDP 0x00000000000F5290 000014 (v00 BOCHS )
[    0.033180] ACPI: RSDT 0x0000000007FE1C64 000034 (v01 BOCHS  BXPC     00000001 BXPC 00000001)
[    0.033680] ACPI: FACP 0x0000000007FE1B18 000074 (v01 BOCHS  BXPC     00000001 BXPC 00000001)
[    0.034279] ACPI: DSDT 0x0000000007FE0040 001AD8 (v01 BOCHS  BXPC     00000001 BXPC 00000001)
[    0.034355] ACPI: FACS 0x0000000007FE0000 000040
[    0.034406] ACPI: APIC 0x0000000007FE1B8C 000078 (v03 BOCHS  BXPC     00000001 BXPC 00000001)
[    0.034427] ACPI: HPET 0x0000000007FE1C04 000038 (v01 BOCHS  BXPC     00000001 BXPC 00000001)
[    0.034446] ACPI: WAET 0x0000000007FE1C3C 000028 (v01 BOCHS  BXPC     00000001 BXPC 00000001)
[    0.034522] ACPI: Reserving FACP table memory at [mem 0x7fe1b18-0x7fe1b8b]
[    0.034581] ACPI: Reserving DSDT table memory at [mem 0x7fe0040-0x7fe1b17]
[    0.034589] ACPI: Reserving FACS table memory at [mem 0x7fe0000-0x7fe003f]
[    0.034595] ACPI: Reserving APIC table memory at [mem 0x7fe1b8c-0x7fe1c03]
[    0.034601] ACPI: Reserving HPET table memory at [mem 0x7fe1c04-0x7fe1c3b]
[    0.034607] ACPI: Reserving WAET table memory at [mem 0x7fe1c3c-0x7fe1c63]
[    0.037602] Zone ranges:
[    0.037630]   DMA      [mem 0x0000000000001000-0x0000000000ffffff]
[    0.037711]   DMA32    [mem 0x0000000001000000-0x0000000007fdcfff]
[    0.037722]   Normal   empty
[    0.037741] Movable zone start for each node
[    0.037774] Early memory node ranges
[    0.037802]   node   0: [mem 0x0000000000001000-0x000000000009efff]
[    0.037857]   node   0: [mem 0x0000000000100000-0x0000000007fdcfff]
[    0.037999] Initmem setup node 0 [mem 0x0000000000001000-0x0000000007fdcfff]
[    0.039066] On node 0, zone DMA: 1 pages in unavailable ranges
[    0.039555] On node 0, zone DMA: 97 pages in unavailable ranges
[    0.041738] On node 0, zone DMA32: 35 pages in unavailable ranges
[    0.042100] ACPI: PM-Timer IO Port: 0x608
[    0.042494] ACPI: LAPIC_NMI (acpi_id[0xff] dfl dfl lint[0x1])
[    0.042925] IOAPIC[0]: apic_id 0, version 32, address 0xfec00000, GSI 0-23
[    0.043047] ACPI: INT_SRC_OVR (bus 0 bus_irq 0 global_irq 2 dfl dfl)
[    0.043303] ACPI: INT_SRC_OVR (bus 0 bus_irq 5 global_irq 5 high level)
[    0.043353] ACPI: INT_SRC_OVR (bus 0 bus_irq 9 global_irq 9 high level)
[    0.043452] ACPI: INT_SRC_OVR (bus 0 bus_irq 10 global_irq 10 high level)
[    0.043462] ACPI: INT_SRC_OVR (bus 0 bus_irq 11 global_irq 11 high level)
[    0.043657] ACPI: Using ACPI (MADT) for SMP configuration information
[    0.043702] ACPI: HPET id: 0x8086a201 base: 0xfed00000
[    0.044136] CPU topo: Max. logical packages:   1
[    0.044152] CPU topo: Max. logical dies:       1
[    0.044162] CPU topo: Max. dies per package:   1
[    0.044209] CPU topo: Max. threads per core:   1
[    0.044364] CPU topo: Num. cores per package:     1
[    0.044380] CPU topo: Num. threads per package:   1
[    0.044389] CPU topo: Allowing 1 present CPUs plus 0 hotplug CPUs
[    0.045584] [mem 0x08000000-0xfffbffff] available for PCI devices
[    0.045658] Booting paravirtualized kernel on bare hardware
[    0.045992] clocksource: refined-jiffies: mask: 0xffffffff max_cycles: 0xffffffff, max_idle_ns: 19112604462750000 ns
[    0.046659] setup_percpu: NR_CPUS:512 nr_cpumask_bits:1 nr_cpu_ids:1 nr_node_ids:1
[    0.049154] percpu: Embedded 50 pages/cpu s166808 r8192 d29800 u2097152
[    0.051487] Kernel command line: BOOT_IMAGE=/boot/vmlinuz root=PARTUUID=bed6c46f-02 rootwait console=tty1 console=ttyS0,115200n8 noinitrd
[    0.053231] random: crng init done
[    0.057894] Dentry cache hash table entries: 16384 (order: 5, 131072 bytes, linear)
[    0.058849] Inode-cache hash table entries: 8192 (order: 4, 65536 bytes, linear)
[    0.061508] Built 1 zonelists, mobility grouping on.  Total pages: 32635
[    0.061730] mem auto-init: stack:off, heap alloc:off, heap free:off
[    0.071563] SLUB: HWalign=64, Order=0-3, MinObjects=0, CPUs=1, Nodes=1
[    0.079643] rcu: Hierarchical RCU implementation.
[    0.079672] rcu: 	RCU restricting CPUs from NR_CPUS=512 to nr_cpu_ids=1.
[    0.079820] 	Tracing variant of Tasks RCU enabled.
[    0.079934] rcu: RCU calculated value of scheduler-enlistment delay is 10 jiffies.
[    0.079969] rcu: Adjusting geometry for rcu_fanout_leaf=16, nr_cpu_ids=1
[    0.081116] RCU Tasks Trace: Setting shift to 0 and lim to 1 rcu_task_cb_adjust=1 rcu_task_cpu_ids=1.
[    0.081248] NR_IRQS: 33024, nr_irqs: 256, preallocated irqs: 16
[    0.090503] rcu: srcu_init: Setting srcu_struct sizes based on contention.
[    0.097366] Console: colour VGA+ 80x25
[    0.097786] printk: legacy console [tty1] enabled
[    0.105988] printk: legacy console [ttyS0] enabled
[    0.358474] ACPI: Core revision 20240827
[    0.363712] clocksource: hpet: mask: 0xffffffff max_cycles: 0xffffffff, max_idle_ns: 19112604467 ns
[    0.368421] APIC: Switch to symmetric I/O mode setup
[    0.372987] ..TIMER: vector=0x30 apic1=0 pin1=2 apic2=-1 pin2=-1
[    0.415518] clocksource: tsc-early: mask: 0xffffffffffffffff max_cycles: 0x233fdac2ae5, max_idle_ns: 440795297080 ns
[    0.416179] Calibrating delay loop (skipped), value calculated using timer frequency.. 4890.85 BogoMIPS (lpj=24454290)
[    0.418068] x86/cpu: User Mode Instruction Prevention (UMIP) activated
[    0.433667] Last level iTLB entries: 4KB 0, 2MB 0, 4MB 0
[    0.436296] Last level dTLB entries: 4KB 0, 2MB 0, 4MB 0, 1GB 0
[    0.437378] Spectre V1 : Mitigation: usercopy/swapgs barriers and __user pointer sanitization
[    0.438376] Spectre V2 : Mitigation: Retpolines
[    0.438604] Spectre V2 : Spectre v2 / SpectreRSB: Filling RSB on context switch and VMEXIT
[    0.439058] Speculative Store Bypass: Vulnerable
[    0.448173] x86/fpu: Supporting XSAVE feature 0x001: 'x87 floating point registers'
[    0.452812] x86/fpu: Supporting XSAVE feature 0x002: 'SSE registers'
[    0.453083] x86/fpu: Supporting XSAVE feature 0x004: 'AVX registers'
[    0.453320] x86/fpu: Supporting XSAVE feature 0x008: 'MPX bounds registers'
[    0.457217] x86/fpu: Supporting XSAVE feature 0x010: 'MPX CSR'
[    0.457632] x86/fpu: xstate_offset[2]:  576, xstate_sizes[2]:  256
[    0.457992] x86/fpu: xstate_offset[3]:  960, xstate_sizes[3]:   64
[    0.458238] x86/fpu: xstate_offset[4]: 1024, xstate_sizes[4]:   64
[    0.466242] x86/fpu: Enabled xstate features 0x1f, context size is 1088 bytes, using 'standard' format.
[    0.688677] Freeing SMP alternatives memory: 40K
[    0.689531] pid_max: default: 32768 minimum: 301
[    0.698976] Mount-cache hash table entries: 512 (order: 0, 4096 bytes, linear)
[    0.699352] Mountpoint-cache hash table entries: 512 (order: 0, 4096 bytes, linear)
[    0.851451] smpboot: CPU0: AMD QEMU TCG CPU version 2.5+ (family: 0x6, model: 0x6, stepping: 0x3)
[    0.881521] Performance Events: PMU not available due to virtualization, using software events only.
[    0.882989] signal: max sigframe size: 1616
[    0.884678] rcu: Hierarchical SRCU implementation.
[    0.884928] rcu: 	Max phase no-delay instances is 1000.
[    0.890946] smp: Bringing up secondary CPUs ...
[    0.894379] smp: Brought up 1 node, 1 CPU
[    0.894695] smpboot: Total of 1 processors activated (4890.85 BogoMIPS)
[    0.901994] Memory: 103200K/130540K available (14336K kernel code, 1166K rwdata, 3980K rodata, 1496K init, 1312K bss, 25628K reserved, 0K cma-reserved)
[    0.916199] clocksource: jiffies: mask: 0xffffffff max_cycles: 0xffffffff, max_idle_ns: 19112604462750000 ns
[    0.917133] futex hash table entries: 256 (order: 2, 16384 bytes, linear)
[    0.918415] pinctrl core: initialized pinctrl subsystem
[    0.938190] NET: Registered PF_NETLINK/PF_ROUTE protocol family
[    0.944430] thermal_sys: Registered thermal governor 'step_wise'
[    0.944468] thermal_sys: Registered thermal governor 'user_space'
[    0.945486] cpuidle: using governor ladder
[    0.946159] cpuidle: using governor menu
[    0.950267] acpiphp: ACPI Hot Plug PCI Controller Driver version: 0.5
[    0.952995] PCI: Using configuration type 1 for base access
[    0.962491] cryptd: max_cpu_qlen set to 1000
[    0.968530] ACPI: Added _OSI(Module Device)
[    0.968751] ACPI: Added _OSI(Processor Device)
[    0.968924] ACPI: Added _OSI(Processor Aggregator Device)
[    0.983255] ACPI: 1 ACPI AML tables successfully acquired and loaded
[    1.000062] ACPI: Interpreter enabled
[    1.000855] ACPI: PM: (supports S0 S5)
[    1.001065] ACPI: Using IOAPIC for interrupt routing
[    1.001633] PCI: Using host bridge windows from ACPI; if necessary, use "pci=nocrs" and report a bug
[    1.002021] PCI: Using E820 reservations for host bridge windows
[    1.007866] ACPI: Enabled 2 GPEs in block 00 to 0F
[    1.044293] ACPI: PCI Root Bridge [PCI0] (domain 0000 [bus 00-ff])
[    1.045164] acpi PNP0A03:00: _OSC: OS supports [ASPM ClockPM Segments MSI HPX-Type3]
[    1.045607] acpi PNP0A03:00: _OSC: not requesting OS control; OS requires [ExtendedConfig ASPM ClockPM MSI]
[    1.046623] acpi PNP0A03:00: fail to add MMCONFIG information, can't access extended configuration space under this bridge
[    1.059729] acpiphp: Slot [3] registered
[    1.060055] acpiphp: Slot [4] registered
[    1.060316] acpiphp: Slot [5] registered
[    1.060563] acpiphp: Slot [6] registered
[    1.066153] acpiphp: Slot [7] registered
[    1.067899] acpiphp: Slot [8] registered
[    1.068152] acpiphp: Slot [9] registered
[    1.068395] acpiphp: Slot [10] registered
[    1.068653] acpiphp: Slot [11] registered
[    1.068928] acpiphp: Slot [12] registered
[    1.069176] acpiphp: Slot [13] registered
[    1.076369] acpiphp: Slot [14] registered
[    1.076812] acpiphp: Slot [15] registered
[    1.077148] acpiphp: Slot [16] registered
[    1.077400] acpiphp: Slot [17] registered
[    1.077660] acpiphp: Slot [18] registered
[    1.077948] acpiphp: Slot [19] registered
[    1.086401] acpiphp: Slot [20] registered
[    1.086837] acpiphp: Slot [21] registered
[    1.087105] acpiphp: Slot [22] registered
[    1.087354] acpiphp: Slot [23] registered
[    1.087604] acpiphp: Slot [24] registered
[    1.087892] acpiphp: Slot [25] registered
[    1.096382] acpiphp: Slot [26] registered
[    1.096840] acpiphp: Slot [27] registered
[    1.097096] acpiphp: Slot [28] registered
[    1.097357] acpiphp: Slot [29] registered
[    1.097617] acpiphp: Slot [30] registered
[    1.097908] acpiphp: Slot [31] registered
[    1.106678] PCI host bridge to bus 0000:00
[    1.107160] pci_bus 0000:00: root bus resource [io  0x0000-0x0cf7 window]
[    1.107558] pci_bus 0000:00: root bus resource [io  0x0d00-0xffff window]
[    1.107810] pci_bus 0000:00: root bus resource [mem 0x000a0000-0x000bffff window]
[    1.116262] pci_bus 0000:00: root bus resource [mem 0x08000000-0xfebfffff window]
[    1.116719] pci_bus 0000:00: root bus resource [mem 0x100000000-0x17fffffff window]
[    1.117166] pci_bus 0000:00: root bus resource [bus 00-ff]
[    1.118600] pci 0000:00:00.0: [8086:1237] type 00 class 0x060000 conventional PCI endpoint
[    1.136809] pci 0000:00:01.0: [8086:7000] type 00 class 0x060100 conventional PCI endpoint
[    1.137726] pci 0000:00:01.1: [8086:7010] type 00 class 0x010180 conventional PCI endpoint
[    1.140405] pci 0000:00:01.1: BAR 4 [io  0xc0e0-0xc0ef]
[    1.144836] pci 0000:00:01.1: BAR 0 [io  0x01f0-0x01f7]: legacy IDE quirk
[    1.145131] pci 0000:00:01.1: BAR 1 [io  0x03f6]: legacy IDE quirk
[    1.145392] pci 0000:00:01.1: BAR 2 [io  0x0170-0x0177]: legacy IDE quirk
[    1.145651] pci 0000:00:01.1: BAR 3 [io  0x0376]: legacy IDE quirk
[    1.147052] pci 0000:00:01.3: [8086:7113] type 00 class 0x068000 conventional PCI endpoint
[    1.156434] pci 0000:00:01.3: quirk: [io  0x0600-0x063f] claimed by PIIX4 ACPI
[    1.156791] pci 0000:00:01.3: quirk: [io  0x0700-0x070f] claimed by PIIX4 SMB
[    1.166475] pci 0000:00:02.0: [1234:1111] type 00 class 0x030000 conventional PCI endpoint
[    1.167298] pci 0000:00:02.0: BAR 0 [mem 0xfd000000-0xfdffffff pref]
[    1.168824] pci 0000:00:02.0: BAR 2 [mem 0xfeb90000-0xfeb90fff]
[    1.178369] pci 0000:00:02.0: ROM [mem 0xfeb80000-0xfeb8ffff pref]
[    1.178852] pci 0000:00:02.0: Video device with shadowed ROM at [mem 0x000c0000-0x000dffff]
[    1.179879] pci 0000:00:03.0: [1af4:1000] type 00 class 0x020000 conventional PCI endpoint
[    1.181270] pci 0000:00:03.0: BAR 0 [io  0xc080-0xc09f]
[    1.188506] pci 0000:00:03.0: BAR 4 [mem 0xfe000000-0xfe003fff 64bit pref]
[    1.189724] pci 0000:00:03.0: ROM [mem 0xfea80000-0xfeafffff pref]
[    1.196632] pci 0000:00:04.0: [1af4:1005] type 00 class 0x00ff00 conventional PCI endpoint
[    1.198729] pci 0000:00:04.0: BAR 0 [io  0xc0a0-0xc0bf]
[    1.199621] pci 0000:00:04.0: BAR 1 [mem 0xfeb91000-0xfeb91fff]
[    1.202563] pci 0000:00:04.0: BAR 4 [mem 0xfe004000-0xfe007fff 64bit pref]
[    1.208474] pci 0000:00:05.0: [1af4:1000] type 00 class 0x020000 conventional PCI endpoint
[    1.210844] pci 0000:00:05.0: BAR 0 [io  0xc0c0-0xc0df]
[    1.211627] pci 0000:00:05.0: BAR 1 [mem 0xfeb92000-0xfeb92fff]
[    1.213644] pci 0000:00:05.0: BAR 4 [mem 0xfe008000-0xfe00bfff 64bit pref]
[    1.214490] pci 0000:00:05.0: ROM [mem 0xfeb00000-0xfeb7ffff pref]
[    1.219978] pci 0000:00:06.0: [1af4:1001] type 00 class 0x010000 conventional PCI endpoint
[    1.220815] pci 0000:00:06.0: BAR 0 [io  0xc000-0xc07f]
[    1.226329] pci 0000:00:06.0: BAR 1 [mem 0xfeb93000-0xfeb93fff]
[    1.227936] pci 0000:00:06.0: BAR 4 [mem 0xfe00c000-0xfe00ffff 64bit pref]
[    1.240142] ACPI: PCI: Interrupt link LNKA configured for IRQ 10
[    1.241007] ACPI: PCI: Interrupt link LNKB configured for IRQ 10
[    1.241642] ACPI: PCI: Interrupt link LNKC configured for IRQ 11
[    1.242305] ACPI: PCI: Interrupt link LNKD configured for IRQ 11
[    1.242825] ACPI: PCI: Interrupt link LNKS configured for IRQ 9
[    1.246522] iommu: Default domain type: Translated
[    1.246784] iommu: DMA domain TLB invalidation policy: lazy mode
[    1.250631] SCSI subsystem initialized
[    1.252254] ACPI: bus type USB registered
[    1.254167] usbcore: registered new interface driver usbfs
[    1.254781] usbcore: registered new interface driver hub
[    1.255138] usbcore: registered new device driver usb
[    1.255724] pps_core: LinuxPPS API ver. 1 registered
[    1.255930] pps_core: Software ver. 5.3.6 - Copyright 2005-2007 Rodolfo Giometti <giometti@linux.it>
[    1.256423] PTP clock support registered
[    1.277073] PCI: Using ACPI for IRQ routing
[    1.279405] hpet0: at MMIO 0xfed00000, IRQs 2, 8, 0
[    1.279726] hpet0: 3 comparators, 64-bit 100.000000 MHz counter
[    1.285460] clocksource: Switched to clocksource tsc-early
[    1.285460] pnp: PnP ACPI init
[    1.285460] pnp: PnP ACPI: found 6 devices
[    1.297828] clocksource: acpi_pm: mask: 0xffffff max_cycles: 0xffffff, max_idle_ns: 2085701024 ns
[    1.299215] NET: Registered PF_INET protocol family
[    1.300422] IP idents hash table entries: 2048 (order: 2, 16384 bytes, linear)
[    1.306238] tcp_listen_portaddr_hash hash table entries: 256 (order: 0, 4096 bytes, linear)
[    1.308703] Table-perturb hash table entries: 65536 (order: 6, 262144 bytes, linear)
[    1.309176] TCP established hash table entries: 1024 (order: 1, 8192 bytes, linear)
[    1.309615] TCP bind hash table entries: 1024 (order: 3, 32768 bytes, linear)
[    1.319399] TCP: Hash tables configured (established 1024 bind 1024)
[    1.321402] MPTCP token hash table entries: 256 (order: 1, 6144 bytes, linear)
[    1.321955] UDP hash table entries: 256 (order: 1, 8192 bytes, linear)
[    1.322397] UDP-Lite hash table entries: 256 (order: 1, 8192 bytes, linear)
[    1.331558] NET: Registered PF_UNIX/PF_LOCAL protocol family
[    1.332781] pci_bus 0000:00: resource 4 [io  0x0000-0x0cf7 window]
[    1.333031] pci_bus 0000:00: resource 5 [io  0x0d00-0xffff window]
[    1.333258] pci_bus 0000:00: resource 6 [mem 0x000a0000-0x000bffff window]
[    1.340946] pci_bus 0000:00: resource 7 [mem 0x08000000-0xfebfffff window]
[    1.341320] pci_bus 0000:00: resource 8 [mem 0x100000000-0x17fffffff window]
[    1.342232] pci 0000:00:01.0: PIIX3: Enabling Passive Release
[    1.351803] pci 0000:00:00.0: Limiting direct PCI/PCI transfers
[    1.352309] PCI: CLS 0 bytes, default 64
[    1.372322] workingset: timestamp_bits=46 max_order=15 bucket_order=0
[    1.374832] squashfs: version 4.0 (2009/01/31) Phillip Lougher
[    1.377749] Block layer SCSI generic (bsg) driver version 0.4 loaded (major 247)
[    1.381373] hv_vmbus: registering driver hyperv_fb
[    1.386110] input: Power Button as /devices/LNXSYSTM:00/LNXPWRBN:00/input/input0
[    1.395193] ACPI: button: Power Button [PWRF]
[    1.557654] ACPI: \_SB_.LNKC: Enabled at IRQ 11
[    1.712816] ACPI: \_SB_.LNKD: Enabled at IRQ 10
[    1.867898] ACPI: \_SB_.LNKA: Enabled at IRQ 10
[    2.022410] ACPI: \_SB_.LNKB: Enabled at IRQ 11
[    2.024449] Serial: 8250/16550 driver, 16 ports, IRQ sharing enabled
[    2.049800] 00:04: ttyS0 at I/O 0x3f8 (irq = 4, base_baud = 115200) is a 16550A
[    2.076611] Non-volatile memory driver v1.3
[    2.088128] Linux agpgart interface v0.103
[    2.089172] ACPI: bus type drm_connector registered
[    2.091958] [drm] Found bochs VGA, ID 0xb0c5.
[    2.092174] [drm] Framebuffer size 16384 kB @ 0xfd000000, mmio @ 0xfeb90000.
[    2.099416] [drm] Found EDID data blob.
[    2.104776] [drm] Initialized bochs-drm 1.0.0 for 0000:00:02.0 on minor 0
[    2.172448] Console: switching to colour frame buffer device 160x50
[    2.181647] bochs-drm 0000:00:02.0: [drm] fb0: bochs-drmdrmfb frame buffer device
[    2.217791] loop: module loaded
[    2.218463] virtio_blk virtio3: 1/0/0 default/read/poll queues
[    2.222965] virtio_blk virtio3: [vda] 246784 512-byte logical blocks (126 MB/121 MiB)
[    2.233989]  vda: vda1 vda2
[    2.236097] Guest personality initialized and is inactive
[    2.236683] VMCI host device registered (name=vmci, major=10, minor=256)
[    2.237005] Initialized host personality
[    2.237367] usbcore: registered new interface driver rtsx_usb
[    2.245593] VMware PVSCSI driver - version 1.0.7.0-k
[    2.245962] hv_vmbus: registering driver hv_storvsc
[    2.261644] scsi host0: ata_piix
[    2.264123] scsi host1: ata_piix
[    2.264966] ata1: PATA max MWDMA2 cmd 0x1f0 ctl 0x3f6 bmdma 0xc0e0 irq 14 lpm-pol 0
[    2.265389] ata2: PATA max MWDMA2 cmd 0x170 ctl 0x376 bmdma 0xc0e8 irq 15 lpm-pol 0
[    2.274217] VMware vmxnet3 virtual NIC driver - version 1.9.0.0-k-NAPI
[    2.274816] hv_vmbus: registering driver hv_netvsc
[    2.275345] Fusion MPT base driver 3.04.20
[    2.275522] Copyright (c) 1999-2008 LSI Corporation
[    2.275926] Fusion MPT SPI Host driver 3.04.20
[    2.284984] Fusion MPT SAS Host driver 3.04.20
[    2.287354] usbcore: registered new interface driver usb-storage
[    2.288605] i8042: PNP: PS/2 Controller [PNP0303:KBD,PNP0f13:MOU] at 0x60,0x64 irq 1,12
[    2.291959] serio: i8042 KBD port at 0x60,0x64 irq 1
[    2.292350] serio: i8042 AUX port at 0x60,0x64 irq 12
[    2.299079] hv_vmbus: registering driver hyperv_keyboard
[    2.301422] rtc_cmos 00:05: RTC can wake from S4
[    2.306841] rtc_cmos 00:05: registered as rtc0
[    2.309469] rtc_cmos 00:05: setting system clock to 2026-03-29T03:34:02 UTC (1774755242)
[    2.311921] rtc_cmos 00:05: alarms up to one day, y3k, 242 bytes nvram, hpet irqs
[    2.314530] intel_powerclamp: CPU does not support MWAIT
[    2.319866] amd_pstate: the _CPC object is not present in SBIOS or ACPI disabled
[    2.322326] sdhci: Secure Digital Host Controller Interface driver
[    2.324263] sdhci: Copyright(c) Pierre Ossman
[    2.326646] VUB300 Driver rom wait states = 1C irqpoll timeout = 0400
[    2.333228] input: AT Translated Set 2 keyboard as /devices/platform/i8042/serio0/input/input1
[    2.356986] usbcore: registered new interface driver vub300
[    2.359159] usbcore: registered new interface driver ushc
[    2.366823] hid: raw HID events driver (C) Jiri Kosina
[    2.369527] hv_vmbus: registering driver hid_hyperv
[    2.372212] usbcore: registered new interface driver usbhid
[    2.374200] usbhid: USB HID core driver
[    2.376424] hv_utils: Registering HyperV Utility Driver
[    2.378402] hv_vmbus: registering driver hv_utils
[    2.380625] hv_vmbus: registering driver hv_balloon
[    2.384132] NET: Registered PF_INET6 protocol family
[    2.398970] Segment Routing with IPv6
[    2.401072] In-situ OAM (IOAM) with IPv6
[    2.403437] NET: Registered PF_PACKET protocol family
[    2.405992] bridge: filtering via arp/ip/ip6tables is no longer available by default. Update your scripts to load br_netfilter if you need this.
[    2.415586] 8021q: 802.1Q VLAN Support v1.8
[    2.418131] NET: Registered PF_VSOCK protocol family
[    2.427039] IPI shorthand broadcast: enabled
[    2.433568] AES CTR mode by8 optimization enabled
[    2.456242] sched_clock: Marking stable (2190062557, 265032323)->(2468276415, -13181535)
[    2.479619] tsc: Refined TSC clocksource calibration: 2445.429 MHz
[    2.481984] clocksource: tsc: mask: 0xffffffffffffffff max_cycles: 0x233fdac2ae5, max_idle_ns: 440795297080 ns
[    2.502153] clocksource: Switched to clocksource tsc
[    2.508389] ata2: found unknown device (class 0)
[    2.552940] ata2.00: ATAPI: QEMU DVD-ROM, 2.5+, max UDMA/100
[    2.570651] scsi 1:0:0:0: CD-ROM            QEMU     QEMU DVD-ROM     2.5+ PQ: 0 ANSI: 5
[    2.581904] clk: Disabling unused clocks
[    2.627023] sr 1:0:0:0: [sr0] scsi3-mmc drive: 4x/4x cd/rw xa/form2 tray
[    2.629500] cdrom: Uniform CD-ROM driver Revision: 3.20
[    2.677160] VFS: Mounted root (squashfs filesystem) readonly on device 254:2.
[    2.745679] Freeing unused kernel image (initmem) memory: 1496K
[    2.748289] Write protecting the kernel read-only data: 18432k
[    2.751422] Freeing unused kernel image (rodata/data gap) memory: 116K
[    2.754056] Run /sbin/init as init process
[    3.078530] init: Console is alive
[    3.841628] kmodloader: loading kernel modules from /etc/modules-boot.d/*
[    3.916592] button_hotplug: loading out-of-tree module taints kernel.
[    3.923278] Button Hotplug driver version 0.4.1
[    3.943391] Intel(R) 2.5G Ethernet Linux Driver
[    3.945873] Copyright(c) 2018 Intel Corporation.
[    3.961240] igb: Intel(R) Gigabit Ethernet Network Driver
[    3.963604] igb: Copyright (c) 2007-2014 Intel Corporation.
[    3.980455] e1000e: Intel(R) PRO/1000 Network Driver
[    3.982948] e1000e: Copyright(c) 1999 - 2015 Intel Corporation.
[    3.997672] kmodloader: done loading kernel modules from /etc/modules-boot.d/*
[    4.013524] init: - preinit -
[    5.073116] 8021q: adding VLAN 0 to HW filter on device eth0
Press the [f] key and hit [enter] to enter failsafe mode
Press the [1], [2], [3] or [4] key and hit [enter] to select the debug level
[    9.734697] loop0: detected capacity change from 0 to 212992
[    9.795609] loop0: detected capacity change from 212992 to 196224
[    9.809101] mount_root: overlay filesystem in /dev/loop0 has not been formatted yet
[   10.152608] EXT4-fs (loop0): mounted filesystem c35d66ef-b6b7-4d28-8fe6-219f769f3fc8 r/w with ordered data mode. Quota mode: disabled.
[   10.167202] mount_root: overlay filesystem has not been fully initialized yet
[   10.186613] mount_root: switching to ext4 overlay
[   10.208073] overlayfs: null uuid detected in lower fs '/', falling back to xino=off,index=off,nfs_export=off.
[   10.960643] EXT4-fs (vda1): mounted filesystem 84173db5-fa99-e35a-95c6-28613cc79ea9 r/w without journal. Quota mode: disabled.
[   10.986857] urandom-seed: Seed file not found (/etc/urandom.seed)
[   11.144345] procd: - early -
[   11.897807] procd: - ubus -
[   12.079279] procd: - init -
Please press Enter to activate this console.
root
login[1050]: root login on 'ttyS0'


BusyBox v1.37.0 (2026-03-27 19:51:43 UTC) built-in shell (ash)

  _______                     ________        __
 |       |.-----.-----.-----.|  |  |  |.----.|  |_
 |   -   ||  _  |  -__|     ||  |  |  ||   _||   _|
 |_______||   __|_____|__|__||________||__|  |____|
          |__| W I R E L E S S   F R E E D O M
 -----------------------------------------------------
 OpenWrt SNAPSHOT, r33661-92c7feebd2
 -----------------------------------------------------

 === WARNING! =====================================
 There is no root password defined on this device!
 Use the "passwd" command to set up a new password
 in order to prevent unauthorized SSH logins.
 --------------------------------------------------

  ___   __ __                _______             __
 |   |_|__|  |--.----.-----.|   |   |-----.-----|  |--.
 |     |  |  _  |   _|  -__||       |  -__|__ --|     |
 |_____|__|_____|__| |_____||__|_|__|_____|_____|__|__|

 ------------------------------------------------------
 LiMe master development (master rev. 7929208 20260304_1752)
 ------------------------------------------------------
 https://libremesh.org
 ------------------------------------------------------

 === System Notes =================================================

 = edit via http://thisnode.info/app/#/notes or /etc/banner.notes =

root@(none):~# dmesg -n 1
root@(none):~# echo 'UXAE''AZKKPN'
UXAEAZKKPN
root@(none):~# run() { echo -n "$MARKER"; sh -c "$@"; echo "$MARKER $?"; }
root@(none):~# echo 'QBZP''QYJUWM'
QBZPQYJUWM
root@(none):~# MARKER='JBUA''MKVKBT' run 'ubus wait_for network.interface.lan'
JBUAMKVKBT