Labgrid Console Logfile for main
Logfile started at 2026-05-01 04:08:53.478234
=== Log starts here ===
c[?7l[2J[0mSeaBIOS (version 1.16.3-debian-1.16.3-2)


iPXE (https://ipxe.org) 00:03.0 CA00 PCI2.10 PnP PMM+06FCAE70+06F0AE70 CA00
Press Ctrl-B to configure iPXE (PCI 00:03.0)...                                                                               




iPXE (https://ipxe.org) 00:05.0 CB00 PCI2.10 PnP PMM 06FCAE70 06F0AE70 CB00
Press Ctrl-B to configure iPXE (PCI 00:05.0)...                                                                               


Booting from Hard Disk...
GRUB loading.....
[0;30;47mWelcome to GRUB![01;01H[0m[2J[H[J[1;1H[?25l[m[H[J[1;1H[2;30HGNU GRUB  version 2.12

[m[4;2H+----------------------------------------------------------------------------+[5;2H|[5;79H|[6;2H|[6;79H|[7;2H|[7;79H|[8;2H|[8;79H|[9;2H|[9;79H|[10;2H|[10;79H|[11;2H|[11;79H|[12;2H|[12;79H|[13;2H|[13;79H|[14;2H|[14;79H|[15;2H|[15;79H|[16;2H+----------------------------------------------------------------------------+[m[17;2H[18;2H[m     Use the ^ and v keys to select which entry is highlighted.          
      Press enter to boot the selected OS, `e' to edit the commands       
      before booting or `c' for a command-line. ESC to return             
      previous menu.                                                      [5;80H [7m[5;3H*OpenWrt                                                                    [m[5;78H[m[m[6;3H OpenWrt (failsafe)                                                         [m[6;78H[m[m[7;3H                                                                            [m[7;78H[m[m[8;3H                                                                            [m[8;78H[m[m[9;3H                                                                            [m[9;78H[m[m[10;3H                                                                            [m[10;78H[m[m[11;3H                                                                            [m[11;78H[m[m[12;3H                                                                            [m[12;78H[m[m[13;3H                                                                            [m[13;78H[m[m[14;3H                                                                            [m[14;78H[m[m[15;3H                                                                            [m[15;78H[m[15;80H [5;78H[2J[02;30HGNU GRUB  version 2.12[04;02H┌────────────────────────────────────────────────────────────────────────────┐[05;02H│[05;79H│[06;02H│[06;79H│[07;02H│[07;79H│[08;02H│[08;79H│[09;02H│[09;79H│[10;02H│[10;79H│[11;02H│[11;79H│[12;02H│[12;79H│[13;02H│[13;79H│[14;02H│[14;79H│[15;02H│[15;79H│[16;02H│[16;79H│[17;02H└────────────────────────────────────────────────────────────────────────────┘[19;02H     Use the ↑ and ↓ keys to select which entry is highl[19;57H[19;58Highted.          
      Press enter to boot the selected OS, `e' to edit the commands       
      before booting or `c' for a command-line. ESC to return        [21;69H[21;70H     
      previous menu.                                                      [05;80H [05;03H[0;30;47m*OpenWrt                                                                    [06;03H[0m OpenWrt (failsafe)                                                         [07;03H                                                                            [08;03H                                                                            [09;03H                                                                            [10;03H                   [10;21H[10;22H                                                         [11;03H                                                                            [12;03H                                                                            [13;03H                                                                            [14;03H                                     [14;39H[14;40H                                       [15;03H                                                                            [16;03H                                                                            [16;80H 






   The highlighted entry will be executed automatically in 5s.                [22;1H   The highlighted entry will be executed automatically in 5s.                 [5;78H [05;78H

















   The highlighted entry will be executed automatically in 4s.                [22;1H   The highlighted entry will be executed automatically in 4s.                 [5;78H [05;78H

















   The highlighted entry will be executed automatically in 3s.[23;62H[23;63H                [22;1H   The highlighted entry will be executed automatically in 3s.                 [5;78H [05;78H

















   The highlighted entry will be executed automatically in 2s.                [22;1H   The highlighted entry will be executed automatically in 2s.                 [5;78H [05;78H

















   The highlighted entry will be executed automatically in 1s.                [22;1H   The highlighted entry will be executed automatically in 1s.                 [5;78H [05;78H

















   The highlighted entry will be executed automatically in 0s.                [22;1H   The highlighted entry will be executed automatically in 0s.                 [5;78H [01;01H[2J[?25h[H[J[1;1H[H[J[1;1H[2J   Booting `OpenWrt' Booting `Ope[01;14H[01;15HnWrt

'

[    0.000000] Linux version 6.18.25 (builder@buildhost) (x86_64-openwrt-linux-musl-gcc (OpenWrt GCC 14.3.0 r34232-5a9cfbbc18) 14.3.0, GNU ld (GNU Binutils) 2.44) #0 SMP Thu Apr 30 08:42:06 2026
[    0.000000] Command line: BOOT_IMAGE=/boot/vmlinuz root=PARTUUID=905497c8-02 rooinitrd
[    0.000000] BIOS-provided physical RAM map:
[    0.000000] BIOS-e820: [mem 0x0000000000000000-0x000000000009fbff] usable
[    0.000000] BIOS-e820: [mem 0x000000000009fc00-0x000000000009ffff] reserved
[    0.000000] BIOS-e820: [mem 0x00000000000f0000-0x00000000000fffx0000000000100000-0x0000000007fdcfff] usable
[    0.000000] BIOS-e820: [mem 0x0000000007fdd000-0x0000000007ffffff] reserved
[    0.000000] BIOS-e820: [mem 0x00000000fffc0000-0x00000000ffffffff] reserved
[    0.000000] BIOS-e820: [mem 0x000000fd00000000-0x000000ffffffffff] reseection: active
[    0.000000] APIC: Static calls initialized
[    0.000000] SMBIOS 3.0.0 present.
[    0.000000] DMI: QEMU Standard PC (i440FX + PIIX, 1996), BIOS 1.16.3-debian-1.16.3-2 04/01/2014
[    0.000000] DMI: Memory slots populated: 1/1
[    0.000000] tsc: Fast TSC calid 2596.163 MHz processor
[    0.009110] last_pfn = 0x7fdd max_arch_pfn = 0x10000000000
[    0.009718] MTRR map: 4 entries (3 fixed + 1 variable; max 19), built from 8 variable MTRRs
[    0.009911] x86/PAT: Configuration [0-7]: WB  WC  UC- UC  WB  WP  UC- WT  
[    0.031162] f]
[    0.032805] Using GB pages for direct mapping
[    0.037532] ACPI: Early table checksum verification disabled
[    0.037902] ACPI: RSDP 0x00000000000F5290 000014 (v00 BOCHS )
[    0.038204] ACPI: RSDT 0x0000000007FE1C64 000034 (v01 BOCHS  BXPC     00000001 BXPC 00000001) 000074 (v01 BOCHS  BXPC     00000001 BXPC 00000001)
[    0.039337] ACPI: DSDT 0x0000000007FE0040 001AD8 (v01 BOCHS  BXPC     00000001 BXPC 00000001)
[    0.039426] ACPI: FACS 0x0000000007FE0000 000040
[    0.039477] ACPI: APIC 0x0000000007FE1B8C 000078 (v03 BOCHS  BXPC     00ET 0x0000000007FE1C04 000038 (v01 BOCHS  BXPC     00000001 BXPC 00000001)
[    0.039518] ACPI: WAET 0x0000000007FE1C3C 000028 (v01 BOCHS  BXPC     00000001 BXPC 00000001)
[    0.039590] ACPI: Reserving FACP table memory at [mem 0x7fe1b18-0x7fe1b8b]
[    0.039625] ACPI: Reserving]
[    0.039633] ACPI: Reserving FACS table memory at [mem 0x7fe0000-0x7fe003f]
[    0.039639] ACPI: Reserving APIC table memory at [mem 0x7fe1b8c-0x7fe1c03]
[    0.039646] ACPI: Reserving HPET table memory at [mem 0x7fe1c04-0x7fe1c3b]
[    0.039652] ACPI: Reserving WAET tabl064891] Zone ranges:
[    0.064934]   DMA      [mem 0x0000000000001000-0x0000000000ffffff]
[    0.065020]   DMA32    [mem 0x0000000001000000-0x0000000007fdcfff]
[    0.065031]   Normal   empty
[    0.065050] Movable zone start for each node
[    0.065085] Early memory node r00000001000-0x000000000009efff]
[    0.065266]   node   0: [mem 0x0000000000100000-0x0000000007fdcfff]
[    0.065417] Initmem setup node 0 [mem 0x0000000000001000-0x0000000007fdcfff]
[    0.066619] On node 0, zone DMA: 1 pages in unavailable ranges
[    0.067038] On node 0, z0.068769] On node 0, zone DMA32: 35 pages in unavailable ranges
[    0.069206] ACPI: PM-Timer IO Port: 0x608
[    0.069631] ACPI: LAPIC_NMI (acpi_id[0xff] dfl dfl lint[0x1])
[    0.070067] IOAPIC[0]: apic_id 0, version 32, address 0xfec00000, GSI 0-23
[    0.070185] ACPI: INT
[    0.070437] ACPI: INT_SRC_OVR (bus 0 bus_irq 5 global_irq 5 high level)
[    0.070491] ACPI: INT_SRC_OVR (bus 0 bus_irq 9 global_irq 9 high level)
[    0.070583] ACPI: INT_SRC_OVR (bus 0 bus_irq 10 global_irq 10 high level)
[    0.070591] ACPI: INT_SRC_OVR (bus 0 bus_irq CPI: Using ACPI (MADT) for SMP configuration information
[    0.070821] ACPI: HPET id: 0x8086a201 base: 0xfed00000
[    0.071187] CPU topo: Max. logical packages:   1
[    0.071198] CPU topo: Max. logical dies:       1
[    0.071206] CPU topo: Max. dies per package:   1
[   
[    0.071408] CPU topo: Num. cores per package:     1
[    0.071423] CPU topo: Num. threads per package:   1
[    0.071431] CPU topo: Allowing 1 present CPUs plus 0 hotplug CPUs
[    0.072249] [mem 0x08000000-0xfffbffff] available for PCI devices
[    0.072307] Booting par72614] clocksource: refined-jiffies: mask: 0xffffffff max_cycles: 0xffffffff, max_idle_ns: 19112604462750000 ns
[    0.073115] setup_percpu: NR_CPUS:512 nr_cpumask_bits:1 nr_cpu_ids:1 nr_node_ids:1
[    0.074811] percpu: Embedded 46 pages/cpu s150552 r8192 d29672 u2097152
[    /vmlinuz root=PARTUUID=905497c8-02 rootwait console=tty1 console=ttyS0,115200n8 noinitrd
[    0.078355] random: crng init done
[    0.078436] printk: log buffer data + meta data: 131072 + 458752 = 589824 bytes
[    0.078706] Dentry cache hash table entries: 16384 (order: 5, 13he hash table entries: 8192 (order: 4, 65536 bytes, linear)
[    0.081149] Built 1 zonelists, mobility grouping on.  Total pages: 32635
[    0.081383] mem auto-init: stack:off, heap alloc:off, heap free:off
[    0.090773] SLUB: HWalign=64, Order=0-3, MinObjects=0, CPUs=1, Nodeementation.
[    0.099318] rcu: 	RCU restricting CPUs from NR_CPUS=512 to nr_cpu_ids=1.
[    0.099576] 	Tracing variant of Tasks RCU enabled.
[    0.099679] rcu: RCU calculated value of scheduler-enlistment delay is 10 jiffies.
[    0.099710] rcu: Adjusting geometry for rcu_fU Tasks Trace: Setting shift to 0 and lim to 1 rcu_task_cb_adjust=1 rcu_task_cpu_ids=1.
[    0.101253] NR_IRQS: 33024, nr_irqs: 256, preallocated irqs: 16
[    0.110569] rcu: srcu_init: Setting srcu_struct sizes based on contention.
[    0.117711] Console: colour VGA+ 80x25
[bled
[    0.126083] printk: legacy console [ttyS0] enabled
[    0.344571] ACPI: Core revision 20250807
[    0.350132] clocksource: hpet: mask: 0xffffffff max_cycles: 0xffffffff, max_idle_ns: 19112604467 ns
[    0.354784] APIC: Switch to symmetric I/O mode setup
[    0.359397] ..TIMER: vector=0x30 apic1=0 pin1=2 apic2=-1 pin2=-1
[    0.402049] clocksource: tsc-early: mask: 0xffffffffffffffff max_cycles: 0x256c1380922, max_idle_ns: 440795246315 ns
[    0.402789] Calibrating delay loop (skipped), value calculated using timer frequency.. 5192.32 BogoMIPS (lpj=25961630)
[    0.404681] x86/cpu: User Mode I (UMIP) activated
[    0.419205] Last level iTLB entries: 4KB 0, 2MB 0, 4MB 0
[    0.419569] Last level dTLB entries: 4KB 0, 2MB 0, 4MB 0, 1GB 0
[    0.423153] mitigations: Enabled attack vectors: user_kernel, user_user, guest_host, guest_guest, SMT mitigations: auto
[    0.424373] Speculative Store Bypass: Vulnerable
[    0.425073] Spectre V2 : Mitigation: Retpolines
[    0.425482] Spectre V1 : Mitigation: usercopy/swapgs barriers and __user pointer sanitization
[    0.425959] Spectre V2 : Spectre v2 / SpectreRSB: Filling RSB on context 
[    0.432544] x86/fpu: Supporting XSAVE feature 0x001: 'x87 floating point registers'
[    0.436672] x86/fpu: Supporting XSAVE feature 0x002: 'SSE registers'
[    0.436969] x86/fpu: Supporting XSAVE feature 0x004: 'AVX registers'
[    0.437214] x86/fpu: Supporting XSAVE feat
[    0.442778] x86/fpu: Supporting XSAVE feature 0x010: 'MPX CSR'
[    0.443391] x86/fpu: xstate_offset[2]:  576, xstate_sizes[2]:  256
[    0.443887] x86/fpu: xstate_offset[3]:  960, xstate_sizes[3]:   64
[    0.444133] x86/fpu: xstate_offset[4]: 1024, xstate_sizes[4]:   64eatures 0x1f, context size is 1088 bytes, using 'standard' format.
[    0.821683] Freeing SMP alternatives memory: 48K
[    0.823064] pid_max: default: 32768 minimum: 301
[    0.833844] Mount-cache hash table entries: 512 (order: 0, 4096 bytes, linear)
[    0.834274] Mountpoint-cache hash table entries: 512 (order: 0, 4096 bytes, linear)
[    0.985629] smpboot: CPU0: AMD QEMU TCG CPU version 2.5+ (family: 0x6, model: 0x6, stepping: 0x3)
[    0.993572] Performance Events: PMU not available due to virtualization, using software events only.
[    0.995226] signal: max sigframe size: 1616
[    0.996824] rcu: Hierarchical SRCU implementation.
[    0.997075] rcu: 	Max phase no-delay instances is 1000.
[    1.0020ringing up secondary CPUs ...
[    1.004402] smp: Brought up 1 node, 1 CPU
[    1.004684] smpboot: Total of 1 processors activated (5192.32 BogoMIPS)
[    1.014769] Memory: 96076K/130540K available (14379K kernel code, 1184K rwdata, 5764K rodata, 2676K init, 2148K bss, 32776K served, 0K cma-reserved)
[    1.028049] clocksource: jiffies: mask: 0xffffffff max_cycles: 0xffffffff, max_idle_ns: 19112604462750000 ns
[    1.028916] posixtimers hash table entries: 512 (order: 1, 8192 bytes, linear)
[    1.029427] futex hash table entries: 256 (16384 bytes on 1 NUMA nodes, total 16pinctrl core: initialized pinctrl subsystem
[    1.055529] NET: Registered PF_NETLINK/PF_ROUTE protocol family
[    1.063751] thermal_sys: Registered thermal governor 'step_wise'
[    1.063789] thermal_sys: Registered thermal governor 'user_space'
[    1.064751] cpuidle: using governor ladder
[    1.065288] cpuidle: ung governor menu
[    1.067477] acpiphp: ACPI Hot Plug PCI Controller Driver version: 0.5
[    1.070109] PCI: Using configuration type 1 for base access
[    1.075760] HugeTLB: registered 2.00 MiB page size, pre-allocated 0 pages
[    1.076111] HugeTLB: 28 KiB vmemmap can be eed for a 2.00 MiB page
[    1.091425] ACPI: Added _OSI(Module Device)
[    1.091682] ACPI: Added _OSI(Processor Device)
[    1.091852] ACPI: Added _OSI(Processor Aggregator Device)
[    1.105927] ACPI: 1 ACPI AML tables successfully acquired and loaded
[    1.122291] ACPI: Interpreter enabled
[    1.123196] ACPI: PM: (supports S0 S5)
[    1.123421] ACPI: Using IOAPIC for interrupt routing
[    1.124006] PCI: Using host bridge windows from ACPI; if necessary, use "pci=nocrs" and report a bug
[    1.124399] PCI: Using E820 r
[    1.134104] ACPI: Enabled 2 GPEs in block 00 to 0F
[    1.162130] ACPI: PCI Root Bridge [PCI0] (domain 0000 [bus 00-ff])
[    1.163224] acpi PNP0A03:00: _OSC: OS supports [ASPM ClockPM Segments MSI HPX-Type3]
[    1.163677] acpi PNP0A03:00: _OSC: not requesting OS control; OS requires [ExtendedConfig ASPM ClockPM MSI]
[    1.add MMCONFIG information, can't access extended configuration space under this bridge
[    1.177211] acpiphp: Slot [3] registered
[    1.177561] acpiphp: Slot [4] registered
[    1.177812] acpiphp: Slot [5] registered
[    1.178077] acpiphp: Slot [6] registered
[    1.178309istered
[    1.182975] acpiphp: Slot [8] registered
[    1.183400] acpiphp: Slot [9] registered
[    1.183715] acpiphp: Slot [10] registered
[    1.183958] acpiphp: Slot [11] registered
[    1.184206] acpiphp: Slot [12] registered
[    1.184466] acpiphp: Slot [13] registereistered
[    1.192921] acpiphp: Slot [15] registered
[    1.193343] acpiphp: Slot [16] registered
[    1.193690] acpiphp: Slot [17] registered
[    1.193925] acpiphp: Slot [18] registered
[    1.194148] acpiphp: Slot [19] registered
[    1.194429] acpiphp: Slot [20] registegistered
[    1.202868] acpiphp: Slot [22] registered
[    1.203237] acpiphp: Slot [23] registered
[    1.203620] acpiphp: Slot [24] registered
[    1.203868] acpiphp: Slot [25] registered
[    1.204097] acpiphp: Slot [26] registered
[    1.204387] acpiphp: Slot [27] registegistered
[    1.212889] acpiphp: Slot [29] registered
[    1.213279] acpiphp: Slot [30] registered
[    1.213646] acpiphp: Slot [31] registered
[    1.214109] PCI host bridge to bus 0000:00
[    1.214588] pci_bus 0000:00: root bus resource [io  0x0000-0x0cf7 window]
[    1rce [io  0x0d00-0xffff window]
[    1.222803] pci_bus 0000:00: root bus resource [mem 0x000a0000-0x000bffff window]
[    1.223282] pci_bus 0000:00: root bus resource [mem 0x08000000-0xfebfffff window]
[    1.223574] pci_bus 0000:00: root bus resource [mem 0x100000000-0x17fffff root bus resource [bus 00-ff]
[    1.234089] pci 0000:00:00.0: [8086:1237] type 00 class 0x060000 conventional PCI endpoint
[    1.244577] pci 0000:00:01.0: [8086:7000] type 00 class 0x060100 conventional PCI endpoint
[    1.245500] pci 0000:00:01.1: [8086:7010] type 00 classonal PCI endpoint
[    1.250503] pci 0000:00:01.1: BAR 4 [io  0xc0e0-0xc0ef]
[    1.250809] pci 0000:00:01.1: BAR 0 [io  0x01f0-0x01f7]: legacy IDE quirk
[    1.251064] pci 0000:00:01.1: BAR 1 [io  0x03f6]: legacy IDE quirk
[    1.251324] pci 0000:00:01.1: BAR 2 [io  0x0170-0] pci 0000:00:01.1: BAR 3 [io  0x0376]: legacy IDE quirk
[    1.257081] pci 0000:00:01.3: [8086:7113] type 00 class 0x068000 conventional PCI endpoint
[    1.257771] pci 0000:00:01.3: quirk: [io  0x0600-0x063f] claimed by PIIX4 ACPI
[    1.258093] pci 0000:00:01.3: quirk: [io 
[    1.263579] pci 0000:00:02.0: [1234:1111] type 00 class 0x030000 conventional PCI endpoint
[    1.273261] pci 0000:00:02.0: BAR 0 [mem 0xfd000000-0xfdffffff pref]
[    1.273594] pci 0000:00:02.0: BAR 2 [mem 0xfeb90000-0xfeb90fff]
[    1.273825] pci 0000:00:02.0: ROM [mem 080043] pci 0000:00:02.0: Video device with shadowed ROM at [mem 0x000c0000-0x000dffff]
[    1.283401] pci 0000:00:03.0: [1af4:1000] type 00 class 0x020000 conventional PCI endpoint
[    1.284820] pci 0000:00:03.0: BAR 0 [io  0xc080-0xc09f]
[    1.285109] pci 0000:00:03.0: BAR ref]
[    1.292784] pci 0000:00:03.0: ROM [mem 0xfea80000-0xfeafffff pref]
[    1.299297] pci 0000:00:04.0: [1af4:1005] type 00 class 0x00ff00 conventional PCI endpoint
[    1.300458] pci 0000:00:04.0: BAR 0 [io  0xc0a0-0xc0bf]
[    1.300694] pci 0000:00:04.0: BAR 1 [mem 0xfe91fff]
[    1.302783] pci 0000:00:04.0: BAR 4 [mem 0xfe004000-0xfe007fff 64bit pref]
[    1.306212] pci 0000:00:05.0: [1af4:1000] type 00 class 0x020000 conventional PCI endpoint
[    1.307984] pci 0000:00:05.0: BAR 0 [io  0xc0c0-0xc0df]
[    1.308223] pci 0000:00:05.0: BAR 1b92fff]
[    1.312791] pci 0000:00:05.0: BAR 4 [mem 0xfe008000-0xfe00bfff 64bit pref]
[    1.313132] pci 0000:00:05.0: ROM [mem 0xfeb00000-0xfeb7ffff pref]
[    1.316476] pci 0000:00:06.0: [1af4:1001] type 00 class 0x010000 conventional PCI endpoint
[    1.317540] pci 0000:00c07f]
[    1.322846] pci 0000:00:06.0: BAR 1 [mem 0xfeb93000-0xfeb93fff]
[    1.323192] pci 0000:00:06.0: BAR 4 [mem 0xfe00c000-0xfe00ffff 64bit pref]
[    1.333673] ACPI: PCI: Interrupt link LNKA configured for IRQ 10
[    1.334493] ACPI: PCI: Interrupt link LNKB configured f
[    1.337435] ACPI: PCI: Interrupt link LNKC configured for IRQ 11
[    1.338050] ACPI: PCI: Interrupt link LNKD configured for IRQ 11
[    1.338464] ACPI: PCI: Interrupt link LNKS configured for IRQ 9
[    1.341321] iommu: Default domain type: Translated
[    1.341559] iomion policy: lazy mode
[    1.345661] SCSI subsystem initialized
[    1.346760] ACPI: bus type USB registered
[    1.352841] usbcore: registered new interface driver usbfs
[    1.353318] usbcore: registered new interface driver hub
[    1.353660] usbcore: registered new device driverpps_core: LinuxPPS API ver. 1 registered
[    1.359116] pps_core: Software ver. 5.3.6 - Copyright 2005-2007 Rodolfo Giometti <giometti@linux.it>
[    1.359723] PTP clock support registered
[    1.369245] PCI: Using ACPI for IRQ routing
[    1.371837] hpet0: at MMIO 0xfed00000, IRQs 2, 8, 0
[    1.372151] hpet0: 3 comparators, 64-bit 100.000000 MHz counter
[    1.377310] clocksource: Switched to clocksource tsc-early
[    1.380625] pnp: PnP ACPI init
[    1.381376] pnp: PnP ACPI: found 6 devices
[    1.393803] clocksource: acpi_pm: mask: 0xffffff max_cycles: 0xffffff, max_idle_ns: 2085701024 ns
[    1.395124] NET: Registered PF_INET protocol family
[    1.396596] IP idents hash table entries: 2048 (order: 2, 16384 bytes, linear)
[    1.402211] tcp_listen_portaddr_hasable entries: 256 (order: 0, 4096 bytes, linear)
[    1.404624] Table-perturb hash table entries: 65536 (order: 6, 262144 bytes, linear)
[    1.405084] TCP established hash table entries: 1024 (order: 1, 8192 bytes, linear)
[    1.405572] TCP bind hash table entries: 1024 (ord83] TCP: Hash tables configured (established 1024 bind 1024)
[    1.417122] MPTCP token hash table entries: 256 (order: 1, 6144 bytes, linear)
[    1.417722] UDP hash table entries: 256 (order: 2, 16384 bytes, linear)
[    1.418905] UDP-Lite hash table entries: 256 (order: 2,   1.425071] NET: Registered PF_UNIX/PF_LOCAL protocol family
[    1.427563] pci_bus 0000:00: resource 4 [io  0x0000-0x0cf7 window]
[    1.427823] pci_bus 0000:00: resource 5 [io  0x0d00-0xffff window]
[    1.428050] pci_bus 0000:00: resource 6 [mem 0x000a0000-0x000bffff windowurce 7 [mem 0x08000000-0xfebfffff window]
[    1.437756] pci_bus 0000:00: resource 8 [mem 0x100000000-0x17fffffff window]
[    1.438499] pci 0000:00:01.0: PIIX3: Enabling Passive Release
[    1.438810] pci 0000:00:00.0: Limiting direct PCI/PCI transfers
[    1.439129] PCI: CL
[    1.465425] workingset: timestamp_bits=46 max_order=15 bucket_order=0
[    1.467757] squashfs: version 4.0 (2009/01/31) Phillip Lougher
[    1.473419] cryptd: max_cpu_qlen set to 1000
[    1.473880] Block layer SCSI generic (bsg) driver version 0.4 loaded (major 247)
[    1.477045] hyperv_fb: Deprecated: use Hyper-V DRM driver instead
[    1.477403] hv_vmbus: registering driver hyperv_fb
[    1.480621] input: Power Button as /devices/LNXSYSTM:00/LNXPWRBN:00/input/input0
[    1.489314] ACPI: button: Power Button [PWRF]
[    1.638725] ACPI: \_SB_.LNKC: Enabled at IRQ 11
[    1.784072] ACPI: \_SB_.LNKD: Enabled at IRQ 10
[    1.927288] ACPI: \_SB_.LNKA: Enabled at IRQ 10
[    2.069935] ACPI: \_SB_.LNKB: Enabled at IRQ 11
[    2.072873] Serial: 8250/16550 driver, 16 ports, IRQ sharing enabled
[    2.098047] 00:04: ttyS0 at I/O 0x3f8 (irq = 4, base_baud = 115200) is a 16550A
[    2.116589] Non-volatile memory driver v1.3
[    2.127687] Linux agpgart interface v0.103
[    2.128716] ACPI: bus type drm_connector registered
[    2.133067] [drm] Found bochs VGA, ID 0xb0c5.
[    2.133297] [drm] Framebuffer size 16384 kB @ 0xfd000000, mmio @ 0xfeb90000.
[    2.139084] [drm] Initialized bochs-drm 1.0.0 for 0000:00:02.0 on minor 0
[    2.201902] Console: switching to colour frame buffer device 160x50
[    2.213586] bochs-drm 0000:00:02.0: [drm] fb0: bochs-drmdrmfb frame buffer device
[    2.243435] loop: module loaded
[    2.244180] virtio_blk virtio3: 1/0/0 default/read/poll queues
[    2.248546] virtio_blk virtio3: [vda] 246784 512-byte logical blocks (126 MB/121 MiB)
[    2.257642]  vda: vda1 vda2
[    2.259879] Guest personality initialized and is inactive
[    2.260476] VMCI host device registered (name=vmci, major=10, minor=256)
[    2.260728] Initialized host personality
[    2.261048] usbcore: registered new interface driver rtsx_usSCSI driver - version 1.0.7.0-k
[    2.268505] hv_vmbus: registering driver hv_storvsc
[    2.283168] scsi host0: ata_piix
[    2.285723] scsi host1: ata_piix
[    2.286637] ata1: PATA max MWDMA2 cmd 0x1f0 ctl 0x3f6 bmdma 0xc0e0 irq 14 lpm-pol 0
[    2.286953] ata2: PATA max MWDMA2 cmd 0x170 ctl 0x376 bmdma 0xc0e8 irq 15 lpm-pol 0
[    2.301296] VMware vmxnet3 virtual NIC driver - version 1.9.0.0-k-NAPI
[    2.302044] hv_vmbus: registering driver hv_netvsc
[    2.302444] Fusion MPT base driver 3.04.20
[    2.302604] Copyright (c) 1999-2008 LSI Corporation
[    2.302975] Fusion MPT SPI Host driver 3.04t driver 3.04.20
[    2.313940] usbcore: registered new interface driver usb-storage
[    2.315197] i8042: PNP: PS/2 Controller [PNP0303:KBD,PNP0f13:MOU] at 0x60,0x64 irq 1,12
[    2.318589] serio: i8042 KBD port at 0x60,0x64 irq 1
[    2.318969] serio: i8042 AUX port at 0x60,0x64 
[    2.323690] hv_vmbus: registering driver hyperv_keyboard
[    2.325608] rtc_cmos 00:05: RTC can wake from S4
[    2.330092] rtc_cmos 00:05: registered as rtc0
[    2.332156] rtc_cmos 00:05: setting system clock to 2026-05-01T04:09:05 UTC (1777608545)
[    2.334308] rtc_cmos 00:05: alarms up to one day, y3k, 242 bytes nvram, hpet irqs
[    2.336569] intel_powerclamp: CPU does not support MWAIT
[    2.338210] amd_pstate: the _CPC object is not present in SBIOS or ACPI disabled
[    2.339941] sdhci: Secure Digital Host Contr
[    2.346829] sdhci: Copyright(c) Pierre Ossman
[    2.348632] VUB300 Driver rom wait states = 1C irqpoll timeout = 0400
[    2.355540] input: AT Translated Set 2 keyboard as /devices/platform/i8042/serio0/input/input1
[    2.369751] usbcore: registered new interface driver vub300
[    2.371408] usbcore: registered new interface driver ushc
[    2.378688] hid: raw HID events driver (C) Jiri Kosina
[    2.380822] hv_vmbus: registering driver hid_hyperv
[    2.383191] usbcore: registered new interface driver usbhid
[    2.384649] usbhid: USB HID core driver
[    2.386145] hv_utils: Registering HyperV Utility Driver
[    2.387551] hv_vmbus: registering driver hv_utils
[22] hv_vmbus: registering driver hv_balloon
[    2.394414] NET: Registered PF_INET6 protocol family
[    2.408511] Segment Routing with IPv6
[    2.410143] In-situ OAM (IOAM) with IPv6
[    2.412214] NET: Registered PF_PACKET protocol family
[    2.414138] bridge: filtering via arp/ip/ip6tables is no longer available by default. Update your scripts to load br_netfilter if y
[    2.423586] 8021q: 802.1Q VLAN Support v1.8
[    2.425721] NET: Registered PF_VSOCK protocol family
[    2.434831] IPI shorthand broadcast: enabled
[    2.450960] sched_clock: Marking stable (2210141672, 231563440)->(2488244234, -46539122)
[    2.476467] ata2: found unknown device (class 0)
[    2.515496] tsc: Refined TSC clocksource calibration: 2596.171 MHz
[    2.517613] clocksource: tsc: mask: 0xffffffffffffffff max_cycles: 0x256c1b06272, max_idle_ns: 440795218697 ns
[    2.520847] clocksource: Switched to clocksource tsc
[    2.527697] ata2.00: ATAPI: QEMU DVD-ROM, 2.5+, max UDMA/100
[    2.544127] scsi 1:0:0:0: CD-ROM            QEMU     QEMU DVD-ROM     2.5+ PQ: 0 ANSI: 5
[    2.555170] clk: Disabling unused clocks
[    2.566864] check access for rdinit=/init failed: -2, ignoring
[    2.613673] sr 1:0:0:0: [sr0] scsi3-mmc drive: 4x/4x cd/rw xa/form2 tray
[    2.615633] cdrom: Uniform CD-ROM driver Revision: 3.20
[    2.653119] VFS: Mounted root (squashfs filesystem) readonly on device 254:2.
[    2.732962] Freeing unused kernel image (initmem) memory: 2676K
[    2.735040] Write protecting the kernel read-only data: 22528k
[    2.739681] Freeing unused kernel image (text/rodata gap) memory: 2004K
[    2.741990] Freeing unused kernel image (rodata/data gap) memory: 380K
[    2.745500] Run /sbin/init as init process
[    3.030593] init: Console is alive
[    4.164078] kmodloader: loading kernel modules from /etc/modules-boot.d/*
[    4.252503] button_hotplug: loading out-of-tree module taints kernel.
[    4.258769] Button Hotplug driver version 0.4.1
[    4.282523] Intel(R) 2.5G Ethernet Linux Driver
[    4.284407] Copyright(c) 2018 Intel Corporation.
[    4.303164] igb: Intel(R) Gigabit Ethernet Network Driver
[    4.305025] igb: Copyright (c) 2007-2014 Intel Corporation.
[    4.324291] e1000e: Intel(R) PRO/1000 Network Driver
[    4.326065] e1000e: Copyright(c) 1999 - 2015 Intel Corporation.
[    4.341365] kmodloader: done loading kernel modules from /etc/modules-boot.d/*
[    4.361201] init: - preinit -
[    5.319615] 8021q: adding VLAN 0 to HW filter on device eth0
Press the [f] key and hit [enter] to enter failsafe mode
Press the [1], [2], [3] or [4] key and hit [enter] to select the debug level

[    9.981033] loop0: detected capacity change from 0 to 212992
[   10.032119] loop0: detected capacity change from 212992 to 198528
[   10.044791] mount_root: overlay filesystem in /dev/loop0 has not been formatted yet
[   10.367118] EXT4-fs (loop0): mounted filesystem 4138c1ad-e3f7-41c8-908b-6499c99c9b73 r/w with ordered data mode. Quota mode: disabled.
[   10.380393] mount_root: overlay filesystem has not been fully initialized yet
[   10.398391] mount_root: switching to ext4 overlay
[   10.420218] overlayfs: null uuid detected in lower fs '/', falling back to xino=off,index=off,nfs_export=off.
[   11.098087] EXT4-fs (vda1): mounted filesystem 84173db5-fa99-e35a-95c6-28613cc79ea9 r/w without journal. Quota mode: disabled.
[   11.123382] urandom-seed: Seed file not found (/etc/urandom.seed)
[   11.272657] procd: - early -
[   11.989008] procd: - ubus -
[   12.093676] procd: - init -
Please press Enter to activate this console.
root
login[1043]: root login on 'ttyS0'


BusyBox v1.37.0 (2026-04-29 10:43:54 UTC) built-in shell (ash)

  _______                     ________        __
 |       |.-----.-----.-----.|  |  |  |.----.|  |_
 |   -   ||  _  |  -__|     ||  |  |  ||   _||   _|
 |_______||   __|_____|__|__||________||__|  |____|
          |__| W I R E L E S S   F R E E D O M
 -----------------------------------------------------
 OpenWrt SNAPSHOT, r34232-5a9cfbbc18
 -----------------------------------------------------

 === WARNING! =====================================
 There is no root password defined on this device!
 Use the "passwd" command to set up a new password
 in order to prevent unauthorized SSH logins.
 --------------------------------------------------

  ___   __ __                _______             __
 |   |_|__|  |--.----.-----.|   |   |-----.-----|  |--.
 |     |  |  _  |   _|  -__||       |  -__|__ --|     |
 |_____|__|_____|__| |_____||__|_|__|_____|_____|__|__|

 ------------------------------------------------------
 LiMe master development (master rev. aebe482 20260416_0843)
 ------------------------------------------------------
 https://libremesh.org
 ------------------------------------------------------
root@(none):~# dmesg -n 1
root@(none):~# echo 'JFUQ''GHVKSV'
JFUQGHVKSV
root@LiMe-123456:~# run() { echo -n "$MARKER"; sh -c "$@"; echo "$MARKER $?"; }
root@LiMe-123456:~# echo 'NBMS''PSHSSS'
NBMSPSHSSS
root@LiMe-123456:~# MARKER='OZQK''QOWTWJ' run 'ubus wait_for network.interface.l
an'
OZQKQOWTWJOZQKQOWTWJ 0
root@LiMe-123456:~# echo 'YPYP''MNMQYH'
YPYPMNMQYH
root@LiMe-123456:~# MARKER='HYPU''FAJWBE' run 'ubus call network.interface.lan s
tatus '"'"'{}'"'"''
HYPUFAJWBE{
	"up": true,
	"pending": false,
	"available": true,
	"autostart": true,
	"dynamic": false,
	"uptime": 0,
	"l3_device": "br-lan",
	"proto": "static",
	"device": "br-lan",
	"updated": [
		"addresses"
	],
	"metric": 0,
	"dns_metric": 0,
	"delegation": true,
	"ipv4-address": [
		{
			"address": "10.13.52.86",
			"mask": 16
		}
	],
	"ipv6-address": [
		{
			"address": "fd0d:fe46:8ce8::12:3456",
			"mask": 64
		}
	],
	"ipv6-prefix": [
		
	],
	"ipv6-prefix-assignment": [
		
	],
	"route": [
		
	],
	"dns-server": [
		
	],
	"dns-search": [
		
	],
	"neighbors": [
		
	],
	"inactive": {
		"ipv4-address": [
			
		],
		"ipv6-address": [
			
		],
		"route": [
			
		],
		"dns-server": [
			
		],
		"dns-search": [
			
		],
		"neighbors": [
			
		]
	},
	"data": {
		
	}
}
HYPUFAJWBE 0
root@LiMe-123456:~# echo 'LSHY''JYGQNO'
LSHYJYGQNO
root@LiMe-123456:~# MARKER='LKZG''GJQVVL' run true
LKZGGJQVVLLKZGGJQVVL 0
root@LiMe-123456:~# echo 'JVTE''TCZFOG'
JVTETCZFOG
root@LiMe-123456:~# MARKER='CVTA''ZEKGMQ' run 'source /etc/os-release; echo $BUI
LD_ID'
CVTAZEKGMQr34232-5a9cfbbc18
CVTAZEKGMQ 0
root@LiMe-123456:~# echo 'BBJT''OMZHZL'
BBJTOMZHZL
root@LiMe-123456:~# MARKER='KPLA''TUWQMH' run 'ls /etc/dropbear/dropbear_rsa_hos
t_key'
KPLATUWQMH[0;0m/etc/dropbear/dropbear_rsa_host_key[m
KPLATUWQMH 0
root@LiMe-123456:~# echo 'NCGE''NSKBQN'
NCGENSKBQN
root@LiMe-123456:~# MARKER='YGGQ''UEHLEB' run 'netstat -tlpn | grep 0.0.0.0:22'
YGGQUEHLEBnetstat: showing only processes with your user ID
tcp        0      0 0.0.0.0:22              0.0.0.0:*               LISTEN      2124/dropbear
YGGQUEHLEB 0
root@LiMe-123456:~# echo 'XQPX''SGVQBT'
XQPXSGVQBT
root@LiMe-123456:~# MARKER='UZOW''WHMBTY' run 'dmesg | grep br-lan | grep forwar
ding'
UZOWWHMBTY[   45.342166] br-lan: port 1(eth0) entered forwarding state
[   48.189106] br-lan: port 2(bat0) entered forwarding state
UZOWWHMBTY 0
root@LiMe-123456:~# echo 'CTGL''ELVBUB'
CTGLELVBUB
root@LiMe-123456:~# MARKER='KNXU''KAAOOM' run 'ubus call network.interface.lan s
tatus '"'"'{}'"'"''
KNXUKAAOOM{
	"up": true,
	"pending": false,
	"available": true,
	"autostart": true,
	"dynamic": false,
	"uptime": 44,
	"l3_device": "br-lan",
	"proto": "static",
	"device": "br-lan",
	"updated": [
		"addresses"
	],
	"metric": 0,
	"dns_metric": 0,
	"delegation": true,
	"ipv4-address": [
		{
			"address": "10.13.52.86",
			"mask": 16
		}
	],
	"ipv6-address": [
		{
			"address": "fd0d:fe46:8ce8::12:3456",
			"mask": 64
		}
	],
	"ipv6-prefix": [
		
	],
	"ipv6-prefix-assignment": [
		
	],
	"route": [
		
	],
	"dns-server": [
		
	],
	"dns-search": [
		
	],
	"neighbors": [
		
	],
	"inactive": {
		"ipv4-address": [
			
		],
		"ipv6-address": [
			
		],
		"route": [
			
		],
		"dns-server": [
			
		],
		"dns-search": [
			
		],
		"neighbors": [
			
		]
	},
	"data": {
		
	}
}
KNXUKAAOOM 0
root@LiMe-123456