Labgrid Console Logfile for main
Logfile started at 2026-04-11 02:56:28.784560
=== Log starts here ===
c[?7l[2J[0mSeaBIOS (version 1.16.3-debian-1.16.3-2)


iPXE (https://ipxe.org) 00:03.0 CA00 PCI2.10 PnP PMM+06FCAE70+06F0AE70 CA00
Press Ctrl-B to configure iPXE (PCI 00:03.0)...                                                                               




iPXE (https://ipxe.org) 00:05.0 CB00 PCI2.10 PnP PMM 06FCAE70 06F0AE70 CB00
Press Ctrl-B to configure iPXE (PCI 00:05.0)...                                                                               


Booting from Hard Disk...
GRUB loading.....
[0;30;47mWelcome to GRUB![01;01H[0m[2J[H[J[1;1H[?25l[m[H[J[1;1H[2;30HGNU GRUB  version 2.12

[m[4;2H+----------------------------------------------------------------------------+[5;2H|[5;79H|[6;2H|[6;79H|[7;2H|[7;79H|[8;2H|[8;79H|[9;2H|[9;79H|[10;2H|[10;79H|[11;2H|[11;79H|[12;2H|[12;79H|[13;2H|[13;79H|[14;2H|[14;79H|[15;2H|[15;79H|[16;2H+----------------------------------------------------------------------------+[m[17;2H[18;2H[m     Use the ^ and v keys to select which entry is highlighted.          
      Press enter to boot the selected OS, `e' to edit the commands       
      before booting or `c' for a command-line. ESC to return             
      previous menu.                                                      [5;80H [7m[5;3H*OpenWrt                                                                    [m[5;78H[m[m[6;3H OpenWrt (failsafe)                                                         [m[6;78H[m[m[7;3H                                                                            [m[7;78H[m[m[8;3H                                                                            [m[8;78H[m[m[9;3H                                                                            [m[9;78H[m[m[10;3H                                                                            [m[10;78H[m[m[11;3H                                                                            [m[11;78H[m[m[12;3H                                                                            [m[12;78H[m[m[13;3H                                                                            [m[13;78H[m[m[14;3H                                                                            [m[14;78H[m[m[15;3H                                                                            [m[15;78H[m[15;80H [5;78H[2J[02;30HGNU GRUB  version 2.12[04;02H┌────────────────────────────────────────────────────────────────────────────┐[05;02H│[05;79H│[06;02H│[06;79H│[07;02H│[07;79H│[08;02H│[08;79H│[09;02H│[09;79H│[10;02H│[10;79H│[11;02H│[11;79H│[12;02H│[12;79H│[13;02H│[13;79H│[14;02H│[14;79H│[15;02H│[15;79H│[16;02H│[16;79H│[17;02H└────────────────────────────────────────────────────────────────────────────┘[19;02H     Use the ↑ and ↓ keys to select which entry is[19;51H[19;52H highlighted.          
      Press enter to boot the selected OS, `e' to edit the commands       
      before booting or `c' for a command-line. ESC to return             
      previous menu.                                                      [05;80H [05;03H[0;30;47m*OpenWrt                                                                    [06;03H[0m OpenW[06;08H[06;09Hrt (failsafe)                                                         [07;03H                                                                            [08;03H                                                                            [09;03H                                                                            [10;03H                                                                            [11;03H                                                                            [12;03H                                                                            [13;03H                                                                            [14;03H                                                                            [15;03H                                                                            [16;03H                                                                         [16;75H[16;76H   [16;80H 






   The highlighted entry will be executed automatically in 5s.                [22;1H   The highlighted entry will be executed automatically in 5s.                 [5;78H [05;78H

















   The highlighted entry will be executed automatically in 4s.                [22;1H   The highlighted entry will be executed automatically in 4s.                 [5;78H [05;78H

















   The highlighted entry will be executed automatically in 3s.                [22;1H   The highlighted entry will be executed automatically in 3s.                 [5;78H [05;78H

















   The highlighted entry will be executed automatically in 2s.                [22;1H   The highlighted entry will be executed automatically in 2s.                 [5;78H [05;78H

















   The highlighted entry wi[23;27H[23;28Hll be executed automatically in 1s.                [22;1H   The highlighted entry will be executed automatically in 1s.                 [5;78H [05;78H

















   The highlighted entry will be executed automatically in 0s.                [22;1H   The highlighted entry will be executed automatically in 0s.                 [5;78H [01;01H[2J[?25h[H[J[1;1H[H[J[1;1H[2J   Booting `OpenWrt' Booting `OpenWrt

'

[    0.000000] Linux version 6.12.80 (builder@buildhost) (x86_64-openwrt-linux-musl-gcc (OpenWrt GCC 14.3.0 r33865-8101611355) 14.3.0, GNU ld (GNU Binutils) 2.44) #0 SMP Thu Apr  9 23:10:09 2026
[    0.000000] Command line: BOOT_IMAGE=/boot/vmlinuz root=PARTUUID=50b51cfd-02 rootwait console=tty1 console=ttyS0,115200n8 noinitrd
[    0.000000] BIOS-provided physical RAM map:
[    0.000000] BIOS-e820: [mem 0x0000000000000000-0x000000000009fbff] usable
[    0.000000] BIOS-e820: [mem 0x000000000009fc00-0x000000000009ffff] reserved
[    0.000000] BIOS-e820: [mem 0x00000000000f0000-0x00000000000fffff] reserved
[    0.000000] BIOS-e820: [mem 0x0000000000100000-0x0000000007fdcfff] usable
[    0.000000] BIOS-e820: [mem 0x0000000007fdd000-0x0000000007ffffff] reserved
[    0.000000] BIOS-e820: [mem 0x00000000fffc0000-0x00000000ffffffff] reserved
[    0.000000] BIOS-e820: [mem 0x000000fd00000000-0x000000ffffffffff] reserved
[    0.000000] NX (Execute Disable) protection: active
[    0.000000] APIC: Static calls initialized
[    0.000000] SMBIOS 3.0.0 present.
[    0.000000] DMI: QEMU Standard PC (i440FX + PIIX, 1996), BIOS 1.16.3-debian-1.16.3-2 04/01/2014
[    0.000000] DMI: Memory slots populated: 1/1
[    0.000000] tsc: Fast TSC calibration using PIT
[    0.000000] tsc: Detected 2445.443 MHz processor
[    0.007409] last_pfn = 0x7fdd max_arch_pfn = 0x400000000
[    0.008043] MTRR map: 4 entries (3 fixed + 1 variable; max 19), built from 8 variable MTRRs
[    0.008205] x86/PAT: Configuration [0-7]: WB  WC  UC- UC  WB  WP  UC- WT  
[    0.026452] found SMP MP-table at [mem 0x000f5460-0x000f546f]
[    0.027808] Using GB pages for direct mapping
[    0.032337] ACPI: Early table checksum verification disabled
[    0.032691] ACPI: RSDP 0x00000000000F5290 000014 (v00 BOCHS )
[    0.032987] ACPI: RSDT 0x0000000007FE1C64 000034 (v01 BOCHS  BXPC     00000001 BXPC 00000001)
[    0.033498] ACPI: FACP 0x0000000007FE1B18 000074 (v01 BOCHS  BXPC     00000001 BXPC 00000001)
[    0.034115] ACPI: DSDT 0x0000000007FE0040 001AD8 (v01 BOCHS  BXPC     00000001 BXPC 00000001)
[    0.034188] ACPI: FACS 0x0000000007FE0000 000040
[    0.034242] ACPI: APIC 0x0000000007FE1B8C 000078 (v03 BOCHS  BXPC     00000001 BXPC 00000001)
[    0.034263] ACPI: HPET 0x0000000007FE1C04 000038 (v01 BOCHS  BXPC     00000001 BXPC 00000001)
[    0.034281] ACPI: WAET 0x0000000007FE1C3C 000028 (v01 BOCHS  BXPC     00000001 BXPC 00000001)
[    0.034358] ACPI: Reserving FACP table memory at [mem 0x7fe1b18-0x7fe1b8b]
[    0.034407] ACPI: Reserving DSDT table memory at [mem 0x7fe0040-0x7fe1b17]
[    0.034413] ACPI: Reserving FACS table memory at [mem 0x7fe0000-0x7fe003f]
[    0.034418] ACPI: Reserving APIC table memory at [mem 0x7fe1b8c-0x7fe1c03]
[    0.034423] ACPI: Reserving HPET table memory at [mem 0x7fe1c04-0x7fe1c3b]
[    0.034428] ACPI: Reserving WAET table memory at [mem 0x7fe1c3c-0x7fe1c63]
[    0.037406] Zone ranges:
[    0.037434]   DMA      [mem 0x0000000000001000-0x0000000000ffffff]
[    0.037508]   DMA32    [mem 0x0000000001000000-0x0000000007fdcfff]
[    0.037517]   Normal   empty
[    0.037534] Movable zone start for each node
[    0.037566] Early memory node ranges
[    0.037593]   node   0: [mem 0x0000000000001000-0x000000000009efff]
[    0.037686]   node   0: [mem 0x0000000000100000-0x0000000007fdcfff]
[    0.037815] Initmem setup node 0 [mem 0x0000000000001000-0x0000000007fdcfff]
[    0.038882] On node 0, zone DMA: 1 pages in unavailable ranges
[    0.039367] On node 0, zone DMA: 97 pages in unavailable ranges
[    0.041494] On node 0, zone DMA32: 35 pages in unavailable ranges
[    0.041848] ACPI: PM-Timer IO Port: 0x608
[    0.042274] ACPI: LAPIC_NMI (acpi_id[0xff] dfl dfl lint[0x1])
[    0.042712] IOAPIC[0]: apic_id 0, version 32, address 0xfec00000, GSI 0-23
[    0.042829] ACPI: INT_SRC_OVR (bus 0 bus_irq 0 global_irq 2 dfl dfl)
[    0.043102] ACPI: INT_SRC_OVR (bus 0 bus_irq 5 global_irq 5 high level)
[    0.043171] ACPI: INT_SRC_OVR (bus 0 bus_irq 9 global_irq 9 high level)
[    0.043301] ACPI: INT_SRC_OVR (bus 0 bus_irq 10 global_irq 10 high level)
[    0.043312] ACPI: INT_SRC_OVR (bus 0 bus_irq 11 global_irq 11 high level)
[    0.043492] ACPI: Using ACPI (MADT) for SMP configuration information
[    0.043537] ACPI: HPET id: 0x8086a201 base: 0xfed00000
[    0.043955] CPU topo: Max. logical packages:   1
[    0.043971] CPU topo: Max. logical dies:       1
[    0.043980] CPU topo: Max. dies per package:   1
[    0.044025] CPU topo: Max. threads per core:   1
[    0.044176] CPU topo: Num. cores per package:     1
[    0.044191] CPU topo: Num. threads per package:   1
[    0.044204] CPU topo: Allowing 1 present CPUs plus 0 hotplug CPUs
[    0.045375] [mem 0x08000000-0xfffbffff] available for PCI devices
[    0.045443] Booting paravirtualized kernel on bare hardware
[    0.045783] clocksource: refined-jiffies: mask: 0xffffffff max_cycles: 0xffffffff, max_idle_ns: 19112604462750000 ns
[    0.046611] setup_percpu: NR_CPUS:512 nr_cpumask_bits:1 nr_cpu_ids:1 nr_node_ids:1
[    0.048664] percpu: Embedded 50 pages/cpu s167000 r8192 d29608 u2097152
[    0.051047] Kernel command line: BOOT_IMAGE=/boot/vmlinuz root=PARTUUID=50b51cfd-02 rootwait console=tty1 console=ttyS0,115200n8 noinitrd
[    0.052678] random: crng init done
[    0.057377] Dentry cache hash table entries: 16384 (order: 5, 131072 bytes, linear)
[    0.058334] Inode-cache hash table entries: 8192 (order: 4, 65536 bytes, linear)
[    0.061067] Built 1 zonelists, mobility grouping on.  Total pages: 32635
[    0.061294] mem auto-init: stack:off, heap alloc:off, heap free:off
[    0.071128] SLUB: HWalign=64, Order=0-3, MinObjects=0, CPUs=1, Nodes=1
[    0.079159] rcu: Hierarchical RCU implementation.
[    0.079188] rcu: 	RCU restricting CPUs from NR_CPUS=512 to nr_cpu_ids=1.
[    0.079334] 	Tracing variant of Tasks RCU enabled.
[    0.079425] rcu: RCU calculated value of scheduler-enlistment delay is 10 jiffies.
[    0.079456] rcu: Adjusting geometry for rcu_fanout_leaf=16, nr_cpu_ids=1
[    0.080595] RCU Tasks Trace: Setting shift to 0 and lim to 1 rcu_task_cb_adjust=1 rcu_task_cpu_ids=1.
[    0.080746] NR_IRQS: 33024, nr_irqs: 256, preallocated irqs: 16
[    0.089679] rcu: srcu_init: Setting srcu_struct sizes based on contention.
[    0.096486] Console: colour VGA+ 80x25
[    0.096915] printk: legacy console [tty1] enabled
[    0.104855] printk: legacy console [ttyS0] enabled
[    0.357512] ACPI: Core revision 20240827
[    0.362683] clocksource: hpet: mask: 0xffffffff max_cycles: 0xffffffff, max_idle_ns: 19112604467 ns
[    0.367330] APIC: Switch to symmetric I/O mode setup
[    0.372151] ..TIMER: vector=0x30 apic1=0 pin1=2 apic2=-1 pin2=-1
[    0.414464] clocksource: tsc-early: mask: 0xffffffffffffffff max_cycles: 0x233fe7cdfa9, max_idle_ns: 440795259358 ns
[    0.415131] Calibrating delay loop (skipped), value calculated using timer frequency.. 4890.88 BogoMIPS (lpj=24454430)
[    0.416966] x86/cpu: User Mode Instruction Prevention (UMIP) activated
[    0.432371] Last level iTLB entries: 4KB 0, 2MB 0, 4MB 0
[    0.435052] Last level dTLB entries: 4KB 0, 2MB 0, 4MB 0, 1GB 0
[    0.436119] Spectre V1 : Mitigation: usercopy/swapgs barriers and __user pointer sanitization
[    0.437240] Spectre V2 : Mitigation: Retpolines
[    0.437517] Spectre V2 : Spectre v2 / SpectreRSB: Filling RSB on context switch and VMEXIT
[    0.437940] Speculative Store Bypass: Vulnerable
[    0.439785] x86/fpu: Supporting XSAVE feature 0x001: 'x87 floating point registers'
[    0.447451] x86/fpu: Supporting XSAVE feature 0x002: 'SSE registers'
[    0.447711] x86/fpu: Supporting XSAVE feature 0x004: 'AVX registers'
[    0.447958] x86/fpu: Supporting XSAVE feature 0x008: 'MPX bounds registers'
[    0.455060] x86/fpu: Supporting XSAVE feature 0x010: 'MPX CSR'
[    0.455626] x86/fpu: xstate_offset[2]:  576, xstate_sizes[2]:  256
[    0.456017] x86/fpu: xstate_offset[3]:  960, xstate_sizes[3]:   64
[    0.456234] x86/fpu: xstate_offset[4]: 1024, xstate_sizes[4]:   64
[    0.465072] x86/fpu: Enabled xstate features 0x1f, context size is 1088 bytes, using 'standard' format.
[    0.699782] Freeing SMP alternatives memory: 40K
[    0.700502] pid_max: default: 32768 minimum: 301
[    0.709749] Mount-cache hash table entries: 512 (order: 0, 4096 bytes, linear)
[    0.710153] Mountpoint-cache hash table entries: 512 (order: 0, 4096 bytes, linear)
[    0.862026] smpboot: CPU0: AMD QEMU TCG CPU version 2.5+ (family: 0x6, model: 0x6, stepping: 0x3)
[    0.889002] Performance Events: PMU not available due to virtualization, using software events only.
[    0.890398] signal: max sigframe size: 1616
[    0.892182] rcu: Hierarchical SRCU implementation.
[    0.892401] rcu: 	Max phase no-delay instances is 1000.
[    0.898990] smp: Bringing up secondary CPUs ...
[    0.901716] smp: Brought up 1 node, 1 CPU
[    0.902001] smpboot: Total of 1 processors activated (4890.88 BogoMIPS)
[    0.908544] Memory: 103200K/130540K available (14336K kernel code, 1167K rwdata, 3984K rodata, 1496K init, 1312K bss, 25628K reserved, 0K cma-reserved)
[    0.923039] clocksource: jiffies: mask: 0xffffffff max_cycles: 0xffffffff, max_idle_ns: 19112604462750000 ns
[    0.923890] futex hash table entries: 256 (order: 2, 16384 bytes, linear)
[    0.925698] pinctrl core: initialized pinctrl subsystem
[    0.944384] NET: Registered PF_NETLINK/PF_ROUTE protocol family
[    0.950497] thermal_sys: Registered thermal governor 'step_wise'
[    0.950535] thermal_sys: Registered thermal governor 'user_space'
[    0.951527] cpuidle: using governor ladder
[    0.952046] cpuidle: using governor menu
[    0.956586] acpiphp: ACPI Hot Plug PCI Controller Driver version: 0.5
[    0.959296] PCI: Using configuration type 1 for base access
[    0.968455] cryptd: max_cpu_qlen set to 1000
[    0.974160] ACPI: Added _OSI(Module Device)
[    0.974356] ACPI: Added _OSI(Processor Device)
[    0.974537] ACPI: Added _OSI(Processor Aggregator Device)
[    0.989023] ACPI: 1 ACPI AML tables successfully acquired and loaded
[    1.006150] ACPI: Interpreter enabled
[    1.006923] ACPI: PM: (supports S0 S5)
[    1.007125] ACPI: Using IOAPIC for interrupt routing
[    1.007673] PCI: Using host bridge windows from ACPI; if necessary, use "pci=nocrs" and report a bug
[    1.008050] PCI: Using E820 reservations for host bridge windows
[    1.016883] ACPI: Enabled 2 GPEs in block 00 to 0F
[    1.051733] ACPI: PCI Root Bridge [PCI0] (domain 0000 [bus 00-ff])
[    1.052583] acpi PNP0A03:00: _OSC: OS supports [ASPM ClockPM Segments MSI HPX-Type3]
[    1.053043] acpi PNP0A03:00: _OSC: not requesting OS control; OS requires [ExtendedConfig ASPM ClockPM MSI]
[    1.053905] acpi PNP0A03:00: fail to add MMCONFIG information, can't access extended configuration space under this bridge
[    1.067257] acpiphp: Slot [3] registered
[    1.067576] acpiphp: Slot [4] registered
[    1.067851] acpiphp: Slot [5] registered
[    1.068097] acpiphp: Slot [6] registered
[    1.073502] acpiphp: Slot [7] registered
[    1.075165] acpiphp: Slot [8] registered
[    1.075416] acpiphp: Slot [9] registered
[    1.075703] acpiphp: Slot [10] registered
[    1.075961] acpiphp: Slot [11] registered
[    1.076209] acpiphp: Slot [12] registered
[    1.076452] acpiphp: Slot [13] registered
[    1.084366] acpiphp: Slot [14] registered
[    1.085146] acpiphp: Slot [15] registered
[    1.085467] acpiphp: Slot [16] registered
[    1.085746] acpiphp: Slot [17] registered
[    1.086010] acpiphp: Slot [18] registered
[    1.086262] acpiphp: Slot [19] registered
[    1.095331] acpiphp: Slot [20] registered
[    1.095747] acpiphp: Slot [21] registered
[    1.096043] acpiphp: Slot [22] registered
[    1.096325] acpiphp: Slot [23] registered
[    1.096570] acpiphp: Slot [24] registered
[    1.096813] acpiphp: Slot [25] registered
[    1.105345] acpiphp: Slot [26] registered
[    1.105777] acpiphp: Slot [27] registered
[    1.106091] acpiphp: Slot [28] registered
[    1.106387] acpiphp: Slot [29] registered
[    1.106638] acpiphp: Slot [30] registered
[    1.106890] acpiphp: Slot [31] registered
[    1.115553] PCI host bridge to bus 0000:00
[    1.116293] pci_bus 0000:00: root bus resource [io  0x0000-0x0cf7 window]
[    1.116745] pci_bus 0000:00: root bus resource [io  0x0d00-0xffff window]
[    1.116975] pci_bus 0000:00: root bus resource [mem 0x000a0000-0x000bffff window]
[    1.125127] pci_bus 0000:00: root bus resource [mem 0x08000000-0xfebfffff window]
[    1.125564] pci_bus 0000:00: root bus resource [mem 0x100000000-0x17fffffff window]
[    1.126264] pci_bus 0000:00: root bus resource [bus 00-ff]
[    1.127643] pci 0000:00:00.0: [8086:1237] type 00 class 0x060000 conventional PCI endpoint
[    1.138969] pci 0000:00:01.0: [8086:7000] type 00 class 0x060100 conventional PCI endpoint
[    1.145063] pci 0000:00:01.1: [8086:7010] type 00 class 0x010180 conventional PCI endpoint
[    1.147609] pci 0000:00:01.1: BAR 4 [io  0xc0e0-0xc0ef]
[    1.152290] pci 0000:00:01.1: BAR 0 [io  0x01f0-0x01f7]: legacy IDE quirk
[    1.152577] pci 0000:00:01.1: BAR 1 [io  0x03f6]: legacy IDE quirk
[    1.152857] pci 0000:00:01.1: BAR 2 [io  0x0170-0x0177]: legacy IDE quirk
[    1.153108] pci 0000:00:01.1: BAR 3 [io  0x0376]: legacy IDE quirk
[    1.155956] pci 0000:00:01.3: [8086:7113] type 00 class 0x068000 conventional PCI endpoint
[    1.156574] pci 0000:00:01.3: quirk: [io  0x0600-0x063f] claimed by PIIX4 ACPI
[    1.156843] pci 0000:00:01.3: quirk: [io  0x0700-0x070f] claimed by PIIX4 SMB
[    1.165281] pci 0000:00:02.0: [1234:1111] type 00 class 0x030000 conventional PCI endpoint
[    1.174444] pci 0000:00:02.0: BAR 0 [mem 0xfd000000-0xfdffffff pref]
[    1.175700] pci 0000:00:02.0: BAR 2 [mem 0xfeb90000-0xfeb90fff]
[    1.177975] pci 0000:00:02.0: ROM [mem 0xfeb80000-0xfeb8ffff pref]
[    1.178419] pci 0000:00:02.0: Video device with shadowed ROM at [mem 0x000c0000-0x000dffff]
[    1.185773] pci 0000:00:03.0: [1af4:1000] type 00 class 0x020000 conventional PCI endpoint
[    1.187035] pci 0000:00:03.0: BAR 0 [io  0xc080-0xc09f]
[    1.189347] pci 0000:00:03.0: BAR 4 [mem 0xfe000000-0xfe003fff 64bit pref]
[    1.196113] pci 0000:00:03.0: ROM [mem 0xfea80000-0xfeafffff pref]
[    1.200927] pci 0000:00:04.0: [1af4:1005] type 00 class 0x00ff00 conventional PCI endpoint
[    1.202613] pci 0000:00:04.0: BAR 0 [io  0xc0a0-0xc0bf]
[    1.203541] pci 0000:00:04.0: BAR 1 [mem 0xfeb91000-0xfeb91fff]
[    1.206967] pci 0000:00:04.0: BAR 4 [mem 0xfe004000-0xfe007fff 64bit pref]
[    1.211336] pci 0000:00:05.0: [1af4:1000] type 00 class 0x020000 conventional PCI endpoint
[    1.212981] pci 0000:00:05.0: BAR 0 [io  0xc0c0-0xc0df]
[    1.215058] pci 0000:00:05.0: BAR 1 [mem 0xfeb92000-0xfeb92fff]
[    1.218922] pci 0000:00:05.0: BAR 4 [mem 0xfe008000-0xfe00bfff 64bit pref]
[    1.219678] pci 0000:00:05.0: ROM [mem 0xfeb00000-0xfeb7ffff pref]
[    1.223311] pci 0000:00:06.0: [1af4:1001] type 00 class 0x010000 conventional PCI endpoint
[    1.224562] pci 0000:00:06.0: BAR 0 [io  0xc000-0xc07f]
[    1.226039] pci 0000:00:06.0: BAR 1 [mem 0xfeb93000-0xfeb93fff]
[    1.227625] pci 0000:00:06.0: BAR 4 [mem 0xfe00c000-0xfe00ffff 64bit pref]
[    1.239173] ACPI: PCI: Interrupt link LNKA configured for IRQ 10
[    1.240283] ACPI: PCI: Interrupt link LNKB configured for IRQ 10
[    1.240953] ACPI: PCI: Interrupt link LNKC configured for IRQ 11
[    1.241595] ACPI: PCI: Interrupt link LNKD configured for IRQ 11
[    1.242032] ACPI: PCI: Interrupt link LNKS configured for IRQ 9
[    1.249456] iommu: Default domain type: Translated
[    1.249706] iommu: DMA domain TLB invalidation policy: lazy mode
[    1.257489] SCSI subsystem initialized
[    1.258565] ACPI: bus type USB registered
[    1.259121] usbcore: registered new interface driver usbfs
[    1.261503] usbcore: registered new interface driver hub
[    1.262018] usbcore: registered new device driver usb
[    1.262551] pps_core: LinuxPPS API ver. 1 registered
[    1.262789] pps_core: Software ver. 5.3.6 - Copyright 2005-2007 Rodolfo Giometti <giometti@linux.it>
[    1.265340] PTP clock support registered
[    1.283723] PCI: Using ACPI for IRQ routing
[    1.286000] hpet0: at MMIO 0xfed00000, IRQs 2, 8, 0
[    1.286278] hpet0: 3 comparators, 64-bit 100.000000 MHz counter
[    1.292039] clocksource: Switched to clocksource tsc-early
[    1.292039] pnp: PnP ACPI init
[    1.292694] pnp: PnP ACPI: found 6 devices
[    1.306646] clocksource: acpi_pm: mask: 0xffffff max_cycles: 0xffffff, max_idle_ns: 2085701024 ns
[    1.307962] NET: Registered PF_INET protocol family
[    1.309543] IP idents hash table entries: 2048 (order: 2, 16384 bytes, linear)
[    1.314928] tcp_listen_portaddr_hash hash table entries: 256 (order: 0, 4096 bytes, linear)
[    1.317485] Table-perturb hash table entries: 65536 (order: 6, 262144 bytes, linear)
[    1.317986] TCP established hash table entries: 1024 (order: 1, 8192 bytes, linear)
[    1.318446] TCP bind hash table entries: 1024 (order: 3, 32768 bytes, linear)
[    1.328340] TCP: Hash tables configured (established 1024 bind 1024)
[    1.330390] MPTCP token hash table entries: 256 (order: 1, 6144 bytes, linear)
[    1.330897] UDP hash table entries: 256 (order: 1, 8192 bytes, linear)
[    1.331340] UDP-Lite hash table entries: 256 (order: 1, 8192 bytes, linear)
[    1.340750] NET: Registered PF_UNIX/PF_LOCAL protocol family
[    1.341910] pci_bus 0000:00: resource 4 [io  0x0000-0x0cf7 window]
[    1.342144] pci_bus 0000:00: resource 5 [io  0x0d00-0xffff window]
[    1.342382] pci_bus 0000:00: resource 6 [mem 0x000a0000-0x000bffff window]
[    1.350129] pci_bus 0000:00: resource 7 [mem 0x08000000-0xfebfffff window]
[    1.350511] pci_bus 0000:00: resource 8 [mem 0x100000000-0x17fffffff window]
[    1.351349] pci 0000:00:01.0: PIIX3: Enabling Passive Release
[    1.351651] pci 0000:00:00.0: Limiting direct PCI/PCI transfers
[    1.361492] PCI: CLS 0 bytes, default 64
[    1.381190] workingset: timestamp_bits=46 max_order=15 bucket_order=0
[    1.383649] squashfs: version 4.0 (2009/01/31) Phillip Lougher
[    1.386384] Block layer SCSI generic (bsg) driver version 0.4 loaded (major 247)
[    1.390113] hv_vmbus: registering driver hyperv_fb
[    1.394996] input: Power Button as /devices/LNXSYSTM:00/LNXPWRBN:00/input/input0
[    1.403668] ACPI: button: Power Button [PWRF]
[    1.562882] ACPI: \_SB_.LNKC: Enabled at IRQ 11
[    1.717592] ACPI: \_SB_.LNKD: Enabled at IRQ 10
[    1.869326] ACPI: \_SB_.LNKA: Enabled at IRQ 10
[    2.020726] ACPI: \_SB_.LNKB: Enabled at IRQ 11
[    2.022490] Serial: 8250/16550 driver, 16 ports, IRQ sharing enabled
[    2.047700] 00:04: ttyS0 at I/O 0x3f8 (irq = 4, base_baud = 115200) is a 16550A
[    2.074566] Non-volatile memory driver v1.3
[    2.086172] Linux agpgart interface v0.103
[    2.087208] ACPI: bus type drm_connector registered
[    2.090157] [drm] Found bochs VGA, ID 0xb0c5.
[    2.090404] [drm] Framebuffer size 16384 kB @ 0xfd000000, mmio @ 0xfeb90000.
[    2.096281] [drm] Found EDID data blob.
[    2.102042] [drm] Initialized bochs-drm 1.0.0 for 0000:00:02.0 on minor 0
[    2.171017] Console: switching to colour frame buffer device 160x50
[    2.183750] bochs-drm 0000:00:02.0: [drm] fb0: bochs-drmdrmfb frame buffer device
[    2.218838] loop: module loaded
[    2.219496] virtio_blk virtio3: 1/0/0 default/read/poll queues
[    2.223908] virtio_blk virtio3: [vda] 246784 512-byte logical blocks (126 MB/121 MiB)
[    2.233443]  vda: vda1 vda2
[    2.235592] Guest personality initialized and is inactive
[    2.236179] VMCI host device registered (name=vmci, major=10, minor=256)
[    2.236461] Initialized host personality
[    2.236809] usbcore: registered new interface driver rtsx_usb
[    2.245088] VMware PVSCSI driver - version 1.0.7.0-k
[    2.245466] hv_vmbus: registering driver hv_storvsc
[    2.261027] scsi host0: ata_piix
[    2.263578] scsi host1: ata_piix
[    2.264415] ata1: PATA max MWDMA2 cmd 0x1f0 ctl 0x3f6 bmdma 0xc0e0 irq 14 lpm-pol 0
[    2.264729] ata2: PATA max MWDMA2 cmd 0x170 ctl 0x376 bmdma 0xc0e8 irq 15 lpm-pol 0
[    2.274026] VMware vmxnet3 virtual NIC driver - version 1.9.0.0-k-NAPI
[    2.274622] hv_vmbus: registering driver hv_netvsc
[    2.275186] Fusion MPT base driver 3.04.20
[    2.275398] Copyright (c) 1999-2008 LSI Corporation
[    2.275797] Fusion MPT SPI Host driver 3.04.20
[    2.285103] Fusion MPT SAS Host driver 3.04.20
[    2.287296] usbcore: registered new interface driver usb-storage
[    2.288541] i8042: PNP: PS/2 Controller [PNP0303:KBD,PNP0f13:MOU] at 0x60,0x64 irq 1,12
[    2.291879] serio: i8042 KBD port at 0x60,0x64 irq 1
[    2.292256] serio: i8042 AUX port at 0x60,0x64 irq 12
[    2.298814] hv_vmbus: registering driver hyperv_keyboard
[    2.301163] rtc_cmos 00:05: RTC can wake from S4
[    2.306030] rtc_cmos 00:05: registered as rtc0
[    2.308651] rtc_cmos 00:05: setting system clock to 2026-04-11T02:56:39 UTC (1775876199)
[    2.310893] rtc_cmos 00:05: alarms up to one day, y3k, 242 bytes nvram, hpet irqs
[    2.313307] intel_powerclamp: CPU does not support MWAIT
[    2.315473] amd_pstate: the _CPC object is not present in SBIOS or ACPI disabled
[    2.321895] sdhci: Secure Digital Host Controller Interface driver
[    2.323728] sdhci: Copyright(c) Pierre Ossman
[    2.326181] VUB300 Driver rom wait states = 1C irqpoll timeout = 0400
[    2.333846] input: AT Translated Set 2 keyboard as /devices/platform/i8042/serio0/input/input1
[    2.358635] usbcore: registered new interface driver vub300
[    2.360836] usbcore: registered new interface driver ushc
[    2.369502] hid: raw HID events driver (C) Jiri Kosina
[    2.371934] hv_vmbus: registering driver hid_hyperv
[    2.374666] usbcore: registered new interface driver usbhid
[    2.376855] usbhid: USB HID core driver
[    2.378935] hv_utils: Registering HyperV Utility Driver
[    2.382034] hv_vmbus: registering driver hv_utils
[    2.383971] hv_vmbus: registering driver hv_balloon
[    2.387371] NET: Registered PF_INET6 protocol family
[    2.402095] Segment Routing with IPv6
[    2.404208] In-situ OAM (IOAM) with IPv6
[    2.406729] NET: Registered PF_PACKET protocol family
[    2.409149] bridge: filtering via arp/ip/ip6tables is no longer available by default. Update your scripts to load br_netfilter if you need this.
[    2.418799] 8021q: 802.1Q VLAN Support v1.8
[    2.421363] NET: Registered PF_VSOCK protocol family
[    2.430212] IPI shorthand broadcast: enabled
[    2.438308] AES CTR mode by8 optimization enabled
[    2.459510] sched_clock: Marking stable (2190127197, 264828781)->(2467308091, -12352113)
[    2.491963] tsc: Refined TSC clocksource calibration: 2445.424 MHz
[    2.494317] clocksource: tsc: mask: 0xffffffffffffffff max_cycles: 0x233fd5e8294, max_idle_ns: 440795237246 ns
[    2.505595] ata2: found unknown device (class 0)
[    2.548581] clocksource: Switched to clocksource tsc
[    2.560145] ata2.00: ATAPI: QEMU DVD-ROM, 2.5+, max UDMA/100
[    2.577117] scsi 1:0:0:0: CD-ROM            QEMU     QEMU DVD-ROM     2.5+ PQ: 0 ANSI: 5
[    2.589527] clk: Disabling unused clocks
[    2.636878] sr 1:0:0:0: [sr0] scsi3-mmc drive: 4x/4x cd/rw xa/form2 tray
[    2.639372] cdrom: Uniform CD-ROM driver Revision: 3.20
[    2.696651] VFS: Mounted root (squashfs filesystem) readonly on device 254:2.
[    2.766037] Freeing unused kernel image (initmem) memory: 1496K
[    2.768450] Write protecting the kernel read-only data: 18432k
[    2.771542] Freeing unused kernel image (rodata/data gap) memory: 112K
[    2.774049] Run /sbin/init as init process
[    3.066065] init: Console is alive
[    3.768625] kmodloader: loading kernel modules from /etc/modules-boot.d/*
[    3.843755] button_hotplug: loading out-of-tree module taints kernel.
[    3.850702] Button Hotplug driver version 0.4.1
[    3.870106] Intel(R) 2.5G Ethernet Linux Driver
[    3.872473] Copyright(c) 2018 Intel Corporation.
[    3.888376] igb: Intel(R) Gigabit Ethernet Network Driver
[    3.890740] igb: Copyright (c) 2007-2014 Intel Corporation.
[    3.906921] e1000e: Intel(R) PRO/1000 Network Driver
[    3.909343] e1000e: Copyright(c) 1999 - 2015 Intel Corporation.
[    3.923291] kmodloader: done loading kernel modules from /etc/modules-boot.d/*
[    3.936621] init: - preinit -
[    4.914035] 8021q: adding VLAN 0 to HW filter on device eth0
Press the [f] key and hit [enter] to enter failsafe mode
Press the [1], [2], [3] or [4] key and hit [enter] to select the debug level

[    9.526353] loop0: detected capacity change from 0 to 212992
[    9.575372] loop0: detected capacity change from 212992 to 199680
[    9.589190] mount_root: overlay filesystem in /dev/loop0 has not been formatted yet
[    9.944837] EXT4-fs (loop0): mounted filesystem 8007adc0-48e5-4921-9552-d77ff9c50605 r/w with ordered data mode. Quota mode: disabled.
[    9.960976] mount_root: overlay filesystem has not been fully initialized yet
[    9.978787] mount_root: switching to ext4 overlay
[    9.999723] overlayfs: null uuid detected in lower fs '/', falling back to xino=off,index=off,nfs_export=off.
[   10.729770] EXT4-fs (vda1): mounted filesystem 84173db5-fa99-e35a-95c6-28613cc79ea9 r/w without journal. Quota mode: disabled.
[   10.753096] urandom-seed: Seed file not found (/etc/urandom.seed)
[   10.901212] procd: - early -
[   11.649410] procd: - ubus -
[   11.829915] procd: - init -
Please press Enter to activate this console.
root
login[1052]: root login on 'ttyS0'


BusyBox v1.37.0 (2026-04-09 23:10:09 UTC) built-in shell (ash)

  _______                     ________        __
 |       |.-----.-----.-----.|  |  |  |.----.|  |_
 |   -   ||  _  |  -__|     ||  |  |  ||   _||   _|
 |_______||   __|_____|__|__||________||__|  |____|
          |__| W I R E L E S S   F R E E D O M
 -----------------------------------------------------
 OpenWrt SNAPSHOT, r33865-8101611355
 -----------------------------------------------------

 === WARNING! =====================================
 There is no root password defined on this device!
 Use the "passwd" command to set up a new password
 in order to prevent unauthorized SSH logins.
 --------------------------------------------------

  ___   __ __                _______             __
 |   |_|__|  |--.----.-----.|   |   |-----.-----|  |--.
 |     |  |  _  |   _|  -__||       |  -__|__ --|     |
 |_____|__|_____|__| |_____||__|_|__|_____|_____|__|__|

 ------------------------------------------------------
 LiMe master development (master rev. 142c27f 20260407_1216)
 ------------------------------------------------------
 https://libremesh.org
 ------------------------------------------------------
root@(none):~# dmesg -n 1
root@(none):~# echo 'ZEBS''YAGTUS'
ZEBSYAGTUS
root@LiMe-123456:~# run() { echo -n "$MARKER"; sh -c "$@"; echo "$MARKER $?"; }
root@LiMe-123456:~# echo 'FWBQ''GCSSAK'
FWBQGCSSAK
root@LiMe-123456:~# MARKER='YSNN''WCEWHK' run 'ubus wait_for network.interface.l
an'
YSNNWCEWHKYSNNWCEWHK 0
root@LiMe-123456:~# echo 'HEZB''MWOPMT'
HEZBMWOPMT
root@LiMe-123456:~# MARKER='ZWVN''ESTNFU' run 'ubus call network.interface.lan s
tatus '"'"'{}'"'"''
ZWVNESTNFU{
	"up": true,
	"pending": false,
	"available": true,
	"autostart": true,
	"dynamic": false,
	"uptime": 1,
	"l3_device": "br-lan",
	"proto": "static",
	"device": "br-lan",
	"updated": [
		"addresses"
	],
	"metric": 0,
	"dns_metric": 0,
	"delegation": true,
	"ipv4-address": [
		{
			"address": "10.13.52.86",
			"mask": 16
		}
	],
	"ipv6-address": [
		{
			"address": "fd0d:fe46:8ce8::12:3456",
			"mask": 64
		}
	],
	"ipv6-prefix": [
		
	],
	"ipv6-prefix-assignment": [
		
	],
	"route": [
		
	],
	"dns-server": [
		
	],
	"dns-search": [
		
	],
	"neighbors": [
		
	],
	"inactive": {
		"ipv4-address": [
			
		],
		"ipv6-address": [
			
		],
		"route": [
			
		],
		"dns-server": [
			
		],
		"dns-search": [
			
		],
		"neighbors": [
			
		]
	},
	"data": {
		
	}
}
ZWVNESTNFU 0
root@LiMe-123456:~# echo 'CYSV''HWQHKG'
CYSVHWQHKG
root@LiMe-123456:~# MARKER='BFXO''MFSBLS' run true
BFXOMFSBLSBFXOMFSBLS 0
root@LiMe-123456:~# echo 'TAXJ''VLXSVT'
TAXJVLXSVT
root@LiMe-123456:~# MARKER='TGEC''LXVTXS' run 'source /etc/os-release; echo $BUI
LD_ID'
TGECLXVTXSr33865-8101611355
TGECLXVTXS 0
root@LiMe-123456:~# echo 'FOPJ''KCFQON'
FOPJKCFQON
root@LiMe-123456:~# MARKER='EHHX''HCTNWF' run 'ls /etc/dropbear/dropbear_rsa_hos
t_key'
EHHXHCTNWF[0;0m/etc/dropbear/dropbear_rsa_host_key[m
EHHXHCTNWF 0
root@LiMe-123456:~# echo 'KXOL''PCQUQE'
KXOLPCQUQE
root@LiMe-123456:~# MARKER='PGVY''PXXSQT' run 'netstat -tlpn | grep 0.0.0.0:22'
PGVYPXXSQTnetstat: showing only processes with your user ID
tcp        0      0 0.0.0.0:22              0.0.0.0:*               LISTEN      2101/dropbear
PGVYPXXSQT 0
root@LiMe-123456:~# echo 'YSXJ''LMHYQW'
YSXJLMHYQW
root@LiMe-123456:~# MARKER='JEFZ''TGTBZK' run 'dmesg | grep br-lan | grep forwar
ding'
JEFZTGTBZK[   43.775544] br-lan: port 1(eth0) entered forwarding state
[   47.089093] br-lan: port 2(bat0) entered forwarding state
JEFZTGTBZK 0
root@LiMe-123456:~# echo 'EVHW''MWGGFQ'
EVHWMWGGFQ
root@LiMe-123456:~# MARKER='SKAN''JEUBHY' run 'ubus call network.interface.lan s
tatus '"'"'{}'"'"''
SKANJEUBHY{
	"up": true,
	"pending": false,
	"available": true,
	"autostart": true,
	"dynamic": false,
	"uptime": 41,
	"l3_device": "br-lan",
	"proto": "static",
	"device": "br-lan",
	"updated": [
		"addresses"
	],
	"metric": 0,
	"dns_metric": 0,
	"delegation": true,
	"ipv4-address": [
		{
			"address": "10.13.52.86",
			"mask": 16
		}
	],
	"ipv6-address": [
		{
			"address": "fd0d:fe46:8ce8::12:3456",
			"mask": 64
		}
	],
	"ipv6-prefix": [
		
	],
	"ipv6-prefix-assignment": [
		
	],
	"route": [
		
	],
	"dns-server": [
		
	],
	"dns-search": [
		
	],
	"neighbors": [
		
	],
	"inactive": {
		"ipv4-address": [
			
		],
		"ipv6-address": [
			
		],
		"route": [
			
		],
		"dns-server": [
			
		],
		"dns-search": [
			
		],
		"neighbors": [
			
		]
	},
	"data": {
		
	}
}
SKANJEUBHY 0
root@LiMe-123456