Labgrid Console Logfile for main
Logfile started at 2026-03-17 02:12:20.369888
=== Log starts here ===
c[?7l[2J[0mSeaBIOS (version 1.16.3-debian-1.16.3-2)


iPXE (https://ipxe.org) 00:03.0 CA00 PCI2.10 PnP PMM+06FCAE70+06F0AE70 CA00
Press Ctrl-B to configure iPXE (PCI 00:03.0)...                                                                               




iPXE (https://ipxe.org) 00:05.0 CB00 PCI2.10 PnP PMM 06FCAE70 06F0AE70 CB00
Press Ctrl-B to configure iPXE (PCI 00:05.0)...                                                                               


Booting from Hard Disk...
GRUB loading.....
[0;30;47mWelcome to GRUB![01;01H[0m[2J[H[J[1;1H[?25l[m[H[J[1;1H[2;30HGNU GRUB  version 2.12

[m[4;2H+----------------------------------------------------------------------------+[5;2H|[5;79H|[6;2H|[6;79H|[7;2H|[7;79H|[8;2H|[8;79H|[9;2H|[9;79H|[10;2H|[10;79H|[11;2H|[11;79H|[12;2H|[12;79H|[13;2H|[13;79H|[14;2H|[14;79H|[15;2H|[15;79H|[16;2H+----------------------------------------------------------------------------+[m[17;2H[18;2H[m     Use the ^ and v keys to select which entry is highlighted.          
      Press enter to boot the selected OS, `e' to edit the commands       
      before booting or `c' for a command-line. ESC to return             
      previous menu.                                                      [5;80H [7m[5;3H*OpenWrt                                                                    [m[5;78H[m[m[6;3H OpenWrt (failsafe)                                                         [m[6;78H[m[m[7;3H                                                                            [m[7;78H[m[m[8;3H                                                                            [m[8;78H[m[m[9;3H                                                                            [m[9;78H[m[m[10;3H                                                                            [m[10;78H[m[m[11;3H                                                                            [m[11;78H[m[m[12;3H                                                                            [m[12;78H[m[m[13;3H                                                                            [m[13;78H[m[m[14;3H                                                                            [m[14;78H[m[m[15;3H                                                                            [m[15;78H[m[15;80H [5;78H[2J[02;30HGNU GRUB  version 2.12[04;02H┌────────────────────────────────────────────────────────────────────────────┐[05;02H│[05;79H│[06;02H│[06;79H│[07;02H│[07;79H│[08;02H│[08;79H│[09;02H│[09;79H│[10;02H│[10;79H│[11;02H│[11;79H│[12;02H│[12;79H│[13;02H│[13;79H│[14;02H│[14;79H│[15;02H│[15;79H│[16;02H│[16;79H│[17;02H└────────────────────────────────────────────────────────────────────────────┘[19;02H     Use the ↑ and ↓ keys to select which entry is highlighted.          
      Press enter to boot the selected OS, `e' to edit the commands       
      before booting or `c' for a[21;33H[21;34H command-line. ESC to return             
      previous menu.                                                      [05;80H [05;03H[0;30;47m*OpenWrt                                                                    [06;03H[0m OpenWrt (failsafe)                                                         [07;03H                                                                            [08;03H                                                                            [09;03H                                                                            [10;03H                                                                            [11;03H                                                                            [12;03H                                                                            [13;03H                                                                            [14;03H              [14;16H[14;17H                                                              [15;03H                                                                            [16;03H                                                                            [16;80H 






   The highlighted entry will be executed automatically in 5s.                [22;1H   The highlighted entry will be executed automatically in 5s.                 [5;78H [05;78H

















   The highlighted entry will be executed automatically in 4s.                [22;1H   The highlighted entry will be executed automatically in 4s.                 [5;78H [05;78H

















   The highlighted entry will be execu[23;38H[23;39Hted automatically in 3s.                [22;1H   The highlighted entry will be executed automatically in 3s.                 [5;78H [05;78H

















   The highlighted entry will be executed automatically in 2s.                [22;1H   The highlighted entry will be executed automatically in 2s.                 [5;78H [05;78H

















   The highlighted entry will be executed automatically in 1s.                [22;1H   The highlighted entry will be executed automatically in 1s.                 [5;78H [05;78H

















   The highlighted entry will be executed automatically in 0s.                [22;1H   The highlighted entry will be executed automatically in 0s.                 [5;78H [01;01H[2J[?25h[H[J[1;1H[H[J[1;1H[2J   Booting `OpenWrt' Booting `OpenWrt

'

[    0.000000] Linux version 6.12.74 (builder@buildhost) (x86_64-openwrt-linux-musl-gcc (OpenWrt GCC 14.3.0 r33437-045deec7e9) 14.3.0, GNU ld (GNU Binutils) 2.44) #0 SMP Mon Mar 16 20:17:33 2026
[    0.000000] Command line: BOOT_IMAGE=/boot/vmlinuz root=PARTUUID=e4d2d6b0-02 rooconsole=tty1 console=ttyS0,115200n8 noinitrd
[    0.000000] BIOS-provided physical RAM map:
[    0.000000] BIOS-e820: [mem 0x0000000000000000-0x000000000009fbff] usable
[    0.000000] BIOS-e820: [mem 0x000000000009fc00-0x000000000009ffff] reserved
[    0.000000] BIOS-e820: [m0000000000f0000-0x00000000000fffff] reserved
[    0.000000] BIOS-e820: [mem 0x0000000000100000-0x0000000007fdcfff] usable
[    0.000000] BIOS-e820: [mem 0x0000000007fdd000-0x0000000007ffffff] reserved
[    0.000000] BIOS-e820: [mem 0x00000000fffc0000-0x00000000ffffffff] reserv    0.000000] BIOS-e820: [mem 0x000000fd00000000-0x000000ffffffffff] reserved
[    0.000000] NX (Execute Disable) protection: active
[    0.000000] APIC: Static calls initialized
[    0.000000] SMBIOS 3.0.0 present.
[    0.000000] DMI: QEMU Standard PC (i440FX + PIIX, 1996), BIOS 1.16.3-debian-1.16.3-2 04/01/2014
[    0.] DMI: Memory slots populated: 1/1
[    0.000000] last_pfn = 0x7fdd max_arch_pfn = 0x400000000
[    0.000000] MTRR map: 4 entries (3 fixed + 1 variable; max 19), built from 8 variable MTRRs
[    0.000000] x86/PAT: Configuration [0-7]: WB  WC  UC- UC  WB  WP  UC- WT  
[    0.000000] foP MP-table at [mem 0x000f5460-0x000f546f]
[    0.000000] Using GB pages for direct mapping
[    0.000000] ACPI: Early table checksum verification disabled
[    0.000000] ACPI: RSDP 0x00000000000F5290 000014 (v00 BOCHS )
[    0.000000] ACPI: RSDT 0x0000000007FE1C64 000034 (v01 BOXPC     00000001 BXPC 00000001)
[    0.000000] ACPI: FACP 0x0000000007FE1B18 000074 (v01 BOCHS  BXPC     00000001 BXPC 00000001)
[    0.000000] ACPI: DSDT 0x0000000007FE0040 001AD8 (v01 BOCHS  BXPC     00000001 BXPC 00000001)
[    0.000000] ACPI: FACS 0x0000000007FE0000 000040  0.000000] ACPI: APIC 0x0000000007FE1B8C 000078 (v03 BOCHS  BXPC     00000001 BXPC 00000001)
[    0.000000] ACPI: HPET 0x0000000007FE1C04 000038 (v01 BOCHS  BXPC     00000001 BXPC 00000001)
[    0.000000] ACPI: WAET 0x0000000007FE1C3C 000028 (v01 BOCHS  BXPC     00000001 BXPC 00000001)
[    0.00ACPI: Reserving FACP table memory at [mem 0x7fe1b18-0x7fe1b8b]
[    0.000000] ACPI: Reserving DSDT table memory at [mem 0x7fe0040-0x7fe1b17]
[    0.000000] ACPI: Reserving FACS table memory at [mem 0x7fe0000-0x7fe003f]
[    0.000000] ACPI: Reserving APIC table memory at [mem 0x7fe1b8c-0x3]
[    0.000000] ACPI: Reserving HPET table memory at [mem 0x7fe1c04-0x7fe1c3b]
[    0.000000] ACPI: Reserving WAET table memory at [mem 0x7fe1c3c-0x7fe1c63]
[    0.000000] Zone ranges:
[    0.000000]   DMA      [mem 0x0000000000001000-0x0000000000ffffff]
[    0.000000]   D  [mem 0x0000000001000000-0x0000000007fdcfff]
[    0.000000]   Normal   empty
[    0.000000] Movable zone start for each node
[    0.000000] Early memory node ranges
[    0.000000]   node   0: [mem 0x0000000000001000-0x000000000009efff]
[    0.000000]   node   0: [mem 0x000000000010x0000000007fdcfff]
[    0.000000] Initmem setup node 0 [mem 0x0000000000001000-0x0000000007fdcfff]
[    0.000000] On node 0, zone DMA: 1 pages in unavailable ranges
[    0.000000] On node 0, zone DMA: 97 pages in unavailable ranges
[    0.000000] On node 0, zone DMA32: 35 pages in uable ranges
[    0.000000] ACPI: PM-Timer IO Port: 0x608
[    0.000000] ACPI: LAPIC_NMI (acpi_id[0xff] dfl dfl lint[0x1])
[    0.000000] IOAPIC[0]: apic_id 0, version 32, address 0xfec00000, GSI 0-23
[    0.000000] ACPI: INT_SRC_OVR (bus 0 bus_irq 0 global_irq 2 dfl dfl)
[    0.000000] INT_SRC_OVR (bus 0 bus_irq 5 global_irq 5 high level)
[    0.000000] ACPI: INT_SRC_OVR (bus 0 bus_irq 9 global_irq 9 high level)
[    0.000000] ACPI: INT_SRC_OVR (bus 0 bus_irq 10 global_irq 10 high level)
[    0.000000] ACPI: INT_SRC_OVR (bus 0 bus_irq 11 global_irq 11 high level)
[ 00000] ACPI: Using ACPI (MADT) for SMP configuration information
[    0.000000] ACPI: HPET id: 0x8086a201 base: 0xfed00000
[    0.000000] CPU topo: Max. logical packages:   1
[    0.000000] CPU topo: Max. logical dies:       1
[    0.000000] CPU topo: Max. dies per package:   1
[    0.00CPU topo: Max. threads per core:   1
[    0.000000] CPU topo: Num. cores per package:     1
[    0.000000] CPU topo: Num. threads per package:   1
[    0.000000] CPU topo: Allowing 1 present CPUs plus 0 hotplug CPUs
[    0.000000] [mem 0x08000000-0xfffbffff] available for PCI devices
0.000000] Booting paravirtualized kernel on bare hardware
[    0.000000] clocksource: refined-jiffies: mask: 0xffffffff max_cycles: 0xffffffff, max_idle_ns: 19112604462750000 ns
[    0.000000] setup_percpu: NR_CPUS:512 nr_cpumask_bits:1 nr_cpu_ids:1 nr_node_ids:1
[    0.000000] percpu: ed 50 pages/cpu s166808 r8192 d29800 u2097152
[    0.000000] Kernel command line: BOOT_IMAGE=/boot/vmlinuz root=PARTUUID=e4d2d6b0-02 rootwait console=tty1 console=ttyS0,115200n8 noinitrd
[    0.000000] random: crng init done
[    0.000000] Dentry cache hash table entries: 16384 (order: 5, 1310es, linear)
[    0.000000] Inode-cache hash table entries: 8192 (order: 4, 65536 bytes, linear)
[    0.000000] Built 1 zonelists, mobility grouping on.  Total pages: 32635
[    0.000000] mem auto-init: stack:off, heap alloc:off, heap free:off
[    0.000000] SLUB: HWalign=64, Order=0-3, ects=0, CPUs=1, Nodes=1
[    0.000000] rcu: Hierarchical RCU implementation.
[    0.000000] rcu: 	RCU restricting CPUs from NR_CPUS=512 to nr_cpu_ids=1.
[    0.000000] 	Tracing variant of Tasks RCU enabled.
[    0.000000] rcu: RCU calculated value of scheduler-enlistment delay is 10 jif
[    0.000000] rcu: Adjusting geometry for rcu_fanout_leaf=16, nr_cpu_ids=1
[    0.000000] RCU Tasks Trace: Setting shift to 0 and lim to 1 rcu_task_cb_adjust=1 rcu_task_cpu_ids=1.
[    0.000000] NR_IRQS: 33024, nr_irqs: 256, preallocated irqs: 16
[    0.000000] rcu: srcu_init: g srcu_struct sizes based on contention.
[    0.000000] Console: colour VGA+ 80x25
[    0.000000] printk: legacy console [tty1] enabled
[    0.000000] printk: legacy console [ttyS0] enabled
[    0.000000] ACPI: Core revision 20240827
[    0.000000] clocksource: hpet: mask: 0xffffff max_cycles: 0xffffffff, max_idle_ns: 19112604467 ns
[    0.010000] APIC: Switch to symmetric I/O mode setup
[    0.010000] ..TIMER: vector=0x30 apic1=0 pin1=2 apic2=-1 pin2=-1
[    0.090000] tsc: Unable to calibrate against PIT
[    0.090000] tsc: using HPET reference calibration
[    0.090000] tsc: Detected 2443.344 MHz processor
[    0.000333] clocksource: tsc-early: mask: 0xffffffffffffffff max_cycles: 0x233828f7f1d, max_idle_ns: 440795303497 ns
[    0.010148] Calibrating delay loop (skipped), value calculated using timer frequency.. 4886.68 BogoMIPS (lpj=24433440)
[    0.012111] x86/cpu: User Mode Instruction Prevention (UMIP) activated
[    0.023559] Last level iTLB entries: 4KB 0, 2MB 0, 4MB 0
[    0.024017] Last level dTLB entries: 4KB 0, 2MB 0, 4MB 0, 1GB 0
[    0.025097] Spectre V1 : Mitigation: usercopy/swapgs barriers and __user pointer sanitization
[    0.025922] Spectre V2 : Mitigation: Retpolines
[    0.030093] Spectre V2 : Spectre v2 / SpectreRSB: Filling RSB on context switch and VMEXIT
[    0.030735] Speculative Store Bypass: Vulnerable
[    0.032813] x86/fpu: Supporting XSAVE feature 0x001: 'x87 floating point registers'
[    0.043968] x86/fpu: Supporting XSAVE feature 0x002: 'SSE registers'
[    0.045368] x86/fpu: Supporting XSAVE feature 0x004: 'AVX registers'
[    0.045740] x86/fpu: Supporting XSAVE feature 0x008: 'MPX bounds registers'
[    0.046064] x86/fpu: Supporting XSAVE feature 0x010: 'MPX CSR'
[    0.046528] x86/fpu: xstate_offset[2]:  576, xstate_sizes[2]:  256
[    0.050190] x86/fpu: xstate_offset[3]:  960, xstate_sizes[3]:   64
[    0.050555] x86/fpu: xstate_offset[4]: 1024, xstate_sizes[4]:   64
[    0.050832] x86/fpu: Enabled xstate features 0x1f, context size is 1088 bytes, using 'standard' format.
[    0.282561] Freeing SMP alternatives memory: 40K
[    0.283410] pid_max: default: 32768 minimum: 301
[    0.292850] Mount-cache hash table entries: 512 (order: 0, 4096 bytes, linear)
[    0.293281] Mountpoint-cache hash table entries: 512 (order: 0, 4096 bytes, linear)
[    0.445160] smpboot: CPU0: AMD QEMU TCG CPU version 2.5+ (family: 0x6, model: 0x6, stepping: 0x3)
[    0.455950] Performance Events: PMU not available due to virtualization, using software events only.
[    0.457512] signal: max sigframe size: 1616
[    0.476363] rcu: Hierarchical SRCU implementation.
[    0.476674] rcu: 	Max phase no-delay instances is 1000.
[    0.483684] smp: Bringing up secondary CPUs ...
[    0.485504] smp: Brought up 1 node, 1 CPU
[    0.485813] smpboot: Total of 1 processors activated (4886.68 BogoMIPS)
[    0.493748] Memory: 103268K/130540K available (14336K kernel code, 1166K rwdata, 3976K rodata, 1496K init, 1312K bss, 25628K reserved, 0K cma-reserved)
[    0.506600] clocksource: jiffies: mask: 0xffffffff max_cycles: 0xffffffff, max_idle_ns: 19112604462750000 ns
[    0.507559] futex hash table entries: 256 (order: 2, 16384 bytes, linear)
[    0.508799] pinctrl core: initialized pinctrl subsystem
[    0.528843] NET: Registered PF_NETLINK/PF_ROUTE protocol family
[    0.535436] thermal_sys: Registered thermal governor 'step_wise'
[    0.535476] thermal_sys: Registered thermal governor 'user_space'
[    0.536590] cpuidle: using governor ladder
[    0.537148] cpuidle: using governor menu
[    0.541124] acpiphp: ACPI Hot Plug PCI Controller Driver version: 0.5
[    0.544074] PCI: Using configuration type 1 for base access
[    0.554176] cryptd: max_cpu_qlen set to 1000
[    0.560422] ACPI: Added _OSI(Module Device)
[    0.560659] ACPI: Added _OSI(Processor Device)
[    0.560851] ACPI: Added _OSI(Processor Aggregator Device)
[    0.575480] ACPI: 1 ACPI AML tables successfully acquired and loaded
[    0.594526] ACPI: Interpreter enabled
[    0.595412] ACPI: PM: (supports S0 S5)
[    0.595635] ACPI: Using IOAPIC for interrupt routing
[    0.596290] PCI: Using host bridge windows from ACPI; if necessary, use "pci=nocrs" and report a bug
[    0.596695] PCI: Using E820 reservations for host bridge windows
[    0.602388] ACPI: Enabled 2 GPEs in block 00 to 0F
[    0.641420] ACPI: PCI Root Bridge [PCI0] (domain 0000 [bus 00-ff])
[    0.642388] acpi PNP0A03:00: _OSC: OS supports [ASPM ClockPM Segments MSI HPX-Type3]
[    0.642881] acpi PNP0A03:00: _OSC: not requesting OS control; OS requires [ExtendedConfig ASPM ClockPM MSI]
[    0.643811] acpi PNP0A03:00: fail to add MMCONFIG information, can't access extended configuration space under this bridge
[    0.654662] acpiphp: Slot [3] registered
[    0.655039] acpiphp: Slot [4] registered
[    0.655317] acpiphp: Slot [5] registered
[    0.655586] acpiphp: Slot [6] registered
[    0.661829] acpiphp: Slot [7] registered
[    0.662143] acpiphp: Slot [8] registered
[    0.662415] acpiphp: Slot [9] registered
[    0.662677] acpiphp: Slot [10] registered
[    0.662953] acpiphp: Slot [11] registered
[    0.663241] acpiphp: Slot [12] registered
[    0.670338] acpiphp: Slot [13] registered
[    0.670774] acpiphp: Slot [14] registered
[    0.671191] acpiphp: Slot [15] registered
[    0.671463] acpiphp: Slot [16] registered
[    0.671729] acpiphp: Slot [17] registered
[    0.672019] acpiphp: Slot [18] registered
[    0.680268] acpiphp: Slot [19] registered
[    0.680713] acpiphp: Slot [20] registered
[    0.681206] acpiphp: Slot [21] registered
[    0.681490] acpiphp: Slot [22] registered
[    0.681761] acpiphp: Slot [23] registered
[    0.682056] acpiphp: Slot [24] registered
[    0.682326] acpiphp: Slot [25] registered
[    0.690310] acpiphp: Slot [26] registered
[    0.690757] acpiphp: Slot [27] registered
[    0.691121] acpiphp: Slot [28] registered
[    0.691410] acpiphp: Slot [29] registered
[    0.691688] acpiphp: Slot [30] registered
[    0.691956] acpiphp: Slot [31] registered
[    0.700756] PCI host bridge to bus 0000:00
[    0.710120] pci_bus 0000:00: root bus resource [io  0x0000-0x0cf7 window]
[    0.710556] pci_bus 0000:00: root bus resource [io  0x0d00-0xffff window]
[    0.710835] pci_bus 0000:00: root bus resource [mem 0x000a0000-0x000bffff window]
[    0.720189] pci_bus 0000:00: root bus resource [mem 0x08000000-0xfebfffff window]
[    0.720641] pci_bus 0000:00: root bus resource [mem 0x100000000-0x17fffffff window]
[    0.721265] pci_bus 0000:00: root bus resource [bus 00-ff]
[    0.722730] pci 0000:00:00.0: [8086:1237] type 00 class 0x060000 conventional PCI endpoint
[    0.734382] pci 0000:00:01.0: [8086:7000] type 00 class 0x060100 conventional PCI endpoint
[    0.735359] pci 0000:00:01.1: [8086:7010] type 00 class 0x010180 conventional PCI endpoint
[    0.740130] pci 0000:00:01.1: BAR 4 [io  0xc0e0-0xc0ef]
[    0.744144] pci 0000:00:01.1: BAR 0 [io  0x01f0-0x01f7]: legacy IDE quirk
[    0.744496] pci 0000:00:01.1: BAR 1 [io  0x03f6]: legacy IDE quirk
[    0.744781] pci 0000:00:01.1: BAR 2 [io  0x0170-0x0177]: legacy IDE quirk
[    0.745069] pci 0000:00:01.1: BAR 3 [io  0x0376]: legacy IDE quirk
[    0.751368] pci 0000:00:01.3: [8086:7113] type 00 class 0x068000 conventional PCI endpoint
[    0.752083] pci 0000:00:01.3: quirk: [io  0x0600-0x063f] claimed by PIIX4 ACPI
[    0.752431] pci 0000:00:01.3: quirk: [io  0x0700-0x070f] claimed by PIIX4 SMB
[    0.761090] pci 0000:00:02.0: [1234:1111] type 00 class 0x030000 conventional PCI endpoint
[    0.762036] pci 0000:00:02.0: BAR 0 [mem 0xfd000000-0xfdffffff pref]
[    0.763651] pci 0000:00:02.0: BAR 2 [mem 0xfeb90000-0xfeb90fff]
[    0.771602] pci 0000:00:02.0: ROM [mem 0xfeb80000-0xfeb8ffff pref]
[    0.776543] pci 0000:00:02.0: Video device with shadowed ROM at [mem 0x000c0000-0x000dffff]
[    0.778529] pci 0000:00:03.0: [1af4:1000] type 00 class 0x020000 conventional PCI endpoint
[    0.780374] pci 0000:00:03.0: BAR 0 [io  0xc080-0xc09f]
[    0.790011] pci 0000:00:03.0: BAR 4 [mem 0xfe000000-0xfe003fff 64bit pref]
[    0.791746] pci 0000:00:03.0: ROM [mem 0xfea80000-0xfeafffff pref]
[    0.797011] pci 0000:00:04.0: [1af4:1005] type 00 class 0x00ff00 conventional PCI endpoint
[    0.799163] pci 0000:00:04.0: BAR 0 [io  0xc0a0-0xc0bf]
[    0.800401] pci 0000:00:04.0: BAR 1 [mem 0xfeb91000-0xfeb91fff]
[    0.803759] pci 0000:00:04.0: BAR 4 [mem 0xfe004000-0xfe007fff 64bit pref]
[    0.808363] pci 0000:00:05.0: [1af4:1000] type 00 class 0x020000 conventional PCI endpoint
[    0.810336] pci 0000:00:05.0: BAR 0 [io  0xc0c0-0xc0df]
[    0.811248] pci 0000:00:05.0: BAR 1 [mem 0xfeb92000-0xfeb92fff]
[    0.815005] pci 0000:00:05.0: BAR 4 [mem 0xfe008000-0xfe00bfff 64bit pref]
[    0.815879] pci 0000:00:05.0: ROM [mem 0xfeb00000-0xfeb7ffff pref]
[    0.824127] pci 0000:00:06.0: [1af4:1001] type 00 class 0x010000 conventional PCI endpoint
[    0.825485] pci 0000:00:06.0: BAR 0 [io  0xc000-0xc07f]
[    0.826443] pci 0000:00:06.0: BAR 1 [mem 0xfeb93000-0xfeb93fff]
[    0.828537] pci 0000:00:06.0: BAR 4 [mem 0xfe00c000-0xfe00ffff 64bit pref]
[    0.841664] ACPI: PCI: Interrupt link LNKA configured for IRQ 10
[    0.842573] ACPI: PCI: Interrupt link LNKB configured for IRQ 10
[    0.843547] ACPI: PCI: Interrupt link LNKC configured for IRQ 11
[    0.844277] ACPI: PCI: Interrupt link LNKD configured for IRQ 11
[    0.844745] ACPI: PCI: Interrupt link LNKS configured for IRQ 9
[    0.848121] iommu: Default domain type: Translated
[    0.848371] iommu: DMA domain TLB invalidation policy: lazy mode
[    0.853212] SCSI subsystem initialized
[    0.854392] ACPI: bus type USB registered
[    0.854972] usbcore: registered new interface driver usbfs
[    0.860306] usbcore: registered new interface driver hub
[    0.860719] usbcore: registered new device driver usb
[    0.865450] pps_core: LinuxPPS API ver. 1 registered
[    0.865789] pps_core: Software ver. 5.3.6 - Copyright 2005-2007 Rodolfo Giometti <giometti@linux.it>
[    0.866385] PTP clock support registered
[    0.877842] PCI: Using ACPI for IRQ routing
[    0.880297] hpet0: at MMIO 0xfed00000, IRQs 2, 8, 0
[    0.880631] hpet0: 3 comparators, 64-bit 100.000000 MHz counter
[    0.886334] clocksource: Switched to clocksource tsc-early
[    0.886334] pnp: PnP ACPI init
[    0.888479] pnp: PnP ACPI: found 6 devices
[    0.902679] clocksource: acpi_pm: mask: 0xffffff max_cycles: 0xffffff, max_idle_ns: 2085701024 ns
[    0.904588] NET: Registered PF_INET protocol family
[    0.905841] IP idents hash table entries: 2048 (order: 2, 16384 bytes, linear)
[    0.911644] tcp_listen_portaddr_hash hash table entries: 256 (order: 0, 4096 bytes, linear)
[    0.913460] Table-perturb hash table entries: 65536 (order: 6, 262144 bytes, linear)
[    0.914334] TCP established hash table entries: 1024 (order: 1, 8192 bytes, linear)
[    0.914848] TCP bind hash table entries: 1024 (order: 3, 32768 bytes, linear)
[    0.924646] TCP: Hash tables configured (established 1024 bind 1024)
[    0.926739] MPTCP token hash table entries: 256 (order: 1, 6144 bytes, linear)
[    0.927307] UDP hash table entries: 256 (order: 1, 8192 bytes, linear)
[    0.927790] UDP-Lite hash table entries: 256 (order: 1, 8192 bytes, linear)
[    0.937204] NET: Registered PF_UNIX/PF_LOCAL protocol family
[    0.938522] pci_bus 0000:00: resource 4 [io  0x0000-0x0cf7 window]
[    0.938813] pci_bus 0000:00: resource 5 [io  0x0d00-0xffff window]
[    0.939062] pci_bus 0000:00: resource 6 [mem 0x000a0000-0x000bffff window]
[    0.946499] pci_bus 0000:00: resource 7 [mem 0x08000000-0xfebfffff window]
[    0.946936] pci_bus 0000:00: resource 8 [mem 0x100000000-0x17fffffff window]
[    0.947755] pci 0000:00:01.0: PIIX3: Enabling Passive Release
[    0.957443] pci 0000:00:00.0: Limiting direct PCI/PCI transfers
[    0.958032] PCI: CLS 0 bytes, default 64
[    0.979046] workingset: timestamp_bits=46 max_order=15 bucket_order=0
[    0.981806] squashfs: version 4.0 (2009/01/31) Phillip Lougher
[    0.984889] Block layer SCSI generic (bsg) driver version 0.4 loaded (major 247)
[    0.988657] hv_vmbus: registering driver hyperv_fb
[    0.993109] input: Power Button as /devices/LNXSYSTM:00/LNXPWRBN:00/input/input0
[    1.001700] ACPI: button: Power Button [PWRF]
[    1.163890] ACPI: \_SB_.LNKC: Enabled at IRQ 11
[    1.317267] ACPI: \_SB_.LNKD: Enabled at IRQ 10
[    1.469009] ACPI: \_SB_.LNKA: Enabled at IRQ 10
[    1.620372] ACPI: \_SB_.LNKB: Enabled at IRQ 11
[    1.622353] Serial: 8250/16550 driver, 16 ports, IRQ sharing enabled
[    1.647812] 00:04: ttyS0 at I/O 0x3f8 (irq = 4, base_baud = 115200) is a 16550A
[    1.675619] Non-volatile memory driver v1.3
[    1.686901] Linux agpgart interface v0.103
[    1.688017] ACPI: bus type drm_connector registered
[    1.691169] [drm] Found bochs VGA, ID 0xb0c5.
[    1.691429] [drm] Framebuffer size 16384 kB @ 0xfd000000, mmio @ 0xfeb90000.
[    1.697265] [drm] Found EDID data blob.
[    1.703253] [drm] Initialized bochs-drm 1.0.0 for 0000:00:02.0 on minor 0
[    1.772999] Console: switching to colour frame buffer device 160x50
[    1.782369] bochs-drm 0000:00:02.0: [drm] fb0: bochs-drmdrmfb frame buffer device
[    1.818588] loop: module loaded
[    1.819385] virtio_blk virtio3: 1/0/0 default/read/poll queues
[    1.824320] virtio_blk virtio3: [vda] 246784 512-byte logical blocks (126 MB/121 MiB)
[    1.833756]  vda: vda1 vda2
[    1.835867] Guest personality initialized and is inactive
[    1.836505] VMCI host device registered (name=vmci, major=10, minor=256)
[    1.836821] Initialized host personality
[    1.837193] usbcore: registered new interface driver rtsx_usb
[    1.845547] VMware PVSCSI driver - version 1.0.7.0-k
[    1.845929] hv_vmbus: registering driver hv_storvsc
[    1.863020] scsi host0: ata_piix
[    1.865732] scsi host1: ata_piix
[    1.866622] ata1: PATA max MWDMA2 cmd 0x1f0 ctl 0x3f6 bmdma 0xc0e0 irq 14 lpm-pol 0
[    1.867028] ata2: PATA max MWDMA2 cmd 0x170 ctl 0x376 bmdma 0xc0e8 irq 15 lpm-pol 0
[    1.876471] VMware vmxnet3 virtual NIC driver - version 1.9.0.0-k-NAPI
[    1.877080] hv_vmbus: registering driver hv_netvsc
[    1.877501] Fusion MPT base driver 3.04.20
[    1.877701] Copyright (c) 1999-2008 LSI Corporation
[    1.878103] Fusion MPT SPI Host driver 3.04.20
[    1.887510] Fusion MPT SAS Host driver 3.04.20
[    1.889774] usbcore: registered new interface driver usb-storage
[    1.891158] i8042: PNP: PS/2 Controller [PNP0303:KBD,PNP0f13:MOU] at 0x60,0x64 irq 1,12
[    1.894491] serio: i8042 KBD port at 0x60,0x64 irq 1
[    1.894897] serio: i8042 AUX port at 0x60,0x64 irq 12
[    1.901579] hv_vmbus: registering driver hyperv_keyboard
[    1.904018] rtc_cmos 00:05: RTC can wake from S4
[    1.909428] rtc_cmos 00:05: registered as rtc0
[    1.912271] rtc_cmos 00:05: setting system clock to 2026-03-17T02:12:31 UTC (1773713551)
[    1.914771] rtc_cmos 00:05: alarms up to one day, y3k, 242 bytes nvram, hpet irqs
[    1.917489] intel_powerclamp: CPU does not support MWAIT
[    1.922888] amd_pstate: the _CPC object is not present in SBIOS or ACPI disabled
[    1.925209] sdhci: Secure Digital Host Controller Interface driver
[    1.927184] sdhci: Copyright(c) Pierre Ossman
[    1.929540] VUB300 Driver rom wait states = 1C irqpoll timeout = 0400
[    1.936484] input: AT Translated Set 2 keyboard as /devices/platform/i8042/serio0/input/input1
[    1.960492] usbcore: registered new interface driver vub300
[    1.962845] usbcore: registered new interface driver ushc
[    1.971103] hid: raw HID events driver (C) Jiri Kosina
[    1.973807] hv_vmbus: registering driver hid_hyperv
[    1.976568] usbcore: registered new interface driver usbhid
[    1.978588] usbhid: USB HID core driver
[    1.980855] hv_utils: Registering HyperV Utility Driver
[    1.984043] hv_vmbus: registering driver hv_utils
[    1.986094] hv_vmbus: registering driver hv_balloon
[    1.989666] NET: Registered PF_INET6 protocol family
[    1.997737] tsc: Refined TSC clocksource calibration: 2445.428 MHz
[    2.000263] clocksource: tsc: mask: 0xffffffffffffffff max_cycles: 0x233fd98c0cf, max_idle_ns: 440795209930 ns
[    2.007954] clocksource: Switched to clocksource tsc
[    2.020696] Segment Routing with IPv6
[    2.022951] In-situ OAM (IOAM) with IPv6
[    2.025388] NET: Registered PF_PACKET protocol family
[    2.027855] bridge: filtering via arp/ip/ip6tables is no longer available by default. Update your scripts to load br_netfilter if you need this.
[    2.037339] 8021q: 802.1Q VLAN Support v1.8
[    2.040195] NET: Registered PF_VSOCK protocol family
[    2.049791] IPI shorthand broadcast: enabled
[    2.057010] AES CTR mode by8 optimization enabled
[    2.078863] sched_clock: Marking stable (2160105261, -90028029)->(2079894844, -9817612)
[    2.101124] ata2: found unknown device (class 0)
[    2.135750] ata2.00: ATAPI: QEMU DVD-ROM, 2.5+, max UDMA/100
[    2.166834] scsi 1:0:0:0: CD-ROM            QEMU     QEMU DVD-ROM     2.5+ PQ: 0 ANSI: 5
[    2.193316] clk: Disabling unused clocks
[    2.241978] sr 1:0:0:0: [sr0] scsi3-mmc drive: 4x/4x cd/rw xa/form2 tray
[    2.244681] cdrom: Uniform CD-ROM driver Revision: 3.20
[    2.302417] VFS: Mounted root (squashfs filesystem) readonly on device 254:2.
[    2.371919] Freeing unused kernel image (initmem) memory: 1496K
[    2.374567] Write protecting the kernel read-only data: 18432k
[    2.377759] Freeing unused kernel image (rodata/data gap) memory: 120K
[    2.380486] Run /sbin/init as init process
[    2.742419] init: Console is alive
[    3.357365] kmodloader: loading kernel modules from /etc/modules-boot.d/*
[    3.432090] button_hotplug: loading out-of-tree module taints kernel.
[    3.439010] Button Hotplug driver version 0.4.1
[    3.460596] Intel(R) 2.5G Ethernet Linux Driver
[    3.463110] Copyright(c) 2018 Intel Corporation.
[    3.479162] igb: Intel(R) Gigabit Ethernet Network Driver
[    3.481913] igb: Copyright (c) 2007-2014 Intel Corporation.
[    3.498974] e1000e: Intel(R) PRO/1000 Network Driver
[    3.501698] e1000e: Copyright(c) 1999 - 2015 Intel Corporation.
[    3.516806] kmodloader: done loading kernel modules from /etc/modules-boot.d/*
[    3.536653] init: - preinit -
[    4.581354] 8021q: adding VLAN 0 to HW filter on device eth0
Press the [f] key and hit [enter] to enter failsafe mode
Press the [1], [2], [3] or [4] key and hit [enter] to select the debug level
[    9.235901] loop0: detected capacity change from 0 to 212992
[    9.290605] loop0: detected capacity change from 212992 to 201728
[    9.304497] mount_root: overlay filesystem in /dev/loop0 has not been formatted yet
[    9.689765] EXT4-fs (loop0): mounted filesystem 382e8a5d-b30e-4aba-a26f-9628b079c2d7 r/w with ordered data mode. Quota mode: disabled.
[    9.704220] mount_root: overlay filesystem has not been fully initialized yet
[    9.722786] mount_root: switching to ext4 overlay
[    9.744207] overlayfs: null uuid detected in lower fs '/', falling back to xino=off,index=off,nfs_export=off.
[   10.518966] EXT4-fs (vda1): mounted filesystem 84173db5-fa99-e35a-95c6-28613cc79ea9 r/w without journal. Quota mode: disabled.
[   10.544834] urandom-seed: Seed file not found (/etc/urandom.seed)
[   10.689879] procd: - early -
[   11.448732] procd: - ubus -
[   11.628417] procd: - init -
Please press Enter to activate this console.
root
login[1047]: root login on 'ttyS0'


BusyBox v1.37.0 (2026-01-02 17:07:02 UTC) built-in shell (ash)

  _______                     ________        __
 |       |.-----.-----.-----.|  |  |  |.----.|  |_
 |   -   ||  _  |  -__|     ||  |  |  ||   _||   _|
 |_______||   __|_____|__|__||________||__|  |____|
          |__| W I R E L E S S   F R E E D O M
 -----------------------------------------------------
 OpenWrt SNAPSHOT, r33437-045deec7e9
 -----------------------------------------------------

 === WARNING! =====================================
 There is no root password defined on this device!
 Use the "passwd" command to set up a new password
 in order to prevent unauthorized SSH logins.
 --------------------------------------------------

root@(none):~# dmesg -n 1
root@(none):~# echo 'STBJ''LKXQCZ'
STBJLKXQCZ
root@(none):~# run() { echo -n "$MARKER"; sh -c "$@"; echo "$MARKER $?"; }
root@(none):~# echo 'KFZC''GZGVUX'
KFZCGZGVUX
root@(none):~# MARKER='WQKF''ONHSLF' run 'ubus wait_for network.interface.lan'
WQKFONHSLFWQKFONHSLF 0
root@OpenWrt:~# echo 'MFNH''XSTNBS'
MFNHXSTNBS
root@OpenWrt:~# MARKER='ATGZ''VBJBQC' run 'ubus call network.interface.lan statu
s '"'"'{}'"'"''
ATGZVBJBQC{
	"up": true,
	"pending": false,
	"available": true,
	"autostart": true,
	"dynamic": false,
	"uptime": 1,
	"l3_device": "br-lan",
	"proto": "static",
	"device": "br-lan",
	"updated": [
		"addresses"
	],
	"metric": 0,
	"dns_metric": 0,
	"delegation": true,
	"ipv4-address": [
		{
			"address": "192.168.1.1",
			"mask": 24
		}
	],
	"ipv6-address": [
		
	],
	"ipv6-prefix": [
		
	],
	"ipv6-prefix-assignment": [
		{
			"address": "fd42:84b1:f65f::",
			"mask": 60,
			"local-address": {
				"address": "fd42:84b1:f65f::1",
				"mask": 60
			}
		}
	],
	"route": [
		
	],
	"dns-server": [
		
	],
	"dns-search": [
		
	],
	"neighbors": [
		
	],
	"inactive": {
		"ipv4-address": [
			
		],
		"ipv6-address": [
			
		],
		"route": [
			
		],
		"dns-server": [
			
		],
		"dns-search": [
			
		],
		"neighbors": [
			
		]
	},
	"data": {
		
	}
}
ATGZVBJBQC 0
root@OpenWrt:~# echo 'GZYQ''SKGUZF'
GZYQSKGUZF
root@OpenWrt:~# MARKER='WESZ''MPHWGS' run true
WESZMPHWGSWESZMPHWGS 0
root@OpenWrt:~# echo 'OJLN''BMZZZH'
OJLNBMZZZH
root@OpenWrt:~# MARKER='BWVB''NUYXGW' run 'source /etc/os-release; echo $BUILD_I
D'
BWVBNUYXGWr33437-045deec7e9
BWVBNUYXGW 0
root@OpenWrt:~# echo 'NCEW''QPUQKO'
NCEWQPUQKO
root@OpenWrt:~# MARKER='POFG''UOYCNC' run 'ls /etc/dropbear/dropbear_rsa_host_ke
y'
POFGUOYCNC[0;0m/etc/dropbear/dropbear_rsa_host_key[m
POFGUOYCNC 0
root@OpenWrt:~# echo 'KBWE''JNACYL'
KBWEJNACYL
root@OpenWrt:~# MARKER='XMMN''QZJCBG' run 'netstat -tlpn | grep 0.0.0.0:22'
XMMNQZJCBGtcp        0      0 0.0.0.0:22              0.0.0.0:*               LISTEN      1734/dropbear
XMMNQZJCBG 0
root@OpenWrt:~# echo 'FQJE''MXVBHS'
FQJEMXVBHS
root@OpenWrt:~# MARKER='AWSK''JGGLPH' run 'dmesg | grep br-lan | grep forwarding
'
AWSKJGGLPH[   30.711110] br-lan: port 1(eth0) entered forwarding state
AWSKJGGLPH 0
root@OpenWrt:~# echo 'OPGX''LZAZPV'
OPGXLZAZPV
root@OpenWrt:~# MARKER='YEKX''BVTVQO' run 'ubus call network.interface.lan statu
s '"'"'{}'"'"''
YEKXBVTVQO{
	"up": true,
	"pending": false,
	"available": true,
	"autostart": true,
	"dynamic": false,
	"uptime": 24,
	"l3_device": "br-lan",
	"proto": "static",
	"device": "br-lan",
	"updated": [
		"addresses"
	],
	"metric": 0,
	"dns_metric": 0,
	"delegation": true,
	"ipv4-address": [
		{
			"address": "192.168.1.1",
			"mask": 24
		}
	],
	"ipv6-address": [
		
	],
	"ipv6-prefix": [
		
	],
	"ipv6-prefix-assignment": [
		{
			"address": "fd42:84b1:f65f::",
			"mask": 60,
			"local-address": {
				"address": "fd42:84b1:f65f::1",
				"mask": 60
			}
		}
	],
	"route": [
		
	],
	"dns-server": [
		
	],
	"dns-search": [
		
	],
	"neighbors": [
		
	],
	"inactive": {
		"ipv4-address": [
			
		],
		"ipv6-address": [
			
		],
		"route": [
			
		],
		"dns-server": [
			
		],
		"dns-search": [
			
		],
		"neighbors": [
			
		]
	},
	"data": {
		
	}
}
YEKXBVTVQO 0
root@OpenWrt:~# echo 'PBXT''AAHBLC'
PBXTAAHBLC
root@OpenWrt:~# MARKER='KXWE''NPCPSC' run 'ip -o addr show dev br-lan'
KXWENPCPSC4: br-lan    inet 192.168.1.1/24 brd 192.168.1.255 scope global br-lan\       valid_lft forever preferred_lft forever
4: br-lan    inet6 fd42:84b1:f65f::1/60 scope global noprefixroute \       valid_lft forever preferred_lft forever
4: br-lan    inet6 fe80::5054:ff:fe12:3456/64 scope link \       valid_lft forever preferred_lft forever
KXWENPCPSC 0
root@OpenWrt:~# echo 'AYXF''MWNYLS'
AYXFMWNYLS
root@OpenWrt:~# MARKER='KNBW''ZQGBCX' run 'ubus call network.interface.wan statu
s '"'"'{}'"'"''
KNBWZQGBCX{
	"up": true,
	"pending": false,
	"available": true,
	"autostart": true,
	"dynamic": false,
	"uptime": 21,
	"l3_device": "eth1",
	"proto": "dhcp",
	"device": "eth1",
	"updated": [
		"addresses",
		"routes",
		"data"
	],
	"metric": 0,
	"dns_metric": 0,
	"delegation": true,
	"ipv4-address": [
		{
			"address": "10.0.2.15",
			"mask": 24
		}
	],
	"ipv6-address": [
		
	],
	"ipv6-prefix": [
		
	],
	"ipv6-prefix-assignment": [
		
	],
	"route": [
		{
			"target": "0.0.0.0",
			"mask": 0,
			"nexthop": "10.0.2.2",
			"source": "10.0.2.15/32"
		}
	],
	"dns-server": [
		"10.0.2.3"
	],
	"dns-search": [
		
	],
	"neighbors": [
		
	],
	"inactive": {
		"ipv4-address": [
			
		],
		"ipv6-address": [
			
		],
		"route": [
			
		],
		"dns-server": [
			
		],
		"dns-search": [
			
		],
		"neighbors": [
			
		]
	},
	"data": {
		"dhcpserver": "10.0.2.2",
		"leasetime": 86400
	}
}
KNBWZQGBCX 0
root@OpenWrt:~# 