Labgrid Console Logfile for main
Logfile started at 2026-04-26 03:47:44.049817
=== Log starts here ===
c[?7l[2J[0mSeaBIOS (version 1.16.3-debian-1.16.3-2)


iPXE (https://ipxe.org) 00:03.0 CA00 PCI2.10 PnP PMM+06FCAE70+06F0AE70 CA00
Press Ctrl-B to configure iPXE (PCI 00:03.0)...                                                                               




iPXE (https://ipxe.org) 00:05.0 CB00 PCI2.10 PnP PMM 06FCAE70 06F0AE70 CB00
Press Ctrl-B to configure iPXE (PCI 00:05.0)...                                                                               


Booting from Hard Disk...
GRUB loading.....
[0;30;47mWelcome to GRUB!

[01;01H[0m[2J[H[J[1;1H[?25l[m[H[J[1;1H[2;30HGNU GRUB  version 2.12

[m[4;2H+----------------------------------------------------------------------------+[5;2H|[5;79H|[6;2H|[6;79H|[7;2H|[7;79H|[8;2H|[8;79H|[9;2H|[9;79H|[10;2H|[10;79H|[11;2H|[11;79H|[12;2H|[12;79H|[13;2H|[13;79H|[14;2H|[14;79H|[15;2H|[15;79H|[16;2H+----------------------------------------------------------------------------+[m[17;2H[18;2H[m     Use the ^ and v keys to select which entry is highlighted.          
      Press enter to boot the selected OS, `e' to edit the commands       
      before booting or `c' for a command-line. ESC to return             
      previous menu.                                                      [5;80H [7m[5;3H*OpenWrt                                                                    [m[5;78H[m[m[6;3H OpenWrt (failsafe)                                                         [m[6;78H[m[m[7;3H                                                                            [m[7;78H[m[m[8;3H                                                                            [m[8;78H[m[m[9;3H                                                                            [m[9;78H[m[m[10;3H                                                                            [m[10;78H[m[m[11;3H                                                                            [m[11;78H[m[m[12;3H                                                                            [m[12;78H[m[m[13;3H                                                                            [m[13;78H[m[m[14;3H                                                                            [m[14;78H[m[m[15;3H                                                                            [m[15;78H[m[15;80H [5;78H[2J[02;30HGNU GRUB  version 2.12[04;02H┌────────────────────────────────────────────────────────────────────────────┐[05;02H│[05;79H│[06;02H│[06;79H│[07;02H│[07;79H│[08;02H│[08;79H│[09;02H│[09;79H│[10;02H│[10;79H│[11;02H│[11;79H│[12;02H│[12;79H│[13;02H│[13;79H│[14;02H│[14;79H│[15;02H│[15;79H│[16;02H│[16;79H│[17;02H└────────────────────────────────────────────────────────────────────────────┘[19;02H     Use the ↑ and ↓ keys to select which entry is highlighted.          
      Press enter to boot the selected OS, `e' to edit the commands       
      before booting or `c' for a command-line. ESC to return             
      previous menu.                                                      [05;80H [05;03H[0;30;47m*OpenWrt                                                                    [06;03H[0m OpenWrt (failsafe)                                                         [07;03H                    [07;22H[07;23H                                                        [08;03H                                                                            [09;03H                                                                            [10;03H                                                                            [11;03H                                                                            [12;03H                                                                            [13;03H                                                                            [14;03H                                                                            [15;03H                                                         [15;59H[15;60H                   [16;03H                                                                            [16;80H 






   The highlighted entry will be executed automatically in 5s.                [22;1H   The highlighted entry will be executed automatically in 5s.                 [5;78H [05;78H

















   The highlighted entry will [23;30H[23;31Hbe executed automatically in 4s.                [22;1H   The highlighted entry will be executed automatically in 4s.                 [5;78H [05;78H

















   The highlighted entry will be executed automatically in 3s.                [22;1H   The highlighted entry will be executed automatically in 3s.                 [5;78H [05;78H

















   The highlighted entry will be executed automatically in 2s.                [22;1H   The highlighted entry will be executed automatically in 2s.                 [5;78H [05;78H

















   The highlighted entry will be executed automatically in 1s.                [22;1H   The highlighted entry will be executed automatically in 1s.                 [5;78H [05;78H

















   The highlighted entry will be executed automatically [23;56H[23;57Hin 0s.                [22;1H   The highlighted entry will be executed automatically in 0s.                 [5;78H [01;01H[2J[?25h[H[J[1;1H[H[J[1;1H[2J   Booting `OpenWrt' Booting `OpenWrt

'

[    0.000000] Linux version 6.18.21 (builder@buildhost) (x86_64-openwrt-linux-musl-gcc (OpenWrt GCC 14.3.0 r34139-51992c87c8) 14.3.0, GNU ld (GNU Binutils) 2.44) #0 SMP Sat Apr 25 17:56:08 2026
[    0.000000] Command line: BOOT_IMAGE=/boot/vmlinuz root=PARTUUID=d69253f2-02 roo noinitrd
[    0.000000] BIOS-provided physical RAM map:
[    0.000000] BIOS-e820: [mem 0x0000000000000000-0x000000000009fbff] usable
[    0.000000] BIOS-e820: [mem 0x000000000009fc00-0x000000000009ffff] reserved
[    0.000000] BIOS-e820: [mem 0x00000000000f0000-0x00000000000 [mem 0x0000000000100000-0x0000000007fdcfff] usable
[    0.000000] BIOS-e820: [mem 0x0000000007fdd000-0x0000000007ffffff] reserved
[    0.000000] BIOS-e820: [mem 0x00000000fffc0000-0x00000000ffffffff] reserved
[    0.000000] BIOS-e820: [mem 0x000000fd00000000-0x000000fffffffffable) protection: active
[    0.000000] APIC: Static calls initialized
[    0.000000] SMBIOS 3.0.0 present.
[    0.000000] DMI: QEMU Standard PC (i440FX + PIIX, 1996), BIOS 1.16.3-debian-1.16.3-2 04/01/2014
[    0.000000] DMI: Memory slots populated: 1/1
[    0.000000] tsc: 00] tsc: Detected 2445.453 MHz processor
[    0.008935] last_pfn = 0x7fdd max_arch_pfn = 0x10000000000
[    0.009537] MTRR map: 4 entries (3 fixed + 1 variable; max 19), built from 8 variable MTRRs
[    0.009769] x86/PAT: Configuration [0-7]: WB  WC  UC- UC  WB  WP  UC- WT  
000f5460-0x000f546f]
[    0.033699] Using GB pages for direct mapping
[    0.038331] ACPI: Early table checksum verification disabled
[    0.038666] ACPI: RSDP 0x00000000000F5290 000014 (v00 BOCHS )
[    0.038981] ACPI: RSDT 0x0000000007FE1C64 000034 (v01 BOCHS  BXPC     0000ACP 0x0000000007FE1B18 000074 (v01 BOCHS  BXPC     00000001 BXPC 00000001)
[    0.040138] ACPI: DSDT 0x0000000007FE0040 001AD8 (v01 BOCHS  BXPC     00000001 BXPC 00000001)
[    0.040219] ACPI: FACS 0x0000000007FE0000 000040
[    0.040275] ACPI: APIC 0x0000000007FE1B8C 000078 (
[    0.040303] ACPI: HPET 0x0000000007FE1C04 000038 (v01 BOCHS  BXPC     00000001 BXPC 00000001)
[    0.040328] ACPI: WAET 0x0000000007FE1C3C 000028 (v01 BOCHS  BXPC     00000001 BXPC 00000001)
[    0.040405] ACPI: Reserving FACP table memory at [mem 0x7fe1b18-0x7fe1b8b]
[   y at [mem 0x7fe0040-0x7fe1b17]
[    0.040448] ACPI: Reserving FACS table memory at [mem 0x7fe0000-0x7fe003f]
[    0.040456] ACPI: Reserving APIC table memory at [mem 0x7fe1b8c-0x7fe1c03]
[    0.040463] ACPI: Reserving HPET table memory at [mem 0x7fe1c04-0x7fe1c3b]
[    0.0404em 0x7fe1c3c-0x7fe1c63]
[    0.063560] Zone ranges:
[    0.063593]   DMA      [mem 0x0000000000001000-0x0000000000ffffff]
[    0.063672]   DMA32    [mem 0x0000000001000000-0x0000000007fdcfff]
[    0.063684]   Normal   empty
[    0.063723] Movable zone start for each node
[   0.063791]   node   0: [mem 0x0000000000001000-0x000000000009efff]
[    0.063933]   node   0: [mem 0x0000000000100000-0x0000000007fdcfff]
[    0.064076] Initmem setup node 0 [mem 0x0000000000001000-0x0000000007fdcfff]
[    0.065186] On node 0, zone DMA: 1 pages in unavailable 97 pages in unavailable ranges
[    0.067024] On node 0, zone DMA32: 35 pages in unavailable ranges
[    0.067411] ACPI: PM-Timer IO Port: 0x608
[    0.067856] ACPI: LAPIC_NMI (acpi_id[0xff] dfl dfl lint[0x1])
[    0.068274] IOAPIC[0]: apic_id 0, version 32, address 0xfec00000, GSIs 0 bus_irq 0 global_irq 2 dfl dfl)
[    0.068648] ACPI: INT_SRC_OVR (bus 0 bus_irq 5 global_irq 5 high level)
[    0.068725] ACPI: INT_SRC_OVR (bus 0 bus_irq 9 global_irq 9 high level)
[    0.068837] ACPI: INT_SRC_OVR (bus 0 bus_irq 10 global_irq 10 high level)
[    0.068848] ACPI: high level)
[    0.069035] ACPI: Using ACPI (MADT) for SMP configuration information
[    0.069080] ACPI: HPET id: 0x8086a201 base: 0xfed00000
[    0.069434] CPU topo: Max. logical packages:   1
[    0.069447] CPU topo: Max. logical dies:       1
[    0.069457] CPU topo: Max. dies per pahreads per core:   1
[    0.069665] CPU topo: Num. cores per package:     1
[    0.069683] CPU topo: Num. threads per package:   1
[    0.069692] CPU topo: Allowing 1 present CPUs plus 0 hotplug CPUs
[    0.070520] [mem 0x08000000-0xfffbffff] available for PCI devices
[    0.070584] Bre
[    0.070907] clocksource: refined-jiffies: mask: 0xffffffff max_cycles: 0xffffffff, max_idle_ns: 19112604462750000 ns
[    0.071396] setup_percpu: NR_CPUS:512 nr_cpumask_bits:1 nr_cpu_ids:1 nr_node_ids:1
[    0.073200] percpu: Embedded 46 pages/cpu s150552 r8192 d29672 u2097OT_IMAGE=/boot/vmlinuz root=PARTUUID=d69253f2-02 rootwait console=tty1 console=ttyS0,115200n8 noinitrd
[    0.076682] random: crng init done
[    0.076787] printk: log buffer data + meta data: 131072 + 458752 = 589824 bytes
[    0.077039] Dentry cache hash table entries: 16384 (or48] Inode-cache hash table entries: 8192 (order: 4, 65536 bytes, linear)
[    0.079555] Built 1 zonelists, mobility grouping on.  Total pages: 32635
[    0.079803] mem auto-init: stack:off, heap alloc:off, heap free:off
[    0.089114] SLUB: HWalign=64, Order=0-3, MinObjects=0, CPUs=al RCU implementation.
[    0.097776] rcu: 	RCU restricting CPUs from NR_CPUS=512 to nr_cpu_ids=1.
[    0.097923] 	Tracing variant of Tasks RCU enabled.
[    0.098016] rcu: RCU calculated value of scheduler-enlistment delay is 10 jiffies.
[    0.098048] rcu: Adjusting geometry fo.099199] RCU Tasks Trace: Setting shift to 0 and lim to 1 rcu_task_cb_adjust=1 rcu_task_cpu_ids=1.
[    0.099501] NR_IRQS: 33024, nr_irqs: 256, preallocated irqs: 16
[    0.108937] rcu: srcu_init: Setting srcu_struct sizes based on contention.
[    0.116079] Console: colour VGA+ 80x25y1] enabled
[    0.124577] printk: legacy console [ttyS0] enabled
[    0.344279] ACPI: Core revision 20250807
[    0.349874] clocksource: hpet: mask: 0xffffffff max_cycles: 0xffffffff, max_idle_ns: 19112604467 ns
[    0.354748] APIC: Switch to symmetric I/O mode setup
[    0.359416] ..TIMER: vector=0x30 apic1=0 pin1=2 apic2=-1 pin2=-1
[    0.401697] clocksource: tsc-early: mask: 0xffffffffffffffff max_cycles: 0x233ff135673, max_idle_ns: 440795248953 ns
[    0.402442] Calibrating delay loop (skipped), value calculated using timer frequency.. 4890.90 BogoMIPS (lpj=24454530)
[    0.404314] x86/cpu: User Mode I (UMIP) activated
[    0.418819] Last level iTLB entries: 4KB 0, 2MB 0, 4MB 0
[    0.419155] Last level dTLB entries: 4KB 0, 2MB 0, 4MB 0, 1GB 0
[    0.422766] mitigations: Enabled attack vectors: user_kernel, user_user, guest_host, guest_guest, SMT mitigations: auto
[    0.423994] Speculative Store Bypass: Vulnerable
[    0.424695] Spectre V2 : Mitigation: Retpolines
[    0.425094] Spectre V1 : Mitigation: usercopy/swapgs barriers and __user pointer sanitization
[    0.425552] Spectre V2 : Spectre v2 / SpectreRSB: Filling RSB on context 
[    0.432148] x86/fpu: Supporting XSAVE feature 0x001: 'x87 floating point registers'
[    0.436437] x86/fpu: Supporting XSAVE feature 0x002: 'SSE registers'
[    0.436710] x86/fpu: Supporting XSAVE feature 0x004: 'AVX registers'
[    0.436966] x86/fpu: Supporting XSAVE feat'
[    0.442418] x86/fpu: Supporting XSAVE feature 0x010: 'MPX CSR'
[    0.443035] x86/fpu: xstate_offset[2]:  576, xstate_sizes[2]:  256
[    0.443516] x86/fpu: xstate_offset[3]:  960, xstate_sizes[3]:   64
[    0.443756] x86/fpu: xstate_offset[4]: 1024, xstate_sizes[4]:   64e features 0x1f, context size is 1088 bytes, using 'standard' format.
[    0.870601] Freeing SMP alternatives memory: 48K
[    0.872004] pid_max: default: 32768 minimum: 301
[    0.882246] Mount-cache hash table entries: 512 (order: 0, 4096 bytes, linear)
[    0.882726] Mountpoint-cache hash table entries: 512 (order: 0, 4096 bytes, linear)
[    1.034989] smpboot: CPU0: AMD QEMU TCG CPU version 2.5+ (family: 0x6, model: 0x6, stepping: 0x3)
[    1.043914] Performance Events: PMU not available due to virtualization, using software events only.
[    1.045393] signal: max sigframe size: 1616
[    1.047029] rcu: Hierarchical SRCU implementation.
[    1.047280] rcu: 	Max phase no-delay instances is 1000.
[    1.0524: Bringing up secondary CPUs ...
[    1.056235] smp: Brought up 1 node, 1 CPU
[    1.056491] smpboot: Total of 1 processors activated (4890.90 BogoMIPS)
[    1.064463] Memory: 98124K/130540K available (14247K kernel code, 1176K rwdata, 5708K rodata, 2652K init, 2180K bss, 3072eserved, 0K cma-reserved)
[    1.078622] clocksource: jiffies: mask: 0xffffffff max_cycles: 0xffffffff, max_idle_ns: 19112604462750000 ns
[    1.079486] posixtimers hash table entries: 512 (order: 1, 8192 bytes, linear)
[    1.079976] futex hash table entries: 256 (16384 bytes on 1 NUMA nodes, total 16] pinctrl core: initialized pinctrl subsystem
[    1.108306] NET: Registered PF_NETLINK/PF_ROUTE protocol family
[    1.116740] thermal_sys: Registered thermal governor 'step_wise'
[    1.116776] thermal_sys: Registered thermal governor 'user_space'
[    1.117925] cpuidle: using governor ladder
[    1.118460] cpuidle: using governor menu
[    1.120159] acpiphp: ACPI Hot Plug PCI Controller Driver version: 0.5
[    1.122673] PCI: Using configuration type 1 for base access
[    1.128433] HugeTLB: registered 2.00 MiB page size, pre-allocated 0 pages
[    1.128736] HugeTLB: 28 KiB vmemmap can be freed for a 2.00 age
[    1.147882] ACPI: Added _OSI(Module Device)
[    1.148150] ACPI: Added _OSI(Processor Device)
[    1.148341] ACPI: Added _OSI(Processor Aggregator Device)
[    1.163124] ACPI: 1 ACPI AML tables successfully acquired and loaded
[    1.179897] ACPI: Interpreter enabled
[    1.180731] ACPI: PM: (supports S0 S5)
[    1.180951] ACPI: Using IOAPIC for interrupt routing
[    1.181563] PCI: Using host bridge windows from ACPI; if necessary, use "pci=nocrs" and report a bug
[    1.181931] PCI: Using E820 r
[    1.192406] ACPI: Enabled 2 GPEs in block 00 to 0F
[    1.223092] ACPI: PCI Root Bridge [PCI0] (domain 0000 [bus 00-ff])
[    1.224077] acpi PNP0A03:00: _OSC: OS supports [ASPM ClockPM Segments MSI HPX-Type3]
[    1.224551] acpi PNP0A03:00: _OSC: not requesting OS control; OS requires [ExtendedConfig ASPM ClockPM MSI]
[    1.to add MMCONFIG information, can't access extended configuration space under this bridge
[    1.237052] acpiphp: Slot [3] registered
[    1.237384] acpiphp: Slot [4] registered
[    1.237674] acpiphp: Slot [5] registered
[    1.237925] acpiphp: Slot [6] registered
[    1.2387] registered
[    1.242632] acpiphp: Slot [8] registered
[    1.243088] acpiphp: Slot [9] registered
[    1.243416] acpiphp: Slot [10] registered
[    1.243674] acpiphp: Slot [11] registered
[    1.243963] acpiphp: Slot [12] registered
[    1.244231] acpiphp: Slot [13] reg [14] registered
[    1.252600] acpiphp: Slot [15] registered
[    1.252998] acpiphp: Slot [16] registered
[    1.253252] acpiphp: Slot [17] registered
[    1.253502] acpiphp: Slot [18] registered
[    1.253758] acpiphp: Slot [19] registered
[    1.254054] acpiphp: Slot [20Slot [21] registered
[    1.262576] acpiphp: Slot [22] registered
[    1.263018] acpiphp: Slot [23] registered
[    1.263426] acpiphp: Slot [24] registered
[    1.263683] acpiphp: Slot [25] registered
[    1.263972] acpiphp: Slot [26] registered
[    1.264234] acpiphp: Slothp: Slot [28] registered
[    1.277717] acpiphp: Slot [29] registered
[    1.278159] acpiphp: Slot [30] registered
[    1.278485] acpiphp: Slot [31] registered
[    1.278959] PCI host bridge to bus 0000:00
[    1.279415] pci_bus 0000:00: root bus resource [io  0x0000-0x0cf7 00: root bus resource [io  0x0d00-0xffff window]
[    1.289187] pci_bus 0000:00: root bus resource [mem 0x000a0000-0x000bffff window]
[    1.289759] pci_bus 0000:00: root bus resource [mem 0x08000000-0xfebfffff window]
[    1.290044] pci_bus 0000:00: root bus resource [mem 0x119] pci_bus 0000:00: root bus resource [bus 00-ff]
[    1.296996] pci 0000:00:00.0: [8086:1237] type 00 class 0x060000 conventional PCI endpoint
[    1.306129] pci 0000:00:01.0: [8086:7000] type 00 class 0x060100 conventional PCI endpoint
[    1.307064] pci 0000:00:01.1: [8086lass 0x010180 conventional PCI endpoint
[    1.312204] pci 0000:00:01.1: BAR 4 [io  0xc0e0-0xc0ef]
[    1.312533] pci 0000:00:01.1: BAR 0 [io  0x01f0-0x01f7]: legacy IDE quirk
[    1.312804] pci 0000:00:01.1: BAR 1 [io  0x03f6]: legacy IDE quirk
[    1.313093] pci 0000:00:01.quirk
[    1.322492] pci 0000:00:01.1: BAR 3 [io  0x0376]: legacy IDE quirk
[    1.323590] pci 0000:00:01.3: [8086:7113] type 00 class 0x068000 conventional PCI endpoint
[    1.324264] pci 0000:00:01.3: quirk: [io  0x0600-0x063f] claimed by PIIX4 ACPI
[    1.324586] pci 0000:0imed by PIIX4 SMB
[    1.333314] pci 0000:00:02.0: [1234:1111] type 00 class 0x030000 conventional PCI endpoint
[    1.334581] pci 0000:00:02.0: BAR 0 [mem 0xfd000000-0xfdffffff pref]
[    1.334914] pci 0000:00:02.0: BAR 2 [mem 0xfeb90000-0xfeb90fff]
[    1.335165] pci 0000:0fff pref]
[    1.342781] pci 0000:00:02.0: Video device with shadowed ROM at [mem 0x000c0000-0x000dffff]
[    1.343943] pci 0000:00:03.0: [1af4:1000] type 00 class 0x020000 conventional PCI endpoint
[    1.345215] pci 0000:00:03.0: BAR 0 [io  0xc080-0xc09f]
[    1.345496] pci00000-0xfe003fff 64bit pref]
[    1.352519] pci 0000:00:03.0: ROM [mem 0xfea80000-0xfeafffff pref]
[    1.358338] pci 0000:00:04.0: [1af4:1005] type 00 class 0x00ff00 conventional PCI endpoint
[    1.362752] pci 0000:00:04.0: BAR 0 [io  0xc0a0-0xc0bf]
[    1.363008] pci 0000:0[mem 0xfeb91000-0xfeb91fff]
[    1.366602] pci 0000:00:04.0: BAR 4 [mem 0xfe004000-0xfe007fff 64bit pref]
[    1.371010] pci 0000:00:05.0: [1af4:1000] type 00 class 0x020000 conventional PCI endpoint
[    1.372366] pci 0000:00:05.0: BAR 0 [io  0xc0c0-0xc0df]
[    1.372645] pcR 1 [mem 0xfeb92000-0xfeb92fff]
[    1.377092] pci 0000:00:05.0: BAR 4 [mem 0xfe008000-0xfe00bfff 64bit pref]
[    1.377504] pci 0000:00:05.0: ROM [mem 0xfeb00000-0xfeb7ffff pref]
[    1.382870] pci 0000:00:06.0: [1af4:1001] type 00 class 0x010000 conventional PCI endpoint
[ :00:06.0: BAR 0 [io  0xc000-0xc07f]
[    1.389034] pci 0000:00:06.0: BAR 1 [mem 0xfeb93000-0xfeb93fff]
[    1.389389] pci 0000:00:06.0: BAR 4 [mem 0xfe00c000-0xfe00ffff 64bit pref]
[    1.399210] ACPI: PCI: Interrupt link LNKA configured for IRQ 10
[    1.400209] ACPI: PCI: Interrupt link LNKB configured for IRQ 10
[    1.400988] ACPI: PCI: Interrupt link LNKC configured for IRQ 11
[    1.401684] ACPI: PCI: Interrupt link LNKD configured for IRQ 11
[    1.402120] ACPI: PCI: Interrupt link LNKS configured for IRQ 9
[   lt domain type: Translated
[    1.410855] iommu: DMA domain TLB invalidation policy: lazy mode
[    1.415114] SCSI subsystem initialized
[    1.416169] ACPI: bus type USB registered
[    1.416770] usbcore: registered new interface driver usbfs
[    1.417237] usbcore: registever hub
[    1.422528] usbcore: registered new device driver usb
[    1.423163] pps_core: LinuxPPS API ver. 1 registered
[    1.423399] pps_core: Software ver. 5.3.6 - Copyright 2005-2007 Rodolfo Giometti <giometti@linux.it>
[    1.423799] PTP clock support registered
[    1.433692] PCI: Using ACPI for IRQ routing
[    1.435967] hpet0: at MMIO 0xfed00000, IRQs 2, 8, 0
[    1.436271] hpet0: 3 comparators, 64-bit 100.000000 MHz counter
[    1.442327] clocksource: Switched to clocksource tsc-early
[    1.442327] pnp: PnP ACPI init
[    1.442327] pnp: PnP ACPI: found 6 devices
[    1.456461] clocksource: acpi_pm: mask: 0xffffff max_cycles: 0xffffff, max_idle_ns: 2085701024 ns
[    1.457771] NET: Registered PF_INET protocol family
[    1.458897] IP idents hash table entries: 2048 (order: 2, 16384 bytes, linear)
[    1.465030] tcp_listen_portaddr_hastable entries: 256 (order: 0, 4096 bytes, linear)
[    1.467377] Table-perturb hash table entries: 65536 (order: 6, 262144 bytes, linear)
[    1.467759] TCP established hash table entries: 1024 (order: 1, 8192 bytes, linear)
[    1.468248] TCP bind hash table entries: 1024 (order: 3, 32Hash tables configured (established 1024 bind 1024)
[    1.479827] MPTCP token hash table entries: 256 (order: 1, 6144 bytes, linear)
[    1.480383] UDP hash table entries: 256 (order: 2, 16384 bytes, linear)
[    1.480835] UDP-Lite hash table entries: 256 (order: 2, 16384 bytes, linegistered PF_UNIX/PF_LOCAL protocol family
[    1.490388] pci_bus 0000:00: resource 4 [io  0x0000-0x0cf7 window]
[    1.490639] pci_bus 0000:00: resource 5 [io  0x0d00-0xffff window]
[    1.490862] pci_bus 0000:00: resource 6 [mem 0x000a0000-0x000bffff window]
[    1.491127] pci_bus febfffff window]
[    1.500617] pci_bus 0000:00: resource 8 [mem 0x100000000-0x17fffffff window]
[    1.501391] pci 0000:00:01.0: PIIX3: Enabling Passive Release
[    1.501701] pci 0000:00:00.0: Limiting direct PCI/PCI transfers
[    1.502062] PCI: CLS 0 bytes, default 64
[    1.524740] workingset: timestamp_bits=46 max_order=15 bucket_order=0
[    1.527266] squashfs: version 4.0 (2009/01/31) Phillip Lougher
[    1.534004] cryptd: max_cpu_qlen set to 1000
[    1.534490] Block layer SCSI generic (bsg) driver version 0.4 loaded (major 247)
[    1.540866] input: Power Button as /devices/LNXSYSTM:00/LNXPWRBN:00/input/input0
[    1.550660] ACPI: button: Power Button [PWRF]
[    1.727429] ACPI: \_SB_.LNKC: Enabled at IRQ 11
[    1.899185] ACPI: \_SB_.LNKD: Enabled at IRQ 10
[    2.069282] ACPI: \_SB_.LNKA: Enabled at IRQ 10
[    2.238089] ACPI: \_SB_.LNKB: Enabled at IRQ 11
[    2.241019] Serial: 8250/16550 driver, 16 ports, IRQ sharing enabled
[    2.266569] 00:04: ttyS0 at I/O 0x3f8 (irq = 4, base_baud = 115200) is a 16550A
[    2.289776] Non-volatile memory driver v1.3
[    2.300768] Linux agpgart interface v0.103
[    2.301935] ACPI: bus type drm_connector registered
[    2.306627] [drm] Found bochs VGA, ID 0xb0c5.
[    2.306846] [drm] Framebuffer size 16384 kB @ 0xfd000000, mmio @ 0xfeb90000.
[    2.312661] [drm] Initialized bochs-drm 1.0.0 for 0000:00:02.0 on minor 0
[    2.381096] Console: switching to colour frame buffer device 160x50
[    2.392514] bochs-drm 0000:00:02.0: [drm] fb0: bochs-drmdrmfb frame buffer device
[    2.430424] loop: module loaded
[    2.431212] virtio_blk virtio3: 1/0/0 default/read/poll queues
[    2.436263] virtio_blk virtio3: [vda] 246784 512-byte logical blocks (126 MB/121 MiB)
[    2.445426]  vda: vda1 vda2
[    2.447656] Guest personality initialized and is inactive
[    2.448290] VMCI host device registered (name=vmci, major=10, minor=256)
[    2.448555] Initialized host personality
[    2.448896] usbcore: registered new interface driver rtsx_us PVSCSI driver - version 1.0.7.0-k
[    2.472661] scsi host0: ata_piix
[    2.475808] scsi host1: ata_piix
[    2.476800] ata1: PATA max MWDMA2 cmd 0x1f0 ctl 0x3f6 bmdma 0xc0e0 irq 14 lpm-pol 0
[    2.477129] ata2: PATA max MWDMA2 cmd 0x170 ctl 0x376 bmdma 0xc0e8 irq 15 lpm-pol 0
[    2.492842] VMware vmxnet3 virtual NIC driver - version 1.9.0.0-k-NAPI
[    2.493433] Fusion MPT base driver 3.04.20
[    2.493594] Copyright (c) 1999-2008 LSI Corporation
[    2.494016] Fusion MPT SPI Host driver 3.04.20
[    2.494449] Fusion MPT SAS Host driver 3.04.20istered new interface driver usb-storage
[    2.504745] i8042: PNP: PS/2 Controller [PNP0303:KBD,PNP0f13:MOU] at 0x60,0x64 irq 1,12
[    2.508269] serio: i8042 KBD port at 0x60,0x64 irq 1
[    2.508673] serio: i8042 AUX port at 0x60,0x64 irq 12
[    2.509416] rtc_cmos 00:05: 
[    2.517871] rtc_cmos 00:05: registered as rtc0
[    2.520704] rtc_cmos 00:05: setting system clock to 2026-04-26T03:47:56 UTC (1777175276)
[    2.522642] rtc_cmos 00:05: alarms up to one day, y3k, 242 bytes nvram, hpet irqs
[    2.524916] intel_powerclamp: CPU does not support MWAIT
[    2.527245] amd_pstate: the _CPC object is not present in SBIOS or ACPI disabled
[    2.529000] sdhci: Secure Digital Host Controller Interface driver
[    2.530408] sdhci: Copyright(c) Pierre Ossman
[    2.532452] VUB300 Driver rom wait states = 1C irqpoll timeout = 0400
[    2.539279] input: AT Translated Set 2 keyboard as /devices/platform/i8042/serio0/input/input1
[    2.556667] usbcore: registered new interface driver vub300
[    2.558356] usbcore: registered new interface driver ushc
[    2.565871] hid: raw HID events driver (C) Jiri Kosina
[    2.568080] usbcore: registered new interface driver usbhid
[    2.569514] usbhid: USB HID core driver
[    2.572457] NET: Registered PF_INET6 protocol family
[    2.584424] tsc: Refined TSC clocksource calibration: 2445.450 MHz
[    2.586334] clocksource: tsc: mask: 0xffffffffffffffff max_cycles: 0x233fee7a78b, max_idle_ns: 440795233344 ns
[    2.591903] clocksource: Switched to clocksource tsc
[    2.600376] Segment Routing with IPv6
[    2.602005] In-situ OAM (IOAM) with IPv6
[    2.604166] NET: Registered PF_PACKET protocol family
[    2.606145] bridge: filtering via arp/ip/ip6tables is no longer available by default. Update your scripts to load br_netfilter if y
[    2.615952] 8021q: 802.1Q VLAN Support v1.8
[    2.618125] NET: Registered PF_VSOCK protocol family
[    2.626792] IPI shorthand broadcast: enabled
[    2.646179] sched_clock: Marking stable (2410105311, 232876165)->(2653718327, -10736851)
[    2.676225] ata2: found unknown device (class 0)
[    2.695376] ata2.00: ATAPI: QEMU DVD-ROM, 2.5+, max UDMA/100
[    2.749325] scsi 1:0:0:0: CD-ROM            QEMU     QEMU DVD-ROM     2.5+ PQ: 0 ANSI: 5
[    2.760529] clk: Disabling unused clocks
[    2.778215] check access for rdinit=/init failed: -2, ignoring
[    2.805140] sr 1:0:0:0: [sr0] scsi3-mmc drive: 4x/4x cd/rw xa/form2 tray
[    2.807030] cdrom: Uniform CD-ROM driver Revision: 3.20
[    2.855043] VFS: Mounted root (squashfs filesystem) readonly on device 254:2.
[    2.927111] Freeing unused kernel image (initmem) memory: 2652K
[    2.929105] Write protecting the kernel read-only data: 20480k
[    2.931725] Freeing unused kernel image (text/rodata gap) memory: 88K
[    2.934129] Freeing unused kernel image (rodata/data gap) memory: 436K
[    2.939044] Run /sbin/init as init process
[    3.263517] init: Console is alive
[    4.496330] kmodloader: loading kernel modules from /etc/modules-boot.d/*
[    4.592038] button_hotplug: loading out-of-tree module taints kernel.
[    4.599850] Button Hotplug driver version 0.4.1
[    4.625246] Intel(R) 2.5G Ethernet Linux Driver
[    4.627131] Copyright(c) 2018 Intel Corporation.
[    4.648365] igb: Intel(R) Gigabit Ethernet Network Driver
[    4.650196] igb: Copyright (c) 2007-2014 Intel Corporation.
[    4.670837] e1000e: Intel(R) PRO/1000 Network Driver
[    4.672705] e1000e: Copyright(c) 1999 - 2015 Intel Corporation.
[    4.690199] kmodloader: done loading kernel modules from /etc/modules-boot.d/*
[    4.709892] init: - preinit -
[    5.730949] 8021q: adding VLAN 0 to HW filter on device eth0
Press the [f] key and hit [enter] to enter failsafe mode
Press the [1], [2], [3] or [4] key and hit [enter] to select the debug level

[   10.412587] loop0: detected capacity change from 0 to 212992
[   10.463555] loop0: detected capacity change from 212992 to 198656
[   10.476640] mount_root: overlay filesystem in /dev/loop0 has not been formatted yet
[   10.830522] EXT4-fs (loop0): mounted filesystem 0b9c6e9f-c128-4979-a0fa-1953361d4971 r/w with ordered data mode. Quota mode: disabled.
[   10.850235] mount_root: overlay filesystem has not been fully initialized yet
[   10.868403] mount_root: switching to ext4 overlay
[   10.889830] overlayfs: null uuid detected in lower fs '/', falling back to xino=off,index=off,nfs_export=off.
[   11.578089] EXT4-fs (vda1): mounted filesystem 84173db5-fa99-e35a-95c6-28613cc79ea9 r/w without journal. Quota mode: disabled.
[   11.602453] urandom-seed: Seed file not found (/etc/urandom.seed)
[   11.753929] procd: - early -
[   12.512453] procd: - ubus -
[   12.622552] procd: - init -
Please press Enter to activate this console.
root
login[1031]: root login on 'ttyS0'


BusyBox v1.37.0 (2026-04-24 19:08:24 UTC) built-in shell (ash)

  _______                     ________        __
 |       |.-----.-----.-----.|  |  |  |.----.|  |_
 |   -   ||  _  |  -__|     ||  |  |  ||   _||   _|
 |_______||   __|_____|__|__||________||__|  |____|
          |__| W I R E L E S S   F R E E D O M
 -----------------------------------------------------
 OpenWrt SNAPSHOT, r34139-51992c87c8
 -----------------------------------------------------

 === WARNING! =====================================
 There is no root password defined on this device!
 Use the "passwd" command to set up a new password
 in order to prevent unauthorized SSH logins.
 --------------------------------------------------

  ___   __ __                _______             __
 |   |_|__|  |--.----.-----.|   |   |-----.-----|  |--.
 |     |  |  _  |   _|  -__||       |  -__|__ --|     |
 |_____|__|_____|__| |_____||__|_|__|_____|_____|__|__|

 ------------------------------------------------------
 LiMe master development (master rev. aebe482 20260416_0843)
 ------------------------------------------------------
 https://libremesh.org
 ------------------------------------------------------
root@(none):~# dmesg -n 1
root@(none):~# echo 'OSYY''QQUFBG'
OSYYQQUFBG
root@LiMe-123456:~# run() { echo -n "$MARKER"; sh -c "$@"; echo "$MARKER $?"; }
root@LiMe-123456:~# echo 'NJLT''OQZJTO'
NJLTOQZJTO
root@LiMe-123456:~# MARKER='EYNF''SCELOK' run 'ubus wait_for network.interface.l
an'
EYNFSCELOKEYNFSCELOK 0
root@LiMe-123456:~# echo 'EQUE''QZEJYB'
EQUEQZEJYB
root@LiMe-123456:~# MARKER='PFEL''LSPMGY' run 'ubus call network.interface.lan s
tatus '"'"'{}'"'"''
PFELLSPMGY{
	"up": true,
	"pending": false,
	"available": true,
	"autostart": true,
	"dynamic": false,
	"uptime": 1,
	"l3_device": "br-lan",
	"proto": "static",
	"device": "br-lan",
	"updated": [
		"addresses"
	],
	"metric": 0,
	"dns_metric": 0,
	"delegation": true,
	"ipv4-address": [
		{
			"address": "10.13.52.86",
			"mask": 16
		}
	],
	"ipv6-address": [
		{
			"address": "fd0d:fe46:8ce8::12:3456",
			"mask": 64
		}
	],
	"ipv6-prefix": [
		
	],
	"ipv6-prefix-assignment": [
		
	],
	"route": [
		
	],
	"dns-server": [
		
	],
	"dns-search": [
		
	],
	"neighbors": [
		
	],
	"inactive": {
		"ipv4-address": [
			
		],
		"ipv6-address": [
			
		],
		"route": [
			
		],
		"dns-server": [
			
		],
		"dns-search": [
			
		],
		"neighbors": [
			
		]
	},
	"data": {
		
	}
}
PFELLSPMGY 0
root@LiMe-123456:~# echo 'UBWY''SAJFQG'
UBWYSAJFQG
root@LiMe-123456:~# MARKER='JJPJ''NCYJXW' run true
JJPJNCYJXWJJPJNCYJXW 0
root@LiMe-123456:~# echo 'HHAU''WMGPOC'
HHAUWMGPOC
root@LiMe-123456:~# MARKER='ETKL''WWVVNQ' run 'source /etc/os-release; echo $BUI
LD_ID'
ETKLWWVVNQr34139-51992c87c8
ETKLWWVVNQ 0
root@LiMe-123456:~# echo 'ZNKK''WEYUTL'
ZNKKWEYUTL
root@LiMe-123456:~# MARKER='OYUT''WMWFLS' run 'ls /etc/dropbear/dropbear_rsa_hos
t_key'
OYUTWMWFLS[0;0m/etc/dropbear/dropbear_rsa_host_key[m
OYUTWMWFLS 0
root@LiMe-123456:~# echo 'WKKN''XVOUYB'
WKKNXVOUYB
root@LiMe-123456:~# MARKER='AKOT''QSEGGX' run 'netstat -tlpn | grep 0.0.0.0:22'
AKOTQSEGGXtcp        0      0 0.0.0.0:22              0.0.0.0:*               LISTEN      2110/dropbear
AKOTQSEGGX 0
root@LiMe-123456:~# echo 'MYGW''QNVBBL'
MYGWQNVBBL
root@LiMe-123456:~# MARKER='OOBO''MTEPTW' run 'dmesg | grep br-lan | grep forwar
ding'
OOBOMTEPTW[   49.063761] br-lan: port 1(eth0) entered forwarding state
[   52.705162] br-lan: port 2(bat0) entered forwarding state
OOBOMTEPTW 0
root@LiMe-123456:~# echo 'LBBP''TCYJPB'
LBBPTCYJPB
root@LiMe-123456:~# MARKER='NFGN''QPJVWO' run 'ubus call network.interface.lan s
tatus '"'"'{}'"'"''
NFGNQPJVWO{
	"up": true,
	"pending": false,
	"available": true,
	"autostart": true,
	"dynamic": false,
	"uptime": 43,
	"l3_device": "br-lan",
	"proto": "static",
	"device": "br-lan",
	"updated": [
		"addresses"
	],
	"metric": 0,
	"dns_metric": 0,
	"delegation": true,
	"ipv4-address": [
		{
			"address": "10.13.52.86",
			"mask": 16
		}
	],
	"ipv6-address": [
		{
			"address": "fd0d:fe46:8ce8::12:3456",
			"mask": 64
		}
	],
	"ipv6-prefix": [
		
	],
	"ipv6-prefix-assignment": [
		
	],
	"route": [
		
	],
	"dns-server": [
		
	],
	"dns-search": [
		
	],
	"neighbors": [
		
	],
	"inactive": {
		"ipv4-address": [
			
		],
		"ipv6-address": [
			
		],
		"route": [
			
		],
		"dns-server": [
			
		],
		"dns-search": [
			
		],
		"neighbors": [
			
		]
	},
	"data": {
		
	}
}
NFGNQPJVWO 0
root@LiMe-123456:~# 