Labgrid Console Logfile for main
Logfile started at 2026-03-19 03:00:57.050765
=== Log starts here ===
c[?7l[2J[0mSeaBIOS (version 1.16.3-debian-1.16.3-2)


iPXE (https://ipxe.org) 00:03.0 CA00 PCI2.10 PnP PMM+06FCAE70+06F0AE70 CA00
Press Ctrl-B to configure iPXE (PCI 00:03.0)...                                                                               




iPXE (https://ipxe.org) 00:05.0 CB00 PCI2.10 PnP PMM 06FCAE70 06F0AE70 CB00
Press Ctrl-B to configure iPXE (PCI 00:05.0)...                                                                               


Booting from Hard Disk...
GRUB loading.....
[0;30;47mWelcome to GRUB!

[01;01H[0m[2J[H[J[1;1H[?25l[m[H[J[1;1H[2;30HGNU GRUB  version 2.12

[m[4;2H+----------------------------------------------------------------------------+[5;2H|[5;79H|[6;2H|[6;79H|[7;2H|[7;79H|[8;2H|[8;79H|[9;2H|[9;79H|[10;2H|[10;79H|[11;2H|[11;79H|[12;2H|[12;79H|[13;2H|[13;79H|[14;2H|[14;79H|[15;2H|[15;79H|[16;2H+----------------------------------------------------------------------------+[m[17;2H[18;2H[m     Use the ^ and v keys to select which entry is highlighted.          
      Press enter to boot the selected OS, `e' to edit the commands       
      before booting or `c' for a command-line. ESC to return             
      previous menu.                                                      [5;80H [7m[5;3H*OpenWrt                                                                    [m[5;78H[m[m[6;3H OpenWrt (failsafe)                                                         [m[6;78H[m[m[7;3H                                                                            [m[7;78H[m[m[8;3H                                                                            [m[8;78H[m[m[9;3H                                                                            [m[9;78H[m[m[10;3H                                                                            [m[10;78H[m[m[11;3H                                                                            [m[11;78H[m[m[12;3H                                                                            [m[12;78H[m[m[13;3H                                                                            [m[13;78H[m[m[14;3H                                                                            [m[14;78H[m[m[15;3H                                                                            [m[15;78H[m[15;80H [5;78H[2J[02;30HGNU GRUB  version 2.12[04;02H┌──────────────────────────[04;28H[04;29H──────────────────────────────────────────────────┐[05;02H│[05;79H│[06;02H│[06;79H│[07;02H│[07;79H│[08;02H│[08;79H│[09;02H│[09;79H│[10;02H│[10;79H│[11;02H│[11;79H│[12;02H│[12;79H│[13;02H│[13;79H│[14;02H│[14;79H│[15;02H│[15;79H│[16;02H│[16;79H│[17;02H└──────────────────────────────────────────────────────────────────────────[17;76H[17;77H──┘[19;02H     Use the ↑ and ↓ keys to select which entry is highlighted.          
      Press enter to boot the selected OS, `e' to edit the commands       
      before booting or `c' for a command-line. ESC to return             
      previous menu.                                                      [05;80H [05;03H[0;30;47m*OpenWrt                                                                    [06;03H[0m OpenWrt (failsafe)                                                         [07;03H                                         [07;43H[07;44H                                   [08;03H                                                                            [09;03H                                                                            [10;03H                                                                            [11;03H                                                                            [12;03H                                                                            [13;03H                                                                            [14;03H  [14;04H[14;05H                                                                          [15;03H                                                                            [16;03H                                                                            [16;80H 






   The highlighted entry will be executed automatically in 5s.                [22;1H   The highlighted entry will be executed automatically in 5s.                 [5;78H [05;78H

















   The highlighted entry will be executed automatically in 4s.                [22;1H   The highlighted entry will be executed automatically in 4s.                 [5;78H [05;78H

















   The highlighted entry will be executed automatically in 3s.                [22;1H   The highlighted entry will be executed automatically in 3s.                 [5;78H [05;78H

















   The highlighted entry will be executed automatically in 2s.                [22;1H   The highlighted entry will be executed automatically in 2s.                 [5;78H [05;78H

















   The highlighted entry will be executed automatically in 1s.                [22;1H   The highlighted entry will be executed automatically in 1s.                 [5;78H [05;78H

















   The highlighted entry will be executed automatically in 0s.                [22;1H   The highlighted entry will be executed automatically in 0s.                 [5;78H [01;01H[2J[?25h[H[J[1;1H[H[J[1;1H[2J   Booting `OpenWrt' Booting `OpenWrt

'

[    0.000000] Linux version 6.12.74 (builder@buildhost) (x86_64-openwrt-linux-musl-gcc (OpenWrt GCC 14.3.0 r33448-8364cb4baa) 14.3.0, GNU ld (GNU Binutils) 2.44) #0 SMP Wed Mar 18 08:29:01 2026
[    0.000000] Command line: BOOT_IMAGE=/boot/vmlinuz root=PARTUUID=ef2b736b-02 rootwait console=tty1 console=ttyS0,115200n8 noinitrd
[    0.000000] BIOS-provided physical RAM map:
[    0.000000] BIOS-e820: [mem 0x0000000000000000-0x000000000009fbff] usable
[    0.000000] BIOS-e820: [mem 0x000000000009fc00-0x000000000009ffff] reserved
[    0.000000] BIOS-e820: [mem 0x00000000000f0000-0x00000000000fffff] reserved
[    0.000000] BIOS-e820: [mem 0x0000000000100000-0x0000000007fdcfff] usable
[    0.000000] BIOS-e820: [mem 0x0000000007fdd000-0x0000000007ffffff] reserved
[    0.000000] BIOS-e820: [mem 0x00000000fffc0000-0x00000000ffffffff] reserved
[    0.000000] BIOS-e820: [mem 0x000000fd00000000-0x000000ffffffffff] reserved
[    0.000000] NX (Execute Disable) protection: active
[    0.000000] APIC: Static calls initialized
[    0.000000] SMBIOS 3.0.0 present.
[    0.000000] DMI: QEMU Standard PC (i440FX + PIIX, 1996), BIOS 1.16.3-debian-1.16.3-2 04/01/2014
[    0.000000] DMI: Memory slots populated: 1/1
[    0.000000] tsc: Fast TSC calibration using PIT
[    0.000000] tsc: Detected 2445.405 MHz processor
[    0.007404] last_pfn = 0x7fdd max_arch_pfn = 0x400000000
[    0.008039] MTRR map: 4 entries (3 fixed + 1 variable; max 19), built from 8 variable MTRRs
[    0.008200] x86/PAT: Configuration [0-7]: WB  WC  UC- UC  WB  WP  UC- WT  
[    0.028022] found SMP MP-table at [mem 0x000f5460-0x000f546f]
[    0.029416] Using GB pages for direct mapping
[    0.033771] ACPI: Early table checksum verification disabled
[    0.034127] ACPI: RSDP 0x00000000000F5290 000014 (v00 BOCHS )
[    0.034441] ACPI: RSDT 0x0000000007FE1C64 000034 (v01 BOCHS  BXPC     00000001 BXPC 00000001)
[    0.034966] ACPI: FACP 0x0000000007FE1B18 000074 (v01 BOCHS  BXPC     00000001 BXPC 00000001)
[    0.035561] ACPI: DSDT 0x0000000007FE0040 001AD8 (v01 BOCHS  BXPC     00000001 BXPC 00000001)
[    0.035636] ACPI: FACS 0x0000000007FE0000 000040
[    0.035686] ACPI: APIC 0x0000000007FE1B8C 000078 (v03 BOCHS  BXPC     00000001 BXPC 00000001)
[    0.035708] ACPI: HPET 0x0000000007FE1C04 000038 (v01 BOCHS  BXPC     00000001 BXPC 00000001)
[    0.035727] ACPI: WAET 0x0000000007FE1C3C 000028 (v01 BOCHS  BXPC     00000001 BXPC 00000001)
[    0.035802] ACPI: Reserving FACP table memory at [mem 0x7fe1b18-0x7fe1b8b]
[    0.035852] ACPI: Reserving DSDT table memory at [mem 0x7fe0040-0x7fe1b17]
[    0.035860] ACPI: Reserving FACS table memory at [mem 0x7fe0000-0x7fe003f]
[    0.035865] ACPI: Reserving APIC table memory at [mem 0x7fe1b8c-0x7fe1c03]
[    0.035871] ACPI: Reserving HPET table memory at [mem 0x7fe1c04-0x7fe1c3b]
[    0.035876] ACPI: Reserving WAET table memory at [mem 0x7fe1c3c-0x7fe1c63]
[    0.038891] Zone ranges:
[    0.038920]   DMA      [mem 0x0000000000001000-0x0000000000ffffff]
[    0.038998]   DMA32    [mem 0x0000000001000000-0x0000000007fdcfff]
[    0.039008]   Normal   empty
[    0.039135] Movable zone start for each node
[    0.039169] Early memory node ranges
[    0.039196]   node   0: [mem 0x0000000000001000-0x000000000009efff]
[    0.039249]   node   0: [mem 0x0000000000100000-0x0000000007fdcfff]
[    0.039372] Initmem setup node 0 [mem 0x0000000000001000-0x0000000007fdcfff]
[    0.040411] On node 0, zone DMA: 1 pages in unavailable ranges
[    0.040906] On node 0, zone DMA: 97 pages in unavailable ranges
[    0.043024] On node 0, zone DMA32: 35 pages in unavailable ranges
[    0.043368] ACPI: PM-Timer IO Port: 0x608
[    0.043797] ACPI: LAPIC_NMI (acpi_id[0xff] dfl dfl lint[0x1])
[    0.044215] IOAPIC[0]: apic_id 0, version 32, address 0xfec00000, GSI 0-23
[    0.044331] ACPI: INT_SRC_OVR (bus 0 bus_irq 0 global_irq 2 dfl dfl)
[    0.044605] ACPI: INT_SRC_OVR (bus 0 bus_irq 5 global_irq 5 high level)
[    0.044656] ACPI: INT_SRC_OVR (bus 0 bus_irq 9 global_irq 9 high level)
[    0.044753] ACPI: INT_SRC_OVR (bus 0 bus_irq 10 global_irq 10 high level)
[    0.044763] ACPI: INT_SRC_OVR (bus 0 bus_irq 11 global_irq 11 high level)
[    0.044951] ACPI: Using ACPI (MADT) for SMP configuration information
[    0.044996] ACPI: HPET id: 0x8086a201 base: 0xfed00000
[    0.045392] CPU topo: Max. logical packages:   1
[    0.045408] CPU topo: Max. logical dies:       1
[    0.045417] CPU topo: Max. dies per package:   1
[    0.045478] CPU topo: Max. threads per core:   1
[    0.045639] CPU topo: Num. cores per package:     1
[    0.045655] CPU topo: Num. threads per package:   1
[    0.045664] CPU topo: Allowing 1 present CPUs plus 0 hotplug CPUs
[    0.046825] [mem 0x08000000-0xfffbffff] available for PCI devices
[    0.046894] Booting paravirtualized kernel on bare hardware
[    0.047183] clocksource: refined-jiffies: mask: 0xffffffff max_cycles: 0xffffffff, max_idle_ns: 19112604462750000 ns
[    0.047867] setup_percpu: NR_CPUS:512 nr_cpumask_bits:1 nr_cpu_ids:1 nr_node_ids:1
[    0.049894] percpu: Embedded 50 pages/cpu s166808 r8192 d29800 u2097152
[    0.052188] Kernel command line: BOOT_IMAGE=/boot/vmlinuz root=PARTUUID=ef2b736b-02 rootwait console=tty1 console=ttyS0,115200n8 noinitrd
[    0.053838] random: crng init done
[    0.058523] Dentry cache hash table entries: 16384 (order: 5, 131072 bytes, linear)
[    0.059482] Inode-cache hash table entries: 8192 (order: 4, 65536 bytes, linear)
[    0.062154] Built 1 zonelists, mobility grouping on.  Total pages: 32635
[    0.062390] mem auto-init: stack:off, heap alloc:off, heap free:off
[    0.072170] SLUB: HWalign=64, Order=0-3, MinObjects=0, CPUs=1, Nodes=1
[    0.080125] rcu: Hierarchical RCU implementation.
[    0.080155] rcu: 	RCU restricting CPUs from NR_CPUS=512 to nr_cpu_ids=1.
[    0.080303] 	Tracing variant of Tasks RCU enabled.
[    0.080398] rcu: RCU calculated value of scheduler-enlistment delay is 10 jiffies.
[    0.080429] rcu: Adjusting geometry for rcu_fanout_leaf=16, nr_cpu_ids=1
[    0.081762] RCU Tasks Trace: Setting shift to 0 and lim to 1 rcu_task_cb_adjust=1 rcu_task_cpu_ids=1.
[    0.081894] NR_IRQS: 33024, nr_irqs: 256, preallocated irqs: 16
[    0.090684] rcu: srcu_init: Setting srcu_struct sizes based on contention.
[    0.097600] Console: colour VGA+ 80x25
[    0.098022] printk: legacy console [tty1] enabled
[    0.106181] printk: legacy console [ttyS0] enabled
[    0.359298] ACPI: Core revision 20240827
[    0.364878] clocksource: hpet: mask: 0xffffffff max_cycles: 0xffffffff, max_idle_ns: 19112604467 ns
[    0.370098] APIC: Switch to symmetric I/O mode setup
[    0.374547] ..TIMER: vector=0x30 apic1=0 pin1=2 apic2=-1 pin2=-1
[    0.416854] clocksource: tsc-early: mask: 0xffffffffffffffff max_cycles: 0x233fc3b4c22, max_idle_ns: 440795229441 ns
[    0.417664] Calibrating delay loop (skipped), value calculated using timer frequency.. 4890.81 BogoMIPS (lpj=24454050)
[    0.419644] x86/cpu: User Mode Instruction Prevention (UMIP) activated
[    0.438038] Last level iTLB entries: 4KB 0, 2MB 0, 4MB 0
[    0.438472] Last level dTLB entries: 4KB 0, 2MB 0, 4MB 0, 1GB 0
[    0.439808] Spectre V1 : Mitigation: usercopy/swapgs barriers and __user pointer sanitization
[    0.440835] Spectre V2 : Mitigation: Retpolines
[    0.441084] Spectre V2 : Spectre v2 / SpectreRSB: Filling RSB on context switch and VMEXIT
[    0.441545] Speculative Store Bypass: Vulnerable
[    0.450083] x86/fpu: Supporting XSAVE feature 0x001: 'x87 floating point registers'
[    0.458882] x86/fpu: Supporting XSAVE feature 0x002: 'SSE registers'
[    0.459179] x86/fpu: Supporting XSAVE feature 0x004: 'AVX registers'
[    0.459455] x86/fpu: Supporting XSAVE feature 0x008: 'MPX bounds registers'
[    0.460288] x86/fpu: Supporting XSAVE feature 0x010: 'MPX CSR'
[    0.460998] x86/fpu: xstate_offset[2]:  576, xstate_sizes[2]:  256
[    0.461615] x86/fpu: xstate_offset[3]:  960, xstate_sizes[3]:   64
[    0.461865] x86/fpu: xstate_offset[4]: 1024, xstate_sizes[4]:   64
[    0.467753] x86/fpu: Enabled xstate features 0x1f, context size is 1088 bytes, using 'standard' format.
[    0.695627] Freeing SMP alternatives memory: 40K
[    0.696452] pid_max: default: 32768 minimum: 301
[    0.706072] Mount-cache hash table entries: 512 (order: 0, 4096 bytes, linear)
[    0.706617] Mountpoint-cache hash table entries: 512 (order: 0, 4096 bytes, linear)
[    0.859374] smpboot: CPU0: AMD QEMU TCG CPU version 2.5+ (family: 0x6, model: 0x6, stepping: 0x3)
[    0.874939] Performance Events: PMU not available due to virtualization, using software events only.
[    0.876480] signal: max sigframe size: 1616
[    0.896294] rcu: Hierarchical SRCU implementation.
[    0.896657] rcu: 	Max phase no-delay instances is 1000.
[    0.902766] smp: Bringing up secondary CPUs ...
[    0.904591] smp: Brought up 1 node, 1 CPU
[    0.904914] smpboot: Total of 1 processors activated (4890.81 BogoMIPS)
[    0.914265] Memory: 103268K/130540K available (14336K kernel code, 1166K rwdata, 3976K rodata, 1496K init, 1312K bss, 25628K reserved, 0K cma-reserved)
[    0.927126] clocksource: jiffies: mask: 0xffffffff max_cycles: 0xffffffff, max_idle_ns: 19112604462750000 ns
[    0.928601] futex hash table entries: 256 (order: 2, 16384 bytes, linear)
[    0.929857] pinctrl core: initialized pinctrl subsystem
[    0.949565] NET: Registered PF_NETLINK/PF_ROUTE protocol family
[    0.956184] thermal_sys: Registered thermal governor 'step_wise'
[    0.956228] thermal_sys: Registered thermal governor 'user_space'
[    0.957364] cpuidle: using governor ladder
[    0.957970] cpuidle: using governor menu
[    0.961788] acpiphp: ACPI Hot Plug PCI Controller Driver version: 0.5
[    0.964944] PCI: Using configuration type 1 for base access
[    0.975186] cryptd: max_cpu_qlen set to 1000
[    0.981600] ACPI: Added _OSI(Module Device)
[    0.981832] ACPI: Added _OSI(Processor Device)
[    0.982043] ACPI: Added _OSI(Processor Aggregator Device)
[    0.996611] ACPI: 1 ACPI AML tables successfully acquired and loaded
[    1.013940] ACPI: Interpreter enabled
[    1.014826] ACPI: PM: (supports S0 S5)
[    1.015064] ACPI: Using IOAPIC for interrupt routing
[    1.015686] PCI: Using host bridge windows from ACPI; if necessary, use "pci=nocrs" and report a bug
[    1.016108] PCI: Using E820 reservations for host bridge windows
[    1.019466] ACPI: Enabled 2 GPEs in block 00 to 0F
[    1.060230] ACPI: PCI Root Bridge [PCI0] (domain 0000 [bus 00-ff])
[    1.061221] acpi PNP0A03:00: _OSC: OS supports [ASPM ClockPM Segments MSI HPX-Type3]
[    1.061707] acpi PNP0A03:00: _OSC: not requesting OS control; OS requires [ExtendedConfig ASPM ClockPM MSI]
[    1.062738] acpi PNP0A03:00: fail to add MMCONFIG information, can't access extended configuration space under this bridge
[    1.072188] acpiphp: Slot [3] registered
[    1.072542] acpiphp: Slot [4] registered
[    1.072822] acpiphp: Slot [5] registered
[    1.073091] acpiphp: Slot [6] registered
[    1.077908] acpiphp: Slot [7] registered
[    1.079647] acpiphp: Slot [8] registered
[    1.079923] acpiphp: Slot [9] registered
[    1.080192] acpiphp: Slot [10] registered
[    1.080490] acpiphp: Slot [11] registered
[    1.080760] acpiphp: Slot [12] registered
[    1.087891] acpiphp: Slot [13] registered
[    1.088359] acpiphp: Slot [14] registered
[    1.088686] acpiphp: Slot [15] registered
[    1.088965] acpiphp: Slot [16] registered
[    1.089264] acpiphp: Slot [17] registered
[    1.089547] acpiphp: Slot [18] registered
[    1.089829] acpiphp: Slot [19] registered
[    1.097971] acpiphp: Slot [20] registered
[    1.098385] acpiphp: Slot [21] registered
[    1.098724] acpiphp: Slot [22] registered
[    1.099036] acpiphp: Slot [23] registered
[    1.099312] acpiphp: Slot [24] registered
[    1.099581] acpiphp: Slot [25] registered
[    1.107933] acpiphp: Slot [26] registered
[    1.108354] acpiphp: Slot [27] registered
[    1.108683] acpiphp: Slot [28] registered
[    1.108980] acpiphp: Slot [29] registered
[    1.117735] acpiphp: Slot [30] registered
[    1.118046] acpiphp: Slot [31] registered
[    1.127733] PCI host bridge to bus 0000:00
[    1.128267] pci_bus 0000:00: root bus resource [io  0x0000-0x0cf7 window]
[    1.128705] pci_bus 0000:00: root bus resource [io  0x0d00-0xffff window]
[    1.128978] pci_bus 0000:00: root bus resource [mem 0x000a0000-0x000bffff window]
[    1.137771] pci_bus 0000:00: root bus resource [mem 0x08000000-0xfebfffff window]
[    1.138247] pci_bus 0000:00: root bus resource [mem 0x100000000-0x17fffffff window]
[    1.138751] pci_bus 0000:00: root bus resource [bus 00-ff]
[    1.140257] pci 0000:00:00.0: [8086:1237] type 00 class 0x060000 conventional PCI endpoint
[    1.151761] pci 0000:00:01.0: [8086:7000] type 00 class 0x060100 conventional PCI endpoint
[    1.152740] pci 0000:00:01.1: [8086:7010] type 00 class 0x010180 conventional PCI endpoint
[    1.158060] pci 0000:00:01.1: BAR 4 [io  0xc0e0-0xc0ef]
[    1.162079] pci 0000:00:01.1: BAR 0 [io  0x01f0-0x01f7]: legacy IDE quirk
[    1.162412] pci 0000:00:01.1: BAR 1 [io  0x03f6]: legacy IDE quirk
[    1.162707] pci 0000:00:01.1: BAR 2 [io  0x0170-0x0177]: legacy IDE quirk
[    1.163011] pci 0000:00:01.1: BAR 3 [io  0x0376]: legacy IDE quirk
[    1.169032] pci 0000:00:01.3: [8086:7113] type 00 class 0x068000 conventional PCI endpoint
[    1.169761] pci 0000:00:01.3: quirk: [io  0x0600-0x063f] claimed by PIIX4 ACPI
[    1.170112] pci 0000:00:01.3: quirk: [io  0x0700-0x070f] claimed by PIIX4 SMB
[    1.178539] pci 0000:00:02.0: [1234:1111] type 00 class 0x030000 conventional PCI endpoint
[    1.179443] pci 0000:00:02.0: BAR 0 [mem 0xfd000000-0xfdffffff pref]
[    1.181049] pci 0000:00:02.0: BAR 2 [mem 0xfeb90000-0xfeb90fff]
[    1.189670] pci 0000:00:02.0: ROM [mem 0xfeb80000-0xfeb8ffff pref]
[    1.194698] pci 0000:00:02.0: Video device with shadowed ROM at [mem 0x000c0000-0x000dffff]
[    1.195909] pci 0000:00:03.0: [1af4:1000] type 00 class 0x020000 conventional PCI endpoint
[    1.197331] pci 0000:00:03.0: BAR 0 [io  0xc080-0xc09f]
[    1.207584] pci 0000:00:03.0: BAR 4 [mem 0xfe000000-0xfe003fff 64bit pref]
[    1.209278] pci 0000:00:03.0: ROM [mem 0xfea80000-0xfeafffff pref]
[    1.214553] pci 0000:00:04.0: [1af4:1005] type 00 class 0x00ff00 conventional PCI endpoint
[    1.215535] pci 0000:00:04.0: BAR 0 [io  0xc0a0-0xc0bf]
[    1.218515] pci 0000:00:04.0: BAR 1 [mem 0xfeb91000-0xfeb91fff]
[    1.220945] pci 0000:00:04.0: BAR 4 [mem 0xfe004000-0xfe007fff 64bit pref]
[    1.225927] pci 0000:00:05.0: [1af4:1000] type 00 class 0x020000 conventional PCI endpoint
[    1.228309] pci 0000:00:05.0: BAR 0 [io  0xc0c0-0xc0df]
[    1.231213] pci 0000:00:05.0: BAR 1 [mem 0xfeb92000-0xfeb92fff]
[    1.233602] pci 0000:00:05.0: BAR 4 [mem 0xfe008000-0xfe00bfff 64bit pref]
[    1.234528] pci 0000:00:05.0: ROM [mem 0xfeb00000-0xfeb7ffff pref]
[    1.239008] pci 0000:00:06.0: [1af4:1001] type 00 class 0x010000 conventional PCI endpoint
[    1.241387] pci 0000:00:06.0: BAR 0 [io  0xc000-0xc07f]
[    1.242944] pci 0000:00:06.0: BAR 1 [mem 0xfeb93000-0xfeb93fff]
[    1.245129] pci 0000:00:06.0: BAR 4 [mem 0xfe00c000-0xfe00ffff 64bit pref]
[    1.254133] ACPI: PCI: Interrupt link LNKA configured for IRQ 10
[    1.255049] ACPI: PCI: Interrupt link LNKB configured for IRQ 10
[    1.255695] ACPI: PCI: Interrupt link LNKC configured for IRQ 11
[    1.256360] ACPI: PCI: Interrupt link LNKD configured for IRQ 11
[    1.256797] ACPI: PCI: Interrupt link LNKS configured for IRQ 9
[    1.268750] iommu: Default domain type: Translated
[    1.269019] iommu: DMA domain TLB invalidation policy: lazy mode
[    1.271819] SCSI subsystem initialized
[    1.272939] ACPI: bus type USB registered
[    1.273503] usbcore: registered new interface driver usbfs
[    1.276275] usbcore: registered new interface driver hub
[    1.276810] usbcore: registered new device driver usb
[    1.277419] pps_core: LinuxPPS API ver. 1 registered
[    1.277634] pps_core: Software ver. 5.3.6 - Copyright 2005-2007 Rodolfo Giometti <giometti@linux.it>
[    1.287062] PTP clock support registered
[    1.298606] PCI: Using ACPI for IRQ routing
[    1.301110] hpet0: at MMIO 0xfed00000, IRQs 2, 8, 0
[    1.301417] hpet0: 3 comparators, 64-bit 100.000000 MHz counter
[    1.308355] clocksource: Switched to clocksource tsc-early
[    1.312276] pnp: PnP ACPI init
[    1.316588] pnp: PnP ACPI: found 6 devices
[    1.331861] clocksource: acpi_pm: mask: 0xffffff max_cycles: 0xffffff, max_idle_ns: 2085701024 ns
[    1.333344] NET: Registered PF_INET protocol family
[    1.334596] IP idents hash table entries: 2048 (order: 2, 16384 bytes, linear)
[    1.341792] tcp_listen_portaddr_hash hash table entries: 256 (order: 0, 4096 bytes, linear)
[    1.342583] Table-perturb hash table entries: 65536 (order: 6, 262144 bytes, linear)
[    1.343232] TCP established hash table entries: 1024 (order: 1, 8192 bytes, linear)
[    1.343745] TCP bind hash table entries: 1024 (order: 3, 32768 bytes, linear)
[    1.353809] TCP: Hash tables configured (established 1024 bind 1024)
[    1.355976] MPTCP token hash table entries: 256 (order: 1, 6144 bytes, linear)
[    1.356551] UDP hash table entries: 256 (order: 1, 8192 bytes, linear)
[    1.357033] UDP-Lite hash table entries: 256 (order: 1, 8192 bytes, linear)
[    1.366641] NET: Registered PF_UNIX/PF_LOCAL protocol family
[    1.368085] pci_bus 0000:00: resource 4 [io  0x0000-0x0cf7 window]
[    1.368364] pci_bus 0000:00: resource 5 [io  0x0d00-0xffff window]
[    1.368611] pci_bus 0000:00: resource 6 [mem 0x000a0000-0x000bffff window]
[    1.375596] pci_bus 0000:00: resource 7 [mem 0x08000000-0xfebfffff window]
[    1.376032] pci_bus 0000:00: resource 8 [mem 0x100000000-0x17fffffff window]
[    1.376940] pci 0000:00:01.0: PIIX3: Enabling Passive Release
[    1.377353] pci 0000:00:00.0: Limiting direct PCI/PCI transfers
[    1.386871] PCI: CLS 0 bytes, default 64
[    1.407948] workingset: timestamp_bits=46 max_order=15 bucket_order=0
[    1.410663] squashfs: version 4.0 (2009/01/31) Phillip Lougher
[    1.413563] Block layer SCSI generic (bsg) driver version 0.4 loaded (major 247)
[    1.417513] hv_vmbus: registering driver hyperv_fb
[    1.421850] input: Power Button as /devices/LNXSYSTM:00/LNXPWRBN:00/input/input0
[    1.431217] ACPI: button: Power Button [PWRF]
[    1.590613] ACPI: \_SB_.LNKC: Enabled at IRQ 11
[    1.742762] ACPI: \_SB_.LNKD: Enabled at IRQ 10
[    1.892965] ACPI: \_SB_.LNKA: Enabled at IRQ 10
[    2.043035] ACPI: \_SB_.LNKB: Enabled at IRQ 11
[    2.044992] Serial: 8250/16550 driver, 16 ports, IRQ sharing enabled
[    2.070102] 00:04: ttyS0 at I/O 0x3f8 (irq = 4, base_baud = 115200) is a 16550A
[    2.096132] Non-volatile memory driver v1.3
[    2.107469] Linux agpgart interface v0.103
[    2.108504] ACPI: bus type drm_connector registered
[    2.111272] [drm] Found bochs VGA, ID 0xb0c5.
[    2.111498] [drm] Framebuffer size 16384 kB @ 0xfd000000, mmio @ 0xfeb90000.
[    2.117492] [drm] Found EDID data blob.
[    2.123210] [drm] Initialized bochs-drm 1.0.0 for 0000:00:02.0 on minor 0
[    2.192190] Console: switching to colour frame buffer device 160x50
[    2.201358] bochs-drm 0000:00:02.0: [drm] fb0: bochs-drmdrmfb frame buffer device
[    2.237088] loop: module loaded
[    2.237823] virtio_blk virtio3: 1/0/0 default/read/poll queues
[    2.242503] virtio_blk virtio3: [vda] 246784 512-byte logical blocks (126 MB/121 MiB)
[    2.252005]  vda: vda1 vda2
[    2.254050] Guest personality initialized and is inactive
[    2.254659] VMCI host device registered (name=vmci, major=10, minor=256)
[    2.254979] Initialized host personality
[    2.255362] usbcore: registered new interface driver rtsx_usb
[    2.263744] VMware PVSCSI driver - version 1.0.7.0-k
[    2.264104] hv_vmbus: registering driver hv_storvsc
[    2.280715] scsi host0: ata_piix
[    2.283307] scsi host1: ata_piix
[    2.284208] ata1: PATA max MWDMA2 cmd 0x1f0 ctl 0x3f6 bmdma 0xc0e0 irq 14 lpm-pol 0
[    2.284566] ata2: PATA max MWDMA2 cmd 0x170 ctl 0x376 bmdma 0xc0e8 irq 15 lpm-pol 0
[    2.294119] VMware vmxnet3 virtual NIC driver - version 1.9.0.0-k-NAPI
[    2.294767] hv_vmbus: registering driver hv_netvsc
[    2.295175] Fusion MPT base driver 3.04.20
[    2.295357] Copyright (c) 1999-2008 LSI Corporation
[    2.295773] Fusion MPT SPI Host driver 3.04.20
[    2.305170] Fusion MPT SAS Host driver 3.04.20
[    2.307392] usbcore: registered new interface driver usb-storage
[    2.308647] i8042: PNP: PS/2 Controller [PNP0303:KBD,PNP0f13:MOU] at 0x60,0x64 irq 1,12
[    2.311943] serio: i8042 KBD port at 0x60,0x64 irq 1
[    2.312341] serio: i8042 AUX port at 0x60,0x64 irq 12
[    2.319331] hv_vmbus: registering driver hyperv_keyboard
[    2.321851] rtc_cmos 00:05: RTC can wake from S4
[    2.326965] rtc_cmos 00:05: registered as rtc0
[    2.329732] rtc_cmos 00:05: setting system clock to 2026-03-19T03:01:07 UTC (1773889267)
[    2.332328] rtc_cmos 00:05: alarms up to one day, y3k, 242 bytes nvram, hpet irqs
[    2.335087] intel_powerclamp: CPU does not support MWAIT
[    2.340566] amd_pstate: the _CPC object is not present in SBIOS or ACPI disabled
[    2.342925] sdhci: Secure Digital Host Controller Interface driver
[    2.344898] sdhci: Copyright(c) Pierre Ossman
[    2.347330] VUB300 Driver rom wait states = 1C irqpoll timeout = 0400
[    2.353769] input: AT Translated Set 2 keyboard as /devices/platform/i8042/serio0/input/input1
[    2.377914] usbcore: registered new interface driver vub300
[    2.380175] usbcore: registered new interface driver ushc
[    2.388758] hid: raw HID events driver (C) Jiri Kosina
[    2.391328] hv_vmbus: registering driver hid_hyperv
[    2.394079] usbcore: registered new interface driver usbhid
[    2.396094] usbhid: USB HID core driver
[    2.398342] hv_utils: Registering HyperV Utility Driver
[    2.401261] hv_vmbus: registering driver hv_utils
[    2.403281] hv_vmbus: registering driver hv_balloon
[    2.406871] NET: Registered PF_INET6 protocol family
[    2.422082] Segment Routing with IPv6
[    2.424309] In-situ OAM (IOAM) with IPv6
[    2.426865] NET: Registered PF_PACKET protocol family
[    2.429327] bridge: filtering via arp/ip/ip6tables is no longer available by default. Update your scripts to load br_netfilter if you need this.
[    2.438996] 8021q: 802.1Q VLAN Support v1.8
[    2.441632] NET: Registered PF_VSOCK protocol family
[    2.449976] tsc: Refined TSC clocksource calibration: 2445.408 MHz
[    2.452428] clocksource: tsc: mask: 0xffffffffffffffff max_cycles: 0x233fc6bd520, max_idle_ns: 440795230742 ns
[    2.459548] clocksource: Switched to clocksource tsc
[    2.466795] IPI shorthand broadcast: enabled
[    2.473834] AES CTR mode by8 optimization enabled
[    2.506030] sched_clock: Marking stable (2230063125, 266351065)->(2497179326, -765136)
[    2.542225] ata2: found unknown device (class 0)
[    2.580607] ata2.00: ATAPI: QEMU DVD-ROM, 2.5+, max UDMA/100
[    2.631256] scsi 1:0:0:0: CD-ROM            QEMU     QEMU DVD-ROM     2.5+ PQ: 0 ANSI: 5
[    2.646191] clk: Disabling unused clocks
[    2.688247] sr 1:0:0:0: [sr0] scsi3-mmc drive: 4x/4x cd/rw xa/form2 tray
[    2.690983] cdrom: Uniform CD-ROM driver Revision: 3.20
[    2.749321] VFS: Mounted root (squashfs filesystem) readonly on device 254:2.
[    2.835184] Freeing unused kernel image (initmem) memory: 1496K
[    2.839126] Write protecting the kernel read-only data: 18432k
[    2.843654] Freeing unused kernel image (rodata/data gap) memory: 120K
[    2.847083] Run /sbin/init as init process
[    3.160688] init: Console is alive
[    3.931488] kmodloader: loading kernel modules from /etc/modules-boot.d/*
[    4.014001] button_hotplug: loading out-of-tree module taints kernel.
[    4.021259] Button Hotplug driver version 0.4.1
[    4.048024] Intel(R) 2.5G Ethernet Linux Driver
[    4.050570] Copyright(c) 2018 Intel Corporation.
[    4.067074] igb: Intel(R) Gigabit Ethernet Network Driver
[    4.069764] igb: Copyright (c) 2007-2014 Intel Corporation.
[    4.087455] e1000e: Intel(R) PRO/1000 Network Driver
[    4.089932] e1000e: Copyright(c) 1999 - 2015 Intel Corporation.
[    4.104108] kmodloader: done loading kernel modules from /etc/modules-boot.d/*
[    4.120204] init: - preinit -
[    5.187469] 8021q: adding VLAN 0 to HW filter on device eth0
Press the [f] key and hit [enter] to enter failsafe mode
Press the [1], [2], [3] or [4] key and hit [enter] to select the debug level
[    9.853784] loop0: detected capacity change from 0 to 212992
[    9.887079] loop0: detected capacity change from 212992 to 196224
[    9.902910] mount_root: overlay filesystem in /dev/loop0 has not been formatted yet
[   10.256510] EXT4-fs (loop0): mounted filesystem fb6ef9b6-3ab1-42aa-a0a3-171af34a74c5 r/w with ordered data mode. Quota mode: disabled.
[   10.270381] mount_root: overlay filesystem has not been fully initialized yet
[   10.288487] mount_root: switching to ext4 overlay
[   10.308935] overlayfs: null uuid detected in lower fs '/', falling back to xino=off,index=off,nfs_export=off.
[   11.051030] EXT4-fs (vda1): mounted filesystem 84173db5-fa99-e35a-95c6-28613cc79ea9 r/w without journal. Quota mode: disabled.
[   11.076879] urandom-seed: Seed file not found (/etc/urandom.seed)
[   11.235432] procd: - early -
[   11.991889] procd: - ubus -
[   12.173095] procd: - init -
Please press Enter to activate this console.
root
login[1051]: root login on 'ttyS0'


BusyBox v1.37.0 (2026-03-17 13:44:44 UTC) built-in shell (ash)

  _______                     ________        __
 |       |.-----.-----.-----.|  |  |  |.----.|  |_
 |   -   ||  _  |  -__|     ||  |  |  ||   _||   _|
 |_______||   __|_____|__|__||________||__|  |____|
          |__| W I R E L E S S   F R E E D O M
 -----------------------------------------------------
 OpenWrt SNAPSHOT, r33448-8364cb4baa
 -----------------------------------------------------

 === WARNING! =====================================
 There is no root password defined on this device!
 Use the "passwd" command to set up a new password
 in order to prevent unauthorized SSH logins.
 --------------------------------------------------

  ___   __ __                _______             __
 |   |_|__|  |--.----.-----.|   |   |-----.-----|  |--.
 |     |  |  _  |   _|  -__||       |  -__|__ --|     |
 |_____|__|_____|__| |_____||__|_|__|_____|_____|__|__|

 ------------------------------------------------------
 LiMe master development (master rev. 7929208 20260304_1752)
 ------------------------------------------------------
 https://libremesh.org
 ------------------------------------------------------

 === System Notes =================================================

 = edit via http://thisnode.info/app/#/notes or /etc/banner.notes =

root@(none):~# dmesg -n 1
root@(none):~# echo 'GZOB''WVWJGQ'
GZOBWVWJGQ
root@(none):~# run() { echo -n "$MARKER"; sh -c "$@"; echo "$MARKER $?"; }
root@(none):~# echo 'ZKSV''FGVWME'
ZKSVFGVWME
root@(none):~# MARKER='OPUW''GGWEUS' run 'ubus wait_for network.interface.lan'
OPUWGGWEUS