Labgrid Console Logfile for main
Logfile started at 2026-03-30 02:17:01.249940
=== Log starts here ===
c[?7l[2J[0mSeaBIOS (version 1.16.3-debian-1.16.3-2)


iPXE (https://ipxe.org) 00:03.0 CA00 PCI2.10 PnP PMM+06FCAE70+06F0AE70 CA00
Press Ctrl-B to configure iPXE (PCI 00:03.0)...                                                                               




iPXE (https://ipxe.org) 00:05.0 CB00 PCI2.10 PnP PMM 06FCAE70 06F0AE70 CB00
Press Ctrl-B to configure iPXE (PCI 00:05.0)...                                                                               


Booting from Hard Disk...
GRUB loading.....
[0;30;47mWelcome to GRUB!

[01;01H[0m[2J[H[J[1;1H[?25l[m[H[J[1;1H[2;30HGNU GRUB  version 2.12

[m[4;2H+----------------------------------------------------------------------------+[5;2H|[5;79H|[6;2H|[6;79H|[7;2H|[7;79H|[8;2H|[8;79H|[9;2H|[9;79H|[10;2H|[10;79H|[11;2H|[11;79H|[12;2H|[12;79H|[13;2H|[13;79H|[14;2H|[14;79H|[15;2H|[15;79H|[16;2H+----------------------------------------------------------------------------+[m[17;2H[18;2H[m     Use the ^ and v keys to select which entry is highlighted.          
      Press enter to boot the selected OS, `e' to edit the commands       
      before booting or `c' for a command-line. ESC to return             
      previous menu.                                                      [5;80H [7m[5;3H*OpenWrt                                                                    [m[5;78H[m[m[6;3H OpenWrt (failsafe)                                                         [m[6;78H[m[m[7;3H                                                                            [m[7;78H[m[m[8;3H                                                                            [m[8;78H[m[m[9;3H                                                                            [m[9;78H[m[m[10;3H                                                                            [m[10;78H[m[m[11;3H                                                                            [m[11;78H[m[m[12;3H                                                                            [m[12;78H[m[m[13;3H                                                                            [m[13;78H[m[m[14;3H                                                                            [m[14;78H[m[m[15;3H                                                                            [m[15;78H[m[15;80H [5;78H[2J[02;30HGNU GRUB  version 2.12[04;02H┌────────────────────────────────────────────────────────────────────────────┐[05;02H│[05;79H│[06;02H│[06;79H│[07;02H│[07;79H│[08;02H│[08;79H│[09;02H│[09;79H│[10;02H│[10;79H│[11;02H│[11;79H│[12;02H│[12;79H│[13;02H│[13;79H│[14;02H│[14;79H│[15;02H│[15;79H│[16;02H│[16;79H│[17;02H└────────────────────────────────────────────────────────────────────────────┘[19;02H     Use the ↑ and ↓ keys to select which entry is highlighted.          
      Press enter to boot the selected OS, `e' to edit the commands       
      before booting or `c' for a command-line. ESC to return             
      previous menu.                                                      [05;80H [05;03H[0;30;47m*OpenWrt                                                                    [06;03H[0m OpenWrt (failsafe)                                                         [07;03H                                                                            [08;03H                                                                            [09;03H                [09;18H[09;19H                                                            [10;03H                                                                            [11;03H                                                                            [12;03H                                                                            [13;03H                            [13;30H[13;31H                                                [14;03H                                                                            [15;03H                                   [15;37H[15;38H                                         [16;03H                                                                            [16;80H 






   The highlighted entry will be execut[23;39H[23;40Hed automatically in 5s.                [22;1H   The highlighted entry will be executed automatically in 5s.                 [5;78H [05;78H

















   The highlighted entry will be executed automatically in 4s.                [22;1H   The highlighted entry will be executed automatically in 4s.                 [5;78H [05;78H

















   The highlighted entry will be executed automatically in 3s.                [22;1H   The highlighted entry will be executed automatically in 3s.                 [5;78H [05;78H

















   The highlighted entry will be executed automatically in 2s.                [22;1H   The highlighted entry will be executed automatically in 2s.                 [5;78H [05;78H

















   The highlighted entry will be executed automatically in 1s.                [22;1H   The highlighted entry will be executed automatically in 1s.                 [5;78H [05;78H

















   The highlighted entr[23;23H[23;24Hy will be executed automatically in 0s.                [22;1H   The highlighted entry will be executed automatically in 0s.                 [5;78H [01;01H[2J[?25h[H[J[1;1H[H[J[1;1H[2J   Booting `OpenWrt' Booting `OpenWrt

'

[    0.000000] Linux version 6.12.77 (builder@buildhost) (x86_64-openwrt-linux-musl-gcc (OpenWrt GCC 14.3.0 r33686-aa06d26879) 14.3.0, GNU ld (GNU Binutils) 2.44) #0 SMP Sun Mar 29 16:52:41 2026
[    0.000000] Command line: BOOT_IMAGE=/boot/vmlinuz root=PARTUUID=7ab9c805-02 rootwait console=tty1 console=ttyS0,115200n8 noinitrd
[    0.000000] BIOS-provided physical RAM map:
[    0.000000] BIOS-e820: [mem 0x0000000000000000-0x000000000009fbff] usable
[    0.000000] BIOS-e820: [mem 0x000000000009fc00-0x000000000009ffff] reserved
[    0.000000] BIOS-e820: [mem 0x00000000000f0000-0x00000000000fffff] reserved
[    0.000000] BIOS-e820: [mem 0x0000000000100000-0x0000000007fdcfff] usable
[    0.000000] BIOS-e820: [mem 0x0000000007fdd000-0x0000000007ffffff] reserved
[    0.000000] BIOS-e820: [mem 0x00000000fffc0000-0x00000000ffffffff] reserved
[    0.000000] BIOS-e820: [mem 0x000000fd00000000-0x000000ffffffffff] reserved
[    0.000000] NX (Execute Disable) protection: active
[    0.000000] APIC: Static calls initialized
[    0.000000] SMBIOS 3.0.0 present.
[    0.000000] DMI: QEMU Standard PC (i440FX + PIIX, 1996), BIOS 1.16.3-debian-1.16.3-2 04/01/2014
[    0.000000] DMI: Memory slots populated: 1/1
[    0.000000] tsc: Fast TSC calibration using PIT
[    0.000000] tsc: Detected 2445.429 MHz processor
[    0.007556] last_pfn = 0x7fdd max_arch_pfn = 0x400000000
[    0.008231] MTRR map: 4 entries (3 fixed + 1 variable; max 19), built from 8 variable MTRRs
[    0.008400] x86/PAT: Configuration [0-7]: WB  WC  UC- UC  WB  WP  UC- WT  
[    0.026803] found SMP MP-table at [mem 0x000f5460-0x000f546f]
[    0.028485] Using GB pages for direct mapping
[    0.033264] ACPI: Early table checksum verification disabled
[    0.033619] ACPI: RSDP 0x00000000000F5290 000014 (v00 BOCHS )
[    0.033967] ACPI: RSDT 0x0000000007FE1C64 000034 (v01 BOCHS  BXPC     00000001 BXPC 00000001)
[    0.034492] ACPI: FACP 0x0000000007FE1B18 000074 (v01 BOCHS  BXPC     00000001 BXPC 00000001)
[    0.035124] ACPI: DSDT 0x0000000007FE0040 001AD8 (v01 BOCHS  BXPC     00000001 BXPC 00000001)
[    0.035204] ACPI: FACS 0x0000000007FE0000 000040
[    0.035256] ACPI: APIC 0x0000000007FE1B8C 000078 (v03 BOCHS  BXPC     00000001 BXPC 00000001)
[    0.035279] ACPI: HPET 0x0000000007FE1C04 000038 (v01 BOCHS  BXPC     00000001 BXPC 00000001)
[    0.035299] ACPI: WAET 0x0000000007FE1C3C 000028 (v01 BOCHS  BXPC     00000001 BXPC 00000001)
[    0.035377] ACPI: Reserving FACP table memory at [mem 0x7fe1b18-0x7fe1b8b]
[    0.035428] ACPI: Reserving DSDT table memory at [mem 0x7fe0040-0x7fe1b17]
[    0.035437] ACPI: Reserving FACS table memory at [mem 0x7fe0000-0x7fe003f]
[    0.035443] ACPI: Reserving APIC table memory at [mem 0x7fe1b8c-0x7fe1c03]
[    0.035449] ACPI: Reserving HPET table memory at [mem 0x7fe1c04-0x7fe1c3b]
[    0.035455] ACPI: Reserving WAET table memory at [mem 0x7fe1c3c-0x7fe1c63]
[    0.038596] Zone ranges:
[    0.038630]   DMA      [mem 0x0000000000001000-0x0000000000ffffff]
[    0.038714]   DMA32    [mem 0x0000000001000000-0x0000000007fdcfff]
[    0.038726]   Normal   empty
[    0.038745] Movable zone start for each node
[    0.038780] Early memory node ranges
[    0.038808]   node   0: [mem 0x0000000000001000-0x000000000009efff]
[    0.038884]   node   0: [mem 0x0000000000100000-0x0000000007fdcfff]
[    0.039012] Initmem setup node 0 [mem 0x0000000000001000-0x0000000007fdcfff]
[    0.040103] On node 0, zone DMA: 1 pages in unavailable ranges
[    0.040610] On node 0, zone DMA: 97 pages in unavailable ranges
[    0.042801] On node 0, zone DMA32: 35 pages in unavailable ranges
[    0.043189] ACPI: PM-Timer IO Port: 0x608
[    0.043614] ACPI: LAPIC_NMI (acpi_id[0xff] dfl dfl lint[0x1])
[    0.044072] IOAPIC[0]: apic_id 0, version 32, address 0xfec00000, GSI 0-23
[    0.044194] ACPI: INT_SRC_OVR (bus 0 bus_irq 0 global_irq 2 dfl dfl)
[    0.044457] ACPI: INT_SRC_OVR (bus 0 bus_irq 5 global_irq 5 high level)
[    0.044509] ACPI: INT_SRC_OVR (bus 0 bus_irq 9 global_irq 9 high level)
[    0.044609] ACPI: INT_SRC_OVR (bus 0 bus_irq 10 global_irq 10 high level)
[    0.044619] ACPI: INT_SRC_OVR (bus 0 bus_irq 11 global_irq 11 high level)
[    0.044812] ACPI: Using ACPI (MADT) for SMP configuration information
[    0.044888] ACPI: HPET id: 0x8086a201 base: 0xfed00000
[    0.045310] CPU topo: Max. logical packages:   1
[    0.045327] CPU topo: Max. logical dies:       1
[    0.045338] CPU topo: Max. dies per package:   1
[    0.045385] CPU topo: Max. threads per core:   1
[    0.045541] CPU topo: Num. cores per package:     1
[    0.045558] CPU topo: Num. threads per package:   1
[    0.045568] CPU topo: Allowing 1 present CPUs plus 0 hotplug CPUs
[    0.046778] [mem 0x08000000-0xfffbffff] available for PCI devices
[    0.046855] Booting paravirtualized kernel on bare hardware
[    0.047196] clocksource: refined-jiffies: mask: 0xffffffff max_cycles: 0xffffffff, max_idle_ns: 19112604462750000 ns
[    0.047917] setup_percpu: NR_CPUS:512 nr_cpumask_bits:1 nr_cpu_ids:1 nr_node_ids:1
[    0.049984] percpu: Embedded 50 pages/cpu s166808 r8192 d29800 u2097152
[    0.052376] Kernel command line: BOOT_IMAGE=/boot/vmlinuz root=PARTUUID=7ab9c805-02 rootwait console=tty1 console=ttyS0,115200n8 noinitrd
[    0.054098] random: crng init done
[    0.058841] Dentry cache hash table entries: 16384 (order: 5, 131072 bytes, linear)
[    0.059824] Inode-cache hash table entries: 8192 (order: 4, 65536 bytes, linear)
[    0.062576] Built 1 zonelists, mobility grouping on.  Total pages: 32635
[    0.062804] mem auto-init: stack:off, heap alloc:off, heap free:off
[    0.072853] SLUB: HWalign=64, Order=0-3, MinObjects=0, CPUs=1, Nodes=1
[    0.081231] rcu: Hierarchical RCU implementation.
[    0.081260] rcu: 	RCU restricting CPUs from NR_CPUS=512 to nr_cpu_ids=1.
[    0.081417] 	Tracing variant of Tasks RCU enabled.
[    0.081523] rcu: RCU calculated value of scheduler-enlistment delay is 10 jiffies.
[    0.081580] rcu: Adjusting geometry for rcu_fanout_leaf=16, nr_cpu_ids=1
[    0.082776] RCU Tasks Trace: Setting shift to 0 and lim to 1 rcu_task_cb_adjust=1 rcu_task_cpu_ids=1.
[    0.082942] NR_IRQS: 33024, nr_irqs: 256, preallocated irqs: 16
[    0.091971] rcu: srcu_init: Setting srcu_struct sizes based on contention.
[    0.099074] Console: colour VGA+ 80x25
[    0.099506] printk: legacy console [tty1] enabled
[    0.107992] printk: legacy console [ttyS0] enabled
[    0.361525] ACPI: Core revision 20240827
[    0.367002] clocksource: hpet: mask: 0xffffffff max_cycles: 0xffffffff, max_idle_ns: 19112604467 ns
[    0.371979] APIC: Switch to symmetric I/O mode setup
[    0.376664] ..TIMER: vector=0x30 apic1=0 pin1=2 apic2=-1 pin2=-1
[    0.418936] clocksource: tsc-early: mask: 0xffffffffffffffff max_cycles: 0x233fdac2ae5, max_idle_ns: 440795297080 ns
[    0.419690] Calibrating delay loop (skipped), value calculated using timer frequency.. 4890.85 BogoMIPS (lpj=24454290)
[    0.421645] x86/cpu: User Mode Instruction Prevention (UMIP) activated
[    0.440071] Last level iTLB entries: 4KB 0, 2MB 0, 4MB 0
[    0.440542] Last level dTLB entries: 4KB 0, 2MB 0, 4MB 0, 1GB 0
[    0.441807] Spectre V1 : Mitigation: usercopy/swapgs barriers and __user pointer sanitization
[    0.442669] Spectre V2 : Mitigation: Retpolines
[    0.442949] Spectre V2 : Spectre v2 / SpectreRSB: Filling RSB on context switch and VMEXIT
[    0.443379] Speculative Store Bypass: Vulnerable
[    0.451780] x86/fpu: Supporting XSAVE feature 0x001: 'x87 floating point registers'
[    0.460650] x86/fpu: Supporting XSAVE feature 0x002: 'SSE registers'
[    0.461031] x86/fpu: Supporting XSAVE feature 0x004: 'AVX registers'
[    0.461276] x86/fpu: Supporting XSAVE feature 0x008: 'MPX bounds registers'
[    0.462809] x86/fpu: Supporting XSAVE feature 0x010: 'MPX CSR'
[    0.463445] x86/fpu: xstate_offset[2]:  576, xstate_sizes[2]:  256
[    0.463851] x86/fpu: xstate_offset[3]:  960, xstate_sizes[3]:   64
[    0.464082] x86/fpu: xstate_offset[4]: 1024, xstate_sizes[4]:   64
[    0.469746] x86/fpu: Enabled xstate features 0x1f, context size is 1088 bytes, using 'standard' format.
[    0.704316] Freeing SMP alternatives memory: 40K
[    0.705179] pid_max: default: 32768 minimum: 301
[    0.714892] Mount-cache hash table entries: 512 (order: 0, 4096 bytes, linear)
[    0.715496] Mountpoint-cache hash table entries: 512 (order: 0, 4096 bytes, linear)
[    0.868470] smpboot: CPU0: AMD QEMU TCG CPU version 2.5+ (family: 0x6, model: 0x6, stepping: 0x3)
[    0.896972] Performance Events: PMU not available due to virtualization, using software events only.
[    0.898541] signal: max sigframe size: 1616
[    0.900733] rcu: Hierarchical SRCU implementation.
[    0.900985] rcu: 	Max phase no-delay instances is 1000.
[    0.906366] smp: Bringing up secondary CPUs ...
[    0.911103] smp: Brought up 1 node, 1 CPU
[    0.911407] smpboot: Total of 1 processors activated (4890.85 BogoMIPS)
[    0.918693] Memory: 103200K/130540K available (14336K kernel code, 1166K rwdata, 3980K rodata, 1496K init, 1312K bss, 25628K reserved, 0K cma-reserved)
[    0.932585] clocksource: jiffies: mask: 0xffffffff max_cycles: 0xffffffff, max_idle_ns: 19112604462750000 ns
[    0.933455] futex hash table entries: 256 (order: 2, 16384 bytes, linear)
[    0.934747] pinctrl core: initialized pinctrl subsystem
[    0.954161] NET: Registered PF_NETLINK/PF_ROUTE protocol family
[    0.960933] thermal_sys: Registered thermal governor 'step_wise'
[    0.960974] thermal_sys: Registered thermal governor 'user_space'
[    0.962028] cpuidle: using governor ladder
[    0.962602] cpuidle: using governor menu
[    0.966370] acpiphp: ACPI Hot Plug PCI Controller Driver version: 0.5
[    0.969186] PCI: Using configuration type 1 for base access
[    0.979012] cryptd: max_cpu_qlen set to 1000
[    0.985352] ACPI: Added _OSI(Module Device)
[    0.985564] ACPI: Added _OSI(Processor Device)
[    0.985739] ACPI: Added _OSI(Processor Aggregator Device)
[    1.000634] ACPI: 1 ACPI AML tables successfully acquired and loaded
[    1.017895] ACPI: Interpreter enabled
[    1.018725] ACPI: PM: (supports S0 S5)
[    1.018939] ACPI: Using IOAPIC for interrupt routing
[    1.019638] PCI: Using host bridge windows from ACPI; if necessary, use "pci=nocrs" and report a bug
[    1.020056] PCI: Using E820 reservations for host bridge windows
[    1.030382] ACPI: Enabled 2 GPEs in block 00 to 0F
[    1.062243] ACPI: PCI Root Bridge [PCI0] (domain 0000 [bus 00-ff])
[    1.063162] acpi PNP0A03:00: _OSC: OS supports [ASPM ClockPM Segments MSI HPX-Type3]
[    1.063615] acpi PNP0A03:00: _OSC: not requesting OS control; OS requires [ExtendedConfig ASPM ClockPM MSI]
[    1.064520] acpi PNP0A03:00: fail to add MMCONFIG information, can't access extended configuration space under this bridge
[    1.074650] acpiphp: Slot [3] registered
[    1.079902] acpiphp: Slot [4] registered
[    1.080174] acpiphp: Slot [5] registered
[    1.080480] acpiphp: Slot [6] registered
[    1.085608] acpiphp: Slot [7] registered
[    1.087561] acpiphp: Slot [8] registered
[    1.087826] acpiphp: Slot [9] registered
[    1.088074] acpiphp: Slot [10] registered
[    1.088360] acpiphp: Slot [11] registered
[    1.088630] acpiphp: Slot [12] registered
[    1.089880] acpiphp: Slot [13] registered
[    1.090365] acpiphp: Slot [14] registered
[    1.090763] acpiphp: Slot [15] registered
[    1.091016] acpiphp: Slot [16] registered
[    1.091307] acpiphp: Slot [17] registered
[    1.091586] acpiphp: Slot [18] registered
[    1.099898] acpiphp: Slot [19] registered
[    1.100361] acpiphp: Slot [20] registered
[    1.100781] acpiphp: Slot [21] registered
[    1.101089] acpiphp: Slot [22] registered
[    1.109650] acpiphp: Slot [23] registered
[    1.109914] acpiphp: Slot [24] registered
[    1.110174] acpiphp: Slot [25] registered
[    1.119854] acpiphp: Slot [26] registered
[    1.120398] acpiphp: Slot [27] registered
[    1.120885] acpiphp: Slot [28] registered
[    1.121350] acpiphp: Slot [29] registered
[    1.121712] acpiphp: Slot [30] registered
[    1.122028] acpiphp: Slot [31] registered
[    1.130182] PCI host bridge to bus 0000:00
[    1.130813] pci_bus 0000:00: root bus resource [io  0x0000-0x0cf7 window]
[    1.131242] pci_bus 0000:00: root bus resource [io  0x0d00-0xffff window]
[    1.131493] pci_bus 0000:00: root bus resource [mem 0x000a0000-0x000bffff window]
[    1.139747] pci_bus 0000:00: root bus resource [mem 0x08000000-0xfebfffff window]
[    1.140231] pci_bus 0000:00: root bus resource [mem 0x100000000-0x17fffffff window]
[    1.140761] pci_bus 0000:00: root bus resource [bus 00-ff]
[    1.142287] pci 0000:00:00.0: [8086:1237] type 00 class 0x060000 conventional PCI endpoint
[    1.154074] pci 0000:00:01.0: [8086:7000] type 00 class 0x060100 conventional PCI endpoint
[    1.155064] pci 0000:00:01.1: [8086:7010] type 00 class 0x010180 conventional PCI endpoint
[    1.161649] pci 0000:00:01.1: BAR 4 [io  0xc0e0-0xc0ef]
[    1.165556] pci 0000:00:01.1: BAR 0 [io  0x01f0-0x01f7]: legacy IDE quirk
[    1.165862] pci 0000:00:01.1: BAR 1 [io  0x03f6]: legacy IDE quirk
[    1.166157] pci 0000:00:01.1: BAR 2 [io  0x0170-0x0177]: legacy IDE quirk
[    1.166504] pci 0000:00:01.1: BAR 3 [io  0x0376]: legacy IDE quirk
[    1.171074] pci 0000:00:01.3: [8086:7113] type 00 class 0x068000 conventional PCI endpoint
[    1.171804] pci 0000:00:01.3: quirk: [io  0x0600-0x063f] claimed by PIIX4 ACPI
[    1.172122] pci 0000:00:01.3: quirk: [io  0x0700-0x070f] claimed by PIIX4 SMB
[    1.180750] pci 0000:00:02.0: [1234:1111] type 00 class 0x030000 conventional PCI endpoint
[    1.181722] pci 0000:00:02.0: BAR 0 [mem 0xfd000000-0xfdffffff pref]
[    1.190104] pci 0000:00:02.0: BAR 2 [mem 0xfeb90000-0xfeb90fff]
[    1.193061] pci 0000:00:02.0: ROM [mem 0xfeb80000-0xfeb8ffff pref]
[    1.198345] pci 0000:00:02.0: Video device with shadowed ROM at [mem 0x000c0000-0x000dffff]
[    1.200066] pci 0000:00:03.0: [1af4:1000] type 00 class 0x020000 conventional PCI endpoint
[    1.201883] pci 0000:00:03.0: BAR 0 [io  0xc080-0xc09f]
[    1.204453] pci 0000:00:03.0: BAR 4 [mem 0xfe000000-0xfe003fff 64bit pref]
[    1.210091] pci 0000:00:03.0: ROM [mem 0xfea80000-0xfeafffff pref]
[    1.215401] pci 0000:00:04.0: [1af4:1005] type 00 class 0x00ff00 conventional PCI endpoint
[    1.217805] pci 0000:00:04.0: BAR 0 [io  0xc0a0-0xc0bf]
[    1.220786] pci 0000:00:04.0: BAR 1 [mem 0xfeb91000-0xfeb91fff]
[    1.222937] pci 0000:00:04.0: BAR 4 [mem 0xfe004000-0xfe007fff 64bit pref]
[    1.227910] pci 0000:00:05.0: [1af4:1000] type 00 class 0x020000 conventional PCI endpoint
[    1.230316] pci 0000:00:05.0: BAR 0 [io  0xc0c0-0xc0df]
[    1.231489] pci 0000:00:05.0: BAR 1 [mem 0xfeb92000-0xfeb92fff]
[    1.233638] pci 0000:00:05.0: BAR 4 [mem 0xfe008000-0xfe00bfff 64bit pref]
[    1.234696] pci 0000:00:05.0: ROM [mem 0xfeb00000-0xfeb7ffff pref]
[    1.240353] pci 0000:00:06.0: [1af4:1001] type 00 class 0x010000 conventional PCI endpoint
[    1.244623] pci 0000:00:06.0: BAR 0 [io  0xc000-0xc07f]
[    1.245453] pci 0000:00:06.0: BAR 1 [mem 0xfeb93000-0xfeb93fff]
[    1.247462] pci 0000:00:06.0: BAR 4 [mem 0xfe00c000-0xfe00ffff 64bit pref]
[    1.257057] ACPI: PCI: Interrupt link LNKA configured for IRQ 10
[    1.257975] ACPI: PCI: Interrupt link LNKB configured for IRQ 10
[    1.258639] ACPI: PCI: Interrupt link LNKC configured for IRQ 11
[    1.259301] ACPI: PCI: Interrupt link LNKD configured for IRQ 11
[    1.259805] ACPI: PCI: Interrupt link LNKS configured for IRQ 9
[    1.272950] iommu: Default domain type: Translated
[    1.273182] iommu: DMA domain TLB invalidation policy: lazy mode
[    1.276037] SCSI subsystem initialized
[    1.277174] ACPI: bus type USB registered
[    1.277769] usbcore: registered new interface driver usbfs
[    1.279166] usbcore: registered new interface driver hub
[    1.279771] usbcore: registered new device driver usb
[    1.280399] pps_core: LinuxPPS API ver. 1 registered
[    1.280606] pps_core: Software ver. 5.3.6 - Copyright 2005-2007 Rodolfo Giometti <giometti@linux.it>
[    1.289845] PTP clock support registered
[    1.301778] PCI: Using ACPI for IRQ routing
[    1.304188] hpet0: at MMIO 0xfed00000, IRQs 2, 8, 0
[    1.304519] hpet0: 3 comparators, 64-bit 100.000000 MHz counter
[    1.310875] clocksource: Switched to clocksource tsc-early
[    1.313942] pnp: PnP ACPI init
[    1.318130] pnp: PnP ACPI: found 6 devices
[    1.331684] clocksource: acpi_pm: mask: 0xffffff max_cycles: 0xffffff, max_idle_ns: 2085701024 ns
[    1.333198] NET: Registered PF_INET protocol family
[    1.334428] IP idents hash table entries: 2048 (order: 2, 16384 bytes, linear)
[    1.340204] tcp_listen_portaddr_hash hash table entries: 256 (order: 0, 4096 bytes, linear)
[    1.342601] Table-perturb hash table entries: 65536 (order: 6, 262144 bytes, linear)
[    1.343122] TCP established hash table entries: 1024 (order: 1, 8192 bytes, linear)
[    1.343566] TCP bind hash table entries: 1024 (order: 3, 32768 bytes, linear)
[    1.353426] TCP: Hash tables configured (established 1024 bind 1024)
[    1.355457] MPTCP token hash table entries: 256 (order: 1, 6144 bytes, linear)
[    1.356012] UDP hash table entries: 256 (order: 1, 8192 bytes, linear)
[    1.356458] UDP-Lite hash table entries: 256 (order: 1, 8192 bytes, linear)
[    1.366174] NET: Registered PF_UNIX/PF_LOCAL protocol family
[    1.367426] pci_bus 0000:00: resource 4 [io  0x0000-0x0cf7 window]
[    1.367676] pci_bus 0000:00: resource 5 [io  0x0d00-0xffff window]
[    1.367935] pci_bus 0000:00: resource 6 [mem 0x000a0000-0x000bffff window]
[    1.375266] pci_bus 0000:00: resource 7 [mem 0x08000000-0xfebfffff window]
[    1.375647] pci_bus 0000:00: resource 8 [mem 0x100000000-0x17fffffff window]
[    1.376483] pci 0000:00:01.0: PIIX3: Enabling Passive Release
[    1.376800] pci 0000:00:00.0: Limiting direct PCI/PCI transfers
[    1.386572] PCI: CLS 0 bytes, default 64
[    1.407478] workingset: timestamp_bits=46 max_order=15 bucket_order=0
[    1.410177] squashfs: version 4.0 (2009/01/31) Phillip Lougher
[    1.413098] Block layer SCSI generic (bsg) driver version 0.4 loaded (major 247)
[    1.416839] hv_vmbus: registering driver hyperv_fb
[    1.421826] input: Power Button as /devices/LNXSYSTM:00/LNXPWRBN:00/input/input0
[    1.430657] ACPI: button: Power Button [PWRF]
[    1.600933] ACPI: \_SB_.LNKC: Enabled at IRQ 11
[    1.756195] ACPI: \_SB_.LNKD: Enabled at IRQ 10
[    1.910475] ACPI: \_SB_.LNKA: Enabled at IRQ 10
[    2.064125] ACPI: \_SB_.LNKB: Enabled at IRQ 11
[    2.066195] Serial: 8250/16550 driver, 16 ports, IRQ sharing enabled
[    2.091341] 00:04: ttyS0 at I/O 0x3f8 (irq = 4, base_baud = 115200) is a 16550A
[    2.118883] Non-volatile memory driver v1.3
[    2.130218] Linux agpgart interface v0.103
[    2.131285] ACPI: bus type drm_connector registered
[    2.134328] [drm] Found bochs VGA, ID 0xb0c5.
[    2.134550] [drm] Framebuffer size 16384 kB @ 0xfd000000, mmio @ 0xfeb90000.
[    2.142103] [drm] Found EDID data blob.
[    2.147642] [drm] Initialized bochs-drm 1.0.0 for 0000:00:02.0 on minor 0
[    2.216827] Console: switching to colour frame buffer device 160x50
[    2.226373] bochs-drm 0000:00:02.0: [drm] fb0: bochs-drmdrmfb frame buffer device
[    2.262927] loop: module loaded
[    2.263662] virtio_blk virtio3: 1/0/0 default/read/poll queues
[    2.268506] virtio_blk virtio3: [vda] 246784 512-byte logical blocks (126 MB/121 MiB)
[    2.278194]  vda: vda1 vda2
[    2.280250] Guest personality initialized and is inactive
[    2.280844] VMCI host device registered (name=vmci, major=10, minor=256)
[    2.281136] Initialized host personality
[    2.281511] usbcore: registered new interface driver rtsx_usb
[    2.289791] VMware PVSCSI driver - version 1.0.7.0-k
[    2.290172] hv_vmbus: registering driver hv_storvsc
[    2.306502] scsi host0: ata_piix
[    2.309272] scsi host1: ata_piix
[    2.310164] ata1: PATA max MWDMA2 cmd 0x1f0 ctl 0x3f6 bmdma 0xc0e0 irq 14 lpm-pol 0
[    2.310487] ata2: PATA max MWDMA2 cmd 0x170 ctl 0x376 bmdma 0xc0e8 irq 15 lpm-pol 0
[    2.319729] VMware vmxnet3 virtual NIC driver - version 1.9.0.0-k-NAPI
[    2.320323] hv_vmbus: registering driver hv_netvsc
[    2.320715] Fusion MPT base driver 3.04.20
[    2.320911] Copyright (c) 1999-2008 LSI Corporation
[    2.321329] Fusion MPT SPI Host driver 3.04.20
[    2.330661] Fusion MPT SAS Host driver 3.04.20
[    2.332859] usbcore: registered new interface driver usb-storage
[    2.334262] i8042: PNP: PS/2 Controller [PNP0303:KBD,PNP0f13:MOU] at 0x60,0x64 irq 1,12
[    2.337684] serio: i8042 KBD port at 0x60,0x64 irq 1
[    2.338119] serio: i8042 AUX port at 0x60,0x64 irq 12
[    2.344659] hv_vmbus: registering driver hyperv_keyboard
[    2.347035] rtc_cmos 00:05: RTC can wake from S4
[    2.352161] rtc_cmos 00:05: registered as rtc0
[    2.354942] rtc_cmos 00:05: setting system clock to 2026-03-30T02:17:12 UTC (1774837032)
[    2.357471] rtc_cmos 00:05: alarms up to one day, y3k, 242 bytes nvram, hpet irqs
[    2.360210] intel_powerclamp: CPU does not support MWAIT
[    2.362430] amd_pstate: the _CPC object is not present in SBIOS or ACPI disabled
[    2.365938] sdhci: Secure Digital Host Controller Interface driver
[    2.368100] sdhci: Copyright(c) Pierre Ossman
[    2.370500] VUB300 Driver rom wait states = 1C irqpoll timeout = 0400
[    2.377545] input: AT Translated Set 2 keyboard as /devices/platform/i8042/serio0/input/input1
[    2.401499] usbcore: registered new interface driver vub300
[    2.403754] usbcore: registered new interface driver ushc
[    2.411712] hid: raw HID events driver (C) Jiri Kosina
[    2.414476] hv_vmbus: registering driver hid_hyperv
[    2.417447] usbcore: registered new interface driver usbhid
[    2.419474] usbhid: USB HID core driver
[    2.421578] hv_utils: Registering HyperV Utility Driver
[    2.423562] hv_vmbus: registering driver hv_utils
[    2.425801] hv_vmbus: registering driver hv_balloon
[    2.429496] NET: Registered PF_INET6 protocol family
[    2.445193] Segment Routing with IPv6
[    2.447944] In-situ OAM (IOAM) with IPv6
[    2.450565] NET: Registered PF_PACKET protocol family
[    2.453268] bridge: filtering via arp/ip/ip6tables is no longer available by default. Update your scripts to load br_netfilter if you need this.
[    2.462331] tsc: Refined TSC clocksource calibration: 2445.406 MHz
[    2.464983] clocksource: tsc: mask: 0xffffffffffffffff max_cycles: 0x233fc4eb620, max_idle_ns: 440795316590 ns
[    2.468768] clocksource: Switched to clocksource tsc
[    2.475397] 8021q: 802.1Q VLAN Support v1.8
[    2.478676] NET: Registered PF_VSOCK protocol family
[    2.489192] IPI shorthand broadcast: enabled
[    2.496042] AES CTR mode by8 optimization enabled
[    2.518580] sched_clock: Marking stable (2250080266, 267054610)->(2526079449, -8944573)
[    2.548612] ata2: found unknown device (class 0)
[    2.577243] ata2.00: ATAPI: QEMU DVD-ROM, 2.5+, max UDMA/100
[    2.623104] scsi 1:0:0:0: CD-ROM            QEMU     QEMU DVD-ROM     2.5+ PQ: 0 ANSI: 5
[    2.639652] clk: Disabling unused clocks
[    2.689639] sr 1:0:0:0: [sr0] scsi3-mmc drive: 4x/4x cd/rw xa/form2 tray
[    2.692338] cdrom: Uniform CD-ROM driver Revision: 3.20
[    2.750661] VFS: Mounted root (squashfs filesystem) readonly on device 254:2.
[    2.822356] Freeing unused kernel image (initmem) memory: 1496K
[    2.824991] Write protecting the kernel read-only data: 18432k
[    2.828419] Freeing unused kernel image (rodata/data gap) memory: 116K
[    2.831089] Run /sbin/init as init process
[    3.165884] init: Console is alive
[    3.779120] kmodloader: loading kernel modules from /etc/modules-boot.d/*
[    3.851881] button_hotplug: loading out-of-tree module taints kernel.
[    3.859383] Button Hotplug driver version 0.4.1
[    3.881815] Intel(R) 2.5G Ethernet Linux Driver
[    3.884443] Copyright(c) 2018 Intel Corporation.
[    3.901540] igb: Intel(R) Gigabit Ethernet Network Driver
[    3.904227] igb: Copyright (c) 2007-2014 Intel Corporation.
[    3.923013] e1000e: Intel(R) PRO/1000 Network Driver
[    3.925552] e1000e: Copyright(c) 1999 - 2015 Intel Corporation.
[    3.941781] kmodloader: done loading kernel modules from /etc/modules-boot.d/*
[    3.964210] init: - preinit -
[    5.035415] 8021q: adding VLAN 0 to HW filter on device eth0
Press the [f] key and hit [enter] to enter failsafe mode
Press the [1], [2], [3] or [4] key and hit [enter] to select the debug level
[    9.709420] loop0: detected capacity change from 0 to 212992
[    9.757761] loop0: detected capacity change from 212992 to 201728
[    9.771996] mount_root: overlay filesystem in /dev/loop0 has not been formatted yet
[   10.115467] EXT4-fs (loop0): mounted filesystem 981de52a-d02a-4000-b47a-b945581a39c3 r/w with ordered data mode. Quota mode: disabled.
[   10.129727] mount_root: overlay filesystem has not been fully initialized yet
[   10.148541] mount_root: switching to ext4 overlay
[   10.170985] overlayfs: null uuid detected in lower fs '/', falling back to xino=off,index=off,nfs_export=off.
[   10.935241] EXT4-fs (vda1): mounted filesystem 84173db5-fa99-e35a-95c6-28613cc79ea9 r/w without journal. Quota mode: disabled.
[   10.960887] urandom-seed: Seed file not found (/etc/urandom.seed)
[   11.104606] procd: - early -
[   11.864333] procd: - ubus -
[   12.044991] procd: - init -
Please press Enter to activate this console.
root
login[1051]: root login on 'ttyS0'


BusyBox v1.37.0 (2026-01-02 17:07:02 UTC) built-in shell (ash)

  _______                     ________        __
 |       |.-----.-----.-----.|  |  |  |.----.|  |_
 |   -   ||  _  |  -__|     ||  |  |  ||   _||   _|
 |_______||   __|_____|__|__||________||__|  |____|
          |__| W I R E L E S S   F R E E D O M
 -----------------------------------------------------
 OpenWrt SNAPSHOT, r33686-aa06d26879
 -----------------------------------------------------

 === WARNING! =====================================
 There is no root password defined on this device!
 Use the "passwd" command to set up a new password
 in order to prevent unauthorized SSH logins.
 --------------------------------------------------

root@(none):~# dmesg -n 1
root@(none):~# echo 'OKFE''FJBKPA'
OKFEFJBKPA
root@(none):~# run() { echo -n "$MARKER"; sh -c "$@"; echo "$MARKER $?"; }
root@(none):~# echo 'OHAW''BBSQOS'
OHAWBBSQOS
root@(none):~# MARKER='GNBX''MYKPHW' run 'ubus wait_for network.interface.lan'
GNBXMYKPHWGNBXMYKPHW 0
root@OpenWrt:~# echo 'NQEP''ZCCYUJ'
NQEPZCCYUJ
root@OpenWrt:~# MARKER='JLLN''NBTSCU' run 'ubus call network.interface.lan statu
s '"'"'{}'"'"''
JLLNNBTSCU{
	"up": true,
	"pending": false,
	"available": true,
	"autostart": true,
	"dynamic": false,
	"uptime": 0,
	"l3_device": "br-lan",
	"proto": "static",
	"device": "br-lan",
	"updated": [
		"addresses"
	],
	"metric": 0,
	"dns_metric": 0,
	"delegation": true,
	"ipv4-address": [
		{
			"address": "192.168.1.1",
			"mask": 24
		}
	],
	"ipv6-address": [
		
	],
	"ipv6-prefix": [
		
	],
	"ipv6-prefix-assignment": [
		{
			"address": "fddc:6d34:17ea::",
			"mask": 60,
			"local-address": {
				"address": "fddc:6d34:17ea::1",
				"mask": 60
			}
		}
	],
	"route": [
		
	],
	"dns-server": [
		
	],
	"dns-search": [
		
	],
	"neighbors": [
		
	],
	"inactive": {
		"ipv4-address": [
			
		],
		"ipv6-address": [
			
		],
		"route": [
			
		],
		"dns-server": [
			
		],
		"dns-search": [
			
		],
		"neighbors": [
			
		]
	},
	"data": {
		
	}
}
JLLNNBTSCU 0
root@OpenWrt:~# echo 'WYMX''UFASTG'
WYMXUFASTG
root@OpenWrt:~# MARKER='NHGC''CSBUQK' run true
NHGCCSBUQKNHGCCSBUQK 0
root@OpenWrt:~# echo 'XTXW''FFYMOK'
XTXWFFYMOK
root@OpenWrt:~# MARKER='WLUH''NOLMNP' run 'source /etc/os-release; echo $BUILD_I
D'
WLUHNOLMNPr33686-aa06d26879
WLUHNOLMNP 0
root@OpenWrt:~# echo 'SLTZ''OZBNBL'
SLTZOZBNBL
root@OpenWrt:~# MARKER='MNAP''BNBACG' run 'ls /etc/dropbear/dropbear_rsa_host_ke
y'
MNAPBNBACG[0;0m/etc/dropbear/dropbear_rsa_host_key[m
MNAPBNBACG 0
root@OpenWrt:~# echo 'SUCK''UHVFAO'
SUCKUHVFAO
root@OpenWrt:~# MARKER='QWNS''FBUFLX' run 'netstat -tlpn | grep 0.0.0.0:22'
QWNSFBUFLXtcp        0      0 0.0.0.0:22              0.0.0.0:*               LISTEN      1734/dropbear
QWNSFBUFLX 0
root@OpenWrt:~# echo 'ZNCN''BUJGKA'
ZNCNBUJGKA
root@OpenWrt:~# MARKER='JKZL''ZBVYXJ' run 'dmesg | grep br-lan | grep forwarding
'
JKZLZBVYXJ[   32.513833] br-lan: port 1(eth0) entered forwarding state
JKZLZBVYXJ 0
root@OpenWrt:~# echo 'HEHN''XFMZPZ'
HEHNXFMZPZ
root@OpenWrt:~# MARKER='FAQT''JTPKGQ' run 'ubus call network.interface.lan statu
s '"'"'{}'"'"''
FAQTJTPKGQ{
	"up": true,
	"pending": false,
	"available": true,
	"autostart": true,
	"dynamic": false,
	"uptime": 25,
	"l3_device": "br-lan",
	"proto": "static",
	"device": "br-lan",
	"updated": [
		"addresses"
	],
	"metric": 0,
	"dns_metric": 0,
	"delegation": true,
	"ipv4-address": [
		{
			"address": "192.168.1.1",
			"mask": 24
		}
	],
	"ipv6-address": [
		
	],
	"ipv6-prefix": [
		
	],
	"ipv6-prefix-assignment": [
		{
			"address": "fddc:6d34:17ea::",
			"mask": 60,
			"local-address": {
				"address": "fddc:6d34:17ea::1",
				"mask": 60
			}
		}
	],
	"route": [
		
	],
	"dns-server": [
		
	],
	"dns-search": [
		
	],
	"neighbors": [
		
	],
	"inactive": {
		"ipv4-address": [
			
		],
		"ipv6-address": [
			
		],
		"route": [
			
		],
		"dns-server": [
			
		],
		"dns-search": [
			
		],
		"neighbors": [
			
		]
	},
	"data": {
		
	}
}
FAQTJTPKGQ 0
root@OpenWrt:~# echo 'CETF''FNAZPQ'
CETFFNAZPQ
root@OpenWrt:~# MARKER='PTJL''LWLFFL' run 'ip -o addr show dev br-lan'
PTJLLWLFFL4: br-lan    inet 192.168.1.1/24 brd 192.168.1.255 scope global br-lan\       valid_lft forever preferred_lft forever
4: br-lan    inet6 fddc:6d34:17ea::1/60 scope global noprefixroute \       valid_lft forever preferred_lft forever
4: br-lan    inet6 fe80::5054:ff:fe12:3456/64 scope link \       valid_lft forever preferred_lft forever
PTJLLWLFFL 0
root@OpenWrt:~# echo 'EOFF''WPSZBH'
EOFFWPSZBH
root@OpenWrt:~# MARKER='TQKF''YOHNHO' run 'ubus call network.interface.wan statu
s '"'"'{}'"'"''
TQKFYOHNHO{
	"up": true,
	"pending": false,
	"available": true,
	"autostart": true,
	"dynamic": false,
	"uptime": 22,
	"l3_device": "eth1",
	"proto": "dhcp",
	"device": "eth1",
	"updated": [
		"addresses",
		"routes",
		"data"
	],
	"metric": 0,
	"dns_metric": 0,
	"delegation": true,
	"ipv4-address": [
		{
			"address": "10.0.2.15",
			"mask": 24
		}
	],
	"ipv6-address": [
		
	],
	"ipv6-prefix": [
		
	],
	"ipv6-prefix-assignment": [
		
	],
	"route": [
		{
			"target": "0.0.0.0",
			"mask": 0,
			"nexthop": "10.0.2.2",
			"source": "10.0.2.15/32"
		}
	],
	"dns-server": [
		"10.0.2.3"
	],
	"dns-search": [
		
	],
	"neighbors": [
		
	],
	"inactive": {
		"ipv4-address": [
			
		],
		"ipv6-address": [
			
		],
		"route": [
			
		],
		"dns-server": [
			
		],
		"dns-search": [
			
		],
		"neighbors": [
			
		]
	},
	"data": {
		"dhcpserver": "10.0.2.2",
		"leasetime": 86400
	}
}
TQKFYOHNHO 0
root@OpenWrt:~# 