Labgrid Console Logfile for main
Logfile started at 2026-03-13 02:50:20.784775
=== Log starts here ===
c[?7l[2J[0mSeaBIOS (version 1.16.3-debian-1.16.3-2)


iPXE (https://ipxe.org) 00:03.0 CA00 PCI2.10 PnP PMM+06FCAE70+06F0AE70 CA00
Press Ctrl-B to configure iPXE (PCI 00:03.0)...                                                                               




iPXE (https://ipxe.org) 00:05.0 CB00 PCI2.10 PnP PMM 06FCAE70 06F0AE70 CB00
Press Ctrl-B to configure iPXE (PCI 00:05.0)...                                                                               


Booting from Hard Disk...
GRUB loading.....
[0;30;47mWelcome to GRUB![01;01H[0m[2J[H[J[1;1H[?25l[m[H[J[1;1H[2;30HGNU GRUB  version 2.12

[m[4;2H+----------------------------------------------------------------------------+[5;2H|[5;79H|[6;2H|[6;79H|[7;2H|[7;79H|[8;2H|[8;79H|[9;2H|[9;79H|[10;2H|[10;79H|[11;2H|[11;79H|[12;2H|[12;79H|[13;2H|[13;79H|[14;2H|[14;79H|[15;2H|[15;79H|[16;2H+----------------------------------------------------------------------------+[m[17;2H[18;2H[m     Use the ^ and v keys to select which entry is highlighted.          
      Press enter to boot the selected OS, `e' to edit the commands       
      before booting or `c' for a command-line. ESC to return             
      previous menu.                                                      [5;80H [7m[5;3H*OpenWrt                                                                    [m[5;78H[m[m[6;3H OpenWrt (failsafe)                                                         [m[6;78H[m[m[7;3H                                                                            [m[7;78H[m[m[8;3H                                                                            [m[8;78H[m[m[9;3H                                                                            [m[9;78H[m[m[10;3H                                                                            [m[10;78H[m[m[11;3H                                                                            [m[11;78H[m[m[12;3H                                                                            [m[12;78H[m[m[13;3H                                                                            [m[13;78H[m[m[14;3H                                                                            [m[14;78H[m[m[15;3H                                                                            [m[15;78H[m[15;80H [5;78H[2J[02;30HGNU GRUB  version 2.12[04;02H┌────────────────────────────────────────────────────────────────────────────┐[05;02H│[05;79H│[06;02H│[06;79H│[07;02H│[07;79H│[08;02H│[08;79H│[09;02H│[09;79H│[10;02H│[10;79H│[11;02H│[11;79H│[12;02H│[12;79H│[13;02H│[13;79H│[14;02H│[14;79H│[15;02H│[15;79H│[16;02H│[16;79H│[17;02H└────────────────────────────────────────────────────────────────────────────┘[19;02H     Use the ↑ and ↓ keys to select which entry is highlighted.          
      Press enter to boot the selected OS, `e' to edit the commands       
      before booting or `c' for a command-line. ESC to return             
      previous menu.                                                      [05;80H [05;03H[0;30;47m*OpenWrt                                                                    [06;03H[0m OpenWrt (failsafe)                                                         [07;03H                                                                            [08;03H                                                                            [09;03H                                                                            [10;03H                                                                            [11;03H                                                                            [12;03H                                                                            [13;03H                                                                            [14;03H                                                                            [15;03H                                                                            [16;03H                                                                            [16;80H 






   The highlighted entry will be executed automatically in 5s.                [22;1H   The highlighted entry will be executed automatically in 5s.                 [5;78H [05;78H

















   The highlighted entry will be executed automatically in 4s.                [22;1H   The highlighted entry will be executed automatically in 4s.                 [5;78H [05;78H

















   The highlighted entry will be executed automatically in 3s.                [22;1H   The highlighted entry will be executed automatically in 3s.                 [5;78H [05;78H

















   The highlighted entry will be executed automatically in 2s.                [22;1H   The highlighted entry will be executed automatically in 2s.                 [5;78H [05;78H

















   The highlighted entry will be executed automatically in 1s.                [22;1H   The highlighted entry will be executed automatically in 1s.                 [5;78H [05;78H

















   The highlighted entry will be executed automatically in 0s.                [22;1H   The highlighted entry will be executed automatically in 0s.                 [5;78H [01;01H[2J[?25h[H[J[1;1H[H[J[1;1H[2J   Booting `OpenWrt' Booting `Op[01;13H[01;14HenWrt

'

[    0.000000] Linux version 6.12.74 (builder@buildhost) (x86_64-openwrt-linux-musl-gcc (OpenWrt GCC 14.3.0 r33365-55f1f2c1c4) 14.3.0, GNU ld (GNU Binutils) 2.44) #0 SMP Thu Mar 12 10:05:40 2026
[    0.000000] Command line: BOOT_IMAGE=/boot/vmlinuz root=PARTUUID=281af8c2-02 rootwait console=tty1 console=ttyS0,115200n8 noinitrd
[    0.000000] BIOS-provided physical RAM map:
[    0.000000] BIOS-e820: [mem 0x0000000000000000-0x000000000009fbff] usable
[    0.000000] BIOS-e820: [mem 0x000000000009fc00-0x000000000009ffff] reserved
[    0.000000] BIOS-e820: [mem 0x00000000000f0000-0x00000000000fffff] reserved
[    0.000000] BIOS-e820: [mem 0x0000000000100000-0x0000000007fdcfff] usable
[    0.000000] BIOS-e820: [mem 0x0000000007fdd000-0x0000000007ffffff] reserved
[    0.000000] BIOS-e820: [mem 0x00000000fffc0000-0x00000000ffffffff] reserved
[    0.000000] BIOS-e820: [mem 0x000000fd00000000-0x000000ffffffffff] reserved
[    0.000000] NX (Execute Disable) protection: active
[    0.000000] APIC: Static calls initialized
[    0.000000] SMBIOS 3.0.0 present.
[    0.000000] DMI: QEMU Standard PC (i440FX + PIIX, 1996), BIOS 1.16.3-debian-1.16.3-2 04/01/2014
[    0.000000] DMI: Memory slots populated: 1/1
[    0.000000] tsc: Fast TSC calibration using PIT
[    0.000000] tsc: Detected 2445.398 MHz processor
[    0.007370] last_pfn = 0x7fdd max_arch_pfn = 0x400000000
[    0.007990] MTRR map: 4 entries (3 fixed + 1 variable; max 19), built from 8 variable MTRRs
[    0.008154] x86/PAT: Configuration [0-7]: WB  WC  UC- UC  WB  WP  UC- WT  
[    0.027573] found SMP MP-table at [mem 0x000f5460-0x000f546f]
[    0.028955] Using GB pages for direct mapping
[    0.033364] ACPI: Early table checksum verification disabled
[    0.033711] ACPI: RSDP 0x00000000000F5290 000014 (v00 BOCHS )
[    0.034024] ACPI: RSDT 0x0000000007FE1C64 000034 (v01 BOCHS  BXPC     00000001 BXPC 00000001)
[    0.034552] ACPI: FACP 0x0000000007FE1B18 000074 (v01 BOCHS  BXPC     00000001 BXPC 00000001)
[    0.035137] ACPI: DSDT 0x0000000007FE0040 001AD8 (v01 BOCHS  BXPC     00000001 BXPC 00000001)
[    0.035227] ACPI: FACS 0x0000000007FE0000 000040
[    0.035280] ACPI: APIC 0x0000000007FE1B8C 000078 (v03 BOCHS  BXPC     00000001 BXPC 00000001)
[    0.035301] ACPI: HPET 0x0000000007FE1C04 000038 (v01 BOCHS  BXPC     00000001 BXPC 00000001)
[    0.035320] ACPI: WAET 0x0000000007FE1C3C 000028 (v01 BOCHS  BXPC     00000001 BXPC 00000001)
[    0.035395] ACPI: Reserving FACP table memory at [mem 0x7fe1b18-0x7fe1b8b]
[    0.035456] ACPI: Reserving DSDT table memory at [mem 0x7fe0040-0x7fe1b17]
[    0.035463] ACPI: Reserving FACS table memory at [mem 0x7fe0000-0x7fe003f]
[    0.035469] ACPI: Reserving APIC table memory at [mem 0x7fe1b8c-0x7fe1c03]
[    0.035474] ACPI: Reserving HPET table memory at [mem 0x7fe1c04-0x7fe1c3b]
[    0.035480] ACPI: Reserving WAET table memory at [mem 0x7fe1c3c-0x7fe1c63]
[    0.038522] Zone ranges:
[    0.038551]   DMA      [mem 0x0000000000001000-0x0000000000ffffff]
[    0.038629]   DMA32    [mem 0x0000000001000000-0x0000000007fdcfff]
[    0.038639]   Normal   empty
[    0.038656] Movable zone start for each node
[    0.038689] Early memory node ranges
[    0.038716]   node   0: [mem 0x0000000000001000-0x000000000009efff]
[    0.038770]   node   0: [mem 0x0000000000100000-0x0000000007fdcfff]
[    0.038898] Initmem setup node 0 [mem 0x0000000000001000-0x0000000007fdcfff]
[    0.039953] On node 0, zone DMA: 1 pages in unavailable ranges
[    0.040455] On node 0, zone DMA: 97 pages in unavailable ranges
[    0.042567] On node 0, zone DMA32: 35 pages in unavailable ranges
[    0.042928] ACPI: PM-Timer IO Port: 0x608
[    0.043408] ACPI: LAPIC_NMI (acpi_id[0xff] dfl dfl lint[0x1])
[    0.043841] IOAPIC[0]: apic_id 0, version 32, address 0xfec00000, GSI 0-23
[    0.043961] ACPI: INT_SRC_OVR (bus 0 bus_irq 0 global_irq 2 dfl dfl)
[    0.044296] ACPI: INT_SRC_OVR (bus 0 bus_irq 5 global_irq 5 high level)
[    0.044353] ACPI: INT_SRC_OVR (bus 0 bus_irq 9 global_irq 9 high level)
[    0.044453] ACPI: INT_SRC_OVR (bus 0 bus_irq 10 global_irq 10 high level)
[    0.044463] ACPI: INT_SRC_OVR (bus 0 bus_irq 11 global_irq 11 high level)
[    0.044680] ACPI: Using ACPI (MADT) for SMP configuration information
[    0.044728] ACPI: HPET id: 0x8086a201 base: 0xfed00000
[    0.045133] CPU topo: Max. logical packages:   1
[    0.045149] CPU topo: Max. logical dies:       1
[    0.045159] CPU topo: Max. dies per package:   1
[    0.045230] CPU topo: Max. threads per core:   1
[    0.045525] CPU topo: Num. cores per package:     1
[    0.045544] CPU topo: Num. threads per package:   1
[    0.045552] CPU topo: Allowing 1 present CPUs plus 0 hotplug CPUs
[    0.046779] [mem 0x08000000-0xfffbffff] available for PCI devices
[    0.046851] Booting paravirtualized kernel on bare hardware
[    0.047179] clocksource: refined-jiffies: mask: 0xffffffff max_cycles: 0xffffffff, max_idle_ns: 19112604462750000 ns
[    0.047861] setup_percpu: NR_CPUS:512 nr_cpumask_bits:1 nr_cpu_ids:1 nr_node_ids:1
[    0.049902] percpu: Embedded 50 pages/cpu s166808 r8192 d29800 u2097152
[    0.052252] Kernel command line: BOOT_IMAGE=/boot/vmlinuz root=PARTUUID=281af8c2-02 rootwait console=tty1 console=ttyS0,115200n8 noinitrd
[    0.053890] random: crng init done
[    0.058620] Dentry cache hash table entries: 16384 (order: 5, 131072 bytes, linear)
[    0.059587] Inode-cache hash table entries: 8192 (order: 4, 65536 bytes, linear)
[    0.062268] Built 1 zonelists, mobility grouping on.  Total pages: 32635
[    0.062495] mem auto-init: stack:off, heap alloc:off, heap free:off
[    0.072404] SLUB: HWalign=64, Order=0-3, MinObjects=0, CPUs=1, Nodes=1
[    0.080406] rcu: Hierarchical RCU implementation.
[    0.080436] rcu: 	RCU restricting CPUs from NR_CPUS=512 to nr_cpu_ids=1.
[    0.080586] 	Tracing variant of Tasks RCU enabled.
[    0.080684] rcu: RCU calculated value of scheduler-enlistment delay is 10 jiffies.
[    0.080716] rcu: Adjusting geometry for rcu_fanout_leaf=16, nr_cpu_ids=1
[    0.081891] RCU Tasks Trace: Setting shift to 0 and lim to 1 rcu_task_cb_adjust=1 rcu_task_cpu_ids=1.
[    0.082025] NR_IRQS: 33024, nr_irqs: 256, preallocated irqs: 16
[    0.090943] rcu: srcu_init: Setting srcu_struct sizes based on contention.
[    0.097995] Console: colour VGA+ 80x25
[    0.098446] printk: legacy console [tty1] enabled
[    0.106828] printk: legacy console [ttyS0] enabled
[    0.350491] ACPI: Core revision 20240827
[    0.355799] clocksource: hpet: mask: 0xffffffff max_cycles: 0xffffffff, max_idle_ns: 19112604467 ns
[    0.360902] APIC: Switch to symmetric I/O mode setup
[    0.365587] ..TIMER: vector=0x30 apic1=0 pin1=2 apic2=-1 pin2=-1
[    0.407762] clocksource: tsc-early: mask: 0xffffffffffffffff max_cycles: 0x233fbd55fc1, max_idle_ns: 440795241147 ns
[    0.408548] Calibrating delay loop (skipped), value calculated using timer frequency.. 4890.79 BogoMIPS (lpj=24453980)
[    0.410499] x86/cpu: User Mode Instruction Prevention (UMIP) activated
[    0.429022] Last level iTLB entries: 4KB 0, 2MB 0, 4MB 0
[    0.429460] Last level dTLB entries: 4KB 0, 2MB 0, 4MB 0, 1GB 0
[    0.430700] Spectre V1 : Mitigation: usercopy/swapgs barriers and __user pointer sanitization
[    0.431692] Spectre V2 : Mitigation: Retpolines
[    0.431938] Spectre V2 : Spectre v2 / SpectreRSB: Filling RSB on context switch and VMEXIT
[    0.432440] Speculative Store Bypass: Vulnerable
[    0.440659] x86/fpu: Supporting XSAVE feature 0x001: 'x87 floating point registers'
[    0.449580] x86/fpu: Supporting XSAVE feature 0x002: 'SSE registers'
[    0.449881] x86/fpu: Supporting XSAVE feature 0x004: 'AVX registers'
[    0.450161] x86/fpu: Supporting XSAVE feature 0x008: 'MPX bounds registers'
[    0.451592] x86/fpu: Supporting XSAVE feature 0x010: 'MPX CSR'
[    0.452186] x86/fpu: xstate_offset[2]:  576, xstate_sizes[2]:  256
[    0.452586] x86/fpu: xstate_offset[3]:  960, xstate_sizes[3]:   64
[    0.452834] x86/fpu: xstate_offset[4]: 1024, xstate_sizes[4]:   64
[    0.458624] x86/fpu: Enabled xstate features 0x1f, context size is 1088 bytes, using 'standard' format.
[    0.686032] Freeing SMP alternatives memory: 40K
[    0.686874] pid_max: default: 32768 minimum: 301
[    0.696070] Mount-cache hash table entries: 512 (order: 0, 4096 bytes, linear)
[    0.696482] Mountpoint-cache hash table entries: 512 (order: 0, 4096 bytes, linear)
[    0.848431] smpboot: CPU0: AMD QEMU TCG CPU version 2.5+ (family: 0x6, model: 0x6, stepping: 0x3)
[    0.854350] Performance Events: PMU not available due to virtualization, using software events only.
[    0.855849] signal: max sigframe size: 1616
[    0.874875] rcu: Hierarchical SRCU implementation.
[    0.875147] rcu: 	Max phase no-delay instances is 1000.
[    0.882238] smp: Bringing up secondary CPUs ...
[    0.884055] smp: Brought up 1 node, 1 CPU
[    0.884381] smpboot: Total of 1 processors activated (4890.79 BogoMIPS)
[    0.891949] Memory: 103268K/130540K available (14336K kernel code, 1166K rwdata, 3976K rodata, 1496K init, 1312K bss, 25628K reserved, 0K cma-reserved)
[    0.904513] clocksource: jiffies: mask: 0xffffffff max_cycles: 0xffffffff, max_idle_ns: 19112604462750000 ns
[    0.905420] futex hash table entries: 256 (order: 2, 16384 bytes, linear)
[    0.906662] pinctrl core: initialized pinctrl subsystem
[    0.926442] NET: Registered PF_NETLINK/PF_ROUTE protocol family
[    0.932982] thermal_sys: Registered thermal governor 'step_wise'
[    0.933023] thermal_sys: Registered thermal governor 'user_space'
[    0.934074] cpuidle: using governor ladder
[    0.934661] cpuidle: using governor menu
[    0.938547] acpiphp: ACPI Hot Plug PCI Controller Driver version: 0.5
[    0.941530] PCI: Using configuration type 1 for base access
[    0.951471] cryptd: max_cpu_qlen set to 1000
[    0.957707] ACPI: Added _OSI(Module Device)
[    0.957942] ACPI: Added _OSI(Processor Device)
[    0.958133] ACPI: Added _OSI(Processor Aggregator Device)
[    0.972873] ACPI: 1 ACPI AML tables successfully acquired and loaded
[    0.990531] ACPI: Interpreter enabled
[    0.991357] ACPI: PM: (supports S0 S5)
[    0.991585] ACPI: Using IOAPIC for interrupt routing
[    0.992214] PCI: Using host bridge windows from ACPI; if necessary, use "pci=nocrs" and report a bug
[    0.992636] PCI: Using E820 reservations for host bridge windows
[    1.000347] ACPI: Enabled 2 GPEs in block 00 to 0F
[    1.036233] ACPI: PCI Root Bridge [PCI0] (domain 0000 [bus 00-ff])
[    1.037181] acpi PNP0A03:00: _OSC: OS supports [ASPM ClockPM Segments MSI HPX-Type3]
[    1.037693] acpi PNP0A03:00: _OSC: not requesting OS control; OS requires [ExtendedConfig ASPM ClockPM MSI]
[    1.038726] acpi PNP0A03:00: fail to add MMCONFIG information, can't access extended configuration space under this bridge
[    1.051887] acpiphp: Slot [3] registered
[    1.052365] acpiphp: Slot [4] registered
[    1.052648] acpiphp: Slot [5] registered
[    1.052915] acpiphp: Slot [6] registered
[    1.053190] acpiphp: Slot [7] registered
[    1.058579] acpiphp: Slot [8] registered
[    1.058870] acpiphp: Slot [9] registered
[    1.059135] acpiphp: Slot [10] registered
[    1.059408] acpiphp: Slot [11] registered
[    1.059672] acpiphp: Slot [12] registered
[    1.059955] acpiphp: Slot [13] registered
[    1.068708] acpiphp: Slot [14] registered
[    1.069177] acpiphp: Slot [15] registered
[    1.069535] acpiphp: Slot [16] registered
[    1.069801] acpiphp: Slot [17] registered
[    1.070075] acpiphp: Slot [18] registered
[    1.070349] acpiphp: Slot [19] registered
[    1.078717] acpiphp: Slot [20] registered
[    1.079176] acpiphp: Slot [21] registered
[    1.079517] acpiphp: Slot [22] registered
[    1.079780] acpiphp: Slot [23] registered
[    1.080042] acpiphp: Slot [24] registered
[    1.080303] acpiphp: Slot [25] registered
[    1.080600] acpiphp: Slot [26] registered
[    1.088765] acpiphp: Slot [27] registered
[    1.089222] acpiphp: Slot [28] registered
[    1.089509] acpiphp: Slot [29] registered
[    1.089778] acpiphp: Slot [30] registered
[    1.090045] acpiphp: Slot [31] registered
[    1.090649] PCI host bridge to bus 0000:00
[    1.099088] pci_bus 0000:00: root bus resource [io  0x0000-0x0cf7 window]
[    1.099572] pci_bus 0000:00: root bus resource [io  0x0d00-0xffff window]
[    1.099836] pci_bus 0000:00: root bus resource [mem 0x000a0000-0x000bffff window]
[    1.100209] pci_bus 0000:00: root bus resource [mem 0x08000000-0xfebfffff window]
[    1.108653] pci_bus 0000:00: root bus resource [mem 0x100000000-0x17fffffff window]
[    1.109312] pci_bus 0000:00: root bus resource [bus 00-ff]
[    1.110794] pci 0000:00:00.0: [8086:1237] type 00 class 0x060000 conventional PCI endpoint
[    1.129350] pci 0000:00:01.0: [8086:7000] type 00 class 0x060100 conventional PCI endpoint
[    1.130334] pci 0000:00:01.1: [8086:7010] type 00 class 0x010180 conventional PCI endpoint
[    1.133419] pci 0000:00:01.1: BAR 4 [io  0xc0e0-0xc0ef]
[    1.134774] pci 0000:00:01.1: BAR 0 [io  0x01f0-0x01f7]: legacy IDE quirk
[    1.136260] pci 0000:00:01.1: BAR 1 [io  0x03f6]: legacy IDE quirk
[    1.136722] pci 0000:00:01.1: BAR 2 [io  0x0170-0x0177]: legacy IDE quirk
[    1.137005] pci 0000:00:01.1: BAR 3 [io  0x0376]: legacy IDE quirk
[    1.137986] pci 0000:00:01.3: [8086:7113] type 00 class 0x068000 conventional PCI endpoint
[    1.139219] pci 0000:00:01.3: quirk: [io  0x0600-0x063f] claimed by PIIX4 ACPI
[    1.139583] pci 0000:00:01.3: quirk: [io  0x0700-0x070f] claimed by PIIX4 SMB
[    1.149273] pci 0000:00:02.0: [1234:1111] type 00 class 0x030000 conventional PCI endpoint
[    1.158479] pci 0000:00:02.0: BAR 0 [mem 0xfd000000-0xfdffffff pref]
[    1.160108] pci 0000:00:02.0: BAR 2 [mem 0xfeb90000-0xfeb90fff]
[    1.162909] pci 0000:00:02.0: ROM [mem 0xfeb80000-0xfeb8ffff pref]
[    1.163448] pci 0000:00:02.0: Video device with shadowed ROM at [mem 0x000c0000-0x000dffff]
[    1.169731] pci 0000:00:03.0: [1af4:1000] type 00 class 0x020000 conventional PCI endpoint
[    1.171176] pci 0000:00:03.0: BAR 0 [io  0xc080-0xc09f]
[    1.173624] pci 0000:00:03.0: BAR 4 [mem 0xfe000000-0xfe003fff 64bit pref]
[    1.179755] pci 0000:00:03.0: ROM [mem 0xfea80000-0xfeafffff pref]
[    1.185043] pci 0000:00:04.0: [1af4:1005] type 00 class 0x00ff00 conventional PCI endpoint
[    1.187127] pci 0000:00:04.0: BAR 0 [io  0xc0a0-0xc0bf]
[    1.189123] pci 0000:00:04.0: BAR 1 [mem 0xfeb91000-0xfeb91fff]
[    1.192221] pci 0000:00:04.0: BAR 4 [mem 0xfe004000-0xfe007fff 64bit pref]
[    1.197155] pci 0000:00:05.0: [1af4:1000] type 00 class 0x020000 conventional PCI endpoint
[    1.200054] pci 0000:00:05.0: BAR 0 [io  0xc0c0-0xc0df]
[    1.201105] pci 0000:00:05.0: BAR 1 [mem 0xfeb92000-0xfeb92fff]
[    1.203842] pci 0000:00:05.0: BAR 4 [mem 0xfe008000-0xfe00bfff 64bit pref]
[    1.204709] pci 0000:00:05.0: ROM [mem 0xfeb00000-0xfeb7ffff pref]
[    1.208779] pci 0000:00:06.0: [1af4:1001] type 00 class 0x010000 conventional PCI endpoint
[    1.213857] pci 0000:00:06.0: BAR 0 [io  0xc000-0xc07f]
[    1.214637] pci 0000:00:06.0: BAR 1 [mem 0xfeb93000-0xfeb93fff]
[    1.216355] pci 0000:00:06.0: BAR 4 [mem 0xfe00c000-0xfe00ffff 64bit pref]
[    1.225198] ACPI: PCI: Interrupt link LNKA configured for IRQ 10
[    1.226112] ACPI: PCI: Interrupt link LNKB configured for IRQ 10
[    1.226797] ACPI: PCI: Interrupt link LNKC configured for IRQ 11
[    1.227471] ACPI: PCI: Interrupt link LNKD configured for IRQ 11
[    1.227910] ACPI: PCI: Interrupt link LNKS configured for IRQ 9
[    1.241070] iommu: Default domain type: Translated
[    1.241359] iommu: DMA domain TLB invalidation policy: lazy mode
[    1.244222] SCSI subsystem initialized
[    1.245349] ACPI: bus type USB registered
[    1.245983] usbcore: registered new interface driver usbfs
[    1.247593] usbcore: registered new interface driver hub
[    1.248036] usbcore: registered new device driver usb
[    1.248731] pps_core: LinuxPPS API ver. 1 registered
[    1.248958] pps_core: Software ver. 5.3.6 - Copyright 2005-2007 Rodolfo Giometti <giometti@linux.it>
[    1.258591] PTP clock support registered
[    1.269989] PCI: Using ACPI for IRQ routing
[    1.272465] hpet0: at MMIO 0xfed00000, IRQs 2, 8, 0
[    1.272776] hpet0: 3 comparators, 64-bit 100.000000 MHz counter
[    1.277639] clocksource: Switched to clocksource tsc-early
[    1.277639] pnp: PnP ACPI init
[    1.277639] pnp: PnP ACPI: found 6 devices
[    1.291175] clocksource: acpi_pm: mask: 0xffffff max_cycles: 0xffffff, max_idle_ns: 2085701024 ns
[    1.292635] NET: Registered PF_INET protocol family
[    1.293885] IP idents hash table entries: 2048 (order: 2, 16384 bytes, linear)
[    1.299863] tcp_listen_portaddr_hash hash table entries: 256 (order: 0, 4096 bytes, linear)
[    1.301956] Table-perturb hash table entries: 65536 (order: 6, 262144 bytes, linear)
[    1.302509] TCP established hash table entries: 1024 (order: 1, 8192 bytes, linear)
[    1.302986] TCP bind hash table entries: 1024 (order: 3, 32768 bytes, linear)
[    1.312983] TCP: Hash tables configured (established 1024 bind 1024)
[    1.315030] MPTCP token hash table entries: 256 (order: 1, 6144 bytes, linear)
[    1.315610] UDP hash table entries: 256 (order: 1, 8192 bytes, linear)
[    1.316072] UDP-Lite hash table entries: 256 (order: 1, 8192 bytes, linear)
[    1.325670] NET: Registered PF_UNIX/PF_LOCAL protocol family
[    1.327039] pci_bus 0000:00: resource 4 [io  0x0000-0x0cf7 window]
[    1.327341] pci_bus 0000:00: resource 5 [io  0x0d00-0xffff window]
[    1.327606] pci_bus 0000:00: resource 6 [mem 0x000a0000-0x000bffff window]
[    1.335040] pci_bus 0000:00: resource 7 [mem 0x08000000-0xfebfffff window]
[    1.335423] pci_bus 0000:00: resource 8 [mem 0x100000000-0x17fffffff window]
[    1.336179] pci 0000:00:01.0: PIIX3: Enabling Passive Release
[    1.346010] pci 0000:00:00.0: Limiting direct PCI/PCI transfers
[    1.346526] PCI: CLS 0 bytes, default 64
[    1.367309] workingset: timestamp_bits=46 max_order=15 bucket_order=0
[    1.370325] squashfs: version 4.0 (2009/01/31) Phillip Lougher
[    1.373231] Block layer SCSI generic (bsg) driver version 0.4 loaded (major 247)
[    1.376938] hv_vmbus: registering driver hyperv_fb
[    1.381604] input: Power Button as /devices/LNXSYSTM:00/LNXPWRBN:00/input/input0
[    1.390453] ACPI: button: Power Button [PWRF]
[    1.551065] ACPI: \_SB_.LNKC: Enabled at IRQ 11
[    1.714368] ACPI: \_SB_.LNKD: Enabled at IRQ 10
[    1.877229] ACPI: \_SB_.LNKA: Enabled at IRQ 10
[    2.029536] ACPI: \_SB_.LNKB: Enabled at IRQ 11
[    2.031673] Serial: 8250/16550 driver, 16 ports, IRQ sharing enabled
[    2.056825] 00:04: ttyS0 at I/O 0x3f8 (irq = 4, base_baud = 115200) is a 16550A
[    2.083541] Non-volatile memory driver v1.3
[    2.094590] Linux agpgart interface v0.103
[    2.095651] ACPI: bus type drm_connector registered
[    2.098826] [drm] Found bochs VGA, ID 0xb0c5.
[    2.099056] [drm] Framebuffer size 16384 kB @ 0xfd000000, mmio @ 0xfeb90000.
[    2.104815] [drm] Found EDID data blob.
[    2.110784] [drm] Initialized bochs-drm 1.0.0 for 0000:00:02.0 on minor 0
[    2.180389] Console: switching to colour frame buffer device 160x50
[    2.189687] bochs-drm 0000:00:02.0: [drm] fb0: bochs-drmdrmfb frame buffer device
[    2.225131] loop: module loaded
[    2.225882] virtio_blk virtio3: 1/0/0 default/read/poll queues
[    2.230812] virtio_blk virtio3: [vda] 246784 512-byte logical blocks (126 MB/121 MiB)
[    2.240240]  vda: vda1 vda2
[    2.242312] Guest personality initialized and is inactive
[    2.242964] VMCI host device registered (name=vmci, major=10, minor=256)
[    2.243257] Initialized host personality
[    2.243663] usbcore: registered new interface driver rtsx_usb
[    2.251990] VMware PVSCSI driver - version 1.0.7.0-k
[    2.252351] hv_vmbus: registering driver hv_storvsc
[    2.268564] scsi host0: ata_piix
[    2.271072] scsi host1: ata_piix
[    2.271943] ata1: PATA max MWDMA2 cmd 0x1f0 ctl 0x3f6 bmdma 0xc0e0 irq 14 lpm-pol 0
[    2.272296] ata2: PATA max MWDMA2 cmd 0x170 ctl 0x376 bmdma 0xc0e8 irq 15 lpm-pol 0
[    2.281760] VMware vmxnet3 virtual NIC driver - version 1.9.0.0-k-NAPI
[    2.282359] hv_vmbus: registering driver hv_netvsc
[    2.282784] Fusion MPT base driver 3.04.20
[    2.282968] Copyright (c) 1999-2008 LSI Corporation
[    2.283360] Fusion MPT SPI Host driver 3.04.20
[    2.292760] Fusion MPT SAS Host driver 3.04.20
[    2.294956] usbcore: registered new interface driver usb-storage
[    2.296210] i8042: PNP: PS/2 Controller [PNP0303:KBD,PNP0f13:MOU] at 0x60,0x64 irq 1,12
[    2.299620] serio: i8042 KBD port at 0x60,0x64 irq 1
[    2.300024] serio: i8042 AUX port at 0x60,0x64 irq 12
[    2.306739] hv_vmbus: registering driver hyperv_keyboard
[    2.309294] rtc_cmos 00:05: RTC can wake from S4
[    2.314305] rtc_cmos 00:05: registered as rtc0
[    2.317164] rtc_cmos 00:05: setting system clock to 2026-03-13T02:50:31 UTC (1773370231)
[    2.319667] rtc_cmos 00:05: alarms up to one day, y3k, 242 bytes nvram, hpet irqs
[    2.322361] intel_powerclamp: CPU does not support MWAIT
[    2.324653] amd_pstate: the _CPC object is not present in SBIOS or ACPI disabled
[    2.330496] sdhci: Secure Digital Host Controller Interface driver
[    2.332469] sdhci: Copyright(c) Pierre Ossman
[    2.334830] VUB300 Driver rom wait states = 1C irqpoll timeout = 0400
[    2.341598] input: AT Translated Set 2 keyboard as /devices/platform/i8042/serio0/input/input1
[    2.365526] usbcore: registered new interface driver vub300
[    2.367977] usbcore: registered new interface driver ushc
[    2.375830] hid: raw HID events driver (C) Jiri Kosina
[    2.378761] hv_vmbus: registering driver hid_hyperv
[    2.381571] usbcore: registered new interface driver usbhid
[    2.383627] usbhid: USB HID core driver
[    2.385758] hv_utils: Registering HyperV Utility Driver
[    2.389148] hv_vmbus: registering driver hv_utils
[    2.391166] hv_vmbus: registering driver hv_balloon
[    2.394601] NET: Registered PF_INET6 protocol family
[    2.409581] Segment Routing with IPv6
[    2.411774] In-situ OAM (IOAM) with IPv6
[    2.414182] NET: Registered PF_PACKET protocol family
[    2.416642] bridge: filtering via arp/ip/ip6tables is no longer available by default. Update your scripts to load br_netfilter if you need this.
[    2.426650] 8021q: 802.1Q VLAN Support v1.8
[    2.429540] NET: Registered PF_VSOCK protocol family
[    2.438284] tsc: Refined TSC clocksource calibration: 2445.426 MHz
[    2.440756] clocksource: tsc: mask: 0xffffffffffffffff max_cycles: 0x233fd7ba1b0, max_idle_ns: 440795295779 ns
[    2.443155] clocksource: Switched to clocksource tsc
[    2.450429] IPI shorthand broadcast: enabled
[    2.457389] AES CTR mode by8 optimization enabled
[    2.479263] sched_clock: Marking stable (2220062788, 256952233)->(2495727382, -18712361)
[    2.507752] ata2: found unknown device (class 0)
[    2.541395] ata2.00: ATAPI: QEMU DVD-ROM, 2.5+, max UDMA/100
[    2.584611] scsi 1:0:0:0: CD-ROM            QEMU     QEMU DVD-ROM     2.5+ PQ: 0 ANSI: 5
[    2.598877] clk: Disabling unused clocks
[    2.638908] sr 1:0:0:0: [sr0] scsi3-mmc drive: 4x/4x cd/rw xa/form2 tray
[    2.641579] cdrom: Uniform CD-ROM driver Revision: 3.20
[    2.690230] VFS: Mounted root (squashfs filesystem) readonly on device 254:2.
[    2.760133] Freeing unused kernel image (initmem) memory: 1496K
[    2.762787] Write protecting the kernel read-only data: 18432k
[    2.766045] Freeing unused kernel image (rodata/data gap) memory: 120K
[    2.768836] Run /sbin/init as init process
[    3.094525] init: Console is alive
[    3.835801] kmodloader: loading kernel modules from /etc/modules-boot.d/*
[    3.913009] button_hotplug: loading out-of-tree module taints kernel.
[    3.920409] Button Hotplug driver version 0.4.1
[    3.941823] Intel(R) 2.5G Ethernet Linux Driver
[    3.944325] Copyright(c) 2018 Intel Corporation.
[    3.960410] igb: Intel(R) Gigabit Ethernet Network Driver
[    3.963022] igb: Copyright (c) 2007-2014 Intel Corporation.
[    3.980765] e1000e: Intel(R) PRO/1000 Network Driver
[    3.983241] e1000e: Copyright(c) 1999 - 2015 Intel Corporation.
[    3.998061] kmodloader: done loading kernel modules from /etc/modules-boot.d/*
[    4.014459] init: - preinit -
[    5.106607] 8021q: adding VLAN 0 to HW filter on device eth0
Press the [f] key and hit [enter] to enter failsafe mode
Press the [1], [2], [3] or [4] key and hit [enter] to select the debug level
[    9.779964] loop0: detected capacity change from 0 to 212992
[    9.827464] loop0: detected capacity change from 212992 to 196224
[    9.841300] mount_root: overlay filesystem in /dev/loop0 has not been formatted yet
[   10.193358] EXT4-fs (loop0): mounted filesystem 58633334-eafa-472f-b214-6db4ba6418ce r/w with ordered data mode. Quota mode: disabled.
[   10.206959] mount_root: overlay filesystem has not been fully initialized yet
[   10.224978] mount_root: switching to ext4 overlay
[   10.245722] overlayfs: null uuid detected in lower fs '/', falling back to xino=off,index=off,nfs_export=off.
[   10.989641] EXT4-fs (vda1): mounted filesystem 84173db5-fa99-e35a-95c6-28613cc79ea9 r/w without journal. Quota mode: disabled.
[   11.015757] urandom-seed: Seed file not found (/etc/urandom.seed)
[   11.177709] procd: - early -
[   11.930161] procd: - ubus -
[   12.110082] procd: - init -
Please press Enter to activate this console.
root
login[1049]: root login on 'ttyS0'


BusyBox v1.37.0 (2026-03-11 18:53:32 UTC) built-in shell (ash)

  _______                     ________        __
 |       |.-----.-----.-----.|  |  |  |.----.|  |_
 |   -   ||  _  |  -__|     ||  |  |  ||   _||   _|
 |_______||   __|_____|__|__||________||__|  |____|
          |__| W I R E L E S S   F R E E D O M
 -----------------------------------------------------
 OpenWrt SNAPSHOT, r33365-55f1f2c1c4
 -----------------------------------------------------

 === WARNING! =====================================
 There is no root password defined on this device!
 Use the "passwd" command to set up a new password
 in order to prevent unauthorized SSH logins.
 --------------------------------------------------

  ___   __ __                _______             __
 |   |_|__|  |--.----.-----.|   |   |-----.-----|  |--.
 |     |  |  _  |   _|  -__||       |  -__|__ --|     |
 |_____|__|_____|__| |_____||__|_|__|_____|_____|__|__|

 ------------------------------------------------------
 LiMe master development (master rev. 7929208 20260304_1752)
 ------------------------------------------------------
 https://libremesh.org
 ------------------------------------------------------

 === System Notes =================================================

 = edit via http://thisnode.info/app/#/notes or /etc/banner.notes =

root@(none):~# dmesg -n 1
root@(none):~# echo 'PHTO''GJBUHW'
PHTOGJBUHW
root@(none):~# run() { echo -n "$MARKER"; sh -c "$@"; echo "$MARKER $?"; }
root@(none):~# echo 'LMVU''LATOSY'
LMVULATOSY
root@(none):~# MARKER='ASEP''YUMBAA' run 'ubus wait_for network.interface.lan'
ASEPYUMBAA