Labgrid Console Logfile for main
Logfile started at 2026-03-30 23:38:54.223200
=== Log starts here ===
c[?7l[2J[0mSeaBIOS (version 1.16.3-debian-1.16.3-2)


iPXE (https://ipxe.org) 00:03.0 CA00 PCI2.10 PnP PMM+06FCAE70+06F0AE70 CA00
Press Ctrl-B to configure iPXE (PCI 00:03.0)...                                                                               




iPXE (https://ipxe.org) 00:05.0 CB00 PCI2.10 PnP PMM 06FCAE70 06F0AE70 CB00
Press Ctrl-B to configure iPXE (PCI 00:05.0)...                                                                               


Booting from Hard Disk...
GRUB loading.....
[0;30;47mWelcome to GRUB![01;01H[0m[2J[H[J[1;1H[?25l[m[H[J[1;1H[2;30HGNU GRUB  version 2.12

[m[4;2H+----------------------------------------------------------------------------+[5;2H|[5;79H|[6;2H|[6;79H|[7;2H|[7;79H|[8;2H|[8;79H|[9;2H|[9;79H|[10;2H|[10;79H|[11;2H|[11;79H|[12;2H|[12;79H|[13;2H|[13;79H|[14;2H|[14;79H|[15;2H|[15;79H|[16;2H+----------------------------------------------------------------------------+[m[17;2H[18;2H[m     Use the ^ and v keys to select which entry is highlighted.          
      Press enter to boot the selected OS, `e' to edit the commands       
      before booting or `c' for a command-line. ESC to return             
      previous menu.                                                      [5;80H [7m[5;3H*OpenWrt                                                                    [m[5;78H[m[m[6;3H OpenWrt (failsafe)                                                         [m[6;78H[m[m[7;3H                                                                            [m[7;78H[m[m[8;3H                                                                            [m[8;78H[m[m[9;3H                                                                            [m[9;78H[m[m[10;3H                                                                            [m[10;78H[m[m[11;3H                                                                            [m[11;78H[m[m[12;3H                                                                            [m[12;78H[m[m[13;3H                                                                            [m[13;78H[m[m[14;3H                                                                            [m[14;78H[m[m[15;3H                                                                            [m[15;78H[m[15;80H [5;78H[2J[02;30HGNU GRUB  version 2.12[04;02H┌─────────────────────────────────────────────────────────────[04;63H[04;64H───────────────┐[05;02H│[05;79H│[06;02H│[06;79H│[07;02H│[07;79H│[08;02H│[08;79H│[09;02H│[09;79H│[10;02H│[10;79H│[11;02H│[11;79H│[12;02H│[12;79H│[13;02H│[13;79H│[14;02H│[14;79H│[15;02H│[15;79H│[16;02H│[16;79H│[17;02H└────────────────────────────────────────────────────────────────────────────┘[19;02H     Use the ↑ and ↓ keys to [19;30H[19;31Hselect which entry is highlighted.          
      Press enter to boot the selected OS, `e' to edit the commands       
      before booting or `c' for a command-line. ESC to return             
      previous menu.                                                      [05;80H [05;03H[0;30;47m*OpenWrt                                             [05;55H[05;56H                       [06;03H[0m OpenWrt (failsafe)                                                         [07;03H                                                                            [08;03H                                                                            [09;03H                                                                            [10;03H                                                                            [11;03H                                                                            [12;03H  [12;04H[12;05H                                                                          [13;03H                                                                            [14;03H                                                                            [15;03H                                                                            [16;03H                    [16;22H[16;23H                                                        [16;80H 






   The highlighted entry will be executed automatically in 5s.                [22;1H   The highlighted entry will be executed automatically in 5s.                 [5;78H [05;78H

















   The highlighted entry will be executed automatically in 4s.       [23;69H[23;70H         [22;1H   The highlighted entry will be executed automatically in 4s.                 [5;78H [05;78H

















   The highlighted entry will be executed automatically in 3s.                [22;1H   The highlighted entry will be executed automatically in 3s.                 [5;78H [05;78H

















   The highlighted entry will be executed automatically in 2s.                [22;1H   The highlighted entry will be executed automatically in 2s.                 [5;78H [05;78H

















   The highlighted entry will be executed automatically in 1s.                [22;1H   The highlighted entry will be executed automatically in 1s.                 [5;78H [05;78H

















   The highlighted entry will be executed automatically in 0s.                [22;1H   The highlighted entry will be executed automatically in 0s.                 [5;78H [01;01H[2J[?25h[H[J[1;1H[H[J[1;1H[2J   Booting `OpenWrt' Booting `OpenWrt

'

[    0.000000] Linux version 6.12.79 (builder@buildhost) (x86_64-openwrt-linux-musl-gcc (OpenWrt GCC 14.3.0 r33710-598b90107e) 14.3.0, GNU ld (GNU Binutils) 2.44) #0 SMP Mon Mar 30 17:35:41 2026
[    0.000000] Command line: BOOT_IMAGE=/boot/vmlinuz root=PARTUUID=cd16e9d6-02 rootwait console=tty1 console=ttyS0,115200n8 noinitrd
[    0.000000] BIOS-provided physical RAM map:
[    0.000000] BIOS-e820: [mem 0x0000000000000000-0x000000000009fbff] usable
[    0.000000] BIOS-e820: [mem 0x000000000009fc00-0x000000000009ffff] reserved
[    0.000000] BIOS-e820: [mem 0x00000000000f0000-0x00000000000fffff] reserved
[    0.000000] BIOS-e820: [mem 0x0000000000100000-0x0000000007fdcfff] usable
[    0.000000] BIOS-e820: [mem 0x0000000007fdd000-0x0000000007ffffff] reserved
[    0.000000] BIOS-e820: [mem 0x00000000fffc0000-0x00000000ffffffff] reserved
[    0.000000] BIOS-e820: [mem 0x000000fd00000000-0x000000ffffffffff] reserved
[    0.000000] NX (Execute Disable) protection: active
[    0.000000] APIC: Static calls initialized
[    0.000000] SMBIOS 3.0.0 present.
[    0.000000] DMI: QEMU Standard PC (i440FX + PIIX, 1996), BIOS 1.16.3-debian-1.16.3-2 04/01/2014
[    0.000000] DMI: Memory slots populated: 1/1
[    0.000000] tsc: Fast TSC calibration using PIT
[    0.000000] tsc: Detected 2445.427 MHz processor
[    0.007382] last_pfn = 0x7fdd max_arch_pfn = 0x400000000
[    0.008001] MTRR map: 4 entries (3 fixed + 1 variable; max 19), built from 8 variable MTRRs
[    0.008192] x86/PAT: Configuration [0-7]: WB  WC  UC- UC  WB  WP  UC- WT  
[    0.026832] found SMP MP-table at [mem 0x000f5460-0x000f546f]
[    0.028221] Using GB pages for direct mapping
[    0.032845] ACPI: Early table checksum verification disabled
[    0.033230] ACPI: RSDP 0x00000000000F5290 000014 (v00 BOCHS )
[    0.033530] ACPI: RSDT 0x0000000007FE1C64 000034 (v01 BOCHS  BXPC     00000001 BXPC 00000001)
[    0.034035] ACPI: FACP 0x0000000007FE1B18 000074 (v01 BOCHS  BXPC     00000001 BXPC 00000001)
[    0.034660] ACPI: DSDT 0x0000000007FE0040 001AD8 (v01 BOCHS  BXPC     00000001 BXPC 00000001)
[    0.034732] ACPI: FACS 0x0000000007FE0000 000040
[    0.034781] ACPI: APIC 0x0000000007FE1B8C 000078 (v03 BOCHS  BXPC     00000001 BXPC 00000001)
[    0.034802] ACPI: HPET 0x0000000007FE1C04 000038 (v01 BOCHS  BXPC     00000001 BXPC 00000001)
[    0.034821] ACPI: WAET 0x0000000007FE1C3C 000028 (v01 BOCHS  BXPC     00000001 BXPC 00000001)
[    0.034894] ACPI: Reserving FACP table memory at [mem 0x7fe1b18-0x7fe1b8b]
[    0.034942] ACPI: Reserving DSDT table memory at [mem 0x7fe0040-0x7fe1b17]
[    0.034949] ACPI: Reserving FACS table memory at [mem 0x7fe0000-0x7fe003f]
[    0.034955] ACPI: Reserving APIC table memory at [mem 0x7fe1b8c-0x7fe1c03]
[    0.034960] ACPI: Reserving HPET table memory at [mem 0x7fe1c04-0x7fe1c3b]
[    0.034966] ACPI: Reserving WAET table memory at [mem 0x7fe1c3c-0x7fe1c63]
[    0.037989] Zone ranges:
[    0.038017]   DMA      [mem 0x0000000000001000-0x0000000000ffffff]
[    0.038121]   DMA32    [mem 0x0000000001000000-0x0000000007fdcfff]
[    0.038131]   Normal   empty
[    0.038149] Movable zone start for each node
[    0.038181] Early memory node ranges
[    0.038208]   node   0: [mem 0x0000000000001000-0x000000000009efff]
[    0.038260]   node   0: [mem 0x0000000000100000-0x0000000007fdcfff]
[    0.038377] Initmem setup node 0 [mem 0x0000000000001000-0x0000000007fdcfff]
[    0.039431] On node 0, zone DMA: 1 pages in unavailable ranges
[    0.039920] On node 0, zone DMA: 97 pages in unavailable ranges
[    0.042050] On node 0, zone DMA32: 35 pages in unavailable ranges
[    0.042407] ACPI: PM-Timer IO Port: 0x608
[    0.042815] ACPI: LAPIC_NMI (acpi_id[0xff] dfl dfl lint[0x1])
[    0.043245] IOAPIC[0]: apic_id 0, version 32, address 0xfec00000, GSI 0-23
[    0.043363] ACPI: INT_SRC_OVR (bus 0 bus_irq 0 global_irq 2 dfl dfl)
[    0.043607] ACPI: INT_SRC_OVR (bus 0 bus_irq 5 global_irq 5 high level)
[    0.043655] ACPI: INT_SRC_OVR (bus 0 bus_irq 9 global_irq 9 high level)
[    0.043749] ACPI: INT_SRC_OVR (bus 0 bus_irq 10 global_irq 10 high level)
[    0.043758] ACPI: INT_SRC_OVR (bus 0 bus_irq 11 global_irq 11 high level)
[    0.043944] ACPI: Using ACPI (MADT) for SMP configuration information
[    0.043988] ACPI: HPET id: 0x8086a201 base: 0xfed00000
[    0.044396] CPU topo: Max. logical packages:   1
[    0.044412] CPU topo: Max. logical dies:       1
[    0.044421] CPU topo: Max. dies per package:   1
[    0.044471] CPU topo: Max. threads per core:   1
[    0.044618] CPU topo: Num. cores per package:     1
[    0.044634] CPU topo: Num. threads per package:   1
[    0.044642] CPU topo: Allowing 1 present CPUs plus 0 hotplug CPUs
[    0.045841] [mem 0x08000000-0xfffbffff] available for PCI devices
[    0.045909] Booting paravirtualized kernel on bare hardware
[    0.046235] clocksource: refined-jiffies: mask: 0xffffffff max_cycles: 0xffffffff, max_idle_ns: 19112604462750000 ns
[    0.046889] setup_percpu: NR_CPUS:512 nr_cpumask_bits:1 nr_cpu_ids:1 nr_node_ids:1
[    0.048914] percpu: Embedded 50 pages/cpu s166808 r8192 d29800 u2097152
[    0.051232] Kernel command line: BOOT_IMAGE=/boot/vmlinuz root=PARTUUID=cd16e9d6-02 rootwait console=tty1 console=ttyS0,115200n8 noinitrd
[    0.052837] random: crng init done
[    0.057571] Dentry cache hash table entries: 16384 (order: 5, 131072 bytes, linear)
[    0.058533] Inode-cache hash table entries: 8192 (order: 4, 65536 bytes, linear)
[    0.061172] Built 1 zonelists, mobility grouping on.  Total pages: 32635
[    0.061514] mem auto-init: stack:off, heap alloc:off, heap free:off
[    0.071432] SLUB: HWalign=64, Order=0-3, MinObjects=0, CPUs=1, Nodes=1
[    0.079426] rcu: Hierarchical RCU implementation.
[    0.079455] rcu: 	RCU restricting CPUs from NR_CPUS=512 to nr_cpu_ids=1.
[    0.079599] 	Tracing variant of Tasks RCU enabled.
[    0.079692] rcu: RCU calculated value of scheduler-enlistment delay is 10 jiffies.
[    0.079722] rcu: Adjusting geometry for rcu_fanout_leaf=16, nr_cpu_ids=1
[    0.080864] RCU Tasks Trace: Setting shift to 0 and lim to 1 rcu_task_cb_adjust=1 rcu_task_cpu_ids=1.
[    0.080991] NR_IRQS: 33024, nr_irqs: 256, preallocated irqs: 16
[    0.089684] rcu: srcu_init: Setting srcu_struct sizes based on contention.
[    0.096658] Console: colour VGA+ 80x25
[    0.097094] printk: legacy console [tty1] enabled
[    0.105265] printk: legacy console [ttyS0] enabled
[    0.358122] ACPI: Core revision 20240827
[    0.363291] clocksource: hpet: mask: 0xffffffff max_cycles: 0xffffffff, max_idle_ns: 19112604467 ns
[    0.367962] APIC: Switch to symmetric I/O mode setup
[    0.372697] ..TIMER: vector=0x30 apic1=0 pin1=2 apic2=-1 pin2=-1
[    0.415111] clocksource: tsc-early: mask: 0xffffffffffffffff max_cycles: 0x233fd8a313f, max_idle_ns: 440795252855 ns
[    0.415756] Calibrating delay loop (skipped), value calculated using timer frequency.. 4890.85 BogoMIPS (lpj=24454270)
[    0.417738] x86/cpu: User Mode Instruction Prevention (UMIP) activated
[    0.433163] Last level iTLB entries: 4KB 0, 2MB 0, 4MB 0
[    0.435869] Last level dTLB entries: 4KB 0, 2MB 0, 4MB 0, 1GB 0
[    0.437028] Spectre V1 : Mitigation: usercopy/swapgs barriers and __user pointer sanitization
[    0.438093] Spectre V2 : Mitigation: Retpolines
[    0.438323] Spectre V2 : Spectre v2 / SpectreRSB: Filling RSB on context switch and VMEXIT
[    0.438724] Speculative Store Bypass: Vulnerable
[    0.447605] x86/fpu: Supporting XSAVE feature 0x001: 'x87 floating point registers'
[    0.452203] x86/fpu: Supporting XSAVE feature 0x002: 'SSE registers'
[    0.452487] x86/fpu: Supporting XSAVE feature 0x004: 'AVX registers'
[    0.452716] x86/fpu: Supporting XSAVE feature 0x008: 'MPX bounds registers'
[    0.456690] x86/fpu: Supporting XSAVE feature 0x010: 'MPX CSR'
[    0.457131] x86/fpu: xstate_offset[2]:  576, xstate_sizes[2]:  256
[    0.457500] x86/fpu: xstate_offset[3]:  960, xstate_sizes[3]:   64
[    0.457730] x86/fpu: xstate_offset[4]: 1024, xstate_sizes[4]:   64
[    0.465667] x86/fpu: Enabled xstate features 0x1f, context size is 1088 bytes, using 'standard' format.
[    0.701095] Freeing SMP alternatives memory: 40K
[    0.701848] pid_max: default: 32768 minimum: 301
[    0.711230] Mount-cache hash table entries: 512 (order: 0, 4096 bytes, linear)
[    0.711740] Mountpoint-cache hash table entries: 512 (order: 0, 4096 bytes, linear)
[    0.863464] smpboot: CPU0: AMD QEMU TCG CPU version 2.5+ (family: 0x6, model: 0x6, stepping: 0x3)
[    0.892980] Performance Events: PMU not available due to virtualization, using software events only.
[    0.894393] signal: max sigframe size: 1616
[    0.896144] rcu: Hierarchical SRCU implementation.
[    0.896403] rcu: 	Max phase no-delay instances is 1000.
[    0.901308] smp: Bringing up secondary CPUs ...
[    0.906807] smp: Brought up 1 node, 1 CPU
[    0.907125] smpboot: Total of 1 processors activated (4890.85 BogoMIPS)
[    0.913892] Memory: 103200K/130540K available (14336K kernel code, 1166K rwdata, 3980K rodata, 1496K init, 1312K bss, 25628K reserved, 0K cma-reserved)
[    0.927786] clocksource: jiffies: mask: 0xffffffff max_cycles: 0xffffffff, max_idle_ns: 19112604462750000 ns
[    0.928738] futex hash table entries: 256 (order: 2, 16384 bytes, linear)
[    0.929945] pinctrl core: initialized pinctrl subsystem
[    0.948754] NET: Registered PF_NETLINK/PF_ROUTE protocol family
[    0.954800] thermal_sys: Registered thermal governor 'step_wise'
[    0.954837] thermal_sys: Registered thermal governor 'user_space'
[    0.955759] cpuidle: using governor ladder
[    0.956287] cpuidle: using governor menu
[    0.960671] acpiphp: ACPI Hot Plug PCI Controller Driver version: 0.5
[    0.963341] PCI: Using configuration type 1 for base access
[    0.972584] cryptd: max_cpu_qlen set to 1000
[    0.978629] ACPI: Added _OSI(Module Device)
[    0.978824] ACPI: Added _OSI(Processor Device)
[    0.978989] ACPI: Added _OSI(Processor Aggregator Device)
[    0.993185] ACPI: 1 ACPI AML tables successfully acquired and loaded
[    1.009986] ACPI: Interpreter enabled
[    1.010801] ACPI: PM: (supports S0 S5)
[    1.011005] ACPI: Using IOAPIC for interrupt routing
[    1.011672] PCI: Using host bridge windows from ACPI; if necessary, use "pci=nocrs" and report a bug
[    1.012029] PCI: Using E820 reservations for host bridge windows
[    1.017354] ACPI: Enabled 2 GPEs in block 00 to 0F
[    1.053727] ACPI: PCI Root Bridge [PCI0] (domain 0000 [bus 00-ff])
[    1.054631] acpi PNP0A03:00: _OSC: OS supports [ASPM ClockPM Segments MSI HPX-Type3]
[    1.055738] acpi PNP0A03:00: _OSC: not requesting OS control; OS requires [ExtendedConfig ASPM ClockPM MSI]
[    1.056815] acpi PNP0A03:00: fail to add MMCONFIG information, can't access extended configuration space under this bridge
[    1.069771] acpiphp: Slot [3] registered
[    1.070086] acpiphp: Slot [4] registered
[    1.070339] acpiphp: Slot [5] registered
[    1.070608] acpiphp: Slot [6] registered
[    1.075984] acpiphp: Slot [7] registered
[    1.077675] acpiphp: Slot [8] registered
[    1.077933] acpiphp: Slot [9] registered
[    1.078201] acpiphp: Slot [10] registered
[    1.078460] acpiphp: Slot [11] registered
[    1.078706] acpiphp: Slot [12] registered
[    1.085969] acpiphp: Slot [13] registered
[    1.086385] acpiphp: Slot [14] registered
[    1.086729] acpiphp: Slot [15] registered
[    1.086986] acpiphp: Slot [16] registered
[    1.087269] acpiphp: Slot [17] registered
[    1.087525] acpiphp: Slot [18] registered
[    1.096013] acpiphp: Slot [19] registered
[    1.096452] acpiphp: Slot [20] registered
[    1.096740] acpiphp: Slot [21] registered
[    1.097038] acpiphp: Slot [22] registered
[    1.097290] acpiphp: Slot [23] registered
[    1.097536] acpiphp: Slot [24] registered
[    1.097784] acpiphp: Slot [25] registered
[    1.105979] acpiphp: Slot [26] registered
[    1.106418] acpiphp: Slot [27] registered
[    1.106716] acpiphp: Slot [28] registered
[    1.107002] acpiphp: Slot [29] registered
[    1.107266] acpiphp: Slot [30] registered
[    1.107517] acpiphp: Slot [31] registered
[    1.116175] PCI host bridge to bus 0000:00
[    1.116717] pci_bus 0000:00: root bus resource [io  0x0000-0x0cf7 window]
[    1.117080] pci_bus 0000:00: root bus resource [io  0x0d00-0xffff window]
[    1.117346] pci_bus 0000:00: root bus resource [mem 0x000a0000-0x000bffff window]
[    1.125839] pci_bus 0000:00: root bus resource [mem 0x08000000-0xfebfffff window]
[    1.126260] pci_bus 0000:00: root bus resource [mem 0x100000000-0x17fffffff window]
[    1.126704] pci_bus 0000:00: root bus resource [bus 00-ff]
[    1.137187] pci 0000:00:00.0: [8086:1237] type 00 class 0x060000 conventional PCI endpoint
[    1.148356] pci 0000:00:01.0: [8086:7000] type 00 class 0x060100 conventional PCI endpoint
[    1.149251] pci 0000:00:01.1: [8086:7010] type 00 class 0x010180 conventional PCI endpoint
[    1.157403] pci 0000:00:01.1: BAR 4 [io  0xc0e0-0xc0ef]
[    1.158614] pci 0000:00:01.1: BAR 0 [io  0x01f0-0x01f7]: legacy IDE quirk
[    1.158889] pci 0000:00:01.1: BAR 1 [io  0x03f6]: legacy IDE quirk
[    1.159139] pci 0000:00:01.1: BAR 2 [io  0x0170-0x0177]: legacy IDE quirk
[    1.165859] pci 0000:00:01.1: BAR 3 [io  0x0376]: legacy IDE quirk
[    1.166907] pci 0000:00:01.3: [8086:7113] type 00 class 0x068000 conventional PCI endpoint
[    1.167572] pci 0000:00:01.3: quirk: [io  0x0600-0x063f] claimed by PIIX4 ACPI
[    1.167876] pci 0000:00:01.3: quirk: [io  0x0700-0x070f] claimed by PIIX4 SMB
[    1.176475] pci 0000:00:02.0: [1234:1111] type 00 class 0x030000 conventional PCI endpoint
[    1.177258] pci 0000:00:02.0: BAR 0 [mem 0xfd000000-0xfdffffff pref]
[    1.178646] pci 0000:00:02.0: BAR 2 [mem 0xfeb90000-0xfeb90fff]
[    1.187937] pci 0000:00:02.0: ROM [mem 0xfeb80000-0xfeb8ffff pref]
[    1.188444] pci 0000:00:02.0: Video device with shadowed ROM at [mem 0x000c0000-0x000dffff]
[    1.189414] pci 0000:00:03.0: [1af4:1000] type 00 class 0x020000 conventional PCI endpoint
[    1.190588] pci 0000:00:03.0: BAR 0 [io  0xc080-0xc09f]
[    1.197417] pci 0000:00:03.0: BAR 4 [mem 0xfe000000-0xfe003fff 64bit pref]
[    1.205659] pci 0000:00:03.0: ROM [mem 0xfea80000-0xfeafffff pref]
[    1.210507] pci 0000:00:04.0: [1af4:1005] type 00 class 0x00ff00 conventional PCI endpoint
[    1.214230] pci 0000:00:04.0: BAR 0 [io  0xc0a0-0xc0bf]
[    1.214993] pci 0000:00:04.0: BAR 1 [mem 0xfeb91000-0xfeb91fff]
[    1.217994] pci 0000:00:04.0: BAR 4 [mem 0xfe004000-0xfe007fff 64bit pref]
[    1.223000] pci 0000:00:05.0: [1af4:1000] type 00 class 0x020000 conventional PCI endpoint
[    1.225364] pci 0000:00:05.0: BAR 0 [io  0xc0c0-0xc0df]
[    1.226256] pci 0000:00:05.0: BAR 1 [mem 0xfeb92000-0xfeb92fff]
[    1.227901] pci 0000:00:05.0: BAR 4 [mem 0xfe008000-0xfe00bfff 64bit pref]
[    1.228807] pci 0000:00:05.0: ROM [mem 0xfeb00000-0xfeb7ffff pref]
[    1.239348] pci 0000:00:06.0: [1af4:1001] type 00 class 0x010000 conventional PCI endpoint
[    1.240123] pci 0000:00:06.0: BAR 0 [io  0xc000-0xc07f]
[    1.240835] pci 0000:00:06.0: BAR 1 [mem 0xfeb93000-0xfeb93fff]
[    1.242501] pci 0000:00:06.0: BAR 4 [mem 0xfe00c000-0xfe00ffff 64bit pref]
[    1.253746] ACPI: PCI: Interrupt link LNKA configured for IRQ 10
[    1.255771] ACPI: PCI: Interrupt link LNKB configured for IRQ 10
[    1.256417] ACPI: PCI: Interrupt link LNKC configured for IRQ 11
[    1.257037] ACPI: PCI: Interrupt link LNKD configured for IRQ 11
[    1.258164] ACPI: PCI: Interrupt link LNKS configured for IRQ 9
[    1.261524] iommu: Default domain type: Translated
[    1.261742] iommu: DMA domain TLB invalidation policy: lazy mode
[    1.264337] SCSI subsystem initialized
[    1.265434] ACPI: bus type USB registered
[    1.266390] usbcore: registered new interface driver usbfs
[    1.266938] usbcore: registered new interface driver hub
[    1.267312] usbcore: registered new device driver usb
[    1.267862] pps_core: LinuxPPS API ver. 1 registered
[    1.268057] pps_core: Software ver. 5.3.6 - Copyright 2005-2007 Rodolfo Giometti <giometti@linux.it>
[    1.276021] PTP clock support registered
[    1.291964] PCI: Using ACPI for IRQ routing
[    1.294215] hpet0: at MMIO 0xfed00000, IRQs 2, 8, 0
[    1.294515] hpet0: 3 comparators, 64-bit 100.000000 MHz counter
[    1.299888] clocksource: Switched to clocksource tsc-early
[    1.302921] pnp: PnP ACPI init
[    1.305309] pnp: PnP ACPI: found 6 devices
[    1.317682] clocksource: acpi_pm: mask: 0xffffff max_cycles: 0xffffff, max_idle_ns: 2085701024 ns
[    1.319015] NET: Registered PF_INET protocol family
[    1.320184] IP idents hash table entries: 2048 (order: 2, 16384 bytes, linear)
[    1.325707] tcp_listen_portaddr_hash hash table entries: 256 (order: 0, 4096 bytes, linear)
[    1.328667] Table-perturb hash table entries: 65536 (order: 6, 262144 bytes, linear)
[    1.329086] TCP established hash table entries: 1024 (order: 1, 8192 bytes, linear)
[    1.329551] TCP bind hash table entries: 1024 (order: 3, 32768 bytes, linear)
[    1.339544] TCP: Hash tables configured (established 1024 bind 1024)
[    1.341485] MPTCP token hash table entries: 256 (order: 1, 6144 bytes, linear)
[    1.342026] UDP hash table entries: 256 (order: 1, 8192 bytes, linear)
[    1.342483] UDP-Lite hash table entries: 256 (order: 1, 8192 bytes, linear)
[    1.351915] NET: Registered PF_UNIX/PF_LOCAL protocol family
[    1.353107] pci_bus 0000:00: resource 4 [io  0x0000-0x0cf7 window]
[    1.353362] pci_bus 0000:00: resource 5 [io  0x0d00-0xffff window]
[    1.353580] pci_bus 0000:00: resource 6 [mem 0x000a0000-0x000bffff window]
[    1.361794] pci_bus 0000:00: resource 7 [mem 0x08000000-0xfebfffff window]
[    1.362090] pci_bus 0000:00: resource 8 [mem 0x100000000-0x17fffffff window]
[    1.362764] pci 0000:00:01.0: PIIX3: Enabling Passive Release
[    1.372557] pci 0000:00:00.0: Limiting direct PCI/PCI transfers
[    1.373038] PCI: CLS 0 bytes, default 64
[    1.392528] workingset: timestamp_bits=46 max_order=15 bucket_order=0
[    1.395113] squashfs: version 4.0 (2009/01/31) Phillip Lougher
[    1.397873] Block layer SCSI generic (bsg) driver version 0.4 loaded (major 247)
[    1.401404] hv_vmbus: registering driver hyperv_fb
[    1.406421] input: Power Button as /devices/LNXSYSTM:00/LNXPWRBN:00/input/input0
[    1.415777] ACPI: button: Power Button [PWRF]
[    1.581348] ACPI: \_SB_.LNKC: Enabled at IRQ 11
[    1.740961] ACPI: \_SB_.LNKD: Enabled at IRQ 10
[    1.898291] ACPI: \_SB_.LNKA: Enabled at IRQ 10
[    2.055439] ACPI: \_SB_.LNKB: Enabled at IRQ 11
[    2.057219] Serial: 8250/16550 driver, 16 ports, IRQ sharing enabled
[    2.082048] 00:04: ttyS0 at I/O 0x3f8 (irq = 4, base_baud = 115200) is a 16550A
[    2.108676] Non-volatile memory driver v1.3
[    2.119572] Linux agpgart interface v0.103
[    2.120632] ACPI: bus type drm_connector registered
[    2.123410] [drm] Found bochs VGA, ID 0xb0c5.
[    2.123616] [drm] Framebuffer size 16384 kB @ 0xfd000000, mmio @ 0xfeb90000.
[    2.130869] [drm] Found EDID data blob.
[    2.136172] [drm] Initialized bochs-drm 1.0.0 for 0000:00:02.0 on minor 0
[    2.203645] Console: switching to colour frame buffer device 160x50
[    2.212763] bochs-drm 0000:00:02.0: [drm] fb0: bochs-drmdrmfb frame buffer device
[    2.248026] loop: module loaded
[    2.248727] virtio_blk virtio3: 1/0/0 default/read/poll queues
[    2.253154] virtio_blk virtio3: [vda] 246784 512-byte logical blocks (126 MB/121 MiB)
[    2.262414]  vda: vda1 vda2
[    2.264411] Guest personality initialized and is inactive
[    2.264970] VMCI host device registered (name=vmci, major=10, minor=256)
[    2.265270] Initialized host personality
[    2.265717] usbcore: registered new interface driver rtsx_usb
[    2.273990] VMware PVSCSI driver - version 1.0.7.0-k
[    2.274407] hv_vmbus: registering driver hv_storvsc
[    2.290147] scsi host0: ata_piix
[    2.292622] scsi host1: ata_piix
[    2.293465] ata1: PATA max MWDMA2 cmd 0x1f0 ctl 0x3f6 bmdma 0xc0e0 irq 14 lpm-pol 0
[    2.293778] ata2: PATA max MWDMA2 cmd 0x170 ctl 0x376 bmdma 0xc0e8 irq 15 lpm-pol 0
[    2.302785] VMware vmxnet3 virtual NIC driver - version 1.9.0.0-k-NAPI
[    2.303368] hv_vmbus: registering driver hv_netvsc
[    2.303744] Fusion MPT base driver 3.04.20
[    2.303905] Copyright (c) 1999-2008 LSI Corporation
[    2.304283] Fusion MPT SPI Host driver 3.04.20
[    2.313794] Fusion MPT SAS Host driver 3.04.20
[    2.315995] usbcore: registered new interface driver usb-storage
[    2.317215] i8042: PNP: PS/2 Controller [PNP0303:KBD,PNP0f13:MOU] at 0x60,0x64 irq 1,12
[    2.320454] serio: i8042 KBD port at 0x60,0x64 irq 1
[    2.320828] serio: i8042 AUX port at 0x60,0x64 irq 12
[    2.327695] hv_vmbus: registering driver hyperv_keyboard
[    2.330028] rtc_cmos 00:05: RTC can wake from S4
[    2.334922] rtc_cmos 00:05: registered as rtc0
[    2.337802] rtc_cmos 00:05: setting system clock to 2026-03-30T23:39:05 UTC (1774913945)
[    2.340223] rtc_cmos 00:05: alarms up to one day, y3k, 242 bytes nvram, hpet irqs
[    2.342837] intel_powerclamp: CPU does not support MWAIT
[    2.345001] amd_pstate: the _CPC object is not present in SBIOS or ACPI disabled
[    2.350929] sdhci: Secure Digital Host Controller Interface driver
[    2.352832] sdhci: Copyright(c) Pierre Ossman
[    2.355097] VUB300 Driver rom wait states = 1C irqpoll timeout = 0400
[    2.361709] input: AT Translated Set 2 keyboard as /devices/platform/i8042/serio0/input/input1
[    2.384981] usbcore: registered new interface driver vub300
[    2.387260] usbcore: registered new interface driver ushc
[    2.394937] hid: raw HID events driver (C) Jiri Kosina
[    2.397752] hv_vmbus: registering driver hid_hyperv
[    2.400435] usbcore: registered new interface driver usbhid
[    2.402388] usbhid: USB HID core driver
[    2.404453] hv_utils: Registering HyperV Utility Driver
[    2.406497] hv_vmbus: registering driver hv_utils
[    2.408758] hv_vmbus: registering driver hv_balloon
[    2.412164] NET: Registered PF_INET6 protocol family
[    2.426295] Segment Routing with IPv6
[    2.428362] In-situ OAM (IOAM) with IPv6
[    2.430695] NET: Registered PF_PACKET protocol family
[    2.433084] bridge: filtering via arp/ip/ip6tables is no longer available by default. Update your scripts to load br_netfilter if you need this.
[    2.442929] 8021q: 802.1Q VLAN Support v1.8
[    2.445453] NET: Registered PF_VSOCK protocol family
[    2.453344] tsc: Refined TSC clocksource calibration: 2445.430 MHz
[    2.455849] clocksource: tsc: mask: 0xffffffffffffffff max_cycles: 0x233fdbaba77, max_idle_ns: 440795254155 ns
[    2.462694] clocksource: Switched to clocksource tsc
[    2.469108] IPI shorthand broadcast: enabled
[    2.475850] AES CTR mode by8 optimization enabled
[    2.497275] sched_clock: Marking stable (2230086989, 265428993)->(2506341251, -10825269)
[    2.526045] ata2: found unknown device (class 0)
[    2.580410] ata2.00: ATAPI: QEMU DVD-ROM, 2.5+, max UDMA/100
[    2.599638] scsi 1:0:0:0: CD-ROM            QEMU     QEMU DVD-ROM     2.5+ PQ: 0 ANSI: 5
[    2.610542] clk: Disabling unused clocks
[    2.657442] sr 1:0:0:0: [sr0] scsi3-mmc drive: 4x/4x cd/rw xa/form2 tray
[    2.659858] cdrom: Uniform CD-ROM driver Revision: 3.20
[    2.716485] VFS: Mounted root (squashfs filesystem) readonly on device 254:2.
[    2.785866] Freeing unused kernel image (initmem) memory: 1496K
[    2.788248] Write protecting the kernel read-only data: 18432k
[    2.791299] Freeing unused kernel image (rodata/data gap) memory: 116K
[    2.793765] Run /sbin/init as init process
[    3.073878] init: Console is alive
[    3.729302] kmodloader: loading kernel modules from /etc/modules-boot.d/*
[    3.803804] button_hotplug: loading out-of-tree module taints kernel.
[    3.811022] Button Hotplug driver version 0.4.1
[    3.830720] Intel(R) 2.5G Ethernet Linux Driver
[    3.833029] Copyright(c) 2018 Intel Corporation.
[    3.848648] igb: Intel(R) Gigabit Ethernet Network Driver
[    3.851041] igb: Copyright (c) 2007-2014 Intel Corporation.
[    3.867359] e1000e: Intel(R) PRO/1000 Network Driver
[    3.869669] e1000e: Copyright(c) 1999 - 2015 Intel Corporation.
[    3.883124] kmodloader: done loading kernel modules from /etc/modules-boot.d/*
[    3.902583] init: - preinit -
[    4.872411] 8021q: adding VLAN 0 to HW filter on device eth0
Press the [f] key and hit [enter] to enter failsafe mode
Press the [1], [2], [3] or [4] key and hit [enter] to select the debug level

[    9.505157] loop0: detected capacity change from 0 to 212992
[    9.555974] loop0: detected capacity change from 212992 to 199680
[    9.568993] mount_root: overlay filesystem in /dev/loop0 has not been formatted yet
[    9.899711] EXT4-fs (loop0): mounted filesystem 82f3dacf-57f1-485c-98c2-016bb9e42b31 r/w with ordered data mode. Quota mode: disabled.
[    9.913325] mount_root: overlay filesystem has not been fully initialized yet
[    9.930969] mount_root: switching to ext4 overlay
[    9.951487] overlayfs: null uuid detected in lower fs '/', falling back to xino=off,index=off,nfs_export=off.
[   10.682554] EXT4-fs (vda1): mounted filesystem 84173db5-fa99-e35a-95c6-28613cc79ea9 r/w without journal. Quota mode: disabled.
[   10.706675] urandom-seed: Seed file not found (/etc/urandom.seed)
[   10.848716] procd: - early -
[   11.592966] procd: - ubus -
[   11.772547] procd: - init -
Please press Enter to activate this console.
root
login[1051]: root login on 'ttyS0'


BusyBox v1.37.0 (2026-03-29 16:52:41 UTC) built-in shell (ash)

  _______                     ________        __
 |       |.-----.-----.-----.|  |  |  |.----.|  |_
 |   -   ||  _  |  -__|     ||  |  |  ||   _||   _|
 |_______||   __|_____|__|__||________||__|  |____|
          |__| W I R E L E S S   F R E E D O M
 -----------------------------------------------------
 OpenWrt SNAPSHOT, r33710-598b90107e
 -----------------------------------------------------

 === WARNING! =====================================
 There is no root password defined on this device!
 Use the "passwd" command to set up a new password
 in order to prevent unauthorized SSH logins.
 --------------------------------------------------

  ___   __ __                _______             __
 |   |_|__|  |--.----.-----.|   |   |-----.-----|  |--.
 |     |  |  _  |   _|  -__||       |  -__|__ --|     |
 |_____|__|_____|__| |_____||__|_|__|_____|_____|__|__|

 ------------------------------------------------------
 LiMe master development (master rev. 7929208 20260304_1752)
 ------------------------------------------------------
 https://libremesh.org
 ------------------------------------------------------
root@(none):~# dmesg -n 1
root@(none):~# echo 'WWMZ''NWSVXF'
WWMZNWSVXF
root@LiMe-123456:~# run() { echo -n "$MARKER"; sh -c "$@"; echo "$MARKER $?"; }
root@LiMe-123456:~# echo 'KOYC''LBNXCO'
KOYCLBNXCO
root@LiMe-123456:~# MARKER='WWXO''PQSPTS' run 'ubus wait_for network.interface.l
an'
WWXOPQSPTSWWXOPQSPTS 0
root@LiMe-123456:~# echo 'XSHS''WZOZHZ'
XSHSWZOZHZ
root@LiMe-123456:~# MARKER='GGVV''SJTTYA' run 'ubus call network.interface.lan s
tatus '"'"'{}'"'"''
GGVVSJTTYA{
	"up": true,
	"pending": false,
	"available": true,
	"autostart": true,
	"dynamic": false,
	"uptime": 1,
	"l3_device": "br-lan",
	"proto": "static",
	"device": "br-lan",
	"updated": [
		"addresses"
	],
	"metric": 0,
	"dns_metric": 0,
	"delegation": true,
	"ipv4-address": [
		{
			"address": "10.13.52.86",
			"mask": 16
		}
	],
	"ipv6-address": [
		{
			"address": "fd0d:fe46:8ce8::12:3456",
			"mask": 64
		}
	],
	"ipv6-prefix": [
		
	],
	"ipv6-prefix-assignment": [
		
	],
	"route": [
		
	],
	"dns-server": [
		
	],
	"dns-search": [
		
	],
	"neighbors": [
		
	],
	"inactive": {
		"ipv4-address": [
			
		],
		"ipv6-address": [
			
		],
		"route": [
			
		],
		"dns-server": [
			
		],
		"dns-search": [
			
		],
		"neighbors": [
			
		]
	},
	"data": {
		
	}
}
GGVVSJTTYA 0
root@LiMe-123456:~# echo 'QJEP''NHYMYG'
QJEPNHYMYG
root@LiMe-123456:~# MARKER='BNUU''BJSOBS' run true
BNUUBJSOBSBNUUBJSOBS 0
root@LiMe-123456:~# echo 'LQKP''NVFJPE'
LQKPNVFJPE
root@LiMe-123456:~# MARKER='PTLM''ECQZEO' run 'source /etc/os-release; echo $BUI
LD_ID'
PTLMECQZEOr33710-598b90107e
PTLMECQZEO 0
root@LiMe-123456:~# echo 'YWQT''BBUQTE'
YWQTBBUQTE
root@LiMe-123456:~# MARKER='YYWG''POSPSZ' run 'ls /etc/dropbear/dropbear_rsa_hos
t_key'
YYWGPOSPSZ[0;0m/etc/dropbear/dropbear_rsa_host_key[m
YYWGPOSPSZ 0
root@LiMe-123456:~# echo 'ELWA''QXTVVZ'
ELWAQXTVVZ
root@LiMe-123456:~# MARKER='TBFU''TYLJXY' run 'netstat -tlpn | grep 0.0.0.0:22'
TBFUTYLJXYnetstat: showing only processes with your user ID
tcp        0      0 0.0.0.0:22              0.0.0.0:*               LISTEN      2108/dropbear
TBFUTYLJXY 0
root@LiMe-123456:~# echo 'UPNF''HWXKJP'
UPNFHWXKJP
root@LiMe-123456:~# MARKER='XVNQ''HNKTXE' run 'dmesg | grep br-lan | grep forwar
ding'
XVNQHNKTXE[   43.526155] br-lan: port 1(eth0) entered forwarding state
[   46.781958] br-lan: port 2(bat0) entered forwarding state
XVNQHNKTXE 0
root@LiMe-123456:~# echo 'KTEH''BMGQSC'
KTEHBMGQSC
root@LiMe-123456:~# MARKER='EXZY''YWZFUW' run 'ubus call network.interface.lan s
tatus '"'"'{}'"'"''
EXZYYWZFUW{
	"up": true,
	"pending": false,
	"available": true,
	"autostart": true,
	"dynamic": false,
	"uptime": 43,
	"l3_device": "br-lan",
	"proto": "static",
	"device": "br-lan",
	"updated": [
		"addresses"
	],
	"metric": 0,
	"dns_metric": 0,
	"delegation": true,
	"ipv4-address": [
		{
			"address": "10.13.52.86",
			"mask": 16
		}
	],
	"ipv6-address": [
		{
			"address": "fd0d:fe46:8ce8::12:3456",
			"mask": 64
		}
	],
	"ipv6-prefix": [
		
	],
	"ipv6-prefix-assignment": [
		
	],
	"route": [
		
	],
	"dns-server": [
		
	],
	"dns-search": [
		
	],
	"neighbors": [
		
	],
	"inactive": {
		"ipv4-address": [
			
		],
		"ipv6-address": [
			
		],
		"route": [
			
		],
		"dns-server": [
			
		],
		"dns-search": [
			
		],
		"neighbors": [
			
		]
	},
	"data": {
		
	}
}
EXZYYWZFUW 0
root@LiMe-123456