Labgrid Console Logfile for main
Logfile started at 2026-04-21 01:57:24.991194
=== Log starts here ===
c[?7l[2J[0mSeaBIOS (version 1.16.3-debian-1.16.3-2)


iPXE (https://ipxe.org) 00:03.0 CA00 PCI2.10 PnP PMM+06FCAE70+06F0AE70 CA00
Press Ctrl-B to configure iPXE (PCI 00:03.0)...                                                                               




iPXE (https://ipxe.org) 00:05.0 CB00 PCI2.10 PnP PMM 06FCAE70 06F0AE70 CB00
Press Ctrl-B to configure iPXE (PCI 00:05.0)...                                                                               


Booting from Hard Disk...
GRUB loading.....
[0;30;47mWelcome to GRUB![01;01H[0m[2J[H[J[1;1H[?25l[m[H[J[1;1H[2;30HGNU GRUB  version 2.12

[m[4;2H+----------------------------------------------------------------------------+[5;2H|[5;79H|[6;2H|[6;79H|[7;2H|[7;79H|[8;2H|[8;79H|[9;2H|[9;79H|[10;2H|[10;79H|[11;2H|[11;79H|[12;2H|[12;79H|[13;2H|[13;79H|[14;2H|[14;79H|[15;2H|[15;79H|[16;2H+----------------------------------------------------------------------------+[m[17;2H[18;2H[m     Use the ^ and v keys to select which entry is highlighted.          
      Press enter to boot the selected OS, `e' to edit the commands       
      before booting or `c' for a command-line. ESC to return             
      previous menu.                                                      [5;80H [7m[5;3H*OpenWrt                                                                    [m[5;78H[m[m[6;3H OpenWrt (failsafe)                                                         [m[6;78H[m[m[7;3H                                                                            [m[7;78H[m[m[8;3H                                                                            [m[8;78H[m[m[9;3H                                                                            [m[9;78H[m[m[10;3H                                                                            [m[10;78H[m[m[11;3H                                                                            [m[11;78H[m[m[12;3H                                                                            [m[12;78H[m[m[13;3H                                                                            [m[13;78H[m[m[14;3H                                                                            [m[14;78H[m[m[15;3H                                                                            [m[15;78H[m[15;80H [5;78H[2J[02;30HGNU GRUB  version 2.12[04;02H┌────────────────────────────────────────────────────────────────────────────┐[05;02H│[05;79H│[06;02H│[06;79H│[07;02H│[07;79H│[08;02H│[08;79H│[09;02H│[09;79H│[09;79H[10;02H│[10;79H│[11;02H│[11;79H│[12;02H│[12;79H│[13;02H│[13;79H│[14;02H│[14;79H│[15;02H│[15;79H│[16;02H│[16;79H│[17;02H└────────────────────────────────────────────────────────────────────────────┘[19;02H     Use the ↑ and ↓ keys to select which entry is highlighted.[19;64H[19;65H          
      Press enter to boot the selected OS, `e' to edit the commands       
      before booting or `c' for a command-line. ESC to return             
      previous menu.                                                      [05;80H [05;03H[0;30;47m*OpenWrt                                                                    [06;03H[0m OpenWrt (fail[06;16H[06;17Hsafe)                                                         [07;03H                                                                            [08;03H                                                                            [09;03H                                                                            [10;03H                                                                            [11;03H                                                                            [12;03H                                                                            [13;03H                                                                            [14;03H                                                                            [15;03H                                                                            [16;03H                                                                            [16;80H 






   The highlighted entry will be executed automatically in 5s.                [22;1H   The highlighted entry will be executed automatically in 5s.                 [5;78H [05;78H

















   The highlighted entry will be executed automatically in 4s.                [22;1H   The highlighted entry will be executed automatically in 4s.                 [5;78H [05;78H

















   The highlighted entry will be executed automatically in 3s.                [22;1H   The highlighted entry will be executed automatically in 3s.                 [5;78H [05;78H

















   The highlighted entry will be executed automatically in 2s.                [22;1H   The highlighted entry will be executed automatically in 2s.                 [5;78H [05;78H

















   The highlighted entry will be executed automatically in 1s.                [22;1H   The highlighted entry will be executed automatically in 1s.                 [5;78H [05;78H

















   The highlighted entry will be executed automatically in 0s.                [22;1H   The highlighted entry will be executed automatically in 0s.                 [5;78H [01;01H[2J[?25h[H[J[1;1H[H[J[1;1H[2J   Booting `OpenWrt' Booting `OpenWrt

'

[    0.000000] Linux version 6.12.80 (builder@buildhost) (x86_64-openwrt-linux-musl-gcc (OpenWrt GCC 14.3.0 r34059-a8d5544c83) 14.3.0, GNU ld (GNU Binutils) 2.44) #0 SMP Mon Apr 20 09:13:06 2026
[    0.000000] Command line: BOOT_IMAGE=/boot/vmlinuz root=PARTUUID=b2b599cc-02 rootwait console=tty1 console=ttyS0,115200n8 noinitrd
[    0.000000] BIOS-provided physical RAM map:
[    0.000000] BIOS-e820: [mem 0x0000000000000000-0x000000000009fbff] usable
[    0.000000] BIOS-e820: [mem 0x000000000009fc00-0x000000000009ffff] reserved
[    0.000000] BIOS-e820: [mem 0x00000000000f0000-0x00000000000fffff] reserved
[    0.000000] BIOS-e820: [mem 0x0000000000100000-0x0000000007fdcfff] usable
[    0.000000] BIOS-e820: [mem 0x0000000007fdd000-0x0000000007ffffff] reserved
[    0.000000] BIOS-e820: [mem 0x00000000fffc0000-0x00000000ffffffff] reserved
[    0.000000] BIOS-e820: [mem 0x000000fd00000000-0x000000ffffffffff] reserved
[    0.000000] NX (Execute Disable) protection: active
[    0.000000] APIC: Static calls initialized
[    0.000000] SMBIOS 3.0.0 present.
[    0.000000] DMI: QEMU Standard PC (i440FX + PIIX, 1996), BIOS 1.16.3-debian-1.16.3-2 04/01/2014
[    0.000000] DMI: Memory slots populated: 1/1
[    0.000000] tsc: Fast TSC calibration using PIT
[    0.000000] tsc: Detected 2596.093 MHz processor
[    0.007637] last_pfn = 0x7fdd max_arch_pfn = 0x400000000
[    0.008251] MTRR map: 4 entries (3 fixed + 1 variable; max 19), built from 8 variable MTRRs
[    0.008434] x86/PAT: Configuration [0-7]: WB  WC  UC- UC  WB  WP  UC- WT  
[    0.026361] found SMP MP-table at [mem 0x000f5460-0x000f546f]
[    0.027747] Using GB pages for direct mapping
[    0.032327] ACPI: Early table checksum verification disabled
[    0.032664] ACPI: RSDP 0x00000000000F5290 000014 (v00 BOCHS )
[    0.032977] ACPI: RSDT 0x0000000007FE1C64 000034 (v01 BOCHS  BXPC     00000001 BXPC 00000001)
[    0.033515] ACPI: FACP 0x0000000007FE1B18 000074 (v01 BOCHS  BXPC     00000001 BXPC 00000001)
[    0.034094] ACPI: DSDT 0x0000000007FE0040 001AD8 (v01 BOCHS  BXPC     00000001 BXPC 00000001)
[    0.034161] ACPI: FACS 0x0000000007FE0000 000040
[    0.034208] ACPI: APIC 0x0000000007FE1B8C 000078 (v03 BOCHS  BXPC     00000001 BXPC 00000001)
[    0.034226] ACPI: HPET 0x0000000007FE1C04 000038 (v01 BOCHS  BXPC     00000001 BXPC 00000001)
[    0.034244] ACPI: WAET 0x0000000007FE1C3C 000028 (v01 BOCHS  BXPC     00000001 BXPC 00000001)
[    0.034331] ACPI: Reserving FACP table memory at [mem 0x7fe1b18-0x7fe1b8b]
[    0.034381] ACPI: Reserving DSDT table memory at [mem 0x7fe0040-0x7fe1b17]
[    0.034387] ACPI: Reserving FACS table memory at [mem 0x7fe0000-0x7fe003f]
[    0.034392] ACPI: Reserving APIC table memory at [mem 0x7fe1b8c-0x7fe1c03]
[    0.034398] ACPI: Reserving HPET table memory at [mem 0x7fe1c04-0x7fe1c3b]
[    0.034403] ACPI: Reserving WAET table memory at [mem 0x7fe1c3c-0x7fe1c63]
[    0.037407] Zone ranges:
[    0.037437]   DMA      [mem 0x0000000000001000-0x0000000000ffffff]
[    0.037518]   DMA32    [mem 0x0000000001000000-0x0000000007fdcfff]
[    0.037528]   Normal   empty
[    0.037545] Movable zone start for each node
[    0.037578] Early memory node ranges
[    0.037604]   node   0: [mem 0x0000000000001000-0x000000000009efff]
[    0.037656]   node   0: [mem 0x0000000000100000-0x0000000007fdcfff]
[    0.037775] Initmem setup node 0 [mem 0x0000000000001000-0x0000000007fdcfff]
[    0.038820] On node 0, zone DMA: 1 pages in unavailable ranges
[    0.039328] On node 0, zone DMA: 97 pages in unavailable ranges
[    0.041483] On node 0, zone DMA32: 35 pages in unavailable ranges
[    0.041848] ACPI: PM-Timer IO Port: 0x608
[    0.042245] ACPI: LAPIC_NMI (acpi_id[0xff] dfl dfl lint[0x1])
[    0.042688] IOAPIC[0]: apic_id 0, version 32, address 0xfec00000, GSI 0-23
[    0.042804] ACPI: INT_SRC_OVR (bus 0 bus_irq 0 global_irq 2 dfl dfl)
[    0.043053] ACPI: INT_SRC_OVR (bus 0 bus_irq 5 global_irq 5 high level)
[    0.043098] ACPI: INT_SRC_OVR (bus 0 bus_irq 9 global_irq 9 high level)
[    0.043190] ACPI: INT_SRC_OVR (bus 0 bus_irq 10 global_irq 10 high level)
[    0.043197] ACPI: INT_SRC_OVR (bus 0 bus_irq 11 global_irq 11 high level)
[    0.043390] ACPI: Using ACPI (MADT) for SMP configuration information
[    0.043433] ACPI: HPET id: 0x8086a201 base: 0xfed00000
[    0.043822] CPU topo: Max. logical packages:   1
[    0.043837] CPU topo: Max. logical dies:       1
[    0.043846] CPU topo: Max. dies per package:   1
[    0.043892] CPU topo: Max. threads per core:   1
[    0.044053] CPU topo: Num. cores per package:     1
[    0.044069] CPU topo: Num. threads per package:   1
[    0.044077] CPU topo: Allowing 1 present CPUs plus 0 hotplug CPUs
[    0.045265] [mem 0x08000000-0xfffbffff] available for PCI devices
[    0.045347] Booting paravirtualized kernel on bare hardware
[    0.045658] clocksource: refined-jiffies: mask: 0xffffffff max_cycles: 0xffffffff, max_idle_ns: 19112604462750000 ns
[    0.046685] setup_percpu: NR_CPUS:512 nr_cpumask_bits:1 nr_cpu_ids:1 nr_node_ids:1
[    0.049744] percpu: Embedded 50 pages/cpu s167000 r8192 d29608 u2097152
[    0.052762] Kernel command line: BOOT_IMAGE=/boot/vmlinuz root=PARTUUID=b2b599cc-02 rootwait console=tty1 console=ttyS0,115200n8 noinitrd
[    0.054478] random: crng init done
[    0.059660] Dentry cache hash table entries: 16384 (order: 5, 131072 bytes, linear)
[    0.060721] Inode-cache hash table entries: 8192 (order: 4, 65536 bytes, linear)
[    0.063569] Built 1 zonelists, mobility grouping on.  Total pages: 32635
[    0.063799] mem auto-init: stack:off, heap alloc:off, heap free:off
[    0.073703] SLUB: HWalign=64, Order=0-3, MinObjects=0, CPUs=1, Nodes=1
[    0.081726] rcu: Hierarchical RCU implementation.
[    0.081756] rcu: 	RCU restricting CPUs from NR_CPUS=512 to nr_cpu_ids=1.
[    0.081907] 	Tracing variant of Tasks RCU enabled.
[    0.081997] rcu: RCU calculated value of scheduler-enlistment delay is 10 jiffies.
[    0.082027] rcu: Adjusting geometry for rcu_fanout_leaf=16, nr_cpu_ids=1
[    0.083177] RCU Tasks Trace: Setting shift to 0 and lim to 1 rcu_task_cb_adjust=1 rcu_task_cpu_ids=1.
[    0.083318] NR_IRQS: 33024, nr_irqs: 256, preallocated irqs: 16
[    0.092197] rcu: srcu_init: Setting srcu_struct sizes based on contention.
[    0.099172] Console: colour VGA+ 80x25
[    0.099619] printk: legacy console [tty1] enabled
[    0.107481] printk: legacy console [ttyS0] enabled
[    0.358334] ACPI: Core revision 20240827
[    0.363780] clocksource: hpet: mask: 0xffffffff max_cycles: 0xffffffff, max_idle_ns: 19112604467 ns
[    0.368611] APIC: Switch to symmetric I/O mode setup
[    0.373235] ..TIMER: vector=0x30 apic1=0 pin1=2 apic2=-1 pin2=-1
[    0.415665] clocksource: tsc-early: mask: 0xffffffffffffffff max_cycles: 0x256bd12cf32, max_idle_ns: 440795280836 ns
[    0.416394] Calibrating delay loop (skipped), value calculated using timer frequency.. 5192.18 BogoMIPS (lpj=25960930)
[    0.418288] x86/cpu: User Mode Instruction Prevention (UMIP) activated
[    0.436472] Last level iTLB entries: 4KB 0, 2MB 0, 4MB 0
[    0.436864] Last level dTLB entries: 4KB 0, 2MB 0, 4MB 0, 1GB 0
[    0.437915] Spectre V1 : Mitigation: usercopy/swapgs barriers and __user pointer sanitization
[    0.438956] Spectre V2 : Mitigation: Retpolines
[    0.439190] Spectre V2 : Spectre v2 / SpectreRSB: Filling RSB on context switch and VMEXIT
[    0.439631] Speculative Store Bypass: Vulnerable
[    0.449024] x86/fpu: Supporting XSAVE feature 0x001: 'x87 floating point registers'
[    0.457501] x86/fpu: Supporting XSAVE feature 0x002: 'SSE registers'
[    0.457792] x86/fpu: Supporting XSAVE feature 0x004: 'AVX registers'
[    0.458051] x86/fpu: Supporting XSAVE feature 0x008: 'MPX bounds registers'
[    0.458317] x86/fpu: Supporting XSAVE feature 0x010: 'MPX CSR'
[    0.458865] x86/fpu: xstate_offset[2]:  576, xstate_sizes[2]:  256
[    0.459411] x86/fpu: xstate_offset[3]:  960, xstate_sizes[3]:   64
[    0.459649] x86/fpu: xstate_offset[4]: 1024, xstate_sizes[4]:   64
[    0.466314] x86/fpu: Enabled xstate features 0x1f, context size is 1088 bytes, using 'standard' format.
[    0.706466] Freeing SMP alternatives memory: 40K
[    0.707289] pid_max: default: 32768 minimum: 301
[    0.716692] Mount-cache hash table entries: 512 (order: 0, 4096 bytes, linear)
[    0.717085] Mountpoint-cache hash table entries: 512 (order: 0, 4096 bytes, linear)
[    0.869160] smpboot: CPU0: AMD QEMU TCG CPU version 2.5+ (family: 0x6, model: 0x6, stepping: 0x3)
[    0.901924] Performance Events: PMU not available due to virtualization, using software events only.
[    0.903397] signal: max sigframe size: 1616
[    0.905196] rcu: Hierarchical SRCU implementation.
[    0.905429] rcu: 	Max phase no-delay instances is 1000.
[    0.910906] smp: Bringing up secondary CPUs ...
[    0.914750] smp: Brought up 1 node, 1 CPU
[    0.915049] smpboot: Total of 1 processors activated (5192.18 BogoMIPS)
[    0.922089] Memory: 103200K/130540K available (14336K kernel code, 1167K rwdata, 3984K rodata, 1496K init, 1312K bss, 25628K reserved, 0K cma-reserved)
[    0.936588] clocksource: jiffies: mask: 0xffffffff max_cycles: 0xffffffff, max_idle_ns: 19112604462750000 ns
[    0.937453] futex hash table entries: 256 (order: 2, 16384 bytes, linear)
[    0.938667] pinctrl core: initialized pinctrl subsystem
[    0.954399] NET: Registered PF_NETLINK/PF_ROUTE protocol family
[    0.960748] thermal_sys: Registered thermal governor 'step_wise'
[    0.960787] thermal_sys: Registered thermal governor 'user_space'
[    0.961824] cpuidle: using governor ladder
[    0.962331] cpuidle: using governor menu
[    0.966801] acpiphp: ACPI Hot Plug PCI Controller Driver version: 0.5
[    0.969455] PCI: Using configuration type 1 for base access
[    0.978475] cryptd: max_cpu_qlen set to 1000
[    0.984090] ACPI: Added _OSI(Module Device)
[    0.984301] ACPI: Added _OSI(Processor Device)
[    0.984473] ACPI: Added _OSI(Processor Aggregator Device)
[    0.998257] ACPI: 1 ACPI AML tables successfully acquired and loaded
[    1.015340] ACPI: Interpreter enabled
[    1.016165] ACPI: PM: (supports S0 S5)
[    1.016400] ACPI: Using IOAPIC for interrupt routing
[    1.017006] PCI: Using host bridge windows from ACPI; if necessary, use "pci=nocrs" and report a bug
[    1.017368] PCI: Using E820 reservations for host bridge windows
[    1.027613] ACPI: Enabled 2 GPEs in block 00 to 0F
[    1.058500] ACPI: PCI Root Bridge [PCI0] (domain 0000 [bus 00-ff])
[    1.059443] acpi PNP0A03:00: _OSC: OS supports [ASPM ClockPM Segments MSI HPX-Type3]
[    1.059905] acpi PNP0A03:00: _OSC: not requesting OS control; OS requires [ExtendedConfig ASPM ClockPM MSI]
[    1.060759] acpi PNP0A03:00: fail to add MMCONFIG information, can't access extended configuration space under this bridge
[    1.070803] acpiphp: Slot [3] registered
[    1.071124] acpiphp: Slot [4] registered
[    1.071373] acpiphp: Slot [5] registered
[    1.071631] acpiphp: Slot [6] registered
[    1.076602] acpiphp: Slot [7] registered
[    1.078157] acpiphp: Slot [8] registered
[    1.078402] acpiphp: Slot [9] registered
[    1.078635] acpiphp: Slot [10] registered
[    1.078895] acpiphp: Slot [11] registered
[    1.079127] acpiphp: Slot [12] registered
[    1.086577] acpiphp: Slot [13] registered
[    1.087027] acpiphp: Slot [14] registered
[    1.087348] acpiphp: Slot [15] registered
[    1.087579] acpiphp: Slot [16] registered
[    1.087828] acpiphp: Slot [17] registered
[    1.088067] acpiphp: Slot [18] registered
[    1.088307] acpiphp: Slot [19] registered
[    1.096601] acpiphp: Slot [20] registered
[    1.096949] acpiphp: Slot [21] registered
[    1.097214] acpiphp: Slot [22] registered
[    1.097491] acpiphp: Slot [23] registered
[    1.097730] acpiphp: Slot [24] registered
[    1.097965] acpiphp: Slot [25] registered
[    1.106612] acpiphp: Slot [26] registered
[    1.106991] acpiphp: Slot [27] registered
[    1.107257] acpiphp: Slot [28] registered
[    1.107529] acpiphp: Slot [29] registered
[    1.107772] acpiphp: Slot [30] registered
[    1.108014] acpiphp: Slot [31] registered
[    1.116815] PCI host bridge to bus 0000:00
[    1.117389] pci_bus 0000:00: root bus resource [io  0x0000-0x0cf7 window]
[    1.126307] pci_bus 0000:00: root bus resource [io  0x0d00-0xffff window]
[    1.126560] pci_bus 0000:00: root bus resource [mem 0x000a0000-0x000bffff window]
[    1.135996] pci_bus 0000:00: root bus resource [mem 0x08000000-0xfebfffff window]
[    1.136262] pci_bus 0000:00: root bus resource [mem 0x100000000-0x17fffffff window]
[    1.136549] pci_bus 0000:00: root bus resource [bus 00-ff]
[    1.138003] pci 0000:00:00.0: [8086:1237] type 00 class 0x060000 conventional PCI endpoint
[    1.150525] pci 0000:00:01.0: [8086:7000] type 00 class 0x060100 conventional PCI endpoint
[    1.151424] pci 0000:00:01.1: [8086:7010] type 00 class 0x010180 conventional PCI endpoint
[    1.154498] pci 0000:00:01.1: BAR 4 [io  0xc0e0-0xc0ef]
[    1.157661] pci 0000:00:01.1: BAR 0 [io  0x01f0-0x01f7]: legacy IDE quirk
[    1.157959] pci 0000:00:01.1: BAR 1 [io  0x03f6]: legacy IDE quirk
[    1.158228] pci 0000:00:01.1: BAR 2 [io  0x0170-0x0177]: legacy IDE quirk
[    1.158480] pci 0000:00:01.1: BAR 3 [io  0x0376]: legacy IDE quirk
[    1.167327] pci 0000:00:01.3: [8086:7113] type 00 class 0x068000 conventional PCI endpoint
[    1.168002] pci 0000:00:01.3: quirk: [io  0x0600-0x063f] claimed by PIIX4 ACPI
[    1.168335] pci 0000:00:01.3: quirk: [io  0x0700-0x070f] claimed by PIIX4 SMB
[    1.177090] pci 0000:00:02.0: [1234:1111] type 00 class 0x030000 conventional PCI endpoint
[    1.178004] pci 0000:00:02.0: BAR 0 [mem 0xfd000000-0xfdffffff pref]
[    1.179602] pci 0000:00:02.0: BAR 2 [mem 0xfeb90000-0xfeb90fff]
[    1.182419] pci 0000:00:02.0: ROM [mem 0xfeb80000-0xfeb8ffff pref]
[    1.186736] pci 0000:00:02.0: Video device with shadowed ROM at [mem 0x000c0000-0x000dffff]
[    1.187829] pci 0000:00:03.0: [1af4:1000] type 00 class 0x020000 conventional PCI endpoint
[    1.189204] pci 0000:00:03.0: BAR 0 [io  0xc080-0xc09f]
[    1.198742] pci 0000:00:03.0: BAR 4 [mem 0xfe000000-0xfe003fff 64bit pref]
[    1.200121] pci 0000:00:03.0: ROM [mem 0xfea80000-0xfeafffff pref]
[    1.209930] pci 0000:00:04.0: [1af4:1005] type 00 class 0x00ff00 conventional PCI endpoint
[    1.210960] pci 0000:00:04.0: BAR 0 [io  0xc0a0-0xc0bf]
[    1.215311] pci 0000:00:04.0: BAR 1 [mem 0xfeb91000-0xfeb91fff]
[    1.217185] pci 0000:00:04.0: BAR 4 [mem 0xfe004000-0xfe007fff 64bit pref]
[    1.221965] pci 0000:00:05.0: [1af4:1000] type 00 class 0x020000 conventional PCI endpoint
[    1.223767] pci 0000:00:05.0: BAR 0 [io  0xc0c0-0xc0df]
[    1.226262] pci 0000:00:05.0: BAR 1 [mem 0xfeb92000-0xfeb92fff]
[    1.228133] pci 0000:00:05.0: BAR 4 [mem 0xfe008000-0xfe00bfff 64bit pref]
[    1.228997] pci 0000:00:05.0: ROM [mem 0xfeb00000-0xfeb7ffff pref]
[    1.232333] pci 0000:00:06.0: [1af4:1001] type 00 class 0x010000 conventional PCI endpoint
[    1.236621] pci 0000:00:06.0: BAR 0 [io  0xc000-0xc07f]
[    1.237983] pci 0000:00:06.0: BAR 1 [mem 0xfeb93000-0xfeb93fff]
[    1.240135] pci 0000:00:06.0: BAR 4 [mem 0xfe00c000-0xfe00ffff 64bit pref]
[    1.248611] ACPI: PCI: Interrupt link LNKA configured for IRQ 10
[    1.249485] ACPI: PCI: Interrupt link LNKB configured for IRQ 10
[    1.250089] ACPI: PCI: Interrupt link LNKC configured for IRQ 11
[    1.250651] ACPI: PCI: Interrupt link LNKD configured for IRQ 11
[    1.251045] ACPI: PCI: Interrupt link LNKS configured for IRQ 9
[    1.259564] iommu: Default domain type: Translated
[    1.259811] iommu: DMA domain TLB invalidation policy: lazy mode
[    1.262383] SCSI subsystem initialized
[    1.266392] ACPI: bus type USB registered
[    1.266921] usbcore: registered new interface driver usbfs
[    1.270513] usbcore: registered new interface driver hub
[    1.270926] usbcore: registered new device driver usb
[    1.271431] pps_core: LinuxPPS API ver. 1 registered
[    1.271629] pps_core: Software ver. 5.3.6 - Copyright 2005-2007 Rodolfo Giometti <giometti@linux.it>
[    1.276580] PTP clock support registered
[    1.292525] PCI: Using ACPI for IRQ routing
[    1.294847] hpet0: at MMIO 0xfed00000, IRQs 2, 8, 0
[    1.295129] hpet0: 3 comparators, 64-bit 100.000000 MHz counter
[    1.299596] clocksource: Switched to clocksource tsc-early
[    1.302172] pnp: PnP ACPI init
[    1.304849] pnp: PnP ACPI: found 6 devices
[    1.316572] clocksource: acpi_pm: mask: 0xffffff max_cycles: 0xffffff, max_idle_ns: 2085701024 ns
[    1.317993] NET: Registered PF_INET protocol family
[    1.319196] IP idents hash table entries: 2048 (order: 2, 16384 bytes, linear)
[    1.324713] tcp_listen_portaddr_hash hash table entries: 256 (order: 0, 4096 bytes, linear)
[    1.327524] Table-perturb hash table entries: 65536 (order: 6, 262144 bytes, linear)
[    1.327964] TCP established hash table entries: 1024 (order: 1, 8192 bytes, linear)
[    1.328396] TCP bind hash table entries: 1024 (order: 3, 32768 bytes, linear)
[    1.338392] TCP: Hash tables configured (established 1024 bind 1024)
[    1.340256] MPTCP token hash table entries: 256 (order: 1, 6144 bytes, linear)
[    1.340805] UDP hash table entries: 256 (order: 1, 8192 bytes, linear)
[    1.341237] UDP-Lite hash table entries: 256 (order: 1, 8192 bytes, linear)
[    1.350729] NET: Registered PF_UNIX/PF_LOCAL protocol family
[    1.351936] pci_bus 0000:00: resource 4 [io  0x0000-0x0cf7 window]
[    1.352183] pci_bus 0000:00: resource 5 [io  0x0d00-0xffff window]
[    1.352402] pci_bus 0000:00: resource 6 [mem 0x000a0000-0x000bffff window]
[    1.360282] pci_bus 0000:00: resource 7 [mem 0x08000000-0xfebfffff window]
[    1.360655] pci_bus 0000:00: resource 8 [mem 0x100000000-0x17fffffff window]
[    1.361425] pci 0000:00:01.0: PIIX3: Enabling Passive Release
[    1.361757] pci 0000:00:00.0: Limiting direct PCI/PCI transfers
[    1.371754] PCI: CLS 0 bytes, default 64
[    1.390823] workingset: timestamp_bits=46 max_order=15 bucket_order=0
[    1.393433] squashfs: version 4.0 (2009/01/31) Phillip Lougher
[    1.396111] Block layer SCSI generic (bsg) driver version 0.4 loaded (major 247)
[    1.400000] hv_vmbus: registering driver hyperv_fb
[    1.405055] input: Power Button as /devices/LNXSYSTM:00/LNXPWRBN:00/input/input0
[    1.412033] ACPI: button: Power Button [PWRF]
[    1.554130] ACPI: \_SB_.LNKC: Enabled at IRQ 11
[    1.688766] ACPI: \_SB_.LNKD: Enabled at IRQ 10
[    1.822623] ACPI: \_SB_.LNKA: Enabled at IRQ 10
[    1.956077] ACPI: \_SB_.LNKB: Enabled at IRQ 11
[    1.958073] Serial: 8250/16550 driver, 16 ports, IRQ sharing enabled
[    1.983227] 00:04: ttyS0 at I/O 0x3f8 (irq = 4, base_baud = 115200) is a 16550A
[    2.005444] Non-volatile memory driver v1.3
[    2.016456] Linux agpgart interface v0.103
[    2.017526] ACPI: bus type drm_connector registered
[    2.020269] [drm] Found bochs VGA, ID 0xb0c5.
[    2.020498] [drm] Framebuffer size 16384 kB @ 0xfd000000, mmio @ 0xfeb90000.
[    2.026202] [drm] Found EDID data blob.
[    2.031833] [drm] Initialized bochs-drm 1.0.0 for 0000:00:02.0 on minor 0
[    2.092532] Console: switching to colour frame buffer device 160x50
[    2.102260] bochs-drm 0000:00:02.0: [drm] fb0: bochs-drmdrmfb frame buffer device
[    2.131414] loop: module loaded
[    2.132147] virtio_blk virtio3: 1/0/0 default/read/poll queues
[    2.136847] virtio_blk virtio3: [vda] 246784 512-byte logical blocks (126 MB/121 MiB)
[    2.146271]  vda: vda1 vda2
[    2.148314] Guest personality initialized and is inactive
[    2.148928] VMCI host device registered (name=vmci, major=10, minor=256)
[    2.149307] Initialized host personality
[    2.149675] usbcore: registered new interface driver rtsx_usb
[    2.157964] VMware PVSCSI driver - version 1.0.7.0-k
[    2.158356] hv_vmbus: registering driver hv_storvsc
[    2.172313] scsi host0: ata_piix
[    2.174937] scsi host1: ata_piix
[    2.175820] ata1: PATA max MWDMA2 cmd 0x1f0 ctl 0x3f6 bmdma 0xc0e0 irq 14 lpm-pol 0
[    2.176162] ata2: PATA max MWDMA2 cmd 0x170 ctl 0x376 bmdma 0xc0e8 irq 15 lpm-pol 0
[    2.185088] VMware vmxnet3 virtual NIC driver - version 1.9.0.0-k-NAPI
[    2.185711] hv_vmbus: registering driver hv_netvsc
[    2.186103] Fusion MPT base driver 3.04.20
[    2.186269] Copyright (c) 1999-2008 LSI Corporation
[    2.186663] Fusion MPT SPI Host driver 3.04.20
[    2.196080] Fusion MPT SAS Host driver 3.04.20
[    2.198102] usbcore: registered new interface driver usb-storage
[    2.199316] i8042: PNP: PS/2 Controller [PNP0303:KBD,PNP0f13:MOU] at 0x60,0x64 irq 1,12
[    2.202610] serio: i8042 KBD port at 0x60,0x64 irq 1
[    2.203009] serio: i8042 AUX port at 0x60,0x64 irq 12
[    2.210047] hv_vmbus: registering driver hyperv_keyboard
[    2.212560] rtc_cmos 00:05: RTC can wake from S4
[    2.217941] rtc_cmos 00:05: registered as rtc0
[    2.220641] rtc_cmos 00:05: setting system clock to 2026-04-21T01:57:35 UTC (1776736655)
[    2.223198] rtc_cmos 00:05: alarms up to one day, y3k, 242 bytes nvram, hpet irqs
[    2.226073] intel_powerclamp: CPU does not support MWAIT
[    2.230779] amd_pstate: the _CPC object is not present in SBIOS or ACPI disabled
[    2.233428] sdhci: Secure Digital Host Controller Interface driver
[    2.235658] sdhci: Copyright(c) Pierre Ossman
[    2.238076] VUB300 Driver rom wait states = 1C irqpoll timeout = 0400
[    2.246106] input: AT Translated Set 2 keyboard as /devices/platform/i8042/serio0/input/input1
[    2.267287] usbcore: registered new interface driver vub300
[    2.269672] usbcore: registered new interface driver ushc
[    2.277237] hid: raw HID events driver (C) Jiri Kosina
[    2.280040] hv_vmbus: registering driver hid_hyperv
[    2.282830] usbcore: registered new interface driver usbhid
[    2.285076] usbhid: USB HID core driver
[    2.287270] hv_utils: Registering HyperV Utility Driver
[    2.289345] hv_vmbus: registering driver hv_utils
[    2.291769] hv_vmbus: registering driver hv_balloon
[    2.295312] NET: Registered PF_INET6 protocol family
[    2.309637] Segment Routing with IPv6
[    2.311924] In-situ OAM (IOAM) with IPv6
[    2.314580] NET: Registered PF_PACKET protocol family
[    2.317164] bridge: filtering via arp/ip/ip6tables is no longer available by default. Update your scripts to load br_netfilter if you need this.
[    2.326315] 8021q: 802.1Q VLAN Support v1.8
[    2.329091] NET: Registered PF_VSOCK protocol family
[    2.338203] IPI shorthand broadcast: enabled
[    2.346749] AES CTR mode by8 optimization enabled
[    2.365027] sched_clock: Marking stable (2100104285, 263465489)->(2368400200, -4830426)
[    2.416119] ata2: found unknown device (class 0)
[    2.436422] ata2.00: ATAPI: QEMU DVD-ROM, 2.5+, max UDMA/100
[    2.445700] tsc: Refined TSC clocksource calibration: 2596.099 MHz
[    2.448301] clocksource: tsc: mask: 0xffffffffffffffff max_cycles: 0x256bd6fcd16, max_idle_ns: 440795329167 ns
[    2.451132] clocksource: Switched to clocksource tsc
[    2.461067] clk: Disabling unused clocks
[    2.476876] scsi 1:0:0:0: CD-ROM            QEMU     QEMU DVD-ROM     2.5+ PQ: 0 ANSI: 5
[    2.535358] sr 1:0:0:0: [sr0] scsi3-mmc drive: 4x/4x cd/rw xa/form2 tray
[    2.538130] cdrom: Uniform CD-ROM driver Revision: 3.20
[    2.595523] VFS: Mounted root (squashfs filesystem) readonly on device 254:2.
[    2.674338] Freeing unused kernel image (initmem) memory: 1496K
[    2.677103] Write protecting the kernel read-only data: 18432k
[    2.680297] Freeing unused kernel image (rodata/data gap) memory: 112K
[    2.682934] Run /sbin/init as init process
[    3.008545] init: Console is alive
[    3.567704] kmodloader: loading kernel modules from /etc/modules-boot.d/*
[    3.632124] button_hotplug: loading out-of-tree module taints kernel.
[    3.639064] Button Hotplug driver version 0.4.1
[    3.658395] Intel(R) 2.5G Ethernet Linux Driver
[    3.660919] Copyright(c) 2018 Intel Corporation.
[    3.676076] igb: Intel(R) Gigabit Ethernet Network Driver
[    3.678660] igb: Copyright (c) 2007-2014 Intel Corporation.
[    3.694698] e1000e: Intel(R) PRO/1000 Network Driver
[    3.697272] e1000e: Copyright(c) 1999 - 2015 Intel Corporation.
[    3.710947] kmodloader: done loading kernel modules from /etc/modules-boot.d/*
[    3.723658] init: - preinit -
[    4.687749] 8021q: adding VLAN 0 to HW filter on device eth0
Press the [f] key and hit [enter] to enter failsafe mode
Press the [1], [2], [3] or [4] key and hit [enter] to select the debug level
[    9.306557] loop0: detected capacity change from 0 to 212992
[    9.353896] loop0: detected capacity change from 212992 to 201728
[    9.367355] mount_root: overlay filesystem in /dev/loop0 has not been formatted yet
[    9.692766] EXT4-fs (loop0): mounted filesystem ea48add0-3161-45d5-a770-9beee73233c0 r/w with ordered data mode. Quota mode: disabled.
[    9.706847] mount_root: overlay filesystem has not been fully initialized yet
[    9.725327] mount_root: switching to ext4 overlay
[    9.746726] overlayfs: null uuid detected in lower fs '/', falling back to xino=off,index=off,nfs_export=off.
[   10.480386] EXT4-fs (vda1): mounted filesystem 84173db5-fa99-e35a-95c6-28613cc79ea9 r/w without journal. Quota mode: disabled.
[   10.504917] urandom-seed: Seed file not found (/etc/urandom.seed)
[   10.642668] procd: - early -
[   11.363426] procd: - ubus -
[   11.541839] procd: - init -
Please press Enter to activate this console.
root
login[1049]: root login on 'ttyS0'


BusyBox v1.37.0 (2026-01-02 17:07:02 UTC) built-in shell (ash)

  _______                     ________        __
 |       |.-----.-----.-----.|  |  |  |.----.|  |_
 |   -   ||  _  |  -__|     ||  |  |  ||   _||   _|
 |_______||   __|_____|__|__||________||__|  |____|
          |__| W I R E L E S S   F R E E D O M
 -----------------------------------------------------
 OpenWrt SNAPSHOT, r34059-a8d5544c83
 -----------------------------------------------------

 === WARNING! =====================================
 There is no root password defined on this device!
 Use the "passwd" command to set up a new password
 in order to prevent unauthorized SSH logins.
 --------------------------------------------------

root@(none):~# dmesg -n 1
root@(none):~# echo 'EWJH''LBMWHJ'
EWJHLBMWHJ
root@(none):~# run() { echo -n "$MARKER"; sh -c "$@"; echo "$MARKER $?"; }
root@(none):~# echo 'WGQS''HGFLAO'
WGQSHGFLAO
root@(none):~# MARKER='BJPV''CZPVHN' run 'ubus wait_for network.interface.lan'
BJPVCZPVHNBJPVCZPVHN 0
root@OpenWrt:~# echo 'HQVB''FQWOOS'
HQVBFQWOOS
root@OpenWrt:~# MARKER='BYJJ''ZGOJQK' run 'ubus call network.interface.lan statu
s '"'"'{}'"'"''
BYJJZGOJQK{
	"up": true,
	"pending": false,
	"available": true,
	"autostart": true,
	"dynamic": false,
	"uptime": 0,
	"l3_device": "br-lan",
	"proto": "static",
	"device": "br-lan",
	"updated": [
		"addresses"
	],
	"metric": 0,
	"dns_metric": 0,
	"delegation": true,
	"ipv4-address": [
		{
			"address": "192.168.1.1",
			"mask": 24
		}
	],
	"ipv6-address": [
		
	],
	"ipv6-prefix": [
		
	],
	"ipv6-prefix-assignment": [
		{
			"address": "fdec:134e:4e8c::",
			"mask": 60,
			"local-address": {
				"address": "fdec:134e:4e8c::1",
				"mask": 60
			}
		}
	],
	"route": [
		
	],
	"dns-server": [
		
	],
	"dns-search": [
		
	],
	"neighbors": [
		
	],
	"inactive": {
		"ipv4-address": [
			
		],
		"ipv6-address": [
			
		],
		"route": [
			
		],
		"dns-server": [
			
		],
		"dns-search": [
			
		],
		"neighbors": [
			
		]
	},
	"data": {
		
	}
}
BYJJZGOJQK 0
root@OpenWrt:~# echo 'LGQS''FPXPUQ'
LGQSFPXPUQ
root@OpenWrt:~# MARKER='KFWN''BWSVPL' run true
KFWNBWSVPLKFWNBWSVPL 0
root@OpenWrt:~# echo 'KPJH''GANZLT'
KPJHGANZLT
root@OpenWrt:~# MARKER='ALYU''JFOANB' run 'source /etc/os-release; echo $BUILD_I
D'
ALYUJFOANBr34059-a8d5544c83
ALYUJFOANB 0
root@OpenWrt:~# echo 'POOZ''HBUBFE'
POOZHBUBFE
root@OpenWrt:~# MARKER='GVZC''CKOQXB' run 'ls /etc/dropbear/dropbear_rsa_host_ke
y'
GVZCCKOQXB[0;0m/etc/dropbear/dropbear_rsa_host_key[m
GVZCCKOQXB 0
root@OpenWrt:~# echo 'AHCX''UUECVJ'
AHCXUUECVJ
root@OpenWrt:~# MARKER='FYHA''LSUPMS' run 'netstat -tlpn | grep 0.0.0.0:22'
FYHALSUPMStcp        0      0 0.0.0.0:22              0.0.0.0:*               LISTEN      1734/dropbear
FYHALSUPMS 0
root@OpenWrt:~# echo 'ZKSN''FFOYXX'
ZKSNFFOYXX
root@OpenWrt:~# MARKER='ULZT''NJZNYB' run 'dmesg | grep br-lan | grep forwarding
'
ULZTNJZNYB[   29.254276] br-lan: port 1(eth0) entered forwarding state
ULZTNJZNYB 0
root@OpenWrt:~# echo 'GOBJ''EKHXHX'
GOBJEKHXHX
root@OpenWrt:~# MARKER='LJJO''VKTLAY' run 'ubus call network.interface.lan statu
s '"'"'{}'"'"''
LJJOVKTLAY{
	"up": true,
	"pending": false,
	"available": true,
	"autostart": true,
	"dynamic": false,
	"uptime": 22,
	"l3_device": "br-lan",
	"proto": "static",
	"device": "br-lan",
	"updated": [
		"addresses"
	],
	"metric": 0,
	"dns_metric": 0,
	"delegation": true,
	"ipv4-address": [
		{
			"address": "192.168.1.1",
			"mask": 24
		}
	],
	"ipv6-address": [
		
	],
	"ipv6-prefix": [
		
	],
	"ipv6-prefix-assignment": [
		{
			"address": "fdec:134e:4e8c::",
			"mask": 60,
			"local-address": {
				"address": "fdec:134e:4e8c::1",
				"mask": 60
			}
		}
	],
	"route": [
		
	],
	"dns-server": [
		
	],
	"dns-search": [
		
	],
	"neighbors": [
		
	],
	"inactive": {
		"ipv4-address": [
			
		],
		"ipv6-address": [
			
		],
		"route": [
			
		],
		"dns-server": [
			
		],
		"dns-search": [
			
		],
		"neighbors": [
			
		]
	},
	"data": {
		
	}
}
LJJOVKTLAY 0
root@OpenWrt:~# echo 'UUFX''SBLXNC'
UUFXSBLXNC
root@OpenWrt:~# MARKER='UENG''NBEJPK' run 'ip -o addr show dev br-lan'
UENGNBEJPK4: br-lan    inet 192.168.1.1/24 brd 192.168.1.255 scope global br-lan\       valid_lft forever preferred_lft forever
4: br-lan    inet6 fdec:134e:4e8c::1/60 scope global noprefixroute \       valid_lft forever preferred_lft forever
4: br-lan    inet6 fe80::5054:ff:fe12:3456/64 scope link \       valid_lft forever preferred_lft forever
UENGNBEJPK 0
root@OpenWrt:~# echo 'TNAP''LGJTOO'
TNAPLGJTOO
root@OpenWrt:~# MARKER='POAH''AESBEM' run 'ubus call network.interface.wan statu
s '"'"'{}'"'"''
POAHAESBEM{
	"up": true,
	"pending": false,
	"available": true,
	"autostart": true,
	"dynamic": false,
	"uptime": 20,
	"l3_device": "eth1",
	"proto": "dhcp",
	"device": "eth1",
	"updated": [
		"addresses",
		"routes",
		"data"
	],
	"metric": 0,
	"dns_metric": 0,
	"delegation": true,
	"ipv4-address": [
		{
			"address": "10.0.2.15",
			"mask": 24
		}
	],
	"ipv6-address": [
		
	],
	"ipv6-prefix": [
		
	],
	"ipv6-prefix-assignment": [
		
	],
	"route": [
		{
			"target": "0.0.0.0",
			"mask": 0,
			"nexthop": "10.0.2.2",
			"source": "10.0.2.15/32"
		}
	],
	"dns-server": [
		"10.0.2.3"
	],
	"dns-search": [
		
	],
	"neighbors": [
		
	],
	"inactive": {
		"ipv4-address": [
			
		],
		"ipv6-address": [
			
		],
		"route": [
			
		],
		"dns-server": [
			
		],
		"dns-search": [
			
		],
		"neighbors": [
			
		]
	},
	"data": {
		"dhcpserver": "10.0.2.2",
		"leasetime": 86400
	}
}
POAHAESBEM 0
root@OpenWrt:~# 