Labgrid Console Logfile for main
Logfile started at 2026-02-28 02:05:51.562131
=== Log starts here ===
c[?7l[2J[0mSeaBIOS (version 1.16.3-debian-1.16.3-2)


iPXE (https://ipxe.org) 00:03.0 CA00 PCI2.10 PnP PMM+06FCAE70+06F0AE70 CA00
Press Ctrl-B to configure iPXE (PCI 00:03.0)...                                                                               




iPXE (https://ipxe.org) 00:05.0 CB00 PCI2.10 PnP PMM 06FCAE70 06F0AE70 CB00
Press Ctrl-B to configure iPXE (PCI 00:05.0)...                                                                               


Booting from Hard Disk...
GRUB loading.....
[0;30;47mWelcome to GRUB![01;01H[0m[2J[H[J[1;1H[?25l[m[H[J[1;1H[2;30HGNU GRUB  version 2.12

[m[4;2H+----------------------------------------------------------------------------+[5;2H|[5;79H|[6;2H|[6;79H|[7;2H|[7;79H|[8;2H|[8;79H|[9;2H|[9;79H|[10;2H|[10;79H|[11;2H|[11;79H|[12;2H|[12;79H|[13;2H|[13;79H|[14;2H|[14;79H|[15;2H|[15;79H|[16;2H+----------------------------------------------------------------------------+[m[17;2H[18;2H[m     Use the ^ and v keys to select which entry is highlighted.          
      Press enter to boot the selected OS, `e' to edit the commands       
      before booting or `c' for a command-line. ESC to return             
      previous menu.                                                      [5;80H [7m[5;3H*OpenWrt                                                                    [m[5;78H[m[m[6;3H OpenWrt (failsafe)                                                         [m[6;78H[m[m[7;3H                                                                            [m[7;78H[m[m[8;3H                                                                            [m[8;78H[m[m[9;3H                                                                            [m[9;78H[m[m[10;3H                                                                            [m[10;78H[m[m[11;3H                                                                            [m[11;78H[m[m[12;3H                                                                            [m[12;78H[m[m[13;3H                                                                            [m[13;78H[m[m[14;3H                                                                            [m[14;78H[m[m[15;3H                                                                            [m[15;78H[m[15;80H [5;78H[2J[02;30HGNU GRUB  version 2.12[04;02H┌────────────────────────────────────────────────────────────────────────────┐[05;02H│[05;79H│[06;02H│[06;79H│[07;02H│[07;79H│[08;02H│[08;79H│[09;02H│[09;79H│[10;02H│[10;79H│[11;02H│[11;79H│[12;02H│[12;79H│[13;02H│[13;79H│[14;02H│[14;79H│[15;02H│[15;79H│[16;02H│[16;79H│[17;02H└────────────────────────────────────────────────────────────────────────────┘[19;02H     Use the ↑ and ↓ keys to select which ent[19;46H[19;47Hry is highlighted.          
      Press enter to boot the selected OS, `e' to edit the commands       
      before booting or `c' for a command-line. ESC to return             
      previous menu.                                                      [05;80H [05;03H[0;30;47m*OpenWrt                                                                    [06;03H[0m OpenWrt (failsafe)                                                         [07;03H                                                                            [08;03H          [08;12H[08;13H                                                                  [09;03H                                                                            [10;03H                                                                            [11;03H                                                                            [12;03H                                                                            [13;03H                                                                            [14;03H                                            [14;46H[14;47H                                [15;03H                                                                            [16;03H                                                        [16;58H[16;59H                    [16;80H 






   The highlighted entry will be executed automatically in 5s.                [22;1H   The highlighted entry will be executed automatically in 5s.                 [5;78H [05;78H

















   The highlighted entry will be executed automatically in 4s.                [22;1H   The highlighted entry will be executed automatically in 4s.                 [5;78H [05;78H

















   The highlighted entry will be executed automatically in 3s.          [23;72H[23;73H      [22;1H   The highlighted entry will be executed automatically in 3s.                 [5;78H [05;78H

















   The highlighted entry will be executed automatically in 2s.                [22;1H   The highlighted entry will be executed automatically in 2s.                 [5;78H [05;78H

















   The highlighted entry will be executed automatically in 1s.                [22;1H   The highlighted entry will be executed automatically in 1s.                 [5;78H [05;78H

















   The highlighted entry will be executed automatically in 0s.                [22;1H   The highlighted entry will be executed automatically in 0s.                 [5;78H [01;01H[2J[?25h[H[J[1;1H[H[J[1;1H[2J   Booting `OpenWrt' Booting `OpenWrt

'

[    0.000000] Linux version 6.12.71 (builder@buildhost) (x86_64-openwrt-linux-musl-gcc (OpenWrt GCC 14.3.0 r33218-6678487f16) 14.3.0, GNU ld (GNU Binutils) 2.44) #0 SMP Thu Feb 26 22:34:10 2026
[    0.000000] Command line: BOOT_IMAGE=/boot/vmlinuz root=PARTUUID=52eba7b5-02 rootwait console=tty1 console=ttyS0,115200n8 noinitrd
[    0.000000] BIOS-provided physical RAM map:
[    0.000000] BIOS-e820: [mem 0x0000000000000000-0x000000000009fbff] usable
[    0.000000] BIOS-e820: [mem 0x000000000009fc00-0x000000000009ffff] reserved
[    0.000000] BIOS-e820: [mem 0x00000000000f0000-0x00000000000fffff] reserved
[    0.000000] BIOS-e820: [mem 0x0000000000100000-0x0000000007fdcfff] usable
[    0.000000] BIOS-e820: [mem 0x0000000007fdd000-0x0000000007ffffff] reserved
[    0.000000] BIOS-e820: [mem 0x00000000fffc0000-0x00000000ffffffff] reserved
[    0.000000] BIOS-e820: [mem 0x000000fd00000000-0x000000ffffffffff] reserved
[    0.000000] NX (Execute Disable) protection: active
[    0.000000] APIC: Static calls initialized
[    0.000000] SMBIOS 3.0.0 present.
[    0.000000] DMI: QEMU Standard PC (i440FX + PIIX, 1996), BIOS 1.16.3-debian-1.16.3-2 04/01/2014
[    0.000000] DMI: Memory slots populated: 1/1
[    0.000000] tsc: Fast TSC calibration using PIT
[    0.000000] tsc: Detected 2445.400 MHz processor
[    0.007398] last_pfn = 0x7fdd max_arch_pfn = 0x400000000
[    0.008037] MTRR map: 4 entries (3 fixed + 1 variable; max 19), built from 8 variable MTRRs
[    0.008215] x86/PAT: Configuration [0-7]: WB  WC  UC- UC  WB  WP  UC- WT  
[    0.027736] found SMP MP-table at [mem 0x000f5460-0x000f546f]
[    0.029192] Using GB pages for direct mapping
[    0.033561] ACPI: Early table checksum verification disabled
[    0.033929] ACPI: RSDP 0x00000000000F5290 000014 (v00 BOCHS )
[    0.034244] ACPI: RSDT 0x0000000007FE1C64 000034 (v01 BOCHS  BXPC     00000001 BXPC 00000001)
[    0.034789] ACPI: FACP 0x0000000007FE1B18 000074 (v01 BOCHS  BXPC     00000001 BXPC 00000001)
[    0.035386] ACPI: DSDT 0x0000000007FE0040 001AD8 (v01 BOCHS  BXPC     00000001 BXPC 00000001)
[    0.035459] ACPI: FACS 0x0000000007FE0000 000040
[    0.035509] ACPI: APIC 0x0000000007FE1B8C 000078 (v03 BOCHS  BXPC     00000001 BXPC 00000001)
[    0.035531] ACPI: HPET 0x0000000007FE1C04 000038 (v01 BOCHS  BXPC     00000001 BXPC 00000001)
[    0.035550] ACPI: WAET 0x0000000007FE1C3C 000028 (v01 BOCHS  BXPC     00000001 BXPC 00000001)
[    0.035642] ACPI: Reserving FACP table memory at [mem 0x7fe1b18-0x7fe1b8b]
[    0.035704] ACPI: Reserving DSDT table memory at [mem 0x7fe0040-0x7fe1b17]
[    0.035714] ACPI: Reserving FACS table memory at [mem 0x7fe0000-0x7fe003f]
[    0.035720] ACPI: Reserving APIC table memory at [mem 0x7fe1b8c-0x7fe1c03]
[    0.035726] ACPI: Reserving HPET table memory at [mem 0x7fe1c04-0x7fe1c3b]
[    0.035732] ACPI: Reserving WAET table memory at [mem 0x7fe1c3c-0x7fe1c63]
[    0.038759] Zone ranges:
[    0.038789]   DMA      [mem 0x0000000000001000-0x0000000000ffffff]
[    0.038871]   DMA32    [mem 0x0000000001000000-0x0000000007fdcfff]
[    0.038882]   Normal   empty
[    0.038900] Movable zone start for each node
[    0.038933] Early memory node ranges
[    0.038962]   node   0: [mem 0x0000000000001000-0x000000000009efff]
[    0.039018]   node   0: [mem 0x0000000000100000-0x0000000007fdcfff]
[    0.039146] Initmem setup node 0 [mem 0x0000000000001000-0x0000000007fdcfff]
[    0.040204] On node 0, zone DMA: 1 pages in unavailable ranges
[    0.040705] On node 0, zone DMA: 97 pages in unavailable ranges
[    0.042821] On node 0, zone DMA32: 35 pages in unavailable ranges
[    0.043171] ACPI: PM-Timer IO Port: 0x608
[    0.043614] ACPI: LAPIC_NMI (acpi_id[0xff] dfl dfl lint[0x1])
[    0.044035] IOAPIC[0]: apic_id 0, version 32, address 0xfec00000, GSI 0-23
[    0.044155] ACPI: INT_SRC_OVR (bus 0 bus_irq 0 global_irq 2 dfl dfl)
[    0.044416] ACPI: INT_SRC_OVR (bus 0 bus_irq 5 global_irq 5 high level)
[    0.044466] ACPI: INT_SRC_OVR (bus 0 bus_irq 9 global_irq 9 high level)
[    0.044574] ACPI: INT_SRC_OVR (bus 0 bus_irq 10 global_irq 10 high level)
[    0.044601] ACPI: INT_SRC_OVR (bus 0 bus_irq 11 global_irq 11 high level)
[    0.044790] ACPI: Using ACPI (MADT) for SMP configuration information
[    0.044835] ACPI: HPET id: 0x8086a201 base: 0xfed00000
[    0.045234] CPU topo: Max. logical packages:   1
[    0.045251] CPU topo: Max. logical dies:       1
[    0.045261] CPU topo: Max. dies per package:   1
[    0.045307] CPU topo: Max. threads per core:   1
[    0.045469] CPU topo: Num. cores per package:     1
[    0.045484] CPU topo: Num. threads per package:   1
[    0.045493] CPU topo: Allowing 1 present CPUs plus 0 hotplug CPUs
[    0.046697] [mem 0x08000000-0xfffbffff] available for PCI devices
[    0.046770] Booting paravirtualized kernel on bare hardware
[    0.047070] clocksource: refined-jiffies: mask: 0xffffffff max_cycles: 0xffffffff, max_idle_ns: 19112604462750000 ns
[    0.047779] setup_percpu: NR_CPUS:512 nr_cpumask_bits:1 nr_cpu_ids:1 nr_node_ids:1
[    0.049824] percpu: Embedded 50 pages/cpu s166808 r8192 d29800 u2097152
[    0.052258] Kernel command line: BOOT_IMAGE=/boot/vmlinuz root=PARTUUID=52eba7b5-02 rootwait console=tty1 console=ttyS0,115200n8 noinitrd
[    0.053931] random: crng init done
[    0.058640] Dentry cache hash table entries: 16384 (order: 5, 131072 bytes, linear)
[    0.059622] Inode-cache hash table entries: 8192 (order: 4, 65536 bytes, linear)
[    0.062303] Built 1 zonelists, mobility grouping on.  Total pages: 32635
[    0.062546] mem auto-init: stack:off, heap alloc:off, heap free:off
[    0.072516] SLUB: HWalign=64, Order=0-3, MinObjects=0, CPUs=1, Nodes=1
[    0.082680] rcu: Hierarchical RCU implementation.
[    0.082746] rcu: 	RCU restricting CPUs from NR_CPUS=512 to nr_cpu_ids=1.
[    0.082921] 	Tracing variant of Tasks RCU enabled.
[    0.083021] rcu: RCU calculated value of scheduler-enlistment delay is 10 jiffies.
[    0.083054] rcu: Adjusting geometry for rcu_fanout_leaf=16, nr_cpu_ids=1
[    0.084237] RCU Tasks Trace: Setting shift to 0 and lim to 1 rcu_task_cb_adjust=1 rcu_task_cpu_ids=1.
[    0.084373] NR_IRQS: 33024, nr_irqs: 256, preallocated irqs: 16
[    0.093333] rcu: srcu_init: Setting srcu_struct sizes based on contention.
[    0.100459] Console: colour VGA+ 80x25
[    0.100922] printk: legacy console [tty1] enabled
[    0.108840] printk: legacy console [ttyS0] enabled
[    0.355846] ACPI: Core revision 20240827
[    0.361171] clocksource: hpet: mask: 0xffffffff max_cycles: 0xffffffff, max_idle_ns: 19112604467 ns
[    0.370710] APIC: Switch to symmetric I/O mode setup
[    0.375200] ..TIMER: vector=0x30 apic1=0 pin1=2 apic2=-1 pin2=-1
[    0.417859] clocksource: tsc-early: mask: 0xffffffffffffffff max_cycles: 0x233fbf27eb4, max_idle_ns: 440795299680 ns
[    0.418625] Calibrating delay loop (skipped), value calculated using timer frequency.. 4890.80 BogoMIPS (lpj=24454000)
[    0.420602] x86/cpu: User Mode Instruction Prevention (UMIP) activated
[    0.438915] Last level iTLB entries: 4KB 0, 2MB 0, 4MB 0
[    0.439379] Last level dTLB entries: 4KB 0, 2MB 0, 4MB 0, 1GB 0
[    0.440498] Spectre V1 : Mitigation: usercopy/swapgs barriers and __user pointer sanitization
[    0.441634] Spectre V2 : Mitigation: Retpolines
[    0.441888] Spectre V2 : Spectre v2 / SpectreRSB: Filling RSB on context switch and VMEXIT
[    0.442345] Speculative Store Bypass: Vulnerable
[    0.450778] x86/fpu: Supporting XSAVE feature 0x001: 'x87 floating point registers'
[    0.459726] x86/fpu: Supporting XSAVE feature 0x002: 'SSE registers'
[    0.460042] x86/fpu: Supporting XSAVE feature 0x004: 'AVX registers'
[    0.460331] x86/fpu: Supporting XSAVE feature 0x008: 'MPX bounds registers'
[    0.461634] x86/fpu: Supporting XSAVE feature 0x010: 'MPX CSR'
[    0.462305] x86/fpu: xstate_offset[2]:  576, xstate_sizes[2]:  256
[    0.462731] x86/fpu: xstate_offset[3]:  960, xstate_sizes[3]:   64
[    0.462989] x86/fpu: xstate_offset[4]: 1024, xstate_sizes[4]:   64
[    0.468741] x86/fpu: Enabled xstate features 0x1f, context size is 1088 bytes, using 'standard' format.
[    0.692117] Freeing SMP alternatives memory: 40K
[    0.693007] pid_max: default: 32768 minimum: 301
[    0.702738] Mount-cache hash table entries: 512 (order: 0, 4096 bytes, linear)
[    0.703339] Mountpoint-cache hash table entries: 512 (order: 0, 4096 bytes, linear)
[    0.855911] smpboot: CPU0: AMD QEMU TCG CPU version 2.5+ (family: 0x6, model: 0x6, stepping: 0x3)
[    0.859952] Performance Events: PMU not available due to virtualization, using software events only.
[    0.861468] signal: max sigframe size: 1616
[    0.870763] rcu: Hierarchical SRCU implementation.
[    0.871177] rcu: 	Max phase no-delay instances is 1000.
[    0.892795] smp: Bringing up secondary CPUs ...
[    0.894688] smp: Brought up 1 node, 1 CPU
[    0.895015] smpboot: Total of 1 processors activated (4890.80 BogoMIPS)
[    0.901834] Memory: 103268K/130540K available (14336K kernel code, 1177K rwdata, 4000K rodata, 1500K init, 1296K bss, 25628K reserved, 0K cma-reserved)
[    0.916386] clocksource: jiffies: mask: 0xffffffff max_cycles: 0xffffffff, max_idle_ns: 19112604462750000 ns
[    0.917331] futex hash table entries: 256 (order: 2, 16384 bytes, linear)
[    0.918782] pinctrl core: initialized pinctrl subsystem
[    0.938788] NET: Registered PF_NETLINK/PF_ROUTE protocol family
[    0.945227] thermal_sys: Registered thermal governor 'step_wise'
[    0.945270] thermal_sys: Registered thermal governor 'user_space'
[    0.946360] cpuidle: using governor ladder
[    0.946936] cpuidle: using governor menu
[    0.950182] acpiphp: ACPI Hot Plug PCI Controller Driver version: 0.5
[    0.952994] PCI: Using configuration type 1 for base access
[    0.963332] cryptd: max_cpu_qlen set to 1000
[    0.969274] ACPI: Added _OSI(Module Device)
[    0.969520] ACPI: Added _OSI(Processor Device)
[    0.969709] ACPI: Added _OSI(Processor Aggregator Device)
[    0.984091] ACPI: 1 ACPI AML tables successfully acquired and loaded
[    1.001946] ACPI: Interpreter enabled
[    1.002808] ACPI: PM: (supports S0 S5)
[    1.003039] ACPI: Using IOAPIC for interrupt routing
[    1.003671] PCI: Using host bridge windows from ACPI; if necessary, use "pci=nocrs" and report a bug
[    1.004082] PCI: Using E820 reservations for host bridge windows
[    1.010630] ACPI: Enabled 2 GPEs in block 00 to 0F
[    1.047343] ACPI: PCI Root Bridge [PCI0] (domain 0000 [bus 00-ff])
[    1.048302] acpi PNP0A03:00: _OSC: OS supports [ASPM ClockPM Segments MSI HPX-Type3]
[    1.048707] acpi PNP0A03:00: _OSC: not requesting OS control; OS requires [ExtendedConfig ASPM ClockPM MSI]
[    1.049699] acpi PNP0A03:00: fail to add MMCONFIG information, can't access extended configuration space under this bridge
[    1.063073] acpiphp: Slot [3] registered
[    1.063432] acpiphp: Slot [4] registered
[    1.063790] acpiphp: Slot [5] registered
[    1.064063] acpiphp: Slot [6] registered
[    1.068794] acpiphp: Slot [7] registered
[    1.070617] acpiphp: Slot [8] registered
[    1.070914] acpiphp: Slot [9] registered
[    1.071179] acpiphp: Slot [10] registered
[    1.071452] acpiphp: Slot [11] registered
[    1.071720] acpiphp: Slot [12] registered
[    1.078838] acpiphp: Slot [13] registered
[    1.079348] acpiphp: Slot [14] registered
[    1.079774] acpiphp: Slot [15] registered
[    1.080076] acpiphp: Slot [16] registered
[    1.080342] acpiphp: Slot [17] registered
[    1.080650] acpiphp: Slot [18] registered
[    1.080932] acpiphp: Slot [19] registered
[    1.088944] acpiphp: Slot [20] registered
[    1.089342] acpiphp: Slot [21] registered
[    1.089634] acpiphp: Slot [22] registered
[    1.089941] acpiphp: Slot [23] registered
[    1.090213] acpiphp: Slot [24] registered
[    1.090478] acpiphp: Slot [25] registered
[    1.098983] acpiphp: Slot [26] registered
[    1.099417] acpiphp: Slot [27] registered
[    1.099703] acpiphp: Slot [28] registered
[    1.099988] acpiphp: Slot [29] registered
[    1.100270] acpiphp: Slot [30] registered
[    1.100580] acpiphp: Slot [31] registered
[    1.109231] PCI host bridge to bus 0000:00
[    1.109757] pci_bus 0000:00: root bus resource [io  0x0000-0x0cf7 window]
[    1.110189] pci_bus 0000:00: root bus resource [io  0x0d00-0xffff window]
[    1.110468] pci_bus 0000:00: root bus resource [mem 0x000a0000-0x000bffff window]
[    1.118750] pci_bus 0000:00: root bus resource [mem 0x08000000-0xfebfffff window]
[    1.119216] pci_bus 0000:00: root bus resource [mem 0x100000000-0x17fffffff window]
[    1.119720] pci_bus 0000:00: root bus resource [bus 00-ff]
[    1.129103] pci 0000:00:00.0: [8086:1237] type 00 class 0x060000 conventional PCI endpoint
[    1.141983] pci 0000:00:01.0: [8086:7000] type 00 class 0x060100 conventional PCI endpoint
[    1.143015] pci 0000:00:01.1: [8086:7010] type 00 class 0x010180 conventional PCI endpoint
[    1.146186] pci 0000:00:01.1: BAR 4 [io  0xc0e0-0xc0ef]
[    1.149902] pci 0000:00:01.1: BAR 0 [io  0x01f0-0x01f7]: legacy IDE quirk
[    1.150242] pci 0000:00:01.1: BAR 1 [io  0x03f6]: legacy IDE quirk
[    1.150544] pci 0000:00:01.1: BAR 2 [io  0x0170-0x0177]: legacy IDE quirk
[    1.150831] pci 0000:00:01.1: BAR 3 [io  0x0376]: legacy IDE quirk
[    1.159890] pci 0000:00:01.3: [8086:7113] type 00 class 0x068000 conventional PCI endpoint
[    1.160700] pci 0000:00:01.3: quirk: [io  0x0600-0x063f] claimed by PIIX4 ACPI
[    1.161053] pci 0000:00:01.3: quirk: [io  0x0700-0x070f] claimed by PIIX4 SMB
[    1.169573] pci 0000:00:02.0: [1234:1111] type 00 class 0x030000 conventional PCI endpoint
[    1.170544] pci 0000:00:02.0: BAR 0 [mem 0xfd000000-0xfdffffff pref]
[    1.172221] pci 0000:00:02.0: BAR 2 [mem 0xfeb90000-0xfeb90fff]
[    1.175219] pci 0000:00:02.0: ROM [mem 0xfeb80000-0xfeb8ffff pref]
[    1.179040] pci 0000:00:02.0: Video device with shadowed ROM at [mem 0x000c0000-0x000dffff]
[    1.180397] pci 0000:00:03.0: [1af4:1000] type 00 class 0x020000 conventional PCI endpoint
[    1.181869] pci 0000:00:03.0: BAR 0 [io  0xc080-0xc09f]
[    1.191064] pci 0000:00:03.0: BAR 4 [mem 0xfe000000-0xfe003fff 64bit pref]
[    1.192843] pci 0000:00:03.0: ROM [mem 0xfea80000-0xfeafffff pref]
[    1.202660] pci 0000:00:04.0: [1af4:1005] type 00 class 0x00ff00 conventional PCI endpoint
[    1.203669] pci 0000:00:04.0: BAR 0 [io  0xc0a0-0xc0bf]
[    1.207081] pci 0000:00:04.0: BAR 1 [mem 0xfeb91000-0xfeb91fff]
[    1.209411] pci 0000:00:04.0: BAR 4 [mem 0xfe004000-0xfe007fff 64bit pref]
[    1.214414] pci 0000:00:05.0: [1af4:1000] type 00 class 0x020000 conventional PCI endpoint
[    1.216216] pci 0000:00:05.0: BAR 0 [io  0xc0c0-0xc0df]
[    1.218973] pci 0000:00:05.0: BAR 1 [mem 0xfeb92000-0xfeb92fff]
[    1.221182] pci 0000:00:05.0: BAR 4 [mem 0xfe008000-0xfe00bfff 64bit pref]
[    1.222223] pci 0000:00:05.0: ROM [mem 0xfeb00000-0xfeb7ffff pref]
[    1.226152] pci 0000:00:06.0: [1af4:1001] type 00 class 0x010000 conventional PCI endpoint
[    1.229639] pci 0000:00:06.0: BAR 0 [io  0xc000-0xc07f]
[    1.231497] pci 0000:00:06.0: BAR 1 [mem 0xfeb93000-0xfeb93fff]
[    1.233419] pci 0000:00:06.0: BAR 4 [mem 0xfe00c000-0xfe00ffff 64bit pref]
[    1.242492] ACPI: PCI: Interrupt link LNKA configured for IRQ 10
[    1.243415] ACPI: PCI: Interrupt link LNKB configured for IRQ 10
[    1.244075] ACPI: PCI: Interrupt link LNKC configured for IRQ 11
[    1.244722] ACPI: PCI: Interrupt link LNKD configured for IRQ 11
[    1.245162] ACPI: PCI: Interrupt link LNKS configured for IRQ 9
[    1.253424] iommu: Default domain type: Translated
[    1.253700] iommu: DMA domain TLB invalidation policy: lazy mode
[    1.261275] SCSI subsystem initialized
[    1.262960] ACPI: bus type USB registered
[    1.263566] usbcore: registered new interface driver usbfs
[    1.264626] usbcore: registered new interface driver hub
[    1.265196] usbcore: registered new device driver usb
[    1.265838] pps_core: LinuxPPS API ver. 1 registered
[    1.266059] pps_core: Software ver. 5.3.6 - Copyright 2005-2007 Rodolfo Giometti <giometti@linux.it>
[    1.268916] PTP clock support registered
[    1.287658] PCI: Using ACPI for IRQ routing
[    1.290768] hpet0: at MMIO 0xfed00000, IRQs 2, 8, 0
[    1.291086] hpet0: 3 comparators, 64-bit 100.000000 MHz counter
[    1.297220] clocksource: Switched to clocksource tsc-early
[    1.297220] pnp: PnP ACPI init
[    1.297471] pnp: PnP ACPI: found 6 devices
[    1.312545] clocksource: acpi_pm: mask: 0xffffff max_cycles: 0xffffff, max_idle_ns: 2085701024 ns
[    1.314039] NET: Registered PF_INET protocol family
[    1.315311] IP idents hash table entries: 2048 (order: 2, 16384 bytes, linear)
[    1.321311] tcp_listen_portaddr_hash hash table entries: 256 (order: 0, 4096 bytes, linear)
[    1.323266] Table-perturb hash table entries: 65536 (order: 6, 262144 bytes, linear)
[    1.323910] TCP established hash table entries: 1024 (order: 1, 8192 bytes, linear)
[    1.324414] TCP bind hash table entries: 1024 (order: 3, 32768 bytes, linear)
[    1.334491] TCP: Hash tables configured (established 1024 bind 1024)
[    1.336639] MPTCP token hash table entries: 256 (order: 1, 6144 bytes, linear)
[    1.337218] UDP hash table entries: 256 (order: 1, 8192 bytes, linear)
[    1.337710] UDP-Lite hash table entries: 256 (order: 1, 8192 bytes, linear)
[    1.347083] NET: Registered PF_UNIX/PF_LOCAL protocol family
[    1.348487] pci_bus 0000:00: resource 4 [io  0x0000-0x0cf7 window]
[    1.348777] pci_bus 0000:00: resource 5 [io  0x0d00-0xffff window]
[    1.349032] pci_bus 0000:00: resource 6 [mem 0x000a0000-0x000bffff window]
[    1.356434] pci_bus 0000:00: resource 7 [mem 0x08000000-0xfebfffff window]
[    1.356871] pci_bus 0000:00: resource 8 [mem 0x100000000-0x17fffffff window]
[    1.357751] pci 0000:00:01.0: PIIX3: Enabling Passive Release
[    1.358081] pci 0000:00:00.0: Limiting direct PCI/PCI transfers
[    1.367995] PCI: CLS 0 bytes, default 64
[    1.388392] workingset: timestamp_bits=46 max_order=15 bucket_order=0
[    1.391353] squashfs: version 4.0 (2009/01/31) Phillip Lougher
[    1.394226] Block layer SCSI generic (bsg) driver version 0.4 loaded (major 247)
[    1.398572] hv_vmbus: registering driver hyperv_fb
[    1.402976] input: Power Button as /devices/LNXSYSTM:00/LNXPWRBN:00/input/input0
[    1.411423] ACPI: button: Power Button [PWRF]
[    1.568697] ACPI: \_SB_.LNKC: Enabled at IRQ 11
[    1.717841] ACPI: \_SB_.LNKD: Enabled at IRQ 10
[    1.866962] ACPI: \_SB_.LNKA: Enabled at IRQ 10
[    2.015628] ACPI: \_SB_.LNKB: Enabled at IRQ 11
[    2.017649] Serial: 8250/16550 driver, 16 ports, IRQ sharing enabled
[    2.042883] 00:04: ttyS0 at I/O 0x3f8 (irq = 4, base_baud = 115200) is a 16550A
[    2.069953] Non-volatile memory driver v1.3
[    2.082023] Linux agpgart interface v0.103
[    2.083187] ACPI: bus type drm_connector registered
[    2.086502] [drm] Found bochs VGA, ID 0xb0c5.
[    2.086745] [drm] Framebuffer size 16384 kB @ 0xfd000000, mmio @ 0xfeb90000.
[    2.092859] [drm] Found EDID data blob.
[    2.098959] [drm] Initialized bochs-drm 1.0.0 for 0000:00:02.0 on minor 0
[    2.169316] Console: switching to colour frame buffer device 160x50
[    2.178799] bochs-drm 0000:00:02.0: [drm] fb0: bochs-drmdrmfb frame buffer device
[    2.215204] loop: module loaded
[    2.216002] virtio_blk virtio3: 1/0/0 default/read/poll queues
[    2.220879] virtio_blk virtio3: [vda] 246784 512-byte logical blocks (126 MB/121 MiB)
[    2.230637]  vda: vda1 vda2
[    2.232873] Guest personality initialized and is inactive
[    2.233538] VMCI host device registered (name=vmci, major=10, minor=256)
[    2.233869] Initialized host personality
[    2.234253] usbcore: registered new interface driver rtsx_usb
[    2.242714] VMware PVSCSI driver - version 1.0.7.0-k
[    2.243082] hv_vmbus: registering driver hv_storvsc
[    2.260116] scsi host0: ata_piix
[    2.262798] scsi host1: ata_piix
[    2.263693] ata1: PATA max MWDMA2 cmd 0x1f0 ctl 0x3f6 bmdma 0xc0e0 irq 14 lpm-pol 0
[    2.264064] ata2: PATA max MWDMA2 cmd 0x170 ctl 0x376 bmdma 0xc0e8 irq 15 lpm-pol 0
[    2.275059] VMware vmxnet3 virtual NIC driver - version 1.9.0.0-k-NAPI
[    2.275775] hv_vmbus: registering driver hv_netvsc
[    2.276192] Fusion MPT base driver 3.04.20
[    2.276399] Copyright (c) 1999-2008 LSI Corporation
[    2.276823] Fusion MPT SPI Host driver 3.04.20
[    2.286338] Fusion MPT SAS Host driver 3.04.20
[    2.288616] usbcore: registered new interface driver usb-storage
[    2.289954] i8042: PNP: PS/2 Controller [PNP0303:KBD,PNP0f13:MOU] at 0x60,0x64 irq 1,12
[    2.293361] serio: i8042 KBD port at 0x60,0x64 irq 1
[    2.293786] serio: i8042 AUX port at 0x60,0x64 irq 12
[    2.300345] hv_vmbus: registering driver hyperv_keyboard
[    2.302881] rtc_cmos 00:05: RTC can wake from S4
[    2.308339] rtc_cmos 00:05: registered as rtc0
[    2.311065] rtc_cmos 00:05: setting system clock to 2026-02-28T02:06:02 UTC (1772244362)
[    2.313573] rtc_cmos 00:05: alarms up to one day, y3k, 242 bytes nvram, hpet irqs
[    2.316424] intel_powerclamp: CPU does not support MWAIT
[    2.321826] amd_pstate: the _CPC object is not present in SBIOS or ACPI disabled
[    2.324199] sdhci: Secure Digital Host Controller Interface driver
[    2.326273] sdhci: Copyright(c) Pierre Ossman
[    2.328704] VUB300 Driver rom wait states = 1C irqpoll timeout = 0400
[    2.335671] input: AT Translated Set 2 keyboard as /devices/platform/i8042/serio0/input/input1
[    2.360027] usbcore: registered new interface driver vub300
[    2.362379] usbcore: registered new interface driver ushc
[    2.370645] hid: raw HID events driver (C) Jiri Kosina
[    2.373387] hv_vmbus: registering driver hid_hyperv
[    2.376326] usbcore: registered new interface driver usbhid
[    2.378355] usbhid: USB HID core driver
[    2.380450] hv_utils: Registering HyperV Utility Driver
[    2.383747] hv_vmbus: registering driver hv_utils
[    2.385867] hv_vmbus: registering driver hv_balloon
[    2.389363] NET: Registered PF_INET6 protocol family
[    2.405693] Segment Routing with IPv6
[    2.407957] In-situ OAM (IOAM) with IPv6
[    2.410500] NET: Registered PF_PACKET protocol family
[    2.412962] bridge: filtering via arp/ip/ip6tables is no longer available by default. Update your scripts to load br_netfilter if you need this.
[    2.422693] 8021q: 802.1Q VLAN Support v1.8
[    2.425584] NET: Registered PF_VSOCK protocol family
[    2.435429] IPI shorthand broadcast: enabled
[    2.442404] AES CTR mode by8 optimization enabled
[    2.464223] sched_clock: Marking stable (2190094194, 264534128)->(2468946183, -14317861)
[    2.492953] tsc: Refined TSC clocksource calibration: 2445.433 MHz
[    2.495643] clocksource: tsc: mask: 0xffffffffffffffff max_cycles: 0x233fde66930, max_idle_ns: 440795269764 ns
[    2.505622] ata2: found unknown device (class 0)
[    2.525428] clocksource: Switched to clocksource tsc
[    2.561486] ata2.00: ATAPI: QEMU DVD-ROM, 2.5+, max UDMA/100
[    2.581736] scsi 1:0:0:0: CD-ROM            QEMU     QEMU DVD-ROM     2.5+ PQ: 0 ANSI: 5
[    2.592654] clk: Disabling unused clocks
[    2.637000] sr 1:0:0:0: [sr0] scsi3-mmc drive: 4x/4x cd/rw xa/form2 tray
[    2.639701] cdrom: Uniform CD-ROM driver Revision: 3.20
[    2.698007] VFS: Mounted root (squashfs filesystem) readonly on device 254:2.
[    2.767843] Freeing unused kernel image (initmem) memory: 1500K
[    2.770461] Write protecting the kernel read-only data: 18432k
[    2.773656] Freeing unused kernel image (rodata/data gap) memory: 96K
[    2.776555] Run /sbin/init as init process
[    3.113405] init: Console is alive
[    3.647009] kmodloader: loading kernel modules from /etc/modules-boot.d/*
[    3.711515] button_hotplug: loading out-of-tree module taints kernel.
[    3.718598] Button Hotplug driver version 0.4.1
[    3.741274] Intel(R) 2.5G Ethernet Linux Driver
[    3.743808] Copyright(c) 2018 Intel Corporation.
[    3.760838] igb: Intel(R) Gigabit Ethernet Network Driver
[    3.763347] igb: Copyright (c) 2007-2014 Intel Corporation.
[    3.781633] e1000e: Intel(R) PRO/1000 Network Driver
[    3.784142] e1000e: Copyright(c) 1999 - 2015 Intel Corporation.
[    3.798095] kmodloader: done loading kernel modules from /etc/modules-boot.d/*
[    3.817967] init: - preinit -
[    4.858977] 8021q: adding VLAN 0 to HW filter on device eth0
Press the [f] key and hit [enter] to enter failsafe mode
Press the [1], [2], [3] or [4] key and hit [enter] to select the debug level
[    9.527981] loop0: detected capacity change from 0 to 212992
[    9.575068] loop0: detected capacity change from 212992 to 201728
[    9.588846] mount_root: overlay filesystem in /dev/loop0 has not been formatted yet
[    9.939246] EXT4-fs (loop0): mounted filesystem 4d3e4094-d25c-43da-8ce1-e34c2b7beb47 r/w with ordered data mode. Quota mode: disabled.
[    9.953438] mount_root: overlay filesystem has not been fully initialized yet
[    9.972613] mount_root: switching to ext4 overlay
[    9.995599] overlayfs: null uuid detected in lower fs '/', falling back to xino=off,index=off,nfs_export=off.
[   10.773415] EXT4-fs (vda1): mounted filesystem 84173db5-fa99-e35a-95c6-28613cc79ea9 r/w without journal. Quota mode: disabled.
[   10.798877] urandom-seed: Seed file not found (/etc/urandom.seed)
[   10.940780] procd: - early -
[   11.698265] procd: - ubus -
[   11.878663] procd: - init -
Please press Enter to activate this console.
root
login[1043]: root login on 'ttyS0'


BusyBox v1.37.0 (2026-01-02 17:07:02 UTC) built-in shell (ash)

  _______                     ________        __
 |       |.-----.-----.-----.|  |  |  |.----.|  |_
 |   -   ||  _  |  -__|     ||  |  |  ||   _||   _|
 |_______||   __|_____|__|__||________||__|  |____|
          |__| W I R E L E S S   F R E E D O M
 -----------------------------------------------------
 OpenWrt SNAPSHOT, r33218-6678487f16
 -----------------------------------------------------

 === WARNING! =====================================
 There is no root password defined on this device!
 Use the "passwd" command to set up a new password
 in order to prevent unauthorized SSH logins.
 --------------------------------------------------


 OpenWrt recently switched to the "apk" package manager!

 OPKG Command           APK Equivalent      Description
 ------------------------------------------------------------------
 opkg install <pkg>     apk add <pkg>       Install a package
 opkg remove <pkg>      apk del <pkg>       Remove a package
 opkg upgrade           apk upgrade         Upgrade all packages
 opkg files <pkg>       apk info -L <pkg>   List package contents
 opkg list-installed    apk info            List installed packages
 opkg update            apk update          Update package lists
 opkg search <pkg>      apk search <pkg>    Search for packages
 ------------------------------------------------------------------

For more information visit:
https://openwrt.org/docs/guide-user/additional-software/opkg-to-apk-cheatsheet

root@(none):~# dmesg -n 1
root@(none):~# echo 'PTJB''EBFMEZ'
PTJBEBFMEZ
root@(none):~# run() { echo -n "$MARKER"; sh -c "$@"; echo "$MARKER $?"; }
root@(none):~# echo 'GTFA''ELCOXN'
GTFAELCOXN
root@(none):~# MARKER='XESA''VZBLGZ' run 'ubus wait_for network.interface.lan'
XESAVZBLGZXESAVZBLGZ 0
root@OpenWrt:~# echo 'NPFL''TFYVBN'
NPFLTFYVBN
root@OpenWrt:~# MARKER='PCHU''NCZMAK' run 'ubus call network.interface.lan statu
s '"'"'{}'"'"''
PCHUNCZMAK{
	"up": true,
	"pending": false,
	"available": true,
	"autostart": true,
	"dynamic": false,
	"uptime": 0,
	"l3_device": "br-lan",
	"proto": "static",
	"device": "br-lan",
	"updated": [
		"addresses"
	],
	"metric": 0,
	"dns_metric": 0,
	"delegation": true,
	"ipv4-address": [
		{
			"address": "192.168.1.1",
			"mask": 24
		}
	],
	"ipv6-address": [
		
	],
	"ipv6-prefix": [
		
	],
	"ipv6-prefix-assignment": [
		{
			"address": "fdb6:91bb:7cde::",
			"mask": 60,
			"local-address": {
				"address": "fdb6:91bb:7cde::1",
				"mask": 60
			}
		}
	],
	"route": [
		
	],
	"dns-server": [
		
	],
	"dns-search": [
		
	],
	"neighbors": [
		
	],
	"inactive": {
		"ipv4-address": [
			
		],
		"ipv6-address": [
			
		],
		"route": [
			
		],
		"dns-server": [
			
		],
		"dns-search": [
			
		],
		"neighbors": [
			
		]
	},
	"data": {
		
	}
}
PCHUNCZMAK 0
root@OpenWrt:~# echo 'QGBG''AXNTPS'
QGBGAXNTPS
root@OpenWrt:~# MARKER='JJON''PCOCOU' run true
JJONPCOCOUJJONPCOCOU 0
root@OpenWrt:~# echo 'WYWM''NBKPGP'
WYWMNBKPGP
root@OpenWrt:~# MARKER='YZLN''YEXKZQ' run 'source /etc/os-release; echo $BUILD_I
D'
YZLNYEXKZQr33218-6678487f16
YZLNYEXKZQ 0
root@OpenWrt:~# echo 'UAXH''GHTEXF'
UAXHGHTEXF
root@OpenWrt:~# MARKER='KKHO''WOKMYA' run 'ls /etc/dropbear/dropbear_rsa_host_ke
y'
KKHOWOKMYA[0;0m/etc/dropbear/dropbear_rsa_host_key[m
KKHOWOKMYA 0
root@OpenWrt:~# echo 'NEUG''YUGLVU'
NEUGYUGLVU
root@OpenWrt:~# MARKER='TNEB''AFFLKB' run 'netstat -tlpn | grep 0.0.0.0:22'
TNEBAFFLKBtcp        0      0 0.0.0.0:22              0.0.0.0:*               LISTEN      1730/dropbear
TNEBAFFLKB 0
root@OpenWrt:~# echo 'ZYAN''OQMMVO'
ZYANOQMMVO
root@OpenWrt:~# MARKER='NOYY''XEWBPZ' run 'dmesg | grep br-lan | grep forwarding
'
NOYYXEWBPZ[   34.525843] br-lan: port 1(eth0) entered forwarding state
NOYYXEWBPZ 0
root@OpenWrt:~# echo 'YCXF''KPSMHK'
YCXFKPSMHK
root@OpenWrt:~# MARKER='QPZE''THGLMV' run 'ubus call network.interface.lan statu
s '"'"'{}'"'"''
QPZETHGLMV{
	"up": true,
	"pending": false,
	"available": true,
	"autostart": true,
	"dynamic": false,
	"uptime": 24,
	"l3_device": "br-lan",
	"proto": "static",
	"device": "br-lan",
	"updated": [
		"addresses"
	],
	"metric": 0,
	"dns_metric": 0,
	"delegation": true,
	"ipv4-address": [
		{
			"address": "192.168.1.1",
			"mask": 24
		}
	],
	"ipv6-address": [
		
	],
	"ipv6-prefix": [
		
	],
	"ipv6-prefix-assignment": [
		{
			"address": "fdb6:91bb:7cde::",
			"mask": 60,
			"local-address": {
				"address": "fdb6:91bb:7cde::1",
				"mask": 60
			}
		}
	],
	"route": [
		
	],
	"dns-server": [
		
	],
	"dns-search": [
		
	],
	"neighbors": [
		
	],
	"inactive": {
		"ipv4-address": [
			
		],
		"ipv6-address": [
			
		],
		"route": [
			
		],
		"dns-server": [
			
		],
		"dns-search": [
			
		],
		"neighbors": [
			
		]
	},
	"data": {
		
	}
}
QPZETHGLMV 0
root@OpenWrt:~# echo 'XSEU''WZCXGU'
XSEUWZCXGU
root@OpenWrt:~# MARKER='VWNU''GYYBUK' run 'ip -o addr show dev br-lan'
VWNUGYYBUK4: br-lan    inet 192.168.1.1/24 brd 192.168.1.255 scope global br-lan\       valid_lft forever preferred_lft forever
4: br-lan    inet6 fdb6:91bb:7cde::1/60 scope global noprefixroute \       valid_lft forever preferred_lft forever
4: br-lan    inet6 fe80::5054:ff:fe12:3456/64 scope link \       valid_lft forever preferred_lft forever
VWNUGYYBUK 0
root@OpenWrt:~# echo 'QBEB''YGJXUW'
QBEBYGJXUW
root@OpenWrt:~# MARKER='UAUC''TOCQEQ' run 'ubus call network.interface.wan statu
s '"'"'{}'"'"''
UAUCTOCQEQ{
	"up": true,
	"pending": false,
	"available": true,
	"autostart": true,
	"dynamic": false,
	"uptime": 21,
	"l3_device": "eth1",
	"proto": "dhcp",
	"device": "eth1",
	"updated": [
		"addresses",
		"routes",
		"data"
	],
	"metric": 0,
	"dns_metric": 0,
	"delegation": true,
	"ipv4-address": [
		{
			"address": "10.0.2.15",
			"mask": 24
		}
	],
	"ipv6-address": [
		
	],
	"ipv6-prefix": [
		
	],
	"ipv6-prefix-assignment": [
		
	],
	"route": [
		{
			"target": "0.0.0.0",
			"mask": 0,
			"nexthop": "10.0.2.2",
			"source": "10.0.2.15/32"
		}
	],
	"dns-server": [
		"10.0.2.3"
	],
	"dns-search": [
		
	],
	"neighbors": [
		
	],
	"inactive": {
		"ipv4-address": [
			
		],
		"ipv6-address": [
			
		],
		"route": [
			
		],
		"dns-server": [
			
		],
		"dns-search": [
			
		],
		"neighbors": [
			
		]
	},
	"data": {
		"dhcpserver": "10.0.2.2",
		"leasetime": 86400
	}
}
UAUCTOCQEQ 0
root@OpenWrt:~# 