Labgrid Console Logfile for main
Logfile started at 2026-04-20 03:44:42.194652
=== Log starts here ===
c[?7l[2J[0mSeaBIOS (version 1.16.3-debian-1.16.3-2)


iPXE (https://ipxe.org) 00:03.0 CA00 PCI2.10 PnP PMM+06FCAE70+06F0AE70 CA00
Press Ctrl-B to configure iPXE (PCI 00:03.0)...                                                                               




iPXE (https://ipxe.org) 00:05.0 CB00 PCI2.10 PnP PMM 06FCAE70 06F0AE70 CB00
Press Ctrl-B to configure iPXE (PCI 00:05.0)...                                                                               


Booting from Hard Disk...
GRUB loading.....
[0;30;47mWelcome to GRUB![01;01H[0m[2J[H[J[1;1H[?25l[m[H[J[1;1H[2;30HGNU GRUB  version 2.12

[m[4;2H+----------------------------------------------------------------------------+[5;2H|[5;79H|[6;2H|[6;79H|[7;2H|[7;79H|[8;2H|[8;79H|[9;2H|[9;79H|[10;2H|[10;79H|[11;2H|[11;79H|[12;2H|[12;79H|[13;2H|[13;79H|[14;2H|[14;79H|[15;2H|[15;79H|[16;2H+----------------------------------------------------------------------------+[m[17;2H[18;2H[m     Use the ^ and v keys to select which entry is highlighted.          
      Press enter to boot the selected OS, `e' to edit the commands       
      before booting or `c' for a command-line. ESC to return             
      previous menu.                                                      [5;80H [7m[5;3H*OpenWrt                                                                    [m[5;78H[m[m[6;3H OpenWrt (failsafe)                                                         [m[6;78H[m[m[7;3H                                                                            [m[7;78H[m[m[8;3H                                                                            [m[8;78H[m[m[9;3H                                                                            [m[9;78H[m[m[10;3H                                                                            [m[10;78H[m[m[11;3H                                                                            [m[11;78H[m[m[12;3H                                                                            [m[12;78H[m[m[13;3H                                                                            [m[13;78H[m[m[14;3H                                                                            [m[14;78H[m[m[15;3H                                                                            [m[15;78H[m[15;80H [5;78H[2J[02;30HGNU GRUB  version 2.12[04;02H┌────────────────────────────────────────────────────────────────────────────┐[05;02H│[05;79H│[06;02H│[06;79H│[07;02H│[07;79H│[08;02H│[08;79H│[09;02H│[09;79H│[10;02H│[10;79H│[11;02H│[11;79H│[12;02H│[12;79H│[13;02H│[13;79H│[14;02H│[14;79H│[15;02H│[15;79H│[16;02H│[16;79H│[17;02H└────────────────────────────────────────────────────────────────────────────┘[19;02H     Use the ↑ and ↓ keys to select which entry is highlighted.          
      Press enter to boot the selected OS, `e' to edit the commands       
      before booting or `c' for a command-line. ESC to return             
      previous menu.                                                      [05;80H [05;03H[0;30;47m*OpenWrt                                                                    [06;03H[0m OpenWrt (failsafe)[06;21H[06;22H                                                         [07;03H                                                                            [08;03H                              [08;32H[08;33H                                              [09;03H                                                                            [10;03H                                                                            [11;03H                                                                            [12;03H                                             [12;47H[12;48H                               [13;03H                                                                            [14;03H                                                                            [15;03H                                                                            [16;03H          [16;12H[16;13H                                                                  [16;80H 






   The highlighted entry will be executed automatically in 5s.                [22;1H   The highlighted entry will be executed automatically in 5s.                 [5;78H [05;78H

















   The highlighted entry will be executed automatically in[23;58H[23;59H 4s.                [22;1H   The highlighted entry will be executed automatically in 4s.                 [5;78H [05;78H

















   The highlighted entry will be executed automatically in 3s.                [22;1H   The highlighted entry will be executed automatically in 3s.                 [5;78H [05;78H

















   The highlighted entry will be executed automatically in 2s.                [22;1H   The highlighted entry will be executed automatically in 2s.                 [5;78H [05;78H

















   The highlighted entry will be executed automatically in 1s.                [22;1H   The highlighted entry will be executed automatically in 1s.                 [5;78H [05;78H

















   The highlighted entry will be executed automatically in 0s.                [22;1H   The highlighted entry will be executed automatically in 0s.                 [5;78H [01;01H[2J[?25h[H[J[1;1H[H[J[1;1H[2J   Booting `OpenWrt' Booting `OpenWrt

'

[    0.000000] Linux version 6.12.80 (builder@buildhost) (x86_64-openwrt-linux-musl-gcc (OpenWrt GCC 14.3.0 r34044-773942011d) 14.3.0, GNU ld (GNU Binutils) 2.44) #0 SMP Sun Apr 19 16:46:36 2026
[    0.000000] Command line: BOOT_IMAGE=/boot/vmlinuz root=PARTUUID=87f4496b-02 rootwait console=tty1 console=ttyS0,115200n8 noinitrd
[    0.000000] BIOS-provided physical RAM map:
[    0.000000] BIOS-e820: [mem 0x0000000000000000-0x000000000009fbff] usable
[    0.000000] BIOS-e820: [mem 0x000000000009fc00-0x000000000009ffff] reserved
[    0.000000] BIOS-e820: [mem 0x00000000000f0000-0x00000000000fffff] reserved
[    0.000000] BIOS-e820: [mem 0x0000000000100000-0x0000000007fdcfff] usable
[    0.000000] BIOS-e820: [mem 0x0000000007fdd000-0x0000000007ffffff] reserved
[    0.000000] BIOS-e820: [mem 0x00000000fffc0000-0x00000000ffffffff] reserved
[    0.000000] BIOS-e820: [mem 0x000000fd00000000-0x000000ffffffffff] reserved
[    0.000000] NX (Execute Disable) protection: active
[    0.000000] APIC: Static calls initialized
[    0.000000] SMBIOS 3.0.0 present.
[    0.000000] DMI: QEMU Standard PC (i440FX + PIIX, 1996), BIOS 1.16.3-debian-1.16.3-2 04/01/2014
[    0.000000] DMI: Memory slots populated: 1/1
[    0.000000] tsc: Fast TSC calibration using PIT
[    0.000000] tsc: Detected 2445.408 MHz processor
[    0.007359] last_pfn = 0x7fdd max_arch_pfn = 0x400000000
[    0.007995] MTRR map: 4 entries (3 fixed + 1 variable; max 19), built from 8 variable MTRRs
[    0.008156] x86/PAT: Configuration [0-7]: WB  WC  UC- UC  WB  WP  UC- WT  
[    0.026583] found SMP MP-table at [mem 0x000f5460-0x000f546f]
[    0.027968] Using GB pages for direct mapping
[    0.032452] ACPI: Early table checksum verification disabled
[    0.032802] ACPI: RSDP 0x00000000000F5290 000014 (v00 BOCHS )
[    0.033099] ACPI: RSDT 0x0000000007FE1C64 000034 (v01 BOCHS  BXPC     00000001 BXPC 00000001)
[    0.033597] ACPI: FACP 0x0000000007FE1B18 000074 (v01 BOCHS  BXPC     00000001 BXPC 00000001)
[    0.034202] ACPI: DSDT 0x0000000007FE0040 001AD8 (v01 BOCHS  BXPC     00000001 BXPC 00000001)
[    0.034275] ACPI: FACS 0x0000000007FE0000 000040
[    0.034324] ACPI: APIC 0x0000000007FE1B8C 000078 (v03 BOCHS  BXPC     00000001 BXPC 00000001)
[    0.034344] ACPI: HPET 0x0000000007FE1C04 000038 (v01 BOCHS  BXPC     00000001 BXPC 00000001)
[    0.034362] ACPI: WAET 0x0000000007FE1C3C 000028 (v01 BOCHS  BXPC     00000001 BXPC 00000001)
[    0.034441] ACPI: Reserving FACP table memory at [mem 0x7fe1b18-0x7fe1b8b]
[    0.034490] ACPI: Reserving DSDT table memory at [mem 0x7fe0040-0x7fe1b17]
[    0.034496] ACPI: Reserving FACS table memory at [mem 0x7fe0000-0x7fe003f]
[    0.034501] ACPI: Reserving APIC table memory at [mem 0x7fe1b8c-0x7fe1c03]
[    0.034507] ACPI: Reserving HPET table memory at [mem 0x7fe1c04-0x7fe1c3b]
[    0.034511] ACPI: Reserving WAET table memory at [mem 0x7fe1c3c-0x7fe1c63]
[    0.037487] Zone ranges:
[    0.037515]   DMA      [mem 0x0000000000001000-0x0000000000ffffff]
[    0.037590]   DMA32    [mem 0x0000000001000000-0x0000000007fdcfff]
[    0.037599]   Normal   empty
[    0.037616] Movable zone start for each node
[    0.037650] Early memory node ranges
[    0.037677]   node   0: [mem 0x0000000000001000-0x000000000009efff]
[    0.037730]   node   0: [mem 0x0000000000100000-0x0000000007fdcfff]
[    0.037867] Initmem setup node 0 [mem 0x0000000000001000-0x0000000007fdcfff]
[    0.038904] On node 0, zone DMA: 1 pages in unavailable ranges
[    0.039388] On node 0, zone DMA: 97 pages in unavailable ranges
[    0.041575] On node 0, zone DMA32: 35 pages in unavailable ranges
[    0.041955] ACPI: PM-Timer IO Port: 0x608
[    0.042346] ACPI: LAPIC_NMI (acpi_id[0xff] dfl dfl lint[0x1])
[    0.042750] IOAPIC[0]: apic_id 0, version 32, address 0xfec00000, GSI 0-23
[    0.042887] ACPI: INT_SRC_OVR (bus 0 bus_irq 0 global_irq 2 dfl dfl)
[    0.043133] ACPI: INT_SRC_OVR (bus 0 bus_irq 5 global_irq 5 high level)
[    0.043181] ACPI: INT_SRC_OVR (bus 0 bus_irq 9 global_irq 9 high level)
[    0.043275] ACPI: INT_SRC_OVR (bus 0 bus_irq 10 global_irq 10 high level)
[    0.043283] ACPI: INT_SRC_OVR (bus 0 bus_irq 11 global_irq 11 high level)
[    0.043470] ACPI: Using ACPI (MADT) for SMP configuration information
[    0.043514] ACPI: HPET id: 0x8086a201 base: 0xfed00000
[    0.043915] CPU topo: Max. logical packages:   1
[    0.043931] CPU topo: Max. logical dies:       1
[    0.043940] CPU topo: Max. dies per package:   1
[    0.043984] CPU topo: Max. threads per core:   1
[    0.044132] CPU topo: Num. cores per package:     1
[    0.044147] CPU topo: Num. threads per package:   1
[    0.044155] CPU topo: Allowing 1 present CPUs plus 0 hotplug CPUs
[    0.045441] [mem 0x08000000-0xfffbffff] available for PCI devices
[    0.045510] Booting paravirtualized kernel on bare hardware
[    0.045819] clocksource: refined-jiffies: mask: 0xffffffff max_cycles: 0xffffffff, max_idle_ns: 19112604462750000 ns
[    0.046494] setup_percpu: NR_CPUS:512 nr_cpumask_bits:1 nr_cpu_ids:1 nr_node_ids:1
[    0.048517] percpu: Embedded 50 pages/cpu s167000 r8192 d29608 u2097152
[    0.050848] Kernel command line: BOOT_IMAGE=/boot/vmlinuz root=PARTUUID=87f4496b-02 rootwait console=tty1 console=ttyS0,115200n8 noinitrd
[    0.052465] random: crng init done
[    0.057210] Dentry cache hash table entries: 16384 (order: 5, 131072 bytes, linear)
[    0.058174] Inode-cache hash table entries: 8192 (order: 4, 65536 bytes, linear)
[    0.060860] Built 1 zonelists, mobility grouping on.  Total pages: 32635
[    0.061088] mem auto-init: stack:off, heap alloc:off, heap free:off
[    0.070874] SLUB: HWalign=64, Order=0-3, MinObjects=0, CPUs=1, Nodes=1
[    0.078861] rcu: Hierarchical RCU implementation.
[    0.078891] rcu: 	RCU restricting CPUs from NR_CPUS=512 to nr_cpu_ids=1.
[    0.079041] 	Tracing variant of Tasks RCU enabled.
[    0.079133] rcu: RCU calculated value of scheduler-enlistment delay is 10 jiffies.
[    0.079164] rcu: Adjusting geometry for rcu_fanout_leaf=16, nr_cpu_ids=1
[    0.080299] RCU Tasks Trace: Setting shift to 0 and lim to 1 rcu_task_cb_adjust=1 rcu_task_cpu_ids=1.
[    0.080429] NR_IRQS: 33024, nr_irqs: 256, preallocated irqs: 16
[    0.089253] rcu: srcu_init: Setting srcu_struct sizes based on contention.
[    0.096107] Console: colour VGA+ 80x25
[    0.096531] printk: legacy console [tty1] enabled
[    0.104451] printk: legacy console [ttyS0] enabled
[    0.347265] ACPI: Core revision 20240827
[    0.352439] clocksource: hpet: mask: 0xffffffff max_cycles: 0xffffffff, max_idle_ns: 19112604467 ns
[    0.361929] APIC: Switch to symmetric I/O mode setup
[    0.366301] ..TIMER: vector=0x30 apic1=0 pin1=2 apic2=-1 pin2=-1
[    0.409046] clocksource: tsc-early: mask: 0xffffffffffffffff max_cycles: 0x233fc6bd520, max_idle_ns: 440795230742 ns
[    0.409674] Calibrating delay loop (skipped), value calculated using timer frequency.. 4890.81 BogoMIPS (lpj=24454080)
[    0.411506] x86/cpu: User Mode Instruction Prevention (UMIP) activated
[    0.429595] Last level iTLB entries: 4KB 0, 2MB 0, 4MB 0
[    0.429999] Last level dTLB entries: 4KB 0, 2MB 0, 4MB 0, 1GB 0
[    0.431042] Spectre V1 : Mitigation: usercopy/swapgs barriers and __user pointer sanitization
[    0.432096] Spectre V2 : Mitigation: Retpolines
[    0.432319] Spectre V2 : Spectre v2 / SpectreRSB: Filling RSB on context switch and VMEXIT
[    0.432762] Speculative Store Bypass: Vulnerable
[    0.441645] x86/fpu: Supporting XSAVE feature 0x001: 'x87 floating point registers'
[    0.446406] x86/fpu: Supporting XSAVE feature 0x002: 'SSE registers'
[    0.446663] x86/fpu: Supporting XSAVE feature 0x004: 'AVX registers'
[    0.450667] x86/fpu: Supporting XSAVE feature 0x008: 'MPX bounds registers'
[    0.452108] x86/fpu: Supporting XSAVE feature 0x010: 'MPX CSR'
[    0.452750] x86/fpu: xstate_offset[2]:  576, xstate_sizes[2]:  256
[    0.453098] x86/fpu: xstate_offset[3]:  960, xstate_sizes[3]:   64
[    0.453312] x86/fpu: xstate_offset[4]: 1024, xstate_sizes[4]:   64
[    0.459608] x86/fpu: Enabled xstate features 0x1f, context size is 1088 bytes, using 'standard' format.
[    0.696286] Freeing SMP alternatives memory: 40K
[    0.697074] pid_max: default: 32768 minimum: 301
[    0.705793] Mount-cache hash table entries: 512 (order: 0, 4096 bytes, linear)
[    0.706195] Mountpoint-cache hash table entries: 512 (order: 0, 4096 bytes, linear)
[    0.858326] smpboot: CPU0: AMD QEMU TCG CPU version 2.5+ (family: 0x6, model: 0x6, stepping: 0x3)
[    0.886243] Performance Events: PMU not available due to virtualization, using software events only.
[    0.887626] signal: max sigframe size: 1616
[    0.889407] rcu: Hierarchical SRCU implementation.
[    0.889618] rcu: 	Max phase no-delay instances is 1000.
[    0.894676] smp: Bringing up secondary CPUs ...
[    0.898838] smp: Brought up 1 node, 1 CPU
[    0.899145] smpboot: Total of 1 processors activated (4890.81 BogoMIPS)
[    0.907101] Memory: 103200K/130540K available (14336K kernel code, 1167K rwdata, 3984K rodata, 1496K init, 1312K bss, 25628K reserved, 0K cma-reserved)
[    0.920494] clocksource: jiffies: mask: 0xffffffff max_cycles: 0xffffffff, max_idle_ns: 19112604462750000 ns
[    0.921317] futex hash table entries: 256 (order: 2, 16384 bytes, linear)
[    0.922531] pinctrl core: initialized pinctrl subsystem
[    0.941309] NET: Registered PF_NETLINK/PF_ROUTE protocol family
[    0.947292] thermal_sys: Registered thermal governor 'step_wise'
[    0.947329] thermal_sys: Registered thermal governor 'user_space'
[    0.948288] cpuidle: using governor ladder
[    0.948780] cpuidle: using governor menu
[    0.951157] acpiphp: ACPI Hot Plug PCI Controller Driver version: 0.5
[    0.953917] PCI: Using configuration type 1 for base access
[    0.965244] cryptd: max_cpu_qlen set to 1000
[    0.971013] ACPI: Added _OSI(Module Device)
[    0.971232] ACPI: Added _OSI(Processor Device)
[    0.971398] ACPI: Added _OSI(Processor Aggregator Device)
[    0.985627] ACPI: 1 ACPI AML tables successfully acquired and loaded
[    1.002548] ACPI: Interpreter enabled
[    1.003317] ACPI: PM: (supports S0 S5)
[    1.003521] ACPI: Using IOAPIC for interrupt routing
[    1.004054] PCI: Using host bridge windows from ACPI; if necessary, use "pci=nocrs" and report a bug
[    1.004429] PCI: Using E820 reservations for host bridge windows
[    1.011376] ACPI: Enabled 2 GPEs in block 00 to 0F
[    1.047068] ACPI: PCI Root Bridge [PCI0] (domain 0000 [bus 00-ff])
[    1.047933] acpi PNP0A03:00: _OSC: OS supports [ASPM ClockPM Segments MSI HPX-Type3]
[    1.048391] acpi PNP0A03:00: _OSC: not requesting OS control; OS requires [ExtendedConfig ASPM ClockPM MSI]
[    1.049248] acpi PNP0A03:00: fail to add MMCONFIG information, can't access extended configuration space under this bridge
[    1.062584] acpiphp: Slot [3] registered
[    1.062906] acpiphp: Slot [4] registered
[    1.063160] acpiphp: Slot [5] registered
[    1.063429] acpiphp: Slot [6] registered
[    1.068905] acpiphp: Slot [7] registered
[    1.069728] acpiphp: Slot [8] registered
[    1.069981] acpiphp: Slot [9] registered
[    1.070250] acpiphp: Slot [10] registered
[    1.070500] acpiphp: Slot [11] registered
[    1.070745] acpiphp: Slot [12] registered
[    1.079864] acpiphp: Slot [13] registered
[    1.080304] acpiphp: Slot [14] registered
[    1.080612] acpiphp: Slot [15] registered
[    1.080853] acpiphp: Slot [16] registered
[    1.081090] acpiphp: Slot [17] registered
[    1.081387] acpiphp: Slot [18] registered
[    1.089860] acpiphp: Slot [19] registered
[    1.090296] acpiphp: Slot [20] registered
[    1.090614] acpiphp: Slot [21] registered
[    1.090863] acpiphp: Slot [22] registered
[    1.091151] acpiphp: Slot [23] registered
[    1.091407] acpiphp: Slot [24] registered
[    1.099850] acpiphp: Slot [25] registered
[    1.100307] acpiphp: Slot [26] registered
[    1.100602] acpiphp: Slot [27] registered
[    1.100844] acpiphp: Slot [28] registered
[    1.101165] acpiphp: Slot [29] registered
[    1.101440] acpiphp: Slot [30] registered
[    1.109828] acpiphp: Slot [31] registered
[    1.110515] PCI host bridge to bus 0000:00
[    1.111048] pci_bus 0000:00: root bus resource [io  0x0000-0x0cf7 window]
[    1.111411] pci_bus 0000:00: root bus resource [io  0x0d00-0xffff window]
[    1.111644] pci_bus 0000:00: root bus resource [mem 0x000a0000-0x000bffff window]
[    1.119744] pci_bus 0000:00: root bus resource [mem 0x08000000-0xfebfffff window]
[    1.120176] pci_bus 0000:00: root bus resource [mem 0x100000000-0x17fffffff window]
[    1.120650] pci_bus 0000:00: root bus resource [bus 00-ff]
[    1.131100] pci 0000:00:00.0: [8086:1237] type 00 class 0x060000 conventional PCI endpoint
[    1.140606] pci 0000:00:01.0: [8086:7000] type 00 class 0x060100 conventional PCI endpoint
[    1.141518] pci 0000:00:01.1: [8086:7010] type 00 class 0x010180 conventional PCI endpoint
[    1.148794] pci 0000:00:01.1: BAR 4 [io  0xc0e0-0xc0ef]
[    1.150137] pci 0000:00:01.1: BAR 0 [io  0x01f0-0x01f7]: legacy IDE quirk
[    1.150423] pci 0000:00:01.1: BAR 1 [io  0x03f6]: legacy IDE quirk
[    1.150676] pci 0000:00:01.1: BAR 2 [io  0x0170-0x0177]: legacy IDE quirk
[    1.157083] pci 0000:00:01.1: BAR 3 [io  0x0376]: legacy IDE quirk
[    1.158327] pci 0000:00:01.3: [8086:7113] type 00 class 0x068000 conventional PCI endpoint
[    1.158965] pci 0000:00:01.3: quirk: [io  0x0600-0x063f] claimed by PIIX4 ACPI
[    1.159291] pci 0000:00:01.3: quirk: [io  0x0700-0x070f] claimed by PIIX4 SMB
[    1.160351] pci 0000:00:02.0: [1234:1111] type 00 class 0x030000 conventional PCI endpoint
[    1.169827] pci 0000:00:02.0: BAR 0 [mem 0xfd000000-0xfdffffff pref]
[    1.171311] pci 0000:00:02.0: BAR 2 [mem 0xfeb90000-0xfeb90fff]
[    1.181163] pci 0000:00:02.0: ROM [mem 0xfeb80000-0xfeb8ffff pref]
[    1.181629] pci 0000:00:02.0: Video device with shadowed ROM at [mem 0x000c0000-0x000dffff]
[    1.182601] pci 0000:00:03.0: [1af4:1000] type 00 class 0x020000 conventional PCI endpoint
[    1.190387] pci 0000:00:03.0: BAR 0 [io  0xc080-0xc09f]
[    1.192965] pci 0000:00:03.0: BAR 4 [mem 0xfe000000-0xfe003fff 64bit pref]
[    1.194178] pci 0000:00:03.0: ROM [mem 0xfea80000-0xfeafffff pref]
[    1.199131] pci 0000:00:04.0: [1af4:1005] type 00 class 0x00ff00 conventional PCI endpoint
[    1.200491] pci 0000:00:04.0: BAR 0 [io  0xc0a0-0xc0bf]
[    1.201347] pci 0000:00:04.0: BAR 1 [mem 0xfeb91000-0xfeb91fff]
[    1.204157] pci 0000:00:04.0: BAR 4 [mem 0xfe004000-0xfe007fff 64bit pref]
[    1.210272] pci 0000:00:05.0: [1af4:1000] type 00 class 0x020000 conventional PCI endpoint
[    1.212469] pci 0000:00:05.0: BAR 0 [io  0xc0c0-0xc0df]
[    1.213199] pci 0000:00:05.0: BAR 1 [mem 0xfeb92000-0xfeb92fff]
[    1.215066] pci 0000:00:05.0: BAR 4 [mem 0xfe008000-0xfe00bfff 64bit pref]
[    1.215903] pci 0000:00:05.0: ROM [mem 0xfeb00000-0xfeb7ffff pref]
[    1.223387] pci 0000:00:06.0: [1af4:1001] type 00 class 0x010000 conventional PCI endpoint
[    1.224161] pci 0000:00:06.0: BAR 0 [io  0xc000-0xc07f]
[    1.224841] pci 0000:00:06.0: BAR 1 [mem 0xfeb93000-0xfeb93fff]
[    1.231282] pci 0000:00:06.0: BAR 4 [mem 0xfe00c000-0xfe00ffff 64bit pref]
[    1.243119] ACPI: PCI: Interrupt link LNKA configured for IRQ 10
[    1.243980] ACPI: PCI: Interrupt link LNKB configured for IRQ 10
[    1.244624] ACPI: PCI: Interrupt link LNKC configured for IRQ 11
[    1.246344] ACPI: PCI: Interrupt link LNKD configured for IRQ 11
[    1.246761] ACPI: PCI: Interrupt link LNKS configured for IRQ 9
[    1.250284] iommu: Default domain type: Translated
[    1.250508] iommu: DMA domain TLB invalidation policy: lazy mode
[    1.253129] SCSI subsystem initialized
[    1.257527] ACPI: bus type USB registered
[    1.258037] usbcore: registered new interface driver usbfs
[    1.258565] usbcore: registered new interface driver hub
[    1.258911] usbcore: registered new device driver usb
[    1.259471] pps_core: LinuxPPS API ver. 1 registered
[    1.259695] pps_core: Software ver. 5.3.6 - Copyright 2005-2007 Rodolfo Giometti <giometti@linux.it>
[    1.260314] PTP clock support registered
[    1.279439] PCI: Using ACPI for IRQ routing
[    1.281812] hpet0: at MMIO 0xfed00000, IRQs 2, 8, 0
[    1.282082] hpet0: 3 comparators, 64-bit 100.000000 MHz counter
[    1.287732] clocksource: Switched to clocksource tsc-early
[    1.287732] pnp: PnP ACPI init
[    1.287732] pnp: PnP ACPI: found 6 devices
[    1.300821] clocksource: acpi_pm: mask: 0xffffff max_cycles: 0xffffff, max_idle_ns: 2085701024 ns
[    1.303013] NET: Registered PF_INET protocol family
[    1.304216] IP idents hash table entries: 2048 (order: 2, 16384 bytes, linear)
[    1.309598] tcp_listen_portaddr_hash hash table entries: 256 (order: 0, 4096 bytes, linear)
[    1.311628] Table-perturb hash table entries: 65536 (order: 6, 262144 bytes, linear)
[    1.312130] TCP established hash table entries: 1024 (order: 1, 8192 bytes, linear)
[    1.312661] TCP bind hash table entries: 1024 (order: 3, 32768 bytes, linear)
[    1.322506] TCP: Hash tables configured (established 1024 bind 1024)
[    1.324421] MPTCP token hash table entries: 256 (order: 1, 6144 bytes, linear)
[    1.324944] UDP hash table entries: 256 (order: 1, 8192 bytes, linear)
[    1.325412] UDP-Lite hash table entries: 256 (order: 1, 8192 bytes, linear)
[    1.334802] NET: Registered PF_UNIX/PF_LOCAL protocol family
[    1.335974] pci_bus 0000:00: resource 4 [io  0x0000-0x0cf7 window]
[    1.336210] pci_bus 0000:00: resource 5 [io  0x0d00-0xffff window]
[    1.336444] pci_bus 0000:00: resource 6 [mem 0x000a0000-0x000bffff window]
[    1.344411] pci_bus 0000:00: resource 7 [mem 0x08000000-0xfebfffff window]
[    1.344744] pci_bus 0000:00: resource 8 [mem 0x100000000-0x17fffffff window]
[    1.345500] pci 0000:00:01.0: PIIX3: Enabling Passive Release
[    1.345806] pci 0000:00:00.0: Limiting direct PCI/PCI transfers
[    1.355855] PCI: CLS 0 bytes, default 64
[    1.375454] workingset: timestamp_bits=46 max_order=15 bucket_order=0
[    1.377871] squashfs: version 4.0 (2009/01/31) Phillip Lougher
[    1.380599] Block layer SCSI generic (bsg) driver version 0.4 loaded (major 247)
[    1.384729] hv_vmbus: registering driver hyperv_fb
[    1.389343] input: Power Button as /devices/LNXSYSTM:00/LNXPWRBN:00/input/input0
[    1.397605] ACPI: button: Power Button [PWRF]
[    1.557345] ACPI: \_SB_.LNKC: Enabled at IRQ 11
[    1.710682] ACPI: \_SB_.LNKD: Enabled at IRQ 10
[    1.862339] ACPI: \_SB_.LNKA: Enabled at IRQ 10
[    2.013129] ACPI: \_SB_.LNKB: Enabled at IRQ 11
[    2.015115] Serial: 8250/16550 driver, 16 ports, IRQ sharing enabled
[    2.040060] 00:04: ttyS0 at I/O 0x3f8 (irq = 4, base_baud = 115200) is a 16550A
[    2.066865] Non-volatile memory driver v1.3
[    2.078408] Linux agpgart interface v0.103
[    2.079466] ACPI: bus type drm_connector registered
[    2.082472] [drm] Found bochs VGA, ID 0xb0c5.
[    2.082684] [drm] Framebuffer size 16384 kB @ 0xfd000000, mmio @ 0xfeb90000.
[    2.088421] [drm] Found EDID data blob.
[    2.094191] [drm] Initialized bochs-drm 1.0.0 for 0000:00:02.0 on minor 0
[    2.162260] Console: switching to colour frame buffer device 160x50
[    2.171516] bochs-drm 0000:00:02.0: [drm] fb0: bochs-drmdrmfb frame buffer device
[    2.206802] loop: module loaded
[    2.207508] virtio_blk virtio3: 1/0/0 default/read/poll queues
[    2.212223] virtio_blk virtio3: [vda] 246784 512-byte logical blocks (126 MB/121 MiB)
[    2.221667]  vda: vda1 vda2
[    2.223704] Guest personality initialized and is inactive
[    2.224280] VMCI host device registered (name=vmci, major=10, minor=256)
[    2.224579] Initialized host personality
[    2.224930] usbcore: registered new interface driver rtsx_usb
[    2.233414] VMware PVSCSI driver - version 1.0.7.0-k
[    2.233760] hv_vmbus: registering driver hv_storvsc
[    2.249791] scsi host0: ata_piix
[    2.252491] scsi host1: ata_piix
[    2.253303] ata1: PATA max MWDMA2 cmd 0x1f0 ctl 0x3f6 bmdma 0xc0e0 irq 14 lpm-pol 0
[    2.253643] ata2: PATA max MWDMA2 cmd 0x170 ctl 0x376 bmdma 0xc0e8 irq 15 lpm-pol 0
[    2.262938] VMware vmxnet3 virtual NIC driver - version 1.9.0.0-k-NAPI
[    2.263530] hv_vmbus: registering driver hv_netvsc
[    2.263987] Fusion MPT base driver 3.04.20
[    2.264155] Copyright (c) 1999-2008 LSI Corporation
[    2.264550] Fusion MPT SPI Host driver 3.04.20
[    2.273852] Fusion MPT SAS Host driver 3.04.20
[    2.276035] usbcore: registered new interface driver usb-storage
[    2.277280] i8042: PNP: PS/2 Controller [PNP0303:KBD,PNP0f13:MOU] at 0x60,0x64 irq 1,12
[    2.280706] serio: i8042 KBD port at 0x60,0x64 irq 1
[    2.281088] serio: i8042 AUX port at 0x60,0x64 irq 12
[    2.287736] hv_vmbus: registering driver hyperv_keyboard
[    2.290291] rtc_cmos 00:05: RTC can wake from S4
[    2.295229] rtc_cmos 00:05: registered as rtc0
[    2.298328] rtc_cmos 00:05: setting system clock to 2026-04-20T03:44:54 UTC (1776656694)
[    2.300912] rtc_cmos 00:05: alarms up to one day, y3k, 242 bytes nvram, hpet irqs
[    2.303574] intel_powerclamp: CPU does not support MWAIT
[    2.305794] amd_pstate: the _CPC object is not present in SBIOS or ACPI disabled
[    2.309665] sdhci: Secure Digital Host Controller Interface driver
[    2.311704] sdhci: Copyright(c) Pierre Ossman
[    2.314035] VUB300 Driver rom wait states = 1C irqpoll timeout = 0400
[    2.320834] input: AT Translated Set 2 keyboard as /devices/platform/i8042/serio0/input/input1
[    2.343853] usbcore: registered new interface driver vub300
[    2.346040] usbcore: registered new interface driver ushc
[    2.353754] hid: raw HID events driver (C) Jiri Kosina
[    2.356472] hv_vmbus: registering driver hid_hyperv
[    2.359140] usbcore: registered new interface driver usbhid
[    2.361271] usbhid: USB HID core driver
[    2.363386] hv_utils: Registering HyperV Utility Driver
[    2.365380] hv_vmbus: registering driver hv_utils
[    2.367643] hv_vmbus: registering driver hv_balloon
[    2.371081] NET: Registered PF_INET6 protocol family
[    2.385877] Segment Routing with IPv6
[    2.387989] In-situ OAM (IOAM) with IPv6
[    2.390464] NET: Registered PF_PACKET protocol family
[    2.392897] bridge: filtering via arp/ip/ip6tables is no longer available by default. Update your scripts to load br_netfilter if you need this.
[    2.402543] 8021q: 802.1Q VLAN Support v1.8
[    2.405078] NET: Registered PF_VSOCK protocol family
[    2.413986] IPI shorthand broadcast: enabled
[    2.420808] AES CTR mode by8 optimization enabled
[    2.441825] sched_clock: Marking stable (2180053597, 259771022)->(2455217612, -15392993)
[    2.478632] tsc: Refined TSC clocksource calibration: 2445.410 MHz
[    2.481095] clocksource: tsc: mask: 0xffffffffffffffff max_cycles: 0x233fc88f423, max_idle_ns: 440795289274 ns
[    2.495483] ata2: found unknown device (class 0)
[    2.532662] clocksource: Switched to clocksource tsc
[    2.538865] ata2.00: ATAPI: QEMU DVD-ROM, 2.5+, max UDMA/100
[    2.556210] scsi 1:0:0:0: CD-ROM            QEMU     QEMU DVD-ROM     2.5+ PQ: 0 ANSI: 5
[    2.567606] clk: Disabling unused clocks
[    2.621926] sr 1:0:0:0: [sr0] scsi3-mmc drive: 4x/4x cd/rw xa/form2 tray
[    2.624607] cdrom: Uniform CD-ROM driver Revision: 3.20
[    2.682507] VFS: Mounted root (squashfs filesystem) readonly on device 254:2.
[    2.752283] Freeing unused kernel image (initmem) memory: 1496K
[    2.754849] Write protecting the kernel read-only data: 18432k
[    2.758119] Freeing unused kernel image (rodata/data gap) memory: 112K
[    2.760827] Run /sbin/init as init process
[    3.070308] init: Console is alive
[    3.770684] kmodloader: loading kernel modules from /etc/modules-boot.d/*
[    3.846410] button_hotplug: loading out-of-tree module taints kernel.
[    3.853294] Button Hotplug driver version 0.4.1
[    3.873482] Intel(R) 2.5G Ethernet Linux Driver
[    3.875893] Copyright(c) 2018 Intel Corporation.
[    3.891573] igb: Intel(R) Gigabit Ethernet Network Driver
[    3.894167] igb: Copyright (c) 2007-2014 Intel Corporation.
[    3.911180] e1000e: Intel(R) PRO/1000 Network Driver
[    3.913555] e1000e: Copyright(c) 1999 - 2015 Intel Corporation.
[    3.927093] kmodloader: done loading kernel modules from /etc/modules-boot.d/*
[    3.946651] init: - preinit -
[    4.950335] 8021q: adding VLAN 0 to HW filter on device eth0
Press the [f] key and hit [enter] to enter failsafe mode
Press the [1], [2], [3] or [4] key and hit [enter] to select the debug level

[    9.564699] loop0: detected capacity change from 0 to 212992
[    9.620248] loop0: detected capacity change from 212992 to 199680
[    9.633049] mount_root: overlay filesystem in /dev/loop0 has not been formatted yet
[    9.993471] EXT4-fs (loop0): mounted filesystem 114ef253-6b52-462c-9826-4c352f4f3691 r/w with ordered data mode. Quota mode: disabled.
[   10.007218] mount_root: overlay filesystem has not been fully initialized yet
[   10.025634] mount_root: switching to ext4 overlay
[   10.046631] overlayfs: null uuid detected in lower fs '/', falling back to xino=off,index=off,nfs_export=off.
[   10.788243] EXT4-fs (vda1): mounted filesystem 84173db5-fa99-e35a-95c6-28613cc79ea9 r/w without journal. Quota mode: disabled.
[   10.811898] urandom-seed: Seed file not found (/etc/urandom.seed)
[   10.958038] procd: - early -
[   11.704832] procd: - ubus -
[   11.884878] procd: - init -
Please press Enter to activate this console.
root
login[1051]: root login on 'ttyS0'


BusyBox v1.37.0 (2026-04-18 20:43:12 UTC) built-in shell (ash)

  _______                     ________        __
 |       |.-----.-----.-----.|  |  |  |.----.|  |_
 |   -   ||  _  |  -__|     ||  |  |  ||   _||   _|
 |_______||   __|_____|__|__||________||__|  |____|
          |__| W I R E L E S S   F R E E D O M
 -----------------------------------------------------
 OpenWrt SNAPSHOT, r34044-773942011d
 -----------------------------------------------------

 === WARNING! =====================================
 There is no root password defined on this device!
 Use the "passwd" command to set up a new password
 in order to prevent unauthorized SSH logins.
 --------------------------------------------------

  ___   __ __                _______             __
 |   |_|__|  |--.----.-----.|   |   |-----.-----|  |--.
 |     |  |  _  |   _|  -__||       |  -__|__ --|     |
 |_____|__|_____|__| |_____||__|_|__|_____|_____|__|__|

 ------------------------------------------------------
 LiMe master development (master rev. aebe482 20260416_0843)
 ------------------------------------------------------
 https://libremesh.org
 ------------------------------------------------------
root@(none):~# dmesg -n 1
root@(none):~# echo 'EEQY''CGQYME'
EEQYCGQYME
root@LiMe-123456:~# run() { echo -n "$MARKER"; sh -c "$@"; echo "$MARKER $?"; }
root@LiMe-123456:~# echo 'OHLP''SKFBXT'
OHLPSKFBXT
root@LiMe-123456:~# MARKER='OSZN''ZNNFGC' run 'ubus wait_for network.interface.l
an'
OSZNZNNFGCOSZNZNNFGC 0
root@LiMe-123456:~# echo 'EVFZ''TLEMPM'
EVFZTLEMPM
root@LiMe-123456:~# MARKER='VXCZ''WZFUQV' run 'ubus call network.interface.lan s
tatus '"'"'{}'"'"''
VXCZWZFUQV{
	"up": true,
	"pending": false,
	"available": true,
	"autostart": true,
	"dynamic": false,
	"uptime": 0,
	"l3_device": "br-lan",
	"proto": "static",
	"device": "br-lan",
	"updated": [
		"addresses"
	],
	"metric": 0,
	"dns_metric": 0,
	"delegation": true,
	"ipv4-address": [
		{
			"address": "10.13.52.86",
			"mask": 16
		}
	],
	"ipv6-address": [
		{
			"address": "fd0d:fe46:8ce8::12:3456",
			"mask": 64
		}
	],
	"ipv6-prefix": [
		
	],
	"ipv6-prefix-assignment": [
		
	],
	"route": [
		
	],
	"dns-server": [
		
	],
	"dns-search": [
		
	],
	"neighbors": [
		
	],
	"inactive": {
		"ipv4-address": [
			
		],
		"ipv6-address": [
			
		],
		"route": [
			
		],
		"dns-server": [
			
		],
		"dns-search": [
			
		],
		"neighbors": [
			
		]
	},
	"data": {
		
	}
}
VXCZWZFUQV 0
root@LiMe-123456:~# echo 'MCSL''NJYZEY'
MCSLNJYZEY
root@LiMe-123456:~# MARKER='SNSB''JNHQKS' run true
SNSBJNHQKSSNSBJNHQKS 0
root@LiMe-123456:~# echo 'GGAP''OCZGLC'
GGAPOCZGLC
root@LiMe-123456:~# MARKER='EGKS''GWLTNF' run 'source /etc/os-release; echo $BUI
LD_ID'
EGKSGWLTNFr34044-773942011d
EGKSGWLTNF 0
root@LiMe-123456:~# echo 'TZXK''GXZQFS'
TZXKGXZQFS
root@LiMe-123456:~# MARKER='GFJV''CMHWKX' run 'ls /etc/dropbear/dropbear_rsa_hos
t_key'
GFJVCMHWKX[0;0m/etc/dropbear/dropbear_rsa_host_key[m
GFJVCMHWKX 0
root@LiMe-123456:~# echo 'XXYF''WKKOLY'
XXYFWKKOLY
root@LiMe-123456:~# MARKER='ESBZ''BJGMLC' run 'netstat -tlpn | grep 0.0.0.0:22'
ESBZBJGMLCnetstat: showing only processes with your user ID
tcp        0      0 0.0.0.0:22              0.0.0.0:*               LISTEN      2151/dropbear
ESBZBJGMLC 0
root@LiMe-123456:~# echo 'EKTX''FOYYAX'
EKTXFOYYAX
root@LiMe-123456:~# MARKER='CPUT''GKETPB' run 'dmesg | grep br-lan | grep forwar
ding'
CPUTGKETPB[   54.261192] br-lan: port 1(eth0) entered forwarding state
[   57.526021] br-lan: port 2(bat0) entered forwarding state
CPUTGKETPB 0
root@LiMe-123456:~# echo 'PYMP''WUCHEH'
PYMPWUCHEH
root@LiMe-123456:~# MARKER='FYNZ''ALXCHA' run 'ubus call network.interface.lan s
tatus '"'"'{}'"'"''
FYNZALXCHA{
	"up": true,
	"pending": false,
	"available": true,
	"autostart": true,
	"dynamic": false,
	"uptime": 41,
	"l3_device": "br-lan",
	"proto": "static",
	"device": "br-lan",
	"updated": [
		"addresses"
	],
	"metric": 0,
	"dns_metric": 0,
	"delegation": true,
	"ipv4-address": [
		{
			"address": "10.13.52.86",
			"mask": 16
		}
	],
	"ipv6-address": [
		{
			"address": "fd0d:fe46:8ce8::12:3456",
			"mask": 64
		}
	],
	"ipv6-prefix": [
		
	],
	"ipv6-prefix-assignment": [
		
	],
	"route": [
		
	],
	"dns-server": [
		
	],
	"dns-search": [
		
	],
	"neighbors": [
		
	],
	"inactive": {
		"ipv4-address": [
			
		],
		"ipv6-address": [
			
		],
		"route": [
			
		],
		"dns-server": [
			
		],
		"dns-search": [
			
		],
		"neighbors": [
			
		]
	},
	"data": {
		
	}
}
FYNZALXCHA 0
root@LiMe-12345