Labgrid Console Logfile for main
Logfile started at 2026-04-16 03:37:19.785042
=== Log starts here ===
c[?7l[2J[0mSeaBIOS (version 1.16.3-debian-1.16.3-2)


iPXE (https://ipxe.org) 00:03.0 CA00 PCI2.10 PnP PMM+06FCAE70+06F0AE70 CA00
Press Ctrl-B to configure iPXE (PCI 00:03.0)...                                                                               




iPXE (https://ipxe.org) 00:05.0 CB00 PCI2.10 PnP PMM 06FCAE70 06F0AE70 CB00
Press Ctrl-B to configure iPXE (PCI 00:05.0)...                                                                               


Booting from Hard Disk...
GRUB loading.....
[0;30;47mWelcome to GRUB![01;01H[0m[2J[H[J[1;1H[?25l[m[H[J[1;1H[2;30HGNU GRUB  version 2.12

[m[4;2H+----------------------------------------------------------------------------+[5;2H|[5;79H|[6;2H|[6;79H|[7;2H|[7;79H|[8;2H|[8;79H|[9;2H|[9;79H|[10;2H|[10;79H|[11;2H|[11;79H|[12;2H|[12;79H|[13;2H|[13;79H|[14;2H|[14;79H|[15;2H|[15;79H|[16;2H+----------------------------------------------------------------------------+[m[17;2H[18;2H[m     Use the ^ and v keys to select which entry is highlighted.          
      Press enter to boot the selected OS, `e' to edit the commands       
      before booting or `c' for a command-line. ESC to return             
      previous menu.                                                      [5;80H [7m[5;3H*OpenWrt                                                                    [m[5;78H[m[m[6;3H OpenWrt (failsafe)                                                         [m[6;78H[m[m[7;3H                                                                            [m[7;78H[m[m[8;3H                                                                            [m[8;78H[m[m[9;3H                                                                            [m[9;78H[m[m[10;3H                                                                            [m[10;78H[m[m[11;3H                                                                            [m[11;78H[m[m[12;3H                                                                            [m[12;78H[m[m[13;3H                                                                            [m[13;78H[m[m[14;3H                                                                            [m[14;78H[m[m[15;3H                                                                            [m[15;78H[m[15;80H [5;78H[2J[02;30HGNU G[02;34H[02;35HRUB  version 2.12[04;02H┌────────────────────────────────────────────────────────────────────────────┐[05;02H│[05;79H│[06;02H│[06;79H│[07;02H│[07;79H│[08;02H│[08;79H│[09;02H│[09;79H│[10;02H│[10;79H│[11;02H│[11;79H│[12;02H│[12;79H│[13;02H│[13;79H│[14;02H│[14;79H│[15;02H│[15;79H│[16;02H│[16;79H│[17;02H└────────────────────────[17;26H[17;27H────────────────────────────────────────────────────┘[19;02H     Use the ↑ and ↓ keys to select which entry is highlighted.          
      Press enter to boot the selected OS, `e' to edit the commands       
      before booting or `c' for a command-line. ESC to return             
      previous menu.                         [22;45H[22;46H                             [05;80H [05;03H[0;30;47m*OpenWrt                                                                    [06;03H[0m OpenWrt (failsafe)                                  [06;55H[06;56H                       [07;03H                                                                            [08;03H                                                                            [09;03H                                                                            [10;03H                                                                      [10;72H[10;73H      [11;03H                                                                            [12;03H                                                                            [13;03H                                                                            [14;03H                                                                            [15;03H                                                                            [16;03H                                                                            [16;80H 






   The highlighted entry will be executed automatically in 5s.                [22;1H   The highlighted entry will be executed automatically in 5s.                 [5;78H [05;78H

















   The highlighted entry will be executed automatically in 4s.                [22;1H   The highlighted entry will be executed automatically in 4s.                 [5;78H [05;78H

















   The highlighted entry will be executed automatically in 3s.                [22;1H   The highlighted entry will be executed automatically in 3s.                 [5;78H [05;78H

















   The highlighted entry will be executed automatically in 2s.                [22;1H   The highlighted entry will be executed automatically in 2s.                 [5;78H [05;78H

















   The highlighted entry will be executed automatically in 1s.                [22;1H   The highlighted entry will be executed automatically in 1s.                 [5;78H [05;78H

















   The highlighted entry will be executed automatically in 0s.                [22;1H   The highlighted entry will be executed automatically in 0s.                 [5;78H [01;01H[2J[?25h[H[J[1;1H[H[J[1;1H[2J   Booting `OpenWrt' Booting `OpenWrt

'

[    0.000000] Linux version 6.12.80 (builder@buildhost) (x86_64-openwrt-linux-musl-gcc (OpenWrt GCC 14.3.0 r33960-70ad03e0ac) 14.3.0, GNU ld (GNU Binutils) 2.44) #0 SMP Wed Apr 15 12:46:25 2026
[    0.000000] Command line: BOOT_IMAGE=/boot/vmlinuz root=PARTUUID=9d4504ec-02 rootwait console=tty1 console=ttyS0,115200n8 noinitrd
[    0.000000] BIOS-provided physical RAM map:
[    0.000000] BIOS-e820: [mem 0x0000000000000000-0x000000000009fbff] usable
[    0.000000] BIOS-e820: [mem 0x000000000009fc00-0x000000000009ffff] reserved
[    0.000000] BIOS-e820: [mem 0x00000000000f0000-0x00000000000fffff] reserved
[    0.000000] BIOS-e820: [mem 0x0000000000100000-0x0000000007fdcfff] usable
[    0.000000] BIOS-e820: [mem 0x0000000007fdd000-0x0000000007ffffff] reserved
[    0.000000] BIOS-e820: [mem 0x00000000fffc0000-0x00000000ffffffff] reserved
[    0.000000] BIOS-e820: [mem 0x000000fd00000000-0x000000ffffffffff] reserved
[    0.000000] NX (Execute Disable) protection: active
[    0.000000] APIC: Static calls initialized
[    0.000000] SMBIOS 3.0.0 present.
[    0.000000] DMI: QEMU Standard PC (i440FX + PIIX, 1996), BIOS 1.16.3-debian-1.16.3-2 04/01/2014
[    0.000000] DMI: Memory slots populated: 1/1
[    0.000000] tsc: Fast TSC calibration using PIT
[    0.000000] tsc: Detected 2445.410 MHz processor
[    0.007362] last_pfn = 0x7fdd max_arch_pfn = 0x400000000
[    0.007979] MTRR map: 4 entries (3 fixed + 1 variable; max 19), built from 8 variable MTRRs
[    0.008150] x86/PAT: Configuration [0-7]: WB  WC  UC- UC  WB  WP  UC- WT  
[    0.026597] found SMP MP-table at [mem 0x000f5460-0x000f546f]
[    0.027969] Using GB pages for direct mapping
[    0.032453] ACPI: Early table checksum verification disabled
[    0.032801] ACPI: RSDP 0x00000000000F5290 000014 (v00 BOCHS )
[    0.033125] ACPI: RSDT 0x0000000007FE1C64 000034 (v01 BOCHS  BXPC     00000001 BXPC 00000001)
[    0.033636] ACPI: FACP 0x0000000007FE1B18 000074 (v01 BOCHS  BXPC     00000001 BXPC 00000001)
[    0.034233] ACPI: DSDT 0x0000000007FE0040 001AD8 (v01 BOCHS  BXPC     00000001 BXPC 00000001)
[    0.034305] ACPI: FACS 0x0000000007FE0000 000040
[    0.034354] ACPI: APIC 0x0000000007FE1B8C 000078 (v03 BOCHS  BXPC     00000001 BXPC 00000001)
[    0.034375] ACPI: HPET 0x0000000007FE1C04 000038 (v01 BOCHS  BXPC     00000001 BXPC 00000001)
[    0.034394] ACPI: WAET 0x0000000007FE1C3C 000028 (v01 BOCHS  BXPC     00000001 BXPC 00000001)
[    0.034471] ACPI: Reserving FACP table memory at [mem 0x7fe1b18-0x7fe1b8b]
[    0.034520] ACPI: Reserving DSDT table memory at [mem 0x7fe0040-0x7fe1b17]
[    0.034526] ACPI: Reserving FACS table memory at [mem 0x7fe0000-0x7fe003f]
[    0.034532] ACPI: Reserving APIC table memory at [mem 0x7fe1b8c-0x7fe1c03]
[    0.034537] ACPI: Reserving HPET table memory at [mem 0x7fe1c04-0x7fe1c3b]
[    0.034542] ACPI: Reserving WAET table memory at [mem 0x7fe1c3c-0x7fe1c63]
[    0.037533] Zone ranges:
[    0.037562]   DMA      [mem 0x0000000000001000-0x0000000000ffffff]
[    0.037636]   DMA32    [mem 0x0000000001000000-0x0000000007fdcfff]
[    0.037645]   Normal   empty
[    0.037663] Movable zone start for each node
[    0.037695] Early memory node ranges
[    0.037721]   node   0: [mem 0x0000000000001000-0x000000000009efff]
[    0.037774]   node   0: [mem 0x0000000000100000-0x0000000007fdcfff]
[    0.037921] Initmem setup node 0 [mem 0x0000000000001000-0x0000000007fdcfff]
[    0.038968] On node 0, zone DMA: 1 pages in unavailable ranges
[    0.039460] On node 0, zone DMA: 97 pages in unavailable ranges
[    0.041695] On node 0, zone DMA32: 35 pages in unavailable ranges
[    0.042060] ACPI: PM-Timer IO Port: 0x608
[    0.042454] ACPI: LAPIC_NMI (acpi_id[0xff] dfl dfl lint[0x1])
[    0.042894] IOAPIC[0]: apic_id 0, version 32, address 0xfec00000, GSI 0-23
[    0.043012] ACPI: INT_SRC_OVR (bus 0 bus_irq 0 global_irq 2 dfl dfl)
[    0.043260] ACPI: INT_SRC_OVR (bus 0 bus_irq 5 global_irq 5 high level)
[    0.043308] ACPI: INT_SRC_OVR (bus 0 bus_irq 9 global_irq 9 high level)
[    0.043401] ACPI: INT_SRC_OVR (bus 0 bus_irq 10 global_irq 10 high level)
[    0.043409] ACPI: INT_SRC_OVR (bus 0 bus_irq 11 global_irq 11 high level)
[    0.043586] ACPI: Using ACPI (MADT) for SMP configuration information
[    0.043629] ACPI: HPET id: 0x8086a201 base: 0xfed00000
[    0.044030] CPU topo: Max. logical packages:   1
[    0.044046] CPU topo: Max. logical dies:       1
[    0.044055] CPU topo: Max. dies per package:   1
[    0.044100] CPU topo: Max. threads per core:   1
[    0.044260] CPU topo: Num. cores per package:     1
[    0.044276] CPU topo: Num. threads per package:   1
[    0.044284] CPU topo: Allowing 1 present CPUs plus 0 hotplug CPUs
[    0.045443] [mem 0x08000000-0xfffbffff] available for PCI devices
[    0.045511] Booting paravirtualized kernel on bare hardware
[    0.045811] clocksource: refined-jiffies: mask: 0xffffffff max_cycles: 0xffffffff, max_idle_ns: 19112604462750000 ns
[    0.046495] setup_percpu: NR_CPUS:512 nr_cpumask_bits:1 nr_cpu_ids:1 nr_node_ids:1
[    0.048515] percpu: Embedded 50 pages/cpu s167000 r8192 d29608 u2097152
[    0.050955] Kernel command line: BOOT_IMAGE=/boot/vmlinuz root=PARTUUID=9d4504ec-02 rootwait console=tty1 console=ttyS0,115200n8 noinitrd
[    0.052585] random: crng init done
[    0.057273] Dentry cache hash table entries: 16384 (order: 5, 131072 bytes, linear)
[    0.058228] Inode-cache hash table entries: 8192 (order: 4, 65536 bytes, linear)
[    0.060902] Built 1 zonelists, mobility grouping on.  Total pages: 32635
[    0.061134] mem auto-init: stack:off, heap alloc:off, heap free:off
[    0.070980] SLUB: HWalign=64, Order=0-3, MinObjects=0, CPUs=1, Nodes=1
[    0.079057] rcu: Hierarchical RCU implementation.
[    0.079086] rcu: 	RCU restricting CPUs from NR_CPUS=512 to nr_cpu_ids=1.
[    0.079233] 	Tracing variant of Tasks RCU enabled.
[    0.079324] rcu: RCU calculated value of scheduler-enlistment delay is 10 jiffies.
[    0.079355] rcu: Adjusting geometry for rcu_fanout_leaf=16, nr_cpu_ids=1
[    0.080486] RCU Tasks Trace: Setting shift to 0 and lim to 1 rcu_task_cb_adjust=1 rcu_task_cpu_ids=1.
[    0.080614] NR_IRQS: 33024, nr_irqs: 256, preallocated irqs: 16
[    0.089607] rcu: srcu_init: Setting srcu_struct sizes based on contention.
[    0.096490] Console: colour VGA+ 80x25
[    0.096930] printk: legacy console [tty1] enabled
[    0.104924] printk: legacy console [ttyS0] enabled
[    0.357430] ACPI: Core revision 20240827
[    0.362604] clocksource: hpet: mask: 0xffffffff max_cycles: 0xffffffff, max_idle_ns: 19112604467 ns
[    0.367249] APIC: Switch to symmetric I/O mode setup
[    0.372054] ..TIMER: vector=0x30 apic1=0 pin1=2 apic2=-1 pin2=-1
[    0.414393] clocksource: tsc-early: mask: 0xffffffffffffffff max_cycles: 0x233fc88f423, max_idle_ns: 440795289274 ns
[    0.415083] Calibrating delay loop (skipped), value calculated using timer frequency.. 4890.82 BogoMIPS (lpj=24454100)
[    0.416899] x86/cpu: User Mode Instruction Prevention (UMIP) activated
[    0.432536] Last level iTLB entries: 4KB 0, 2MB 0, 4MB 0
[    0.435196] Last level dTLB entries: 4KB 0, 2MB 0, 4MB 0, 1GB 0
[    0.436342] Spectre V1 : Mitigation: usercopy/swapgs barriers and __user pointer sanitization
[    0.437386] Spectre V2 : Mitigation: Retpolines
[    0.437658] Spectre V2 : Spectre v2 / SpectreRSB: Filling RSB on context switch and VMEXIT
[    0.438077] Speculative Store Bypass: Vulnerable
[    0.446993] x86/fpu: Supporting XSAVE feature 0x001: 'x87 floating point registers'
[    0.451674] x86/fpu: Supporting XSAVE feature 0x002: 'SSE registers'
[    0.451940] x86/fpu: Supporting XSAVE feature 0x004: 'AVX registers'
[    0.452212] x86/fpu: Supporting XSAVE feature 0x008: 'MPX bounds registers'
[    0.456113] x86/fpu: Supporting XSAVE feature 0x010: 'MPX CSR'
[    0.456527] x86/fpu: xstate_offset[2]:  576, xstate_sizes[2]:  256
[    0.456899] x86/fpu: xstate_offset[3]:  960, xstate_sizes[3]:   64
[    0.457126] x86/fpu: xstate_offset[4]: 1024, xstate_sizes[4]:   64
[    0.465045] x86/fpu: Enabled xstate features 0x1f, context size is 1088 bytes, using 'standard' format.
[    0.703141] Freeing SMP alternatives memory: 40K
[    0.703874] pid_max: default: 32768 minimum: 301
[    0.713009] Mount-cache hash table entries: 512 (order: 0, 4096 bytes, linear)
[    0.713386] Mountpoint-cache hash table entries: 512 (order: 0, 4096 bytes, linear)
[    0.864863] smpboot: CPU0: AMD QEMU TCG CPU version 2.5+ (family: 0x6, model: 0x6, stepping: 0x3)
[    0.888990] Performance Events: PMU not available due to virtualization, using software events only.
[    0.890398] signal: max sigframe size: 1616
[    0.892226] rcu: Hierarchical SRCU implementation.
[    0.892455] rcu: 	Max phase no-delay instances is 1000.
[    0.898922] smp: Bringing up secondary CPUs ...
[    0.901737] smp: Brought up 1 node, 1 CPU
[    0.902044] smpboot: Total of 1 processors activated (4890.82 BogoMIPS)
[    0.908548] Memory: 103200K/130540K available (14336K kernel code, 1167K rwdata, 3984K rodata, 1496K init, 1312K bss, 25628K reserved, 0K cma-reserved)
[    0.922507] clocksource: jiffies: mask: 0xffffffff max_cycles: 0xffffffff, max_idle_ns: 19112604462750000 ns
[    0.923388] futex hash table entries: 256 (order: 2, 16384 bytes, linear)
[    0.924609] pinctrl core: initialized pinctrl subsystem
[    0.943898] NET: Registered PF_NETLINK/PF_ROUTE protocol family
[    0.950019] thermal_sys: Registered thermal governor 'step_wise'
[    0.950057] thermal_sys: Registered thermal governor 'user_space'
[    0.951047] cpuidle: using governor ladder
[    0.951564] cpuidle: using governor menu
[    0.955963] acpiphp: ACPI Hot Plug PCI Controller Driver version: 0.5
[    0.958662] PCI: Using configuration type 1 for base access
[    0.967927] cryptd: max_cpu_qlen set to 1000
[    0.973658] ACPI: Added _OSI(Module Device)
[    0.973855] ACPI: Added _OSI(Processor Device)
[    0.974024] ACPI: Added _OSI(Processor Aggregator Device)
[    0.988669] ACPI: 1 ACPI AML tables successfully acquired and loaded
[    1.005887] ACPI: Interpreter enabled
[    1.006690] ACPI: PM: (supports S0 S5)
[    1.006890] ACPI: Using IOAPIC for interrupt routing
[    1.007457] PCI: Using host bridge windows from ACPI; if necessary, use "pci=nocrs" and report a bug
[    1.007816] PCI: Using E820 reservations for host bridge windows
[    1.016771] ACPI: Enabled 2 GPEs in block 00 to 0F
[    1.050778] ACPI: PCI Root Bridge [PCI0] (domain 0000 [bus 00-ff])
[    1.051660] acpi PNP0A03:00: _OSC: OS supports [ASPM ClockPM Segments MSI HPX-Type3]
[    1.052120] acpi PNP0A03:00: _OSC: not requesting OS control; OS requires [ExtendedConfig ASPM ClockPM MSI]
[    1.052962] acpi PNP0A03:00: fail to add MMCONFIG information, can't access extended configuration space under this bridge
[    1.066355] acpiphp: Slot [3] registered
[    1.066678] acpiphp: Slot [4] registered
[    1.066937] acpiphp: Slot [5] registered
[    1.067212] acpiphp: Slot [6] registered
[    1.072667] acpiphp: Slot [7] registered
[    1.074433] acpiphp: Slot [8] registered
[    1.074686] acpiphp: Slot [9] registered
[    1.074988] acpiphp: Slot [10] registered
[    1.075288] acpiphp: Slot [11] registered
[    1.075543] acpiphp: Slot [12] registered
[    1.083677] acpiphp: Slot [13] registered
[    1.084099] acpiphp: Slot [14] registered
[    1.084453] acpiphp: Slot [15] registered
[    1.084704] acpiphp: Slot [16] registered
[    1.085016] acpiphp: Slot [17] registered
[    1.085344] acpiphp: Slot [18] registered
[    1.085604] acpiphp: Slot [19] registered
[    1.095035] acpiphp: Slot [20] registered
[    1.095452] acpiphp: Slot [21] registered
[    1.095770] acpiphp: Slot [22] registered
[    1.096023] acpiphp: Slot [23] registered
[    1.096317] acpiphp: Slot [24] registered
[    1.096567] acpiphp: Slot [25] registered
[    1.105350] acpiphp: Slot [26] registered
[    1.105743] acpiphp: Slot [27] registered
[    1.106036] acpiphp: Slot [28] registered
[    1.106345] acpiphp: Slot [29] registered
[    1.106604] acpiphp: Slot [30] registered
[    1.106853] acpiphp: Slot [31] registered
[    1.115582] PCI host bridge to bus 0000:00
[    1.116168] pci_bus 0000:00: root bus resource [io  0x0000-0x0cf7 window]
[    1.116533] pci_bus 0000:00: root bus resource [io  0x0d00-0xffff window]
[    1.116770] pci_bus 0000:00: root bus resource [mem 0x000a0000-0x000bffff window]
[    1.125179] pci_bus 0000:00: root bus resource [mem 0x08000000-0xfebfffff window]
[    1.125591] pci_bus 0000:00: root bus resource [mem 0x100000000-0x17fffffff window]
[    1.126089] pci_bus 0000:00: root bus resource [bus 00-ff]
[    1.127481] pci 0000:00:00.0: [8086:1237] type 00 class 0x060000 conventional PCI endpoint
[    1.138978] pci 0000:00:01.0: [8086:7000] type 00 class 0x060100 conventional PCI endpoint
[    1.139886] pci 0000:00:01.1: [8086:7010] type 00 class 0x010180 conventional PCI endpoint
[    1.147188] pci 0000:00:01.1: BAR 4 [io  0xc0e0-0xc0ef]
[    1.151626] pci 0000:00:01.1: BAR 0 [io  0x01f0-0x01f7]: legacy IDE quirk
[    1.151913] pci 0000:00:01.1: BAR 1 [io  0x03f6]: legacy IDE quirk
[    1.152210] pci 0000:00:01.1: BAR 2 [io  0x0170-0x0177]: legacy IDE quirk
[    1.152467] pci 0000:00:01.1: BAR 3 [io  0x0376]: legacy IDE quirk
[    1.155988] pci 0000:00:01.3: [8086:7113] type 00 class 0x068000 conventional PCI endpoint
[    1.156673] pci 0000:00:01.3: quirk: [io  0x0600-0x063f] claimed by PIIX4 ACPI
[    1.156985] pci 0000:00:01.3: quirk: [io  0x0700-0x070f] claimed by PIIX4 SMB
[    1.165861] pci 0000:00:02.0: [1234:1111] type 00 class 0x030000 conventional PCI endpoint
[    1.166744] pci 0000:00:02.0: BAR 0 [mem 0xfd000000-0xfdffffff pref]
[    1.175770] pci 0000:00:02.0: BAR 2 [mem 0xfeb90000-0xfeb90fff]
[    1.178372] pci 0000:00:02.0: ROM [mem 0xfeb80000-0xfeb8ffff pref]
[    1.183796] pci 0000:00:02.0: Video device with shadowed ROM at [mem 0x000c0000-0x000dffff]
[    1.185059] pci 0000:00:03.0: [1af4:1000] type 00 class 0x020000 conventional PCI endpoint
[    1.186391] pci 0000:00:03.0: BAR 0 [io  0xc080-0xc09f]
[    1.196107] pci 0000:00:03.0: BAR 4 [mem 0xfe000000-0xfe003fff 64bit pref]
[    1.197370] pci 0000:00:03.0: ROM [mem 0xfea80000-0xfeafffff pref]
[    1.202311] pci 0000:00:04.0: [1af4:1005] type 00 class 0x00ff00 conventional PCI endpoint
[    1.203207] pci 0000:00:04.0: BAR 0 [io  0xc0a0-0xc0bf]
[    1.206155] pci 0000:00:04.0: BAR 1 [mem 0xfeb91000-0xfeb91fff]
[    1.207942] pci 0000:00:04.0: BAR 4 [mem 0xfe004000-0xfe007fff 64bit pref]
[    1.215196] pci 0000:00:05.0: [1af4:1000] type 00 class 0x020000 conventional PCI endpoint
[    1.216742] pci 0000:00:05.0: BAR 0 [io  0xc0c0-0xc0df]
[    1.219759] pci 0000:00:05.0: BAR 1 [mem 0xfeb92000-0xfeb92fff]
[    1.221720] pci 0000:00:05.0: BAR 4 [mem 0xfe008000-0xfe00bfff 64bit pref]
[    1.222449] pci 0000:00:05.0: ROM [mem 0xfeb00000-0xfeb7ffff pref]
[    1.226276] pci 0000:00:06.0: [1af4:1001] type 00 class 0x010000 conventional PCI endpoint
[    1.230218] pci 0000:00:06.0: BAR 0 [io  0xc000-0xc07f]
[    1.231470] pci 0000:00:06.0: BAR 1 [mem 0xfeb93000-0xfeb93fff]
[    1.233091] pci 0000:00:06.0: BAR 4 [mem 0xfe00c000-0xfe00ffff 64bit pref]
[    1.241776] ACPI: PCI: Interrupt link LNKA configured for IRQ 10
[    1.242665] ACPI: PCI: Interrupt link LNKB configured for IRQ 10
[    1.243368] ACPI: PCI: Interrupt link LNKC configured for IRQ 11
[    1.244004] ACPI: PCI: Interrupt link LNKD configured for IRQ 11
[    1.244449] ACPI: PCI: Interrupt link LNKS configured for IRQ 9
[    1.256783] iommu: Default domain type: Translated
[    1.257007] iommu: DMA domain TLB invalidation policy: lazy mode
[    1.259710] SCSI subsystem initialized
[    1.260779] ACPI: bus type USB registered
[    1.261342] usbcore: registered new interface driver usbfs
[    1.263724] usbcore: registered new interface driver hub
[    1.264078] usbcore: registered new device driver usb
[    1.264665] pps_core: LinuxPPS API ver. 1 registered
[    1.264860] pps_core: Software ver. 5.3.6 - Copyright 2005-2007 Rodolfo Giometti <giometti@linux.it>
[    1.265291] PTP clock support registered
[    1.285824] PCI: Using ACPI for IRQ routing
[    1.288085] hpet0: at MMIO 0xfed00000, IRQs 2, 8, 0
[    1.288386] hpet0: 3 comparators, 64-bit 100.000000 MHz counter
[    1.294040] clocksource: Switched to clocksource tsc-early
[    1.294040] pnp: PnP ACPI init
[    1.294040] pnp: PnP ACPI: found 6 devices
[    1.306774] clocksource: acpi_pm: mask: 0xffffff max_cycles: 0xffffff, max_idle_ns: 2085701024 ns
[    1.308087] NET: Registered PF_INET protocol family
[    1.309267] IP idents hash table entries: 2048 (order: 2, 16384 bytes, linear)
[    1.314640] tcp_listen_portaddr_hash hash table entries: 256 (order: 0, 4096 bytes, linear)
[    1.317610] Table-perturb hash table entries: 65536 (order: 6, 262144 bytes, linear)
[    1.317992] TCP established hash table entries: 1024 (order: 1, 8192 bytes, linear)
[    1.318416] TCP bind hash table entries: 1024 (order: 3, 32768 bytes, linear)
[    1.328295] TCP: Hash tables configured (established 1024 bind 1024)
[    1.330154] MPTCP token hash table entries: 256 (order: 1, 6144 bytes, linear)
[    1.330689] UDP hash table entries: 256 (order: 1, 8192 bytes, linear)
[    1.331121] UDP-Lite hash table entries: 256 (order: 1, 8192 bytes, linear)
[    1.340613] NET: Registered PF_UNIX/PF_LOCAL protocol family
[    1.341781] pci_bus 0000:00: resource 4 [io  0x0000-0x0cf7 window]
[    1.342019] pci_bus 0000:00: resource 5 [io  0x0d00-0xffff window]
[    1.342235] pci_bus 0000:00: resource 6 [mem 0x000a0000-0x000bffff window]
[    1.350174] pci_bus 0000:00: resource 7 [mem 0x08000000-0xfebfffff window]
[    1.350577] pci_bus 0000:00: resource 8 [mem 0x100000000-0x17fffffff window]
[    1.351291] pci 0000:00:01.0: PIIX3: Enabling Passive Release
[    1.351631] pci 0000:00:00.0: Limiting direct PCI/PCI transfers
[    1.361404] PCI: CLS 0 bytes, default 64
[    1.381240] workingset: timestamp_bits=46 max_order=15 bucket_order=0
[    1.383666] squashfs: version 4.0 (2009/01/31) Phillip Lougher
[    1.386528] Block layer SCSI generic (bsg) driver version 0.4 loaded (major 247)
[    1.390491] hv_vmbus: registering driver hyperv_fb
[    1.394868] input: Power Button as /devices/LNXSYSTM:00/LNXPWRBN:00/input/input0
[    1.403096] ACPI: button: Power Button [PWRF]
[    1.564682] ACPI: \_SB_.LNKC: Enabled at IRQ 11
[    1.718914] ACPI: \_SB_.LNKD: Enabled at IRQ 10
[    1.871293] ACPI: \_SB_.LNKA: Enabled at IRQ 10
[    2.022863] ACPI: \_SB_.LNKB: Enabled at IRQ 11
[    2.024619] Serial: 8250/16550 driver, 16 ports, IRQ sharing enabled
[    2.049662] 00:04: ttyS0 at I/O 0x3f8 (irq = 4, base_baud = 115200) is a 16550A
[    2.076542] Non-volatile memory driver v1.3
[    2.087202] Linux agpgart interface v0.103
[    2.088203] ACPI: bus type drm_connector registered
[    2.090929] [drm] Found bochs VGA, ID 0xb0c5.
[    2.091134] [drm] Framebuffer size 16384 kB @ 0xfd000000, mmio @ 0xfeb90000.
[    2.096971] [drm] Found EDID data blob.
[    2.102888] [drm] Initialized bochs-drm 1.0.0 for 0000:00:02.0 on minor 0
[    2.171287] Console: switching to colour frame buffer device 160x50
[    2.180322] bochs-drm 0000:00:02.0: [drm] fb0: bochs-drmdrmfb frame buffer device
[    2.215758] loop: module loaded
[    2.216401] virtio_blk virtio3: 1/0/0 default/read/poll queues
[    2.221005] virtio_blk virtio3: [vda] 246784 512-byte logical blocks (126 MB/121 MiB)
[    2.230293]  vda: vda1 vda2
[    2.232407] Guest personality initialized and is inactive
[    2.233019] VMCI host device registered (name=vmci, major=10, minor=256)
[    2.233301] Initialized host personality
[    2.233683] usbcore: registered new interface driver rtsx_usb
[    2.241915] VMware PVSCSI driver - version 1.0.7.0-k
[    2.242275] hv_vmbus: registering driver hv_storvsc
[    2.258333] scsi host0: ata_piix
[    2.260810] scsi host1: ata_piix
[    2.261647] ata1: PATA max MWDMA2 cmd 0x1f0 ctl 0x3f6 bmdma 0xc0e0 irq 14 lpm-pol 0
[    2.262154] ata2: PATA max MWDMA2 cmd 0x170 ctl 0x376 bmdma 0xc0e8 irq 15 lpm-pol 0
[    2.271102] VMware vmxnet3 virtual NIC driver - version 1.9.0.0-k-NAPI
[    2.271697] hv_vmbus: registering driver hv_netvsc
[    2.272073] Fusion MPT base driver 3.04.20
[    2.272254] Copyright (c) 1999-2008 LSI Corporation
[    2.272650] Fusion MPT SPI Host driver 3.04.20
[    2.282045] Fusion MPT SAS Host driver 3.04.20
[    2.284239] usbcore: registered new interface driver usb-storage
[    2.285550] i8042: PNP: PS/2 Controller [PNP0303:KBD,PNP0f13:MOU] at 0x60,0x64 irq 1,12
[    2.288794] serio: i8042 KBD port at 0x60,0x64 irq 1
[    2.289173] serio: i8042 AUX port at 0x60,0x64 irq 12
[    2.295966] hv_vmbus: registering driver hyperv_keyboard
[    2.298358] rtc_cmos 00:05: RTC can wake from S4
[    2.303368] rtc_cmos 00:05: registered as rtc0
[    2.306244] rtc_cmos 00:05: setting system clock to 2026-04-16T03:37:30 UTC (1776310650)
[    2.308686] rtc_cmos 00:05: alarms up to one day, y3k, 242 bytes nvram, hpet irqs
[    2.311315] intel_powerclamp: CPU does not support MWAIT
[    2.317062] amd_pstate: the _CPC object is not present in SBIOS or ACPI disabled
[    2.319343] sdhci: Secure Digital Host Controller Interface driver
[    2.321293] sdhci: Copyright(c) Pierre Ossman
[    2.323669] VUB300 Driver rom wait states = 1C irqpoll timeout = 0400
[    2.330242] input: AT Translated Set 2 keyboard as /devices/platform/i8042/serio0/input/input1
[    2.353598] usbcore: registered new interface driver vub300
[    2.355884] usbcore: registered new interface driver ushc
[    2.363418] hid: raw HID events driver (C) Jiri Kosina
[    2.366130] hv_vmbus: registering driver hid_hyperv
[    2.368819] usbcore: registered new interface driver usbhid
[    2.370801] usbhid: USB HID core driver
[    2.372868] hv_utils: Registering HyperV Utility Driver
[    2.374852] hv_vmbus: registering driver hv_utils
[    2.377233] hv_vmbus: registering driver hv_balloon
[    2.380644] NET: Registered PF_INET6 protocol family
[    2.395363] Segment Routing with IPv6
[    2.397458] In-situ OAM (IOAM) with IPv6
[    2.399850] NET: Registered PF_PACKET protocol family
[    2.402272] bridge: filtering via arp/ip/ip6tables is no longer available by default. Update your scripts to load br_netfilter if you need this.
[    2.411728] 8021q: 802.1Q VLAN Support v1.8
[    2.414235] NET: Registered PF_VSOCK protocol family
[    2.423182] IPI shorthand broadcast: enabled
[    2.430203] AES CTR mode by8 optimization enabled
[    2.454047] sched_clock: Marking stable (2180079287, 264833426)->(2462293502, -17380789)
[    2.490597] tsc: Refined TSC clocksource calibration: 2445.416 MHz
[    2.493144] clocksource: tsc: mask: 0xffffffffffffffff max_cycles: 0x233fce52bc0, max_idle_ns: 440795306184 ns
[    2.496173] ata2: found unknown device (class 0)
[    2.520175] clocksource: Switched to clocksource tsc
[    2.553385] ata2.00: ATAPI: QEMU DVD-ROM, 2.5+, max UDMA/100
[    2.570711] scsi 1:0:0:0: CD-ROM            QEMU     QEMU DVD-ROM     2.5+ PQ: 0 ANSI: 5
[    2.582438] clk: Disabling unused clocks
[    2.626690] sr 1:0:0:0: [sr0] scsi3-mmc drive: 4x/4x cd/rw xa/form2 tray
[    2.629166] cdrom: Uniform CD-ROM driver Revision: 3.20
[    2.676510] VFS: Mounted root (squashfs filesystem) readonly on device 254:2.
[    2.746338] Freeing unused kernel image (initmem) memory: 1496K
[    2.748774] Write protecting the kernel read-only data: 18432k
[    2.751878] Freeing unused kernel image (rodata/data gap) memory: 112K
[    2.754397] Run /sbin/init as init process
[    3.068012] init: Console is alive
[    3.769146] kmodloader: loading kernel modules from /etc/modules-boot.d/*
[    3.844456] button_hotplug: loading out-of-tree module taints kernel.
[    3.851205] Button Hotplug driver version 0.4.1
[    3.871023] Intel(R) 2.5G Ethernet Linux Driver
[    3.873365] Copyright(c) 2018 Intel Corporation.
[    3.888774] igb: Intel(R) Gigabit Ethernet Network Driver
[    3.891129] igb: Copyright (c) 2007-2014 Intel Corporation.
[    3.907990] e1000e: Intel(R) PRO/1000 Network Driver
[    3.910431] e1000e: Copyright(c) 1999 - 2015 Intel Corporation.
[    3.924084] kmodloader: done loading kernel modules from /etc/modules-boot.d/*
[    3.937019] init: - preinit -
[    4.931494] 8021q: adding VLAN 0 to HW filter on device eth0
Press the [f] key and hit [enter] to enter failsafe mode
Press the [1], [2], [3] or [4] key and hit [enter] to select the debug level

[    9.547623] loop0: detected capacity change from 0 to 212992
[    9.595432] loop0: detected capacity change from 212992 to 199680
[    9.608324] mount_root: overlay filesystem in /dev/loop0 has not been formatted yet
[    9.958540] EXT4-fs (loop0): mounted filesystem f23bca7d-013e-4b5e-b913-eceb383fab06 r/w with ordered data mode. Quota mode: disabled.
[    9.972420] mount_root: overlay filesystem has not been fully initialized yet
[    9.990549] mount_root: switching to ext4 overlay
[   10.011730] overlayfs: null uuid detected in lower fs '/', falling back to xino=off,index=off,nfs_export=off.
[   10.748004] EXT4-fs (vda1): mounted filesystem 84173db5-fa99-e35a-95c6-28613cc79ea9 r/w without journal. Quota mode: disabled.
[   10.771371] urandom-seed: Seed file not found (/etc/urandom.seed)
[   10.917195] procd: - early -
[   11.662792] procd: - ubus -
[   11.775837] procd: - init -
Please press Enter to activate this console.
root
login[1052]: root login on 'ttyS0'


BusyBox v1.37.0 (2026-04-14 22:16:32 UTC) built-in shell (ash)

  _______                     ________        __
 |       |.-----.-----.-----.|  |  |  |.----.|  |_
 |   -   ||  _  |  -__|     ||  |  |  ||   _||   _|
 |_______||   __|_____|__|__||________||__|  |____|
          |__| W I R E L E S S   F R E E D O M
 -----------------------------------------------------
 OpenWrt SNAPSHOT, r33960-70ad03e0ac
 -----------------------------------------------------

 === WARNING! =====================================
 There is no root password defined on this device!
 Use the "passwd" command to set up a new password
 in order to prevent unauthorized SSH logins.
 --------------------------------------------------

  ___   __ __                _______             __
 |   |_|__|  |--.----.-----.|   |   |-----.-----|  |--.
 |     |  |  _  |   _|  -__||       |  -__|__ --|     |
 |_____|__|_____|__| |_____||__|_|__|_____|_____|__|__|

 ------------------------------------------------------
 LiMe master development (master rev. 142c27f 20260407_1216)
 ------------------------------------------------------
 https://libremesh.org
 ------------------------------------------------------
root@(none):~# dmesg -n 1
root@(none):~# echo 'GOYE''CSMTPF'
GOYECSMTPF
root@LiMe-123456:~# run() { echo -n "$MARKER"; sh -c "$@"; echo "$MARKER $?"; }
root@LiMe-123456:~# echo 'JVKA''QFAUPN'
JVKAQFAUPN
root@LiMe-123456:~# MARKER='SVJF''OCKNHF' run 'ubus wait_for network.interface.l
an'
SVJFOCKNHFSVJFOCKNHF 0
root@LiMe-123456:~# echo 'CNHO''XHXWWU'
CNHOXHXWWU
root@LiMe-123456:~# MARKER='YGWL''LBJCLS' run 'ubus call network.interface.lan s
tatus '"'"'{}'"'"''
YGWLLBJCLS{
	"up": true,
	"pending": false,
	"available": true,
	"autostart": true,
	"dynamic": false,
	"uptime": 1,
	"l3_device": "br-lan",
	"proto": "static",
	"device": "br-lan",
	"updated": [
		"addresses"
	],
	"metric": 0,
	"dns_metric": 0,
	"delegation": true,
	"ipv4-address": [
		{
			"address": "10.13.52.86",
			"mask": 16
		}
	],
	"ipv6-address": [
		{
			"address": "fd0d:fe46:8ce8::12:3456",
			"mask": 64
		}
	],
	"ipv6-prefix": [
		
	],
	"ipv6-prefix-assignment": [
		
	],
	"route": [
		
	],
	"dns-server": [
		
	],
	"dns-search": [
		
	],
	"neighbors": [
		
	],
	"inactive": {
		"ipv4-address": [
			
		],
		"ipv6-address": [
			
		],
		"route": [
			
		],
		"dns-server": [
			
		],
		"dns-search": [
			
		],
		"neighbors": [
			
		]
	},
	"data": {
		
	}
}
YGWLLBJCLS 0
root@LiMe-123456:~# echo 'SHBA''HOPAPS'
SHBAHOPAPS
root@LiMe-123456:~# MARKER='CKBO''GLJONE' run true
CKBOGLJONECKBOGLJONE 0
root@LiMe-123456:~# echo 'GQKK''WGXONU'
GQKKWGXONU
root@LiMe-123456:~# MARKER='FSHW''LFSBJB' run 'source /etc/os-release; echo $BUI
LD_ID'
FSHWLFSBJBr33960-70ad03e0ac
FSHWLFSBJB 0
root@LiMe-123456:~# echo 'FYNZ''KGMZMW'
FYNZKGMZMW
root@LiMe-123456:~# MARKER='JKJC''HPLHJO' run 'ls /etc/dropbear/dropbear_rsa_hos
t_key'
JKJCHPLHJO[0;0m/etc/dropbear/dropbear_rsa_host_key[m
JKJCHPLHJO 0
root@LiMe-123456:~# echo 'FSJM''AFUHWF'
FSJMAFUHWF
root@LiMe-123456:~# MARKER='QUWA''XNYJTH' run 'netstat -tlpn | grep 0.0.0.0:22'
QUWAXNYJTHnetstat: showing only processes with your user ID
tcp        0      0 0.0.0.0:22              0.0.0.0:*               LISTEN      2100/dropbear
QUWAXNYJTH 0
root@LiMe-123456:~# echo 'YFKC''WGLGYX'
YFKCWGLGYX
root@LiMe-123456:~# MARKER='HQJG''JENPHT' run 'dmesg | grep br-lan | grep forwar
ding'
HQJGJENPHT[   43.739144] br-lan: port 1(eth0) entered forwarding state
[   47.116737] br-lan: port 2(bat0) entered forwarding state
HQJGJENPHT 0
root@LiMe-123456:~# echo 'UYUQ''QUEEEX'
UYUQQUEEEX
root@LiMe-123456:~# MARKER='HNQS''TSJXQA' run 'ubus call network.interface.lan s
tatus '"'"'{}'"'"''
HNQSTSJXQA{
	"up": true,
	"pending": false,
	"available": true,
	"autostart": true,
	"dynamic": false,
	"uptime": 41,
	"l3_device": "br-lan",
	"proto": "static",
	"device": "br-lan",
	"updated": [
		"addresses"
	],
	"metric": 0,
	"dns_metric": 0,
	"delegation": true,
	"ipv4-address": [
		{
			"address": "10.13.52.86",
			"mask": 16
		}
	],
	"ipv6-address": [
		{
			"address": "fd0d:fe46:8ce8::12:3456",
			"mask": 64
		}
	],
	"ipv6-prefix": [
		
	],
	"ipv6-prefix-assignment": [
		
	],
	"route": [
		
	],
	"dns-server": [
		
	],
	"dns-search": [
		
	],
	"neighbors": [
		
	],
	"inactive": {
		"ipv4-address": [
			
		],
		"ipv6-address": [
			
		],
		"route": [
			
		],
		"dns-server": [
			
		],
		"dns-search": [
			
		],
		"neighbors": [
			
		]
	},
	"data": {
		
	}
}
HNQSTSJXQA 0
root@LiMe-123456:~# 