Labgrid Console Logfile for main
Logfile started at 2026-04-20 02:02:06.917810
=== Log starts here ===
c[?7l[2J[0mSeaBIOS (version 1.16.3-debian-1.16.3-2)


iPXE (https://ipxe.org) 00:03.0 CA00 PCI2.10 PnP PMM+06FCAE70+06F0AE70 CA00
Press Ctrl-B to configure iPXE (PCI 00:03.0)...                                                                               




iPXE (https://ipxe.org) 00:05.0 CB00 PCI2.10 PnP PMM 06FCAE70 06F0AE70 CB00
Press Ctrl-B to configure iPXE (PCI 00:05.0)...                                                                               


Booting from Hard Disk...
GRUB loading.....
[0;30;47mWelcome to GRUB![01;01H[0m[2J[H[J[1;1H[?25l[m[H[J[1;1H[2;30HGNU GRUB  version 2.12

[m[4;2H+----------------------------------------------------------------------------+[5;2H|[5;79H|[6;2H|[6;79H|[7;2H|[7;79H|[8;2H|[8;79H|[9;2H|[9;79H|[10;2H|[10;79H|[11;2H|[11;79H|[12;2H|[12;79H|[13;2H|[13;79H|[14;2H|[14;79H|[15;2H|[15;79H|[16;2H+----------------------------------------------------------------------------+[m[17;2H[18;2H[m     Use the ^ and v keys to select which entry is highlighted.          
      Press enter to boot the selected OS, `e' to edit the commands       
      before booting or `c' for a command-line. ESC to return             
      previous menu.                                                      [5;80H [7m[5;3H*OpenWrt                                                                    [m[5;78H[m[m[6;3H OpenWrt (failsafe)                                                         [m[6;78H[m[m[7;3H                                                                            [m[7;78H[m[m[8;3H                                                                            [m[8;78H[m[m[9;3H                                                                            [m[9;78H[m[m[10;3H                                                                            [m[10;78H[m[m[11;3H                                                                            [m[11;78H[m[m[12;3H                                                                            [m[12;78H[m[m[13;3H                                                                            [m[13;78H[m[m[14;3H                                                                            [m[14;78H[m[m[15;3H                                                                            [m[15;78H[m[15;80H [5;78H[2J[02;30HGNU GRUB  version 2.12[04;02H┌────────────────────────────────────────────────────────────────────────────┐[05;02H│[05;79H│[06;02H│[06;79H│[07;02H│[07;79H│[08;02H│[08;79H│[09;02H│[09;79H│[10;02H│[10;79H│[11;02H│[11;79H│[12;02H│[12;79H│[13;02H│[13;79H│[14;02H│[14;79H│[15;02H│[15;79H│[16;02H│[16;79H│[17;02H└────────────────────────────────────────────────────────────────────[17;70H[17;71H────────┘[19;02H     Use the ↑ and ↓ keys to select which entry is highlighted.          
      Press enter to boot the selected OS, `e' to edit the commands       
      before booting or `c' for a command-line. ESC to return             
      previous menu.                                                      [05;80H [05;03H[0;30;47m*OpenWrt                                                                    [06;03H[0m OpenWrt (failsafe)                                                         [07;03H                                                                            [08;03H                                                                            [09;03H                                                                            [10;03H                                                                            [11;03H                                                                            [12;03H    [12;06H[12;07H                                                                        [13;03H                                                                            [14;03H                                                                [14;66H[14;67H            [15;03H                                                                            [16;03H                                                                            [16;80H 






   The highlighted entry will be executed a[23;43H[23;44Hutomatically in 5s.                [22;1H   The highlighted entry will be executed automatically in 5s.                 [5;78H [05;78H

















 [23;02H  The highlighted entry will be executed automatically in 4s.                [22;1H   The highlighted entry will be executed automatically in 4s.                 [5;78H [05;78H

















   The highlighted entry will be executed automatically in 3s.                [22;1H   The highlighted entry will be executed automatically in 3s.                 [5;78H [05;78H

















   The highlighted entry will be executed automatically in 2s.                [22;1H   The highlighted entry will be executed automatically in 2s.                 [5;78H [05;78H

















   The highlighted entry will be executed automatically in 1s.                [22;1H   The highlighted entry will be executed automatically in 1s.                 [5;78H [05;78H

















   The highlighted entry will be executed automatically in 0s.                [22;1H   The highlighted entry will be executed automatically in 0s.                 [5;78H [01;01H[2J[?25h[H[J[1;1H[H[J[1;1H[2J   Booting `OpenWrt' Booting `OpenWrt

'

[    0.000000] Linux version 6.12.80 (builder@buildhost) (x86_64-openwrt-linux-musl-gcc (OpenWrt GCC 14.3.0 r34044-773942011d) 14.3.0, GNU ld (GNU Binutils) 2.44) #0 SMP Sun Apr 19 16:46:36 2026
[    0.000000] Command line: BOOT_IMAGE=/boot/vmlinuz root=PARTUUID=87f4496b-02 rootwait console=tty1 console=ttyS0,115200n8 noinitrd
[    0.000000] BIOS-provided physical RAM map:
[    0.000000] BIOS-e820: [mem 0x0000000000000000-0x000000000009fbff] usable
[    0.000000] BIOS-e820: [mem 0x000000000009fc00-0x000000000009ffff] reserved
[    0.000000] BIOS-e820: [mem 0x00000000000f0000-0x00000000000fffff] reserved
[    0.000000] BIOS-e820: [mem 0x0000000000100000-0x0000000007fdcfff] usable
[    0.000000] BIOS-e820: [mem 0x0000000007fdd000-0x0000000007ffffff] reserved
[    0.000000] BIOS-e820: [mem 0x00000000fffc0000-0x00000000ffffffff] reserved
[    0.000000] BIOS-e820: [mem 0x000000fd00000000-0x000000ffffffffff] reserved
[    0.000000] NX (Execute Disable) protection: active
[    0.000000] APIC: Static calls initialized
[    0.000000] SMBIOS 3.0.0 present.
[    0.000000] DMI: QEMU Standard PC (i440FX + PIIX, 1996), BIOS 1.16.3-debian-1.16.3-2 04/01/2014
[    0.000000] DMI: Memory slots populated: 1/1
[    0.000000] tsc: Fast TSC calibration using PIT
[    0.000000] tsc: Detected 2596.045 MHz processor
[    0.006040] last_pfn = 0x7fdd max_arch_pfn = 0x400000000
[    0.006527] MTRR map: 4 entries (3 fixed + 1 variable; max 19), built from 8 variable MTRRs
[    0.006664] x86/PAT: Configuration [0-7]: WB  WC  UC- UC  WB  WP  UC- WT  
[    0.020642] found SMP MP-table at [mem 0x000f5460-0x000f546f]
[    0.021732] Using GB pages for direct mapping
[    0.025243] ACPI: Early table checksum verification disabled
[    0.025507] ACPI: RSDP 0x00000000000F5290 000014 (v00 BOCHS )
[    0.025749] ACPI: RSDT 0x0000000007FE1C64 000034 (v01 BOCHS  BXPC     00000001 BXPC 00000001)
[    0.026163] ACPI: FACP 0x0000000007FE1B18 000074 (v01 BOCHS  BXPC     00000001 BXPC 00000001)
[    0.026617] ACPI: DSDT 0x0000000007FE0040 001AD8 (v01 BOCHS  BXPC     00000001 BXPC 00000001)
[    0.026669] ACPI: FACS 0x0000000007FE0000 000040
[    0.026704] ACPI: APIC 0x0000000007FE1B8C 000078 (v03 BOCHS  BXPC     00000001 BXPC 00000001)
[    0.026719] ACPI: HPET 0x0000000007FE1C04 000038 (v01 BOCHS  BXPC     00000001 BXPC 00000001)
[    0.026732] ACPI: WAET 0x0000000007FE1C3C 000028 (v01 BOCHS  BXPC     00000001 BXPC 00000001)
[    0.026812] ACPI: Reserving FACP table memory at [mem 0x7fe1b18-0x7fe1b8b]
[    0.026854] ACPI: Reserving DSDT table memory at [mem 0x7fe0040-0x7fe1b17]
[    0.026859] ACPI: Reserving FACS table memory at [mem 0x7fe0000-0x7fe003f]
[    0.026863] ACPI: Reserving APIC table memory at [mem 0x7fe1b8c-0x7fe1c03]
[    0.026867] ACPI: Reserving HPET table memory at [mem 0x7fe1c04-0x7fe1c3b]
[    0.026871] ACPI: Reserving WAET table memory at [mem 0x7fe1c3c-0x7fe1c63]
[    0.029343] Zone ranges:
[    0.029367]   DMA      [mem 0x0000000000001000-0x0000000000ffffff]
[    0.029431]   DMA32    [mem 0x0000000001000000-0x0000000007fdcfff]
[    0.029438]   Normal   empty
[    0.029451] Movable zone start for each node
[    0.029478] Early memory node ranges
[    0.029498]   node   0: [mem 0x0000000000001000-0x000000000009efff]
[    0.029539]   node   0: [mem 0x0000000000100000-0x0000000007fdcfff]
[    0.029632] Initmem setup node 0 [mem 0x0000000000001000-0x0000000007fdcfff]
[    0.030472] On node 0, zone DMA: 1 pages in unavailable ranges
[    0.030896] On node 0, zone DMA: 97 pages in unavailable ranges
[    0.032647] On node 0, zone DMA32: 35 pages in unavailable ranges
[    0.032947] ACPI: PM-Timer IO Port: 0x608
[    0.033269] ACPI: LAPIC_NMI (acpi_id[0xff] dfl dfl lint[0x1])
[    0.033601] IOAPIC[0]: apic_id 0, version 32, address 0xfec00000, GSI 0-23
[    0.033691] ACPI: INT_SRC_OVR (bus 0 bus_irq 0 global_irq 2 dfl dfl)
[    0.033985] ACPI: INT_SRC_OVR (bus 0 bus_irq 5 global_irq 5 high level)
[    0.034025] ACPI: INT_SRC_OVR (bus 0 bus_irq 9 global_irq 9 high level)
[    0.034101] ACPI: INT_SRC_OVR (bus 0 bus_irq 10 global_irq 10 high level)
[    0.034106] ACPI: INT_SRC_OVR (bus 0 bus_irq 11 global_irq 11 high level)
[    0.034248] ACPI: Using ACPI (MADT) for SMP configuration information
[    0.034282] ACPI: HPET id: 0x8086a201 base: 0xfed00000
[    0.034598] CPU topo: Max. logical packages:   1
[    0.034610] CPU topo: Max. logical dies:       1
[    0.034617] CPU topo: Max. dies per package:   1
[    0.034654] CPU topo: Max. threads per core:   1
[    0.034783] CPU topo: Num. cores per package:     1
[    0.034795] CPU topo: Num. threads per package:   1
[    0.034801] CPU topo: Allowing 1 present CPUs plus 0 hotplug CPUs
[    0.035716] [mem 0x08000000-0xfffbffff] available for PCI devices
[    0.035768] Booting paravirtualized kernel on bare hardware
[    0.036044] clocksource: refined-jiffies: mask: 0xffffffff max_cycles: 0xffffffff, max_idle_ns: 19112604462750000 ns
[    0.036573] setup_percpu: NR_CPUS:512 nr_cpumask_bits:1 nr_cpu_ids:1 nr_node_ids:1
[    0.038049] percpu: Embedded 50 pages/cpu s167000 r8192 d29608 u2097152
[    0.039866] Kernel command line: BOOT_IMAGE=/boot/vmlinuz root=PARTUUID=87f4496b-02 rootwait console=tty1 console=ttyS0,115200n8 noinitrd
[    0.041199] random: crng init done
[    0.045236] Dentry cache hash table entries: 16384 (order: 5, 131072 bytes, linear)
[    0.046069] Inode-cache hash table entries: 8192 (order: 4, 65536 bytes, linear)
[    0.048334] Built 1 zonelists, mobility grouping on.  Total pages: 32635
[    0.048515] mem auto-init: stack:off, heap alloc:off, heap free:off
[    0.056396] SLUB: HWalign=64, Order=0-3, MinObjects=0, CPUs=1, Nodes=1
[    0.062624] rcu: Hierarchical RCU implementation.
[    0.062650] rcu: 	RCU restricting CPUs from NR_CPUS=512 to nr_cpu_ids=1.
[    0.062767] 	Tracing variant of Tasks RCU enabled.
[    0.062851] rcu: RCU calculated value of scheduler-enlistment delay is 10 jiffies.
[    0.062875] rcu: Adjusting geometry for rcu_fanout_leaf=16, nr_cpu_ids=1
[    0.063759] RCU Tasks Trace: Setting shift to 0 and lim to 1 rcu_task_cb_adjust=1 rcu_task_cpu_ids=1.
[    0.063871] NR_IRQS: 33024, nr_irqs: 256, preallocated irqs: 16
[    0.070934] rcu: srcu_init: Setting srcu_struct sizes based on contention.
[    0.076367] Console: colour VGA+ 80x25
[    0.076714] printk: legacy console [tty1] enabled
[    0.082716] printk: legacy console [ttyS0] enabled
[    0.329730] ACPI: Core revision 20240827
[    0.334019] clocksource: hpet: mask: 0xffffffff max_cycles: 0xffffffff, max_idle_ns: 19112604467 ns
[    0.337830] APIC: Switch to symmetric I/O mode setup
[    0.341462] ..TIMER: vector=0x30 apic1=0 pin1=2 apic2=-1 pin2=-1
[    0.385484] clocksource: tsc-early: mask: 0xffffffffffffffff max_cycles: 0x256ba40c549, max_idle_ns: 440795293262 ns
[    0.386061] Calibrating delay loop (skipped), value calculated using timer frequency.. 5192.09 BogoMIPS (lpj=25960450)
[    0.387584] x86/cpu: User Mode Instruction Prevention (UMIP) activated
[    0.402362] Last level iTLB entries: 4KB 0, 2MB 0, 4MB 0
[    0.402669] Last level dTLB entries: 4KB 0, 2MB 0, 4MB 0, 1GB 0
[    0.403524] Spectre V1 : Mitigation: usercopy/swapgs barriers and __user pointer sanitization
[    0.406127] Spectre V2 : Mitigation: Retpolines
[    0.407371] Spectre V2 : Spectre v2 / SpectreRSB: Filling RSB on context switch and VMEXIT
[    0.407871] Speculative Store Bypass: Vulnerable
[    0.409706] x86/fpu: Supporting XSAVE feature 0x001: 'x87 floating point registers'
[    0.413492] x86/fpu: Supporting XSAVE feature 0x002: 'SSE registers'
[    0.416966] x86/fpu: Supporting XSAVE feature 0x004: 'AVX registers'
[    0.417201] x86/fpu: Supporting XSAVE feature 0x008: 'MPX bounds registers'
[    0.417397] x86/fpu: Supporting XSAVE feature 0x010: 'MPX CSR'
[    0.426174] x86/fpu: xstate_offset[2]:  576, xstate_sizes[2]:  256
[    0.426644] x86/fpu: xstate_offset[3]:  960, xstate_sizes[3]:   64
[    0.426842] x86/fpu: xstate_offset[4]: 1024, xstate_sizes[4]:   64
[    0.427043] x86/fpu: Enabled xstate features 0x1f, context size is 1088 bytes, using 'standard' format.
[    0.623254] Freeing SMP alternatives memory: 40K
[    0.623934] pid_max: default: 32768 minimum: 301
[    0.631137] Mount-cache hash table entries: 512 (order: 0, 4096 bytes, linear)
[    0.631466] Mountpoint-cache hash table entries: 512 (order: 0, 4096 bytes, linear)
[    0.777043] smpboot: CPU0: AMD QEMU TCG CPU version 2.5+ (family: 0x6, model: 0x6, stepping: 0x3)
[    0.807056] Performance Events: PMU not available due to virtualization, using software events only.
[    0.808224] signal: max sigframe size: 1616
[    0.809602] rcu: Hierarchical SRCU implementation.
[    0.809806] rcu: 	Max phase no-delay instances is 1000.
[    0.8136mp: Bringing up secondary CPUs ...
[    0.828006] smp: Brought up 1 node, 1 CPU
[    0.828256] smpboot: Total of 1 processors activated (5192.09 BogoMIPS)
[    0.833987] Memory: 103200K/130540K available (14336K kernel code, 1167K rwdata, 3984K rodata, 1496K init, 1312K bss, 25628K reserved, 0K cma-reserved)
[    0.846479] clocksource: jiffies: mask: 0xffffffff max_cycles: 0xffffffff, max_idle_ns: 19112604462750000 ns
[    0.847171] futex hash table entries: 256 (order: 2, 16384 bytes, linear)
[    0.848211] pinctrl core: initialized pinctrl subsystem
[    0.860878] NET: Registered PF_NETLINK/PF_ROUTE protocol family
[    0.866177] thermal_sys: Registered thermal governor 'step_wise'
[    0.866233] thermal_sys: Registered thermal governor 'user_space'
[    0.867266] cpuidle: using governor ladder
[    0.867723] cpuidle: using governor menu
[    0.872616] acpiphp: ACPI Hot Plug PCI Controller Driver version: 0.5
[    0.875011] PCI: Using configuration type 1 for base access
[    0.882849] cryptd: max_cpu_qlen set to 1000
[    0.887446] ACPI: Added _OSI(Module Device)
[    0.887609] ACPI: Added _OSI(Processor Device)
[    0.887741] ACPI: Added _OSI(Processor Aggregator Device)
[    0.898677] ACPI: 1 ACPI AML tables successfully acquired and loaded
[    0.911990] ACPI: Interpreter enabled
[    0.912604] ACPI: PM: (supports S0 S5)
[    0.912760] ACPI: Using IOAPIC for interrupt routing
[    0.913210] PCI: Using host bridge windows from ACPI; if necessary, use "pci=nocrs" and report a bug
[    0.913494] PCI: Using E820 reservations for host bridge windows
[    0.917278] ACPI: Enabled 2 GPEs in block 00 to 0F
[    0.947462] ACPI: PCI Root Bridge [PCI0] (domain 0000 [bus 00-ff])
[    0.948176] acpi PNP0A03:00: _OSC: OS supports [ASPM ClockPM Segments MSI HPX-Type3]
[    0.948522] acpi PNP0A03:00: _OSC: not requesting OS control; OS requires [ExtendedConfig ASPM ClockPM MSI]
[    0.949197] acpi PNP0A03:00: fail to add MMCONFIG information, can't access extended configuration space under this bridge
[    0.959455] acpiphp: Slot [3] registered
[    0.959724] acpiphp: Slot [4] registered
[    0.959916] acpiphp: Slot [5] registered
[    0.960094] acpiphp: Slot [6] registered
[    0.966238] acpiphp: Slot [7] registered
[    0.967395] acpiphp: Slot [8] registered
[    0.967582] acpiphp: Slot [9] registered
[    0.967756] acpiphp: Slot [10] registered
[    0.967938] acpiphp: Slot [11] registered
[    0.968131] acpiphp: Slot [12] registered
[    0.976225] acpiphp: Slot [13] registered
[    0.976511] acpiphp: Slot [14] registered
[    0.976763] acpiphp: Slot [15] registered
[    0.976948] acpiphp: Slot [16] registered
[    0.977123] acpiphp: Slot [17] registered
[    0.977339] acpiphp: Slot [18] registered
[    0.977525] acpiphp: Slot [19] registered
[    0.986265] acpiphp: Slot [20] registered
[    0.986519] acpiphp: Slot [21] registered
[    0.986726] acpiphp: Slot [22] registered
[    0.986909] acpiphp: Slot [23] registered
[    0.987088] acpiphp: Slot [24] registered
[    0.987304] acpiphp: Slot [25] registered
[    0.996276] acpiphp: Slot [26] registered
[    0.996540] acpiphp: Slot [27] registered
[    0.996735] acpiphp: Slot [28] registered
[    0.996922] acpiphp: Slot [29] registered
[    0.997110] acpiphp: Slot [30] registered
[    0.997320] acpiphp: Slot [31] registered
[    1.006411] PCI host bridge to bus 0000:00
[    1.006831] pci_bus 0000:00: root bus resource [io  0x0000-0x0cf7 window]
[    1.007124] pci_bus 0000:00: root bus resource [io  0x0d00-0xffff window]
[    1.007310] pci_bus 0000:00: root bus resource [mem 0x000a0000-0x000bffff window]
[    1.016107] pci_bus 0000:00: root bus resource [mem 0x08000000-0xfebfffff window]
[    1.016394] pci_bus 0000:00: root bus resource [mem 0x100000000-0x17fffffff window]
[    1.016795] pci_bus 0000:00: root bus resource [bus 00-ff]
[    1.017918] pci 0000:00:00.0: [8086:1237] type 00 class 0x060000 conventional PCI endpoint
[    1.037406] pci 0000:00:01.0: [8086:7000] type 00 class 0x060100 conventional PCI endpoint
[    1.038103] pci 0000:00:01.1: [8086:7010] type 00 class 0x010180 conventional PCI endpoint
[    1.040607] pci 0000:00:01.1: BAR 4 [io  0xc0e0-0xc0ef]
[    1.046045] pci 0000:00:01.1: BAR 0 [io  0x01f0-0x01f7]: legacy IDE quirk
[    1.046278] pci 0000:00:01.1: BAR 1 [io  0x03f6]: legacy IDE quirk
[    1.046475] pci 0000:00:01.1: BAR 2 [io  0x0170-0x0177]: legacy IDE quirk
[    1.055610] pci 0000:00:01.1: BAR 3 [io  0x0376]: legacy IDE quirk
[    1.056617] pci 0000:00:01.3: [8086:7113] type 00 class 0x068000 conventional PCI endpoint
[    1.057181] pci 0000:00:01.3: quirk: [io  0x0600-0x063f] claimed by PIIX4 ACPI
[    1.057421] pci 0000:00:01.3: quirk: [io  0x0700-0x070f] claimed by PIIX4 SMB
[    1.066582] pci 0000:00:02.0: [1234:1111] type 00 class 0x030000 conventional PCI endpoint
[    1.067260] pci 0000:00:02.0: BAR 0 [mem 0xfd000000-0xfdffffff pref]
[    1.068632] pci 0000:00:02.0: BAR 2 [mem 0xfeb90000-0xfeb90fff]
[    1.078606] pci 0000:00:02.0: ROM [mem 0xfeb80000-0xfeb8ffff pref]
[    1.079020] pci 0000:00:02.0: Video device with shadowed ROM at [mem 0x000c0000-0x000dffff]
[    1.079826] pci 0000:00:03.0: [1af4:1000] type 00 class 0x020000 conventional PCI endpoint
[    1.080518] pci 0000:00:03.0: BAR 0 [io  0xc080-0xc09f]
[    1.088851] pci 0000:00:03.0: BAR 4 [mem 0xfe000000-0xfe003fff 64bit pref]
[    1.089533] pci 0000:00:03.0: ROM [mem 0xfea80000-0xfeafffff pref]
[    1.093159] pci 0000:00:04.0: [1af4:1005] type 00 class 0x00ff00 conventional PCI endpoint
[    1.096835] pci 0000:00:04.0: BAR 0 [io  0xc0a0-0xc0bf]
[    1.098242] pci 0000:00:04.0: BAR 1 [mem 0xfeb91000-0xfeb91fff]
[    1.100330] pci 0000:00:04.0: BAR 4 [mem 0xfe004000-0xfe007fff 64bit pref]
[    1.106882] pci 0000:00:05.0: [1af4:1000] type 00 class 0x020000 conventional PCI endpoint
[    1.110800] pci 0000:00:05.0: BAR 0 [io  0xc0c0-0xc0df]
[    1.112250] pci 0000:00:05.0: BAR 1 [mem 0xfeb92000-0xfeb92fff]
[    1.113842] pci 0000:00:05.0: BAR 4 [mem 0xfe008000-0xfe00bfff 64bit pref]
[    1.114603] pci 0000:00:05.0: ROM [mem 0xfeb00000-0xfeb7ffff pref]
[    1.118618] pci 0000:00:06.0: [1af4:1001] type 00 class 0x010000 conventional PCI endpoint
[    1.119972] pci 0000:00:06.0: BAR 0 [io  0xc000-0xc07f]
[    1.121014] pci 0000:00:06.0: BAR 1 [mem 0xfeb93000-0xfeb93fff]
[    1.126462] pci 0000:00:06.0: BAR 4 [mem 0xfe00c000-0xfe00ffff 64bit pref]
[    1.138324] ACPI: PCI: Interrupt link LNKA configured for IRQ 10
[    1.138967] ACPI: PCI: Interrupt link LNKB configured for IRQ 10
[    1.139389] ACPI: PCI: Interrupt link LNKC configured for IRQ 11
[    1.139852] ACPI: PCI: Interrupt link LNKD configured for IRQ 11
[    1.141357] ACPI: PCI: Interrupt link LNKS configured for IRQ 9
[    1.144645] iommu: Default domain type: Translated
[    1.144863] iommu: DMA domain TLB invalidation policy: lazy mode
[    1.147410] SCSI subsystem initialized
[    1.148212] ACPI: bus type USB registered
[    1.152675] usbcore: registered new interface driver usbfs
[    1.153210] usbcore: registered new interface driver hub
[    1.153479] usbcore: registered new device driver usb
[    1.153892] pps_core: LinuxPPS API ver. 1 registered
[    1.154046] pps_core: Software ver. 5.3.6 - Copyright 2005-2007 Rodolfo Giometti <giometti@linux.it>
[    1.156214] PTP clock support registered
[    1.172192] PCI: Using ACPI for IRQ routing
[    1.174105] hpet0: at MMIO 0xfed00000, IRQs 2, 8, 0
[    1.174452] hpet0: 3 comparators, 64-bit 100.000000 MHz counter
[    1.178994] clocksource: Switched to clocksource tsc-early
[    1.181009] pnp: PnP ACPI init
[    1.184155] pnp: PnP ACPI: found 6 devices
[    1.192627] clocksource: acpi_pm: mask: 0xffffff max_cycles: 0xffffff, max_idle_ns: 2085701024 ns
[    1.193699] NET: Registered PF_INET protocol family
[    1.194648] IP idents hash table entries: 2048 (order: 2, 16384 bytes, linear)
[    1.198890] tcp_listen_portaddr_hash hash table entries: 256 (order: 0, 4096 bytes, linear)
[    1.203393] Table-perturb hash table entries: 65536 (order: 6, 262144 bytes, linear)
[    1.203733] TCP established hash table entries: 1024 (order: 1, 8192 bytes, linear)
[    1.204067] TCP bind hash table entries: 1024 (order: 3, 32768 bytes, linear)
[    1.214025] TCP: Hash tables configured (established 1024 bind 1024)
[    1.215513] MPTCP token hash table entries: 256 (order: 1, 6144 bytes, linear)
[    1.215929] UDP hash table entries: 256 (order: 1, 8192 bytes, linear)
[    1.216280] UDP-Lite hash table entries: 256 (order: 1, 8192 bytes, linear)
[    1.225895] NET: Registered PF_UNIX/PF_LOCAL protocol family
[    1.226834] pci_bus 0000:00: resource 4 [io  0x0000-0x0cf7 window]
[    1.227028] pci_bus 0000:00: resource 5 [io  0x0d00-0xffff window]
[    1.227217] pci_bus 0000:00: resource 6 [mem 0x000a0000-0x000bffff window]
[    1.235583] pci_bus 0000:00: resource 7 [mem 0x08000000-0xfebfffff window]
[    1.235827] pci_bus 0000:00: resource 8 [mem 0x100000000-0x17fffffff window]
[    1.236471] pci 0000:00:01.0: PIIX3: Enabling Passive Release
[    1.236711] pci 0000:00:00.0: Limiting direct PCI/PCI transfers
[    1.246581] PCI: CLS 0 bytes, default 64
[    1.261272] workingset: timestamp_bits=46 max_order=15 bucket_order=0
[    1.263270] squashfs: version 4.0 (2009/01/31) Phillip Lougher
[    1.265360] Block layer SCSI generic (bsg) driver version 0.4 loaded (major 247)
[    1.268015] hv_vmbus: registering driver hyperv_fb
[    1.274436] input: Power Button as /devices/LNXSYSTM:00/LNXPWRBN:00/input/input0
[    1.279825] ACPI: button: Power Button [PWRF]
[    1.391353] ACPI: \_SB_.LNKC: Enabled at IRQ 11
[    1.500486] ACPI: \_SB_.LNKD: Enabled at IRQ 10
[    1.606777] ACPI: \_SB_.LNKA: Enabled at IRQ 10
[    1.712677] ACPI: \_SB_.LNKB: Enabled at IRQ 11
[    1.714310] Serial: 8250/16550 driver, 16 ports, IRQ sharing enabled
[    1.738577] 00:04: ttyS0 at I/O 0x3f8 (irq = 4, base_baud = 115200) is a 16550A
[    1.756790] Non-volatile memory driver v1.3
[    1.766020] Linux agpgart interface v0.103
[    1.766936] ACPI: bus type drm_connector registered
[    1.769521] [drm] Found bochs VGA, ID 0xb0c5.
[    1.769688] [drm] Framebuffer size 16384 kB @ 0xfd000000, mmio @ 0xfeb90000.
[    1.773999] [drm] Found EDID data blob.
[    1.778741] [drm] Initialized bochs-drm 1.0.0 for 0000:00:02.0 on minor 0
[    1.826569] Console: switching to colour frame buffer device 160x50
[    1.833881] bochs-drm 0000:00:02.0: [drm] fb0: bochs-drmdrmfb frame buffer device
[    1.856796] loop: module loaded
[    1.857381] virtio_blk virtio3: 1/0/0 default/read/poll queues
[    1.861139] virtio_blk virtio3: [vda] 246784 512-byte logical blocks (126 MB/121 MiB)
[    1.869257]  vda: vda1 vda2
[    1.871025] Guest personality initialized and is inactive
[    1.871504] VMCI host device registered (name=vmci, major=10, minor=256)
[    1.871741] Initialized host personality
[    1.871998] usbcore: registered new interface driver rtsx_usb
[    1.880539] VMware PVSCSI driver - version 1.0.7.0-k
[    1.880810] hv_vmbus: registering driver hv_storvsc
[    1.892238] scsi host0: ata_piix
[    1.894155] scsi host1: ata_piix
[    1.894984] ata1: PATA max MWDMA2 cmd 0x1f0 ctl 0x3f6 bmdma 0xc0e0 irq 14 lpm-pol 0
[    1.895281] ata2: PATA max MWDMA2 cmd 0x170 ctl 0x376 bmdma 0xc0e8 irq 15 lpm-pol 0
[    1.902295] VMware vmxnet3 virtual NIC driver - version 1.9.0.0-k-NAPI
[    1.902952] hv_vmbus: registering driver hv_netvsc
[    1.903389] Fusion MPT base driver 3.04.20
[    1.903529] Copyright (c) 1999-2008 LSI Corporation
[    1.903836] Fusion MPT SPI Host driver 3.04.20
[    1.904179] Fusion MPT SAS Host driver 3.04.20
[    1.905843] usbcore: registered new interface driver usb-storage
[    1.915259] i8042: PNP: PS/2 Controller [PNP0303:KBD,PNP0f13:MOU] at 0x60,0x64 irq 1,12
[    1.919084] serio: i8042 KBD port at 0x60,0x64 irq 1
[    1.919567] serio: i8042 AUX port at 0x60,0x64 irq 12
[    1.923474] hv_vmbus: registering driver hyperv_keyboard
[    1.927480] rtc_cmos 00:05: RTC can wake from S4
[    1.933524] rtc_cmos 00:05: registered as rtc0
[    1.936865] rtc_cmos 00:05: setting system clock to 2026-04-20T02:02:16 UTC (1776650536)
[    1.940105] rtc_cmos 00:05: alarms up to one day, y3k, 242 bytes nvram, hpet irqs
[    1.943530] intel_powerclamp: CPU does not support MWAIT
[    1.946591] amd_pstate: the _CPC object is not present in SBIOS or ACPI disabled
[    1.950429] sdhci: Secure Digital Host Controller Interface driver
[    1.953090] sdhci: Copyright(c) Pierre Ossman
[    1.956175] VUB300 Driver rom wait states = 1C irqpoll timeout = 0400
[    1.963731] input: AT Translated Set 2 keyboard as /devices/platform/i8042/serio0/input/input1
[    1.984156] usbcore: registered new interface driver vub300
[    1.986207] usbcore: registered new interface driver ushc
[    1.992303] hid: raw HID events driver (C) Jiri Kosina
[    1.994305] hv_vmbus: registering driver hid_hyperv
[    1.997099] usbcore: registered new interface driver usbhid
[    1.998786] usbhid: USB HID core driver
[    2.000522] hv_utils: Registering HyperV Utility Driver
[    2.002172] hv_vmbus: registering driver hv_utils
[    2.003815] hv_vmbus: registering driver hv_balloon
[    2.006686] NET: Registered PF_INET6 protocol family
[    2.019186] Segment Routing with IPv6
[    2.020945] In-situ OAM (IOAM) with IPv6
[    2.022890] NET: Registered PF_PACKET protocol family
[    2.024970] bridge: filtering via arp/ip/ip6tables is no longer available by default. Update your scripts to load br_netfilter if you need this.
[    2.034232] 8021q: 802.1Q VLAN Support v1.8
[    2.036502] NET: Registered PF_VSOCK protocol family
[    2.043472] IPI shorthand broadcast: enabled
[    2.048701] AES CTR mode by8 optimization enabled
[    2.062779] sched_clock: Marking stable (1800087157, 254619054)->(2118291356, -63585145)
[    2.110176] clk: Disabling unused clocks
[    2.137252] ata2: found unknown device (class 0)
[    2.143892] ata2.00: ATAPI: QEMU DVD-ROM, 2.5+, max UDMA/100
[    2.156608] scsi 1:0:0:0: CD-ROM            QEMU     QEMU DVD-ROM     2.5+ PQ: 0 ANSI: 5
[    2.216203] sr 1:0:0:0: [sr0] scsi3-mmc drive: 4x/4x cd/rw xa/form2 tray
[    2.218173] cdrom: Uniform CD-ROM driver Revision: 3.20
[    2.261717] VFS: Mounted root (squashfs filesystem) readonly on device 254:2.
[    2.323824] Freeing unused kernel image (initmem) memory: 1496K
[    2.325970] Write protecting the kernel read-only data: 18432k
[    2.328438] Freeing unused kernel image (rodata/data gap) memory: 112K
[    2.330445] Run /sbin/init as init process
[    2.335673] tsc: Refined TSC clocksource calibration: 2596.063 MHz
[    2.337677] clocksource: tsc: mask: 0xffffffffffffffff max_cycles: 0x256bb52445c, max_idle_ns: 440795300167 ns
[    2.339673] clocksource: Switched to clocksource tsc
[    2.609623] init: Console is alive
[    3.058304] kmodloader: loading kernel modules from /etc/modules-boot.d/*
[    3.109541] button_hotplug: loading out-of-tree module taints kernel.
[    3.116297] Button Hotplug driver version 0.4.1
[    3.131942] Intel(R) 2.5G Ethernet Linux Driver
[    3.133923] Copyright(c) 2018 Intel Corporation.
[    3.145867] igb: Intel(R) Gigabit Ethernet Network Driver
[    3.147876] igb: Copyright (c) 2007-2014 Intel Corporation.
[    3.160529] e1000e: Intel(R) PRO/1000 Network Driver
[    3.162492] e1000e: Copyright(c) 1999 - 2015 Intel Corporation.
[    3.172867] kmodloader: done loading kernel modules from /etc/modules-boot.d/*
[    3.185918] init: - preinit -
[    3.958047] 8021q: adding VLAN 0 to HW filter on device eth0
Press the [f] key and hit [enter] to enter failsafe mode
Press the [1], [2], [3] or [4] key and hit [enter] to select the debug level
[    8.453275] loop0: detected capacity change from 0 to 212992
[    8.504980] loop0: detected capacity change from 212992 to 201728
[    8.516008] mount_root: overlay filesystem in /dev/loop0 has not been formatted yet
[    8.944532] EXT4-fs (loop0): mounted filesystem f0f6c976-67cb-488a-81fc-4ecda722ba5b r/w with ordered data mode. Quota mode: disabled.
[    8.955880] mount_root: overlay filesystem has not been fully initialized yet
[    8.970226] mount_root: switching to ext4 overlay
[    8.987201] overlayfs: null uuid detected in lower fs '/', falling back to xino=off,index=off,nfs_export=off.
[    9.613029] EXT4-fs (vda1): mounted filesystem 84173db5-fa99-e35a-95c6-28613cc79ea9 r/w without journal. Quota mode: disabled.
[    9.631962] urandom-seed: Seed file not found (/etc/urandom.seed)
[    9.737789] procd: - early -
[   10.411556] procd: - ubus -
[   10.513004] procd: - init -
Please press Enter to activate this console.
root
login[1051]: root login on 'ttyS0'


BusyBox v1.37.0 (2026-01-02 17:07:02 UTC) built-in shell (ash)

  _______                     ________        __
 |       |.-----.-----.-----.|  |  |  |.----.|  |_
 |   -   ||  _  |  -__|     ||  |  |  ||   _||   _|
 |_______||   __|_____|__|__||________||__|  |____|
          |__| W I R E L E S S   F R E E D O M
 -----------------------------------------------------
 OpenWrt SNAPSHOT, r34044-773942011d
 -----------------------------------------------------

 === WARNING! =====================================
 There is no root password defined on this device!
 Use the "passwd" command to set up a new password
 in order to prevent unauthorized SSH logins.
 --------------------------------------------------

root@(none):~# dmesg -n 1
root@(none):~# echo 'NZMQ''LYLQWA'
NZMQLYLQWA
root@(none):~# run() { echo -n "$MARKER"; sh -c "$@"; echo "$MARKER $?"; }
root@(none):~# echo 'COHT''TCEKWX'
COHTTCEKWX
root@(none):~# MARKER='HXYT''BQCPPF' run 'ubus wait_for network.interface.lan'
HXYTBQCPPFHXYTBQCPPF 0
root@OpenWrt:~# echo 'SXWA''KUOWSL'
SXWAKUOWSL
root@OpenWrt:~# MARKER='JPQW''QHXJJV' run 'ubus call network.interface.lan statu
s '"'"'{}'"'"''
JPQWQHXJJV{
	"up": true,
	"pending": false,
	"available": true,
	"autostart": true,
	"dynamic": false,
	"uptime": 0,
	"l3_device": "br-lan",
	"proto": "static",
	"device": "br-lan",
	"updated": [
		"addresses"
	],
	"metric": 0,
	"dns_metric": 0,
	"delegation": true,
	"ipv4-address": [
		{
			"address": "192.168.1.1",
			"mask": 24
		}
	],
	"ipv6-address": [
		
	],
	"ipv6-prefix": [
		
	],
	"ipv6-prefix-assignment": [
		{
			"address": "fd6e:696a:a7dc::",
			"mask": 60,
			"local-address": {
				"address": "fd6e:696a:a7dc::1",
				"mask": 60
			}
		}
	],
	"route": [
		
	],
	"dns-server": [
		
	],
	"dns-search": [
		
	],
	"neighbors": [
		
	],
	"inactive": {
		"ipv4-address": [
			
		],
		"ipv6-address": [
			
		],
		"route": [
			
		],
		"dns-server": [
			
		],
		"dns-search": [
			
		],
		"neighbors": [
			
		]
	},
	"data": {
		
	}
}
JPQWQHXJJV 0
root@OpenWrt:~# echo 'ZEVW''VXTEOM'
ZEVWVXTEOM
root@OpenWrt:~# MARKER='YEGT''FKWYLA' run true
YEGTFKWYLAYEGTFKWYLA 0
root@OpenWrt:~# echo 'HLWL''SQLSJG'
HLWLSQLSJG
root@OpenWrt:~# MARKER='KZHK''AQZJBS' run 'source /etc/os-release; echo $BUILD_I
D'
KZHKAQZJBSr34044-773942011d
KZHKAQZJBS 0
root@OpenWrt:~# echo 'EPGV''HHQBAT'
EPGVHHQBAT
root@OpenWrt:~# MARKER='NULJ''JWVJHV' run 'ls /etc/dropbear/dropbear_rsa_host_ke
y'
NULJJWVJHV[0;0m/etc/dropbear/dropbear_rsa_host_key[m
NULJJWVJHV 0
root@OpenWrt:~# echo 'ULGF''YJBAFT'
ULGFYJBAFT
root@OpenWrt:~# MARKER='WOYY''PWHAXJ' run 'netstat -tlpn | grep 0.0.0.0:22'
WOYYPWHAXJtcp        0      0 0.0.0.0:22              0.0.0.0:*               LISTEN      1734/dropbear
WOYYPWHAXJ 0
root@OpenWrt:~# echo 'OZCZ''KVLZCV'
OZCZKVLZCV
root@OpenWrt:~# MARKER='WPXQ''GPKNLH' run 'dmesg | grep br-lan | grep forwarding
'
WPXQGPKNLH[   26.426071] br-lan: port 1(eth0) entered forwarding state
WPXQGPKNLH 0
root@OpenWrt:~# echo 'VMZA''MJPGPL'
VMZAMJPGPL
root@OpenWrt:~# MARKER='GMTH''FOYJGO' run 'ubus call network.interface.lan statu
s '"'"'{}'"'"''
GMTHFOYJGO{
	"up": true,
	"pending": false,
	"available": true,
	"autostart": true,
	"dynamic": false,
	"uptime": 20,
	"l3_device": "br-lan",
	"proto": "static",
	"device": "br-lan",
	"updated": [
		"addresses"
	],
	"metric": 0,
	"dns_metric": 0,
	"delegation": true,
	"ipv4-address": [
		{
			"address": "192.168.1.1",
			"mask": 24
		}
	],
	"ipv6-address": [
		
	],
	"ipv6-prefix": [
		
	],
	"ipv6-prefix-assignment": [
		{
			"address": "fd6e:696a:a7dc::",
			"mask": 60,
			"local-address": {
				"address": "fd6e:696a:a7dc::1",
				"mask": 60
			}
		}
	],
	"route": [
		
	],
	"dns-server": [
		
	],
	"dns-search": [
		
	],
	"neighbors": [
		
	],
	"inactive": {
		"ipv4-address": [
			
		],
		"ipv6-address": [
			
		],
		"route": [
			
		],
		"dns-server": [
			
		],
		"dns-search": [
			
		],
		"neighbors": [
			
		]
	},
	"data": {
		
	}
}
GMTHFOYJGO 0
root@OpenWrt:~# echo 'WZLB''PGGOUW'
WZLBPGGOUW
root@OpenWrt:~# MARKER='CMPT''NEXUBT' run 'ip -o addr show dev br-lan'
CMPTNEXUBT4: br-lan    inet 192.168.1.1/24 brd 192.168.1.255 scope global br-lan\       valid_lft forever preferred_lft forever
4: br-lan    inet6 fd6e:696a:a7dc::1/60 scope global noprefixroute \       valid_lft forever preferred_lft forever
4: br-lan    inet6 fe80::5054:ff:fe12:3456/64 scope link \       valid_lft forever preferred_lft forever
CMPTNEXUBT 0
root@OpenWrt:~# echo 'EJUU''NTAAVY'
EJUUNTAAVY
root@OpenWrt:~# MARKER='BKXF''AKEXMY' run 'ubus call network.interface.wan statu
s '"'"'{}'"'"''
BKXFAKEXMY{
	"up": true,
	"pending": false,
	"available": true,
	"autostart": true,
	"dynamic": false,
	"uptime": 19,
	"l3_device": "eth1",
	"proto": "dhcp",
	"device": "eth1",
	"updated": [
		"addresses",
		"routes",
		"data"
	],
	"metric": 0,
	"dns_metric": 0,
	"delegation": true,
	"ipv4-address": [
		{
			"address": "10.0.2.15",
			"mask": 24
		}
	],
	"ipv6-address": [
		
	],
	"ipv6-prefix": [
		
	],
	"ipv6-prefix-assignment": [
		
	],
	"route": [
		{
			"target": "0.0.0.0",
			"mask": 0,
			"nexthop": "10.0.2.2",
			"source": "10.0.2.15/32"
		}
	],
	"dns-server": [
		"10.0.2.3"
	],
	"dns-search": [
		
	],
	"neighbors": [
		
	],
	"inactive": {
		"ipv4-address": [
			
		],
		"ipv6-address": [
			
		],
		"route": [
			
		],
		"dns-server": [
			
		],
		"dns-search": [
			
		],
		"neighbors": [
			
		]
	},
	"data": {
		"dhcpserver": "10.0.2.2",
		"leasetime": 86400
	}
}
BKXFAKEXMY 0
root@OpenWrt:~# 