Labgrid Console Logfile for main
Logfile started at 2026-04-08 03:26:18.658674
=== Log starts here ===
c[?7l[2J[0mSeaBIOS (version 1.16.3-debian-1.16.3-2)


iPXE (https://ipxe.org) 00:03.0 CA00 PCI2.10 PnP PMM+06FCAE70+06F0AE70 CA00
Press Ctrl-B to configure iPXE (PCI 00:03.0)...                                                                               




iPXE (https://ipxe.org) 00:05.0 CB00 PCI2.10 PnP PMM 06FCAE70 06F0AE70 CB00
Press Ctrl-B to configure iPXE (PCI 00:05.0)...                                                                               


Booting from Hard Disk...
GRUB loading.....
[0;30;47mWelcome to GRUB![01;01H[0m[2J[H[J[1;1H[?25l[m[H[J[1;1H[2;30HGNU GRUB  version 2.12

[m[4;2H+----------------------------------------------------------------------------+[5;2H|[5;79H|[6;2H|[6;79H|[7;2H|[7;79H|[8;2H|[8;79H|[9;2H|[9;79H|[10;2H|[10;79H|[11;2H|[11;79H|[12;2H|[12;79H|[13;2H|[13;79H|[14;2H|[14;79H|[15;2H|[15;79H|[16;2H+----------------------------------------------------------------------------+[m[17;2H[18;2H[m     Use the ^ and v keys to select which entry is highlighted.          
      Press enter to boot the selected OS, `e' to edit the commands       
      before booting or `c' for a command-line. ESC to return             
      previous menu.                                                      [5;80H [7m[5;3H*OpenWrt                                                                    [m[5;78H[m[m[6;3H OpenWrt (failsafe)                                                         [m[6;78H[m[m[7;3H                                                                            [m[7;78H[m[m[8;3H                                                                            [m[8;78H[m[m[9;3H                                                                            [m[9;78H[m[m[10;3H                                                                            [m[10;78H[m[m[11;3H                                                                            [m[11;78H[m[m[12;3H                                                                            [m[12;78H[m[m[13;3H                                                                            [m[13;78H[m[m[14;3H                                                                            [m[14;78H[m[m[15;3H                                                                            [m[15;78H[m[15;80H [5;78H[2J[02;30HGNU GRUB  version 2.12[04;02H┌───────────────────────────────────────────────────────────────[04;65H[04;66H─────────────┐[05;02H│[05;79H│[06;02H│[06;79H│[07;02H│[07;79H│[08;02H│[08;79H│[09;02H│[09;79H│[10;02H│[10;79H│[11;02H│[11;79H│[12;02H│[12;79H│[13;02H│[13;79H│[14;02H│[14;79H│[15;02H│[15;79H│[16;02H│[16;79H│[17;02H└────────────────────────────────────────────────────────────────────────────┘[19;02H     Use the ↑ and ↓ keys to [19;30H[19;31Hselect which entry is highlighted.          
      Press enter to boot the selected OS, `e' to edit the commands       
      before booting or `c' for a command[21;41H[21;42H-line. ESC to return             
      previous menu.                                                      [05;80H [05;03H[0;30;47m*OpenWrt                                                                    [06;03H[0m OpenWrt (failsafe)                                                         [07;03H                                                                            [08;03H                                                                            [09;03H                                                                            [10;03H                                                                            [11;03H                                                                        [11;74H[11;75H    [12;03H                                                                            [13;03H                                                                            [14;03H                                                                            [15;03H                                                                            [16;03H            [16;14H[16;15H                                                                [16;80H 






   The highlighted entry will be executed automatically in 5s.                [22;1H   The highlighted entry will be executed automatically in 5s.                 [5;78H [05;78H

















   The highlighted entry will be executed automatically in 4s.                [22;1H   The highlighted entry will be executed automatically in 4s.                 [5;78H [05;78H

















   The highlighted entry will be executed automatically in 3s.                [22;1H   The highlighted entry will be executed automatically in 3s.                 [5;78H [05;78H

















   The highlighted entry will be executed automatically in 2s.                [22;1H   The highlighted entry will be executed automatically in 2s.                 [5;78H [05;78H

















   The highlighted entry will be executed automatically in 1s.                [22;1H   The highlighted entry will be executed automatically in 1s.                 [5;78H [05;78H

















   The highlighted entry will be executed automatically in 0s.                [22;1H   The highlighted entry will be executed automatically in 0s.                 [5;78H [01;01H[2J[?25h[H[J[1;1H[H[J[1;1H[2J   Booting `OpenWrt' Booting `OpenWrt

'

[    0.000000] Linux version 6.12.80 (builder@buildhost) (x86_64-openwrt-linux-musl-gcc (OpenWrt GCC 14.3.0 r33841-04f10eb796) 14.3.0, GNU ld (GNU Binutils) 2.44) #0 SMP Tue Apr  7 22:34:59 2026
[    0.000000] Command line: BOOT_IMAGE=/boot/vmlinuz root=PARTUUID=ec4f5d17-02 rootwait console=tty1 console=ttyS0,115200n8 noinitrd
[    0.000000] BIOS-provided physical RAM map:
[    0.000000] BIOS-e820: [mem 0x0000000000000000-0x000000000009fbff] usable
[    0.000000] BIOS-e820: [mem 0x000000000009fc00-0x000000000009ffff] reserved
[    0.000000] BIOS-e820: [mem 0x00000000000f0000-0x00000000000fffff] reserved
[    0.000000] BIOS-e820: [mem 0x0000000000100000-0x0000000007fdcfff] usable
[    0.000000] BIOS-e820: [mem 0x0000000007fdd000-0x0000000007ffffff] reserved
[    0.000000] BIOS-e820: [mem 0x00000000fffc0000-0x00000000ffffffff] reserved
[    0.000000] BIOS-e820: [mem 0x000000fd00000000-0x000000ffffffffff] reserved
[    0.000000] NX (Execute Disable) protection: active
[    0.000000] APIC: Static calls initialized
[    0.000000] SMBIOS 3.0.0 present.
[    0.000000] DMI: QEMU Standard PC (i440FX + PIIX, 1996), BIOS 1.16.3-debian-1.16.3-2 04/01/2014
[    0.000000] DMI: Memory slots populated: 1/1
[    0.000000] tsc: Fast TSC calibration using PIT
[    0.000000] tsc: Detected 2445.395 MHz processor
[    0.010343] last_pfn = 0x7fdd max_arch_pfn = 0x400000000
[    0.010984] MTRR map: 4 entries (3 fixed + 1 variable; max 19), built from 8 variable MTRRs
[    0.011148] x86/PAT: Configuration [0-7]: WB  WC  UC- UC  WB  WP  UC- WT  
[    0.030187] found SMP MP-table at [mem 0x000f5460-0x000f546f]
[    0.031686] Using GB pages for direct mapping
[    0.036594] ACPI: Early table checksum verification disabled
[    0.036957] ACPI: RSDP 0x00000000000F5290 000014 (v00 BOCHS )
[    0.037257] ACPI: RSDT 0x0000000007FE1C64 000034 (v01 BOCHS  BXPC     00000001 BXPC 00000001)
[    0.037787] ACPI: FACP 0x0000000007FE1B18 000074 (v01 BOCHS  BXPC     00000001 BXPC 00000001)
[    0.038381] ACPI: DSDT 0x0000000007FE0040 001AD8 (v01 BOCHS  BXPC     00000001 BXPC 00000001)
[    0.038455] ACPI: FACS 0x0000000007FE0000 000040
[    0.038528] ACPI: APIC 0x0000000007FE1B8C 000078 (v03 BOCHS  BXPC     00000001 BXPC 00000001)
[    0.038553] ACPI: HPET 0x0000000007FE1C04 000038 (v01 BOCHS  BXPC     00000001 BXPC 00000001)
[    0.038575] ACPI: WAET 0x0000000007FE1C3C 000028 (v01 BOCHS  BXPC     00000001 BXPC 00000001)
[    0.038658] ACPI: Reserving FACP table memory at [mem 0x7fe1b18-0x7fe1b8b]
[    0.038708] ACPI: Reserving DSDT table memory at [mem 0x7fe0040-0x7fe1b17]
[    0.038716] ACPI: Reserving FACS table memory at [mem 0x7fe0000-0x7fe003f]
[    0.038722] ACPI: Reserving APIC table memory at [mem 0x7fe1b8c-0x7fe1c03]
[    0.038729] ACPI: Reserving HPET table memory at [mem 0x7fe1c04-0x7fe1c3b]
[    0.038735] ACPI: Reserving WAET table memory at [mem 0x7fe1c3c-0x7fe1c63]
[    0.041738] Zone ranges:
[    0.041767]   DMA      [mem 0x0000000000001000-0x0000000000ffffff]
[    0.041843]   DMA32    [mem 0x0000000001000000-0x0000000007fdcfff]
[    0.041853]   Normal   empty
[    0.041872] Movable zone start for each node
[    0.041905] Early memory node ranges
[    0.041931]   node   0: [mem 0x0000000000001000-0x000000000009efff]
[    0.041985]   node   0: [mem 0x0000000000100000-0x0000000007fdcfff]
[    0.042104] Initmem setup node 0 [mem 0x0000000000001000-0x0000000007fdcfff]
[    0.043152] On node 0, zone DMA: 1 pages in unavailable ranges
[    0.043732] On node 0, zone DMA: 97 pages in unavailable ranges
[    0.046418] On node 0, zone DMA32: 35 pages in unavailable ranges
[    0.046798] ACPI: PM-Timer IO Port: 0x608
[    0.047193] ACPI: LAPIC_NMI (acpi_id[0xff] dfl dfl lint[0x1])
[    0.047624] IOAPIC[0]: apic_id 0, version 32, address 0xfec00000, GSI 0-23
[    0.047742] ACPI: INT_SRC_OVR (bus 0 bus_irq 0 global_irq 2 dfl dfl)
[    0.047989] ACPI: INT_SRC_OVR (bus 0 bus_irq 5 global_irq 5 high level)
[    0.048038] ACPI: INT_SRC_OVR (bus 0 bus_irq 9 global_irq 9 high level)
[    0.048134] ACPI: INT_SRC_OVR (bus 0 bus_irq 10 global_irq 10 high level)
[    0.048144] ACPI: INT_SRC_OVR (bus 0 bus_irq 11 global_irq 11 high level)
[    0.048325] ACPI: Using ACPI (MADT) for SMP configuration information
[    0.048371] ACPI: HPET id: 0x8086a201 base: 0xfed00000
[    0.048793] CPU topo: Max. logical packages:   1
[    0.048809] CPU topo: Max. logical dies:       1
[    0.048819] CPU topo: Max. dies per package:   1
[    0.048874] CPU topo: Max. threads per core:   1
[    0.049025] CPU topo: Num. cores per package:     1
[    0.049041] CPU topo: Num. threads per package:   1
[    0.049049] CPU topo: Allowing 1 present CPUs plus 0 hotplug CPUs
[    0.050229] [mem 0x08000000-0xfffbffff] available for PCI devices
[    0.050298] Booting paravirtualized kernel on bare hardware
[    0.050623] clocksource: refined-jiffies: mask: 0xffffffff max_cycles: 0xffffffff, max_idle_ns: 19112604462750000 ns
[    0.051295] setup_percpu: NR_CPUS:512 nr_cpumask_bits:1 nr_cpu_ids:1 nr_node_ids:1
[    0.053381] percpu: Embedded 50 pages/cpu s167000 r8192 d29608 u2097152
[    0.055737] Kernel command line: BOOT_IMAGE=/boot/vmlinuz root=PARTUUID=ec4f5d17-02 rootwait console=tty1 console=ttyS0,115200n8 noinitrd
[    0.057444] random: crng init done
[    0.062136] Dentry cache hash table entries: 16384 (order: 5, 131072 bytes, linear)
[    0.063095] Inode-cache hash table entries: 8192 (order: 4, 65536 bytes, linear)
[    0.065801] Built 1 zonelists, mobility grouping on.  Total pages: 32635
[    0.066030] mem auto-init: stack:off, heap alloc:off, heap free:off
[    0.076567] SLUB: HWalign=64, Order=0-3, MinObjects=0, CPUs=1, Nodes=1
[    0.084651] rcu: Hierarchical RCU implementation.
[    0.084681] rcu: 	RCU restricting CPUs from NR_CPUS=512 to nr_cpu_ids=1.
[    0.084832] 	Tracing variant of Tasks RCU enabled.
[    0.084927] rcu: RCU calculated value of scheduler-enlistment delay is 10 jiffies.
[    0.084960] rcu: Adjusting geometry for rcu_fanout_leaf=16, nr_cpu_ids=1
[    0.086116] RCU Tasks Trace: Setting shift to 0 and lim to 1 rcu_task_cb_adjust=1 rcu_task_cpu_ids=1.
[    0.086254] NR_IRQS: 33024, nr_irqs: 256, preallocated irqs: 16
[    0.095130] rcu: srcu_init: Setting srcu_struct sizes based on contention.
[    0.102080] Console: colour VGA+ 80x25
[    0.102526] printk: legacy console [tty1] enabled
[    0.111202] printk: legacy console [ttyS0] enabled
[    0.353814] ACPI: Core revision 20240827
[    0.368906] clocksource: hpet: mask: 0xffffffff max_cycles: 0xffffffff, max_idle_ns: 19112604467 ns
[    0.374076] APIC: Switch to symmetric I/O mode setup
[    0.378973] ..TIMER: vector=0x30 apic1=0 pin1=2 apic2=-1 pin2=-1
[    0.421103] clocksource: tsc-early: mask: 0xffffffffffffffff max_cycles: 0x233fba4d6dd, max_idle_ns: 440795239847 ns
[    0.421766] Calibrating delay loop (skipped), value calculated using timer frequency.. 4890.79 BogoMIPS (lpj=24453950)
[    0.423621] x86/cpu: User Mode Instruction Prevention (UMIP) activated
[    0.441697] Last level iTLB entries: 4KB 0, 2MB 0, 4MB 0
[    0.442085] Last level dTLB entries: 4KB 0, 2MB 0, 4MB 0, 1GB 0
[    0.443160] Spectre V1 : Mitigation: usercopy/swapgs barriers and __user pointer sanitization
[    0.444200] Spectre V2 : Mitigation: Retpolines
[    0.444460] Spectre V2 : Spectre v2 / SpectreRSB: Filling RSB on context switch and VMEXIT
[    0.444878] Speculative Store Bypass: Vulnerable
[    0.453644] x86/fpu: Supporting XSAVE feature 0x001: 'x87 floating point registers'
[    0.458321] x86/fpu: Supporting XSAVE feature 0x002: 'SSE registers'
[    0.458600] x86/fpu: Supporting XSAVE feature 0x004: 'AVX registers'
[    0.458871] x86/fpu: Supporting XSAVE feature 0x008: 'MPX bounds registers'
[    0.462775] x86/fpu: Supporting XSAVE feature 0x010: 'MPX CSR'
[    0.463188] x86/fpu: xstate_offset[2]:  576, xstate_sizes[2]:  256
[    0.463542] x86/fpu: xstate_offset[3]:  960, xstate_sizes[3]:   64
[    0.463785] x86/fpu: xstate_offset[4]: 1024, xstate_sizes[4]:   64
[    0.471703] x86/fpu: Enabled xstate features 0x1f, context size is 1088 bytes, using 'standard' format.
[    0.708853] Freeing SMP alternatives memory: 40K
[    0.709698] pid_max: default: 32768 minimum: 301
[    0.719226] Mount-cache hash table entries: 512 (order: 0, 4096 bytes, linear)
[    0.719636] Mountpoint-cache hash table entries: 512 (order: 0, 4096 bytes, linear)
[    0.871566] smpboot: CPU0: AMD QEMU TCG CPU version 2.5+ (family: 0x6, model: 0x6, stepping: 0x3)
[    0.897122] Performance Events: PMU not available due to virtualization, using software events only.
[    0.898582] signal: max sigframe size: 1616
[    0.900406] rcu: Hierarchical SRCU implementation.
[    0.900632] rcu: 	Max phase no-delay instances is 1000.
[    0.906437] smp: Bringing up secondary CPUs ...
[    0.909839] smp: Brought up 1 node, 1 CPU
[    0.910131] smpboot: Total of 1 processors activated (4890.79 BogoMIPS)
[    0.916907] Memory: 103200K/130540K available (14336K kernel code, 1167K rwdata, 3984K rodata, 1496K init, 1312K bss, 25628K reserved, 0K cma-reserved)
[    0.932105] clocksource: jiffies: mask: 0xffffffff max_cycles: 0xffffffff, max_idle_ns: 19112604462750000 ns
[    0.932953] futex hash table entries: 256 (order: 2, 16384 bytes, linear)
[    0.934190] pinctrl core: initialized pinctrl subsystem
[    0.953427] NET: Registered PF_NETLINK/PF_ROUTE protocol family
[    0.959576] thermal_sys: Registered thermal governor 'step_wise'
[    0.959621] thermal_sys: Registered thermal governor 'user_space'
[    0.960616] cpuidle: using governor ladder
[    0.961145] cpuidle: using governor menu
[    0.963258] acpiphp: ACPI Hot Plug PCI Controller Driver version: 0.5
[    0.965985] PCI: Using configuration type 1 for base access
[    0.977552] cryptd: max_cpu_qlen set to 1000
[    0.983532] ACPI: Added _OSI(Module Device)
[    0.983765] ACPI: Added _OSI(Processor Device)
[    0.983940] ACPI: Added _OSI(Processor Aggregator Device)
[    0.998628] ACPI: 1 ACPI AML tables successfully acquired and loaded
[    1.015811] ACPI: Interpreter enabled
[    1.016603] ACPI: PM: (supports S0 S5)
[    1.016839] ACPI: Using IOAPIC for interrupt routing
[    1.017421] PCI: Using host bridge windows from ACPI; if necessary, use "pci=nocrs" and report a bug
[    1.017809] PCI: Using E820 reservations for host bridge windows
[    1.023444] ACPI: Enabled 2 GPEs in block 00 to 0F
[    1.061328] ACPI: PCI Root Bridge [PCI0] (domain 0000 [bus 00-ff])
[    1.062241] acpi PNP0A03:00: _OSC: OS supports [ASPM ClockPM Segments MSI HPX-Type3]
[    1.062702] acpi PNP0A03:00: _OSC: not requesting OS control; OS requires [ExtendedConfig ASPM ClockPM MSI]
[    1.063584] acpi PNP0A03:00: fail to add MMCONFIG information, can't access extended configuration space under this bridge
[    1.076163] acpiphp: Slot [3] registered
[    1.076489] acpiphp: Slot [4] registered
[    1.076751] acpiphp: Slot [5] registered
[    1.076998] acpiphp: Slot [6] registered
[    1.081984] acpiphp: Slot [7] registered
[    1.083744] acpiphp: Slot [8] registered
[    1.083997] acpiphp: Slot [9] registered
[    1.084248] acpiphp: Slot [10] registered
[    1.084531] acpiphp: Slot [11] registered
[    1.084791] acpiphp: Slot [12] registered
[    1.091947] acpiphp: Slot [13] registered
[    1.092354] acpiphp: Slot [14] registered
[    1.092658] acpiphp: Slot [15] registered
[    1.092914] acpiphp: Slot [16] registered
[    1.093166] acpiphp: Slot [17] registered
[    1.093423] acpiphp: Slot [18] registered
[    1.101964] acpiphp: Slot [19] registered
[    1.102403] acpiphp: Slot [20] registered
[    1.102667] acpiphp: Slot [21] registered
[    1.102927] acpiphp: Slot [22] registered
[    1.103180] acpiphp: Slot [23] registered
[    1.103460] acpiphp: Slot [24] registered
[    1.111937] acpiphp: Slot [25] registered
[    1.112361] acpiphp: Slot [26] registered
[    1.112655] acpiphp: Slot [27] registered
[    1.112904] acpiphp: Slot [28] registered
[    1.113190] acpiphp: Slot [29] registered
[    1.113455] acpiphp: Slot [30] registered
[    1.121974] acpiphp: Slot [31] registered
[    1.122695] PCI host bridge to bus 0000:00
[    1.123208] pci_bus 0000:00: root bus resource [io  0x0000-0x0cf7 window]
[    1.123580] pci_bus 0000:00: root bus resource [io  0x0d00-0xffff window]
[    1.123821] pci_bus 0000:00: root bus resource [mem 0x000a0000-0x000bffff window]
[    1.131859] pci_bus 0000:00: root bus resource [mem 0x08000000-0xfebfffff window]
[    1.132294] pci_bus 0000:00: root bus resource [mem 0x100000000-0x17fffffff window]
[    1.132827] pci_bus 0000:00: root bus resource [bus 00-ff]
[    1.143221] pci 0000:00:00.0: [8086:1237] type 00 class 0x060000 conventional PCI endpoint
[    1.155579] pci 0000:00:01.0: [8086:7000] type 00 class 0x060100 conventional PCI endpoint
[    1.156528] pci 0000:00:01.1: [8086:7010] type 00 class 0x010180 conventional PCI endpoint
[    1.163475] pci 0000:00:01.1: BAR 4 [io  0xc0e0-0xc0ef]
[    1.164727] pci 0000:00:01.1: BAR 0 [io  0x01f0-0x01f7]: legacy IDE quirk
[    1.165019] pci 0000:00:01.1: BAR 1 [io  0x03f6]: legacy IDE quirk
[    1.165279] pci 0000:00:01.1: BAR 2 [io  0x0170-0x0177]: legacy IDE quirk
[    1.171889] pci 0000:00:01.1: BAR 3 [io  0x0376]: legacy IDE quirk
[    1.172971] pci 0000:00:01.3: [8086:7113] type 00 class 0x068000 conventional PCI endpoint
[    1.173648] pci 0000:00:01.3: quirk: [io  0x0600-0x063f] claimed by PIIX4 ACPI
[    1.173965] pci 0000:00:01.3: quirk: [io  0x0700-0x070f] claimed by PIIX4 SMB
[    1.182493] pci 0000:00:02.0: [1234:1111] type 00 class 0x030000 conventional PCI endpoint
[    1.183317] pci 0000:00:02.0: BAR 0 [mem 0xfd000000-0xfdffffff pref]
[    1.184857] pci 0000:00:02.0: BAR 2 [mem 0xfeb90000-0xfeb90fff]
[    1.194095] pci 0000:00:02.0: ROM [mem 0xfeb80000-0xfeb8ffff pref]
[    1.194602] pci 0000:00:02.0: Video device with shadowed ROM at [mem 0x000c0000-0x000dffff]
[    1.195635] pci 0000:00:03.0: [1af4:1000] type 00 class 0x020000 conventional PCI endpoint
[    1.196883] pci 0000:00:03.0: BAR 0 [io  0xc080-0xc09f]
[    1.204000] pci 0000:00:03.0: BAR 4 [mem 0xfe000000-0xfe003fff 64bit pref]
[    1.205143] pci 0000:00:03.0: ROM [mem 0xfea80000-0xfeafffff pref]
[    1.213559] pci 0000:00:04.0: [1af4:1005] type 00 class 0x00ff00 conventional PCI endpoint
[    1.215572] pci 0000:00:04.0: BAR 0 [io  0xc0a0-0xc0bf]
[    1.216968] pci 0000:00:04.0: BAR 1 [mem 0xfeb91000-0xfeb91fff]
[    1.219745] pci 0000:00:04.0: BAR 4 [mem 0xfe004000-0xfe007fff 64bit pref]
[    1.224853] pci 0000:00:05.0: [1af4:1000] type 00 class 0x020000 conventional PCI endpoint
[    1.226952] pci 0000:00:05.0: BAR 0 [io  0xc0c0-0xc0df]
[    1.228301] pci 0000:00:05.0: BAR 1 [mem 0xfeb92000-0xfeb92fff]
[    1.230277] pci 0000:00:05.0: BAR 4 [mem 0xfe008000-0xfe00bfff 64bit pref]
[    1.231218] pci 0000:00:05.0: ROM [mem 0xfeb00000-0xfeb7ffff pref]
[    1.235019] pci 0000:00:06.0: [1af4:1001] type 00 class 0x010000 conventional PCI endpoint
[    1.239406] pci 0000:00:06.0: BAR 0 [io  0xc000-0xc07f]
[    1.240207] pci 0000:00:06.0: BAR 1 [mem 0xfeb93000-0xfeb93fff]
[    1.241980] pci 0000:00:06.0: BAR 4 [mem 0xfe00c000-0xfe00ffff 64bit pref]
[    1.250901] ACPI: PCI: Interrupt link LNKA configured for IRQ 10
[    1.252538] ACPI: PCI: Interrupt link LNKB configured for IRQ 10
[    1.253197] ACPI: PCI: Interrupt link LNKC configured for IRQ 11
[    1.253839] ACPI: PCI: Interrupt link LNKD configured for IRQ 11
[    1.254257] ACPI: PCI: Interrupt link LNKS configured for IRQ 9
[    1.266232] iommu: Default domain type: Translated
[    1.266458] iommu: DMA domain TLB invalidation policy: lazy mode
[    1.269279] SCSI subsystem initialized
[    1.270348] ACPI: bus type USB registered
[    1.270909] usbcore: registered new interface driver usbfs
[    1.272157] usbcore: registered new interface driver hub
[    1.272539] usbcore: registered new device driver usb
[    1.273077] pps_core: LinuxPPS API ver. 1 registered
[    1.273278] pps_core: Software ver. 5.3.6 - Copyright 2005-2007 Rodolfo Giometti <giometti@linux.it>
[    1.281976] PTP clock support registered
[    1.295636] PCI: Using ACPI for IRQ routing
[    1.297930] hpet0: at MMIO 0xfed00000, IRQs 2, 8, 0
[    1.298213] hpet0: 3 comparators, 64-bit 100.000000 MHz counter
[    1.302931] clocksource: Switched to clocksource tsc-early
[    1.305551] pnp: PnP ACPI init
[    1.310009] pnp: PnP ACPI: found 6 devices
[    1.322981] clocksource: acpi_pm: mask: 0xffffff max_cycles: 0xffffff, max_idle_ns: 2085701024 ns
[    1.324316] NET: Registered PF_INET protocol family
[    1.325511] IP idents hash table entries: 2048 (order: 2, 16384 bytes, linear)
[    1.331088] tcp_listen_portaddr_hash hash table entries: 256 (order: 0, 4096 bytes, linear)
[    1.333821] Table-perturb hash table entries: 65536 (order: 6, 262144 bytes, linear)
[    1.334277] TCP established hash table entries: 1024 (order: 1, 8192 bytes, linear)
[    1.334720] TCP bind hash table entries: 1024 (order: 3, 32768 bytes, linear)
[    1.344675] TCP: Hash tables configured (established 1024 bind 1024)
[    1.346634] MPTCP token hash table entries: 256 (order: 1, 6144 bytes, linear)
[    1.347179] UDP hash table entries: 256 (order: 1, 8192 bytes, linear)
[    1.347617] UDP-Lite hash table entries: 256 (order: 1, 8192 bytes, linear)
[    1.356984] NET: Registered PF_UNIX/PF_LOCAL protocol family
[    1.358168] pci_bus 0000:00: resource 4 [io  0x0000-0x0cf7 window]
[    1.358414] pci_bus 0000:00: resource 5 [io  0x0d00-0xffff window]
[    1.358637] pci_bus 0000:00: resource 6 [mem 0x000a0000-0x000bffff window]
[    1.366769] pci_bus 0000:00: resource 7 [mem 0x08000000-0xfebfffff window]
[    1.367114] pci_bus 0000:00: resource 8 [mem 0x100000000-0x17fffffff window]
[    1.367821] pci 0000:00:01.0: PIIX3: Enabling Passive Release
[    1.368159] pci 0000:00:00.0: Limiting direct PCI/PCI transfers
[    1.377720] PCI: CLS 0 bytes, default 64
[    1.397557] workingset: timestamp_bits=46 max_order=15 bucket_order=0
[    1.400094] squashfs: version 4.0 (2009/01/31) Phillip Lougher
[    1.403022] Block layer SCSI generic (bsg) driver version 0.4 loaded (major 247)
[    1.407186] hv_vmbus: registering driver hyperv_fb
[    1.411791] input: Power Button as /devices/LNXSYSTM:00/LNXPWRBN:00/input/input0
[    1.419479] ACPI: button: Power Button [PWRF]
[    1.579307] ACPI: \_SB_.LNKC: Enabled at IRQ 11
[    1.732610] ACPI: \_SB_.LNKD: Enabled at IRQ 10
[    1.883393] ACPI: \_SB_.LNKA: Enabled at IRQ 10
[    2.034235] ACPI: \_SB_.LNKB: Enabled at IRQ 11
[    2.036324] Serial: 8250/16550 driver, 16 ports, IRQ sharing enabled
[    2.061192] 00:04: ttyS0 at I/O 0x3f8 (irq = 4, base_baud = 115200) is a 16550A
[    2.088050] Non-volatile memory driver v1.3
[    2.099027] Linux agpgart interface v0.103
[    2.100046] ACPI: bus type drm_connector registered
[    2.102764] [drm] Found bochs VGA, ID 0xb0c5.
[    2.102997] [drm] Framebuffer size 16384 kB @ 0xfd000000, mmio @ 0xfeb90000.
[    2.108774] [drm] Found EDID data blob.
[    2.114371] [drm] Initialized bochs-drm 1.0.0 for 0000:00:02.0 on minor 0
[    2.182837] Console: switching to colour frame buffer device 160x50
[    2.191972] bochs-drm 0000:00:02.0: [drm] fb0: bochs-drmdrmfb frame buffer device
[    2.227318] loop: module loaded
[    2.228003] virtio_blk virtio3: 1/0/0 default/read/poll queues
[    2.232502] virtio_blk virtio3: [vda] 246784 512-byte logical blocks (126 MB/121 MiB)
[    2.241626]  vda: vda1 vda2
[    2.243643] Guest personality initialized and is inactive
[    2.244246] VMCI host device registered (name=vmci, major=10, minor=256)
[    2.244528] Initialized host personality
[    2.244888] usbcore: registered new interface driver rtsx_usb
[    2.253305] VMware PVSCSI driver - version 1.0.7.0-k
[    2.253669] hv_vmbus: registering driver hv_storvsc
[    2.269877] scsi host0: ata_piix
[    2.272386] scsi host1: ata_piix
[    2.273237] ata1: PATA max MWDMA2 cmd 0x1f0 ctl 0x3f6 bmdma 0xc0e0 irq 14 lpm-pol 0
[    2.273548] ata2: PATA max MWDMA2 cmd 0x170 ctl 0x376 bmdma 0xc0e8 irq 15 lpm-pol 0
[    2.282806] VMware vmxnet3 virtual NIC driver - version 1.9.0.0-k-NAPI
[    2.283390] hv_vmbus: registering driver hv_netvsc
[    2.283763] Fusion MPT base driver 3.04.20
[    2.283946] Copyright (c) 1999-2008 LSI Corporation
[    2.284315] Fusion MPT SPI Host driver 3.04.20
[    2.293730] Fusion MPT SAS Host driver 3.04.20
[    2.295927] usbcore: registered new interface driver usb-storage
[    2.297264] i8042: PNP: PS/2 Controller [PNP0303:KBD,PNP0f13:MOU] at 0x60,0x64 irq 1,12
[    2.300529] serio: i8042 KBD port at 0x60,0x64 irq 1
[    2.300937] serio: i8042 AUX port at 0x60,0x64 irq 12
[    2.307692] hv_vmbus: registering driver hyperv_keyboard
[    2.310127] rtc_cmos 00:05: RTC can wake from S4
[    2.315142] rtc_cmos 00:05: registered as rtc0
[    2.318033] rtc_cmos 00:05: setting system clock to 2026-04-08T03:26:31 UTC (1775618791)
[    2.320454] rtc_cmos 00:05: alarms up to one day, y3k, 242 bytes nvram, hpet irqs
[    2.323099] intel_powerclamp: CPU does not support MWAIT
[    2.325293] amd_pstate: the _CPC object is not present in SBIOS or ACPI disabled
[    2.331139] sdhci: Secure Digital Host Controller Interface driver
[    2.333081] sdhci: Copyright(c) Pierre Ossman
[    2.335418] VUB300 Driver rom wait states = 1C irqpoll timeout = 0400
[    2.342069] input: AT Translated Set 2 keyboard as /devices/platform/i8042/serio0/input/input1
[    2.365864] usbcore: registered new interface driver vub300
[    2.368198] usbcore: registered new interface driver ushc
[    2.375848] hid: raw HID events driver (C) Jiri Kosina
[    2.378628] hv_vmbus: registering driver hid_hyperv
[    2.381315] usbcore: registered new interface driver usbhid
[    2.383280] usbhid: USB HID core driver
[    2.385338] hv_utils: Registering HyperV Utility Driver
[    2.387380] hv_vmbus: registering driver hv_utils
[    2.389504] hv_vmbus: registering driver hv_balloon
[    2.393077] NET: Registered PF_INET6 protocol family
[    2.407404] Segment Routing with IPv6
[    2.409473] In-situ OAM (IOAM) with IPv6
[    2.411809] NET: Registered PF_PACKET protocol family
[    2.414234] bridge: filtering via arp/ip/ip6tables is no longer available by default. Update your scripts to load br_netfilter if you need this.
[    2.424076] 8021q: 802.1Q VLAN Support v1.8
[    2.426827] NET: Registered PF_VSOCK protocol family
[    2.435654] IPI shorthand broadcast: enabled
[    2.442535] AES CTR mode by8 optimization enabled
[    2.463771] sched_clock: Marking stable (2190094385, 265985399)->(2465669627, -9589843)
[    2.493988] tsc: Refined TSC clocksource calibration: 2445.423 MHz
[    2.496473] clocksource: tsc: mask: 0xffffffffffffffff max_cycles: 0x233fd4ff307, max_idle_ns: 440795280170 ns
[    2.516307] ata2: found unknown device (class 0)
[    2.526499] clocksource: Switched to clocksource tsc
[    2.560027] ata2.00: ATAPI: QEMU DVD-ROM, 2.5+, max UDMA/100
[    2.577345] scsi 1:0:0:0: CD-ROM            QEMU     QEMU DVD-ROM     2.5+ PQ: 0 ANSI: 5
[    2.588808] clk: Disabling unused clocks
[    2.637961] sr 1:0:0:0: [sr0] scsi3-mmc drive: 4x/4x cd/rw xa/form2 tray
[    2.640525] cdrom: Uniform CD-ROM driver Revision: 3.20
[    2.697833] VFS: Mounted root (squashfs filesystem) readonly on device 254:2.
[    2.767856] Freeing unused kernel image (initmem) memory: 1496K
[    2.770424] Write protecting the kernel read-only data: 18432k
[    2.773554] Freeing unused kernel image (rodata/data gap) memory: 112K
[    2.776146] Run /sbin/init as init process
[    3.088129] init: Console is alive
[    3.792427] kmodloader: loading kernel modules from /etc/modules-boot.d/*
[    3.868489] button_hotplug: loading out-of-tree module taints kernel.
[    3.875190] Button Hotplug driver version 0.4.1
[    3.894695] Intel(R) 2.5G Ethernet Linux Driver
[    3.897176] Copyright(c) 2018 Intel Corporation.
[    3.912920] igb: Intel(R) Gigabit Ethernet Network Driver
[    3.915318] igb: Copyright (c) 2007-2014 Intel Corporation.
[    3.932049] e1000e: Intel(R) PRO/1000 Network Driver
[    3.934591] e1000e: Copyright(c) 1999 - 2015 Intel Corporation.
[    3.949250] kmodloader: done loading kernel modules from /etc/modules-boot.d/*
[    3.971255] init: - preinit -
[    4.976499] 8021q: adding VLAN 0 to HW filter on device eth0
Press the [f] key and hit [enter] to enter failsafe mode
Press the [1], [2], [3] or [4] key and hit [enter] to select the debug level

[    9.639477] loop0: detected capacity change from 0 to 212992
[    9.686632] loop0: detected capacity change from 212992 to 199680
[    9.699759] mount_root: overlay filesystem in /dev/loop0 has not been formatted yet
[   10.040297] EXT4-fs (loop0): mounted filesystem b1d733da-ebad-4c30-bf6f-6bb06b5b1f7e r/w with ordered data mode. Quota mode: disabled.
[   10.054081] mount_root: overlay filesystem has not been fully initialized yet
[   10.072102] mount_root: switching to ext4 overlay
[   10.092954] overlayfs: null uuid detected in lower fs '/', falling back to xino=off,index=off,nfs_export=off.
[   10.825263] EXT4-fs (vda1): mounted filesystem 84173db5-fa99-e35a-95c6-28613cc79ea9 r/w without journal. Quota mode: disabled.
[   10.849448] urandom-seed: Seed file not found (/etc/urandom.seed)
[   11.000886] procd: - early -
[   11.749705] procd: - ubus -
[   11.930237] procd: - init -
Please press Enter to activate this console.
root
login[1051]: root login on 'ttyS0'


BusyBox v1.37.0 (2026-04-07 00:05:51 UTC) built-in shell (ash)

  _______                     ________        __
 |       |.-----.-----.-----.|  |  |  |.----.|  |_
 |   -   ||  _  |  -__|     ||  |  |  ||   _||   _|
 |_______||   __|_____|__|__||________||__|  |____|
          |__| W I R E L E S S   F R E E D O M
 -----------------------------------------------------
 OpenWrt SNAPSHOT, r33841-04f10eb796
 -----------------------------------------------------

 === WARNING! =====================================
 There is no root password defined on this device!
 Use the "passwd" command to set up a new password
 in order to prevent unauthorized SSH logins.
 --------------------------------------------------

  ___   __ __                _______             __
 |   |_|__|  |--.----.-----.|   |   |-----.-----|  |--.
 |     |  |  _  |   _|  -__||       |  -__|__ --|     |
 |_____|__|_____|__| |_____||__|_|__|_____|_____|__|__|

 ------------------------------------------------------
 LiMe master development (master rev. 142c27f 20260407_1216)
 ------------------------------------------------------
 https://libremesh.org
 ------------------------------------------------------
root@(none):~# dmesg -n 1
root@(none):~# echo 'VJPA''UGPYQP'
VJPAUGPYQP
root@LiMe-123456:~# run() { echo -n "$MARKER"; sh -c "$@"; echo "$MARKER $?"; }
root@LiMe-123456:~# echo 'HUYH''VFAEBY'
HUYHVFAEBY
root@LiMe-123456:~# MARKER='QYNL''TWZAPN' run 'ubus wait_for network.interface.l
an'
QYNLTWZAPNQYNLTWZAPN 0
root@LiMe-123456:~# echo 'WPJS''TTQMUE'
WPJSTTQMUE
root@LiMe-123456:~# MARKER='KOLV''LNLGYK' run 'ubus call network.interface.lan s
tatus '"'"'{}'"'"''
KOLVLNLGYK{
	"up": true,
	"pending": false,
	"available": true,
	"autostart": true,
	"dynamic": false,
	"uptime": 1,
	"l3_device": "br-lan",
	"proto": "static",
	"device": "br-lan",
	"updated": [
		"addresses"
	],
	"metric": 0,
	"dns_metric": 0,
	"delegation": true,
	"ipv4-address": [
		{
			"address": "10.13.52.86",
			"mask": 16
		}
	],
	"ipv6-address": [
		{
			"address": "fd0d:fe46:8ce8::12:3456",
			"mask": 64
		}
	],
	"ipv6-prefix": [
		
	],
	"ipv6-prefix-assignment": [
		
	],
	"route": [
		
	],
	"dns-server": [
		
	],
	"dns-search": [
		
	],
	"neighbors": [
		
	],
	"inactive": {
		"ipv4-address": [
			
		],
		"ipv6-address": [
			
		],
		"route": [
			
		],
		"dns-server": [
			
		],
		"dns-search": [
			
		],
		"neighbors": [
			
		]
	},
	"data": {
		
	}
}
KOLVLNLGYK 0
root@LiMe-123456:~# echo 'GBOT''KHBYSZ'
GBOTKHBYSZ
root@LiMe-123456:~# MARKER='MTFU''WHJJXW' run true
MTFUWHJJXWMTFUWHJJXW 0
root@LiMe-123456:~# echo 'BPPZ''AVKXYB'
BPPZAVKXYB
root@LiMe-123456:~# MARKER='ZWKU''BYYZUV' run 'source /etc/os-release; echo $BUI
LD_ID'
ZWKUBYYZUVr33841-04f10eb796
ZWKUBYYZUV 0
root@LiMe-123456:~# echo 'LKWC''BYYUUX'
LKWCBYYUUX
root@LiMe-123456:~# MARKER='GKFA''AZVZKQ' run 'ls /etc/dropbear/dropbear_rsa_hos
t_key'
GKFAAZVZKQ[0;0m/etc/dropbear/dropbear_rsa_host_key[m
GKFAAZVZKQ 0
root@LiMe-123456:~# echo 'ULNB''WNAPKM'
ULNBWNAPKM
root@LiMe-123456:~# MARKER='GLYF''JYJMZJ' run 'netstat -tlpn | grep 0.0.0.0:22'
GLYFJYJMZJtcp        0      0 0.0.0.0:22              0.0.0.0:*               LISTEN      2100/dropbear
GLYFJYJMZJ 0
root@LiMe-123456:~# echo 'TJLJ''ENTYPY'
TJLJENTYPY
root@LiMe-123456:~# MARKER='KLQT''UAGUJK' run 'dmesg | grep br-lan | grep forwar
ding'
KLQTUAGUJK[   44.146517] br-lan: port 1(eth0) entered forwarding state
[   47.718361] br-lan: port 2(bat0) entered forwarding state
KLQTUAGUJK 0
root@LiMe-123456:~# echo 'CXZG''ETBJKH'
CXZGETBJKH
root@LiMe-123456:~# MARKER='ZMCM''XYCBPF' run 'ubus call network.interface.lan s
tatus '"'"'{}'"'"''
ZMCMXYCBPF{
	"up": true,
	"pending": false,
	"available": true,
	"autostart": true,
	"dynamic": false,
	"uptime": 42,
	"l3_device": "br-lan",
	"proto": "static",
	"device": "br-lan",
	"updated": [
		"addresses"
	],
	"metric": 0,
	"dns_metric": 0,
	"delegation": true,
	"ipv4-address": [
		{
			"address": "10.13.52.86",
			"mask": 16
		}
	],
	"ipv6-address": [
		{
			"address": "fd0d:fe46:8ce8::12:3456",
			"mask": 64
		}
	],
	"ipv6-prefix": [
		
	],
	"ipv6-prefix-assignment": [
		
	],
	"route": [
		
	],
	"dns-server": [
		
	],
	"dns-search": [
		
	],
	"neighbors": [
		
	],
	"inactive": {
		"ipv4-address": [
			
		],
		"ipv6-address": [
			
		],
		"route": [
			
		],
		"dns-server": [
			
		],
		"dns-search": [
			
		],
		"neighbors": [
			
		]
	},
	"data": {
		
	}
}
ZMCMXYCBPF 0
root@LiMe-123456