Labgrid Console Logfile for main
Logfile started at 2025-12-20 20:47:09.869730
=== Log starts here ===
[    0.000000] Booting Linux on physical CPU 0x0000000000 [0x411fd070]
[    0.000000] Linux version 5.15.189 (builder@buildhost) (aarch64-openwrt-linux-musl-gcc (OpenWrt GCC 12.3.0 r24245-b6d7048c8b) 12.3.0, GNU ld (GNU Binutils) 2.40.0) #0 SMP Thu Dec 4 14:13:14 2025
[    0.000000] random: crng init done
[    0.000000] Machine model: linux,dummy-virt
[    0.000000] efi: UEFI not found.
[    0.000000] NUMA: No NUMA configuration found
[    0.000000] NUMA: Faking a node at [mem 0x0000000040000000-0x0000000047ffffff]
[    0.000000] NUMA: NODE_DATA [mem 0x47faf480-0x47fb1fff]
[    0.000000] Zone ranges:
[    0.000000]   DMA      [mem 0x0000000040000000-0x0000000047ffffff]
[    0.000000]   DMA32    empty
[    0.000000]   Normal   empty
[    0.000000] Movable zone start for each node
[    0.000000] Early memory node ranges
[    0.000000]   node   0: [mem 0x0000000040000000-0x0000000047ffffff]
[    0.000000] Initmem setup node 0 [mem 0x0000000040000000-0x0000000047ffffff]
[    0.000000] cma: Reserved 32 MiB at 0x0000000045c00000
[    0.000000] psci: probing for conduit method from DT.
[    0.000000] psci: PSCIv1.1 detected in firmware.
[    0.000000] psci: Using standard PSCI v0.2 function IDs
[    0.000000] psci: Trusted OS migration not required
[    0.000000] psci: SMC Calling Convention v1.0
[    0.000000] percpu: Embedded 19 pages/cpu s39576 r8192 d30056 u77824
[    0.000000] Detected PIPT I-cache on CPU0
[    0.000000] CPU features: detected: Spectre-v2
[    0.000000] CPU features: detected: Spectre-v4
[    0.000000] CPU features: detected: Spectre-BHB
[    0.000000] CPU features: detected: ARM erratum 834220
[    0.000000] CPU features: detected: ARM erratum 832075
[    0.000000] CPU features: detected: ARM errata 1165522, 1319367, or 1530923
[    0.000000] Built 1 zonelists, mobility grouping on.  Total pages: 32256
[    0.000000] Policy zone: DMA
[    0.000000] Kernel command line: 
[    0.000000] Dentry cache hash table entries: 16384 (order: 5, 131072 bytes, linear)
[    0.000000] Inode-cache hash table entries: 8192 (order: 4, 65536 bytes, linear)
[    0.000000] mem auto-init: stack:off, heap alloc:off, heap free:off
[    0.000000] Memory: 64364K/131072K available (10944K kernel code, 1474K rwdata, 2636K rodata, 14592K init, 432K bss, 33940K reserved, 32768K cma-reserved)
[    0.000000] SLUB: HWalign=64, Order=0-3, MinObjects=0, CPUs=1, Nodes=1
[    0.000000] rcu: Hierarchical RCU implementation.
[    0.000000] rcu: 	RCU restricting CPUs from NR_CPUS=256 to nr_cpu_ids=1.
[    0.000000] 	Tracing variant of Tasks RCU enabled.
[    0.000000] rcu: RCU calculated value of scheduler-enlistment delay is 10 jiffies.
[    0.000000] rcu: Adjusting geometry for rcu_fanout_leaf=16, nr_cpu_ids=1
[    0.000000] NR_IRQS: 64, nr_irqs: 64, preallocated irqs: 0
[    0.000000] Root IRQ handler: 0xffff800008010190
[    0.000000] GICv2m: range[mem 0x08020000-0x08020fff], SPI[80:143]
[    0.000000] arch_timer: cp15 timer(s) running at 62.50MHz (virt).
[    0.000000] clocksource: arch_sys_counter: mask: 0xffffffffffffff max_cycles: 0x1cd42e208c, max_idle_ns: 881590405314 ns
[    0.000077] sched_clock: 56 bits at 62MHz, resolution 16ns, wraps every 4398046511096ns
[    0.003052] Console: colour dummy device 80x25
[    0.004293] printk: console [tty0] enabled
[    0.005955] Calibrating delay loop (skipped), value calculated using timer frequency.. 125.00 BogoMIPS (lpj=625000)
[    0.006079] pid_max: default: 32768 minimum: 301
[    0.008406] Mount-cache hash table entries: 512 (order: 0, 4096 bytes, linear)
[    0.008457] Mountpoint-cache hash table entries: 512 (order: 0, 4096 bytes, linear)
[    0.032334] /cpus/cpu-map: empty cluster
[    0.038252] rcu: Hierarchical SRCU implementation.
[    0.040409] EFI services will not be available.
[    0.041452] smp: Bringing up secondary CPUs ...
[    0.041566] smp: Brought up 1 node, 1 CPU
[    0.041600] SMP: Total of 1 processors activated.
[    0.041696] CPU features: detected: 32-bit EL0 Support
[    0.041724] CPU features: detected: 32-bit EL1 Support
[    0.041785] CPU features: detected: CRC32 instructions
[    0.043129] CPU features: emulated: Privileged Access Never (PAN) using TTBR0_EL1 switching
[    0.043356] CPU: All CPU(s) started at EL1
[    0.043634] alternatives: patching kernel code
[    0.057264] clocksource: jiffies: mask: 0xffffffff max_cycles: 0xffffffff, max_idle_ns: 19112604462750000 ns
[    0.057493] futex hash table entries: 256 (order: 2, 16384 bytes, linear)
[    0.060153] pinctrl core: initialized pinctrl subsystem
[    0.069598] DMI not present or invalid.
[    0.076258] NET: Registered PF_NETLINK/PF_ROUTE protocol family
[    0.084252] DMA: preallocated 128 KiB GFP_KERNEL pool for atomic allocations
[    0.084654] DMA: preallocated 128 KiB GFP_KERNEL|GFP_DMA pool for atomic allocations
[    0.084856] DMA: preallocated 128 KiB GFP_KERNEL|GFP_DMA32 pool for atomic allocations
[    0.088544] thermal_sys: Registered thermal governor 'step_wise'
[    0.088873] cpuidle: using governor ladder
[    0.089047] cpuidle: using governor menu
[    0.089571] ASID allocator initialised with 65536 entries
[    0.090767] Serial: AMBA PL011 UART driver
[    0.113115] 9000000.pl011: ttyAMA0 at MMIO 0x9000000 (irq = 47, base_baud = 0) is a PL011 rev1
[    0.282110] printk: console [ttyAMA0] enabled
[    0.307334] cryptd: max_cpu_qlen set to 1000
[    0.311318] ACPI: Interpreter disabled.
[    0.313585] iommu: Default domain type: Passthrough 
[    0.314875] SCSI subsystem initialized
[    0.317146] usbcore: registered new interface driver usbfs
[    0.317584] usbcore: registered new interface driver hub
[    0.318065] usbcore: registered new device driver usb
[    0.331262] clocksource: Switched to clocksource arch_sys_counter
[    0.332767] pnp: PnP ACPI: disabled
[    0.339817] NET: Registered PF_INET protocol family
[    0.342335] IP idents hash table entries: 2048 (order: 2, 16384 bytes, linear)
[    0.346955] tcp_listen_portaddr_hash hash table entries: 256 (order: 0, 4096 bytes, linear)
[    0.347514] Table-perturb hash table entries: 65536 (order: 6, 262144 bytes, linear)
[    0.347788] TCP established hash table entries: 1024 (order: 1, 8192 bytes, linear)
[    0.353458] TCP bind hash table entries: 1024 (order: 2, 16384 bytes, linear)
[    0.353799] TCP: Hash tables configured (established 1024 bind 1024)
[    0.355013] UDP hash table entries: 256 (order: 1, 8192 bytes, linear)
[    0.363984] UDP-Lite hash table entries: 256 (order: 1, 8192 bytes, linear)
[    0.365662] NET: Registered PF_UNIX/PF_LOCAL protocol family
[    0.366262] PCI: CLS 0 bytes, default 64
[    0.411117] kvm [1]: HYP mode not available
[    0.492934] workingset: timestamp_bits=42 max_order=15 bucket_order=0
[    0.499278] squashfs: version 4.0 (2009/01/31) Phillip Lougher
[    0.499506] jffs2: version 2.2 (NAND) (SUMMARY) (LZMA) (RTIME) (CMODE_PRIORITY) (c) 2001-2006 Red Hat, Inc.
[    0.501179] 9p: Installing v9fs 9p2000 file system support
[    0.506021] Block layer SCSI generic (bsg) driver version 0.4 loaded (major 250)
[    0.511153] atomic64_test: passed
[    0.520979] pl061_gpio 9030000.pl061: PL061 GPIO chip registered
[    0.522828] pci-host-generic 4010000000.pcie: host bridge /pcie@10000000 ranges:
[    0.523590] pci-host-generic 4010000000.pcie:       IO 0x003eff0000..0x003effffff -> 0x0000000000
[    0.524270] pci-host-generic 4010000000.pcie:      MEM 0x0010000000..0x003efeffff -> 0x0010000000
[    0.531775] pci-host-generic 4010000000.pcie:      MEM 0x8000000000..0xffffffffff -> 0x8000000000
[    0.532831] pci-host-generic 4010000000.pcie: Memory resource size exceeds max for 32 bits
[    0.533492] pci-host-generic 4010000000.pcie: ECAM at [mem 0x4010000000-0x401fffffff] for [bus 00-ff]
[    0.543638] pci-host-generic 4010000000.pcie: PCI host bridge to bus 0000:00
[    0.544099] pci_bus 0000:00: root bus resource [bus 00-ff]
[    0.544356] pci_bus 0000:00: root bus resource [io  0x0000-0xffff]
[    0.544583] pci_bus 0000:00: root bus resource [mem 0x10000000-0x3efeffff]
[    0.553969] pci_bus 0000:00: root bus resource [mem 0x8000000000-0xffffffffff]
[    0.555749] pci 0000:00:00.0: [1b36:0008] type 00 class 0x060000
[    0.558607] pci 0000:00:01.0: [1af4:1000] type 00 class 0x020000
[    0.559034] pci 0000:00:01.0: reg 0x10: [io  0x0000-0x001f]
[    0.565216] pci 0000:00:01.0: reg 0x20: [mem 0x00000000-0x00003fff 64bit pref]
[    0.565672] pci 0000:00:01.0: reg 0x30: [mem 0x00000000-0x0007ffff pref]
[    0.566172] pci 0000:00:02.0: [1af4:1005] type 00 class 0x00ff00
[    0.566414] pci 0000:00:02.0: reg 0x10: [io  0x0000-0x001f]
[    0.576045] pci 0000:00:02.0: reg 0x14: [mem 0x00000000-0x00000fff]
[    0.576428] pci 0000:00:02.0: reg 0x20: [mem 0x00000000-0x00003fff 64bit pref]
[    0.576977] pci 0000:00:03.0: [1af4:1000] type 00 class 0x020000
[    0.577185] pci 0000:00:03.0: reg 0x10: [io  0x0000-0x001f]
[    0.586932] pci 0000:00:03.0: reg 0x14: [mem 0x00000000-0x00000fff]
[    0.587210] pci 0000:00:03.0: reg 0x20: [mem 0x00000000-0x00003fff 64bit pref]
[    0.587522] pci 0000:00:03.0: reg 0x30: [mem 0x00000000-0x0007ffff pref]
[    0.589515] pci 0000:00:01.0: BAR 6: assigned [mem 0x10000000-0x1007ffff pref]
[    0.598250] pci 0000:00:03.0: BAR 6: assigned [mem 0x10080000-0x100fffff pref]
[    0.598718] pci 0000:00:01.0: BAR 4: assigned [mem 0x8000000000-0x8000003fff 64bit pref]
[    0.599064] pci 0000:00:02.0: BAR 4: assigned [mem 0x8000004000-0x8000007fff 64bit pref]
[    0.599351] pci 0000:00:03.0: BAR 4: assigned [mem 0x8000008000-0x800000bfff 64bit pref]
[    0.609110] pci 0000:00:02.0: BAR 1: assigned [mem 0x10100000-0x10100fff]
[    0.609463] pci 0000:00:03.0: BAR 1: assigned [mem 0x10101000-0x10101fff]
[    0.609707] pci 0000:00:01.0: BAR 0: assigned [io  0x1000-0x101f]
[    0.609924] pci 0000:00:02.0: BAR 0: assigned [io  0x1020-0x103f]
[    0.619945] pci 0000:00:03.0: BAR 0: assigned [io  0x1040-0x105f]
[    0.659502] EINJ: ACPI disabled.
[    0.669487] virtio-pci 0000:00:01.0: enabling device (0000 -> 0003)
[    0.672237] virtio-pci 0000:00:02.0: enabling device (0000 -> 0003)
[    0.673539] virtio-pci 0000:00:03.0: enabling device (0000 -> 0003)
[    0.675843] Serial: 8250/16550 driver, 16 ports, IRQ sharing enabled
[    0.678653] SuperH (H)SCI(F) driver initialized
[    0.724659] cacheinfo: Unable to detect cache hierarchy for CPU 0
[    0.743586] loop: module loaded
[    0.744356] Loading iSCSI transport class v2.0-870.
[    0.782370] usbcore: registered new interface driver usb-storage
[    0.784857] rtc-pl031 9010000.pl031: registered as rtc0
[    0.785500] rtc-pl031 9010000.pl031: setting system clock to 2025-12-20T20:47:10 UTC (1766263630)
[    0.789150] sdhci: Secure Digital Host Controller Interface driver
[    0.792756] sdhci: Copyright(c) Pierre Ossman
[    0.793500] Synopsys Designware Multimedia Card Interface Driver
[    0.794268] sdhci-pltfm: SDHCI platform and OF driver helper
[    0.796276] hid: raw HID events driver (C) Jiri Kosina
[    0.796780] usbcore: registered new interface driver usbhid
[    0.803759] usbhid: USB HID core driver
[    0.807068] NET: Registered PF_INET6 protocol family
[    0.842944] Segment Routing with IPv6
[    0.843224] In-situ OAM (IOAM) with IPv6
[    0.843737] NET: Registered PF_PACKET protocol family
[    0.844404] bridge: filtering via arp/ip/ip6tables is no longer available by default. Update your scripts to load br_netfilter if you need this.
[    0.854412] 8021q: 802.1Q VLAN Support v1.8
[    0.855386] 9pnet: Installing 9P2000 support
[    0.868348] clk: Disabling unused clocks
[    0.872768] uart-pl011 9000000.pl011: no DMA platform data
[    0.905226] Freeing unused kernel memory: 14592K
[    0.906069] Run /init as init process
[    3.472112] init: Console is alive
[    3.532850] kmodloader: loading kernel modules from /etc/modules-boot.d/*
[    3.562452] kmodloader: done loading kernel modules from /etc/modules-boot.d/*
[    3.572055] init: - preinit -
[    5.091931] 8021q: adding VLAN 0 to HW filter on device eth0
Press the [f] key and hit [enter] to enter failsafe mode
Press the [1], [2], [3] or [4] key and hit [enter] to select the debug level
[    7.907524] procd: - early -
[    9.009764] procd: - ubus -
[    9.102417] procd: - init -
Please press Enter to activate this console.
root


BusyBox v1.36.1 (2025-12-04 14:13:14 UTC) built-in shell (ash)

  _______                     ________        __
 |       |.-----.-----.-----.|  |  |  |.----.|  |_
 |   -   ||  _  |  -__|     ||  |  |  ||   _||   _|
 |_______||   __|_____|__|__||________||__|  |____|
          |__| W I R E L E S S   F R E E D O M
 -----------------------------------------------------
 OpenWrt 23.05-SNAPSHOT, r24245-b6d7048c8b
 -----------------------------------------------------
=== WARNING! =====================================
There is no root password defined on this device!
Use the "passwd" command to set up a new password
in order to prevent unauthorized SSH logins.
--------------------------------------------------
root@(none):/# dmesg -n 1
root@(none):/# echo 'HQBL''AAVGBW'
HQBLAAVGBW
root@(none):/# run() { echo -n "$MARKER"; sh -c "$@"; echo "$MARKER $?"; }
root@(none):/# echo 'CMHG''SLLEAK'
CMHGSLLEAK
root@(none):/# MARKER='UJCZ''BHKATY' run 'ubus wait_for network.interface.lan'
UJCZBHKATYUJCZBHKATY 0
root@OpenWrt:/# echo 'XYVJ''HOXTZB'
XYVJHOXTZB
root@OpenWrt:/# MARKER='POJS''ZPSQFC' run 'ubus call network.interface.lan statu
s '"'"'{}'"'"''
POJSZPSQFC{
	"up": true,
	"pending": false,
	"available": true,
	"autostart": true,
	"dynamic": false,
	"uptime": 0,
	"l3_device": "br-lan",
	"proto": "static",
	"device": "br-lan",
	"updated": [
		"addresses"
	],
	"metric": 0,
	"dns_metric": 0,
	"delegation": true,
	"ipv4-address": [
		{
			"address": "192.168.1.1",
			"mask": 24
		}
	],
	"ipv6-address": [
		
	],
	"ipv6-prefix": [
		
	],
	"ipv6-prefix-assignment": [
		{
			"address": "fd2a:4246:434f::",
			"mask": 60,
			"local-address": {
				"address": "fd2a:4246:434f::1",
				"mask": 60
			}
		}
	],
	"route": [
		
	],
	"dns-server": [
		
	],
	"dns-search": [
		
	],
	"neighbors": [
		
	],
	"inactive": {
		"ipv4-address": [
			
		],
		"ipv6-address": [
			
		],
		"route": [
			
		],
		"dns-server": [
			
		],
		"dns-search": [
			
		],
		"neighbors": [
			
		]
	},
	"data": {
		
	}
}
POJSZPSQFC 0
root@OpenWrt:/# echo 'UEQV''PLVWEL'
UEQVPLVWEL
root@OpenWrt:/# MARKER='LFSE''XXWZZE' run true
LFSEXXWZZELFSEXXWZZE 0
root@OpenWrt:/# echo 'AVVL''FAQYUT'
AVVLFAQYUT
root@OpenWrt:/# MARKER='GVKO''KMOTYM' run 'source /etc/os-release; echo $BUILD_I
D'
GVKOKMOTYMr24245-b6d7048c8b
GVKOKMOTYM 0
root@OpenWrt:/# echo 'WJPG''SSHHFV'
WJPGSSHHFV
root@OpenWrt:/# MARKER='BWGB''WXZUFO' run 'ls /etc/dropbear/dropbear_rsa_host_ke
y'
BWGBWXZUFO[0;0m/etc/dropbear/dropbear_rsa_host_key[m
BWGBWXZUFO 0
root@OpenWrt:/# echo 'SHEL''SJYYSJ'
SHELSJYYSJ
root@OpenWrt:/# MARKER='LMQG''ABJNJY' run 'netstat -tlpn | grep 0.0.0.0:22'
LMQGABJNJYnetstat: showing only processes with your user ID
tcp        0      0 0.0.0.0:22              0.0.0.0:*               LISTEN      1432/dropbear
LMQGABJNJY 0
root@OpenWrt:/# echo 'PMEG''PGMEXW'
PMEGPGMEXW
root@OpenWrt:/# MARKER='SMFK''BLJFYZ' run 'dmesg | grep br-lan | grep forwarding
'
SMFKBLJFYZ[   36.197538] br-lan: port 1(eth0) entered forwarding state
SMFKBLJFYZ 0
root@OpenWrt:/# echo 'YTBE''MBGXBS'
YTBEMBGXBS
root@OpenWrt:/# MARKER='SJSQ''BOPJKN' run 'ubus call network.interface.lan statu
s '"'"'{}'"'"''
SJSQBOPJKN{
	"up": true,
	"pending": false,
	"available": true,
	"autostart": true,
	"dynamic": false,
	"uptime": 12,
	"l3_device": "br-lan",
	"proto": "static",
	"device": "br-lan",
	"updated": [
		"addresses"
	],
	"metric": 0,
	"dns_metric": 0,
	"delegation": true,
	"ipv4-address": [
		{
			"address": "192.168.1.1",
			"mask": 24
		}
	],
	"ipv6-address": [
		
	],
	"ipv6-prefix": [
		
	],
	"ipv6-prefix-assignment": [
		{
			"address": "fd2a:4246:434f::",
			"mask": 60,
			"local-address": {
				"address": "fd2a:4246:434f::1",
				"mask": 60
			}
		}
	],
	"route": [
		
	],
	"dns-server": [
		
	],
	"dns-search": [
		
	],
	"neighbors": [
		
	],
	"inactive": {
		"ipv4-address": [
			
		],
		"ipv6-address": [
			
		],
		"route": [
			
		],
		"dns-server": [
			
		],
		"dns-search": [
			
		],
		"neighbors": [
			
		]
	},
	"data": {
		
	}
}
SJSQBOPJKN 0
root@OpenWrt:/# echo 'NFUE''ABCTKH'
NFUEABCTKH
root@OpenWrt:/# MARKER='XNBF''VNTJMC' run 'ip -o addr show dev br-lan'
XNBFVNTJMC4: br-lan    inet 192.168.1.1/24 brd 192.168.1.255 scope global br-lan\       valid_lft forever preferred_lft forever
4: br-lan    inet6 fd2a:4246:434f::1/60 scope global noprefixroute \       valid_lft forever preferred_lft forever
4: br-lan    inet6 fe80::5054:ff:fe12:3456/64 scope link \       valid_lft forever preferred_lft forever
XNBFVNTJMC 0
root@OpenWrt:/# echo 'OOAH''ZEONKH'
OOAHZEONKH
root@OpenWrt:/# MARKER='AOXL''ZOWKFX' run 'ubus call network.interface.wan statu
s '"'"'{}'"'"''
AOXLZOWKFX{
	"up": true,
	"pending": false,
	"available": true,
	"autostart": true,
	"dynamic": false,
	"uptime": 12,
	"l3_device": "eth1",
	"proto": "dhcp",
	"device": "eth1",
	"updated": [
		"addresses",
		"routes",
		"data"
	],
	"metric": 0,
	"dns_metric": 0,
	"delegation": true,
	"ipv4-address": [
		{
			"address": "10.0.2.15",
			"mask": 24
		}
	],
	"ipv6-address": [
		
	],
	"ipv6-prefix": [
		
	],
	"ipv6-prefix-assignment": [
		
	],
	"route": [
		{
			"target": "0.0.0.0",
			"mask": 0,
			"nexthop": "10.0.2.2",
			"source": "10.0.2.15/32"
		}
	],
	"dns-server": [
		"10.0.2.3"
	],
	"dns-search": [
		
	],
	"neighbors": [
		
	],
	"inactive": {
		"ipv4-address": [
			
		],
		"ipv6-address": [
			
		],
		"route": [
			
		],
		"dns-server": [
			
		],
		"dns-search": [
			
		],
		"neighbors": [
			
		]
	},
	"data": {
		"dhcpserver": "10.0.2.2",
		"leasetime": 86400
	}
}
AOXLZOWKFX 0
root@OpenWrt:/# 