Labgrid Console Logfile for main
Logfile started at 2025-12-24 20:48:38.060974
=== Log starts here ===
[    0.000000] Booting Linux on physical CPU 0x0000000000 [0x411fd070]
[    0.000000] Linux version 5.15.189 (builder@buildhost) (aarch64-openwrt-linux-musl-gcc (OpenWrt GCC 12.3.0 r24245-b6d7048c8b) 12.3.0, GNU ld (GNU Binutils) 2.40.0) #0 SMP Thu Dec 4 14:13:14 2025
[    0.000000] random: crng init done
[    0.000000] Machine model: linux,dummy-virt
[    0.000000] efi: UEFI not found.
[    0.000000] NUMA: No NUMA configuration found
[    0.000000] NUMA: Faking a node at [mem 0x0000000040000000-0x0000000047ffffff]
[    0.000000] NUMA: NODE_DATA [mem 0x47faf480-0x47fb1fff]
[    0.000000] Zone ranges:
[    0.000000]   DMA      [mem 0x0000000040000000-0x0000000047ffffff]
[    0.000000]   DMA32    empty
[    0.000000]   Normal   empty
[    0.000000] Movable zone start for each node
[    0.000000] Early memory node ranges
[    0.000000]   node   0: [mem 0x0000000040000000-0x0000000047ffffff]
[    0.000000] Initmem setup node 0 [mem 0x0000000040000000-0x0000000047ffffff]
[    0.000000] cma: Reserved 32 MiB at 0x0000000045c00000
[    0.000000] psci: probing for conduit method from DT.
[    0.000000] psci: PSCIv1.1 detected in firmware.
[    0.000000] psci: Using standard PSCI v0.2 function IDs
[    0.000000] psci: Trusted OS migration not required
[    0.000000] psci: SMC Calling Convention v1.0
[    0.000000] percpu: Embedded 19 pages/cpu s39576 r8192 d30056 u77824
[    0.000000] Detected PIPT I-cache on CPU0
[    0.000000] CPU features: detected: Spectre-v2
[    0.000000] CPU features: detected: Spectre-v4
[    0.000000] CPU features: detected: Spectre-BHB
[    0.000000] CPU features: detected: ARM erratum 834220
[    0.000000] CPU features: detected: ARM erratum 832075
[    0.000000] CPU features: detected: ARM errata 1165522, 1319367, or 1530923
[    0.000000] Built 1 zonelists, mobility grouping on.  Total pages: 32256
[    0.000000] Policy zone: DMA
[    0.000000] Kernel command line: 
[    0.000000] Dentry cache hash table entries: 16384 (order: 5, 131072 bytes, linear)
[    0.000000] Inode-cache hash table entries: 8192 (order: 4, 65536 bytes, linear)
[    0.000000] mem auto-init: stack:off, heap alloc:off, heap free:off
[    0.000000] Memory: 64364K/131072K available (10944K kernel code, 1474K rwdata, 2636K rodata, 14592K init, 432K bss, 33940K reserved, 32768K cma-reserved)
[    0.000000] SLUB: HWalign=64, Order=0-3, MinObjects=0, CPUs=1, Nodes=1
[    0.000000] rcu: Hierarchical RCU implementation.
[    0.000000] rcu: 	RCU restricting CPUs from NR_CPUS=256 to nr_cpu_ids=1.
[    0.000000] 	Tracing variant of Tasks RCU enabled.
[    0.000000] rcu: RCU calculated value of scheduler-enlistment delay is 10 jiffies.
[    0.000000] rcu: Adjusting geometry for rcu_fanout_leaf=16, nr_cpu_ids=1
[    0.000000] NR_IRQS: 64, nr_irqs: 64, preallocated irqs: 0
[    0.000000] Root IRQ handler: 0xffff800008010190
[    0.000000] GICv2m: range[mem 0x08020000-0x08020fff], SPI[80:143]
[    0.000000] arch_timer: cp15 timer(s) running at 62.50MHz (virt).
[    0.000000] clocksource: arch_sys_counter: mask: 0xffffffffffffff max_cycles: 0x1cd42e208c, max_idle_ns: 881590405314 ns
[    0.000078] sched_clock: 56 bits at 62MHz, resolution 16ns, wraps every 4398046511096ns
[    0.003100] Console: colour dummy device 80x25
[    0.004336] printk: console [tty0] enabled
[    0.006012] Calibrating delay loop (skipped), value calculated using timer frequency.. 125.00 BogoMIPS (lpj=625000)
[    0.006138] pid_max: default: 32768 minimum: 301
[    0.008514] Mount-cache hash table entries: 512 (order: 0, 4096 bytes, linear)
[    0.008565] Mountpoint-cache hash table entries: 512 (order: 0, 4096 bytes, linear)
[    0.033282] /cpus/cpu-map: empty cluster
[    0.039304] rcu: Hierarchical SRCU implementation.
[    0.041629] EFI services will not be available.
[    0.042380] smp: Bringing up secondary CPUs ...
[    0.042500] smp: Brought up 1 node, 1 CPU
[    0.042540] SMP: Total of 1 processors activated.
[    0.042643] CPU features: detected: 32-bit EL0 Support
[    0.042676] CPU features: detected: 32-bit EL1 Support
[    0.042743] CPU features: detected: CRC32 instructions
[    0.044094] CPU features: emulated: Privileged Access Never (PAN) using TTBR0_EL1 switching
[    0.044343] CPU: All CPU(s) started at EL1
[    0.044647] alternatives: patching kernel code
[    0.058383] clocksource: jiffies: mask: 0xffffffff max_cycles: 0xffffffff, max_idle_ns: 19112604462750000 ns
[    0.058610] futex hash table entries: 256 (order: 2, 16384 bytes, linear)
[    0.061292] pinctrl core: initialized pinctrl subsystem
[    0.070786] DMI not present or invalid.
[    0.077605] NET: Registered PF_NETLINK/PF_ROUTE protocol family
[    0.085658] DMA: preallocated 128 KiB GFP_KERNEL pool for atomic allocations
[    0.086038] DMA: preallocated 128 KiB GFP_KERNEL|GFP_DMA pool for atomic allocations
[    0.086261] DMA: preallocated 128 KiB GFP_KERNEL|GFP_DMA32 pool for atomic allocations
[    0.090146] thermal_sys: Registered thermal governor 'step_wise'
[    0.090489] cpuidle: using governor ladder
[    0.090662] cpuidle: using governor menu
[    0.091183] ASID allocator initialised with 65536 entries
[    0.092547] Serial: AMBA PL011 UART driver
[    0.115059] 9000000.pl011: ttyAMA0 at MMIO 0x9000000 (irq = 47, base_baud = 0) is a PL011 rev1
[    0.293677] printk: console [ttyAMA0] enabled
[    0.319247] cryptd: max_cpu_qlen set to 1000
[    0.323234] ACPI: Interpreter disabled.
[    0.325572] iommu: Default domain type: Passthrough 
[    0.326833] SCSI subsystem initialized
[    0.329138] usbcore: registered new interface driver usbfs
[    0.329532] usbcore: registered new interface driver hub
[    0.329855] usbcore: registered new device driver usb
[    0.343227] clocksource: Switched to clocksource arch_sys_counter
[    0.345592] pnp: PnP ACPI: disabled
[    0.351858] NET: Registered PF_INET protocol family
[    0.354310] IP idents hash table entries: 2048 (order: 2, 16384 bytes, linear)
[    0.358981] tcp_listen_portaddr_hash hash table entries: 256 (order: 0, 4096 bytes, linear)
[    0.359560] Table-perturb hash table entries: 65536 (order: 6, 262144 bytes, linear)
[    0.359841] TCP established hash table entries: 1024 (order: 1, 8192 bytes, linear)
[    0.365361] TCP bind hash table entries: 1024 (order: 2, 16384 bytes, linear)
[    0.365726] TCP: Hash tables configured (established 1024 bind 1024)
[    0.366962] UDP hash table entries: 256 (order: 1, 8192 bytes, linear)
[    0.367363] UDP-Lite hash table entries: 256 (order: 1, 8192 bytes, linear)
[    0.377379] NET: Registered PF_UNIX/PF_LOCAL protocol family
[    0.378012] PCI: CLS 0 bytes, default 64
[    0.423033] kvm [1]: HYP mode not available
[    0.505990] workingset: timestamp_bits=42 max_order=15 bucket_order=0
[    0.512635] squashfs: version 4.0 (2009/01/31) Phillip Lougher
[    0.512853] jffs2: version 2.2 (NAND) (SUMMARY) (LZMA) (RTIME) (CMODE_PRIORITY) (c) 2001-2006 Red Hat, Inc.
[    0.515125] 9p: Installing v9fs 9p2000 file system support
[    0.519099] Block layer SCSI generic (bsg) driver version 0.4 loaded (major 250)
[    0.523662] atomic64_test: passed
[    0.533472] pl061_gpio 9030000.pl061: PL061 GPIO chip registered
[    0.535298] pci-host-generic 4010000000.pcie: host bridge /pcie@10000000 ranges:
[    0.536085] pci-host-generic 4010000000.pcie:       IO 0x003eff0000..0x003effffff -> 0x0000000000
[    0.536790] pci-host-generic 4010000000.pcie:      MEM 0x0010000000..0x003efeffff -> 0x0010000000
[    0.544222] pci-host-generic 4010000000.pcie:      MEM 0x8000000000..0xffffffffff -> 0x8000000000
[    0.545279] pci-host-generic 4010000000.pcie: Memory resource size exceeds max for 32 bits
[    0.545956] pci-host-generic 4010000000.pcie: ECAM at [mem 0x4010000000-0x401fffffff] for [bus 00-ff]
[    0.556151] pci-host-generic 4010000000.pcie: PCI host bridge to bus 0000:00
[    0.556626] pci_bus 0000:00: root bus resource [bus 00-ff]
[    0.556859] pci_bus 0000:00: root bus resource [io  0x0000-0xffff]
[    0.557083] pci_bus 0000:00: root bus resource [mem 0x10000000-0x3efeffff]
[    0.566506] pci_bus 0000:00: root bus resource [mem 0x8000000000-0xffffffffff]
[    0.568266] pci 0000:00:00.0: [1b36:0008] type 00 class 0x060000
[    0.571164] pci 0000:00:01.0: [1af4:1000] type 00 class 0x020000
[    0.571601] pci 0000:00:01.0: reg 0x10: [io  0x0000-0x001f]
[    0.577641] pci 0000:00:01.0: reg 0x20: [mem 0x00000000-0x00003fff 64bit pref]
[    0.578081] pci 0000:00:01.0: reg 0x30: [mem 0x00000000-0x0007ffff pref]
[    0.578626] pci 0000:00:02.0: [1af4:1005] type 00 class 0x00ff00
[    0.578838] pci 0000:00:02.0: reg 0x10: [io  0x0000-0x001f]
[    0.588454] pci 0000:00:02.0: reg 0x14: [mem 0x00000000-0x00000fff]
[    0.588824] pci 0000:00:02.0: reg 0x20: [mem 0x00000000-0x00003fff 64bit pref]
[    0.589400] pci 0000:00:03.0: [1af4:1000] type 00 class 0x020000
[    0.589643] pci 0000:00:03.0: reg 0x10: [io  0x0000-0x001f]
[    0.599417] pci 0000:00:03.0: reg 0x14: [mem 0x00000000-0x00000fff]
[    0.599813] pci 0000:00:03.0: reg 0x20: [mem 0x00000000-0x00003fff 64bit pref]
[    0.600099] pci 0000:00:03.0: reg 0x30: [mem 0x00000000-0x0007ffff pref]
[    0.602118] pci 0000:00:01.0: BAR 6: assigned [mem 0x10000000-0x1007ffff pref]
[    0.610708] pci 0000:00:03.0: BAR 6: assigned [mem 0x10080000-0x100fffff pref]
[    0.611186] pci 0000:00:01.0: BAR 4: assigned [mem 0x8000000000-0x8000003fff 64bit pref]
[    0.611568] pci 0000:00:02.0: BAR 4: assigned [mem 0x8000004000-0x8000007fff 64bit pref]
[    0.611838] pci 0000:00:03.0: BAR 4: assigned [mem 0x8000008000-0x800000bfff 64bit pref]
[    0.621652] pci 0000:00:02.0: BAR 1: assigned [mem 0x10100000-0x10100fff]
[    0.621964] pci 0000:00:03.0: BAR 1: assigned [mem 0x10101000-0x10101fff]
[    0.622191] pci 0000:00:01.0: BAR 0: assigned [io  0x1000-0x101f]
[    0.622538] pci 0000:00:02.0: BAR 0: assigned [io  0x1020-0x103f]
[    0.632194] pci 0000:00:03.0: BAR 0: assigned [io  0x1040-0x105f]
[    0.671732] EINJ: ACPI disabled.
[    0.681618] virtio-pci 0000:00:01.0: enabling device (0000 -> 0003)
[    0.684411] virtio-pci 0000:00:02.0: enabling device (0000 -> 0003)
[    0.685741] virtio-pci 0000:00:03.0: enabling device (0000 -> 0003)
[    0.688113] Serial: 8250/16550 driver, 16 ports, IRQ sharing enabled
[    0.691013] SuperH (H)SCI(F) driver initialized
[    0.737279] cacheinfo: Unable to detect cache hierarchy for CPU 0
[    0.756302] loop: module loaded
[    0.757094] Loading iSCSI transport class v2.0-870.
[    0.795571] usbcore: registered new interface driver usb-storage
[    0.798100] rtc-pl031 9010000.pl031: registered as rtc0
[    0.798744] rtc-pl031 9010000.pl031: setting system clock to 2025-12-24T20:48:38 UTC (1766609318)
[    0.802622] sdhci: Secure Digital Host Controller Interface driver
[    0.805877] sdhci: Copyright(c) Pierre Ossman
[    0.806613] Synopsys Designware Multimedia Card Interface Driver
[    0.807345] sdhci-pltfm: SDHCI platform and OF driver helper
[    0.809341] hid: raw HID events driver (C) Jiri Kosina
[    0.809848] usbcore: registered new interface driver usbhid
[    0.816907] usbhid: USB HID core driver
[    0.820027] NET: Registered PF_INET6 protocol family
[    0.856467] Segment Routing with IPv6
[    0.856776] In-situ OAM (IOAM) with IPv6
[    0.857269] NET: Registered PF_PACKET protocol family
[    0.857973] bridge: filtering via arp/ip/ip6tables is no longer available by default. Update your scripts to load br_netfilter if you need this.
[    0.867942] 8021q: 802.1Q VLAN Support v1.8
[    0.868927] 9pnet: Installing 9P2000 support
[    0.881025] clk: Disabling unused clocks
[    0.885577] uart-pl011 9000000.pl011: no DMA platform data
[    0.917578] Freeing unused kernel memory: 14592K
[    0.918395] Run /init as init process
[    3.353824] init: Console is alive
[    3.410358] kmodloader: loading kernel modules from /etc/modules-boot.d/*
[    3.436123] kmodloader: done loading kernel modules from /etc/modules-boot.d/*
[    3.448293] init: - preinit -
[    4.955789] 8021q: adding VLAN 0 to HW filter on device eth0
Press the [f] key and hit [enter] to enter failsafe mode
Press the [1], [2], [3] or [4] key and hit [enter] to select the debug level
[    7.790113] procd: - early -
[    8.903582] procd: - ubus -
[    8.998213] procd: - init -
Please press Enter to activate this console.
root


BusyBox v1.36.1 (2025-12-04 14:13:14 UTC) built-in shell (ash)

  _______                     ________        __
 |       |.-----.-----.-----.|  |  |  |.----.|  |_
 |   -   ||  _  |  -__|     ||  |  |  ||   _||   _|
 |_______||   __|_____|__|__||________||__|  |____|
          |__| W I R E L E S S   F R E E D O M
 -----------------------------------------------------
 OpenWrt 23.05-SNAPSHOT, r24245-b6d7048c8b
 -----------------------------------------------------
=== WARNING! =====================================
There is no root password defined on this device!
Use the "passwd" command to set up a new password
in order to prevent unauthorized SSH logins.
--------------------------------------------------
root@(none):/# dmesg -n 1
root@(none):/# echo 'LVVO''GOLFWV'
LVVOGOLFWV
root@(none):/# run() { echo -n "$MARKER"; sh -c "$@"; echo "$MARKER $?"; }
root@(none):/# echo 'GBNS''ETABMJ'
GBNSETABMJ
root@(none):/# MARKER='HTJF''JMQHYJ' run 'ubus wait_for network.interface.lan'
HTJFJMQHYJHTJFJMQHYJ 0
root@OpenWrt:/# echo 'APUA''SVTWQN'
APUASVTWQN
root@OpenWrt:/# MARKER='CLJF''AKXJME' run 'ubus call network.interface.lan statu
s '"'"'{}'"'"''
CLJFAKXJME{
	"up": true,
	"pending": false,
	"available": true,
	"autostart": true,
	"dynamic": false,
	"uptime": 1,
	"l3_device": "br-lan",
	"proto": "static",
	"device": "br-lan",
	"updated": [
		"addresses"
	],
	"metric": 0,
	"dns_metric": 0,
	"delegation": true,
	"ipv4-address": [
		{
			"address": "192.168.1.1",
			"mask": 24
		}
	],
	"ipv6-address": [
		
	],
	"ipv6-prefix": [
		
	],
	"ipv6-prefix-assignment": [
		{
			"address": "fd03:944d:88ca::",
			"mask": 60,
			"local-address": {
				"address": "fd03:944d:88ca::1",
				"mask": 60
			}
		}
	],
	"route": [
		
	],
	"dns-server": [
		
	],
	"dns-search": [
		
	],
	"neighbors": [
		
	],
	"inactive": {
		"ipv4-address": [
			
		],
		"ipv6-address": [
			
		],
		"route": [
			
		],
		"dns-server": [
			
		],
		"dns-search": [
			
		],
		"neighbors": [
			
		]
	},
	"data": {
		
	}
}
CLJFAKXJME 0
root@OpenWrt:/# echo 'ALXH''FUNZGW'
ALXHFUNZGW
root@OpenWrt:/# MARKER='JTTL''BPHLUX' run true
JTTLBPHLUXJTTLBPHLUX 0
root@OpenWrt:/# echo 'HXZM''KUXQNN'
HXZMKUXQNN
root@OpenWrt:/# MARKER='SQJX''SWKQMZ' run 'source /etc/os-release; echo $BUILD_I
D'
SQJXSWKQMZr24245-b6d7048c8b
SQJXSWKQMZ 0
root@OpenWrt:/# echo 'ETXX''GLFTZK'
ETXXGLFTZK
root@OpenWrt:/# MARKER='HYAC''WYYHBV' run 'ls /etc/dropbear/dropbear_rsa_host_ke
y'
HYACWYYHBV[0;0m/etc/dropbear/dropbear_rsa_host_key[m
HYACWYYHBV 0
root@OpenWrt:/# echo 'MSTS''XNLKUW'
MSTSXNLKUW
root@OpenWrt:/# MARKER='SYQG''NLQFMU' run 'netstat -tlpn | grep 0.0.0.0:22'
SYQGNLQFMUnetstat: showing only processes with your user ID
tcp        0      0 0.0.0.0:22              0.0.0.0:*               LISTEN      1428/dropbear
SYQGNLQFMU 0
root@OpenWrt:/# echo 'LMOH''CNTEFG'
LMOHCNTEFG
root@OpenWrt:/# MARKER='YXTQ''ZUJWGN' run 'dmesg | grep br-lan | grep forwarding
'
YXTQZUJWGN[   33.781508] br-lan: port 1(eth0) entered forwarding state
YXTQZUJWGN 0
root@OpenWrt:/# echo 'MLNV''JQPOWV'
MLNVJQPOWV
root@OpenWrt:/# MARKER='YTQA''MGKKJX' run 'ubus call network.interface.lan statu
s '"'"'{}'"'"''
YTQAMGKKJX{
	"up": true,
	"pending": false,
	"available": true,
	"autostart": true,
	"dynamic": false,
	"uptime": 12,
	"l3_device": "br-lan",
	"proto": "static",
	"device": "br-lan",
	"updated": [
		"addresses"
	],
	"metric": 0,
	"dns_metric": 0,
	"delegation": true,
	"ipv4-address": [
		{
			"address": "192.168.1.1",
			"mask": 24
		}
	],
	"ipv6-address": [
		
	],
	"ipv6-prefix": [
		
	],
	"ipv6-prefix-assignment": [
		{
			"address": "fd03:944d:88ca::",
			"mask": 60,
			"local-address": {
				"address": "fd03:944d:88ca::1",
				"mask": 60
			}
		}
	],
	"route": [
		
	],
	"dns-server": [
		
	],
	"dns-search": [
		
	],
	"neighbors": [
		
	],
	"inactive": {
		"ipv4-address": [
			
		],
		"ipv6-address": [
			
		],
		"route": [
			
		],
		"dns-server": [
			
		],
		"dns-search": [
			
		],
		"neighbors": [
			
		]
	},
	"data": {
		
	}
}
YTQAMGKKJX 0
root@OpenWrt:/# echo 'BXZU''QTWHHU'
BXZUQTWHHU
root@OpenWrt:/# MARKER='JEUJ''PLCKYO' run 'ip -o addr show dev br-lan'
JEUJPLCKYO4: br-lan    inet 192.168.1.1/24 brd 192.168.1.255 scope global br-lan\       valid_lft forever preferred_lft forever
4: br-lan    inet6 fd03:944d:88ca::1/60 scope global noprefixroute \       valid_lft forever preferred_lft forever
4: br-lan    inet6 fe80::5054:ff:fe12:3456/64 scope link \       valid_lft forever preferred_lft forever
JEUJPLCKYO 0
root@OpenWrt:/# echo 'YCTK''FHNBVA'
YCTKFHNBVA
root@OpenWrt:/# MARKER='EBQF''EBUWPB' run 'ubus call network.interface.wan statu
s '"'"'{}'"'"''
EBQFEBUWPB{
	"up": true,
	"pending": false,
	"available": true,
	"autostart": true,
	"dynamic": false,
	"uptime": 12,
	"l3_device": "eth1",
	"proto": "dhcp",
	"device": "eth1",
	"updated": [
		"addresses",
		"routes",
		"data"
	],
	"metric": 0,
	"dns_metric": 0,
	"delegation": true,
	"ipv4-address": [
		{
			"address": "10.0.2.15",
			"mask": 24
		}
	],
	"ipv6-address": [
		
	],
	"ipv6-prefix": [
		
	],
	"ipv6-prefix-assignment": [
		
	],
	"route": [
		{
			"target": "0.0.0.0",
			"mask": 0,
			"nexthop": "10.0.2.2",
			"source": "10.0.2.15/32"
		}
	],
	"dns-server": [
		"10.0.2.3"
	],
	"dns-search": [
		
	],
	"neighbors": [
		
	],
	"inactive": {
		"ipv4-address": [
			
		],
		"ipv6-address": [
			
		],
		"route": [
			
		],
		"dns-server": [
			
		],
		"dns-search": [
			
		],
		"neighbors": [
			
		]
	},
	"data": {
		"dhcpserver": "10.0.2.2",
		"leasetime": 86400
	}
}
EBQFEBUWPB 0
root@OpenWrt:/# 