Labgrid Console Logfile for main
Logfile started at 2026-01-21 20:59:04.710183
=== Log starts here ===
[    0.000000] Booting Linux on physical CPU 0x0000000000 [0x411fd070]
[    0.000000] Linux version 5.15.189 (builder@buildhost) (aarch64-openwrt-linux-musl-gcc (OpenWrt GCC 12.3.0 r24245-b6d7048c8b) 12.3.0, GNU ld (GNU Binutils) 2.40.0) #0 SMP Thu Dec 4 14:13:14 2025
[    0.000000] random: crng init done
[    0.000000] Machine model: linux,dummy-virt
[    0.000000] efi: UEFI not found.
[    0.000000] NUMA: No NUMA configuration found
[    0.000000] NUMA: Faking a node at [mem 0x0000000040000000-0x0000000047ffffff]
[    0.000000] NUMA: NODE_DATA [mem 0x47faf480-0x47fb1fff]
[    0.000000] Zone ranges:
[    0.000000]   DMA      [mem 0x0000000040000000-0x0000000047ffffff]
[    0.000000]   DMA32    empty
[    0.000000]   Normal   empty
[    0.000000] Movable zone start for each node
[    0.000000] Early memory node ranges
[    0.000000]   node   0: [mem 0x0000000040000000-0x0000000047ffffff]
[    0.000000] Initmem setup node 0 [mem 0x0000000040000000-0x0000000047ffffff]
[    0.000000] cma: Reserved 32 MiB at 0x0000000045c00000
[    0.000000] psci: probing for conduit method from DT.
[    0.000000] psci: PSCIv1.1 detected in firmware.
[    0.000000] psci: Using standard PSCI v0.2 function IDs
[    0.000000] psci: Trusted OS migration not required
[    0.000000] psci: SMC Calling Convention v1.0
[    0.000000] percpu: Embedded 19 pages/cpu s39576 r8192 d30056 u77824
[    0.000000] Detected PIPT I-cache on CPU0
[    0.000000] CPU features: detected: Spectre-v2
[    0.000000] CPU features: detected: Spectre-v4
[    0.000000] CPU features: detected: Spectre-BHB
[    0.000000] CPU features: detected: ARM erratum 834220
[    0.000000] CPU features: detected: ARM erratum 832075
[    0.000000] CPU features: detected: ARM errata 1165522, 1319367, or 1530923
[    0.000000] Built 1 zonelists, mobility grouping on.  Total pages: 32256
[    0.000000] Policy zone: DMA
[    0.000000] Kernel command line: 
[    0.000000] Dentry cache hash table entries: 16384 (order: 5, 131072 bytes, linear)
[    0.000000] Inode-cache hash table entries: 8192 (order: 4, 65536 bytes, linear)
[    0.000000] mem auto-init: stack:off, heap alloc:off, heap free:off
[    0.000000] Memory: 64364K/131072K available (10944K kernel code, 1474K rwdata, 2636K rodata, 14592K init, 432K bss, 33940K reserved, 32768K cma-reserved)
[    0.000000] SLUB: HWalign=64, Order=0-3, MinObjects=0, CPUs=1, Nodes=1
[    0.000000] rcu: Hierarchical RCU implementation.
[    0.000000] rcu: 	RCU restricting CPUs from NR_CPUS=256 to nr_cpu_ids=1.
[    0.000000] 	Tracing variant of Tasks RCU enabled.
[    0.000000] rcu: RCU calculated value of scheduler-enlistment delay is 10 jiffies.
[    0.000000] rcu: Adjusting geometry for rcu_fanout_leaf=16, nr_cpu_ids=1
[    0.000000] NR_IRQS: 64, nr_irqs: 64, preallocated irqs: 0
[    0.000000] Root IRQ handler: 0xffff800008010190
[    0.000000] GICv2m: range[mem 0x08020000-0x08020fff], SPI[80:143]
[    0.000000] arch_timer: cp15 timer(s) running at 62.50MHz (virt).
[    0.000000] clocksource: arch_sys_counter: mask: 0xffffffffffffff max_cycles: 0x1cd42e208c, max_idle_ns: 881590405314 ns
[    0.000077] sched_clock: 56 bits at 62MHz, resolution 16ns, wraps every 4398046511096ns
[    0.003105] Console: colour dummy device 80x25
[    0.004350] printk: console [tty0] enabled
[    0.006015] Calibrating delay loop (skipped), value calculated using timer frequency.. 125.00 BogoMIPS (lpj=625000)
[    0.006142] pid_max: default: 32768 minimum: 301
[    0.008524] Mount-cache hash table entries: 512 (order: 0, 4096 bytes, linear)
[    0.008576] Mountpoint-cache hash table entries: 512 (order: 0, 4096 bytes, linear)
[    0.033484] /cpus/cpu-map: empty cluster
[    0.039607] rcu: Hierarchical SRCU implementation.
[    0.041899] EFI services will not be available.
[    0.042668] smp: Bringing up secondary CPUs ...
[    0.042771] smp: Brought up 1 node, 1 CPU
[    0.042808] SMP: Total of 1 processors activated.
[    0.042902] CPU features: detected: 32-bit EL0 Support
[    0.042934] CPU features: detected: 32-bit EL1 Support
[    0.043001] CPU features: detected: CRC32 instructions
[    0.044399] CPU features: emulated: Privileged Access Never (PAN) using TTBR0_EL1 switching
[    0.044626] CPU: All CPU(s) started at EL1
[    0.044921] alternatives: patching kernel code
[    0.059015] clocksource: jiffies: mask: 0xffffffff max_cycles: 0xffffffff, max_idle_ns: 19112604462750000 ns
[    0.059227] futex hash table entries: 256 (order: 2, 16384 bytes, linear)
[    0.062067] pinctrl core: initialized pinctrl subsystem
[    0.071685] DMI not present or invalid.
[    0.078472] NET: Registered PF_NETLINK/PF_ROUTE protocol family
[    0.086599] DMA: preallocated 128 KiB GFP_KERNEL pool for atomic allocations
[    0.086987] DMA: preallocated 128 KiB GFP_KERNEL|GFP_DMA pool for atomic allocations
[    0.087202] DMA: preallocated 128 KiB GFP_KERNEL|GFP_DMA32 pool for atomic allocations
[    0.090952] thermal_sys: Registered thermal governor 'step_wise'
[    0.091273] cpuidle: using governor ladder
[    0.091481] cpuidle: using governor menu
[    0.092107] ASID allocator initialised with 65536 entries
[    0.093322] Serial: AMBA PL011 UART driver
[    0.116040] 9000000.pl011: ttyAMA0 at MMIO 0x9000000 (irq = 47, base_baud = 0) is a PL011 rev1
[    0.284873] printk: console [ttyAMA0] enabled
[    0.319919] cryptd: max_cpu_qlen set to 1000
[    0.323949] ACPI: Interpreter disabled.
[    0.326251] iommu: Default domain type: Passthrough 
[    0.327546] SCSI subsystem initialized
[    0.329824] usbcore: registered new interface driver usbfs
[    0.330290] usbcore: registered new interface driver hub
[    0.330834] usbcore: registered new device driver usb
[    0.344175] clocksource: Switched to clocksource arch_sys_counter
[    0.346713] pnp: PnP ACPI: disabled
[    0.352994] NET: Registered PF_INET protocol family
[    0.355634] IP idents hash table entries: 2048 (order: 2, 16384 bytes, linear)
[    0.360228] tcp_listen_portaddr_hash hash table entries: 256 (order: 0, 4096 bytes, linear)
[    0.360822] Table-perturb hash table entries: 65536 (order: 6, 262144 bytes, linear)
[    0.361109] TCP established hash table entries: 1024 (order: 1, 8192 bytes, linear)
[    0.366678] TCP bind hash table entries: 1024 (order: 2, 16384 bytes, linear)
[    0.367059] TCP: Hash tables configured (established 1024 bind 1024)
[    0.368241] UDP hash table entries: 256 (order: 1, 8192 bytes, linear)
[    0.377188] UDP-Lite hash table entries: 256 (order: 1, 8192 bytes, linear)
[    0.378856] NET: Registered PF_UNIX/PF_LOCAL protocol family
[    0.379479] PCI: CLS 0 bytes, default 64
[    0.424009] kvm [1]: HYP mode not available
[    0.507181] workingset: timestamp_bits=42 max_order=15 bucket_order=0
[    0.514067] squashfs: version 4.0 (2009/01/31) Phillip Lougher
[    0.514292] jffs2: version 2.2 (NAND) (SUMMARY) (LZMA) (RTIME) (CMODE_PRIORITY) (c) 2001-2006 Red Hat, Inc.
[    0.516609] 9p: Installing v9fs 9p2000 file system support
[    0.520432] Block layer SCSI generic (bsg) driver version 0.4 loaded (major 250)
[    0.524958] atomic64_test: passed
[    0.534903] pl061_gpio 9030000.pl061: PL061 GPIO chip registered
[    0.536754] pci-host-generic 4010000000.pcie: host bridge /pcie@10000000 ranges:
[    0.537565] pci-host-generic 4010000000.pcie:       IO 0x003eff0000..0x003effffff -> 0x0000000000
[    0.538263] pci-host-generic 4010000000.pcie:      MEM 0x0010000000..0x003efeffff -> 0x0010000000
[    0.545750] pci-host-generic 4010000000.pcie:      MEM 0x8000000000..0xffffffffff -> 0x8000000000
[    0.546861] pci-host-generic 4010000000.pcie: Memory resource size exceeds max for 32 bits
[    0.547548] pci-host-generic 4010000000.pcie: ECAM at [mem 0x4010000000-0x401fffffff] for [bus 00-ff]
[    0.558003] pci-host-generic 4010000000.pcie: PCI host bridge to bus 0000:00
[    0.558457] pci_bus 0000:00: root bus resource [bus 00-ff]
[    0.558693] pci_bus 0000:00: root bus resource [io  0x0000-0xffff]
[    0.558919] pci_bus 0000:00: root bus resource [mem 0x10000000-0x3efeffff]
[    0.567885] pci_bus 0000:00: root bus resource [mem 0x8000000000-0xffffffffff]
[    0.569708] pci 0000:00:00.0: [1b36:0008] type 00 class 0x060000
[    0.572656] pci 0000:00:01.0: [1af4:1000] type 00 class 0x020000
[    0.573088] pci 0000:00:01.0: reg 0x10: [io  0x0000-0x001f]
[    0.579012] pci 0000:00:01.0: reg 0x20: [mem 0x00000000-0x00003fff 64bit pref]
[    0.579541] pci 0000:00:01.0: reg 0x30: [mem 0x00000000-0x0007ffff pref]
[    0.580137] pci 0000:00:02.0: [1af4:1005] type 00 class 0x00ff00
[    0.580353] pci 0000:00:02.0: reg 0x10: [io  0x0000-0x001f]
[    0.590185] pci 0000:00:02.0: reg 0x14: [mem 0x00000000-0x00000fff]
[    0.590574] pci 0000:00:02.0: reg 0x20: [mem 0x00000000-0x00003fff 64bit pref]
[    0.591312] pci 0000:00:03.0: [1af4:1000] type 00 class 0x020000
[    0.591553] pci 0000:00:03.0: reg 0x10: [io  0x0000-0x001f]
[    0.601459] pci 0000:00:03.0: reg 0x14: [mem 0x00000000-0x00000fff]
[    0.601804] pci 0000:00:03.0: reg 0x20: [mem 0x00000000-0x00003fff 64bit pref]
[    0.602190] pci 0000:00:03.0: reg 0x30: [mem 0x00000000-0x0007ffff pref]
[    0.604544] pci 0000:00:01.0: BAR 6: assigned [mem 0x10000000-0x1007ffff pref]
[    0.613304] pci 0000:00:03.0: BAR 6: assigned [mem 0x10080000-0x100fffff pref]
[    0.613973] pci 0000:00:01.0: BAR 4: assigned [mem 0x8000000000-0x8000003fff 64bit pref]
[    0.614340] pci 0000:00:02.0: BAR 4: assigned [mem 0x8000004000-0x8000007fff 64bit pref]
[    0.614636] pci 0000:00:03.0: BAR 4: assigned [mem 0x8000008000-0x800000bfff 64bit pref]
[    0.624294] pci 0000:00:02.0: BAR 1: assigned [mem 0x10100000-0x10100fff]
[    0.624712] pci 0000:00:03.0: BAR 1: assigned [mem 0x10101000-0x10101fff]
[    0.625074] pci 0000:00:01.0: BAR 0: assigned [io  0x1000-0x101f]
[    0.625296] pci 0000:00:02.0: BAR 0: assigned [io  0x1020-0x103f]
[    0.635029] pci 0000:00:03.0: BAR 0: assigned [io  0x1040-0x105f]
[    0.675562] EINJ: ACPI disabled.
[    0.688766] virtio-pci 0000:00:01.0: enabling device (0000 -> 0003)
[    0.691261] virtio-pci 0000:00:02.0: enabling device (0000 -> 0003)
[    0.692594] virtio-pci 0000:00:03.0: enabling device (0000 -> 0003)
[    0.695136] Serial: 8250/16550 driver, 16 ports, IRQ sharing enabled
[    0.702289] SuperH (H)SCI(F) driver initialized
[    0.745685] cacheinfo: Unable to detect cache hierarchy for CPU 0
[    0.765280] loop: module loaded
[    0.766105] Loading iSCSI transport class v2.0-870.
[    0.804709] usbcore: registered new interface driver usb-storage
[    0.807190] rtc-pl031 9010000.pl031: registered as rtc0
[    0.807853] rtc-pl031 9010000.pl031: setting system clock to 2026-01-21T20:59:05 UTC (1769029145)
[    0.811653] sdhci: Secure Digital Host Controller Interface driver
[    0.815085] sdhci: Copyright(c) Pierre Ossman
[    0.815855] Synopsys Designware Multimedia Card Interface Driver
[    0.816646] sdhci-pltfm: SDHCI platform and OF driver helper
[    0.818684] hid: raw HID events driver (C) Jiri Kosina
[    0.819183] usbcore: registered new interface driver usbhid
[    0.826473] usbhid: USB HID core driver
[    0.830021] NET: Registered PF_INET6 protocol family
[    0.866834] Segment Routing with IPv6
[    0.867112] In-situ OAM (IOAM) with IPv6
[    0.867607] NET: Registered PF_PACKET protocol family
[    0.868257] bridge: filtering via arp/ip/ip6tables is no longer available by default. Update your scripts to load br_netfilter if you need this.
[    0.878527] 8021q: 802.1Q VLAN Support v1.8
[    0.879482] 9pnet: Installing 9P2000 support
[    0.891787] clk: Disabling unused clocks
[    0.896428] uart-pl011 9000000.pl011: no DMA platform data
[    0.929331] Freeing unused kernel memory: 14592K
[    0.930033] Run /init as init process
[    3.356996] init: Console is alive
[    3.413021] kmodloader: loading kernel modules from /etc/modules-boot.d/*
[    3.438554] kmodloader: done loading kernel modules from /etc/modules-boot.d/*
[    3.450655] init: - preinit -
[    4.934381] 8021q: adding VLAN 0 to HW filter on device eth0
Press the [f] key and hit [enter] to enter failsafe mode
Press the [1], [2], [3] or [4] key and hit [enter] to select the debug level
[    7.738733] procd: - early -
[    8.827665] procd: - ubus -
[    8.919458] procd: - init -
Please press Enter to activate this console.
root


BusyBox v1.36.1 (2025-12-04 14:13:14 UTC) built-in shell (ash)

  _______                     ________        __
 |       |.-----.-----.-----.|  |  |  |.----.|  |_
 |   -   ||  _  |  -__|     ||  |  |  ||   _||   _|
 |_______||   __|_____|__|__||________||__|  |____|
          |__| W I R E L E S S   F R E E D O M
 -----------------------------------------------------
 OpenWrt 23.05-SNAPSHOT, r24245-b6d7048c8b
 -----------------------------------------------------
=== WARNING! =====================================
There is no root password defined on this device!
Use the "passwd" command to set up a new password
in order to prevent unauthorized SSH logins.
--------------------------------------------------
root@(none):/# dmesg -n 1
root@(none):/# echo 'FNKE''PQYNBA'
FNKEPQYNBA
root@(none):/# run() { echo -n "$MARKER"; sh -c "$@"; echo "$MARKER $?"; }
root@(none):/# echo 'LBFB''HQFCPV'
LBFBHQFCPV
root@(none):/# MARKER='CJXV''XFHNYE' run 'ubus wait_for network.interface.lan'
CJXVXFHNYECJXVXFHNYE 0
root@OpenWrt:/# echo 'AVTX''MMLZSL'
AVTXMMLZSL
root@OpenWrt:/# MARKER='YMNB''CJLJHB' run 'ubus call network.interface.lan statu
s '"'"'{}'"'"''
YMNBCJLJHB{
	"up": true,
	"pending": false,
	"available": true,
	"autostart": true,
	"dynamic": false,
	"uptime": 0,
	"l3_device": "br-lan",
	"proto": "static",
	"device": "br-lan",
	"updated": [
		"addresses"
	],
	"metric": 0,
	"dns_metric": 0,
	"delegation": true,
	"ipv4-address": [
		{
			"address": "192.168.1.1",
			"mask": 24
		}
	],
	"ipv6-address": [
		
	],
	"ipv6-prefix": [
		
	],
	"ipv6-prefix-assignment": [
		{
			"address": "fd3d:aecf:8a88::",
			"mask": 60,
			"local-address": {
				"address": "fd3d:aecf:8a88::1",
				"mask": 60
			}
		}
	],
	"route": [
		
	],
	"dns-server": [
		
	],
	"dns-search": [
		
	],
	"neighbors": [
		
	],
	"inactive": {
		"ipv4-address": [
			
		],
		"ipv6-address": [
			
		],
		"route": [
			
		],
		"dns-server": [
			
		],
		"dns-search": [
			
		],
		"neighbors": [
			
		]
	},
	"data": {
		
	}
}
YMNBCJLJHB 0
root@OpenWrt:/# echo 'CJLY''QTXHJY'
CJLYQTXHJY
root@OpenWrt:/# MARKER='FEBF''CMFQKF' run true
FEBFCMFQKFFEBFCMFQKF 0
root@OpenWrt:/# echo 'TGSF''JKOBMW'
TGSFJKOBMW
root@OpenWrt:/# MARKER='MVWW''FKLJWX' run 'source /etc/os-release; echo $BUILD_I
D'
MVWWFKLJWXr24245-b6d7048c8b
MVWWFKLJWX 0
root@OpenWrt:/# echo 'TXYS''WJOKXG'
TXYSWJOKXG
root@OpenWrt:/# MARKER='NJYB''WWQUYJ' run 'ls /etc/dropbear/dropbear_rsa_host_ke
y'
NJYBWWQUYJ[0;0m/etc/dropbear/dropbear_rsa_host_key[m
NJYBWWQUYJ 0
root@OpenWrt:/# echo 'TKGO''HLMSZM'
TKGOHLMSZM
root@OpenWrt:/# MARKER='HWLL''TMBGSA' run 'netstat -tlpn | grep 0.0.0.0:22'
HWLLTMBGSAnetstat: showing only processes with your user ID
tcp        0      0 0.0.0.0:22              0.0.0.0:*               LISTEN      1430/dropbear
HWLLTMBGSA 0
root@OpenWrt:/# echo 'PWTV''BFWMBL'
PWTVBFWMBL
root@OpenWrt:/# MARKER='HSES''MBVUYQ' run 'dmesg | grep br-lan | grep forwarding
'
HSESMBVUYQ[   35.243025] br-lan: port 1(eth0) entered forwarding state
HSESMBVUYQ 0
root@OpenWrt:/# echo 'BZXL''JNXAPB'
BZXLJNXAPB
root@OpenWrt:/# MARKER='JKPL''GUMFWY' run 'ubus call network.interface.lan statu
s '"'"'{}'"'"''
JKPLGUMFWY{
	"up": true,
	"pending": false,
	"available": true,
	"autostart": true,
	"dynamic": false,
	"uptime": 12,
	"l3_device": "br-lan",
	"proto": "static",
	"device": "br-lan",
	"updated": [
		"addresses"
	],
	"metric": 0,
	"dns_metric": 0,
	"delegation": true,
	"ipv4-address": [
		{
			"address": "192.168.1.1",
			"mask": 24
		}
	],
	"ipv6-address": [
		
	],
	"ipv6-prefix": [
		
	],
	"ipv6-prefix-assignment": [
		{
			"address": "fd3d:aecf:8a88::",
			"mask": 60,
			"local-address": {
				"address": "fd3d:aecf:8a88::1",
				"mask": 60
			}
		}
	],
	"route": [
		
	],
	"dns-server": [
		
	],
	"dns-search": [
		
	],
	"neighbors": [
		
	],
	"inactive": {
		"ipv4-address": [
			
		],
		"ipv6-address": [
			
		],
		"route": [
			
		],
		"dns-server": [
			
		],
		"dns-search": [
			
		],
		"neighbors": [
			
		]
	},
	"data": {
		
	}
}
JKPLGUMFWY 0
root@OpenWrt:/# echo 'OEUL''TBNEPM'
OEULTBNEPM
root@OpenWrt:/# MARKER='ZOXC''VEGOLC' run 'ip -o addr show dev br-lan'
ZOXCVEGOLC4: br-lan    inet 192.168.1.1/24 brd 192.168.1.255 scope global br-lan\       valid_lft forever preferred_lft forever
4: br-lan    inet6 fd3d:aecf:8a88::1/60 scope global noprefixroute \       valid_lft forever preferred_lft forever
4: br-lan    inet6 fe80::5054:ff:fe12:3456/64 scope link \       valid_lft forever preferred_lft forever
ZOXCVEGOLC 0
root@OpenWrt:/# echo 'PVTP''CMCWOA'
PVTPCMCWOA
root@OpenWrt:/# MARKER='MYTY''UBMCVQ' run 'ubus call network.interface.wan statu
s '"'"'{}'"'"''
MYTYUBMCVQ{
	"up": true,
	"pending": false,
	"available": true,
	"autostart": true,
	"dynamic": false,
	"uptime": 12,
	"l3_device": "eth1",
	"proto": "dhcp",
	"device": "eth1",
	"updated": [
		"addresses",
		"routes",
		"data"
	],
	"metric": 0,
	"dns_metric": 0,
	"delegation": true,
	"ipv4-address": [
		{
			"address": "10.0.2.15",
			"mask": 24
		}
	],
	"ipv6-address": [
		
	],
	"ipv6-prefix": [
		
	],
	"ipv6-prefix-assignment": [
		
	],
	"route": [
		{
			"target": "0.0.0.0",
			"mask": 0,
			"nexthop": "10.0.2.2",
			"source": "10.0.2.15/32"
		}
	],
	"dns-server": [
		"10.0.2.3"
	],
	"dns-search": [
		
	],
	"neighbors": [
		
	],
	"inactive": {
		"ipv4-address": [
			
		],
		"ipv6-address": [
			
		],
		"route": [
			
		],
		"dns-server": [
			
		],
		"dns-search": [
			
		],
		"neighbors": [
			
		]
	},
	"data": {
		"dhcpserver": "10.0.2.2",
		"leasetime": 86400
	}
}
MYTYUBMCVQ 0
root@OpenWrt:/# 