Labgrid Console Logfile for main
Logfile started at 2025-12-12 01:25:57.711454
=== Log starts here ===
[    0.000000] Booting Linux on physical CPU 0x0000000000 [0x411fd070]
[    0.000000] Linux version 5.15.189 (builder@buildhost) (aarch64-openwrt-linux-musl-gcc (OpenWrt GCC 12.3.0 r24245-b6d7048c8b) 12.3.0, GNU ld (GNU Binutils) 2.40.0) #0 SMP Thu Dec 4 14:13:14 2025
[    0.000000] random: crng init done
[    0.000000] Machine model: linux,dummy-virt
[    0.000000] efi: UEFI not found.
[    0.000000] NUMA: No NUMA configuration found
[    0.000000] NUMA: Faking a node at [mem 0x0000000040000000-0x0000000047ffffff]
[    0.000000] NUMA: NODE_DATA [mem 0x47faf480-0x47fb1fff]
[    0.000000] Zone ranges:
[    0.000000]   DMA      [mem 0x0000000040000000-0x0000000047ffffff]
[    0.000000]   DMA32    empty
[    0.000000]   Normal   empty
[    0.000000] Movable zone start for each node
[    0.000000] Early memory node ranges
[    0.000000]   node   0: [mem 0x0000000040000000-0x0000000047ffffff]
[    0.000000] Initmem setup node 0 [mem 0x0000000040000000-0x0000000047ffffff]
[    0.000000] cma: Reserved 32 MiB at 0x0000000045c00000
[    0.000000] psci: probing for conduit method from DT.
[    0.000000] psci: PSCIv1.1 detected in firmware.
[    0.000000] psci: Using standard PSCI v0.2 function IDs
[    0.000000] psci: Trusted OS migration not required
[    0.000000] psci: SMC Calling Convention v1.0
[    0.000000] percpu: Embedded 19 pages/cpu s39576 r8192 d30056 u77824
[    0.000000] Detected PIPT I-cache on CPU0
[    0.000000] CPU features: detected: Spectre-v2
[    0.000000] CPU features: detected: Spectre-v4
[    0.000000] CPU features: detected: Spectre-BHB
[    0.000000] CPU features: detected: ARM erratum 834220
[    0.000000] CPU features: detected: ARM erratum 832075
[    0.000000] CPU features: detected: ARM errata 1165522, 1319367, or 1530923
[    0.000000] Built 1 zonelists, mobility grouping on.  Total pages: 32256
[    0.000000] Policy zone: DMA
[    0.000000] Kernel command line: 
[    0.000000] Dentry cache hash table entries: 16384 (order: 5, 131072 bytes, linear)
[    0.000000] Inode-cache hash table entries: 8192 (order: 4, 65536 bytes, linear)
[    0.000000] mem auto-init: stack:off, heap alloc:off, heap free:off
[    0.000000] Memory: 64364K/131072K available (10944K kernel code, 1474K rwdata, 2636K rodata, 14592K init, 432K bss, 33940K reserved, 32768K cma-reserved)
[    0.000000] SLUB: HWalign=64, Order=0-3, MinObjects=0, CPUs=1, Nodes=1
[    0.000000] rcu: Hierarchical RCU implementation.
[    0.000000] rcu: 	RCU restricting CPUs from NR_CPUS=256 to nr_cpu_ids=1.
[    0.000000] 	Tracing variant of Tasks RCU enabled.
[    0.000000] rcu: RCU calculated value of scheduler-enlistment delay is 10 jiffies.
[    0.000000] rcu: Adjusting geometry for rcu_fanout_leaf=16, nr_cpu_ids=1
[    0.000000] NR_IRQS: 64, nr_irqs: 64, preallocated irqs: 0
[    0.000000] Root IRQ handler: 0xffff800008010190
[    0.000000] GICv2m: range[mem 0x08020000-0x08020fff], SPI[80:143]
[    0.000000] arch_timer: cp15 timer(s) running at 62.50MHz (virt).
[    0.000000] clocksource: arch_sys_counter: mask: 0xffffffffffffff max_cycles: 0x1cd42e208c, max_idle_ns: 881590405314 ns
[    0.000075] sched_clock: 56 bits at 62MHz, resolution 16ns, wraps every 4398046511096ns
[    0.003022] Console: colour dummy device 80x25
[    0.004256] printk: console [tty0] enabled
[    0.005884] Calibrating delay loop (skipped), value calculated using timer frequency.. 125.00 BogoMIPS (lpj=625000)
[    0.006008] pid_max: default: 32768 minimum: 301
[    0.008325] Mount-cache hash table entries: 512 (order: 0, 4096 bytes, linear)
[    0.008377] Mountpoint-cache hash table entries: 512 (order: 0, 4096 bytes, linear)
[    0.032016] /cpus/cpu-map: empty cluster
[    0.037938] rcu: Hierarchical SRCU implementation.
[    0.040076] EFI services will not be available.
[    0.041064] smp: Bringing up secondary CPUs ...
[    0.041208] smp: Brought up 1 node, 1 CPU
[    0.041251] SMP: Total of 1 processors activated.
[    0.041352] CPU features: detected: 32-bit EL0 Support
[    0.041385] CPU features: detected: 32-bit EL1 Support
[    0.041449] CPU features: detected: CRC32 instructions
[    0.042765] CPU features: emulated: Privileged Access Never (PAN) using TTBR0_EL1 switching
[    0.042992] CPU: All CPU(s) started at EL1
[    0.043289] alternatives: patching kernel code
[    0.056676] clocksource: jiffies: mask: 0xffffffff max_cycles: 0xffffffff, max_idle_ns: 19112604462750000 ns
[    0.056879] futex hash table entries: 256 (order: 2, 16384 bytes, linear)
[    0.059531] pinctrl core: initialized pinctrl subsystem
[    0.068821] DMI not present or invalid.
[    0.075459] NET: Registered PF_NETLINK/PF_ROUTE protocol family
[    0.083365] DMA: preallocated 128 KiB GFP_KERNEL pool for atomic allocations
[    0.083786] DMA: preallocated 128 KiB GFP_KERNEL|GFP_DMA pool for atomic allocations
[    0.084044] DMA: preallocated 128 KiB GFP_KERNEL|GFP_DMA32 pool for atomic allocations
[    0.087765] thermal_sys: Registered thermal governor 'step_wise'
[    0.088093] cpuidle: using governor ladder
[    0.088284] cpuidle: using governor menu
[    0.088791] ASID allocator initialised with 65536 entries
[    0.090008] Serial: AMBA PL011 UART driver
[    0.112234] 9000000.pl011: ttyAMA0 at MMIO 0x9000000 (irq = 47, base_baud = 0) is a PL011 rev1
[    0.279902] printk: console [ttyAMA0] enabled
[    0.304461] cryptd: max_cpu_qlen set to 1000
[    0.308346] ACPI: Interpreter disabled.
[    0.309985] iommu: Default domain type: Passthrough 
[    0.311840] SCSI subsystem initialized
[    0.314070] usbcore: registered new interface driver usbfs
[    0.314449] usbcore: registered new interface driver hub
[    0.314874] usbcore: registered new device driver usb
[    0.327985] clocksource: Switched to clocksource arch_sys_counter
[    0.329474] pnp: PnP ACPI: disabled
[    0.336468] NET: Registered PF_INET protocol family
[    0.338776] IP idents hash table entries: 2048 (order: 2, 16384 bytes, linear)
[    0.343331] tcp_listen_portaddr_hash hash table entries: 256 (order: 0, 4096 bytes, linear)
[    0.343884] Table-perturb hash table entries: 65536 (order: 6, 262144 bytes, linear)
[    0.344182] TCP established hash table entries: 1024 (order: 1, 8192 bytes, linear)
[    0.349636] TCP bind hash table entries: 1024 (order: 2, 16384 bytes, linear)
[    0.350077] TCP: Hash tables configured (established 1024 bind 1024)
[    0.351263] UDP hash table entries: 256 (order: 1, 8192 bytes, linear)
[    0.351676] UDP-Lite hash table entries: 256 (order: 1, 8192 bytes, linear)
[    0.361963] NET: Registered PF_UNIX/PF_LOCAL protocol family
[    0.362590] PCI: CLS 0 bytes, default 64
[    0.407677] kvm [1]: HYP mode not available
[    0.489270] workingset: timestamp_bits=42 max_order=15 bucket_order=0
[    0.495754] squashfs: version 4.0 (2009/01/31) Phillip Lougher
[    0.495976] jffs2: version 2.2 (NAND) (SUMMARY) (LZMA) (RTIME) (CMODE_PRIORITY) (c) 2001-2006 Red Hat, Inc.
[    0.497650] 9p: Installing v9fs 9p2000 file system support
[    0.502111] Block layer SCSI generic (bsg) driver version 0.4 loaded (major 250)
[    0.507024] atomic64_test: passed
[    0.516866] pl061_gpio 9030000.pl061: PL061 GPIO chip registered
[    0.518780] pci-host-generic 4010000000.pcie: host bridge /pcie@10000000 ranges:
[    0.519565] pci-host-generic 4010000000.pcie:       IO 0x003eff0000..0x003effffff -> 0x0000000000
[    0.520272] pci-host-generic 4010000000.pcie:      MEM 0x0010000000..0x003efeffff -> 0x0010000000
[    0.527583] pci-host-generic 4010000000.pcie:      MEM 0x8000000000..0xffffffffff -> 0x8000000000
[    0.528683] pci-host-generic 4010000000.pcie: Memory resource size exceeds max for 32 bits
[    0.529346] pci-host-generic 4010000000.pcie: ECAM at [mem 0x4010000000-0x401fffffff] for [bus 00-ff]
[    0.539554] pci-host-generic 4010000000.pcie: PCI host bridge to bus 0000:00
[    0.539980] pci_bus 0000:00: root bus resource [bus 00-ff]
[    0.540228] pci_bus 0000:00: root bus resource [io  0x0000-0xffff]
[    0.540454] pci_bus 0000:00: root bus resource [mem 0x10000000-0x3efeffff]
[    0.549890] pci_bus 0000:00: root bus resource [mem 0x8000000000-0xffffffffff]
[    0.551647] pci 0000:00:00.0: [1b36:0008] type 00 class 0x060000
[    0.554555] pci 0000:00:01.0: [1af4:1000] type 00 class 0x020000
[    0.554974] pci 0000:00:01.0: reg 0x10: [io  0x0000-0x001f]
[    0.555263] pci 0000:00:01.0: reg 0x20: [mem 0x00000000-0x00003fff 64bit pref]
[    0.561183] pci 0000:00:01.0: reg 0x30: [mem 0x00000000-0x0007ffff pref]
[    0.561873] pci 0000:00:02.0: [1af4:1005] type 00 class 0x00ff00
[    0.562091] pci 0000:00:02.0: reg 0x10: [io  0x0000-0x001f]
[    0.562297] pci 0000:00:02.0: reg 0x14: [mem 0x00000000-0x00000fff]
[    0.572103] pci 0000:00:02.0: reg 0x20: [mem 0x00000000-0x00003fff 64bit pref]
[    0.572792] pci 0000:00:03.0: [1af4:1000] type 00 class 0x020000
[    0.573113] pci 0000:00:03.0: reg 0x10: [io  0x0000-0x001f]
[    0.573360] pci 0000:00:03.0: reg 0x14: [mem 0x00000000-0x00000fff]
[    0.573574] pci 0000:00:03.0: reg 0x20: [mem 0x00000000-0x00003fff 64bit pref]
[    0.583477] pci 0000:00:03.0: reg 0x30: [mem 0x00000000-0x0007ffff pref]
[    0.585742] pci 0000:00:01.0: BAR 6: assigned [mem 0x10000000-0x1007ffff pref]
[    0.586115] pci 0000:00:03.0: BAR 6: assigned [mem 0x10080000-0x100fffff pref]
[    0.586501] pci 0000:00:01.0: BAR 4: assigned [mem 0x8000000000-0x8000003fff 64bit pref]
[    0.594715] pci 0000:00:02.0: BAR 4: assigned [mem 0x8000004000-0x8000007fff 64bit pref]
[    0.595124] pci 0000:00:03.0: BAR 4: assigned [mem 0x8000008000-0x800000bfff 64bit pref]
[    0.595469] pci 0000:00:02.0: BAR 1: assigned [mem 0x10100000-0x10100fff]
[    0.595708] pci 0000:00:03.0: BAR 1: assigned [mem 0x10101000-0x10101fff]
[    0.605629] pci 0000:00:01.0: BAR 0: assigned [io  0x1000-0x101f]
[    0.605926] pci 0000:00:02.0: BAR 0: assigned [io  0x1020-0x103f]
[    0.606257] pci 0000:00:03.0: BAR 0: assigned [io  0x1040-0x105f]
[    0.645930] EINJ: ACPI disabled.
[    0.656710] virtio-pci 0000:00:01.0: enabling device (0000 -> 0003)
[    0.659854] virtio-pci 0000:00:02.0: enabling device (0000 -> 0003)
[    0.661242] virtio-pci 0000:00:03.0: enabling device (0000 -> 0003)
[    0.663734] Serial: 8250/16550 driver, 16 ports, IRQ sharing enabled
[    0.670513] SuperH (H)SCI(F) driver initialized
[    0.720875] cacheinfo: Unable to detect cache hierarchy for CPU 0
[    0.740101] loop: module loaded
[    0.740976] Loading iSCSI transport class v2.0-870.
[    0.780175] usbcore: registered new interface driver usb-storage
[    0.782825] rtc-pl031 9010000.pl031: registered as rtc0
[    0.783482] rtc-pl031 9010000.pl031: setting system clock to 2025-12-12T01:25:58 UTC (1765502758)
[    0.787391] sdhci: Secure Digital Host Controller Interface driver
[    0.790496] sdhci: Copyright(c) Pierre Ossman
[    0.791272] Synopsys Designware Multimedia Card Interface Driver
[    0.792106] sdhci-pltfm: SDHCI platform and OF driver helper
[    0.794142] hid: raw HID events driver (C) Jiri Kosina
[    0.794639] usbcore: registered new interface driver usbhid
[    0.794834] usbhid: USB HID core driver
[    0.805148] NET: Registered PF_INET6 protocol family
[    0.841459] Segment Routing with IPv6
[    0.841733] In-situ OAM (IOAM) with IPv6
[    0.842237] NET: Registered PF_PACKET protocol family
[    0.842900] bridge: filtering via arp/ip/ip6tables is no longer available by default. Update your scripts to load br_netfilter if you need this.
[    0.852987] 8021q: 802.1Q VLAN Support v1.8
[    0.853920] 9pnet: Installing 9P2000 support
[    0.865932] clk: Disabling unused clocks
[    0.870438] uart-pl011 9000000.pl011: no DMA platform data
[    0.903102] Freeing unused kernel memory: 14592K
[    0.903984] Run /init as init process
[    3.413093] init: Console is alive
[    3.469781] kmodloader: loading kernel modules from /etc/modules-boot.d/*
[    3.494788] kmodloader: done loading kernel modules from /etc/modules-boot.d/*
[    3.506801] init: - preinit -
[    5.014747] 8021q: adding VLAN 0 to HW filter on device eth0
Press the [f] key and hit [enter] to enter failsafe mode
Press the [1], [2], [3] or [4] key and hit [enter] to select the debug level
[    7.839331] procd: - early -
[    8.940979] procd: - ubus -
[    9.033570] procd: - init -
Please press Enter to activate this console.
root


BusyBox v1.36.1 (2025-12-04 14:13:14 UTC) built-in shell (ash)

  _______                     ________        __
 |       |.-----.-----.-----.|  |  |  |.----.|  |_
 |   -   ||  _  |  -__|     ||  |  |  ||   _||   _|
 |_______||   __|_____|__|__||________||__|  |____|
          |__| W I R E L E S S   F R E E D O M
 -----------------------------------------------------
 OpenWrt 23.05-SNAPSHOT, r24245-b6d7048c8b
 -----------------------------------------------------
=== WARNING! =====================================
There is no root password defined on this device!
Use the "passwd" command to set up a new password
in order to prevent unauthorized SSH logins.
--------------------------------------------------
root@(none):/# dmesg -n 1
root@(none):/# echo 'AYZK''XOLLUC'
AYZKXOLLUC
root@(none):/# run() { echo -n "$MARKER"; sh -c "$@"; echo "$MARKER $?"; }
root@(none):/# echo 'ZTWT''WUOHVC'
ZTWTWUOHVC
root@(none):/# MARKER='YBBT''CACGCH' run 'ubus wait_for network.interface.lan'
YBBTCACGCHYBBTCACGCH 0
root@OpenWrt:/# echo 'OXAT''NEOCMQ'
OXATNEOCMQ
root@OpenWrt:/# MARKER='EXAX''HGOOFW' run 'ubus call network.interface.lan statu
s '"'"'{}'"'"''
EXAXHGOOFW{
	"up": true,
	"pending": false,
	"available": true,
	"autostart": true,
	"dynamic": false,
	"uptime": 0,
	"l3_device": "br-lan",
	"proto": "static",
	"device": "br-lan",
	"updated": [
		"addresses"
	],
	"metric": 0,
	"dns_metric": 0,
	"delegation": true,
	"ipv4-address": [
		{
			"address": "192.168.1.1",
			"mask": 24
		}
	],
	"ipv6-address": [
		
	],
	"ipv6-prefix": [
		
	],
	"ipv6-prefix-assignment": [
		{
			"address": "fd16:91d:a6c4::",
			"mask": 60,
			"local-address": {
				"address": "fd16:91d:a6c4::1",
				"mask": 60
			}
		}
	],
	"route": [
		
	],
	"dns-server": [
		
	],
	"dns-search": [
		
	],
	"neighbors": [
		
	],
	"inactive": {
		"ipv4-address": [
			
		],
		"ipv6-address": [
			
		],
		"route": [
			
		],
		"dns-server": [
			
		],
		"dns-search": [
			
		],
		"neighbors": [
			
		]
	},
	"data": {
		
	}
}
EXAXHGOOFW 0
root@OpenWrt:/# echo 'FKSV''TTLPAJ'
FKSVTTLPAJ
root@OpenWrt:/# MARKER='FZJU''LLZEBH' run true
FZJULLZEBHFZJULLZEBH 0
root@OpenWrt:/# echo 'YNTL''EFLMZO'
YNTLEFLMZO
root@OpenWrt:/# MARKER='FMMH''GBOGEW' run 'source /etc/os-release; echo $BUILD_I
D'
FMMHGBOGEWr24245-b6d7048c8b
FMMHGBOGEW 0
root@OpenWrt:/# echo 'HZFH''LQCOOX'
HZFHLQCOOX
root@OpenWrt:/# MARKER='UUOT''TWCQYN' run 'ls /etc/dropbear/dropbear_rsa_host_ke
y'
UUOTTWCQYN[0;0m/etc/dropbear/dropbear_rsa_host_key[m
UUOTTWCQYN 0
root@OpenWrt:/# echo 'CEZO''JQCZNY'
CEZOJQCZNY
root@OpenWrt:/# MARKER='ENYW''QYLBWB' run 'netstat -tlpn | grep 0.0.0.0:22'
ENYWQYLBWBnetstat: showing only processes with your user ID
tcp        0      0 0.0.0.0:22              0.0.0.0:*               LISTEN      1426/dropbear
ENYWQYLBWB 0
root@OpenWrt:/# echo 'XYOQ''NKXTUK'
XYOQNKXTUK
root@OpenWrt:/# MARKER='YJWE''MYFHWL' run 'dmesg | grep br-lan | grep forwarding
'
YJWEMYFHWL[   33.606551] br-lan: port 1(eth0) entered forwarding state
YJWEMYFHWL 0
root@OpenWrt:/# echo 'OATJ''AYUKQX'
OATJAYUKQX
root@OpenWrt:/# MARKER='EQQP''ZYONLQ' run 'ubus call network.interface.lan statu
s '"'"'{}'"'"''
EQQPZYONLQ{
	"up": true,
	"pending": false,
	"available": true,
	"autostart": true,
	"dynamic": false,
	"uptime": 12,
	"l3_device": "br-lan",
	"proto": "static",
	"device": "br-lan",
	"updated": [
		"addresses"
	],
	"metric": 0,
	"dns_metric": 0,
	"delegation": true,
	"ipv4-address": [
		{
			"address": "192.168.1.1",
			"mask": 24
		}
	],
	"ipv6-address": [
		
	],
	"ipv6-prefix": [
		
	],
	"ipv6-prefix-assignment": [
		{
			"address": "fd16:91d:a6c4::",
			"mask": 60,
			"local-address": {
				"address": "fd16:91d:a6c4::1",
				"mask": 60
			}
		}
	],
	"route": [
		
	],
	"dns-server": [
		
	],
	"dns-search": [
		
	],
	"neighbors": [
		
	],
	"inactive": {
		"ipv4-address": [
			
		],
		"ipv6-address": [
			
		],
		"route": [
			
		],
		"dns-server": [
			
		],
		"dns-search": [
			
		],
		"neighbors": [
			
		]
	},
	"data": {
		
	}
}
EQQPZYONLQ 0
root@OpenWrt:/# echo 'KWSA''XMBMUM'
KWSAXMBMUM
root@OpenWrt:/# MARKER='CCCH''GBWOAL' run 'ip -o addr show dev br-lan'
CCCHGBWOAL4: br-lan    inet 192.168.1.1/24 brd 192.168.1.255 scope global br-lan\       valid_lft forever preferred_lft forever
4: br-lan    inet6 fd16:91d:a6c4::1/60 scope global noprefixroute \       valid_lft forever preferred_lft forever
4: br-lan    inet6 fe80::5054:ff:fe12:3456/64 scope link \       valid_lft forever preferred_lft forever
CCCHGBWOAL 0
root@OpenWrt:/# echo 'CVJA''FEUTHU'
CVJAFEUTHU
root@OpenWrt:/# MARKER='OCZS''CLVNGH' run 'ubus call network.interface.wan statu
s '"'"'{}'"'"''
OCZSCLVNGH{
	"up": true,
	"pending": false,
	"available": true,
	"autostart": true,
	"dynamic": false,
	"uptime": 12,
	"l3_device": "eth1",
	"proto": "dhcp",
	"device": "eth1",
	"updated": [
		"addresses",
		"routes",
		"data"
	],
	"metric": 0,
	"dns_metric": 0,
	"delegation": true,
	"ipv4-address": [
		{
			"address": "10.0.2.15",
			"mask": 24
		}
	],
	"ipv6-address": [
		
	],
	"ipv6-prefix": [
		
	],
	"ipv6-prefix-assignment": [
		
	],
	"route": [
		{
			"target": "0.0.0.0",
			"mask": 0,
			"nexthop": "10.0.2.2",
			"source": "10.0.2.15/32"
		}
	],
	"dns-server": [
		"10.0.2.3"
	],
	"dns-search": [
		
	],
	"neighbors": [
		
	],
	"inactive": {
		"ipv4-address": [
			
		],
		"ipv6-address": [
			
		],
		"route": [
			
		],
		"dns-server": [
			
		],
		"dns-search": [
			
		],
		"neighbors": [
			
		]
	},
	"data": {
		"dhcpserver": "10.0.2.2",
		"leasetime": 86400
	}
}
OCZSCLVNGH 0
root@OpenWrt:/# 