Labgrid Console Logfile for main
Logfile started at 2026-01-22 20:59:21.201811
=== Log starts here ===
[    0.000000] Booting Linux on physical CPU 0x0000000000 [0x411fd070]
[    0.000000] Linux version 5.15.189 (builder@buildhost) (aarch64-openwrt-linux-musl-gcc (OpenWrt GCC 12.3.0 r24245-b6d7048c8b) 12.3.0, GNU ld (GNU Binutils) 2.40.0) #0 SMP Thu Dec 4 14:13:14 2025
[    0.000000] random: crng init done
[    0.000000] Machine model: linux,dummy-virt
[    0.000000] efi: UEFI not found.
[    0.000000] NUMA: No NUMA configuration found
[    0.000000] NUMA: Faking a node at [mem 0x0000000040000000-0x0000000047ffffff]
[    0.000000] NUMA: NODE_DATA [mem 0x47faf480-0x47fb1fff]
[    0.000000] Zone ranges:
[    0.000000]   DMA      [mem 0x0000000040000000-0x0000000047ffffff]
[    0.000000]   DMA32    empty
[    0.000000]   Normal   empty
[    0.000000] Movable zone start for each node
[    0.000000] Early memory node ranges
[    0.000000]   node   0: [mem 0x0000000040000000-0x0000000047ffffff]
[    0.000000] Initmem setup node 0 [mem 0x0000000040000000-0x0000000047ffffff]
[    0.000000] cma: Reserved 32 MiB at 0x0000000045c00000
[    0.000000] psci: probing for conduit method from DT.
[    0.000000] psci: PSCIv1.1 detected in firmware.
[    0.000000] psci: Using standard PSCI v0.2 function IDs
[    0.000000] psci: Trusted OS migration not required
[    0.000000] psci: SMC Calling Convention v1.0
[    0.000000] percpu: Embedded 19 pages/cpu s39576 r8192 d30056 u77824
[    0.000000] Detected PIPT I-cache on CPU0
[    0.000000] CPU features: detected: Spectre-v2
[    0.000000] CPU features: detected: Spectre-v4
[    0.000000] CPU features: detected: Spectre-BHB
[    0.000000] CPU features: detected: ARM erratum 834220
[    0.000000] CPU features: detected: ARM erratum 832075
[    0.000000] CPU features: detected: ARM errata 1165522, 1319367, or 1530923
[    0.000000] Built 1 zonelists, mobility grouping on.  Total pages: 32256
[    0.000000] Policy zone: DMA
[    0.000000] Kernel command line: 
[    0.000000] Dentry cache hash table entries: 16384 (order: 5, 131072 bytes, linear)
[    0.000000] Inode-cache hash table entries: 8192 (order: 4, 65536 bytes, linear)
[    0.000000] mem auto-init: stack:off, heap alloc:off, heap free:off
[    0.000000] Memory: 64364K/131072K available (10944K kernel code, 1474K rwdata, 2636K rodata, 14592K init, 432K bss, 33940K reserved, 32768K cma-reserved)
[    0.000000] SLUB: HWalign=64, Order=0-3, MinObjects=0, CPUs=1, Nodes=1
[    0.000000] rcu: Hierarchical RCU implementation.
[    0.000000] rcu: 	RCU restricting CPUs from NR_CPUS=256 to nr_cpu_ids=1.
[    0.000000] 	Tracing variant of Tasks RCU enabled.
[    0.000000] rcu: RCU calculated value of scheduler-enlistment delay is 10 jiffies.
[    0.000000] rcu: Adjusting geometry for rcu_fanout_leaf=16, nr_cpu_ids=1
[    0.000000] NR_IRQS: 64, nr_irqs: 64, preallocated irqs: 0
[    0.000000] Root IRQ handler: 0xffff800008010190
[    0.000000] GICv2m: range[mem 0x08020000-0x08020fff], SPI[80:143]
[    0.000000] arch_timer: cp15 timer(s) running at 62.50MHz (virt).
[    0.000000] clocksource: arch_sys_counter: mask: 0xffffffffffffff max_cycles: 0x1cd42e208c, max_idle_ns: 881590405314 ns
[    0.000077] sched_clock: 56 bits at 62MHz, resolution 16ns, wraps every 4398046511096ns
[    0.003265] Console: colour dummy device 80x25
[    0.004507] printk: console [tty0] enabled
[    0.006235] Calibrating delay loop (skipped), value calculated using timer frequency.. 125.00 BogoMIPS (lpj=625000)
[    0.006366] pid_max: default: 32768 minimum: 301
[    0.008789] Mount-cache hash table entries: 512 (order: 0, 4096 bytes, linear)
[    0.008844] Mountpoint-cache hash table entries: 512 (order: 0, 4096 bytes, linear)
[    0.036177] /cpus/cpu-map: empty cluster
[    0.043756] rcu: Hierarchical SRCU implementation.
[    0.046051] EFI services will not be available.
[    0.046862] smp: Bringing up secondary CPUs ...
[    0.046969] smp: Brought up 1 node, 1 CPU
[    0.047004] SMP: Total of 1 processors activated.
[    0.047098] CPU features: detected: 32-bit EL0 Support
[    0.047125] CPU features: detected: 32-bit EL1 Support
[    0.047189] CPU features: detected: CRC32 instructions
[    0.048603] CPU features: emulated: Privileged Access Never (PAN) using TTBR0_EL1 switching
[    0.048829] CPU: All CPU(s) started at EL1
[    0.049124] alternatives: patching kernel code
[    0.064084] clocksource: jiffies: mask: 0xffffffff max_cycles: 0xffffffff, max_idle_ns: 19112604462750000 ns
[    0.064330] futex hash table entries: 256 (order: 2, 16384 bytes, linear)
[    0.067131] pinctrl core: initialized pinctrl subsystem
[    0.077445] DMI not present or invalid.
[    0.084816] NET: Registered PF_NETLINK/PF_ROUTE protocol family
[    0.093762] DMA: preallocated 128 KiB GFP_KERNEL pool for atomic allocations
[    0.094619] DMA: preallocated 128 KiB GFP_KERNEL|GFP_DMA pool for atomic allocations
[    0.094978] DMA: preallocated 128 KiB GFP_KERNEL|GFP_DMA32 pool for atomic allocations
[    0.100570] thermal_sys: Registered thermal governor 'step_wise'
[    0.100997] cpuidle: using governor ladder
[    0.101201] cpuidle: using governor menu
[    0.101786] ASID allocator initialised with 65536 entries
[    0.103656] Serial: AMBA PL011 UART driver
[    0.129015] 9000000.pl011: ttyAMA0 at MMIO 0x9000000 (irq = 47, base_baud = 0) is a PL011 rev1
[    0.312534] printk: console [ttyAMA0] enabled
[    0.348646] cryptd: max_cpu_qlen set to 1000
[    0.352944] ACPI: Interpreter disabled.
[    0.355368] iommu: Default domain type: Passthrough 
[    0.356773] SCSI subsystem initialized
[    0.359311] usbcore: registered new interface driver usbfs
[    0.359849] usbcore: registered new interface driver hub
[    0.360145] usbcore: registered new device driver usb
[    0.374285] clocksource: Switched to clocksource arch_sys_counter
[    0.376041] pnp: PnP ACPI: disabled
[    0.382666] NET: Registered PF_INET protocol family
[    0.384155] IP idents hash table entries: 2048 (order: 2, 16384 bytes, linear)
[    0.389020] tcp_listen_portaddr_hash hash table entries: 256 (order: 0, 4096 bytes, linear)
[    0.389632] Table-perturb hash table entries: 65536 (order: 6, 262144 bytes, linear)
[    0.389916] TCP established hash table entries: 1024 (order: 1, 8192 bytes, linear)
[    0.390308] TCP bind hash table entries: 1024 (order: 2, 16384 bytes, linear)
[    0.401729] TCP: Hash tables configured (established 1024 bind 1024)
[    0.403367] UDP hash table entries: 256 (order: 1, 8192 bytes, linear)
[    0.403825] UDP-Lite hash table entries: 256 (order: 1, 8192 bytes, linear)
[    0.412394] NET: Registered PF_UNIX/PF_LOCAL protocol family
[    0.413269] PCI: CLS 0 bytes, default 64
[    0.454062] kvm [1]: HYP mode not available
[    0.549817] workingset: timestamp_bits=42 max_order=15 bucket_order=0
[    0.556987] squashfs: version 4.0 (2009/01/31) Phillip Lougher
[    0.557238] jffs2: version 2.2 (NAND) (SUMMARY) (LZMA) (RTIME) (CMODE_PRIORITY) (c) 2001-2006 Red Hat, Inc.
[    0.559591] 9p: Installing v9fs 9p2000 file system support
[    0.562861] Block layer SCSI generic (bsg) driver version 0.4 loaded (major 250)
[    0.568028] atomic64_test: passed
[    0.579048] pl061_gpio 9030000.pl061: PL061 GPIO chip registered
[    0.581508] pci-host-generic 4010000000.pcie: host bridge /pcie@10000000 ranges:
[    0.582338] pci-host-generic 4010000000.pcie:       IO 0x003eff0000..0x003effffff -> 0x0000000000
[    0.583441] pci-host-generic 4010000000.pcie:      MEM 0x0010000000..0x003efeffff -> 0x0010000000
[    0.589854] pci-host-generic 4010000000.pcie:      MEM 0x8000000000..0xffffffffff -> 0x8000000000
[    0.590894] pci-host-generic 4010000000.pcie: Memory resource size exceeds max for 32 bits
[    0.591613] pci-host-generic 4010000000.pcie: ECAM at [mem 0x4010000000-0x401fffffff] for [bus 00-ff]
[    0.602589] pci-host-generic 4010000000.pcie: PCI host bridge to bus 0000:00
[    0.603059] pci_bus 0000:00: root bus resource [bus 00-ff]
[    0.603423] pci_bus 0000:00: root bus resource [io  0x0000-0xffff]
[    0.603683] pci_bus 0000:00: root bus resource [mem 0x10000000-0x3efeffff]
[    0.612873] pci_bus 0000:00: root bus resource [mem 0x8000000000-0xffffffffff]
[    0.614861] pci 0000:00:00.0: [1b36:0008] type 00 class 0x060000
[    0.618030] pci 0000:00:01.0: [1af4:1000] type 00 class 0x020000
[    0.618484] pci 0000:00:01.0: reg 0x10: [io  0x0000-0x001f]
[    0.618787] pci 0000:00:01.0: reg 0x20: [mem 0x00000000-0x00003fff 64bit pref]
[    0.624451] pci 0000:00:01.0: reg 0x30: [mem 0x00000000-0x0007ffff pref]
[    0.625374] pci 0000:00:02.0: [1af4:1005] type 00 class 0x00ff00
[    0.625638] pci 0000:00:02.0: reg 0x10: [io  0x0000-0x001f]
[    0.625821] pci 0000:00:02.0: reg 0x14: [mem 0x00000000-0x00000fff]
[    0.635762] pci 0000:00:02.0: reg 0x20: [mem 0x00000000-0x00003fff 64bit pref]
[    0.636737] pci 0000:00:03.0: [1af4:1000] type 00 class 0x020000
[    0.636962] pci 0000:00:03.0: reg 0x10: [io  0x0000-0x001f]
[    0.637148] pci 0000:00:03.0: reg 0x14: [mem 0x00000000-0x00000fff]
[    0.647068] pci 0000:00:03.0: reg 0x20: [mem 0x00000000-0x00003fff 64bit pref]
[    0.647411] pci 0000:00:03.0: reg 0x30: [mem 0x00000000-0x0007ffff pref]
[    0.649859] pci 0000:00:01.0: BAR 6: assigned [mem 0x10000000-0x1007ffff pref]
[    0.650247] pci 0000:00:03.0: BAR 6: assigned [mem 0x10080000-0x100fffff pref]
[    0.658586] pci 0000:00:01.0: BAR 4: assigned [mem 0x8000000000-0x8000003fff 64bit pref]
[    0.659089] pci 0000:00:02.0: BAR 4: assigned [mem 0x8000004000-0x8000007fff 64bit pref]
[    0.659362] pci 0000:00:03.0: BAR 4: assigned [mem 0x8000008000-0x800000bfff 64bit pref]
[    0.669571] pci 0000:00:02.0: BAR 1: assigned [mem 0x10100000-0x10100fff]
[    0.669938] pci 0000:00:03.0: BAR 1: assigned [mem 0x10101000-0x10101fff]
[    0.670217] pci 0000:00:01.0: BAR 0: assigned [io  0x1000-0x101f]
[    0.670437] pci 0000:00:02.0: BAR 0: assigned [io  0x1020-0x103f]
[    0.680608] pci 0000:00:03.0: BAR 0: assigned [io  0x1040-0x105f]
[    0.722068] EINJ: ACPI disabled.
[    0.732490] virtio-pci 0000:00:01.0: enabling device (0000 -> 0003)
[    0.735391] virtio-pci 0000:00:02.0: enabling device (0000 -> 0003)
[    0.736782] virtio-pci 0000:00:03.0: enabling device (0000 -> 0003)
[    0.739261] Serial: 8250/16550 driver, 16 ports, IRQ sharing enabled
[    0.746293] SuperH (H)SCI(F) driver initialized
[    0.794069] cacheinfo: Unable to detect cache hierarchy for CPU 0
[    0.814333] loop: module loaded
[    0.815240] Loading iSCSI transport class v2.0-870.
[    0.855401] usbcore: registered new interface driver usb-storage
[    0.858127] rtc-pl031 9010000.pl031: registered as rtc0
[    0.858809] rtc-pl031 9010000.pl031: setting system clock to 2026-01-22T20:59:21 UTC (1769115561)
[    0.862627] sdhci: Secure Digital Host Controller Interface driver
[    0.865953] sdhci: Copyright(c) Pierre Ossman
[    0.866854] Synopsys Designware Multimedia Card Interface Driver
[    0.867704] sdhci-pltfm: SDHCI platform and OF driver helper
[    0.869757] hid: raw HID events driver (C) Jiri Kosina
[    0.870294] usbcore: registered new interface driver usbhid
[    0.877196] usbhid: USB HID core driver
[    0.880738] NET: Registered PF_INET6 protocol family
[    0.918358] Segment Routing with IPv6
[    0.918702] In-situ OAM (IOAM) with IPv6
[    0.919214] NET: Registered PF_PACKET protocol family
[    0.919919] bridge: filtering via arp/ip/ip6tables is no longer available by default. Update your scripts to load br_netfilter if you need this.
[    0.930197] 8021q: 802.1Q VLAN Support v1.8
[    0.931196] 9pnet: Installing 9P2000 support
[    0.944143] clk: Disabling unused clocks
[    0.948323] uart-pl011 9000000.pl011: no DMA platform data
[    0.981293] Freeing unused kernel memory: 14592K
[    0.982659] Run /init as init process
[    3.514932] init: Console is alive
[    3.571704] kmodloader: loading kernel modules from /etc/modules-boot.d/*
[    3.597602] kmodloader: done loading kernel modules from /etc/modules-boot.d/*
[    3.608845] init: - preinit -
[    5.208395] 8021q: adding VLAN 0 to HW filter on device eth0
Press the [f] key and hit [enter] to enter failsafe mode
Press the [1], [2], [3] or [4] key and hit [enter] to select the debug level
[    8.098127] procd: - early -
[    9.282249] procd: - ubus -
[    9.381280] procd: - init -
Please press Enter to activate this console.
root


BusyBox v1.36.1 (2025-12-04 14:13:14 UTC) built-in shell (ash)

  _______                     ________        __
 |       |.-----.-----.-----.|  |  |  |.----.|  |_
 |   -   ||  _  |  -__|     ||  |  |  ||   _||   _|
 |_______||   __|_____|__|__||________||__|  |____|
          |__| W I R E L E S S   F R E E D O M
 -----------------------------------------------------
 OpenWrt 23.05-SNAPSHOT, r24245-b6d7048c8b
 -----------------------------------------------------
=== WARNING! =====================================
There is no root password defined on this device!
Use the "passwd" command to set up a new password
in order to prevent unauthorized SSH logins.
--------------------------------------------------
root@(none):/# dmesg -n 1
root@(none):/# echo 'SZLM''NNWCQS'
SZLMNNWCQS
root@(none):/# run() { echo -n "$MARKER"; sh -c "$@"; echo "$MARKER $?"; }
root@(none):/# echo 'UKZN''KWQNLV'
UKZNKWQNLV
root@(none):/# MARKER='AGPW''TBCKSX' run 'ubus wait_for network.interface.lan'
AGPWTBCKSXAGPWTBCKSX 0
root@OpenWrt:/# echo 'EOOX''GHUYAQ'
EOOXGHUYAQ
root@OpenWrt:/# MARKER='NBLN''VJEWQW' run 'ubus call network.interface.lan statu
s '"'"'{}'"'"''
NBLNVJEWQW{
	"up": true,
	"pending": false,
	"available": true,
	"autostart": true,
	"dynamic": false,
	"uptime": 0,
	"l3_device": "br-lan",
	"proto": "static",
	"device": "br-lan",
	"updated": [
		"addresses"
	],
	"metric": 0,
	"dns_metric": 0,
	"delegation": true,
	"ipv4-address": [
		{
			"address": "192.168.1.1",
			"mask": 24
		}
	],
	"ipv6-address": [
		
	],
	"ipv6-prefix": [
		
	],
	"ipv6-prefix-assignment": [
		{
			"address": "fd41:9365:4570::",
			"mask": 60,
			"local-address": {
				"address": "fd41:9365:4570::1",
				"mask": 60
			}
		}
	],
	"route": [
		
	],
	"dns-server": [
		
	],
	"dns-search": [
		
	],
	"neighbors": [
		
	],
	"inactive": {
		"ipv4-address": [
			
		],
		"ipv6-address": [
			
		],
		"route": [
			
		],
		"dns-server": [
			
		],
		"dns-search": [
			
		],
		"neighbors": [
			
		]
	},
	"data": {
		
	}
}
NBLNVJEWQW 0
root@OpenWrt:/# echo 'VCSU''JATLSS'
VCSUJATLSS
root@OpenWrt:/# MARKER='HZXA''GTAHKA' run true
HZXAGTAHKAHZXAGTAHKA 0
root@OpenWrt:/# echo 'UBBS''YQLYXQ'
UBBSYQLYXQ
root@OpenWrt:/# MARKER='FFVB''CAQYEZ' run 'source /etc/os-release; echo $BUILD_I
D'
FFVBCAQYEZr24245-b6d7048c8b
FFVBCAQYEZ 0
root@OpenWrt:/# echo 'AABX''BZFKNC'
AABXBZFKNC
root@OpenWrt:/# MARKER='QAWS''TQNEKH' run 'ls /etc/dropbear/dropbear_rsa_host_ke
y'
QAWSTQNEKH[0;0m/etc/dropbear/dropbear_rsa_host_key[m
QAWSTQNEKH 0
root@OpenWrt:/# echo 'XXHO''JVLLPU'
XXHOJVLLPU
root@OpenWrt:/# MARKER='CUWH''LEKSMQ' run 'netstat -tlpn | grep 0.0.0.0:22'
CUWHLEKSMQnetstat: showing only processes with your user ID
tcp        0      0 0.0.0.0:22              0.0.0.0:*               LISTEN      1429/dropbear
CUWHLEKSMQ 0
root@OpenWrt:/# echo 'XGZX''BZQCAN'
XGZXBZQCAN
root@OpenWrt:/# MARKER='ULQH''AEKJNY' run 'dmesg | grep br-lan | grep forwarding
'
ULQHAEKJNY[   36.658286] br-lan: port 1(eth0) entered forwarding state
ULQHAEKJNY 0
root@OpenWrt:/# echo 'XFXK''XFQSBM'
XFXKXFQSBM
root@OpenWrt:/# MARKER='VPNV''XAZWWF' run 'ubus call network.interface.lan statu
s '"'"'{}'"'"''
VPNVXAZWWF{
	"up": true,
	"pending": false,
	"available": true,
	"autostart": true,
	"dynamic": false,
	"uptime": 14,
	"l3_device": "br-lan",
	"proto": "static",
	"device": "br-lan",
	"updated": [
		"addresses"
	],
	"metric": 0,
	"dns_metric": 0,
	"delegation": true,
	"ipv4-address": [
		{
			"address": "192.168.1.1",
			"mask": 24
		}
	],
	"ipv6-address": [
		
	],
	"ipv6-prefix": [
		
	],
	"ipv6-prefix-assignment": [
		{
			"address": "fd41:9365:4570::",
			"mask": 60,
			"local-address": {
				"address": "fd41:9365:4570::1",
				"mask": 60
			}
		}
	],
	"route": [
		
	],
	"dns-server": [
		
	],
	"dns-search": [
		
	],
	"neighbors": [
		
	],
	"inactive": {
		"ipv4-address": [
			
		],
		"ipv6-address": [
			
		],
		"route": [
			
		],
		"dns-server": [
			
		],
		"dns-search": [
			
		],
		"neighbors": [
			
		]
	},
	"data": {
		
	}
}
VPNVXAZWWF 0
root@OpenWrt:/# echo 'WFWZ''TNENNT'
WFWZTNENNT
root@OpenWrt:/# MARKER='SYNT''WPVYEC' run 'ip -o addr show dev br-lan'
SYNTWPVYEC4: br-lan    inet 192.168.1.1/24 brd 192.168.1.255 scope global br-lan\       valid_lft forever preferred_lft forever
4: br-lan    inet6 fd41:9365:4570::1/60 scope global noprefixroute \       valid_lft forever preferred_lft forever
4: br-lan    inet6 fe80::5054:ff:fe12:3456/64 scope link \       valid_lft forever preferred_lft forever
SYNTWPVYEC 0
root@OpenWrt:/# echo 'CZMY''SZBUAB'
CZMYSZBUAB
root@OpenWrt:/# MARKER='YBKH''FXZEGW' run 'ubus call network.interface.wan statu
s '"'"'{}'"'"''
YBKHFXZEGW{
	"up": true,
	"pending": false,
	"available": true,
	"autostart": true,
	"dynamic": false,
	"uptime": 14,
	"l3_device": "eth1",
	"proto": "dhcp",
	"device": "eth1",
	"updated": [
		"addresses",
		"routes",
		"data"
	],
	"metric": 0,
	"dns_metric": 0,
	"delegation": true,
	"ipv4-address": [
		{
			"address": "10.0.2.15",
			"mask": 24
		}
	],
	"ipv6-address": [
		
	],
	"ipv6-prefix": [
		
	],
	"ipv6-prefix-assignment": [
		
	],
	"route": [
		{
			"target": "0.0.0.0",
			"mask": 0,
			"nexthop": "10.0.2.2",
			"source": "10.0.2.15/32"
		}
	],
	"dns-server": [
		"10.0.2.3"
	],
	"dns-search": [
		
	],
	"neighbors": [
		
	],
	"inactive": {
		"ipv4-address": [
			
		],
		"ipv6-address": [
			
		],
		"route": [
			
		],
		"dns-server": [
			
		],
		"dns-search": [
			
		],
		"neighbors": [
			
		]
	},
	"data": {
		"dhcpserver": "10.0.2.2",
		"leasetime": 86400
	}
}
YBKHFXZEGW 0
root@OpenWrt:/# 