Labgrid Console Logfile for main
Logfile started at 2025-12-05 01:23:58.465254
=== Log starts here ===
[    0.000000] Booting Linux on physical CPU 0x0000000000 [0x411fd070]
[    0.000000] Linux version 5.15.189 (builder@buildhost) (aarch64-openwrt-linux-musl-gcc (OpenWrt GCC 12.3.0 r24240-fd7b88447c) 12.3.0, GNU ld (GNU Binutils) 2.40.0) #0 SMP Wed Nov 12 11:07:24 2025
[    0.000000] random: crng init done
[    0.000000] Machine model: linux,dummy-virt
[    0.000000] efi: UEFI not found.
[    0.000000] NUMA: No NUMA configuration found
[    0.000000] NUMA: Faking a node at [mem 0x0000000040000000-0x0000000047ffffff]
[    0.000000] NUMA: NODE_DATA [mem 0x47faf480-0x47fb1fff]
[    0.000000] Zone ranges:
[    0.000000]   DMA      [mem 0x0000000040000000-0x0000000047ffffff]
[    0.000000]   DMA32    empty
[    0.000000]   Normal   empty
[    0.000000] Movable zone start for each node
[    0.000000] Early memory node ranges
[    0.000000]   node   0: [mem 0x0000000040000000-0x0000000047ffffff]
[    0.000000] Initmem setup node 0 [mem 0x0000000040000000-0x0000000047ffffff]
[    0.000000] cma: Reserved 32 MiB at 0x0000000045c00000
[    0.000000] psci: probing for conduit method from DT.
[    0.000000] psci: PSCIv1.1 detected in firmware.
[    0.000000] psci: Using standard PSCI v0.2 function IDs
[    0.000000] psci: Trusted OS migration not required
[    0.000000] psci: SMC Calling Convention v1.0
[    0.000000] percpu: Embedded 19 pages/cpu s39576 r8192 d30056 u77824
[    0.000000] Detected PIPT I-cache on CPU0
[    0.000000] CPU features: detected: Spectre-v2
[    0.000000] CPU features: detected: Spectre-v4
[    0.000000] CPU features: detected: Spectre-BHB
[    0.000000] CPU features: detected: ARM erratum 834220
[    0.000000] CPU features: detected: ARM erratum 832075
[    0.000000] CPU features: detected: ARM errata 1165522, 1319367, or 1530923
[    0.000000] Built 1 zonelists, mobility grouping on.  Total pages: 32256
[    0.000000] Policy zone: DMA
[    0.000000] Kernel command line: 
[    0.000000] Dentry cache hash table entries: 16384 (order: 5, 131072 bytes, linear)
[    0.000000] Inode-cache hash table entries: 8192 (order: 4, 65536 bytes, linear)
[    0.000000] mem auto-init: stack:off, heap alloc:off, heap free:off
[    0.000000] Memory: 64364K/131072K available (10944K kernel code, 1474K rwdata, 2636K rodata, 14592K init, 432K bss, 33940K reserved, 32768K cma-reserved)
[    0.000000] SLUB: HWalign=64, Order=0-3, MinObjects=0, CPUs=1, Nodes=1
[    0.000000] rcu: Hierarchical RCU implementation.
[    0.000000] rcu: 	RCU restricting CPUs from NR_CPUS=256 to nr_cpu_ids=1.
[    0.000000] 	Tracing variant of Tasks RCU enabled.
[    0.000000] rcu: RCU calculated value of scheduler-enlistment delay is 10 jiffies.
[    0.000000] rcu: Adjusting geometry for rcu_fanout_leaf=16, nr_cpu_ids=1
[    0.000000] NR_IRQS: 64, nr_irqs: 64, preallocated irqs: 0
[    0.000000] Root IRQ handler: 0xffff800008010190
[    0.000000] GICv2m: range[mem 0x08020000-0x08020fff], SPI[80:143]
[    0.000000] arch_timer: cp15 timer(s) running at 62.50MHz (virt).
[    0.000000] clocksource: arch_sys_counter: mask: 0xffffffffffffff max_cycles: 0x1cd42e208c, max_idle_ns: 881590405314 ns
[    0.000090] sched_clock: 56 bits at 62MHz, resolution 16ns, wraps every 4398046511096ns
[    0.002999] Console: colour dummy device 80x25
[    0.004229] printk: console [tty0] enabled
[    0.005846] Calibrating delay loop (skipped), value calculated using timer frequency.. 125.00 BogoMIPS (lpj=625000)
[    0.005968] pid_max: default: 32768 minimum: 301
[    0.008274] Mount-cache hash table entries: 512 (order: 0, 4096 bytes, linear)
[    0.008324] Mountpoint-cache hash table entries: 512 (order: 0, 4096 bytes, linear)
[    0.031926] /cpus/cpu-map: empty cluster
[    0.037762] rcu: Hierarchical SRCU implementation.
[    0.039901] EFI services will not be available.
[    0.040666] smp: Bringing up secondary CPUs ...
[    0.040759] smp: Brought up 1 node, 1 CPU
[    0.040793] SMP: Total of 1 processors activated.
[    0.041155] CPU features: detected: 32-bit EL0 Support
[    0.041187] CPU features: detected: 32-bit EL1 Support
[    0.041247] CPU features: detected: CRC32 instructions
[    0.042565] CPU features: emulated: Privileged Access Never (PAN) using TTBR0_EL1 switching
[    0.042775] CPU: All CPU(s) started at EL1
[    0.043063] alternatives: patching kernel code
[    0.056559] clocksource: jiffies: mask: 0xffffffff max_cycles: 0xffffffff, max_idle_ns: 19112604462750000 ns
[    0.056755] futex hash table entries: 256 (order: 2, 16384 bytes, linear)
[    0.059406] pinctrl core: initialized pinctrl subsystem
[    0.068668] DMI not present or invalid.
[    0.075300] NET: Registered PF_NETLINK/PF_ROUTE protocol family
[    0.083181] DMA: preallocated 128 KiB GFP_KERNEL pool for atomic allocations
[    0.083553] DMA: preallocated 128 KiB GFP_KERNEL|GFP_DMA pool for atomic allocations
[    0.083769] DMA: preallocated 128 KiB GFP_KERNEL|GFP_DMA32 pool for atomic allocations
[    0.087495] thermal_sys: Registered thermal governor 'step_wise'
[    0.087815] cpuidle: using governor ladder
[    0.087977] cpuidle: using governor menu
[    0.088501] ASID allocator initialised with 65536 entries
[    0.089703] Serial: AMBA PL011 UART driver
[    0.111958] 9000000.pl011: ttyAMA0 at MMIO 0x9000000 (irq = 47, base_baud = 0) is a PL011 rev1
[    0.290200] printk: console [ttyAMA0] enabled
[    0.324507] cryptd: max_cpu_qlen set to 1000
[    0.328522] ACPI: Interpreter disabled.
[    0.330175] iommu: Default domain type: Passthrough 
[    0.331995] SCSI subsystem initialized
[    0.334276] usbcore: registered new interface driver usbfs
[    0.334641] usbcore: registered new interface driver hub
[    0.335128] usbcore: registered new device driver usb
[    0.348198] clocksource: Switched to clocksource arch_sys_counter
[    0.349675] pnp: PnP ACPI: disabled
[    0.356678] NET: Registered PF_INET protocol family
[    0.359131] IP idents hash table entries: 2048 (order: 2, 16384 bytes, linear)
[    0.363792] tcp_listen_portaddr_hash hash table entries: 256 (order: 0, 4096 bytes, linear)
[    0.364355] Table-perturb hash table entries: 65536 (order: 6, 262144 bytes, linear)
[    0.364631] TCP established hash table entries: 1024 (order: 1, 8192 bytes, linear)
[    0.369957] TCP bind hash table entries: 1024 (order: 2, 16384 bytes, linear)
[    0.370364] TCP: Hash tables configured (established 1024 bind 1024)
[    0.371568] UDP hash table entries: 256 (order: 1, 8192 bytes, linear)
[    0.371959] UDP-Lite hash table entries: 256 (order: 1, 8192 bytes, linear)
[    0.382540] NET: Registered PF_UNIX/PF_LOCAL protocol family
[    0.383155] PCI: CLS 0 bytes, default 64
[    0.427990] kvm [1]: HYP mode not available
[    0.513508] workingset: timestamp_bits=42 max_order=15 bucket_order=0
[    0.520320] squashfs: version 4.0 (2009/01/31) Phillip Lougher
[    0.520534] jffs2: version 2.2 (NAND) (SUMMARY) (LZMA) (RTIME) (CMODE_PRIORITY) (c) 2001-2006 Red Hat, Inc.
[    0.522800] 9p: Installing v9fs 9p2000 file system support
[    0.526579] Block layer SCSI generic (bsg) driver version 0.4 loaded (major 250)
[    0.531480] atomic64_test: passed
[    0.541364] pl061_gpio 9030000.pl061: PL061 GPIO chip registered
[    0.543195] pci-host-generic 4010000000.pcie: host bridge /pcie@10000000 ranges:
[    0.543963] pci-host-generic 4010000000.pcie:       IO 0x003eff0000..0x003effffff -> 0x0000000000
[    0.544666] pci-host-generic 4010000000.pcie:      MEM 0x0010000000..0x003efeffff -> 0x0010000000
[    0.552032] pci-host-generic 4010000000.pcie:      MEM 0x8000000000..0xffffffffff -> 0x8000000000
[    0.553220] pci-host-generic 4010000000.pcie: Memory resource size exceeds max for 32 bits
[    0.553863] pci-host-generic 4010000000.pcie: ECAM at [mem 0x4010000000-0x401fffffff] for [bus 00-ff]
[    0.564019] pci-host-generic 4010000000.pcie: PCI host bridge to bus 0000:00
[    0.564471] pci_bus 0000:00: root bus resource [bus 00-ff]
[    0.564694] pci_bus 0000:00: root bus resource [io  0x0000-0xffff]
[    0.564909] pci_bus 0000:00: root bus resource [mem 0x10000000-0x3efeffff]
[    0.574411] pci_bus 0000:00: root bus resource [mem 0x8000000000-0xffffffffff]
[    0.576187] pci 0000:00:00.0: [1b36:0008] type 00 class 0x060000
[    0.579107] pci 0000:00:01.0: [1af4:1000] type 00 class 0x020000
[    0.579575] pci 0000:00:01.0: reg 0x10: [io  0x0000-0x001f]
[    0.585339] pci 0000:00:01.0: reg 0x20: [mem 0x00000000-0x00003fff 64bit pref]
[    0.585705] pci 0000:00:01.0: reg 0x30: [mem 0x00000000-0x0007ffff pref]
[    0.586368] pci 0000:00:02.0: [1af4:1005] type 00 class 0x00ff00
[    0.586577] pci 0000:00:02.0: reg 0x10: [io  0x0000-0x001f]
[    0.596790] pci 0000:00:02.0: reg 0x14: [mem 0x00000000-0x00000fff]
[    0.597332] pci 0000:00:02.0: reg 0x20: [mem 0x00000000-0x00003fff 64bit pref]
[    0.598426] pci 0000:00:03.0: [1af4:1000] type 00 class 0x020000
[    0.598822] pci 0000:00:03.0: reg 0x10: [io  0x0000-0x001f]
[    0.607236] pci 0000:00:03.0: reg 0x14: [mem 0x00000000-0x00000fff]
[    0.607781] pci 0000:00:03.0: reg 0x20: [mem 0x00000000-0x00003fff 64bit pref]
[    0.608268] pci 0000:00:03.0: reg 0x30: [mem 0x00000000-0x0007ffff pref]
[    0.610865] pci 0000:00:01.0: BAR 6: assigned [mem 0x10000000-0x1007ffff pref]
[    0.618623] pci 0000:00:03.0: BAR 6: assigned [mem 0x10080000-0x100fffff pref]
[    0.619089] pci 0000:00:01.0: BAR 4: assigned [mem 0x8000000000-0x8000003fff 64bit pref]
[    0.619445] pci 0000:00:02.0: BAR 4: assigned [mem 0x8000004000-0x8000007fff 64bit pref]
[    0.619700] pci 0000:00:03.0: BAR 4: assigned [mem 0x8000008000-0x800000bfff 64bit pref]
[    0.629406] pci 0000:00:02.0: BAR 1: assigned [mem 0x10100000-0x10100fff]
[    0.629774] pci 0000:00:03.0: BAR 1: assigned [mem 0x10101000-0x10101fff]
[    0.630078] pci 0000:00:01.0: BAR 0: assigned [io  0x1000-0x101f]
[    0.630294] pci 0000:00:02.0: BAR 0: assigned [io  0x1020-0x103f]
[    0.640205] pci 0000:00:03.0: BAR 0: assigned [io  0x1040-0x105f]
[    0.684392] EINJ: ACPI disabled.
[    0.714883] virtio-pci 0000:00:01.0: enabling device (0000 -> 0003)
[    0.717565] virtio-pci 0000:00:02.0: enabling device (0000 -> 0003)
[    0.718840] virtio-pci 0000:00:03.0: enabling device (0000 -> 0003)
[    0.721157] Serial: 8250/16550 driver, 16 ports, IRQ sharing enabled
[    0.728450] SuperH (H)SCI(F) driver initialized
[    0.755369] cacheinfo: Unable to detect cache hierarchy for CPU 0
[    0.774618] loop: module loaded
[    0.775421] Loading iSCSI transport class v2.0-870.
[    0.813689] usbcore: registered new interface driver usb-storage
[    0.816241] rtc-pl031 9010000.pl031: registered as rtc0
[    0.816857] rtc-pl031 9010000.pl031: setting system clock to 2025-12-05T01:23:59 UTC (1764897839)
[    0.820724] sdhci: Secure Digital Host Controller Interface driver
[    0.823986] sdhci: Copyright(c) Pierre Ossman
[    0.824895] Synopsys Designware Multimedia Card Interface Driver
[    0.825676] sdhci-pltfm: SDHCI platform and OF driver helper
[    0.827715] hid: raw HID events driver (C) Jiri Kosina
[    0.828220] usbcore: registered new interface driver usbhid
[    0.835028] usbhid: USB HID core driver
[    0.838467] NET: Registered PF_INET6 protocol family
[    0.874499] Segment Routing with IPv6
[    0.874796] In-situ OAM (IOAM) with IPv6
[    0.875288] NET: Registered PF_PACKET protocol family
[    0.875935] bridge: filtering via arp/ip/ip6tables is no longer available by default. Update your scripts to load br_netfilter if you need this.
[    0.886099] 8021q: 802.1Q VLAN Support v1.8
[    0.887027] 9pnet: Installing 9P2000 support
[    0.899509] clk: Disabling unused clocks
[    0.903330] uart-pl011 9000000.pl011: no DMA platform data
[    0.935684] Freeing unused kernel memory: 14592K
[    0.936913] Run /init as init process
[    3.472885] init: Console is alive
[    3.531024] kmodloader: loading kernel modules from /etc/modules-boot.d/*
[    3.556493] kmodloader: done loading kernel modules from /etc/modules-boot.d/*
[    3.569279] init: - preinit -
[    5.081424] 8021q: adding VLAN 0 to HW filter on device eth0
Press the [f] key and hit [enter] to enter failsafe mode
Press the [1], [2], [3] or [4] key and hit [enter] to select the debug level
[    7.908115] procd: - early -
[    9.014691] procd: - ubus -
[    9.107142] procd: - init -
Please press Enter to activate this console.
root


BusyBox v1.36.1 (2025-11-12 11:07:24 UTC) built-in shell (ash)

  _______                     ________        __
 |       |.-----.-----.-----.|  |  |  |.----.|  |_
 |   -   ||  _  |  -__|     ||  |  |  ||   _||   _|
 |_______||   __|_____|__|__||________||__|  |____|
          |__| W I R E L E S S   F R E E D O M
 -----------------------------------------------------
 OpenWrt 23.05-SNAPSHOT, r24240-fd7b88447c
 -----------------------------------------------------
=== WARNING! =====================================
There is no root password defined on this device!
Use the "passwd" command to set up a new password
in order to prevent unauthorized SSH logins.
--------------------------------------------------
root@(none):/# dmesg -n 1
root@(none):/# echo 'NZGP''QKWPJY'
NZGPQKWPJY
root@(none):/# run() { echo -n "$MARKER"; sh -c "$@"; echo "$MARKER $?"; }
root@(none):/# echo 'PCAU''MUZPPY'
PCAUMUZPPY
root@(none):/# MARKER='PNQA''JMUMXO' run 'ubus wait_for network.interface.lan'
PNQAJMUMXOPNQAJMUMXO 0
root@OpenWrt:/# echo 'EESZ''PBBEMV'
EESZPBBEMV
root@OpenWrt:/# MARKER='JCSN''UMBXLO' run 'ubus call network.interface.lan statu
s '"'"'{}'"'"''
JCSNUMBXLO{
	"up": true,
	"pending": false,
	"available": true,
	"autostart": true,
	"dynamic": false,
	"uptime": 0,
	"l3_device": "br-lan",
	"proto": "static",
	"device": "br-lan",
	"updated": [
		"addresses"
	],
	"metric": 0,
	"dns_metric": 0,
	"delegation": true,
	"ipv4-address": [
		{
			"address": "192.168.1.1",
			"mask": 24
		}
	],
	"ipv6-address": [
		
	],
	"ipv6-prefix": [
		
	],
	"ipv6-prefix-assignment": [
		{
			"address": "fd19:4612:c3d4::",
			"mask": 60,
			"local-address": {
				"address": "fd19:4612:c3d4::1",
				"mask": 60
			}
		}
	],
	"route": [
		
	],
	"dns-server": [
		
	],
	"dns-search": [
		
	],
	"neighbors": [
		
	],
	"inactive": {
		"ipv4-address": [
			
		],
		"ipv6-address": [
			
		],
		"route": [
			
		],
		"dns-server": [
			
		],
		"dns-search": [
			
		],
		"neighbors": [
			
		]
	},
	"data": {
		
	}
}
JCSNUMBXLO 0
root@OpenWrt:/# echo 'GTAK''USXZWJ'
GTAKUSXZWJ
root@OpenWrt:/# MARKER='FBBY''JTGWUN' run true
FBBYJTGWUNFBBYJTGWUN 0
root@OpenWrt:/# echo 'GXWW''XYXVVM'
GXWWXYXVVM
root@OpenWrt:/# MARKER='SWGO''CWTQFG' run 'source /etc/os-release; echo $BUILD_I
D'
SWGOCWTQFGr24240-fd7b88447c
SWGOCWTQFG 0
root@OpenWrt:/# echo 'ZXTV''BYQUCU'
ZXTVBYQUCU
root@OpenWrt:/# MARKER='WLHY''HVJMZH' run 'ls /etc/dropbear/dropbear_rsa_host_ke
y'
WLHYHVJMZH[0;0m/etc/dropbear/dropbear_rsa_host_key[m
WLHYHVJMZH 0
root@OpenWrt:/# echo 'FHEU''JXXHWF'
FHEUJXXHWF
root@OpenWrt:/# MARKER='VUUK''ZJHMXX' run 'netstat -tlpn | grep 0.0.0.0:22'
VUUKZJHMXXnetstat: showing only processes with your user ID
tcp        0      0 0.0.0.0:22              0.0.0.0:*               LISTEN      1428/dropbear
VUUKZJHMXX 0
root@OpenWrt:/# echo 'AAOO''ANWVQO'
AAOOANWVQO
root@OpenWrt:/# MARKER='XHGH''QEPSTX' run 'dmesg | grep br-lan | grep forwarding
'
XHGHQEPSTX[   34.437002] br-lan: port 1(eth0) entered forwarding state
XHGHQEPSTX 0
root@OpenWrt:/# echo 'YGHP''HNKPAW'
YGHPHNKPAW
root@OpenWrt:/# MARKER='ZBQU''KFFKGT' run 'ubus call network.interface.lan statu
s '"'"'{}'"'"''
ZBQUKFFKGT{
	"up": true,
	"pending": false,
	"available": true,
	"autostart": true,
	"dynamic": false,
	"uptime": 12,
	"l3_device": "br-lan",
	"proto": "static",
	"device": "br-lan",
	"updated": [
		"addresses"
	],
	"metric": 0,
	"dns_metric": 0,
	"delegation": true,
	"ipv4-address": [
		{
			"address": "192.168.1.1",
			"mask": 24
		}
	],
	"ipv6-address": [
		
	],
	"ipv6-prefix": [
		
	],
	"ipv6-prefix-assignment": [
		{
			"address": "fd19:4612:c3d4::",
			"mask": 60,
			"local-address": {
				"address": "fd19:4612:c3d4::1",
				"mask": 60
			}
		}
	],
	"route": [
		
	],
	"dns-server": [
		
	],
	"dns-search": [
		
	],
	"neighbors": [
		
	],
	"inactive": {
		"ipv4-address": [
			
		],
		"ipv6-address": [
			
		],
		"route": [
			
		],
		"dns-server": [
			
		],
		"dns-search": [
			
		],
		"neighbors": [
			
		]
	},
	"data": {
		
	}
}
ZBQUKFFKGT 0
root@OpenWrt:/# echo 'LGON''SGSHCS'
LGONSGSHCS
root@OpenWrt:/# MARKER='AWUA''LYCFQO' run 'ip -o addr show dev br-lan'
AWUALYCFQO4: br-lan    inet 192.168.1.1/24 brd 192.168.1.255 scope global br-lan\       valid_lft forever preferred_lft forever
4: br-lan    inet6 fd19:4612:c3d4::1/60 scope global noprefixroute \       valid_lft forever preferred_lft forever
4: br-lan    inet6 fe80::5054:ff:fe12:3456/64 scope link \       valid_lft forever preferred_lft forever
AWUALYCFQO 0
root@OpenWrt:/# echo 'OKBH''GGLMNJ'
OKBHGGLMNJ
root@OpenWrt:/# MARKER='TKHS''AMVYVC' run 'ubus call network.interface.wan statu
s '"'"'{}'"'"''
TKHSAMVYVC{
	"up": true,
	"pending": false,
	"available": true,
	"autostart": true,
	"dynamic": false,
	"uptime": 12,
	"l3_device": "eth1",
	"proto": "dhcp",
	"device": "eth1",
	"updated": [
		"addresses",
		"routes",
		"data"
	],
	"metric": 0,
	"dns_metric": 0,
	"delegation": true,
	"ipv4-address": [
		{
			"address": "10.0.2.15",
			"mask": 24
		}
	],
	"ipv6-address": [
		
	],
	"ipv6-prefix": [
		
	],
	"ipv6-prefix-assignment": [
		
	],
	"route": [
		{
			"target": "0.0.0.0",
			"mask": 0,
			"nexthop": "10.0.2.2",
			"source": "10.0.2.15/32"
		}
	],
	"dns-server": [
		"10.0.2.3"
	],
	"dns-search": [
		
	],
	"neighbors": [
		
	],
	"inactive": {
		"ipv4-address": [
			
		],
		"ipv6-address": [
			
		],
		"route": [
			
		],
		"dns-server": [
			
		],
		"dns-search": [
			
		],
		"neighbors": [
			
		]
	},
	"data": {
		"dhcpserver": "10.0.2.2",
		"leasetime": 86400
	}
}
TKHSAMVYVC 0
root@OpenWrt:/# 