Labgrid Console Logfile for main
Logfile started at 2026-02-03 01:27:22.232571
=== Log starts here ===
[    0.000000] Booting Linux on physical CPU 0x0000000000 [0x411fd070]
[    0.000000] Linux version 5.15.189 (builder@buildhost) (aarch64-openwrt-linux-musl-gcc (OpenWrt GCC 12.3.0 r24245-b6d7048c8b) 12.3.0, GNU ld (GNU Binutils) 2.40.0) #0 SMP Thu Dec 4 14:13:14 2025
[    0.000000] random: crng init done
[    0.000000] Machine model: linux,dummy-virt
[    0.000000] efi: UEFI not found.
[    0.000000] NUMA: No NUMA configuration found
[    0.000000] NUMA: Faking a node at [mem 0x0000000040000000-0x0000000047ffffff]
[    0.000000] NUMA: NODE_DATA [mem 0x47faf480-0x47fb1fff]
[    0.000000] Zone ranges:
[    0.000000]   DMA      [mem 0x0000000040000000-0x0000000047ffffff]
[    0.000000]   DMA32    empty
[    0.000000]   Normal   empty
[    0.000000] Movable zone start for each node
[    0.000000] Early memory node ranges
[    0.000000]   node   0: [mem 0x0000000040000000-0x0000000047ffffff]
[    0.000000] Initmem setup node 0 [mem 0x0000000040000000-0x0000000047ffffff]
[    0.000000] cma: Reserved 32 MiB at 0x0000000045c00000
[    0.000000] psci: probing for conduit method from DT.
[    0.000000] psci: PSCIv1.1 detected in firmware.
[    0.000000] psci: Using standard PSCI v0.2 function IDs
[    0.000000] psci: Trusted OS migration not required
[    0.000000] psci: SMC Calling Convention v1.0
[    0.000000] percpu: Embedded 19 pages/cpu s39576 r8192 d30056 u77824
[    0.000000] Detected PIPT I-cache on CPU0
[    0.000000] CPU features: detected: Spectre-v2
[    0.000000] CPU features: detected: Spectre-v4
[    0.000000] CPU features: detected: Spectre-BHB
[    0.000000] CPU features: detected: ARM erratum 834220
[    0.000000] CPU features: detected: ARM erratum 832075
[    0.000000] CPU features: detected: ARM errata 1165522, 1319367, or 1530923
[    0.000000] Built 1 zonelists, mobility grouping on.  Total pages: 32256
[    0.000000] Policy zone: DMA
[    0.000000] Kernel command line: 
[    0.000000] Dentry cache hash table entries: 16384 (order: 5, 131072 bytes, linear)
[    0.000000] Inode-cache hash table entries: 8192 (order: 4, 65536 bytes, linear)
[    0.000000] mem auto-init: stack:off, heap alloc:off, heap free:off
[    0.000000] Memory: 64364K/131072K available (10944K kernel code, 1474K rwdata, 2636K rodata, 14592K init, 432K bss, 33940K reserved, 32768K cma-reserved)
[    0.000000] SLUB: HWalign=64, Order=0-3, MinObjects=0, CPUs=1, Nodes=1
[    0.000000] rcu: Hierarchical RCU implementation.
[    0.000000] rcu: 	RCU restricting CPUs from NR_CPUS=256 to nr_cpu_ids=1.
[    0.000000] 	Tracing variant of Tasks RCU enabled.
[    0.000000] rcu: RCU calculated value of scheduler-enlistment delay is 10 jiffies.
[    0.000000] rcu: Adjusting geometry for rcu_fanout_leaf=16, nr_cpu_ids=1
[    0.000000] NR_IRQS: 64, nr_irqs: 64, preallocated irqs: 0
[    0.000000] Root IRQ handler: 0xffff800008010190
[    0.000000] GICv2m: range[mem 0x08020000-0x08020fff], SPI[80:143]
[    0.000000] arch_timer: cp15 timer(s) running at 62.50MHz (virt).
[    0.000000] clocksource: arch_sys_counter: mask: 0xffffffffffffff max_cycles: 0x1cd42e208c, max_idle_ns: 881590405314 ns
[    0.000078] sched_clock: 56 bits at 62MHz, resolution 16ns, wraps every 4398046511096ns
[    0.003159] Console: colour dummy device 80x25
[    0.004410] printk: console [tty0] enabled
[    0.006151] Calibrating delay loop (skipped), value calculated using timer frequency.. 125.00 BogoMIPS (lpj=625000)
[    0.006283] pid_max: default: 32768 minimum: 301
[    0.008677] Mount-cache hash table entries: 512 (order: 0, 4096 bytes, linear)
[    0.008731] Mountpoint-cache hash table entries: 512 (order: 0, 4096 bytes, linear)
[    0.033988] /cpus/cpu-map: empty cluster
[    0.040127] rcu: Hierarchical SRCU implementation.
[    0.042488] EFI services will not be available.
[    0.043260] smp: Bringing up secondary CPUs ...
[    0.043363] smp: Brought up 1 node, 1 CPU
[    0.043402] SMP: Total of 1 processors activated.
[    0.043506] CPU features: detected: 32-bit EL0 Support
[    0.043540] CPU features: detected: 32-bit EL1 Support
[    0.043608] CPU features: detected: CRC32 instructions
[    0.045001] CPU features: emulated: Privileged Access Never (PAN) using TTBR0_EL1 switching
[    0.045239] CPU: All CPU(s) started at EL1
[    0.045531] alternatives: patching kernel code
[    0.059959] clocksource: jiffies: mask: 0xffffffff max_cycles: 0xffffffff, max_idle_ns: 19112604462750000 ns
[    0.060209] futex hash table entries: 256 (order: 2, 16384 bytes, linear)
[    0.063192] pinctrl core: initialized pinctrl subsystem
[    0.073016] DMI not present or invalid.
[    0.079872] NET: Registered PF_NETLINK/PF_ROUTE protocol family
[    0.088491] DMA: preallocated 128 KiB GFP_KERNEL pool for atomic allocations
[    0.088910] DMA: preallocated 128 KiB GFP_KERNEL|GFP_DMA pool for atomic allocations
[    0.089128] DMA: preallocated 128 KiB GFP_KERNEL|GFP_DMA32 pool for atomic allocations
[    0.093299] thermal_sys: Registered thermal governor 'step_wise'
[    0.093655] cpuidle: using governor ladder
[    0.093862] cpuidle: using governor menu
[    0.094418] ASID allocator initialised with 65536 entries
[    0.095735] Serial: AMBA PL011 UART driver
[    0.118962] 9000000.pl011: ttyAMA0 at MMIO 0x9000000 (irq = 47, base_baud = 0) is a PL011 rev1
[    0.287166] printk: console [ttyAMA0] enabled
[    0.313440] cryptd: max_cpu_qlen set to 1000
[    0.318338] ACPI: Interpreter disabled.
[    0.320079] iommu: Default domain type: Passthrough 
[    0.321376] SCSI subsystem initialized
[    0.323060] usbcore: registered new interface driver usbfs
[    0.323425] usbcore: registered new interface driver hub
[    0.323891] usbcore: registered new device driver usb
[    0.337977] clocksource: Switched to clocksource arch_sys_counter
[    0.339543] pnp: PnP ACPI: disabled
[    0.345999] NET: Registered PF_INET protocol family
[    0.347399] IP idents hash table entries: 2048 (order: 2, 16384 bytes, linear)
[    0.352098] tcp_listen_portaddr_hash hash table entries: 256 (order: 0, 4096 bytes, linear)
[    0.352625] Table-perturb hash table entries: 65536 (order: 6, 262144 bytes, linear)
[    0.352925] TCP established hash table entries: 1024 (order: 1, 8192 bytes, linear)
[    0.353307] TCP bind hash table entries: 1024 (order: 2, 16384 bytes, linear)
[    0.365021] TCP: Hash tables configured (established 1024 bind 1024)
[    0.366351] UDP hash table entries: 256 (order: 1, 8192 bytes, linear)
[    0.366769] UDP-Lite hash table entries: 256 (order: 1, 8192 bytes, linear)
[    0.368890] NET: Registered PF_UNIX/PF_LOCAL protocol family
[    0.375941] PCI: CLS 0 bytes, default 64
[    0.417709] kvm [1]: HYP mode not available
[    0.509048] workingset: timestamp_bits=42 max_order=15 bucket_order=0
[    0.515665] squashfs: version 4.0 (2009/01/31) Phillip Lougher
[    0.515906] jffs2: version 2.2 (NAND) (SUMMARY) (LZMA) (RTIME) (CMODE_PRIORITY) (c) 2001-2006 Red Hat, Inc.
[    0.517784] 9p: Installing v9fs 9p2000 file system support
[    0.522226] Block layer SCSI generic (bsg) driver version 0.4 loaded (major 250)
[    0.527464] atomic64_test: passed
[    0.537616] pl061_gpio 9030000.pl061: PL061 GPIO chip registered
[    0.539578] pci-host-generic 4010000000.pcie: host bridge /pcie@10000000 ranges:
[    0.540488] pci-host-generic 4010000000.pcie:       IO 0x003eff0000..0x003effffff -> 0x0000000000
[    0.541417] pci-host-generic 4010000000.pcie:      MEM 0x0010000000..0x003efeffff -> 0x0010000000
[    0.548390] pci-host-generic 4010000000.pcie:      MEM 0x8000000000..0xffffffffff -> 0x8000000000
[    0.549278] pci-host-generic 4010000000.pcie: Memory resource size exceeds max for 32 bits
[    0.550003] pci-host-generic 4010000000.pcie: ECAM at [mem 0x4010000000-0x401fffffff] for [bus 00-ff]
[    0.560332] pci-host-generic 4010000000.pcie: PCI host bridge to bus 0000:00
[    0.560780] pci_bus 0000:00: root bus resource [bus 00-ff]
[    0.561050] pci_bus 0000:00: root bus resource [io  0x0000-0xffff]
[    0.561278] pci_bus 0000:00: root bus resource [mem 0x10000000-0x3efeffff]
[    0.570648] pci_bus 0000:00: root bus resource [mem 0x8000000000-0xffffffffff]
[    0.572364] pci 0000:00:00.0: [1b36:0008] type 00 class 0x060000
[    0.575381] pci 0000:00:01.0: [1af4:1000] type 00 class 0x020000
[    0.575823] pci 0000:00:01.0: reg 0x10: [io  0x0000-0x001f]
[    0.576132] pci 0000:00:01.0: reg 0x20: [mem 0x00000000-0x00003fff 64bit pref]
[    0.581997] pci 0000:00:01.0: reg 0x30: [mem 0x00000000-0x0007ffff pref]
[    0.582715] pci 0000:00:02.0: [1af4:1005] type 00 class 0x00ff00
[    0.582965] pci 0000:00:02.0: reg 0x10: [io  0x0000-0x001f]
[    0.583149] pci 0000:00:02.0: reg 0x14: [mem 0x00000000-0x00000fff]
[    0.592993] pci 0000:00:02.0: reg 0x20: [mem 0x00000000-0x00003fff 64bit pref]
[    0.593684] pci 0000:00:03.0: [1af4:1000] type 00 class 0x020000
[    0.593927] pci 0000:00:03.0: reg 0x10: [io  0x0000-0x001f]
[    0.594111] pci 0000:00:03.0: reg 0x14: [mem 0x00000000-0x00000fff]
[    0.604007] pci 0000:00:03.0: reg 0x20: [mem 0x00000000-0x00003fff 64bit pref]
[    0.604327] pci 0000:00:03.0: reg 0x30: [mem 0x00000000-0x0007ffff pref]
[    0.606483] pci 0000:00:01.0: BAR 6: assigned [mem 0x10000000-0x1007ffff pref]
[    0.606889] pci 0000:00:03.0: BAR 6: assigned [mem 0x10080000-0x100fffff pref]
[    0.615148] pci 0000:00:01.0: BAR 4: assigned [mem 0x8000000000-0x8000003fff 64bit pref]
[    0.615620] pci 0000:00:02.0: BAR 4: assigned [mem 0x8000004000-0x8000007fff 64bit pref]
[    0.615914] pci 0000:00:03.0: BAR 4: assigned [mem 0x8000008000-0x800000bfff 64bit pref]
[    0.625946] pci 0000:00:02.0: BAR 1: assigned [mem 0x10100000-0x10100fff]
[    0.626250] pci 0000:00:03.0: BAR 1: assigned [mem 0x10101000-0x10101fff]
[    0.626527] pci 0000:00:01.0: BAR 0: assigned [io  0x1000-0x101f]
[    0.626758] pci 0000:00:02.0: BAR 0: assigned [io  0x1020-0x103f]
[    0.636866] pci 0000:00:03.0: BAR 0: assigned [io  0x1040-0x105f]
[    0.677113] EINJ: ACPI disabled.
[    0.690510] virtio-pci 0000:00:01.0: enabling device (0000 -> 0003)
[    0.693222] virtio-pci 0000:00:02.0: enabling device (0000 -> 0003)
[    0.694642] virtio-pci 0000:00:03.0: enabling device (0000 -> 0003)
[    0.697377] Serial: 8250/16550 driver, 16 ports, IRQ sharing enabled
[    0.703956] SuperH (H)SCI(F) driver initialized
[    0.746075] cacheinfo: Unable to detect cache hierarchy for CPU 0
[    0.766603] loop: module loaded
[    0.767789] Loading iSCSI transport class v2.0-870.
[    0.808808] usbcore: registered new interface driver usb-storage
[    0.811516] rtc-pl031 9010000.pl031: registered as rtc0
[    0.812194] rtc-pl031 9010000.pl031: setting system clock to 2026-02-03T01:27:22 UTC (1770082042)
[    0.816044] sdhci: Secure Digital Host Controller Interface driver
[    0.819331] sdhci: Copyright(c) Pierre Ossman
[    0.820125] Synopsys Designware Multimedia Card Interface Driver
[    0.820922] sdhci-pltfm: SDHCI platform and OF driver helper
[    0.822981] hid: raw HID events driver (C) Jiri Kosina
[    0.823499] usbcore: registered new interface driver usbhid
[    0.830545] usbhid: USB HID core driver
[    0.833900] NET: Registered PF_INET6 protocol family
[    0.871523] Segment Routing with IPv6
[    0.871870] In-situ OAM (IOAM) with IPv6
[    0.872368] NET: Registered PF_PACKET protocol family
[    0.873063] bridge: filtering via arp/ip/ip6tables is no longer available by default. Update your scripts to load br_netfilter if you need this.
[    0.883082] 8021q: 802.1Q VLAN Support v1.8
[    0.884086] 9pnet: Installing 9P2000 support
[    0.896352] clk: Disabling unused clocks
[    0.901154] uart-pl011 9000000.pl011: no DMA platform data
[    0.933898] Freeing unused kernel memory: 14592K
[    0.934807] Run /init as init process
[    3.354985] init: Console is alive
[    3.411889] kmodloader: loading kernel modules from /etc/modules-boot.d/*
[    3.437727] kmodloader: done loading kernel modules from /etc/modules-boot.d/*
[    3.450041] init: - preinit -
[    4.963788] 8021q: adding VLAN 0 to HW filter on device eth0
Press the [f] key and hit [enter] to enter failsafe mode
Press the [1], [2], [3] or [4] key and hit [enter] to select the debug level
[    7.807646] procd: - early -
[    8.904827] procd: - ubus -
[    9.000947] procd: - init -
Please press Enter to activate this console.
root


BusyBox v1.36.1 (2025-12-04 14:13:14 UTC) built-in shell (ash)

  _______                     ________        __
 |       |.-----.-----.-----.|  |  |  |.----.|  |_
 |   -   ||  _  |  -__|     ||  |  |  ||   _||   _|
 |_______||   __|_____|__|__||________||__|  |____|
          |__| W I R E L E S S   F R E E D O M
 -----------------------------------------------------
 OpenWrt 23.05-SNAPSHOT, r24245-b6d7048c8b
 -----------------------------------------------------
=== WARNING! =====================================
There is no root password defined on this device!
Use the "passwd" command to set up a new password
in order to prevent unauthorized SSH logins.
--------------------------------------------------
root@(none):/# dmesg -n 1
root@(none):/# echo 'YLVH''PYBPHN'
YLVHPYBPHN
root@(none):/# run() { echo -n "$MARKER"; sh -c "$@"; echo "$MARKER $?"; }
root@(none):/# echo 'XVQT''ZMFOWO'
XVQTZMFOWO
root@(none):/# MARKER='NNOW''VVOQHF' run 'ubus wait_for network.interface.lan'
NNOWVVOQHFNNOWVVOQHF 0
root@OpenWrt:/# echo 'XOWP''ZFZWXC'
XOWPZFZWXC
root@OpenWrt:/# MARKER='PSJM''XEFQEF' run 'ubus call network.interface.lan statu
s '"'"'{}'"'"''
PSJMXEFQEF{
	"up": true,
	"pending": false,
	"available": true,
	"autostart": true,
	"dynamic": false,
	"uptime": 0,
	"l3_device": "br-lan",
	"proto": "static",
	"device": "br-lan",
	"updated": [
		"addresses"
	],
	"metric": 0,
	"dns_metric": 0,
	"delegation": true,
	"ipv4-address": [
		{
			"address": "192.168.1.1",
			"mask": 24
		}
	],
	"ipv6-address": [
		
	],
	"ipv6-prefix": [
		
	],
	"ipv6-prefix-assignment": [
		{
			"address": "fd15:82b8:444d::",
			"mask": 60,
			"local-address": {
				"address": "fd15:82b8:444d::1",
				"mask": 60
			}
		}
	],
	"route": [
		
	],
	"dns-server": [
		
	],
	"dns-search": [
		
	],
	"neighbors": [
		
	],
	"inactive": {
		"ipv4-address": [
			
		],
		"ipv6-address": [
			
		],
		"route": [
			
		],
		"dns-server": [
			
		],
		"dns-search": [
			
		],
		"neighbors": [
			
		]
	},
	"data": {
		
	}
}
PSJMXEFQEF 0
root@OpenWrt:/# echo 'FAQS''YVAYTB'
FAQSYVAYTB
root@OpenWrt:/# MARKER='VSLP''EZLTCP' run true
VSLPEZLTCPVSLPEZLTCP 0
root@OpenWrt:/# echo 'FPGM''MKXSON'
FPGMMKXSON
root@OpenWrt:/# MARKER='KMOS''SGNABO' run 'source /etc/os-release; echo $BUILD_I
D'
KMOSSGNABOr24245-b6d7048c8b
KMOSSGNABO 0
root@OpenWrt:/# echo 'PHPY''EJXLJF'
PHPYEJXLJF
root@OpenWrt:/# MARKER='UQPA''YJWZHX' run 'ls /etc/dropbear/dropbear_rsa_host_ke
y'
UQPAYJWZHX[0;0m/etc/dropbear/dropbear_rsa_host_key[m
UQPAYJWZHX 0
root@OpenWrt:/# echo 'YVYO''XCPWPO'
YVYOXCPWPO
root@OpenWrt:/# MARKER='AWVF''COABEB' run 'netstat -tlpn | grep 0.0.0.0:22'
AWVFCOABEBnetstat: showing only processes with your user ID
tcp        0      0 0.0.0.0:22              0.0.0.0:*               LISTEN      1427/dropbear
AWVFCOABEB 0
root@OpenWrt:/# echo 'NBXM''GGTXKJ'
NBXMGGTXKJ
root@OpenWrt:/# MARKER='EZFH''XXKFFJ' run 'dmesg | grep br-lan | grep forwarding
'
EZFHXXKFFJ[   34.337467] br-lan: port 1(eth0) entered forwarding state
EZFHXXKFFJ 0
root@OpenWrt:/# echo 'YTCS''FBZZHK'
YTCSFBZZHK
root@OpenWrt:/# MARKER='YHSV''ZLGHTH' run 'ubus call network.interface.lan statu
s '"'"'{}'"'"''
YHSVZLGHTH{
	"up": true,
	"pending": false,
	"available": true,
	"autostart": true,
	"dynamic": false,
	"uptime": 13,
	"l3_device": "br-lan",
	"proto": "static",
	"device": "br-lan",
	"updated": [
		"addresses"
	],
	"metric": 0,
	"dns_metric": 0,
	"delegation": true,
	"ipv4-address": [
		{
			"address": "192.168.1.1",
			"mask": 24
		}
	],
	"ipv6-address": [
		
	],
	"ipv6-prefix": [
		
	],
	"ipv6-prefix-assignment": [
		{
			"address": "fd15:82b8:444d::",
			"mask": 60,
			"local-address": {
				"address": "fd15:82b8:444d::1",
				"mask": 60
			}
		}
	],
	"route": [
		
	],
	"dns-server": [
		
	],
	"dns-search": [
		
	],
	"neighbors": [
		
	],
	"inactive": {
		"ipv4-address": [
			
		],
		"ipv6-address": [
			
		],
		"route": [
			
		],
		"dns-server": [
			
		],
		"dns-search": [
			
		],
		"neighbors": [
			
		]
	},
	"data": {
		
	}
}
YHSVZLGHTH 0
root@OpenWrt:/# echo 'CTCG''YXAKYW'
CTCGYXAKYW
root@OpenWrt:/# MARKER='YXTJ''BXYPLT' run 'ip -o addr show dev br-lan'
YXTJBXYPLT4: br-lan    inet 192.168.1.1/24 brd 192.168.1.255 scope global br-lan\       valid_lft forever preferred_lft forever
4: br-lan    inet6 fd15:82b8:444d::1/60 scope global noprefixroute \       valid_lft forever preferred_lft forever
4: br-lan    inet6 fe80::5054:ff:fe12:3456/64 scope link \       valid_lft forever preferred_lft forever
YXTJBXYPLT 0
root@OpenWrt:/# echo 'EGWX''VPKEHH'
EGWXVPKEHH
root@OpenWrt:/# MARKER='GBCM''MZOJHK' run 'ubus call network.interface.wan statu
s '"'"'{}'"'"''
GBCMMZOJHK{
	"up": true,
	"pending": false,
	"available": true,
	"autostart": true,
	"dynamic": false,
	"uptime": 13,
	"l3_device": "eth1",
	"proto": "dhcp",
	"device": "eth1",
	"updated": [
		"addresses",
		"routes",
		"data"
	],
	"metric": 0,
	"dns_metric": 0,
	"delegation": true,
	"ipv4-address": [
		{
			"address": "10.0.2.15",
			"mask": 24
		}
	],
	"ipv6-address": [
		
	],
	"ipv6-prefix": [
		
	],
	"ipv6-prefix-assignment": [
		
	],
	"route": [
		{
			"target": "0.0.0.0",
			"mask": 0,
			"nexthop": "10.0.2.2",
			"source": "10.0.2.15/32"
		}
	],
	"dns-server": [
		"10.0.2.3"
	],
	"dns-search": [
		
	],
	"neighbors": [
		
	],
	"inactive": {
		"ipv4-address": [
			
		],
		"ipv6-address": [
			
		],
		"route": [
			
		],
		"dns-server": [
			
		],
		"dns-search": [
			
		],
		"neighbors": [
			
		]
	},
	"data": {
		"dhcpserver": "10.0.2.2",
		"leasetime": 86400
	}
}
GBCMMZOJHK 0
root@OpenWrt:/# 