Labgrid Console Logfile for main
Logfile started at 2026-02-06 01:27:56.248708
=== Log starts here ===
[    0.000000] Booting Linux on physical CPU 0x0000000000 [0x411fd070]
[    0.000000] Linux version 5.15.189 (builder@buildhost) (aarch64-openwrt-linux-musl-gcc (OpenWrt GCC 12.3.0 r24245-b6d7048c8b) 12.3.0, GNU ld (GNU Binutils) 2.40.0) #0 SMP Thu Dec 4 14:13:14 2025
[    0.000000] random: crng init done
[    0.000000] Machine model: linux,dummy-virt
[    0.000000] efi: UEFI not found.
[    0.000000] NUMA: No NUMA configuration found
[    0.000000] NUMA: Faking a node at [mem 0x0000000040000000-0x0000000047ffffff]
[    0.000000] NUMA: NODE_DATA [mem 0x47faf480-0x47fb1fff]
[    0.000000] Zone ranges:
[    0.000000]   DMA      [mem 0x0000000040000000-0x0000000047ffffff]
[    0.000000]   DMA32    empty
[    0.000000]   Normal   empty
[    0.000000] Movable zone start for each node
[    0.000000] Early memory node ranges
[    0.000000]   node   0: [mem 0x0000000040000000-0x0000000047ffffff]
[    0.000000] Initmem setup node 0 [mem 0x0000000040000000-0x0000000047ffffff]
[    0.000000] cma: Reserved 32 MiB at 0x0000000045c00000
[    0.000000] psci: probing for conduit method from DT.
[    0.000000] psci: PSCIv1.1 detected in firmware.
[    0.000000] psci: Using standard PSCI v0.2 function IDs
[    0.000000] psci: Trusted OS migration not required
[    0.000000] psci: SMC Calling Convention v1.0
[    0.000000] percpu: Embedded 19 pages/cpu s39576 r8192 d30056 u77824
[    0.000000] Detected PIPT I-cache on CPU0
[    0.000000] CPU features: detected: Spectre-v2
[    0.000000] CPU features: detected: Spectre-v4
[    0.000000] CPU features: detected: Spectre-BHB
[    0.000000] CPU features: detected: ARM erratum 834220
[    0.000000] CPU features: detected: ARM erratum 832075
[    0.000000] CPU features: detected: ARM errata 1165522, 1319367, or 1530923
[    0.000000] Built 1 zonelists, mobility grouping on.  Total pages: 32256
[    0.000000] Policy zone: DMA
[    0.000000] Kernel command line: 
[    0.000000] Dentry cache hash table entries: 16384 (order: 5, 131072 bytes, linear)
[    0.000000] Inode-cache hash table entries: 8192 (order: 4, 65536 bytes, linear)
[    0.000000] mem auto-init: stack:off, heap alloc:off, heap free:off
[    0.000000] Memory: 64364K/131072K available (10944K kernel code, 1474K rwdata, 2636K rodata, 14592K init, 432K bss, 33940K reserved, 32768K cma-reserved)
[    0.000000] SLUB: HWalign=64, Order=0-3, MinObjects=0, CPUs=1, Nodes=1
[    0.000000] rcu: Hierarchical RCU implementation.
[    0.000000] rcu: 	RCU restricting CPUs from NR_CPUS=256 to nr_cpu_ids=1.
[    0.000000] 	Tracing variant of Tasks RCU enabled.
[    0.000000] rcu: RCU calculated value of scheduler-enlistment delay is 10 jiffies.
[    0.000000] rcu: Adjusting geometry for rcu_fanout_leaf=16, nr_cpu_ids=1
[    0.000000] NR_IRQS: 64, nr_irqs: 64, preallocated irqs: 0
[    0.000000] Root IRQ handler: 0xffff800008010190
[    0.000000] GICv2m: range[mem 0x08020000-0x08020fff], SPI[80:143]
[    0.000000] arch_timer: cp15 timer(s) running at 62.50MHz (virt).
[    0.000000] clocksource: arch_sys_counter: mask: 0xffffffffffffff max_cycles: 0x1cd42e208c, max_idle_ns: 881590405314 ns
[    0.000078] sched_clock: 56 bits at 62MHz, resolution 16ns, wraps every 4398046511096ns
[    0.003270] Console: colour dummy device 80x25
[    0.004473] printk: console [tty0] enabled
[    0.006199] Calibrating delay loop (skipped), value calculated using timer frequency.. 125.00 BogoMIPS (lpj=625000)
[    0.006336] pid_max: default: 32768 minimum: 301
[    0.008716] Mount-cache hash table entries: 512 (order: 0, 4096 bytes, linear)
[    0.008770] Mountpoint-cache hash table entries: 512 (order: 0, 4096 bytes, linear)
[    0.033798] /cpus/cpu-map: empty cluster
[    0.040149] rcu: Hierarchical SRCU implementation.
[    0.042757] EFI services will not be available.
[    0.043569] smp: Bringing up secondary CPUs ...
[    0.043669] smp: Brought up 1 node, 1 CPU
[    0.043702] SMP: Total of 1 processors activated.
[    0.043791] CPU features: detected: 32-bit EL0 Support
[    0.043816] CPU features: detected: 32-bit EL1 Support
[    0.043902] CPU features: detected: CRC32 instructions
[    0.045272] CPU features: emulated: Privileged Access Never (PAN) using TTBR0_EL1 switching
[    0.045495] CPU: All CPU(s) started at EL1
[    0.045783] alternatives: patching kernel code
[    0.060878] clocksource: jiffies: mask: 0xffffffff max_cycles: 0xffffffff, max_idle_ns: 19112604462750000 ns
[    0.061100] futex hash table entries: 256 (order: 2, 16384 bytes, linear)
[    0.063901] pinctrl core: initialized pinctrl subsystem
[    0.073561] DMI not present or invalid.
[    0.080391] NET: Registered PF_NETLINK/PF_ROUTE protocol family
[    0.088649] DMA: preallocated 128 KiB GFP_KERNEL pool for atomic allocations
[    0.089050] DMA: preallocated 128 KiB GFP_KERNEL|GFP_DMA pool for atomic allocations
[    0.089246] DMA: preallocated 128 KiB GFP_KERNEL|GFP_DMA32 pool for atomic allocations
[    0.093043] thermal_sys: Registered thermal governor 'step_wise'
[    0.093378] cpuidle: using governor ladder
[    0.093548] cpuidle: using governor menu
[    0.094075] ASID allocator initialised with 65536 entries
[    0.095255] Serial: AMBA PL011 UART driver
[    0.117445] 9000000.pl011: ttyAMA0 at MMIO 0x9000000 (irq = 47, base_baud = 0) is a PL011 rev1
[    0.293614] printk: console [ttyAMA0] enabled
[    0.328612] cryptd: max_cpu_qlen set to 1000
[    0.332678] ACPI: Interpreter disabled.
[    0.335032] iommu: Default domain type: Passthrough 
[    0.336313] SCSI subsystem initialized
[    0.338672] usbcore: registered new interface driver usbfs
[    0.339010] usbcore: registered new interface driver hub
[    0.339300] usbcore: registered new device driver usb
[    0.353393] clocksource: Switched to clocksource arch_sys_counter
[    0.355954] pnp: PnP ACPI: disabled
[    0.361847] NET: Registered PF_INET protocol family
[    0.364335] IP idents hash table entries: 2048 (order: 2, 16384 bytes, linear)
[    0.368989] tcp_listen_portaddr_hash hash table entries: 256 (order: 0, 4096 bytes, linear)
[    0.369475] Table-perturb hash table entries: 65536 (order: 6, 262144 bytes, linear)
[    0.369682] TCP established hash table entries: 1024 (order: 1, 8192 bytes, linear)
[    0.375536] TCP bind hash table entries: 1024 (order: 2, 16384 bytes, linear)
[    0.375818] TCP: Hash tables configured (established 1024 bind 1024)
[    0.377024] UDP hash table entries: 256 (order: 1, 8192 bytes, linear)
[    0.385976] UDP-Lite hash table entries: 256 (order: 1, 8192 bytes, linear)
[    0.387556] NET: Registered PF_UNIX/PF_LOCAL protocol family
[    0.388143] PCI: CLS 0 bytes, default 64
[    0.433336] kvm [1]: HYP mode not available
[    0.511143] workingset: timestamp_bits=42 max_order=15 bucket_order=0
[    0.517508] squashfs: version 4.0 (2009/01/31) Phillip Lougher
[    0.517696] jffs2: version 2.2 (NAND) (SUMMARY) (LZMA) (RTIME) (CMODE_PRIORITY) (c) 2001-2006 Red Hat, Inc.
[    0.519503] 9p: Installing v9fs 9p2000 file system support
[    0.524459] Block layer SCSI generic (bsg) driver version 0.4 loaded (major 250)
[    0.529297] atomic64_test: passed
[    0.538554] pl061_gpio 9030000.pl061: PL061 GPIO chip registered
[    0.540257] pci-host-generic 4010000000.pcie: host bridge /pcie@10000000 ranges:
[    0.540977] pci-host-generic 4010000000.pcie:       IO 0x003eff0000..0x003effffff -> 0x0000000000
[    0.541587] pci-host-generic 4010000000.pcie:      MEM 0x0010000000..0x003efeffff -> 0x0010000000
[    0.549333] pci-host-generic 4010000000.pcie:      MEM 0x8000000000..0xffffffffff -> 0x8000000000
[    0.550484] pci-host-generic 4010000000.pcie: Memory resource size exceeds max for 32 bits
[    0.551111] pci-host-generic 4010000000.pcie: ECAM at [mem 0x4010000000-0x401fffffff] for [bus 00-ff]
[    0.561236] pci-host-generic 4010000000.pcie: PCI host bridge to bus 0000:00
[    0.561607] pci_bus 0000:00: root bus resource [bus 00-ff]
[    0.561779] pci_bus 0000:00: root bus resource [io  0x0000-0xffff]
[    0.561950] pci_bus 0000:00: root bus resource [mem 0x10000000-0x3efeffff]
[    0.570895] pci_bus 0000:00: root bus resource [mem 0x8000000000-0xffffffffff]
[    0.572668] pci 0000:00:00.0: [1b36:0008] type 00 class 0x060000
[    0.575597] pci 0000:00:01.0: [1af4:1000] type 00 class 0x020000
[    0.575989] pci 0000:00:01.0: reg 0x10: [io  0x0000-0x001f]
[    0.581807] pci 0000:00:01.0: reg 0x20: [mem 0x00000000-0x00003fff 64bit pref]
[    0.582218] pci 0000:00:01.0: reg 0x30: [mem 0x00000000-0x0007ffff pref]
[    0.582925] pci 0000:00:02.0: [1af4:1005] type 00 class 0x00ff00
[    0.583094] pci 0000:00:02.0: reg 0x10: [io  0x0000-0x001f]
[    0.592844] pci 0000:00:02.0: reg 0x14: [mem 0x00000000-0x00000fff]
[    0.593116] pci 0000:00:02.0: reg 0x20: [mem 0x00000000-0x00003fff 64bit pref]
[    0.593712] pci 0000:00:03.0: [1af4:1000] type 00 class 0x020000
[    0.593901] pci 0000:00:03.0: reg 0x10: [io  0x0000-0x001f]
[    0.603573] pci 0000:00:03.0: reg 0x14: [mem 0x00000000-0x00000fff]
[    0.603996] pci 0000:00:03.0: reg 0x20: [mem 0x00000000-0x00003fff 64bit pref]
[    0.604186] pci 0000:00:03.0: reg 0x30: [mem 0x00000000-0x0007ffff pref]
[    0.606229] pci 0000:00:01.0: BAR 6: assigned [mem 0x10000000-0x1007ffff pref]
[    0.614926] pci 0000:00:03.0: BAR 6: assigned [mem 0x10080000-0x100fffff pref]
[    0.615391] pci 0000:00:01.0: BAR 4: assigned [mem 0x8000000000-0x8000003fff 64bit pref]
[    0.615681] pci 0000:00:02.0: BAR 4: assigned [mem 0x8000004000-0x8000007fff 64bit pref]
[    0.615885] pci 0000:00:03.0: BAR 4: assigned [mem 0x8000008000-0x800000bfff 64bit pref]
[    0.625815] pci 0000:00:02.0: BAR 1: assigned [mem 0x10100000-0x10100fff]
[    0.626116] pci 0000:00:03.0: BAR 1: assigned [mem 0x10101000-0x10101fff]
[    0.626352] pci 0000:00:01.0: BAR 0: assigned [io  0x1000-0x101f]
[    0.626569] pci 0000:00:02.0: BAR 0: assigned [io  0x1020-0x103f]
[    0.636853] pci 0000:00:03.0: BAR 0: assigned [io  0x1040-0x105f]
[    0.677516] EINJ: ACPI disabled.
[    0.707075] virtio-pci 0000:00:01.0: enabling device (0000 -> 0003)
[    0.709549] virtio-pci 0000:00:02.0: enabling device (0000 -> 0003)
[    0.710746] virtio-pci 0000:00:03.0: enabling device (0000 -> 0003)
[    0.713057] Serial: 8250/16550 driver, 16 ports, IRQ sharing enabled
[    0.720279] SuperH (H)SCI(F) driver initialized
[    0.747746] cacheinfo: Unable to detect cache hierarchy for CPU 0
[    0.767856] loop: module loaded
[    0.768636] Loading iSCSI transport class v2.0-870.
[    0.807575] usbcore: registered new interface driver usb-storage
[    0.810127] rtc-pl031 9010000.pl031: registered as rtc0
[    0.810733] rtc-pl031 9010000.pl031: setting system clock to 2026-02-06T01:27:56 UTC (1770341276)
[    0.814327] sdhci: Secure Digital Host Controller Interface driver
[    0.817868] sdhci: Copyright(c) Pierre Ossman
[    0.818662] Synopsys Designware Multimedia Card Interface Driver
[    0.819400] sdhci-pltfm: SDHCI platform and OF driver helper
[    0.821253] hid: raw HID events driver (C) Jiri Kosina
[    0.821692] usbcore: registered new interface driver usbhid
[    0.829056] usbhid: USB HID core driver
[    0.832218] NET: Registered PF_INET6 protocol family
[    0.870013] Segment Routing with IPv6
[    0.870314] In-situ OAM (IOAM) with IPv6
[    0.870769] NET: Registered PF_PACKET protocol family
[    0.871428] bridge: filtering via arp/ip/ip6tables is no longer available by default. Update your scripts to load br_netfilter if you need this.
[    0.881665] 8021q: 802.1Q VLAN Support v1.8
[    0.882687] 9pnet: Installing 9P2000 support
[    0.896665] clk: Disabling unused clocks
[    0.900719] uart-pl011 9000000.pl011: no DMA platform data
[    0.929599] Freeing unused kernel memory: 14592K
[    0.930907] Run /init as init process
[    3.400081] init: Console is alive
[    3.457710] kmodloader: loading kernel modules from /etc/modules-boot.d/*
[    3.483289] kmodloader: done loading kernel modules from /etc/modules-boot.d/*
[    3.494705] init: - preinit -
[    5.022739] 8021q: adding VLAN 0 to HW filter on device eth0
Press the [f] key and hit [enter] to enter failsafe mode
Press the [1], [2], [3] or [4] key and hit [enter] to select the debug level
[    7.870607] procd: - early -
[    8.993050] procd: - ubus -
[    9.088982] procd: - init -
Please press Enter to activate this console.
root


BusyBox v1.36.1 (2025-12-04 14:13:14 UTC) built-in shell (ash)

  _______                     ________        __
 |       |.-----.-----.-----.|  |  |  |.----.|  |_
 |   -   ||  _  |  -__|     ||  |  |  ||   _||   _|
 |_______||   __|_____|__|__||________||__|  |____|
          |__| W I R E L E S S   F R E E D O M
 -----------------------------------------------------
 OpenWrt 23.05-SNAPSHOT, r24245-b6d7048c8b
 -----------------------------------------------------
=== WARNING! =====================================
There is no root password defined on this device!
Use the "passwd" command to set up a new password
in order to prevent unauthorized SSH logins.
--------------------------------------------------
root@(none):/# dmesg -n 1
root@(none):/# echo 'ZZJS''BEAXBW'
ZZJSBEAXBW
root@(none):/# run() { echo -n "$MARKER"; sh -c "$@"; echo "$MARKER $?"; }
root@(none):/# echo 'HJLB''YYTSVE'
HJLBYYTSVE
root@(none):/# MARKER='BSNL''PEOBTP' run 'ubus wait_for network.interface.lan'
BSNLPEOBTPBSNLPEOBTP 0
root@OpenWrt:/# echo 'HCHM''OGWNNK'
HCHMOGWNNK
root@OpenWrt:/# MARKER='QBUM''MVUUPK' run 'ubus call network.interface.lan statu
s '"'"'{}'"'"''
QBUMMVUUPK{
	"up": true,
	"pending": false,
	"available": true,
	"autostart": true,
	"dynamic": false,
	"uptime": 0,
	"l3_device": "br-lan",
	"proto": "static",
	"device": "br-lan",
	"updated": [
		"addresses"
	],
	"metric": 0,
	"dns_metric": 0,
	"delegation": true,
	"ipv4-address": [
		{
			"address": "192.168.1.1",
			"mask": 24
		}
	],
	"ipv6-address": [
		
	],
	"ipv6-prefix": [
		
	],
	"ipv6-prefix-assignment": [
		{
			"address": "fd08:75c3:e040::",
			"mask": 60,
			"local-address": {
				"address": "fd08:75c3:e040::1",
				"mask": 60
			}
		}
	],
	"route": [
		
	],
	"dns-server": [
		
	],
	"dns-search": [
		
	],
	"neighbors": [
		
	],
	"inactive": {
		"ipv4-address": [
			
		],
		"ipv6-address": [
			
		],
		"route": [
			
		],
		"dns-server": [
			
		],
		"dns-search": [
			
		],
		"neighbors": [
			
		]
	},
	"data": {
		
	}
}
QBUMMVUUPK 0
root@OpenWrt:/# echo 'BBPP''PYAYMX'
BBPPPYAYMX
root@OpenWrt:/# MARKER='HHXT''FFUXAA' run true
HHXTFFUXAAHHXTFFUXAA 0
root@OpenWrt:/# echo 'FWSQ''YFQXBX'
FWSQYFQXBX
root@OpenWrt:/# MARKER='EUXY''UKSWKP' run 'source /etc/os-release; echo $BUILD_I
D'
EUXYUKSWKPr24245-b6d7048c8b
EUXYUKSWKP 0
root@OpenWrt:/# echo 'KNOS''FACZAZ'
KNOSFACZAZ
root@OpenWrt:/# MARKER='SQXV''CPLQOV' run 'ls /etc/dropbear/dropbear_rsa_host_ke
y'
SQXVCPLQOV[0;0m/etc/dropbear/dropbear_rsa_host_key[m
SQXVCPLQOV 0
root@OpenWrt:/# echo 'UPWF''QSYBSJ'
UPWFQSYBSJ
root@OpenWrt:/# MARKER='FALF''WYTOBO' run 'netstat -tlpn | grep 0.0.0.0:22'
FALFWYTOBOnetstat: showing only processes with your user ID
tcp        0      0 0.0.0.0:22              0.0.0.0:*               LISTEN      1427/dropbear
FALFWYTOBO 0
root@OpenWrt:/# echo 'KSJX''TWLYNC'
KSJXTWLYNC
root@OpenWrt:/# MARKER='JQGV''KQWZZG' run 'dmesg | grep br-lan | grep forwarding
'
JQGVKQWZZG[   34.281571] br-lan: port 1(eth0) entered forwarding state
JQGVKQWZZG 0
root@OpenWrt:/# echo 'QUOH''WPHOBS'
QUOHWPHOBS
root@OpenWrt:/# MARKER='VAAT''TVQWFK' run 'ubus call network.interface.lan statu
s '"'"'{}'"'"''
VAATTVQWFK{
	"up": true,
	"pending": false,
	"available": true,
	"autostart": true,
	"dynamic": false,
	"uptime": 12,
	"l3_device": "br-lan",
	"proto": "static",
	"device": "br-lan",
	"updated": [
		"addresses"
	],
	"metric": 0,
	"dns_metric": 0,
	"delegation": true,
	"ipv4-address": [
		{
			"address": "192.168.1.1",
			"mask": 24
		}
	],
	"ipv6-address": [
		
	],
	"ipv6-prefix": [
		
	],
	"ipv6-prefix-assignment": [
		{
			"address": "fd08:75c3:e040::",
			"mask": 60,
			"local-address": {
				"address": "fd08:75c3:e040::1",
				"mask": 60
			}
		}
	],
	"route": [
		
	],
	"dns-server": [
		
	],
	"dns-search": [
		
	],
	"neighbors": [
		
	],
	"inactive": {
		"ipv4-address": [
			
		],
		"ipv6-address": [
			
		],
		"route": [
			
		],
		"dns-server": [
			
		],
		"dns-search": [
			
		],
		"neighbors": [
			
		]
	},
	"data": {
		
	}
}
VAATTVQWFK 0
root@OpenWrt:/# echo 'PTUV''BCPFAQ'
PTUVBCPFAQ
root@OpenWrt:/# MARKER='TFCY''UPTQSS' run 'ip -o addr show dev br-lan'
TFCYUPTQSS4: br-lan    inet 192.168.1.1/24 brd 192.168.1.255 scope global br-lan\       valid_lft forever preferred_lft forever
4: br-lan    inet6 fd08:75c3:e040::1/60 scope global noprefixroute \       valid_lft forever preferred_lft forever
4: br-lan    inet6 fe80::5054:ff:fe12:3456/64 scope link \       valid_lft forever preferred_lft forever
TFCYUPTQSS 0
root@OpenWrt:/# echo 'TSWF''EWZNVS'
TSWFEWZNVS
root@OpenWrt:/# MARKER='YKJB''SMUZZN' run 'ubus call network.interface.wan statu
s '"'"'{}'"'"''
YKJBSMUZZN{
	"up": true,
	"pending": false,
	"available": true,
	"autostart": true,
	"dynamic": false,
	"uptime": 12,
	"l3_device": "eth1",
	"proto": "dhcp",
	"device": "eth1",
	"updated": [
		"addresses",
		"routes",
		"data"
	],
	"metric": 0,
	"dns_metric": 0,
	"delegation": true,
	"ipv4-address": [
		{
			"address": "10.0.2.15",
			"mask": 24
		}
	],
	"ipv6-address": [
		
	],
	"ipv6-prefix": [
		
	],
	"ipv6-prefix-assignment": [
		
	],
	"route": [
		{
			"target": "0.0.0.0",
			"mask": 0,
			"nexthop": "10.0.2.2",
			"source": "10.0.2.15/32"
		}
	],
	"dns-server": [
		"10.0.2.3"
	],
	"dns-search": [
		
	],
	"neighbors": [
		
	],
	"inactive": {
		"ipv4-address": [
			
		],
		"ipv6-address": [
			
		],
		"route": [
			
		],
		"dns-server": [
			
		],
		"dns-search": [
			
		],
		"neighbors": [
			
		]
	},
	"data": {
		"dhcpserver": "10.0.2.2",
		"leasetime": 86400
	}
}
YKJBSMUZZN 0
root@OpenWrt:/# 