Labgrid Console Logfile for main
Logfile started at 2026-04-30 02:14:00.463770
=== Log starts here ===
[    0.000000] Booting Linux on physical CPU 0x0000000000 [0x411fd070]
[    0.000000] Linux version 6.6.133 (builder@buildhost) (aarch64-openwrt-linux-musl-gcc (OpenWrt GCC 13.3.0 r29160-b76c38f9e2) 13.3.0, GNU ld (GNU Binutils) 2.42) #0 SMP Wed Apr 29 07:47:23 2026
[    0.000000] KASLR enabled
[    0.000000] random: crng init done
[    0.000000] Machine model: linux,dummy-virt
[    0.000000] efi: UEFI not found.
[    0.000000] NUMA: No NUMA configuration found
[    0.000000] NUMA: Faking a node at [mem 0x0000000040000000-0x0000000047ffffff]
[    0.000000] NUMA: NODE_DATA [mem 0x47fac380-0x47faefff]
[    0.000000] Zone ranges:
[    0.000000]   DMA      [mem 0x0000000040000000-0x0000000047ffffff]
[    0.000000]   DMA32    empty
[    0.000000]   Normal   empty
[    0.000000] Movable zone start for each node
[    0.000000] Early memory node ranges
[    0.000000]   node   0: [mem 0x0000000040000000-0x0000000047ffffff]
[    0.000000] Initmem setup node 0 [mem 0x0000000040000000-0x0000000047ffffff]
[    0.000000] cma: Reserved 32 MiB at 0x0000000045c00000 on node -1
[    0.000000] psci: probing for conduit method from DT.
[    0.000000] psci: PSCIv1.1 detected in firmware.
[    0.000000] psci: Using standard PSCI v0.2 function IDs
[    0.000000] psci: Trusted OS migration not required
[    0.000000] psci: SMC Calling Convention v1.0
[    0.000000] percpu: Embedded 20 pages/cpu s42344 r8192 d31384 u81920
[    0.000000] Detected PIPT I-cache on CPU0
[    0.000000] CPU features: detected: Spectre-v2
[    0.000000] CPU features: detected: Spectre-v3a
[    0.000000] CPU features: detected: Spectre-v4
[    0.000000] CPU features: detected: Spectre-BHB
[    0.000000] CPU features: kernel page table isolation forced ON by KASLR
[    0.000000] CPU features: detected: Kernel page table isolation (KPTI)
[    0.000000] CPU features: detected: ARM erratum 834220
[    0.000000] CPU features: detected: ARM erratum 832075
[    0.000000] CPU features: detected: ARM errata 1165522, 1319367, or 1530923
[    0.000000] alternatives: applying boot alternatives
[    0.000000] Kernel command line: 
[    0.000000] Dentry cache hash table entries: 16384 (order: 5, 131072 bytes, linear)
[    0.000000] Inode-cache hash table entries: 8192 (order: 4, 65536 bytes, linear)
[    0.000000] Fallback order for Node 0: 0 
[    0.000000] Built 1 zonelists, mobility grouping on.  Total pages: 32256
[    0.000000] Policy zone: DMA
[    0.000000] mem auto-init: stack:off, heap alloc:off, heap free:off
[    0.000000] software IO TLB: SWIOTLB bounce buffer size adjusted to 0MB
[    0.000000] software IO TLB: area num 1.
[    0.000000] software IO TLB: mapped [mem 0x0000000047f12000-0x0000000047f52000] (0MB)
[    0.000000] Memory: 55196K/131072K available (11712K kernel code, 1548K rwdata, 3040K rodata, 22144K init, 478K bss, 43108K reserved, 32768K cma-reserved)
[    0.000000] SLUB: HWalign=64, Order=0-3, MinObjects=0, CPUs=1, Nodes=1
[    0.000000] rcu: Hierarchical RCU implementation.
[    0.000000] rcu: 	RCU restricting CPUs from NR_CPUS=256 to nr_cpu_ids=1.
[    0.000000] 	Tracing variant of Tasks RCU enabled.
[    0.000000] rcu: RCU calculated value of scheduler-enlistment delay is 10 jiffies.
[    0.000000] rcu: Adjusting geometry for rcu_fanout_leaf=16, nr_cpu_ids=1
[    0.000000] NR_IRQS: 64, nr_irqs: 64, preallocated irqs: 0
[    0.000000] Root IRQ handler: 0xffffbc20544100b4
[    0.000000] GICv2m: range[mem 0x08020000-0x08020fff], SPI[80:143]
[    0.000000] rcu: srcu_init: Setting srcu_struct sizes based on contention.
[    0.000000] arch_timer: cp15 timer(s) running at 62.50MHz (virt).
[    0.000000] clocksource: arch_sys_counter: mask: 0x1ffffffffffffff max_cycles: 0x1cd42e208c, max_idle_ns: 881590405314 ns
[    0.000087] sched_clock: 57 bits at 63MHz, resolution 16ns, wraps every 4398046511096ns
[    0.002895] Console: colour dummy device 80x25
[    0.003201] printk: console [tty0] enabled
[    0.006708] Calibrating delay loop (skipped), value calculated using timer frequency.. 125.00 BogoMIPS (lpj=625000)
[    0.006863] pid_max: default: 32768 minimum: 301
[    0.011998] Mount-cache hash table entries: 512 (order: 0, 4096 bytes, linear)
[    0.012049] Mountpoint-cache hash table entries: 512 (order: 0, 4096 bytes, linear)
[    0.035679] cacheinfo: Unable to detect cache hierarchy for CPU 0
[    0.042754] RCU Tasks Trace: Setting shift to 0 and lim to 1 rcu_task_cb_adjust=1 rcu_task_cpu_ids=1.
[    0.044323] rcu: Hierarchical SRCU implementation.
[    0.044374] rcu: 	Max phase no-delay instances is 1000.
[    0.046990] EFI services will not be available.
[    0.047734] smp: Bringing up secondary CPUs ...
[    0.048335] smp: Brought up 1 node, 1 CPU
[    0.048371] SMP: Total of 1 processors activated.
[    0.048447] CPU features: detected: 32-bit EL0 Support
[    0.048471] CPU features: detected: 32-bit EL1 Support
[    0.048524] CPU features: detected: CRC32 instructions
[    0.049982] CPU features: emulated: Privileged Access Never (PAN) using TTBR0_EL1 switching
[    0.050216] CPU: All CPU(s) started at EL1
[    0.050401] alternatives: applying system-wide alternatives
[    0.068941] clocksource: jiffies: mask: 0xffffffff max_cycles: 0xffffffff, max_idle_ns: 19112604462750000 ns
[    0.069138] futex hash table entries: 256 (order: 2, 16384 bytes, linear)
[    0.071190] pinctrl core: initialized pinctrl subsystem
[    0.080647] DMI not present or invalid.
[    0.088153] NET: Registered PF_NETLINK/PF_ROUTE protocol family
[    0.096356] DMA: preallocated 128 KiB GFP_KERNEL pool for atomic allocations
[    0.096784] DMA: preallocated 128 KiB GFP_KERNEL|GFP_DMA pool for atomic allocations
[    0.096988] DMA: preallocated 128 KiB GFP_KERNEL|GFP_DMA32 pool for atomic allocations
[    0.100545] thermal_sys: Registered thermal governor 'step_wise'
[    0.100803] cpuidle: using governor ladder
[    0.100982] cpuidle: using governor menu
[    0.101596] ASID allocator initialised with 32768 entries
[    0.103224] Serial: AMBA PL011 UART driver
[    0.125757] 9000000.pl011: ttyAMA0 at MMIO 0x9000000 (irq = 13, base_baud = 0) is a PL011 rev1
[    0.126912] printk: console [ttyAMA0] enabled
[    0.339968] Modules: 2G module region forced by RANDOMIZE_MODULE_REGION_FULL
[    0.347205] Modules: 0 pages in range for non-PLT usage
[    0.347228] Modules: 514496 pages in range for PLT usage
[    0.353878] cryptd: max_cpu_qlen set to 1000
[    0.356745] ACPI: Interpreter disabled.
[    0.359630] iommu: Default domain type: Passthrough
[    0.360901] SCSI subsystem initialized
[    0.362955] usbcore: registered new interface driver usbfs
[    0.363389] usbcore: registered new interface driver hub
[    0.363669] usbcore: registered new device driver usb
[    0.384186] clocksource: Switched to clocksource arch_sys_counter
[    0.385725] pnp: PnP ACPI: disabled
[    0.395194] NET: Registered PF_INET protocol family
[    0.396271] IP idents hash table entries: 2048 (order: 2, 16384 bytes, linear)
[    0.401458] tcp_listen_portaddr_hash hash table entries: 256 (order: 0, 4096 bytes, linear)
[    0.401961] Table-perturb hash table entries: 65536 (order: 6, 262144 bytes, linear)
[    0.405719] TCP established hash table entries: 1024 (order: 1, 8192 bytes, linear)
[    0.406315] TCP bind hash table entries: 1024 (order: 3, 32768 bytes, linear)
[    0.406666] TCP: Hash tables configured (established 1024 bind 1024)
[    0.408393] MPTCP token hash table entries: 256 (order: 1, 6144 bytes, linear)
[    0.416828] UDP hash table entries: 256 (order: 1, 8192 bytes, linear)
[    0.417464] UDP-Lite hash table entries: 256 (order: 1, 8192 bytes, linear)
[    0.418963] NET: Registered PF_UNIX/PF_LOCAL protocol family
[    0.419625] PCI: CLS 0 bytes, default 64
[    0.433681] kvm [1]: HYP mode not available
[    0.437474] workingset: timestamp_bits=42 max_order=15 bucket_order=0
[    0.439253] squashfs: version 4.0 (2009/01/31) Phillip Lougher
[    0.439453] jffs2: version 2.2 (NAND) (SUMMARY) (LZMA) (RTIME) (CMODE_PRIORITY) (c) 2001-2006 Red Hat, Inc.
[    0.454544] 9p: Installing v9fs 9p2000 file system support
[    0.457026] Block layer SCSI generic (bsg) driver version 0.4 loaded (major 250)
[    0.468021] atomic64_test: passed
[    0.478854] pl061_gpio 9030000.pl061: PL061 GPIO chip registered
[    0.480851] pci-host-generic 4010000000.pcie: host bridge /pcie@10000000 ranges:
[    0.481631] pci-host-generic 4010000000.pcie:       IO 0x003eff0000..0x003effffff -> 0x0000000000
[    0.482327] pci-host-generic 4010000000.pcie:      MEM 0x0010000000..0x003efeffff -> 0x0010000000
[    0.489531] pci-host-generic 4010000000.pcie:      MEM 0x8000000000..0xffffffffff -> 0x8000000000
[    0.490458] pci-host-generic 4010000000.pcie: Memory resource size exceeds max for 32 bits
[    0.491134] pci-host-generic 4010000000.pcie: ECAM at [mem 0x4010000000-0x401fffffff] for [bus 00-ff]
[    0.501433] pci-host-generic 4010000000.pcie: PCI host bridge to bus 0000:00
[    0.501888] pci_bus 0000:00: root bus resource [bus 00-ff]
[    0.502151] pci_bus 0000:00: root bus resource [io  0x0000-0xffff]
[    0.502370] pci_bus 0000:00: root bus resource [mem 0x10000000-0x3efeffff]
[    0.511776] pci_bus 0000:00: root bus resource [mem 0x8000000000-0xffffffffff]
[    0.513823] pci 0000:00:00.0: [1b36:0008] type 00 class 0x060000
[    0.516736] pci 0000:00:01.0: [1af4:1000] type 00 class 0x020000
[    0.517153] pci 0000:00:01.0: BAR 0 [io  0x0000-0x001f]
[    0.522663] pci 0000:00:01.0: BAR 4 [mem 0x00000000-0x00003fff 64bit pref]
[    0.523010] pci 0000:00:01.0: ROM [mem 0x00000000-0x0007ffff pref]
[    0.523773] pci 0000:00:02.0: [1af4:1005] type 00 class 0x00ff00
[    0.523980] pci 0000:00:02.0: BAR 0 [io  0x0000-0x001f]
[    0.533709] pci 0000:00:02.0: BAR 1 [mem 0x00000000-0x00000fff]
[    0.533961] pci 0000:00:02.0: BAR 4 [mem 0x00000000-0x00003fff 64bit pref]
[    0.534698] pci 0000:00:03.0: [1af4:1000] type 00 class 0x020000
[    0.534906] pci 0000:00:03.0: BAR 0 [io  0x0000-0x001f]
[    0.535069] pci 0000:00:03.0: BAR 1 [mem 0x00000000-0x00000fff]
[    0.544844] pci 0000:00:03.0: BAR 4 [mem 0x00000000-0x00003fff 64bit pref]
[    0.545171] pci 0000:00:03.0: ROM [mem 0x00000000-0x0007ffff pref]
[    0.547338] pci 0000:00:01.0: ROM [mem 0x10000000-0x1007ffff pref]: assigned
[    0.547707] pci 0000:00:03.0: ROM [mem 0x10080000-0x100fffff pref]: assigned
[    0.555851] pci 0000:00:01.0: BAR 4 [mem 0x8000000000-0x8000003fff 64bit pref]: assigned
[    0.556409] pci 0000:00:02.0: BAR 4 [mem 0x8000004000-0x8000007fff 64bit pref]: assigned
[    0.556740] pci 0000:00:03.0: BAR 4 [mem 0x8000008000-0x800000bfff 64bit pref]: assigned
[    0.566576] pci 0000:00:02.0: BAR 1 [mem 0x10100000-0x10100fff]: assigned
[    0.566954] pci 0000:00:03.0: BAR 1 [mem 0x10101000-0x10101fff]: assigned
[    0.567254] pci 0000:00:01.0: BAR 0 [io  0x1000-0x101f]: assigned
[    0.567472] pci 0000:00:02.0: BAR 0 [io  0x1020-0x103f]: assigned
[    0.577804] pci 0000:00:03.0: BAR 0 [io  0x1040-0x105f]: assigned
[    0.637361] EINJ: ACPI disabled.
[    0.669143] virtio-pci 0000:00:01.0: enabling device (0000 -> 0003)
[    0.672416] virtio-pci 0000:00:02.0: enabling device (0000 -> 0003)
[    0.673903] virtio-pci 0000:00:03.0: enabling device (0000 -> 0003)
[    0.676403] Serial: 8250/16550 driver, 16 ports, IRQ sharing enabled
[    0.684930] SuperH (H)SCI(F) driver initialized
[    0.737506] loop: module loaded
[    0.757715] usbcore: registered new interface driver usb-storage
[    0.761701] rtc-pl031 9010000.pl031: registered as rtc0
[    0.762326] rtc-pl031 9010000.pl031: setting system clock to 2026-04-30T02:14:01 UTC (1777515241)
[    0.766207] sdhci: Secure Digital Host Controller Interface driver
[    0.767965] sdhci: Copyright(c) Pierre Ossman
[    0.768953] Synopsys Designware Multimedia Card Interface Driver
[    0.769803] sdhci-pltfm: SDHCI platform and OF driver helper
[    0.772150] hid: raw HID events driver (C) Jiri Kosina
[    0.772661] usbcore: registered new interface driver usbhid
[    0.772850] usbhid: USB HID core driver
[    0.782060] NET: Registered PF_INET6 protocol family
[    0.818832] Segment Routing with IPv6
[    0.819169] In-situ OAM (IOAM) with IPv6
[    0.819797] NET: Registered PF_PACKET protocol family
[    0.820443] bridge: filtering via arp/ip/ip6tables is no longer available by default. Update your scripts to load br_netfilter if you need this.
[    0.979694] 8021q: 802.1Q VLAN Support v1.8
[    0.980659] 9pnet: Installing 9P2000 support
[    1.106735] kworker/u2:6 invoked oom-killer: gfp_mask=0x400dc0(GFP_KERNEL_ACCOUNT|__GFP_ZERO), order=0, oom_score_adj=0
[    1.107295] CPU: 0 PID: 717 Comm: kworker/u2:6 Not tainted 6.6.133 #0
[    1.107562] Hardware name: linux,dummy-virt (DT)
[    1.107845] Call trace:
[    1.117260]  0xffffbc205441c5ac
[    1.117464]  0xffffbc205441c604
[    1.117655]  0xffffbc2054f2f344
[    1.117812]  0xffffbc2054f2f374
[    1.117969]  0xffffbc20545b5e04
[    1.118155]  0xffffbc20545b7078
[    1.118304]  0xffffbc2054615db8
[    1.118407]  0xffffbc2054628968
[    1.128194]  0xffffbc205460fb88
[    1.128297]  0xffffbc205442a9dc
[    1.128393]  0xffffbc205447e510
[    1.128559]  0xffffbc205447efe0
[    1.128718]  0xffffbc2054662de0
[    1.128875]  0xffffbc2054663cd0
[    1.129033]  0xffffbc205449c2c0
[    1.129222]  0xffffbc2054415384
[    1.129765] Mem-Info:
[    1.130056] active_anon:5610 inactive_anon:0 isolated_anon:30
[    1.130056]  active_file:0 inactive_file:0 isolated_file:0
[    1.130056]  unevictable:0 dirty:0 writeback:0
[    1.130056]  slab_reclaimable:260 slab_unreclaimable:2635
[    1.130056]  mapped:0 shmem:5640 pagetables:1
[    1.130056]  sec_pagetables:0 bounce:0
[    1.130056]  kernel_misc_reclaimable:0
[    1.130056]  free:7425 free_pcp:36 free_cma:6143
[    1.151357] Node 0 active_anon:22440kB inactive_anon:0kB active_file:0kB inactive_file:0kB unevictable:0kB isolated(anon):120kB isolated(file):0kB mapped:0kB dirty:0kB writeback:0kB shmem:22560kB shmem_thp:0kB shmem_pmdmapped:0kB anon_thp:0kB writeback_tmp:0kB kernel_stack:1056kB pagetables:4kB sec_pagetables:0kB all_unreclaimable? no
[    1.162927] Node 0 DMA free:29700kB boost:4096kB min:5280kB low:5576kB high:5872kB reserved_highatomic:0KB active_anon:22440kB inactive_anon:0kB active_file:0kB inactive_file:0kB unevictable:0kB writepending:0kB present:131072kB managed:87964kB mlocked:0kB bounce:0kB free_pcp:144kB local_pcp:144kB free_cma:24572kB
[    1.173489] lowmem_reserve[]: 0 0 0 0
[    1.173789] Node 0 DMA: 1*4kB (U) 2*8kB (EC) 1*16kB (C) 3*32kB (UEC) 2*64kB (EC) 2*128kB (EC) 2*256kB (EC) 2*512kB (UC) 3*1024kB (UEC) 2*2048kB (EC) 5*4096kB (C) = 29700kB
[    1.174592] 5640 total pagecache pages
[    1.174738] 0 pages in swap cache
[    1.183959] Free swap  = 0kB
[    1.184167] Total swap = 0kB
[    1.184464] 32768 pages RAM
[    1.184616] 0 pages HighMem/MovableOnly
[    1.184785] 10777 pages reserved
[    1.184924] 8192 pages cma reserved
[    1.185071] Tasks state (memory values in pages):
[    1.185240] [  pid  ]   uid  tgid total_vm      rss pgtables_bytes swapents oom_score_adj name
[    1.195719] Out of memory and no killable processes...
[    1.196138] Kernel panic - not syncing: System is deadlocked on memory
[    1.196407] CPU: 0 PID: 717 Comm: kworker/u2:6 Not tainted 6.6.133 #0
[    1.206262] Hardware name: linux,dummy-virt (DT)
[    1.206513] Call trace:
[    1.206674]  0xffffbc205441c5ac
[    1.206821]  0xffffbc205441c604
[    1.206963]  0xffffbc2054f2f344
[    1.207118]  0xffffbc2054f2f374
[    1.207227]  0xffffbc20544823a8
[    1.207330]  0xffffbc20545b7130
[    1.217158]  0xffffbc2054615db8
[    1.217339]  0xffffbc2054628968
[    1.217534]  0xffffbc205460fb88
[    1.217731]  0xffffbc205442a9dc
[    1.217928]  0xffffbc205447e510
[    1.218148]  0xffffbc205447efe0
[    1.218273]  0xffffbc2054662de0
[    1.218436]  0xffffbc2054663cd0
[    1.218554]  0xffffbc205449c2c0
[    1.228621]  0xffffbc2054415384
[    1.229127] Kernel Offset: 0x3c1fd4400000 from 0xffff800080000000
[    1.229484] PHYS_OFFSET: 0xffff9ca500000000
[    1.229665] CPU features: 0x0,88000003,3c020000,0000421b
[    1.230037] Memory Limit: none
[    1.230528] Rebooting in 1 seconds..
[    0.000000] Booting Linux on physical CPU 0x0000000000 [0x411fd070]
[    0.000000] Linux version 6.6.133 (builder@buildhost) (aarch64-openwrt-linux-musl-gcc (OpenWrt GCC 13.3.0 r29160-b76c38f9e2) 13.3.0, GNU ld (GNU Binutils) 2.42) #0 SMP Wed Apr 29 07:47:23 2026
[    0.000000] KASLR enabled
[    0.000000] random: crng init done
[    0.000000] Machine model: linux,dummy-virt
[    0.000000] efi: UEFI not found.
[    0.000000] NUMA: No NUMA configuration found
[    0.000000] NUMA: Faking a node at [mem 0x0000000040000000-0x0000000047ffffff]
[    0.000000] NUMA: NODE_DATA [mem 0x47fac380-0x47faefff]
[    0.000000] Zone ranges:
[    0.000000]   DMA      [mem 0x0000000040000000-0x0000000047ffffff]
[    0.000000]   DMA32    empty
[    0.000000]   Normal   empty
[    0.000000] Movable zone start for each node
[    0.000000] Early memory node ranges
[    0.000000]   node   0: [mem 0x0000000040000000-0x0000000047ffffff]
[    0.000000] Initmem setup node 0 [mem 0x0000000040000000-0x0000000047ffffff]
[    0.000000] cma: Reserved 32 MiB at 0x0000000045c00000 on node -1
[    0.000000] psci: probing for conduit method from DT.
[    0.000000] psci: PSCIv1.1 detected in firmware.
[    0.000000] psci: Using standard PSCI v0.2 function IDs
[    0.000000] psci: Trusted OS migration not required
[    0.000000] psci: SMC Calling Convention v1.0
[    0.000000] percpu: Embedded 20 pages/cpu s42344 r8192 d31384 u81920
[    0.000000] Detected PIPT I-cache on CPU0
[    0.000000] CPU features: detected: Spectre-v2
[    0.000000] CPU features: detected: Spectre-v3a
[    0.000000] CPU features: detected: Spectre-v4
[    0.000000] CPU features: detected: Spectre-BHB
[    0.000000] CPU features: kernel page table isolation forced ON by KASLR
[    0.000000] CPU features: detected: Kernel page table isolation (KPTI)
[    0.000000] CPU features: detected: ARM erratum 834220
[    0.000000] CPU features: detected: ARM erratum 832075
[    0.000000] CPU features: detected: ARM errata 1165522, 1319367, or 1530923
[    0.000000] alternatives: applying boot alternatives
[    0.000000] Kernel command line: 
[    0.000000] Dentry cache hash table entries: 16384 (order: 5, 131072 bytes, linear)
[    0.000000] Inode-cache hash table entries: 8192 (order: 4, 65536 bytes, linear)
[    0.000000] Fallback order for Node 0: 0 
[    0.000000] Built 1 zonelists, mobility grouping on.  Total pages: 32256
[    0.000000] Policy zone: DMA
[    0.000000] mem auto-init: stack:off, heap alloc:off, heap free:off
[    0.000000] software IO TLB: SWIOTLB bounce buffer size adjusted to 0MB
[    0.000000] software IO TLB: area num 1.
[    0.000000] software IO TLB: mapped [mem 0x0000000047f12000-0x0000000047f52000] (0MB)
[    0.000000] Memory: 55196K/131072K available (11712K kernel code, 1548K rwdata, 3040K rodata, 22144K init, 478K bss, 43108K reserved, 32768K cma-reserved)
[    0.000000] SLUB: HWalign=64, Order=0-3, MinObjects=0, CPUs=1, Nodes=1
[    0.000000] rcu: Hierarchical RCU implementation.
[    0.000000] rcu: 	RCU restricting CPUs from NR_CPUS=256 to nr_cpu_ids=1.
[    0.000000] 	Tracing variant of Tasks RCU enabled.
[    0.000000] rcu: RCU calculated value of scheduler-enlistment delay is 10 jiffies.
[    0.000000] rcu: Adjusting geometry for rcu_fanout_leaf=16, nr_cpu_ids=1
[    0.000000] NR_IRQS: 64, nr_irqs: 64, preallocated irqs: 0
[    0.000000] Root IRQ handler: 0xffffbc20544100b4
[    0.000000] GICv2m: range[mem 0x08020000-0x08020fff], SPI[80:143]
[    0.000000] rcu: srcu_init: Setting srcu_struct sizes based on contention.
[    0.000000] arch_timer: cp15 timer(s) running at 62.50MHz (virt).
[    0.000000] clocksource: arch_sys_counter: mask: 0x1ffffffffffffff max_cycles: 0x1cd42e208c, max_idle_ns: 881590405314 ns
[    0.000078] sched_clock: 57 bits at 63MHz, resolution 16ns, wraps every 4398046511096ns
[    0.002855] Console: colour dummy device 80x25
[    0.003129] printk: console [tty0] enabled
[    0.006479] Calibrating delay loop (skipped), value calculated using timer frequency.. 125.00 BogoMIPS (lpj=625000)
[    0.006624] pid_max: default: 32768 minimum: 301
[    0.011628] Mount-cache hash table entries: 512 (order: 0, 4096 bytes, linear)
[    0.011680] Mountpoint-cache hash table entries: 512 (order: 0, 4096 bytes, linear)
[    0.034780] cacheinfo: Unable to detect cache hierarchy for CPU 0
[    0.041826] RCU Tasks Trace: Setting shift to 0 and lim to 1 rcu_task_cb_adjust=1 rcu_task_cpu_ids=1.
[    0.043136] rcu: Hierarchical SRCU implementation.
[    0.043187] rcu: 	Max phase no-delay instances is 1000.
[    0.045791] EFI services will not be available.
[    0.046597] smp: Bringing up secondary CPUs ...
[    0.047202] smp: Brought up 1 node, 1 CPU
[    0.047239] SMP: Total of 1 processors activated.
[    0.047303] CPU features: detected: 32-bit EL0 Support
[    0.047325] CPU features: detected: 32-bit EL1 Support
[    0.047380] CPU features: detected: CRC32 instructions
[    0.049007] CPU features: emulated: Privileged Access Never (PAN) using TTBR0_EL1 switching
[    0.049218] CPU: All CPU(s) started at EL1
[    0.049402] alternatives: applying system-wide alternatives
[    0.067405] clocksource: jiffies: mask: 0xffffffff max_cycles: 0xffffffff, max_idle_ns: 19112604462750000 ns
[    0.067578] futex hash table entries: 256 (order: 2, 16384 bytes, linear)
[    0.069647] pinctrl core: initialized pinctrl subsystem
[    0.078771] DMI not present or invalid.
[    0.086161] NET: Registered PF_NETLINK/PF_ROUTE protocol family
[    0.093999] DMA: preallocated 128 KiB GFP_KERNEL pool for atomic allocations
[    0.094427] DMA: preallocated 128 KiB GFP_KERNEL|GFP_DMA pool for atomic allocations
[    0.094633] DMA: preallocated 128 KiB GFP_KERNEL|GFP_DMA32 pool for atomic allocations
[    0.098143] thermal_sys: Registered thermal governor 'step_wise'
[    0.098399] cpuidle: using governor ladder
[    0.098578] cpuidle: using governor menu
[    0.099192] ASID allocator initialised with 32768 entries
[    0.100763] Serial: AMBA PL011 UART driver
[    0.121984] 9000000.pl011: ttyAMA0 at MMIO 0x9000000 (irq = 13, base_baud = 0) is a PL011 rev1
[    0.123337] printk: console [ttyAMA0] enabled
[    0.347384] Modules: 2G module region forced by RANDOMIZE_MODULE_REGION_FULL
[    0.347637] Modules: 0 pages in range for non-PLT usage
[    0.347657] Modules: 514496 pages in range for PLT usage
[    0.361420] cryptd: max_cpu_qlen set to 1000
[    0.364295] ACPI: Interpreter disabled.
[    0.367266] iommu: Default domain type: Passthrough
[    0.368528] SCSI subsystem initialized
[    0.370638] usbcore: registered new interface driver usbfs
[    0.371080] usbcore: registered new interface driver hub
[    0.371368] usbcore: registered new device driver usb
[    0.391900] clocksource: Switched to clocksource arch_sys_counter
[    0.393427] pnp: PnP ACPI: disabled
[    0.402926] NET: Registered PF_INET protocol family
[    0.404048] IP idents hash table entries: 2048 (order: 2, 16384 bytes, linear)
[    0.409114] tcp_listen_portaddr_hash hash table entries: 256 (order: 0, 4096 bytes, linear)
[    0.409607] Table-perturb hash table entries: 65536 (order: 6, 262144 bytes, linear)
[    0.413586] TCP established hash table entries: 1024 (order: 1, 8192 bytes, linear)
[    0.414104] TCP bind hash table entries: 1024 (order: 3, 32768 bytes, linear)
[    0.414447] TCP: Hash tables configured (established 1024 bind 1024)
[    0.416165] MPTCP token hash table entries: 256 (order: 1, 6144 bytes, linear)
[    0.424875] UDP hash table entries: 256 (order: 1, 8192 bytes, linear)
[    0.425346] UDP-Lite hash table entries: 256 (order: 1, 8192 bytes, linear)
[    0.426791] NET: Registered PF_UNIX/PF_LOCAL protocol family
[    0.427447] PCI: CLS 0 bytes, default 64
[    0.451342] kvm [1]: HYP mode not available
[    0.454542] workingset: timestamp_bits=42 max_order=15 bucket_order=0
[    0.456291] squashfs: version 4.0 (2009/01/31) Phillip Lougher
[    0.456494] jffs2: version 2.2 (NAND) (SUMMARY) (LZMA) (RTIME) (CMODE_PRIORITY) (c) 2001-2006 Red Hat, Inc.
[    0.472473] 9p: Installing v9fs 9p2000 file system support
[    0.474833] Block layer SCSI generic (bsg) driver version 0.4 loaded (major 250)
[    0.485913] atomic64_test: passed
[    0.496838] pl061_gpio 9030000.pl061: PL061 GPIO chip registered
[    0.498860] pci-host-generic 4010000000.pcie: host bridge /pcie@10000000 ranges:
[    0.499608] pci-host-generic 4010000000.pcie:       IO 0x003eff0000..0x003effffff -> 0x0000000000
[    0.500304] pci-host-generic 4010000000.pcie:      MEM 0x0010000000..0x003efeffff -> 0x0010000000
[    0.507613] pci-host-generic 4010000000.pcie:      MEM 0x8000000000..0xffffffffff -> 0x8000000000
[    0.508448] pci-host-generic 4010000000.pcie: Memory resource size exceeds max for 32 bits
[    0.509124] pci-host-generic 4010000000.pcie: ECAM at [mem 0x4010000000-0x401fffffff] for [bus 00-ff]
[    0.519517] pci-host-generic 4010000000.pcie: PCI host bridge to bus 0000:00
[    0.519984] pci_bus 0000:00: root bus resource [bus 00-ff]
[    0.520222] pci_bus 0000:00: root bus resource [io  0x0000-0xffff]
[    0.520432] pci_bus 0000:00: root bus resource [mem 0x10000000-0x3efeffff]
[    0.529613] pci_bus 0000:00: root bus resource [mem 0x8000000000-0xffffffffff]
[    0.531274] pci 0000:00:00.0: [1b36:0008] type 00 class 0x060000
[    0.534150] pci 0000:00:01.0: [1af4:1000] type 00 class 0x020000
[    0.534784] pci 0000:00:01.0: BAR 0 [io  0x0000-0x001f]
[    0.540419] pci 0000:00:01.0: BAR 4 [mem 0x00000000-0x00003fff 64bit pref]
[    0.540868] pci 0000:00:01.0: ROM [mem 0x00000000-0x0007ffff pref]
[    0.541615] pci 0000:00:02.0: [1af4:1005] type 00 class 0x00ff00
[    0.541969] pci 0000:00:02.0: BAR 0 [io  0x0000-0x001f]
[    0.551455] pci 0000:00:02.0: BAR 1 [mem 0x00000000-0x00000fff]
[    0.551776] pci 0000:00:02.0: BAR 4 [mem 0x00000000-0x00003fff 64bit pref]
[    0.552435] pci 0000:00:03.0: [1af4:1000] type 00 class 0x020000
[    0.552729] pci 0000:00:03.0: BAR 0 [io  0x0000-0x001f]
[    0.552955] pci 0000:00:03.0: BAR 1 [mem 0x00000000-0x00000fff]
[    0.562674] pci 0000:00:03.0: BAR 4 [mem 0x00000000-0x00003fff 64bit pref]
[    0.562978] pci 0000:00:03.0: ROM [mem 0x00000000-0x0007ffff pref]
[    0.565169] pci 0000:00:01.0: ROM [mem 0x10000000-0x1007ffff pref]: assigned
[    0.565528] pci 0000:00:03.0: ROM [mem 0x10080000-0x100fffff pref]: assigned
[    0.573663] pci 0000:00:01.0: BAR 4 [mem 0x8000000000-0x8000003fff 64bit pref]: assigned
[    0.574207] pci 0000:00:02.0: BAR 4 [mem 0x8000004000-0x8000007fff 64bit pref]: assigned
[    0.574523] pci 0000:00:03.0: BAR 4 [mem 0x8000008000-0x800000bfff 64bit pref]: assigned
[    0.584526] pci 0000:00:02.0: BAR 1 [mem 0x10100000-0x10100fff]: assigned
[    0.584909] pci 0000:00:03.0: BAR 1 [mem 0x10101000-0x10101fff]: assigned
[    0.585202] pci 0000:00:01.0: BAR 0 [io  0x1000-0x101f]: assigned
[    0.585416] pci 0000:00:02.0: BAR 0 [io  0x1020-0x103f]: assigned
[    0.595485] pci 0000:00:03.0: BAR 0 [io  0x1040-0x105f]: assigned
[    0.645163] EINJ: ACPI disabled.
[    0.676875] virtio-pci 0000:00:01.0: enabling device (0000 -> 0003)
[    0.679928] virtio-pci 0000:00:02.0: enabling device (0000 -> 0003)
[    0.681386] virtio-pci 0000:00:03.0: enabling device (0000 -> 0003)
[    0.683795] Serial: 8250/16550 driver, 16 ports, IRQ sharing enabled
[    0.692591] SuperH (H)SCI(F) driver initialized
[    0.744516] loop: module loaded
[    0.764964] usbcore: registered new interface driver usb-storage
[    0.769127] rtc-pl031 9010000.pl031: registered as rtc0
[    0.769732] rtc-pl031 9010000.pl031: setting system clock to 2026-04-30T02:14:03 UTC (1777515243)
[    0.773571] sdhci: Secure Digital Host Controller Interface driver
[    0.775246] sdhci: Copyright(c) Pierre Ossman
[    0.776263] Synopsys Designware Multimedia Card Interface Driver
[    0.777069] sdhci-pltfm: SDHCI platform and OF driver helper
[    0.779357] hid: raw HID events driver (C) Jiri Kosina
[    0.779886] usbcore: registered new interface driver usbhid
[    0.786413] usbhid: USB HID core driver
[    0.789462] NET: Registered PF_INET6 protocol family
[    0.836545] Segment Routing with IPv6
[    0.836911] In-situ OAM (IOAM) with IPv6
[    0.837564] NET: Registered PF_PACKET protocol family
[    0.838228] bridge: filtering via arp/ip/ip6tables is no longer available by default. Update your scripts to load br_netfilter if you need this.
[    1.002443] 8021q: 802.1Q VLAN Support v1.8
[    1.003397] 9pnet: Installing 9P2000 support
[    1.145051] clk: Disabling unused clocks
[    1.149940] uart-pl011 9000000.pl011: no DMA platform data
[    1.187508] Freeing unused kernel memory: 22144K
[    1.188719] Run /init as init process
[    4.413835] init: Console is alive
[    4.521738] kmodloader: loading kernel modules from /etc/modules-boot.d/*
[    4.552572] pps_core: LinuxPPS API ver. 1 registered
[    4.552760] pps_core: Software ver. 5.3.6 - Copyright 2005-2007 Rodolfo Giometti <giometti@linux.it>
[    4.605854] PTP clock support registered
[    4.628153] kmodloader: done loading kernel modules from /etc/modules-boot.d/*
[    4.637689] init: - preinit -
[    6.430426] 8021q: adding VLAN 0 to HW filter on device eth0
Press the [f] key and hit [enter] to enter failsafe mode
Press the [1], [2], [3] or [4] key and hit [enter] to select the debug level
[   11.416664] procd: - early -
[   12.596299] procd: - ubus -
[   12.805354] procd: - init -
Please press Enter to activate this console.
root
login[1096]: root login on 'ttyAMA0'


BusyBox v1.36.1 (2026-04-29 07:47:23 UTC) built-in shell (ash)

  _______                     ________        __
 |       |.-----.-----.-----.|  |  |  |.----.|  |_
 |   -   ||  _  |  -__|     ||  |  |  ||   _||   _|
 |_______||   __|_____|__|__||________||__|  |____|
          |__| W I R E L E S S   F R E E D O M
 -----------------------------------------------------
 OpenWrt 24.10-SNAPSHOT, r29160-b76c38f9e2
 -----------------------------------------------------
=== WARNING! =====================================
There is no root password defined on this device!
Use the "passwd" command to set up a new password
in order to prevent unauthorized SSH logins.
--------------------------------------------------
root@(none):~# dmesg -n 1
root@(none):~# echo 'HVTU''KSNYAH'
HVTUKSNYAH
root@(none):~# run() { echo -n "$MARKER"; sh -c "$@"; echo "$MARKER $?"; }
root@(none):~# echo 'GFQV''HJTNLP'
GFQVHJTNLP
root@(none):~# MARKER='WUPB''EAWZLW' run 'ubus wait_for network.interface.lan'
WUPBEAWZLW