Labgrid Console Logfile for main
Logfile started at 2026-04-09 01:29:19.648805
=== Log starts here ===
[    0.000000] Booting Linux on physical CPU 0x0000000000 [0x411fd070]
[    0.000000] Linux version 6.6.129 (builder@buildhost) (aarch64-openwrt-linux-musl-gcc (OpenWrt GCC 13.3.0 r29148-beaf298c4c) 13.3.0, GNU ld (GNU Binutils) 2.42) #0 SMP Tue Apr  7 12:15:08 2026
[    0.000000] KASLR enabled
[    0.000000] random: crng init done
[    0.000000] Machine model: linux,dummy-virt
[    0.000000] efi: UEFI not found.
[    0.000000] NUMA: No NUMA configuration found
[    0.000000] NUMA: Faking a node at [mem 0x0000000040000000-0x0000000047ffffff]
[    0.000000] NUMA: NODE_DATA [mem 0x47fac380-0x47faefff]
[    0.000000] Zone ranges:
[    0.000000]   DMA      [mem 0x0000000040000000-0x0000000047ffffff]
[    0.000000]   DMA32    empty
[    0.000000]   Normal   empty
[    0.000000] Movable zone start for each node
[    0.000000] Early memory node ranges
[    0.000000]   node   0: [mem 0x0000000040000000-0x0000000047ffffff]
[    0.000000] Initmem setup node 0 [mem 0x0000000040000000-0x0000000047ffffff]
[    0.000000] cma: Reserved 32 MiB at 0x0000000045c00000 on node -1
[    0.000000] psci: probing for conduit method from DT.
[    0.000000] psci: PSCIv1.1 detected in firmware.
[    0.000000] psci: Using standard PSCI v0.2 function IDs
[    0.000000] psci: Trusted OS migration not required
[    0.000000] psci: SMC Calling Convention v1.0
[    0.000000] percpu: Embedded 20 pages/cpu s42344 r8192 d31384 u81920
[    0.000000] Detected PIPT I-cache on CPU0
[    0.000000] CPU features: detected: Spectre-v2
[    0.000000] CPU features: detected: Spectre-v3a
[    0.000000] CPU features: detected: Spectre-v4
[    0.000000] CPU features: detected: Spectre-BHB
[    0.000000] CPU features: kernel page table isolation forced ON by KASLR
[    0.000000] CPU features: detected: Kernel page table isolation (KPTI)
[    0.000000] CPU features: detected: ARM erratum 834220
[    0.000000] CPU features: detected: ARM erratum 832075
[    0.000000] CPU features: detected: ARM errata 1165522, 1319367, or 1530923
[    0.000000] alternatives: applying boot alternatives
[    0.000000] Kernel command line: 
[    0.000000] Dentry cache hash table entries: 16384 (order: 5, 131072 bytes, linear)
[    0.000000] Inode-cache hash table entries: 8192 (order: 4, 65536 bytes, linear)
[    0.000000] Fallback order for Node 0: 0 
[    0.000000] Built 1 zonelists, mobility grouping on.  Total pages: 32256
[    0.000000] Policy zone: DMA
[    0.000000] mem auto-init: stack:off, heap alloc:off, heap free:off
[    0.000000] software IO TLB: SWIOTLB bounce buffer size adjusted to 0MB
[    0.000000] software IO TLB: area num 1.
[    0.000000] software IO TLB: mapped [mem 0x0000000047f12000-0x0000000047f52000] (0MB)
[    0.000000] Memory: 55324K/131072K available (11648K kernel code, 1546K rwdata, 3040K rodata, 22144K init, 478K bss, 42980K reserved, 32768K cma-reserved)
[    0.000000] SLUB: HWalign=64, Order=0-3, MinObjects=0, CPUs=1, Nodes=1
[    0.000000] rcu: Hierarchical RCU implementation.
[    0.000000] rcu: 	RCU restricting CPUs from NR_CPUS=256 to nr_cpu_ids=1.
[    0.000000] 	Tracing variant of Tasks RCU enabled.
[    0.000000] rcu: RCU calculated value of scheduler-enlistment delay is 10 jiffies.
[    0.000000] rcu: Adjusting geometry for rcu_fanout_leaf=16, nr_cpu_ids=1
[    0.000000] NR_IRQS: 64, nr_irqs: 64, preallocated irqs: 0
[    0.000000] Root IRQ handler: 0xffffd187dec100b4
[    0.000000] GICv2m: range[mem 0x08020000-0x08020fff], SPI[80:143]
[    0.000000] rcu: srcu_init: Setting srcu_struct sizes based on contention.
[    0.000000] arch_timer: cp15 timer(s) running at 62.50MHz (virt).
[    0.000000] clocksource: arch_sys_counter: mask: 0x1ffffffffffffff max_cycles: 0x1cd42e208c, max_idle_ns: 881590405314 ns
[    0.000074] sched_clock: 57 bits at 63MHz, resolution 16ns, wraps every 4398046511096ns
[    0.002909] Console: colour dummy device 80x25
[    0.003197] printk: console [tty0] enabled
[    0.006668] Calibrating delay loop (skipped), value calculated using timer frequency.. 125.00 BogoMIPS (lpj=625000)
[    0.006825] pid_max: default: 32768 minimum: 301
[    0.011999] Mount-cache hash table entries: 512 (order: 0, 4096 bytes, linear)
[    0.012052] Mountpoint-cache hash table entries: 512 (order: 0, 4096 bytes, linear)
[    0.035925] cacheinfo: Unable to detect cache hierarchy for CPU 0
[    0.043267] RCU Tasks Trace: Setting shift to 0 and lim to 1 rcu_task_cb_adjust=1 rcu_task_cpu_ids=1.
[    0.044666] rcu: Hierarchical SRCU implementation.
[    0.044719] rcu: 	Max phase no-delay instances is 1000.
[    0.047449] EFI services will not be available.
[    0.048232] smp: Bringing up secondary CPUs ...
[    0.048850] smp: Brought up 1 node, 1 CPU
[    0.048887] SMP: Total of 1 processors activated.
[    0.048962] CPU features: detected: 32-bit EL0 Support
[    0.048987] CPU features: detected: 32-bit EL1 Support
[    0.049043] CPU features: detected: CRC32 instructions
[    0.050535] CPU features: emulated: Privileged Access Never (PAN) using TTBR0_EL1 switching
[    0.050775] CPU: All CPU(s) started at EL1
[    0.050962] alternatives: applying system-wide alternatives
[    0.069770] clocksource: jiffies: mask: 0xffffffff max_cycles: 0xffffffff, max_idle_ns: 19112604462750000 ns
[    0.069950] futex hash table entries: 256 (order: 2, 16384 bytes, linear)
[    0.072075] pinctrl core: initialized pinctrl subsystem
[    0.081528] DMI not present or invalid.
[    0.089132] NET: Registered PF_NETLINK/PF_ROUTE protocol family
[    0.097276] DMA: preallocated 128 KiB GFP_KERNEL pool for atomic allocations
[    0.097735] DMA: preallocated 128 KiB GFP_KERNEL|GFP_DMA pool for atomic allocations
[    0.097948] DMA: preallocated 128 KiB GFP_KERNEL|GFP_DMA32 pool for atomic allocations
[    0.101641] thermal_sys: Registered thermal governor 'step_wise'
[    0.101920] cpuidle: using governor ladder
[    0.102108] cpuidle: using governor menu
[    0.102731] ASID allocator initialised with 32768 entries
[    0.104341] Serial: AMBA PL011 UART driver
[    0.127068] 9000000.pl011: ttyAMA0 at MMIO 0x9000000 (irq = 13, base_baud = 0) is a PL011 rev1
[    0.128258] printk: console [ttyAMA0] enabled
[    0.340924] Modules: 2G module region forced by RANDOMIZE_MODULE_REGION_FULL
[    0.348284] Modules: 0 pages in range for non-PLT usage
[    0.348317] Modules: 514528 pages in range for PLT usage
[    0.355282] cryptd: max_cpu_qlen set to 1000
[    0.358343] ACPI: Interpreter disabled.
[    0.361144] iommu: Default domain type: Passthrough
[    0.362370] SCSI subsystem initialized
[    0.364462] usbcore: registered new interface driver usbfs
[    0.364950] usbcore: registered new interface driver hub
[    0.365238] usbcore: registered new device driver usb
[    0.386127] clocksource: Switched to clocksource arch_sys_counter
[    0.387645] pnp: PnP ACPI: disabled
[    0.397523] NET: Registered PF_INET protocol family
[    0.398669] IP idents hash table entries: 2048 (order: 2, 16384 bytes, linear)
[    0.403974] tcp_listen_portaddr_hash hash table entries: 256 (order: 0, 4096 bytes, linear)
[    0.404474] Table-perturb hash table entries: 65536 (order: 6, 262144 bytes, linear)
[    0.408050] TCP established hash table entries: 1024 (order: 1, 8192 bytes, linear)
[    0.408661] TCP bind hash table entries: 1024 (order: 3, 32768 bytes, linear)
[    0.409102] TCP: Hash tables configured (established 1024 bind 1024)
[    0.410877] MPTCP token hash table entries: 256 (order: 1, 6144 bytes, linear)
[    0.419393] UDP hash table entries: 256 (order: 1, 8192 bytes, linear)
[    0.419949] UDP-Lite hash table entries: 256 (order: 1, 8192 bytes, linear)
[    0.421486] NET: Registered PF_UNIX/PF_LOCAL protocol family
[    0.422152] PCI: CLS 0 bytes, default 64
[    0.435756] kvm [1]: HYP mode not available
[    0.439694] workingset: timestamp_bits=42 max_order=15 bucket_order=0
[    0.441482] squashfs: version 4.0 (2009/01/31) Phillip Lougher
[    0.441709] jffs2: version 2.2 (NAND) (SUMMARY) (LZMA) (RTIME) (CMODE_PRIORITY) (c) 2001-2006 Red Hat, Inc.
[    0.456482] 9p: Installing v9fs 9p2000 file system support
[    0.458937] Block layer SCSI generic (bsg) driver version 0.4 loaded (major 250)
[    0.470044] atomic64_test: passed
[    0.480724] pl061_gpio 9030000.pl061: PL061 GPIO chip registered
[    0.482770] pci-host-generic 4010000000.pcie: host bridge /pcie@10000000 ranges:
[    0.483538] pci-host-generic 4010000000.pcie:       IO 0x003eff0000..0x003effffff -> 0x0000000000
[    0.484256] pci-host-generic 4010000000.pcie:      MEM 0x0010000000..0x003efeffff -> 0x0010000000
[    0.491454] pci-host-generic 4010000000.pcie:      MEM 0x8000000000..0xffffffffff -> 0x8000000000
[    0.492405] pci-host-generic 4010000000.pcie: Memory resource size exceeds max for 32 bits
[    0.493109] pci-host-generic 4010000000.pcie: ECAM at [mem 0x4010000000-0x401fffffff] for [bus 00-ff]
[    0.503494] pci-host-generic 4010000000.pcie: PCI host bridge to bus 0000:00
[    0.503989] pci_bus 0000:00: root bus resource [bus 00-ff]
[    0.504230] pci_bus 0000:00: root bus resource [io  0x0000-0xffff]
[    0.504450] pci_bus 0000:00: root bus resource [mem 0x10000000-0x3efeffff]
[    0.513961] pci_bus 0000:00: root bus resource [mem 0x8000000000-0xffffffffff]
[    0.516105] pci 0000:00:00.0: [1b36:0008] type 00 class 0x060000
[    0.519120] pci 0000:00:01.0: [1af4:1000] type 00 class 0x020000
[    0.519532] pci 0000:00:01.0: reg 0x10: [io  0x0000-0x001f]
[    0.524899] pci 0000:00:01.0: reg 0x20: [mem 0x00000000-0x00003fff 64bit pref]
[    0.525258] pci 0000:00:01.0: reg 0x30: [mem 0x00000000-0x0007ffff pref]
[    0.526093] pci 0000:00:02.0: [1af4:1005] type 00 class 0x00ff00
[    0.526308] pci 0000:00:02.0: reg 0x10: [io  0x0000-0x001f]
[    0.536024] pci 0000:00:02.0: reg 0x14: [mem 0x00000000-0x00000fff]
[    0.536290] pci 0000:00:02.0: reg 0x20: [mem 0x00000000-0x00003fff 64bit pref]
[    0.537065] pci 0000:00:03.0: [1af4:1000] type 00 class 0x020000
[    0.537278] pci 0000:00:03.0: reg 0x10: [io  0x0000-0x001f]
[    0.547029] pci 0000:00:03.0: reg 0x14: [mem 0x00000000-0x00000fff]
[    0.547284] pci 0000:00:03.0: reg 0x20: [mem 0x00000000-0x00003fff 64bit pref]
[    0.547601] pci 0000:00:03.0: reg 0x30: [mem 0x00000000-0x0007ffff pref]
[    0.549878] pci 0000:00:01.0: BAR 6: assigned [mem 0x10000000-0x1007ffff pref]
[    0.558241] pci 0000:00:03.0: BAR 6: assigned [mem 0x10080000-0x100fffff pref]
[    0.558723] pci 0000:00:01.0: BAR 4: assigned [mem 0x8000000000-0x8000003fff 64bit pref]
[    0.559164] pci 0000:00:02.0: BAR 4: assigned [mem 0x8000004000-0x8000007fff 64bit pref]
[    0.559468] pci 0000:00:03.0: BAR 4: assigned [mem 0x8000008000-0x800000bfff 64bit pref]
[    0.569180] pci 0000:00:02.0: BAR 1: assigned [mem 0x10100000-0x10100fff]
[    0.569508] pci 0000:00:03.0: BAR 1: assigned [mem 0x10101000-0x10101fff]
[    0.569841] pci 0000:00:01.0: BAR 0: assigned [io  0x1000-0x101f]
[    0.570064] pci 0000:00:02.0: BAR 0: assigned [io  0x1020-0x103f]
[    0.580160] pci 0000:00:03.0: BAR 0: assigned [io  0x1040-0x105f]
[    0.639251] EINJ: ACPI disabled.
[    0.671686] virtio-pci 0000:00:01.0: enabling device (0000 -> 0003)
[    0.674950] virtio-pci 0000:00:02.0: enabling device (0000 -> 0003)
[    0.676566] virtio-pci 0000:00:03.0: enabling device (0000 -> 0003)
[    0.679120] Serial: 8250/16550 driver, 16 ports, IRQ sharing enabled
[    0.687759] SuperH (H)SCI(F) driver initialized
[    0.739981] loop: module loaded
[    0.759324] usbcore: registered new interface driver usb-storage
[    0.763355] rtc-pl031 9010000.pl031: registered as rtc0
[    0.763996] rtc-pl031 9010000.pl031: setting system clock to 2026-04-09T01:29:20 UTC (1775698160)
[    0.767915] sdhci: Secure Digital Host Controller Interface driver
[    0.769647] sdhci: Copyright(c) Pierre Ossman
[    0.770729] Synopsys Designware Multimedia Card Interface Driver
[    0.771502] sdhci-pltfm: SDHCI platform and OF driver helper
[    0.773833] hid: raw HID events driver (C) Jiri Kosina
[    0.774368] usbcore: registered new interface driver usbhid
[    0.780744] usbhid: USB HID core driver
[    0.783654] NET: Registered PF_INET6 protocol family
[    0.828216] Segment Routing with IPv6
[    0.828528] In-situ OAM (IOAM) with IPv6
[    0.829177] NET: Registered PF_PACKET protocol family
[    0.829820] bridge: filtering via arp/ip/ip6tables is no longer available by default. Update your scripts to load br_netfilter if you need this.
[    1.008339] 8021q: 802.1Q VLAN Support v1.8
[    1.009450] 9pnet: Installing 9P2000 support
[    1.153978] clk: Disabling unused clocks
[    1.161365] uart-pl011 9000000.pl011: no DMA platform data
[    1.200028] Freeing unused kernel memory: 22144K
[    1.200677] Run /init as init process
[    4.432045] init: Console is alive
[    4.539723] kmodloader: loading kernel modules from /etc/modules-boot.d/*
[    4.571508] pps_core: LinuxPPS API ver. 1 registered
[    4.571737] pps_core: Software ver. 5.3.6 - Copyright 2005-2007 Rodolfo Giometti <giometti@linux.it>
[    4.625169] PTP clock support registered
[    4.647416] kmodloader: done loading kernel modules from /etc/modules-boot.d/*
[    4.659928] init: - preinit -
[    6.474594] 8021q: adding VLAN 0 to HW filter on device eth0
Press the [f] key and hit [enter] to enter failsafe mode
Press the [1], [2], [3] or [4] key and hit [enter] to select the debug level
[   11.482371] procd: - early -
[   12.663276] procd: - ubus -
[   12.872165] procd: - init -
Please press Enter to activate this console.
root
login[1098]: root login on 'ttyAMA0'


BusyBox v1.36.1 (2026-04-07 12:15:08 UTC) built-in shell (ash)

  _______                     ________        __
 |       |.-----.-----.-----.|  |  |  |.----.|  |_
 |   -   ||  _  |  -__|     ||  |  |  ||   _||   _|
 |_______||   __|_____|__|__||________||__|  |____|
          |__| W I R E L E S S   F R E E D O M
 -----------------------------------------------------
 OpenWrt 24.10-SNAPSHOT, r29148-beaf298c4c
 -----------------------------------------------------
=== WARNING! =====================================
There is no root password defined on this device!
Use the "passwd" command to set up a new password
in order to prevent unauthorized SSH logins.
--------------------------------------------------
root@(none):~# dmesg -n 1
root@(none):~# echo 'WAOM''ZXZXFG'
WAOMZXZXFG
root@(none):~# run() { echo -n "$MARKER"; sh -c "$@"; echo "$MARKER $?"; }
root@(none):~# echo 'GCYZ''BOXFTV'
GCYZBOXFTV
root@(none):~# MARKER='FTJZ''MZMCZT' run 'ubus wait_for network.interface.lan'
FTJZMZMCZT