Labgrid Console Logfile for main
Logfile started at 2026-04-22 01:56:16.812829
=== Log starts here ===
[    0.000000] Booting Linux on physical CPU 0x0000000000 [0x411fd070]
[    0.000000] Linux version 6.6.133 (builder@buildhost) (aarch64-openwrt-linux-musl-gcc (OpenWrt GCC 13.3.0 r29157-44df9972d5) 13.3.0, GNU ld (GNU Binutils) 2.42) #0 SMP Sun Apr 12 18:14:18 2026
[    0.000000] KASLR enabled
[    0.000000] random: crng init done
[    0.000000] Machine model: linux,dummy-virt
[    0.000000] efi: UEFI not found.
[    0.000000] NUMA: No NUMA configuration found
[    0.000000] NUMA: Faking a node at [mem 0x0000000040000000-0x0000000047ffffff]
[    0.000000] NUMA: NODE_DATA [mem 0x47fab380-0x47fadfff]
[    0.000000] Zone ranges:
[    0.000000]   DMA      [mem 0x0000000040000000-0x0000000047ffffff]
[    0.000000]   DMA32    empty
[    0.000000]   Normal   empty
[    0.000000] Movable zone start for each node
[    0.000000] Early memory node ranges
[    0.000000]   node   0: [mem 0x0000000040000000-0x0000000047ffffff]
[    0.000000] Initmem setup node 0 [mem 0x0000000040000000-0x0000000047ffffff]
[    0.000000] cma: Reserved 32 MiB at 0x0000000045c00000 on node -1
[    0.000000] psci: probing for conduit method from DT.
[    0.000000] psci: PSCIv1.1 detected in firmware.
[    0.000000] psci: Using standard PSCI v0.2 function IDs
[    0.000000] psci: Trusted OS migration not required
[    0.000000] psci: SMC Calling Convention v1.0
[    0.000000] percpu: Embedded 20 pages/cpu s42344 r8192 d31384 u81920
[    0.000000] Detected PIPT I-cache on CPU0
[    0.000000] CPU features: detected: Spectre-v2
[    0.000000] CPU features: detected: Spectre-v3a
[    0.000000] CPU features: detected: Spectre-v4
[    0.000000] CPU features: detected: Spectre-BHB
[    0.000000] CPU features: kernel page table isolation forced ON by KASLR
[    0.000000] CPU features: detected: Kernel page table isolation (KPTI)
[    0.000000] CPU features: detected: ARM erratum 834220
[    0.000000] CPU features: detected: ARM erratum 832075
[    0.000000] CPU features: detected: ARM errata 1165522, 1319367, or 1530923
[    0.000000] alternatives: applying boot alternatives
[    0.000000] Kernel command line: 
[    0.000000] Dentry cache hash table entries: 16384 (order: 5, 131072 bytes, linear)
[    0.000000] Inode-cache hash table entries: 8192 (order: 4, 65536 bytes, linear)
[    0.000000] Fallback order for Node 0: 0 
[    0.000000] Built 1 zonelists, mobility grouping on.  Total pages: 32256
[    0.000000] Policy zone: DMA
[    0.000000] mem auto-init: stack:off, heap alloc:off, heap free:off
[    0.000000] software IO TLB: SWIOTLB bounce buffer size adjusted to 0MB
[    0.000000] software IO TLB: area num 1.
[    0.000000] software IO TLB: mapped [mem 0x0000000047f11000-0x0000000047f51000] (0MB)
[    0.000000] Memory: 55192K/131072K available (11712K kernel code, 1548K rwdata, 3040K rodata, 22144K init, 478K bss, 43112K reserved, 32768K cma-reserved)
[    0.000000] SLUB: HWalign=64, Order=0-3, MinObjects=0, CPUs=1, Nodes=1
[    0.000000] rcu: Hierarchical RCU implementation.
[    0.000000] rcu: 	RCU restricting CPUs from NR_CPUS=256 to nr_cpu_ids=1.
[    0.000000] 	Tracing variant of Tasks RCU enabled.
[    0.000000] rcu: RCU calculated value of scheduler-enlistment delay is 10 jiffies.
[    0.000000] rcu: Adjusting geometry for rcu_fanout_leaf=16, nr_cpu_ids=1
[    0.000000] NR_IRQS: 64, nr_irqs: 64, preallocated irqs: 0
[    0.000000] Root IRQ handler: 0xffffd8f4fdc100b4
[    0.000000] GICv2m: range[mem 0x08020000-0x08020fff], SPI[80:143]
[    0.000000] rcu: srcu_init: Setting srcu_struct sizes based on contention.
[    0.000000] arch_timer: cp15 timer(s) running at 62.50MHz (virt).
[    0.000000] clocksource: arch_sys_counter: mask: 0x1ffffffffffffff max_cycles: 0x1cd42e208c, max_idle_ns: 881590405314 ns
[    0.000063] sched_clock: 57 bits at 63MHz, resolution 16ns, wraps every 4398046511096ns
[    0.002349] Console: colour dummy device 80x25
[    0.002573] printk: console [tty0] enabled
[    0.005368] Calibrating delay loop (skipped), value calculated using timer frequency.. 125.00 BogoMIPS (lpj=625000)
[    0.005490] pid_max: default: 32768 minimum: 301
[    0.007502] Mount-cache hash table entries: 512 (order: 0, 4096 bytes, linear)
[    0.007544] Mountpoint-cache hash table entries: 512 (order: 0, 4096 bytes, linear)
[    0.028599] cacheinfo: Unable to detect cache hierarchy for CPU 0
[    0.034685] RCU Tasks Trace: Setting shift to 0 and lim to 1 rcu_task_cb_adjust=1 rcu_task_cpu_ids=1.
[    0.035836] rcu: Hierarchical SRCU implementation.
[    0.035883] rcu: 	Max phase no-delay instances is 1000.
[    0.038034] EFI services will not be available.
[    0.038674] smp: Bringing up secondary CPUs ...
[    0.039177] smp: Brought up 1 node, 1 CPU
[    0.039204] SMP: Total of 1 processors activated.
[    0.039262] CPU features: detected: 32-bit EL0 Support
[    0.039278] CPU features: detected: 32-bit EL1 Support
[    0.039322] CPU features: detected: CRC32 instructions
[    0.040578] CPU features: emulated: Privileged Access Never (PAN) using TTBR0_EL1 switching
[    0.040764] CPU: All CPU(s) started at EL1
[    0.040979] alternatives: applying system-wide alternatives
[    0.057229] clocksource: jiffies: mask: 0xffffffff max_cycles: 0xffffffff, max_idle_ns: 19112604462750000 ns
[    0.057418] futex hash table entries: 256 (order: 2, 16384 bytes, linear)
[    0.059136] pinctrl core: initialized pinctrl subsystem
[    0.066878] DMI not present or invalid.
[    0.072974] NET: Registered PF_NETLINK/PF_ROUTE protocol family
[    0.079784] DMA: preallocated 128 KiB GFP_KERNEL pool for atomic allocations
[    0.080227] DMA: preallocated 128 KiB GFP_KERNEL|GFP_DMA pool for atomic allocations
[    0.080401] DMA: preallocated 128 KiB GFP_KERNEL|GFP_DMA32 pool for atomic allocations
[    0.083334] thermal_sys: Registered thermal governor 'step_wise'
[    0.083597] cpuidle: using governor ladder
[    0.083754] cpuidle: using governor menu
[    0.084276] ASID allocator initialised with 32768 entries
[    0.085726] Serial: AMBA PL011 UART driver
[    0.103814] 9000000.pl011: ttyAMA0 at MMIO 0x9000000 (irq = 13, base_baud = 0) is a PL011 rev1
[    0.104811] printk: console [ttyAMA0] enabled
[    0.327431] Modules: 2G module region forced by RANDOMIZE_MODULE_REGION_FULL
[    0.327679] Modules: 0 pages in range for non-PLT usage
[    0.327694] Modules: 514496 pages in range for PLT usage
[    0.333163] cryptd: max_cpu_qlen set to 1000
[    0.335864] ACPI: Interpreter disabled.
[    0.339918] iommu: Default domain type: Passthrough
[    0.340990] SCSI subsystem initialized
[    0.342735] usbcore: registered new interface driver usbfs
[    0.343106] usbcore: registered new interface driver hub
[    0.343340] usbcore: registered new device driver usb
[    0.362799] clocksource: Switched to clocksource arch_sys_counter
[    0.364163] pnp: PnP ACPI: disabled
[    0.369913] NET: Registered PF_INET protocol family
[    0.371078] IP idents hash table entries: 2048 (order: 2, 16384 bytes, linear)
[    0.376668] tcp_listen_portaddr_hash hash table entries: 256 (order: 0, 4096 bytes, linear)
[    0.377142] Table-perturb hash table entries: 65536 (order: 6, 262144 bytes, linear)
[    0.377378] TCP established hash table entries: 1024 (order: 1, 8192 bytes, linear)
[    0.377690] TCP bind hash table entries: 1024 (order: 3, 32768 bytes, linear)
[    0.387390] TCP: Hash tables configured (established 1024 bind 1024)
[    0.389196] MPTCP token hash table entries: 256 (order: 1, 6144 bytes, linear)
[    0.389608] UDP hash table entries: 256 (order: 1, 8192 bytes, linear)
[    0.389954] UDP-Lite hash table entries: 256 (order: 1, 8192 bytes, linear)
[    0.399426] NET: Registered PF_UNIX/PF_LOCAL protocol family
[    0.400001] PCI: CLS 0 bytes, default 64
[    0.412654] kvm [1]: HYP mode not available
[    0.422979] workingset: timestamp_bits=42 max_order=15 bucket_order=0
[    0.424669] squashfs: version 4.0 (2009/01/31) Phillip Lougher
[    0.424863] jffs2: version 2.2 (NAND) (SUMMARY) (LZMA) (RTIME) (CMODE_PRIORITY) (c) 2001-2006 Red Hat, Inc.
[    0.426062] 9p: Installing v9fs 9p2000 file system support
[    0.436068] Block layer SCSI generic (bsg) driver version 0.4 loaded (major 250)
[    0.455907] atomic64_test: passed
[    0.464894] pl061_gpio 9030000.pl061: PL061 GPIO chip registered
[    0.466618] pci-host-generic 4010000000.pcie: host bridge /pcie@10000000 ranges:
[    0.467371] pci-host-generic 4010000000.pcie:       IO 0x003eff0000..0x003effffff -> 0x0000000000
[    0.467966] pci-host-generic 4010000000.pcie:      MEM 0x0010000000..0x003efeffff -> 0x0010000000
[    0.477474] pci-host-generic 4010000000.pcie:      MEM 0x8000000000..0xffffffffff -> 0x8000000000
[    0.478237] pci-host-generic 4010000000.pcie: Memory resource size exceeds max for 32 bits
[    0.478805] pci-host-generic 4010000000.pcie: ECAM at [mem 0x4010000000-0x401fffffff] for [bus 00-ff]
[    0.489175] pci-host-generic 4010000000.pcie: PCI host bridge to bus 0000:00
[    0.489560] pci_bus 0000:00: root bus resource [bus 00-ff]
[    0.489759] pci_bus 0000:00: root bus resource [io  0x0000-0xffff]
[    0.489948] pci_bus 0000:00: root bus resource [mem 0x10000000-0x3efeffff]
[    0.499887] pci_bus 0000:00: root bus resource [mem 0x8000000000-0xffffffffff]
[    0.501316] pci 0000:00:00.0: [1b36:0008] type 00 class 0x060000
[    0.503984] pci 0000:00:01.0: [1af4:1000] type 00 class 0x020000
[    0.504334] pci 0000:00:01.0: BAR 0 [io  0x0000-0x001f]
[    0.510403] pci 0000:00:01.0: BAR 4 [mem 0x00000000-0x00003fff 64bit pref]
[    0.510671] pci 0000:00:01.0: ROM [mem 0x00000000-0x0007ffff pref]
[    0.511364] pci 0000:00:02.0: [1af4:1005] type 00 class 0x00ff00
[    0.511554] pci 0000:00:02.0: BAR 0 [io  0x0000-0x001f]
[    0.521443] pci 0000:00:02.0: BAR 1 [mem 0x00000000-0x00000fff]
[    0.521677] pci 0000:00:02.0: BAR 4 [mem 0x00000000-0x00003fff 64bit pref]
[    0.522464] pci 0000:00:03.0: [1af4:1000] type 00 class 0x020000
[    0.522650] pci 0000:00:03.0: BAR 0 [io  0x0000-0x001f]
[    0.522790] pci 0000:00:03.0: BAR 1 [mem 0x00000000-0x00000fff]
[    0.532476] pci 0000:00:03.0: BAR 4 [mem 0x00000000-0x00003fff 64bit pref]
[    0.532755] pci 0000:00:03.0: ROM [mem 0x00000000-0x0007ffff pref]
[    0.534746] pci 0000:00:01.0: ROM [mem 0x10000000-0x1007ffff pref]: assigned
[    0.535083] pci 0000:00:03.0: ROM [mem 0x10080000-0x100fffff pref]: assigned
[    0.543621] pci 0000:00:01.0: BAR 4 [mem 0x8000000000-0x8000003fff 64bit pref]: assigned
[    0.544104] pci 0000:00:02.0: BAR 4 [mem 0x8000004000-0x8000007fff 64bit pref]: assigned
[    0.544421] pci 0000:00:03.0: BAR 4 [mem 0x8000008000-0x800000bfff 64bit pref]: assigned
[    0.554283] pci 0000:00:02.0: BAR 1 [mem 0x10100000-0x10100fff]: assigned
[    0.554551] pci 0000:00:03.0: BAR 1 [mem 0x10101000-0x10101fff]: assigned
[    0.554812] pci 0000:00:01.0: BAR 0 [io  0x1000-0x101f]: assigned
[    0.555057] pci 0000:00:02.0: BAR 0 [io  0x1020-0x103f]: assigned
[    0.565262] pci 0000:00:03.0: BAR 0 [io  0x1040-0x105f]: assigned
[    0.616130] EINJ: ACPI disabled.
[    0.637794] virtio-pci 0000:00:01.0: enabling device (0000 -> 0003)
[    0.640665] virtio-pci 0000:00:02.0: enabling device (0000 -> 0003)
[    0.642026] virtio-pci 0000:00:03.0: enabling device (0000 -> 0003)
[    0.644554] Serial: 8250/16550 driver, 16 ports, IRQ sharing enabled
[    0.652841] SuperH (H)SCI(F) driver initialized
[    0.777406] loop: module loaded
[    0.796095] usbcore: registered new interface driver usb-storage
[    0.799512] rtc-pl031 9010000.pl031: registered as rtc0
[    0.800072] rtc-pl031 9010000.pl031: setting system clock to 2026-04-22T01:56:17 UTC (1776822977)
[    0.803343] sdhci: Secure Digital Host Controller Interface driver
[    0.806411] sdhci: Copyright(c) Pierre Ossman
[    0.807131] Synopsys Designware Multimedia Card Interface Driver
[    0.807812] sdhci-pltfm: SDHCI platform and OF driver helper
[    0.809769] hid: raw HID events driver (C) Jiri Kosina
[    0.810236] usbcore: registered new interface driver usbhid
[    0.817553] usbhid: USB HID core driver
[    0.820201] NET: Registered PF_INET6 protocol family
[    0.866740] Segment Routing with IPv6
[    0.867080] In-situ OAM (IOAM) with IPv6
[    0.867607] NET: Registered PF_PACKET protocol family
[    0.868154] bridge: filtering via arp/ip/ip6tables is no longer available by default. Update your scripts to load br_netfilter if you need this.
[    0.878210] 8021q: 802.1Q VLAN Support v1.8
[    0.878989] 9pnet: Installing 9P2000 support
[    0.984686] clk: Disabling unused clocks
[    0.988740] uart-pl011 9000000.pl011: no DMA platform data
[    1.022955] Freeing unused kernel memory: 22144K
[    1.024569] Run /init as init process
[    3.565931] init: Console is alive
[    3.650010] kmodloader: loading kernel modules from /etc/modules-boot.d/*
[    3.677738] pps_core: LinuxPPS API ver. 1 registered
[    3.678007] pps_core: Software ver. 5.3.6 - Copyright 2005-2007 Rodolfo Giometti <giometti@linux.it>
[    3.724762] PTP clock support registered
[    3.746227] kmodloader: done loading kernel modules from /etc/modules-boot.d/*
[    3.761025] init: - preinit -
[    5.231872] 8021q: adding VLAN 0 to HW filter on device eth0
Press the [f] key and hit [enter] to enter failsafe mode
Press the [1], [2], [3] or [4] key and hit [enter] to select the debug level
[   10.106552] procd: - early -
[   11.162877] procd: - ubus -
[   11.278945] procd: - init -
Please press Enter to activate this console.
root
login[1095]: root login on 'ttyAMA0'


BusyBox v1.36.1 (2026-04-12 18:14:18 UTC) built-in shell (ash)

  _______                     ________        __
 |       |.-----.-----.-----.|  |  |  |.----.|  |_
 |   -   ||  _  |  -__|     ||  |  |  ||   _||   _|
 |_______||   __|_____|__|__||________||__|  |____|
          |__| W I R E L E S S   F R E E D O M
 -----------------------------------------------------
 OpenWrt 24.10-SNAPSHOT, r29157-44df9972d5
 -----------------------------------------------------
=== WARNING! =====================================
There is no root password defined on this device!
Use the "passwd" command to set up a new password
in order to prevent unauthorized SSH logins.
--------------------------------------------------
root@(none):~# dmesg -n 1
root@(none):~# echo 'KFAZ''UAGVBE'
KFAZUAGVBE
root@(none):~# run() { echo -n "$MARKER"; sh -c "$@"; echo "$MARKER $?"; }
root@(none):~# echo 'EJNV''FVFOZS'
EJNVFVFOZS
root@(none):~# MARKER='QKNP''MLTSLJ' run 'ubus wait_for network.interface.lan'
QKNPMLTSLJQKNPMLTSLJ 0
root@OpenWrt:~# echo 'WHVE''LWBNGQ'
WHVELWBNGQ
root@OpenWrt:~# MARKER='MAQO''QSZMKV' run 'ubus call network.interface.lan statu
s '"'"'{}'"'"''
MAQOQSZMKV{
	"up": true,
	"pending": false,
	"available": true,
	"autostart": true,
	"dynamic": false,
	"uptime": 0,
	"l3_device": "br-lan",
	"proto": "static",
	"device": "br-lan",
	"updated": [
		"addresses"
	],
	"metric": 0,
	"dns_metric": 0,
	"delegation": true,
	"ipv4-address": [
		{
			"address": "192.168.1.1",
			"mask": 24
		}
	],
	"ipv6-address": [
		
	],
	"ipv6-prefix": [
		
	],
	"ipv6-prefix-assignment": [
		{
			"address": "fd55:bf7a:9f1c::",
			"mask": 60,
			"local-address": {
				"address": "fd55:bf7a:9f1c::1",
				"mask": 60
			}
		}
	],
	"route": [
		
	],
	"dns-server": [
		
	],
	"dns-search": [
		
	],
	"neighbors": [
		
	],
	"inactive": {
		"ipv4-address": [
			
		],
		"ipv6-address": [
			
		],
		"route": [
			
		],
		"dns-server": [
			
		],
		"dns-search": [
			
		],
		"neighbors": [
			
		]
	},
	"data": {
		
	}
}
MAQOQSZMKV 0
root@OpenWrt:~# echo 'CFGA''PPAOWG'
CFGAPPAOWG
root@OpenWrt:~# MARKER='GOVA''NLVSCP' run true
GOVANLVSCPGOVANLVSCP 0
root@OpenWrt:~# echo 'NLCG''TMBUKC'
NLCGTMBUKC
root@OpenWrt:~# MARKER='LJNL''OSFXSP' run 'source /etc/os-release; echo $BUILD_I
D'
LJNLOSFXSPr29157-44df9972d5
LJNLOSFXSP 0
root@OpenWrt:~# echo 'LOYL''GBYFTT'
LOYLGBYFTT
root@OpenWrt:~# MARKER='QSSJ''SUYBBY' run 'ls /etc/dropbear/dropbear_rsa_host_ke
y'
QSSJSUYBBY[0;0m/etc/dropbear/dropbear_rsa_host_key[m
QSSJSUYBBY 0
root@OpenWrt:~# echo 'XUQL''FKWOQH'
XUQLFKWOQH
root@OpenWrt:~# MARKER='MGPP''ZGBNMK' run 'netstat -tlpn | grep 0.0.0.0:22'
MGPPZGBNMKnetstat: showing only processes with your user ID
tcp        0      0 0.0.0.0:22              0.0.0.0:*               LISTEN      1973/dropbear
MGPPZGBNMK 0
root@OpenWrt:~# echo 'NOHJ''AEQTPL'
NOHJAEQTPL
root@OpenWrt:~# MARKER='ZGVU''KWQHNL' run 'dmesg | grep br-lan | grep forwarding
'
ZGVUKWQHNL[   38.292038] br-lan: port 1(eth0) entered forwarding state
ZGVUKWQHNL 0
root@OpenWrt:~# echo 'XYVB''MJOGGU'
XYVBMJOGGU
root@OpenWrt:~# MARKER='FGTQ''SSCQQS' run 'ubus call network.interface.lan statu
s '"'"'{}'"'"''
FGTQSSCQQS{
	"up": true,
	"pending": false,
	"available": true,
	"autostart": true,
	"dynamic": false,
	"uptime": 11,
	"l3_device": "br-lan",
	"proto": "static",
	"device": "br-lan",
	"updated": [
		"addresses"
	],
	"metric": 0,
	"dns_metric": 0,
	"delegation": true,
	"ipv4-address": [
		{
			"address": "192.168.1.1",
			"mask": 24
		}
	],
	"ipv6-address": [
		
	],
	"ipv6-prefix": [
		
	],
	"ipv6-prefix-assignment": [
		{
			"address": "fd55:bf7a:9f1c::",
			"mask": 60,
			"local-address": {
				"address": "fd55:bf7a:9f1c::1",
				"mask": 60
			}
		}
	],
	"route": [
		
	],
	"dns-server": [
		
	],
	"dns-search": [
		
	],
	"neighbors": [
		
	],
	"inactive": {
		"ipv4-address": [
			
		],
		"ipv6-address": [
			
		],
		"route": [
			
		],
		"dns-server": [
			
		],
		"dns-search": [
			
		],
		"neighbors": [
			
		]
	},
	"data": {
		
	}
}
FGTQSSCQQS 0
root@OpenWrt:~# echo 'MBSJ''JPGJQS'
MBSJJPGJQS
root@OpenWrt:~# MARKER='XCSP''GXQLMX' run 'ip -o addr show dev br-lan'
XCSPGXQLMX4: br-lan    inet 192.168.1.1/24 brd 192.168.1.255 scope global br-lan\       valid_lft forever preferred_lft forever
4: br-lan    inet6 fd55:bf7a:9f1c::1/60 scope global noprefixroute \       valid_lft forever preferred_lft forever
4: br-lan    inet6 fe80::5054:ff:fe12:3456/64 scope link \       valid_lft forever preferred_lft forever
XCSPGXQLMX 0
root@OpenWrt:~# echo 'UXJZ''WGNZUJ'
UXJZWGNZUJ
root@OpenWrt:~# MARKER='TAAU''CZENWL' run 'ubus call network.interface.wan statu
s '"'"'{}'"'"''
TAAUCZENWL{
	"up": true,
	"pending": false,
	"available": true,
	"autostart": true,
	"dynamic": false,
	"uptime": 11,
	"l3_device": "eth1",
	"proto": "dhcp",
	"device": "eth1",
	"updated": [
		"addresses",
		"routes",
		"data"
	],
	"metric": 0,
	"dns_metric": 0,
	"delegation": true,
	"ipv4-address": [
		{
			"address": "10.0.2.15",
			"mask": 24
		}
	],
	"ipv6-address": [
		
	],
	"ipv6-prefix": [
		
	],
	"ipv6-prefix-assignment": [
		
	],
	"route": [
		{
			"target": "0.0.0.0",
			"mask": 0,
			"nexthop": "10.0.2.2",
			"source": "10.0.2.15/32"
		}
	],
	"dns-server": [
		"10.0.2.3"
	],
	"dns-search": [
		
	],
	"neighbors": [
		
	],
	"inactive": {
		"ipv4-address": [
			
		],
		"ipv6-address": [
			
		],
		"route": [
			
		],
		"dns-server": [
			
		],
		"dns-search": [
			
		],
		"neighbors": [
			
		]
	},
	"data": {
		"dhcpserver": "10.0.2.2",
		"leasetime": 86400
	}
}
TAAUCZENWL 0
root@OpenWrt:~# 