Labgrid Console Logfile for main
Logfile started at 2025-12-10 01:25:32.687825
=== Log starts here ===
[    0.000000] Booting Linux on physical CPU 0x0000000000 [0x411fd070]
[    0.000000] Linux version 6.12.60 (builder@buildhost) (aarch64-openwrt-linux-musl-gcc (OpenWrt GCC 14.3.0 r32251-83f6177dbf) 14.3.0, GNU ld (GNU Binutils) 2.44) #0 SMP Mon Dec  8 17:53:34 2025
[    0.000000] KASLR enabled
[    0.000000] random: crng init done
[    0.000000] Machine model: linux,dummy-virt
[    0.000000] efi: UEFI not found.
[    0.000000] OF: reserved mem: Reserved memory: No reserved-memory node in the DT
[    0.000000] NUMA: Faking a node at [mem 0x0000000040000000-0x0000000047ffffff]
[    0.000000] NODE_DATA(0) allocated [mem 0x47fb8e80-0x47fbbbff]
[    0.000000] Zone ranges:
[    0.000000]   DMA      [mem 0x0000000040000000-0x0000000047ffffff]
[    0.000000]   DMA32    empty
[    0.000000]   Normal   empty
[    0.000000] Movable zone start for each node
[    0.000000] Early memory node ranges
[    0.000000]   node   0: [mem 0x0000000040000000-0x0000000047ffffff]
[    0.000000] Initmem setup node 0 [mem 0x0000000040000000-0x0000000047ffffff]
[    0.000000] cma: Reserved 32 MiB at 0x0000000045c00000 on node -1
[    0.000000] psci: probing for conduit method from DT.
[    0.000000] psci: PSCIv1.1 detected in firmware.
[    0.000000] psci: Using standard PSCI v0.2 function IDs
[    0.000000] psci: Trusted OS migration not required
[    0.000000] psci: SMC Calling Convention v1.0
[    0.000000] percpu: Embedded 23 pages/cpu s53400 r8192 d32616 u94208
[    0.000000] Detected PIPT I-cache on CPU0
[    0.000000] CPU features: detected: Spectre-v2
[    0.000000] CPU features: detected: Spectre-v3a
[    0.000000] CPU features: detected: Spectre-v4
[    0.000000] CPU features: detected: Spectre-BHB
[    0.000000] CPU features: kernel page table isolation forced ON by KASLR
[    0.000000] CPU features: detected: Kernel page table isolation (KPTI)
[    0.000000] CPU features: detected: ARM erratum 834220
[    0.000000] CPU features: detected: ARM erratum 832075
[    0.000000] CPU features: detected: ARM errata 1165522, 1319367, or 1530923
[    0.000000] alternatives: applying boot alternatives
[    0.000000] Kernel command line: 
[    0.000000] Dentry cache hash table entries: 16384 (order: 5, 131072 bytes, linear)
[    0.000000] Inode-cache hash table entries: 8192 (order: 4, 65536 bytes, linear)
[    0.000000] Fallback order for Node 0: 0 
[    0.000000] Built 1 zonelists, mobility grouping on.  Total pages: 32768
[    0.000000] Policy zone: DMA
[    0.000000] mem auto-init: stack:off, heap alloc:off, heap free:off
[    0.000000] software IO TLB: SWIOTLB bounce buffer size adjusted to 0MB
[    0.000000] software IO TLB: area num 1.
[    0.000000] software IO TLB: mapped [mem 0x0000000047f1b000-0x0000000047f5b000] (0MB)
[    0.000000] SLUB: HWalign=64, Order=0-3, MinObjects=0, CPUs=1, Nodes=1
[    0.000000] rcu: Hierarchical RCU implementation.
[    0.000000] rcu: 	RCU restricting CPUs from NR_CPUS=256 to nr_cpu_ids=1.
[    0.000000] 	Tracing variant of Tasks RCU enabled.
[    0.000000] rcu: RCU calculated value of scheduler-enlistment delay is 10 jiffies.
[    0.000000] rcu: Adjusting geometry for rcu_fanout_leaf=16, nr_cpu_ids=1
[    0.000000] RCU Tasks Trace: Setting shift to 0 and lim to 1 rcu_task_cb_adjust=1 rcu_task_cpu_ids=1.
[    0.000000] NR_IRQS: 64, nr_irqs: 64, preallocated irqs: 0
[    0.000000] Root IRQ handler: gic_handle_irq
[    0.000000] GICv2m: range[mem 0x08020000-0x08020fff], SPI[80:143]
[    0.000000] rcu: srcu_init: Setting srcu_struct sizes based on contention.
[    0.000000] arch_timer: cp15 timer(s) running at 62.50MHz (virt).
[    0.000000] clocksource: arch_sys_counter: mask: 0x1ffffffffffffff max_cycles: 0x1cd42e208c, max_idle_ns: 881590405314 ns
[    0.000058] sched_clock: 57 bits at 63MHz, resolution 16ns, wraps every 4398046511096ns
[    0.002923] Console: colour dummy device 80x25
[    0.003343] printk: legacy console [tty0] enabled
[    0.007196] Calibrating delay loop (skipped), value calculated using timer frequency.. 125.00 BogoMIPS (lpj=625000)
[    0.007338] pid_max: default: 32768 minimum: 301
[    0.012342] Mount-cache hash table entries: 512 (order: 0, 4096 bytes, linear)
[    0.012402] Mountpoint-cache hash table entries: 512 (order: 0, 4096 bytes, linear)
[    0.038400] cacheinfo: Unable to detect cache hierarchy for CPU 0
[    0.048685] rcu: Hierarchical SRCU implementation.
[    0.048748] rcu: 	Max phase no-delay instances is 1000.
[    0.052358] EFI services will not be available.
[    0.053662] smp: Bringing up secondary CPUs ...
[    0.054401] smp: Brought up 1 node, 1 CPU
[    0.054446] SMP: Total of 1 processors activated.
[    0.054498] CPU: All CPU(s) started at EL1
[    0.054717] CPU features: detected: 32-bit EL0 Support
[    0.054750] CPU features: detected: 32-bit EL1 Support
[    0.054845] CPU features: detected: CRC32 instructions
[    0.060701] alternatives: applying system-wide alternatives
[    0.074533] CPU features: emulated: Privileged Access Never (PAN) using TTBR0_EL1 switching
[    0.084549] Memory: 54920K/131072K available (12608K kernel code, 1572K rwdata, 4784K rodata, 18112K init, 763K bss, 42064K reserved, 32768K cma-reserved)
[    0.116781] clocksource: jiffies: mask: 0xffffffff max_cycles: 0xffffffff, max_idle_ns: 19112604462750000 ns
[    0.117367] futex hash table entries: 256 (order: 2, 16384 bytes, linear)
[    0.119422] 2G module region forced by RANDOMIZE_MODULE_REGION_FULL
[    0.119480] 0 pages in range for non-PLT usage
[    0.119537] 514768 pages in range for PLT usage
[    0.120703] pinctrl core: initialized pinctrl subsystem
[    0.132687] DMI not present or invalid.
[    0.146327] NET: Registered PF_NETLINK/PF_ROUTE protocol family
[    0.155970] DMA: preallocated 128 KiB GFP_KERNEL pool for atomic allocations
[    0.156488] DMA: preallocated 128 KiB GFP_KERNEL|GFP_DMA pool for atomic allocations
[    0.156755] DMA: preallocated 128 KiB GFP_KERNEL|GFP_DMA32 pool for atomic allocations
[    0.160763] thermal_sys: Registered thermal governor 'step_wise'
[    0.161098] cpuidle: using governor ladder
[    0.161293] cpuidle: using governor menu
[    0.162040] ASID allocator initialised with 32768 entries
[    0.163984] Serial: AMBA PL011 UART driver
[    0.192206] 9000000.pl011: ttyAMA0 at MMIO 0x9000000 (irq = 13, base_baud = 0) is a PL011 rev1
[    0.193685] printk: legacy console [ttyAMA0] enabled
[    0.411314] HugeTLB: registered 1.00 GiB page size, pre-allocated 0 pages
[    0.411574] HugeTLB: 0 KiB vmemmap can be freed for a 1.00 GiB page
[    0.414802] HugeTLB: registered 32.0 MiB page size, pre-allocated 0 pages
[    0.415090] HugeTLB: 0 KiB vmemmap can be freed for a 32.0 MiB page
[    0.415383] HugeTLB: registered 2.00 MiB page size, pre-allocated 0 pages
[    0.415626] HugeTLB: 0 KiB vmemmap can be freed for a 2.00 MiB page
[    0.425649] HugeTLB: registered 64.0 KiB page size, pre-allocated 0 pages
[    0.425915] HugeTLB: 0 KiB vmemmap can be freed for a 64.0 KiB page
[    0.432519] cryptd: max_cpu_qlen set to 1000
[    0.437221] ACPI: Interpreter disabled.
[    0.439771] iommu: Default domain type: Passthrough
[    0.441993] SCSI subsystem initialized
[    0.443909] usbcore: registered new interface driver usbfs
[    0.444333] usbcore: registered new interface driver hub
[    0.444644] usbcore: registered new device driver usb
[    0.463496] clocksource: Switched to clocksource arch_sys_counter
[    0.465729] netfs: FS-Cache loaded
[    0.466632] pnp: PnP ACPI: disabled
[    0.475700] NET: Registered PF_INET protocol family
[    0.477247] IP idents hash table entries: 2048 (order: 2, 16384 bytes, linear)
[    0.482548] tcp_listen_portaddr_hash hash table entries: 256 (order: 0, 4096 bytes, linear)
[    0.482924] Table-perturb hash table entries: 65536 (order: 6, 262144 bytes, linear)
[    0.486013] TCP established hash table entries: 1024 (order: 1, 8192 bytes, linear)
[    0.486507] TCP bind hash table entries: 1024 (order: 3, 32768 bytes, linear)
[    0.487022] TCP: Hash tables configured (established 1024 bind 1024)
[    0.488634] MPTCP token hash table entries: 256 (order: 1, 6144 bytes, linear)
[    0.497408] UDP hash table entries: 256 (order: 1, 8192 bytes, linear)
[    0.498011] UDP-Lite hash table entries: 256 (order: 1, 8192 bytes, linear)
[    0.499545] NET: Registered PF_UNIX/PF_LOCAL protocol family
[    0.500247] PCI: CLS 0 bytes, default 64
[    0.533127] kvm [1]: HYP mode not available
[    0.537717] workingset: timestamp_bits=42 max_order=15 bucket_order=0
[    0.539639] squashfs: version 4.0 (2009/01/31) Phillip Lougher
[    0.539873] jffs2: version 2.2 (NAND) (SUMMARY) (LZMA) (RTIME) (CMODE_PRIORITY) (c) 2001-2006 Red Hat, Inc.
[    0.553763] 9p: Installing v9fs 9p2000 file system support
[    0.556354] Block layer SCSI generic (bsg) driver version 0.4 loaded (major 250)
[    0.560593] atomic64_test: passed
[    0.573092] pl061_gpio 9030000.pl061: PL061 GPIO chip registered
[    0.575525] pci-host-generic 4010000000.pcie: host bridge /pcie@10000000 ranges:
[    0.576353] pci-host-generic 4010000000.pcie:       IO 0x003eff0000..0x003effffff -> 0x0000000000
[    0.577374] pci-host-generic 4010000000.pcie:      MEM 0x0010000000..0x003efeffff -> 0x0010000000
[    0.583774] pci-host-generic 4010000000.pcie:      MEM 0x8000000000..0xffffffffff -> 0x8000000000
[    0.585740] pci-host-generic 4010000000.pcie: Memory resource size exceeds max for 32 bits
[    0.586493] pci-host-generic 4010000000.pcie: ECAM at [mem 0x4010000000-0x401fffffff] for [bus 00-ff]
[    0.596006] pci-host-generic 4010000000.pcie: PCI host bridge to bus 0000:00
[    0.596541] pci_bus 0000:00: root bus resource [bus 00-ff]
[    0.596805] pci_bus 0000:00: root bus resource [io  0x0000-0xffff]
[    0.597040] pci_bus 0000:00: root bus resource [mem 0x10000000-0x3efeffff]
[    0.606303] pci_bus 0000:00: root bus resource [mem 0x8000000000-0xffffffffff]
[    0.608067] pci 0000:00:00.0: [1b36:0008] type 00 class 0x060000 conventional PCI endpoint
[    0.611279] pci 0000:00:01.0: [1af4:1000] type 00 class 0x020000 conventional PCI endpoint
[    0.611765] pci 0000:00:01.0: BAR 0 [io  0x0000-0x001f]
[    0.617519] pci 0000:00:01.0: BAR 4 [mem 0x00000000-0x00003fff 64bit pref]
[    0.617991] pci 0000:00:01.0: ROM [mem 0x00000000-0x0007ffff pref]
[    0.618496] pci 0000:00:02.0: [1af4:1005] type 00 class 0x00ff00 conventional PCI endpoint
[    0.618778] pci 0000:00:02.0: BAR 0 [io  0x0000-0x001f]
[    0.628460] pci 0000:00:02.0: BAR 1 [mem 0x00000000-0x00000fff]
[    0.628729] pci 0000:00:02.0: BAR 4 [mem 0x00000000-0x00003fff 64bit pref]
[    0.629485] pci 0000:00:03.0: [1af4:1000] type 00 class 0x020000 conventional PCI endpoint
[    0.629770] pci 0000:00:03.0: BAR 0 [io  0x0000-0x001f]
[    0.639847] pci 0000:00:03.0: BAR 1 [mem 0x00000000-0x00000fff]
[    0.640172] pci 0000:00:03.0: BAR 4 [mem 0x00000000-0x00003fff 64bit pref]
[    0.640396] pci 0000:00:03.0: ROM [mem 0x00000000-0x0007ffff pref]
[    0.642896] pci 0000:00:01.0: ROM [mem 0x10000000-0x1007ffff pref]: assigned
[    0.650568] pci 0000:00:03.0: ROM [mem 0x10080000-0x100fffff pref]: assigned
[    0.651047] pci 0000:00:01.0: BAR 4 [mem 0x8000000000-0x8000003fff 64bit pref]: assigned
[    0.651488] pci 0000:00:02.0: BAR 4 [mem 0x8000004000-0x8000007fff 64bit pref]: assigned
[    0.651821] pci 0000:00:03.0: BAR 4 [mem 0x8000008000-0x800000bfff 64bit pref]: assigned
[    0.661775] pci 0000:00:02.0: BAR 1 [mem 0x10100000-0x10100fff]: assigned
[    0.662152] pci 0000:00:03.0: BAR 1 [mem 0x10101000-0x10101fff]: assigned
[    0.662520] pci 0000:00:01.0: BAR 0 [io  0x1000-0x101f]: assigned
[    0.662753] pci 0000:00:02.0: BAR 0 [io  0x1020-0x103f]: assigned
[    0.672572] pci 0000:00:03.0: BAR 0 [io  0x1040-0x105f]: assigned
[    0.673254] pci_bus 0000:00: resource 4 [io  0x0000-0xffff]
[    0.673509] pci_bus 0000:00: resource 5 [mem 0x10000000-0x3efeffff]
[    0.673714] pci_bus 0000:00: resource 6 [mem 0x8000000000-0xffffffffff]
[    0.686556] hv_vmbus: registering driver hyperv_fb
[    0.788528] virtio-pci 0000:00:01.0: enabling device (0000 -> 0003)
[    0.791579] virtio-pci 0000:00:02.0: enabling device (0000 -> 0003)
[    0.793166] virtio-pci 0000:00:03.0: enabling device (0000 -> 0003)
[    0.795929] Serial: 8250/16550 driver, 16 ports, IRQ sharing enabled
[    0.805017] SuperH (H)SCI(F) driver initialized
[    0.838543] loop: module loaded
[    0.839691] hv_vmbus: registering driver hv_storvsc
[    0.854164] hv_vmbus: registering driver hv_netvsc
[    0.856990] usbcore: registered new interface driver usb-storage
[    0.859883] hv_vmbus: registering driver hyperv_keyboard
[    0.862697] rtc-pl031 9010000.pl031: registered as rtc0
[    0.863468] rtc-pl031 9010000.pl031: setting system clock to 2025-12-10T01:25:33 UTC (1765329933)
[    0.868407] sdhci: Secure Digital Host Controller Interface driver
[    0.868623] sdhci: Copyright(c) Pierre Ossman
[    0.869311] Synopsys Designware Multimedia Card Interface Driver
[    0.870171] sdhci-pltfm: SDHCI platform and OF driver helper
[    0.872214] hid: raw HID events driver (C) Jiri Kosina
[    0.879434] usbcore: registered new interface driver usbhid
[    0.879709] usbhid: USB HID core driver
[    0.882630] NET: Registered PF_INET6 protocol family
[    0.903343] Segment Routing with IPv6
[    0.903676] In-situ OAM (IOAM) with IPv6
[    0.904299] NET: Registered PF_PACKET protocol family
[    0.904958] bridge: filtering via arp/ip/ip6tables is no longer available by default. Update your scripts to load br_netfilter if you need this.
[    0.914594] 8021q: 802.1Q VLAN Support v1.8
[    0.915460] 9pnet: Installing 9P2000 support
[    0.973700] Demotion targets for Node 0: null
[    0.982000] clk: Disabling unused clocks
[    0.982372] PM: genpd: Disabling unused power domains
[    1.027447] Freeing unused kernel memory: 18112K
[    1.028594] Run /init as init process
[    2.669870] init: Console is alive
[    2.768652] kmodloader: loading kernel modules from /etc/modules-boot.d/*
[    2.795684] pps_core: LinuxPPS API ver. 1 registered
[    2.795950] pps_core: Software ver. 5.3.6 - Copyright 2005-2007 Rodolfo Giometti <giometti@linux.it>
[    2.840420] PTP clock support registered
[    2.881568] e1000e: Intel(R) PRO/1000 Network Driver
[    2.881825] e1000e: Copyright(c) 1999 - 2015 Intel Corporation.
[    2.884037] kmodloader: done loading kernel modules from /etc/modules-boot.d/*
[    2.897090] init: - preinit -
[    4.756681] 8021q: adding VLAN 0 to HW filter on device eth0
Press the [f] key and hit [enter] to enter failsafe mode
Press the [1], [2], [3] or [4] key and hit [enter] to select the debug level
[    9.813372] procd: - early -
[   10.941229] procd: - ubus -
[   11.154273] procd: - init -
Please press Enter to activate this console.
root
login[1151]: root login on 'ttyAMA0'


BusyBox v1.37.0 (2025-12-08 17:53:34 UTC) built-in shell (ash)

  _______                     ________        __
 |       |.-----.-----.-----.|  |  |  |.----.|  |_
 |   -   ||  _  |  -__|     ||  |  |  ||   _||   _|
 |_______||   __|_____|__|__||________||__|  |____|
          |__| W I R E L E S S   F R E E D O M
 -----------------------------------------------------
 OpenWrt SNAPSHOT, r32251-83f6177dbf
 -----------------------------------------------------

 === WARNING! =====================================
 There is no root password defined on this device!
 Use the "passwd" command to set up a new password
 in order to prevent unauthorized SSH logins.
 --------------------------------------------------


 OpenWrt recently switched to the "apk" package manager!

 OPKG Command           APK Equivalent      Description
 ------------------------------------------------------------------
 opkg install <pkg>     apk add <pkg>       Install a package
 opkg remove <pkg>      apk del <pkg>       Remove a package
 opkg upgrade           apk upgrade         Upgrade all packages
 opkg files <pkg>       apk info -L <pkg>   List package contents
 opkg list-installed    apk info            List installed packages
 opkg update            apk update          Update package lists
 opkg search <pkg>      apk search <pkg>    Search for packages
 ------------------------------------------------------------------

For more information visit:
https://openwrt.org/docs/guide-user/additional-software/opkg-to-apk-cheatsheet

root@(none):~# dmesg -n 1
root@(none):~# echo 'QFPX''HQKSYG'
QFPXHQKSYG
root@(none):~# run() { echo -n "$MARKER"; sh -c "$@"; echo "$MARKER $?"; }
root@(none):~# echo 'XFHZ''XHNSVB'
XFHZXHNSVB
root@(none):~# MARKER='CMEJ''HGEANC' run 'ubus wait_for network.interface.lan'
CMEJHGEANCCMEJHGEANC 0
root@OpenWrt:~# echo 'ZCPA''SQQCBH'
ZCPASQQCBH
root@OpenWrt:~# MARKER='KYCU''AJXTXV' run 'ubus call network.interface.lan statu
s '"'"'{}'"'"''
KYCUAJXTXV{
	"up": true,
	"pending": false,
	"available": true,
	"autostart": true,
	"dynamic": false,
	"uptime": 0,
	"l3_device": "br-lan",
	"proto": "static",
	"device": "br-lan",
	"updated": [
		"addresses"
	],
	"metric": 0,
	"dns_metric": 0,
	"delegation": true,
	"ipv4-address": [
		{
			"address": "192.168.1.1",
			"mask": 24
		}
	],
	"ipv6-address": [
		
	],
	"ipv6-prefix": [
		
	],
	"ipv6-prefix-assignment": [
		{
			"address": "fd92:5bad:8835::",
			"mask": 60,
			"local-address": {
				"address": "fd92:5bad:8835::1",
				"mask": 60
			}
		}
	],
	"route": [
		
	],
	"dns-server": [
		
	],
	"dns-search": [
		
	],
	"neighbors": [
		
	],
	"inactive": {
		"ipv4-address": [
			
		],
		"ipv6-address": [
			
		],
		"route": [
			
		],
		"dns-server": [
			
		],
		"dns-search": [
			
		],
		"neighbors": [
			
		]
	},
	"data": {
		
	}
}
KYCUAJXTXV 0
root@OpenWrt:~# Command failed: Not found
echo 'LVLP''JAUPWT'
LVLPJAUPWT
root@OpenWrt:~# MARKER='TLXV''TVNNMK' run true
TLXVTVNNMKTLXVTVNNMK 0
root@OpenWrt:~# echo 'GEFY''AGVVMF'
GEFYAGVVMF
root@OpenWrt:~# MARKER='MVBV''XXYEUX' run 'source /etc/os-release; echo $BUILD_I
D'
MVBVXXYEUXr32251-83f6177dbf
MVBVXXYEUX 0
root@OpenWrt:~# echo 'LKFG''KPYCWC'
LKFGKPYCWC
root@OpenWrt:~# MARKER='EFML''BHBLFW' run 'ls /etc/dropbear/dropbear_rsa_host_ke
y'
EFMLBHBLFW[0;0m/etc/dropbear/dropbear_rsa_host_key[m
EFMLBHBLFW 0
root@OpenWrt:~# echo 'ULUU''SQJCMP'
ULUUSQJCMP
root@OpenWrt:~# MARKER='KZSL''SZLZJT' run 'netstat -tlpn | grep 0.0.0.0:22'
KZSLSZLZJTtcp        0      0 0.0.0.0:22              0.0.0.0:*               LISTEN      1898/dropbear
KZSLSZLZJT 0
root@OpenWrt:~# echo 'XNVM''JJHCCS'
XNVMJJHCCS
root@OpenWrt:~# MARKER='EAPK''CTLBBY' run 'dmesg | grep br-lan | grep forwarding
'
EAPKCTLBBY[   42.243189] br-lan: port 1(eth0) entered forwarding state
EAPKCTLBBY 0
root@OpenWrt:~# echo 'YWXM''LPBUFC'
YWXMLPBUFC
root@OpenWrt:~# MARKER='MAJX''LCXLSU' run 'ubus call network.interface.lan statu
s '"'"'{}'"'"''
MAJXLCXLSU{
	"up": true,
	"pending": false,
	"available": true,
	"autostart": true,
	"dynamic": false,
	"uptime": 39,
	"l3_device": "br-lan",
	"proto": "static",
	"device": "br-lan",
	"updated": [
		"addresses"
	],
	"metric": 0,
	"dns_metric": 0,
	"delegation": true,
	"ipv4-address": [
		{
			"address": "192.168.1.1",
			"mask": 24
		}
	],
	"ipv6-address": [
		
	],
	"ipv6-prefix": [
		
	],
	"ipv6-prefix-assignment": [
		{
			"address": "fd92:5bad:8835::",
			"mask": 60,
			"local-address": {
				"address": "fd92:5bad:8835::1",
				"mask": 60
			}
		}
	],
	"route": [
		
	],
	"dns-server": [
		
	],
	"dns-search": [
		
	],
	"neighbors": [
		
	],
	"inactive": {
		"ipv4-address": [
			
		],
		"ipv6-address": [
			
		],
		"route": [
			
		],
		"dns-server": [
			
		],
		"dns-search": [
			
		],
		"neighbors": [
			
		]
	},
	"data": {
		
	}
}
MAJXLCXLSU 0
root@OpenWrt:~# echo 'LVWH''MZFBBA'
LVWHMZFBBA
root@OpenWrt:~# MARKER='MUXG''EJSJKN' run 'ip -o addr show dev br-lan'
MUXGEJSJKN4: br-lan    inet 192.168.1.1/24 brd 192.168.1.255 scope global br-lan\       valid_lft forever preferred_lft forever
4: br-lan    inet6 fd92:5bad:8835::1/60 scope global noprefixroute \       valid_lft forever preferred_lft forever
4: br-lan    inet6 fe80::5054:ff:fe12:3456/64 scope link \       valid_lft forever preferred_lft forever
MUXGEJSJKN 0
root@OpenWrt:~# echo 'JHWT''LGKSCZ'
JHWTLGKSCZ
root@OpenWrt:~# MARKER='FLPK''WYAKMO' run 'ubus call network.interface.wan statu
s '"'"'{}'"'"''
FLPKWYAKMO{
	"up": true,
	"pending": false,
	"available": true,
	"autostart": true,
	"dynamic": false,
	"uptime": 34,
	"l3_device": "eth1",
	"proto": "dhcp",
	"device": "eth1",
	"updated": [
		"addresses",
		"routes",
		"data"
	],
	"metric": 0,
	"dns_metric": 0,
	"delegation": true,
	"ipv4-address": [
		{
			"address": "10.0.2.15",
			"mask": 24
		}
	],
	"ipv6-address": [
		
	],
	"ipv6-prefix": [
		
	],
	"ipv6-prefix-assignment": [
		
	],
	"route": [
		{
			"target": "0.0.0.0",
			"mask": 0,
			"nexthop": "10.0.2.2",
			"source": "10.0.2.15/32"
		}
	],
	"dns-server": [
		"10.0.2.3"
	],
	"dns-search": [
		
	],
	"neighbors": [
		
	],
	"inactive": {
		"ipv4-address": [
			
		],
		"ipv6-address": [
			
		],
		"route": [
			
		],
		"dns-server": [
			
		],
		"dns-search": [
			
		],
		"neighbors": [
			
		]
	},
	"data": {
		"dhcpserver": "10.0.2.2",
		"leasetime": 86400
	}
}
FLPKWYAKMO 0
root@OpenWrt:~# 