Labgrid Console Logfile for main
Logfile started at 2026-04-25 01:50:37.057047
=== Log starts here ===
[    0.000000] Booting Linux on physical CPU 0x0000000000 [0x411fd070]
[    0.000000] Linux version 6.12.80 (builder@buildhost) (aarch64-openwrt-linux-musl-gcc (OpenWrt GCC 14.3.0 r34136-8ef7b4ee4b) 14.3.0, GNU ld (GNU Binutils) 2.44) #0 SMP Fri Apr 24 19:08:24 2026
[    0.000000] KASLR enabled
[    0.000000] random: crng init done
[    0.000000] Machine model: linux,dummy-virt
[    0.000000] efi: UEFI not found.
[    0.000000] OF: reserved mem: Reserved memory: No reserved-memory node in the DT
[    0.000000] NUMA: Faking a node at [mem 0x0000000040000000-0x0000000047ffffff]
[    0.000000] NODE_DATA(0) allocated [mem 0x47fb8e80-0x47fbbbff]
[    0.000000] Zone ranges:
[    0.000000]   DMA      [mem 0x0000000040000000-0x0000000047ffffff]
[    0.000000]   DMA32    empty
[    0.000000]   Normal   empty
[    0.000000] Movable zone start for each node
[    0.000000] Early memory node ranges
[    0.000000]   node   0: [mem 0x0000000040000000-0x0000000047ffffff]
[    0.000000] Initmem setup node 0 [mem 0x0000000040000000-0x0000000047ffffff]
[    0.000000] cma: Reserved 32 MiB at 0x0000000045c00000 on node -1
[    0.000000] psci: probing for conduit method from DT.
[    0.000000] psci: PSCIv1.1 detected in firmware.
[    0.000000] psci: Using standard PSCI v0.2 function IDs
[    0.000000] psci: Trusted OS migration not required
[    0.000000] psci: SMC Calling Convention v1.0
[    0.000000] percpu: Embedded 23 pages/cpu s53400 r8192 d32616 u94208
[    0.000000] Detected PIPT I-cache on CPU0
[    0.000000] CPU features: detected: Spectre-v2
[    0.000000] CPU features: detected: Spectre-v3a
[    0.000000] CPU features: detected: Spectre-v4
[    0.000000] CPU features: detected: Spectre-BHB
[    0.000000] CPU features: kernel page table isolation forced ON by KASLR
[    0.000000] CPU features: detected: Kernel page table isolation (KPTI)
[    0.000000] CPU features: detected: ARM erratum 834220
[    0.000000] CPU features: detected: ARM erratum 832075
[    0.000000] CPU features: detected: ARM errata 1165522, 1319367, or 1530923
[    0.000000] alternatives: applying boot alternatives
[    0.000000] Kernel command line: 
[    0.000000] Dentry cache hash table entries: 16384 (order: 5, 131072 bytes, linear)
[    0.000000] Inode-cache hash table entries: 8192 (order: 4, 65536 bytes, linear)
[    0.000000] Fallback order for Node 0: 0 
[    0.000000] Built 1 zonelists, mobility grouping on.  Total pages: 32768
[    0.000000] Policy zone: DMA
[    0.000000] mem auto-init: stack:off, heap alloc:off, heap free:off
[    0.000000] software IO TLB: SWIOTLB bounce buffer size adjusted to 0MB
[    0.000000] software IO TLB: area num 1.
[    0.000000] software IO TLB: mapped [mem 0x0000000047f1b000-0x0000000047f5b000] (0MB)
[    0.000000] SLUB: HWalign=64, Order=0-3, MinObjects=0, CPUs=1, Nodes=1
[    0.000000] rcu: Hierarchical RCU implementation.
[    0.000000] rcu: 	RCU restricting CPUs from NR_CPUS=256 to nr_cpu_ids=1.
[    0.000000] 	Tracing variant of Tasks RCU enabled.
[    0.000000] rcu: RCU calculated value of scheduler-enlistment delay is 10 jiffies.
[    0.000000] rcu: Adjusting geometry for rcu_fanout_leaf=16, nr_cpu_ids=1
[    0.000000] RCU Tasks Trace: Setting shift to 0 and lim to 1 rcu_task_cb_adjust=1 rcu_task_cpu_ids=1.
[    0.000000] NR_IRQS: 64, nr_irqs: 64, preallocated irqs: 0
[    0.000000] Root IRQ handler: gic_handle_irq
[    0.000000] GICv2m: range[mem 0x08020000-0x08020fff], SPI[80:143]
[    0.000000] rcu: srcu_init: Setting srcu_struct sizes based on contention.
[    0.000000] arch_timer: cp15 timer(s) running at 62.50MHz (virt).
[    0.000000] clocksource: arch_sys_counter: mask: 0x1ffffffffffffff max_cycles: 0x1cd42e208c, max_idle_ns: 881590405314 ns
[    0.000058] sched_clock: 57 bits at 63MHz, resolution 16ns, wraps every 4398046511096ns
[    0.002977] Console: colour dummy device 80x25
[    0.003395] printk: legacy console [tty0] enabled
[    0.007302] Calibrating delay loop (skipped), value calculated using timer frequency.. 125.00 BogoMIPS (lpj=625000)
[    0.007437] pid_max: default: 32768 minimum: 301
[    0.012560] Mount-cache hash table entries: 512 (order: 0, 4096 bytes, linear)
[    0.012618] Mountpoint-cache hash table entries: 512 (order: 0, 4096 bytes, linear)
[    0.039330] cacheinfo: Unable to detect cache hierarchy for CPU 0
[    0.049871] rcu: Hierarchical SRCU implementation.
[    0.049931] rcu: 	Max phase no-delay instances is 1000.
[    0.053157] EFI services will not be available.
[    0.053978] smp: Bringing up secondary CPUs ...
[    0.054513] smp: Brought up 1 node, 1 CPU
[    0.054556] SMP: Total of 1 processors activated.
[    0.054608] CPU: All CPU(s) started at EL1
[    0.054856] CPU features: detected: 32-bit EL0 Support
[    0.054891] CPU features: detected: 32-bit EL1 Support
[    0.054971] CPU features: detected: CRC32 instructions
[    0.060803] alternatives: applying system-wide alternatives
[    0.073455] CPU features: emulated: Privileged Access Never (PAN) using TTBR0_EL1 switching
[    0.087092] Memory: 57668K/131072K available (12672K kernel code, 1572K rwdata, 4800K rodata, 15296K init, 764K bss, 39312K reserved, 32768K cma-reserved)
[    0.119590] clocksource: jiffies: mask: 0xffffffff max_cycles: 0xffffffff, max_idle_ns: 19112604462750000 ns
[    0.120180] futex hash table entries: 256 (order: 2, 16384 bytes, linear)
[    0.122355] 2G module region forced by RANDOMIZE_MODULE_REGION_FULL
[    0.122410] 0 pages in range for non-PLT usage
[    0.122457] 515456 pages in range for PLT usage
[    0.123667] pinctrl core: initialized pinctrl subsystem
[    0.135870] DMI not present or invalid.
[    0.149397] NET: Registered PF_NETLINK/PF_ROUTE protocol family
[    0.159230] DMA: preallocated 128 KiB GFP_KERNEL pool for atomic allocations
[    0.159743] DMA: preallocated 128 KiB GFP_KERNEL|GFP_DMA pool for atomic allocations
[    0.160008] DMA: preallocated 128 KiB GFP_KERNEL|GFP_DMA32 pool for atomic allocations
[    0.163932] thermal_sys: Registered thermal governor 'step_wise'
[    0.164230] cpuidle: using governor ladder
[    0.164415] cpuidle: using governor menu
[    0.165291] ASID allocator initialised with 32768 entries
[    0.167171] Serial: AMBA PL011 UART driver
[    0.194799] 9000000.pl011: ttyAMA0 at MMIO 0x9000000 (irq = 13, base_baud = 0) is a PL011 rev1
[    0.196451] printk: legacy console [ttyAMA0] enabled
[    0.423444] HugeTLB: registered 1.00 GiB page size, pre-allocated 0 pages
[    0.423706] HugeTLB: 0 KiB vmemmap can be freed for a 1.00 GiB page
[    0.423909] HugeTLB: registered 32.0 MiB page size, pre-allocated 0 pages
[    0.428158] HugeTLB: 0 KiB vmemmap can be freed for a 32.0 MiB page
[    0.428487] HugeTLB: registered 2.00 MiB page size, pre-allocated 0 pages
[    0.428751] HugeTLB: 0 KiB vmemmap can be freed for a 2.00 MiB page
[    0.438778] HugeTLB: registered 64.0 KiB page size, pre-allocated 0 pages
[    0.439047] HugeTLB: 0 KiB vmemmap can be freed for a 64.0 KiB page
[    0.445723] cryptd: max_cpu_qlen set to 1000
[    0.450411] ACPI: Interpreter disabled.
[    0.452984] iommu: Default domain type: Passthrough
[    0.455240] SCSI subsystem initialized
[    0.457188] usbcore: registered new interface driver usbfs
[    0.457607] usbcore: registered new interface driver hub
[    0.457931] usbcore: registered new device driver usb
[    0.477180] clocksource: Switched to clocksource arch_sys_counter
[    0.479359] netfs: FS-Cache loaded
[    0.480260] pnp: PnP ACPI: disabled
[    0.489482] NET: Registered PF_INET protocol family
[    0.491076] IP idents hash table entries: 2048 (order: 2, 16384 bytes, linear)
[    0.496643] tcp_listen_portaddr_hash hash table entries: 256 (order: 0, 4096 bytes, linear)
[    0.496999] Table-perturb hash table entries: 65536 (order: 6, 262144 bytes, linear)
[    0.499855] TCP established hash table entries: 1024 (order: 1, 8192 bytes, linear)
[    0.500416] TCP bind hash table entries: 1024 (order: 3, 32768 bytes, linear)
[    0.500928] TCP: Hash tables configured (established 1024 bind 1024)
[    0.502593] MPTCP token hash table entries: 256 (order: 1, 6144 bytes, linear)
[    0.511271] UDP hash table entries: 256 (order: 1, 8192 bytes, linear)
[    0.511911] UDP-Lite hash table entries: 256 (order: 1, 8192 bytes, linear)
[    0.513507] NET: Registered PF_UNIX/PF_LOCAL protocol family
[    0.514230] PCI: CLS 0 bytes, default 64
[    0.546721] kvm [1]: HYP mode not available
[    0.551344] workingset: timestamp_bits=42 max_order=15 bucket_order=0
[    0.553314] squashfs: version 4.0 (2009/01/31) Phillip Lougher
[    0.553524] jffs2: version 2.2 (NAND) (SUMMARY) (LZMA) (RTIME) (CMODE_PRIORITY) (c) 2001-2006 Red Hat, Inc.
[    0.567209] 9p: Installing v9fs 9p2000 file system support
[    0.569909] Block layer SCSI generic (bsg) driver version 0.4 loaded (major 250)
[    0.579975] atomic64_test: passed
[    0.591479] pl061_gpio 9030000.pl061: PL061 GPIO chip registered
[    0.593820] pci-host-generic 4010000000.pcie: host bridge /pcie@10000000 ranges:
[    0.594634] pci-host-generic 4010000000.pcie:       IO 0x003eff0000..0x003effffff -> 0x0000000000
[    0.595474] pci-host-generic 4010000000.pcie:      MEM 0x0010000000..0x003efeffff -> 0x0010000000
[    0.602328] pci-host-generic 4010000000.pcie:      MEM 0x8000000000..0xffffffffff -> 0x8000000000
[    0.603356] pci-host-generic 4010000000.pcie: Memory resource size exceeds max for 32 bits
[    0.604125] pci-host-generic 4010000000.pcie: ECAM at [mem 0x4010000000-0x401fffffff] for [bus 00-ff]
[    0.615541] pci-host-generic 4010000000.pcie: PCI host bridge to bus 0000:00
[    0.616176] pci_bus 0000:00: root bus resource [bus 00-ff]
[    0.616435] pci_bus 0000:00: root bus resource [io  0x0000-0xffff]
[    0.616692] pci_bus 0000:00: root bus resource [mem 0x10000000-0x3efeffff]
[    0.623962] pci_bus 0000:00: root bus resource [mem 0x8000000000-0xffffffffff]
[    0.625785] pci 0000:00:00.0: [1b36:0008] type 00 class 0x060000 conventional PCI endpoint
[    0.629168] pci 0000:00:01.0: [1af4:1000] type 00 class 0x020000 conventional PCI endpoint
[    0.635228] pci 0000:00:01.0: BAR 0 [io  0x0000-0x001f]
[    0.635598] pci 0000:00:01.0: BAR 4 [mem 0x00000000-0x00003fff 64bit pref]
[    0.636026] pci 0000:00:01.0: ROM [mem 0x00000000-0x0007ffff pref]
[    0.636522] pci 0000:00:02.0: [1af4:1005] type 00 class 0x00ff00 conventional PCI endpoint
[    0.645805] pci 0000:00:02.0: BAR 0 [io  0x0000-0x001f]
[    0.646270] pci 0000:00:02.0: BAR 1 [mem 0x00000000-0x00000fff]
[    0.646540] pci 0000:00:02.0: BAR 4 [mem 0x00000000-0x00003fff 64bit pref]
[    0.647087] pci 0000:00:03.0: [1af4:1000] type 00 class 0x020000 conventional PCI endpoint
[    0.656963] pci 0000:00:03.0: BAR 0 [io  0x0000-0x001f]
[    0.657280] pci 0000:00:03.0: BAR 1 [mem 0x00000000-0x00000fff]
[    0.657557] pci 0000:00:03.0: BAR 4 [mem 0x00000000-0x00003fff 64bit pref]
[    0.657815] pci 0000:00:03.0: ROM [mem 0x00000000-0x0007ffff pref]
[    0.660133] pci 0000:00:01.0: ROM [mem 0x10000000-0x1007ffff pref]: assigned
[    0.668846] pci 0000:00:03.0: ROM [mem 0x10080000-0x100fffff pref]: assigned
[    0.669154] pci 0000:00:01.0: BAR 4 [mem 0x8000000000-0x8000003fff 64bit pref]: assigned
[    0.669508] pci 0000:00:02.0: BAR 4 [mem 0x8000004000-0x8000007fff 64bit pref]: assigned
[    0.679003] pci 0000:00:03.0: BAR 4 [mem 0x8000008000-0x800000bfff 64bit pref]: assigned
[    0.679381] pci 0000:00:02.0: BAR 1 [mem 0x10100000-0x10100fff]: assigned
[    0.679641] pci 0000:00:03.0: BAR 1 [mem 0x10101000-0x10101fff]: assigned
[    0.679911] pci 0000:00:01.0: BAR 0 [io  0x1000-0x101f]: assigned
[    0.689790] pci 0000:00:02.0: BAR 0 [io  0x1020-0x103f]: assigned
[    0.690225] pci 0000:00:03.0: BAR 0 [io  0x1040-0x105f]: assigned
[    0.691025] pci_bus 0000:00: resource 4 [io  0x0000-0xffff]
[    0.691366] pci_bus 0000:00: resource 5 [mem 0x10000000-0x3efeffff]
[    0.700566] pci_bus 0000:00: resource 6 [mem 0x8000000000-0xffffffffff]
[    0.705328] hv_vmbus: registering driver hyperv_fb
[    0.811536] virtio-pci 0000:00:01.0: enabling device (0000 -> 0003)
[    0.814904] virtio-pci 0000:00:02.0: enabling device (0000 -> 0003)
[    0.816815] virtio-pci 0000:00:03.0: enabling device (0000 -> 0003)
[    0.819912] Serial: 8250/16550 driver, 16 ports, IRQ sharing enabled
[    0.833008] SuperH (H)SCI(F) driver initialized
[    0.899410] loop: module loaded
[    0.901222] hv_vmbus: registering driver hv_storvsc
[    0.925374] hv_vmbus: registering driver hv_netvsc
[    0.930196] usbcore: registered new interface driver usb-storage
[    0.935296] hv_vmbus: registering driver hyperv_keyboard
[    0.939643] rtc-pl031 9010000.pl031: registered as rtc0
[    0.940742] rtc-pl031 9010000.pl031: setting system clock to 2026-04-25T01:50:37 UTC (1777081837)
[    0.948234] sdhci: Secure Digital Host Controller Interface driver
[    0.948529] sdhci: Copyright(c) Pierre Ossman
[    0.951000] Synopsys Designware Multimedia Card Interface Driver
[    0.952306] sdhci-pltfm: SDHCI platform and OF driver helper
[    0.955474] hid: raw HID events driver (C) Jiri Kosina
[    0.956523] usbcore: registered new interface driver usbhid
[    0.956863] usbhid: USB HID core driver
[    0.965757] NET: Registered PF_INET6 protocol family
[    1.002579] Segment Routing with IPv6
[    1.003154] In-situ OAM (IOAM) with IPv6
[    1.004270] NET: Registered PF_PACKET protocol family
[    1.005364] bridge: filtering via arp/ip/ip6tables is no longer available by default. Update your scripts to load br_netfilter if you need this.
[    1.014073] 8021q: 802.1Q VLAN Support v1.8
[    1.014964] 9pnet: Installing 9P2000 support
[    1.080388] Demotion targets for Node 0: null
[    1.088724] clk: Disabling unused clocks
[    1.089074] PM: genpd: Disabling unused power domains
[    1.132590] Freeing unused kernel memory: 15296K
[    1.136051] Run /init as init process
[    2.684280] init: Console is alive
[    2.779828] kmodloader: loading kernel modules from /etc/modules-boot.d/*
[    2.805470] pps_core: LinuxPPS API ver. 1 registered
[    2.805711] pps_core: Software ver. 5.3.6 - Copyright 2005-2007 Rodolfo Giometti <giometti@linux.it>
[    2.847148] PTP clock support registered
[    2.886352] e1000e: Intel(R) PRO/1000 Network Driver
[    2.886564] e1000e: Copyright(c) 1999 - 2015 Intel Corporation.
[    2.888301] kmodloader: done loading kernel modules from /etc/modules-boot.d/*
[    2.900892] init: - preinit -
[    4.716408] 8021q: adding VLAN 0 to HW filter on device eth0
Press the [f] key and hit [enter] to enter failsafe mode
Press the [1], [2], [3] or [4] key and hit [enter] to select the debug level
[    9.716399] procd: - early -
[   10.816187] procd: - ubus -
[   11.032768] procd: - init -
Please press Enter to activate this console.
root
login[1150]: root login on 'ttyAMA0'


BusyBox v1.37.0 (2026-01-02 17:07:02 UTC) built-in shell (ash)

  _______                     ________        __
 |       |.-----.-----.-----.|  |  |  |.----.|  |_
 |   -   ||  _  |  -__|     ||  |  |  ||   _||   _|
 |_______||   __|_____|__|__||________||__|  |____|
          |__| W I R E L E S S   F R E E D O M
 -----------------------------------------------------
 OpenWrt SNAPSHOT, r34136-8ef7b4ee4b
 -----------------------------------------------------

 === WARNING! =====================================
 There is no root password defined on this device!
 Use the "passwd" command to set up a new password
 in order to prevent unauthorized SSH logins.
 --------------------------------------------------

root@(none):~# dmesg -n 1
root@(none):~# echo 'AHZK''WXYMBJ'
AHZKWXYMBJ
root@(none):~# run() { echo -n "$MARKER"; sh -c "$@"; echo "$MARKER $?"; }
root@(none):~# echo 'JFOZ''EJYOUJ'
JFOZEJYOUJ
root@(none):~# MARKER='AZZF''SLNUUZ' run 'ubus wait_for network.interface.lan'
AZZFSLNUUZAZZFSLNUUZ 0
root@OpenWrt:~# echo 'WEUC''CUAAXB'
WEUCCUAAXB
root@OpenWrt:~# MARKER='YBMC''KWEJAJ' run 'ubus call network.interface.lan statu
s '"'"'{}'"'"''
YBMCKWEJAJ{
	"up": true,
	"pending": false,
	"available": true,
	"autostart": true,
	"dynamic": false,
	"uptime": 0,
	"l3_device": "br-lan",
	"proto": "static",
	"device": "br-lan",
	"updated": [
		"addresses"
	],
	"metric": 0,
	"dns_metric": 0,
	"delegation": true,
	"ipv4-address": [
		{
			"address": "192.168.1.1",
			"mask": 24
		}
	],
	"ipv6-address": [
		
	],
	"ipv6-prefix": [
		
	],
	"ipv6-prefix-assignment": [
		{
			"address": "fde6:522:c62d::",
			"mask": 60,
			"local-address": {
				"address": "fde6:522:c62d::1",
				"mask": 60
			}
		}
	],
	"route": [
		
	],
	"dns-server": [
		
	],
	"dns-search": [
		
	],
	"neighbors": [
		
	],
	"inactive": {
		"ipv4-address": [
			
		],
		"ipv6-address": [
			
		],
		"route": [
			
		],
		"dns-server": [
			
		],
		"dns-search": [
			
		],
		"neighbors": [
			
		]
	},
	"data": {
		
	}
}
YBMCKWEJAJ 0
root@OpenWrt:~# echo 'WBHG''KPFXVB'
WBHGKPFXVB
root@OpenWrt:~# MARKER='EVAU''CLVKLJ' run true
EVAUCLVKLJEVAUCLVKLJ 0
root@OpenWrt:~# echo 'AAAF''AAESTQ'
AAAFAAESTQ
root@OpenWrt:~# MARKER='HBUC''XLQMGH' run 'source /etc/os-release; echo $BUILD_I
D'
HBUCXLQMGHr34136-8ef7b4ee4b
HBUCXLQMGH 0
root@OpenWrt:~# echo 'HEKA''OKEAKO'
HEKAOKEAKO
root@OpenWrt:~# MARKER='WNAC''AHQJAP' run 'ls /etc/dropbear/dropbear_rsa_host_ke
y'
WNACAHQJAP[0;0m/etc/dropbear/dropbear_rsa_host_key[m
WNACAHQJAP 0
root@OpenWrt:~# echo 'JZYL''FMBEWM'
JZYLFMBEWM
root@OpenWrt:~# MARKER='XVHV''YYCAKZ' run 'netstat -tlpn | grep 0.0.0.0:22'
XVHVYYCAKZtcp        0      0 0.0.0.0:22              0.0.0.0:*               LISTEN      1969/dropbear
XVHVYYCAKZ 0
root@OpenWrt:~# echo 'QJVB''ZHVEAU'
QJVBZHVEAU
root@OpenWrt:~# MARKER='AELY''TXKKKC' run 'dmesg | grep br-lan | grep forwarding
'
AELYTXKKKC[   42.797721] br-lan: port 1(eth0) entered forwarding state
AELYTXKKKC 0
root@OpenWrt:~# echo 'SUGC''LZBCYC'
SUGCLZBCYC
root@OpenWrt:~# MARKER='AETY''YFXFMY' run 'ubus call network.interface.lan statu
s '"'"'{}'"'"''
AETYYFXFMY{
	"up": true,
	"pending": false,
	"available": true,
	"autostart": true,
	"dynamic": false,
	"uptime": 38,
	"l3_device": "br-lan",
	"proto": "static",
	"device": "br-lan",
	"updated": [
		"addresses"
	],
	"metric": 0,
	"dns_metric": 0,
	"delegation": true,
	"ipv4-address": [
		{
			"address": "192.168.1.1",
			"mask": 24
		}
	],
	"ipv6-address": [
		
	],
	"ipv6-prefix": [
		
	],
	"ipv6-prefix-assignment": [
		{
			"address": "fde6:522:c62d::",
			"mask": 60,
			"local-address": {
				"address": "fde6:522:c62d::1",
				"mask": 60
			}
		}
	],
	"route": [
		
	],
	"dns-server": [
		
	],
	"dns-search": [
		
	],
	"neighbors": [
		
	],
	"inactive": {
		"ipv4-address": [
			
		],
		"ipv6-address": [
			
		],
		"route": [
			
		],
		"dns-server": [
			
		],
		"dns-search": [
			
		],
		"neighbors": [
			
		]
	},
	"data": {
		
	}
}
AETYYFXFMY 0
root@OpenWrt:~# echo 'FAZG''BPVGUA'
FAZGBPVGUA
root@OpenWrt:~# MARKER='FSML''JBGOUQ' run 'ip -o addr show dev br-lan'
FSMLJBGOUQ4: br-lan    inet 192.168.1.1/24 brd 192.168.1.255 scope global br-lan\       valid_lft forever preferred_lft forever
4: br-lan    inet6 fde6:522:c62d::1/60 scope global noprefixroute \       valid_lft forever preferred_lft forever
4: br-lan    inet6 fe80::5054:ff:fe12:3456/64 scope link \       valid_lft forever preferred_lft forever
FSMLJBGOUQ 0
root@OpenWrt:~# echo 'WZZY''EYVOOH'
WZZYEYVOOH
root@OpenWrt:~# MARKER='WQUJ''VZAVPB' run 'ubus call network.interface.wan statu
s '"'"'{}'"'"''
WQUJVZAVPB{
	"up": true,
	"pending": false,
	"available": true,
	"autostart": true,
	"dynamic": false,
	"uptime": 35,
	"l3_device": "eth1",
	"proto": "dhcp",
	"device": "eth1",
	"updated": [
		"addresses",
		"routes",
		"data"
	],
	"metric": 0,
	"dns_metric": 0,
	"delegation": true,
	"ipv4-address": [
		{
			"address": "10.0.2.15",
			"mask": 24
		}
	],
	"ipv6-address": [
		
	],
	"ipv6-prefix": [
		
	],
	"ipv6-prefix-assignment": [
		
	],
	"route": [
		{
			"target": "0.0.0.0",
			"mask": 0,
			"nexthop": "10.0.2.2",
			"source": "10.0.2.15/32"
		}
	],
	"dns-server": [
		"10.0.2.3"
	],
	"dns-search": [
		
	],
	"neighbors": [
		
	],
	"inactive": {
		"ipv4-address": [
			
		],
		"ipv6-address": [
			
		],
		"route": [
			
		],
		"dns-server": [
			
		],
		"dns-search": [
			
		],
		"neighbors": [
			
		]
	},
	"data": {
		"dhcpserver": "10.0.2.2",
		"leasetime": 86400
	}
}
WQUJVZAVPB 0
root@OpenWrt:~# 