Labgrid Console Logfile for main
Logfile started at 2026-05-02 02:04:32.671540
=== Log starts here ===
[    0.000000] Booting Linux on physical CPU 0x0000000000 [0x411fd070]
[    0.000000] Linux version 6.12.84 (builder@buildhost) (aarch64-openwrt-linux-musl-gcc (OpenWrt GCC 14.3.0 r34247-84233220d3) 14.3.0, GNU ld (GNU Binutils) 2.44) #0 SMP Fri May  1 10:41:49 2026
[    0.000000] KASLR enabled
[    0.000000] random: crng init done
[    0.000000] Machine model: linux,dummy-virt
[    0.000000] efi: UEFI not found.
[    0.000000] OF: reserved mem: Reserved memory: No reserved-memory node in the DT
[    0.000000] NUMA: Faking a node at [mem 0x0000000040000000-0x0000000047ffffff]
[    0.000000] NODE_DATA(0) allocated [mem 0x47fb8e80-0x47fbbbff]
[    0.000000] Zone ranges:
[    0.000000]   DMA      [mem 0x0000000040000000-0x0000000047ffffff]
[    0.000000]   DMA32    empty
[    0.000000]   Normal   empty
[    0.000000] Movable zone start for each node
[    0.000000] Early memory node ranges
[    0.000000]   node   0: [mem 0x0000000040000000-0x0000000047ffffff]
[    0.000000] Initmem setup node 0 [mem 0x0000000040000000-0x0000000047ffffff]
[    0.000000] cma: Reserved 32 MiB at 0x0000000045c00000 on node -1
[    0.000000] psci: probing for conduit method from DT.
[    0.000000] psci: PSCIv1.1 detected in firmware.
[    0.000000] psci: Using standard PSCI v0.2 function IDs
[    0.000000] psci: Trusted OS migration not required
[    0.000000] psci: SMC Calling Convention v1.0
[    0.000000] percpu: Embedded 23 pages/cpu s53400 r8192 d32616 u94208
[    0.000000] Detected PIPT I-cache on CPU0
[    0.000000] CPU features: detected: Spectre-v2
[    0.000000] CPU features: detected: Spectre-v3a
[    0.000000] CPU features: detected: Spectre-v4
[    0.000000] CPU features: detected: Spectre-BHB
[    0.000000] CPU features: kernel page table isolation forced ON by KASLR
[    0.000000] CPU features: detected: Kernel page table isolation (KPTI)
[    0.000000] CPU features: detected: ARM erratum 834220
[    0.000000] CPU features: detected: ARM erratum 832075
[    0.000000] CPU features: detected: ARM errata 1165522, 1319367, or 1530923
[    0.000000] alternatives: applying boot alternatives
[    0.000000] Kernel command line: 
[    0.000000] Dentry cache hash table entries: 16384 (order: 5, 131072 bytes, linear)
[    0.000000] Inode-cache hash table entries: 8192 (order: 4, 65536 bytes, linear)
[    0.000000] Fallback order for Node 0: 0 
[    0.000000] Built 1 zonelists, mobility grouping on.  Total pages: 32768
[    0.000000] Policy zone: DMA
[    0.000000] mem auto-init: stack:off, heap alloc:off, heap free:off
[    0.000000] software IO TLB: SWIOTLB bounce buffer size adjusted to 0MB
[    0.000000] software IO TLB: area num 1.
[    0.000000] software IO TLB: mapped [mem 0x0000000047f1b000-0x0000000047f5b000] (0MB)
[    0.000000] SLUB: HWalign=64, Order=0-3, MinObjects=0, CPUs=1, Nodes=1
[    0.000000] rcu: Hierarchical RCU implementation.
[    0.000000] rcu: 	RCU restricting CPUs from NR_CPUS=256 to nr_cpu_ids=1.
[    0.000000] 	Tracing variant of Tasks RCU enabled.
[    0.000000] rcu: RCU calculated value of scheduler-enlistment delay is 10 jiffies.
[    0.000000] rcu: Adjusting geometry for rcu_fanout_leaf=16, nr_cpu_ids=1
[    0.000000] RCU Tasks Trace: Setting shift to 0 and lim to 1 rcu_task_cb_adjust=1 rcu_task_cpu_ids=1.
[    0.000000] NR_IRQS: 64, nr_irqs: 64, preallocated irqs: 0
[    0.000000] Root IRQ handler: gic_handle_irq
[    0.000000] GICv2m: range[mem 0x08020000-0x08020fff], SPI[80:143]
[    0.000000] rcu: srcu_init: Setting srcu_struct sizes based on contention.
[    0.000000] arch_timer: cp15 timer(s) running at 62.50MHz (virt).
[    0.000000] clocksource: arch_sys_counter: mask: 0x1ffffffffffffff max_cycles: 0x1cd42e208c, max_idle_ns: 881590405314 ns
[    0.000059] sched_clock: 57 bits at 63MHz, resolution 16ns, wraps every 4398046511096ns
[    0.002988] Console: colour dummy device 80x25
[    0.003407] printk: legacy console [tty0] enabled
[    0.007270] Calibrating delay loop (skipped), value calculated using timer frequency.. 125.00 BogoMIPS (lpj=625000)
[    0.007411] pid_max: default: 32768 minimum: 301
[    0.012453] Mount-cache hash table entries: 512 (order: 0, 4096 bytes, linear)
[    0.012509] Mountpoint-cache hash table entries: 512 (order: 0, 4096 bytes, linear)
[    0.038450] cacheinfo: Unable to detect cache hierarchy for CPU 0
[    0.048914] rcu: Hierarchical SRCU implementation.
[    0.048995] rcu: 	Max phase no-delay instances is 1000.
[    0.052498] EFI services will not be available.
[    0.053842] smp: Bringing up secondary CPUs ...
[    0.054477] smp: Brought up 1 node, 1 CPU
[    0.054516] SMP: Total of 1 processors activated.
[    0.054562] CPU: All CPU(s) started at EL1
[    0.054777] CPU features: detected: 32-bit EL0 Support
[    0.054802] CPU features: detected: 32-bit EL1 Support
[    0.054878] CPU features: detected: CRC32 instructions
[    0.060724] alternatives: applying system-wide alternatives
[    0.074312] CPU features: emulated: Privileged Access Never (PAN) using TTBR0_EL1 switching
[    0.086654] Memory: 57668K/131072K available (12672K kernel code, 1572K rwdata, 4800K rodata, 15296K init, 764K bss, 39312K reserved, 32768K cma-reserved)
[    0.118226] clocksource: jiffies: mask: 0xffffffff max_cycles: 0xffffffff, max_idle_ns: 19112604462750000 ns
[    0.118836] futex hash table entries: 256 (order: 2, 16384 bytes, linear)
[    0.120985] 2G module region forced by RANDOMIZE_MODULE_REGION_FULL
[    0.121041] 0 pages in range for non-PLT usage
[    0.121089] 515456 pages in range for PLT usage
[    0.122274] pinctrl core: initialized pinctrl subsystem
[    0.134182] DMI not present or invalid.
[    0.149950] NET: Registered PF_NETLINK/PF_ROUTE protocol family
[    0.159786] DMA: preallocated 128 KiB GFP_KERNEL pool for atomic allocations
[    0.160411] DMA: preallocated 128 KiB GFP_KERNEL|GFP_DMA pool for atomic allocations
[    0.160753] DMA: preallocated 128 KiB GFP_KERNEL|GFP_DMA32 pool for atomic allocations
[    0.164728] thermal_sys: Registered thermal governor 'step_wise'
[    0.165051] cpuidle: using governor ladder
[    0.165237] cpuidle: using governor menu
[    0.166105] ASID allocator initialised with 32768 entries
[    0.167893] Serial: AMBA PL011 UART driver
[    0.195103] 9000000.pl011: ttyAMA0 at MMIO 0x9000000 (irq = 13, base_baud = 0) is a PL011 rev1
[    0.196758] printk: legacy console [ttyAMA0] enabled
[    0.424168] HugeTLB: registered 1.00 GiB page size, pre-allocated 0 pages
[    0.424444] HugeTLB: 0 KiB vmemmap can be freed for a 1.00 GiB page
[    0.428077] HugeTLB: registered 32.0 MiB page size, pre-allocated 0 pages
[    0.428388] HugeTLB: 0 KiB vmemmap can be freed for a 32.0 MiB page
[    0.428664] HugeTLB: registered 2.00 MiB page size, pre-allocated 0 pages
[    0.428875] HugeTLB: 0 KiB vmemmap can be freed for a 2.00 MiB page
[    0.438817] HugeTLB: registered 64.0 KiB page size, pre-allocated 0 pages
[    0.439143] HugeTLB: 0 KiB vmemmap can be freed for a 64.0 KiB page
[    0.445848] cryptd: max_cpu_qlen set to 1000
[    0.451527] ACPI: Interpreter disabled.
[    0.454042] iommu: Default domain type: Passthrough
[    0.455369] SCSI subsystem initialized
[    0.457243] usbcore: registered new interface driver usbfs
[    0.457677] usbcore: registered new interface driver hub
[    0.458006] usbcore: registered new device driver usb
[    0.478250] clocksource: Switched to clocksource arch_sys_counter
[    0.480402] netfs: FS-Cache loaded
[    0.481286] pnp: PnP ACPI: disabled
[    0.490367] NET: Registered PF_INET protocol family
[    0.492006] IP idents hash table entries: 2048 (order: 2, 16384 bytes, linear)
[    0.497561] tcp_listen_portaddr_hash hash table entries: 256 (order: 0, 4096 bytes, linear)
[    0.497911] Table-perturb hash table entries: 65536 (order: 6, 262144 bytes, linear)
[    0.500718] TCP established hash table entries: 1024 (order: 1, 8192 bytes, linear)
[    0.501257] TCP bind hash table entries: 1024 (order: 3, 32768 bytes, linear)
[    0.501778] TCP: Hash tables configured (established 1024 bind 1024)
[    0.503384] MPTCP token hash table entries: 256 (order: 1, 6144 bytes, linear)
[    0.512106] UDP hash table entries: 256 (order: 1, 8192 bytes, linear)
[    0.512625] UDP-Lite hash table entries: 256 (order: 1, 8192 bytes, linear)
[    0.514169] NET: Registered PF_UNIX/PF_LOCAL protocol family
[    0.514857] PCI: CLS 0 bytes, default 64
[    0.547903] kvm [1]: HYP mode not available
[    0.552881] workingset: timestamp_bits=42 max_order=15 bucket_order=0
[    0.554837] squashfs: version 4.0 (2009/01/31) Phillip Lougher
[    0.555082] jffs2: version 2.2 (NAND) (SUMMARY) (LZMA) (RTIME) (CMODE_PRIORITY) (c) 2001-2006 Red Hat, Inc.
[    0.568468] 9p: Installing v9fs 9p2000 file system support
[    0.571086] Block layer SCSI generic (bsg) driver version 0.4 loaded (major 250)
[    0.575206] atomic64_test: passed
[    0.586878] pl061_gpio 9030000.pl061: PL061 GPIO chip registered
[    0.589305] pci-host-generic 4010000000.pcie: host bridge /pcie@10000000 ranges:
[    0.590227] pci-host-generic 4010000000.pcie:       IO 0x003eff0000..0x003effffff -> 0x0000000000
[    0.591066] pci-host-generic 4010000000.pcie:      MEM 0x0010000000..0x003efeffff -> 0x0010000000
[    0.597869] pci-host-generic 4010000000.pcie:      MEM 0x8000000000..0xffffffffff -> 0x8000000000
[    0.598720] pci-host-generic 4010000000.pcie: Memory resource size exceeds max for 32 bits
[    0.599495] pci-host-generic 4010000000.pcie: ECAM at [mem 0x4010000000-0x401fffffff] for [bus 00-ff]
[    0.610956] pci-host-generic 4010000000.pcie: PCI host bridge to bus 0000:00
[    0.611532] pci_bus 0000:00: root bus resource [bus 00-ff]
[    0.611785] pci_bus 0000:00: root bus resource [io  0x0000-0xffff]
[    0.612042] pci_bus 0000:00: root bus resource [mem 0x10000000-0x3efeffff]
[    0.619545] pci_bus 0000:00: root bus resource [mem 0x8000000000-0xffffffffff]
[    0.621357] pci 0000:00:00.0: [1b36:0008] type 00 class 0x060000 conventional PCI endpoint
[    0.624694] pci 0000:00:01.0: [1af4:1000] type 00 class 0x020000 conventional PCI endpoint
[    0.625214] pci 0000:00:01.0: BAR 0 [io  0x0000-0x001f]
[    0.630705] pci 0000:00:01.0: BAR 4 [mem 0x00000000-0x00003fff 64bit pref]
[    0.631171] pci 0000:00:01.0: ROM [mem 0x00000000-0x0007ffff pref]
[    0.631754] pci 0000:00:02.0: [1af4:1005] type 00 class 0x00ff00 conventional PCI endpoint
[    0.632098] pci 0000:00:02.0: BAR 0 [io  0x0000-0x001f]
[    0.641499] pci 0000:00:02.0: BAR 1 [mem 0x00000000-0x00000fff]
[    0.641827] pci 0000:00:02.0: BAR 4 [mem 0x00000000-0x00003fff 64bit pref]
[    0.642564] pci 0000:00:03.0: [1af4:1000] type 00 class 0x020000 conventional PCI endpoint
[    0.642865] pci 0000:00:03.0: BAR 0 [io  0x0000-0x001f]
[    0.652359] pci 0000:00:03.0: BAR 1 [mem 0x00000000-0x00000fff]
[    0.652701] pci 0000:00:03.0: BAR 4 [mem 0x00000000-0x00003fff 64bit pref]
[    0.653016] pci 0000:00:03.0: ROM [mem 0x00000000-0x0007ffff pref]
[    0.655369] pci 0000:00:01.0: ROM [mem 0x10000000-0x1007ffff pref]: assigned
[    0.664014] pci 0000:00:03.0: ROM [mem 0x10080000-0x100fffff pref]: assigned
[    0.664491] pci 0000:00:01.0: BAR 4 [mem 0x8000000000-0x8000003fff 64bit pref]: assigned
[    0.664854] pci 0000:00:02.0: BAR 4 [mem 0x8000004000-0x8000007fff 64bit pref]: assigned
[    0.674372] pci 0000:00:03.0: BAR 4 [mem 0x8000008000-0x800000bfff 64bit pref]: assigned
[    0.674752] pci 0000:00:02.0: BAR 1 [mem 0x10100000-0x10100fff]: assigned
[    0.675093] pci 0000:00:03.0: BAR 1 [mem 0x10101000-0x10101fff]: assigned
[    0.675414] pci 0000:00:01.0: BAR 0 [io  0x1000-0x101f]: assigned
[    0.685339] pci 0000:00:02.0: BAR 0 [io  0x1020-0x103f]: assigned
[    0.685617] pci 0000:00:03.0: BAR 0 [io  0x1040-0x105f]: assigned
[    0.686273] pci_bus 0000:00: resource 4 [io  0x0000-0xffff]
[    0.686560] pci_bus 0000:00: resource 5 [mem 0x10000000-0x3efeffff]
[    0.686840] pci_bus 0000:00: resource 6 [mem 0x8000000000-0xffffffffff]
[    0.699411] hv_vmbus: registering driver hyperv_fb
[    0.782246] virtio-pci 0000:00:01.0: enabling device (0000 -> 0003)
[    0.785415] virtio-pci 0000:00:02.0: enabling device (0000 -> 0003)
[    0.786832] virtio-pci 0000:00:03.0: enabling device (0000 -> 0003)
[    0.789893] Serial: 8250/16550 driver, 16 ports, IRQ sharing enabled
[    0.798352] SuperH (H)SCI(F) driver initialized
[    0.830570] loop: module loaded
[    0.831637] hv_vmbus: registering driver hv_storvsc
[    0.845677] hv_vmbus: registering driver hv_netvsc
[    0.848830] usbcore: registered new interface driver usb-storage
[    0.851595] hv_vmbus: registering driver hyperv_keyboard
[    0.854357] rtc-pl031 9010000.pl031: registered as rtc0
[    0.855156] rtc-pl031 9010000.pl031: setting system clock to 2026-05-02T02:04:33 UTC (1777687473)
[    0.859858] sdhci: Secure Digital Host Controller Interface driver
[    0.860108] sdhci: Copyright(c) Pierre Ossman
[    0.860749] Synopsys Designware Multimedia Card Interface Driver
[    0.861633] sdhci-pltfm: SDHCI platform and OF driver helper
[    0.863540] hid: raw HID events driver (C) Jiri Kosina
[    0.867603] usbcore: registered new interface driver usbhid
[    0.867903] usbhid: USB HID core driver
[    0.870801] NET: Registered PF_INET6 protocol family
[    0.889627] Segment Routing with IPv6
[    0.890002] In-situ OAM (IOAM) with IPv6
[    0.890623] NET: Registered PF_PACKET protocol family
[    0.891293] bridge: filtering via arp/ip/ip6tables is no longer available by default. Update your scripts to load br_netfilter if you need this.
[    0.900820] 8021q: 802.1Q VLAN Support v1.8
[    0.901747] 9pnet: Installing 9P2000 support
[    0.955191] Demotion targets for Node 0: null
[    0.965056] clk: Disabling unused clocks
[    0.965413] PM: genpd: Disabling unused power domains
[    1.012270] Freeing unused kernel memory: 15296K
[    1.016075] Run /init as init process
[    2.474945] init: Console is alive
[    2.565235] kmodloader: loading kernel modules from /etc/modules-boot.d/*
[    2.590638] pps_core: LinuxPPS API ver. 1 registered
[    2.590861] pps_core: Software ver. 5.3.6 - Copyright 2005-2007 Rodolfo Giometti <giometti@linux.it>
[    2.631168] PTP clock support registered
[    2.666213] e1000e: Intel(R) PRO/1000 Network Driver
[    2.666448] e1000e: Copyright(c) 1999 - 2015 Intel Corporation.
[    2.668597] kmodloader: done loading kernel modules from /etc/modules-boot.d/*
[    2.680538] init: - preinit -
[    4.459830] 8021q: adding VLAN 0 to HW filter on device eth0
Press the [f] key and hit [enter] to enter failsafe mode
Press the [1], [2], [3] or [4] key and hit [enter] to select the debug level
[    9.438818] procd: - early -
[   10.508899] procd: - ubus -
[   10.715864] procd: - init -
Please press Enter to activate this console.
root
login[1148]: root login on 'ttyAMA0'


BusyBox v1.37.0 (2026-01-02 17:07:02 UTC) built-in shell (ash)

  _______                     ________        __
 |       |.-----.-----.-----.|  |  |  |.----.|  |_
 |   -   ||  _  |  -__|     ||  |  |  ||   _||   _|
 |_______||   __|_____|__|__||________||__|  |____|
          |__| W I R E L E S S   F R E E D O M
 -----------------------------------------------------
 OpenWrt SNAPSHOT, r34247-84233220d3
 -----------------------------------------------------

 === WARNING! =====================================
 There is no root password defined on this device!
 Use the "passwd" command to set up a new password
 in order to prevent unauthorized SSH logins.
 --------------------------------------------------

root@(none):~# dmesg -n 1
root@(none):~# echo 'JJYX''KMVZZG'
JJYXKMVZZG
root@(none):~# run() { echo -n "$MARKER"; sh -c "$@"; echo "$MARKER $?"; }
root@(none):~# echo 'YPUX''QAJXPK'
YPUXQAJXPK
root@(none):~# MARKER='NVOW''LXFNQX' run 'ubus wait_for network.interface.lan'
NVOWLXFNQXNVOWLXFNQX 0
root@OpenWrt:~# echo 'WCGJ''WGQXWE'
WCGJWGQXWE
root@OpenWrt:~# MARKER='JMSA''KVXBTM' run 'ubus call network.interface.lan statu
s '"'"'{}'"'"''
JMSAKVXBTM{
	"up": true,
	"pending": false,
	"available": true,
	"autostart": true,
	"dynamic": false,
	"uptime": 1,
	"l3_device": "br-lan",
	"proto": "static",
	"device": "br-lan",
	"updated": [
		"addresses"
	],
	"metric": 0,
	"dns_metric": 0,
	"delegation": true,
	"ipv4-address": [
		{
			"address": "192.168.1.1",
			"mask": 24
		}
	],
	"ipv6-address": [
		
	],
	"ipv6-prefix": [
		
	],
	"ipv6-prefix-assignment": [
		{
			"address": "fdf7:ee25:13e3::",
			"mask": 60,
			"local-address": {
				"address": "fdf7:ee25:13e3::1",
				"mask": 60
			}
		}
	],
	"route": [
		
	],
	"dns-server": [
		
	],
	"dns-search": [
		
	],
	"neighbors": [
		
	],
	"inactive": {
		"ipv4-address": [
			
		],
		"ipv6-address": [
			
		],
		"route": [
			
		],
		"dns-server": [
			
		],
		"dns-search": [
			
		],
		"neighbors": [
			
		]
	},
	"data": {
		
	}
}
JMSAKVXBTM 0
root@OpenWrt:~# echo 'BJGA''QLWCMX'
BJGAQLWCMX
root@OpenWrt:~# MARKER='GWOQ''JSGUEY' run true
GWOQJSGUEYGWOQJSGUEY 0
root@OpenWrt:~# echo 'BBTC''TZUHCB'
BBTCTZUHCB
root@OpenWrt:~# MARKER='LYXU''FOWAHU' run 'source /etc/os-release; echo $BUILD_I
D'
LYXUFOWAHUr34247-84233220d3
LYXUFOWAHU 0
root@OpenWrt:~# echo 'LJPL''AFPTZC'
LJPLAFPTZC
root@OpenWrt:~# MARKER='GMKA''SLQMAL' run 'ls /etc/dropbear/dropbear_rsa_host_ke
y'
GMKASLQMAL[0;0m/etc/dropbear/dropbear_rsa_host_key[m
GMKASLQMAL 0
root@OpenWrt:~# echo 'LJAW''GOMJFM'
LJAWGOMJFM
root@OpenWrt:~# MARKER='CHFU''VKVTEN' run 'netstat -tlpn | grep 0.0.0.0:22'
CHFUVKVTENtcp        0      0 0.0.0.0:22              0.0.0.0:*               LISTEN      1967/dropbear
CHFUVKVTEN 0
root@OpenWrt:~# echo 'LCXB''JWFQJV'
LCXBJWFQJV
root@OpenWrt:~# MARKER='NTOG''TVVHFH' run 'dmesg | grep br-lan | grep forwarding
'
NTOGTVVHFH[   41.627758] br-lan: port 1(eth0) entered forwarding state
NTOGTVVHFH 0
root@OpenWrt:~# echo 'YAST''MQHPSW'
YASTMQHPSW
root@OpenWrt:~# MARKER='EFYB''SJGGOM' run 'ubus call network.interface.lan statu
s '"'"'{}'"'"''
EFYBSJGGOM{
	"up": true,
	"pending": false,
	"available": true,
	"autostart": true,
	"dynamic": false,
	"uptime": 37,
	"l3_device": "br-lan",
	"proto": "static",
	"device": "br-lan",
	"updated": [
		"addresses"
	],
	"metric": 0,
	"dns_metric": 0,
	"delegation": true,
	"ipv4-address": [
		{
			"address": "192.168.1.1",
			"mask": 24
		}
	],
	"ipv6-address": [
		
	],
	"ipv6-prefix": [
		
	],
	"ipv6-prefix-assignment": [
		{
			"address": "fdf7:ee25:13e3::",
			"mask": 60,
			"local-address": {
				"address": "fdf7:ee25:13e3::1",
				"mask": 60
			}
		}
	],
	"route": [
		
	],
	"dns-server": [
		
	],
	"dns-search": [
		
	],
	"neighbors": [
		
	],
	"inactive": {
		"ipv4-address": [
			
		],
		"ipv6-address": [
			
		],
		"route": [
			
		],
		"dns-server": [
			
		],
		"dns-search": [
			
		],
		"neighbors": [
			
		]
	},
	"data": {
		
	}
}
EFYBSJGGOM 0
root@OpenWrt:~# echo 'BBOF''ANNSSN'
BBOFANNSSN
root@OpenWrt:~# MARKER='TYLX''AJVJXX' run 'ip -o addr show dev br-lan'
TYLXAJVJXX4: br-lan    inet 192.168.1.1/24 brd 192.168.1.255 scope global br-lan\       valid_lft forever preferred_lft forever
4: br-lan    inet6 fdf7:ee25:13e3::1/60 scope global noprefixroute \       valid_lft forever preferred_lft forever
4: br-lan    inet6 fe80::5054:ff:fe12:3456/64 scope link \       valid_lft forever preferred_lft forever
TYLXAJVJXX 0
root@OpenWrt:~# echo 'NHKN''HMSBQC'
NHKNHMSBQC
root@OpenWrt:~# MARKER='GVWO''POCSKV' run 'ubus call network.interface.wan statu
s '"'"'{}'"'"''
GVWOPOCSKV{
	"up": true,
	"pending": false,
	"available": true,
	"autostart": true,
	"dynamic": false,
	"uptime": 33,
	"l3_device": "eth1",
	"proto": "dhcp",
	"device": "eth1",
	"updated": [
		"addresses",
		"routes",
		"data"
	],
	"metric": 0,
	"dns_metric": 0,
	"delegation": true,
	"ipv4-address": [
		{
			"address": "10.0.2.15",
			"mask": 24
		}
	],
	"ipv6-address": [
		
	],
	"ipv6-prefix": [
		
	],
	"ipv6-prefix-assignment": [
		
	],
	"route": [
		{
			"target": "0.0.0.0",
			"mask": 0,
			"nexthop": "10.0.2.2",
			"source": "10.0.2.15/32"
		}
	],
	"dns-server": [
		"10.0.2.3"
	],
	"dns-search": [
		
	],
	"neighbors": [
		
	],
	"inactive": {
		"ipv4-address": [
			
		],
		"ipv6-address": [
			
		],
		"route": [
			
		],
		"dns-server": [
			
		],
		"dns-search": [
			
		],
		"neighbors": [
			
		]
	},
	"data": {
		"dhcpserver": "10.0.2.2",
		"leasetime": 86400
	}
}
GVWOPOCSKV 0
root@OpenWrt:~# 