Labgrid Console Logfile for main
Logfile started at 2026-01-07 20:55:31.164629
=== Log starts here ===
[    0.000000] Booting Linux on physical CPU 0x0000000000 [0x411fd070]
[    0.000000] Linux version 6.12.63 (builder@buildhost) (aarch64-openwrt-linux-musl-gcc (OpenWrt GCC 14.3.0 r32562-f948f71300) 14.3.0, GNU ld (GNU Binutils) 2.44) #0 SMP Wed Jan  7 10:05:20 2026
[    0.000000] KASLR enabled
[    0.000000] random: crng init done
[    0.000000] Machine model: linux,dummy-virt
[    0.000000] efi: UEFI not found.
[    0.000000] OF: reserved mem: Reserved memory: No reserved-memory node in the DT
[    0.000000] NUMA: Faking a node at [mem 0x0000000040000000-0x0000000047ffffff]
[    0.000000] NODE_DATA(0) allocated [mem 0x47fb8e80-0x47fbbbff]
[    0.000000] Zone ranges:
[    0.000000]   DMA      [mem 0x0000000040000000-0x0000000047ffffff]
[    0.000000]   DMA32    empty
[    0.000000]   Normal   empty
[    0.000000] Movable zone start for each node
[    0.000000] Early memory node ranges
[    0.000000]   node   0: [mem 0x0000000040000000-0x0000000047ffffff]
[    0.000000] Initmem setup node 0 [mem 0x0000000040000000-0x0000000047ffffff]
[    0.000000] cma: Reserved 32 MiB at 0x0000000045c00000 on node -1
[    0.000000] psci: probing for conduit method from DT.
[    0.000000] psci: PSCIv1.1 detected in firmware.
[    0.000000] psci: Using standard PSCI v0.2 function IDs
[    0.000000] psci: Trusted OS migration not required
[    0.000000] psci: SMC Calling Convention v1.0
[    0.000000] percpu: Embedded 23 pages/cpu s53400 r8192 d32616 u94208
[    0.000000] Detected PIPT I-cache on CPU0
[    0.000000] CPU features: detected: Spectre-v2
[    0.000000] CPU features: detected: Spectre-v3a
[    0.000000] CPU features: detected: Spectre-v4
[    0.000000] CPU features: detected: Spectre-BHB
[    0.000000] CPU features: kernel page table isolation forced ON by KASLR
[    0.000000] CPU features: detected: Kernel page table isolation (KPTI)
[    0.000000] CPU features: detected: ARM erratum 834220
[    0.000000] CPU features: detected: ARM erratum 832075
[    0.000000] CPU features: detected: ARM errata 1165522, 1319367, or 1530923
[    0.000000] alternatives: applying boot alternatives
[    0.000000] Kernel command line: 
[    0.000000] Dentry cache hash table entries: 16384 (order: 5, 131072 bytes, linear)
[    0.000000] Inode-cache hash table entries: 8192 (order: 4, 65536 bytes, linear)
[    0.000000] Fallback order for Node 0: 0 
[    0.000000] Built 1 zonelists, mobility grouping on.  Total pages: 32768
[    0.000000] Policy zone: DMA
[    0.000000] mem auto-init: stack:off, heap alloc:off, heap free:off
[    0.000000] software IO TLB: SWIOTLB bounce buffer size adjusted to 0MB
[    0.000000] software IO TLB: area num 1.
[    0.000000] software IO TLB: mapped [mem 0x0000000047f1b000-0x0000000047f5b000] (0MB)
[    0.000000] SLUB: HWalign=64, Order=0-3, MinObjects=0, CPUs=1, Nodes=1
[    0.000000] rcu: Hierarchical RCU implementation.
[    0.000000] rcu: 	RCU restricting CPUs from NR_CPUS=256 to nr_cpu_ids=1.
[    0.000000] 	Tracing variant of Tasks RCU enabled.
[    0.000000] rcu: RCU calculated value of scheduler-enlistment delay is 10 jiffies.
[    0.000000] rcu: Adjusting geometry for rcu_fanout_leaf=16, nr_cpu_ids=1
[    0.000000] RCU Tasks Trace: Setting shift to 0 and lim to 1 rcu_task_cb_adjust=1 rcu_task_cpu_ids=1.
[    0.000000] NR_IRQS: 64, nr_irqs: 64, preallocated irqs: 0
[    0.000000] Root IRQ handler: gic_handle_irq
[    0.000000] GICv2m: range[mem 0x08020000-0x08020fff], SPI[80:143]
[    0.000000] rcu: srcu_init: Setting srcu_struct sizes based on contention.
[    0.000000] arch_timer: cp15 timer(s) running at 62.50MHz (virt).
[    0.000000] clocksource: arch_sys_counter: mask: 0x1ffffffffffffff max_cycles: 0x1cd42e208c, max_idle_ns: 881590405314 ns
[    0.000061] sched_clock: 57 bits at 63MHz, resolution 16ns, wraps every 4398046511096ns
[    0.003014] Console: colour dummy device 80x25
[    0.003435] printk: legacy console [tty0] enabled
[    0.007387] Calibrating delay loop (skipped), value calculated using timer frequency.. 125.00 BogoMIPS (lpj=625000)
[    0.007527] pid_max: default: 32768 minimum: 301
[    0.012696] Mount-cache hash table entries: 512 (order: 0, 4096 bytes, linear)
[    0.012751] Mountpoint-cache hash table entries: 512 (order: 0, 4096 bytes, linear)
[    0.039159] cacheinfo: Unable to detect cache hierarchy for CPU 0
[    0.049652] rcu: Hierarchical SRCU implementation.
[    0.049715] rcu: 	Max phase no-delay instances is 1000.
[    0.052984] EFI services will not be available.
[    0.053823] smp: Bringing up secondary CPUs ...
[    0.054376] smp: Brought up 1 node, 1 CPU
[    0.054418] SMP: Total of 1 processors activated.
[    0.054471] CPU: All CPU(s) started at EL1
[    0.054708] CPU features: detected: 32-bit EL0 Support
[    0.054740] CPU features: detected: 32-bit EL1 Support
[    0.054821] CPU features: detected: CRC32 instructions
[    0.060777] alternatives: applying system-wide alternatives
[    0.073389] CPU features: emulated: Privileged Access Never (PAN) using TTBR0_EL1 switching
[    0.084734] Memory: 54856K/131072K available (12608K kernel code, 1572K rwdata, 4788K rodata, 18176K init, 763K bss, 42128K reserved, 32768K cma-reserved)
[    0.118169] clocksource: jiffies: mask: 0xffffffff max_cycles: 0xffffffff, max_idle_ns: 19112604462750000 ns
[    0.118759] futex hash table entries: 256 (order: 2, 16384 bytes, linear)
[    0.120876] 2G module region forced by RANDOMIZE_MODULE_REGION_FULL
[    0.120932] 0 pages in range for non-PLT usage
[    0.120981] 514752 pages in range for PLT usage
[    0.122180] pinctrl core: initialized pinctrl subsystem
[    0.134488] DMI not present or invalid.
[    0.148050] NET: Registered PF_NETLINK/PF_ROUTE protocol family
[    0.158098] DMA: preallocated 128 KiB GFP_KERNEL pool for atomic allocations
[    0.158629] DMA: preallocated 128 KiB GFP_KERNEL|GFP_DMA pool for atomic allocations
[    0.158893] DMA: preallocated 128 KiB GFP_KERNEL|GFP_DMA32 pool for atomic allocations
[    0.162820] thermal_sys: Registered thermal governor 'step_wise'
[    0.163114] cpuidle: using governor ladder
[    0.163302] cpuidle: using governor menu
[    0.164064] ASID allocator initialised with 32768 entries
[    0.166138] Serial: AMBA PL011 UART driver
[    0.193546] 9000000.pl011: ttyAMA0 at MMIO 0x9000000 (irq = 13, base_baud = 0) is a PL011 rev1
[    0.195084] printk: legacy console [ttyAMA0] enabled
[    0.413781] HugeTLB: registered 1.00 GiB page size, pre-allocated 0 pages
[    0.414010] HugeTLB: 0 KiB vmemmap can be freed for a 1.00 GiB page
[    0.414204] HugeTLB: registered 32.0 MiB page size, pre-allocated 0 pages
[    0.414400] HugeTLB: 0 KiB vmemmap can be freed for a 32.0 MiB page
[    0.417822] HugeTLB: registered 2.00 MiB page size, pre-allocated 0 pages
[    0.418127] HugeTLB: 0 KiB vmemmap can be freed for a 2.00 MiB page
[    0.418420] HugeTLB: registered 64.0 KiB page size, pre-allocated 0 pages
[    0.418693] HugeTLB: 0 KiB vmemmap can be freed for a 64.0 KiB page
[    0.435736] cryptd: max_cpu_qlen set to 1000
[    0.440103] ACPI: Interpreter disabled.
[    0.442563] iommu: Default domain type: Passthrough
[    0.444802] SCSI subsystem initialized
[    0.447001] usbcore: registered new interface driver usbfs
[    0.447423] usbcore: registered new interface driver hub
[    0.447742] usbcore: registered new device driver usb
[    0.463832] clocksource: Switched to clocksource arch_sys_counter
[    0.466052] netfs: FS-Cache loaded
[    0.466957] pnp: PnP ACPI: disabled
[    0.475830] NET: Registered PF_INET protocol family
[    0.477370] IP idents hash table entries: 2048 (order: 2, 16384 bytes, linear)
[    0.482709] tcp_listen_portaddr_hash hash table entries: 256 (order: 0, 4096 bytes, linear)
[    0.483037] Table-perturb hash table entries: 65536 (order: 6, 262144 bytes, linear)
[    0.486145] TCP established hash table entries: 1024 (order: 1, 8192 bytes, linear)
[    0.486699] TCP bind hash table entries: 1024 (order: 3, 32768 bytes, linear)
[    0.487143] TCP: Hash tables configured (established 1024 bind 1024)
[    0.488760] MPTCP token hash table entries: 256 (order: 1, 6144 bytes, linear)
[    0.497651] UDP hash table entries: 256 (order: 1, 8192 bytes, linear)
[    0.498224] UDP-Lite hash table entries: 256 (order: 1, 8192 bytes, linear)
[    0.499760] NET: Registered PF_UNIX/PF_LOCAL protocol family
[    0.500431] PCI: CLS 0 bytes, default 64
[    0.533338] kvm [1]: HYP mode not available
[    0.537669] workingset: timestamp_bits=42 max_order=15 bucket_order=0
[    0.539556] squashfs: version 4.0 (2009/01/31) Phillip Lougher
[    0.539771] jffs2: version 2.2 (NAND) (SUMMARY) (LZMA) (RTIME) (CMODE_PRIORITY) (c) 2001-2006 Red Hat, Inc.
[    0.554089] 9p: Installing v9fs 9p2000 file system support
[    0.556645] Block layer SCSI generic (bsg) driver version 0.4 loaded (major 250)
[    0.560884] atomic64_test: passed
[    0.572431] pl061_gpio 9030000.pl061: PL061 GPIO chip registered
[    0.574773] pci-host-generic 4010000000.pcie: host bridge /pcie@10000000 ranges:
[    0.575562] pci-host-generic 4010000000.pcie:       IO 0x003eff0000..0x003effffff -> 0x0000000000
[    0.576390] pci-host-generic 4010000000.pcie:      MEM 0x0010000000..0x003efeffff -> 0x0010000000
[    0.583085] pci-host-generic 4010000000.pcie:      MEM 0x8000000000..0xffffffffff -> 0x8000000000
[    0.583999] pci-host-generic 4010000000.pcie: Memory resource size exceeds max for 32 bits
[    0.586336] pci-host-generic 4010000000.pcie: ECAM at [mem 0x4010000000-0x401fffffff] for [bus 00-ff]
[    0.595331] pci-host-generic 4010000000.pcie: PCI host bridge to bus 0000:00
[    0.595895] pci_bus 0000:00: root bus resource [bus 00-ff]
[    0.596140] pci_bus 0000:00: root bus resource [io  0x0000-0xffff]
[    0.596389] pci_bus 0000:00: root bus resource [mem 0x10000000-0x3efeffff]
[    0.605639] pci_bus 0000:00: root bus resource [mem 0x8000000000-0xffffffffff]
[    0.607391] pci 0000:00:00.0: [1b36:0008] type 00 class 0x060000 conventional PCI endpoint
[    0.610638] pci 0000:00:01.0: [1af4:1000] type 00 class 0x020000 conventional PCI endpoint
[    0.611118] pci 0000:00:01.0: BAR 0 [io  0x0000-0x001f]
[    0.616840] pci 0000:00:01.0: BAR 4 [mem 0x00000000-0x00003fff 64bit pref]
[    0.617282] pci 0000:00:01.0: ROM [mem 0x00000000-0x0007ffff pref]
[    0.617775] pci 0000:00:02.0: [1af4:1005] type 00 class 0x00ff00 conventional PCI endpoint
[    0.618046] pci 0000:00:02.0: BAR 0 [io  0x0000-0x001f]
[    0.627794] pci 0000:00:02.0: BAR 1 [mem 0x00000000-0x00000fff]
[    0.628103] pci 0000:00:02.0: BAR 4 [mem 0x00000000-0x00003fff 64bit pref]
[    0.628840] pci 0000:00:03.0: [1af4:1000] type 00 class 0x020000 conventional PCI endpoint
[    0.629113] pci 0000:00:03.0: BAR 0 [io  0x0000-0x001f]
[    0.639322] pci 0000:00:03.0: BAR 1 [mem 0x00000000-0x00000fff]
[    0.639762] pci 0000:00:03.0: BAR 4 [mem 0x00000000-0x00003fff 64bit pref]
[    0.640040] pci 0000:00:03.0: ROM [mem 0x00000000-0x0007ffff pref]
[    0.642363] pci 0000:00:01.0: ROM [mem 0x10000000-0x1007ffff pref]: assigned
[    0.649849] pci 0000:00:03.0: ROM [mem 0x10080000-0x100fffff pref]: assigned
[    0.650351] pci 0000:00:01.0: BAR 4 [mem 0x8000000000-0x8000003fff 64bit pref]: assigned
[    0.650919] pci 0000:00:02.0: BAR 4 [mem 0x8000004000-0x8000007fff 64bit pref]: assigned
[    0.651234] pci 0000:00:03.0: BAR 4 [mem 0x8000008000-0x800000bfff 64bit pref]: assigned
[    0.660898] pci 0000:00:02.0: BAR 1 [mem 0x10100000-0x10100fff]: assigned
[    0.661257] pci 0000:00:03.0: BAR 1 [mem 0x10101000-0x10101fff]: assigned
[    0.661689] pci 0000:00:01.0: BAR 0 [io  0x1000-0x101f]: assigned
[    0.662059] pci 0000:00:02.0: BAR 0 [io  0x1020-0x103f]: assigned
[    0.671771] pci 0000:00:03.0: BAR 0 [io  0x1040-0x105f]: assigned
[    0.672550] pci_bus 0000:00: resource 4 [io  0x0000-0xffff]
[    0.673130] pci_bus 0000:00: resource 5 [mem 0x10000000-0x3efeffff]
[    0.673434] pci_bus 0000:00: resource 6 [mem 0x8000000000-0xffffffffff]
[    0.676007] hv_vmbus: registering driver hyperv_fb
[    0.773025] virtio-pci 0000:00:01.0: enabling device (0000 -> 0003)
[    0.775984] virtio-pci 0000:00:02.0: enabling device (0000 -> 0003)
[    0.777304] virtio-pci 0000:00:03.0: enabling device (0000 -> 0003)
[    0.780006] Serial: 8250/16550 driver, 16 ports, IRQ sharing enabled
[    0.789130] SuperH (H)SCI(F) driver initialized
[    0.821743] loop: module loaded
[    0.822841] hv_vmbus: registering driver hv_storvsc
[    0.836524] hv_vmbus: registering driver hv_netvsc
[    0.839275] usbcore: registered new interface driver usb-storage
[    0.842066] hv_vmbus: registering driver hyperv_keyboard
[    0.844989] rtc-pl031 9010000.pl031: registered as rtc0
[    0.845773] rtc-pl031 9010000.pl031: setting system clock to 2026-01-07T20:55:31 UTC (1767819331)
[    0.850793] sdhci: Secure Digital Host Controller Interface driver
[    0.850999] sdhci: Copyright(c) Pierre Ossman
[    0.851644] Synopsys Designware Multimedia Card Interface Driver
[    0.852416] sdhci-pltfm: SDHCI platform and OF driver helper
[    0.854715] hid: raw HID events driver (C) Jiri Kosina
[    0.861511] usbcore: registered new interface driver usbhid
[    0.861822] usbhid: USB HID core driver
[    0.864970] NET: Registered PF_INET6 protocol family
[    0.884414] Segment Routing with IPv6
[    0.884737] In-situ OAM (IOAM) with IPv6
[    0.885339] NET: Registered PF_PACKET protocol family
[    0.885987] bridge: filtering via arp/ip/ip6tables is no longer available by default. Update your scripts to load br_netfilter if you need this.
[    0.895471] 8021q: 802.1Q VLAN Support v1.8
[    0.896593] 9pnet: Installing 9P2000 support
[    0.949729] Demotion targets for Node 0: null
[    0.959089] clk: Disabling unused clocks
[    0.959429] PM: genpd: Disabling unused power domains
[    1.004365] Freeing unused kernel memory: 18176K
[    1.005527] Run /init as init process
[    2.560052] init: Console is alive
[    2.655183] kmodloader: loading kernel modules from /etc/modules-boot.d/*
[    2.681564] pps_core: LinuxPPS API ver. 1 registered
[    2.681780] pps_core: Software ver. 5.3.6 - Copyright 2005-2007 Rodolfo Giometti <giometti@linux.it>
[    2.722422] PTP clock support registered
[    2.758335] e1000e: Intel(R) PRO/1000 Network Driver
[    2.758534] e1000e: Copyright(c) 1999 - 2015 Intel Corporation.
[    2.760237] kmodloader: done loading kernel modules from /etc/modules-boot.d/*
[    2.773337] init: - preinit -
[    4.586305] 8021q: adding VLAN 0 to HW filter on device eth0
Press the [f] key and hit [enter] to enter failsafe mode
Press the [1], [2], [3] or [4] key and hit [enter] to select the debug level
[    9.633535] procd: - early -
[   10.734607] procd: - ubus -
[   10.943470] procd: - init -
Please press Enter to activate this console.
root
login[1148]: root login on 'ttyAMA0'


BusyBox v1.37.0 (2026-01-07 10:05:20 UTC) built-in shell (ash)

  _______                     ________        __
 |       |.-----.-----.-----.|  |  |  |.----.|  |_
 |   -   ||  _  |  -__|     ||  |  |  ||   _||   _|
 |_______||   __|_____|__|__||________||__|  |____|
          |__| W I R E L E S S   F R E E D O M
 -----------------------------------------------------
 OpenWrt SNAPSHOT, r32562-f948f71300
 -----------------------------------------------------

 === WARNING! =====================================
 There is no root password defined on this device!
 Use the "passwd" command to set up a new password
 in order to prevent unauthorized SSH logins.
 --------------------------------------------------


 OpenWrt recently switched to the "apk" package manager!

 OPKG Command           APK Equivalent      Description
 ------------------------------------------------------------------
 opkg install <pkg>     apk add <pkg>       Install a package
 opkg remove <pkg>      apk del <pkg>       Remove a package
 opkg upgrade           apk upgrade         Upgrade all packages
 opkg files <pkg>       apk info -L <pkg>   List package contents
 opkg list-installed    apk info            List installed packages
 opkg update            apk update          Update package lists
 opkg search <pkg>      apk search <pkg>    Search for packages
 ------------------------------------------------------------------

For more information visit:
https://openwrt.org/docs/guide-user/additional-software/opkg-to-apk-cheatsheet

root@(none):~# dmesg -n 1
root@(none):~# echo 'JEWZ''AMPKEQ'
JEWZAMPKEQ
root@(none):~# run() { echo -n "$MARKER"; sh -c "$@"; echo "$MARKER $?"; }
root@(none):~# echo 'QAEQ''KTALYE'
QAEQKTALYE
root@(none):~# MARKER='FEEW''HBBXJG' run 'ubus wait_for network.interface.lan'
FEEWHBBXJGFEEWHBBXJG 0
root@OpenWrt:~# echo 'HLYY''YTPAQF'
HLYYYTPAQF
root@OpenWrt:~# MARKER='YZPM''VPMMHJ' run 'ubus call network.interface.lan statu
s '"'"'{}'"'"''
YZPMVPMMHJ{
	"up": true,
	"pending": false,
	"available": true,
	"autostart": true,
	"dynamic": false,
	"uptime": 0,
	"l3_device": "br-lan",
	"proto": "static",
	"device": "br-lan",
	"updated": [
		"addresses"
	],
	"metric": 0,
	"dns_metric": 0,
	"delegation": true,
	"ipv4-address": [
		{
			"address": "192.168.1.1",
			"mask": 24
		}
	],
	"ipv6-address": [
		
	],
	"ipv6-prefix": [
		
	],
	"ipv6-prefix-assignment": [
		{
			"address": "fde2:dfce:ccd::",
			"mask": 60,
			"local-address": {
				"address": "fde2:dfce:ccd::1",
				"mask": 60
			}
		}
	],
	"route": [
		
	],
	"dns-server": [
		
	],
	"dns-search": [
		
	],
	"neighbors": [
		
	],
	"inactive": {
		"ipv4-address": [
			
		],
		"ipv6-address": [
			
		],
		"route": [
			
		],
		"dns-server": [
			
		],
		"dns-search": [
			
		],
		"neighbors": [
			
		]
	},
	"data": {
		
	}
}
YZPMVPMMHJ 0
root@OpenWrt:~# echo 'CHZT''UFNXFO'
CHZTUFNXFO
root@OpenWrt:~# MARKER='VVXU''XWYAOF' run true
VVXUXWYAOFVVXUXWYAOF 0
root@OpenWrt:~# echo 'XZVV''SCXLJT'
XZVVSCXLJT
root@OpenWrt:~# MARKER='VJHW''ETKBQF' run 'source /etc/os-release; echo $BUILD_I
D'
VJHWETKBQFr32562-f948f71300
VJHWETKBQF 0
root@OpenWrt:~# echo 'XJPW''QTYMMN'
XJPWQTYMMN
root@OpenWrt:~# MARKER='TKLJ''FSQTSC' run 'ls /etc/dropbear/dropbear_rsa_host_ke
y'
TKLJFSQTSC[0;0m/etc/dropbear/dropbear_rsa_host_key[m
TKLJFSQTSC 0
root@OpenWrt:~# echo 'LEPJ''UOJHOX'
LEPJUOJHOX
root@OpenWrt:~# MARKER='PHUE''BKFFQK' run 'netstat -tlpn | grep 0.0.0.0:22'
PHUEBKFFQKtcp        0      0 0.0.0.0:22              0.0.0.0:*               LISTEN      1899/dropbear
PHUEBKFFQK 0
root@OpenWrt:~# echo 'LJVS''YCYBLE'
LJVSYCYBLE
root@OpenWrt:~# MARKER='AMUM''MQHUYX' run 'dmesg | grep br-lan | grep forwarding
'
AMUMMQHUYX[   41.913326] br-lan: port 1(eth0) entered forwarding state
AMUMMQHUYX 0
root@OpenWrt:~# echo 'LAZZ''AZXLNO'
LAZZAZXLNO
root@OpenWrt:~# MARKER='XZYB''CLOPCM' run 'ubus call network.interface.lan statu
s '"'"'{}'"'"''
XZYBCLOPCM{
	"up": true,
	"pending": false,
	"available": true,
	"autostart": true,
	"dynamic": false,
	"uptime": 37,
	"l3_device": "br-lan",
	"proto": "static",
	"device": "br-lan",
	"updated": [
		"addresses"
	],
	"metric": 0,
	"dns_metric": 0,
	"delegation": true,
	"ipv4-address": [
		{
			"address": "192.168.1.1",
			"mask": 24
		}
	],
	"ipv6-address": [
		
	],
	"ipv6-prefix": [
		
	],
	"ipv6-prefix-assignment": [
		{
			"address": "fde2:dfce:ccd::",
			"mask": 60,
			"local-address": {
				"address": "fde2:dfce:ccd::1",
				"mask": 60
			}
		}
	],
	"route": [
		
	],
	"dns-server": [
		
	],
	"dns-search": [
		
	],
	"neighbors": [
		
	],
	"inactive": {
		"ipv4-address": [
			
		],
		"ipv6-address": [
			
		],
		"route": [
			
		],
		"dns-server": [
			
		],
		"dns-search": [
			
		],
		"neighbors": [
			
		]
	},
	"data": {
		
	}
}
XZYBCLOPCM 0
root@OpenWrt:~# echo 'JAGK''HZOJOH'
JAGKHZOJOH
root@OpenWrt:~# MARKER='MBLH''KZLWPY' run 'ip -o addr show dev br-lan'
MBLHKZLWPY4: br-lan    inet 192.168.1.1/24 brd 192.168.1.255 scope global br-lan\       valid_lft forever preferred_lft forever
4: br-lan    inet6 fde2:dfce:ccd::1/60 scope global noprefixroute \       valid_lft forever preferred_lft forever
4: br-lan    inet6 fe80::5054:ff:fe12:3456/64 scope link \       valid_lft forever preferred_lft forever
MBLHKZLWPY 0
root@OpenWrt:~# echo 'QLHK''GKQFES'
QLHKGKQFES
root@OpenWrt:~# MARKER='HSUE''JXXOZS' run 'ubus call network.interface.wan statu
s '"'"'{}'"'"''
HSUEJXXOZS{
	"up": true,
	"pending": false,
	"available": true,
	"autostart": true,
	"dynamic": false,
	"uptime": 33,
	"l3_device": "eth1",
	"proto": "dhcp",
	"device": "eth1",
	"updated": [
		"addresses",
		"routes",
		"data"
	],
	"metric": 0,
	"dns_metric": 0,
	"delegation": true,
	"ipv4-address": [
		{
			"address": "10.0.2.15",
			"mask": 24
		}
	],
	"ipv6-address": [
		
	],
	"ipv6-prefix": [
		
	],
	"ipv6-prefix-assignment": [
		
	],
	"route": [
		{
			"target": "0.0.0.0",
			"mask": 0,
			"nexthop": "10.0.2.2",
			"source": "10.0.2.15/32"
		}
	],
	"dns-server": [
		"10.0.2.3"
	],
	"dns-search": [
		
	],
	"neighbors": [
		
	],
	"inactive": {
		"ipv4-address": [
			
		],
		"ipv6-address": [
			
		],
		"route": [
			
		],
		"dns-server": [
			
		],
		"dns-search": [
			
		],
		"neighbors": [
			
		]
	},
	"data": {
		"dhcpserver": "10.0.2.2",
		"leasetime": 86400
	}
}
HSUEJXXOZS 0
root@OpenWrt:~# 