Labgrid Console Logfile for main
Logfile started at 2025-12-26 20:49:15.478897
=== Log starts here ===
[    0.000000] Booting Linux on physical CPU 0x0000000000 [0x411fd070]
[    0.000000] Linux version 6.12.62 (builder@buildhost) (aarch64-openwrt-linux-musl-gcc (OpenWrt GCC 14.3.0 r32409-9da57e2f82) 14.3.0, GNU ld (GNU Binutils) 2.44) #0 SMP Fri Dec 26 12:55:18 2025
[    0.000000] KASLR enabled
[    0.000000] random: crng init done
[    0.000000] Machine model: linux,dummy-virt
[    0.000000] efi: UEFI not found.
[    0.000000] OF: reserved mem: Reserved memory: No reserved-memory node in the DT
[    0.000000] NUMA: Faking a node at [mem 0x0000000040000000-0x0000000047ffffff]
[    0.000000] NODE_DATA(0) allocated [mem 0x47fb8e80-0x47fbbbff]
[    0.000000] Zone ranges:
[    0.000000]   DMA      [mem 0x0000000040000000-0x0000000047ffffff]
[    0.000000]   DMA32    empty
[    0.000000]   Normal   empty
[    0.000000] Movable zone start for each node
[    0.000000] Early memory node ranges
[    0.000000]   node   0: [mem 0x0000000040000000-0x0000000047ffffff]
[    0.000000] Initmem setup node 0 [mem 0x0000000040000000-0x0000000047ffffff]
[    0.000000] cma: Reserved 32 MiB at 0x0000000045c00000 on node -1
[    0.000000] psci: probing for conduit method from DT.
[    0.000000] psci: PSCIv1.1 detected in firmware.
[    0.000000] psci: Using standard PSCI v0.2 function IDs
[    0.000000] psci: Trusted OS migration not required
[    0.000000] psci: SMC Calling Convention v1.0
[    0.000000] percpu: Embedded 23 pages/cpu s53400 r8192 d32616 u94208
[    0.000000] Detected PIPT I-cache on CPU0
[    0.000000] CPU features: detected: Spectre-v2
[    0.000000] CPU features: detected: Spectre-v3a
[    0.000000] CPU features: detected: Spectre-v4
[    0.000000] CPU features: detected: Spectre-BHB
[    0.000000] CPU features: kernel page table isolation forced ON by KASLR
[    0.000000] CPU features: detected: Kernel page table isolation (KPTI)
[    0.000000] CPU features: detected: ARM erratum 834220
[    0.000000] CPU features: detected: ARM erratum 832075
[    0.000000] CPU features: detected: ARM errata 1165522, 1319367, or 1530923
[    0.000000] alternatives: applying boot alternatives
[    0.000000] Kernel command line: 
[    0.000000] Dentry cache hash table entries: 16384 (order: 5, 131072 bytes, linear)
[    0.000000] Inode-cache hash table entries: 8192 (order: 4, 65536 bytes, linear)
[    0.000000] Fallback order for Node 0: 0 
[    0.000000] Built 1 zonelists, mobility grouping on.  Total pages: 32768
[    0.000000] Policy zone: DMA
[    0.000000] mem auto-init: stack:off, heap alloc:off, heap free:off
[    0.000000] software IO TLB: SWIOTLB bounce buffer size adjusted to 0MB
[    0.000000] software IO TLB: area num 1.
[    0.000000] software IO TLB: mapped [mem 0x0000000047f1c000-0x0000000047f5c000] (0MB)
[    0.000000] SLUB: HWalign=64, Order=0-3, MinObjects=0, CPUs=1, Nodes=1
[    0.000000] rcu: Hierarchical RCU implementation.
[    0.000000] rcu: 	RCU restricting CPUs from NR_CPUS=256 to nr_cpu_ids=1.
[    0.000000] 	Tracing variant of Tasks RCU enabled.
[    0.000000] rcu: RCU calculated value of scheduler-enlistment delay is 10 jiffies.
[    0.000000] rcu: Adjusting geometry for rcu_fanout_leaf=16, nr_cpu_ids=1
[    0.000000] RCU Tasks Trace: Setting shift to 0 and lim to 1 rcu_task_cb_adjust=1 rcu_task_cpu_ids=1.
[    0.000000] NR_IRQS: 64, nr_irqs: 64, preallocated irqs: 0
[    0.000000] Root IRQ handler: gic_handle_irq
[    0.000000] GICv2m: range[mem 0x08020000-0x08020fff], SPI[80:143]
[    0.000000] rcu: srcu_init: Setting srcu_struct sizes based on contention.
[    0.000000] arch_timer: cp15 timer(s) running at 62.50MHz (virt).
[    0.000000] clocksource: arch_sys_counter: mask: 0x1ffffffffffffff max_cycles: 0x1cd42e208c, max_idle_ns: 881590405314 ns
[    0.000061] sched_clock: 57 bits at 63MHz, resolution 16ns, wraps every 4398046511096ns
[    0.003019] Console: colour dummy device 80x25
[    0.003449] printk: legacy console [tty0] enabled
[    0.007306] Calibrating delay loop (skipped), value calculated using timer frequency.. 125.00 BogoMIPS (lpj=625000)
[    0.007452] pid_max: default: 32768 minimum: 301
[    0.012793] Mount-cache hash table entries: 512 (order: 0, 4096 bytes, linear)
[    0.012855] Mountpoint-cache hash table entries: 512 (order: 0, 4096 bytes, linear)
[    0.040495] cacheinfo: Unable to detect cache hierarchy for CPU 0
[    0.051553] rcu: Hierarchical SRCU implementation.
[    0.051624] rcu: 	Max phase no-delay instances is 1000.
[    0.054698] EFI services will not be available.
[    0.055556] smp: Bringing up secondary CPUs ...
[    0.056149] smp: Brought up 1 node, 1 CPU
[    0.056193] SMP: Total of 1 processors activated.
[    0.056245] CPU: All CPU(s) started at EL1
[    0.056482] CPU features: detected: 32-bit EL0 Support
[    0.056512] CPU features: detected: 32-bit EL1 Support
[    0.056590] CPU features: detected: CRC32 instructions
[    0.066274] alternatives: applying system-wide alternatives
[    0.076293] CPU features: emulated: Privileged Access Never (PAN) using TTBR0_EL1 switching
[    0.087719] Memory: 54860K/131072K available (12608K kernel code, 1572K rwdata, 4784K rodata, 18176K init, 763K bss, 42124K reserved, 32768K cma-reserved)
[    0.121880] clocksource: jiffies: mask: 0xffffffff max_cycles: 0xffffffff, max_idle_ns: 19112604462750000 ns
[    0.122569] futex hash table entries: 256 (order: 2, 16384 bytes, linear)
[    0.125927] 2G module region forced by RANDOMIZE_MODULE_REGION_FULL
[    0.125988] 0 pages in range for non-PLT usage
[    0.126038] 514752 pages in range for PLT usage
[    0.127248] pinctrl core: initialized pinctrl subsystem
[    0.138922] DMI not present or invalid.
[    0.153103] NET: Registered PF_NETLINK/PF_ROUTE protocol family
[    0.163234] DMA: preallocated 128 KiB GFP_KERNEL pool for atomic allocations
[    0.163762] DMA: preallocated 128 KiB GFP_KERNEL|GFP_DMA pool for atomic allocations
[    0.164026] DMA: preallocated 128 KiB GFP_KERNEL|GFP_DMA32 pool for atomic allocations
[    0.168277] thermal_sys: Registered thermal governor 'step_wise'
[    0.168581] cpuidle: using governor ladder
[    0.168793] cpuidle: using governor menu
[    0.169551] ASID allocator initialised with 32768 entries
[    0.171352] Serial: AMBA PL011 UART driver
[    0.199410] 9000000.pl011: ttyAMA0 at MMIO 0x9000000 (irq = 13, base_baud = 0) is a PL011 rev1
[    0.200995] printk: legacy console [ttyAMA0] enabled
[    0.417107] HugeTLB: registered 1.00 GiB page size, pre-allocated 0 pages
[    0.420264] HugeTLB: 0 KiB vmemmap can be freed for a 1.00 GiB page
[    0.420513] HugeTLB: registered 32.0 MiB page size, pre-allocated 0 pages
[    0.420758] HugeTLB: 0 KiB vmemmap can be freed for a 32.0 MiB page
[    0.421009] HugeTLB: registered 2.00 MiB page size, pre-allocated 0 pages
[    0.431159] HugeTLB: 0 KiB vmemmap can be freed for a 2.00 MiB page
[    0.431396] HugeTLB: registered 64.0 KiB page size, pre-allocated 0 pages
[    0.431643] HugeTLB: 0 KiB vmemmap can be freed for a 64.0 KiB page
[    0.438084] cryptd: max_cpu_qlen set to 1000
[    0.443141] ACPI: Interpreter disabled.
[    0.445606] iommu: Default domain type: Passthrough
[    0.447757] SCSI subsystem initialized
[    0.449586] usbcore: registered new interface driver usbfs
[    0.449974] usbcore: registered new interface driver hub
[    0.450213] usbcore: registered new device driver usb
[    0.469821] clocksource: Switched to clocksource arch_sys_counter
[    0.471990] netfs: FS-Cache loaded
[    0.472853] pnp: PnP ACPI: disabled
[    0.481417] NET: Registered PF_INET protocol family
[    0.482986] IP idents hash table entries: 2048 (order: 2, 16384 bytes, linear)
[    0.488336] tcp_listen_portaddr_hash hash table entries: 256 (order: 0, 4096 bytes, linear)
[    0.488735] Table-perturb hash table entries: 65536 (order: 6, 262144 bytes, linear)
[    0.491790] TCP established hash table entries: 1024 (order: 1, 8192 bytes, linear)
[    0.492287] TCP bind hash table entries: 1024 (order: 3, 32768 bytes, linear)
[    0.492711] TCP: Hash tables configured (established 1024 bind 1024)
[    0.494396] MPTCP token hash table entries: 256 (order: 1, 6144 bytes, linear)
[    0.503048] UDP hash table entries: 256 (order: 1, 8192 bytes, linear)
[    0.503589] UDP-Lite hash table entries: 256 (order: 1, 8192 bytes, linear)
[    0.505094] NET: Registered PF_UNIX/PF_LOCAL protocol family
[    0.505734] PCI: CLS 0 bytes, default 64
[    0.539449] kvm [1]: HYP mode not available
[    0.544105] workingset: timestamp_bits=42 max_order=15 bucket_order=0
[    0.545987] squashfs: version 4.0 (2009/01/31) Phillip Lougher
[    0.546159] jffs2: version 2.2 (NAND) (SUMMARY) (LZMA) (RTIME) (CMODE_PRIORITY) (c) 2001-2006 Red Hat, Inc.
[    0.560220] 9p: Installing v9fs 9p2000 file system support
[    0.563046] Block layer SCSI generic (bsg) driver version 0.4 loaded (major 250)
[    0.567316] atomic64_test: passed
[    0.578329] pl061_gpio 9030000.pl061: PL061 GPIO chip registered
[    0.580542] pci-host-generic 4010000000.pcie: host bridge /pcie@10000000 ranges:
[    0.581319] pci-host-generic 4010000000.pcie:       IO 0x003eff0000..0x003effffff -> 0x0000000000
[    0.582074] pci-host-generic 4010000000.pcie:      MEM 0x0010000000..0x003efeffff -> 0x0010000000
[    0.589035] pci-host-generic 4010000000.pcie:      MEM 0x8000000000..0xffffffffff -> 0x8000000000
[    0.589925] pci-host-generic 4010000000.pcie: Memory resource size exceeds max for 32 bits
[    0.590625] pci-host-generic 4010000000.pcie: ECAM at [mem 0x4010000000-0x401fffffff] for [bus 00-ff]
[    0.601193] pci-host-generic 4010000000.pcie: PCI host bridge to bus 0000:00
[    0.603070] pci_bus 0000:00: root bus resource [bus 00-ff]
[    0.603287] pci_bus 0000:00: root bus resource [io  0x0000-0xffff]
[    0.603458] pci_bus 0000:00: root bus resource [mem 0x10000000-0x3efeffff]
[    0.610628] pci_bus 0000:00: root bus resource [mem 0x8000000000-0xffffffffff]
[    0.612491] pci 0000:00:00.0: [1b36:0008] type 00 class 0x060000 conventional PCI endpoint
[    0.615731] pci 0000:00:01.0: [1af4:1000] type 00 class 0x020000 conventional PCI endpoint
[    0.616167] pci 0000:00:01.0: BAR 0 [io  0x0000-0x001f]
[    0.621737] pci 0000:00:01.0: BAR 4 [mem 0x00000000-0x00003fff 64bit pref]
[    0.622192] pci 0000:00:01.0: ROM [mem 0x00000000-0x0007ffff pref]
[    0.622755] pci 0000:00:02.0: [1af4:1005] type 00 class 0x00ff00 conventional PCI endpoint
[    0.632259] pci 0000:00:02.0: BAR 0 [io  0x0000-0x001f]
[    0.632482] pci 0000:00:02.0: BAR 1 [mem 0x00000000-0x00000fff]
[    0.632730] pci 0000:00:02.0: BAR 4 [mem 0x00000000-0x00003fff 64bit pref]
[    0.633385] pci 0000:00:03.0: [1af4:1000] type 00 class 0x020000 conventional PCI endpoint
[    0.643049] pci 0000:00:03.0: BAR 0 [io  0x0000-0x001f]
[    0.643261] pci 0000:00:03.0: BAR 1 [mem 0x00000000-0x00000fff]
[    0.643517] pci 0000:00:03.0: BAR 4 [mem 0x00000000-0x00003fff 64bit pref]
[    0.643802] pci 0000:00:03.0: ROM [mem 0x00000000-0x0007ffff pref]
[    0.646040] pci 0000:00:01.0: ROM [mem 0x10000000-0x1007ffff pref]: assigned
[    0.654766] pci 0000:00:03.0: ROM [mem 0x10080000-0x100fffff pref]: assigned
[    0.655058] pci 0000:00:01.0: BAR 4 [mem 0x8000000000-0x8000003fff 64bit pref]: assigned
[    0.655341] pci 0000:00:02.0: BAR 4 [mem 0x8000004000-0x8000007fff 64bit pref]: assigned
[    0.664934] pci 0000:00:03.0: BAR 4 [mem 0x8000008000-0x800000bfff 64bit pref]: assigned
[    0.665269] pci 0000:00:02.0: BAR 1 [mem 0x10100000-0x10100fff]: assigned
[    0.665433] pci 0000:00:03.0: BAR 1 [mem 0x10101000-0x10101fff]: assigned
[    0.665599] pci 0000:00:01.0: BAR 0 [io  0x1000-0x101f]: assigned
[    0.675765] pci 0000:00:02.0: BAR 0 [io  0x1020-0x103f]: assigned
[    0.676017] pci 0000:00:03.0: BAR 0 [io  0x1040-0x105f]: assigned
[    0.676478] pci_bus 0000:00: resource 4 [io  0x0000-0xffff]
[    0.676624] pci_bus 0000:00: resource 5 [mem 0x10000000-0x3efeffff]
[    0.676761] pci_bus 0000:00: resource 6 [mem 0x8000000000-0xffffffffff]
[    0.689469] hv_vmbus: registering driver hyperv_fb
[    0.782708] virtio-pci 0000:00:01.0: enabling device (0000 -> 0003)
[    0.785650] virtio-pci 0000:00:02.0: enabling device (0000 -> 0003)
[    0.786952] virtio-pci 0000:00:03.0: enabling device (0000 -> 0003)
[    0.789832] Serial: 8250/16550 driver, 16 ports, IRQ sharing enabled
[    0.798278] SuperH (H)SCI(F) driver initialized
[    0.831608] loop: module loaded
[    0.832562] hv_vmbus: registering driver hv_storvsc
[    0.846422] hv_vmbus: registering driver hv_netvsc
[    0.849393] usbcore: registered new interface driver usb-storage
[    0.852012] hv_vmbus: registering driver hyperv_keyboard
[    0.854704] rtc-pl031 9010000.pl031: registered as rtc0
[    0.855456] rtc-pl031 9010000.pl031: setting system clock to 2025-12-26T20:49:16 UTC (1766782156)
[    0.860131] sdhci: Secure Digital Host Controller Interface driver
[    0.860295] sdhci: Copyright(c) Pierre Ossman
[    0.860857] Synopsys Designware Multimedia Card Interface Driver
[    0.861507] sdhci-pltfm: SDHCI platform and OF driver helper
[    0.863227] hid: raw HID events driver (C) Jiri Kosina
[    0.871134] usbcore: registered new interface driver usbhid
[    0.871287] usbhid: USB HID core driver
[    0.873882] NET: Registered PF_INET6 protocol family
[    0.893488] Segment Routing with IPv6
[    0.893830] In-situ OAM (IOAM) with IPv6
[    0.894406] NET: Registered PF_PACKET protocol family
[    0.895033] bridge: filtering via arp/ip/ip6tables is no longer available by default. Update your scripts to load br_netfilter if you need this.
[    0.904565] 8021q: 802.1Q VLAN Support v1.8
[    0.905447] 9pnet: Installing 9P2000 support
[    0.956241] Demotion targets for Node 0: null
[    0.965246] clk: Disabling unused clocks
[    0.965597] PM: genpd: Disabling unused power domains
[    1.004502] Freeing unused kernel memory: 18176K
[    1.005577] Run /init as init process
[    2.535243] init: Console is alive
[    2.630495] kmodloader: loading kernel modules from /etc/modules-boot.d/*
[    2.657055] pps_core: LinuxPPS API ver. 1 registered
[    2.657269] pps_core: Software ver. 5.3.6 - Copyright 2005-2007 Rodolfo Giometti <giometti@linux.it>
[    2.696189] PTP clock support registered
[    2.730429] e1000e: Intel(R) PRO/1000 Network Driver
[    2.730640] e1000e: Copyright(c) 1999 - 2015 Intel Corporation.
[    2.732735] kmodloader: done loading kernel modules from /etc/modules-boot.d/*
[    2.745738] init: - preinit -
[    4.637044] 8021q: adding VLAN 0 to HW filter on device eth0
Press the [f] key and hit [enter] to enter failsafe mode
Press the [1], [2], [3] or [4] key and hit [enter] to select the debug level
[    9.684091] procd: - early -
[   10.788940] procd: - ubus -
[   11.007936] procd: - init -
Please press Enter to activate this console.
root
login[1150]: root login on 'ttyAMA0'


BusyBox v1.37.0 (2025-12-26 12:55:18 UTC) built-in shell (ash)

  _______                     ________        __
 |       |.-----.-----.-----.|  |  |  |.----.|  |_
 |   -   ||  _  |  -__|     ||  |  |  ||   _||   _|
 |_______||   __|_____|__|__||________||__|  |____|
          |__| W I R E L E S S   F R E E D O M
 -----------------------------------------------------
 OpenWrt SNAPSHOT, r32409-9da57e2f82
 -----------------------------------------------------

 === WARNING! =====================================
 There is no root password defined on this device!
 Use the "passwd" command to set up a new password
 in order to prevent unauthorized SSH logins.
 --------------------------------------------------


 OpenWrt recently switched to the "apk" package manager!

 OPKG Command           APK Equivalent      Description
 ------------------------------------------------------------------
 opkg install <pkg>     apk add <pkg>       Install a package
 opkg remove <pkg>      apk del <pkg>       Remove a package
 opkg upgrade           apk upgrade         Upgrade all packages
 opkg files <pkg>       apk info -L <pkg>   List package contents
 opkg list-installed    apk info            List installed packages
 opkg update            apk update          Update package lists
 opkg search <pkg>      apk search <pkg>    Search for packages
 ------------------------------------------------------------------

For more information visit:
https://openwrt.org/docs/guide-user/additional-software/opkg-to-apk-cheatsheet

root@(none):~# dmesg -n 1
root@(none):~# echo 'XZNS''TJCTWF'
XZNSTJCTWF
root@(none):~# run() { echo -n "$MARKER"; sh -c "$@"; echo "$MARKER $?"; }
root@(none):~# echo 'MUHB''ECSAXA'
MUHBECSAXA
root@(none):~# MARKER='PQBB''MMLOQG' run 'ubus wait_for network.interface.lan'
PQBBMMLOQGPQBBMMLOQG 0
root@OpenWrt:~# echo 'LQCK''LJUGUF'
LQCKLJUGUF
root@OpenWrt:~# MARKER='WLSA''XFKSBE' run 'ubus call network.interface.lan statu
s '"'"'{}'"'"''
WLSAXFKSBE{
	"up": true,
	"pending": false,
	"available": true,
	"autostart": true,
	"dynamic": false,
	"uptime": 0,
	"l3_device": "br-lan",
	"proto": "static",
	"device": "br-lan",
	"updated": [
		"addresses"
	],
	"metric": 0,
	"dns_metric": 0,
	"delegation": true,
	"ipv4-address": [
		{
			"address": "192.168.1.1",
			"mask": 24
		}
	],
	"ipv6-address": [
		
	],
	"ipv6-prefix": [
		
	],
	"ipv6-prefix-assignment": [
		{
			"address": "fd69:7281:bd88::",
			"mask": 60,
			"local-address": {
				"address": "fd69:7281:bd88::1",
				"mask": 60
			}
		}
	],
	"route": [
		
	],
	"dns-server": [
		
	],
	"dns-search": [
		
	],
	"neighbors": [
		
	],
	"inactive": {
		"ipv4-address": [
			
		],
		"ipv6-address": [
			
		],
		"route": [
			
		],
		"dns-server": [
			
		],
		"dns-search": [
			
		],
		"neighbors": [
			
		]
	},
	"data": {
		
	}
}
WLSAXFKSBE 0
root@OpenWrt:~# echo 'PEYZ''XKANBB'
PEYZXKANBB
root@OpenWrt:~# MARKER='LAXB''UBLPOW' run true
LAXBUBLPOWLAXBUBLPOW 0
root@OpenWrt:~# echo 'XGCL''YZZWTA'
XGCLYZZWTA
root@OpenWrt:~# MARKER='ZJPH''SLTFCW' run 'source /etc/os-release; echo $BUILD_I
D'
ZJPHSLTFCWr32409-9da57e2f82
ZJPHSLTFCW 0
root@OpenWrt:~# echo 'ACCY''LQZYOX'
ACCYLQZYOX
root@OpenWrt:~# MARKER='OWYZ''OWZKWK' run 'ls /etc/dropbear/dropbear_rsa_host_ke
y'
OWYZOWZKWK[0;0m/etc/dropbear/dropbear_rsa_host_key[m
OWYZOWZKWK 0
root@OpenWrt:~# echo 'BXBE''BCUELO'
BXBEBCUELO
root@OpenWrt:~# MARKER='AHYA''VSXBSH' run 'netstat -tlpn | grep 0.0.0.0:22'
AHYAVSXBSHtcp        0      0 0.0.0.0:22              0.0.0.0:*               LISTEN      1900/dropbear
AHYAVSXBSH 0
root@OpenWrt:~# echo 'CXVM''QJPBKV'
CXVMQJPBKV
root@OpenWrt:~# MARKER='XHQH''SKFZXJ' run 'dmesg | grep br-lan | grep forwarding
'
XHQHSKFZXJ[   42.219402] br-lan: port 1(eth0) entered forwarding state
XHQHSKFZXJ 0
root@OpenWrt:~# echo 'WVKY''GWHEJA'
WVKYGWHEJA
root@OpenWrt:~# MARKER='PGGC''CFTHEM' run 'ubus call network.interface.lan statu
s '"'"'{}'"'"''
PGGCCFTHEM{
	"up": true,
	"pending": false,
	"available": true,
	"autostart": true,
	"dynamic": false,
	"uptime": 35,
	"l3_device": "br-lan",
	"proto": "static",
	"device": "br-lan",
	"updated": [
		"addresses"
	],
	"metric": 0,
	"dns_metric": 0,
	"delegation": true,
	"ipv4-address": [
		{
			"address": "192.168.1.1",
			"mask": 24
		}
	],
	"ipv6-address": [
		
	],
	"ipv6-prefix": [
		
	],
	"ipv6-prefix-assignment": [
		{
			"address": "fd69:7281:bd88::",
			"mask": 60,
			"local-address": {
				"address": "fd69:7281:bd88::1",
				"mask": 60
			}
		}
	],
	"route": [
		
	],
	"dns-server": [
		
	],
	"dns-search": [
		
	],
	"neighbors": [
		
	],
	"inactive": {
		"ipv4-address": [
			
		],
		"ipv6-address": [
			
		],
		"route": [
			
		],
		"dns-server": [
			
		],
		"dns-search": [
			
		],
		"neighbors": [
			
		]
	},
	"data": {
		
	}
}
PGGCCFTHEM 0
root@OpenWrt:~# echo 'EUBE''TQBUNY'
EUBETQBUNY
root@OpenWrt:~# MARKER='ZGWP''ZMLYMU' run 'ip -o addr show dev br-lan'
ZGWPZMLYMU4: br-lan    inet 192.168.1.1/24 brd 192.168.1.255 scope global br-lan\       valid_lft forever preferred_lft forever
4: br-lan    inet6 fd69:7281:bd88::1/60 scope global noprefixroute \       valid_lft forever preferred_lft forever
4: br-lan    inet6 fe80::5054:ff:fe12:3456/64 scope link \       valid_lft forever preferred_lft forever
ZGWPZMLYMU 0
root@OpenWrt:~# echo 'MTPA''XMXNJK'
MTPAXMXNJK
root@OpenWrt:~# MARKER='MVJM''TPAGMU' run 'ubus call network.interface.wan statu
s '"'"'{}'"'"''
MVJMTPAGMU{
	"up": true,
	"pending": false,
	"available": true,
	"autostart": true,
	"dynamic": false,
	"uptime": 31,
	"l3_device": "eth1",
	"proto": "dhcp",
	"device": "eth1",
	"updated": [
		"addresses",
		"routes",
		"data"
	],
	"metric": 0,
	"dns_metric": 0,
	"delegation": true,
	"ipv4-address": [
		{
			"address": "10.0.2.15",
			"mask": 24
		}
	],
	"ipv6-address": [
		
	],
	"ipv6-prefix": [
		
	],
	"ipv6-prefix-assignment": [
		
	],
	"route": [
		{
			"target": "0.0.0.0",
			"mask": 0,
			"nexthop": "10.0.2.2",
			"source": "10.0.2.15/32"
		}
	],
	"dns-server": [
		"10.0.2.3"
	],
	"dns-search": [
		
	],
	"neighbors": [
		
	],
	"inactive": {
		"ipv4-address": [
			
		],
		"ipv6-address": [
			
		],
		"route": [
			
		],
		"dns-server": [
			
		],
		"dns-search": [
			
		],
		"neighbors": [
			
		]
	},
	"data": {
		"dhcpserver": "10.0.2.2",
		"leasetime": 86400
	}
}
MVJMTPAGMU 0
root@OpenWrt:~# 