Labgrid Console Logfile for main
Logfile started at 2026-03-26 02:15:27.384749
=== Log starts here ===
[    0.000000] Booting Linux on physical CPU 0x0000000000 [0x411fd070]
[    0.000000] Linux version 6.12.77 (builder@buildhost) (aarch64-openwrt-linux-musl-gcc (OpenWrt GCC 14.3.0 r33549-20d6296141) 14.3.0, GNU ld (GNU Binutils) 2.44) #0 SMP Wed Mar 25 13:00:49 2026
[    0.000000] KASLR enabled
[    0.000000] random: crng init done
[    0.000000] Machine model: linux,dummy-virt
[    0.000000] efi: UEFI not found.
[    0.000000] OF: reserved mem: Reserved memory: No reserved-memory node in the DT
[    0.000000] NUMA: Faking a node at [mem 0x0000000040000000-0x0000000047ffffff]
[    0.000000] NODE_DATA(0) allocated [mem 0x47fb8e80-0x47fbbbff]
[    0.000000] Zone ranges:
[    0.000000]   DMA      [mem 0x0000000040000000-0x0000000047ffffff]
[    0.000000]   DMA32    empty
[    0.000000]   Normal   empty
[    0.000000] Movable zone start for each node
[    0.000000] Early memory node ranges
[    0.000000]   node   0: [mem 0x0000000040000000-0x0000000047ffffff]
[    0.000000] Initmem setup node 0 [mem 0x0000000040000000-0x0000000047ffffff]
[    0.000000] cma: Reserved 32 MiB at 0x0000000045c00000 on node -1
[    0.000000] psci: probing for conduit method from DT.
[    0.000000] psci: PSCIv1.1 detected in firmware.
[    0.000000] psci: Using standard PSCI v0.2 function IDs
[    0.000000] psci: Trusted OS migration not required
[    0.000000] psci: SMC Calling Convention v1.0
[    0.000000] percpu: Embedded 23 pages/cpu s53400 r8192 d32616 u94208
[    0.000000] Detected PIPT I-cache on CPU0
[    0.000000] CPU features: detected: Spectre-v2
[    0.000000] CPU features: detected: Spectre-v3a
[    0.000000] CPU features: detected: Spectre-v4
[    0.000000] CPU features: detected: Spectre-BHB
[    0.000000] CPU features: kernel page table isolation forced ON by KASLR
[    0.000000] CPU features: detected: Kernel page table isolation (KPTI)
[    0.000000] CPU features: detected: ARM erratum 834220
[    0.000000] CPU features: detected: ARM erratum 832075
[    0.000000] CPU features: detected: ARM errata 1165522, 1319367, or 1530923
[    0.000000] alternatives: applying boot alternatives
[    0.000000] Kernel command line: 
[    0.000000] Dentry cache hash table entries: 16384 (order: 5, 131072 bytes, linear)
[    0.000000] Inode-cache hash table entries: 8192 (order: 4, 65536 bytes, linear)
[    0.000000] Fallback order for Node 0: 0 
[    0.000000] Built 1 zonelists, mobility grouping on.  Total pages: 32768
[    0.000000] Policy zone: DMA
[    0.000000] mem auto-init: stack:off, heap alloc:off, heap free:off
[    0.000000] software IO TLB: SWIOTLB bounce buffer size adjusted to 0MB
[    0.000000] software IO TLB: area num 1.
[    0.000000] software IO TLB: mapped [mem 0x0000000047f1b000-0x0000000047f5b000] (0MB)
[    0.000000] SLUB: HWalign=64, Order=0-3, MinObjects=0, CPUs=1, Nodes=1
[    0.000000] rcu: Hierarchical RCU implementation.
[    0.000000] rcu: 	RCU restricting CPUs from NR_CPUS=256 to nr_cpu_ids=1.
[    0.000000] 	Tracing variant of Tasks RCU enabled.
[    0.000000] rcu: RCU calculated value of scheduler-enlistment delay is 10 jiffies.
[    0.000000] rcu: Adjusting geometry for rcu_fanout_leaf=16, nr_cpu_ids=1
[    0.000000] RCU Tasks Trace: Setting shift to 0 and lim to 1 rcu_task_cb_adjust=1 rcu_task_cpu_ids=1.
[    0.000000] NR_IRQS: 64, nr_irqs: 64, preallocated irqs: 0
[    0.000000] Root IRQ handler: gic_handle_irq
[    0.000000] GICv2m: range[mem 0x08020000-0x08020fff], SPI[80:143]
[    0.000000] rcu: srcu_init: Setting srcu_struct sizes based on contention.
[    0.000000] arch_timer: cp15 timer(s) running at 62.50MHz (virt).
[    0.000000] clocksource: arch_sys_counter: mask: 0x1ffffffffffffff max_cycles: 0x1cd42e208c, max_idle_ns: 881590405314 ns
[    0.000058] sched_clock: 57 bits at 63MHz, resolution 16ns, wraps every 4398046511096ns
[    0.002857] Console: colour dummy device 80x25
[    0.003279] printk: legacy console [tty0] enabled
[    0.007085] Calibrating delay loop (skipped), value calculated using timer frequency.. 125.00 BogoMIPS (lpj=625000)
[    0.007218] pid_max: default: 32768 minimum: 301
[    0.012519] Mount-cache hash table entries: 512 (order: 0, 4096 bytes, linear)
[    0.012574] Mountpoint-cache hash table entries: 512 (order: 0, 4096 bytes, linear)
[    0.038755] cacheinfo: Unable to detect cache hierarchy for CPU 0
[    0.049031] rcu: Hierarchical SRCU implementation.
[    0.049088] rcu: 	Max phase no-delay instances is 1000.
[    0.052152] EFI services will not be available.
[    0.054052] smp: Bringing up secondary CPUs ...
[    0.054579] smp: Brought up 1 node, 1 CPU
[    0.054627] SMP: Total of 1 processors activated.
[    0.054680] CPU: All CPU(s) started at EL1
[    0.054892] CPU features: detected: 32-bit EL0 Support
[    0.054924] CPU features: detected: 32-bit EL1 Support
[    0.055023] CPU features: detected: CRC32 instructions
[    0.060852] alternatives: applying system-wide alternatives
[    0.074536] CPU features: emulated: Privileged Access Never (PAN) using TTBR0_EL1 switching
[    0.086854] Memory: 54340K/131072K available (12672K kernel code, 1572K rwdata, 4796K rodata, 18624K init, 763K bss, 42640K reserved, 32768K cma-reserved)
[    0.118239] clocksource: jiffies: mask: 0xffffffff max_cycles: 0xffffffff, max_idle_ns: 19112604462750000 ns
[    0.118803] futex hash table entries: 256 (order: 2, 16384 bytes, linear)
[    0.120941] 2G module region forced by RANDOMIZE_MODULE_REGION_FULL
[    0.121016] 0 pages in range for non-PLT usage
[    0.121067] 514624 pages in range for PLT usage
[    0.122235] pinctrl core: initialized pinctrl subsystem
[    0.134218] DMI not present or invalid.
[    0.147533] NET: Registered PF_NETLINK/PF_ROUTE protocol family
[    0.157403] DMA: preallocated 128 KiB GFP_KERNEL pool for atomic allocations
[    0.157899] DMA: preallocated 128 KiB GFP_KERNEL|GFP_DMA pool for atomic allocations
[    0.158190] DMA: preallocated 128 KiB GFP_KERNEL|GFP_DMA32 pool for atomic allocations
[    0.162161] thermal_sys: Registered thermal governor 'step_wise'
[    0.162455] cpuidle: using governor ladder
[    0.162641] cpuidle: using governor menu
[    0.163384] ASID allocator initialised with 32768 entries
[    0.165287] Serial: AMBA PL011 UART driver
[    0.192674] 9000000.pl011: ttyAMA0 at MMIO 0x9000000 (irq = 13, base_baud = 0) is a PL011 rev1
[    0.194151] printk: legacy console [ttyAMA0] enabled
[    0.410833] HugeTLB: registered 1.00 GiB page size, pre-allocated 0 pages
[    0.415154] HugeTLB: 0 KiB vmemmap can be freed for a 1.00 GiB page
[    0.415467] HugeTLB: registered 32.0 MiB page size, pre-allocated 0 pages
[    0.415775] HugeTLB: 0 KiB vmemmap can be freed for a 32.0 MiB page
[    0.416030] HugeTLB: registered 2.00 MiB page size, pre-allocated 0 pages
[    0.426230] HugeTLB: 0 KiB vmemmap can be freed for a 2.00 MiB page
[    0.426519] HugeTLB: registered 64.0 KiB page size, pre-allocated 0 pages
[    0.426830] HugeTLB: 0 KiB vmemmap can be freed for a 64.0 KiB page
[    0.433425] cryptd: max_cpu_qlen set to 1000
[    0.438929] ACPI: Interpreter disabled.
[    0.441451] iommu: Default domain type: Passthrough
[    0.442706] SCSI subsystem initialized
[    0.444544] usbcore: registered new interface driver usbfs
[    0.444956] usbcore: registered new interface driver hub
[    0.445263] usbcore: registered new device driver usb
[    0.464766] clocksource: Switched to clocksource arch_sys_counter
[    0.466993] netfs: FS-Cache loaded
[    0.467876] pnp: PnP ACPI: disabled
[    0.476875] NET: Registered PF_INET protocol family
[    0.478447] IP idents hash table entries: 2048 (order: 2, 16384 bytes, linear)
[    0.483855] tcp_listen_portaddr_hash hash table entries: 256 (order: 0, 4096 bytes, linear)
[    0.484209] Table-perturb hash table entries: 65536 (order: 6, 262144 bytes, linear)
[    0.487253] TCP established hash table entries: 1024 (order: 1, 8192 bytes, linear)
[    0.487800] TCP bind hash table entries: 1024 (order: 3, 32768 bytes, linear)
[    0.488255] TCP: Hash tables configured (established 1024 bind 1024)
[    0.489884] MPTCP token hash table entries: 256 (order: 1, 6144 bytes, linear)
[    0.498809] UDP hash table entries: 256 (order: 1, 8192 bytes, linear)
[    0.499326] UDP-Lite hash table entries: 256 (order: 1, 8192 bytes, linear)
[    0.500842] NET: Registered PF_UNIX/PF_LOCAL protocol family
[    0.501540] PCI: CLS 0 bytes, default 64
[    0.534395] kvm [1]: HYP mode not available
[    0.538893] workingset: timestamp_bits=42 max_order=15 bucket_order=0
[    0.540844] squashfs: version 4.0 (2009/01/31) Phillip Lougher
[    0.541074] jffs2: version 2.2 (NAND) (SUMMARY) (LZMA) (RTIME) (CMODE_PRIORITY) (c) 2001-2006 Red Hat, Inc.
[    0.554859] 9p: Installing v9fs 9p2000 file system support
[    0.557536] Block layer SCSI generic (bsg) driver version 0.4 loaded (major 250)
[    0.561736] atomic64_test: passed
[    0.573615] pl061_gpio 9030000.pl061: PL061 GPIO chip registered
[    0.575899] pci-host-generic 4010000000.pcie: host bridge /pcie@10000000 ranges:
[    0.576719] pci-host-generic 4010000000.pcie:       IO 0x003eff0000..0x003effffff -> 0x0000000000
[    0.577634] pci-host-generic 4010000000.pcie:      MEM 0x0010000000..0x003efeffff -> 0x0010000000
[    0.584154] pci-host-generic 4010000000.pcie:      MEM 0x8000000000..0xffffffffff -> 0x8000000000
[    0.585093] pci-host-generic 4010000000.pcie: Memory resource size exceeds max for 32 bits
[    0.585796] pci-host-generic 4010000000.pcie: ECAM at [mem 0x4010000000-0x401fffffff] for [bus 00-ff]
[    0.597593] pci-host-generic 4010000000.pcie: PCI host bridge to bus 0000:00
[    0.598143] pci_bus 0000:00: root bus resource [bus 00-ff]
[    0.598396] pci_bus 0000:00: root bus resource [io  0x0000-0xffff]
[    0.598618] pci_bus 0000:00: root bus resource [mem 0x10000000-0x3efeffff]
[    0.607868] pci_bus 0000:00: root bus resource [mem 0x8000000000-0xffffffffff]
[    0.609538] pci 0000:00:00.0: [1b36:0008] type 00 class 0x060000 conventional PCI endpoint
[    0.612697] pci 0000:00:01.0: [1af4:1000] type 00 class 0x020000 conventional PCI endpoint
[    0.613188] pci 0000:00:01.0: BAR 0 [io  0x0000-0x001f]
[    0.619156] pci 0000:00:01.0: BAR 4 [mem 0x00000000-0x00003fff 64bit pref]
[    0.619543] pci 0000:00:01.0: ROM [mem 0x00000000-0x0007ffff pref]
[    0.620039] pci 0000:00:02.0: [1af4:1005] type 00 class 0x00ff00 conventional PCI endpoint
[    0.620307] pci 0000:00:02.0: BAR 0 [io  0x0000-0x001f]
[    0.629938] pci 0000:00:02.0: BAR 1 [mem 0x00000000-0x00000fff]
[    0.630242] pci 0000:00:02.0: BAR 4 [mem 0x00000000-0x00003fff 64bit pref]
[    0.630886] pci 0000:00:03.0: [1af4:1000] type 00 class 0x020000 conventional PCI endpoint
[    0.631181] pci 0000:00:03.0: BAR 0 [io  0x0000-0x001f]
[    0.641230] pci 0000:00:03.0: BAR 1 [mem 0x00000000-0x00000fff]
[    0.641513] pci 0000:00:03.0: BAR 4 [mem 0x00000000-0x00003fff 64bit pref]
[    0.641841] pci 0000:00:03.0: ROM [mem 0x00000000-0x0007ffff pref]
[    0.644179] pci 0000:00:01.0: ROM [mem 0x10000000-0x1007ffff pref]: assigned
[    0.652378] pci 0000:00:03.0: ROM [mem 0x10080000-0x100fffff pref]: assigned
[    0.652852] pci 0000:00:01.0: BAR 4 [mem 0x8000000000-0x8000003fff 64bit pref]: assigned
[    0.653233] pci 0000:00:02.0: BAR 4 [mem 0x8000004000-0x8000007fff 64bit pref]: assigned
[    0.653896] pci 0000:00:03.0: BAR 4 [mem 0x8000008000-0x800000bfff 64bit pref]: assigned
[    0.663318] pci 0000:00:02.0: BAR 1 [mem 0x10100000-0x10100fff]: assigned
[    0.663667] pci 0000:00:03.0: BAR 1 [mem 0x10101000-0x10101fff]: assigned
[    0.664114] pci 0000:00:01.0: BAR 0 [io  0x1000-0x101f]: assigned
[    0.664344] pci 0000:00:02.0: BAR 0 [io  0x1020-0x103f]: assigned
[    0.674134] pci 0000:00:03.0: BAR 0 [io  0x1040-0x105f]: assigned
[    0.674819] pci_bus 0000:00: resource 4 [io  0x0000-0xffff]
[    0.675078] pci_bus 0000:00: resource 5 [mem 0x10000000-0x3efeffff]
[    0.675271] pci_bus 0000:00: resource 6 [mem 0x8000000000-0xffffffffff]
[    0.687922] hv_vmbus: registering driver hyperv_fb
[    0.791575] virtio-pci 0000:00:01.0: enabling device (0000 -> 0003)
[    0.794740] virtio-pci 0000:00:02.0: enabling device (0000 -> 0003)
[    0.796128] virtio-pci 0000:00:03.0: enabling device (0000 -> 0003)
[    0.798856] Serial: 8250/16550 driver, 16 ports, IRQ sharing enabled
[    0.807964] SuperH (H)SCI(F) driver initialized
[    0.841344] loop: module loaded
[    0.842353] hv_vmbus: registering driver hv_storvsc
[    0.856793] hv_vmbus: registering driver hv_netvsc
[    0.859551] usbcore: registered new interface driver usb-storage
[    0.862352] hv_vmbus: registering driver hyperv_keyboard
[    0.865095] rtc-pl031 9010000.pl031: registered as rtc0
[    0.865829] rtc-pl031 9010000.pl031: setting system clock to 2026-03-26T02:15:28 UTC (1774491328)
[    0.870861] sdhci: Secure Digital Host Controller Interface driver
[    0.871085] sdhci: Copyright(c) Pierre Ossman
[    0.871743] Synopsys Designware Multimedia Card Interface Driver
[    0.872542] sdhci-pltfm: SDHCI platform and OF driver helper
[    0.874669] hid: raw HID events driver (C) Jiri Kosina
[    0.881581] usbcore: registered new interface driver usbhid
[    0.881866] usbhid: USB HID core driver
[    0.884713] NET: Registered PF_INET6 protocol family
[    0.903911] Segment Routing with IPv6
[    0.904241] In-situ OAM (IOAM) with IPv6
[    0.904840] NET: Registered PF_PACKET protocol family
[    0.905500] bridge: filtering via arp/ip/ip6tables is no longer available by default. Update your scripts to load br_netfilter if you need this.
[    0.915171] 8021q: 802.1Q VLAN Support v1.8
[    0.916030] 9pnet: Installing 9P2000 support
[    0.974578] Demotion targets for Node 0: null
[    0.982803] clk: Disabling unused clocks
[    0.983168] PM: genpd: Disabling unused power domains
[    1.027650] Freeing unused kernel memory: 18624K
[    1.031466] Run /init as init process
[    2.597001] init: Console is alive
[    2.690042] kmodloader: loading kernel modules from /etc/modules-boot.d/*
[    2.715854] pps_core: LinuxPPS API ver. 1 registered
[    2.716077] pps_core: Software ver. 5.3.6 - Copyright 2005-2007 Rodolfo Giometti <giometti@linux.it>
[    2.756569] PTP clock support registered
[    2.795213] e1000e: Intel(R) PRO/1000 Network Driver
[    2.795412] e1000e: Copyright(c) 1999 - 2015 Intel Corporation.
[    2.797283] kmodloader: done loading kernel modules from /etc/modules-boot.d/*
[    2.810482] init: - preinit -
[    4.611999] 8021q: adding VLAN 0 to HW filter on device eth0
Press the [f] key and hit [enter] to enter failsafe mode
Press the [1], [2], [3] or [4] key and hit [enter] to select the debug level
[    9.592350] procd: - early -
[   10.690671] procd: - ubus -
[   10.898783] procd: - init -
Please press Enter to activate this console.
root
login[1149]: root login on 'ttyAMA0'


BusyBox v1.37.0 (2026-01-02 17:07:02 UTC) built-in shell (ash)

  _______                     ________        __
 |       |.-----.-----.-----.|  |  |  |.----.|  |_
 |   -   ||  _  |  -__|     ||  |  |  ||   _||   _|
 |_______||   __|_____|__|__||________||__|  |____|
          |__| W I R E L E S S   F R E E D O M
 -----------------------------------------------------
 OpenWrt SNAPSHOT, r33549-20d6296141
 -----------------------------------------------------

 === WARNING! =====================================
 There is no root password defined on this device!
 Use the "passwd" command to set up a new password
 in order to prevent unauthorized SSH logins.
 --------------------------------------------------

root@(none):~# dmesg -n 1
root@(none):~# echo 'JWOS''XNJVJL'
JWOSXNJVJL
root@(none):~# run() { echo -n "$MARKER"; sh -c "$@"; echo "$MARKER $?"; }
root@(none):~# echo 'YNNG''WKHJMG'
YNNGWKHJMG
root@(none):~# MARKER='NHPW''ANXEGB' run 'ubus wait_for network.interface.lan'
NHPWANXEGBNHPWANXEGB 0
root@OpenWrt:~# echo 'ECXT''BYPHGQ'
ECXTBYPHGQ
root@OpenWrt:~# MARKER='AOFJ''NGPPYL' run 'ubus call network.interface.lan statu
s '"'"'{}'"'"''
AOFJNGPPYL{
	"up": true,
	"pending": false,
	"available": true,
	"autostart": true,
	"dynamic": false,
	"uptime": 0,
	"l3_device": "br-lan",
	"proto": "static",
	"device": "br-lan",
	"updated": [
		"addresses"
	],
	"metric": 0,
	"dns_metric": 0,
	"delegation": true,
	"ipv4-address": [
		{
			"address": "192.168.1.1",
			"mask": 24
		}
	],
	"ipv6-address": [
		
	],
	"ipv6-prefix": [
		
	],
	"ipv6-prefix-assignment": [
		{
			"address": "fdb3:9fbf:8b1c::",
			"mask": 60,
			"local-address": {
				"address": "fdb3:9fbf:8b1c::1",
				"mask": 60
			}
		}
	],
	"route": [
		
	],
	"dns-server": [
		
	],
	"dns-search": [
		
	],
	"neighbors": [
		
	],
	"inactive": {
		"ipv4-address": [
			
		],
		"ipv6-address": [
			
		],
		"route": [
			
		],
		"dns-server": [
			
		],
		"dns-search": [
			
		],
		"neighbors": [
			
		]
	},
	"data": {
		
	}
}
AOFJNGPPYL 0
root@OpenWrt:~# echo 'HLJT''TCGPCH'
HLJTTCGPCH
root@OpenWrt:~# MARKER='SQHV''CEKBQW' run true
SQHVCEKBQWSQHVCEKBQW 0
root@OpenWrt:~# echo 'OVEN''MVXQQJ'
OVENMVXQQJ
root@OpenWrt:~# MARKER='TMNW''SHHKZY' run 'source /etc/os-release; echo $BUILD_I
D'
TMNWSHHKZYr33549-20d6296141
TMNWSHHKZY 0
root@OpenWrt:~# echo 'PHOB''KUZLNF'
PHOBKUZLNF
root@OpenWrt:~# MARKER='OVAZ''ZOXSEB' run 'ls /etc/dropbear/dropbear_rsa_host_ke
y'
OVAZZOXSEB[0;0m/etc/dropbear/dropbear_rsa_host_key[m
OVAZZOXSEB 0
root@OpenWrt:~# echo 'HLUV''VTHZGS'
HLUVVTHZGS
root@OpenWrt:~# MARKER='PYQO''WBNOZL' run 'netstat -tlpn | grep 0.0.0.0:22'
PYQOWBNOZLtcp        0      0 0.0.0.0:22              0.0.0.0:*               LISTEN      1968/dropbear
PYQOWBNOZL 0
root@OpenWrt:~# echo 'JOHE''TYMUVH'
JOHETYMUVH
root@OpenWrt:~# MARKER='LMVH''OWEUJH' run 'dmesg | grep br-lan | grep forwarding
'
LMVHOWEUJH[   42.444683] br-lan: port 1(eth0) entered forwarding state
LMVHOWEUJH 0
root@OpenWrt:~# echo 'YLFH''UVEAZT'
YLFHUVEAZT
root@OpenWrt:~# MARKER='XXWX''SFHVOX' run 'ubus call network.interface.lan statu
s '"'"'{}'"'"''
XXWXSFHVOX{
	"up": true,
	"pending": false,
	"available": true,
	"autostart": true,
	"dynamic": false,
	"uptime": 38,
	"l3_device": "br-lan",
	"proto": "static",
	"device": "br-lan",
	"updated": [
		"addresses"
	],
	"metric": 0,
	"dns_metric": 0,
	"delegation": true,
	"ipv4-address": [
		{
			"address": "192.168.1.1",
			"mask": 24
		}
	],
	"ipv6-address": [
		
	],
	"ipv6-prefix": [
		
	],
	"ipv6-prefix-assignment": [
		{
			"address": "fdb3:9fbf:8b1c::",
			"mask": 60,
			"local-address": {
				"address": "fdb3:9fbf:8b1c::1",
				"mask": 60
			}
		}
	],
	"route": [
		
	],
	"dns-server": [
		
	],
	"dns-search": [
		
	],
	"neighbors": [
		
	],
	"inactive": {
		"ipv4-address": [
			
		],
		"ipv6-address": [
			
		],
		"route": [
			
		],
		"dns-server": [
			
		],
		"dns-search": [
			
		],
		"neighbors": [
			
		]
	},
	"data": {
		
	}
}
XXWXSFHVOX 0
root@OpenWrt:~# echo 'TLLT''JBGWLN'
TLLTJBGWLN
root@OpenWrt:~# MARKER='SQAF''VMWYYK' run 'ip -o addr show dev br-lan'
SQAFVMWYYK4: br-lan    inet 192.168.1.1/24 brd 192.168.1.255 scope global br-lan\       valid_lft forever preferred_lft forever
4: br-lan    inet6 fdb3:9fbf:8b1c::1/60 scope global noprefixroute \       valid_lft forever preferred_lft forever
4: br-lan    inet6 fe80::5054:ff:fe12:3456/64 scope link \       valid_lft forever preferred_lft forever
SQAFVMWYYK 0
root@OpenWrt:~# echo 'BVSM''AWVHNW'
BVSMAWVHNW
root@OpenWrt:~# MARKER='PFFQ''LXBAPU' run 'ubus call network.interface.wan statu
s '"'"'{}'"'"''
PFFQLXBAPU{
	"up": true,
	"pending": false,
	"available": true,
	"autostart": true,
	"dynamic": false,
	"uptime": 33,
	"l3_device": "eth1",
	"proto": "dhcp",
	"device": "eth1",
	"updated": [
		"addresses",
		"routes",
		"data"
	],
	"metric": 0,
	"dns_metric": 0,
	"delegation": true,
	"ipv4-address": [
		{
			"address": "10.0.2.15",
			"mask": 24
		}
	],
	"ipv6-address": [
		
	],
	"ipv6-prefix": [
		
	],
	"ipv6-prefix-assignment": [
		
	],
	"route": [
		{
			"target": "0.0.0.0",
			"mask": 0,
			"nexthop": "10.0.2.2",
			"source": "10.0.2.15/32"
		}
	],
	"dns-server": [
		"10.0.2.3"
	],
	"dns-search": [
		
	],
	"neighbors": [
		
	],
	"inactive": {
		"ipv4-address": [
			
		],
		"ipv6-address": [
			
		],
		"route": [
			
		],
		"dns-server": [
			
		],
		"dns-search": [
			
		],
		"neighbors": [
			
		]
	},
	"data": {
		"dhcpserver": "10.0.2.2",
		"leasetime": 86400
	}
}
PFFQLXBAPU 0
root@OpenWrt:~# 