Labgrid Console Logfile for main
Logfile started at 2026-01-16 20:57:13.554968
=== Log starts here ===
[    0.000000] Booting Linux on physical CPU 0x0000000000 [0x411fd070]
[    0.000000] Linux version 6.12.65 (builder@buildhost) (aarch64-openwrt-linux-musl-gcc (OpenWrt GCC 14.3.0 r32670-66b6791abe) 14.3.0, GNU ld (GNU Binutils) 2.44) #0 SMP Thu Jan 15 22:08:37 2026
[    0.000000] KASLR enabled
[    0.000000] random: crng init done
[    0.000000] Machine model: linux,dummy-virt
[    0.000000] efi: UEFI not found.
[    0.000000] OF: reserved mem: Reserved memory: No reserved-memory node in the DT
[    0.000000] NUMA: Faking a node at [mem 0x0000000040000000-0x0000000047ffffff]
[    0.000000] NODE_DATA(0) allocated [mem 0x47fb8e80-0x47fbbbff]
[    0.000000] Zone ranges:
[    0.000000]   DMA      [mem 0x0000000040000000-0x0000000047ffffff]
[    0.000000]   DMA32    empty
[    0.000000]   Normal   empty
[    0.000000] Movable zone start for each node
[    0.000000] Early memory node ranges
[    0.000000]   node   0: [mem 0x0000000040000000-0x0000000047ffffff]
[    0.000000] Initmem setup node 0 [mem 0x0000000040000000-0x0000000047ffffff]
[    0.000000] cma: Reserved 32 MiB at 0x0000000045c00000 on node -1
[    0.000000] psci: probing for conduit method from DT.
[    0.000000] psci: PSCIv1.1 detected in firmware.
[    0.000000] psci: Using standard PSCI v0.2 function IDs
[    0.000000] psci: Trusted OS migration not required
[    0.000000] psci: SMC Calling Convention v1.0
[    0.000000] percpu: Embedded 23 pages/cpu s53400 r8192 d32616 u94208
[    0.000000] Detected PIPT I-cache on CPU0
[    0.000000] CPU features: detected: Spectre-v2
[    0.000000] CPU features: detected: Spectre-v3a
[    0.000000] CPU features: detected: Spectre-v4
[    0.000000] CPU features: detected: Spectre-BHB
[    0.000000] CPU features: kernel page table isolation forced ON by KASLR
[    0.000000] CPU features: detected: Kernel page table isolation (KPTI)
[    0.000000] CPU features: detected: ARM erratum 834220
[    0.000000] CPU features: detected: ARM erratum 832075
[    0.000000] CPU features: detected: ARM errata 1165522, 1319367, or 1530923
[    0.000000] alternatives: applying boot alternatives
[    0.000000] Kernel command line: 
[    0.000000] Dentry cache hash table entries: 16384 (order: 5, 131072 bytes, linear)
[    0.000000] Inode-cache hash table entries: 8192 (order: 4, 65536 bytes, linear)
[    0.000000] Fallback order for Node 0: 0 
[    0.000000] Built 1 zonelists, mobility grouping on.  Total pages: 32768
[    0.000000] Policy zone: DMA
[    0.000000] mem auto-init: stack:off, heap alloc:off, heap free:off
[    0.000000] software IO TLB: SWIOTLB bounce buffer size adjusted to 0MB
[    0.000000] software IO TLB: area num 1.
[    0.000000] software IO TLB: mapped [mem 0x0000000047f1b000-0x0000000047f5b000] (0MB)
[    0.000000] SLUB: HWalign=64, Order=0-3, MinObjects=0, CPUs=1, Nodes=1
[    0.000000] rcu: Hierarchical RCU implementation.
[    0.000000] rcu: 	RCU restricting CPUs from NR_CPUS=256 to nr_cpu_ids=1.
[    0.000000] 	Tracing variant of Tasks RCU enabled.
[    0.000000] rcu: RCU calculated value of scheduler-enlistment delay is 10 jiffies.
[    0.000000] rcu: Adjusting geometry for rcu_fanout_leaf=16, nr_cpu_ids=1
[    0.000000] RCU Tasks Trace: Setting shift to 0 and lim to 1 rcu_task_cb_adjust=1 rcu_task_cpu_ids=1.
[    0.000000] NR_IRQS: 64, nr_irqs: 64, preallocated irqs: 0
[    0.000000] Root IRQ handler: gic_handle_irq
[    0.000000] GICv2m: range[mem 0x08020000-0x08020fff], SPI[80:143]
[    0.000000] rcu: srcu_init: Setting srcu_struct sizes based on contention.
[    0.000000] arch_timer: cp15 timer(s) running at 62.50MHz (virt).
[    0.000000] clocksource: arch_sys_counter: mask: 0x1ffffffffffffff max_cycles: 0x1cd42e208c, max_idle_ns: 881590405314 ns
[    0.000058] sched_clock: 57 bits at 63MHz, resolution 16ns, wraps every 4398046511096ns
[    0.002954] Console: colour dummy device 80x25
[    0.003381] printk: legacy console [tty0] enabled
[    0.007109] Calibrating delay loop (skipped), value calculated using timer frequency.. 125.00 BogoMIPS (lpj=625000)
[    0.007261] pid_max: default: 32768 minimum: 301
[    0.012428] Mount-cache hash table entries: 512 (order: 0, 4096 bytes, linear)
[    0.012483] Mountpoint-cache hash table entries: 512 (order: 0, 4096 bytes, linear)
[    0.038616] cacheinfo: Unable to detect cache hierarchy for CPU 0
[    0.054233] rcu: Hierarchical SRCU implementation.
[    0.054340] rcu: 	Max phase no-delay instances is 1000.
[    0.059071] EFI services will not be available.
[    0.060170] smp: Bringing up secondary CPUs ...
[    0.060759] smp: Brought up 1 node, 1 CPU
[    0.060802] SMP: Total of 1 processors activated.
[    0.060855] CPU: All CPU(s) started at EL1
[    0.061088] CPU features: detected: 32-bit EL0 Support
[    0.061119] CPU features: detected: 32-bit EL1 Support
[    0.061224] CPU features: detected: CRC32 instructions
[    0.072253] alternatives: applying system-wide alternatives
[    0.081175] CPU features: emulated: Privileged Access Never (PAN) using TTBR0_EL1 switching
[    0.092653] Memory: 54856K/131072K available (12608K kernel code, 1572K rwdata, 4788K rodata, 18176K init, 763K bss, 42128K reserved, 32768K cma-reserved)
[    0.125939] clocksource: jiffies: mask: 0xffffffff max_cycles: 0xffffffff, max_idle_ns: 19112604462750000 ns
[    0.127103] futex hash table entries: 256 (order: 2, 16384 bytes, linear)
[    0.129228] 2G module region forced by RANDOMIZE_MODULE_REGION_FULL
[    0.129283] 0 pages in range for non-PLT usage
[    0.129330] 514752 pages in range for PLT usage
[    0.130493] pinctrl core: initialized pinctrl subsystem
[    0.142088] DMI not present or invalid.
[    0.155476] NET: Registered PF_NETLINK/PF_ROUTE protocol family
[    0.164974] DMA: preallocated 128 KiB GFP_KERNEL pool for atomic allocations
[    0.165484] DMA: preallocated 128 KiB GFP_KERNEL|GFP_DMA pool for atomic allocations
[    0.165752] DMA: preallocated 128 KiB GFP_KERNEL|GFP_DMA32 pool for atomic allocations
[    0.170031] thermal_sys: Registered thermal governor 'step_wise'
[    0.170364] cpuidle: using governor ladder
[    0.170553] cpuidle: using governor menu
[    0.171278] ASID allocator initialised with 32768 entries
[    0.173130] Serial: AMBA PL011 UART driver
[    0.200653] 9000000.pl011: ttyAMA0 at MMIO 0x9000000 (irq = 13, base_baud = 0) is a PL011 rev1
[    0.202145] printk: legacy console [ttyAMA0] enabled
[    0.419707] HugeTLB: registered 1.00 GiB page size, pre-allocated 0 pages
[    0.419962] HugeTLB: 0 KiB vmemmap can be freed for a 1.00 GiB page
[    0.423933] HugeTLB: registered 32.0 MiB page size, pre-allocated 0 pages
[    0.424300] HugeTLB: 0 KiB vmemmap can be freed for a 32.0 MiB page
[    0.424577] HugeTLB: registered 2.00 MiB page size, pre-allocated 0 pages
[    0.424783] HugeTLB: 0 KiB vmemmap can be freed for a 2.00 MiB page
[    0.434849] HugeTLB: registered 64.0 KiB page size, pre-allocated 0 pages
[    0.435221] HugeTLB: 0 KiB vmemmap can be freed for a 64.0 KiB page
[    0.441722] cryptd: max_cpu_qlen set to 1000
[    0.446571] ACPI: Interpreter disabled.
[    0.449119] iommu: Default domain type: Passthrough
[    0.451302] SCSI subsystem initialized
[    0.453162] usbcore: registered new interface driver usbfs
[    0.453604] usbcore: registered new interface driver hub
[    0.453902] usbcore: registered new device driver usb
[    0.478553] clocksource: Switched to clocksource arch_sys_counter
[    0.480847] netfs: FS-Cache loaded
[    0.481762] pnp: PnP ACPI: disabled
[    0.489512] NET: Registered PF_INET protocol family
[    0.491111] IP idents hash table entries: 2048 (order: 2, 16384 bytes, linear)
[    0.496392] tcp_listen_portaddr_hash hash table entries: 256 (order: 0, 4096 bytes, linear)
[    0.496728] Table-perturb hash table entries: 65536 (order: 6, 262144 bytes, linear)
[    0.501698] TCP established hash table entries: 1024 (order: 1, 8192 bytes, linear)
[    0.502085] TCP bind hash table entries: 1024 (order: 3, 32768 bytes, linear)
[    0.502459] TCP: Hash tables configured (established 1024 bind 1024)
[    0.504058] MPTCP token hash table entries: 256 (order: 1, 6144 bytes, linear)
[    0.512806] UDP hash table entries: 256 (order: 1, 8192 bytes, linear)
[    0.513457] UDP-Lite hash table entries: 256 (order: 1, 8192 bytes, linear)
[    0.515065] NET: Registered PF_UNIX/PF_LOCAL protocol family
[    0.515767] PCI: CLS 0 bytes, default 64
[    0.547957] kvm [1]: HYP mode not available
[    0.552865] workingset: timestamp_bits=42 max_order=15 bucket_order=0
[    0.554803] squashfs: version 4.0 (2009/01/31) Phillip Lougher
[    0.555013] jffs2: version 2.2 (NAND) (SUMMARY) (LZMA) (RTIME) (CMODE_PRIORITY) (c) 2001-2006 Red Hat, Inc.
[    0.568485] 9p: Installing v9fs 9p2000 file system support
[    0.571148] Block layer SCSI generic (bsg) driver version 0.4 loaded (major 250)
[    0.575388] atomic64_test: passed
[    0.587296] pl061_gpio 9030000.pl061: PL061 GPIO chip registered
[    0.589593] pci-host-generic 4010000000.pcie: host bridge /pcie@10000000 ranges:
[    0.590442] pci-host-generic 4010000000.pcie:       IO 0x003eff0000..0x003effffff -> 0x0000000000
[    0.591245] pci-host-generic 4010000000.pcie:      MEM 0x0010000000..0x003efeffff -> 0x0010000000
[    0.598130] pci-host-generic 4010000000.pcie:      MEM 0x8000000000..0xffffffffff -> 0x8000000000
[    0.598992] pci-host-generic 4010000000.pcie: Memory resource size exceeds max for 32 bits
[    0.599917] pci-host-generic 4010000000.pcie: ECAM at [mem 0x4010000000-0x401fffffff] for [bus 00-ff]
[    0.610074] pci-host-generic 4010000000.pcie: PCI host bridge to bus 0000:00
[    0.610628] pci_bus 0000:00: root bus resource [bus 00-ff]
[    0.610875] pci_bus 0000:00: root bus resource [io  0x0000-0xffff]
[    0.611114] pci_bus 0000:00: root bus resource [mem 0x10000000-0x3efeffff]
[    0.619545] pci_bus 0000:00: root bus resource [mem 0x8000000000-0xffffffffff]
[    0.621425] pci 0000:00:00.0: [1b36:0008] type 00 class 0x060000 conventional PCI endpoint
[    0.625646] pci 0000:00:01.0: [1af4:1000] type 00 class 0x020000 conventional PCI endpoint
[    0.626187] pci 0000:00:01.0: BAR 0 [io  0x0000-0x001f]
[    0.630874] pci 0000:00:01.0: BAR 4 [mem 0x00000000-0x00003fff 64bit pref]
[    0.631342] pci 0000:00:01.0: ROM [mem 0x00000000-0x0007ffff pref]
[    0.631827] pci 0000:00:02.0: [1af4:1005] type 00 class 0x00ff00 conventional PCI endpoint
[    0.632110] pci 0000:00:02.0: BAR 0 [io  0x0000-0x001f]
[    0.641635] pci 0000:00:02.0: BAR 1 [mem 0x00000000-0x00000fff]
[    0.641998] pci 0000:00:02.0: BAR 4 [mem 0x00000000-0x00003fff 64bit pref]
[    0.642643] pci 0000:00:03.0: [1af4:1000] type 00 class 0x020000 conventional PCI endpoint
[    0.642918] pci 0000:00:03.0: BAR 0 [io  0x0000-0x001f]
[    0.652661] pci 0000:00:03.0: BAR 1 [mem 0x00000000-0x00000fff]
[    0.653008] pci 0000:00:03.0: BAR 4 [mem 0x00000000-0x00003fff 64bit pref]
[    0.653319] pci 0000:00:03.0: ROM [mem 0x00000000-0x0007ffff pref]
[    0.655525] pci 0000:00:01.0: ROM [mem 0x10000000-0x1007ffff pref]: assigned
[    0.663804] pci 0000:00:03.0: ROM [mem 0x10080000-0x100fffff pref]: assigned
[    0.664276] pci 0000:00:01.0: BAR 4 [mem 0x8000000000-0x8000003fff 64bit pref]: assigned
[    0.664626] pci 0000:00:02.0: BAR 4 [mem 0x8000004000-0x8000007fff 64bit pref]: assigned
[    0.664927] pci 0000:00:03.0: BAR 4 [mem 0x8000008000-0x800000bfff 64bit pref]: assigned
[    0.675232] pci 0000:00:02.0: BAR 1 [mem 0x10100000-0x10100fff]: assigned
[    0.675514] pci 0000:00:03.0: BAR 1 [mem 0x10101000-0x10101fff]: assigned
[    0.675739] pci 0000:00:01.0: BAR 0 [io  0x1000-0x101f]: assigned
[    0.685368] pci 0000:00:02.0: BAR 0 [io  0x1020-0x103f]: assigned
[    0.685712] pci 0000:00:03.0: BAR 0 [io  0x1040-0x105f]: assigned
[    0.686424] pci_bus 0000:00: resource 4 [io  0x0000-0xffff]
[    0.686645] pci_bus 0000:00: resource 5 [mem 0x10000000-0x3efeffff]
[    0.686843] pci_bus 0000:00: resource 6 [mem 0x8000000000-0xffffffffff]
[    0.699588] hv_vmbus: registering driver hyperv_fb
[    0.801891] virtio-pci 0000:00:01.0: enabling device (0000 -> 0003)
[    0.805010] virtio-pci 0000:00:02.0: enabling device (0000 -> 0003)
[    0.806373] virtio-pci 0000:00:03.0: enabling device (0000 -> 0003)
[    0.809470] Serial: 8250/16550 driver, 16 ports, IRQ sharing enabled
[    0.818714] SuperH (H)SCI(F) driver initialized
[    0.852669] loop: module loaded
[    0.853696] hv_vmbus: registering driver hv_storvsc
[    0.868225] hv_vmbus: registering driver hv_netvsc
[    0.870953] usbcore: registered new interface driver usb-storage
[    0.873769] hv_vmbus: registering driver hyperv_keyboard
[    0.876462] rtc-pl031 9010000.pl031: registered as rtc0
[    0.877380] rtc-pl031 9010000.pl031: setting system clock to 2026-01-16T20:57:14 UTC (1768597034)
[    0.882575] sdhci: Secure Digital Host Controller Interface driver
[    0.882789] sdhci: Copyright(c) Pierre Ossman
[    0.883447] Synopsys Designware Multimedia Card Interface Driver
[    0.884234] sdhci-pltfm: SDHCI platform and OF driver helper
[    0.886126] hid: raw HID events driver (C) Jiri Kosina
[    0.893748] usbcore: registered new interface driver usbhid
[    0.894040] usbhid: USB HID core driver
[    0.896916] NET: Registered PF_INET6 protocol family
[    0.918067] Segment Routing with IPv6
[    0.918427] In-situ OAM (IOAM) with IPv6
[    0.919059] NET: Registered PF_PACKET protocol family
[    0.919726] bridge: filtering via arp/ip/ip6tables is no longer available by default. Update your scripts to load br_netfilter if you need this.
[    0.929236] 8021q: 802.1Q VLAN Support v1.8
[    0.930567] 9pnet: Installing 9P2000 support
[    0.992359] Demotion targets for Node 0: null
[    1.000740] clk: Disabling unused clocks
[    1.001092] PM: genpd: Disabling unused power domains
[    1.043548] Freeing unused kernel memory: 18176K
[    1.046597] Run /init as init process
[    2.647942] init: Console is alive
[    2.746078] kmodloader: loading kernel modules from /etc/modules-boot.d/*
[    2.773275] pps_core: LinuxPPS API ver. 1 registered
[    2.773506] pps_core: Software ver. 5.3.6 - Copyright 2005-2007 Rodolfo Giometti <giometti@linux.it>
[    2.817375] PTP clock support registered
[    2.844326] e1000e: Intel(R) PRO/1000 Network Driver
[    2.844564] e1000e: Copyright(c) 1999 - 2015 Intel Corporation.
[    2.846403] kmodloader: done loading kernel modules from /etc/modules-boot.d/*
[    2.861811] init: - preinit -
[    4.717795] 8021q: adding VLAN 0 to HW filter on device eth0
Press the [f] key and hit [enter] to enter failsafe mode
Press the [1], [2], [3] or [4] key and hit [enter] to select the debug level
[    9.720234] procd: - early -
[   10.843880] procd: - ubus -
[   11.054365] procd: - init -
Please press Enter to activate this console.
root
login[1151]: root login on 'ttyAMA0'


BusyBox v1.37.0 (2026-01-15 22:08:37 UTC) built-in shell (ash)

  _______                     ________        __
 |       |.-----.-----.-----.|  |  |  |.----.|  |_
 |   -   ||  _  |  -__|     ||  |  |  ||   _||   _|
 |_______||   __|_____|__|__||________||__|  |____|
          |__| W I R E L E S S   F R E E D O M
 -----------------------------------------------------
 OpenWrt SNAPSHOT, r32670-66b6791abe
 -----------------------------------------------------

 === WARNING! =====================================
 There is no root password defined on this device!
 Use the "passwd" command to set up a new password
 in order to prevent unauthorized SSH logins.
 --------------------------------------------------


 OpenWrt recently switched to the "apk" package manager!

 OPKG Command           APK Equivalent      Description
 ------------------------------------------------------------------
 opkg install <pkg>     apk add <pkg>       Install a package
 opkg remove <pkg>      apk del <pkg>       Remove a package
 opkg upgrade           apk upgrade         Upgrade all packages
 opkg files <pkg>       apk info -L <pkg>   List package contents
 opkg list-installed    apk info            List installed packages
 opkg update            apk update          Update package lists
 opkg search <pkg>      apk search <pkg>    Search for packages
 ------------------------------------------------------------------

For more information visit:
https://openwrt.org/docs/guide-user/additional-software/opkg-to-apk-cheatsheet

root@(none):~# dmesg -n 1
root@(none):~# echo 'GNKM''PBTXAU'
GNKMPBTXAU
root@(none):~# run() { echo -n "$MARKER"; sh -c "$@"; echo "$MARKER $?"; }
root@(none):~# echo 'TBMZ''GHQSST'
TBMZGHQSST
root@(none):~# MARKER='FGHO''TNYNLY' run 'ubus wait_for network.interface.lan'
FGHOTNYNLYFGHOTNYNLY 0
root@OpenWrt:~# echo 'TOBJ''PEHGMW'
TOBJPEHGMW
root@OpenWrt:~# MARKER='TLKM''CBZKHB' run 'ubus call network.interface.lan statu
s '"'"'{}'"'"''
TLKMCBZKHB{
	"up": true,
	"pending": false,
	"available": true,
	"autostart": true,
	"dynamic": false,
	"uptime": 1,
	"l3_device": "br-lan",
	"proto": "static",
	"device": "br-lan",
	"updated": [
		"addresses"
	],
	"metric": 0,
	"dns_metric": 0,
	"delegation": true,
	"ipv4-address": [
		{
			"address": "192.168.1.1",
			"mask": 24
		}
	],
	"ipv6-address": [
		
	],
	"ipv6-prefix": [
		
	],
	"ipv6-prefix-assignment": [
		{
			"address": "fd0b:e24d:329a::",
			"mask": 60,
			"local-address": {
				"address": "fd0b:e24d:329a::1",
				"mask": 60
			}
		}
	],
	"route": [
		
	],
	"dns-server": [
		
	],
	"dns-search": [
		
	],
	"neighbors": [
		
	],
	"inactive": {
		"ipv4-address": [
			
		],
		"ipv6-address": [
			
		],
		"route": [
			
		],
		"dns-server": [
			
		],
		"dns-search": [
			
		],
		"neighbors": [
			
		]
	},
	"data": {
		
	}
}
TLKMCBZKHB 0
root@OpenWrt:~# Command failed: Not found
echo 'YHUZ''JNQHGL'
YHUZJNQHGL
root@OpenWrt:~# MARKER='QXVM''JTFPGS' run true
QXVMJTFPGSQXVMJTFPGS 0
root@OpenWrt:~# echo 'BPFN''BWECEK'
BPFNBWECEK
root@OpenWrt:~# MARKER='ATFV''CBMUFH' run 'source /etc/os-release; echo $BUILD_I
D'
ATFVCBMUFHr32670-66b6791abe
ATFVCBMUFH 0
root@OpenWrt:~# echo 'WULP''AWOELK'
WULPAWOELK
root@OpenWrt:~# MARKER='OAFW''BECVPB' run 'ls /etc/dropbear/dropbear_rsa_host_ke
y'
OAFWBECVPB[0;0m/etc/dropbear/dropbear_rsa_host_key[m
OAFWBECVPB 0
root@OpenWrt:~# echo 'MFLG''GZXCFM'
MFLGGZXCFM
root@OpenWrt:~# MARKER='AZUH''KPHKVL' run 'netstat -tlpn | grep 0.0.0.0:22'
AZUHKPHKVLtcp        0      0 0.0.0.0:22              0.0.0.0:*               LISTEN      1901/dropbear
AZUHKPHKVL 0
root@OpenWrt:~# echo 'GTAY''AYOGHS'
GTAYAYOGHS
root@OpenWrt:~# MARKER='JXGV''UKUGLH' run 'dmesg | grep br-lan | grep forwarding
'
JXGVUKUGLH[   41.557916] br-lan: port 1(eth0) entered forwarding state
JXGVUKUGLH 0
root@OpenWrt:~# echo 'UXZJ''TQHFAX'
UXZJTQHFAX
root@OpenWrt:~# MARKER='ZSYT''EUBZBH' run 'ubus call network.interface.lan statu
s '"'"'{}'"'"''
ZSYTEUBZBH{
	"up": true,
	"pending": false,
	"available": true,
	"autostart": true,
	"dynamic": false,
	"uptime": 37,
	"l3_device": "br-lan",
	"proto": "static",
	"device": "br-lan",
	"updated": [
		"addresses"
	],
	"metric": 0,
	"dns_metric": 0,
	"delegation": true,
	"ipv4-address": [
		{
			"address": "192.168.1.1",
			"mask": 24
		}
	],
	"ipv6-address": [
		
	],
	"ipv6-prefix": [
		
	],
	"ipv6-prefix-assignment": [
		{
			"address": "fd0b:e24d:329a::",
			"mask": 60,
			"local-address": {
				"address": "fd0b:e24d:329a::1",
				"mask": 60
			}
		}
	],
	"route": [
		
	],
	"dns-server": [
		
	],
	"dns-search": [
		
	],
	"neighbors": [
		
	],
	"inactive": {
		"ipv4-address": [
			
		],
		"ipv6-address": [
			
		],
		"route": [
			
		],
		"dns-server": [
			
		],
		"dns-search": [
			
		],
		"neighbors": [
			
		]
	},
	"data": {
		
	}
}
ZSYTEUBZBH 0
root@OpenWrt:~# echo 'UXEU''XFCZXJ'
UXEUXFCZXJ
root@OpenWrt:~# MARKER='MWNZ''WEXZGC' run 'ip -o addr show dev br-lan'
MWNZWEXZGC4: br-lan    inet 192.168.1.1/24 brd 192.168.1.255 scope global br-lan\       valid_lft forever preferred_lft forever
4: br-lan    inet6 fd0b:e24d:329a::1/60 scope global noprefixroute \       valid_lft forever preferred_lft forever
4: br-lan    inet6 fe80::5054:ff:fe12:3456/64 scope link \       valid_lft forever preferred_lft forever
MWNZWEXZGC 0
root@OpenWrt:~# echo 'YGKC''MUZWJH'
YGKCMUZWJH
root@OpenWrt:~# MARKER='EMEX''ZTPQSC' run 'ubus call network.interface.wan statu
s '"'"'{}'"'"''
EMEXZTPQSC{
	"up": true,
	"pending": false,
	"available": true,
	"autostart": true,
	"dynamic": false,
	"uptime": 33,
	"l3_device": "eth1",
	"proto": "dhcp",
	"device": "eth1",
	"updated": [
		"addresses",
		"routes",
		"data"
	],
	"metric": 0,
	"dns_metric": 0,
	"delegation": true,
	"ipv4-address": [
		{
			"address": "10.0.2.15",
			"mask": 24
		}
	],
	"ipv6-address": [
		
	],
	"ipv6-prefix": [
		
	],
	"ipv6-prefix-assignment": [
		
	],
	"route": [
		{
			"target": "0.0.0.0",
			"mask": 0,
			"nexthop": "10.0.2.2",
			"source": "10.0.2.15/32"
		}
	],
	"dns-server": [
		"10.0.2.3"
	],
	"dns-search": [
		
	],
	"neighbors": [
		
	],
	"inactive": {
		"ipv4-address": [
			
		],
		"ipv6-address": [
			
		],
		"route": [
			
		],
		"dns-server": [
			
		],
		"dns-search": [
			
		],
		"neighbors": [
			
		]
	},
	"data": {
		"dhcpserver": "10.0.2.2",
		"leasetime": 86400
	}
}
EMEXZTPQSC 0
root@OpenWrt:~# 