Labgrid Console Logfile for main
Logfile started at 2025-12-01 18:38:38.040222
=== Log starts here ===
[    0.000000] Booting Linux on physical CPU 0x0000000000 [0x411fd070]
[    0.000000] Linux version 6.12.59 (builder@buildhost) (aarch64-openwrt-linux-musl-gcc (OpenWrt GCC 14.3.0 r32187-5bdf1b8d9c) 14.3.0, GNU ld (GNU Binutils) 2.44) #0 SMP Mon Dec  1 14:05:56 2025
[    0.000000] KASLR enabled
[    0.000000] random: crng init done
[    0.000000] Machine model: linux,dummy-virt
[    0.000000] efi: UEFI not found.
[    0.000000] OF: reserved mem: Reserved memory: No reserved-memory node in the DT
[    0.000000] NUMA: Faking a node at [mem 0x0000000040000000-0x0000000047ffffff]
[    0.000000] NODE_DATA(0) allocated [mem 0x47fb8e80-0x47fbbbff]
[    0.000000] Zone ranges:
[    0.000000]   DMA      [mem 0x0000000040000000-0x0000000047ffffff]
[    0.000000]   DMA32    empty
[    0.000000]   Normal   empty
[    0.000000] Movable zone start for each node
[    0.000000] Early memory node ranges
[    0.000000]   node   0: [mem 0x0000000040000000-0x0000000047ffffff]
[    0.000000] Initmem setup node 0 [mem 0x0000000040000000-0x0000000047ffffff]
[    0.000000] cma: Reserved 32 MiB at 0x0000000045c00000 on node -1
[    0.000000] psci: probing for conduit method from DT.
[    0.000000] psci: PSCIv1.1 detected in firmware.
[    0.000000] psci: Using standard PSCI v0.2 function IDs
[    0.000000] psci: Trusted OS migration not required
[    0.000000] psci: SMC Calling Convention v1.0
[    0.000000] percpu: Embedded 23 pages/cpu s53400 r8192 d32616 u94208
[    0.000000] Detected PIPT I-cache on CPU0
[    0.000000] CPU features: detected: Spectre-v2
[    0.000000] CPU features: detected: Spectre-v3a
[    0.000000] CPU features: detected: Spectre-v4
[    0.000000] CPU features: detected: Spectre-BHB
[    0.000000] CPU features: kernel page table isolation forced ON by KASLR
[    0.000000] CPU features: detected: Kernel page table isolation (KPTI)
[    0.000000] CPU features: detected: ARM erratum 834220
[    0.000000] CPU features: detected: ARM erratum 832075
[    0.000000] CPU features: detected: ARM errata 1165522, 1319367, or 1530923
[    0.000000] alternatives: applying boot alternatives
[    0.000000] Kernel command line: 
[    0.000000] Dentry cache hash table entries: 16384 (order: 5, 131072 bytes, linear)
[    0.000000] Inode-cache hash table entries: 8192 (order: 4, 65536 bytes, linear)
[    0.000000] Fallback order for Node 0: 0 
[    0.000000] Built 1 zonelists, mobility grouping on.  Total pages: 32768
[    0.000000] Policy zone: DMA
[    0.000000] mem auto-init: stack:off, heap alloc:off, heap free:off
[    0.000000] software IO TLB: SWIOTLB bounce buffer size adjusted to 0MB
[    0.000000] software IO TLB: area num 1.
[    0.000000] software IO TLB: mapped [mem 0x0000000047f1b000-0x0000000047f5b000] (0MB)
[    0.000000] SLUB: HWalign=64, Order=0-3, MinObjects=0, CPUs=1, Nodes=1
[    0.000000] rcu: Hierarchical RCU implementation.
[    0.000000] rcu: 	RCU restricting CPUs from NR_CPUS=256 to nr_cpu_ids=1.
[    0.000000] 	Tracing variant of Tasks RCU enabled.
[    0.000000] rcu: RCU calculated value of scheduler-enlistment delay is 10 jiffies.
[    0.000000] rcu: Adjusting geometry for rcu_fanout_leaf=16, nr_cpu_ids=1
[    0.000000] RCU Tasks Trace: Setting shift to 0 and lim to 1 rcu_task_cb_adjust=1 rcu_task_cpu_ids=1.
[    0.000000] NR_IRQS: 64, nr_irqs: 64, preallocated irqs: 0
[    0.000000] Root IRQ handler: gic_handle_irq
[    0.000000] GICv2m: range[mem 0x08020000-0x08020fff], SPI[80:143]
[    0.000000] rcu: srcu_init: Setting srcu_struct sizes based on contention.
[    0.000000] arch_timer: cp15 timer(s) running at 62.50MHz (virt).
[    0.000000] clocksource: arch_sys_counter: mask: 0x1ffffffffffffff max_cycles: 0x1cd42e208c, max_idle_ns: 881590405314 ns
[    0.000067] sched_clock: 57 bits at 63MHz, resolution 16ns, wraps every 4398046511096ns
[    0.003075] Console: colour dummy device 80x25
[    0.003486] printk: legacy console [tty0] enabled
[    0.007342] Calibrating delay loop (skipped), value calculated using timer frequency.. 125.00 BogoMIPS (lpj=625000)
[    0.007489] pid_max: default: 32768 minimum: 301
[    0.012667] Mount-cache hash table entries: 512 (order: 0, 4096 bytes, linear)
[    0.012731] Mountpoint-cache hash table entries: 512 (order: 0, 4096 bytes, linear)
[    0.039115] cacheinfo: Unable to detect cache hierarchy for CPU 0
[    0.049377] rcu: Hierarchical SRCU implementation.
[    0.049450] rcu: 	Max phase no-delay instances is 1000.
[    0.053541] EFI services will not be available.
[    0.054400] smp: Bringing up secondary CPUs ...
[    0.055145] smp: Brought up 1 node, 1 CPU
[    0.055188] SMP: Total of 1 processors activated.
[    0.055240] CPU: All CPU(s) started at EL1
[    0.055469] CPU features: detected: 32-bit EL0 Support
[    0.055503] CPU features: detected: 32-bit EL1 Support
[    0.055584] CPU features: detected: CRC32 instructions
[    0.065521] alternatives: applying system-wide alternatives
[    0.074707] CPU features: emulated: Privileged Access Never (PAN) using TTBR0_EL1 switching
[    0.085222] Memory: 54920K/131072K available (12608K kernel code, 1572K rwdata, 4784K rodata, 18112K init, 763K bss, 42064K reserved, 32768K cma-reserved)
[    0.118749] clocksource: jiffies: mask: 0xffffffff max_cycles: 0xffffffff, max_idle_ns: 19112604462750000 ns
[    0.119352] futex hash table entries: 256 (order: 2, 16384 bytes, linear)
[    0.121448] 2G module region forced by RANDOMIZE_MODULE_REGION_FULL
[    0.121505] 0 pages in range for non-PLT usage
[    0.121563] 514768 pages in range for PLT usage
[    0.122780] pinctrl core: initialized pinctrl subsystem
[    0.135795] DMI not present or invalid.
[    0.149943] NET: Registered PF_NETLINK/PF_ROUTE protocol family
[    0.160073] DMA: preallocated 128 KiB GFP_KERNEL pool for atomic allocations
[    0.160673] DMA: preallocated 128 KiB GFP_KERNEL|GFP_DMA pool for atomic allocations
[    0.160938] DMA: preallocated 128 KiB GFP_KERNEL|GFP_DMA32 pool for atomic allocations
[    0.165362] thermal_sys: Registered thermal governor 'step_wise'
[    0.165760] cpuidle: using governor ladder
[    0.165968] cpuidle: using governor menu
[    0.166745] ASID allocator initialised with 32768 entries
[    0.168757] Serial: AMBA PL011 UART driver
[    0.197303] 9000000.pl011: ttyAMA0 at MMIO 0x9000000 (irq = 13, base_baud = 0) is a PL011 rev1
[    0.198929] printk: legacy console [ttyAMA0] enabled
[    0.417461] HugeTLB: registered 1.00 GiB page size, pre-allocated 0 pages
[    0.417736] HugeTLB: 0 KiB vmemmap can be freed for a 1.00 GiB page
[    0.421106] HugeTLB: registered 32.0 MiB page size, pre-allocated 0 pages
[    0.421390] HugeTLB: 0 KiB vmemmap can be freed for a 32.0 MiB page
[    0.421705] HugeTLB: registered 2.00 MiB page size, pre-allocated 0 pages
[    0.421956] HugeTLB: 0 KiB vmemmap can be freed for a 2.00 MiB page
[    0.432110] HugeTLB: registered 64.0 KiB page size, pre-allocated 0 pages
[    0.432385] HugeTLB: 0 KiB vmemmap can be freed for a 64.0 KiB page
[    0.438955] cryptd: max_cpu_qlen set to 1000
[    0.443834] ACPI: Interpreter disabled.
[    0.446310] iommu: Default domain type: Passthrough
[    0.448501] SCSI subsystem initialized
[    0.450378] usbcore: registered new interface driver usbfs
[    0.450833] usbcore: registered new interface driver hub
[    0.451130] usbcore: registered new device driver usb
[    0.470137] clocksource: Switched to clocksource arch_sys_counter
[    0.472454] netfs: FS-Cache loaded
[    0.473359] pnp: PnP ACPI: disabled
[    0.482740] NET: Registered PF_INET protocol family
[    0.484317] IP idents hash table entries: 2048 (order: 2, 16384 bytes, linear)
[    0.489731] tcp_listen_portaddr_hash hash table entries: 256 (order: 0, 4096 bytes, linear)
[    0.490072] Table-perturb hash table entries: 65536 (order: 6, 262144 bytes, linear)
[    0.493078] TCP established hash table entries: 1024 (order: 1, 8192 bytes, linear)
[    0.493594] TCP bind hash table entries: 1024 (order: 3, 32768 bytes, linear)
[    0.494070] TCP: Hash tables configured (established 1024 bind 1024)
[    0.495744] MPTCP token hash table entries: 256 (order: 1, 6144 bytes, linear)
[    0.504656] UDP hash table entries: 256 (order: 1, 8192 bytes, linear)
[    0.505189] UDP-Lite hash table entries: 256 (order: 1, 8192 bytes, linear)
[    0.506855] NET: Registered PF_UNIX/PF_LOCAL protocol family
[    0.507559] PCI: CLS 0 bytes, default 64
[    0.539833] kvm [1]: HYP mode not available
[    0.544606] workingset: timestamp_bits=42 max_order=15 bucket_order=0
[    0.546563] squashfs: version 4.0 (2009/01/31) Phillip Lougher
[    0.546798] jffs2: version 2.2 (NAND) (SUMMARY) (LZMA) (RTIME) (CMODE_PRIORITY) (c) 2001-2006 Red Hat, Inc.
[    0.560421] 9p: Installing v9fs 9p2000 file system support
[    0.563050] Block layer SCSI generic (bsg) driver version 0.4 loaded (major 250)
[    0.573540] atomic64_test: passed
[    0.585098] pl061_gpio 9030000.pl061: PL061 GPIO chip registered
[    0.587401] pci-host-generic 4010000000.pcie: host bridge /pcie@10000000 ranges:
[    0.588242] pci-host-generic 4010000000.pcie:       IO 0x003eff0000..0x003effffff -> 0x0000000000
[    0.589332] pci-host-generic 4010000000.pcie:      MEM 0x0010000000..0x003efeffff -> 0x0010000000
[    0.595599] pci-host-generic 4010000000.pcie:      MEM 0x8000000000..0xffffffffff -> 0x8000000000
[    0.596564] pci-host-generic 4010000000.pcie: Memory resource size exceeds max for 32 bits
[    0.597339] pci-host-generic 4010000000.pcie: ECAM at [mem 0x4010000000-0x401fffffff] for [bus 00-ff]
[    0.608297] pci-host-generic 4010000000.pcie: PCI host bridge to bus 0000:00
[    0.608895] pci_bus 0000:00: root bus resource [bus 00-ff]
[    0.609273] pci_bus 0000:00: root bus resource [io  0x0000-0xffff]
[    0.609510] pci_bus 0000:00: root bus resource [mem 0x10000000-0x3efeffff]
[    0.618590] pci_bus 0000:00: root bus resource [mem 0x8000000000-0xffffffffff]
[    0.621653] pci 0000:00:00.0: [1b36:0008] type 00 class 0x060000 conventional PCI endpoint
[    0.624920] pci 0000:00:01.0: [1af4:1000] type 00 class 0x020000 conventional PCI endpoint
[    0.625405] pci 0000:00:01.0: BAR 0 [io  0x0000-0x001f]
[    0.629996] pci 0000:00:01.0: BAR 4 [mem 0x00000000-0x00003fff 64bit pref]
[    0.630477] pci 0000:00:01.0: ROM [mem 0x00000000-0x0007ffff pref]
[    0.631028] pci 0000:00:02.0: [1af4:1005] type 00 class 0x00ff00 conventional PCI endpoint
[    0.631306] pci 0000:00:02.0: BAR 0 [io  0x0000-0x001f]
[    0.640939] pci 0000:00:02.0: BAR 1 [mem 0x00000000-0x00000fff]
[    0.641226] pci 0000:00:02.0: BAR 4 [mem 0x00000000-0x00003fff 64bit pref]
[    0.642025] pci 0000:00:03.0: [1af4:1000] type 00 class 0x020000 conventional PCI endpoint
[    0.642319] pci 0000:00:03.0: BAR 0 [io  0x0000-0x001f]
[    0.652205] pci 0000:00:03.0: BAR 1 [mem 0x00000000-0x00000fff]
[    0.652554] pci 0000:00:03.0: BAR 4 [mem 0x00000000-0x00003fff 64bit pref]
[    0.652878] pci 0000:00:03.0: ROM [mem 0x00000000-0x0007ffff pref]
[    0.655371] pci 0000:00:01.0: ROM [mem 0x10000000-0x1007ffff pref]: assigned
[    0.663457] pci 0000:00:03.0: ROM [mem 0x10080000-0x100fffff pref]: assigned
[    0.663983] pci 0000:00:01.0: BAR 4 [mem 0x8000000000-0x8000003fff 64bit pref]: assigned
[    0.664362] pci 0000:00:02.0: BAR 4 [mem 0x8000004000-0x8000007fff 64bit pref]: assigned
[    0.664698] pci 0000:00:03.0: BAR 4 [mem 0x8000008000-0x800000bfff 64bit pref]: assigned
[    0.675265] pci 0000:00:02.0: BAR 1 [mem 0x10100000-0x10100fff]: assigned
[    0.675535] pci 0000:00:03.0: BAR 1 [mem 0x10101000-0x10101fff]: assigned
[    0.675802] pci 0000:00:01.0: BAR 0 [io  0x1000-0x101f]: assigned
[    0.685737] pci 0000:00:02.0: BAR 0 [io  0x1020-0x103f]: assigned
[    0.686074] pci 0000:00:03.0: BAR 0 [io  0x1040-0x105f]: assigned
[    0.686660] pci_bus 0000:00: resource 4 [io  0x0000-0xffff]
[    0.686880] pci_bus 0000:00: resource 5 [mem 0x10000000-0x3efeffff]
[    0.687082] pci_bus 0000:00: resource 6 [mem 0x8000000000-0xffffffffff]
[    0.700057] hv_vmbus: registering driver hyperv_fb
[    0.799516] virtio-pci 0000:00:01.0: enabling device (0000 -> 0003)
[    0.802601] virtio-pci 0000:00:02.0: enabling device (0000 -> 0003)
[    0.803928] virtio-pci 0000:00:03.0: enabling device (0000 -> 0003)
[    0.806705] Serial: 8250/16550 driver, 16 ports, IRQ sharing enabled
[    0.815788] SuperH (H)SCI(F) driver initialized
[    0.852472] loop: module loaded
[    0.853560] hv_vmbus: registering driver hv_storvsc
[    0.868204] hv_vmbus: registering driver hv_netvsc
[    0.871498] usbcore: registered new interface driver usb-storage
[    0.874463] hv_vmbus: registering driver hyperv_keyboard
[    0.877356] rtc-pl031 9010000.pl031: registered as rtc0
[    0.878160] rtc-pl031 9010000.pl031: setting system clock to 2025-12-01T18:38:38 UTC (1764614318)
[    0.883019] sdhci: Secure Digital Host Controller Interface driver
[    0.883249] sdhci: Copyright(c) Pierre Ossman
[    0.883940] Synopsys Designware Multimedia Card Interface Driver
[    0.884761] sdhci-pltfm: SDHCI platform and OF driver helper
[    0.886784] hid: raw HID events driver (C) Jiri Kosina
[    0.890607] usbcore: registered new interface driver usbhid
[    0.890927] usbhid: USB HID core driver
[    0.894066] NET: Registered PF_INET6 protocol family
[    0.917451] Segment Routing with IPv6
[    0.917838] In-situ OAM (IOAM) with IPv6
[    0.918456] NET: Registered PF_PACKET protocol family
[    0.919294] bridge: filtering via arp/ip/ip6tables is no longer available by default. Update your scripts to load br_netfilter if you need this.
[    0.928661] 8021q: 802.1Q VLAN Support v1.8
[    0.929893] 9pnet: Installing 9P2000 support
[    0.989319] Demotion targets for Node 0: null
[    0.997875] clk: Disabling unused clocks
[    0.998228] PM: genpd: Disabling unused power domains
[    1.043307] Freeing unused kernel memory: 18112K
[    1.046788] Run /init as init process
[    2.678018] init: Console is alive
[    2.777626] kmodloader: loading kernel modules from /etc/modules-boot.d/*
[    2.805462] pps_core: LinuxPPS API ver. 1 registered
[    2.805827] pps_core: Software ver. 5.3.6 - Copyright 2005-2007 Rodolfo Giometti <giometti@linux.it>
[    2.850893] PTP clock support registered
[    2.892721] e1000e: Intel(R) PRO/1000 Network Driver
[    2.892977] e1000e: Copyright(c) 1999 - 2015 Intel Corporation.
[    2.895201] kmodloader: done loading kernel modules from /etc/modules-boot.d/*
[    2.907870] init: - preinit -
[    4.850080] 8021q: adding VLAN 0 to HW filter on device eth0
Press the [f] key and hit [enter] to enter failsafe mode
Press the [1], [2], [3] or [4] key and hit [enter] to select the debug level
[    9.922972] procd: - early -
[   11.063982] procd: - ubus -
[   11.276531] procd: - init -
Please press Enter to activate this console.
root
login[1150]: root login on 'ttyAMA0'


BusyBox v1.37.0 (2025-12-01 14:05:56 UTC) built-in shell (ash)

  _______                     ________        __
 |       |.-----.-----.-----.|  |  |  |.----.|  |_
 |   -   ||  _  |  -__|     ||  |  |  ||   _||   _|
 |_______||   __|_____|__|__||________||__|  |____|
          |__| W I R E L E S S   F R E E D O M
 -----------------------------------------------------
 OpenWrt SNAPSHOT, r32187-5bdf1b8d9c
 -----------------------------------------------------

 === WARNING! =====================================
 There is no root password defined on this device!
 Use the "passwd" command to set up a new password
 in order to prevent unauthorized SSH logins.
 --------------------------------------------------


 OpenWrt recently switched to the "apk" package manager!

 OPKG Command           APK Equivalent      Description
 ------------------------------------------------------------------
 opkg install <pkg>     apk add <pkg>       Install a package
 opkg remove <pkg>      apk del <pkg>       Remove a package
 opkg upgrade           apk upgrade         Upgrade all packages
 opkg files <pkg>       apk info -L <pkg>   List package contents
 opkg list-installed    apk info            List installed packages
 opkg update            apk update          Update package lists
 opkg search <pkg>      apk search <pkg>    Search for packages
 ------------------------------------------------------------------

For more information visit:
https://openwrt.org/docs/guide-user/additional-software/opkg-to-apk-cheatsheet

root@(none):~# dmesg -n 1
root@(none):~# echo 'UBYW''SASNQM'
UBYWSASNQM
root@(none):~# run() { echo -n "$MARKER"; sh -c "$@"; echo "$MARKER $?"; }
root@(none):~# echo 'LQFJ''VLUGUL'
LQFJVLUGUL
root@(none):~# MARKER='MQQE''WHBVCU' run 'ubus wait_for network.interface.lan'
MQQEWHBVCU