Labgrid Console Logfile for main
Logfile started at 2026-04-27 02:06:20.470406
=== Log starts here ===
[    0.000000] Booting Linux on physical CPU 0x0000000000 [0x411fd070]
[    0.000000] Linux version 6.12.80 (builder@buildhost) (aarch64-openwrt-linux-musl-gcc (OpenWrt GCC 14.3.0 r34168-793ceff149) 14.3.0, GNU ld (GNU Binutils) 2.44) #0 SMP Sun Apr 26 22:40:59 2026
[    0.000000] KASLR enabled
[    0.000000] random: crng init done
[    0.000000] Machine model: linux,dummy-virt
[    0.000000] efi: UEFI not found.
[    0.000000] OF: reserved mem: Reserved memory: No reserved-memory node in the DT
[    0.000000] NUMA: Faking a node at [mem 0x0000000040000000-0x0000000047ffffff]
[    0.000000] NODE_DATA(0) allocated [mem 0x47fb8e80-0x47fbbbff]
[    0.000000] Zone ranges:
[    0.000000]   DMA      [mem 0x0000000040000000-0x0000000047ffffff]
[    0.000000]   DMA32    empty
[    0.000000]   Normal   empty
[    0.000000] Movable zone start for each node
[    0.000000] Early memory node ranges
[    0.000000]   node   0: [mem 0x0000000040000000-0x0000000047ffffff]
[    0.000000] Initmem setup node 0 [mem 0x0000000040000000-0x0000000047ffffff]
[    0.000000] cma: Reserved 32 MiB at 0x0000000045c00000 on node -1
[    0.000000] psci: probing for conduit method from DT.
[    0.000000] psci: PSCIv1.1 detected in firmware.
[    0.000000] psci: Using standard PSCI v0.2 function IDs
[    0.000000] psci: Trusted OS migration not required
[    0.000000] psci: SMC Calling Convention v1.0
[    0.000000] percpu: Embedded 23 pages/cpu s53400 r8192 d32616 u94208
[    0.000000] Detected PIPT I-cache on CPU0
[    0.000000] CPU features: detected: Spectre-v2
[    0.000000] CPU features: detected: Spectre-v3a
[    0.000000] CPU features: detected: Spectre-v4
[    0.000000] CPU features: detected: Spectre-BHB
[    0.000000] CPU features: kernel page table isolation forced ON by KASLR
[    0.000000] CPU features: detected: Kernel page table isolation (KPTI)
[    0.000000] CPU features: detected: ARM erratum 834220
[    0.000000] CPU features: detected: ARM erratum 832075
[    0.000000] CPU features: detected: ARM errata 1165522, 1319367, or 1530923
[    0.000000] alternatives: applying boot alternatives
[    0.000000] Kernel command line: 
[    0.000000] Dentry cache hash table entries: 16384 (order: 5, 131072 bytes, linear)
[    0.000000] Inode-cache hash table entries: 8192 (order: 4, 65536 bytes, linear)
[    0.000000] Fallback order for Node 0: 0 
[    0.000000] Built 1 zonelists, mobility grouping on.  Total pages: 32768
[    0.000000] Policy zone: DMA
[    0.000000] mem auto-init: stack:off, heap alloc:off, heap free:off
[    0.000000] software IO TLB: SWIOTLB bounce buffer size adjusted to 0MB
[    0.000000] software IO TLB: area num 1.
[    0.000000] software IO TLB: mapped [mem 0x0000000047f1b000-0x0000000047f5b000] (0MB)
[    0.000000] SLUB: HWalign=64, Order=0-3, MinObjects=0, CPUs=1, Nodes=1
[    0.000000] rcu: Hierarchical RCU implementation.
[    0.000000] rcu: 	RCU restricting CPUs from NR_CPUS=256 to nr_cpu_ids=1.
[    0.000000] 	Tracing variant of Tasks RCU enabled.
[    0.000000] rcu: RCU calculated value of scheduler-enlistment delay is 10 jiffies.
[    0.000000] rcu: Adjusting geometry for rcu_fanout_leaf=16, nr_cpu_ids=1
[    0.000000] RCU Tasks Trace: Setting shift to 0 and lim to 1 rcu_task_cb_adjust=1 rcu_task_cpu_ids=1.
[    0.000000] NR_IRQS: 64, nr_irqs: 64, preallocated irqs: 0
[    0.000000] Root IRQ handler: gic_handle_irq
[    0.000000] GICv2m: range[mem 0x08020000-0x08020fff], SPI[80:143]
[    0.000000] rcu: srcu_init: Setting srcu_struct sizes based on contention.
[    0.000000] arch_timer: cp15 timer(s) running at 62.50MHz (virt).
[    0.000000] clocksource: arch_sys_counter: mask: 0x1ffffffffffffff max_cycles: 0x1cd42e208c, max_idle_ns: 881590405314 ns
[    0.000061] sched_clock: 57 bits at 63MHz, resolution 16ns, wraps every 4398046511096ns
[    0.003034] Console: colour dummy device 80x25
[    0.003470] printk: legacy console [tty0] enabled
[    0.007373] Calibrating delay loop (skipped), value calculated using timer frequency.. 125.00 BogoMIPS (lpj=625000)
[    0.007529] pid_max: default: 32768 minimum: 301
[    0.012746] Mount-cache hash table entries: 512 (order: 0, 4096 bytes, linear)
[    0.012816] Mountpoint-cache hash table entries: 512 (order: 0, 4096 bytes, linear)
[    0.039815] cacheinfo: Unable to detect cache hierarchy for CPU 0
[    0.050699] rcu: Hierarchical SRCU implementation.
[    0.050785] rcu: 	Max phase no-delay instances is 1000.
[    0.054067] EFI services will not be available.
[    0.054931] smp: Bringing up secondary CPUs ...
[    0.055506] smp: Brought up 1 node, 1 CPU
[    0.055547] SMP: Total of 1 processors activated.
[    0.055597] CPU: All CPU(s) started at EL1
[    0.055822] CPU features: detected: 32-bit EL0 Support
[    0.055849] CPU features: detected: 32-bit EL1 Support
[    0.055928] CPU features: detected: CRC32 instructions
[    0.067335] alternatives: applying system-wide alternatives
[    0.076240] CPU features: emulated: Privileged Access Never (PAN) using TTBR0_EL1 switching
[    0.089572] Memory: 57668K/131072K available (12672K kernel code, 1572K rwdata, 4800K rodata, 15296K init, 764K bss, 39312K reserved, 32768K cma-reserved)
[    0.122545] clocksource: jiffies: mask: 0xffffffff max_cycles: 0xffffffff, max_idle_ns: 19112604462750000 ns
[    0.123176] futex hash table entries: 256 (order: 2, 16384 bytes, linear)
[    0.125358] 2G module region forced by RANDOMIZE_MODULE_REGION_FULL
[    0.125426] 0 pages in range for non-PLT usage
[    0.125477] 515456 pages in range for PLT usage
[    0.127302] pinctrl core: initialized pinctrl subsystem
[    0.139218] DMI not present or invalid.
[    0.153505] NET: Registered PF_NETLINK/PF_ROUTE protocol family
[    0.163493] DMA: preallocated 128 KiB GFP_KERNEL pool for atomic allocations
[    0.164062] DMA: preallocated 128 KiB GFP_KERNEL|GFP_DMA pool for atomic allocations
[    0.164320] DMA: preallocated 128 KiB GFP_KERNEL|GFP_DMA32 pool for atomic allocations
[    0.168724] thermal_sys: Registered thermal governor 'step_wise'
[    0.169044] cpuidle: using governor ladder
[    0.169239] cpuidle: using governor menu
[    0.170009] ASID allocator initialised with 32768 entries
[    0.171874] Serial: AMBA PL011 UART driver
[    0.200284] 9000000.pl011: ttyAMA0 at MMIO 0x9000000 (irq = 13, base_baud = 0) is a PL011 rev1
[    0.201845] printk: legacy console [ttyAMA0] enabled
[    0.437020] HugeTLB: registered 1.00 GiB page size, pre-allocated 0 pages
[    0.441249] HugeTLB: 0 KiB vmemmap can be freed for a 1.00 GiB page
[    0.441516] HugeTLB: registered 32.0 MiB page size, pre-allocated 0 pages
[    0.441699] HugeTLB: 0 KiB vmemmap can be freed for a 32.0 MiB page
[    0.441835] HugeTLB: registered 2.00 MiB page size, pre-allocated 0 pages
[    0.452101] HugeTLB: 0 KiB vmemmap can be freed for a 2.00 MiB page
[    0.452385] HugeTLB: registered 64.0 KiB page size, pre-allocated 0 pages
[    0.452528] HugeTLB: 0 KiB vmemmap can be freed for a 64.0 KiB page
[    0.459186] cryptd: max_cpu_qlen set to 1000
[    0.467525] ACPI: Interpreter disabled.
[    0.470021] iommu: Default domain type: Passthrough
[    0.471316] SCSI subsystem initialized
[    0.473520] usbcore: registered new interface driver usbfs
[    0.473907] usbcore: registered new interface driver hub
[    0.474149] usbcore: registered new device driver usb
[    0.495007] clocksource: Switched to clocksource arch_sys_counter
[    0.497216] netfs: FS-Cache loaded
[    0.498106] pnp: PnP ACPI: disabled
[    0.506407] NET: Registered PF_INET protocol family
[    0.507658] IP idents hash table entries: 2048 (order: 2, 16384 bytes, linear)
[    0.513081] tcp_listen_portaddr_hash hash table entries: 256 (order: 0, 4096 bytes, linear)
[    0.513364] Table-perturb hash table entries: 65536 (order: 6, 262144 bytes, linear)
[    0.517459] TCP established hash table entries: 1024 (order: 1, 8192 bytes, linear)
[    0.517807] TCP bind hash table entries: 1024 (order: 3, 32768 bytes, linear)
[    0.518101] TCP: Hash tables configured (established 1024 bind 1024)
[    0.519874] MPTCP token hash table entries: 256 (order: 1, 6144 bytes, linear)
[    0.528183] UDP hash table entries: 256 (order: 1, 8192 bytes, linear)
[    0.528580] UDP-Lite hash table entries: 256 (order: 1, 8192 bytes, linear)
[    0.530432] NET: Registered PF_UNIX/PF_LOCAL protocol family
[    0.531319] PCI: CLS 0 bytes, default 64
[    0.575204] kvm [1]: HYP mode not available
[    0.584691] workingset: timestamp_bits=42 max_order=15 bucket_order=0
[    0.586992] squashfs: version 4.0 (2009/01/31) Phillip Lougher
[    0.587186] jffs2: version 2.2 (NAND) (SUMMARY) (LZMA) (RTIME) (CMODE_PRIORITY) (c) 2001-2006 Red Hat, Inc.
[    0.589207] 9p: Installing v9fs 9p2000 file system support
[    0.592059] Block layer SCSI generic (bsg) driver version 0.4 loaded (major 250)
[    0.619377] atomic64_test: passed
[    0.634394] pl061_gpio 9030000.pl061: PL061 GPIO chip registered
[    0.636771] pci-host-generic 4010000000.pcie: host bridge /pcie@10000000 ranges:
[    0.637589] pci-host-generic 4010000000.pcie:       IO 0x003eff0000..0x003effffff -> 0x0000000000
[    0.638321] pci-host-generic 4010000000.pcie:      MEM 0x0010000000..0x003efeffff -> 0x0010000000
[    0.645178] pci-host-generic 4010000000.pcie:      MEM 0x8000000000..0xffffffffff -> 0x8000000000
[    0.646424] pci-host-generic 4010000000.pcie: Memory resource size exceeds max for 32 bits
[    0.647136] pci-host-generic 4010000000.pcie: ECAM at [mem 0x4010000000-0x401fffffff] for [bus 00-ff]
[    0.658535] pci-host-generic 4010000000.pcie: PCI host bridge to bus 0000:00
[    0.659067] pci_bus 0000:00: root bus resource [bus 00-ff]
[    0.659277] pci_bus 0000:00: root bus resource [io  0x0000-0xffff]
[    0.659460] pci_bus 0000:00: root bus resource [mem 0x10000000-0x3efeffff]
[    0.666576] pci_bus 0000:00: root bus resource [mem 0x8000000000-0xffffffffff]
[    0.668294] pci 0000:00:00.0: [1b36:0008] type 00 class 0x060000 conventional PCI endpoint
[    0.671528] pci 0000:00:01.0: [1af4:1000] type 00 class 0x020000 conventional PCI endpoint
[    0.671957] pci 0000:00:01.0: BAR 0 [io  0x0000-0x001f]
[    0.677787] pci 0000:00:01.0: BAR 4 [mem 0x00000000-0x00003fff 64bit pref]
[    0.678098] pci 0000:00:01.0: ROM [mem 0x00000000-0x0007ffff pref]
[    0.678676] pci 0000:00:02.0: [1af4:1005] type 00 class 0x00ff00 conventional PCI endpoint
[    0.678889] pci 0000:00:02.0: BAR 0 [io  0x0000-0x001f]
[    0.688491] pci 0000:00:02.0: BAR 1 [mem 0x00000000-0x00000fff]
[    0.688752] pci 0000:00:02.0: BAR 4 [mem 0x00000000-0x00003fff 64bit pref]
[    0.689311] pci 0000:00:03.0: [1af4:1000] type 00 class 0x020000 conventional PCI endpoint
[    0.689542] pci 0000:00:03.0: BAR 0 [io  0x0000-0x001f]
[    0.699427] pci 0000:00:03.0: BAR 1 [mem 0x00000000-0x00000fff]
[    0.699638] pci 0000:00:03.0: BAR 4 [mem 0x00000000-0x00003fff 64bit pref]
[    0.699795] pci 0000:00:03.0: ROM [mem 0x00000000-0x0007ffff pref]
[    0.702081] pci 0000:00:01.0: ROM [mem 0x10000000-0x1007ffff pref]: assigned
[    0.711070] pci 0000:00:03.0: ROM [mem 0x10080000-0x100fffff pref]: assigned
[    0.711333] pci 0000:00:01.0: BAR 4 [mem 0x8000000000-0x8000003fff 64bit pref]: assigned
[    0.711658] pci 0000:00:02.0: BAR 4 [mem 0x8000004000-0x8000007fff 64bit pref]: assigned
[    0.721134] pci 0000:00:03.0: BAR 4 [mem 0x8000008000-0x800000bfff 64bit pref]: assigned
[    0.721336] pci 0000:00:02.0: BAR 1 [mem 0x10100000-0x10100fff]: assigned
[    0.721536] pci 0000:00:03.0: BAR 1 [mem 0x10101000-0x10101fff]: assigned
[    0.731531] pci 0000:00:01.0: BAR 0 [io  0x1000-0x101f]: assigned
[    0.731794] pci 0000:00:02.0: BAR 0 [io  0x1020-0x103f]: assigned
[    0.732018] pci 0000:00:03.0: BAR 0 [io  0x1040-0x105f]: assigned
[    0.732447] pci_bus 0000:00: resource 4 [io  0x0000-0xffff]
[    0.732602] pci_bus 0000:00: resource 5 [mem 0x10000000-0x3efeffff]
[    0.742481] pci_bus 0000:00: resource 6 [mem 0x8000000000-0xffffffffff]
[    0.745664] hv_vmbus: registering driver hyperv_fb
[    0.833048] virtio-pci 0000:00:01.0: enabling device (0000 -> 0003)
[    0.836330] virtio-pci 0000:00:02.0: enabling device (0000 -> 0003)
[    0.837691] virtio-pci 0000:00:03.0: enabling device (0000 -> 0003)
[    0.840305] Serial: 8250/16550 driver, 16 ports, IRQ sharing enabled
[    0.849301] SuperH (H)SCI(F) driver initialized
[    0.884815] loop: module loaded
[    0.885932] hv_vmbus: registering driver hv_storvsc
[    0.901279] hv_vmbus: registering driver hv_netvsc
[    0.904295] usbcore: registered new interface driver usb-storage
[    0.907134] hv_vmbus: registering driver hyperv_keyboard
[    0.910035] rtc-pl031 9010000.pl031: registered as rtc0
[    0.910798] rtc-pl031 9010000.pl031: setting system clock to 2026-04-27T02:06:21 UTC (1777255581)
[    0.915561] sdhci: Secure Digital Host Controller Interface driver
[    0.915730] sdhci: Copyright(c) Pierre Ossman
[    0.916362] Synopsys Designware Multimedia Card Interface Driver
[    0.917100] sdhci-pltfm: SDHCI platform and OF driver helper
[    0.924713] hid: raw HID events driver (C) Jiri Kosina
[    0.925222] usbcore: registered new interface driver usbhid
[    0.925379] usbhid: USB HID core driver
[    0.928090] NET: Registered PF_INET6 protocol family
[    0.946838] Segment Routing with IPv6
[    0.947175] In-situ OAM (IOAM) with IPv6
[    0.947789] NET: Registered PF_PACKET protocol family
[    0.948415] bridge: filtering via arp/ip/ip6tables is no longer available by default. Update your scripts to load br_netfilter if you need this.
[    0.957984] 8021q: 802.1Q VLAN Support v1.8
[    0.958862] 9pnet: Installing 9P2000 support
[    1.012134] Demotion targets for Node 0: null
[    1.021553] clk: Disabling unused clocks
[    1.021914] PM: genpd: Disabling unused power domains
[    1.061810] Freeing unused kernel memory: 15296K
[    1.065207] Run /init as init process
[    2.616739] init: Console is alive
[    2.712861] kmodloader: loading kernel modules from /etc/modules-boot.d/*
[    2.741092] pps_core: LinuxPPS API ver. 1 registered
[    2.741305] pps_core: Software ver. 5.3.6 - Copyright 2005-2007 Rodolfo Giometti <giometti@linux.it>
[    2.785284] PTP clock support registered
[    2.823744] e1000e: Intel(R) PRO/1000 Network Driver
[    2.823971] e1000e: Copyright(c) 1999 - 2015 Intel Corporation.
[    2.826257] kmodloader: done loading kernel modules from /etc/modules-boot.d/*
[    2.833131] init: - preinit -
[    4.723556] 8021q: adding VLAN 0 to HW filter on device eth0
Press the [f] key and hit [enter] to enter failsafe mode
Press the [1], [2], [3] or [4] key and hit [enter] to select the debug level
[    9.783271] procd: - early -
[   10.906244] procd: - ubus -
[   11.120097] procd: - init -
Please press Enter to activate this console.
root
login[1149]: root login on 'ttyAMA0'


BusyBox v1.37.0 (2026-01-02 17:07:02 UTC) built-in shell (ash)

  _______                     ________        __
 |       |.-----.-----.-----.|  |  |  |.----.|  |_
 |   -   ||  _  |  -__|     ||  |  |  ||   _||   _|
 |_______||   __|_____|__|__||________||__|  |____|
          |__| W I R E L E S S   F R E E D O M
 -----------------------------------------------------
 OpenWrt SNAPSHOT, r34168-793ceff149
 -----------------------------------------------------

 === WARNING! =====================================
 There is no root password defined on this device!
 Use the "passwd" command to set up a new password
 in order to prevent unauthorized SSH logins.
 --------------------------------------------------

root@(none):~# dmesg -n 1
root@(none):~# echo 'OZZF''VQPSTV'
OZZFVQPSTV
root@(none):~# run() { echo -n "$MARKER"; sh -c "$@"; echo "$MARKER $?"; }
root@(none):~# echo 'AUXB''AVFHGG'
AUXBAVFHGG
root@(none):~# MARKER='QZWF''EWJFMX' run 'ubus wait_for network.interface.lan'
QZWFEWJFMXQZWFEWJFMX 0
root@OpenWrt:~# echo 'OWVN''QLUZYU'
OWVNQLUZYU
root@OpenWrt:~# MARKER='BHXY''KUYCWS' run 'ubus call network.interface.lan statu
s '"'"'{}'"'"''
BHXYKUYCWS{
	"up": true,
	"pending": false,
	"available": true,
	"autostart": true,
	"dynamic": false,
	"uptime": 0,
	"l3_device": "br-lan",
	"proto": "static",
	"device": "br-lan",
	"updated": [
		"addresses"
	],
	"metric": 0,
	"dns_metric": 0,
	"delegation": true,
	"ipv4-address": [
		{
			"address": "192.168.1.1",
			"mask": 24
		}
	],
	"ipv6-address": [
		
	],
	"ipv6-prefix": [
		
	],
	"ipv6-prefix-assignment": [
		{
			"address": "fd58:4959:8068::",
			"mask": 60,
			"local-address": {
				"address": "fd58:4959:8068::1",
				"mask": 60
			}
		}
	],
	"route": [
		
	],
	"dns-server": [
		
	],
	"dns-search": [
		
	],
	"neighbors": [
		
	],
	"inactive": {
		"ipv4-address": [
			
		],
		"ipv6-address": [
			
		],
		"route": [
			
		],
		"dns-server": [
			
		],
		"dns-search": [
			
		],
		"neighbors": [
			
		]
	},
	"data": {
		
	}
}
BHXYKUYCWS 0
root@OpenWrt:~# echo 'ZSMA''QPUMNA'
ZSMAQPUMNA
root@OpenWrt:~# MARKER='NYCM''JPCTBG' run true
NYCMJPCTBGNYCMJPCTBG 0
root@OpenWrt:~# echo 'YEUB''LLUHWB'
YEUBLLUHWB
root@OpenWrt:~# MARKER='SMWF''QJCMKA' run 'source /etc/os-release; echo $BUILD_I
D'
SMWFQJCMKAr34168-793ceff149
SMWFQJCMKA 0
root@OpenWrt:~# echo 'CCKF''YTJMJL'
CCKFYTJMJL
root@OpenWrt:~# MARKER='ZNNY''WJXLPE' run 'ls /etc/dropbear/dropbear_rsa_host_ke
y'
ZNNYWJXLPE[0;0m/etc/dropbear/dropbear_rsa_host_key[m
ZNNYWJXLPE 0
root@OpenWrt:~# echo 'GJNU''HAGVVE'
GJNUHAGVVE
root@OpenWrt:~# MARKER='ESOT''GPQFEK' run 'netstat -tlpn | grep 0.0.0.0:22'
ESOTGPQFEKtcp        0      0 0.0.0.0:22              0.0.0.0:*               LISTEN      1968/dropbear
ESOTGPQFEK 0
root@OpenWrt:~# echo 'AZLL''HUTBHF'
AZLLHUTBHF
root@OpenWrt:~# MARKER='ENSW''MCAQWH' run 'dmesg | grep br-lan | grep forwarding
'
ENSWMCAQWH[   43.254694] br-lan: port 1(eth0) entered forwarding state
ENSWMCAQWH 0
root@OpenWrt:~# echo 'FWZS''FXMZNP'
FWZSFXMZNP
root@OpenWrt:~# MARKER='JAJJ''JEPUVB' run 'ubus call network.interface.lan statu
s '"'"'{}'"'"''
JAJJJEPUVB{
	"up": true,
	"pending": false,
	"available": true,
	"autostart": true,
	"dynamic": false,
	"uptime": 39,
	"l3_device": "br-lan",
	"proto": "static",
	"device": "br-lan",
	"updated": [
		"addresses"
	],
	"metric": 0,
	"dns_metric": 0,
	"delegation": true,
	"ipv4-address": [
		{
			"address": "192.168.1.1",
			"mask": 24
		}
	],
	"ipv6-address": [
		
	],
	"ipv6-prefix": [
		
	],
	"ipv6-prefix-assignment": [
		{
			"address": "fd58:4959:8068::",
			"mask": 60,
			"local-address": {
				"address": "fd58:4959:8068::1",
				"mask": 60
			}
		}
	],
	"route": [
		
	],
	"dns-server": [
		
	],
	"dns-search": [
		
	],
	"neighbors": [
		
	],
	"inactive": {
		"ipv4-address": [
			
		],
		"ipv6-address": [
			
		],
		"route": [
			
		],
		"dns-server": [
			
		],
		"dns-search": [
			
		],
		"neighbors": [
			
		]
	},
	"data": {
		
	}
}
JAJJJEPUVB 0
root@OpenWrt:~# echo 'JWBJ''VBOBXW'
JWBJVBOBXW
root@OpenWrt:~# MARKER='HTVN''FHMBTH' run 'ip -o addr show dev br-lan'
HTVNFHMBTH4: br-lan    inet 192.168.1.1/24 brd 192.168.1.255 scope global br-lan\       valid_lft forever preferred_lft forever
4: br-lan    inet6 fd58:4959:8068::1/60 scope global noprefixroute \       valid_lft forever preferred_lft forever
4: br-lan    inet6 fe80::5054:ff:fe12:3456/64 scope link \       valid_lft forever preferred_lft forever
HTVNFHMBTH 0
root@OpenWrt:~# echo 'AOSC''XHMMMX'
AOSCXHMMMX
root@OpenWrt:~# MARKER='ECXT''FCGZFO' run 'ubus call network.interface.wan statu
s '"'"'{}'"'"''
ECXTFCGZFO{
	"up": true,
	"pending": false,
	"available": true,
	"autostart": true,
	"dynamic": false,
	"uptime": 34,
	"l3_device": "eth1",
	"proto": "dhcp",
	"device": "eth1",
	"updated": [
		"addresses",
		"routes",
		"data"
	],
	"metric": 0,
	"dns_metric": 0,
	"delegation": true,
	"ipv4-address": [
		{
			"address": "10.0.2.15",
			"mask": 24
		}
	],
	"ipv6-address": [
		
	],
	"ipv6-prefix": [
		
	],
	"ipv6-prefix-assignment": [
		
	],
	"route": [
		{
			"target": "0.0.0.0",
			"mask": 0,
			"nexthop": "10.0.2.2",
			"source": "10.0.2.15/32"
		}
	],
	"dns-server": [
		"10.0.2.3"
	],
	"dns-search": [
		
	],
	"neighbors": [
		
	],
	"inactive": {
		"ipv4-address": [
			
		],
		"ipv6-address": [
			
		],
		"route": [
			
		],
		"dns-server": [
			
		],
		"dns-search": [
			
		],
		"neighbors": [
			
		]
	},
	"data": {
		"dhcpserver": "10.0.2.2",
		"leasetime": 86400
	}
}
ECXTFCGZFO 0
root@OpenWrt:~# 