Labgrid Console Logfile for main
Logfile started at 2026-01-21 20:59:07.147344
=== Log starts here ===
[    0.000000] Booting Linux on physical CPU 0x0000000000 [0x411fd070]
[    0.000000] Linux version 6.12.66 (builder@buildhost) (aarch64-openwrt-linux-musl-gcc (OpenWrt GCC 14.3.0 r32700-30f8ceaa7e) 14.3.0, GNU ld (GNU Binutils) 2.44) #0 SMP Tue Jan 20 14:25:10 2026
[    0.000000] KASLR enabled
[    0.000000] random: crng init done
[    0.000000] Machine model: linux,dummy-virt
[    0.000000] efi: UEFI not found.
[    0.000000] OF: reserved mem: Reserved memory: No reserved-memory node in the DT
[    0.000000] NUMA: Faking a node at [mem 0x0000000040000000-0x0000000047ffffff]
[    0.000000] NODE_DATA(0) allocated [mem 0x47fb8e80-0x47fbbbff]
[    0.000000] Zone ranges:
[    0.000000]   DMA      [mem 0x0000000040000000-0x0000000047ffffff]
[    0.000000]   DMA32    empty
[    0.000000]   Normal   empty
[    0.000000] Movable zone start for each node
[    0.000000] Early memory node ranges
[    0.000000]   node   0: [mem 0x0000000040000000-0x0000000047ffffff]
[    0.000000] Initmem setup node 0 [mem 0x0000000040000000-0x0000000047ffffff]
[    0.000000] cma: Reserved 32 MiB at 0x0000000045c00000 on node -1
[    0.000000] psci: probing for conduit method from DT.
[    0.000000] psci: PSCIv1.1 detected in firmware.
[    0.000000] psci: Using standard PSCI v0.2 function IDs
[    0.000000] psci: Trusted OS migration not required
[    0.000000] psci: SMC Calling Convention v1.0
[    0.000000] percpu: Embedded 23 pages/cpu s53400 r8192 d32616 u94208
[    0.000000] Detected PIPT I-cache on CPU0
[    0.000000] CPU features: detected: Spectre-v2
[    0.000000] CPU features: detected: Spectre-v3a
[    0.000000] CPU features: detected: Spectre-v4
[    0.000000] CPU features: detected: Spectre-BHB
[    0.000000] CPU features: kernel page table isolation forced ON by KASLR
[    0.000000] CPU features: detected: Kernel page table isolation (KPTI)
[    0.000000] CPU features: detected: ARM erratum 834220
[    0.000000] CPU features: detected: ARM erratum 832075
[    0.000000] CPU features: detected: ARM errata 1165522, 1319367, or 1530923
[    0.000000] alternatives: applying boot alternatives
[    0.000000] Kernel command line: 
[    0.000000] Dentry cache hash table entries: 16384 (order: 5, 131072 bytes, linear)
[    0.000000] Inode-cache hash table entries: 8192 (order: 4, 65536 bytes, linear)
[    0.000000] Fallback order for Node 0: 0 
[    0.000000] Built 1 zonelists, mobility grouping on.  Total pages: 32768
[    0.000000] Policy zone: DMA
[    0.000000] mem auto-init: stack:off, heap alloc:off, heap free:off
[    0.000000] software IO TLB: SWIOTLB bounce buffer size adjusted to 0MB
[    0.000000] software IO TLB: area num 1.
[    0.000000] software IO TLB: mapped [mem 0x0000000047f1c000-0x0000000047f5c000] (0MB)
[    0.000000] SLUB: HWalign=64, Order=0-3, MinObjects=0, CPUs=1, Nodes=1
[    0.000000] rcu: Hierarchical RCU implementation.
[    0.000000] rcu: 	RCU restricting CPUs from NR_CPUS=256 to nr_cpu_ids=1.
[    0.000000] 	Tracing variant of Tasks RCU enabled.
[    0.000000] rcu: RCU calculated value of scheduler-enlistment delay is 10 jiffies.
[    0.000000] rcu: Adjusting geometry for rcu_fanout_leaf=16, nr_cpu_ids=1
[    0.000000] RCU Tasks Trace: Setting shift to 0 and lim to 1 rcu_task_cb_adjust=1 rcu_task_cpu_ids=1.
[    0.000000] NR_IRQS: 64, nr_irqs: 64, preallocated irqs: 0
[    0.000000] Root IRQ handler: gic_handle_irq
[    0.000000] GICv2m: range[mem 0x08020000-0x08020fff], SPI[80:143]
[    0.000000] rcu: srcu_init: Setting srcu_struct sizes based on contention.
[    0.000000] arch_timer: cp15 timer(s) running at 62.50MHz (virt).
[    0.000000] clocksource: arch_sys_counter: mask: 0x1ffffffffffffff max_cycles: 0x1cd42e208c, max_idle_ns: 881590405314 ns
[    0.000059] sched_clock: 57 bits at 63MHz, resolution 16ns, wraps every 4398046511096ns
[    0.002966] Console: colour dummy device 80x25
[    0.003398] printk: legacy console [tty0] enabled
[    0.007158] Calibrating delay loop (skipped), value calculated using timer frequency.. 125.00 BogoMIPS (lpj=625000)
[    0.007310] pid_max: default: 32768 minimum: 301
[    0.012453] Mount-cache hash table entries: 512 (order: 0, 4096 bytes, linear)
[    0.012508] Mountpoint-cache hash table entries: 512 (order: 0, 4096 bytes, linear)
[    0.038805] cacheinfo: Unable to detect cache hierarchy for CPU 0
[    0.049235] rcu: Hierarchical SRCU implementation.
[    0.049318] rcu: 	Max phase no-delay instances is 1000.
[    0.052858] EFI services will not be available.
[    0.054207] smp: Bringing up secondary CPUs ...
[    0.054909] smp: Brought up 1 node, 1 CPU
[    0.054952] SMP: Total of 1 processors activated.
[    0.055002] CPU: All CPU(s) started at EL1
[    0.055229] CPU features: detected: 32-bit EL0 Support
[    0.055261] CPU features: detected: 32-bit EL1 Support
[    0.055361] CPU features: detected: CRC32 instructions
[    0.061212] alternatives: applying system-wide alternatives
[    0.075416] CPU features: emulated: Privileged Access Never (PAN) using TTBR0_EL1 switching
[    0.086580] Memory: 54796K/131072K available (12672K kernel code, 1572K rwdata, 4788K rodata, 18176K init, 763K bss, 42188K reserved, 32768K cma-reserved)
[    0.119702] clocksource: jiffies: mask: 0xffffffff max_cycles: 0xffffffff, max_idle_ns: 19112604462750000 ns
[    0.120297] futex hash table entries: 256 (order: 2, 16384 bytes, linear)
[    0.122375] 2G module region forced by RANDOMIZE_MODULE_REGION_FULL
[    0.122428] 0 pages in range for non-PLT usage
[    0.122475] 514736 pages in range for PLT usage
[    0.123665] pinctrl core: initialized pinctrl subsystem
[    0.135762] DMI not present or invalid.
[    0.149254] NET: Registered PF_NETLINK/PF_ROUTE protocol family
[    0.159411] DMA: preallocated 128 KiB GFP_KERNEL pool for atomic allocations
[    0.159940] DMA: preallocated 128 KiB GFP_KERNEL|GFP_DMA pool for atomic allocations
[    0.160203] DMA: preallocated 128 KiB GFP_KERNEL|GFP_DMA32 pool for atomic allocations
[    0.164223] thermal_sys: Registered thermal governor 'step_wise'
[    0.164577] cpuidle: using governor ladder
[    0.164772] cpuidle: using governor menu
[    0.165526] ASID allocator initialised with 32768 entries
[    0.167583] Serial: AMBA PL011 UART driver
[    0.194793] 9000000.pl011: ttyAMA0 at MMIO 0x9000000 (irq = 13, base_baud = 0) is a PL011 rev1
[    0.196408] printk: legacy console [ttyAMA0] enabled
[    0.423716] HugeTLB: registered 1.00 GiB page size, pre-allocated 0 pages
[    0.423966] HugeTLB: 0 KiB vmemmap can be freed for a 1.00 GiB page
[    0.424159] HugeTLB: registered 32.0 MiB page size, pre-allocated 0 pages
[    0.424378] HugeTLB: 0 KiB vmemmap can be freed for a 32.0 MiB page
[    0.434123] HugeTLB: registered 2.00 MiB page size, pre-allocated 0 pages
[    0.434348] HugeTLB: 0 KiB vmemmap can be freed for a 2.00 MiB page
[    0.434602] HugeTLB: registered 64.0 KiB page size, pre-allocated 0 pages
[    0.434893] HugeTLB: 0 KiB vmemmap can be freed for a 64.0 KiB page
[    0.441387] cryptd: max_cpu_qlen set to 1000
[    0.449743] ACPI: Interpreter disabled.
[    0.452172] iommu: Default domain type: Passthrough
[    0.453486] SCSI subsystem initialized
[    0.455602] usbcore: registered new interface driver usbfs
[    0.456024] usbcore: registered new interface driver hub
[    0.456336] usbcore: registered new device driver usb
[    0.477377] clocksource: Switched to clocksource arch_sys_counter
[    0.479666] netfs: FS-Cache loaded
[    0.480573] pnp: PnP ACPI: disabled
[    0.488821] NET: Registered PF_INET protocol family
[    0.490401] IP idents hash table entries: 2048 (order: 2, 16384 bytes, linear)
[    0.495762] tcp_listen_portaddr_hash hash table entries: 256 (order: 0, 4096 bytes, linear)
[    0.496094] Table-perturb hash table entries: 65536 (order: 6, 262144 bytes, linear)
[    0.499768] TCP established hash table entries: 1024 (order: 1, 8192 bytes, linear)
[    0.500151] TCP bind hash table entries: 1024 (order: 3, 32768 bytes, linear)
[    0.500538] TCP: Hash tables configured (established 1024 bind 1024)
[    0.502149] MPTCP token hash table entries: 256 (order: 1, 6144 bytes, linear)
[    0.510613] UDP hash table entries: 256 (order: 1, 8192 bytes, linear)
[    0.511131] UDP-Lite hash table entries: 256 (order: 1, 8192 bytes, linear)
[    0.512791] NET: Registered PF_UNIX/PF_LOCAL protocol family
[    0.513491] PCI: CLS 0 bytes, default 64
[    0.546821] kvm [1]: HYP mode not available
[    0.551456] workingset: timestamp_bits=42 max_order=15 bucket_order=0
[    0.553459] squashfs: version 4.0 (2009/01/31) Phillip Lougher
[    0.553709] jffs2: version 2.2 (NAND) (SUMMARY) (LZMA) (RTIME) (CMODE_PRIORITY) (c) 2001-2006 Red Hat, Inc.
[    0.567854] 9p: Installing v9fs 9p2000 file system support
[    0.570529] Block layer SCSI generic (bsg) driver version 0.4 loaded (major 250)
[    0.574820] atomic64_test: passed
[    0.586322] pl061_gpio 9030000.pl061: PL061 GPIO chip registered
[    0.588687] pci-host-generic 4010000000.pcie: host bridge /pcie@10000000 ranges:
[    0.589512] pci-host-generic 4010000000.pcie:       IO 0x003eff0000..0x003effffff -> 0x0000000000
[    0.590325] pci-host-generic 4010000000.pcie:      MEM 0x0010000000..0x003efeffff -> 0x0010000000
[    0.597224] pci-host-generic 4010000000.pcie:      MEM 0x8000000000..0xffffffffff -> 0x8000000000
[    0.598319] pci-host-generic 4010000000.pcie: Memory resource size exceeds max for 32 bits
[    0.599046] pci-host-generic 4010000000.pcie: ECAM at [mem 0x4010000000-0x401fffffff] for [bus 00-ff]
[    0.609308] pci-host-generic 4010000000.pcie: PCI host bridge to bus 0000:00
[    0.609872] pci_bus 0000:00: root bus resource [bus 00-ff]
[    0.610120] pci_bus 0000:00: root bus resource [io  0x0000-0xffff]
[    0.610365] pci_bus 0000:00: root bus resource [mem 0x10000000-0x3efeffff]
[    0.619605] pci_bus 0000:00: root bus resource [mem 0x8000000000-0xffffffffff]
[    0.621488] pci 0000:00:00.0: [1b36:0008] type 00 class 0x060000 conventional PCI endpoint
[    0.625802] pci 0000:00:01.0: [1af4:1000] type 00 class 0x020000 conventional PCI endpoint
[    0.626303] pci 0000:00:01.0: BAR 0 [io  0x0000-0x001f]
[    0.630757] pci 0000:00:01.0: BAR 4 [mem 0x00000000-0x00003fff 64bit pref]
[    0.631200] pci 0000:00:01.0: ROM [mem 0x00000000-0x0007ffff pref]
[    0.631865] pci 0000:00:02.0: [1af4:1005] type 00 class 0x00ff00 conventional PCI endpoint
[    0.632153] pci 0000:00:02.0: BAR 0 [io  0x0000-0x001f]
[    0.641710] pci 0000:00:02.0: BAR 1 [mem 0x00000000-0x00000fff]
[    0.642010] pci 0000:00:02.0: BAR 4 [mem 0x00000000-0x00003fff 64bit pref]
[    0.642725] pci 0000:00:03.0: [1af4:1000] type 00 class 0x020000 conventional PCI endpoint
[    0.643001] pci 0000:00:03.0: BAR 0 [io  0x0000-0x001f]
[    0.652584] pci 0000:00:03.0: BAR 1 [mem 0x00000000-0x00000fff]
[    0.652870] pci 0000:00:03.0: BAR 4 [mem 0x00000000-0x00003fff 64bit pref]
[    0.653181] pci 0000:00:03.0: ROM [mem 0x00000000-0x0007ffff pref]
[    0.655607] pci 0000:00:01.0: ROM [mem 0x10000000-0x1007ffff pref]: assigned
[    0.663711] pci 0000:00:03.0: ROM [mem 0x10080000-0x100fffff pref]: assigned
[    0.664162] pci 0000:00:01.0: BAR 4 [mem 0x8000000000-0x8000003fff 64bit pref]: assigned
[    0.664582] pci 0000:00:02.0: BAR 4 [mem 0x8000004000-0x8000007fff 64bit pref]: assigned
[    0.664884] pci 0000:00:03.0: BAR 4 [mem 0x8000008000-0x800000bfff 64bit pref]: assigned
[    0.674500] pci 0000:00:02.0: BAR 1 [mem 0x10100000-0x10100fff]: assigned
[    0.674850] pci 0000:00:03.0: BAR 1 [mem 0x10101000-0x10101fff]: assigned
[    0.675184] pci 0000:00:01.0: BAR 0 [io  0x1000-0x101f]: assigned
[    0.675479] pci 0000:00:02.0: BAR 0 [io  0x1020-0x103f]: assigned
[    0.685791] pci 0000:00:03.0: BAR 0 [io  0x1040-0x105f]: assigned
[    0.686564] pci_bus 0000:00: resource 4 [io  0x0000-0xffff]
[    0.686766] pci_bus 0000:00: resource 5 [mem 0x10000000-0x3efeffff]
[    0.686960] pci_bus 0000:00: resource 6 [mem 0x8000000000-0xffffffffff]
[    0.698809] hv_vmbus: registering driver hyperv_fb
[    0.801437] virtio-pci 0000:00:01.0: enabling device (0000 -> 0003)
[    0.804484] virtio-pci 0000:00:02.0: enabling device (0000 -> 0003)
[    0.805836] virtio-pci 0000:00:03.0: enabling device (0000 -> 0003)
[    0.808837] Serial: 8250/16550 driver, 16 ports, IRQ sharing enabled
[    0.817535] SuperH (H)SCI(F) driver initialized
[    0.851499] loop: module loaded
[    0.852540] hv_vmbus: registering driver hv_storvsc
[    0.866721] hv_vmbus: registering driver hv_netvsc
[    0.869627] usbcore: registered new interface driver usb-storage
[    0.872420] hv_vmbus: registering driver hyperv_keyboard
[    0.875088] rtc-pl031 9010000.pl031: registered as rtc0
[    0.875877] rtc-pl031 9010000.pl031: setting system clock to 2026-01-21T20:59:07 UTC (1769029147)
[    0.880945] sdhci: Secure Digital Host Controller Interface driver
[    0.881151] sdhci: Copyright(c) Pierre Ossman
[    0.881803] Synopsys Designware Multimedia Card Interface Driver
[    0.882587] sdhci-pltfm: SDHCI platform and OF driver helper
[    0.884494] hid: raw HID events driver (C) Jiri Kosina
[    0.888809] usbcore: registered new interface driver usbhid
[    0.889081] usbhid: USB HID core driver
[    0.891934] NET: Registered PF_INET6 protocol family
[    0.912919] Segment Routing with IPv6
[    0.913254] In-situ OAM (IOAM) with IPv6
[    0.913891] NET: Registered PF_PACKET protocol family
[    0.914539] bridge: filtering via arp/ip/ip6tables is no longer available by default. Update your scripts to load br_netfilter if you need this.
[    0.924092] 8021q: 802.1Q VLAN Support v1.8
[    0.925079] 9pnet: Installing 9P2000 support
[    0.989951] Demotion targets for Node 0: null
[    0.998536] clk: Disabling unused clocks
[    0.998879] PM: genpd: Disabling unused power domains
[    1.043645] Freeing unused kernel memory: 18176K
[    1.045738] Run /init as init process
[    2.602244] init: Console is alive
[    2.698366] kmodloader: loading kernel modules from /etc/modules-boot.d/*
[    2.725193] pps_core: LinuxPPS API ver. 1 registered
[    2.725466] pps_core: Software ver. 5.3.6 - Copyright 2005-2007 Rodolfo Giometti <giometti@linux.it>
[    2.769257] PTP clock support registered
[    2.803084] e1000e: Intel(R) PRO/1000 Network Driver
[    2.803353] e1000e: Copyright(c) 1999 - 2015 Intel Corporation.
[    2.805134] kmodloader: done loading kernel modules from /etc/modules-boot.d/*
[    2.820345] init: - preinit -
[    4.670638] 8021q: adding VLAN 0 to HW filter on device eth0
Press the [f] key and hit [enter] to enter failsafe mode
Press the [1], [2], [3] or [4] key and hit [enter] to select the debug level
[    9.708710] procd: - early -
[   10.837055] procd: - ubus -
[   11.047102] procd: - init -
Please press Enter to activate this console.
root
login[1150]: root login on 'ttyAMA0'


BusyBox v1.37.0 (2026-01-20 14:25:10 UTC) built-in shell (ash)

  _______                     ________        __
 |       |.-----.-----.-----.|  |  |  |.----.|  |_
 |   -   ||  _  |  -__|     ||  |  |  ||   _||   _|
 |_______||   __|_____|__|__||________||__|  |____|
          |__| W I R E L E S S   F R E E D O M
 -----------------------------------------------------
 OpenWrt SNAPSHOT, r32700-30f8ceaa7e
 -----------------------------------------------------

 === WARNING! =====================================
 There is no root password defined on this device!
 Use the "passwd" command to set up a new password
 in order to prevent unauthorized SSH logins.
 --------------------------------------------------


 OpenWrt recently switched to the "apk" package manager!

 OPKG Command           APK Equivalent      Description
 ------------------------------------------------------------------
 opkg install <pkg>     apk add <pkg>       Install a package
 opkg remove <pkg>      apk del <pkg>       Remove a package
 opkg upgrade           apk upgrade         Upgrade all packages
 opkg files <pkg>       apk info -L <pkg>   List package contents
 opkg list-installed    apk info            List installed packages
 opkg update            apk update          Update package lists
 opkg search <pkg>      apk search <pkg>    Search for packages
 ------------------------------------------------------------------

For more information visit:
https://openwrt.org/docs/guide-user/additional-software/opkg-to-apk-cheatsheet

root@(none):~# dmesg -n 1
root@(none):~# echo 'HALQ''JHXOKB'
HALQJHXOKB
root@(none):~# run() { echo -n "$MARKER"; sh -c "$@"; echo "$MARKER $?"; }
root@(none):~# echo 'PLKO''FPBSNG'
PLKOFPBSNG
root@(none):~# MARKER='USFV''YJKFFF' run 'ubus wait_for network.interface.lan'
USFVYJKFFFUSFVYJKFFF 0
root@OpenWrt:~# echo 'BCSO''PKEHYZ'
BCSOPKEHYZ
root@OpenWrt:~# MARKER='WEXX''OHUHFG' run 'ubus call network.interface.lan statu
s '"'"'{}'"'"''
WEXXOHUHFG{
	"up": true,
	"pending": false,
	"available": true,
	"autostart": true,
	"dynamic": false,
	"uptime": 0,
	"l3_device": "br-lan",
	"proto": "static",
	"device": "br-lan",
	"updated": [
		"addresses"
	],
	"metric": 0,
	"dns_metric": 0,
	"delegation": true,
	"ipv4-address": [
		{
			"address": "192.168.1.1",
			"mask": 24
		}
	],
	"ipv6-address": [
		
	],
	"ipv6-prefix": [
		
	],
	"ipv6-prefix-assignment": [
		{
			"address": "fde4:3a1c:21e4::",
			"mask": 60,
			"local-address": {
				"address": "fde4:3a1c:21e4::1",
				"mask": 60
			}
		}
	],
	"route": [
		
	],
	"dns-server": [
		
	],
	"dns-search": [
		
	],
	"neighbors": [
		
	],
	"inactive": {
		"ipv4-address": [
			
		],
		"ipv6-address": [
			
		],
		"route": [
			
		],
		"dns-server": [
			
		],
		"dns-search": [
			
		],
		"neighbors": [
			
		]
	},
	"data": {
		
	}
}
WEXXOHUHFG 0
root@OpenWrt:~# echo 'EZGB''OXOAMS'
EZGBOXOAMS
root@OpenWrt:~# MARKER='WWZT''EUWASW' run true
WWZTEUWASWWWZTEUWASW 0
root@OpenWrt:~# echo 'YKFY''QBSVAX'
YKFYQBSVAX
root@OpenWrt:~# MARKER='GLHB''SZJXBQ' run 'source /etc/os-release; echo $BUILD_I
D'
GLHBSZJXBQr32700-30f8ceaa7e
GLHBSZJXBQ 0
root@OpenWrt:~# echo 'WBPV''PVJXTZ'
WBPVPVJXTZ
root@OpenWrt:~# MARKER='NMGK''WKCGBJ' run 'ls /etc/dropbear/dropbear_rsa_host_ke
y'
NMGKWKCGBJ[0;0m/etc/dropbear/dropbear_rsa_host_key[m
NMGKWKCGBJ 0
root@OpenWrt:~# echo 'BNLG''WUBBUT'
BNLGWUBBUT
root@OpenWrt:~# MARKER='TKFU''PMBLWH' run 'netstat -tlpn | grep 0.0.0.0:22'
TKFUPMBLWHtcp        0      0 0.0.0.0:22              0.0.0.0:*               LISTEN      1901/dropbear
TKFUPMBLWH 0
root@OpenWrt:~# echo 'HFJN''FPFSFN'
HFJNFPFSFN
root@OpenWrt:~# MARKER='HTKN''MQFJLK' run 'dmesg | grep br-lan | grep forwarding
'
HTKNMQFJLK[   41.927097] br-lan: port 1(eth0) entered forwarding state
HTKNMQFJLK 0
root@OpenWrt:~# echo 'OYUW''XMCCBM'
OYUWXMCCBM
root@OpenWrt:~# MARKER='EUSH''ZHPOXZ' run 'ubus call network.interface.lan statu
s '"'"'{}'"'"''
EUSHZHPOXZ{
	"up": true,
	"pending": false,
	"available": true,
	"autostart": true,
	"dynamic": false,
	"uptime": 38,
	"l3_device": "br-lan",
	"proto": "static",
	"device": "br-lan",
	"updated": [
		"addresses"
	],
	"metric": 0,
	"dns_metric": 0,
	"delegation": true,
	"ipv4-address": [
		{
			"address": "192.168.1.1",
			"mask": 24
		}
	],
	"ipv6-address": [
		
	],
	"ipv6-prefix": [
		
	],
	"ipv6-prefix-assignment": [
		{
			"address": "fde4:3a1c:21e4::",
			"mask": 60,
			"local-address": {
				"address": "fde4:3a1c:21e4::1",
				"mask": 60
			}
		}
	],
	"route": [
		
	],
	"dns-server": [
		
	],
	"dns-search": [
		
	],
	"neighbors": [
		
	],
	"inactive": {
		"ipv4-address": [
			
		],
		"ipv6-address": [
			
		],
		"route": [
			
		],
		"dns-server": [
			
		],
		"dns-search": [
			
		],
		"neighbors": [
			
		]
	},
	"data": {
		
	}
}
EUSHZHPOXZ 0
root@OpenWrt:~# echo 'ZKGV''KONTWM'
ZKGVKONTWM
root@OpenWrt:~# MARKER='BKBQ''SZNZZW' run 'ip -o addr show dev br-lan'
BKBQSZNZZW4: br-lan    inet 192.168.1.1/24 brd 192.168.1.255 scope global br-lan\       valid_lft forever preferred_lft forever
4: br-lan    inet6 fde4:3a1c:21e4::1/60 scope global noprefixroute \       valid_lft forever preferred_lft forever
4: br-lan    inet6 fe80::5054:ff:fe12:3456/64 scope link \       valid_lft forever preferred_lft forever
BKBQSZNZZW 0
root@OpenWrt:~# echo 'LBCH''TPGTKS'
LBCHTPGTKS
root@OpenWrt:~# MARKER='LFQU''AEBXOO' run 'ubus call network.interface.wan statu
s '"'"'{}'"'"''
LFQUAEBXOO{
	"up": true,
	"pending": false,
	"available": true,
	"autostart": true,
	"dynamic": false,
	"uptime": 34,
	"l3_device": "eth1",
	"proto": "dhcp",
	"device": "eth1",
	"updated": [
		"addresses",
		"routes",
		"data"
	],
	"metric": 0,
	"dns_metric": 0,
	"delegation": true,
	"ipv4-address": [
		{
			"address": "10.0.2.15",
			"mask": 24
		}
	],
	"ipv6-address": [
		
	],
	"ipv6-prefix": [
		
	],
	"ipv6-prefix-assignment": [
		
	],
	"route": [
		{
			"target": "0.0.0.0",
			"mask": 0,
			"nexthop": "10.0.2.2",
			"source": "10.0.2.15/32"
		}
	],
	"dns-server": [
		"10.0.2.3"
	],
	"dns-search": [
		
	],
	"neighbors": [
		
	],
	"inactive": {
		"ipv4-address": [
			
		],
		"ipv6-address": [
			
		],
		"route": [
			
		],
		"dns-server": [
			
		],
		"dns-search": [
			
		],
		"neighbors": [
			
		]
	},
	"data": {
		"dhcpserver": "10.0.2.2",
		"leasetime": 86400
	}
}
LFQUAEBXOO 0
root@OpenWrt:~# 