Labgrid Console Logfile for main
Logfile started at 2026-02-23 02:04:02.406460
=== Log starts here ===
[    0.000000] Booting Linux on physical CPU 0x0000000000 [0x411fd070]
[    0.000000] Linux version 6.12.71 (builder@buildhost) (aarch64-openwrt-linux-musl-gcc (OpenWrt GCC 14.3.0 r33186-85250b94f6) 14.3.0, GNU ld (GNU Binutils) 2.44) #0 SMP Sun Feb 22 00:31:27 2026
[    0.000000] KASLR enabled
[    0.000000] random: crng init done
[    0.000000] Machine model: linux,dummy-virt
[    0.000000] efi: UEFI not found.
[    0.000000] OF: reserved mem: Reserved memory: No reserved-memory node in the DT
[    0.000000] NUMA: Faking a node at [mem 0x0000000040000000-0x0000000047ffffff]
[    0.000000] NODE_DATA(0) allocated [mem 0x47fb8e80-0x47fbbbff]
[    0.000000] Zone ranges:
[    0.000000]   DMA      [mem 0x0000000040000000-0x0000000047ffffff]
[    0.000000]   DMA32    empty
[    0.000000]   Normal   empty
[    0.000000] Movable zone start for each node
[    0.000000] Early memory node ranges
[    0.000000]   node   0: [mem 0x0000000040000000-0x0000000047ffffff]
[    0.000000] Initmem setup node 0 [mem 0x0000000040000000-0x0000000047ffffff]
[    0.000000] cma: Reserved 32 MiB at 0x0000000045c00000 on node -1
[    0.000000] psci: probing for conduit method from DT.
[    0.000000] psci: PSCIv1.1 detected in firmware.
[    0.000000] psci: Using standard PSCI v0.2 function IDs
[    0.000000] psci: Trusted OS migration not required
[    0.000000] psci: SMC Calling Convention v1.0
[    0.000000] percpu: Embedded 23 pages/cpu s53400 r8192 d32616 u94208
[    0.000000] Detected PIPT I-cache on CPU0
[    0.000000] CPU features: detected: Spectre-v2
[    0.000000] CPU features: detected: Spectre-v3a
[    0.000000] CPU features: detected: Spectre-v4
[    0.000000] CPU features: detected: Spectre-BHB
[    0.000000] CPU features: kernel page table isolation forced ON by KASLR
[    0.000000] CPU features: detected: Kernel page table isolation (KPTI)
[    0.000000] CPU features: detected: ARM erratum 834220
[    0.000000] CPU features: detected: ARM erratum 832075
[    0.000000] CPU features: detected: ARM errata 1165522, 1319367, or 1530923
[    0.000000] alternatives: applying boot alternatives
[    0.000000] Kernel command line: 
[    0.000000] Dentry cache hash table entries: 16384 (order: 5, 131072 bytes, linear)
[    0.000000] Inode-cache hash table entries: 8192 (order: 4, 65536 bytes, linear)
[    0.000000] Fallback order for Node 0: 0 
[    0.000000] Built 1 zonelists, mobility grouping on.  Total pages: 32768
[    0.000000] Policy zone: DMA
[    0.000000] mem auto-init: stack:off, heap alloc:off, heap free:off
[    0.000000] software IO TLB: SWIOTLB bounce buffer size adjusted to 0MB
[    0.000000] software IO TLB: area num 1.
[    0.000000] software IO TLB: mapped [mem 0x0000000047f1b000-0x0000000047f5b000] (0MB)
[    0.000000] SLUB: HWalign=64, Order=0-3, MinObjects=0, CPUs=1, Nodes=1
[    0.000000] rcu: Hierarchical RCU implementation.
[    0.000000] rcu: 	RCU restricting CPUs from NR_CPUS=256 to nr_cpu_ids=1.
[    0.000000] 	Tracing variant of Tasks RCU enabled.
[    0.000000] rcu: RCU calculated value of scheduler-enlistment delay is 10 jiffies.
[    0.000000] rcu: Adjusting geometry for rcu_fanout_leaf=16, nr_cpu_ids=1
[    0.000000] RCU Tasks Trace: Setting shift to 0 and lim to 1 rcu_task_cb_adjust=1 rcu_task_cpu_ids=1.
[    0.000000] NR_IRQS: 64, nr_irqs: 64, preallocated irqs: 0
[    0.000000] Root IRQ handler: gic_handle_irq
[    0.000000] GICv2m: range[mem 0x08020000-0x08020fff], SPI[80:143]
[    0.000000] rcu: srcu_init: Setting srcu_struct sizes based on contention.
[    0.000000] arch_timer: cp15 timer(s) running at 62.50MHz (virt).
[    0.000000] clocksource: arch_sys_counter: mask: 0x1ffffffffffffff max_cycles: 0x1cd42e208c, max_idle_ns: 881590405314 ns
[    0.000065] sched_clock: 57 bits at 63MHz, resolution 16ns, wraps every 4398046511096ns
[    0.003015] Console: colour dummy device 80x25
[    0.003450] printk: legacy console [tty0] enabled
[    0.007217] Calibrating delay loop (skipped), value calculated using timer frequency.. 125.00 BogoMIPS (lpj=625000)
[    0.007378] pid_max: default: 32768 minimum: 301
[    0.012524] Mount-cache hash table entries: 512 (order: 0, 4096 bytes, linear)
[    0.012582] Mountpoint-cache hash table entries: 512 (order: 0, 4096 bytes, linear)
[    0.039175] cacheinfo: Unable to detect cache hierarchy for CPU 0
[    0.049671] rcu: Hierarchical SRCU implementation.
[    0.049753] rcu: 	Max phase no-delay instances is 1000.
[    0.053321] EFI services will not be available.
[    0.054648] smp: Bringing up secondary CPUs ...
[    0.055410] smp: Brought up 1 node, 1 CPU
[    0.055453] SMP: Total of 1 processors activated.
[    0.055503] CPU: All CPU(s) started at EL1
[    0.055720] CPU features: detected: 32-bit EL0 Support
[    0.055751] CPU features: detected: 32-bit EL1 Support
[    0.055830] CPU features: detected: CRC32 instructions
[    0.061359] alternatives: applying system-wide alternatives
[    0.075293] CPU features: emulated: Privileged Access Never (PAN) using TTBR0_EL1 switching
[    0.086519] Memory: 54344K/131072K available (12672K kernel code, 1572K rwdata, 4792K rodata, 18624K init, 763K bss, 42640K reserved, 32768K cma-reserved)
[    0.119407] clocksource: jiffies: mask: 0xffffffff max_cycles: 0xffffffff, max_idle_ns: 19112604462750000 ns
[    0.119989] futex hash table entries: 256 (order: 2, 16384 bytes, linear)
[    0.122041] 2G module region forced by RANDOMIZE_MODULE_REGION_FULL
[    0.122095] 0 pages in range for non-PLT usage
[    0.122142] 514624 pages in range for PLT usage
[    0.123311] pinctrl core: initialized pinctrl subsystem
[    0.135379] DMI not present or invalid.
[    0.148941] NET: Registered PF_NETLINK/PF_ROUTE protocol family
[    0.158608] DMA: preallocated 128 KiB GFP_KERNEL pool for atomic allocations
[    0.159101] DMA: preallocated 128 KiB GFP_KERNEL|GFP_DMA pool for atomic allocations
[    0.159383] DMA: preallocated 128 KiB GFP_KERNEL|GFP_DMA32 pool for atomic allocations
[    0.163350] thermal_sys: Registered thermal governor 'step_wise'
[    0.163657] cpuidle: using governor ladder
[    0.163845] cpuidle: using governor menu
[    0.164588] ASID allocator initialised with 32768 entries
[    0.166594] Serial: AMBA PL011 UART driver
[    0.193920] 9000000.pl011: ttyAMA0 at MMIO 0x9000000 (irq = 13, base_baud = 0) is a PL011 rev1
[    0.195435] printk: legacy console [ttyAMA0] enabled
[    0.412806] HugeTLB: registered 1.00 GiB page size, pre-allocated 0 pages
[    0.416911] HugeTLB: 0 KiB vmemmap can be freed for a 1.00 GiB page
[    0.417276] HugeTLB: registered 32.0 MiB page size, pre-allocated 0 pages
[    0.417539] HugeTLB: 0 KiB vmemmap can be freed for a 32.0 MiB page
[    0.417780] HugeTLB: registered 2.00 MiB page size, pre-allocated 0 pages
[    0.427940] HugeTLB: 0 KiB vmemmap can be freed for a 2.00 MiB page
[    0.428289] HugeTLB: registered 64.0 KiB page size, pre-allocated 0 pages
[    0.428552] HugeTLB: 0 KiB vmemmap can be freed for a 64.0 KiB page
[    0.434987] cryptd: max_cpu_qlen set to 1000
[    0.440835] ACPI: Interpreter disabled.
[    0.443333] iommu: Default domain type: Passthrough
[    0.444622] SCSI subsystem initialized
[    0.446496] usbcore: registered new interface driver usbfs
[    0.446932] usbcore: registered new interface driver hub
[    0.447227] usbcore: registered new device driver usb
[    0.467202] clocksource: Switched to clocksource arch_sys_counter
[    0.469508] netfs: FS-Cache loaded
[    0.470427] pnp: PnP ACPI: disabled
[    0.479861] NET: Registered PF_INET protocol family
[    0.481415] IP idents hash table entries: 2048 (order: 2, 16384 bytes, linear)
[    0.486826] tcp_listen_portaddr_hash hash table entries: 256 (order: 0, 4096 bytes, linear)
[    0.487165] Table-perturb hash table entries: 65536 (order: 6, 262144 bytes, linear)
[    0.490192] TCP established hash table entries: 1024 (order: 1, 8192 bytes, linear)
[    0.490711] TCP bind hash table entries: 1024 (order: 3, 32768 bytes, linear)
[    0.491253] TCP: Hash tables configured (established 1024 bind 1024)
[    0.492923] MPTCP token hash table entries: 256 (order: 1, 6144 bytes, linear)
[    0.501683] UDP hash table entries: 256 (order: 1, 8192 bytes, linear)
[    0.502314] UDP-Lite hash table entries: 256 (order: 1, 8192 bytes, linear)
[    0.503920] NET: Registered PF_UNIX/PF_LOCAL protocol family
[    0.504636] PCI: CLS 0 bytes, default 64
[    0.536898] kvm [1]: HYP mode not available
[    0.541708] workingset: timestamp_bits=42 max_order=15 bucket_order=0
[    0.543694] squashfs: version 4.0 (2009/01/31) Phillip Lougher
[    0.543918] jffs2: version 2.2 (NAND) (SUMMARY) (LZMA) (RTIME) (CMODE_PRIORITY) (c) 2001-2006 Red Hat, Inc.
[    0.557527] 9p: Installing v9fs 9p2000 file system support
[    0.560291] Block layer SCSI generic (bsg) driver version 0.4 loaded (major 250)
[    0.571024] atomic64_test: passed
[    0.582509] pl061_gpio 9030000.pl061: PL061 GPIO chip registered
[    0.584816] pci-host-generic 4010000000.pcie: host bridge /pcie@10000000 ranges:
[    0.585654] pci-host-generic 4010000000.pcie:       IO 0x003eff0000..0x003effffff -> 0x0000000000
[    0.586819] pci-host-generic 4010000000.pcie:      MEM 0x0010000000..0x003efeffff -> 0x0010000000
[    0.593022] pci-host-generic 4010000000.pcie:      MEM 0x8000000000..0xffffffffff -> 0x8000000000
[    0.594092] pci-host-generic 4010000000.pcie: Memory resource size exceeds max for 32 bits
[    0.596148] pci-host-generic 4010000000.pcie: ECAM at [mem 0x4010000000-0x401fffffff] for [bus 00-ff]
[    0.605309] pci-host-generic 4010000000.pcie: PCI host bridge to bus 0000:00
[    0.605856] pci_bus 0000:00: root bus resource [bus 00-ff]
[    0.606318] pci_bus 0000:00: root bus resource [io  0x0000-0xffff]
[    0.606557] pci_bus 0000:00: root bus resource [mem 0x10000000-0x3efeffff]
[    0.615537] pci_bus 0000:00: root bus resource [mem 0x8000000000-0xffffffffff]
[    0.617456] pci 0000:00:00.0: [1b36:0008] type 00 class 0x060000 conventional PCI endpoint
[    0.620712] pci 0000:00:01.0: [1af4:1000] type 00 class 0x020000 conventional PCI endpoint
[    0.621209] pci 0000:00:01.0: BAR 0 [io  0x0000-0x001f]
[    0.626637] pci 0000:00:01.0: BAR 4 [mem 0x00000000-0x00003fff 64bit pref]
[    0.627087] pci 0000:00:01.0: ROM [mem 0x00000000-0x0007ffff pref]
[    0.627760] pci 0000:00:02.0: [1af4:1005] type 00 class 0x00ff00 conventional PCI endpoint
[    0.628043] pci 0000:00:02.0: BAR 0 [io  0x0000-0x001f]
[    0.637518] pci 0000:00:02.0: BAR 1 [mem 0x00000000-0x00000fff]
[    0.637826] pci 0000:00:02.0: BAR 4 [mem 0x00000000-0x00003fff 64bit pref]
[    0.638541] pci 0000:00:03.0: [1af4:1000] type 00 class 0x020000 conventional PCI endpoint
[    0.638826] pci 0000:00:03.0: BAR 0 [io  0x0000-0x001f]
[    0.648778] pci 0000:00:03.0: BAR 1 [mem 0x00000000-0x00000fff]
[    0.649004] pci 0000:00:03.0: BAR 4 [mem 0x00000000-0x00003fff 64bit pref]
[    0.649221] pci 0000:00:03.0: ROM [mem 0x00000000-0x0007ffff pref]
[    0.651582] pci 0000:00:01.0: ROM [mem 0x10000000-0x1007ffff pref]: assigned
[    0.659570] pci 0000:00:03.0: ROM [mem 0x10080000-0x100fffff pref]: assigned
[    0.660030] pci 0000:00:01.0: BAR 4 [mem 0x8000000000-0x8000003fff 64bit pref]: assigned
[    0.660413] pci 0000:00:02.0: BAR 4 [mem 0x8000004000-0x8000007fff 64bit pref]: assigned
[    0.660716] pci 0000:00:03.0: BAR 4 [mem 0x8000008000-0x800000bfff 64bit pref]: assigned
[    0.670821] pci 0000:00:02.0: BAR 1 [mem 0x10100000-0x10100fff]: assigned
[    0.671134] pci 0000:00:03.0: BAR 1 [mem 0x10101000-0x10101fff]: assigned
[    0.671394] pci 0000:00:01.0: BAR 0 [io  0x1000-0x101f]: assigned
[    0.671625] pci 0000:00:02.0: BAR 0 [io  0x1020-0x103f]: assigned
[    0.681637] pci 0000:00:03.0: BAR 0 [io  0x1040-0x105f]: assigned
[    0.682320] pci_bus 0000:00: resource 4 [io  0x0000-0xffff]
[    0.682531] pci_bus 0000:00: resource 5 [mem 0x10000000-0x3efeffff]
[    0.682727] pci_bus 0000:00: resource 6 [mem 0x8000000000-0xffffffffff]
[    0.695585] hv_vmbus: registering driver hyperv_fb
[    0.795257] virtio-pci 0000:00:01.0: enabling device (0000 -> 0003)
[    0.798542] virtio-pci 0000:00:02.0: enabling device (0000 -> 0003)
[    0.799982] virtio-pci 0000:00:03.0: enabling device (0000 -> 0003)
[    0.802801] Serial: 8250/16550 driver, 16 ports, IRQ sharing enabled
[    0.811815] SuperH (H)SCI(F) driver initialized
[    0.847474] loop: module loaded
[    0.848638] hv_vmbus: registering driver hv_storvsc
[    0.863031] hv_vmbus: registering driver hv_netvsc
[    0.866131] usbcore: registered new interface driver usb-storage
[    0.869156] hv_vmbus: registering driver hyperv_keyboard
[    0.871950] rtc-pl031 9010000.pl031: registered as rtc0
[    0.872732] rtc-pl031 9010000.pl031: setting system clock to 2026-02-23T02:04:03 UTC (1771812243)
[    0.877679] sdhci: Secure Digital Host Controller Interface driver
[    0.877920] sdhci: Copyright(c) Pierre Ossman
[    0.878594] Synopsys Designware Multimedia Card Interface Driver
[    0.879402] sdhci-pltfm: SDHCI platform and OF driver helper
[    0.881363] hid: raw HID events driver (C) Jiri Kosina
[    0.888768] usbcore: registered new interface driver usbhid
[    0.889028] usbhid: USB HID core driver
[    0.891780] NET: Registered PF_INET6 protocol family
[    0.912119] Segment Routing with IPv6
[    0.912467] In-situ OAM (IOAM) with IPv6
[    0.913066] NET: Registered PF_PACKET protocol family
[    0.913703] bridge: filtering via arp/ip/ip6tables is no longer available by default. Update your scripts to load br_netfilter if you need this.
[    0.923273] 8021q: 802.1Q VLAN Support v1.8
[    0.924141] 9pnet: Installing 9P2000 support
[    0.982218] Demotion targets for Node 0: null
[    0.990710] clk: Disabling unused clocks
[    0.991077] PM: genpd: Disabling unused power domains
[    1.034554] Freeing unused kernel memory: 18624K
[    1.037662] Run /init as init process
[    2.639473] init: Console is alive
[    2.736696] kmodloader: loading kernel modules from /etc/modules-boot.d/*
[    2.763422] pps_core: LinuxPPS API ver. 1 registered
[    2.763684] pps_core: Software ver. 5.3.6 - Copyright 2005-2007 Rodolfo Giometti <giometti@linux.it>
[    2.805413] PTP clock support registered
[    2.846717] e1000e: Intel(R) PRO/1000 Network Driver
[    2.846998] e1000e: Copyright(c) 1999 - 2015 Intel Corporation.
[    2.848853] kmodloader: done loading kernel modules from /etc/modules-boot.d/*
[    2.863686] init: - preinit -
[    4.705816] 8021q: adding VLAN 0 to HW filter on device eth0
Press the [f] key and hit [enter] to enter failsafe mode
Press the [1], [2], [3] or [4] key and hit [enter] to select the debug level
[    9.717507] procd: - early -
[   10.835628] procd: - ubus -
[   11.045693] procd: - init -
Please press Enter to activate this console.
root
login[1148]: root login on 'ttyAMA0'


BusyBox v1.37.0 (2026-01-02 17:07:02 UTC) built-in shell (ash)

  _______                     ________        __
 |       |.-----.-----.-----.|  |  |  |.----.|  |_
 |   -   ||  _  |  -__|     ||  |  |  ||   _||   _|
 |_______||   __|_____|__|__||________||__|  |____|
          |__| W I R E L E S S   F R E E D O M
 -----------------------------------------------------
 OpenWrt SNAPSHOT, r33186-85250b94f6
 -----------------------------------------------------

 === WARNING! =====================================
 There is no root password defined on this device!
 Use the "passwd" command to set up a new password
 in order to prevent unauthorized SSH logins.
 --------------------------------------------------


 OpenWrt recently switched to the "apk" package manager!

 OPKG Command           APK Equivalent      Description
 ------------------------------------------------------------------
 opkg install <pkg>     apk add <pkg>       Install a package
 opkg remove <pkg>      apk del <pkg>       Remove a package
 opkg upgrade           apk upgrade         Upgrade all packages
 opkg files <pkg>       apk info -L <pkg>   List package contents
 opkg list-installed    apk info            List installed packages
 opkg update            apk update          Update package lists
 opkg search <pkg>      apk search <pkg>    Search for packages
 ------------------------------------------------------------------

For more information visit:
https://openwrt.org/docs/guide-user/additional-software/opkg-to-apk-cheatsheet

root@(none):~# dmesg -n 1
root@(none):~# echo 'TFXX''PVPEZB'
TFXXPVPEZB
root@(none):~# run() { echo -n "$MARKER"; sh -c "$@"; echo "$MARKER $?"; }
root@(none):~# echo 'MHFE''ZQSMQF'
MHFEZQSMQF
root@(none):~# MARKER='CCYF''ZXLJEL' run 'ubus wait_for network.interface.lan'
CCYFZXLJEL