Labgrid Console Logfile for main
Logfile started at 2026-02-18 02:02:10.423569
=== Log starts here ===
[    0.000000] Booting Linux on physical CPU 0x0000000000 [0x411fd070]
[    0.000000] Linux version 6.12.71 (builder@buildhost) (aarch64-openwrt-linux-musl-gcc (OpenWrt GCC 14.3.0 r33112-bc3b41767d) 14.3.0, GNU ld (GNU Binutils) 2.44) #0 SMP Mon Feb 16 14:48:22 2026
[    0.000000] KASLR enabled
[    0.000000] random: crng init done
[    0.000000] Machine model: linux,dummy-virt
[    0.000000] efi: UEFI not found.
[    0.000000] OF: reserved mem: Reserved memory: No reserved-memory node in the DT
[    0.000000] NUMA: Faking a node at [mem 0x0000000040000000-0x0000000047ffffff]
[    0.000000] NODE_DATA(0) allocated [mem 0x47fb8e80-0x47fbbbff]
[    0.000000] Zone ranges:
[    0.000000]   DMA      [mem 0x0000000040000000-0x0000000047ffffff]
[    0.000000]   DMA32    empty
[    0.000000]   Normal   empty
[    0.000000] Movable zone start for each node
[    0.000000] Early memory node ranges
[    0.000000]   node   0: [mem 0x0000000040000000-0x0000000047ffffff]
[    0.000000] Initmem setup node 0 [mem 0x0000000040000000-0x0000000047ffffff]
[    0.000000] cma: Reserved 32 MiB at 0x0000000045c00000 on node -1
[    0.000000] psci: probing for conduit method from DT.
[    0.000000] psci: PSCIv1.1 detected in firmware.
[    0.000000] psci: Using standard PSCI v0.2 function IDs
[    0.000000] psci: Trusted OS migration not required
[    0.000000] psci: SMC Calling Convention v1.0
[    0.000000] percpu: Embedded 23 pages/cpu s53400 r8192 d32616 u94208
[    0.000000] Detected PIPT I-cache on CPU0
[    0.000000] CPU features: detected: Spectre-v2
[    0.000000] CPU features: detected: Spectre-v3a
[    0.000000] CPU features: detected: Spectre-v4
[    0.000000] CPU features: detected: Spectre-BHB
[    0.000000] CPU features: kernel page table isolation forced ON by KASLR
[    0.000000] CPU features: detected: Kernel page table isolation (KPTI)
[    0.000000] CPU features: detected: ARM erratum 834220
[    0.000000] CPU features: detected: ARM erratum 832075
[    0.000000] CPU features: detected: ARM errata 1165522, 1319367, or 1530923
[    0.000000] alternatives: applying boot alternatives
[    0.000000] Kernel command line: 
[    0.000000] Dentry cache hash table entries: 16384 (order: 5, 131072 bytes, linear)
[    0.000000] Inode-cache hash table entries: 8192 (order: 4, 65536 bytes, linear)
[    0.000000] Fallback order for Node 0: 0 
[    0.000000] Built 1 zonelists, mobility grouping on.  Total pages: 32768
[    0.000000] Policy zone: DMA
[    0.000000] mem auto-init: stack:off, heap alloc:off, heap free:off
[    0.000000] software IO TLB: SWIOTLB bounce buffer size adjusted to 0MB
[    0.000000] software IO TLB: area num 1.
[    0.000000] software IO TLB: mapped [mem 0x0000000047f1b000-0x0000000047f5b000] (0MB)
[    0.000000] SLUB: HWalign=64, Order=0-3, MinObjects=0, CPUs=1, Nodes=1
[    0.000000] rcu: Hierarchical RCU implementation.
[    0.000000] rcu: 	RCU restricting CPUs from NR_CPUS=256 to nr_cpu_ids=1.
[    0.000000] 	Tracing variant of Tasks RCU enabled.
[    0.000000] rcu: RCU calculated value of scheduler-enlistment delay is 10 jiffies.
[    0.000000] rcu: Adjusting geometry for rcu_fanout_leaf=16, nr_cpu_ids=1
[    0.000000] RCU Tasks Trace: Setting shift to 0 and lim to 1 rcu_task_cb_adjust=1 rcu_task_cpu_ids=1.
[    0.000000] NR_IRQS: 64, nr_irqs: 64, preallocated irqs: 0
[    0.000000] Root IRQ handler: gic_handle_irq
[    0.000000] GICv2m: range[mem 0x08020000-0x08020fff], SPI[80:143]
[    0.000000] rcu: srcu_init: Setting srcu_struct sizes based on contention.
[    0.000000] arch_timer: cp15 timer(s) running at 62.50MHz (virt).
[    0.000000] clocksource: arch_sys_counter: mask: 0x1ffffffffffffff max_cycles: 0x1cd42e208c, max_idle_ns: 881590405314 ns
[    0.000066] sched_clock: 57 bits at 63MHz, resolution 16ns, wraps every 4398046511096ns
[    0.002974] Console: colour dummy device 80x25
[    0.003394] printk: legacy console [tty0] enabled
[    0.007203] Calibrating delay loop (skipped), value calculated using timer frequency.. 125.00 BogoMIPS (lpj=625000)
[    0.007340] pid_max: default: 32768 minimum: 301
[    0.012544] Mount-cache hash table entries: 512 (order: 0, 4096 bytes, linear)
[    0.012598] Mountpoint-cache hash table entries: 512 (order: 0, 4096 bytes, linear)
[    0.038971] cacheinfo: Unable to detect cache hierarchy for CPU 0
[    0.049640] rcu: Hierarchical SRCU implementation.
[    0.049708] rcu: 	Max phase no-delay instances is 1000.
[    0.053283] EFI services will not be available.
[    0.054591] smp: Bringing up secondary CPUs ...
[    0.055268] smp: Brought up 1 node, 1 CPU
[    0.055309] SMP: Total of 1 processors activated.
[    0.055360] CPU: All CPU(s) started at EL1
[    0.055583] CPU features: detected: 32-bit EL0 Support
[    0.055616] CPU features: detected: 32-bit EL1 Support
[    0.055695] CPU features: detected: CRC32 instructions
[    0.061322] alternatives: applying system-wide alternatives
[    0.075442] CPU features: emulated: Privileged Access Never (PAN) using TTBR0_EL1 switching
[    0.086585] Memory: 54408K/131072K available (12672K kernel code, 1572K rwdata, 4792K rodata, 18560K init, 763K bss, 42576K reserved, 32768K cma-reserved)
[    0.119883] clocksource: jiffies: mask: 0xffffffff max_cycles: 0xffffffff, max_idle_ns: 19112604462750000 ns
[    0.120466] futex hash table entries: 256 (order: 2, 16384 bytes, linear)
[    0.122560] 2G module region forced by RANDOMIZE_MODULE_REGION_FULL
[    0.122615] 0 pages in range for non-PLT usage
[    0.122663] 514640 pages in range for PLT usage
[    0.123855] pinctrl core: initialized pinctrl subsystem
[    0.136166] DMI not present or invalid.
[    0.149631] NET: Registered PF_NETLINK/PF_ROUTE protocol family
[    0.159510] DMA: preallocated 128 KiB GFP_KERNEL pool for atomic allocations
[    0.160225] DMA: preallocated 128 KiB GFP_KERNEL|GFP_DMA pool for atomic allocations
[    0.160480] DMA: preallocated 128 KiB GFP_KERNEL|GFP_DMA32 pool for atomic allocations
[    0.164585] thermal_sys: Registered thermal governor 'step_wise'
[    0.164891] cpuidle: using governor ladder
[    0.165150] cpuidle: using governor menu
[    0.165878] ASID allocator initialised with 32768 entries
[    0.167969] Serial: AMBA PL011 UART driver
[    0.195220] 9000000.pl011: ttyAMA0 at MMIO 0x9000000 (irq = 13, base_baud = 0) is a PL011 rev1
[    0.196775] printk: legacy console [ttyAMA0] enabled
[    0.426181] HugeTLB: registered 1.00 GiB page size, pre-allocated 0 pages
[    0.426464] HugeTLB: 0 KiB vmemmap can be freed for a 1.00 GiB page
[    0.426689] HugeTLB: registered 32.0 MiB page size, pre-allocated 0 pages
[    0.430997] HugeTLB: 0 KiB vmemmap can be freed for a 32.0 MiB page
[    0.431282] HugeTLB: registered 2.00 MiB page size, pre-allocated 0 pages
[    0.431535] HugeTLB: 0 KiB vmemmap can be freed for a 2.00 MiB page
[    0.431750] HugeTLB: registered 64.0 KiB page size, pre-allocated 0 pages
[    0.441789] HugeTLB: 0 KiB vmemmap can be freed for a 64.0 KiB page
[    0.448342] cryptd: max_cpu_qlen set to 1000
[    0.452898] ACPI: Interpreter disabled.
[    0.455459] iommu: Default domain type: Passthrough
[    0.457679] SCSI subsystem initialized
[    0.459553] usbcore: registered new interface driver usbfs
[    0.460027] usbcore: registered new interface driver hub
[    0.460341] usbcore: registered new device driver usb
[    0.479031] clocksource: Switched to clocksource arch_sys_counter
[    0.481278] netfs: FS-Cache loaded
[    0.482187] pnp: PnP ACPI: disabled
[    0.491240] NET: Registered PF_INET protocol family
[    0.492801] IP idents hash table entries: 2048 (order: 2, 16384 bytes, linear)
[    0.498204] tcp_listen_portaddr_hash hash table entries: 256 (order: 0, 4096 bytes, linear)
[    0.498567] Table-perturb hash table entries: 65536 (order: 6, 262144 bytes, linear)
[    0.501735] TCP established hash table entries: 1024 (order: 1, 8192 bytes, linear)
[    0.502360] TCP bind hash table entries: 1024 (order: 3, 32768 bytes, linear)
[    0.502754] TCP: Hash tables configured (established 1024 bind 1024)
[    0.504413] MPTCP token hash table entries: 256 (order: 1, 6144 bytes, linear)
[    0.513173] UDP hash table entries: 256 (order: 1, 8192 bytes, linear)
[    0.513677] UDP-Lite hash table entries: 256 (order: 1, 8192 bytes, linear)
[    0.515236] NET: Registered PF_UNIX/PF_LOCAL protocol family
[    0.515945] PCI: CLS 0 bytes, default 64
[    0.548562] kvm [1]: HYP mode not available
[    0.552899] workingset: timestamp_bits=42 max_order=15 bucket_order=0
[    0.554809] squashfs: version 4.0 (2009/01/31) Phillip Lougher
[    0.555061] jffs2: version 2.2 (NAND) (SUMMARY) (LZMA) (RTIME) (CMODE_PRIORITY) (c) 2001-2006 Red Hat, Inc.
[    0.569105] 9p: Installing v9fs 9p2000 file system support
[    0.571712] Block layer SCSI generic (bsg) driver version 0.4 loaded (major 250)
[    0.575867] atomic64_test: passed
[    0.587886] pl061_gpio 9030000.pl061: PL061 GPIO chip registered
[    0.590253] pci-host-generic 4010000000.pcie: host bridge /pcie@10000000 ranges:
[    0.591106] pci-host-generic 4010000000.pcie:       IO 0x003eff0000..0x003effffff -> 0x0000000000
[    0.591941] pci-host-generic 4010000000.pcie:      MEM 0x0010000000..0x003efeffff -> 0x0010000000
[    0.598669] pci-host-generic 4010000000.pcie:      MEM 0x8000000000..0xffffffffff -> 0x8000000000
[    0.599710] pci-host-generic 4010000000.pcie: Memory resource size exceeds max for 32 bits
[    0.600489] pci-host-generic 4010000000.pcie: ECAM at [mem 0x4010000000-0x401fffffff] for [bus 00-ff]
[    0.611642] pci-host-generic 4010000000.pcie: PCI host bridge to bus 0000:00
[    0.612222] pci_bus 0000:00: root bus resource [bus 00-ff]
[    0.612507] pci_bus 0000:00: root bus resource [io  0x0000-0xffff]
[    0.612773] pci_bus 0000:00: root bus resource [mem 0x10000000-0x3efeffff]
[    0.620277] pci_bus 0000:00: root bus resource [mem 0x8000000000-0xffffffffff]
[    0.622130] pci 0000:00:00.0: [1b36:0008] type 00 class 0x060000 conventional PCI endpoint
[    0.625359] pci 0000:00:01.0: [1af4:1000] type 00 class 0x020000 conventional PCI endpoint
[    0.625891] pci 0000:00:01.0: BAR 0 [io  0x0000-0x001f]
[    0.631761] pci 0000:00:01.0: BAR 4 [mem 0x00000000-0x00003fff 64bit pref]
[    0.632205] pci 0000:00:01.0: ROM [mem 0x00000000-0x0007ffff pref]
[    0.632729] pci 0000:00:02.0: [1af4:1005] type 00 class 0x00ff00 conventional PCI endpoint
[    0.633083] pci 0000:00:02.0: BAR 0 [io  0x0000-0x001f]
[    0.642355] pci 0000:00:02.0: BAR 1 [mem 0x00000000-0x00000fff]
[    0.642705] pci 0000:00:02.0: BAR 4 [mem 0x00000000-0x00003fff 64bit pref]
[    0.643301] pci 0000:00:03.0: [1af4:1000] type 00 class 0x020000 conventional PCI endpoint
[    0.643617] pci 0000:00:03.0: BAR 0 [io  0x0000-0x001f]
[    0.653319] pci 0000:00:03.0: BAR 1 [mem 0x00000000-0x00000fff]
[    0.653656] pci 0000:00:03.0: BAR 4 [mem 0x00000000-0x00003fff 64bit pref]
[    0.654009] pci 0000:00:03.0: ROM [mem 0x00000000-0x0007ffff pref]
[    0.656281] pci 0000:00:01.0: ROM [mem 0x10000000-0x1007ffff pref]: assigned
[    0.665206] pci 0000:00:03.0: ROM [mem 0x10080000-0x100fffff pref]: assigned
[    0.665542] pci 0000:00:01.0: BAR 4 [mem 0x8000000000-0x8000003fff 64bit pref]: assigned
[    0.665952] pci 0000:00:02.0: BAR 4 [mem 0x8000004000-0x8000007fff 64bit pref]: assigned
[    0.675394] pci 0000:00:03.0: BAR 4 [mem 0x8000008000-0x800000bfff 64bit pref]: assigned
[    0.675852] pci 0000:00:02.0: BAR 1 [mem 0x10100000-0x10100fff]: assigned
[    0.676153] pci 0000:00:03.0: BAR 1 [mem 0x10101000-0x10101fff]: assigned
[    0.676410] pci 0000:00:01.0: BAR 0 [io  0x1000-0x101f]: assigned
[    0.686372] pci 0000:00:02.0: BAR 0 [io  0x1020-0x103f]: assigned
[    0.686701] pci 0000:00:03.0: BAR 0 [io  0x1040-0x105f]: assigned
[    0.687258] pci_bus 0000:00: resource 4 [io  0x0000-0xffff]
[    0.687480] pci_bus 0000:00: resource 5 [mem 0x10000000-0x3efeffff]
[    0.687711] pci_bus 0000:00: resource 6 [mem 0x8000000000-0xffffffffff]
[    0.700412] hv_vmbus: registering driver hyperv_fb
[    0.803537] virtio-pci 0000:00:01.0: enabling device (0000 -> 0003)
[    0.806644] virtio-pci 0000:00:02.0: enabling device (0000 -> 0003)
[    0.808302] virtio-pci 0000:00:03.0: enabling device (0000 -> 0003)
[    0.811151] Serial: 8250/16550 driver, 16 ports, IRQ sharing enabled
[    0.819752] SuperH (H)SCI(F) driver initialized
[    0.853406] loop: module loaded
[    0.854456] hv_vmbus: registering driver hv_storvsc
[    0.868637] hv_vmbus: registering driver hv_netvsc
[    0.871379] usbcore: registered new interface driver usb-storage
[    0.874192] hv_vmbus: registering driver hyperv_keyboard
[    0.876831] rtc-pl031 9010000.pl031: registered as rtc0
[    0.877624] rtc-pl031 9010000.pl031: setting system clock to 2026-02-18T02:02:11 UTC (1771380131)
[    0.882763] sdhci: Secure Digital Host Controller Interface driver
[    0.883004] sdhci: Copyright(c) Pierre Ossman
[    0.883660] Synopsys Designware Multimedia Card Interface Driver
[    0.884493] sdhci-pltfm: SDHCI platform and OF driver helper
[    0.886455] hid: raw HID events driver (C) Jiri Kosina
[    0.890751] usbcore: registered new interface driver usbhid
[    0.891023] usbhid: USB HID core driver
[    0.893669] NET: Registered PF_INET6 protocol family
[    0.913395] Segment Routing with IPv6
[    0.913730] In-situ OAM (IOAM) with IPv6
[    0.914368] NET: Registered PF_PACKET protocol family
[    0.915022] bridge: filtering via arp/ip/ip6tables is no longer available by default. Update your scripts to load br_netfilter if you need this.
[    0.924479] 8021q: 802.1Q VLAN Support v1.8
[    0.925391] 9pnet: Installing 9P2000 support
[    0.979876] Demotion targets for Node 0: null
[    0.988179] clk: Disabling unused clocks
[    0.988530] PM: genpd: Disabling unused power domains
[    1.033313] Freeing unused kernel memory: 18560K
[    1.036500] Run /init as init process
[    2.624572] init: Console is alive
[    2.719647] kmodloader: loading kernel modules from /etc/modules-boot.d/*
[    2.745633] pps_core: LinuxPPS API ver. 1 registered
[    2.745882] pps_core: Software ver. 5.3.6 - Copyright 2005-2007 Rodolfo Giometti <giometti@linux.it>
[    2.788637] PTP clock support registered
[    2.827505] e1000e: Intel(R) PRO/1000 Network Driver
[    2.827901] e1000e: Copyright(c) 1999 - 2015 Intel Corporation.
[    2.829919] kmodloader: done loading kernel modules from /etc/modules-boot.d/*
[    2.845059] init: - preinit -
[    4.677664] 8021q: adding VLAN 0 to HW filter on device eth0
Press the [f] key and hit [enter] to enter failsafe mode
Press the [1], [2], [3] or [4] key and hit [enter] to select the debug level
[    9.700080] procd: - early -
[   10.802843] procd: - ubus -
[   11.035292] procd: - init -
Please press Enter to activate this console.
root
login[1148]: root login on 'ttyAMA0'


BusyBox v1.37.0 (2026-01-02 17:07:02 UTC) built-in shell (ash)

  _______                     ________        __
 |       |.-----.-----.-----.|  |  |  |.----.|  |_
 |   -   ||  _  |  -__|     ||  |  |  ||   _||   _|
 |_______||   __|_____|__|__||________||__|  |____|
          |__| W I R E L E S S   F R E E D O M
 -----------------------------------------------------
 OpenWrt SNAPSHOT, r33112-bc3b41767d
 -----------------------------------------------------

 === WARNING! =====================================
 There is no root password defined on this device!
 Use the "passwd" command to set up a new password
 in order to prevent unauthorized SSH logins.
 --------------------------------------------------


 OpenWrt recently switched to the "apk" package manager!

 OPKG Command           APK Equivalent      Description
 ------------------------------------------------------------------
 opkg install <pkg>     apk add <pkg>       Install a package
 opkg remove <pkg>      apk del <pkg>       Remove a package
 opkg upgrade           apk upgrade         Upgrade all packages
 opkg files <pkg>       apk info -L <pkg>   List package contents
 opkg list-installed    apk info            List installed packages
 opkg update            apk update          Update package lists
 opkg search <pkg>      apk search <pkg>    Search for packages
 ------------------------------------------------------------------

For more information visit:
https://openwrt.org/docs/guide-user/additional-software/opkg-to-apk-cheatsheet

root@(none):~# dmesg -n 1
root@(none):~# echo 'COGK''KBVPSX'
COGKKBVPSX
root@(none):~# run() { echo -n "$MARKER"; sh -c "$@"; echo "$MARKER $?"; }
root@(none):~# echo 'WZOQ''UVAFFC'
WZOQUVAFFC
root@(none):~# MARKER='KLTL''NBTXOL' run 'ubus wait_for network.interface.lan'
KLTLNBTXOL