Labgrid Console Logfile for main
Logfile started at 2026-01-17 20:57:37.258739
=== Log starts here ===
[    0.000000] Booting Linux on physical CPU 0x0000000000 [0x411fd070]
[    0.000000] Linux version 6.12.65 (builder@buildhost) (aarch64-openwrt-linux-musl-gcc (OpenWrt GCC 14.3.0 r32674-16422510b5) 14.3.0, GNU ld (GNU Binutils) 2.44) #0 SMP Sat Jan 17 15:18:13 2026
[    0.000000] KASLR enabled
[    0.000000] random: crng init done
[    0.000000] Machine model: linux,dummy-virt
[    0.000000] efi: UEFI not found.
[    0.000000] OF: reserved mem: Reserved memory: No reserved-memory node in the DT
[    0.000000] NUMA: Faking a node at [mem 0x0000000040000000-0x0000000047ffffff]
[    0.000000] NODE_DATA(0) allocated [mem 0x47fb8e80-0x47fbbbff]
[    0.000000] Zone ranges:
[    0.000000]   DMA      [mem 0x0000000040000000-0x0000000047ffffff]
[    0.000000]   DMA32    empty
[    0.000000]   Normal   empty
[    0.000000] Movable zone start for each node
[    0.000000] Early memory node ranges
[    0.000000]   node   0: [mem 0x0000000040000000-0x0000000047ffffff]
[    0.000000] Initmem setup node 0 [mem 0x0000000040000000-0x0000000047ffffff]
[    0.000000] cma: Reserved 32 MiB at 0x0000000045c00000 on node -1
[    0.000000] psci: probing for conduit method from DT.
[    0.000000] psci: PSCIv1.1 detected in firmware.
[    0.000000] psci: Using standard PSCI v0.2 function IDs
[    0.000000] psci: Trusted OS migration not required
[    0.000000] psci: SMC Calling Convention v1.0
[    0.000000] percpu: Embedded 23 pages/cpu s53400 r8192 d32616 u94208
[    0.000000] Detected PIPT I-cache on CPU0
[    0.000000] CPU features: detected: Spectre-v2
[    0.000000] CPU features: detected: Spectre-v3a
[    0.000000] CPU features: detected: Spectre-v4
[    0.000000] CPU features: detected: Spectre-BHB
[    0.000000] CPU features: kernel page table isolation forced ON by KASLR
[    0.000000] CPU features: detected: Kernel page table isolation (KPTI)
[    0.000000] CPU features: detected: ARM erratum 834220
[    0.000000] CPU features: detected: ARM erratum 832075
[    0.000000] CPU features: detected: ARM errata 1165522, 1319367, or 1530923
[    0.000000] alternatives: applying boot alternatives
[    0.000000] Kernel command line: 
[    0.000000] Dentry cache hash table entries: 16384 (order: 5, 131072 bytes, linear)
[    0.000000] Inode-cache hash table entries: 8192 (order: 4, 65536 bytes, linear)
[    0.000000] Fallback order for Node 0: 0 
[    0.000000] Built 1 zonelists, mobility grouping on.  Total pages: 32768
[    0.000000] Policy zone: DMA
[    0.000000] mem auto-init: stack:off, heap alloc:off, heap free:off
[    0.000000] software IO TLB: SWIOTLB bounce buffer size adjusted to 0MB
[    0.000000] software IO TLB: area num 1.
[    0.000000] software IO TLB: mapped [mem 0x0000000047f1c000-0x0000000047f5c000] (0MB)
[    0.000000] SLUB: HWalign=64, Order=0-3, MinObjects=0, CPUs=1, Nodes=1
[    0.000000] rcu: Hierarchical RCU implementation.
[    0.000000] rcu: 	RCU restricting CPUs from NR_CPUS=256 to nr_cpu_ids=1.
[    0.000000] 	Tracing variant of Tasks RCU enabled.
[    0.000000] rcu: RCU calculated value of scheduler-enlistment delay is 10 jiffies.
[    0.000000] rcu: Adjusting geometry for rcu_fanout_leaf=16, nr_cpu_ids=1
[    0.000000] RCU Tasks Trace: Setting shift to 0 and lim to 1 rcu_task_cb_adjust=1 rcu_task_cpu_ids=1.
[    0.000000] NR_IRQS: 64, nr_irqs: 64, preallocated irqs: 0
[    0.000000] Root IRQ handler: gic_handle_irq
[    0.000000] GICv2m: range[mem 0x08020000-0x08020fff], SPI[80:143]
[    0.000000] rcu: srcu_init: Setting srcu_struct sizes based on contention.
[    0.000000] arch_timer: cp15 timer(s) running at 62.50MHz (virt).
[    0.000000] clocksource: arch_sys_counter: mask: 0x1ffffffffffffff max_cycles: 0x1cd42e208c, max_idle_ns: 881590405314 ns
[    0.000060] sched_clock: 57 bits at 63MHz, resolution 16ns, wraps every 4398046511096ns
[    0.002987] Console: colour dummy device 80x25
[    0.003429] printk: legacy console [tty0] enabled
[    0.007277] Calibrating delay loop (skipped), value calculated using timer frequency.. 125.00 BogoMIPS (lpj=625000)
[    0.007415] pid_max: default: 32768 minimum: 301
[    0.012602] Mount-cache hash table entries: 512 (order: 0, 4096 bytes, linear)
[    0.012674] Mountpoint-cache hash table entries: 512 (order: 0, 4096 bytes, linear)
[    0.039443] cacheinfo: Unable to detect cache hierarchy for CPU 0
[    0.049924] rcu: Hierarchical SRCU implementation.
[    0.049987] rcu: 	Max phase no-delay instances is 1000.
[    0.053229] EFI services will not be available.
[    0.054091] smp: Bringing up secondary CPUs ...
[    0.054633] smp: Brought up 1 node, 1 CPU
[    0.054693] SMP: Total of 1 processors activated.
[    0.054746] CPU: All CPU(s) started at EL1
[    0.054962] CPU features: detected: 32-bit EL0 Support
[    0.054994] CPU features: detected: 32-bit EL1 Support
[    0.055074] CPU features: detected: CRC32 instructions
[    0.060957] alternatives: applying system-wide alternatives
[    0.075748] CPU features: emulated: Privileged Access Never (PAN) using TTBR0_EL1 switching
[    0.087108] Memory: 54860K/131072K available (12608K kernel code, 1572K rwdata, 4788K rodata, 18176K init, 763K bss, 42124K reserved, 32768K cma-reserved)
[    0.120774] clocksource: jiffies: mask: 0xffffffff max_cycles: 0xffffffff, max_idle_ns: 19112604462750000 ns
[    0.121366] futex hash table entries: 256 (order: 2, 16384 bytes, linear)
[    0.123451] 2G module region forced by RANDOMIZE_MODULE_REGION_FULL
[    0.123506] 0 pages in range for non-PLT usage
[    0.123554] 514752 pages in range for PLT usage
[    0.125280] pinctrl core: initialized pinctrl subsystem
[    0.136869] DMI not present or invalid.
[    0.150303] NET: Registered PF_NETLINK/PF_ROUTE protocol family
[    0.160061] DMA: preallocated 128 KiB GFP_KERNEL pool for atomic allocations
[    0.160558] DMA: preallocated 128 KiB GFP_KERNEL|GFP_DMA pool for atomic allocations
[    0.160833] DMA: preallocated 128 KiB GFP_KERNEL|GFP_DMA32 pool for atomic allocations
[    0.164734] thermal_sys: Registered thermal governor 'step_wise'
[    0.165031] cpuidle: using governor ladder
[    0.165224] cpuidle: using governor menu
[    0.166105] ASID allocator initialised with 32768 entries
[    0.168007] Serial: AMBA PL011 UART driver
[    0.195129] 9000000.pl011: ttyAMA0 at MMIO 0x9000000 (irq = 13, base_baud = 0) is a PL011 rev1
[    0.196750] printk: legacy console [ttyAMA0] enabled
[    0.413470] HugeTLB: registered 1.00 GiB page size, pre-allocated 0 pages
[    0.417463] HugeTLB: 0 KiB vmemmap can be freed for a 1.00 GiB page
[    0.417794] HugeTLB: registered 32.0 MiB page size, pre-allocated 0 pages
[    0.418094] HugeTLB: 0 KiB vmemmap can be freed for a 32.0 MiB page
[    0.418366] HugeTLB: registered 2.00 MiB page size, pre-allocated 0 pages
[    0.428118] HugeTLB: 0 KiB vmemmap can be freed for a 2.00 MiB page
[    0.428379] HugeTLB: registered 64.0 KiB page size, pre-allocated 0 pages
[    0.428693] HugeTLB: 0 KiB vmemmap can be freed for a 64.0 KiB page
[    0.435358] cryptd: max_cpu_qlen set to 1000
[    0.441141] ACPI: Interpreter disabled.
[    0.444052] iommu: Default domain type: Passthrough
[    0.445368] SCSI subsystem initialized
[    0.447259] usbcore: registered new interface driver usbfs
[    0.447700] usbcore: registered new interface driver hub
[    0.447995] usbcore: registered new device driver usb
[    0.467677] clocksource: Switched to clocksource arch_sys_counter
[    0.469940] netfs: FS-Cache loaded
[    0.470855] pnp: PnP ACPI: disabled
[    0.480157] NET: Registered PF_INET protocol family
[    0.481696] IP idents hash table entries: 2048 (order: 2, 16384 bytes, linear)
[    0.487159] tcp_listen_portaddr_hash hash table entries: 256 (order: 0, 4096 bytes, linear)
[    0.487488] Table-perturb hash table entries: 65536 (order: 6, 262144 bytes, linear)
[    0.490565] TCP established hash table entries: 1024 (order: 1, 8192 bytes, linear)
[    0.491157] TCP bind hash table entries: 1024 (order: 3, 32768 bytes, linear)
[    0.491699] TCP: Hash tables configured (established 1024 bind 1024)
[    0.493320] MPTCP token hash table entries: 256 (order: 1, 6144 bytes, linear)
[    0.501852] UDP hash table entries: 256 (order: 1, 8192 bytes, linear)
[    0.502487] UDP-Lite hash table entries: 256 (order: 1, 8192 bytes, linear)
[    0.504133] NET: Registered PF_UNIX/PF_LOCAL protocol family
[    0.504838] PCI: CLS 0 bytes, default 64
[    0.537143] kvm [1]: HYP mode not available
[    0.541599] workingset: timestamp_bits=42 max_order=15 bucket_order=0
[    0.543544] squashfs: version 4.0 (2009/01/31) Phillip Lougher
[    0.543783] jffs2: version 2.2 (NAND) (SUMMARY) (LZMA) (RTIME) (CMODE_PRIORITY) (c) 2001-2006 Red Hat, Inc.
[    0.557746] 9p: Installing v9fs 9p2000 file system support
[    0.560327] Block layer SCSI generic (bsg) driver version 0.4 loaded (major 250)
[    0.571053] atomic64_test: passed
[    0.582430] pl061_gpio 9030000.pl061: PL061 GPIO chip registered
[    0.584712] pci-host-generic 4010000000.pcie: host bridge /pcie@10000000 ranges:
[    0.585527] pci-host-generic 4010000000.pcie:       IO 0x003eff0000..0x003effffff -> 0x0000000000
[    0.586448] pci-host-generic 4010000000.pcie:      MEM 0x0010000000..0x003efeffff -> 0x0010000000
[    0.592962] pci-host-generic 4010000000.pcie:      MEM 0x8000000000..0xffffffffff -> 0x8000000000
[    0.595002] pci-host-generic 4010000000.pcie: Memory resource size exceeds max for 32 bits
[    0.595905] pci-host-generic 4010000000.pcie: ECAM at [mem 0x4010000000-0x401fffffff] for [bus 00-ff]
[    0.605298] pci-host-generic 4010000000.pcie: PCI host bridge to bus 0000:00
[    0.605863] pci_bus 0000:00: root bus resource [bus 00-ff]
[    0.606109] pci_bus 0000:00: root bus resource [io  0x0000-0xffff]
[    0.606437] pci_bus 0000:00: root bus resource [mem 0x10000000-0x3efeffff]
[    0.615518] pci_bus 0000:00: root bus resource [mem 0x8000000000-0xffffffffff]
[    0.617527] pci 0000:00:00.0: [1b36:0008] type 00 class 0x060000 conventional PCI endpoint
[    0.620757] pci 0000:00:01.0: [1af4:1000] type 00 class 0x020000 conventional PCI endpoint
[    0.621234] pci 0000:00:01.0: BAR 0 [io  0x0000-0x001f]
[    0.621509] pci 0000:00:01.0: BAR 4 [mem 0x00000000-0x00003fff 64bit pref]
[    0.626744] pci 0000:00:01.0: ROM [mem 0x00000000-0x0007ffff pref]
[    0.627507] pci 0000:00:02.0: [1af4:1005] type 00 class 0x00ff00 conventional PCI endpoint
[    0.627931] pci 0000:00:02.0: BAR 0 [io  0x0000-0x001f]
[    0.628118] pci 0000:00:02.0: BAR 1 [mem 0x00000000-0x00000fff]
[    0.637515] pci 0000:00:02.0: BAR 4 [mem 0x00000000-0x00003fff 64bit pref]
[    0.638201] pci 0000:00:03.0: [1af4:1000] type 00 class 0x020000 conventional PCI endpoint
[    0.638473] pci 0000:00:03.0: BAR 0 [io  0x0000-0x001f]
[    0.638647] pci 0000:00:03.0: BAR 1 [mem 0x00000000-0x00000fff]
[    0.649101] pci 0000:00:03.0: BAR 4 [mem 0x00000000-0x00003fff 64bit pref]
[    0.649467] pci 0000:00:03.0: ROM [mem 0x00000000-0x0007ffff pref]
[    0.651825] pci 0000:00:01.0: ROM [mem 0x10000000-0x1007ffff pref]: assigned
[    0.652196] pci 0000:00:03.0: ROM [mem 0x10080000-0x100fffff pref]: assigned
[    0.659875] pci 0000:00:01.0: BAR 4 [mem 0x8000000000-0x8000003fff 64bit pref]: assigned
[    0.660418] pci 0000:00:02.0: BAR 4 [mem 0x8000004000-0x8000007fff 64bit pref]: assigned
[    0.660868] pci 0000:00:03.0: BAR 4 [mem 0x8000008000-0x800000bfff 64bit pref]: assigned
[    0.670450] pci 0000:00:02.0: BAR 1 [mem 0x10100000-0x10100fff]: assigned
[    0.670764] pci 0000:00:03.0: BAR 1 [mem 0x10101000-0x10101fff]: assigned
[    0.671061] pci 0000:00:01.0: BAR 0 [io  0x1000-0x101f]: assigned
[    0.671284] pci 0000:00:02.0: BAR 0 [io  0x1020-0x103f]: assigned
[    0.681610] pci 0000:00:03.0: BAR 0 [io  0x1040-0x105f]: assigned
[    0.682320] pci_bus 0000:00: resource 4 [io  0x0000-0xffff]
[    0.682519] pci_bus 0000:00: resource 5 [mem 0x10000000-0x3efeffff]
[    0.682735] pci_bus 0000:00: resource 6 [mem 0x8000000000-0xffffffffff]
[    0.695394] hv_vmbus: registering driver hyperv_fb
[    0.791125] virtio-pci 0000:00:01.0: enabling device (0000 -> 0003)
[    0.794173] virtio-pci 0000:00:02.0: enabling device (0000 -> 0003)
[    0.795577] virtio-pci 0000:00:03.0: enabling device (0000 -> 0003)
[    0.798567] Serial: 8250/16550 driver, 16 ports, IRQ sharing enabled
[    0.807595] SuperH (H)SCI(F) driver initialized
[    0.841717] loop: module loaded
[    0.842736] hv_vmbus: registering driver hv_storvsc
[    0.857151] hv_vmbus: registering driver hv_netvsc
[    0.859961] usbcore: registered new interface driver usb-storage
[    0.862753] hv_vmbus: registering driver hyperv_keyboard
[    0.865387] rtc-pl031 9010000.pl031: registered as rtc0
[    0.866157] rtc-pl031 9010000.pl031: setting system clock to 2026-01-17T20:57:37 UTC (1768683457)
[    0.871295] sdhci: Secure Digital Host Controller Interface driver
[    0.871521] sdhci: Copyright(c) Pierre Ossman
[    0.872169] Synopsys Designware Multimedia Card Interface Driver
[    0.872966] sdhci-pltfm: SDHCI platform and OF driver helper
[    0.874862] hid: raw HID events driver (C) Jiri Kosina
[    0.882445] usbcore: registered new interface driver usbhid
[    0.882682] usbhid: USB HID core driver
[    0.885415] NET: Registered PF_INET6 protocol family
[    0.906014] Segment Routing with IPv6
[    0.906468] In-situ OAM (IOAM) with IPv6
[    0.907116] NET: Registered PF_PACKET protocol family
[    0.907838] bridge: filtering via arp/ip/ip6tables is no longer available by default. Update your scripts to load br_netfilter if you need this.
[    0.917189] 8021q: 802.1Q VLAN Support v1.8
[    0.918135] 9pnet: Installing 9P2000 support
[    0.973159] Demotion targets for Node 0: null
[    0.981519] clk: Disabling unused clocks
[    0.981897] PM: genpd: Disabling unused power domains
[    1.025885] Freeing unused kernel memory: 18176K
[    1.028225] Run /init as init process
[    2.592537] init: Console is alive
[    2.687732] kmodloader: loading kernel modules from /etc/modules-boot.d/*
[    2.713837] pps_core: LinuxPPS API ver. 1 registered
[    2.714075] pps_core: Software ver. 5.3.6 - Copyright 2005-2007 Rodolfo Giometti <giometti@linux.it>
[    2.755752] PTP clock support registered
[    2.795321] e1000e: Intel(R) PRO/1000 Network Driver
[    2.795574] e1000e: Copyright(c) 1999 - 2015 Intel Corporation.
[    2.797773] kmodloader: done loading kernel modules from /etc/modules-boot.d/*
[    2.813706] init: - preinit -
[    4.650997] 8021q: adding VLAN 0 to HW filter on device eth0
Press the [f] key and hit [enter] to enter failsafe mode
Press the [1], [2], [3] or [4] key and hit [enter] to select the debug level
[    9.726958] procd: - early -
[   10.839318] procd: - ubus -
[   11.049737] procd: - init -
Please press Enter to activate this console.
root
login[1150]: root login on 'ttyAMA0'


BusyBox v1.37.0 (2026-01-17 15:18:13 UTC) built-in shell (ash)

  _______                     ________        __
 |       |.-----.-----.-----.|  |  |  |.----.|  |_
 |   -   ||  _  |  -__|     ||  |  |  ||   _||   _|
 |_______||   __|_____|__|__||________||__|  |____|
          |__| W I R E L E S S   F R E E D O M
 -----------------------------------------------------
 OpenWrt SNAPSHOT, r32674-16422510b5
 -----------------------------------------------------

 === WARNING! =====================================
 There is no root password defined on this device!
 Use the "passwd" command to set up a new password
 in order to prevent unauthorized SSH logins.
 --------------------------------------------------


 OpenWrt recently switched to the "apk" package manager!

 OPKG Command           APK Equivalent      Description
 ------------------------------------------------------------------
 opkg install <pkg>     apk add <pkg>       Install a package
 opkg remove <pkg>      apk del <pkg>       Remove a package
 opkg upgrade           apk upgrade         Upgrade all packages
 opkg files <pkg>       apk info -L <pkg>   List package contents
 opkg list-installed    apk info            List installed packages
 opkg update            apk update          Update package lists
 opkg search <pkg>      apk search <pkg>    Search for packages
 ------------------------------------------------------------------

For more information visit:
https://openwrt.org/docs/guide-user/additional-software/opkg-to-apk-cheatsheet

root@(none):~# dmesg -n 1
root@(none):~# echo 'AEFN''KGGPFK'
AEFNKGGPFK
root@(none):~# run() { echo -n "$MARKER"; sh -c "$@"; echo "$MARKER $?"; }
root@(none):~# echo 'KOSV''JZWNSU'
KOSVJZWNSU
root@(none):~# MARKER='KJOU''XLEETO' run 'ubus wait_for network.interface.lan'
KJOUXLEETOKJOUXLEETO 0
root@OpenWrt:~# echo 'SCPP''YLYOPS'
SCPPYLYOPS
root@OpenWrt:~# MARKER='TQNT''BHPBBS' run 'ubus call network.interface.lan statu
s '"'"'{}'"'"''
TQNTBHPBBS{
	"up": true,
	"pending": false,
	"available": true,
	"autostart": true,
	"dynamic": false,
	"uptime": 1,
	"l3_device": "br-lan",
	"proto": "static",
	"device": "br-lan",
	"updated": [
		"addresses"
	],
	"metric": 0,
	"dns_metric": 0,
	"delegation": true,
	"ipv4-address": [
		{
			"address": "192.168.1.1",
			"mask": 24
		}
	],
	"ipv6-address": [
		
	],
	"ipv6-prefix": [
		
	],
	"ipv6-prefix-assignment": [
		{
			"address": "fdea:3f96:58bd::",
			"mask": 60,
			"local-address": {
				"address": "fdea:3f96:58bd::1",
				"mask": 60
			}
		}
	],
	"route": [
		
	],
	"dns-server": [
		
	],
	"dns-search": [
		
	],
	"neighbors": [
		
	],
	"inactive": {
		"ipv4-address": [
			
		],
		"ipv6-address": [
			
		],
		"route": [
			
		],
		"dns-server": [
			
		],
		"dns-search": [
			
		],
		"neighbors": [
			
		]
	},
	"data": {
		
	}
}
TQNTBHPBBS 0
root@OpenWrt:~# Command failed: Not found
echo 'XXXQ''TWUMHC'
XXXQTWUMHC
root@OpenWrt:~# MARKER='VMCE''XNMSJW' run true
VMCEXNMSJWVMCEXNMSJW 0
root@OpenWrt:~# echo 'XKVA''FXMTJG'
XKVAFXMTJG
root@OpenWrt:~# MARKER='FNOV''PLJXGX' run 'source /etc/os-release; echo $BUILD_I
D'
FNOVPLJXGXr32674-16422510b5
FNOVPLJXGX 0
root@OpenWrt:~# echo 'HETH''YUBVBV'
HETHYUBVBV
root@OpenWrt:~# MARKER='MVPA''TGXWYV' run 'ls /etc/dropbear/dropbear_rsa_host_ke
y'
MVPATGXWYV[0;0m/etc/dropbear/dropbear_rsa_host_key[m
MVPATGXWYV 0
root@OpenWrt:~# echo 'UCBB''ZVHNPZ'
UCBBZVHNPZ
root@OpenWrt:~# MARKER='UAXC''GPJUBE' run 'netstat -tlpn | grep 0.0.0.0:22'
UAXCGPJUBEtcp        0      0 0.0.0.0:22              0.0.0.0:*               LISTEN      1901/dropbear
UAXCGPJUBE 0
root@OpenWrt:~# echo 'GFWA''OXGQCF'
GFWAOXGQCF
root@OpenWrt:~# MARKER='WAJX''HNSCQW' run 'dmesg | grep br-lan | grep forwarding
'
WAJXHNSCQW[   41.638292] br-lan: port 1(eth0) entered forwarding state
WAJXHNSCQW 0
root@OpenWrt:~# echo 'VTZE''PXZWQV'
VTZEPXZWQV
root@OpenWrt:~# MARKER='YGCV''JTGHYL' run 'ubus call network.interface.lan statu
s '"'"'{}'"'"''
YGCVJTGHYL{
	"up": true,
	"pending": false,
	"available": true,
	"autostart": true,
	"dynamic": false,
	"uptime": 37,
	"l3_device": "br-lan",
	"proto": "static",
	"device": "br-lan",
	"updated": [
		"addresses"
	],
	"metric": 0,
	"dns_metric": 0,
	"delegation": true,
	"ipv4-address": [
		{
			"address": "192.168.1.1",
			"mask": 24
		}
	],
	"ipv6-address": [
		
	],
	"ipv6-prefix": [
		
	],
	"ipv6-prefix-assignment": [
		{
			"address": "fdea:3f96:58bd::",
			"mask": 60,
			"local-address": {
				"address": "fdea:3f96:58bd::1",
				"mask": 60
			}
		}
	],
	"route": [
		
	],
	"dns-server": [
		
	],
	"dns-search": [
		
	],
	"neighbors": [
		
	],
	"inactive": {
		"ipv4-address": [
			
		],
		"ipv6-address": [
			
		],
		"route": [
			
		],
		"dns-server": [
			
		],
		"dns-search": [
			
		],
		"neighbors": [
			
		]
	},
	"data": {
		
	}
}
YGCVJTGHYL 0
root@OpenWrt:~# echo 'XEAL''THEKYY'
XEALTHEKYY
root@OpenWrt:~# MARKER='WNVW''UEZTGB' run 'ip -o addr show dev br-lan'
WNVWUEZTGB4: br-lan    inet 192.168.1.1/24 brd 192.168.1.255 scope global br-lan\       valid_lft forever preferred_lft forever
4: br-lan    inet6 fdea:3f96:58bd::1/60 scope global noprefixroute \       valid_lft forever preferred_lft forever
4: br-lan    inet6 fe80::5054:ff:fe12:3456/64 scope link \       valid_lft forever preferred_lft forever
WNVWUEZTGB 0
root@OpenWrt:~# echo 'EMBY''KBXAVM'
EMBYKBXAVM
root@OpenWrt:~# MARKER='NUWM''OBYJLW' run 'ubus call network.interface.wan statu
s '"'"'{}'"'"''
NUWMOBYJLW{
	"up": true,
	"pending": false,
	"available": true,
	"autostart": true,
	"dynamic": false,
	"uptime": 32,
	"l3_device": "eth1",
	"proto": "dhcp",
	"device": "eth1",
	"updated": [
		"addresses",
		"routes",
		"data"
	],
	"metric": 0,
	"dns_metric": 0,
	"delegation": true,
	"ipv4-address": [
		{
			"address": "10.0.2.15",
			"mask": 24
		}
	],
	"ipv6-address": [
		
	],
	"ipv6-prefix": [
		
	],
	"ipv6-prefix-assignment": [
		
	],
	"route": [
		{
			"target": "0.0.0.0",
			"mask": 0,
			"nexthop": "10.0.2.2",
			"source": "10.0.2.15/32"
		}
	],
	"dns-server": [
		"10.0.2.3"
	],
	"dns-search": [
		
	],
	"neighbors": [
		
	],
	"inactive": {
		"ipv4-address": [
			
		],
		"ipv6-address": [
			
		],
		"route": [
			
		],
		"dns-server": [
			
		],
		"dns-search": [
			
		],
		"neighbors": [
			
		]
	},
	"data": {
		"dhcpserver": "10.0.2.2",
		"leasetime": 86400
	}
}
NUWMOBYJLW 0
root@OpenWrt:~# 