Labgrid Console Logfile for main
Logfile started at 2026-04-29 02:14:02.642166
=== Log starts here ===
[    0.000000] Booting Linux on physical CPU 0x0000000000 [0x411fd070]
[    0.000000] Linux version 6.12.80 (builder@buildhost) (aarch64-openwrt-linux-musl-gcc (OpenWrt GCC 14.3.0 r34206-54cb211d50) 14.3.0, GNU ld (GNU Binutils) 2.44) #0 SMP Tue Apr 28 07:44:04 2026
[    0.000000] KASLR enabled
[    0.000000] random: crng init done
[    0.000000] Machine model: linux,dummy-virt
[    0.000000] efi: UEFI not found.
[    0.000000] OF: reserved mem: Reserved memory: No reserved-memory node in the DT
[    0.000000] NUMA: Faking a node at [mem 0x0000000040000000-0x0000000047ffffff]
[    0.000000] NODE_DATA(0) allocated [mem 0x47fb8e80-0x47fbbbff]
[    0.000000] Zone ranges:
[    0.000000]   DMA      [mem 0x0000000040000000-0x0000000047ffffff]
[    0.000000]   DMA32    empty
[    0.000000]   Normal   empty
[    0.000000] Movable zone start for each node
[    0.000000] Early memory node ranges
[    0.000000]   node   0: [mem 0x0000000040000000-0x0000000047ffffff]
[    0.000000] Initmem setup node 0 [mem 0x0000000040000000-0x0000000047ffffff]
[    0.000000] cma: Reserved 32 MiB at 0x0000000045c00000 on node -1
[    0.000000] psci: probing for conduit method from DT.
[    0.000000] psci: PSCIv1.1 detected in firmware.
[    0.000000] psci: Using standard PSCI v0.2 function IDs
[    0.000000] psci: Trusted OS migration not required
[    0.000000] psci: SMC Calling Convention v1.0
[    0.000000] percpu: Embedded 23 pages/cpu s53400 r8192 d32616 u94208
[    0.000000] Detected PIPT I-cache on CPU0
[    0.000000] CPU features: detected: Spectre-v2
[    0.000000] CPU features: detected: Spectre-v3a
[    0.000000] CPU features: detected: Spectre-v4
[    0.000000] CPU features: detected: Spectre-BHB
[    0.000000] CPU features: kernel page table isolation forced ON by KASLR
[    0.000000] CPU features: detected: Kernel page table isolation (KPTI)
[    0.000000] CPU features: detected: ARM erratum 834220
[    0.000000] CPU features: detected: ARM erratum 832075
[    0.000000] CPU features: detected: ARM errata 1165522, 1319367, or 1530923
[    0.000000] alternatives: applying boot alternatives
[    0.000000] Kernel command line: 
[    0.000000] Dentry cache hash table entries: 16384 (order: 5, 131072 bytes, linear)
[    0.000000] Inode-cache hash table entries: 8192 (order: 4, 65536 bytes, linear)
[    0.000000] Fallback order for Node 0: 0 
[    0.000000] Built 1 zonelists, mobility grouping on.  Total pages: 32768
[    0.000000] Policy zone: DMA
[    0.000000] mem auto-init: stack:off, heap alloc:off, heap free:off
[    0.000000] software IO TLB: SWIOTLB bounce buffer size adjusted to 0MB
[    0.000000] software IO TLB: area num 1.
[    0.000000] software IO TLB: mapped [mem 0x0000000047f1b000-0x0000000047f5b000] (0MB)
[    0.000000] SLUB: HWalign=64, Order=0-3, MinObjects=0, CPUs=1, Nodes=1
[    0.000000] rcu: Hierarchical RCU implementation.
[    0.000000] rcu: 	RCU restricting CPUs from NR_CPUS=256 to nr_cpu_ids=1.
[    0.000000] 	Tracing variant of Tasks RCU enabled.
[    0.000000] rcu: RCU calculated value of scheduler-enlistment delay is 10 jiffies.
[    0.000000] rcu: Adjusting geometry for rcu_fanout_leaf=16, nr_cpu_ids=1
[    0.000000] RCU Tasks Trace: Setting shift to 0 and lim to 1 rcu_task_cb_adjust=1 rcu_task_cpu_ids=1.
[    0.000000] NR_IRQS: 64, nr_irqs: 64, preallocated irqs: 0
[    0.000000] Root IRQ handler: gic_handle_irq
[    0.000000] GICv2m: range[mem 0x08020000-0x08020fff], SPI[80:143]
[    0.000000] rcu: srcu_init: Setting srcu_struct sizes based on contention.
[    0.000000] arch_timer: cp15 timer(s) running at 62.50MHz (virt).
[    0.000000] clocksource: arch_sys_counter: mask: 0x1ffffffffffffff max_cycles: 0x1cd42e208c, max_idle_ns: 881590405314 ns
[    0.000064] sched_clock: 57 bits at 63MHz, resolution 16ns, wraps every 4398046511096ns
[    0.002997] Console: colour dummy device 80x25
[    0.003409] printk: legacy console [tty0] enabled
[    0.007333] Calibrating delay loop (skipped), value calculated using timer frequency.. 125.00 BogoMIPS (lpj=625000)
[    0.007473] pid_max: default: 32768 minimum: 301
[    0.012601] Mount-cache hash table entries: 512 (order: 0, 4096 bytes, linear)
[    0.012664] Mountpoint-cache hash table entries: 512 (order: 0, 4096 bytes, linear)
[    0.038594] cacheinfo: Unable to detect cache hierarchy for CPU 0
[    0.048813] rcu: Hierarchical SRCU implementation.
[    0.048876] rcu: 	Max phase no-delay instances is 1000.
[    0.051977] EFI services will not be available.
[    0.053908] smp: Bringing up secondary CPUs ...
[    0.054437] smp: Brought up 1 node, 1 CPU
[    0.054474] SMP: Total of 1 processors activated.
[    0.054521] CPU: All CPU(s) started at EL1
[    0.054744] CPU features: detected: 32-bit EL0 Support
[    0.054769] CPU features: detected: 32-bit EL1 Support
[    0.054862] CPU features: detected: CRC32 instructions
[    0.060745] alternatives: applying system-wide alternatives
[    0.074987] CPU features: emulated: Privileged Access Never (PAN) using TTBR0_EL1 switching
[    0.087653] Memory: 57668K/131072K available (12672K kernel code, 1572K rwdata, 4800K rodata, 15296K init, 764K bss, 39312K reserved, 32768K cma-reserved)
[    0.119599] clocksource: jiffies: mask: 0xffffffff max_cycles: 0xffffffff, max_idle_ns: 19112604462750000 ns
[    0.120209] futex hash table entries: 256 (order: 2, 16384 bytes, linear)
[    0.122364] 2G module region forced by RANDOMIZE_MODULE_REGION_FULL
[    0.122425] 0 pages in range for non-PLT usage
[    0.122473] 515456 pages in range for PLT usage
[    0.123637] pinctrl core: initialized pinctrl subsystem
[    0.135512] DMI not present or invalid.
[    0.151312] NET: Registered PF_NETLINK/PF_ROUTE protocol family
[    0.161385] DMA: preallocated 128 KiB GFP_KERNEL pool for atomic allocations
[    0.161958] DMA: preallocated 128 KiB GFP_KERNEL|GFP_DMA pool for atomic allocations
[    0.162231] DMA: preallocated 128 KiB GFP_KERNEL|GFP_DMA32 pool for atomic allocations
[    0.166113] thermal_sys: Registered thermal governor 'step_wise'
[    0.166613] cpuidle: using governor ladder
[    0.166850] cpuidle: using governor menu
[    0.167611] ASID allocator initialised with 32768 entries
[    0.169493] Serial: AMBA PL011 UART driver
[    0.197319] 9000000.pl011: ttyAMA0 at MMIO 0x9000000 (irq = 13, base_baud = 0) is a PL011 rev1
[    0.198833] printk: legacy console [ttyAMA0] enabled
[    0.424961] HugeTLB: registered 1.00 GiB page size, pre-allocated 0 pages
[    0.428985] HugeTLB: 0 KiB vmemmap can be freed for a 1.00 GiB page
[    0.429289] HugeTLB: registered 32.0 MiB page size, pre-allocated 0 pages
[    0.429529] HugeTLB: 0 KiB vmemmap can be freed for a 32.0 MiB page
[    0.429737] HugeTLB: registered 2.00 MiB page size, pre-allocated 0 pages
[    0.439828] HugeTLB: 0 KiB vmemmap can be freed for a 2.00 MiB page
[    0.440125] HugeTLB: registered 64.0 KiB page size, pre-allocated 0 pages
[    0.440377] HugeTLB: 0 KiB vmemmap can be freed for a 64.0 KiB page
[    0.457112] cryptd: max_cpu_qlen set to 1000
[    0.461568] ACPI: Interpreter disabled.
[    0.464028] iommu: Default domain type: Passthrough
[    0.466156] SCSI subsystem initialized
[    0.468202] usbcore: registered new interface driver usbfs
[    0.468655] usbcore: registered new interface driver hub
[    0.468993] usbcore: registered new device driver usb
[    0.485458] clocksource: Switched to clocksource arch_sys_counter
[    0.487665] netfs: FS-Cache loaded
[    0.488583] pnp: PnP ACPI: disabled
[    0.497723] NET: Registered PF_INET protocol family
[    0.499333] IP idents hash table entries: 2048 (order: 2, 16384 bytes, linear)
[    0.505084] tcp_listen_portaddr_hash hash table entries: 256 (order: 0, 4096 bytes, linear)
[    0.505440] Table-perturb hash table entries: 65536 (order: 6, 262144 bytes, linear)
[    0.508166] TCP established hash table entries: 1024 (order: 1, 8192 bytes, linear)
[    0.508698] TCP bind hash table entries: 1024 (order: 3, 32768 bytes, linear)
[    0.509135] TCP: Hash tables configured (established 1024 bind 1024)
[    0.510860] MPTCP token hash table entries: 256 (order: 1, 6144 bytes, linear)
[    0.519609] UDP hash table entries: 256 (order: 1, 8192 bytes, linear)
[    0.520130] UDP-Lite hash table entries: 256 (order: 1, 8192 bytes, linear)
[    0.521693] NET: Registered PF_UNIX/PF_LOCAL protocol family
[    0.522417] PCI: CLS 0 bytes, default 64
[    0.564411] kvm [1]: HYP mode not available
[    0.569057] workingset: timestamp_bits=42 max_order=15 bucket_order=0
[    0.571003] squashfs: version 4.0 (2009/01/31) Phillip Lougher
[    0.571235] jffs2: version 2.2 (NAND) (SUMMARY) (LZMA) (RTIME) (CMODE_PRIORITY) (c) 2001-2006 Red Hat, Inc.
[    0.585524] 9p: Installing v9fs 9p2000 file system support
[    0.588241] Block layer SCSI generic (bsg) driver version 0.4 loaded (major 250)
[    0.599151] atomic64_test: passed
[    0.610699] pl061_gpio 9030000.pl061: PL061 GPIO chip registered
[    0.613126] pci-host-generic 4010000000.pcie: host bridge /pcie@10000000 ranges:
[    0.613974] pci-host-generic 4010000000.pcie:       IO 0x003eff0000..0x003effffff -> 0x0000000000
[    0.615109] pci-host-generic 4010000000.pcie:      MEM 0x0010000000..0x003efeffff -> 0x0010000000
[    0.621449] pci-host-generic 4010000000.pcie:      MEM 0x8000000000..0xffffffffff -> 0x8000000000
[    0.622395] pci-host-generic 4010000000.pcie: Memory resource size exceeds max for 32 bits
[    0.623181] pci-host-generic 4010000000.pcie: ECAM at [mem 0x4010000000-0x401fffffff] for [bus 00-ff]
[    0.633495] pci-host-generic 4010000000.pcie: PCI host bridge to bus 0000:00
[    0.635306] pci_bus 0000:00: root bus resource [bus 00-ff]
[    0.635581] pci_bus 0000:00: root bus resource [io  0x0000-0xffff]
[    0.635833] pci_bus 0000:00: root bus resource [mem 0x10000000-0x3efeffff]
[    0.643006] pci_bus 0000:00: root bus resource [mem 0x8000000000-0xffffffffff]
[    0.644838] pci 0000:00:00.0: [1b36:0008] type 00 class 0x060000 conventional PCI endpoint
[    0.648086] pci 0000:00:01.0: [1af4:1000] type 00 class 0x020000 conventional PCI endpoint
[    0.648598] pci 0000:00:01.0: BAR 0 [io  0x0000-0x001f]
[    0.654089] pci 0000:00:01.0: BAR 4 [mem 0x00000000-0x00003fff 64bit pref]
[    0.654687] pci 0000:00:01.0: ROM [mem 0x00000000-0x0007ffff pref]
[    0.655376] pci 0000:00:02.0: [1af4:1005] type 00 class 0x00ff00 conventional PCI endpoint
[    0.655677] pci 0000:00:02.0: BAR 0 [io  0x0000-0x001f]
[    0.665064] pci 0000:00:02.0: BAR 1 [mem 0x00000000-0x00000fff]
[    0.665376] pci 0000:00:02.0: BAR 4 [mem 0x00000000-0x00003fff 64bit pref]
[    0.666120] pci 0000:00:03.0: [1af4:1000] type 00 class 0x020000 conventional PCI endpoint
[    0.666418] pci 0000:00:03.0: BAR 0 [io  0x0000-0x001f]
[    0.675930] pci 0000:00:03.0: BAR 1 [mem 0x00000000-0x00000fff]
[    0.676234] pci 0000:00:03.0: BAR 4 [mem 0x00000000-0x00003fff 64bit pref]
[    0.676560] pci 0000:00:03.0: ROM [mem 0x00000000-0x0007ffff pref]
[    0.679114] pci 0000:00:01.0: ROM [mem 0x10000000-0x1007ffff pref]: assigned
[    0.687575] pci 0000:00:03.0: ROM [mem 0x10080000-0x100fffff pref]: assigned
[    0.687938] pci 0000:00:01.0: BAR 4 [mem 0x8000000000-0x8000003fff 64bit pref]: assigned
[    0.688296] pci 0000:00:02.0: BAR 4 [mem 0x8000004000-0x8000007fff 64bit pref]: assigned
[    0.688674] pci 0000:00:03.0: BAR 4 [mem 0x8000008000-0x800000bfff 64bit pref]: assigned
[    0.698023] pci 0000:00:02.0: BAR 1 [mem 0x10100000-0x10100fff]: assigned
[    0.698344] pci 0000:00:03.0: BAR 1 [mem 0x10101000-0x10101fff]: assigned
[    0.698585] pci 0000:00:01.0: BAR 0 [io  0x1000-0x101f]: assigned
[    0.698837] pci 0000:00:02.0: BAR 0 [io  0x1020-0x103f]: assigned
[    0.708841] pci 0000:00:03.0: BAR 0 [io  0x1040-0x105f]: assigned
[    0.709439] pci_bus 0000:00: resource 4 [io  0x0000-0xffff]
[    0.709644] pci_bus 0000:00: resource 5 [mem 0x10000000-0x3efeffff]
[    0.709874] pci_bus 0000:00: resource 6 [mem 0x8000000000-0xffffffffff]
[    0.722414] hv_vmbus: registering driver hyperv_fb
[    0.802071] virtio-pci 0000:00:01.0: enabling device (0000 -> 0003)
[    0.805458] virtio-pci 0000:00:02.0: enabling device (0000 -> 0003)
[    0.806881] virtio-pci 0000:00:03.0: enabling device (0000 -> 0003)
[    0.809635] Serial: 8250/16550 driver, 16 ports, IRQ sharing enabled
[    0.818369] SuperH (H)SCI(F) driver initialized
[    0.851457] loop: module loaded
[    0.852546] hv_vmbus: registering driver hv_storvsc
[    0.867976] hv_vmbus: registering driver hv_netvsc
[    0.870692] usbcore: registered new interface driver usb-storage
[    0.873545] hv_vmbus: registering driver hyperv_keyboard
[    0.876525] rtc-pl031 9010000.pl031: registered as rtc0
[    0.877324] rtc-pl031 9010000.pl031: setting system clock to 2026-04-29T02:14:03 UTC (1777428843)
[    0.881973] sdhci: Secure Digital Host Controller Interface driver
[    0.882191] sdhci: Copyright(c) Pierre Ossman
[    0.882835] Synopsys Designware Multimedia Card Interface Driver
[    0.883620] sdhci-pltfm: SDHCI platform and OF driver helper
[    0.885720] hid: raw HID events driver (C) Jiri Kosina
[    0.889685] usbcore: registered new interface driver usbhid
[    0.889991] usbhid: USB HID core driver
[    0.892756] NET: Registered PF_INET6 protocol family
[    0.910452] Segment Routing with IPv6
[    0.910814] In-situ OAM (IOAM) with IPv6
[    0.911427] NET: Registered PF_PACKET protocol family
[    0.912107] bridge: filtering via arp/ip/ip6tables is no longer available by default. Update your scripts to load br_netfilter if you need this.
[    0.921592] 8021q: 802.1Q VLAN Support v1.8
[    0.922478] 9pnet: Installing 9P2000 support
[    0.975535] Demotion targets for Node 0: null
[    0.984057] clk: Disabling unused clocks
[    0.984585] PM: genpd: Disabling unused power domains
[    1.031445] Freeing unused kernel memory: 15296K
[    1.036584] Run /init as init process
[    2.496226] init: Console is alive
[    2.586608] kmodloader: loading kernel modules from /etc/modules-boot.d/*
[    2.613092] pps_core: LinuxPPS API ver. 1 registered
[    2.613345] pps_core: Software ver. 5.3.6 - Copyright 2005-2007 Rodolfo Giometti <giometti@linux.it>
[    2.653083] PTP clock support registered
[    2.695180] e1000e: Intel(R) PRO/1000 Network Driver
[    2.695463] e1000e: Copyright(c) 1999 - 2015 Intel Corporation.
[    2.697350] kmodloader: done loading kernel modules from /etc/modules-boot.d/*
[    2.713842] init: - preinit -
[    4.511670] 8021q: adding VLAN 0 to HW filter on device eth0
Press the [f] key and hit [enter] to enter failsafe mode
Press the [1], [2], [3] or [4] key and hit [enter] to select the debug level
[    9.557311] procd: - early -
[   10.635293] procd: - ubus -
[   10.843276] procd: - init -
Please press Enter to activate this console.
root
login[1149]: root login on 'ttyAMA0'


BusyBox v1.37.0 (2026-01-02 17:07:02 UTC) built-in shell (ash)

  _______                     ________        __
 |       |.-----.-----.-----.|  |  |  |.----.|  |_
 |   -   ||  _  |  -__|     ||  |  |  ||   _||   _|
 |_______||   __|_____|__|__||________||__|  |____|
          |__| W I R E L E S S   F R E E D O M
 -----------------------------------------------------
 OpenWrt SNAPSHOT, r34206-54cb211d50
 -----------------------------------------------------

 === WARNING! =====================================
 There is no root password defined on this device!
 Use the "passwd" command to set up a new password
 in order to prevent unauthorized SSH logins.
 --------------------------------------------------

root@(none):~# dmesg -n 1
root@(none):~# echo 'XWPA''WEWFEN'
XWPAWEWFEN
root@(none):~# run() { echo -n "$MARKER"; sh -c "$@"; echo "$MARKER $?"; }
root@(none):~# echo 'LYBL''FNQBWS'
LYBLFNQBWS
root@(none):~# MARKER='UHWO''CKLTYS' run 'ubus wait_for network.interface.lan'
UHWOCKLTYSUHWOCKLTYS 0
root@OpenWrt:~# echo 'EEOX''LLSNQV'
EEOXLLSNQV
root@OpenWrt:~# MARKER='VEEX''QWSWKH' run 'ubus call network.interface.lan statu
s '"'"'{}'"'"''
VEEXQWSWKH{
	"up": true,
	"pending": false,
	"available": true,
	"autostart": true,
	"dynamic": false,
	"uptime": 0,
	"l3_device": "br-lan",
	"proto": "static",
	"device": "br-lan",
	"updated": [
		"addresses"
	],
	"metric": 0,
	"dns_metric": 0,
	"delegation": true,
	"ipv4-address": [
		{
			"address": "192.168.1.1",
			"mask": 24
		}
	],
	"ipv6-address": [
		
	],
	"ipv6-prefix": [
		
	],
	"ipv6-prefix-assignment": [
		{
			"address": "fd34:a404:d6a7::",
			"mask": 60,
			"local-address": {
				"address": "fd34:a404:d6a7::1",
				"mask": 60
			}
		}
	],
	"route": [
		
	],
	"dns-server": [
		
	],
	"dns-search": [
		
	],
	"neighbors": [
		
	],
	"inactive": {
		"ipv4-address": [
			
		],
		"ipv6-address": [
			
		],
		"route": [
			
		],
		"dns-server": [
			
		],
		"dns-search": [
			
		],
		"neighbors": [
			
		]
	},
	"data": {
		
	}
}
VEEXQWSWKH 0
root@OpenWrt:~# echo 'ABPE''NEBQEL'
ABPENEBQEL
root@OpenWrt:~# MARKER='WZQF''ZUEJAG' run true
WZQFZUEJAGWZQFZUEJAG 0
root@OpenWrt:~# echo 'CYBO''CKAZBV'
CYBOCKAZBV
root@OpenWrt:~# MARKER='GPNY''OUFTJU' run 'source /etc/os-release; echo $BUILD_I
D'
GPNYOUFTJUr34206-54cb211d50
GPNYOUFTJU 0
root@OpenWrt:~# echo 'AKBE''SZFKFK'
AKBESZFKFK
root@OpenWrt:~# MARKER='WTYQ''FNJKZN' run 'ls /etc/dropbear/dropbear_rsa_host_ke
y'
WTYQFNJKZN[0;0m/etc/dropbear/dropbear_rsa_host_key[m
WTYQFNJKZN 0
root@OpenWrt:~# echo 'FFTC''QNELBU'
FFTCQNELBU
root@OpenWrt:~# MARKER='YLLO''AYAQYF' run 'netstat -tlpn | grep 0.0.0.0:22'
YLLOAYAQYFtcp        0      0 0.0.0.0:22              0.0.0.0:*               LISTEN      1967/dropbear
YLLOAYAQYF 0
root@OpenWrt:~# echo 'LLFK''GNCCNV'
LLFKGNCCNV
root@OpenWrt:~# MARKER='VHKZ''SKCTFX' run 'dmesg | grep br-lan | grep forwarding
'
VHKZSKCTFX[   41.764939] br-lan: port 1(eth0) entered forwarding state
VHKZSKCTFX 0
root@OpenWrt:~# echo 'LFWK''CWBBMY'
LFWKCWBBMY
root@OpenWrt:~# MARKER='COWX''HPGNWY' run 'ubus call network.interface.lan statu
s '"'"'{}'"'"''
COWXHPGNWY{
	"up": true,
	"pending": false,
	"available": true,
	"autostart": true,
	"dynamic": false,
	"uptime": 37,
	"l3_device": "br-lan",
	"proto": "static",
	"device": "br-lan",
	"updated": [
		"addresses"
	],
	"metric": 0,
	"dns_metric": 0,
	"delegation": true,
	"ipv4-address": [
		{
			"address": "192.168.1.1",
			"mask": 24
		}
	],
	"ipv6-address": [
		
	],
	"ipv6-prefix": [
		
	],
	"ipv6-prefix-assignment": [
		{
			"address": "fd34:a404:d6a7::",
			"mask": 60,
			"local-address": {
				"address": "fd34:a404:d6a7::1",
				"mask": 60
			}
		}
	],
	"route": [
		
	],
	"dns-server": [
		
	],
	"dns-search": [
		
	],
	"neighbors": [
		
	],
	"inactive": {
		"ipv4-address": [
			
		],
		"ipv6-address": [
			
		],
		"route": [
			
		],
		"dns-server": [
			
		],
		"dns-search": [
			
		],
		"neighbors": [
			
		]
	},
	"data": {
		
	}
}
COWXHPGNWY 0
root@OpenWrt:~# echo 'FUNT''VCPECC'
FUNTVCPECC
root@OpenWrt:~# MARKER='YFQQ''KOVOHN' run 'ip -o addr show dev br-lan'
YFQQKOVOHN4: br-lan    inet 192.168.1.1/24 brd 192.168.1.255 scope global br-lan\       valid_lft forever preferred_lft forever
4: br-lan    inet6 fd34:a404:d6a7::1/60 scope global noprefixroute \       valid_lft forever preferred_lft forever
4: br-lan    inet6 fe80::5054:ff:fe12:3456/64 scope link \       valid_lft forever preferred_lft forever
YFQQKOVOHN 0
root@OpenWrt:~# echo 'JZAX''UCENPV'
JZAXUCENPV
root@OpenWrt:~# MARKER='AEPA''KLNJOX' run 'ubus call network.interface.wan statu
s '"'"'{}'"'"''
AEPAKLNJOX{
	"up": true,
	"pending": false,
	"available": true,
	"autostart": true,
	"dynamic": false,
	"uptime": 34,
	"l3_device": "eth1",
	"proto": "dhcp",
	"device": "eth1",
	"updated": [
		"addresses",
		"routes",
		"data"
	],
	"metric": 0,
	"dns_metric": 0,
	"delegation": true,
	"ipv4-address": [
		{
			"address": "10.0.2.15",
			"mask": 24
		}
	],
	"ipv6-address": [
		
	],
	"ipv6-prefix": [
		
	],
	"ipv6-prefix-assignment": [
		
	],
	"route": [
		{
			"target": "0.0.0.0",
			"mask": 0,
			"nexthop": "10.0.2.2",
			"source": "10.0.2.15/32"
		}
	],
	"dns-server": [
		"10.0.2.3"
	],
	"dns-search": [
		
	],
	"neighbors": [
		
	],
	"inactive": {
		"ipv4-address": [
			
		],
		"ipv6-address": [
			
		],
		"route": [
			
		],
		"dns-server": [
			
		],
		"dns-search": [
			
		],
		"neighbors": [
			
		]
	},
	"data": {
		"dhcpserver": "10.0.2.2",
		"leasetime": 86400
	}
}
AEPAKLNJOX 0
root@OpenWrt:~# 