Labgrid Console Logfile for main
Logfile started at 2026-04-05 01:51:47.356956
=== Log starts here ===
[    0.000000] Booting Linux on physical CPU 0x0000000000 [0x411fd070]
[    0.000000] Linux version 6.12.80 (builder@buildhost) (aarch64-openwrt-linux-musl-gcc (OpenWrt GCC 14.3.0 r33768-acf9796d7d) 14.3.0, GNU ld (GNU Binutils) 2.44) #0 SMP Sat Apr  4 07:28:28 2026
[    0.000000] KASLR enabled
[    0.000000] random: crng init done
[    0.000000] Machine model: linux,dummy-virt
[    0.000000] efi: UEFI not found.
[    0.000000] OF: reserved mem: Reserved memory: No reserved-memory node in the DT
[    0.000000] NUMA: Faking a node at [mem 0x0000000040000000-0x0000000047ffffff]
[    0.000000] NODE_DATA(0) allocated [mem 0x47fb8e80-0x47fbbbff]
[    0.000000] Zone ranges:
[    0.000000]   DMA      [mem 0x0000000040000000-0x0000000047ffffff]
[    0.000000]   DMA32    empty
[    0.000000]   Normal   empty
[    0.000000] Movable zone start for each node
[    0.000000] Early memory node ranges
[    0.000000]   node   0: [mem 0x0000000040000000-0x0000000047ffffff]
[    0.000000] Initmem setup node 0 [mem 0x0000000040000000-0x0000000047ffffff]
[    0.000000] cma: Reserved 32 MiB at 0x0000000045c00000 on node -1
[    0.000000] psci: probing for conduit method from DT.
[    0.000000] psci: PSCIv1.1 detected in firmware.
[    0.000000] psci: Using standard PSCI v0.2 function IDs
[    0.000000] psci: Trusted OS migration not required
[    0.000000] psci: SMC Calling Convention v1.0
[    0.000000] percpu: Embedded 23 pages/cpu s53400 r8192 d32616 u94208
[    0.000000] Detected PIPT I-cache on CPU0
[    0.000000] CPU features: detected: Spectre-v2
[    0.000000] CPU features: detected: Spectre-v3a
[    0.000000] CPU features: detected: Spectre-v4
[    0.000000] CPU features: detected: Spectre-BHB
[    0.000000] CPU features: kernel page table isolation forced ON by KASLR
[    0.000000] CPU features: detected: Kernel page table isolation (KPTI)
[    0.000000] CPU features: detected: ARM erratum 834220
[    0.000000] CPU features: detected: ARM erratum 832075
[    0.000000] CPU features: detected: ARM errata 1165522, 1319367, or 1530923
[    0.000000] alternatives: applying boot alternatives
[    0.000000] Kernel command line: 
[    0.000000] Dentry cache hash table entries: 16384 (order: 5, 131072 bytes, linear)
[    0.000000] Inode-cache hash table entries: 8192 (order: 4, 65536 bytes, linear)
[    0.000000] Fallback order for Node 0: 0 
[    0.000000] Built 1 zonelists, mobility grouping on.  Total pages: 32768
[    0.000000] Policy zone: DMA
[    0.000000] mem auto-init: stack:off, heap alloc:off, heap free:off
[    0.000000] software IO TLB: SWIOTLB bounce buffer size adjusted to 0MB
[    0.000000] software IO TLB: area num 1.
[    0.000000] software IO TLB: mapped [mem 0x0000000047f1b000-0x0000000047f5b000] (0MB)
[    0.000000] SLUB: HWalign=64, Order=0-3, MinObjects=0, CPUs=1, Nodes=1
[    0.000000] rcu: Hierarchical RCU implementation.
[    0.000000] rcu: 	RCU restricting CPUs from NR_CPUS=256 to nr_cpu_ids=1.
[    0.000000] 	Tracing variant of Tasks RCU enabled.
[    0.000000] rcu: RCU calculated value of scheduler-enlistment delay is 10 jiffies.
[    0.000000] rcu: Adjusting geometry for rcu_fanout_leaf=16, nr_cpu_ids=1
[    0.000000] RCU Tasks Trace: Setting shift to 0 and lim to 1 rcu_task_cb_adjust=1 rcu_task_cpu_ids=1.
[    0.000000] NR_IRQS: 64, nr_irqs: 64, preallocated irqs: 0
[    0.000000] Root IRQ handler: gic_handle_irq
[    0.000000] GICv2m: range[mem 0x08020000-0x08020fff], SPI[80:143]
[    0.000000] rcu: srcu_init: Setting srcu_struct sizes based on contention.
[    0.000000] arch_timer: cp15 timer(s) running at 62.50MHz (virt).
[    0.000000] clocksource: arch_sys_counter: mask: 0x1ffffffffffffff max_cycles: 0x1cd42e208c, max_idle_ns: 881590405314 ns
[    0.000057] sched_clock: 57 bits at 63MHz, resolution 16ns, wraps every 4398046511096ns
[    0.002947] Console: colour dummy device 80x25
[    0.003356] printk: legacy console [tty0] enabled
[    0.007230] Calibrating delay loop (skipped), value calculated using timer frequency.. 125.00 BogoMIPS (lpj=625000)
[    0.007367] pid_max: default: 32768 minimum: 301
[    0.012655] Mount-cache hash table entries: 512 (order: 0, 4096 bytes, linear)
[    0.012735] Mountpoint-cache hash table entries: 512 (order: 0, 4096 bytes, linear)
[    0.039596] cacheinfo: Unable to detect cache hierarchy for CPU 0
[    0.050524] rcu: Hierarchical SRCU implementation.
[    0.050601] rcu: 	Max phase no-delay instances is 1000.
[    0.054226] EFI services will not be available.
[    0.055550] smp: Bringing up secondary CPUs ...
[    0.056229] smp: Brought up 1 node, 1 CPU
[    0.056272] SMP: Total of 1 processors activated.
[    0.056322] CPU: All CPU(s) started at EL1
[    0.056542] CPU features: detected: 32-bit EL0 Support
[    0.056574] CPU features: detected: 32-bit EL1 Support
[    0.056656] CPU features: detected: CRC32 instructions
[    0.062302] alternatives: applying system-wide alternatives
[    0.075942] CPU features: emulated: Privileged Access Never (PAN) using TTBR0_EL1 switching
[    0.088892] Memory: 54340K/131072K available (12672K kernel code, 1572K rwdata, 4800K rodata, 18624K init, 764K bss, 42640K reserved, 32768K cma-reserved)
[    0.121523] clocksource: jiffies: mask: 0xffffffff max_cycles: 0xffffffff, max_idle_ns: 19112604462750000 ns
[    0.122118] futex hash table entries: 256 (order: 2, 16384 bytes, linear)
[    0.124274] 2G module region forced by RANDOMIZE_MODULE_REGION_FULL
[    0.124329] 0 pages in range for non-PLT usage
[    0.124378] 514624 pages in range for PLT usage
[    0.125600] pinctrl core: initialized pinctrl subsystem
[    0.138009] DMI not present or invalid.
[    0.151499] NET: Registered PF_NETLINK/PF_ROUTE protocol family
[    0.161321] DMA: preallocated 128 KiB GFP_KERNEL pool for atomic allocations
[    0.161830] DMA: preallocated 128 KiB GFP_KERNEL|GFP_DMA pool for atomic allocations
[    0.162094] DMA: preallocated 128 KiB GFP_KERNEL|GFP_DMA32 pool for atomic allocations
[    0.166094] thermal_sys: Registered thermal governor 'step_wise'
[    0.166409] cpuidle: using governor ladder
[    0.166600] cpuidle: using governor menu
[    0.167335] ASID allocator initialised with 32768 entries
[    0.169394] Serial: AMBA PL011 UART driver
[    0.196911] 9000000.pl011: ttyAMA0 at MMIO 0x9000000 (irq = 13, base_baud = 0) is a PL011 rev1
[    0.198406] printk: legacy console [ttyAMA0] enabled
[    0.426324] HugeTLB: registered 1.00 GiB page size, pre-allocated 0 pages
[    0.430415] HugeTLB: 0 KiB vmemmap can be freed for a 1.00 GiB page
[    0.430758] HugeTLB: registered 32.0 MiB page size, pre-allocated 0 pages
[    0.431066] HugeTLB: 0 KiB vmemmap can be freed for a 32.0 MiB page
[    0.431310] HugeTLB: registered 2.00 MiB page size, pre-allocated 0 pages
[    0.441611] HugeTLB: 0 KiB vmemmap can be freed for a 2.00 MiB page
[    0.441922] HugeTLB: registered 64.0 KiB page size, pre-allocated 0 pages
[    0.442227] HugeTLB: 0 KiB vmemmap can be freed for a 64.0 KiB page
[    0.449021] cryptd: max_cpu_qlen set to 1000
[    0.454641] ACPI: Interpreter disabled.
[    0.457133] iommu: Default domain type: Passthrough
[    0.458414] SCSI subsystem initialized
[    0.460285] usbcore: registered new interface driver usbfs
[    0.460721] usbcore: registered new interface driver hub
[    0.461020] usbcore: registered new device driver usb
[    0.481352] clocksource: Switched to clocksource arch_sys_counter
[    0.483541] netfs: FS-Cache loaded
[    0.484436] pnp: PnP ACPI: disabled
[    0.493945] NET: Registered PF_INET protocol family
[    0.495485] IP idents hash table entries: 2048 (order: 2, 16384 bytes, linear)
[    0.501044] tcp_listen_portaddr_hash hash table entries: 256 (order: 0, 4096 bytes, linear)
[    0.501376] Table-perturb hash table entries: 65536 (order: 6, 262144 bytes, linear)
[    0.504285] TCP established hash table entries: 1024 (order: 1, 8192 bytes, linear)
[    0.504830] TCP bind hash table entries: 1024 (order: 3, 32768 bytes, linear)
[    0.505254] TCP: Hash tables configured (established 1024 bind 1024)
[    0.506937] MPTCP token hash table entries: 256 (order: 1, 6144 bytes, linear)
[    0.516029] UDP hash table entries: 256 (order: 1, 8192 bytes, linear)
[    0.516529] UDP-Lite hash table entries: 256 (order: 1, 8192 bytes, linear)
[    0.518141] NET: Registered PF_UNIX/PF_LOCAL protocol family
[    0.518886] PCI: CLS 0 bytes, default 64
[    0.550923] kvm [1]: HYP mode not available
[    0.555742] workingset: timestamp_bits=42 max_order=15 bucket_order=0
[    0.557744] squashfs: version 4.0 (2009/01/31) Phillip Lougher
[    0.557958] jffs2: version 2.2 (NAND) (SUMMARY) (LZMA) (RTIME) (CMODE_PRIORITY) (c) 2001-2006 Red Hat, Inc.
[    0.571575] 9p: Installing v9fs 9p2000 file system support
[    0.574216] Block layer SCSI generic (bsg) driver version 0.4 loaded (major 250)
[    0.584528] atomic64_test: passed
[    0.595872] pl061_gpio 9030000.pl061: PL061 GPIO chip registered
[    0.598203] pci-host-generic 4010000000.pcie: host bridge /pcie@10000000 ranges:
[    0.599157] pci-host-generic 4010000000.pcie:       IO 0x003eff0000..0x003effffff -> 0x0000000000
[    0.599978] pci-host-generic 4010000000.pcie:      MEM 0x0010000000..0x003efeffff -> 0x0010000000
[    0.606591] pci-host-generic 4010000000.pcie:      MEM 0x8000000000..0xffffffffff -> 0x8000000000
[    0.607545] pci-host-generic 4010000000.pcie: Memory resource size exceeds max for 32 bits
[    0.608305] pci-host-generic 4010000000.pcie: ECAM at [mem 0x4010000000-0x401fffffff] for [bus 00-ff]
[    0.620025] pci-host-generic 4010000000.pcie: PCI host bridge to bus 0000:00
[    0.620739] pci_bus 0000:00: root bus resource [bus 00-ff]
[    0.620995] pci_bus 0000:00: root bus resource [io  0x0000-0xffff]
[    0.621220] pci_bus 0000:00: root bus resource [mem 0x10000000-0x3efeffff]
[    0.630506] pci_bus 0000:00: root bus resource [mem 0x8000000000-0xffffffffff]
[    0.632315] pci 0000:00:00.0: [1b36:0008] type 00 class 0x060000 conventional PCI endpoint
[    0.635678] pci 0000:00:01.0: [1af4:1000] type 00 class 0x020000 conventional PCI endpoint
[    0.636186] pci 0000:00:01.0: BAR 0 [io  0x0000-0x001f]
[    0.641525] pci 0000:00:01.0: BAR 4 [mem 0x00000000-0x00003fff 64bit pref]
[    0.642000] pci 0000:00:01.0: ROM [mem 0x00000000-0x0007ffff pref]
[    0.642745] pci 0000:00:02.0: [1af4:1005] type 00 class 0x00ff00 conventional PCI endpoint
[    0.643022] pci 0000:00:02.0: BAR 0 [io  0x0000-0x001f]
[    0.652483] pci 0000:00:02.0: BAR 1 [mem 0x00000000-0x00000fff]
[    0.652782] pci 0000:00:02.0: BAR 4 [mem 0x00000000-0x00003fff 64bit pref]
[    0.653522] pci 0000:00:03.0: [1af4:1000] type 00 class 0x020000 conventional PCI endpoint
[    0.653843] pci 0000:00:03.0: BAR 0 [io  0x0000-0x001f]
[    0.663525] pci 0000:00:03.0: BAR 1 [mem 0x00000000-0x00000fff]
[    0.663841] pci 0000:00:03.0: BAR 4 [mem 0x00000000-0x00003fff 64bit pref]
[    0.664151] pci 0000:00:03.0: ROM [mem 0x00000000-0x0007ffff pref]
[    0.666474] pci 0000:00:01.0: ROM [mem 0x10000000-0x1007ffff pref]: assigned
[    0.675204] pci 0000:00:03.0: ROM [mem 0x10080000-0x100fffff pref]: assigned
[    0.675571] pci 0000:00:01.0: BAR 4 [mem 0x8000000000-0x8000003fff 64bit pref]: assigned
[    0.676091] pci 0000:00:02.0: BAR 4 [mem 0x8000004000-0x8000007fff 64bit pref]: assigned
[    0.676384] pci 0000:00:03.0: BAR 4 [mem 0x8000008000-0x800000bfff 64bit pref]: assigned
[    0.685726] pci 0000:00:02.0: BAR 1 [mem 0x10100000-0x10100fff]: assigned
[    0.686061] pci 0000:00:03.0: BAR 1 [mem 0x10101000-0x10101fff]: assigned
[    0.686386] pci 0000:00:01.0: BAR 0 [io  0x1000-0x101f]: assigned
[    0.686659] pci 0000:00:02.0: BAR 0 [io  0x1020-0x103f]: assigned
[    0.696727] pci 0000:00:03.0: BAR 0 [io  0x1040-0x105f]: assigned
[    0.697404] pci_bus 0000:00: resource 4 [io  0x0000-0xffff]
[    0.697604] pci_bus 0000:00: resource 5 [mem 0x10000000-0x3efeffff]
[    0.697824] pci_bus 0000:00: resource 6 [mem 0x8000000000-0xffffffffff]
[    0.710643] hv_vmbus: registering driver hyperv_fb
[    0.809229] virtio-pci 0000:00:01.0: enabling device (0000 -> 0003)
[    0.812435] virtio-pci 0000:00:02.0: enabling device (0000 -> 0003)
[    0.813841] virtio-pci 0000:00:03.0: enabling device (0000 -> 0003)
[    0.816695] Serial: 8250/16550 driver, 16 ports, IRQ sharing enabled
[    0.825763] SuperH (H)SCI(F) driver initialized
[    0.860027] loop: module loaded
[    0.861249] hv_vmbus: registering driver hv_storvsc
[    0.876248] hv_vmbus: registering driver hv_netvsc
[    0.879114] usbcore: registered new interface driver usb-storage
[    0.882189] hv_vmbus: registering driver hyperv_keyboard
[    0.884980] rtc-pl031 9010000.pl031: registered as rtc0
[    0.885738] rtc-pl031 9010000.pl031: setting system clock to 2026-04-05T01:51:48 UTC (1775353908)
[    0.890353] sdhci: Secure Digital Host Controller Interface driver
[    0.890559] sdhci: Copyright(c) Pierre Ossman
[    0.891207] Synopsys Designware Multimedia Card Interface Driver
[    0.891978] sdhci-pltfm: SDHCI platform and OF driver helper
[    0.893919] hid: raw HID events driver (C) Jiri Kosina
[    0.901411] usbcore: registered new interface driver usbhid
[    0.901603] usbhid: USB HID core driver
[    0.904265] NET: Registered PF_INET6 protocol family
[    0.924678] Segment Routing with IPv6
[    0.925045] In-situ OAM (IOAM) with IPv6
[    0.925657] NET: Registered PF_PACKET protocol family
[    0.926324] bridge: filtering via arp/ip/ip6tables is no longer available by default. Update your scripts to load br_netfilter if you need this.
[    0.935897] 8021q: 802.1Q VLAN Support v1.8
[    0.936794] 9pnet: Installing 9P2000 support
[    0.994214] Demotion targets for Node 0: null
[    1.002737] clk: Disabling unused clocks
[    1.003110] PM: genpd: Disabling unused power domains
[    1.046778] Freeing unused kernel memory: 18624K
[    1.050513] Run /init as init process
[    2.590601] init: Console is alive
[    2.683926] kmodloader: loading kernel modules from /etc/modules-boot.d/*
[    2.710031] pps_core: LinuxPPS API ver. 1 registered
[    2.710434] pps_core: Software ver. 5.3.6 - Copyright 2005-2007 Rodolfo Giometti <giometti@linux.it>
[    2.751923] PTP clock support registered
[    2.786102] e1000e: Intel(R) PRO/1000 Network Driver
[    2.786351] e1000e: Copyright(c) 1999 - 2015 Intel Corporation.
[    2.788051] kmodloader: done loading kernel modules from /etc/modules-boot.d/*
[    2.796226] init: - preinit -
[    4.646830] 8021q: adding VLAN 0 to HW filter on device eth0
Press the [f] key and hit [enter] to enter failsafe mode
Press the [1], [2], [3] or [4] key and hit [enter] to select the debug level
[    9.628904] procd: - early -
[   10.725769] procd: - ubus -
[   10.934690] procd: - init -
Please press Enter to activate this console.
root
login[1149]: root login on 'ttyAMA0'


BusyBox v1.37.0 (2026-01-02 17:07:02 UTC) built-in shell (ash)

  _______                     ________        __
 |       |.-----.-----.-----.|  |  |  |.----.|  |_
 |   -   ||  _  |  -__|     ||  |  |  ||   _||   _|
 |_______||   __|_____|__|__||________||__|  |____|
          |__| W I R E L E S S   F R E E D O M
 -----------------------------------------------------
 OpenWrt SNAPSHOT, r33768-acf9796d7d
 -----------------------------------------------------

 === WARNING! =====================================
 There is no root password defined on this device!
 Use the "passwd" command to set up a new password
 in order to prevent unauthorized SSH logins.
 --------------------------------------------------

root@(none):~# dmesg -n 1
root@(none):~# echo 'BMVX''EJUNGV'
BMVXEJUNGV
root@(none):~# run() { echo -n "$MARKER"; sh -c "$@"; echo "$MARKER $?"; }
root@(none):~# echo 'OVQL''AYZVZW'
OVQLAYZVZW
root@(none):~# MARKER='KVSB''HVBVNS' run 'ubus wait_for network.interface.lan'
KVSBHVBVNSKVSBHVBVNS 0
root@OpenWrt:~# echo 'WNNY''GKYVVY'
WNNYGKYVVY
root@OpenWrt:~# MARKER='SHWY''UTQQSN' run 'ubus call network.interface.lan statu
s '"'"'{}'"'"''
SHWYUTQQSN{
	"up": true,
	"pending": false,
	"available": true,
	"autostart": true,
	"dynamic": false,
	"uptime": 1,
	"l3_device": "br-lan",
	"proto": "static",
	"device": "br-lan",
	"updated": [
		"addresses"
	],
	"metric": 0,
	"dns_metric": 0,
	"delegation": true,
	"ipv4-address": [
		{
			"address": "192.168.1.1",
			"mask": 24
		}
	],
	"ipv6-address": [
		
	],
	"ipv6-prefix": [
		
	],
	"ipv6-prefix-assignment": [
		{
			"address": "fd04:ce61:fa0e::",
			"mask": 60,
			"local-address": {
				"address": "fd04:ce61:fa0e::1",
				"mask": 60
			}
		}
	],
	"route": [
		
	],
	"dns-server": [
		
	],
	"dns-search": [
		
	],
	"neighbors": [
		
	],
	"inactive": {
		"ipv4-address": [
			
		],
		"ipv6-address": [
			
		],
		"route": [
			
		],
		"dns-server": [
			
		],
		"dns-search": [
			
		],
		"neighbors": [
			
		]
	},
	"data": {
		
	}
}
SHWYUTQQSN 0
root@OpenWrt:~# echo 'OKME''ECSVFZ'
OKMEECSVFZ
root@OpenWrt:~# MARKER='BFNJ''YLQNBY' run true
BFNJYLQNBYBFNJYLQNBY 0
root@OpenWrt:~# echo 'MACT''NBNGHV'
MACTNBNGHV
root@OpenWrt:~# MARKER='KZOZ''SZVHXE' run 'source /etc/os-release; echo $BUILD_I
D'
KZOZSZVHXEr33768-acf9796d7d
KZOZSZVHXE 0
root@OpenWrt:~# echo 'JULU''OWJFSP'
JULUOWJFSP
root@OpenWrt:~# MARKER='MWPH''QNGZQJ' run 'ls /etc/dropbear/dropbear_rsa_host_ke
y'
MWPHQNGZQJ[0;0m/etc/dropbear/dropbear_rsa_host_key[m
MWPHQNGZQJ 0
root@OpenWrt:~# echo 'EUZA''FLOFWU'
EUZAFLOFWU
root@OpenWrt:~# MARKER='GJAU''POQBGF' run 'netstat -tlpn | grep 0.0.0.0:22'
GJAUPOQBGFtcp        0      0 0.0.0.0:22              0.0.0.0:*               LISTEN      1967/dropbear
GJAUPOQBGF 0
root@OpenWrt:~# echo 'TYAP''YQJPHJ'
TYAPYQJPHJ
root@OpenWrt:~# MARKER='NKJF''JWZVZE' run 'dmesg | grep br-lan | grep forwarding
'
NKJFJWZVZE[   42.671171] br-lan: port 1(eth0) entered forwarding state
NKJFJWZVZE 0
root@OpenWrt:~# echo 'YBPF''XBKZSX'
YBPFXBKZSX
root@OpenWrt:~# MARKER='OAWH''KSZSYN' run 'ubus call network.interface.lan statu
s '"'"'{}'"'"''
OAWHKSZSYN{
	"up": true,
	"pending": false,
	"available": true,
	"autostart": true,
	"dynamic": false,
	"uptime": 38,
	"l3_device": "br-lan",
	"proto": "static",
	"device": "br-lan",
	"updated": [
		"addresses"
	],
	"metric": 0,
	"dns_metric": 0,
	"delegation": true,
	"ipv4-address": [
		{
			"address": "192.168.1.1",
			"mask": 24
		}
	],
	"ipv6-address": [
		
	],
	"ipv6-prefix": [
		
	],
	"ipv6-prefix-assignment": [
		{
			"address": "fd04:ce61:fa0e::",
			"mask": 60,
			"local-address": {
				"address": "fd04:ce61:fa0e::1",
				"mask": 60
			}
		}
	],
	"route": [
		
	],
	"dns-server": [
		
	],
	"dns-search": [
		
	],
	"neighbors": [
		
	],
	"inactive": {
		"ipv4-address": [
			
		],
		"ipv6-address": [
			
		],
		"route": [
			
		],
		"dns-server": [
			
		],
		"dns-search": [
			
		],
		"neighbors": [
			
		]
	},
	"data": {
		
	}
}
OAWHKSZSYN 0
root@OpenWrt:~# echo 'CBNG''KWWKHT'
CBNGKWWKHT
root@OpenWrt:~# MARKER='GQBW''VTZMSN' run 'ip -o addr show dev br-lan'
GQBWVTZMSN4: br-lan    inet 192.168.1.1/24 brd 192.168.1.255 scope global br-lan\       valid_lft forever preferred_lft forever
4: br-lan    inet6 fd04:ce61:fa0e::1/60 scope global noprefixroute \       valid_lft forever preferred_lft forever
4: br-lan    inet6 fe80::5054:ff:fe12:3456/64 scope link \       valid_lft forever preferred_lft forever
GQBWVTZMSN 0
root@OpenWrt:~# echo 'TZQU''SWSNZC'
TZQUSWSNZC
root@OpenWrt:~# MARKER='MKUH''HTAFXT' run 'ubus call network.interface.wan statu
s '"'"'{}'"'"''
MKUHHTAFXT{
	"up": true,
	"pending": false,
	"available": true,
	"autostart": true,
	"dynamic": false,
	"uptime": 33,
	"l3_device": "eth1",
	"proto": "dhcp",
	"device": "eth1",
	"updated": [
		"addresses",
		"routes",
		"data"
	],
	"metric": 0,
	"dns_metric": 0,
	"delegation": true,
	"ipv4-address": [
		{
			"address": "10.0.2.15",
			"mask": 24
		}
	],
	"ipv6-address": [
		
	],
	"ipv6-prefix": [
		
	],
	"ipv6-prefix-assignment": [
		
	],
	"route": [
		{
			"target": "0.0.0.0",
			"mask": 0,
			"nexthop": "10.0.2.2",
			"source": "10.0.2.15/32"
		}
	],
	"dns-server": [
		"10.0.2.3"
	],
	"dns-search": [
		
	],
	"neighbors": [
		
	],
	"inactive": {
		"ipv4-address": [
			
		],
		"ipv6-address": [
			
		],
		"route": [
			
		],
		"dns-server": [
			
		],
		"dns-search": [
			
		],
		"neighbors": [
			
		]
	},
	"data": {
		"dhcpserver": "10.0.2.2",
		"leasetime": 86400
	}
}
MKUHHTAFXT 0
root@OpenWrt:~# 