Labgrid Console Logfile for main
Logfile started at 2026-04-12 01:56:25.215549
=== Log starts here ===
[    0.000000] Booting Linux on physical CPU 0x0000000000 [0x411fd070]
[    0.000000] Linux version 6.12.80 (builder@buildhost) (aarch64-openwrt-linux-musl-gcc (OpenWrt GCC 14.3.0 r33883-12d47b27f2) 14.3.0, GNU ld (GNU Binutils) 2.44) #0 SMP Sat Apr 11 17:36:44 2026
[    0.000000] KASLR enabled
[    0.000000] random: crng init done
[    0.000000] Machine model: linux,dummy-virt
[    0.000000] efi: UEFI not found.
[    0.000000] OF: reserved mem: Reserved memory: No reserved-memory node in the DT
[    0.000000] NUMA: Faking a node at [mem 0x0000000040000000-0x0000000047ffffff]
[    0.000000] NODE_DATA(0) allocated [mem 0x47fb8e80-0x47fbbbff]
[    0.000000] Zone ranges:
[    0.000000]   DMA      [mem 0x0000000040000000-0x0000000047ffffff]
[    0.000000]   DMA32    empty
[    0.000000]   Normal   empty
[    0.000000] Movable zone start for each node
[    0.000000] Early memory node ranges
[    0.000000]   node   0: [mem 0x0000000040000000-0x0000000047ffffff]
[    0.000000] Initmem setup node 0 [mem 0x0000000040000000-0x0000000047ffffff]
[    0.000000] cma: Reserved 32 MiB at 0x0000000045c00000 on node -1
[    0.000000] psci: probing for conduit method from DT.
[    0.000000] psci: PSCIv1.1 detected in firmware.
[    0.000000] psci: Using standard PSCI v0.2 function IDs
[    0.000000] psci: Trusted OS migration not required
[    0.000000] psci: SMC Calling Convention v1.0
[    0.000000] percpu: Embedded 23 pages/cpu s53400 r8192 d32616 u94208
[    0.000000] Detected PIPT I-cache on CPU0
[    0.000000] CPU features: detected: Spectre-v2
[    0.000000] CPU features: detected: Spectre-v3a
[    0.000000] CPU features: detected: Spectre-v4
[    0.000000] CPU features: detected: Spectre-BHB
[    0.000000] CPU features: kernel page table isolation forced ON by KASLR
[    0.000000] CPU features: detected: Kernel page table isolation (KPTI)
[    0.000000] CPU features: detected: ARM erratum 834220
[    0.000000] CPU features: detected: ARM erratum 832075
[    0.000000] CPU features: detected: ARM errata 1165522, 1319367, or 1530923
[    0.000000] alternatives: applying boot alternatives
[    0.000000] Kernel command line: 
[    0.000000] Dentry cache hash table entries: 16384 (order: 5, 131072 bytes, linear)
[    0.000000] Inode-cache hash table entries: 8192 (order: 4, 65536 bytes, linear)
[    0.000000] Fallback order for Node 0: 0 
[    0.000000] Built 1 zonelists, mobility grouping on.  Total pages: 32768
[    0.000000] Policy zone: DMA
[    0.000000] mem auto-init: stack:off, heap alloc:off, heap free:off
[    0.000000] software IO TLB: SWIOTLB bounce buffer size adjusted to 0MB
[    0.000000] software IO TLB: area num 1.
[    0.000000] software IO TLB: mapped [mem 0x0000000047f1b000-0x0000000047f5b000] (0MB)
[    0.000000] SLUB: HWalign=64, Order=0-3, MinObjects=0, CPUs=1, Nodes=1
[    0.000000] rcu: Hierarchical RCU implementation.
[    0.000000] rcu: 	RCU restricting CPUs from NR_CPUS=256 to nr_cpu_ids=1.
[    0.000000] 	Tracing variant of Tasks RCU enabled.
[    0.000000] rcu: RCU calculated value of scheduler-enlistment delay is 10 jiffies.
[    0.000000] rcu: Adjusting geometry for rcu_fanout_leaf=16, nr_cpu_ids=1
[    0.000000] RCU Tasks Trace: Setting shift to 0 and lim to 1 rcu_task_cb_adjust=1 rcu_task_cpu_ids=1.
[    0.000000] NR_IRQS: 64, nr_irqs: 64, preallocated irqs: 0
[    0.000000] Root IRQ handler: gic_handle_irq
[    0.000000] GICv2m: range[mem 0x08020000-0x08020fff], SPI[80:143]
[    0.000000] rcu: srcu_init: Setting srcu_struct sizes based on contention.
[    0.000000] arch_timer: cp15 timer(s) running at 62.50MHz (virt).
[    0.000000] clocksource: arch_sys_counter: mask: 0x1ffffffffffffff max_cycles: 0x1cd42e208c, max_idle_ns: 881590405314 ns
[    0.000058] sched_clock: 57 bits at 63MHz, resolution 16ns, wraps every 4398046511096ns
[    0.002985] Console: colour dummy device 80x25
[    0.003398] printk: legacy console [tty0] enabled
[    0.007273] Calibrating delay loop (skipped), value calculated using timer frequency.. 125.00 BogoMIPS (lpj=625000)
[    0.007415] pid_max: default: 32768 minimum: 301
[    0.012559] Mount-cache hash table entries: 512 (order: 0, 4096 bytes, linear)
[    0.012623] Mountpoint-cache hash table entries: 512 (order: 0, 4096 bytes, linear)
[    0.039044] cacheinfo: Unable to detect cache hierarchy for CPU 0
[    0.049841] rcu: Hierarchical SRCU implementation.
[    0.049922] rcu: 	Max phase no-delay instances is 1000.
[    0.053673] EFI services will not be available.
[    0.055010] smp: Bringing up secondary CPUs ...
[    0.055691] smp: Brought up 1 node, 1 CPU
[    0.055737] SMP: Total of 1 processors activated.
[    0.055788] CPU: All CPU(s) started at EL1
[    0.056020] CPU features: detected: 32-bit EL0 Support
[    0.056053] CPU features: detected: 32-bit EL1 Support
[    0.056133] CPU features: detected: CRC32 instructions
[    0.066131] alternatives: applying system-wide alternatives
[    0.074997] CPU features: emulated: Privileged Access Never (PAN) using TTBR0_EL1 switching
[    0.087706] Memory: 57668K/131072K available (12672K kernel code, 1572K rwdata, 4800K rodata, 15296K init, 764K bss, 39312K reserved, 32768K cma-reserved)
[    0.120507] clocksource: jiffies: mask: 0xffffffff max_cycles: 0xffffffff, max_idle_ns: 19112604462750000 ns
[    0.121135] futex hash table entries: 256 (order: 2, 16384 bytes, linear)
[    0.123310] 2G module region forced by RANDOMIZE_MODULE_REGION_FULL
[    0.123366] 0 pages in range for non-PLT usage
[    0.123416] 515456 pages in range for PLT usage
[    0.125196] pinctrl core: initialized pinctrl subsystem
[    0.136937] DMI not present or invalid.
[    0.150369] NET: Registered PF_NETLINK/PF_ROUTE protocol family
[    0.160228] DMA: preallocated 128 KiB GFP_KERNEL pool for atomic allocations
[    0.160777] DMA: preallocated 128 KiB GFP_KERNEL|GFP_DMA pool for atomic allocations
[    0.161038] DMA: preallocated 128 KiB GFP_KERNEL|GFP_DMA32 pool for atomic allocations
[    0.165108] thermal_sys: Registered thermal governor 'step_wise'
[    0.165489] cpuidle: using governor ladder
[    0.165726] cpuidle: using governor menu
[    0.166441] ASID allocator initialised with 32768 entries
[    0.168320] Serial: AMBA PL011 UART driver
[    0.195706] 9000000.pl011: ttyAMA0 at MMIO 0x9000000 (irq = 13, base_baud = 0) is a PL011 rev1
[    0.197236] printk: legacy console [ttyAMA0] enabled
[    0.424016] HugeTLB: registered 1.00 GiB page size, pre-allocated 0 pages
[    0.424257] HugeTLB: 0 KiB vmemmap can be freed for a 1.00 GiB page
[    0.424451] HugeTLB: registered 32.0 MiB page size, pre-allocated 0 pages
[    0.428528] HugeTLB: 0 KiB vmemmap can be freed for a 32.0 MiB page
[    0.428835] HugeTLB: registered 2.00 MiB page size, pre-allocated 0 pages
[    0.429107] HugeTLB: 0 KiB vmemmap can be freed for a 2.00 MiB page
[    0.429295] HugeTLB: registered 64.0 KiB page size, pre-allocated 0 pages
[    0.439643] HugeTLB: 0 KiB vmemmap can be freed for a 64.0 KiB page
[    0.446144] cryptd: max_cpu_qlen set to 1000
[    0.450657] ACPI: Interpreter disabled.
[    0.453277] iommu: Default domain type: Passthrough
[    0.455421] SCSI subsystem initialized
[    0.457282] usbcore: registered new interface driver usbfs
[    0.457734] usbcore: registered new interface driver hub
[    0.458022] usbcore: registered new device driver usb
[    0.477243] clocksource: Switched to clocksource arch_sys_counter
[    0.479389] netfs: FS-Cache loaded
[    0.480266] pnp: PnP ACPI: disabled
[    0.489707] NET: Registered PF_INET protocol family
[    0.491241] IP idents hash table entries: 2048 (order: 2, 16384 bytes, linear)
[    0.496689] tcp_listen_portaddr_hash hash table entries: 256 (order: 0, 4096 bytes, linear)
[    0.497011] Table-perturb hash table entries: 65536 (order: 6, 262144 bytes, linear)
[    0.500038] TCP established hash table entries: 1024 (order: 1, 8192 bytes, linear)
[    0.500607] TCP bind hash table entries: 1024 (order: 3, 32768 bytes, linear)
[    0.500967] TCP: Hash tables configured (established 1024 bind 1024)
[    0.502647] MPTCP token hash table entries: 256 (order: 1, 6144 bytes, linear)
[    0.511714] UDP hash table entries: 256 (order: 1, 8192 bytes, linear)
[    0.512129] UDP-Lite hash table entries: 256 (order: 1, 8192 bytes, linear)
[    0.513707] NET: Registered PF_UNIX/PF_LOCAL protocol family
[    0.514391] PCI: CLS 0 bytes, default 64
[    0.546976] kvm [1]: HYP mode not available
[    0.551785] workingset: timestamp_bits=42 max_order=15 bucket_order=0
[    0.553805] squashfs: version 4.0 (2009/01/31) Phillip Lougher
[    0.554018] jffs2: version 2.2 (NAND) (SUMMARY) (LZMA) (RTIME) (CMODE_PRIORITY) (c) 2001-2006 Red Hat, Inc.
[    0.567494] 9p: Installing v9fs 9p2000 file system support
[    0.570161] Block layer SCSI generic (bsg) driver version 0.4 loaded (major 250)
[    0.580494] atomic64_test: passed
[    0.592273] pl061_gpio 9030000.pl061: PL061 GPIO chip registered
[    0.594581] pci-host-generic 4010000000.pcie: host bridge /pcie@10000000 ranges:
[    0.595510] pci-host-generic 4010000000.pcie:       IO 0x003eff0000..0x003effffff -> 0x0000000000
[    0.596499] pci-host-generic 4010000000.pcie:      MEM 0x0010000000..0x003efeffff -> 0x0010000000
[    0.602846] pci-host-generic 4010000000.pcie:      MEM 0x8000000000..0xffffffffff -> 0x8000000000
[    0.603773] pci-host-generic 4010000000.pcie: Memory resource size exceeds max for 32 bits
[    0.604495] pci-host-generic 4010000000.pcie: ECAM at [mem 0x4010000000-0x401fffffff] for [bus 00-ff]
[    0.615407] pci-host-generic 4010000000.pcie: PCI host bridge to bus 0000:00
[    0.616106] pci_bus 0000:00: root bus resource [bus 00-ff]
[    0.616387] pci_bus 0000:00: root bus resource [io  0x0000-0xffff]
[    0.616642] pci_bus 0000:00: root bus resource [mem 0x10000000-0x3efeffff]
[    0.625661] pci_bus 0000:00: root bus resource [mem 0x8000000000-0xffffffffff]
[    0.628551] pci 0000:00:00.0: [1b36:0008] type 00 class 0x060000 conventional PCI endpoint
[    0.631828] pci 0000:00:01.0: [1af4:1000] type 00 class 0x020000 conventional PCI endpoint
[    0.632317] pci 0000:00:01.0: BAR 0 [io  0x0000-0x001f]
[    0.632608] pci 0000:00:01.0: BAR 4 [mem 0x00000000-0x00003fff 64bit pref]
[    0.637286] pci 0000:00:01.0: ROM [mem 0x00000000-0x0007ffff pref]
[    0.638066] pci 0000:00:02.0: [1af4:1005] type 00 class 0x00ff00 conventional PCI endpoint
[    0.638350] pci 0000:00:02.0: BAR 0 [io  0x0000-0x001f]
[    0.638564] pci 0000:00:02.0: BAR 1 [mem 0x00000000-0x00000fff]
[    0.648396] pci 0000:00:02.0: BAR 4 [mem 0x00000000-0x00003fff 64bit pref]
[    0.649228] pci 0000:00:03.0: [1af4:1000] type 00 class 0x020000 conventional PCI endpoint
[    0.649503] pci 0000:00:03.0: BAR 0 [io  0x0000-0x001f]
[    0.649716] pci 0000:00:03.0: BAR 1 [mem 0x00000000-0x00000fff]
[    0.659571] pci 0000:00:03.0: BAR 4 [mem 0x00000000-0x00003fff 64bit pref]
[    0.659958] pci 0000:00:03.0: ROM [mem 0x00000000-0x0007ffff pref]
[    0.662332] pci 0000:00:01.0: ROM [mem 0x10000000-0x1007ffff pref]: assigned
[    0.662731] pci 0000:00:03.0: ROM [mem 0x10080000-0x100fffff pref]: assigned
[    0.670947] pci 0000:00:01.0: BAR 4 [mem 0x8000000000-0x8000003fff 64bit pref]: assigned
[    0.671377] pci 0000:00:02.0: BAR 4 [mem 0x8000004000-0x8000007fff 64bit pref]: assigned
[    0.671718] pci 0000:00:03.0: BAR 4 [mem 0x8000008000-0x800000bfff 64bit pref]: assigned
[    0.682102] pci 0000:00:02.0: BAR 1 [mem 0x10100000-0x10100fff]: assigned
[    0.682384] pci 0000:00:03.0: BAR 1 [mem 0x10101000-0x10101fff]: assigned
[    0.682652] pci 0000:00:01.0: BAR 0 [io  0x1000-0x101f]: assigned
[    0.682944] pci 0000:00:02.0: BAR 0 [io  0x1020-0x103f]: assigned
[    0.692585] pci 0000:00:03.0: BAR 0 [io  0x1040-0x105f]: assigned
[    0.693270] pci_bus 0000:00: resource 4 [io  0x0000-0xffff]
[    0.693474] pci_bus 0000:00: resource 5 [mem 0x10000000-0x3efeffff]
[    0.693702] pci_bus 0000:00: resource 6 [mem 0x8000000000-0xffffffffff]
[    0.706504] hv_vmbus: registering driver hyperv_fb
[    0.798826] virtio-pci 0000:00:01.0: enabling device (0000 -> 0003)
[    0.801844] virtio-pci 0000:00:02.0: enabling device (0000 -> 0003)
[    0.803168] virtio-pci 0000:00:03.0: enabling device (0000 -> 0003)
[    0.805885] Serial: 8250/16550 driver, 16 ports, IRQ sharing enabled
[    0.815470] SuperH (H)SCI(F) driver initialized
[    0.850066] loop: module loaded
[    0.851242] hv_vmbus: registering driver hv_storvsc
[    0.866196] hv_vmbus: registering driver hv_netvsc
[    0.869309] usbcore: registered new interface driver usb-storage
[    0.872130] hv_vmbus: registering driver hyperv_keyboard
[    0.874900] rtc-pl031 9010000.pl031: registered as rtc0
[    0.875660] rtc-pl031 9010000.pl031: setting system clock to 2026-04-12T01:56:25 UTC (1775958985)
[    0.880617] sdhci: Secure Digital Host Controller Interface driver
[    0.880815] sdhci: Copyright(c) Pierre Ossman
[    0.881448] Synopsys Designware Multimedia Card Interface Driver
[    0.882248] sdhci-pltfm: SDHCI platform and OF driver helper
[    0.884186] hid: raw HID events driver (C) Jiri Kosina
[    0.888702] usbcore: registered new interface driver usbhid
[    0.888938] usbhid: USB HID core driver
[    0.891775] NET: Registered PF_INET6 protocol family
[    0.913038] Segment Routing with IPv6
[    0.913415] In-situ OAM (IOAM) with IPv6
[    0.914074] NET: Registered PF_PACKET protocol family
[    0.914775] bridge: filtering via arp/ip/ip6tables is no longer available by default. Update your scripts to load br_netfilter if you need this.
[    0.924358] 8021q: 802.1Q VLAN Support v1.8
[    0.925286] 9pnet: Installing 9P2000 support
[    0.983926] Demotion targets for Node 0: null
[    0.992620] clk: Disabling unused clocks
[    0.992990] PM: genpd: Disabling unused power domains
[    1.036890] Freeing unused kernel memory: 15296K
[    1.039261] Run /init as init process
[    2.592258] init: Console is alive
[    2.700518] kmodloader: loading kernel modules from /etc/modules-boot.d/*
[    2.727644] pps_core: LinuxPPS API ver. 1 registered
[    2.727901] pps_core: Software ver. 5.3.6 - Copyright 2005-2007 Rodolfo Giometti <giometti@linux.it>
[    2.770599] PTP clock support registered
[    2.809744] e1000e: Intel(R) PRO/1000 Network Driver
[    2.810024] e1000e: Copyright(c) 1999 - 2015 Intel Corporation.
[    2.812348] kmodloader: done loading kernel modules from /etc/modules-boot.d/*
[    2.824856] init: - preinit -
[    4.651683] 8021q: adding VLAN 0 to HW filter on device eth0
Press the [f] key and hit [enter] to enter failsafe mode
Press the [1], [2], [3] or [4] key and hit [enter] to select the debug level
[    9.655517] procd: - early -
[   10.797683] procd: - ubus -
[   11.006686] procd: - init -
Please press Enter to activate this console.
root
login[1148]: root login on 'ttyAMA0'


BusyBox v1.37.0 (2026-01-02 17:07:02 UTC) built-in shell (ash)

  _______                     ________        __
 |       |.-----.-----.-----.|  |  |  |.----.|  |_
 |   -   ||  _  |  -__|     ||  |  |  ||   _||   _|
 |_______||   __|_____|__|__||________||__|  |____|
          |__| W I R E L E S S   F R E E D O M
 -----------------------------------------------------
 OpenWrt SNAPSHOT, r33883-12d47b27f2
 -----------------------------------------------------

 === WARNING! =====================================
 There is no root password defined on this device!
 Use the "passwd" command to set up a new password
 in order to prevent unauthorized SSH logins.
 --------------------------------------------------

root@(none):~# dmesg -n 1
root@(none):~# echo 'HSNA''AEQSBC'
HSNAAEQSBC
root@(none):~# run() { echo -n "$MARKER"; sh -c "$@"; echo "$MARKER $?"; }
root@(none):~# echo 'VWWL''LCMUSN'
VWWLLCMUSN
root@(none):~# MARKER='WVNE''BWQABO' run 'ubus wait_for network.interface.lan'
WVNEBWQABO