Labgrid Console Logfile for main
Logfile started at 2026-04-09 02:57:57.335941
=== Log starts here ===
c[?7l[2J[0mSeaBIOS (version 1.16.3-debian-1.16.3-2)


iPXE (https://ipxe.org) 00:03.0 CA00 PCI2.10 PnP PMM+06FCAE70+06F0AE70 CA00
Press Ctrl-B to configure iPXE (PCI 00:03.0)...                                                                               




iPXE (https://ipxe.org) 00:05.0 CB00 PCI2.10 PnP PMM 06FCAE70 06F0AE70 CB00
Press Ctrl-B to configure iPXE (PCI 00:05.0)...                                                                               


Booting from Hard Disk...
GRUB loading.....
[0;30;47mWelcome to GRUB![01;01H[0m[2J[H[J[1;1H[?25l[m[H[J[1;1H[2;30HGNU GRUB  version 2.12

[m[4;2H+----------------------------------------------------------------------------+[5;2H|[5;79H|[6;2H|[6;79H|[7;2H|[7;79H|[8;2H|[8;79H|[9;2H|[9;79H|[10;2H|[10;79H|[11;2H|[11;79H|[12;2H|[12;79H|[13;2H|[13;79H|[14;2H|[14;79H|[15;2H|[15;79H|[16;2H+----------------------------------------------------------------------------+[m[17;2H[18;2H[m     Use the ^ and v keys to select which entry is highlighted.          
      Press enter to boot the selected OS, `e' to edit the commands       
      before booting or `c' for a command-line. ESC to return             
      previous menu.                                                      [5;80H [7m[5;3H*OpenWrt                                                                    [m[5;78H[m[m[6;3H OpenWrt (failsafe)                                                         [m[6;78H[m[m[7;3H                                                                            [m[7;78H[m[m[8;3H                                                                            [m[8;78H[m[m[9;3H                                                                            [m[9;78H[m[m[10;3H                                                                            [m[10;78H[m[m[11;3H                                                                            [m[11;78H[m[m[12;3H                                                                            [m[12;78H[m[m[13;3H                                                                            [m[13;78H[m[m[14;3H                                                                            [m[14;78H[m[m[15;3H                                                                            [m[15;78H[m[15;80H [5;78H[2J[02;30HGNU GRUB  version 2.12[04;02H┌────────────────────────────────────────────────────────────────────────────┐[05;02H│[05;79H│[06;02H│[06;79H│[07;02H│[07;79H│[08;02H│[08;79H│[09;02H│[09;79H│[10;02H│[10;79H│[11;02H│[11;79H│[12;02H│[12;79H│[13;02H│[13;79H│[14;02H│[14;79H│[15;02H│[15;79H│[16;02H│[16;79H│[17;02H└────────────────────────────────────────────────────────────────────────────┘[19;02H     Use the ↑ and ↓ keys to select which entry is highlighted.          
      Press enter to boot the selected OS, `e' to edit the commands       
      before booting or `c' for a command-line. ESC to return     [21;66H[21;67H        
      previous menu.                                                      [05;80H [05;03H[0;30;47m*OpenWrt                                                                    [06;03H[0m OpenWrt (failsafe)                                                         [07;03H                                                                            [08;03H       [08;09H[08;10H                                                                     [09;03H                                                                            [10;03H                                                                            [11;03H                                                                            [12;03H                                                                            [13;03H                                                                            [14;03H                                                                            [15;03H                                                                            [16;03H                                                                            [16;80H 






   The highlighted entry will be executed automatically in 5s.                [22;1H   The highlighted entry will be executed automatically in 5s.                 [5;78H [05;78H

















   The highlighted entry will be executed automatically in 4s.                [22;1H   The highlighted entry will be executed automatically in 4s.                 [5;78H [05;78H

















   The highlighted entry will be executed automatically in[23;58H[23;59H 3s.                [22;1H   The highlighted entry will be executed automatically in 3s.                 [5;78H [05;78H

















   The highlighted entry will be executed automatically in 2s.                [22;1H   The highlighted entry will be executed automatically in 2s.                 [5;78H [05;78H

















   The highlighted entry will be executed automatically in 1s.                [22;1H   The highlighted entry will be executed automatically in 1s.                 [5;78H [05;78H

















   The highlighted entry will be executed automatically in 0s.                [22;1H   The highlighted entry will be executed automatically in 0s.                 [5;78H [01;01H[2J[?25h[H[J[1;1H[H[J[1;1H[2J   Booting `OpenWrt' Booting `OpenWrt

'

[    0.000000] Linux version 6.6.129 (builder@buildhost) (x86_64-openwrt-linux-musl-gcc (OpenWrt GCC 13.3.0 r29148-beaf298c4c) 13.3.0, GNU ld (GNU Binutils) 2.42) #0 SMP Tue Apr  7 12:15:08 2026
[    0.000000] Command line: BOOT_IMAGE=/boot/vmlinuz root=PARTUUID=6d2eb9b7-02 rootwait console=tty1 console=ttyS0,115200n8 noinitrd
[    0.000000] BIOS-provided physical RAM map:
[    0.000000] BIOS-e820: [mem 0x0000000000000000-0x000000000009fbff] usable
[    0.000000] BIOS-e820: [mem 0x000000000009fc00-0x000000000009ffff] reserved
[    0.000000] BIOS-e820: [mem 0x00000000000f0000-0x00000000000fffff] reserved
[    0.000000] BIOS-e820: [mem 0x0000000000100000-0x0000000007fdcfff] usable
[    0.000000] BIOS-e820: [mem 0x0000000007fdd000-0x0000000007ffffff] reserved
[    0.000000] BIOS-e820: [mem 0x00000000fffc0000-0x00000000ffffffff] reserved
[    0.000000] BIOS-e820: [mem 0x000000fd00000000-0x000000ffffffffff] reserved
[    0.000000] NX (Execute Disable) protection: active
[    0.000000] APIC: Static calls initialized
[    0.000000] SMBIOS 3.0.0 present.
[    0.000000] DMI: QEMU Standard PC (i440FX + PIIX, 1996), BIOS 1.16.3-debian-1.16.3-2 04/01/2014
[    0.000000] tsc: Fast TSC calibration using PIT
[    0.000000] tsc: Detected 2445.408 MHz processor
[    0.008796] last_pfn = 0x7fdd max_arch_pfn = 0x400000000
[    0.009433] MTRR map: 4 entries (3 fixed + 1 variable; max 19), built from 8 variable MTRRs
[    0.009631] x86/PAT: Configuration [0-7]: WB  WC  UC- UC  WB  WP  UC- WT  
[    0.027522] found SMP MP-table at [mem 0x000f5460-0x000f546f]
[    0.028870] Using GB pages for direct mapping
[    0.032682] ACPI: Early table checksum verification disabled
[    0.033013] ACPI: RSDP 0x00000000000F5290 000014 (v00 BOCHS )
[    0.033467] ACPI: RSDT 0x0000000007FE1C64 000034 (v01 BOCHS  BXPC     00000001 BXPC 00000001)
[    0.033979] ACPI: FACP 0x0000000007FE1B18 000074 (v01 BOCHS  BXPC     00000001 BXPC 00000001)
[    0.034612] ACPI: DSDT 0x0000000007FE0040 001AD8 (v01 BOCHS  BXPC     00000001 BXPC 00000001)
[    0.034714] ACPI: FACS 0x0000000007FE0000 000040
[    0.034770] ACPI: APIC 0x0000000007FE1B8C 000078 (v03 BOCHS  BXPC     00000001 BXPC 00000001)
[    0.034800] ACPI: HPET 0x0000000007FE1C04 000038 (v01 BOCHS  BXPC     00000001 BXPC 00000001)
[    0.034826] ACPI: WAET 0x0000000007FE1C3C 000028 (v01 BOCHS  BXPC     00000001 BXPC 00000001)
[    0.034911] ACPI: Reserving FACP table memory at [mem 0x7fe1b18-0x7fe1b8b]
[    0.034960] ACPI: Reserving DSDT table memory at [mem 0x7fe0040-0x7fe1b17]
[    0.034970] ACPI: Reserving FACS table memory at [mem 0x7fe0000-0x7fe003f]
[    0.034978] ACPI: Reserving APIC table memory at [mem 0x7fe1b8c-0x7fe1c03]
[    0.034985] ACPI: Reserving HPET table memory at [mem 0x7fe1c04-0x7fe1c3b]
[    0.034992] ACPI: Reserving WAET table memory at [mem 0x7fe1c3c-0x7fe1c63]
[    0.038083] Zone ranges:
[    0.038118]   DMA      [mem 0x0000000000001000-0x0000000000ffffff]
[    0.038196]   DMA32    [mem 0x0000000001000000-0x0000000007fdcfff]
[    0.038210]   Normal   empty
[    0.038235] Movable zone start for each node
[    0.038263] Early memory node ranges
[    0.038294]   node   0: [mem 0x0000000000001000-0x000000000009efff]
[    0.038341]   node   0: [mem 0x0000000000100000-0x0000000007fdcfff]
[    0.038472] Initmem setup node 0 [mem 0x0000000000001000-0x0000000007fdcfff]
[    0.039390] On node 0, zone DMA: 1 pages in unavailable ranges
[    0.039743] On node 0, zone DMA: 97 pages in unavailable ranges
[    0.040778] On node 0, zone DMA32: 35 pages in unavailable ranges
[    0.041092] ACPI: PM-Timer IO Port: 0x608
[    0.041468] ACPI: LAPIC_NMI (acpi_id[0xff] dfl dfl lint[0x1])
[    0.041873] IOAPIC[0]: apic_id 0, version 32, address 0xfec00000, GSI 0-23
[    0.041989] ACPI: INT_SRC_OVR (bus 0 bus_irq 0 global_irq 2 dfl dfl)
[    0.042243] ACPI: INT_SRC_OVR (bus 0 bus_irq 5 global_irq 5 high level)
[    0.042299] ACPI: INT_SRC_OVR (bus 0 bus_irq 9 global_irq 9 high level)
[    0.042412] ACPI: INT_SRC_OVR (bus 0 bus_irq 10 global_irq 10 high level)
[    0.042427] ACPI: INT_SRC_OVR (bus 0 bus_irq 11 global_irq 11 high level)
[    0.042631] ACPI: Using ACPI (MADT) for SMP configuration information
[    0.042678] ACPI: HPET id: 0x8086a201 base: 0xfed00000
[    0.042969] smpboot: Allowing 1 CPUs, 0 hotplug CPUs
[    0.044056] [mem 0x08000000-0xfffbffff] available for PCI devices
[    0.044110] Booting paravirtualized kernel on bare hardware
[    0.044439] clocksource: refined-jiffies: mask: 0xffffffff max_cycles: 0xffffffff, max_idle_ns: 19112604462750000 ns
[    0.045062] setup_percpu: NR_CPUS:512 nr_cpumask_bits:1 nr_cpu_ids:1 nr_node_ids:1
[    0.046701] percpu: Embedded 48 pages/cpu s158248 r8192 d30168 u2097152
[    0.048956] Kernel command line: BOOT_IMAGE=/boot/vmlinuz root=PARTUUID=6d2eb9b7-02 rootwait console=tty1 console=ttyS0,115200n8 noinitrd
[    0.050655] random: crng init done
[    0.055470] Dentry cache hash table entries: 16384 (order: 5, 131072 bytes, linear)
[    0.056436] Inode-cache hash table entries: 8192 (order: 4, 65536 bytes, linear)
[    0.059165] Built 1 zonelists, mobility grouping on.  Total pages: 31965
[    0.059414] mem auto-init: stack:off, heap alloc:off, heap free:off
[    0.062931] Memory: 102576K/130540K available (14336K kernel code, 1170K rwdata, 2296K rodata, 2452K init, 2408K bss, 27708K reserved, 0K cma-reserved)
[    0.068895] SLUB: HWalign=64, Order=0-3, MinObjects=0, CPUs=1, Nodes=1
[    0.076514] rcu: Hierarchical RCU implementation.
[    0.076545] rcu: 	RCU restricting CPUs from NR_CPUS=512 to nr_cpu_ids=1.
[    0.076661] 	Tracing variant of Tasks RCU enabled.
[    0.076749] rcu: RCU calculated value of scheduler-enlistment delay is 10 jiffies.
[    0.076778] rcu: Adjusting geometry for rcu_fanout_leaf=16, nr_cpu_ids=1
[    0.077913] NR_IRQS: 33024, nr_irqs: 256, preallocated irqs: 16
[    0.086627] rcu: srcu_init: Setting srcu_struct sizes based on contention.
[    0.093439] Console: colour VGA+ 80x25
[    0.093745] printk: console [tty1] enabled
[    0.101571] printk: console [ttyS0] enabled
[    0.333729] ACPI: Core revision 20230628
[    0.339514] clocksource: hpet: mask: 0xffffffff max_cycles: 0xffffffff, max_idle_ns: 19112604467 ns
[    0.344848] APIC: Switch to symmetric I/O mode setup
[    0.349119] ..TIMER: vector=0x30 apic1=0 pin1=2 apic2=-1 pin2=-1
[    0.391338] clocksource: tsc-early: mask: 0xffffffffffffffff max_cycles: 0x233fc6bd520, max_idle_ns: 440795230742 ns
[    0.392038] Calibrating delay loop (skipped), value calculated using timer frequency.. 4890.81 BogoMIPS (lpj=24454080)
[    0.393740] x86/cpu: User Mode Instruction Prevention (UMIP) activated
[    0.408551] Last level iTLB entries: 4KB 0, 2MB 0, 4MB 0
[    0.408956] Last level dTLB entries: 4KB 0, 2MB 0, 4MB 0, 1GB 0
[    0.412180] Spectre V1 : Mitigation: usercopy/swapgs barriers and __user pointer sanitization
[    0.412948] Spectre V2 : Mitigation: Retpolines
[    0.413872] Spectre V2 : Spectre v2 / SpectreRSB: Filling RSB on context switch and VMEXIT
[    0.414507] Speculative Store Bypass: Vulnerable
[    0.416965] x86/fpu: Supporting XSAVE feature 0x001: 'x87 floating point registers'
[    0.421590] x86/fpu: Supporting XSAVE feature 0x002: 'SSE registers'
[    0.423163] x86/fpu: Supporting XSAVE feature 0x004: 'AVX registers'
[    0.423405] x86/fpu: Supporting XSAVE feature 0x008: 'MPX bounds registers'
[    0.423679] x86/fpu: Supporting XSAVE feature 0x010: 'MPX CSR'
[    0.424076] x86/fpu: xstate_offset[2]:  576, xstate_sizes[2]:  256
[    0.432200] x86/fpu: xstate_offset[3]:  960, xstate_sizes[3]:   64
[    0.432547] x86/fpu: xstate_offset[4]: 1024, xstate_sizes[4]:   64
[    0.432801] x86/fpu: Enabled xstate features 0x1f, context size is 1088 bytes, using 'standard' format.
[    0.709992] Freeing SMP alternatives memory: 40K
[    0.711322] pid_max: default: 32768 minimum: 301
[    0.720606] Mount-cache hash table entries: 512 (order: 0, 4096 bytes, linear)
[    0.721143] Mountpoint-cache hash table entries: 512 (order: 0, 4096 bytes, linear)
[    0.870762] smpboot: CPU0: AMD QEMU TCG CPU version 2.5+ (family: 0x6, model: 0x6, stepping: 0x3)
[    0.871946] RCU Tasks Trace: Setting shift to 0 and lim to 1 rcu_task_cb_adjust=1 rcu_task_cpu_ids=1.
[    0.872438] Performance Events: PMU not available due to virtualization, using software events only.
[    0.874150] signal: max sigframe size: 1616
[    0.875702] rcu: Hierarchical SRCU implementation.
[    0.875928] rcu: 	Max phase no-delay instances is 1000.
[    0.878982] smp: Bringing up secondary CPUs ...
[    0.880977] smp: Brought up 1 node, 1 CPU
[    0.883563] smpboot: Max logical packages: 1
[    0.883840] smpboot: Total of 1 processors activated (4890.81 BogoMIPS)
[    0.901864] clocksource: jiffies: mask: 0xffffffff max_cycles: 0xffffffff, max_idle_ns: 19112604462750000 ns
[    0.903289] futex hash table entries: 256 (order: 2, 16384 bytes, linear)
[    0.904356] pinctrl core: initialized pinctrl subsystem
[    0.924246] NET: Registered PF_NETLINK/PF_ROUTE protocol family
[    0.931108] thermal_sys: Registered thermal governor 'step_wise'
[    0.931146] thermal_sys: Registered thermal governor 'user_space'
[    0.932180] cpuidle: using governor ladder
[    0.932711] cpuidle: using governor menu
[    0.936324] acpiphp: ACPI Hot Plug PCI Controller Driver version: 0.5
[    0.939057] PCI: Using configuration type 1 for base access
[    0.948617] cryptd: max_cpu_qlen set to 1000
[    0.953539] ACPI: Added _OSI(Module Device)
[    0.953750] ACPI: Added _OSI(Processor Device)
[    0.953919] ACPI: Added _OSI(Processor Aggregator Device)
[    0.969259] ACPI: 1 ACPI AML tables successfully acquired and loaded
[    0.983850] ACPI: _OSC evaluation for CPUs failed, trying _PDC
[    0.985935] ACPI: Interpreter enabled
[    0.986707] ACPI: PM: (supports S0 S5)
[    0.986920] ACPI: Using IOAPIC for interrupt routing
[    0.987500] PCI: Using host bridge windows from ACPI; if necessary, use "pci=nocrs" and report a bug
[    0.992294] PCI: Using E820 reservations for host bridge windows
[    0.994108] ACPI: Enabled 2 GPEs in block 00 to 0F
[    1.027318] ACPI: PCI Root Bridge [PCI0] (domain 0000 [bus 00-ff])
[    1.028232] acpi PNP0A03:00: _OSC: OS supports [ASPM ClockPM Segments MSI HPX-Type3]
[    1.028694] acpi PNP0A03:00: _OSC: not requesting OS control; OS requires [ExtendedConfig ASPM ClockPM MSI]
[    1.029586] acpi PNP0A03:00: fail to add MMCONFIG information, can't access extended configuration space under this bridge
[    1.043464] acpiphp: Slot [3] registered
[    1.043926] acpiphp: Slot [4] registered
[    1.044192] acpiphp: Slot [5] registered
[    1.044439] acpiphp: Slot [6] registered
[    1.049334] acpiphp: Slot [7] registered
[    1.049848] acpiphp: Slot [8] registered
[    1.050148] acpiphp: Slot [9] registered
[    1.050399] acpiphp: Slot [10] registered
[    1.050643] acpiphp: Slot [11] registered
[    1.050948] acpiphp: Slot [12] registered
[    1.052076] acpiphp: Slot [13] registered
[    1.060093] acpiphp: Slot [14] registered
[    1.060616] acpiphp: Slot [15] registered
[    1.060972] acpiphp: Slot [16] registered
[    1.061254] acpiphp: Slot [17] registered
[    1.062121] acpiphp: Slot [18] registered
[    1.062382] acpiphp: Slot [19] registered
[    1.072131] acpiphp: Slot [20] registered
[    1.072609] acpiphp: Slot [21] registered
[    1.073048] acpiphp: Slot [22] registered
[    1.073312] acpiphp: Slot [23] registered
[    1.073569] acpiphp: Slot [24] registered
[    1.073849] acpiphp: Slot [25] registered
[    1.082329] acpiphp: Slot [26] registered
[    1.082791] acpiphp: Slot [27] registered
[    1.083103] acpiphp: Slot [28] registered
[    1.083386] acpiphp: Slot [29] registered
[    1.083639] acpiphp: Slot [30] registered
[    1.083888] acpiphp: Slot [31] registered
[    1.092560] PCI host bridge to bus 0000:00
[    1.093173] pci_bus 0000:00: root bus resource [io  0x0000-0x0cf7 window]
[    1.093631] pci_bus 0000:00: root bus resource [io  0x0d00-0xffff window]
[    1.093866] pci_bus 0000:00: root bus resource [mem 0x000a0000-0x000bffff window]
[    1.102157] pci_bus 0000:00: root bus resource [mem 0x08000000-0xfebfffff window]
[    1.102601] pci_bus 0000:00: root bus resource [mem 0x100000000-0x17fffffff window]
[    1.103131] pci_bus 0000:00: root bus resource [bus 00-ff]
[    1.104704] pci 0000:00:00.0: [8086:1237] type 00 class 0x060000
[    1.116204] pci 0000:00:01.0: [8086:7000] type 00 class 0x060100
[    1.122706] pci 0000:00:01.1: [8086:7010] type 00 class 0x010180
[    1.125415] pci 0000:00:01.1: reg 0x20: [io  0xc0e0-0xc0ef]
[    1.126667] pci 0000:00:01.1: legacy IDE quirk: reg 0x10: [io  0x01f0-0x01f7]
[    1.128678] pci 0000:00:01.1: legacy IDE quirk: reg 0x14: [io  0x03f6]
[    1.129080] pci 0000:00:01.1: legacy IDE quirk: reg 0x18: [io  0x0170-0x0177]
[    1.129404] pci 0000:00:01.1: legacy IDE quirk: reg 0x1c: [io  0x0376]
[    1.130411] pci 0000:00:01.3: [8086:7113] type 00 class 0x068000
[    1.132747] pci 0000:00:01.3: quirk: [io  0x0600-0x063f] claimed by PIIX4 ACPI
[    1.133079] pci 0000:00:01.3: quirk: [io  0x0700-0x070f] claimed by PIIX4 SMB
[    1.133913] pci 0000:00:02.0: [1234:1111] type 00 class 0x030000
[    1.142456] pci 0000:00:02.0: reg 0x10: [mem 0xfd000000-0xfdffffff pref]
[    1.152401] pci 0000:00:02.0: reg 0x18: [mem 0xfeb90000-0xfeb90fff]
[    1.155603] pci 0000:00:02.0: reg 0x30: [mem 0xfeb80000-0xfeb8ffff pref]
[    1.156142] pci 0000:00:02.0: Video device with shadowed ROM at [mem 0x000c0000-0x000dffff]
[    1.162932] pci 0000:00:03.0: [1af4:1000] type 00 class 0x020000
[    1.163701] pci 0000:00:03.0: reg 0x10: [io  0xc080-0xc09f]
[    1.166774] pci 0000:00:03.0: reg 0x20: [mem 0xfe000000-0xfe003fff 64bit pref]
[    1.167669] pci 0000:00:03.0: reg 0x30: [mem 0xfea80000-0xfeafffff pref]
[    1.177527] pci 0000:00:04.0: [1af4:1005] type 00 class 0x00ff00
[    1.179429] pci 0000:00:04.0: reg 0x10: [io  0xc0a0-0xc0bf]
[    1.180338] pci 0000:00:04.0: reg 0x14: [mem 0xfeb91000-0xfeb91fff]
[    1.185420] pci 0000:00:04.0: reg 0x20: [mem 0xfe004000-0xfe007fff 64bit pref]
[    1.190924] pci 0000:00:05.0: [1af4:1000] type 00 class 0x020000
[    1.191972] pci 0000:00:05.0: reg 0x10: [io  0xc0c0-0xc0df]
[    1.192929] pci 0000:00:05.0: reg 0x14: [mem 0xfeb92000-0xfeb92fff]
[    1.196307] pci 0000:00:05.0: reg 0x20: [mem 0xfe008000-0xfe00bfff 64bit pref]
[    1.197384] pci 0000:00:05.0: reg 0x30: [mem 0xfeb00000-0xfeb7ffff pref]
[    1.203301] pci 0000:00:06.0: [1af4:1001] type 00 class 0x010000
[    1.204951] pci 0000:00:06.0: reg 0x10: [io  0xc000-0xc07f]
[    1.209461] pci 0000:00:06.0: reg 0x14: [mem 0xfeb93000-0xfeb93fff]
[    1.211499] pci 0000:00:06.0: reg 0x20: [mem 0xfe00c000-0xfe00ffff 64bit pref]
[    1.220039] ACPI: PCI: Interrupt link LNKA configured for IRQ 10
[    1.220947] ACPI: PCI: Interrupt link LNKB configured for IRQ 10
[    1.222695] ACPI: PCI: Interrupt link LNKC configured for IRQ 11
[    1.223369] ACPI: PCI: Interrupt link LNKD configured for IRQ 11
[    1.223839] ACPI: PCI: Interrupt link LNKS configured for IRQ 9
[    1.235749] iommu: Default domain type: Translated
[    1.235974] iommu: DMA domain TLB invalidation policy: lazy mode
[    1.239242] SCSI subsystem initialized
[    1.241032] ACPI: bus type USB registered
[    1.241604] usbcore: registered new interface driver usbfs
[    1.242707] usbcore: registered new interface driver hub
[    1.243158] usbcore: registered new device driver usb
[    1.243761] pps_core: LinuxPPS API ver. 1 registered
[    1.243969] pps_core: Software ver. 5.3.6 - Copyright 2005-2007 Rodolfo Giometti <giometti@linux.it>
[    1.252348] PTP clock support registered
[    1.265661] PCI: Using ACPI for IRQ routing
[    1.268925] hpet0: at MMIO 0xfed00000, IRQs 2, 8, 0
[    1.269230] hpet0: 3 comparators, 64-bit 100.000000 MHz counter
[    1.273757] clocksource: Switched to clocksource tsc-early
[    1.276451] pnp: PnP ACPI init
[    1.280075] pnp: PnP ACPI: found 6 devices
[    1.294595] clocksource: acpi_pm: mask: 0xffffff max_cycles: 0xffffff, max_idle_ns: 2085701024 ns
[    1.295601] NET: Registered PF_INET protocol family
[    1.296783] IP idents hash table entries: 2048 (order: 2, 16384 bytes, linear)
[    1.302554] tcp_listen_portaddr_hash hash table entries: 256 (order: 0, 4096 bytes, linear)
[    1.305814] Table-perturb hash table entries: 65536 (order: 6, 262144 bytes, linear)
[    1.306165] TCP established hash table entries: 1024 (order: 1, 8192 bytes, linear)
[    1.306599] TCP bind hash table entries: 1024 (order: 3, 32768 bytes, linear)
[    1.316782] TCP: Hash tables configured (established 1024 bind 1024)
[    1.318853] MPTCP token hash table entries: 256 (order: 1, 6144 bytes, linear)
[    1.319380] UDP hash table entries: 256 (order: 1, 8192 bytes, linear)
[    1.319854] UDP-Lite hash table entries: 256 (order: 1, 8192 bytes, linear)
[    1.329355] NET: Registered PF_UNIX/PF_LOCAL protocol family
[    1.330617] pci_bus 0000:00: resource 4 [io  0x0000-0x0cf7 window]
[    1.330884] pci_bus 0000:00: resource 5 [io  0x0d00-0xffff window]
[    1.331105] pci_bus 0000:00: resource 6 [mem 0x000a0000-0x000bffff window]
[    1.338946] pci_bus 0000:00: resource 7 [mem 0x08000000-0xfebfffff window]
[    1.339292] pci_bus 0000:00: resource 8 [mem 0x100000000-0x17fffffff window]
[    1.340292] pci 0000:00:01.0: PIIX3: Enabling Passive Release
[    1.340609] pci 0000:00:00.0: Limiting direct PCI/PCI transfers
[    1.350293] PCI: CLS 0 bytes, default 64
[    1.382938] workingset: timestamp_bits=46 max_order=15 bucket_order=0
[    1.385072] squashfs: version 4.0 (2009/01/31) Phillip Lougher
[    1.387749] Block layer SCSI generic (bsg) driver version 0.4 loaded (major 247)
[    1.391903] hv_vmbus: registering driver hyperv_fb
[    1.397090] input: Power Button as /devices/LNXSYSTM:00/LNXPWRBN:00/input/input0
[    1.411057] ACPI: button: Power Button [PWRF]
[    1.606076] ACPI: \_SB_.LNKC: Enabled at IRQ 11
[    1.793272] ACPI: \_SB_.LNKD: Enabled at IRQ 10
[    1.979480] ACPI: \_SB_.LNKA: Enabled at IRQ 10
[    2.164981] ACPI: \_SB_.LNKB: Enabled at IRQ 11
[    2.166956] Serial: 8250/16550 driver, 16 ports, IRQ sharing enabled
[    2.191433] 00:04: ttyS0 at I/O 0x3f8 (irq = 4, base_baud = 115200) is a 16550A
[    2.235465] Non-volatile memory driver v1.3
[    2.247167] Linux agpgart interface v0.103
[    2.248024] AMD-Vi: AMD IOMMUv2 functionality not available on this system - This is not a bug.
[    2.248601] ACPI: bus type drm_connector registered
[    2.250938] [drm] Found bochs VGA, ID 0xb0c5.
[    2.251139] [drm] Framebuffer size 16384 kB @ 0xfd000000, mmio @ 0xfeb90000.
[    2.266447] [drm] Found EDID data blob.
[    2.272107] [drm] Initialized bochs-drm 1.0.0 20130925 for 0000:00:02.0 on minor 0
[    2.341809] Console: switching to colour frame buffer device 160x50
[    2.351073] bochs-drm 0000:00:02.0: [drm] fb0: bochs-drmdrmfb frame buffer device
[    2.392059] loop: module loaded
[    2.392882] virtio_blk virtio3: 1/0/0 default/read/poll queues
[    2.398007] virtio_blk virtio3: [vda] 246784 512-byte logical blocks (126 MB/121 MiB)
[    2.407144]  vda: vda1 vda2
[    2.410496] Guest personality initialized and is inactive
[    2.411086] VMCI host device registered (name=vmci, major=10, minor=256)
[    2.411344] Initialized host personality
[    2.412301] VMware PVSCSI driver - version 1.0.7.0-k
[    2.412628] hv_vmbus: registering driver hv_storvsc
[    2.419006] tsc: Refined TSC clocksource calibration: 2445.405 MHz
[    2.419608] clocksource: tsc: mask: 0xffffffffffffffff max_cycles: 0x233fc3b4c22, max_idle_ns: 440795229441 ns
[    2.420140] clocksource: Switched to clocksource tsc
[    2.451547] scsi host0: ata_piix
[    2.454603] scsi host1: ata_piix
[    2.455881] ata1: PATA max MWDMA2 cmd 0x1f0 ctl 0x3f6 bmdma 0xc0e0 irq 14
[    2.456179] ata2: PATA max MWDMA2 cmd 0x170 ctl 0x376 bmdma 0xc0e8 irq 15
[    2.466485] VMware vmxnet3 virtual NIC driver - version 1.7.0.0-k-NAPI
[    2.467106] hv_vmbus: registering driver hv_netvsc
[    2.467499] Fusion MPT base driver 3.04.20
[    2.467656] Copyright (c) 1999-2008 LSI Corporation
[    2.468057] Fusion MPT SPI Host driver 3.04.20
[    2.477549] Fusion MPT SAS Host driver 3.04.20
[    2.479741] usbcore: registered new interface driver usb-storage
[    2.480982] i8042: PNP: PS/2 Controller [PNP0303:KBD,PNP0f13:MOU] at 0x60,0x64 irq 1,12
[    2.487102] serio: i8042 KBD port at 0x60,0x64 irq 1
[    2.489789] serio: i8042 AUX port at 0x60,0x64 irq 12
[    2.492104] hv_vmbus: registering driver hyperv_keyboard
[    2.494561] rtc_cmos 00:05: RTC can wake from S4
[    2.499889] rtc_cmos 00:05: registered as rtc0
[    2.502749] rtc_cmos 00:05: setting system clock to 2026-04-09T02:58:08 UTC (1775703488)
[    2.505369] rtc_cmos 00:05: alarms up to one day, y3k, 242 bytes nvram, hpet irqs
[    2.508320] amd_pstate: the _CPC object is not present in SBIOS or ACPI disabled
[    2.510661] sdhci: Secure Digital Host Controller Interface driver
[    2.515941] sdhci: Copyright(c) Pierre Ossman
[    2.525984] input: AT Translated Set 2 keyboard as /devices/platform/i8042/serio0/input/input1
[    2.558198] hid: raw HID events driver (C) Jiri Kosina
[    2.560875] hv_vmbus: registering driver hid_hyperv
[    2.563661] usbcore: registered new interface driver usbhid
[    2.565947] usbhid: USB HID core driver
[    2.568187] hv_utils: Registering HyperV Utility Driver
[    2.570919] hv_vmbus: registering driver hv_utils
[    2.572966] hv_vmbus: registering driver hv_balloon
[    2.576380] NET: Registered PF_INET6 protocol family
[    2.593365] Segment Routing with IPv6
[    2.595707] In-situ OAM (IOAM) with IPv6
[    2.598177] NET: Registered PF_PACKET protocol family
[    2.600711] bridge: filtering via arp/ip/ip6tables is no longer available by default. Update your scripts to load br_netfilter if you need this.
[    2.610088] 8021q: 802.1Q VLAN Support v1.8
[    2.612748] NET: Registered PF_VSOCK protocol family
[    2.622381] IPI shorthand broadcast: enabled
[    2.624619] AVX2 version of gcm_enc/dec engaged.
[    2.631309] AES CTR mode by8 optimization enabled
[    2.651653] sched_clock: Marking stable (2400063282, 244809202)->(2694507525, -49635041)
[    2.705492] ata2: found unknown device (class 0)
[    2.790428] ata2.00: ATAPI: QEMU DVD-ROM, 2.5+, max UDMA/100
[    2.800213] clk: Disabling unused clocks
[    2.820465] scsi 1:0:0:0: CD-ROM            QEMU     QEMU DVD-ROM     2.5+ PQ: 0 ANSI: 5
[    2.886619] sr 1:0:0:0: [sr0] scsi3-mmc drive: 4x/4x cd/rw xa/form2 tray
[    2.889056] cdrom: Uniform CD-ROM driver Revision: 3.20
[    2.934554] VFS: Mounted root (squashfs filesystem) readonly on device 254:2.
[    3.003237] Freeing unused kernel image (initmem) memory: 2452K
[    3.005676] Write protecting the kernel read-only data: 18432k
[    3.010121] Freeing unused kernel image (rodata/data gap) memory: 1800K
[    3.012573] Run /sbin/init as init process
[    3.284326] init: Console is alive
[    4.003267] kmodloader: loading kernel modules from /etc/modules-boot.d/*
[    4.068329] button_hotplug: loading out-of-tree module taints kernel.
[    4.075463] Button Hotplug driver version 0.4.1
[    4.097993] Intel(R) 2.5G Ethernet Linux Driver
[    4.100341] Copyright(c) 2018 Intel Corporation.
[    4.118531] igb: Intel(R) Gigabit Ethernet Network Driver
[    4.120929] igb: Copyright (c) 2007-2014 Intel Corporation.
[    4.136606] kmodloader: done loading kernel modules from /etc/modules-boot.d/*
[    4.152518] init: - preinit -
[    5.104289] 8021q: adding VLAN 0 to HW filter on device eth0
Press the [f] key and hit [enter] to enter failsafe mode
Press the [1], [2], [3] or [4] key and hit [enter] to select the debug level

[    9.830606] loop0: detected capacity change from 0 to 212992
[    9.885286] loop0: detected capacity change from 212992 to 200064
[    9.899893] mount_root: overlay filesystem in /dev/loop0 has not been formatted yet
[   10.253080] EXT4-fs (loop0): mounted filesystem 46bde50e-9184-4912-9405-43f2a62a79fa r/w with ordered data mode. Quota mode: disabled.
[   10.267140] mount_root: overlay filesystem has not been fully initialized yet
[   10.285790] mount_root: switching to ext4 overlay
[   10.309915] overlayfs: null uuid detected in lower fs '/', falling back to xino=off,index=off,nfs_export=off.
[   11.056614] EXT4-fs (vda1): mounted filesystem 84173db5-fa99-e35a-95c6-28613cc79ea9 r/w without journal. Quota mode: disabled.
[   11.081006] urandom-seed: Seed file not found (/etc/urandom.seed)
[   11.228354] procd: - early -
[   12.025353] procd: - ubus -
[   12.217488] procd: - init -
Please press Enter to activate this console.
root
login[1001]: root login on 'ttyS0'


BusyBox v1.36.1 (2026-04-07 12:15:08 UTC) built-in shell (ash)

  _______                     ________        __
 |       |.-----.-----.-----.|  |  |  |.----.|  |_
 |   -   ||  _  |  -__|     ||  |  |  ||   _||   _|
 |_______||   __|_____|__|__||________||__|  |____|
          |__| W I R E L E S S   F R E E D O M
 -----------------------------------------------------
 OpenWrt 24.10-SNAPSHOT, r29148-beaf298c4c
 -----------------------------------------------------
  ___   __ __                _______             __
 |   |_|__|  |--.----.-----.|   |   |-----.-----|  |--.
 |     |  |  _  |   _|  -__||       |  -__|__ --|     |
 |_____|__|_____|__| |_____||__|_|__|_____|_____|__|__|

 ------------------------------------------------------
 LiMe master development (master rev. 142c27f 20260407_1220)
 ------------------------------------------------------
 https://libremesh.org
 ------------------------------------------------------
=== WARNING! =====================================
There is no root password defined on this device!
Use the "passwd" command to set up a new password
in order to prevent unauthorized SSH logins.
--------------------------------------------------
root@(none):~# dmesg -n 1
root@(none):~# echo 'KGYP''CCPJHC'
KGYPCCPJHC
root@LiMe-123456:~# run() { echo -n "$MARKER"; sh -c "$@"; echo "$MARKER $?"; }
root@LiMe-123456:~# echo 'POAM''HMLTWO'
POAMHMLTWO
root@LiMe-123456:~# MARKER='YAPY''NUYFHS' run 'ubus wait_for network.interface.l
an'
YAPYNUYFHSYAPYNUYFHS 0
root@LiMe-123456:~# echo 'HVQT''CWTQFT'
HVQTCWTQFT
root@LiMe-123456:~# MARKER='XUTU''KUXVOX' run 'ubus call network.interface.lan s
tatus '"'"'{}'"'"''
XUTUKUXVOX{
	"up": true,
	"pending": false,
	"available": true,
	"autostart": true,
	"dynamic": false,
	"uptime": 1,
	"l3_device": "br-lan",
	"proto": "static",
	"device": "br-lan",
	"updated": [
		"addresses"
	],
	"metric": 0,
	"dns_metric": 0,
	"delegation": true,
	"ipv4-address": [
		{
			"address": "10.13.52.86",
			"mask": 16
		}
	],
	"ipv6-address": [
		{
			"address": "fd0d:fe46:8ce8::12:3456",
			"mask": 64
		}
	],
	"ipv6-prefix": [
		
	],
	"ipv6-prefix-assignment": [
		
	],
	"route": [
		
	],
	"dns-server": [
		
	],
	"dns-search": [
		
	],
	"neighbors": [
		
	],
	"inactive": {
		"ipv4-address": [
			
		],
		"ipv6-address": [
			
		],
		"route": [
			
		],
		"dns-server": [
			
		],
		"dns-search": [
			
		],
		"neighbors": [
			
		]
	},
	"data": {
		
	}
}
XUTUKUXVOX 0
root@LiMe-123456:~# echo 'HYJN''MONYNZ'
HYJNMONYNZ
root@LiMe-123456:~# MARKER='YLWL''EUNVBC' run true
YLWLEUNVBCYLWLEUNVBC 0
root@LiMe-123456:~# echo 'BGQZ''FBWBMW'
BGQZFBWBMW
root@LiMe-123456:~# MARKER='CFCN''KFACAB' run 'source /etc/os-release; echo $BUI
LD_ID'
CFCNKFACABr29148-beaf298c4c
CFCNKFACAB 0
root@LiMe-123456:~# echo 'MFKF''KTVPOY'
MFKFKTVPOY
root@LiMe-123456:~# MARKER='QCKK''CQFWFE' run 'ls /etc/dropbear/dropbear_rsa_hos
t_key'
QCKKCQFWFE[0;0m/etc/dropbear/dropbear_rsa_host_key[m
QCKKCQFWFE 0
root@LiMe-123456:~# echo 'FJGK''EJAHUO'
FJGKEJAHUO
root@LiMe-123456:~# MARKER='WEJT''XKXVCM' run 'netstat -tlpn | grep 0.0.0.0:22'
WEJTXKXVCMnetstat: showing only processes with your user ID
tcp        0      0 0.0.0.0:22              0.0.0.0:*               LISTEN      2091/dropbear
WEJTXKXVCM 0
root@LiMe-123456:~# echo 'CZMK''KSSZYL'
CZMKKSSZYL
root@LiMe-123456:~# MARKER='ZGGE''LXJWSS' run 'dmesg | grep br-lan | grep forwar
ding'
ZGGELXJWSS[   44.507417] br-lan: port 1(eth0) entered forwarding state
[   49.618889] br-lan: port 2(bat0) entered forwarding state
ZGGELXJWSS 0
root@LiMe-123456:~# echo 'ZZHX''AESEQE'
ZZHXAESEQE
root@LiMe-123456:~# MARKER='JJJA''HHLPNS' run 'ubus call network.interface.lan s
tatus '"'"'{}'"'"''
JJJAHHLPNS{
	"up": true,
	"pending": false,
	"available": true,
	"autostart": true,
	"dynamic": false,
	"uptime": 8,
	"l3_device": "br-lan",
	"proto": "static",
	"device": "br-lan",
	"updated": [
		"addresses"
	],
	"metric": 0,
	"dns_metric": 0,
	"delegation": true,
	"ipv4-address": [
		{
			"address": "10.13.52.86",
			"mask": 16
		}
	],
	"ipv6-address": [
		{
			"address": "fd0d:fe46:8ce8::12:3456",
			"mask": 64
		}
	],
	"ipv6-prefix": [
		
	],
	"ipv6-prefix-assignment": [
		
	],
	"route": [
		
	],
	"dns-server": [
		
	],
	"dns-search": [
		
	],
	"neighbors": [
		
	],
	"inactive": {
		"ipv4-address": [
			
		],
		"ipv6-address": [
			
		],
		"route": [
			
		],
		"dns-server": [
			
		],
		"dns-search": [
			
		],
		"neighbors": [
			
		]
	},
	"data": {
		
	}
}
JJJAHHLPNS 0
root@LiMe-123456