Labgrid Console Logfile for main
Logfile started at 2026-04-10 01:53:52.488990
=== Log starts here ===
c[?7l[2J[0mSeaBIOS (version 1.16.3-debian-1.16.3-2)


iPXE (https://ipxe.org) 00:03.0 CA00 PCI2.10 PnP PMM+06FCAE70+06F0AE70 CA00
Press Ctrl-B to configure iPXE (PCI 00:03.0)...                                                                               




iPXE (https://ipxe.org) 00:05.0 CB00 PCI2.10 PnP PMM 06FCAE70 06F0AE70 CB00
Press Ctrl-B to configure iPXE (PCI 00:05.0)...                                                                               


Booting from Hard Disk...
GRUB loading.....
[0;30;47mWelcome to GRUB![01;01H[0m[2J[H[J[1;1H[?25l[m[H[J[1;1H[2;30HGNU GRUB  version 2.12

[m[4;2H+----------------------------------------------------------------------------+[5;2H|[5;79H|[6;2H|[6;79H|[7;2H|[7;79H|[8;2H|[8;79H|[9;2H|[9;79H|[10;2H|[10;79H|[11;2H|[11;79H|[12;2H|[12;79H|[13;2H|[13;79H|[14;2H|[14;79H|[15;2H|[15;79H|[16;2H+----------------------------------------------------------------------------+[m[17;2H[18;2H[m     Use the ^ and v keys to select which entry is highlighted.          
      Press enter to boot the selected OS, `e' to edit the commands       
      before booting or `c' for a command-line. ESC to return             
      previous menu.                                                      [5;80H [7m[5;3H*OpenWrt                                                                    [m[5;78H[m[m[6;3H OpenWrt (failsafe)                                                         [m[6;78H[m[m[7;3H                                                                            [m[7;78H[m[m[8;3H                                                                            [m[8;78H[m[m[9;3H                                                                            [m[9;78H[m[m[10;3H                                                                            [m[10;78H[m[m[11;3H                                                                            [m[11;78H[m[m[12;3H                                                                            [m[12;78H[m[m[13;3H                                                                            [m[13;78H[m[m[14;3H                                                                            [m[14;78H[m[m[15;3H                                                                            [m[15;78H[m[15;80H [5;78H[2J[02;30HGNU GRUB  version 2.12[04;02H┌───────────────────────────────────────────────────────────────────────────[04;77H[04;78H─┐[05;02H│[05;79H│[06;02H│[06;79H│[07;02H│[07;79H│[08;02H│[08;79H│[09;02H│[09;79H│[10;02H│[10;79H│[11;02H│[11;79H│[12;02H│[12;79H│[13;02H│[13;79H│[14;02H│[14;79H│[15;02H│[15;79H│[16;02H│[16;79H│[17;02H└────────────────────────────────────────────────────────────────────────────┘[19;02H     Use the ↑ and ↓ keys to select which entry is highlighted.          
      Press enter to boot the selected OS, `e' to edit the commands       
      before booting or `c' for a command-line. ESC to return             
      previous menu.                                                      [05;80H [05;03H[0;30;47m*OpenWrt                                                                    [06;03H[0m OpenWrt (failsafe)                                                         [07;03H                                                                            [08;03H                                                                            [09;03H                                                                            [10;03H                                                                            [11;03H                                                                            [12;03H                                 [12;35H[12;36H                                           [13;03H                                                                            [14;03H                                                                            [15;03H                                                                            [16;03H                                                                            [16;80H 






   The highlighted entry will be executed automatically in 5s.                [22;1H   The highlighted entry will be executed automatically in 5s.                 [5;78H [05;78H

















   The highlighted entry will be executed automatically in 4s.                [22;1H   The highlighted entry will be executed automatically in 4s.                 [5;78H [05;78H

















   The highlighted entry will be executed automatically in 3s.          [23;72H[23;73H      [22;1H   The highlighted entry will be executed automatically in 3s.                 [5;78H [05;78H

















   The highlighted entry will be executed automatically in 2s.                [22;1H   The highlighted entry will be executed automatically in 2s.                 [5;78H [05;78H

















   [23;03H[23;04HThe highlighted entry will be executed automatically in 1s.                [22;1H   The highlighted entry will be executed automatically in 1s.                 [5;78H [05;78H

















   The highlighted entry will be executed automatically in 0s.                [22;1H   The highlighted entry will be executed automatically in 0s.                 [5;78H [01;01H[2J[?25h[H[J[1;1H[H[J[1;1H[2J   Booting `OpenWrt' Booting `OpenWrt

'

[    0.000000] Linux version 6.6.129 (builder@buildhost) (x86_64-openwrt-linux-musl-gcc (OpenWrt GCC 13.3.0 r29148-beaf298c4c) 13.3.0, GNU ld (GNU Binutils) 2.42) #0 SMP Tue Apr  7 12:15:08 2026
[    0.000000] Command line: BOOT_IMAGE=/boot/vmlinuz root=PARTUUID=6d2eb9b7-02 rootwait console=tty1 console=ttyS0,115200n8 noinitrd
[    0.000000] BIOS-provided physical RAM map:
[    0.000000] BIOS-e820: [mem 0x0000000000000000-0x000000000009fbff] usable
[    0.000000] BIOS-e820: [mem 0x000000000009fc00-0x000000000009ffff] reserved
[    0.000000] BIOS-e820: [mem 0x00000000000f0000-0x00000000000fffff] reserved
[    0.000000] BIOS-e820: [mem 0x0000000000100000-0x0000000007fdcfff] usable
[    0.000000] BIOS-e820: [mem 0x0000000007fdd000-0x0000000007ffffff] reserved
[    0.000000] BIOS-e820: [mem 0x00000000fffc0000-0x00000000ffffffff] reserved
[    0.000000] BIOS-e820: [mem 0x000000fd00000000-0x000000ffffffffff] reserved
[    0.000000] NX (Execute Disable) protection: active
[    0.000000] APIC: Static calls initialized
[    0.000000] SMBIOS 3.0.0 present.
[    0.000000] DMI: QEMU Standard PC (i440FX + PIIX, 1996), BIOS 1.16.3-debian-1.16.3-2 04/01/2014
[    0.000000] tsc: Fast TSC calibration using PIT
[    0.000000] tsc: Detected 2445.428 MHz processor
[    0.008834] last_pfn = 0x7fdd max_arch_pfn = 0x400000000
[    0.009464] MTRR map: 4 entries (3 fixed + 1 variable; max 19), built from 8 variable MTRRs
[    0.009645] x86/PAT: Configuration [0-7]: WB  WC  UC- UC  WB  WP  UC- WT  
[    0.027842] found SMP MP-table at [mem 0x000f5460-0x000f546f]
[    0.029208] Using GB pages for direct mapping
[    0.032996] ACPI: Early table checksum verification disabled
[    0.033319] ACPI: RSDP 0x00000000000F5290 000014 (v00 BOCHS )
[    0.033622] ACPI: RSDT 0x0000000007FE1C64 000034 (v01 BOCHS  BXPC     00000001 BXPC 00000001)
[    0.034149] ACPI: FACP 0x0000000007FE1B18 000074 (v01 BOCHS  BXPC     00000001 BXPC 00000001)
[    0.034790] ACPI: DSDT 0x0000000007FE0040 001AD8 (v01 BOCHS  BXPC     00000001 BXPC 00000001)
[    0.034892] ACPI: FACS 0x0000000007FE0000 000040
[    0.034948] ACPI: APIC 0x0000000007FE1B8C 000078 (v03 BOCHS  BXPC     00000001 BXPC 00000001)
[    0.034978] ACPI: HPET 0x0000000007FE1C04 000038 (v01 BOCHS  BXPC     00000001 BXPC 00000001)
[    0.035004] ACPI: WAET 0x0000000007FE1C3C 000028 (v01 BOCHS  BXPC     00000001 BXPC 00000001)
[    0.035091] ACPI: Reserving FACP table memory at [mem 0x7fe1b18-0x7fe1b8b]
[    0.035140] ACPI: Reserving DSDT table memory at [mem 0x7fe0040-0x7fe1b17]
[    0.035150] ACPI: Reserving FACS table memory at [mem 0x7fe0000-0x7fe003f]
[    0.035157] ACPI: Reserving APIC table memory at [mem 0x7fe1b8c-0x7fe1c03]
[    0.035165] ACPI: Reserving HPET table memory at [mem 0x7fe1c04-0x7fe1c3b]
[    0.035172] ACPI: Reserving WAET table memory at [mem 0x7fe1c3c-0x7fe1c63]
[    0.038275] Zone ranges:
[    0.038310]   DMA      [mem 0x0000000000001000-0x0000000000ffffff]
[    0.038388]   DMA32    [mem 0x0000000001000000-0x0000000007fdcfff]
[    0.038402]   Normal   empty
[    0.038428] Movable zone start for each node
[    0.038456] Early memory node ranges
[    0.038487]   node   0: [mem 0x0000000000001000-0x000000000009efff]
[    0.038533]   node   0: [mem 0x0000000000100000-0x0000000007fdcfff]
[    0.038643] Initmem setup node 0 [mem 0x0000000000001000-0x0000000007fdcfff]
[    0.039489] On node 0, zone DMA: 1 pages in unavailable ranges
[    0.039853] On node 0, zone DMA: 97 pages in unavailable ranges
[    0.040885] On node 0, zone DMA32: 35 pages in unavailable ranges
[    0.041201] ACPI: PM-Timer IO Port: 0x608
[    0.041552] ACPI: LAPIC_NMI (acpi_id[0xff] dfl dfl lint[0x1])
[    0.041984] IOAPIC[0]: apic_id 0, version 32, address 0xfec00000, GSI 0-23
[    0.042100] ACPI: INT_SRC_OVR (bus 0 bus_irq 0 global_irq 2 dfl dfl)
[    0.042352] ACPI: INT_SRC_OVR (bus 0 bus_irq 5 global_irq 5 high level)
[    0.042409] ACPI: INT_SRC_OVR (bus 0 bus_irq 9 global_irq 9 high level)
[    0.042495] ACPI: INT_SRC_OVR (bus 0 bus_irq 10 global_irq 10 high level)
[    0.042508] ACPI: INT_SRC_OVR (bus 0 bus_irq 11 global_irq 11 high level)
[    0.042726] ACPI: Using ACPI (MADT) for SMP configuration information
[    0.042773] ACPI: HPET id: 0x8086a201 base: 0xfed00000
[    0.043062] smpboot: Allowing 1 CPUs, 0 hotplug CPUs
[    0.044154] [mem 0x08000000-0xfffbffff] available for PCI devices
[    0.044206] Booting paravirtualized kernel on bare hardware
[    0.044490] clocksource: refined-jiffies: mask: 0xffffffff max_cycles: 0xffffffff, max_idle_ns: 19112604462750000 ns
[    0.045139] setup_percpu: NR_CPUS:512 nr_cpumask_bits:1 nr_cpu_ids:1 nr_node_ids:1
[    0.046739] percpu: Embedded 48 pages/cpu s158248 r8192 d30168 u2097152
[    0.048979] Kernel command line: BOOT_IMAGE=/boot/vmlinuz root=PARTUUID=6d2eb9b7-02 rootwait console=tty1 console=ttyS0,115200n8 noinitrd
[    0.050754] random: crng init done
[    0.055549] Dentry cache hash table entries: 16384 (order: 5, 131072 bytes, linear)
[    0.056509] Inode-cache hash table entries: 8192 (order: 4, 65536 bytes, linear)
[    0.059200] Built 1 zonelists, mobility grouping on.  Total pages: 31965
[    0.059425] mem auto-init: stack:off, heap alloc:off, heap free:off
[    0.063044] Memory: 102576K/130540K available (14336K kernel code, 1170K rwdata, 2296K rodata, 2452K init, 2408K bss, 27708K reserved, 0K cma-reserved)
[    0.069006] SLUB: HWalign=64, Order=0-3, MinObjects=0, CPUs=1, Nodes=1
[    0.076394] rcu: Hierarchical RCU implementation.
[    0.076425] rcu: 	RCU restricting CPUs from NR_CPUS=512 to nr_cpu_ids=1.
[    0.076541] 	Tracing variant of Tasks RCU enabled.
[    0.076626] rcu: RCU calculated value of scheduler-enlistment delay is 10 jiffies.
[    0.076656] rcu: Adjusting geometry for rcu_fanout_leaf=16, nr_cpu_ids=1
[    0.077804] NR_IRQS: 33024, nr_irqs: 256, preallocated irqs: 16
[    0.086507] rcu: srcu_init: Setting srcu_struct sizes based on contention.
[    0.093329] Console: colour VGA+ 80x25
[    0.093640] printk: console [tty1] enabled
[    0.101302] printk: console [ttyS0] enabled
[    0.332223] ACPI: Core revision 20230628
[    0.337477] clocksource: hpet: mask: 0xffffffff max_cycles: 0xffffffff, max_idle_ns: 19112604467 ns
[    0.347280] APIC: Switch to symmetric I/O mode setup
[    0.351515] ..TIMER: vector=0x30 apic1=0 pin1=2 apic2=-1 pin2=-1
[    0.394144] clocksource: tsc-early: mask: 0xffffffffffffffff max_cycles: 0x233fd98c0cf, max_idle_ns: 440795209930 ns
[    0.394794] Calibrating delay loop (skipped), value calculated using timer frequency.. 4890.85 BogoMIPS (lpj=24454280)
[    0.396443] x86/cpu: User Mode Instruction Prevention (UMIP) activated
[    0.411227] Last level iTLB entries: 4KB 0, 2MB 0, 4MB 0
[    0.411635] Last level dTLB entries: 4KB 0, 2MB 0, 4MB 0, 1GB 0
[    0.414806] Spectre V1 : Mitigation: usercopy/swapgs barriers and __user pointer sanitization
[    0.415565] Spectre V2 : Mitigation: Retpolines
[    0.416641] Spectre V2 : Spectre v2 / SpectreRSB: Filling RSB on context switch and VMEXIT
[    0.417209] Speculative Store Bypass: Vulnerable
[    0.419827] x86/fpu: Supporting XSAVE feature 0x001: 'x87 floating point registers'
[    0.424373] x86/fpu: Supporting XSAVE feature 0x002: 'SSE registers'
[    0.425917] x86/fpu: Supporting XSAVE feature 0x004: 'AVX registers'
[    0.426160] x86/fpu: Supporting XSAVE feature 0x008: 'MPX bounds registers'
[    0.426412] x86/fpu: Supporting XSAVE feature 0x010: 'MPX CSR'
[    0.426809] x86/fpu: xstate_offset[2]:  576, xstate_sizes[2]:  256
[    0.434929] x86/fpu: xstate_offset[3]:  960, xstate_sizes[3]:   64
[    0.435241] x86/fpu: xstate_offset[4]: 1024, xstate_sizes[4]:   64
[    0.435519] x86/fpu: Enabled xstate features 0x1f, context size is 1088 bytes, using 'standard' format.
[    0.684764] Freeing SMP alternatives memory: 40K
[    0.686017] pid_max: default: 32768 minimum: 301
[    0.695101] Mount-cache hash table entries: 512 (order: 0, 4096 bytes, linear)
[    0.695478] Mountpoint-cache hash table entries: 512 (order: 0, 4096 bytes, linear)
[    0.844153] smpboot: CPU0: AMD QEMU TCG CPU version 2.5+ (family: 0x6, model: 0x6, stepping: 0x3)
[    0.844703] RCU Tasks Trace: Setting shift to 0 and lim to 1 rcu_task_cb_adjust=1 rcu_task_cpu_ids=1.
[    0.845194] Performance Events: PMU not available due to virtualization, using software events only.
[    0.846737] signal: max sigframe size: 1616
[    0.848348] rcu: Hierarchical SRCU implementation.
[    0.848570] rcu: 	Max phase no-delay instances is 1000.
[    0.851738] smp: Bringing up secondary CPUs ...
[    0.853712] smp: Brought up 1 node, 1 CPU
[    0.853916] smpboot: Max logical packages: 1
[    0.856391] smpboot: Total of 1 processors activated (4890.85 BogoMIPS)
[    0.874109] clocksource: jiffies: mask: 0xffffffff max_cycles: 0xffffffff, max_idle_ns: 19112604462750000 ns
[    0.875023] futex hash table entries: 256 (order: 2, 16384 bytes, linear)
[    0.876073] pinctrl core: initialized pinctrl subsystem
[    0.895569] NET: Registered PF_NETLINK/PF_ROUTE protocol family
[    0.902115] thermal_sys: Registered thermal governor 'step_wise'
[    0.902150] thermal_sys: Registered thermal governor 'user_space'
[    0.903079] cpuidle: using governor ladder
[    0.903602] cpuidle: using governor menu
[    0.906889] acpiphp: ACPI Hot Plug PCI Controller Driver version: 0.5
[    0.909617] PCI: Using configuration type 1 for base access
[    0.920204] cryptd: max_cpu_qlen set to 1000
[    0.925168] ACPI: Added _OSI(Module Device)
[    0.925385] ACPI: Added _OSI(Processor Device)
[    0.925554] ACPI: Added _OSI(Processor Aggregator Device)
[    0.940971] ACPI: 1 ACPI AML tables successfully acquired and loaded
[    0.955597] ACPI: _OSC evaluation for CPUs failed, trying _PDC
[    0.957648] ACPI: Interpreter enabled
[    0.958385] ACPI: PM: (supports S0 S5)
[    0.958590] ACPI: Using IOAPIC for interrupt routing
[    0.959185] PCI: Using host bridge windows from ACPI; if necessary, use "pci=nocrs" and report a bug
[    0.964966] PCI: Using E820 reservations for host bridge windows
[    0.966825] ACPI: Enabled 2 GPEs in block 00 to 0F
[    0.998800] ACPI: PCI Root Bridge [PCI0] (domain 0000 [bus 00-ff])
[    0.999698] acpi PNP0A03:00: _OSC: OS supports [ASPM ClockPM Segments MSI HPX-Type3]
[    1.000166] acpi PNP0A03:00: _OSC: not requesting OS control; OS requires [ExtendedConfig ASPM ClockPM MSI]
[    1.001011] acpi PNP0A03:00: fail to add MMCONFIG information, can't access extended configuration space under this bridge
[    1.009647] acpiphp: Slot [3] registered
[    1.015052] acpiphp: Slot [4] registered
[    1.015348] acpiphp: Slot [5] registered
[    1.015603] acpiphp: Slot [6] registered
[    1.020597] acpiphp: Slot [7] registered
[    1.021046] acpiphp: Slot [8] registered
[    1.021414] acpiphp: Slot [9] registered
[    1.021665] acpiphp: Slot [10] registered
[    1.021905] acpiphp: Slot [11] registered
[    1.022155] acpiphp: Slot [12] registered
[    1.026737] acpiphp: Slot [13] registered
[    1.027006] acpiphp: Slot [14] registered
[    1.027276] acpiphp: Slot [15] registered
[    1.027550] acpiphp: Slot [16] registered
[    1.034770] acpiphp: Slot [17] registered
[    1.035038] acpiphp: Slot [18] registered
[    1.042950] acpiphp: Slot [19] registered
[    1.043394] acpiphp: Slot [20] registered
[    1.043794] acpiphp: Slot [21] registered
[    1.044120] acpiphp: Slot [22] registered
[    1.044386] acpiphp: Slot [23] registered
[    1.044747] acpiphp: Slot [24] registered
[    1.053990] acpiphp: Slot [25] registered
[    1.054439] acpiphp: Slot [26] registered
[    1.054853] acpiphp: Slot [27] registered
[    1.055111] acpiphp: Slot [28] registered
[    1.055386] acpiphp: Slot [29] registered
[    1.055640] acpiphp: Slot [30] registered
[    1.055885] acpiphp: Slot [31] registered
[    1.065221] PCI host bridge to bus 0000:00
[    1.065756] pci_bus 0000:00: root bus resource [io  0x0000-0x0cf7 window]
[    1.066190] pci_bus 0000:00: root bus resource [io  0x0d00-0xffff window]
[    1.066426] pci_bus 0000:00: root bus resource [mem 0x000a0000-0x000bffff window]
[    1.074867] pci_bus 0000:00: root bus resource [mem 0x08000000-0xfebfffff window]
[    1.075312] pci_bus 0000:00: root bus resource [mem 0x100000000-0x17fffffff window]
[    1.075809] pci_bus 0000:00: root bus resource [bus 00-ff]
[    1.077330] pci 0000:00:00.0: [8086:1237] type 00 class 0x060000
[    1.088868] pci 0000:00:01.0: [8086:7000] type 00 class 0x060100
[    1.089742] pci 0000:00:01.1: [8086:7010] type 00 class 0x010180
[    1.094901] pci 0000:00:01.1: reg 0x20: [io  0xc0e0-0xc0ef]
[    1.096149] pci 0000:00:01.1: legacy IDE quirk: reg 0x10: [io  0x01f0-0x01f7]
[    1.098038] pci 0000:00:01.1: legacy IDE quirk: reg 0x14: [io  0x03f6]
[    1.098471] pci 0000:00:01.1: legacy IDE quirk: reg 0x18: [io  0x0170-0x0177]
[    1.098833] pci 0000:00:01.1: legacy IDE quirk: reg 0x1c: [io  0x0376]
[    1.099848] pci 0000:00:01.3: [8086:7113] type 00 class 0x068000
[    1.105490] pci 0000:00:01.3: quirk: [io  0x0600-0x063f] claimed by PIIX4 ACPI
[    1.105808] pci 0000:00:01.3: quirk: [io  0x0700-0x070f] claimed by PIIX4 SMB
[    1.106636] pci 0000:00:02.0: [1234:1111] type 00 class 0x030000
[    1.107377] pci 0000:00:02.0: reg 0x10: [mem 0xfd000000-0xfdffffff pref]
[    1.116372] pci 0000:00:02.0: reg 0x18: [mem 0xfeb90000-0xfeb90fff]
[    1.125179] pci 0000:00:02.0: reg 0x30: [mem 0xfeb80000-0xfeb8ffff pref]
[    1.125773] pci 0000:00:02.0: Video device with shadowed ROM at [mem 0x000c0000-0x000dffff]
[    1.132355] pci 0000:00:03.0: [1af4:1000] type 00 class 0x020000
[    1.133097] pci 0000:00:03.0: reg 0x10: [io  0xc080-0xc09f]
[    1.135995] pci 0000:00:03.0: reg 0x20: [mem 0xfe000000-0xfe003fff 64bit pref]
[    1.136867] pci 0000:00:03.0: reg 0x30: [mem 0xfea80000-0xfeafffff pref]
[    1.147977] pci 0000:00:04.0: [1af4:1005] type 00 class 0x00ff00
[    1.149719] pci 0000:00:04.0: reg 0x10: [io  0xc0a0-0xc0bf]
[    1.150611] pci 0000:00:04.0: reg 0x14: [mem 0xfeb91000-0xfeb91fff]
[    1.153995] pci 0000:00:04.0: reg 0x20: [mem 0xfe004000-0xfe007fff 64bit pref]
[    1.159339] pci 0000:00:05.0: [1af4:1000] type 00 class 0x020000
[    1.161509] pci 0000:00:05.0: reg 0x10: [io  0xc0c0-0xc0df]
[    1.162736] pci 0000:00:05.0: reg 0x14: [mem 0xfeb92000-0xfeb92fff]
[    1.165887] pci 0000:00:05.0: reg 0x20: [mem 0xfe008000-0xfe00bfff 64bit pref]
[    1.166870] pci 0000:00:05.0: reg 0x30: [mem 0xfeb00000-0xfeb7ffff pref]
[    1.171044] pci 0000:00:06.0: [1af4:1001] type 00 class 0x010000
[    1.173391] pci 0000:00:06.0: reg 0x10: [io  0xc000-0xc07f]
[    1.175685] pci 0000:00:06.0: reg 0x14: [mem 0xfeb93000-0xfeb93fff]
[    1.177567] pci 0000:00:06.0: reg 0x20: [mem 0xfe00c000-0xfe00ffff 64bit pref]
[    1.187257] ACPI: PCI: Interrupt link LNKA configured for IRQ 10
[    1.188142] ACPI: PCI: Interrupt link LNKB configured for IRQ 10
[    1.188794] ACPI: PCI: Interrupt link LNKC configured for IRQ 11
[    1.189422] ACPI: PCI: Interrupt link LNKD configured for IRQ 11
[    1.189854] ACPI: PCI: Interrupt link LNKS configured for IRQ 9
[    1.199350] iommu: Default domain type: Translated
[    1.199568] iommu: DMA domain TLB invalidation policy: lazy mode
[    1.206129] SCSI subsystem initialized
[    1.207907] ACPI: bus type USB registered
[    1.208575] usbcore: registered new interface driver usbfs
[    1.209258] usbcore: registered new interface driver hub
[    1.209615] usbcore: registered new device driver usb
[    1.210159] pps_core: LinuxPPS API ver. 1 registered
[    1.210376] pps_core: Software ver. 5.3.6 - Copyright 2005-2007 Rodolfo Giometti <giometti@linux.it>
[    1.215164] PTP clock support registered
[    1.232366] PCI: Using ACPI for IRQ routing
[    1.235506] hpet0: at MMIO 0xfed00000, IRQs 2, 8, 0
[    1.235800] hpet0: 3 comparators, 64-bit 100.000000 MHz counter
[    1.242133] clocksource: Switched to clocksource tsc-early
[    1.242133] pnp: PnP ACPI init
[    1.242532] pnp: PnP ACPI: found 6 devices
[    1.257387] clocksource: acpi_pm: mask: 0xffffff max_cycles: 0xffffff, max_idle_ns: 2085701024 ns
[    1.258763] NET: Registered PF_INET protocol family
[    1.259906] IP idents hash table entries: 2048 (order: 2, 16384 bytes, linear)
[    1.265233] tcp_listen_portaddr_hash hash table entries: 256 (order: 0, 4096 bytes, linear)
[    1.268614] Table-perturb hash table entries: 65536 (order: 6, 262144 bytes, linear)
[    1.269011] TCP established hash table entries: 1024 (order: 1, 8192 bytes, linear)
[    1.269467] TCP bind hash table entries: 1024 (order: 3, 32768 bytes, linear)
[    1.279197] TCP: Hash tables configured (established 1024 bind 1024)
[    1.281332] MPTCP token hash table entries: 256 (order: 1, 6144 bytes, linear)
[    1.281872] UDP hash table entries: 256 (order: 1, 8192 bytes, linear)
[    1.282450] UDP-Lite hash table entries: 256 (order: 1, 8192 bytes, linear)
[    1.291643] NET: Registered PF_UNIX/PF_LOCAL protocol family
[    1.292845] pci_bus 0000:00: resource 4 [io  0x0000-0x0cf7 window]
[    1.293084] pci_bus 0000:00: resource 5 [io  0x0d00-0xffff window]
[    1.293299] pci_bus 0000:00: resource 6 [mem 0x000a0000-0x000bffff window]
[    1.300985] pci_bus 0000:00: resource 7 [mem 0x08000000-0xfebfffff window]
[    1.301358] pci_bus 0000:00: resource 8 [mem 0x100000000-0x17fffffff window]
[    1.302210] pci 0000:00:01.0: PIIX3: Enabling Passive Release
[    1.302555] pci 0000:00:00.0: Limiting direct PCI/PCI transfers
[    1.312202] PCI: CLS 0 bytes, default 64
[    1.344711] workingset: timestamp_bits=46 max_order=15 bucket_order=0
[    1.346940] squashfs: version 4.0 (2009/01/31) Phillip Lougher
[    1.350148] Block layer SCSI generic (bsg) driver version 0.4 loaded (major 247)
[    1.354078] hv_vmbus: registering driver hyperv_fb
[    1.359194] input: Power Button as /devices/LNXSYSTM:00/LNXPWRBN:00/input/input0
[    1.373243] ACPI: button: Power Button [PWRF]
[    1.568023] ACPI: \_SB_.LNKC: Enabled at IRQ 11
[    1.754204] ACPI: \_SB_.LNKD: Enabled at IRQ 10
[    1.938702] ACPI: \_SB_.LNKA: Enabled at IRQ 10
[    2.122834] ACPI: \_SB_.LNKB: Enabled at IRQ 11
[    2.124788] Serial: 8250/16550 driver, 16 ports, IRQ sharing enabled
[    2.149629] 00:04: ttyS0 at I/O 0x3f8 (irq = 4, base_baud = 115200) is a 16550A
[    2.193541] Non-volatile memory driver v1.3
[    2.205143] Linux agpgart interface v0.103
[    2.205948] AMD-Vi: AMD IOMMUv2 functionality not available on this system - This is not a bug.
[    2.206542] ACPI: bus type drm_connector registered
[    2.209047] [drm] Found bochs VGA, ID 0xb0c5.
[    2.209250] [drm] Framebuffer size 16384 kB @ 0xfd000000, mmio @ 0xfeb90000.
[    2.223065] [drm] Found EDID data blob.
[    2.228741] [drm] Initialized bochs-drm 1.0.0 20130925 for 0000:00:02.0 on minor 0
[    2.300801] Console: switching to colour frame buffer device 160x50
[    2.310384] bochs-drm 0000:00:02.0: [drm] fb0: bochs-drmdrmfb frame buffer device
[    2.348736] tsc: Refined TSC clocksource calibration: 2445.440 MHz
[    2.349457] clocksource: tsc: mask: 0xffffffffffffffff max_cycles: 0x233fe5130d9, max_idle_ns: 440795243750 ns
[    2.350171] clocksource: Switched to clocksource tsc
[    2.354732] loop: module loaded
[    2.360218] virtio_blk virtio3: 1/0/0 default/read/poll queues
[    2.365571] virtio_blk virtio3: [vda] 246784 512-byte logical blocks (126 MB/121 MiB)
[    2.374382]  vda: vda1 vda2
[    2.377842] Guest personality initialized and is inactive
[    2.378412] VMCI host device registered (name=vmci, major=10, minor=256)
[    2.378718] Initialized host personality
[    2.379692] VMware PVSCSI driver - version 1.0.7.0-k
[    2.380013] hv_vmbus: registering driver hv_storvsc
[    2.408960] scsi host0: ata_piix
[    2.412658] scsi host1: ata_piix
[    2.413857] ata1: PATA max MWDMA2 cmd 0x1f0 ctl 0x3f6 bmdma 0xc0e0 irq 14
[    2.414156] ata2: PATA max MWDMA2 cmd 0x170 ctl 0x376 bmdma 0xc0e8 irq 15
[    2.424639] VMware vmxnet3 virtual NIC driver - version 1.7.0.0-k-NAPI
[    2.425211] hv_vmbus: registering driver hv_netvsc
[    2.425618] Fusion MPT base driver 3.04.20
[    2.425778] Copyright (c) 1999-2008 LSI Corporation
[    2.426142] Fusion MPT SPI Host driver 3.04.20
[    2.435562] Fusion MPT SAS Host driver 3.04.20
[    2.437962] usbcore: registered new interface driver usb-storage
[    2.439207] i8042: PNP: PS/2 Controller [PNP0303:KBD,PNP0f13:MOU] at 0x60,0x64 irq 1,12
[    2.445163] serio: i8042 KBD port at 0x60,0x64 irq 1
[    2.447959] serio: i8042 AUX port at 0x60,0x64 irq 12
[    2.450158] hv_vmbus: registering driver hyperv_keyboard
[    2.452586] rtc_cmos 00:05: RTC can wake from S4
[    2.457873] rtc_cmos 00:05: registered as rtc0
[    2.460704] rtc_cmos 00:05: setting system clock to 2026-04-10T01:54:04 UTC (1775786044)
[    2.463169] rtc_cmos 00:05: alarms up to one day, y3k, 242 bytes nvram, hpet irqs
[    2.466692] amd_pstate: the _CPC object is not present in SBIOS or ACPI disabled
[    2.469461] sdhci: Secure Digital Host Controller Interface driver
[    2.473709] sdhci: Copyright(c) Pierre Ossman
[    2.484553] input: AT Translated Set 2 keyboard as /devices/platform/i8042/serio0/input/input1
[    2.516765] hid: raw HID events driver (C) Jiri Kosina
[    2.519659] hv_vmbus: registering driver hid_hyperv
[    2.522490] usbcore: registered new interface driver usbhid
[    2.524606] usbhid: USB HID core driver
[    2.526827] hv_utils: Registering HyperV Utility Driver
[    2.529653] hv_vmbus: registering driver hv_utils
[    2.531812] hv_vmbus: registering driver hv_balloon
[    2.535192] NET: Registered PF_INET6 protocol family
[    2.552553] Segment Routing with IPv6
[    2.554796] In-situ OAM (IOAM) with IPv6
[    2.557248] NET: Registered PF_PACKET protocol family
[    2.560043] bridge: filtering via arp/ip/ip6tables is no longer available by default. Update your scripts to load br_netfilter if you need this.
[    2.569726] 8021q: 802.1Q VLAN Support v1.8
[    2.572383] NET: Registered PF_VSOCK protocol family
[    2.582285] IPI shorthand broadcast: enabled
[    2.584494] AVX2 version of gcm_enc/dec engaged.
[    2.591048] AES CTR mode by8 optimization enabled
[    2.611901] sched_clock: Marking stable (2360086971, 247569653)->(2692914369, -85257745)
[    2.668449] ata2: found unknown device (class 0)
[    2.753407] ata2.00: ATAPI: QEMU DVD-ROM, 2.5+, max UDMA/100
[    2.769379] scsi 1:0:0:0: CD-ROM            QEMU     QEMU DVD-ROM     2.5+ PQ: 0 ANSI: 5
[    2.774013] clk: Disabling unused clocks
[    2.839603] sr 1:0:0:0: [sr0] scsi3-mmc drive: 4x/4x cd/rw xa/form2 tray
[    2.842118] cdrom: Uniform CD-ROM driver Revision: 3.20
[    2.897245] VFS: Mounted root (squashfs filesystem) readonly on device 254:2.
[    2.965944] Freeing unused kernel image (initmem) memory: 2452K
[    2.968532] Write protecting the kernel read-only data: 18432k
[    2.973048] Freeing unused kernel image (rodata/data gap) memory: 1800K
[    2.975557] Run /sbin/init as init process
[    3.242362] init: Console is alive
[    3.887250] kmodloader: loading kernel modules from /etc/modules-boot.d/*
[    3.948018] button_hotplug: loading out-of-tree module taints kernel.
[    3.954639] Button Hotplug driver version 0.4.1
[    3.977489] Intel(R) 2.5G Ethernet Linux Driver
[    3.980001] Copyright(c) 2018 Intel Corporation.
[    3.998959] igb: Intel(R) Gigabit Ethernet Network Driver
[    4.001308] igb: Copyright (c) 2007-2014 Intel Corporation.
[    4.018436] kmodloader: done loading kernel modules from /etc/modules-boot.d/*
[    4.040290] init: - preinit -
[    4.983219] 8021q: adding VLAN 0 to HW filter on device eth0
Press the [f] key and hit [enter] to enter failsafe mode
Press the [1], [2], [3] or [4] key and hit [enter] to select the debug level
[    9.642674] loop0: detected capacity change from 0 to 212992
[    9.688135] loop0: detected capacity change from 212992 to 201216
[    9.701885] mount_root: overlay filesystem in /dev/loop0 has not been formatted yet
[   10.045333] EXT4-fs (loop0): mounted filesystem feabe640-5205-4a9f-92e8-cccf746b0ae6 r/w with ordered data mode. Quota mode: disabled.
[   10.059249] mount_root: overlay filesystem has not been fully initialized yet
[   10.077125] mount_root: switching to ext4 overlay
[   10.099043] overlayfs: null uuid detected in lower fs '/', falling back to xino=off,index=off,nfs_export=off.
[   10.845724] EXT4-fs (vda1): mounted filesystem 84173db5-fa99-e35a-95c6-28613cc79ea9 r/w without journal. Quota mode: disabled.
[   10.869861] urandom-seed: Seed file not found (/etc/urandom.seed)
[   11.011566] procd: - early -
[   11.802074] procd: - ubus -
[   11.988076] procd: - init -
Please press Enter to activate this console.
root
login[999]: root login on 'ttyS0'


BusyBox v1.36.1 (2026-04-07 12:15:08 UTC) built-in shell (ash)

  _______                     ________        __
 |       |.-----.-----.-----.|  |  |  |.----.|  |_
 |   -   ||  _  |  -__|     ||  |  |  ||   _||   _|
 |_______||   __|_____|__|__||________||__|  |____|
          |__| W I R E L E S S   F R E E D O M
 -----------------------------------------------------
 OpenWrt 24.10-SNAPSHOT, r29148-beaf298c4c
 -----------------------------------------------------
=== WARNING! =====================================
There is no root password defined on this device!
Use the "passwd" command to set up a new password
in order to prevent unauthorized SSH logins.
--------------------------------------------------
root@(none):~# dmesg -n 1
root@(none):~# echo 'FGPS''FVHJMK'
FGPSFVHJMK
root@(none):~# run() { echo -n "$MARKER"; sh -c "$@"; echo "$MARKER $?"; }
root@(none):~# echo 'UKFG''NFLTWP'
UKFGNFLTWP
root@(none):~# MARKER='NUUN''BTWCCF' run 'ubus wait_for network.interface.lan'
NUUNBTWCCFNUUNBTWCCF 0
root@OpenWrt:~# echo 'HQHG''GHMSCB'
HQHGGHMSCB
root@OpenWrt:~# MARKER='ZQNW''SWOVLS' run 'ubus call network.interface.lan statu
s '"'"'{}'"'"''
ZQNWSWOVLS{
	"up": true,
	"pending": false,
	"available": true,
	"autostart": true,
	"dynamic": false,
	"uptime": 1,
	"l3_device": "br-lan",
	"proto": "static",
	"device": "br-lan",
	"updated": [
		"addresses"
	],
	"metric": 0,
	"dns_metric": 0,
	"delegation": true,
	"ipv4-address": [
		{
			"address": "192.168.1.1",
			"mask": 24
		}
	],
	"ipv6-address": [
		
	],
	"ipv6-prefix": [
		
	],
	"ipv6-prefix-assignment": [
		{
			"address": "fd46:f305:6f85::",
			"mask": 60,
			"local-address": {
				"address": "fd46:f305:6f85::1",
				"mask": 60
			}
		}
	],
	"route": [
		
	],
	"dns-server": [
		
	],
	"dns-search": [
		
	],
	"neighbors": [
		
	],
	"inactive": {
		"ipv4-address": [
			
		],
		"ipv6-address": [
			
		],
		"route": [
			
		],
		"dns-server": [
			
		],
		"dns-search": [
			
		],
		"neighbors": [
			
		]
	},
	"data": {
		
	}
}
ZQNWSWOVLS 0
root@OpenWrt:~# echo 'NZCA''BMWKPA'
NZCABMWKPA
root@OpenWrt:~# MARKER='SHEW''KOAMYX' run true
SHEWKOAMYXSHEWKOAMYX 0
root@OpenWrt:~# echo 'NGMF''QYHOQW'
NGMFQYHOQW
root@OpenWrt:~# MARKER='FAMZ''BMJNBZ' run 'source /etc/os-release; echo $BUILD_I
D'
FAMZBMJNBZr29148-beaf298c4c
FAMZBMJNBZ 0
root@OpenWrt:~# echo 'OHUQ''UBFUMB'
OHUQUBFUMB
root@OpenWrt:~# MARKER='FPHP''QCXBBO' run 'ls /etc/dropbear/dropbear_rsa_host_ke
y'
FPHPQCXBBO[0;0m/etc/dropbear/dropbear_rsa_host_key[m
FPHPQCXBBO 0
root@OpenWrt:~# echo 'CXXY''UYYOSY'
CXXYUYYOSY
root@OpenWrt:~# MARKER='PLXN''GFCVVK' run 'netstat -tlpn | grep 0.0.0.0:22'
PLXNGFCVVKnetstat: showing only processes with your user ID
tcp        0      0 0.0.0.0:22              0.0.0.0:*               LISTEN      1740/dropbear
PLXNGFCVVK 0
root@OpenWrt:~# echo 'USGG''JMHGWB'
USGGJMHGWB
root@OpenWrt:~# MARKER='JLAE''ZANOVY' run 'dmesg | grep br-lan | grep forwarding
'
JLAEZANOVY[   31.119043] br-lan: port 1(eth0) entered forwarding state
JLAEZANOVY 0
root@OpenWrt:~# echo 'XVMT''CGATTG'
XVMTCGATTG
root@OpenWrt:~# MARKER='MBOS''PFKQHN' run 'ubus call network.interface.lan statu
s '"'"'{}'"'"''
MBOSPFKQHN{
	"up": true,
	"pending": false,
	"available": true,
	"autostart": true,
	"dynamic": false,
	"uptime": 8,
	"l3_device": "br-lan",
	"proto": "static",
	"device": "br-lan",
	"updated": [
		"addresses"
	],
	"metric": 0,
	"dns_metric": 0,
	"delegation": true,
	"ipv4-address": [
		{
			"address": "192.168.1.1",
			"mask": 24
		}
	],
	"ipv6-address": [
		
	],
	"ipv6-prefix": [
		
	],
	"ipv6-prefix-assignment": [
		{
			"address": "fd46:f305:6f85::",
			"mask": 60,
			"local-address": {
				"address": "fd46:f305:6f85::1",
				"mask": 60
			}
		}
	],
	"route": [
		
	],
	"dns-server": [
		
	],
	"dns-search": [
		
	],
	"neighbors": [
		
	],
	"inactive": {
		"ipv4-address": [
			
		],
		"ipv6-address": [
			
		],
		"route": [
			
		],
		"dns-server": [
			
		],
		"dns-search": [
			
		],
		"neighbors": [
			
		]
	},
	"data": {
		
	}
}
MBOSPFKQHN 0
root@OpenWrt:~# echo 'FKFG''EQJXCN'
FKFGEQJXCN
root@OpenWrt:~# MARKER='SJYE''HSNVWY' run 'ip -o addr show dev br-lan'
SJYEHSNVWY4: br-lan    inet 192.168.1.1/24 brd 192.168.1.255 scope global br-lan\       valid_lft forever preferred_lft forever
4: br-lan    inet6 fd46:f305:6f85::1/60 scope global noprefixroute \       valid_lft forever preferred_lft forever
4: br-lan    inet6 fe80::5054:ff:fe12:3456/64 scope link \       valid_lft forever preferred_lft forever
SJYEHSNVWY 0
root@OpenWrt:~# echo 'ZJWG''KZEFTG'
ZJWGKZEFTG
root@OpenWrt:~# MARKER='NLPO''JHLYZB' run 'ubus call network.interface.wan statu
s '"'"'{}'"'"''
NLPOJHLYZB{
	"up": true,
	"pending": false,
	"available": true,
	"autostart": true,
	"dynamic": false,
	"uptime": 8,
	"l3_device": "eth1",
	"proto": "dhcp",
	"device": "eth1",
	"updated": [
		"addresses",
		"routes",
		"data"
	],
	"metric": 0,
	"dns_metric": 0,
	"delegation": true,
	"ipv4-address": [
		{
			"address": "10.0.2.15",
			"mask": 24
		}
	],
	"ipv6-address": [
		
	],
	"ipv6-prefix": [
		
	],
	"ipv6-prefix-assignment": [
		
	],
	"route": [
		{
			"target": "0.0.0.0",
			"mask": 0,
			"nexthop": "10.0.2.2",
			"source": "10.0.2.15/32"
		}
	],
	"dns-server": [
		"10.0.2.3"
	],
	"dns-search": [
		
	],
	"neighbors": [
		
	],
	"inactive": {
		"ipv4-address": [
			
		],
		"ipv6-address": [
			
		],
		"route": [
			
		],
		"dns-server": [
			
		],
		"dns-search": [
			
		],
		"neighbors": [
			
		]
	},
	"data": {
		"dhcpserver": "10.0.2.2",
		"leasetime": 86400
	}
}
NLPOJHLYZB 0
root@OpenWrt:~# 