Labgrid Console Logfile for main
Logfile started at 2026-04-24 02:00:21.914004
=== Log starts here ===
c[?7l[2J[0mSeaBIOS (version 1.16.3-debian-1.16.3-2)


iPXE (https://ipxe.org) 00:03.0 CA00 PCI2.10 PnP PMM+06FCAE70+06F0AE70 CA00
Press Ctrl-B to configure iPXE (PCI 00:03.0)...                                                                               




iPXE (https://ipxe.org) 00:05.0 CB00 PCI2.10 PnP PMM 06FCAE70 06F0AE70 CB00
Press Ctrl-B to configure iPXE (PCI 00:05.0)...                                                                               


Booting from Hard Disk...
GRUB loading.....
[0;30;47mWelcome to GRUB![01;01H[0m[2J[H[J[1;1H[?25l[m[H[J[1;1H[2;30HGNU GRUB  version 2.12

[m[4;2H+----------------------------------------------------------------------------+[5;2H|[5;79H|[6;2H|[6;79H|[7;2H|[7;79H|[8;2H|[8;79H|[9;2H|[9;79H|[10;2H|[10;79H|[11;2H|[11;79H|[12;2H|[12;79H|[13;2H|[13;79H|[14;2H|[14;79H|[15;2H|[15;79H|[16;2H+----------------------------------------------------------------------------+[m[17;2H[18;2H[m     Use the ^ and v keys to select which entry is highlighted.          
      Press enter to boot the selected OS, `e' to edit the commands       
      before booting or `c' for a command-line. ESC to return             
      previous menu.                                                      [5;80H [7m[5;3H*OpenWrt                                                                    [m[5;78H[m[m[6;3H OpenWrt (failsafe)                                                         [m[6;78H[m[m[7;3H                                                                            [m[7;78H[m[m[8;3H                                                                            [m[8;78H[m[m[9;3H                                                                            [m[9;78H[m[m[10;3H                                                                            [m[10;78H[m[m[11;3H                                                                            [m[11;78H[m[m[12;3H                                                                            [m[12;78H[m[m[13;3H                                                                            [m[13;78H[m[m[14;3H                                                                            [m[14;78H[m[m[15;3H                                                                            [m[15;78H[m[15;80H [5;78H[2J[02;30HGNU GRUB  version 2.12[04;02H┌────────────────────────────────────────────────────────────────────────────┐[05;02H│[05;79H│[06;02H│[06;79H│[07;02H│[07;79H│[08;02H│[08;79H│[09;02H│[09;79H│[10;02H│[10;79H│[11;02H│[11;79H│[12;02H│[12;79H│[13;02H│[13;79H│[14;02H│[14;79H│[15;02H│[15;79H│[16;02H│[16;79H│[17;02H└────────────────────────────────────────────────────────────────────────────┘[19;02H     Use the ↑ and ↓ keys to select which entry is highlighted.          
      Press enter to boot the selected OS, `e' to edit the commands       
      before booting or `c' for a command-line. ESC to return             
      previous menu.                                                      [05;80H [05;03H[0;30;47m*OpenWrt                                                                    [06;03H[0m OpenWrt (failsafe)                                                         [07;03H                                                                            [08;03H                                                                            [09;03H                                                                            [10;03H                                        [10;42H[10;43H                                    [11;03H                                                                            [12;03H                                                   [12;53H[12;54H                         [13;03H                                                                            [14;03H                                                                            [15;03H                                                                            [16;03H                                                                            [16;80H 






   The highlighted entry will be executed automatically in 5s.                [22;1H   The highlighted entry will be executed automatically in 5s.                 [5;78H [05;78H

















   The highlighted entry will be executed automatically in 4s.                [22;1H   The highlighted entry will be executed automatically in 4s.                 [5;78H [05;78H

















   The highlighted entry will be executed automatically in 3s.                [22;1H   The highlighted entry will be executed automatically in 3s.                 [5;78H [05;78H

















   The highlighted entry will be executed automatically in 2s.                [22;1H   The highlighted entry will be executed automatically in 2s.                 [5;78H [05;78H

















   The highlighted entry will be executed automatically in 1s.                [22;1H   The highlighted entry will be executed automatically in 1s.                 [5;78H [05;78H

















   The highlighted entry will be executed automatically in 0s.                [22;1H   The highlighted entry will be executed automatically in 0s.                 [5;78H [01;01H[2J[?25h[H[J[1;1H[H[J[1;1H[2J   Booting `OpenWrt' Booting `OpenWrt

'

[    0.000000] Linux version 6.6.133 (builder@buildhost) (x86_64-openwrt-linux-musl-gcc (OpenWrt GCC 13.3.0 r29157-44df9972d5) 13.3.0, GNU ld (GNU Binutils) 2.42) #0 SMP Sun Apr 12 18:14:18 2026
[    0.000000] Command line: BOOT_IMAGE=/boot/vmlinuz root=PARTUUID=9c236c87-02 rootwait console=tty1 console=ttyS0,115200n8 noinitrd
[    0.000000] BIOS-provided physical RAM map:
[    0.000000] BIOS-e820: [mem 0x0000000000000000-0x000000000009fbff] usable
[    0.000000] BIOS-e820: [mem 0x000000000009fc00-0x000000000009ffff] reserved
[    0.000000] BIOS-e820: [mem 0x00000000000f0000-0x00000000000fffff] reserved
[    0.000000] BIOS-e820: [mem 0x0000000000100000-0x0000000007fdcfff] usable
[    0.000000] BIOS-e820: [mem 0x0000000007fdd000-0x0000000007ffffff] reserved
[    0.000000] BIOS-e820: [mem 0x00000000fffc0000-0x00000000ffffffff] reserved
[    0.000000] BIOS-e820: [mem 0x000000fd00000000-0x000000ffffffffff] reserved
[    0.000000] NX (Execute Disable) protection: active
[    0.000000] APIC: Static calls initialized
[    0.000000] SMBIOS 3.0.0 present.
[    0.000000] DMI: QEMU Standard PC (i440FX + PIIX, 1996), BIOS 1.16.3-debian-1.16.3-2 04/01/2014
[    0.000000] tsc: Fast TSC calibration using PIT
[    0.000000] tsc: Detected 2596.126 MHz processor
[    0.008548] last_pfn = 0x7fdd max_arch_pfn = 0x400000000
[    0.009186] MTRR map: 4 entries (3 fixed + 1 variable; max 19), built from 8 variable MTRRs
[    0.009365] x86/PAT: Configuration [0-7]: WB  WC  UC- UC  WB  WP  UC- WT  
[    0.027815] found SMP MP-table at [mem 0x000f5460-0x000f546f]
[    0.029239] Using GB pages for direct mapping
[    0.033096] ACPI: Early table checksum verification disabled
[    0.033412] ACPI: RSDP 0x00000000000F5290 000014 (v00 BOCHS )
[    0.033724] ACPI: RSDT 0x0000000007FE1C64 000034 (v01 BOCHS  BXPC     00000001 BXPC 00000001)
[    0.034225] ACPI: FACP 0x0000000007FE1B18 000074 (v01 BOCHS  BXPC     00000001 BXPC 00000001)
[    0.034845] ACPI: DSDT 0x0000000007FE0040 001AD8 (v01 BOCHS  BXPC     00000001 BXPC 00000001)
[    0.034931] ACPI: FACS 0x0000000007FE0000 000040
[    0.034981] ACPI: APIC 0x0000000007FE1B8C 000078 (v03 BOCHS  BXPC     00000001 BXPC 00000001)
[    0.035006] ACPI: HPET 0x0000000007FE1C04 000038 (v01 BOCHS  BXPC     00000001 BXPC 00000001)
[    0.035029] ACPI: WAET 0x0000000007FE1C3C 000028 (v01 BOCHS  BXPC     00000001 BXPC 00000001)
[    0.035118] ACPI: Reserving FACP table memory at [mem 0x7fe1b18-0x7fe1b8b]
[    0.035163] ACPI: Reserving DSDT table memory at [mem 0x7fe0040-0x7fe1b17]
[    0.035171] ACPI: Reserving FACS table memory at [mem 0x7fe0000-0x7fe003f]
[    0.035177] ACPI: Reserving APIC table memory at [mem 0x7fe1b8c-0x7fe1c03]
[    0.035184] ACPI: Reserving HPET table memory at [mem 0x7fe1c04-0x7fe1c3b]
[    0.035190] ACPI: Reserving WAET table memory at [mem 0x7fe1c3c-0x7fe1c63]
[    0.038274] Zone ranges:
[    0.038307]   DMA      [mem 0x0000000000001000-0x0000000000ffffff]
[    0.038384]   DMA32    [mem 0x0000000001000000-0x0000000007fdcfff]
[    0.038396]   Normal   empty
[    0.038420] Movable zone start for each node
[    0.038447] Early memory node ranges
[    0.038477]   node   0: [mem 0x0000000000001000-0x000000000009efff]
[    0.038519]   node   0: [mem 0x0000000000100000-0x0000000007fdcfff]
[    0.038627] Initmem setup node 0 [mem 0x0000000000001000-0x0000000007fdcfff]
[    0.039470] On node 0, zone DMA: 1 pages in unavailable ranges
[    0.039822] On node 0, zone DMA: 97 pages in unavailable ranges
[    0.040882] On node 0, zone DMA32: 35 pages in unavailable ranges
[    0.041192] ACPI: PM-Timer IO Port: 0x608
[    0.041541] ACPI: LAPIC_NMI (acpi_id[0xff] dfl dfl lint[0x1])
[    0.041954] IOAPIC[0]: apic_id 0, version 32, address 0xfec00000, GSI 0-23
[    0.042061] ACPI: INT_SRC_OVR (bus 0 bus_irq 0 global_irq 2 dfl dfl)
[    0.042314] ACPI: INT_SRC_OVR (bus 0 bus_irq 5 global_irq 5 high level)
[    0.042369] ACPI: INT_SRC_OVR (bus 0 bus_irq 9 global_irq 9 high level)
[    0.042458] ACPI: INT_SRC_OVR (bus 0 bus_irq 10 global_irq 10 high level)
[    0.042468] ACPI: INT_SRC_OVR (bus 0 bus_irq 11 global_irq 11 high level)
[    0.042654] ACPI: Using ACPI (MADT) for SMP configuration information
[    0.042710] ACPI: HPET id: 0x8086a201 base: 0xfed00000
[    0.043005] smpboot: Allowing 1 CPUs, 0 hotplug CPUs
[    0.044095] [mem 0x08000000-0xfffbffff] available for PCI devices
[    0.044141] Booting paravirtualized kernel on bare hardware
[    0.044426] clocksource: refined-jiffies: mask: 0xffffffff max_cycles: 0xffffffff, max_idle_ns: 19112604462750000 ns
[    0.045060] setup_percpu: NR_CPUS:512 nr_cpumask_bits:1 nr_cpu_ids:1 nr_node_ids:1
[    0.046546] percpu: Embedded 48 pages/cpu s158248 r8192 d30168 u2097152
[    0.048797] Kernel command line: BOOT_IMAGE=/boot/vmlinuz root=PARTUUID=9c236c87-02 rootwait console=tty1 console=ttyS0,115200n8 noinitrd
[    0.050469] random: crng init done
[    0.055716] Dentry cache hash table entries: 16384 (order: 5, 131072 bytes, linear)
[    0.056780] Inode-cache hash table entries: 8192 (order: 4, 65536 bytes, linear)
[    0.059721] Built 1 zonelists, mobility grouping on.  Total pages: 31965
[    0.059947] mem auto-init: stack:off, heap alloc:off, heap free:off
[    0.063475] Memory: 102576K/130540K available (14336K kernel code, 1170K rwdata, 2300K rodata, 2456K init, 2404K bss, 27708K reserved, 0K cma-reserved)
[    0.069895] SLUB: HWalign=64, Order=0-3, MinObjects=0, CPUs=1, Nodes=1
[    0.077412] rcu: Hierarchical RCU implementation.
[    0.077449] rcu: 	RCU restricting CPUs from NR_CPUS=512 to nr_cpu_ids=1.
[    0.077564] 	Tracing variant of Tasks RCU enabled.
[    0.077645] rcu: RCU calculated value of scheduler-enlistment delay is 10 jiffies.
[    0.077688] rcu: Adjusting geometry for rcu_fanout_leaf=16, nr_cpu_ids=1
[    0.078813] NR_IRQS: 33024, nr_irqs: 256, preallocated irqs: 16
[    0.087537] rcu: srcu_init: Setting srcu_struct sizes based on contention.
[    0.094371] Console: colour VGA+ 80x25
[    0.094697] printk: console [tty1] enabled
[    0.101967] printk: console [ttyS0] enabled
[    0.334956] ACPI: Core revision 20230628
[    0.350342] clocksource: hpet: mask: 0xffffffff max_cycles: 0xffffffff, max_idle_ns: 19112604467 ns
[    0.355294] APIC: Switch to symmetric I/O mode setup
[    0.359978] ..TIMER: vector=0x30 apic1=0 pin1=2 apic2=-1 pin2=-1
[    0.402352] clocksource: tsc-early: mask: 0xffffffffffffffff max_cycles: 0x256bf0a106d, max_idle_ns: 440795262885 ns
[    0.403131] Calibrating delay loop (skipped), value calculated using timer frequency.. 5192.25 BogoMIPS (lpj=25961260)
[    0.404889] x86/cpu: User Mode Instruction Prevention (UMIP) activated
[    0.419703] Last level iTLB entries: 4KB 0, 2MB 0, 4MB 0
[    0.423147] Last level dTLB entries: 4KB 0, 2MB 0, 4MB 0, 1GB 0
[    0.423607] Spectre V1 : Mitigation: usercopy/swapgs barriers and __user pointer sanitization
[    0.424486] Spectre V2 : Mitigation: Retpolines
[    0.425166] Spectre V2 : Spectre v2 / SpectreRSB: Filling RSB on context switch and VMEXIT
[    0.425770] Speculative Store Bypass: Vulnerable
[    0.427505] x86/fpu: Supporting XSAVE feature 0x001: 'x87 floating point registers'
[    0.434385] x86/fpu: Supporting XSAVE feature 0x002: 'SSE registers'
[    0.435085] x86/fpu: Supporting XSAVE feature 0x004: 'AVX registers'
[    0.435488] x86/fpu: Supporting XSAVE feature 0x008: 'MPX bounds registers'
[    0.435823] x86/fpu: Supporting XSAVE feature 0x010: 'MPX CSR'
[    0.436259] x86/fpu: xstate_offset[2]:  576, xstate_sizes[2]:  256
[    0.443334] x86/fpu: xstate_offset[3]:  960, xstate_sizes[3]:   64
[    0.443670] x86/fpu: xstate_offset[4]: 1024, xstate_sizes[4]:   64
[    0.443949] x86/fpu: Enabled xstate features 0x1f, context size is 1088 bytes, using 'standard' format.
[    0.746254] Freeing SMP alternatives memory: 40K
[    0.747584] pid_max: default: 32768 minimum: 301
[    0.757252] Mount-cache hash table entries: 512 (order: 0, 4096 bytes, linear)
[    0.757905] Mountpoint-cache hash table entries: 512 (order: 0, 4096 bytes, linear)
[    0.906954] smpboot: CPU0: AMD QEMU TCG CPU version 2.5+ (family: 0x6, model: 0x6, stepping: 0x3)
[    0.915555] RCU Tasks Trace: Setting shift to 0 and lim to 1 rcu_task_cb_adjust=1 rcu_task_cpu_ids=1.
[    0.916386] Performance Events: PMU not available due to virtualization, using software events only.
[    0.917799] signal: max sigframe size: 1616
[    0.919439] rcu: Hierarchical SRCU implementation.
[    0.923289] rcu: 	Max phase no-delay instances is 1000.
[    0.928023] smp: Bringing up secondary CPUs ...
[    0.936266] smp: Brought up 1 node, 1 CPU
[    0.936675] smpboot: Max logical packages: 1
[    0.937080] smpboot: Total of 1 processors activated (5192.25 BogoMIPS)
[    0.959960] clocksource: jiffies: mask: 0xffffffff max_cycles: 0xffffffff, max_idle_ns: 19112604462750000 ns
[    0.961440] futex hash table entries: 256 (order: 2, 16384 bytes, linear)
[    0.963036] pinctrl core: initialized pinctrl subsystem
[    0.987956] NET: Registered PF_NETLINK/PF_ROUTE protocol family
[    0.995757] thermal_sys: Registered thermal governor 'step_wise'
[    0.995829] thermal_sys: Registered thermal governor 'user_space'
[    0.997056] cpuidle: using governor ladder
[    0.997654] cpuidle: using governor menu
[    1.002314] acpiphp: ACPI Hot Plug PCI Controller Driver version: 0.5
[    1.005873] PCI: Using configuration type 1 for base access
[    1.017354] cryptd: max_cpu_qlen set to 1000
[    1.023629] ACPI: Added _OSI(Module Device)
[    1.023867] ACPI: Added _OSI(Processor Device)
[    1.024046] ACPI: Added _OSI(Processor Aggregator Device)
[    1.041806] ACPI: 1 ACPI AML tables successfully acquired and loaded
[    1.060386] ACPI: _OSC evaluation for CPUs failed, trying _PDC
[    1.063265] ACPI: Interpreter enabled
[    1.064258] ACPI: PM: (supports S0 S5)
[    1.064479] ACPI: Using IOAPIC for interrupt routing
[    1.065150] PCI: Using host bridge windows from ACPI; if necessary, use "pci=nocrs" and report a bug
[    1.072755] PCI: Using E820 reservations for host bridge windows
[    1.075389] ACPI: Enabled 2 GPEs in block 00 to 0F
[    1.115535] ACPI: PCI Root Bridge [PCI0] (domain 0000 [bus 00-ff])
[    1.116698] acpi PNP0A03:00: _OSC: OS supports [ASPM ClockPM Segments MSI HPX-Type3]
[    1.117396] acpi PNP0A03:00: _OSC: not requesting OS control; OS requires [ExtendedConfig ASPM ClockPM MSI]
[    1.118274] acpi PNP0A03:00: fail to add MMCONFIG information, can't access extended configuration space under this bridge
[    1.135294] acpiphp: Slot [3] registered
[    1.135925] acpiphp: Slot [4] registered
[    1.136321] acpiphp: Slot [5] registered
[    1.136664] acpiphp: Slot [6] registered
[    1.140133] acpiphp: Slot [7] registered
[    1.140682] acpiphp: Slot [8] registered
[    1.141137] acpiphp: Slot [9] registered
[    1.141527] acpiphp: Slot [10] registered
[    1.141880] acpiphp: Slot [11] registered
[    1.142162] acpiphp: Slot [12] registered
[    1.153250] acpiphp: Slot [13] registered
[    1.153644] acpiphp: Slot [14] registered
[    1.154053] acpiphp: Slot [15] registered
[    1.154442] acpiphp: Slot [16] registered
[    1.154852] acpiphp: Slot [17] registered
[    1.155247] acpiphp: Slot [18] registered
[    1.155562] acpiphp: Slot [19] registered
[    1.163442] acpiphp: Slot [20] registered
[    1.163870] acpiphp: Slot [21] registered
[    1.164356] acpiphp: Slot [22] registered
[    1.164795] acpiphp: Slot [23] registered
[    1.165181] acpiphp: Slot [24] registered
[    1.165572] acpiphp: Slot [25] registered
[    1.173498] acpiphp: Slot [26] registered
[    1.173937] acpiphp: Slot [27] registered
[    1.174335] acpiphp: Slot [28] registered
[    1.174743] acpiphp: Slot [29] registered
[    1.175125] acpiphp: Slot [30] registered
[    1.175381] acpiphp: Slot [31] registered
[    1.183639] PCI host bridge to bus 0000:00
[    1.184203] pci_bus 0000:00: root bus resource [io  0x0000-0x0cf7 window]
[    1.184643] pci_bus 0000:00: root bus resource [io  0x0d00-0xffff window]
[    1.184884] pci_bus 0000:00: root bus resource [mem 0x000a0000-0x000bffff window]
[    1.193338] pci_bus 0000:00: root bus resource [mem 0x08000000-0xfebfffff window]
[    1.193709] pci_bus 0000:00: root bus resource [mem 0x100000000-0x17fffffff window]
[    1.194291] pci_bus 0000:00: root bus resource [bus 00-ff]
[    1.205411] pci 0000:00:00.0: [8086:1237] type 00 class 0x060000
[    1.215954] pci 0000:00:01.0: [8086:7000] type 00 class 0x060100
[    1.217117] pci 0000:00:01.1: [8086:7010] type 00 class 0x010180
[    1.220861] pci 0000:00:01.1: BAR 4 [io  0xc0e0-0xc0ef]
[    1.222318] pci 0000:00:01.1: BAR 0 [io  0x01f0-0x01f7]: legacy IDE quirk
[    1.222617] pci 0000:00:01.1: BAR 1 [io  0x03f6]: legacy IDE quirk
[    1.222874] pci 0000:00:01.1: BAR 2 [io  0x0170-0x0177]: legacy IDE quirk
[    1.223232] pci 0000:00:01.1: BAR 3 [io  0x0376]: legacy IDE quirk
[    1.224600] pci 0000:00:01.3: [8086:7113] type 00 class 0x068000
[    1.233500] pci 0000:00:01.3: quirk: [io  0x0600-0x063f] claimed by PIIX4 ACPI
[    1.233809] pci 0000:00:01.3: quirk: [io  0x0700-0x070f] claimed by PIIX4 SMB
[    1.243690] pci 0000:00:02.0: [1234:1111] type 00 class 0x030000
[    1.244891] pci 0000:00:02.0: BAR 0 [mem 0xfd000000-0xfdffffff pref]
[    1.247071] pci 0000:00:02.0: BAR 2 [mem 0xfeb90000-0xfeb90fff]
[    1.250843] pci 0000:00:02.0: ROM [mem 0xfeb80000-0xfeb8ffff pref]
[    1.253705] pci 0000:00:02.0: Video device with shadowed ROM at [mem 0x000c0000-0x000dffff]
[    1.255531] pci 0000:00:03.0: [1af4:1000] type 00 class 0x020000
[    1.256737] pci 0000:00:03.0: BAR 0 [io  0xc080-0xc09f]
[    1.261274] pci 0000:00:03.0: BAR 4 [mem 0xfe000000-0xfe003fff 64bit pref]
[    1.263922] pci 0000:00:03.0: ROM [mem 0xfea80000-0xfeafffff pref]
[    1.269160] pci 0000:00:04.0: [1af4:1005] type 00 class 0x00ff00
[    1.270926] pci 0000:00:04.0: BAR 0 [io  0xc0a0-0xc0bf]
[    1.273399] pci 0000:00:04.0: BAR 1 [mem 0xfeb91000-0xfeb91fff]
[    1.278728] pci 0000:00:04.0: BAR 4 [mem 0xfe004000-0xfe007fff 64bit pref]
[    1.284850] pci 0000:00:05.0: [1af4:1000] type 00 class 0x020000
[    1.286650] pci 0000:00:05.0: BAR 0 [io  0xc0c0-0xc0df]
[    1.287612] pci 0000:00:05.0: BAR 1 [mem 0xfeb92000-0xfeb92fff]
[    1.291100] pci 0000:00:05.0: BAR 4 [mem 0xfe008000-0xfe00bfff 64bit pref]
[    1.293609] pci 0000:00:05.0: ROM [mem 0xfeb00000-0xfeb7ffff pref]
[    1.300078] pci 0000:00:06.0: [1af4:1001] type 00 class 0x010000
[    1.302645] pci 0000:00:06.0: BAR 0 [io  0xc000-0xc07f]
[    1.304220] pci 0000:00:06.0: BAR 1 [mem 0xfeb93000-0xfeb93fff]
[    1.307393] pci 0000:00:06.0: BAR 4 [mem 0xfe00c000-0xfe00ffff 64bit pref]
[    1.318000] ACPI: PCI: Interrupt link LNKA configured for IRQ 10
[    1.318875] ACPI: PCI: Interrupt link LNKB configured for IRQ 10
[    1.319496] ACPI: PCI: Interrupt link LNKC configured for IRQ 11
[    1.320039] ACPI: PCI: Interrupt link LNKD configured for IRQ 11
[    1.320447] ACPI: PCI: Interrupt link LNKS configured for IRQ 9
[    1.334066] iommu: Default domain type: Translated
[    1.334366] iommu: DMA domain TLB invalidation policy: lazy mode
[    1.336471] SCSI subsystem initialized
[    1.339189] ACPI: bus type USB registered
[    1.339971] usbcore: registered new interface driver usbfs
[    1.340819] usbcore: registered new interface driver hub
[    1.341381] usbcore: registered new device driver usb
[    1.342184] pps_core: LinuxPPS API ver. 1 registered
[    1.342506] pps_core: Software ver. 5.3.6 - Copyright 2005-2007 Rodolfo Giometti <giometti@linux.it>
[    1.343525] PTP clock support registered
[    1.366859] PCI: Using ACPI for IRQ routing
[    1.370053] hpet0: at MMIO 0xfed00000, IRQs 2, 8, 0
[    1.370378] hpet0: 3 comparators, 64-bit 100.000000 MHz counter
[    1.374930] clocksource: Switched to clocksource tsc-early
[    1.377344] pnp: PnP ACPI init
[    1.381414] pnp: PnP ACPI: found 6 devices
[    1.393532] clocksource: acpi_pm: mask: 0xffffff max_cycles: 0xffffff, max_idle_ns: 2085701024 ns
[    1.395297] NET: Registered PF_INET protocol family
[    1.396927] IP idents hash table entries: 2048 (order: 2, 16384 bytes, linear)
[    1.403481] tcp_listen_portaddr_hash hash table entries: 256 (order: 0, 4096 bytes, linear)
[    1.404581] Table-perturb hash table entries: 65536 (order: 6, 262144 bytes, linear)
[    1.404938] TCP established hash table entries: 1024 (order: 1, 8192 bytes, linear)
[    1.405421] TCP bind hash table entries: 1024 (order: 3, 32768 bytes, linear)
[    1.415743] TCP: Hash tables configured (established 1024 bind 1024)
[    1.418191] MPTCP token hash table entries: 256 (order: 1, 6144 bytes, linear)
[    1.418771] UDP hash table entries: 256 (order: 1, 8192 bytes, linear)
[    1.419247] UDP-Lite hash table entries: 256 (order: 1, 8192 bytes, linear)
[    1.428365] NET: Registered PF_UNIX/PF_LOCAL protocol family
[    1.429561] pci_bus 0000:00: resource 4 [io  0x0000-0x0cf7 window]
[    1.429813] pci_bus 0000:00: resource 5 [io  0x0d00-0xffff window]
[    1.430033] pci_bus 0000:00: resource 6 [mem 0x000a0000-0x000bffff window]
[    1.437513] pci_bus 0000:00: resource 7 [mem 0x08000000-0xfebfffff window]
[    1.437769] pci_bus 0000:00: resource 8 [mem 0x100000000-0x17fffffff window]
[    1.438533] pci 0000:00:01.0: PIIX3: Enabling Passive Release
[    1.438848] pci 0000:00:00.0: Limiting direct PCI/PCI transfers
[    1.448542] PCI: CLS 0 bytes, default 64
[    1.488357] workingset: timestamp_bits=46 max_order=15 bucket_order=0
[    1.490456] squashfs: version 4.0 (2009/01/31) Phillip Lougher
[    1.494001] Block layer SCSI generic (bsg) driver version 0.4 loaded (major 247)
[    1.498885] hv_vmbus: registering driver hyperv_fb
[    1.502743] input: Power Button as /devices/LNXSYSTM:00/LNXPWRBN:00/input/input0
[    1.515467] ACPI: button: Power Button [PWRF]
[    1.686447] ACPI: \_SB_.LNKC: Enabled at IRQ 11
[    1.848785] ACPI: \_SB_.LNKD: Enabled at IRQ 10
[    2.010416] ACPI: \_SB_.LNKA: Enabled at IRQ 10
[    2.172232] ACPI: \_SB_.LNKB: Enabled at IRQ 11
[    2.174306] Serial: 8250/16550 driver, 16 ports, IRQ sharing enabled
[    2.199896] 00:04: ttyS0 at I/O 0x3f8 (irq = 4, base_baud = 115200) is a 16550A
[    2.236730] Non-volatile memory driver v1.3
[    2.249105] Linux agpgart interface v0.103
[    2.250119] AMD-Vi: AMD IOMMUv2 functionality not available on this system - This is not a bug.
[    2.250723] ACPI: bus type drm_connector registered
[    2.253047] [drm] Found bochs VGA, ID 0xb0c5.
[    2.253278] [drm] Framebuffer size 16384 kB @ 0xfd000000, mmio @ 0xfeb90000.
[    2.267403] [drm] Found EDID data blob.
[    2.272816] [drm] Initialized bochs-drm 1.0.0 20130925 for 0000:00:02.0 on minor 0
[    2.334496] Console: switching to colour frame buffer device 160x50
[    2.344298] bochs-drm 0000:00:02.0: [drm] fb0: bochs-drmdrmfb frame buffer device
[    2.378987] loop: module loaded
[    2.379898] virtio_blk virtio3: 1/0/0 default/read/poll queues
[    2.385004] virtio_blk virtio3: [vda] 246784 512-byte logical blocks (126 MB/121 MiB)
[    2.393769]  vda: vda1 vda2
[    2.397501] Guest personality initialized and is inactive
[    2.398135] VMCI host device registered (name=vmci, major=10, minor=256)
[    2.398454] Initialized host personality
[    2.399328] VMware PVSCSI driver - version 1.0.7.0-k
[    2.399675] hv_vmbus: registering driver hv_storvsc
[    2.425017] scsi host0: ata_piix
[    2.429105] scsi host1: ata_piix
[    2.430148] ata1: PATA max MWDMA2 cmd 0x1f0 ctl 0x3f6 bmdma 0xc0e0 irq 14
[    2.430464] ata2: PATA max MWDMA2 cmd 0x170 ctl 0x376 bmdma 0xc0e8 irq 15
[    2.440626] VMware vmxnet3 virtual NIC driver - version 1.7.0.0-k-NAPI
[    2.441314] hv_vmbus: registering driver hv_netvsc
[    2.441708] Fusion MPT base driver 3.04.20
[    2.441872] Copyright (c) 1999-2008 LSI Corporation
[    2.442270] Fusion MPT SPI Host driver 3.04.20
[    2.451886] Fusion MPT SAS Host driver 3.04.20
[    2.453930] usbcore: registered new interface driver usb-storage
[    2.455340] i8042: PNP: PS/2 Controller [PNP0303:KBD,PNP0f13:MOU] at 0x60,0x64 irq 1,12
[    2.458684] serio: i8042 KBD port at 0x60,0x64 irq 1
[    2.459077] serio: i8042 AUX port at 0x60,0x64 irq 12
[    2.462808] hv_vmbus: registering driver hyperv_keyboard
[    2.466679] rtc_cmos 00:05: RTC can wake from S4
[    2.471843] rtc_cmos 00:05: registered as rtc0
[    2.474867] rtc_cmos 00:05: setting system clock to 2026-04-24T02:00:33 UTC (1776996033)
[    2.477655] rtc_cmos 00:05: alarms up to one day, y3k, 242 bytes nvram, hpet irqs
[    2.480680] amd_pstate: the _CPC object is not present in SBIOS or ACPI disabled
[    2.483113] sdhci: Secure Digital Host Controller Interface driver
[    2.488207] sdhci: Copyright(c) Pierre Ossman
[    2.498104] input: AT Translated Set 2 keyboard as /devices/platform/i8042/serio0/input/input1
[    2.506191] tsc: Refined TSC clocksource calibration: 2596.105 MHz
[    2.509212] clocksource: tsc: mask: 0xffffffffffffffff max_cycles: 0x256bdc752bc, max_idle_ns: 440795239410 ns
[    2.514353] clocksource: Switched to clocksource tsc
[    2.538290] hid: raw HID events driver (C) Jiri Kosina
[    2.541228] hv_vmbus: registering driver hid_hyperv
[    2.544244] usbcore: registered new interface driver usbhid
[    2.546737] usbhid: USB HID core driver
[    2.549516] hv_utils: Registering HyperV Utility Driver
[    2.551787] hv_vmbus: registering driver hv_utils
[    2.553943] hv_vmbus: registering driver hv_balloon
[    2.557650] NET: Registered PF_INET6 protocol family
[    2.574207] Segment Routing with IPv6
[    2.576895] In-situ OAM (IOAM) with IPv6
[    2.579528] NET: Registered PF_PACKET protocol family
[    2.582279] bridge: filtering via arp/ip/ip6tables is no longer available by default. Update your scripts to load br_netfilter if you need this.
[    2.591400] 8021q: 802.1Q VLAN Support v1.8
[    2.594342] NET: Registered PF_VSOCK protocol family
[    2.604449] IPI shorthand broadcast: enabled
[    2.607048] AVX2 version of gcm_enc/dec engaged.
[    2.613685] AES CTR mode by8 optimization enabled
[    2.632097] sched_clock: Marking stable (2370114556, 254981072)->(2670566275, -45470647)
[    2.685403] ata2: found unknown device (class 0)
[    2.744764] ata2.00: ATAPI: QEMU DVD-ROM, 2.5+, max UDMA/100
[    2.766821] scsi 1:0:0:0: CD-ROM            QEMU     QEMU DVD-ROM     2.5+ PQ: 0 ANSI: 5
[    2.771835] clk: Disabling unused clocks
[    2.837224] sr 1:0:0:0: [sr0] scsi3-mmc drive: 4x/4x cd/rw xa/form2 tray
[    2.840054] cdrom: Uniform CD-ROM driver Revision: 3.20
[    2.894670] VFS: Mounted root (squashfs filesystem) readonly on device 254:2.
[    2.970123] Freeing unused kernel image (initmem) memory: 2456K
[    2.972911] Write protecting the kernel read-only data: 18432k
[    2.977459] Freeing unused kernel image (rodata/data gap) memory: 1796K
[    2.980222] Run /sbin/init as init process
[    3.291932] init: Console is alive
[    3.942819] kmodloader: loading kernel modules from /etc/modules-boot.d/*
[    4.006700] button_hotplug: loading out-of-tree module taints kernel.
[    4.013977] Button Hotplug driver version 0.4.1
[    4.038081] Intel(R) 2.5G Ethernet Linux Driver
[    4.040798] Copyright(c) 2018 Intel Corporation.
[    4.059813] igb: Intel(R) Gigabit Ethernet Network Driver
[    4.062509] igb: Copyright (c) 2007-2014 Intel Corporation.
[    4.079348] kmodloader: done loading kernel modules from /etc/modules-boot.d/*
[    4.099480] init: - preinit -
[    5.068385] 8021q: adding VLAN 0 to HW filter on device eth0
Press the [f] key and hit [enter] to enter failsafe mode
Press the [1], [2], [3] or [4] key and hit [enter] to select the debug level
[    9.813622] loop0: detected capacity change from 0 to 212992
[    9.875560] loop0: detected capacity change from 212992 to 201216
[    9.886672] mount_root: overlay filesystem in /dev/loop0 has not been formatted yet
[   10.230755] EXT4-fs (loop0): mounted filesystem 2456c7aa-70e1-4ed1-b504-b8fe39e8c2e5 r/w with ordered data mode. Quota mode: disabled.
[   10.245508] mount_root: overlay filesystem has not been fully initialized yet
[   10.264817] mount_root: switching to ext4 overlay
[   10.287908] overlayfs: null uuid detected in lower fs '/', falling back to xino=off,index=off,nfs_export=off.
[   11.047627] EXT4-fs (vda1): mounted filesystem 84173db5-fa99-e35a-95c6-28613cc79ea9 r/w without journal. Quota mode: disabled.
[   11.073628] urandom-seed: Seed file not found (/etc/urandom.seed)
[   11.228569] procd: - early -
[   12.011805] procd: - ubus -
[   12.206913] procd: - init -
Please press Enter to activate this console.
root
login[999]: root login on 'ttyS0'


BusyBox v1.36.1 (2026-04-12 18:14:18 UTC) built-in shell (ash)

  _______                     ________        __
 |       |.-----.-----.-----.|  |  |  |.----.|  |_
 |   -   ||  _  |  -__|     ||  |  |  ||   _||   _|
 |_______||   __|_____|__|__||________||__|  |____|
          |__| W I R E L E S S   F R E E D O M
 -----------------------------------------------------
 OpenWrt 24.10-SNAPSHOT, r29157-44df9972d5
 -----------------------------------------------------
=== WARNING! =====================================
There is no root password defined on this device!
Use the "passwd" command to set up a new password
in order to prevent unauthorized SSH logins.
--------------------------------------------------
root@(none):~# dmesg -n 1
root@(none):~# echo 'HEVE''VUFEEV'
HEVEVUFEEV
root@(none):~# run() { echo -n "$MARKER"; sh -c "$@"; echo "$MARKER $?"; }
root@(none):~# echo 'GUWW''AQBNET'
GUWWAQBNET
root@(none):~# MARKER='SWEM''LQJCEG' run 'ubus wait_for network.interface.lan'
SWEMLQJCEGSWEMLQJCEG 0
root@OpenWrt:~# echo 'UQCS''CJGMTU'
UQCSCJGMTU
root@OpenWrt:~# MARKER='EKOU''NUYNFH' run 'ubus call network.interface.lan statu
s '"'"'{}'"'"''
EKOUNUYNFH{
	"up": true,
	"pending": false,
	"available": true,
	"autostart": true,
	"dynamic": false,
	"uptime": 0,
	"l3_device": "br-lan",
	"proto": "static",
	"device": "br-lan",
	"updated": [
		"addresses"
	],
	"metric": 0,
	"dns_metric": 0,
	"delegation": true,
	"ipv4-address": [
		{
			"address": "192.168.1.1",
			"mask": 24
		}
	],
	"ipv6-address": [
		
	],
	"ipv6-prefix": [
		
	],
	"ipv6-prefix-assignment": [
		{
			"address": "fd06:73ff:b000::",
			"mask": 60,
			"local-address": {
				"address": "fd06:73ff:b000::1",
				"mask": 60
			}
		}
	],
	"route": [
		
	],
	"dns-server": [
		
	],
	"dns-search": [
		
	],
	"neighbors": [
		
	],
	"inactive": {
		"ipv4-address": [
			
		],
		"ipv6-address": [
			
		],
		"route": [
			
		],
		"dns-server": [
			
		],
		"dns-search": [
			
		],
		"neighbors": [
			
		]
	},
	"data": {
		
	}
}
EKOUNUYNFH 0
root@OpenWrt:~# echo 'LSTC''LTPOYQ'
LSTCLTPOYQ
root@OpenWrt:~# MARKER='FLOU''BZEZGF' run true
FLOUBZEZGFFLOUBZEZGF 0
root@OpenWrt:~# echo 'CVZV''FVOPOJ'
CVZVFVOPOJ
root@OpenWrt:~# MARKER='SOLO''SZPLSA' run 'source /etc/os-release; echo $BUILD_I
D'
SOLOSZPLSAr29157-44df9972d5
SOLOSZPLSA 0
root@OpenWrt:~# echo 'EKOH''UVOGCZ'
EKOHUVOGCZ
root@OpenWrt:~# MARKER='XKKX''TXNWEW' run 'ls /etc/dropbear/dropbear_rsa_host_ke
y'
XKKXTXNWEW[0;0m/etc/dropbear/dropbear_rsa_host_key[m
XKKXTXNWEW 0
root@OpenWrt:~# echo 'ANEE''TMKYSK'
ANEETMKYSK
root@OpenWrt:~# MARKER='BOYH''OVFLFG' run 'netstat -tlpn | grep 0.0.0.0:22'
BOYHOVFLFGnetstat: showing only processes with your user ID
tcp        0      0 0.0.0.0:22              0.0.0.0:*               LISTEN      1740/dropbear
BOYHOVFLFG 0
root@OpenWrt:~# echo 'SFOJ''HONJNF'
SFOJHONJNF
root@OpenWrt:~# MARKER='BSYY''AHZSBP' run 'dmesg | grep br-lan | grep forwarding
'
BSYYAHZSBP[   31.045518] br-lan: port 1(eth0) entered forwarding state
BSYYAHZSBP 0
root@OpenWrt:~# echo 'UNPN''WYFSCC'
UNPNWYFSCC
root@OpenWrt:~# MARKER='BLYA''XJCLUY' run 'ubus call network.interface.lan statu
s '"'"'{}'"'"''
BLYAXJCLUY{
	"up": true,
	"pending": false,
	"available": true,
	"autostart": true,
	"dynamic": false,
	"uptime": 8,
	"l3_device": "br-lan",
	"proto": "static",
	"device": "br-lan",
	"updated": [
		"addresses"
	],
	"metric": 0,
	"dns_metric": 0,
	"delegation": true,
	"ipv4-address": [
		{
			"address": "192.168.1.1",
			"mask": 24
		}
	],
	"ipv6-address": [
		
	],
	"ipv6-prefix": [
		
	],
	"ipv6-prefix-assignment": [
		{
			"address": "fd06:73ff:b000::",
			"mask": 60,
			"local-address": {
				"address": "fd06:73ff:b000::1",
				"mask": 60
			}
		}
	],
	"route": [
		
	],
	"dns-server": [
		
	],
	"dns-search": [
		
	],
	"neighbors": [
		
	],
	"inactive": {
		"ipv4-address": [
			
		],
		"ipv6-address": [
			
		],
		"route": [
			
		],
		"dns-server": [
			
		],
		"dns-search": [
			
		],
		"neighbors": [
			
		]
	},
	"data": {
		
	}
}
BLYAXJCLUY 0
root@OpenWrt:~# echo 'ECUF''FWAOFT'
ECUFFWAOFT
root@OpenWrt:~# MARKER='GMGC''TZPTTC' run 'ip -o addr show dev br-lan'
GMGCTZPTTC4: br-lan    inet 192.168.1.1/24 brd 192.168.1.255 scope global br-lan\       valid_lft forever preferred_lft forever
4: br-lan    inet6 fd06:73ff:b000::1/60 scope global noprefixroute \       valid_lft forever preferred_lft forever
4: br-lan    inet6 fe80::5054:ff:fe12:3456/64 scope link \       valid_lft forever preferred_lft forever
GMGCTZPTTC 0
root@OpenWrt:~# echo 'OEAA''JFKWYW'
OEAAJFKWYW
root@OpenWrt:~# MARKER='EPJY''PAJVFE' run 'ubus call network.interface.wan statu
s '"'"'{}'"'"''
EPJYPAJVFE{
	"up": true,
	"pending": false,
	"available": true,
	"autostart": true,
	"dynamic": false,
	"uptime": 8,
	"l3_device": "eth1",
	"proto": "dhcp",
	"device": "eth1",
	"updated": [
		"addresses",
		"routes",
		"data"
	],
	"metric": 0,
	"dns_metric": 0,
	"delegation": true,
	"ipv4-address": [
		{
			"address": "10.0.2.15",
			"mask": 24
		}
	],
	"ipv6-address": [
		
	],
	"ipv6-prefix": [
		
	],
	"ipv6-prefix-assignment": [
		
	],
	"route": [
		{
			"target": "0.0.0.0",
			"mask": 0,
			"nexthop": "10.0.2.2",
			"source": "10.0.2.15/32"
		}
	],
	"dns-server": [
		"10.0.2.3"
	],
	"dns-search": [
		
	],
	"neighbors": [
		
	],
	"inactive": {
		"ipv4-address": [
			
		],
		"ipv6-address": [
			
		],
		"route": [
			
		],
		"dns-server": [
			
		],
		"dns-search": [
			
		],
		"neighbors": [
			
		]
	},
	"data": {
		"dhcpserver": "10.0.2.2",
		"leasetime": 86400
	}
}
EPJYPAJVFE 0
root@OpenWrt:~# 