Labgrid Console Logfile for main
Logfile started at 2026-04-25 01:50:28.587314
=== Log starts here ===
c[?7l[2J[0mSeaBIOS (version 1.16.3-debian-1.16.3-2)


iPXE (https://ipxe.org) 00:03.0 CA00 PCI2.10 PnP PMM+06FCAE70+06F0AE70 CA00
Press Ctrl-B to configure iPXE (PCI 00:03.0)...                                                                               




iPXE (https://ipxe.org) 00:05.0 CB00 PCI2.10 PnP PMM 06FCAE70 06F0AE70 CB00
Press Ctrl-B to configure iPXE (PCI 00:05.0)...                                                                               


Booting from Hard Disk...
GRUB loading.....
[0;30;47mWelcome to GRUB![01;01H[0m[2J[H[J[1;1H[?25l[m[H[J[1;1H[2;30HGNU GRUB  version 2.12

[m[4;2H+----------------------------------------------------------------------------+[5;2H|[5;79H|[6;2H|[6;79H|[7;2H|[7;79H|[8;2H|[8;79H|[9;2H|[9;79H|[10;2H|[10;79H|[11;2H|[11;79H|[12;2H|[12;79H|[13;2H|[13;79H|[14;2H|[14;79H|[15;2H|[15;79H|[16;2H+----------------------------------------------------------------------------+[m[17;2H[18;2H[m     Use the ^ and v keys to select which entry is highlighted.          
      Press enter to boot the selected OS, `e' to edit the commands       
      before booting or `c' for a command-line. ESC to return             
      previous menu.                                                      [5;80H [7m[5;3H*OpenWrt                                                                    [m[5;78H[m[m[6;3H OpenWrt (failsafe)                                                         [m[6;78H[m[m[7;3H                                                                            [m[7;78H[m[m[8;3H                                                                            [m[8;78H[m[m[9;3H                                                                            [m[9;78H[m[m[10;3H                                                                            [m[10;78H[m[m[11;3H                                                                            [m[11;78H[m[m[12;3H                                                                            [m[12;78H[m[m[13;3H                                                                            [m[13;78H[m[m[14;3H                                                                            [m[14;78H[m[m[15;3H                                                                            [m[15;78H[m[15;80H [5;78H[2J[02;30HGNU GRUB  version 2.12[04;02H┌────────────────────────────────────────────────────────────────────────────┐[05;02H│[05;79H│[06;02H│[06;79H│[07;02H│[07;79H│[08;02H│[08;79H│[09;02H│[09;79H│[10;02H│[10;79H│[11;02H│[11;79H│[12;02H│[12;79H│[13;02H│[13;79H│[14;02H│[14;79H│[15;02H│[15;79H│[16;02H│[16;79H│[17;02H└────────────────────────────────────────────────────────────────────────────┘[19;02H     Use the ↑ and ↓ keys to select which entry is highlighted.          
      Press enter to boot the selected OS, `e' to edit the commands       
      before booting or `c' for a command-line. ESC to return             
      previous menu.                                                      [05;80H [05;03H[0;30;47m*OpenWrt                                                                    [06;03H[0m OpenWrt (failsafe)                                                         [07;03H                                                                            [08;03H                                                                            [09;03H                                                                            [10;03H  [10;04H[10;05H                                                                          [11;03H                                                                            [12;03H                                                                            [13;03H                                                                            [14;03H                                                                            [15;03H                                                                            [16;03H                                                                            [16;80H 






   The highlighted entry will be executed automatically in 5s.                [22;1H   The highlighted entry will be executed automatically in 5s.                 [5;78H [05;78H

















   The highlighted entry will be executed automatically in 4s.                [22;1H   The highlighted entry will be executed automatically in 4s.                 [5;78H [05;78H

















   The highlighted entry will be executed automatically in 3s.                [22;1H   The highlighted entry will be executed automatically in 3s.                 [5;78H [05;78H

















   The highlighted entry will be executed automatically in 2s.                [22;1H   The highlighted entry will be executed automatically in 2s.                 [5;78H [05;78H

















   The highlighted entry will be executed automatically in 1s.                [22;1H   The highlighted entry will be executed automatically in 1s.                 [5;78H [05;78H

















   The highlighted entry will be executed automatically in 0s.                [22;1H   The highlighted entry will be executed automatically in 0s.                 [5;78H [01;01H[2J[?25h[H[J[1;1H[H[J[1;1H[2J   Booting `OpenWrt' Booting `[01;11H[01;12HOpenWrt

'

[    0.000000] Linux version 6.6.133 (builder@buildhost) (x86_64-openwrt-linux-musl-gcc (OpenWrt GCC 13.3.0 r29157-44df9972d5) 13.3.0, GNU ld (GNU Binutils) 2.42) #0 SMP Sun Apr 12 18:14:18 2026
[    0.000000] Command line: BOOT_IMAGE=/boot/vmlinuz root=PARTUUID=9c236c87-02 rootwait console=tty1 console=ttyS0,115200n8 noinitrd
[    0.000000] BIOS-provided physical RAM map:
[    0.000000] BIOS-e820: [mem 0x0000000000000000-0x000000000009fbff] usable
[    0.000000] BIOS-e820: [mem 0x000000000009fc00-0x000000000009ffff] reserved
[    0.000000] BIOS-e820: [mem 0x00000000000f0000-0x00000000000fffff] reserved
[    0.000000] BIOS-e820: [mem 0x0000000000100000-0x0000000007fdcfff] usable
[    0.000000] BIOS-e820: [mem 0x0000000007fdd000-0x0000000007ffffff] reserved
[    0.000000] BIOS-e820: [mem 0x00000000fffc0000-0x00000000ffffffff] reserved
[    0.000000] BIOS-e820: [mem 0x000000fd00000000-0x000000ffffffffff] reserved
[    0.000000] NX (Execute Disable) protection: active
[    0.000000] APIC: Static calls initialized
[    0.000000] SMBIOS 3.0.0 present.
[    0.000000] DMI: QEMU Standard PC (i440FX + PIIX, 1996), BIOS 1.16.3-debian-1.16.3-2 04/01/2014
[    0.000000] tsc: Fast TSC calibration using PIT
[    0.000000] tsc: Detected 2596.090 MHz processor
[    0.009130] last_pfn = 0x7fdd max_arch_pfn = 0x400000000
[    0.009740] MTRR map: 4 entries (3 fixed + 1 variable; max 19), built from 8 variable MTRRs
[    0.009922] x86/PAT: Configuration [0-7]: WB  WC  UC- UC  WB  WP  UC- WT  
[    0.028346] found SMP MP-table at [mem 0x000f5460-0x000f546f]
[    0.029689] Using GB pages for direct mapping
[    0.033452] ACPI: Early table checksum verification disabled
[    0.033771] ACPI: RSDP 0x00000000000F5290 000014 (v00 BOCHS )
[    0.034074] ACPI: RSDT 0x0000000007FE1C64 000034 (v01 BOCHS  BXPC     00000001 BXPC 00000001)
[    0.034571] ACPI: FACP 0x0000000007FE1B18 000074 (v01 BOCHS  BXPC     00000001 BXPC 00000001)
[    0.035192] ACPI: DSDT 0x0000000007FE0040 001AD8 (v01 BOCHS  BXPC     00000001 BXPC 00000001)
[    0.035279] ACPI: FACS 0x0000000007FE0000 000040
[    0.035326] ACPI: APIC 0x0000000007FE1B8C 000078 (v03 BOCHS  BXPC     00000001 BXPC 00000001)
[    0.035350] ACPI: HPET 0x0000000007FE1C04 000038 (v01 BOCHS  BXPC     00000001 BXPC 00000001)
[    0.035372] ACPI: WAET 0x0000000007FE1C3C 000028 (v01 BOCHS  BXPC     00000001 BXPC 00000001)
[    0.035452] ACPI: Reserving FACP table memory at [mem 0x7fe1b18-0x7fe1b8b]
[    0.035497] ACPI: Reserving DSDT table memory at [mem 0x7fe0040-0x7fe1b17]
[    0.035504] ACPI: Reserving FACS table memory at [mem 0x7fe0000-0x7fe003f]
[    0.035511] ACPI: Reserving APIC table memory at [mem 0x7fe1b8c-0x7fe1c03]
[    0.035517] ACPI: Reserving HPET table memory at [mem 0x7fe1c04-0x7fe1c3b]
[    0.035523] ACPI: Reserving WAET table memory at [mem 0x7fe1c3c-0x7fe1c63]
[    0.038646] Zone ranges:
[    0.038677]   DMA      [mem 0x0000000000001000-0x0000000000ffffff]
[    0.038753]   DMA32    [mem 0x0000000001000000-0x0000000007fdcfff]
[    0.038765]   Normal   empty
[    0.038789] Movable zone start for each node
[    0.038817] Early memory node ranges
[    0.038847]   node   0: [mem 0x0000000000001000-0x000000000009efff]
[    0.038889]   node   0: [mem 0x0000000000100000-0x0000000007fdcfff]
[    0.039011] Initmem setup node 0 [mem 0x0000000000001000-0x0000000007fdcfff]
[    0.039833] On node 0, zone DMA: 1 pages in unavailable ranges
[    0.040272] On node 0, zone DMA: 97 pages in unavailable ranges
[    0.041368] On node 0, zone DMA32: 35 pages in unavailable ranges
[    0.041689] ACPI: PM-Timer IO Port: 0x608
[    0.042047] ACPI: LAPIC_NMI (acpi_id[0xff] dfl dfl lint[0x1])
[    0.042440] IOAPIC[0]: apic_id 0, version 32, address 0xfec00000, GSI 0-23
[    0.042553] ACPI: INT_SRC_OVR (bus 0 bus_irq 0 global_irq 2 dfl dfl)
[    0.042798] ACPI: INT_SRC_OVR (bus 0 bus_irq 5 global_irq 5 high level)
[    0.042852] ACPI: INT_SRC_OVR (bus 0 bus_irq 9 global_irq 9 high level)
[    0.042937] ACPI: INT_SRC_OVR (bus 0 bus_irq 10 global_irq 10 high level)
[    0.042946] ACPI: INT_SRC_OVR (bus 0 bus_irq 11 global_irq 11 high level)
[    0.043144] ACPI: Using ACPI (MADT) for SMP configuration information
[    0.043186] ACPI: HPET id: 0x8086a201 base: 0xfed00000
[    0.043467] smpboot: Allowing 1 CPUs, 0 hotplug CPUs
[    0.044553] [mem 0x08000000-0xfffbffff] available for PCI devices
[    0.044601] Booting paravirtualized kernel on bare hardware
[    0.044878] clocksource: refined-jiffies: mask: 0xffffffff max_cycles: 0xffffffff, max_idle_ns: 19112604462750000 ns
[    0.045501] setup_percpu: NR_CPUS:512 nr_cpumask_bits:1 nr_cpu_ids:1 nr_node_ids:1
[    0.047002] percpu: Embedded 48 pages/cpu s158248 r8192 d30168 u2097152
[    0.049224] Kernel command line: BOOT_IMAGE=/boot/vmlinuz root=PARTUUID=9c236c87-02 rootwait console=tty1 console=ttyS0,115200n8 noinitrd
[    0.050847] random: crng init done
[    0.056044] Dentry cache hash table entries: 16384 (order: 5, 131072 bytes, linear)
[    0.057096] Inode-cache hash table entries: 8192 (order: 4, 65536 bytes, linear)
[    0.059896] Built 1 zonelists, mobility grouping on.  Total pages: 31965
[    0.060133] mem auto-init: stack:off, heap alloc:off, heap free:off
[    0.063539] Memory: 102576K/130540K available (14336K kernel code, 1170K rwdata, 2300K rodata, 2456K init, 2404K bss, 27708K reserved, 0K cma-reserved)
[    0.070017] SLUB: HWalign=64, Order=0-3, MinObjects=0, CPUs=1, Nodes=1
[    0.077318] rcu: Hierarchical RCU implementation.
[    0.077349] rcu: 	RCU restricting CPUs from NR_CPUS=512 to nr_cpu_ids=1.
[    0.077463] 	Tracing variant of Tasks RCU enabled.
[    0.077546] rcu: RCU calculated value of scheduler-enlistment delay is 10 jiffies.
[    0.077573] rcu: Adjusting geometry for rcu_fanout_leaf=16, nr_cpu_ids=1
[    0.078690] NR_IRQS: 33024, nr_irqs: 256, preallocated irqs: 16
[    0.087357] rcu: srcu_init: Setting srcu_struct sizes based on contention.
[    0.093997] Console: colour VGA+ 80x25
[    0.094302] printk: console [tty1] enabled
[    0.101633] printk: console [ttyS0] enabled
[    0.331337] ACPI: Core revision 20230628
[    0.346283] clocksource: hpet: mask: 0xffffffff max_cycles: 0xffffffff, max_idle_ns: 19112604467 ns
[    0.351225] APIC: Switch to symmetric I/O mode setup
[    0.355613] ..TIMER: vector=0x30 apic1=0 pin1=2 apic2=-1 pin2=-1
[    0.398140] clocksource: tsc-early: mask: 0xffffffffffffffff max_cycles: 0x256bce70c76, max_idle_ns: 440795249075 ns
[    0.398800] Calibrating delay loop (skipped), value calculated using timer frequency.. 5192.18 BogoMIPS (lpj=25960900)
[    0.400492] x86/cpu: User Mode Instruction Prevention (UMIP) activated
[    0.415184] Last level iTLB entries: 4KB 0, 2MB 0, 4MB 0
[    0.415608] Last level dTLB entries: 4KB 0, 2MB 0, 4MB 0, 1GB 0
[    0.416031] Spectre V1 : Mitigation: usercopy/swapgs barriers and __user pointer sanitization
[    0.419372] Spectre V2 : Mitigation: Retpolines
[    0.420385] Spectre V2 : Spectre v2 / SpectreRSB: Filling RSB on context switch and VMEXIT
[    0.420876] Speculative Store Bypass: Vulnerable
[    0.422551] x86/fpu: Supporting XSAVE feature 0x001: 'x87 floating point registers'
[    0.428104] x86/fpu: Supporting XSAVE feature 0x002: 'SSE registers'
[    0.429880] x86/fpu: Supporting XSAVE feature 0x004: 'AVX registers'
[    0.430124] x86/fpu: Supporting XSAVE feature 0x008: 'MPX bounds registers'
[    0.430399] x86/fpu: Supporting XSAVE feature 0x010: 'MPX CSR'
[    0.439033] x86/fpu: xstate_offset[2]:  576, xstate_sizes[2]:  256
[    0.439419] x86/fpu: xstate_offset[3]:  960, xstate_sizes[3]:   64
[    0.439662] x86/fpu: xstate_offset[4]: 1024, xstate_sizes[4]:   64
[    0.439900] x86/fpu: Enabled xstate features 0x1f, context size is 1088 bytes, using 'standard' format.
[    0.698069] Freeing SMP alternatives memory: 40K
[    0.699263] pid_max: default: 32768 minimum: 301
[    0.708282] Mount-cache hash table entries: 512 (order: 0, 4096 bytes, linear)
[    0.708896] Mountpoint-cache hash table entries: 512 (order: 0, 4096 bytes, linear)
[    0.857483] smpboot: CPU0: AMD QEMU TCG CPU version 2.5+ (family: 0x6, model: 0x6, stepping: 0x3)
[    0.858710] RCU Tasks Trace: Setting shift to 0 and lim to 1 rcu_task_cb_adjust=1 rcu_task_cpu_ids=1.
[    0.858999] Performance Events: PMU not available due to virtualization, using software events only.
[    0.860906] signal: max sigframe size: 1616
[    0.862425] rcu: Hierarchical SRCU implementation.
[    0.862648] rcu: 	Max phase no-delay instances is 1000.
[    0.865530] smp: Bringing up secondary CPUs ...
[    0.867501] smp: Brought up 1 node, 1 CPU
[    0.870453] smpboot: Max logical packages: 1
[    0.870733] smpboot: Total of 1 processors activated (5192.18 BogoMIPS)
[    0.888307] clocksource: jiffies: mask: 0xffffffff max_cycles: 0xffffffff, max_idle_ns: 19112604462750000 ns
[    0.889267] futex hash table entries: 256 (order: 2, 16384 bytes, linear)
[    0.890352] pinctrl core: initialized pinctrl subsystem
[    0.907322] NET: Registered PF_NETLINK/PF_ROUTE protocol family
[    0.914033] thermal_sys: Registered thermal governor 'step_wise'
[    0.914070] thermal_sys: Registered thermal governor 'user_space'
[    0.914940] cpuidle: using governor ladder
[    0.915464] cpuidle: using governor menu
[    0.919532] acpiphp: ACPI Hot Plug PCI Controller Driver version: 0.5
[    0.922189] PCI: Using configuration type 1 for base access
[    0.931086] cryptd: max_cpu_qlen set to 1000
[    0.935739] ACPI: Added _OSI(Module Device)
[    0.935933] ACPI: Added _OSI(Processor Device)
[    0.936103] ACPI: Added _OSI(Processor Aggregator Device)
[    0.950360] ACPI: 1 ACPI AML tables successfully acquired and loaded
[    0.964754] ACPI: _OSC evaluation for CPUs failed, trying _PDC
[    0.966766] ACPI: Interpreter enabled
[    0.967494] ACPI: PM: (supports S0 S5)
[    0.967695] ACPI: Using IOAPIC for interrupt routing
[    0.968263] PCI: Using host bridge windows from ACPI; if necessary, use "pci=nocrs" and report a bug
[    0.969005] PCI: Using E820 reservations for host bridge windows
[    0.970887] ACPI: Enabled 2 GPEs in block 00 to 0F
[    1.006180] ACPI: PCI Root Bridge [PCI0] (domain 0000 [bus 00-ff])
[    1.007087] acpi PNP0A03:00: _OSC: OS supports [ASPM ClockPM Segments MSI HPX-Type3]
[    1.007569] acpi PNP0A03:00: _OSC: not requesting OS control; OS requires [ExtendedConfig ASPM ClockPM MSI]
[    1.008434] acpi PNP0A03:00: fail to add MMCONFIG information, can't access extended configuration space under this bridge
[    1.022183] acpiphp: Slot [3] registered
[    1.022614] acpiphp: Slot [4] registered
[    1.022873] acpiphp: Slot [5] registered
[    1.023103] acpiphp: Slot [6] registered
[    1.028169] acpiphp: Slot [7] registered
[    1.028633] acpiphp: Slot [8] registered
[    1.028881] acpiphp: Slot [9] registered
[    1.029113] acpiphp: Slot [10] registered
[    1.029370] acpiphp: Slot [11] registered
[    1.029611] acpiphp: Slot [12] registered
[    1.040353] acpiphp: Slot [13] registered
[    1.040605] acpiphp: Slot [14] registered
[    1.040838] acpiphp: Slot [15] registered
[    1.041060] acpiphp: Slot [16] registered
[    1.041306] acpiphp: Slot [17] registered
[    1.041540] acpiphp: Slot [18] registered
[    1.049015] acpiphp: Slot [19] registered
[    1.049434] acpiphp: Slot [20] registered
[    1.049718] acpiphp: Slot [21] registered
[    1.049960] acpiphp: Slot [22] registered
[    1.050181] acpiphp: Slot [23] registered
[    1.050447] acpiphp: Slot [24] registered
[    1.050676] acpiphp: Slot [25] registered
[    1.059062] acpiphp: Slot [26] registered
[    1.059384] acpiphp: Slot [27] registered
[    1.059628] acpiphp: Slot [28] registered
[    1.059868] acpiphp: Slot [29] registered
[    1.060125] acpiphp: Slot [30] registered
[    1.060362] acpiphp: Slot [31] registered
[    1.069278] PCI host bridge to bus 0000:00
[    1.069671] pci_bus 0000:00: root bus resource [io  0x0000-0x0cf7 window]
[    1.070075] pci_bus 0000:00: root bus resource [io  0x0d00-0xffff window]
[    1.070319] pci_bus 0000:00: root bus resource [mem 0x000a0000-0x000bffff window]
[    1.078905] pci_bus 0000:00: root bus resource [mem 0x08000000-0xfebfffff window]
[    1.079277] pci_bus 0000:00: root bus resource [mem 0x100000000-0x17fffffff window]
[    1.079794] pci_bus 0000:00: root bus resource [bus 00-ff]
[    1.081314] pci 0000:00:00.0: [8086:1237] type 00 class 0x060000
[    1.092592] pci 0000:00:01.0: [8086:7000] type 00 class 0x060100
[    1.098899] pci 0000:00:01.1: [8086:7010] type 00 class 0x010180
[    1.101945] pci 0000:00:01.1: BAR 4 [io  0xc0e0-0xc0ef]
[    1.103295] pci 0000:00:01.1: BAR 0 [io  0x01f0-0x01f7]: legacy IDE quirk
[    1.105209] pci 0000:00:01.1: BAR 1 [io  0x03f6]: legacy IDE quirk
[    1.105581] pci 0000:00:01.1: BAR 2 [io  0x0170-0x0177]: legacy IDE quirk
[    1.105849] pci 0000:00:01.1: BAR 3 [io  0x0376]: legacy IDE quirk
[    1.106802] pci 0000:00:01.3: [8086:7113] type 00 class 0x068000
[    1.109341] pci 0000:00:01.3: quirk: [io  0x0600-0x063f] claimed by PIIX4 ACPI
[    1.109653] pci 0000:00:01.3: quirk: [io  0x0700-0x070f] claimed by PIIX4 SMB
[    1.110458] pci 0000:00:02.0: [1234:1111] type 00 class 0x030000
[    1.119522] pci 0000:00:02.0: BAR 0 [mem 0xfd000000-0xfdffffff pref]
[    1.129211] pci 0000:00:02.0: BAR 2 [mem 0xfeb90000-0xfeb90fff]
[    1.132011] pci 0000:00:02.0: ROM [mem 0xfeb80000-0xfeb8ffff pref]
[    1.132566] pci 0000:00:02.0: Video device with shadowed ROM at [mem 0x000c0000-0x000dffff]
[    1.138880] pci 0000:00:03.0: [1af4:1000] type 00 class 0x020000
[    1.140182] pci 0000:00:03.0: BAR 0 [io  0xc080-0xc09f]
[    1.142878] pci 0000:00:03.0: BAR 4 [mem 0xfe000000-0xfe003fff 64bit pref]
[    1.143804] pci 0000:00:03.0: ROM [mem 0xfea80000-0xfeafffff pref]
[    1.153542] pci 0000:00:04.0: [1af4:1005] type 00 class 0x00ff00
[    1.155294] pci 0000:00:04.0: BAR 0 [io  0xc0a0-0xc0bf]
[    1.156158] pci 0000:00:04.0: BAR 1 [mem 0xfeb91000-0xfeb91fff]
[    1.158734] pci 0000:00:04.0: BAR 4 [mem 0xfe004000-0xfe007fff 64bit pref]
[    1.163976] pci 0000:00:05.0: [1af4:1000] type 00 class 0x020000
[    1.165961] pci 0000:00:05.0: BAR 0 [io  0xc0c0-0xc0df]
[    1.167083] pci 0000:00:05.0: BAR 1 [mem 0xfeb92000-0xfeb92fff]
[    1.169301] pci 0000:00:05.0: BAR 4 [mem 0xfe008000-0xfe00bfff 64bit pref]
[    1.170281] pci 0000:00:05.0: ROM [mem 0xfeb00000-0xfeb7ffff pref]
[    1.178812] pci 0000:00:06.0: [1af4:1001] type 00 class 0x010000
[    1.179961] pci 0000:00:06.0: BAR 0 [io  0xc000-0xc07f]
[    1.180732] pci 0000:00:06.0: BAR 1 [mem 0xfeb93000-0xfeb93fff]
[    1.182503] pci 0000:00:06.0: BAR 4 [mem 0xfe00c000-0xfe00ffff 64bit pref]
[    1.194488] ACPI: PCI: Interrupt link LNKA configured for IRQ 10
[    1.195259] ACPI: PCI: Interrupt link LNKB configured for IRQ 10
[    1.195852] ACPI: PCI: Interrupt link LNKC configured for IRQ 11
[    1.196410] ACPI: PCI: Interrupt link LNKD configured for IRQ 11
[    1.197939] ACPI: PCI: Interrupt link LNKS configured for IRQ 9
[    1.201266] iommu: Default domain type: Translated
[    1.201529] iommu: DMA domain TLB invalidation policy: lazy mode
[    1.203564] SCSI subsystem initialized
[    1.210508] ACPI: bus type USB registered
[    1.210980] usbcore: registered new interface driver usbfs
[    1.211464] usbcore: registered new interface driver hub
[    1.211799] usbcore: registered new device driver usb
[    1.212324] pps_core: LinuxPPS API ver. 1 registered
[    1.218932] pps_core: Software ver. 5.3.6 - Copyright 2005-2007 Rodolfo Giometti <giometti@linux.it>
[    1.219561] PTP clock support registered
[    1.233249] PCI: Using ACPI for IRQ routing
[    1.236230] hpet0: at MMIO 0xfed00000, IRQs 2, 8, 0
[    1.236550] hpet0: 3 comparators, 64-bit 100.000000 MHz counter
[    1.242530] clocksource: Switched to clocksource tsc-early
[    1.245074] pnp: PnP ACPI init
[    1.247354] pnp: PnP ACPI: found 6 devices
[    1.259481] clocksource: acpi_pm: mask: 0xffffff max_cycles: 0xffffff, max_idle_ns: 2085701024 ns
[    1.260400] NET: Registered PF_INET protocol family
[    1.261619] IP idents hash table entries: 2048 (order: 2, 16384 bytes, linear)
[    1.266834] tcp_listen_portaddr_hash hash table entries: 256 (order: 0, 4096 bytes, linear)
[    1.270555] Table-perturb hash table entries: 65536 (order: 6, 262144 bytes, linear)
[    1.270936] TCP established hash table entries: 1024 (order: 1, 8192 bytes, linear)
[    1.271375] TCP bind hash table entries: 1024 (order: 3, 32768 bytes, linear)
[    1.281270] TCP: Hash tables configured (established 1024 bind 1024)
[    1.283402] MPTCP token hash table entries: 256 (order: 1, 6144 bytes, linear)
[    1.283940] UDP hash table entries: 256 (order: 1, 8192 bytes, linear)
[    1.284381] UDP-Lite hash table entries: 256 (order: 1, 8192 bytes, linear)
[    1.293405] NET: Registered PF_UNIX/PF_LOCAL protocol family
[    1.294591] pci_bus 0000:00: resource 4 [io  0x0000-0x0cf7 window]
[    1.294837] pci_bus 0000:00: resource 5 [io  0x0d00-0xffff window]
[    1.295075] pci_bus 0000:00: resource 6 [mem 0x000a0000-0x000bffff window]
[    1.302845] pci_bus 0000:00: resource 7 [mem 0x08000000-0xfebfffff window]
[    1.303218] pci_bus 0000:00: resource 8 [mem 0x100000000-0x17fffffff window]
[    1.303978] pci 0000:00:01.0: PIIX3: Enabling Passive Release
[    1.313703] pci 0000:00:00.0: Limiting direct PCI/PCI transfers
[    1.314187] PCI: CLS 0 bytes, default 64
[    1.344080] workingset: timestamp_bits=46 max_order=15 bucket_order=0
[    1.346581] squashfs: version 4.0 (2009/01/31) Phillip Lougher
[    1.349005] Block layer SCSI generic (bsg) driver version 0.4 loaded (major 247)
[    1.352502] hv_vmbus: registering driver hyperv_fb
[    1.358197] input: Power Button as /devices/LNXSYSTM:00/LNXPWRBN:00/input/input0
[    1.370147] ACPI: button: Power Button [PWRF]
[    1.538182] ACPI: \_SB_.LNKC: Enabled at IRQ 11
[    1.698448] ACPI: \_SB_.LNKD: Enabled at IRQ 10
[    1.857858] ACPI: \_SB_.LNKA: Enabled at IRQ 10
[    2.017223] ACPI: \_SB_.LNKB: Enabled at IRQ 11
[    2.019216] Serial: 8250/16550 driver, 16 ports, IRQ sharing enabled
[    2.044579] 00:04: ttyS0 at I/O 0x3f8 (irq = 4, base_baud = 115200) is a 16550A
[    2.080619] Non-volatile memory driver v1.3
[    2.093848] Linux agpgart interface v0.103
[    2.094659] AMD-Vi: AMD IOMMUv2 functionality not available on this system - This is not a bug.
[    2.095267] ACPI: bus type drm_connector registered
[    2.097530] [drm] Found bochs VGA, ID 0xb0c5.
[    2.097745] [drm] Framebuffer size 16384 kB @ 0xfd000000, mmio @ 0xfeb90000.
[    2.110131] [drm] Found EDID data blob.
[    2.115617] [drm] Initialized bochs-drm 1.0.0 20130925 for 0000:00:02.0 on minor 0
[    2.176998] Console: switching to colour frame buffer device 160x50
[    2.187028] bochs-drm 0000:00:02.0: [drm] fb0: bochs-drmdrmfb frame buffer device
[    2.220194] loop: module loaded
[    2.221162] virtio_blk virtio3: 1/0/0 default/read/poll queues
[    2.226103] virtio_blk virtio3: [vda] 246784 512-byte logical blocks (126 MB/121 MiB)
[    2.234680]  vda: vda1 vda2
[    2.238045] Guest personality initialized and is inactive
[    2.238637] VMCI host device registered (name=vmci, major=10, minor=256)
[    2.238934] Initialized host personality
[    2.239769] VMware PVSCSI driver - version 1.0.7.0-k
[    2.240112] hv_vmbus: registering driver hv_storvsc
[    2.264891] scsi host0: ata_piix
[    2.267662] scsi host1: ata_piix
[    2.268653] ata1: PATA max MWDMA2 cmd 0x1f0 ctl 0x3f6 bmdma 0xc0e0 irq 14
[    2.268984] ata2: PATA max MWDMA2 cmd 0x170 ctl 0x376 bmdma 0xc0e8 irq 15
[    2.278851] VMware vmxnet3 virtual NIC driver - version 1.7.0.0-k-NAPI
[    2.279485] hv_vmbus: registering driver hv_netvsc
[    2.279906] Fusion MPT base driver 3.04.20
[    2.280073] Copyright (c) 1999-2008 LSI Corporation
[    2.280447] Fusion MPT SPI Host driver 3.04.20
[    2.289853] Fusion MPT SAS Host driver 3.04.20
[    2.292032] usbcore: registered new interface driver usb-storage
[    2.293265] i8042: PNP: PS/2 Controller [PNP0303:KBD,PNP0f13:MOU] at 0x60,0x64 irq 1,12
[    2.296498] serio: i8042 KBD port at 0x60,0x64 irq 1
[    2.296910] serio: i8042 AUX port at 0x60,0x64 irq 12
[    2.300519] hv_vmbus: registering driver hyperv_keyboard
[    2.304276] rtc_cmos 00:05: RTC can wake from S4
[    2.309475] rtc_cmos 00:05: registered as rtc0
[    2.312510] rtc_cmos 00:05: setting system clock to 2026-04-25T01:50:39 UTC (1777081839)
[    2.315102] rtc_cmos 00:05: alarms up to one day, y3k, 242 bytes nvram, hpet irqs
[    2.318047] amd_pstate: the _CPC object is not present in SBIOS or ACPI disabled
[    2.320456] sdhci: Secure Digital Host Controller Interface driver
[    2.325587] sdhci: Copyright(c) Pierre Ossman
[    2.335768] input: AT Translated Set 2 keyboard as /devices/platform/i8042/serio0/input/input1
[    2.342766] tsc: Refined TSC clocksource calibration: 2596.103 MHz
[    2.345404] clocksource: tsc: mask: 0xffffffffffffffff max_cycles: 0x256bdabf8f6, max_idle_ns: 440795315358 ns
[    2.351530] clocksource: Switched to clocksource tsc
[    2.375109] hid: raw HID events driver (C) Jiri Kosina
[    2.377809] hv_vmbus: registering driver hid_hyperv
[    2.380712] usbcore: registered new interface driver usbhid
[    2.383135] usbhid: USB HID core driver
[    2.385487] hv_utils: Registering HyperV Utility Driver
[    2.387999] hv_vmbus: registering driver hv_utils
[    2.390156] hv_vmbus: registering driver hv_balloon
[    2.393733] NET: Registered PF_INET6 protocol family
[    2.409459] Segment Routing with IPv6
[    2.412039] In-situ OAM (IOAM) with IPv6
[    2.414652] NET: Registered PF_PACKET protocol family
[    2.417311] bridge: filtering via arp/ip/ip6tables is no longer available by default. Update your scripts to load br_netfilter if you need this.
[    2.426779] 8021q: 802.1Q VLAN Support v1.8
[    2.429619] NET: Registered PF_VSOCK protocol family
[    2.439000] IPI shorthand broadcast: enabled
[    2.441438] AVX2 version of gcm_enc/dec engaged.
[    2.447973] AES CTR mode by8 optimization enabled
[    2.465712] sched_clock: Marking stable (2210111884, 250859074)->(2542101116, -81130158)
[    2.531716] ata2: found unknown device (class 0)
[    2.584613] ata2.00: ATAPI: QEMU DVD-ROM, 2.5+, max UDMA/100
[    2.592708] clk: Disabling unused clocks
[    2.613470] scsi 1:0:0:0: CD-ROM            QEMU     QEMU DVD-ROM     2.5+ PQ: 0 ANSI: 5
[    2.682772] sr 1:0:0:0: [sr0] scsi3-mmc drive: 4x/4x cd/rw xa/form2 tray
[    2.685363] cdrom: Uniform CD-ROM driver Revision: 3.20
[    2.739993] VFS: Mounted root (squashfs filesystem) readonly on device 254:2.
[    2.815398] Freeing unused kernel image (initmem) memory: 2456K
[    2.818022] Write protecting the kernel read-only data: 18432k
[    2.822547] Freeing unused kernel image (rodata/data gap) memory: 1796K
[    2.825211] Run /sbin/init as init process
[    3.100575] init: Console is alive
[    3.772221] kmodloader: loading kernel modules from /etc/modules-boot.d/*
[    3.829592] button_hotplug: loading out-of-tree module taints kernel.
[    3.836754] Button Hotplug driver version 0.4.1
[    3.858711] Intel(R) 2.5G Ethernet Linux Driver
[    3.861381] Copyright(c) 2018 Intel Corporation.
[    3.878260] igb: Intel(R) Gigabit Ethernet Network Driver
[    3.880726] igb: Copyright (c) 2007-2014 Intel Corporation.
[    3.895965] kmodloader: done loading kernel modules from /etc/modules-boot.d/*
[    3.915469] init: - preinit -
[    4.828053] 8021q: adding VLAN 0 to HW filter on device eth0
Press the [f] key and hit [enter] to enter failsafe mode
Press the [1], [2], [3] or [4] key and hit [enter] to select the debug level
[    9.504138] loop0: detected capacity change from 0 to 212992
[    9.561275] loop0: detected capacity change from 212992 to 201216
[    9.574681] mount_root: overlay filesystem in /dev/loop0 has not been formatted yet
[    9.914463] EXT4-fs (loop0): mounted filesystem e53a686f-8132-4cd9-b311-caf948069543 r/w with ordered data mode. Quota mode: disabled.
[    9.928137] mount_root: overlay filesystem has not been fully initialized yet
[    9.946106] mount_root: switching to ext4 overlay
[    9.967378] overlayfs: null uuid detected in lower fs '/', falling back to xino=off,index=off,nfs_export=off.
[   10.698400] EXT4-fs (vda1): mounted filesystem 84173db5-fa99-e35a-95c6-28613cc79ea9 r/w without journal. Quota mode: disabled.
[   10.722305] urandom-seed: Seed file not found (/etc/urandom.seed)
[   10.865503] procd: - early -
[   11.624200] procd: - ubus -
[   11.809730] procd: - init -
Please press Enter to activate this console.
root
login[997]: root login on 'ttyS0'


BusyBox v1.36.1 (2026-04-12 18:14:18 UTC) built-in shell (ash)

  _______                     ________        __
 |       |.-----.-----.-----.|  |  |  |.----.|  |_
 |   -   ||  _  |  -__|     ||  |  |  ||   _||   _|
 |_______||   __|_____|__|__||________||__|  |____|
          |__| W I R E L E S S   F R E E D O M
 -----------------------------------------------------
 OpenWrt 24.10-SNAPSHOT, r29157-44df9972d5
 -----------------------------------------------------
=== WARNING! =====================================
There is no root password defined on this device!
Use the "passwd" command to set up a new password
in order to prevent unauthorized SSH logins.
--------------------------------------------------
root@(none):~# dmesg -n 1
root@(none):~# echo 'XQUG''WFAVQY'
XQUGWFAVQY
root@(none):~# run() { echo -n "$MARKER"; sh -c "$@"; echo "$MARKER $?"; }
root@(none):~# echo 'VLCS''GLTUQP'
VLCSGLTUQP
root@(none):~# MARKER='BAWW''CBTPAQ' run 'ubus wait_for network.interface.lan'
BAWWCBTPAQBAWWCBTPAQ 0
root@OpenWrt:~# echo 'WHJY''MKPXEZ'
WHJYMKPXEZ
root@OpenWrt:~# MARKER='JYVU''XTUPNQ' run 'ubus call network.interface.lan statu
s '"'"'{}'"'"''
JYVUXTUPNQ{
	"up": true,
	"pending": false,
	"available": true,
	"autostart": true,
	"dynamic": false,
	"uptime": 0,
	"l3_device": "br-lan",
	"proto": "static",
	"device": "br-lan",
	"updated": [
		"addresses"
	],
	"metric": 0,
	"dns_metric": 0,
	"delegation": true,
	"ipv4-address": [
		{
			"address": "192.168.1.1",
			"mask": 24
		}
	],
	"ipv6-address": [
		
	],
	"ipv6-prefix": [
		
	],
	"ipv6-prefix-assignment": [
		{
			"address": "fd7a:8b:1f2e::",
			"mask": 60,
			"local-address": {
				"address": "fd7a:8b:1f2e::1",
				"mask": 60
			}
		}
	],
	"route": [
		
	],
	"dns-server": [
		
	],
	"dns-search": [
		
	],
	"neighbors": [
		
	],
	"inactive": {
		"ipv4-address": [
			
		],
		"ipv6-address": [
			
		],
		"route": [
			
		],
		"dns-server": [
			
		],
		"dns-search": [
			
		],
		"neighbors": [
			
		]
	},
	"data": {
		
	}
}
JYVUXTUPNQ 0
root@OpenWrt:~# echo 'ZXWX''TXYYEN'
ZXWXTXYYEN
root@OpenWrt:~# MARKER='WGZC''UPGLQE' run true
WGZCUPGLQEWGZCUPGLQE 0
root@OpenWrt:~# echo 'BVUN''PZVEAX'
BVUNPZVEAX
root@OpenWrt:~# MARKER='SHQW''KWBEOU' run 'source /etc/os-release; echo $BUILD_I
D'
SHQWKWBEOUr29157-44df9972d5
SHQWKWBEOU 0
root@OpenWrt:~# echo 'UKCV''LWAHOQ'
UKCVLWAHOQ
root@OpenWrt:~# MARKER='SVLP''MHPHCN' run 'ls /etc/dropbear/dropbear_rsa_host_ke
y'
SVLPMHPHCN[0;0m/etc/dropbear/dropbear_rsa_host_key[m
SVLPMHPHCN 0
root@OpenWrt:~# echo 'OHVV''YKTGKL'
OHVVYKTGKL
root@OpenWrt:~# MARKER='GWLV''AXHJYW' run 'netstat -tlpn | grep 0.0.0.0:22'
GWLVAXHJYWnetstat: showing only processes with your user ID
tcp        0      0 0.0.0.0:22              0.0.0.0:*               LISTEN      1738/dropbear
GWLVAXHJYW 0
root@OpenWrt:~# echo 'UGKA''ZLYAAS'
UGKAZLYAAS
root@OpenWrt:~# MARKER='BSNL''BJQGWH' run 'dmesg | grep br-lan | grep forwarding
'
BSNLBJQGWH[   29.571827] br-lan: port 1(eth0) entered forwarding state
BSNLBJQGWH 0
root@OpenWrt:~# echo 'MONN''ZFVTLF'
MONNZFVTLF
root@OpenWrt:~# MARKER='KOBN''XMLTWZ' run 'ubus call network.interface.lan statu
s '"'"'{}'"'"''
KOBNXMLTWZ{
	"up": true,
	"pending": false,
	"available": true,
	"autostart": true,
	"dynamic": false,
	"uptime": 7,
	"l3_device": "br-lan",
	"proto": "static",
	"device": "br-lan",
	"updated": [
		"addresses"
	],
	"metric": 0,
	"dns_metric": 0,
	"delegation": true,
	"ipv4-address": [
		{
			"address": "192.168.1.1",
			"mask": 24
		}
	],
	"ipv6-address": [
		
	],
	"ipv6-prefix": [
		
	],
	"ipv6-prefix-assignment": [
		{
			"address": "fd7a:8b:1f2e::",
			"mask": 60,
			"local-address": {
				"address": "fd7a:8b:1f2e::1",
				"mask": 60
			}
		}
	],
	"route": [
		
	],
	"dns-server": [
		
	],
	"dns-search": [
		
	],
	"neighbors": [
		
	],
	"inactive": {
		"ipv4-address": [
			
		],
		"ipv6-address": [
			
		],
		"route": [
			
		],
		"dns-server": [
			
		],
		"dns-search": [
			
		],
		"neighbors": [
			
		]
	},
	"data": {
		
	}
}
KOBNXMLTWZ 0
root@OpenWrt:~# echo 'JWMQ''KYNQKU'
JWMQKYNQKU
root@OpenWrt:~# MARKER='CMAY''EZCTZN' run 'ip -o addr show dev br-lan'
CMAYEZCTZN4: br-lan    inet 192.168.1.1/24 brd 192.168.1.255 scope global br-lan\       valid_lft forever preferred_lft forever
4: br-lan    inet6 fd7a:8b:1f2e::1/60 scope global noprefixroute \       valid_lft forever preferred_lft forever
4: br-lan    inet6 fe80::5054:ff:fe12:3456/64 scope link \       valid_lft forever preferred_lft forever
CMAYEZCTZN 0
root@OpenWrt:~# echo 'OYPW''VJMPJN'
OYPWVJMPJN
root@OpenWrt:~# MARKER='HEGL''MAALEX' run 'ubus call network.interface.wan statu
s '"'"'{}'"'"''
HEGLMAALEX{
	"up": true,
	"pending": false,
	"available": true,
	"autostart": true,
	"dynamic": false,
	"uptime": 7,
	"l3_device": "eth1",
	"proto": "dhcp",
	"device": "eth1",
	"updated": [
		"addresses",
		"routes",
		"data"
	],
	"metric": 0,
	"dns_metric": 0,
	"delegation": true,
	"ipv4-address": [
		{
			"address": "10.0.2.15",
			"mask": 24
		}
	],
	"ipv6-address": [
		
	],
	"ipv6-prefix": [
		
	],
	"ipv6-prefix-assignment": [
		
	],
	"route": [
		{
			"target": "0.0.0.0",
			"mask": 0,
			"nexthop": "10.0.2.2",
			"source": "10.0.2.15/32"
		}
	],
	"dns-server": [
		"10.0.2.3"
	],
	"dns-search": [
		
	],
	"neighbors": [
		
	],
	"inactive": {
		"ipv4-address": [
			
		],
		"ipv6-address": [
			
		],
		"route": [
			
		],
		"dns-server": [
			
		],
		"dns-search": [
			
		],
		"neighbors": [
			
		]
	},
	"data": {
		"dhcpserver": "10.0.2.2",
		"leasetime": 86400
	}
}
HEGLMAALEX 0
root@OpenWrt:~# 