Labgrid Console Logfile for main
Logfile started at 2026-03-24 02:14:46.688145
=== Log starts here ===
c[?7l[2J[0mSeaBIOS (version 1.16.3-debian-1.16.3-2)


iPXE (https://ipxe.org) 00:03.0 CA00 PCI2.10 PnP PMM+06FCAE70+06F0AE70 CA00
Press Ctrl-B to configure iPXE (PCI 00:03.0)...                                                                               




iPXE (https://ipxe.org) 00:05.0 CB00 PCI2.10 PnP PMM 06FCAE70 06F0AE70 CB00
Press Ctrl-B to configure iPXE (PCI 00:05.0)...                                                                               


Booting from Hard Disk...
GRUB loading.....
[0;30;47mWelcome to GRUB![01;01H[0m[2J[H[J[1;1H[?25l[m[H[J[1;1H[2;30HGNU GRUB  version 2.12

[m[4;2H+----------------------------------------------------------------------------+[5;2H|[5;79H|[6;2H|[6;79H|[7;2H|[7;79H|[8;2H|[8;79H|[9;2H|[9;79H|[10;2H|[10;79H|[11;2H|[11;79H|[12;2H|[12;79H|[13;2H|[13;79H|[14;2H|[14;79H|[15;2H|[15;79H|[16;2H+----------------------------------------------------------------------------+[m[17;2H[18;2H[m     Use the ^ and v keys to select which entry is highlighted.          
      Press enter to boot the selected OS, `e' to edit the commands       
      before booting or `c' for a command-line. ESC to return             
      previous menu.                                                      [5;80H [7m[5;3H*OpenWrt                                                                    [m[5;78H[m[m[6;3H OpenWrt (failsafe)                                                         [m[6;78H[m[m[7;3H                                                                            [m[7;78H[m[m[8;3H                                                                            [m[8;78H[m[m[9;3H                                                                            [m[9;78H[m[m[10;3H                                                                            [m[10;78H[m[m[11;3H                                                                            [m[11;78H[m[m[12;3H                                                                            [m[12;78H[m[m[13;3H                                                                            [m[13;78H[m[m[14;3H                                                                            [m[14;78H[m[m[15;3H                                                                            [m[15;78H[m[15;80H [5;78H[2J[02;30HGNU GRUB  version 2.12[04;02H┌─────────────────────────────────────────────────────[04;55H[04;56H───────────────────────┐[05;02H│[05;79H│[06;02H│[06;79H│[07;02H│[07;79H│[08;02H│[08;79H│[09;02H│[09;79H│[10;02H│[10;79H│[11;02H│[11;79H│[12;02H│[12;79H│[13;02H│[13;79H│[14;02H│[14;79H│[15;02H│[15;79H│[16;02H│[16;79H│[17;02H└────────────────────────────────────────────────────────────────────────────┘[19;02H     Use the ↑ and ↓ keys to select which entry is highlighted.          
      Press enter to boot the selected OS, `e' to edit the commands       
      before booting or `c' for a command-line. ESC to return             
      previous menu.                                                      [05;80H [05;03H[0;30;47m*OpenWrt                                                                    [06;03H[0m OpenWrt (failsafe)                                                         [07;03H                                                                  [07;68H[07;69H          [08;03H                                                                            [09;03H                                                                            [10;03H                                                                            [11;03H                                                                            [12;03H            [12;14H[12;15H                                                                [13;03H                                                                            [14;03H                      [14;24H[14;25H                                                      [15;03H                                                                            [16;03H                                                                            [16;80H 






   The highlighted entry will be executed automatically in 5s.                [22;1H   The highlighted entry will be executed automatically in 5s.                 [5;78H [05;78H

















   The highlighted entry will be executed automatically in 4s.                 [23;79H[22;1H   The highlighted entry will be executed automatically in 4s.                 [5;78H[05;78H

















   The highlighted entry will be executed autom[23;47H[23;48Hatically in 3s.                [22;1H   The highlighted entry will be executed automatically in 3s.                 [5;78H [05;78H

















   The highli[23;13H[23;14Hghted entry will be executed automatically in 2s.                [22;1H   The highlighted entry will be executed automatically in 2s.                 [5;78H [05;78H

















   The highlighted entry will be executed automatically in 1s.                [22;1H   The highlighted entry will be executed automatically in 1s.                 [5;78H [05;78H

















   The highlighted entry will be executed automatically in 0s.                [22;1H   The highlighted entry will be executed automatically in 0s.                 [5;78H [01;01H[2J[?25h[H[J[1;1H[H[J[1;1H[2J   Booting `OpenWrt' Boot[01;06H[01;07Hing `OpenWrt

'

[    0.000000] Linux version 6.6.127 (builder@buildhost) (x86_64-openwrt-linux-musl-gcc (OpenWrt GCC 13.3.0 r29143-214a657cfa) 13.3.0, GNU ld (GNU Binutils) 2.42) #0 SMP Tue Mar 17 22:48:43 2026
[    0.000000] Command line: BOOT_IMAGE=/boot/vmlinuz root=PARTUUID=b07fe921-02 rootwait console=tty1 console=ttyS0,115200n8 noinitrd
[    0.000000] BIOS-provided physical RAM map:
[    0.000000] BIOS-e820: [mem 0x0000000000000000-0x000000000009fbff] usable
[    0.000000] BIOS-e820: [mem 0x000000000009fc00-0x000000000009ffff] reserved
[    0.000000] BIOS-e820: [mem 0x00000000000f0000-0x00000000000fffff] reserved
[    0.000000] BIOS-e820: [mem 0x0000000000100000-0x0000000007fdcfff] usable
[    0.000000] BIOS-e820: [mem 0x0000000007fdd000-0x0000000007ffffff] reserved
[    0.000000] BIOS-e820: [mem 0x00000000fffc0000-0x00000000ffffffff] reserved
[    0.000000] BIOS-e820: [mem 0x000000fd00000000-0x000000ffffffffff] reserved
[    0.000000] NX (Execute Disable) protection: active
[    0.000000] APIC: Static calls initialized
[    0.000000] SMBIOS 3.0.0 present.
[    0.000000] DMI: QEMU Standard PC (i440FX + PIIX, 1996), BIOS 1.16.3-debian-1.16.3-2 04/01/2014
[    0.000000] tsc: Fast TSC calibration using PIT
[    0.000000] tsc: Detected 2445.439 MHz processor
[    0.008842] last_pfn = 0x7fdd max_arch_pfn = 0x400000000
[    0.009481] MTRR map: 4 entries (3 fixed + 1 variable; max 19), built from 8 variable MTRRs
[    0.009674] x86/PAT: Configuration [0-7]: WB  WC  UC- UC  WB  WP  UC- WT  
[    0.029766] found SMP MP-table at [mem 0x000f5460-0x000f546f]
[    0.031162] Using GB pages for direct mapping
[    0.035005] ACPI: Early table checksum verification disabled
[    0.035353] ACPI: RSDP 0x00000000000F5290 000014 (v00 BOCHS )
[    0.035659] ACPI: RSDT 0x0000000007FE1C64 000034 (v01 BOCHS  BXPC     00000001 BXPC 00000001)
[    0.036195] ACPI: FACP 0x0000000007FE1B18 000074 (v01 BOCHS  BXPC     00000001 BXPC 00000001)
[    0.036807] ACPI: DSDT 0x0000000007FE0040 001AD8 (v01 BOCHS  BXPC     00000001 BXPC 00000001)
[    0.036905] ACPI: FACS 0x0000000007FE0000 000040
[    0.036959] ACPI: APIC 0x0000000007FE1B8C 000078 (v03 BOCHS  BXPC     00000001 BXPC 00000001)
[    0.036986] ACPI: HPET 0x0000000007FE1C04 000038 (v01 BOCHS  BXPC     00000001 BXPC 00000001)
[    0.037014] ACPI: WAET 0x0000000007FE1C3C 000028 (v01 BOCHS  BXPC     00000001 BXPC 00000001)
[    0.037101] ACPI: Reserving FACP table memory at [mem 0x7fe1b18-0x7fe1b8b]
[    0.037163] ACPI: Reserving DSDT table memory at [mem 0x7fe0040-0x7fe1b17]
[    0.037172] ACPI: Reserving FACS table memory at [mem 0x7fe0000-0x7fe003f]
[    0.037178] ACPI: Reserving APIC table memory at [mem 0x7fe1b8c-0x7fe1c03]
[    0.037184] ACPI: Reserving HPET table memory at [mem 0x7fe1c04-0x7fe1c3b]
[    0.037190] ACPI: Reserving WAET table memory at [mem 0x7fe1c3c-0x7fe1c63]
[    0.040328] Zone ranges:
[    0.040363]   DMA      [mem 0x0000000000001000-0x0000000000ffffff]
[    0.040439]   DMA32    [mem 0x0000000001000000-0x0000000007fdcfff]
[    0.040452]   Normal   empty
[    0.040476] Movable zone start for each node
[    0.040505] Early memory node ranges
[    0.040536]   node   0: [mem 0x0000000000001000-0x000000000009efff]
[    0.040581]   node   0: [mem 0x0000000000100000-0x0000000007fdcfff]
[    0.040692] Initmem setup node 0 [mem 0x0000000000001000-0x0000000007fdcfff]
[    0.041548] On node 0, zone DMA: 1 pages in unavailable ranges
[    0.041898] On node 0, zone DMA: 97 pages in unavailable ranges
[    0.042932] On node 0, zone DMA32: 35 pages in unavailable ranges
[    0.043261] ACPI: PM-Timer IO Port: 0x608
[    0.043627] ACPI: LAPIC_NMI (acpi_id[0xff] dfl dfl lint[0x1])
[    0.044027] IOAPIC[0]: apic_id 0, version 32, address 0xfec00000, GSI 0-23
[    0.044153] ACPI: INT_SRC_OVR (bus 0 bus_irq 0 global_irq 2 dfl dfl)
[    0.044414] ACPI: INT_SRC_OVR (bus 0 bus_irq 5 global_irq 5 high level)
[    0.044469] ACPI: INT_SRC_OVR (bus 0 bus_irq 9 global_irq 9 high level)
[    0.044560] ACPI: INT_SRC_OVR (bus 0 bus_irq 10 global_irq 10 high level)
[    0.044572] ACPI: INT_SRC_OVR (bus 0 bus_irq 11 global_irq 11 high level)
[    0.044765] ACPI: Using ACPI (MADT) for SMP configuration information
[    0.044809] ACPI: HPET id: 0x8086a201 base: 0xfed00000
[    0.045109] smpboot: Allowing 1 CPUs, 0 hotplug CPUs
[    0.046214] [mem 0x08000000-0xfffbffff] available for PCI devices
[    0.046266] Booting paravirtualized kernel on bare hardware
[    0.046568] clocksource: refined-jiffies: mask: 0xffffffff max_cycles: 0xffffffff, max_idle_ns: 19112604462750000 ns
[    0.047203] setup_percpu: NR_CPUS:512 nr_cpumask_bits:1 nr_cpu_ids:1 nr_node_ids:1
[    0.048818] percpu: Embedded 48 pages/cpu s158248 r8192 d30168 u2097152
[    0.051076] Kernel command line: BOOT_IMAGE=/boot/vmlinuz root=PARTUUID=b07fe921-02 rootwait console=tty1 console=ttyS0,115200n8 noinitrd
[    0.052760] random: crng init done
[    0.057667] Dentry cache hash table entries: 16384 (order: 5, 131072 bytes, linear)
[    0.058656] Inode-cache hash table entries: 8192 (order: 4, 65536 bytes, linear)
[    0.061383] Built 1 zonelists, mobility grouping on.  Total pages: 31965
[    0.061608] mem auto-init: stack:off, heap alloc:off, heap free:off
[    0.065228] Memory: 102576K/130540K available (14336K kernel code, 1169K rwdata, 2296K rodata, 2452K init, 2408K bss, 27708K reserved, 0K cma-reserved)
[    0.071166] SLUB: HWalign=64, Order=0-3, MinObjects=0, CPUs=1, Nodes=1
[    0.078804] rcu: Hierarchical RCU implementation.
[    0.078835] rcu: 	RCU restricting CPUs from NR_CPUS=512 to nr_cpu_ids=1.
[    0.078949] 	Tracing variant of Tasks RCU enabled.
[    0.079034] rcu: RCU calculated value of scheduler-enlistment delay is 10 jiffies.
[    0.079063] rcu: Adjusting geometry for rcu_fanout_leaf=16, nr_cpu_ids=1
[    0.080209] NR_IRQS: 33024, nr_irqs: 256, preallocated irqs: 16
[    0.089096] rcu: srcu_init: Setting srcu_struct sizes based on contention.
[    0.096050] Console: colour VGA+ 80x25
[    0.096368] printk: console [tty1] enabled
[    0.104134] printk: console [ttyS0] enabled
[    0.336931] ACPI: Core revision 20230628
[    0.342130] clocksource: hpet: mask: 0xffffffff max_cycles: 0xffffffff, max_idle_ns: 19112604467 ns
[    0.347160] APIC: Switch to symmetric I/O mode setup
[    0.351856] ..TIMER: vector=0x30 apic1=0 pin1=2 apic2=-1 pin2=-1
[    0.394001] clocksource: tsc-early: mask: 0xffffffffffffffff max_cycles: 0x233fe42a13f, max_idle_ns: 440795286674 ns
[    0.394733] Calibrating delay loop (skipped), value calculated using timer frequency.. 4890.87 BogoMIPS (lpj=24454390)
[    0.396491] x86/cpu: User Mode Instruction Prevention (UMIP) activated
[    0.411268] Last level iTLB entries: 4KB 0, 2MB 0, 4MB 0
[    0.411669] Last level dTLB entries: 4KB 0, 2MB 0, 4MB 0, 1GB 0
[    0.414966] Spectre V1 : Mitigation: usercopy/swapgs barriers and __user pointer sanitization
[    0.415770] Spectre V2 : Mitigation: Retpolines
[    0.416281] Spectre V2 : Spectre v2 / SpectreRSB: Filling RSB on context switch and VMEXIT
[    0.416997] Speculative Store Bypass: Vulnerable
[    0.419674] x86/fpu: Supporting XSAVE feature 0x001: 'x87 floating point registers'
[    0.424237] x86/fpu: Supporting XSAVE feature 0x002: 'SSE registers'
[    0.425837] x86/fpu: Supporting XSAVE feature 0x004: 'AVX registers'
[    0.426101] x86/fpu: Supporting XSAVE feature 0x008: 'MPX bounds registers'
[    0.426376] x86/fpu: Supporting XSAVE feature 0x010: 'MPX CSR'
[    0.426815] x86/fpu: xstate_offset[2]:  576, xstate_sizes[2]:  256
[    0.434846] x86/fpu: xstate_offset[3]:  960, xstate_sizes[3]:   64
[    0.435235] x86/fpu: xstate_offset[4]: 1024, xstate_sizes[4]:   64
[    0.435607] x86/fpu: Enabled xstate features 0x1f, context size is 1088 bytes, using 'standard' format.
[    0.682357] Freeing SMP alternatives memory: 40K
[    0.683634] pid_max: default: 32768 minimum: 301
[    0.692886] Mount-cache hash table entries: 512 (order: 0, 4096 bytes, linear)
[    0.693343] Mountpoint-cache hash table entries: 512 (order: 0, 4096 bytes, linear)
[    0.842414] smpboot: CPU0: AMD QEMU TCG CPU version 2.5+ (family: 0x6, model: 0x6, stepping: 0x3)
[    0.844640] RCU Tasks Trace: Setting shift to 0 and lim to 1 rcu_task_cb_adjust=1 rcu_task_cpu_ids=1.
[    0.845124] Performance Events: PMU not available due to virtualization, using software events only.
[    0.846786] signal: max sigframe size: 1616
[    0.848441] rcu: Hierarchical SRCU implementation.
[    0.848687] rcu: 	Max phase no-delay instances is 1000.
[    0.851826] smp: Bringing up secondary CPUs ...
[    0.853931] smp: Brought up 1 node, 1 CPU
[    0.856342] smpboot: Max logical packages: 1
[    0.856640] smpboot: Total of 1 processors activated (4890.87 BogoMIPS)
[    0.874276] clocksource: jiffies: mask: 0xffffffff max_cycles: 0xffffffff, max_idle_ns: 19112604462750000 ns
[    0.875171] futex hash table entries: 256 (order: 2, 16384 bytes, linear)
[    0.876282] pinctrl core: initialized pinctrl subsystem
[    0.895894] NET: Registered PF_NETLINK/PF_ROUTE protocol family
[    0.902463] thermal_sys: Registered thermal governor 'step_wise'
[    0.902501] thermal_sys: Registered thermal governor 'user_space'
[    0.903442] cpuidle: using governor ladder
[    0.904007] cpuidle: using governor menu
[    0.906799] acpiphp: ACPI Hot Plug PCI Controller Driver version: 0.5
[    0.909550] PCI: Using configuration type 1 for base access
[    0.920495] cryptd: max_cpu_qlen set to 1000
[    0.925527] ACPI: Added _OSI(Module Device)
[    0.925790] ACPI: Added _OSI(Processor Device)
[    0.925982] ACPI: Added _OSI(Processor Aggregator Device)
[    0.940865] ACPI: 1 ACPI AML tables successfully acquired and loaded
[    0.955565] ACPI: _OSC evaluation for CPUs failed, trying _PDC
[    0.957743] ACPI: Interpreter enabled
[    0.958496] ACPI: PM: (supports S0 S5)
[    0.958737] ACPI: Using IOAPIC for interrupt routing
[    0.959354] PCI: Using host bridge windows from ACPI; if necessary, use "pci=nocrs" and report a bug
[    0.964897] PCI: Using E820 reservations for host bridge windows
[    0.966856] ACPI: Enabled 2 GPEs in block 00 to 0F
[    0.999191] ACPI: PCI Root Bridge [PCI0] (domain 0000 [bus 00-ff])
[    1.000119] acpi PNP0A03:00: _OSC: OS supports [ASPM ClockPM Segments MSI HPX-Type3]
[    1.000642] acpi PNP0A03:00: _OSC: not requesting OS control; OS requires [ExtendedConfig ASPM ClockPM MSI]
[    1.001546] acpi PNP0A03:00: fail to add MMCONFIG information, can't access extended configuration space under this bridge
[    1.015230] acpiphp: Slot [3] registered
[    1.015728] acpiphp: Slot [4] registered
[    1.016019] acpiphp: Slot [5] registered
[    1.016282] acpiphp: Slot [6] registered
[    1.021038] acpiphp: Slot [7] registered
[    1.021510] acpiphp: Slot [8] registered
[    1.021961] acpiphp: Slot [9] registered
[    1.022233] acpiphp: Slot [10] registered
[    1.022499] acpiphp: Slot [11] registered
[    1.022811] acpiphp: Slot [12] registered
[    1.024452] acpiphp: Slot [13] registered
[    1.024921] acpiphp: Slot [14] registered
[    1.025398] acpiphp: Slot [15] registered
[    1.025764] acpiphp: Slot [16] registered
[    1.026032] acpiphp: Slot [17] registered
[    1.026339] acpiphp: Slot [18] registered
[    1.026614] acpiphp: Slot [19] registered
[    1.034892] acpiphp: Slot [20] registered
[    1.035350] acpiphp: Slot [21] registered
[    1.035784] acpiphp: Slot [22] registered
[    1.044719] acpiphp: Slot [23] registered
[    1.045002] acpiphp: Slot [24] registered
[    1.045267] acpiphp: Slot [25] registered
[    1.045538] acpiphp: Slot [26] registered
[    1.054815] acpiphp: Slot [27] registered
[    1.055277] acpiphp: Slot [28] registered
[    1.055649] acpiphp: Slot [29] registered
[    1.055921] acpiphp: Slot [30] registered
[    1.056185] acpiphp: Slot [31] registered
[    1.056660] PCI host bridge to bus 0000:00
[    1.065026] pci_bus 0000:00: root bus resource [io  0x0000-0x0cf7 window]
[    1.065692] pci_bus 0000:00: root bus resource [io  0x0d00-0xffff window]
[    1.065962] pci_bus 0000:00: root bus resource [mem 0x000a0000-0x000bffff window]
[    1.066317] pci_bus 0000:00: root bus resource [mem 0x08000000-0xfebfffff window]
[    1.074827] pci_bus 0000:00: root bus resource [mem 0x100000000-0x17fffffff window]
[    1.075533] pci_bus 0000:00: root bus resource [bus 00-ff]
[    1.077132] pci 0000:00:00.0: [8086:1237] type 00 class 0x060000
[    1.081171] pci 0000:00:01.0: [8086:7000] type 00 class 0x060100
[    1.085739] pci 0000:00:01.1: [8086:7010] type 00 class 0x010180
[    1.088680] pci 0000:00:01.1: reg 0x20: [io  0xc0e0-0xc0ef]
[    1.090026] pci 0000:00:01.1: legacy IDE quirk: reg 0x10: [io  0x01f0-0x01f7]
[    1.090386] pci 0000:00:01.1: legacy IDE quirk: reg 0x14: [io  0x03f6]
[    1.094845] pci 0000:00:01.1: legacy IDE quirk: reg 0x18: [io  0x0170-0x0177]
[    1.095312] pci 0000:00:01.1: legacy IDE quirk: reg 0x1c: [io  0x0376]
[    1.096490] pci 0000:00:01.3: [8086:7113] type 00 class 0x068000
[    1.097090] pci 0000:00:01.3: quirk: [io  0x0600-0x063f] claimed by PIIX4 ACPI
[    1.104873] pci 0000:00:01.3: quirk: [io  0x0700-0x070f] claimed by PIIX4 SMB
[    1.105998] pci 0000:00:02.0: [1234:1111] type 00 class 0x030000
[    1.106769] pci 0000:00:02.0: reg 0x10: [mem 0xfd000000-0xfdffffff pref]
[    1.108363] pci 0000:00:02.0: reg 0x18: [mem 0xfeb90000-0xfeb90fff]
[    1.117589] pci 0000:00:02.0: reg 0x30: [mem 0xfeb80000-0xfeb8ffff pref]
[    1.118157] pci 0000:00:02.0: Video device with shadowed ROM at [mem 0x000c0000-0x000dffff]
[    1.125542] pci 0000:00:03.0: [1af4:1000] type 00 class 0x020000
[    1.132746] pci 0000:00:03.0: reg 0x10: [io  0xc080-0xc09f]
[    1.135402] pci 0000:00:03.0: reg 0x20: [mem 0xfe000000-0xfe003fff 64bit pref]
[    1.136806] pci 0000:00:03.0: reg 0x30: [mem 0xfea80000-0xfeafffff pref]
[    1.142167] pci 0000:00:04.0: [1af4:1005] type 00 class 0x00ff00
[    1.144950] pci 0000:00:04.0: reg 0x10: [io  0xc0a0-0xc0bf]
[    1.145916] pci 0000:00:04.0: reg 0x14: [mem 0xfeb91000-0xfeb91fff]
[    1.149260] pci 0000:00:04.0: reg 0x20: [mem 0xfe004000-0xfe007fff 64bit pref]
[    1.156449] pci 0000:00:05.0: [1af4:1000] type 00 class 0x020000
[    1.157733] pci 0000:00:05.0: reg 0x10: [io  0xc0c0-0xc0df]
[    1.158535] pci 0000:00:05.0: reg 0x14: [mem 0xfeb92000-0xfeb92fff]
[    1.160670] pci 0000:00:05.0: reg 0x20: [mem 0xfe008000-0xfe00bfff 64bit pref]
[    1.166361] pci 0000:00:05.0: reg 0x30: [mem 0xfeb00000-0xfeb7ffff pref]
[    1.170997] pci 0000:00:06.0: [1af4:1001] type 00 class 0x010000
[    1.171823] pci 0000:00:06.0: reg 0x10: [io  0xc000-0xc07f]
[    1.174919] pci 0000:00:06.0: reg 0x14: [mem 0xfeb93000-0xfeb93fff]
[    1.181309] pci 0000:00:06.0: reg 0x20: [mem 0xfe00c000-0xfe00ffff 64bit pref]
[    1.189827] ACPI: PCI: Interrupt link LNKA configured for IRQ 10
[    1.190934] ACPI: PCI: Interrupt link LNKB configured for IRQ 10
[    1.191745] ACPI: PCI: Interrupt link LNKC configured for IRQ 11
[    1.192462] ACPI: PCI: Interrupt link LNKD configured for IRQ 11
[    1.192940] ACPI: PCI: Interrupt link LNKS configured for IRQ 9
[    1.196830] iommu: Default domain type: Translated
[    1.201515] iommu: DMA domain TLB invalidation policy: lazy mode
[    1.204052] SCSI subsystem initialized
[    1.206054] ACPI: bus type USB registered
[    1.206610] usbcore: registered new interface driver usbfs
[    1.207111] usbcore: registered new interface driver hub
[    1.212763] usbcore: registered new device driver usb
[    1.213510] pps_core: LinuxPPS API ver. 1 registered
[    1.213751] pps_core: Software ver. 5.3.6 - Copyright 2005-2007 Rodolfo Giometti <giometti@linux.it>
[    1.214187] PTP clock support registered
[    1.227312] PCI: Using ACPI for IRQ routing
[    1.230423] hpet0: at MMIO 0xfed00000, IRQs 2, 8, 0
[    1.230752] hpet0: 3 comparators, 64-bit 100.000000 MHz counter
[    1.236095] clocksource: Switched to clocksource tsc-early
[    1.238743] pnp: PnP ACPI init
[    1.242861] pnp: PnP ACPI: found 6 devices
[    1.257494] clocksource: acpi_pm: mask: 0xffffff max_cycles: 0xffffff, max_idle_ns: 2085701024 ns
[    1.258497] NET: Registered PF_INET protocol family
[    1.259674] IP idents hash table entries: 2048 (order: 2, 16384 bytes, linear)
[    1.266054] tcp_listen_portaddr_hash hash table entries: 256 (order: 0, 4096 bytes, linear)
[    1.268568] Table-perturb hash table entries: 65536 (order: 6, 262144 bytes, linear)
[    1.269048] TCP established hash table entries: 1024 (order: 1, 8192 bytes, linear)
[    1.269527] TCP bind hash table entries: 1024 (order: 3, 32768 bytes, linear)
[    1.279509] TCP: Hash tables configured (established 1024 bind 1024)
[    1.281646] MPTCP token hash table entries: 256 (order: 1, 6144 bytes, linear)
[    1.282253] UDP hash table entries: 256 (order: 1, 8192 bytes, linear)
[    1.282754] UDP-Lite hash table entries: 256 (order: 1, 8192 bytes, linear)
[    1.292324] NET: Registered PF_UNIX/PF_LOCAL protocol family
[    1.293695] pci_bus 0000:00: resource 4 [io  0x0000-0x0cf7 window]
[    1.294081] pci_bus 0000:00: resource 5 [io  0x0d00-0xffff window]
[    1.294330] pci_bus 0000:00: resource 6 [mem 0x000a0000-0x000bffff window]
[    1.301347] pci_bus 0000:00: resource 7 [mem 0x08000000-0xfebfffff window]
[    1.301760] pci_bus 0000:00: resource 8 [mem 0x100000000-0x17fffffff window]
[    1.302672] pci 0000:00:01.0: PIIX3: Enabling Passive Release
[    1.303070] pci 0000:00:00.0: Limiting direct PCI/PCI transfers
[    1.312975] PCI: CLS 0 bytes, default 64
[    1.345140] workingset: timestamp_bits=46 max_order=15 bucket_order=0
[    1.347366] squashfs: version 4.0 (2009/01/31) Phillip Lougher
[    1.350052] Block layer SCSI generic (bsg) driver version 0.4 loaded (major 247)
[    1.354194] hv_vmbus: registering driver hyperv_fb
[    1.359301] input: Power Button as /devices/LNXSYSTM:00/LNXPWRBN:00/input/input0
[    1.372706] ACPI: button: Power Button [PWRF]
[    1.565468] ACPI: \_SB_.LNKC: Enabled at IRQ 11
[    1.750072] ACPI: \_SB_.LNKD: Enabled at IRQ 10
[    1.931747] ACPI: \_SB_.LNKA: Enabled at IRQ 10
[    2.112944] ACPI: \_SB_.LNKB: Enabled at IRQ 11
[    2.114889] Serial: 8250/16550 driver, 16 ports, IRQ sharing enabled
[    2.139524] 00:04: ttyS0 at I/O 0x3f8 (irq = 4, base_baud = 115200) is a 16550A
[    2.183772] Non-volatile memory driver v1.3
[    2.197073] Linux agpgart interface v0.103
[    2.197957] AMD-Vi: AMD IOMMUv2 functionality not available on this system - This is not a bug.
[    2.198583] ACPI: bus type drm_connector registered
[    2.200936] [drm] Found bochs VGA, ID 0xb0c5.
[    2.201158] [drm] Framebuffer size 16384 kB @ 0xfd000000, mmio @ 0xfeb90000.
[    2.213721] [drm] Found EDID data blob.
[    2.219256] [drm] Initialized bochs-drm 1.0.0 20130925 for 0000:00:02.0 on minor 0
[    2.288636] Console: switching to colour frame buffer device 160x50
[    2.298181] bochs-drm 0000:00:02.0: [drm] fb0: bochs-drmdrmfb frame buffer device
[    2.338193] loop: module loaded
[    2.339010] virtio_blk virtio3: 1/0/0 default/read/poll queues
[    2.343236] virtio_blk virtio3: [vda] 246784 512-byte logical blocks (126 MB/121 MiB)
[    2.347269] tsc: Refined TSC clocksource calibration: 2445.420 MHz
[    2.347935] clocksource: tsc: mask: 0xffffffffffffffff max_cycles: 0x233fd1f69e2, max_idle_ns: 440795278869 ns
[    2.349384] clocksource: Switched to clocksource tsc
[    2.356278]  vda: vda1 vda2
[    2.359568] Guest personality initialized and is inactive
[    2.360413] VMCI host device registered (name=vmci, major=10, minor=256)
[    2.360759] Initialized host personality
[    2.361747] VMware PVSCSI driver - version 1.0.7.0-k
[    2.362163] hv_vmbus: registering driver hv_storvsc
[    2.384816] scsi host0: ata_piix
[    2.387979] scsi host1: ata_piix
[    2.389034] ata1: PATA max MWDMA2 cmd 0x1f0 ctl 0x3f6 bmdma 0xc0e0 irq 14
[    2.389353] ata2: PATA max MWDMA2 cmd 0x170 ctl 0x376 bmdma 0xc0e8 irq 15
[    2.399593] VMware vmxnet3 virtual NIC driver - version 1.7.0.0-k-NAPI
[    2.400222] hv_vmbus: registering driver hv_netvsc
[    2.400617] Fusion MPT base driver 3.04.20
[    2.400810] Copyright (c) 1999-2008 LSI Corporation
[    2.401199] Fusion MPT SPI Host driver 3.04.20
[    2.410540] Fusion MPT SAS Host driver 3.04.20
[    2.412768] usbcore: registered new interface driver usb-storage
[    2.414043] i8042: PNP: PS/2 Controller [PNP0303:KBD,PNP0f13:MOU] at 0x60,0x64 irq 1,12
[    2.420250] serio: i8042 KBD port at 0x60,0x64 irq 1
[    2.422964] serio: i8042 AUX port at 0x60,0x64 irq 12
[    2.425360] hv_vmbus: registering driver hyperv_keyboard
[    2.427880] rtc_cmos 00:05: RTC can wake from S4
[    2.433027] rtc_cmos 00:05: registered as rtc0
[    2.436014] rtc_cmos 00:05: setting system clock to 2026-03-24T02:14:57 UTC (1774318497)
[    2.438559] rtc_cmos 00:05: alarms up to one day, y3k, 242 bytes nvram, hpet irqs
[    2.441590] amd_pstate: the _CPC object is not present in SBIOS or ACPI disabled
[    2.444038] sdhci: Secure Digital Host Controller Interface driver
[    2.449176] sdhci: Copyright(c) Pierre Ossman
[    2.460303] input: AT Translated Set 2 keyboard as /devices/platform/i8042/serio0/input/input1
[    2.492840] hid: raw HID events driver (C) Jiri Kosina
[    2.495695] hv_vmbus: registering driver hid_hyperv
[    2.498556] usbcore: registered new interface driver usbhid
[    2.500710] usbhid: USB HID core driver
[    2.502974] hv_utils: Registering HyperV Utility Driver
[    2.505502] hv_vmbus: registering driver hv_utils
[    2.507833] hv_vmbus: registering driver hv_balloon
[    2.511237] NET: Registered PF_INET6 protocol family
[    2.528604] Segment Routing with IPv6
[    2.530899] In-situ OAM (IOAM) with IPv6
[    2.533372] NET: Registered PF_PACKET protocol family
[    2.536061] bridge: filtering via arp/ip/ip6tables is no longer available by default. Update your scripts to load br_netfilter if you need this.
[    2.545473] 8021q: 802.1Q VLAN Support v1.8
[    2.548203] NET: Registered PF_VSOCK protocol family
[    2.558096] IPI shorthand broadcast: enabled
[    2.560317] AVX2 version of gcm_enc/dec engaged.
[    2.567086] AES CTR mode by8 optimization enabled
[    2.587500] sched_clock: Marking stable (2340079853, 245028291)->(2662510425, -77402281)
[    2.635699] ata2: found unknown device (class 0)
[    2.732034] ata2.00: ATAPI: QEMU DVD-ROM, 2.5+, max UDMA/100
[    2.748774] scsi 1:0:0:0: CD-ROM            QEMU     QEMU DVD-ROM     2.5+ PQ: 0 ANSI: 5
[    2.757190] clk: Disabling unused clocks
[    2.826957] sr 1:0:0:0: [sr0] scsi3-mmc drive: 4x/4x cd/rw xa/form2 tray
[    2.829568] cdrom: Uniform CD-ROM driver Revision: 3.20
[    2.884910] VFS: Mounted root (squashfs filesystem) readonly on device 254:2.
[    2.953556] Freeing unused kernel image (initmem) memory: 2452K
[    2.956132] Write protecting the kernel read-only data: 18432k
[    2.960608] Freeing unused kernel image (rodata/data gap) memory: 1800K
[    2.963165] Run /sbin/init as init process
[    3.225403] init: Console is alive
[    3.841169] kmodloader: loading kernel modules from /etc/modules-boot.d/*
[    3.901146] button_hotplug: loading out-of-tree module taints kernel.
[    3.908879] Button Hotplug driver version 0.4.1
[    3.931928] Intel(R) 2.5G Ethernet Linux Driver
[    3.934430] Copyright(c) 2018 Intel Corporation.
[    3.952607] igb: Intel(R) Gigabit Ethernet Network Driver
[    3.955274] igb: Copyright (c) 2007-2014 Intel Corporation.
[    3.972253] kmodloader: done loading kernel modules from /etc/modules-boot.d/*
[    3.988503] init: - preinit -
[    4.933079] 8021q: adding VLAN 0 to HW filter on device eth0
Press the [f] key and hit [enter] to enter failsafe mode
Press the [1], [2], [3] or [4] key and hit [enter] to select the debug level
[    9.646017] loop0: detected capacity change from 0 to 212992
[    9.705517] loop0: detected capacity change from 212992 to 201216
[    9.719562] mount_root: overlay filesystem in /dev/loop0 has not been formatted yet
[   10.073212] EXT4-fs (loop0): mounted filesystem ddd2f3e9-370e-4b8c-a481-5122f40e4653 r/w with ordered data mode. Quota mode: disabled.
[   10.087541] mount_root: overlay filesystem has not been fully initialized yet
[   10.106167] mount_root: switching to ext4 overlay
[   10.128488] overlayfs: null uuid detected in lower fs '/', falling back to xino=off,index=off,nfs_export=off.
[   10.870202] EXT4-fs (vda1): mounted filesystem 84173db5-fa99-e35a-95c6-28613cc79ea9 r/w without journal. Quota mode: disabled.
[   10.893692] urandom-seed: Seed file not found (/etc/urandom.seed)
[   11.034647] procd: - early -
[   11.824484] procd: - ubus -
[   12.013014] procd: - init -
Please press Enter to activate this console.
root
login[1002]: root login on 'ttyS0'


BusyBox v1.36.1 (2026-03-17 22:48:43 UTC) built-in shell (ash)

  _______                     ________        __
 |       |.-----.-----.-----.|  |  |  |.----.|  |_
 |   -   ||  _  |  -__|     ||  |  |  ||   _||   _|
 |_______||   __|_____|__|__||________||__|  |____|
          |__| W I R E L E S S   F R E E D O M
 -----------------------------------------------------
 OpenWrt 24.10-SNAPSHOT, r29143-214a657cfa
 -----------------------------------------------------
=== WARNING! =====================================
There is no root password defined on this device!
Use the "passwd" command to set up a new password
in order to prevent unauthorized SSH logins.
--------------------------------------------------
root@(none):~# dmesg -n 1
root@(none):~# echo 'KQAH''MEQGNX'
KQAHMEQGNX
root@(none):~# run() { echo -n "$MARKER"; sh -c "$@"; echo "$MARKER $?"; }
root@(none):~# echo 'LLKA''JXYHWG'
LLKAJXYHWG
root@(none):~# MARKER='QGKU''SJWJFH' run 'ubus wait_for network.interface.lan'
QGKUSJWJFHQGKUSJWJFH 0
root@OpenWrt:~# echo 'ATGO''BUUNJA'
ATGOBUUNJA
root@OpenWrt:~# MARKER='GNEU''SLOWMV' run 'ubus call network.interface.lan statu
s '"'"'{}'"'"''
GNEUSLOWMV{
	"up": true,
	"pending": false,
	"available": true,
	"autostart": true,
	"dynamic": false,
	"uptime": 0,
	"l3_device": "br-lan",
	"proto": "static",
	"device": "br-lan",
	"updated": [
		"addresses"
	],
	"metric": 0,
	"dns_metric": 0,
	"delegation": true,
	"ipv4-address": [
		{
			"address": "192.168.1.1",
			"mask": 24
		}
	],
	"ipv6-address": [
		
	],
	"ipv6-prefix": [
		
	],
	"ipv6-prefix-assignment": [
		{
			"address": "fd38:6d62:667b::",
			"mask": 60,
			"local-address": {
				"address": "fd38:6d62:667b::1",
				"mask": 60
			}
		}
	],
	"route": [
		
	],
	"dns-server": [
		
	],
	"dns-search": [
		
	],
	"neighbors": [
		
	],
	"inactive": {
		"ipv4-address": [
			
		],
		"ipv6-address": [
			
		],
		"route": [
			
		],
		"dns-server": [
			
		],
		"dns-search": [
			
		],
		"neighbors": [
			
		]
	},
	"data": {
		
	}
}
GNEUSLOWMV 0
root@OpenWrt:~# echo 'FWXA''XFYLCZ'
FWXAXFYLCZ
root@OpenWrt:~# MARKER='ABFB''WGZEYK' run true
ABFBWGZEYKABFBWGZEYK 0
root@OpenWrt:~# echo 'YXAN''JAYHXF'
YXANJAYHXF
root@OpenWrt:~# MARKER='QOLA''LWPOBY' run 'source /etc/os-release; echo $BUILD_I
D'
QOLALWPOBYr29143-214a657cfa
QOLALWPOBY 0
root@OpenWrt:~# echo 'TASA''FZOPNZ'
TASAFZOPNZ
root@OpenWrt:~# MARKER='YNGX''SMVWJK' run 'ls /etc/dropbear/dropbear_rsa_host_ke
y'
YNGXSMVWJK[0;0m/etc/dropbear/dropbear_rsa_host_key[m
YNGXSMVWJK 0
root@OpenWrt:~# echo 'HPSX''FPTCZM'
HPSXFPTCZM
root@OpenWrt:~# MARKER='HHWU''GJAOVB' run 'netstat -tlpn | grep 0.0.0.0:22'
HHWUGJAOVBnetstat: showing only processes with your user ID
tcp        0      0 0.0.0.0:22              0.0.0.0:*               LISTEN      1743/dropbear
HHWUGJAOVB 0
root@OpenWrt:~# echo 'WTVA''KZPJQM'
WTVAKZPJQM
root@OpenWrt:~# MARKER='FECV''CLVGGO' run 'dmesg | grep br-lan | grep forwarding
'
FECVCLVGGO[   30.514926] br-lan: port 1(eth0) entered forwarding state
FECVCLVGGO 0
root@OpenWrt:~# echo 'MTKS''CGPPOH'
MTKSCGPPOH
root@OpenWrt:~# MARKER='AYZC''BCEXFK' run 'ubus call network.interface.lan statu
s '"'"'{}'"'"''
AYZCBCEXFK{
	"up": true,
	"pending": false,
	"available": true,
	"autostart": true,
	"dynamic": false,
	"uptime": 7,
	"l3_device": "br-lan",
	"proto": "static",
	"device": "br-lan",
	"updated": [
		"addresses"
	],
	"metric": 0,
	"dns_metric": 0,
	"delegation": true,
	"ipv4-address": [
		{
			"address": "192.168.1.1",
			"mask": 24
		}
	],
	"ipv6-address": [
		
	],
	"ipv6-prefix": [
		
	],
	"ipv6-prefix-assignment": [
		{
			"address": "fd38:6d62:667b::",
			"mask": 60,
			"local-address": {
				"address": "fd38:6d62:667b::1",
				"mask": 60
			}
		}
	],
	"route": [
		
	],
	"dns-server": [
		
	],
	"dns-search": [
		
	],
	"neighbors": [
		
	],
	"inactive": {
		"ipv4-address": [
			
		],
		"ipv6-address": [
			
		],
		"route": [
			
		],
		"dns-server": [
			
		],
		"dns-search": [
			
		],
		"neighbors": [
			
		]
	},
	"data": {
		
	}
}
AYZCBCEXFK 0
root@OpenWrt:~# echo 'GVPA''OZVBAB'
GVPAOZVBAB
root@OpenWrt:~# MARKER='BBVO''BFPWKJ' run 'ip -o addr show dev br-lan'
BBVOBFPWKJ4: br-lan    inet 192.168.1.1/24 brd 192.168.1.255 scope global br-lan\       valid_lft forever preferred_lft forever
4: br-lan    inet6 fd38:6d62:667b::1/60 scope global noprefixroute \       valid_lft forever preferred_lft forever
4: br-lan    inet6 fe80::5054:ff:fe12:3456/64 scope link \       valid_lft forever preferred_lft forever
BBVOBFPWKJ 0
root@OpenWrt:~# echo 'HHPY''SSAKZA'
HHPYSSAKZA
root@OpenWrt:~# MARKER='OUHZ''BBZSNF' run 'ubus call network.interface.wan statu
s '"'"'{}'"'"''
OUHZBBZSNF{
	"up": true,
	"pending": false,
	"available": true,
	"autostart": true,
	"dynamic": false,
	"uptime": 8,
	"l3_device": "eth1",
	"proto": "dhcp",
	"device": "eth1",
	"updated": [
		"addresses",
		"routes",
		"data"
	],
	"metric": 0,
	"dns_metric": 0,
	"delegation": true,
	"ipv4-address": [
		{
			"address": "10.0.2.15",
			"mask": 24
		}
	],
	"ipv6-address": [
		
	],
	"ipv6-prefix": [
		
	],
	"ipv6-prefix-assignment": [
		
	],
	"route": [
		{
			"target": "0.0.0.0",
			"mask": 0,
			"nexthop": "10.0.2.2",
			"source": "10.0.2.15/32"
		}
	],
	"dns-server": [
		"10.0.2.3"
	],
	"dns-search": [
		
	],
	"neighbors": [
		
	],
	"inactive": {
		"ipv4-address": [
			
		],
		"ipv6-address": [
			
		],
		"route": [
			
		],
		"dns-server": [
			
		],
		"dns-search": [
			
		],
		"neighbors": [
			
		]
	},
	"data": {
		"dhcpserver": "10.0.2.2",
		"leasetime": 86400
	}
}
OUHZBBZSNF 0
root@OpenWrt:~# 