Labgrid Console Logfile for main
Logfile started at 2026-03-13 02:50:13.878261
=== Log starts here ===
c[?7l[2J[0mSeaBIOS (version 1.16.3-debian-1.16.3-2)


iPXE (https://ipxe.org) 00:03.0 CA00 PCI2.10 PnP PMM+06FCAE70+06F0AE70 CA00
Press Ctrl-B to configure iPXE (PCI 00:03.0)...                                                                               




iPXE (https://ipxe.org) 00:05.0 CB00 PCI2.10 PnP PMM 06FCAE70 06F0AE70 CB00
Press Ctrl-B to configure iPXE (PCI 00:05.0)...                                                                               


Booting from Hard Disk...
GRUB loading.....
[0;30;47mWelcome to GRUB![01;01H[0m[2J[H[J[1;1H[?25l[m[H[J[1;1H[2;30HGNU GRUB  version 2.12

[m[4;2H+----------------------------------------------------------------------------+[5;2H|[5;79H|[6;2H|[6;79H|[7;2H|[7;79H|[8;2H|[8;79H|[9;2H|[9;79H|[10;2H|[10;79H|[11;2H|[11;79H|[12;2H|[12;79H|[13;2H|[13;79H|[14;2H|[14;79H|[15;2H|[15;79H|[16;2H+----------------------------------------------------------------------------+[m[17;2H[18;2H[m     Use the ^ and v keys to select which entry is highlighted.          
      Press enter to boot the selected OS, `e' to edit the commands       
      before booting or `c' for a command-line. ESC to return             
      previous menu.                                                      [5;80H [7m[5;3H*OpenWrt                                                                    [m[5;78H[m[m[6;3H OpenWrt (failsafe)                                                         [m[6;78H[m[m[7;3H                                                                            [m[7;78H[m[m[8;3H                                                                            [m[8;78H[m[m[9;3H                                                                            [m[9;78H[m[m[10;3H                                                                            [m[10;78H[m[m[11;3H                                                                            [m[11;78H[m[m[12;3H                                                                            [m[12;78H[m[m[13;3H                                                                            [m[13;78H[m[m[14;3H                                                                            [m[14;78H[m[m[15;3H                                                                            [m[15;78H[m[15;80H [5;78H[2J[02;30HGNU GRUB  version 2.12[04;02H┌────────────────────────────────────────────────────────────────────────────┐[05;02H│[05;79H│[06;02H│[06;79H│[07;02H│[07;79H│[08;02H│[08;79H│[09;02H│[09;79H│[10;02H│[10;79H│[11;02H│[11;79H│[12;02H│[12;79H│[13;02H│[13;79H│[14;02H│[14;79H│[15;02H│[15;79H│[16;02H│[16;79H│[17;02H└────────────────────────────────────────────────────────────────────────────┘[19;02H     Use the ↑ an[19;18H[19;19Hd ↓ keys to select which entry is highlighted.          
      Press enter to boot the selected OS, `e' to edit the commands       
      before booting or `c' for a command-line. ESC to return             
      previous menu.                                                      [05;80H [05;03H[0;30;47m*OpenWrt                                                                    [06;03H[0m OpenWrt (failsafe)                                                         [07;03H                                                                            [08;03H                                                                            [09;03H                                                                            [10;03H                                                                            [11;03H                                                                            [12;03H                                                                            [13;03H                                                                            [14;03H          [14;12H[14;13H                                                                  [15;03H                                                                            [16;03H                                                                            [16;80H 






   The highlighted entry will be executed automatically in 5s.                [22;1H   The highlighted entry will be executed automatically in 5s.                 [5;78H [05;78H

















   The highlighted entry will be executed automatically in 4s.        [23;70H[23;71H        [22;1H   The highlighted entry will be executed automatically in 4s.                 [5;78H [05;78H

















   The highlighted entry will be executed automatically in 3s.                [22;1H   The highlighted entry will be executed automatically in 3s.                 [5;78H [05;78H

















   The highlighted entry will be executed automatically in 2s.                [22;1H   The highlighted entry will be executed automatically in 2s.                 [5;78H [05;78H

















   The highlighted entry will be executed automatically in 1s.                [22;1H   The highlighted entry will be executed automatically in 1s.                 [5;78H [05;78H

















   The highlighted entry will be executed automatically in 0s.                [22;1H   The highlighted entry will be executed automatically in 0s.                 [5;78H [01;01H[2J[?25h[H[J[1;1H[H[J[1;1H[2J   Booting `OpenWrt' Booting `OpenWrt

'

[    0.000000] Linux version 6.6.127 (builder@buildhost) (x86_64-openwrt-linux-musl-gcc (OpenWrt GCC 13.3.0 r29136-fb624926e3) 13.3.0, GNU ld (GNU Binutils) 2.42) #0 SMP Wed Mar 11 23:17:52 2026
[    0.000000] Command line: BOOT_IMAGE=/boot/vmlinuz root=PARTUUID=17368454-02 rootwait console=tty1 console=ttyS0,115200n8 noinitrd
[    0.000000] BIOS-provided physical RAM map:
[    0.000000] BIOS-e820: [mem 0x0000000000000000-0x000000000009fbff] usable
[    0.000000] BIOS-e820: [mem 0x000000000009fc00-0x000000000009ffff] reserved
[    0.000000] BIOS-e820: [mem 0x00000000000f0000-0x00000000000fffff] reserved
[    0.000000] BIOS-e820: [mem 0x0000000000100000-0x0000000007fdcfff] usable
[    0.000000] BIOS-e820: [mem 0x0000000007fdd000-0x0000000007ffffff] reserved
[    0.000000] BIOS-e820: [mem 0x00000000fffc0000-0x00000000ffffffff] reserved
[    0.000000] BIOS-e820: [mem 0x000000fd00000000-0x000000ffffffffff] reserved
[    0.000000] NX (Execute Disable) protection: active
[    0.000000] APIC: Static calls initialized
[    0.000000] SMBIOS 3.0.0 present.
[    0.000000] DMI: QEMU Standard PC (i440FX + PIIX, 1996), BIOS 1.16.3-debian-1.16.3-2 04/01/2014
[    0.000000] tsc: Fast TSC calibration using PIT
[    0.000000] tsc: Detected 2445.384 MHz processor
[    0.008935] last_pfn = 0x7fdd max_arch_pfn = 0x400000000
[    0.009562] MTRR map: 4 entries (3 fixed + 1 variable; max 19), built from 8 variable MTRRs
[    0.009753] x86/PAT: Configuration [0-7]: WB  WC  UC- UC  WB  WP  UC- WT  
[    0.029567] found SMP MP-table at [mem 0x000f5460-0x000f546f]
[    0.030922] Using GB pages for direct mapping
[    0.034735] ACPI: Early table checksum verification disabled
[    0.035063] ACPI: RSDP 0x00000000000F5290 000014 (v00 BOCHS )
[    0.035393] ACPI: RSDT 0x0000000007FE1C64 000034 (v01 BOCHS  BXPC     00000001 BXPC 00000001)
[    0.035904] ACPI: FACP 0x0000000007FE1B18 000074 (v01 BOCHS  BXPC     00000001 BXPC 00000001)
[    0.036514] ACPI: DSDT 0x0000000007FE0040 001AD8 (v01 BOCHS  BXPC     00000001 BXPC 00000001)
[    0.036613] ACPI: FACS 0x0000000007FE0000 000040
[    0.036667] ACPI: APIC 0x0000000007FE1B8C 000078 (v03 BOCHS  BXPC     00000001 BXPC 00000001)
[    0.036695] ACPI: HPET 0x0000000007FE1C04 000038 (v01 BOCHS  BXPC     00000001 BXPC 00000001)
[    0.036718] ACPI: WAET 0x0000000007FE1C3C 000028 (v01 BOCHS  BXPC     00000001 BXPC 00000001)
[    0.036804] ACPI: Reserving FACP table memory at [mem 0x7fe1b18-0x7fe1b8b]
[    0.036851] ACPI: Reserving DSDT table memory at [mem 0x7fe0040-0x7fe1b17]
[    0.036859] ACPI: Reserving FACS table memory at [mem 0x7fe0000-0x7fe003f]
[    0.036866] ACPI: Reserving APIC table memory at [mem 0x7fe1b8c-0x7fe1c03]
[    0.036872] ACPI: Reserving HPET table memory at [mem 0x7fe1c04-0x7fe1c3b]
[    0.036878] ACPI: Reserving WAET table memory at [mem 0x7fe1c3c-0x7fe1c63]
[    0.039997] Zone ranges:
[    0.040032]   DMA      [mem 0x0000000000001000-0x0000000000ffffff]
[    0.040107]   DMA32    [mem 0x0000000001000000-0x0000000007fdcfff]
[    0.040119]   Normal   empty
[    0.040142] Movable zone start for each node
[    0.040171] Early memory node ranges
[    0.040204]   node   0: [mem 0x0000000000001000-0x000000000009efff]
[    0.040247]   node   0: [mem 0x0000000000100000-0x0000000007fdcfff]
[    0.040382] Initmem setup node 0 [mem 0x0000000000001000-0x0000000007fdcfff]
[    0.041205] On node 0, zone DMA: 1 pages in unavailable ranges
[    0.041566] On node 0, zone DMA: 97 pages in unavailable ranges
[    0.042590] On node 0, zone DMA32: 35 pages in unavailable ranges
[    0.042905] ACPI: PM-Timer IO Port: 0x608
[    0.043275] ACPI: LAPIC_NMI (acpi_id[0xff] dfl dfl lint[0x1])
[    0.043695] IOAPIC[0]: apic_id 0, version 32, address 0xfec00000, GSI 0-23
[    0.043808] ACPI: INT_SRC_OVR (bus 0 bus_irq 0 global_irq 2 dfl dfl)
[    0.044061] ACPI: INT_SRC_OVR (bus 0 bus_irq 5 global_irq 5 high level)
[    0.044127] ACPI: INT_SRC_OVR (bus 0 bus_irq 9 global_irq 9 high level)
[    0.044219] ACPI: INT_SRC_OVR (bus 0 bus_irq 10 global_irq 10 high level)
[    0.044230] ACPI: INT_SRC_OVR (bus 0 bus_irq 11 global_irq 11 high level)
[    0.044442] ACPI: Using ACPI (MADT) for SMP configuration information
[    0.044487] ACPI: HPET id: 0x8086a201 base: 0xfed00000
[    0.044771] smpboot: Allowing 1 CPUs, 0 hotplug CPUs
[    0.045872] [mem 0x08000000-0xfffbffff] available for PCI devices
[    0.045922] Booting paravirtualized kernel on bare hardware
[    0.046208] clocksource: refined-jiffies: mask: 0xffffffff max_cycles: 0xffffffff, max_idle_ns: 19112604462750000 ns
[    0.046846] setup_percpu: NR_CPUS:512 nr_cpumask_bits:1 nr_cpu_ids:1 nr_node_ids:1
[    0.048685] percpu: Embedded 48 pages/cpu s158248 r8192 d30168 u2097152
[    0.050945] Kernel command line: BOOT_IMAGE=/boot/vmlinuz root=PARTUUID=17368454-02 rootwait console=tty1 console=ttyS0,115200n8 noinitrd
[    0.052651] random: crng init done
[    0.057483] Dentry cache hash table entries: 16384 (order: 5, 131072 bytes, linear)
[    0.058471] Inode-cache hash table entries: 8192 (order: 4, 65536 bytes, linear)
[    0.061415] Built 1 zonelists, mobility grouping on.  Total pages: 31965
[    0.061644] mem auto-init: stack:off, heap alloc:off, heap free:off
[    0.065310] Memory: 102576K/130540K available (14336K kernel code, 1169K rwdata, 2296K rodata, 2452K init, 2408K bss, 27708K reserved, 0K cma-reserved)
[    0.071249] SLUB: HWalign=64, Order=0-3, MinObjects=0, CPUs=1, Nodes=1
[    0.078747] rcu: Hierarchical RCU implementation.
[    0.078777] rcu: 	RCU restricting CPUs from NR_CPUS=512 to nr_cpu_ids=1.
[    0.078892] 	Tracing variant of Tasks RCU enabled.
[    0.078978] rcu: RCU calculated value of scheduler-enlistment delay is 10 jiffies.
[    0.079007] rcu: Adjusting geometry for rcu_fanout_leaf=16, nr_cpu_ids=1
[    0.080133] NR_IRQS: 33024, nr_irqs: 256, preallocated irqs: 16
[    0.088870] rcu: srcu_init: Setting srcu_struct sizes based on contention.
[    0.095783] Console: colour VGA+ 80x25
[    0.096081] printk: console [tty1] enabled
[    0.103887] printk: console [ttyS0] enabled
[    0.335925] ACPI: Core revision 20230628
[    0.341066] clocksource: hpet: mask: 0xffffffff max_cycles: 0xffffffff, max_idle_ns: 19112604467 ns
[    0.350974] APIC: Switch to symmetric I/O mode setup
[    0.355261] ..TIMER: vector=0x30 apic1=0 pin1=2 apic2=-1 pin2=-1
[    0.397876] clocksource: tsc-early: mask: 0xffffffffffffffff max_cycles: 0x233faffd279, max_idle_ns: 440795293176 ns
[    0.398591] Calibrating delay loop (skipped), value calculated using timer frequency.. 4890.76 BogoMIPS (lpj=24453840)
[    0.400363] x86/cpu: User Mode Instruction Prevention (UMIP) activated
[    0.415073] Last level iTLB entries: 4KB 0, 2MB 0, 4MB 0
[    0.415497] Last level dTLB entries: 4KB 0, 2MB 0, 4MB 0, 1GB 0
[    0.418799] Spectre V1 : Mitigation: usercopy/swapgs barriers and __user pointer sanitization
[    0.419606] Spectre V2 : Mitigation: Retpolines
[    0.421362] Spectre V2 : Spectre v2 / SpectreRSB: Filling RSB on context switch and VMEXIT
[    0.421825] Speculative Store Bypass: Vulnerable
[    0.423472] x86/fpu: Supporting XSAVE feature 0x001: 'x87 floating point registers'
[    0.428034] x86/fpu: Supporting XSAVE feature 0x002: 'SSE registers'
[    0.429688] x86/fpu: Supporting XSAVE feature 0x004: 'AVX registers'
[    0.429981] x86/fpu: Supporting XSAVE feature 0x008: 'MPX bounds registers'
[    0.430262] x86/fpu: Supporting XSAVE feature 0x010: 'MPX CSR'
[    0.430688] x86/fpu: xstate_offset[2]:  576, xstate_sizes[2]:  256
[    0.438723] x86/fpu: xstate_offset[3]:  960, xstate_sizes[3]:   64
[    0.439113] x86/fpu: xstate_offset[4]: 1024, xstate_sizes[4]:   64
[    0.439456] x86/fpu: Enabled xstate features 0x1f, context size is 1088 bytes, using 'standard' format.
[    0.714424] Freeing SMP alternatives memory: 40K
[    0.715674] pid_max: default: 32768 minimum: 301
[    0.724511] Mount-cache hash table entries: 512 (order: 0, 4096 bytes, linear)
[    0.724967] Mountpoint-cache hash table entries: 512 (order: 0, 4096 bytes, linear)
[    0.874972] smpboot: CPU0: AMD QEMU TCG CPU version 2.5+ (family: 0x6, model: 0x6, stepping: 0x3)
[    0.878501] RCU Tasks Trace: Setting shift to 0 and lim to 1 rcu_task_cb_adjust=1 rcu_task_cpu_ids=1.
[    0.878501] Performance Events: PMU not available due to virtualization, using software events only.
[    0.880712] signal: max sigframe size: 1616
[    0.883020] rcu: Hierarchical SRCU implementation.
[    0.883266] rcu: 	Max phase no-delay instances is 1000.
[    0.886354] smp: Bringing up secondary CPUs ...
[    0.889885] smp: Brought up 1 node, 1 CPU
[    0.890907] smpboot: Max logical packages: 1
[    0.891398] smpboot: Total of 1 processors activated (4890.76 BogoMIPS)
[    0.907017] clocksource: jiffies: mask: 0xffffffff max_cycles: 0xffffffff, max_idle_ns: 19112604462750000 ns
[    0.907890] futex hash table entries: 256 (order: 2, 16384 bytes, linear)
[    0.909612] pinctrl core: initialized pinctrl subsystem
[    0.928957] NET: Registered PF_NETLINK/PF_ROUTE protocol family
[    0.935502] thermal_sys: Registered thermal governor 'step_wise'
[    0.935536] thermal_sys: Registered thermal governor 'user_space'
[    0.936444] cpuidle: using governor ladder
[    0.936996] cpuidle: using governor menu
[    0.940150] acpiphp: ACPI Hot Plug PCI Controller Driver version: 0.5
[    0.942958] PCI: Using configuration type 1 for base access
[    0.953313] cryptd: max_cpu_qlen set to 1000
[    0.958234] ACPI: Added _OSI(Module Device)
[    0.958549] ACPI: Added _OSI(Processor Device)
[    0.958749] ACPI: Added _OSI(Processor Aggregator Device)
[    0.973713] ACPI: 1 ACPI AML tables successfully acquired and loaded
[    0.987317] ACPI: _OSC evaluation for CPUs failed, trying _PDC
[    0.990361] ACPI: Interpreter enabled
[    0.991117] ACPI: PM: (supports S0 S5)
[    0.991344] ACPI: Using IOAPIC for interrupt routing
[    0.991980] PCI: Using host bridge windows from ACPI; if necessary, use "pci=nocrs" and report a bug
[    0.998798] PCI: Using E820 reservations for host bridge windows
[    1.000680] ACPI: Enabled 2 GPEs in block 00 to 0F
[    1.032628] ACPI: PCI Root Bridge [PCI0] (domain 0000 [bus 00-ff])
[    1.033567] acpi PNP0A03:00: _OSC: OS supports [ASPM ClockPM Segments MSI HPX-Type3]
[    1.034087] acpi PNP0A03:00: _OSC: not requesting OS control; OS requires [ExtendedConfig ASPM ClockPM MSI]
[    1.034990] acpi PNP0A03:00: fail to add MMCONFIG information, can't access extended configuration space under this bridge
[    1.048622] acpiphp: Slot [3] registered
[    1.049081] acpiphp: Slot [4] registered
[    1.049390] acpiphp: Slot [5] registered
[    1.049663] acpiphp: Slot [6] registered
[    1.054689] acpiphp: Slot [7] registered
[    1.055212] acpiphp: Slot [8] registered
[    1.055485] acpiphp: Slot [9] registered
[    1.055748] acpiphp: Slot [10] registered
[    1.056009] acpiphp: Slot [11] registered
[    1.056306] acpiphp: Slot [12] registered
[    1.060388] acpiphp: Slot [13] registered
[    1.060667] acpiphp: Slot [14] registered
[    1.060936] acpiphp: Slot [15] registered
[    1.061220] acpiphp: Slot [16] registered
[    1.068526] acpiphp: Slot [17] registered
[    1.068812] acpiphp: Slot [18] registered
[    1.069112] acpiphp: Slot [19] registered
[    1.078046] acpiphp: Slot [20] registered
[    1.078597] acpiphp: Slot [21] registered
[    1.078919] acpiphp: Slot [22] registered
[    1.079215] acpiphp: Slot [23] registered
[    1.079495] acpiphp: Slot [24] registered
[    1.079759] acpiphp: Slot [25] registered
[    1.088837] acpiphp: Slot [26] registered
[    1.089281] acpiphp: Slot [27] registered
[    1.089561] acpiphp: Slot [28] registered
[    1.089855] acpiphp: Slot [29] registered
[    1.090126] acpiphp: Slot [30] registered
[    1.090393] acpiphp: Slot [31] registered
[    1.099044] PCI host bridge to bus 0000:00
[    1.099506] pci_bus 0000:00: root bus resource [io  0x0000-0x0cf7 window]
[    1.099930] pci_bus 0000:00: root bus resource [io  0x0d00-0xffff window]
[    1.100199] pci_bus 0000:00: root bus resource [mem 0x000a0000-0x000bffff window]
[    1.108685] pci_bus 0000:00: root bus resource [mem 0x08000000-0xfebfffff window]
[    1.109176] pci_bus 0000:00: root bus resource [mem 0x100000000-0x17fffffff window]
[    1.109694] pci_bus 0000:00: root bus resource [bus 00-ff]
[    1.111272] pci 0000:00:00.0: [8086:1237] type 00 class 0x060000
[    1.122555] pci 0000:00:01.0: [8086:7000] type 00 class 0x060100
[    1.123435] pci 0000:00:01.1: [8086:7010] type 00 class 0x010180
[    1.130201] pci 0000:00:01.1: reg 0x20: [io  0xc0e0-0xc0ef]
[    1.131529] pci 0000:00:01.1: legacy IDE quirk: reg 0x10: [io  0x01f0-0x01f7]
[    1.133464] pci 0000:00:01.1: legacy IDE quirk: reg 0x14: [io  0x03f6]
[    1.133908] pci 0000:00:01.1: legacy IDE quirk: reg 0x18: [io  0x0170-0x0177]
[    1.134227] pci 0000:00:01.1: legacy IDE quirk: reg 0x1c: [io  0x0376]
[    1.135243] pci 0000:00:01.3: [8086:7113] type 00 class 0x068000
[    1.139241] pci 0000:00:01.3: quirk: [io  0x0600-0x063f] claimed by PIIX4 ACPI
[    1.139583] pci 0000:00:01.3: quirk: [io  0x0700-0x070f] claimed by PIIX4 SMB
[    1.140489] pci 0000:00:02.0: [1234:1111] type 00 class 0x030000
[    1.149329] pci 0000:00:02.0: reg 0x10: [mem 0xfd000000-0xfdffffff pref]
[    1.150950] pci 0000:00:02.0: reg 0x18: [mem 0xfeb90000-0xfeb90fff]
[    1.159944] pci 0000:00:02.0: reg 0x30: [mem 0xfeb80000-0xfeb8ffff pref]
[    1.160554] pci 0000:00:02.0: Video device with shadowed ROM at [mem 0x000c0000-0x000dffff]
[    1.166940] pci 0000:00:03.0: [1af4:1000] type 00 class 0x020000
[    1.169027] pci 0000:00:03.0: reg 0x10: [io  0xc080-0xc09f]
[    1.171492] pci 0000:00:03.0: reg 0x20: [mem 0xfe000000-0xfe003fff 64bit pref]
[    1.172819] pci 0000:00:03.0: reg 0x30: [mem 0xfea80000-0xfeafffff pref]
[    1.183198] pci 0000:00:04.0: [1af4:1005] type 00 class 0x00ff00
[    1.185271] pci 0000:00:04.0: reg 0x10: [io  0xc0a0-0xc0bf]
[    1.186415] pci 0000:00:04.0: reg 0x14: [mem 0xfeb91000-0xfeb91fff]
[    1.188535] pci 0000:00:04.0: reg 0x20: [mem 0xfe004000-0xfe007fff 64bit pref]
[    1.194139] pci 0000:00:05.0: [1af4:1000] type 00 class 0x020000
[    1.195827] pci 0000:00:05.0: reg 0x10: [io  0xc0c0-0xc0df]
[    1.197780] pci 0000:00:05.0: reg 0x14: [mem 0xfeb92000-0xfeb92fff]
[    1.200452] pci 0000:00:05.0: reg 0x20: [mem 0xfe008000-0xfe00bfff 64bit pref]
[    1.201543] pci 0000:00:05.0: reg 0x30: [mem 0xfeb00000-0xfeb7ffff pref]
[    1.205646] pci 0000:00:06.0: [1af4:1001] type 00 class 0x010000
[    1.206593] pci 0000:00:06.0: reg 0x10: [io  0xc000-0xc07f]
[    1.209454] pci 0000:00:06.0: reg 0x14: [mem 0xfeb93000-0xfeb93fff]
[    1.211315] pci 0000:00:06.0: reg 0x20: [mem 0xfe00c000-0xfe00ffff 64bit pref]
[    1.222275] ACPI: PCI: Interrupt link LNKA configured for IRQ 10
[    1.223191] ACPI: PCI: Interrupt link LNKB configured for IRQ 10
[    1.223868] ACPI: PCI: Interrupt link LNKC configured for IRQ 11
[    1.224553] ACPI: PCI: Interrupt link LNKD configured for IRQ 11
[    1.224999] ACPI: PCI: Interrupt link LNKS configured for IRQ 9
[    1.233249] iommu: Default domain type: Translated
[    1.233495] iommu: DMA domain TLB invalidation policy: lazy mode
[    1.240189] SCSI subsystem initialized
[    1.242011] ACPI: bus type USB registered
[    1.242569] usbcore: registered new interface driver usbfs
[    1.244472] usbcore: registered new interface driver hub
[    1.244929] usbcore: registered new device driver usb
[    1.245551] pps_core: LinuxPPS API ver. 1 registered
[    1.245776] pps_core: Software ver. 5.3.6 - Copyright 2005-2007 Rodolfo Giometti <giometti@linux.it>
[    1.248956] PTP clock support registered
[    1.268592] PCI: Using ACPI for IRQ routing
[    1.271583] hpet0: at MMIO 0xfed00000, IRQs 2, 8, 0
[    1.271886] hpet0: 3 comparators, 64-bit 100.000000 MHz counter
[    1.278144] clocksource: Switched to clocksource tsc-early
[    1.278501] pnp: PnP ACPI init
[    1.278501] pnp: PnP ACPI: found 6 devices
[    1.290564] clocksource: acpi_pm: mask: 0xffffff max_cycles: 0xffffff, max_idle_ns: 2085701024 ns
[    1.291522] NET: Registered PF_INET protocol family
[    1.292665] IP idents hash table entries: 2048 (order: 2, 16384 bytes, linear)
[    1.297882] tcp_listen_portaddr_hash hash table entries: 256 (order: 0, 4096 bytes, linear)
[    1.301608] Table-perturb hash table entries: 65536 (order: 6, 262144 bytes, linear)
[    1.301987] TCP established hash table entries: 1024 (order: 1, 8192 bytes, linear)
[    1.302472] TCP bind hash table entries: 1024 (order: 3, 32768 bytes, linear)
[    1.312168] TCP: Hash tables configured (established 1024 bind 1024)
[    1.314262] MPTCP token hash table entries: 256 (order: 1, 6144 bytes, linear)
[    1.314837] UDP hash table entries: 256 (order: 1, 8192 bytes, linear)
[    1.315310] UDP-Lite hash table entries: 256 (order: 1, 8192 bytes, linear)
[    1.324348] NET: Registered PF_UNIX/PF_LOCAL protocol family
[    1.325585] pci_bus 0000:00: resource 4 [io  0x0000-0x0cf7 window]
[    1.325854] pci_bus 0000:00: resource 5 [io  0x0d00-0xffff window]
[    1.326099] pci_bus 0000:00: resource 6 [mem 0x000a0000-0x000bffff window]
[    1.334194] pci_bus 0000:00: resource 7 [mem 0x08000000-0xfebfffff window]
[    1.334631] pci_bus 0000:00: resource 8 [mem 0x100000000-0x17fffffff window]
[    1.335369] pci 0000:00:01.0: PIIX3: Enabling Passive Release
[    1.345190] pci 0000:00:00.0: Limiting direct PCI/PCI transfers
[    1.345676] PCI: CLS 0 bytes, default 64
[    1.377540] workingset: timestamp_bits=46 max_order=15 bucket_order=0
[    1.379644] squashfs: version 4.0 (2009/01/31) Phillip Lougher
[    1.382531] Block layer SCSI generic (bsg) driver version 0.4 loaded (major 247)
[    1.386435] hv_vmbus: registering driver hyperv_fb
[    1.391786] input: Power Button as /devices/LNXSYSTM:00/LNXPWRBN:00/input/input0
[    1.405337] ACPI: button: Power Button [PWRF]
[    1.598134] ACPI: \_SB_.LNKC: Enabled at IRQ 11
[    1.782050] ACPI: \_SB_.LNKD: Enabled at IRQ 10
[    1.971593] ACPI: \_SB_.LNKA: Enabled at IRQ 10
[    2.154927] ACPI: \_SB_.LNKB: Enabled at IRQ 11
[    2.156939] Serial: 8250/16550 driver, 16 ports, IRQ sharing enabled
[    2.182150] 00:04: ttyS0 at I/O 0x3f8 (irq = 4, base_baud = 115200) is a 16550A
[    2.226843] Non-volatile memory driver v1.3
[    2.239486] Linux agpgart interface v0.103
[    2.240340] AMD-Vi: AMD IOMMUv2 functionality not available on this system - This is not a bug.
[    2.240979] ACPI: bus type drm_connector registered
[    2.243282] [drm] Found bochs VGA, ID 0xb0c5.
[    2.243523] [drm] Framebuffer size 16384 kB @ 0xfd000000, mmio @ 0xfeb90000.
[    2.257262] [drm] Found EDID data blob.
[    2.262899] [drm] Initialized bochs-drm 1.0.0 20130925 for 0000:00:02.0 on minor 0
[    2.331716] Console: switching to colour frame buffer device 160x50
[    2.341013] bochs-drm 0000:00:02.0: [drm] fb0: bochs-drmdrmfb frame buffer device
[    2.381832] loop: module loaded
[    2.382671] virtio_blk virtio3: 1/0/0 default/read/poll queues
[    2.387907] virtio_blk virtio3: [vda] 246784 512-byte logical blocks (126 MB/121 MiB)
[    2.397081]  vda: vda1 vda2
[    2.400645] Guest personality initialized and is inactive
[    2.401245] VMCI host device registered (name=vmci, major=10, minor=256)
[    2.401548] Initialized host personality
[    2.402528] VMware PVSCSI driver - version 1.0.7.0-k
[    2.402877] hv_vmbus: registering driver hv_storvsc
[    2.427532] tsc: Refined TSC clocksource calibration: 2445.406 MHz
[    2.428239] clocksource: tsc: mask: 0xffffffffffffffff max_cycles: 0x233fc4eb620, max_idle_ns: 440795316590 ns
[    2.428842] clocksource: Switched to clocksource tsc
[    2.433953] scsi host0: ata_piix
[    2.441589] scsi host1: ata_piix
[    2.442737] ata1: PATA max MWDMA2 cmd 0x1f0 ctl 0x3f6 bmdma 0xc0e0 irq 14
[    2.443062] ata2: PATA max MWDMA2 cmd 0x170 ctl 0x376 bmdma 0xc0e8 irq 15
[    2.453448] VMware vmxnet3 virtual NIC driver - version 1.7.0.0-k-NAPI
[    2.454098] hv_vmbus: registering driver hv_netvsc
[    2.454513] Fusion MPT base driver 3.04.20
[    2.454693] Copyright (c) 1999-2008 LSI Corporation
[    2.455090] Fusion MPT SPI Host driver 3.04.20
[    2.464419] Fusion MPT SAS Host driver 3.04.20
[    2.466602] usbcore: registered new interface driver usb-storage
[    2.467887] i8042: PNP: PS/2 Controller [PNP0303:KBD,PNP0f13:MOU] at 0x60,0x64 irq 1,12
[    2.474186] serio: i8042 KBD port at 0x60,0x64 irq 1
[    2.477050] serio: i8042 AUX port at 0x60,0x64 irq 12
[    2.479362] hv_vmbus: registering driver hyperv_keyboard
[    2.481884] rtc_cmos 00:05: RTC can wake from S4
[    2.487076] rtc_cmos 00:05: registered as rtc0
[    2.490129] rtc_cmos 00:05: setting system clock to 2026-03-13T02:50:24 UTC (1773370224)
[    2.492709] rtc_cmos 00:05: alarms up to one day, y3k, 242 bytes nvram, hpet irqs
[    2.495814] amd_pstate: the _CPC object is not present in SBIOS or ACPI disabled
[    2.498244] sdhci: Secure Digital Host Controller Interface driver
[    2.503297] sdhci: Copyright(c) Pierre Ossman
[    2.513630] input: AT Translated Set 2 keyboard as /devices/platform/i8042/serio0/input/input1
[    2.545754] hid: raw HID events driver (C) Jiri Kosina
[    2.548525] hv_vmbus: registering driver hid_hyperv
[    2.551523] usbcore: registered new interface driver usbhid
[    2.553714] usbhid: USB HID core driver
[    2.556116] hv_utils: Registering HyperV Utility Driver
[    2.558582] hv_vmbus: registering driver hv_utils
[    2.560751] hv_vmbus: registering driver hv_balloon
[    2.564200] NET: Registered PF_INET6 protocol family
[    2.581311] Segment Routing with IPv6
[    2.583641] In-situ OAM (IOAM) with IPv6
[    2.586167] NET: Registered PF_PACKET protocol family
[    2.588735] bridge: filtering via arp/ip/ip6tables is no longer available by default. Update your scripts to load br_netfilter if you need this.
[    2.597968] 8021q: 802.1Q VLAN Support v1.8
[    2.600823] NET: Registered PF_VSOCK protocol family
[    2.610681] IPI shorthand broadcast: enabled
[    2.612946] AVX2 version of gcm_enc/dec engaged.
[    2.619407] AES CTR mode by8 optimization enabled
[    2.640230] sched_clock: Marking stable (2390051084, 249113836)->(2693063129, -53898209)
[    2.689833] ata2: found unknown device (class 0)
[    2.787615] ata2.00: ATAPI: QEMU DVD-ROM, 2.5+, max UDMA/100
[    2.796179] clk: Disabling unused clocks
[    2.814075] scsi 1:0:0:0: CD-ROM            QEMU     QEMU DVD-ROM     2.5+ PQ: 0 ANSI: 5
[    2.881092] sr 1:0:0:0: [sr0] scsi3-mmc drive: 4x/4x cd/rw xa/form2 tray
[    2.883827] cdrom: Uniform CD-ROM driver Revision: 3.20
[    2.939338] VFS: Mounted root (squashfs filesystem) readonly on device 254:2.
[    3.009808] Freeing unused kernel image (initmem) memory: 2452K
[    3.012760] Write protecting the kernel read-only data: 18432k
[    3.017292] Freeing unused kernel image (rodata/data gap) memory: 1800K
[    3.019952] Run /sbin/init as init process
[    3.287572] init: Console is alive
[    4.017720] kmodloader: loading kernel modules from /etc/modules-boot.d/*
[    4.083850] button_hotplug: loading out-of-tree module taints kernel.
[    4.091131] Button Hotplug driver version 0.4.1
[    4.114420] Intel(R) 2.5G Ethernet Linux Driver
[    4.116833] Copyright(c) 2018 Intel Corporation.
[    4.135734] igb: Intel(R) Gigabit Ethernet Network Driver
[    4.138199] igb: Copyright (c) 2007-2014 Intel Corporation.
[    4.154589] kmodloader: done loading kernel modules from /etc/modules-boot.d/*
[    4.170909] init: - preinit -
[    5.176802] 8021q: adding VLAN 0 to HW filter on device eth0
Press the [f] key and hit [enter] to enter failsafe mode
Press the [1], [2], [3] or [4] key and hit [enter] to select the debug level
[    9.912235] loop0: detected capacity change from 0 to 212992
[    9.959651] loop0: detected capacity change from 212992 to 196608
[    9.973078] mount_root: overlay filesystem in /dev/loop0 has not been formatted yet
[   10.310284] EXT4-fs (loop0): mounted filesystem e4f05fda-288a-4b37-a091-ec3a6bdebcc2 r/w with ordered data mode. Quota mode: disabled.
[   10.324073] mount_root: overlay filesystem has not been fully initialized yet
[   10.342312] mount_root: switching to ext4 overlay
[   10.365084] overlayfs: null uuid detected in lower fs '/', falling back to xino=off,index=off,nfs_export=off.
[   11.112966] EXT4-fs (vda1): mounted filesystem 84173db5-fa99-e35a-95c6-28613cc79ea9 r/w without journal. Quota mode: disabled.
[   11.137762] urandom-seed: Seed file not found (/etc/urandom.seed)
[   11.290822] procd: - early -
[   12.091478] procd: - ubus -
[   12.282952] procd: - init -
Please press Enter to activate this console.
root
login[1000]: root login on 'ttyS0'


BusyBox v1.36.1 (2026-03-10 15:06:26 UTC) built-in shell (ash)

  _______                     ________        __
 |       |.-----.-----.-----.|  |  |  |.----.|  |_
 |   -   ||  _  |  -__|     ||  |  |  ||   _||   _|
 |_______||   __|_____|__|__||________||__|  |____|
          |__| W I R E L E S S   F R E E D O M
 -----------------------------------------------------
 OpenWrt 24.10-SNAPSHOT, r29136-fb624926e3
 -----------------------------------------------------
  ___   __ __                _______             __
 |   |_|__|  |--.----.-----.|   |   |-----.-----|  |--.
 |     |  |  _  |   _|  -__||       |  -__|__ --|     |
 |_____|__|_____|__| |_____||__|_|__|_____|_____|__|__|

 ------------------------------------------------------
 LiMe master development (master rev. 7929208 20260304_1752)
 ------------------------------------------------------
 https://libremesh.org
 ------------------------------------------------------

 === System Notes =================================================

 = edit via http://thisnode.info/app/#/notes or /etc/banner.notes =

=== WARNING! =====================================
There is no root password defined on this device!
Use the "passwd" command to set up a new password
in order to prevent unauthorized SSH logins.
--------------------------------------------------
root@(none):~# dmesg -n 1
root@(none):~# echo 'NMQK''JJSOFS'
NMQKJJSOFS
root@(none):~# run() { echo -n "$MARKER"; sh -c "$@"; echo "$MARKER $?"; }
root@(none):~# echo 'KBQK''BCEQKV'
KBQKBCEQKV
root@(none):~# MARKER='CWON''HXBBBK' run 'ubus wait_for network.interface.lan'
CWONHXBBBK