Labgrid Console Logfile for main
Logfile started at 2026-04-13 02:01:15.322733
=== Log starts here ===
c[?7l[2J[0mSeaBIOS (version 1.16.3-debian-1.16.3-2)


iPXE (https://ipxe.org) 00:03.0 CA00 PCI2.10 PnP PMM+06FCAE70+06F0AE70 CA00
Press Ctrl-B to configure iPXE (PCI 00:03.0)...                                                                               




iPXE (https://ipxe.org) 00:05.0 CB00 PCI2.10 PnP PMM 06FCAE70 06F0AE70 CB00
Press Ctrl-B to configure iPXE (PCI 00:05.0)...                                                                               


Booting from Hard Disk...
GRUB loading.....
[0;30;47mWelcome to GRUB![01;01H[0m[2J[H[J[1;1H[?25l[m[H[J[1;1H[2;30HGNU GRUB  version 2.12

[m[4;2H+----------------------------------------------------------------------------+[5;2H|[5;79H|[6;2H|[6;79H|[7;2H|[7;79H|[8;2H|[8;79H|[9;2H|[9;79H|[10;2H|[10;79H|[11;2H|[11;79H|[12;2H|[12;79H|[13;2H|[13;79H|[14;2H|[14;79H|[15;2H|[15;79H|[16;2H+----------------------------------------------------------------------------+[m[17;2H[18;2H[m     Use the ^ and v keys to select which entry is highlighted.          
      Press enter to boot the selected OS, `e' to edit the commands       
      before booting or `c' for a command-line. ESC to return             
      previous menu.                                                      [5;80H [7m[5;3H*OpenWrt                                                                    [m[5;78H[m[m[6;3H OpenWrt (failsafe)                                                         [m[6;78H[m[m[7;3H                                                                            [m[7;78H[m[m[8;3H                                                                            [m[8;78H[m[m[9;3H                                                                            [m[9;78H[m[m[10;3H                                                                            [m[10;78H[m[m[11;3H                                                                            [m[11;78H[m[m[12;3H                                                                            [m[12;78H[m[m[13;3H                                                                            [m[13;78H[m[m[14;3H                                                                            [m[14;78H[m[m[15;3H                                                                            [m[15;78H[m[15;80H [5;78H[2J[02;30HGNU GRUB  version 2.12[04;02H┌────────────────────────────────────────────────────────────────────────────┐[05;02H│[05;79H│[06;02H│[06;79H│[07;02H│[07;79H│[08;02H│[08;79H│[09;02H│[09;79H│[10;02H│[10;79H│[11;02H│[11;79H│[12;02H│[12;79H│[13;02H│[13;79H│[14;02H│[14;79H│[15;02H│[15;79H│[16;02H│[16;79H│[17;02H└────────────────────────────────────────────────────────────────────────────┘[19;02H     Use the ↑ and ↓ keys to select which entry is [19;52H[19;53Hhighlighted.          
      Press enter to boot the selected OS, `e' to edit the commands       
      before booting or `c' for a command-line. ESC to return             
      previous menu.                                                      [05;80H [05;03H[0;30;47m*OpenWrt                                                                    [06;03H[0m OpenWrt (failsafe)                                                         [07;03H                                                                            [08;03H            [08;14H[08;15H                                                                [09;03H                                                                            [10;03H                                                                            [11;03H                                                                            [12;03H                                                                            [13;03H                                                                            [14;03H                                             [14;47H[14;48H                               [15;03H                                                                            [16;03H                                                        [16;58H[16;59H                    [16;80H 






   The highlighted entry will be executed automatically in 5s.                [22;1H   The highlighted entry will be executed automatically in 5s.                 [5;78H [05;78H

















   The highlighted entry will be executed automatically in 4s.                [22;1H   The highlighted entry will be executed automatically in 4s.                 [5;78H [05;78H

















   The highlighted entry will be executed automatically in 3s.                [22;1H   The highlighted entry will be executed automatically in 3s.                 [5;78H [05;78H

















   The highlighted entry will be exec[23;37H[23;38Huted automatically in 2s.                [22;1H   The highlighted entry will be executed automatically in 2s.                 [5;78H [05;78H

















   The highlighted entry will be executed automatically in 1s.                [22;1H   The highlighted entry will be executed automatically in 1s.                 [5;78H [05;78H

















   The highlighted entry will be executed automatically in 0s.                [22;1H   The highlighted entry will be executed automatically in 0s.                 [5;78H [01;01H[2J[?25h[H[J[1;1H[H[J[1;1H[2J   Booting `OpenWrt' Booting `OpenWrt

'

[    0.000000] Linux version 6.6.133 (builder@buildhost) (x86_64-openwrt-linux-musl-gcc (OpenWrt GCC 13.3.0 r29157-44df9972d5) 13.3.0, GNU ld (GNU Binutils) 2.42) #0 SMP Sun Apr 12 18:14:18 2026
[    0.000000] Command line: BOOT_IMAGE=/boot/vmlinuz root=PARTUUID=9c236c87-02 rootwait console=tty1 console=ttyS0,115200n8 noinitrd
[    0.000000] BIOS-provided physical RAM map:
[    0.000000] BIOS-e820: [mem 0x0000000000000000-0x000000000009fbff] usable
[    0.000000] BIOS-e820: [mem 0x000000000009fc00-0x000000000009ffff] reserved
[    0.000000] BIOS-e820: [mem 0x00000000000f0000-0x00000000000fffff] reserved
[    0.000000] BIOS-e820: [mem 0x0000000000100000-0x0000000007fdcfff] usable
[    0.000000] BIOS-e820: [mem 0x0000000007fdd000-0x0000000007ffffff] reserved
[    0.000000] BIOS-e820: [mem 0x00000000fffc0000-0x00000000ffffffff] reserved
[    0.000000] BIOS-e820: [mem 0x000000fd00000000-0x000000ffffffffff] reserved
[    0.000000] NX (Execute Disable) protection: active
[    0.000000] APIC: Static calls initialized
[    0.000000] SMBIOS 3.0.0 present.
[    0.000000] DMI: QEMU Standard PC (i440FX + PIIX, 1996), BIOS 1.16.3-debian-1.16.3-2 04/01/2014
[    0.000000] tsc: Fast TSC calibration using PIT
[    0.000000] tsc: Detected 2596.186 MHz processor
[    0.011764] last_pfn = 0x7fdd max_arch_pfn = 0x400000000
[    0.012407] MTRR map: 4 entries (3 fixed + 1 variable; max 19), built from 8 variable MTRRs
[    0.012586] x86/PAT: Configuration [0-7]: WB  WC  UC- UC  WB  WP  UC- WT  
[    0.031313] found SMP MP-table at [mem 0x000f5460-0x000f546f]
[    0.032678] Using GB pages for direct mapping
[    0.036482] ACPI: Early table checksum verification disabled
[    0.036816] ACPI: RSDP 0x00000000000F5290 000014 (v00 BOCHS )
[    0.037118] ACPI: RSDT 0x0000000007FE1C64 000034 (v01 BOCHS  BXPC     00000001 BXPC 00000001)
[    0.037613] ACPI: FACP 0x0000000007FE1B18 000074 (v01 BOCHS  BXPC     00000001 BXPC 00000001)
[    0.038226] ACPI: DSDT 0x0000000007FE0040 001AD8 (v01 BOCHS  BXPC     00000001 BXPC 00000001)
[    0.038312] ACPI: FACS 0x0000000007FE0000 000040
[    0.038361] ACPI: APIC 0x0000000007FE1B8C 000078 (v03 BOCHS  BXPC     00000001 BXPC 00000001)
[    0.038386] ACPI: HPET 0x0000000007FE1C04 000038 (v01 BOCHS  BXPC     00000001 BXPC 00000001)
[    0.038409] ACPI: WAET 0x0000000007FE1C3C 000028 (v01 BOCHS  BXPC     00000001 BXPC 00000001)
[    0.038497] ACPI: Reserving FACP table memory at [mem 0x7fe1b18-0x7fe1b8b]
[    0.038542] ACPI: Reserving DSDT table memory at [mem 0x7fe0040-0x7fe1b17]
[    0.038550] ACPI: Reserving FACS table memory at [mem 0x7fe0000-0x7fe003f]
[    0.038556] ACPI: Reserving APIC table memory at [mem 0x7fe1b8c-0x7fe1c03]
[    0.038562] ACPI: Reserving HPET table memory at [mem 0x7fe1c04-0x7fe1c3b]
[    0.038568] ACPI: Reserving WAET table memory at [mem 0x7fe1c3c-0x7fe1c63]
[    0.041660] Zone ranges:
[    0.041692]   DMA      [mem 0x0000000000001000-0x0000000000ffffff]
[    0.041766]   DMA32    [mem 0x0000000001000000-0x0000000007fdcfff]
[    0.041778]   Normal   empty
[    0.041812] Movable zone start for each node
[    0.041838] Early memory node ranges
[    0.041867]   node   0: [mem 0x0000000000001000-0x000000000009efff]
[    0.041909]   node   0: [mem 0x0000000000100000-0x0000000007fdcfff]
[    0.042016] Initmem setup node 0 [mem 0x0000000000001000-0x0000000007fdcfff]
[    0.042888] On node 0, zone DMA: 1 pages in unavailable ranges
[    0.043247] On node 0, zone DMA: 97 pages in unavailable ranges
[    0.044312] On node 0, zone DMA32: 35 pages in unavailable ranges
[    0.044627] ACPI: PM-Timer IO Port: 0x608
[    0.045002] ACPI: LAPIC_NMI (acpi_id[0xff] dfl dfl lint[0x1])
[    0.045399] IOAPIC[0]: apic_id 0, version 32, address 0xfec00000, GSI 0-23
[    0.045505] ACPI: INT_SRC_OVR (bus 0 bus_irq 0 global_irq 2 dfl dfl)
[    0.045759] ACPI: INT_SRC_OVR (bus 0 bus_irq 5 global_irq 5 high level)
[    0.045827] ACPI: INT_SRC_OVR (bus 0 bus_irq 9 global_irq 9 high level)
[    0.045913] ACPI: INT_SRC_OVR (bus 0 bus_irq 10 global_irq 10 high level)
[    0.045922] ACPI: INT_SRC_OVR (bus 0 bus_irq 11 global_irq 11 high level)
[    0.046106] ACPI: Using ACPI (MADT) for SMP configuration information
[    0.046147] ACPI: HPET id: 0x8086a201 base: 0xfed00000
[    0.046441] smpboot: Allowing 1 CPUs, 0 hotplug CPUs
[    0.047522] [mem 0x08000000-0xfffbffff] available for PCI devices
[    0.047570] Booting paravirtualized kernel on bare hardware
[    0.047874] clocksource: refined-jiffies: mask: 0xffffffff max_cycles: 0xffffffff, max_idle_ns: 19112604462750000 ns
[    0.048492] setup_percpu: NR_CPUS:512 nr_cpumask_bits:1 nr_cpu_ids:1 nr_node_ids:1
[    0.049985] percpu: Embedded 48 pages/cpu s158248 r8192 d30168 u2097152
[    0.052209] Kernel command line: BOOT_IMAGE=/boot/vmlinuz root=PARTUUID=9c236c87-02 rootwait console=tty1 console=ttyS0,115200n8 noinitrd
[    0.053915] random: crng init done
[    0.059126] Dentry cache hash table entries: 16384 (order: 5, 131072 bytes, linear)
[    0.060182] Inode-cache hash table entries: 8192 (order: 4, 65536 bytes, linear)
[    0.063190] Built 1 zonelists, mobility grouping on.  Total pages: 31965
[    0.063416] mem auto-init: stack:off, heap alloc:off, heap free:off
[    0.066842] Memory: 102576K/130540K available (14336K kernel code, 1170K rwdata, 2300K rodata, 2456K init, 2404K bss, 27708K reserved, 0K cma-reserved)
[    0.073276] SLUB: HWalign=64, Order=0-3, MinObjects=0, CPUs=1, Nodes=1
[    0.080457] rcu: Hierarchical RCU implementation.
[    0.080489] rcu: 	RCU restricting CPUs from NR_CPUS=512 to nr_cpu_ids=1.
[    0.080601] 	Tracing variant of Tasks RCU enabled.
[    0.080689] rcu: RCU calculated value of scheduler-enlistment delay is 10 jiffies.
[    0.080716] rcu: Adjusting geometry for rcu_fanout_leaf=16, nr_cpu_ids=1
[    0.081840] NR_IRQS: 33024, nr_irqs: 256, preallocated irqs: 16
[    0.090422] rcu: srcu_init: Setting srcu_struct sizes based on contention.
[    0.097213] Console: colour VGA+ 80x25
[    0.097518] printk: console [tty1] enabled
[    0.104939] printk: console [ttyS0] enabled
[    0.335173] ACPI: Core revision 20230628
[    0.350019] clocksource: hpet: mask: 0xffffffff max_cycles: 0xffffffff, max_idle_ns: 19112604467 ns
[    0.354904] APIC: Switch to symmetric I/O mode setup
[    0.359325] ..TIMER: vector=0x30 apic1=0 pin1=2 apic2=-1 pin2=-1
[    0.401924] clocksource: tsc-early: mask: 0xffffffffffffffff max_cycles: 0x256c290ac4e, max_idle_ns: 440795209030 ns
[    0.402604] Calibrating delay loop (skipped), value calculated using timer frequency.. 5192.37 BogoMIPS (lpj=25961860)
[    0.404308] x86/cpu: User Mode Instruction Prevention (UMIP) activated
[    0.419156] Last level iTLB entries: 4KB 0, 2MB 0, 4MB 0
[    0.419607] Last level dTLB entries: 4KB 0, 2MB 0, 4MB 0, 1GB 0
[    0.422784] Spectre V1 : Mitigation: usercopy/swapgs barriers and __user pointer sanitization
[    0.423553] Spectre V2 : Mitigation: Retpolines
[    0.424312] Spectre V2 : Spectre v2 / SpectreRSB: Filling RSB on context switch and VMEXIT
[    0.424830] Speculative Store Bypass: Vulnerable
[    0.426495] x86/fpu: Supporting XSAVE feature 0x001: 'x87 floating point registers'
[    0.431906] x86/fpu: Supporting XSAVE feature 0x002: 'SSE registers'
[    0.433668] x86/fpu: Supporting XSAVE feature 0x004: 'AVX registers'
[    0.433908] x86/fpu: Supporting XSAVE feature 0x008: 'MPX bounds registers'
[    0.434159] x86/fpu: Supporting XSAVE feature 0x010: 'MPX CSR'
[    0.434564] x86/fpu: xstate_offset[2]:  576, xstate_sizes[2]:  256
[    0.442697] x86/fpu: xstate_offset[3]:  960, xstate_sizes[3]:   64
[    0.443032] x86/fpu: xstate_offset[4]: 1024, xstate_sizes[4]:   64
[    0.443314] x86/fpu: Enabled xstate features 0x1f, context size is 1088 bytes, using 'standard' format.
[    0.691878] Freeing SMP alternatives memory: 40K
[    0.693060] pid_max: default: 32768 minimum: 301
[    0.702110] Mount-cache hash table entries: 512 (order: 0, 4096 bytes, linear)
[    0.702706] Mountpoint-cache hash table entries: 512 (order: 0, 4096 bytes, linear)
[    0.851086] smpboot: CPU0: AMD QEMU TCG CPU version 2.5+ (family: 0x6, model: 0x6, stepping: 0x3)
[    0.852504] RCU Tasks Trace: Setting shift to 0 and lim to 1 rcu_task_cb_adjust=1 rcu_task_cpu_ids=1.
[    0.852600] Performance Events: PMU not available due to virtualization, using software events only.
[    0.854516] signal: max sigframe size: 1616
[    0.856111] rcu: Hierarchical SRCU implementation.
[    0.856349] rcu: 	Max phase no-delay instances is 1000.
[    0.859221] smp: Bringing up secondary CPUs ...
[    0.861243] smp: Brought up 1 node, 1 CPU
[    0.863964] smpboot: Max logical packages: 1
[    0.864272] smpboot: Total of 1 processors activated (5192.37 BogoMIPS)
[    0.881273] clocksource: jiffies: mask: 0xffffffff max_cycles: 0xffffffff, max_idle_ns: 19112604462750000 ns
[    0.882109] futex hash table entries: 256 (order: 2, 16384 bytes, linear)
[    0.883235] pinctrl core: initialized pinctrl subsystem
[    0.899807] NET: Registered PF_NETLINK/PF_ROUTE protocol family
[    0.906051] thermal_sys: Registered thermal governor 'step_wise'
[    0.906087] thermal_sys: Registered thermal governor 'user_space'
[    0.906954] cpuidle: using governor ladder
[    0.907482] cpuidle: using governor menu
[    0.911732] acpiphp: ACPI Hot Plug PCI Controller Driver version: 0.5
[    0.915037] PCI: Using configuration type 1 for base access
[    0.923804] cryptd: max_cpu_qlen set to 1000
[    0.928405] ACPI: Added _OSI(Module Device)
[    0.928621] ACPI: Added _OSI(Processor Device)
[    0.928792] ACPI: Added _OSI(Processor Aggregator Device)
[    0.942889] ACPI: 1 ACPI AML tables successfully acquired and loaded
[    0.956961] ACPI: _OSC evaluation for CPUs failed, trying _PDC
[    0.958972] ACPI: Interpreter enabled
[    0.959699] ACPI: PM: (supports S0 S5)
[    0.959903] ACPI: Using IOAPIC for interrupt routing
[    0.960474] PCI: Using host bridge windows from ACPI; if necessary, use "pci=nocrs" and report a bug
[    0.962769] PCI: Using E820 reservations for host bridge windows
[    0.964491] ACPI: Enabled 2 GPEs in block 00 to 0F
[    0.997886] ACPI: PCI Root Bridge [PCI0] (domain 0000 [bus 00-ff])
[    0.998903] acpi PNP0A03:00: _OSC: OS supports [ASPM ClockPM Segments MSI HPX-Type3]
[    0.999370] acpi PNP0A03:00: _OSC: not requesting OS control; OS requires [ExtendedConfig ASPM ClockPM MSI]
[    1.000224] acpi PNP0A03:00: fail to add MMCONFIG information, can't access extended configuration space under this bridge
[    1.013890] acpiphp: Slot [3] registered
[    1.014298] acpiphp: Slot [4] registered
[    1.014567] acpiphp: Slot [5] registered
[    1.014799] acpiphp: Slot [6] registered
[    1.019935] acpiphp: Slot [7] registered
[    1.020368] acpiphp: Slot [8] registered
[    1.020767] acpiphp: Slot [9] registered
[    1.021141] acpiphp: Slot [10] registered
[    1.021580] acpiphp: Slot [11] registered
[    1.022009] acpiphp: Slot [12] registered
[    1.024049] acpiphp: Slot [13] registered
[    1.024296] acpiphp: Slot [14] registered
[    1.032609] acpiphp: Slot [15] registered
[    1.032838] acpiphp: Slot [16] registered
[    1.033059] acpiphp: Slot [17] registered
[    1.033284] acpiphp: Slot [18] registered
[    1.041630] acpiphp: Slot [19] registered
[    1.041994] acpiphp: Slot [20] registered
[    1.042229] acpiphp: Slot [21] registered
[    1.042595] acpiphp: Slot [22] registered
[    1.042830] acpiphp: Slot [23] registered
[    1.043062] acpiphp: Slot [24] registered
[    1.043289] acpiphp: Slot [25] registered
[    1.052765] acpiphp: Slot [26] registered
[    1.053122] acpiphp: Slot [27] registered
[    1.053421] acpiphp: Slot [28] registered
[    1.053663] acpiphp: Slot [29] registered
[    1.053892] acpiphp: Slot [30] registered
[    1.054121] acpiphp: Slot [31] registered
[    1.062995] PCI host bridge to bus 0000:00
[    1.063441] pci_bus 0000:00: root bus resource [io  0x0000-0x0cf7 window]
[    1.063935] pci_bus 0000:00: root bus resource [io  0x0d00-0xffff window]
[    1.064182] pci_bus 0000:00: root bus resource [mem 0x000a0000-0x000bffff window]
[    1.072680] pci_bus 0000:00: root bus resource [mem 0x08000000-0xfebfffff window]
[    1.073099] pci_bus 0000:00: root bus resource [mem 0x100000000-0x17fffffff window]
[    1.073607] pci_bus 0000:00: root bus resource [bus 00-ff]
[    1.075094] pci 0000:00:00.0: [8086:1237] type 00 class 0x060000
[    1.086447] pci 0000:00:01.0: [8086:7000] type 00 class 0x060100
[    1.087217] pci 0000:00:01.1: [8086:7010] type 00 class 0x010180
[    1.092707] pci 0000:00:01.1: BAR 4 [io  0xc0e0-0xc0ef]
[    1.094109] pci 0000:00:01.1: BAR 0 [io  0x01f0-0x01f7]: legacy IDE quirk
[    1.095888] pci 0000:00:01.1: BAR 1 [io  0x03f6]: legacy IDE quirk
[    1.096270] pci 0000:00:01.1: BAR 2 [io  0x0170-0x0177]: legacy IDE quirk
[    1.096566] pci 0000:00:01.1: BAR 3 [io  0x0376]: legacy IDE quirk
[    1.097527] pci 0000:00:01.3: [8086:7113] type 00 class 0x068000
[    1.103162] pci 0000:00:01.3: quirk: [io  0x0600-0x063f] claimed by PIIX4 ACPI
[    1.103464] pci 0000:00:01.3: quirk: [io  0x0700-0x070f] claimed by PIIX4 SMB
[    1.104294] pci 0000:00:02.0: [1234:1111] type 00 class 0x030000
[    1.113371] pci 0000:00:02.0: BAR 0 [mem 0xfd000000-0xfdffffff pref]
[    1.115070] pci 0000:00:02.0: BAR 2 [mem 0xfeb90000-0xfeb90fff]
[    1.123561] pci 0000:00:02.0: ROM [mem 0xfeb80000-0xfeb8ffff pref]
[    1.124077] pci 0000:00:02.0: Video device with shadowed ROM at [mem 0x000c0000-0x000dffff]
[    1.130136] pci 0000:00:03.0: [1af4:1000] type 00 class 0x020000
[    1.131481] pci 0000:00:03.0: BAR 0 [io  0xc080-0xc09f]
[    1.133846] pci 0000:00:03.0: BAR 4 [mem 0xfe000000-0xfe003fff 64bit pref]
[    1.134954] pci 0000:00:03.0: ROM [mem 0xfea80000-0xfeafffff pref]
[    1.145013] pci 0000:00:04.0: [1af4:1005] type 00 class 0x00ff00
[    1.146816] pci 0000:00:04.0: BAR 0 [io  0xc0a0-0xc0bf]
[    1.147621] pci 0000:00:04.0: BAR 1 [mem 0xfeb91000-0xfeb91fff]
[    1.150509] pci 0000:00:04.0: BAR 4 [mem 0xfe004000-0xfe007fff 64bit pref]
[    1.155772] pci 0000:00:05.0: [1af4:1000] type 00 class 0x020000
[    1.157798] pci 0000:00:05.0: BAR 0 [io  0xc0c0-0xc0df]
[    1.158887] pci 0000:00:05.0: BAR 1 [mem 0xfeb92000-0xfeb92fff]
[    1.160850] pci 0000:00:05.0: BAR 4 [mem 0xfe008000-0xfe00bfff 64bit pref]
[    1.162535] pci 0000:00:05.0: ROM [mem 0xfeb00000-0xfeb7ffff pref]
[    1.166047] pci 0000:00:06.0: [1af4:1001] type 00 class 0x010000
[    1.167078] pci 0000:00:06.0: BAR 0 [io  0xc000-0xc07f]
[    1.168032] pci 0000:00:06.0: BAR 1 [mem 0xfeb93000-0xfeb93fff]
[    1.170761] pci 0000:00:06.0: BAR 4 [mem 0xfe00c000-0xfe00ffff 64bit pref]
[    1.180334] ACPI: PCI: Interrupt link LNKA configured for IRQ 10
[    1.181138] ACPI: PCI: Interrupt link LNKB configured for IRQ 10
[    1.181714] ACPI: PCI: Interrupt link LNKC configured for IRQ 11
[    1.182802] ACPI: PCI: Interrupt link LNKD configured for IRQ 11
[    1.184060] ACPI: PCI: Interrupt link LNKS configured for IRQ 9
[    1.187407] iommu: Default domain type: Translated
[    1.187625] iommu: DMA domain TLB invalidation policy: lazy mode
[    1.189657] SCSI subsystem initialized
[    1.194503] ACPI: bus type USB registered
[    1.195036] usbcore: registered new interface driver usbfs
[    1.195489] usbcore: registered new interface driver hub
[    1.195813] usbcore: registered new device driver usb
[    1.196324] pps_core: LinuxPPS API ver. 1 registered
[    1.202780] pps_core: Software ver. 5.3.6 - Copyright 2005-2007 Rodolfo Giometti <giometti@linux.it>
[    1.203345] PTP clock support registered
[    1.220756] PCI: Using ACPI for IRQ routing
[    1.223228] hpet0: at MMIO 0xfed00000, IRQs 2, 8, 0
[    1.223515] hpet0: 3 comparators, 64-bit 100.000000 MHz counter
[    1.230948] clocksource: Switched to clocksource tsc-early
[    1.230948] pnp: PnP ACPI init
[    1.230948] pnp: PnP ACPI: found 6 devices
[    1.242617] clocksource: acpi_pm: mask: 0xffffff max_cycles: 0xffffff, max_idle_ns: 2085701024 ns
[    1.243577] NET: Registered PF_INET protocol family
[    1.245020] IP idents hash table entries: 2048 (order: 2, 16384 bytes, linear)
[    1.251549] tcp_listen_portaddr_hash hash table entries: 256 (order: 0, 4096 bytes, linear)
[    1.253684] Table-perturb hash table entries: 65536 (order: 6, 262144 bytes, linear)
[    1.254181] TCP established hash table entries: 1024 (order: 1, 8192 bytes, linear)
[    1.254830] TCP bind hash table entries: 1024 (order: 3, 32768 bytes, linear)
[    1.264201] TCP: Hash tables configured (established 1024 bind 1024)
[    1.266315] MPTCP token hash table entries: 256 (order: 1, 6144 bytes, linear)
[    1.266857] UDP hash table entries: 256 (order: 1, 8192 bytes, linear)
[    1.267301] UDP-Lite hash table entries: 256 (order: 1, 8192 bytes, linear)
[    1.276479] NET: Registered PF_UNIX/PF_LOCAL protocol family
[    1.277645] pci_bus 0000:00: resource 4 [io  0x0000-0x0cf7 window]
[    1.277888] pci_bus 0000:00: resource 5 [io  0x0d00-0xffff window]
[    1.278110] pci_bus 0000:00: resource 6 [mem 0x000a0000-0x000bffff window]
[    1.285900] pci_bus 0000:00: resource 7 [mem 0x08000000-0xfebfffff window]
[    1.286260] pci_bus 0000:00: resource 8 [mem 0x100000000-0x17fffffff window]
[    1.287063] pci 0000:00:01.0: PIIX3: Enabling Passive Release
[    1.296750] pci 0000:00:00.0: Limiting direct PCI/PCI transfers
[    1.297238] PCI: CLS 0 bytes, default 64
[    1.326928] workingset: timestamp_bits=46 max_order=15 bucket_order=0
[    1.329003] squashfs: version 4.0 (2009/01/31) Phillip Lougher
[    1.331525] Block layer SCSI generic (bsg) driver version 0.4 loaded (major 247)
[    1.335267] hv_vmbus: registering driver hyperv_fb
[    1.340823] input: Power Button as /devices/LNXSYSTM:00/LNXPWRBN:00/input/input0
[    1.352000] ACPI: button: Power Button [PWRF]
[    1.521194] ACPI: \_SB_.LNKC: Enabled at IRQ 11
[    1.682994] ACPI: \_SB_.LNKD: Enabled at IRQ 10
[    1.842392] ACPI: \_SB_.LNKA: Enabled at IRQ 10
[    2.002627] ACPI: \_SB_.LNKB: Enabled at IRQ 11
[    2.004646] Serial: 8250/16550 driver, 16 ports, IRQ sharing enabled
[    2.029629] 00:04: ttyS0 at I/O 0x3f8 (irq = 4, base_baud = 115200) is a 16550A
[    2.065395] Non-volatile memory driver v1.3
[    2.077126] Linux agpgart interface v0.103
[    2.077940] AMD-Vi: AMD IOMMUv2 functionality not available on this system - This is not a bug.
[    2.078521] ACPI: bus type drm_connector registered
[    2.080790] [drm] Found bochs VGA, ID 0xb0c5.
[    2.081008] [drm] Framebuffer size 16384 kB @ 0xfd000000, mmio @ 0xfeb90000.
[    2.095041] [drm] Found EDID data blob.
[    2.100360] [drm] Initialized bochs-drm 1.0.0 20130925 for 0000:00:02.0 on minor 0
[    2.161451] Console: switching to colour frame buffer device 160x50
[    2.171141] bochs-drm 0000:00:02.0: [drm] fb0: bochs-drmdrmfb frame buffer device
[    2.205857] loop: module loaded
[    2.206706] virtio_blk virtio3: 1/0/0 default/read/poll queues
[    2.211488] virtio_blk virtio3: [vda] 246784 512-byte logical blocks (126 MB/121 MiB)
[    2.220081]  vda: vda1 vda2
[    2.223516] Guest personality initialized and is inactive
[    2.224106] VMCI host device registered (name=vmci, major=10, minor=256)
[    2.224379] Initialized host personality
[    2.225228] VMware PVSCSI driver - version 1.0.7.0-k
[    2.225574] hv_vmbus: registering driver hv_storvsc
[    2.250229] scsi host0: ata_piix
[    2.253346] scsi host1: ata_piix
[    2.254361] ata1: PATA max MWDMA2 cmd 0x1f0 ctl 0x3f6 bmdma 0xc0e0 irq 14
[    2.254692] ata2: PATA max MWDMA2 cmd 0x170 ctl 0x376 bmdma 0xc0e8 irq 15
[    2.264740] VMware vmxnet3 virtual NIC driver - version 1.7.0.0-k-NAPI
[    2.265359] hv_vmbus: registering driver hv_netvsc
[    2.265775] Fusion MPT base driver 3.04.20
[    2.265942] Copyright (c) 1999-2008 LSI Corporation
[    2.266319] Fusion MPT SPI Host driver 3.04.20
[    2.275735] Fusion MPT SAS Host driver 3.04.20
[    2.277733] usbcore: registered new interface driver usb-storage
[    2.278936] i8042: PNP: PS/2 Controller [PNP0303:KBD,PNP0f13:MOU] at 0x60,0x64 irq 1,12
[    2.282274] serio: i8042 KBD port at 0x60,0x64 irq 1
[    2.282689] serio: i8042 AUX port at 0x60,0x64 irq 12
[    2.286459] hv_vmbus: registering driver hyperv_keyboard
[    2.290048] rtc_cmos 00:05: RTC can wake from S4
[    2.295349] rtc_cmos 00:05: registered as rtc0
[    2.298201] rtc_cmos 00:05: setting system clock to 2026-04-13T02:01:26 UTC (1776045686)
[    2.300796] rtc_cmos 00:05: alarms up to one day, y3k, 242 bytes nvram, hpet irqs
[    2.303839] amd_pstate: the _CPC object is not present in SBIOS or ACPI disabled
[    2.306206] sdhci: Secure Digital Host Controller Interface driver
[    2.311222] sdhci: Copyright(c) Pierre Ossman
[    2.320794] input: AT Translated Set 2 keyboard as /devices/platform/i8042/serio0/input/input1
[    2.348767] hid: raw HID events driver (C) Jiri Kosina
[    2.351497] hv_vmbus: registering driver hid_hyperv
[    2.354625] usbcore: registered new interface driver usbhid
[    2.356851] usbhid: USB HID core driver
[    2.359148] hv_utils: Registering HyperV Utility Driver
[    2.361712] hv_vmbus: registering driver hv_utils
[    2.363865] hv_vmbus: registering driver hv_balloon
[    2.367293] NET: Registered PF_INET6 protocol family
[    2.374781] tsc: Refined TSC clocksource calibration: 2596.187 MHz
[    2.377320] clocksource: tsc: mask: 0xffffffffffffffff max_cycles: 0x256c2a115a3, max_idle_ns: 440795316743 ns
[    2.379804] clocksource: Switched to clocksource tsc
[    2.394321] Segment Routing with IPv6
[    2.396760] In-situ OAM (IOAM) with IPv6
[    2.399312] NET: Registered PF_PACKET protocol family
[    2.402022] bridge: filtering via arp/ip/ip6tables is no longer available by default. Update your scripts to load br_netfilter if you need this.
[    2.410732] 8021q: 802.1Q VLAN Support v1.8
[    2.413695] NET: Registered PF_VSOCK protocol family
[    2.423466] IPI shorthand broadcast: enabled
[    2.425808] AVX2 version of gcm_enc/dec engaged.
[    2.432564] AES CTR mode by8 optimization enabled
[    2.450199] sched_clock: Marking stable (2190122871, 251551958)->(2537020238, -95345409)
[    2.501931] ata2: found unknown device (class 0)
[    2.563764] ata2.00: ATAPI: QEMU DVD-ROM, 2.5+, max UDMA/100
[    2.571549] clk: Disabling unused clocks
[    2.592679] scsi 1:0:0:0: CD-ROM            QEMU     QEMU DVD-ROM     2.5+ PQ: 0 ANSI: 5
[    2.653403] sr 1:0:0:0: [sr0] scsi3-mmc drive: 4x/4x cd/rw xa/form2 tray
[    2.656041] cdrom: Uniform CD-ROM driver Revision: 3.20
[    2.710865] VFS: Mounted root (squashfs filesystem) readonly on device 254:2.
[    2.785954] Freeing unused kernel image (initmem) memory: 2456K
[    2.788675] Write protecting the kernel read-only data: 18432k
[    2.793160] Freeing unused kernel image (rodata/data gap) memory: 1796K
[    2.795874] Run /sbin/init as init process
[    3.097631] init: Console is alive
[    3.719838] kmodloader: loading kernel modules from /etc/modules-boot.d/*
[    3.777145] button_hotplug: loading out-of-tree module taints kernel.
[    3.784506] Button Hotplug driver version 0.4.1
[    3.807228] Intel(R) 2.5G Ethernet Linux Driver
[    3.809728] Copyright(c) 2018 Intel Corporation.
[    3.828398] igb: Intel(R) Gigabit Ethernet Network Driver
[    3.830983] igb: Copyright (c) 2007-2014 Intel Corporation.
[    3.846298] kmodloader: done loading kernel modules from /etc/modules-boot.d/*
[    3.862932] init: - preinit -
[    4.786813] 8021q: adding VLAN 0 to HW filter on device eth0
Press the [f] key and hit [enter] to enter failsafe mode
Press the [1], [2], [3] or [4] key and hit [enter] to select the debug level
[    9.478343] loop0: detected capacity change from 0 to 212992
[    9.531983] loop0: detected capacity change from 212992 to 201216
[    9.545913] mount_root: overlay filesystem in /dev/loop0 has not been formatted yet
[    9.878380] EXT4-fs (loop0): mounted filesystem 9f79750e-20ea-4bd1-b274-df64e69b8269 r/w with ordered data mode. Quota mode: disabled.
[    9.892591] mount_root: overlay filesystem has not been fully initialized yet
[    9.910506] mount_root: switching to ext4 overlay
[    9.932642] overlayfs: null uuid detected in lower fs '/', falling back to xino=off,index=off,nfs_export=off.
[   10.671177] EXT4-fs (vda1): mounted filesystem 84173db5-fa99-e35a-95c6-28613cc79ea9 r/w without journal. Quota mode: disabled.
[   10.696107] urandom-seed: Seed file not found (/etc/urandom.seed)
[   10.844369] procd: - early -
[   11.605425] procd: - ubus -
[   11.792461] procd: - init -
Please press Enter to activate this console.
root
login[998]: root login on 'ttyS0'


BusyBox v1.36.1 (2026-04-12 18:14:18 UTC) built-in shell (ash)

  _______                     ________        __
 |       |.-----.-----.-----.|  |  |  |.----.|  |_
 |   -   ||  _  |  -__|     ||  |  |  ||   _||   _|
 |_______||   __|_____|__|__||________||__|  |____|
          |__| W I R E L E S S   F R E E D O M
 -----------------------------------------------------
 OpenWrt 24.10-SNAPSHOT, r29157-44df9972d5
 -----------------------------------------------------
=== WARNING! =====================================
There is no root password defined on this device!
Use the "passwd" command to set up a new password
in order to prevent unauthorized SSH logins.
--------------------------------------------------
root@(none):~# dmesg -n 1
root@(none):~# echo 'WMPE''OSXBGW'
WMPEOSXBGW
root@(none):~# run() { echo -n "$MARKER"; sh -c "$@"; echo "$MARKER $?"; }
root@(none):~# echo 'PPVN''QKPEOL'
PPVNQKPEOL
root@(none):~# MARKER='PYTW''PONCNW' run 'ubus wait_for network.interface.lan'
PYTWPONCNWPYTWPONCNW 0
root@OpenWrt:~# echo 'QNQC''GWOZQX'
QNQCGWOZQX
root@OpenWrt:~# MARKER='WHEX''TOFOUV' run 'ubus call network.interface.lan statu
s '"'"'{}'"'"''
WHEXTOFOUV{
	"up": true,
	"pending": false,
	"available": true,
	"autostart": true,
	"dynamic": false,
	"uptime": 1,
	"l3_device": "br-lan",
	"proto": "static",
	"device": "br-lan",
	"updated": [
		"addresses"
	],
	"metric": 0,
	"dns_metric": 0,
	"delegation": true,
	"ipv4-address": [
		{
			"address": "192.168.1.1",
			"mask": 24
		}
	],
	"ipv6-address": [
		
	],
	"ipv6-prefix": [
		
	],
	"ipv6-prefix-assignment": [
		{
			"address": "fdb6:4fc2:2b58::",
			"mask": 60,
			"local-address": {
				"address": "fdb6:4fc2:2b58::1",
				"mask": 60
			}
		}
	],
	"route": [
		
	],
	"dns-server": [
		
	],
	"dns-search": [
		
	],
	"neighbors": [
		
	],
	"inactive": {
		"ipv4-address": [
			
		],
		"ipv6-address": [
			
		],
		"route": [
			
		],
		"dns-server": [
			
		],
		"dns-search": [
			
		],
		"neighbors": [
			
		]
	},
	"data": {
		
	}
}
WHEXTOFOUV 0
root@OpenWrt:~# echo 'SFYU''PCPEMV'
SFYUPCPEMV
root@OpenWrt:~# MARKER='TGZN''VJXVNV' run true
TGZNVJXVNVTGZNVJXVNV 0
root@OpenWrt:~# echo 'PKOS''TOXYCL'
PKOSTOXYCL
root@OpenWrt:~# MARKER='KYZE''PKJMWA' run 'source /etc/os-release; echo $BUILD_I
D'
KYZEPKJMWAr29157-44df9972d5
KYZEPKJMWA 0
root@OpenWrt:~# echo 'OELV''GCOLTK'
OELVGCOLTK
root@OpenWrt:~# MARKER='LGMP''PYOZMN' run 'ls /etc/dropbear/dropbear_rsa_host_ke
y'
LGMPPYOZMN[0;0m/etc/dropbear/dropbear_rsa_host_key[m
LGMPPYOZMN 0
root@OpenWrt:~# echo 'GFYZ''XBYQMF'
GFYZXBYQMF
root@OpenWrt:~# MARKER='KXHC''JGMGQC' run 'netstat -tlpn | grep 0.0.0.0:22'
KXHCJGMGQCnetstat: showing only processes with your user ID
tcp        0      0 0.0.0.0:22              0.0.0.0:*               LISTEN      1739/dropbear
KXHCJGMGQC 0
root@OpenWrt:~# echo 'OEEJ''QYBEPQ'
OEEJQYBEPQ
root@OpenWrt:~# MARKER='PLBJ''CMALTC' run 'dmesg | grep br-lan | grep forwarding
'
PLBJCMALTC[   30.104788] br-lan: port 1(eth0) entered forwarding state
PLBJCMALTC 0
root@OpenWrt:~# echo 'LZLH''SSNGHW'
LZLHSSNGHW
root@OpenWrt:~# MARKER='QKZZ''YMSTME' run 'ubus call network.interface.lan statu
s '"'"'{}'"'"''
QKZZYMSTME{
	"up": true,
	"pending": false,
	"available": true,
	"autostart": true,
	"dynamic": false,
	"uptime": 8,
	"l3_device": "br-lan",
	"proto": "static",
	"device": "br-lan",
	"updated": [
		"addresses"
	],
	"metric": 0,
	"dns_metric": 0,
	"delegation": true,
	"ipv4-address": [
		{
			"address": "192.168.1.1",
			"mask": 24
		}
	],
	"ipv6-address": [
		
	],
	"ipv6-prefix": [
		
	],
	"ipv6-prefix-assignment": [
		{
			"address": "fdb6:4fc2:2b58::",
			"mask": 60,
			"local-address": {
				"address": "fdb6:4fc2:2b58::1",
				"mask": 60
			}
		}
	],
	"route": [
		
	],
	"dns-server": [
		
	],
	"dns-search": [
		
	],
	"neighbors": [
		
	],
	"inactive": {
		"ipv4-address": [
			
		],
		"ipv6-address": [
			
		],
		"route": [
			
		],
		"dns-server": [
			
		],
		"dns-search": [
			
		],
		"neighbors": [
			
		]
	},
	"data": {
		
	}
}
QKZZYMSTME 0
root@OpenWrt:~# echo 'CEMP''SJCASF'
CEMPSJCASF
root@OpenWrt:~# MARKER='XHNO''VGUOHL' run 'ip -o addr show dev br-lan'
XHNOVGUOHL4: br-lan    inet 192.168.1.1/24 brd 192.168.1.255 scope global br-lan\       valid_lft forever preferred_lft forever
4: br-lan    inet6 fdb6:4fc2:2b58::1/60 scope global noprefixroute \       valid_lft forever preferred_lft forever
4: br-lan    inet6 fe80::5054:ff:fe12:3456/64 scope link \       valid_lft forever preferred_lft forever
XHNOVGUOHL 0
root@OpenWrt:~# echo 'PLQF''BBHJPM'
PLQFBBHJPM
root@OpenWrt:~# MARKER='OPLN''QTJNWN' run 'ubus call network.interface.wan statu
s '"'"'{}'"'"''
OPLNQTJNWN{
	"up": true,
	"pending": false,
	"available": true,
	"autostart": true,
	"dynamic": false,
	"uptime": 7,
	"l3_device": "eth1",
	"proto": "dhcp",
	"device": "eth1",
	"updated": [
		"addresses",
		"routes",
		"data"
	],
	"metric": 0,
	"dns_metric": 0,
	"delegation": true,
	"ipv4-address": [
		{
			"address": "10.0.2.15",
			"mask": 24
		}
	],
	"ipv6-address": [
		
	],
	"ipv6-prefix": [
		
	],
	"ipv6-prefix-assignment": [
		
	],
	"route": [
		{
			"target": "0.0.0.0",
			"mask": 0,
			"nexthop": "10.0.2.2",
			"source": "10.0.2.15/32"
		}
	],
	"dns-server": [
		"10.0.2.3"
	],
	"dns-search": [
		
	],
	"neighbors": [
		
	],
	"inactive": {
		"ipv4-address": [
			
		],
		"ipv6-address": [
			
		],
		"route": [
			
		],
		"dns-server": [
			
		],
		"dns-search": [
			
		],
		"neighbors": [
			
		]
	},
	"data": {
		"dhcpserver": "10.0.2.2",
		"leasetime": 86400
	}
}
OPLNQTJNWN 0
root@OpenWrt:~# 