Labgrid Console Logfile for main
Logfile started at 2026-04-22 01:55:57.384509
=== Log starts here ===
c[?7l[2J[0mSeaBIOS (version 1.16.3-debian-1.16.3-2)


iPXE (https://ipxe.org) 00:03.0 CA00 PCI2.10 PnP PMM+06FCAE70+06F0AE70 CA00
Press Ctrl-B to configure iPXE (PCI 00:03.0)...                                                                               




iPXE (https://ipxe.org) 00:05.0 CB00 PCI2.10 PnP PMM 06FCAE70 06F0AE70 CB00
Press Ctrl-B to configure iPXE (PCI 00:05.0)...                                                                               


Booting from Hard Disk...
GRUB loading.....
[0;30;47mWelcome to GRUB![01;01H[0m[2J[H[J[1;1H[?25l[m[H[J[1;1H[2;30HGNU GRUB  version 2.12

[m[4;2H+----------------------------------------------------------------------------+[5;2H|[5;79H|[6;2H|[6;79H|[7;2H|[7;79H|[8;2H|[8;79H|[9;2H|[9;79H|[10;2H|[10;79H|[11;2H|[11;79H|[12;2H|[12;79H|[13;2H|[13;79H|[14;2H|[14;79H|[15;2H|[15;79H|[16;2H+----------------------------------------------------------------------------+[m[17;2H[18;2H[m     Use the ^ and v keys to select which entry is highlighted.          
      Press enter to boot the selected OS, `e' to edit the commands       
      before booting or `c' for a command-line. ESC to return             
      previous menu.                                                      [5;80H [7m[5;3H*OpenWrt                                                                    [m[5;78H[m[m[6;3H OpenWrt (failsafe)                                                         [m[6;78H[m[m[7;3H                                                                            [m[7;78H[m[m[8;3H                                                                            [m[8;78H[m[m[9;3H                                                                            [m[9;78H[m[m[10;3H                                                                            [m[10;78H[m[m[11;3H                                                                            [m[11;78H[m[m[12;3H                                                                            [m[12;78H[m[m[13;3H                                                                            [m[13;78H[m[m[14;3H                                                                            [m[14;78H[m[m[15;3H                                                                            [m[15;78H[m[15;80H [5;78H[2J[02;30HGNU GRUB  version 2.12[04;02H┌────────────────────────────────────────────────────────────────────────────┐[05;02H│[05;79H│[06;02H│[06;79H│[07;02H│[07;79H│[08;02H│[08;79H│[09;02H│[09;79H│[10;02H│[10;79H│[11;02H│[11;79H│[12;02H│[12;79H│[13;02H│[13;79H│[14;02H│[14;79H│[15;02H│[15;79H│[16;02H│[16;79H│[17;02H└────────────────────────────────────────────────────────────────────────────┘[19;02H     Use the ↑ and ↓ keys to select which entry is highlighted.          
      Press enter to boot the selected OS, `e' to edit the commands       
      before booting or `c' for a command-line. ESC to return             
      previous menu.                                                      [05;80H [05;03H[0;30;47m*OpenWrt                                                                    [06;03H[0m OpenWrt (failsafe)                                                         [07;03H                                                                            [08;03H                       [08;25H[08;26H                                                     [09;03H                                                                            [10;03H                                [10;34H[10;35H                                            [11;03H                                                                            [12;03H                                                                            [13;03H                                                                            [14;03H                                                   [14;53H[14;54H                         [15;03H                                                                            [16;03H                                                             [16;63H[16;64H               [16;80H 






   The highlighted entry will be executed automatically in 5s.                [22;1H   The highlighted entry will be executed automatically in 5s.                 [5;78H [05;78H

















   The highlighted entry will be executed automatically in 4s.                [22;1H   The highlighted entry will be executed automatically in 4s.                 [5;78H [05;78H

















   The highlighted entry will be executed automatically in 3s.                [22;1H   The highlighted entry will be executed automatically in 3s.                 [5;78H [05;78H

















   The highlighted entry will be executed[23;41H[23;42H automatically in 2s.                [22;1H   The highlighted entry will be executed automatically in 2s.                 [5;78H [05;78H

















   The highlighted entry will be executed automatically in 1s.                [22;1H   The highlighted entry will be executed automatically in 1s.                 [5;78H [05;78H

















   The highlighted entry will be executed automatically in 0s.                [22;1H   The highlighted entry will be executed automatically in 0s.                 [5;78H [01;01H[2J[?25h[H[J[1;1H[H[J[1;1H[2J   Booting `OpenWrt' Booting `OpenWrt

'

[    0.000000] Linux version 6.6.133 (builder@buildhost) (x86_64-openwrt-linux-musl-gcc (OpenWrt GCC 13.3.0 r29157-44df9972d5) 13.3.0, GNU ld (GNU Binutils) 2.42) #0 SMP Sun Apr 12 18:14:18 2026
[    0.000000] Command line: BOOT_IMAGE=/boot/vmlinuz root=PARTUUID=9c236c87-02 rootwait console=tty1 console=ttyS0,115200n8 noinitrd
[    0.000000] BIOS-provided physical RAM map:
[    0.000000] BIOS-e820: [mem 0x0000000000000000-0x000000000009fbff] usable
[    0.000000] BIOS-e820: [mem 0x000000000009fc00-0x000000000009ffff] reserved
[    0.000000] BIOS-e820: [mem 0x00000000000f0000-0x00000000000fffff] reserved
[    0.000000] BIOS-e820: [mem 0x0000000000100000-0x0000000007fdcfff] usable
[    0.000000] BIOS-e820: [mem 0x0000000007fdd000-0x0000000007ffffff] reserved
[    0.000000] BIOS-e820: [mem 0x00000000fffc0000-0x00000000ffffffff] reserved
[    0.000000] BIOS-e820: [mem 0x000000fd00000000-0x000000ffffffffff] reserved
[    0.000000] NX (Execute Disable) protection: active
[    0.000000] APIC: Static calls initialized
[    0.000000] SMBIOS 3.0.0 present.
[    0.000000] DMI: QEMU Standard PC (i440FX + PIIX, 1996), BIOS 1.16.3-debian-1.16.3-2 04/01/2014
[    0.000000] tsc: Fast TSC calibration using PIT
[    0.000000] tsc: Detected 2445.398 MHz processor
[    0.009586] last_pfn = 0x7fdd max_arch_pfn = 0x400000000
[    0.010245] MTRR map: 4 entries (3 fixed + 1 variable; max 19), built from 8 variable MTRRs
[    0.010424] x86/PAT: Configuration [0-7]: WB  WC  UC- UC  WB  WP  UC- WT  
[    0.028852] found SMP MP-table at [mem 0x000f5460-0x000f546f]
[    0.030303] Using GB pages for direct mapping
[    0.034158] ACPI: Early table checksum verification disabled
[    0.034519] ACPI: RSDP 0x00000000000F5290 000014 (v00 BOCHS )
[    0.034822] ACPI: RSDT 0x0000000007FE1C64 000034 (v01 BOCHS  BXPC     00000001 BXPC 00000001)
[    0.035352] ACPI: FACP 0x0000000007FE1B18 000074 (v01 BOCHS  BXPC     00000001 BXPC 00000001)
[    0.035966] ACPI: DSDT 0x0000000007FE0040 001AD8 (v01 BOCHS  BXPC     00000001 BXPC 00000001)
[    0.036061] ACPI: FACS 0x0000000007FE0000 000040
[    0.036115] ACPI: APIC 0x0000000007FE1B8C 000078 (v03 BOCHS  BXPC     00000001 BXPC 00000001)
[    0.036143] ACPI: HPET 0x0000000007FE1C04 000038 (v01 BOCHS  BXPC     00000001 BXPC 00000001)
[    0.036169] ACPI: WAET 0x0000000007FE1C3C 000028 (v01 BOCHS  BXPC     00000001 BXPC 00000001)
[    0.036415] ACPI: Reserving FACP table memory at [mem 0x7fe1b18-0x7fe1b8b]
[    0.036465] ACPI: Reserving DSDT table memory at [mem 0x7fe0040-0x7fe1b17]
[    0.036473] ACPI: Reserving FACS table memory at [mem 0x7fe0000-0x7fe003f]
[    0.036480] ACPI: Reserving APIC table memory at [mem 0x7fe1b8c-0x7fe1c03]
[    0.036487] ACPI: Reserving HPET table memory at [mem 0x7fe1c04-0x7fe1c3b]
[    0.036493] ACPI: Reserving WAET table memory at [mem 0x7fe1c3c-0x7fe1c63]
[    0.039567] Zone ranges:
[    0.039600]   DMA      [mem 0x0000000000001000-0x0000000000ffffff]
[    0.039676]   DMA32    [mem 0x0000000001000000-0x0000000007fdcfff]
[    0.039689]   Normal   empty
[    0.039713] Movable zone start for each node
[    0.039741] Early memory node ranges
[    0.039772]   node   0: [mem 0x0000000000001000-0x000000000009efff]
[    0.039817]   node   0: [mem 0x0000000000100000-0x0000000007fdcfff]
[    0.039927] Initmem setup node 0 [mem 0x0000000000001000-0x0000000007fdcfff]
[    0.040760] On node 0, zone DMA: 1 pages in unavailable ranges
[    0.041101] On node 0, zone DMA: 97 pages in unavailable ranges
[    0.042139] On node 0, zone DMA32: 35 pages in unavailable ranges
[    0.042469] ACPI: PM-Timer IO Port: 0x608
[    0.042818] ACPI: LAPIC_NMI (acpi_id[0xff] dfl dfl lint[0x1])
[    0.043247] IOAPIC[0]: apic_id 0, version 32, address 0xfec00000, GSI 0-23
[    0.043361] ACPI: INT_SRC_OVR (bus 0 bus_irq 0 global_irq 2 dfl dfl)
[    0.043614] ACPI: INT_SRC_OVR (bus 0 bus_irq 5 global_irq 5 high level)
[    0.043671] ACPI: INT_SRC_OVR (bus 0 bus_irq 9 global_irq 9 high level)
[    0.043760] ACPI: INT_SRC_OVR (bus 0 bus_irq 10 global_irq 10 high level)
[    0.043773] ACPI: INT_SRC_OVR (bus 0 bus_irq 11 global_irq 11 high level)
[    0.043962] ACPI: Using ACPI (MADT) for SMP configuration information
[    0.044005] ACPI: HPET id: 0x8086a201 base: 0xfed00000
[    0.044337] smpboot: Allowing 1 CPUs, 0 hotplug CPUs
[    0.045436] [mem 0x08000000-0xfffbffff] available for PCI devices
[    0.045487] Booting paravirtualized kernel on bare hardware
[    0.045772] clocksource: refined-jiffies: mask: 0xffffffff max_cycles: 0xffffffff, max_idle_ns: 19112604462750000 ns
[    0.046426] setup_percpu: NR_CPUS:512 nr_cpumask_bits:1 nr_cpu_ids:1 nr_node_ids:1
[    0.048012] percpu: Embedded 48 pages/cpu s158248 r8192 d30168 u2097152
[    0.050267] Kernel command line: BOOT_IMAGE=/boot/vmlinuz root=PARTUUID=9c236c87-02 rootwait console=tty1 console=ttyS0,115200n8 noinitrd
[    0.051941] random: crng init done
[    0.056772] Dentry cache hash table entries: 16384 (order: 5, 131072 bytes, linear)
[    0.057742] Inode-cache hash table entries: 8192 (order: 4, 65536 bytes, linear)
[    0.060492] Built 1 zonelists, mobility grouping on.  Total pages: 31965
[    0.060731] mem auto-init: stack:off, heap alloc:off, heap free:off
[    0.064312] Memory: 102576K/130540K available (14336K kernel code, 1170K rwdata, 2300K rodata, 2456K init, 2404K bss, 27708K reserved, 0K cma-reserved)
[    0.070914] SLUB: HWalign=64, Order=0-3, MinObjects=0, CPUs=1, Nodes=1
[    0.078623] rcu: Hierarchical RCU implementation.
[    0.078661] rcu: 	RCU restricting CPUs from NR_CPUS=512 to nr_cpu_ids=1.
[    0.078780] 	Tracing variant of Tasks RCU enabled.
[    0.078879] rcu: RCU calculated value of scheduler-enlistment delay is 10 jiffies.
[    0.078908] rcu: Adjusting geometry for rcu_fanout_leaf=16, nr_cpu_ids=1
[    0.080040] NR_IRQS: 33024, nr_irqs: 256, preallocated irqs: 16
[    0.088868] rcu: srcu_init: Setting srcu_struct sizes based on contention.
[    0.095888] Console: colour VGA+ 80x25
[    0.096279] printk: console [tty1] enabled
[    0.103837] printk: console [ttyS0] enabled
[    0.338848] ACPI: Core revision 20230628
[    0.344146] clocksource: hpet: mask: 0xffffffff max_cycles: 0xffffffff, max_idle_ns: 19112604467 ns
[    0.354179] APIC: Switch to symmetric I/O mode setup
[    0.358454] ..TIMER: vector=0x30 apic1=0 pin1=2 apic2=-1 pin2=-1
[    0.400970] clocksource: tsc-early: mask: 0xffffffffffffffff max_cycles: 0x233fbd55fc1, max_idle_ns: 440795241147 ns
[    0.401702] Calibrating delay loop (skipped), value calculated using timer frequency.. 4890.79 BogoMIPS (lpj=24453980)
[    0.403407] x86/cpu: User Mode Instruction Prevention (UMIP) activated
[    0.418252] Last level iTLB entries: 4KB 0, 2MB 0, 4MB 0
[    0.421653] Last level dTLB entries: 4KB 0, 2MB 0, 4MB 0, 1GB 0
[    0.422106] Spectre V1 : Mitigation: usercopy/swapgs barriers and __user pointer sanitization
[    0.422879] Spectre V2 : Mitigation: Retpolines
[    0.423531] Spectre V2 : Spectre v2 / SpectreRSB: Filling RSB on context switch and VMEXIT
[    0.424200] Speculative Store Bypass: Vulnerable
[    0.425995] x86/fpu: Supporting XSAVE feature 0x001: 'x87 floating point registers'
[    0.432806] x86/fpu: Supporting XSAVE feature 0x002: 'SSE registers'
[    0.433084] x86/fpu: Supporting XSAVE feature 0x004: 'AVX registers'
[    0.433366] x86/fpu: Supporting XSAVE feature 0x008: 'MPX bounds registers'
[    0.433755] x86/fpu: Supporting XSAVE feature 0x010: 'MPX CSR'
[    0.434394] x86/fpu: xstate_offset[2]:  576, xstate_sizes[2]:  256
[    0.441803] x86/fpu: xstate_offset[3]:  960, xstate_sizes[3]:   64
[    0.442194] x86/fpu: xstate_offset[4]: 1024, xstate_sizes[4]:   64
[    0.442535] x86/fpu: Enabled xstate features 0x1f, context size is 1088 bytes, using 'standard' format.
[    0.714765] Freeing SMP alternatives memory: 40K
[    0.716196] pid_max: default: 32768 minimum: 301
[    0.725483] Mount-cache hash table entries: 512 (order: 0, 4096 bytes, linear)
[    0.725900] Mountpoint-cache hash table entries: 512 (order: 0, 4096 bytes, linear)
[    0.875338] smpboot: CPU0: AMD QEMU TCG CPU version 2.5+ (family: 0x6, model: 0x6, stepping: 0x3)
[    0.881610] RCU Tasks Trace: Setting shift to 0 and lim to 1 rcu_task_cb_adjust=1 rcu_task_cpu_ids=1.
[    0.881694] Performance Events: PMU not available due to virtualization, using software events only.
[    0.883884] signal: max sigframe size: 1616
[    0.885423] rcu: Hierarchical SRCU implementation.
[    0.885667] rcu: 	Max phase no-delay instances is 1000.
[    0.888694] smp: Bringing up secondary CPUs ...
[    0.890672] smp: Brought up 1 node, 1 CPU
[    0.893471] smpboot: Max logical packages: 1
[    0.893742] smpboot: Total of 1 processors activated (4890.79 BogoMIPS)
[    0.913037] clocksource: jiffies: mask: 0xffffffff max_cycles: 0xffffffff, max_idle_ns: 19112604462750000 ns
[    0.913930] futex hash table entries: 256 (order: 2, 16384 bytes, linear)
[    0.915017] pinctrl core: initialized pinctrl subsystem
[    0.935100] NET: Registered PF_NETLINK/PF_ROUTE protocol family
[    0.941910] thermal_sys: Registered thermal governor 'step_wise'
[    0.941948] thermal_sys: Registered thermal governor 'user_space'
[    0.942880] cpuidle: using governor ladder
[    0.943382] cpuidle: using governor menu
[    0.947200] acpiphp: ACPI Hot Plug PCI Controller Driver version: 0.5
[    0.949962] PCI: Using configuration type 1 for base access
[    0.959630] cryptd: max_cpu_qlen set to 1000
[    0.964778] ACPI: Added _OSI(Module Device)
[    0.964976] ACPI: Added _OSI(Processor Device)
[    0.965146] ACPI: Added _OSI(Processor Aggregator Device)
[    0.980160] ACPI: 1 ACPI AML tables successfully acquired and loaded
[    0.995049] ACPI: _OSC evaluation for CPUs failed, trying _PDC
[    0.997316] ACPI: Interpreter enabled
[    0.998054] ACPI: PM: (supports S0 S5)
[    0.998262] ACPI: Using IOAPIC for interrupt routing
[    0.998890] PCI: Using host bridge windows from ACPI; if necessary, use "pci=nocrs" and report a bug
[    1.002002] PCI: Using E820 reservations for host bridge windows
[    1.003908] ACPI: Enabled 2 GPEs in block 00 to 0F
[    1.039882] ACPI: PCI Root Bridge [PCI0] (domain 0000 [bus 00-ff])
[    1.040889] acpi PNP0A03:00: _OSC: OS supports [ASPM ClockPM Segments MSI HPX-Type3]
[    1.041373] acpi PNP0A03:00: _OSC: not requesting OS control; OS requires [ExtendedConfig ASPM ClockPM MSI]
[    1.042272] acpi PNP0A03:00: fail to add MMCONFIG information, can't access extended configuration space under this bridge
[    1.056339] acpiphp: Slot [3] registered
[    1.056854] acpiphp: Slot [4] registered
[    1.057137] acpiphp: Slot [5] registered
[    1.057386] acpiphp: Slot [6] registered
[    1.061843] acpiphp: Slot [7] registered
[    1.062298] acpiphp: Slot [8] registered
[    1.062737] acpiphp: Slot [9] registered
[    1.062990] acpiphp: Slot [10] registered
[    1.063243] acpiphp: Slot [11] registered
[    1.063529] acpiphp: Slot [12] registered
[    1.073746] acpiphp: Slot [13] registered
[    1.074046] acpiphp: Slot [14] registered
[    1.074368] acpiphp: Slot [15] registered
[    1.074630] acpiphp: Slot [16] registered
[    1.074881] acpiphp: Slot [17] registered
[    1.075130] acpiphp: Slot [18] registered
[    1.081977] acpiphp: Slot [19] registered
[    1.082456] acpiphp: Slot [20] registered
[    1.082885] acpiphp: Slot [21] registered
[    1.083235] acpiphp: Slot [22] registered
[    1.083490] acpiphp: Slot [23] registered
[    1.083751] acpiphp: Slot [24] registered
[    1.084001] acpiphp: Slot [25] registered
[    1.091997] acpiphp: Slot [26] registered
[    1.092425] acpiphp: Slot [27] registered
[    1.092853] acpiphp: Slot [28] registered
[    1.093108] acpiphp: Slot [29] registered
[    1.093361] acpiphp: Slot [30] registered
[    1.093636] acpiphp: Slot [31] registered
[    1.102166] PCI host bridge to bus 0000:00
[    1.102748] pci_bus 0000:00: root bus resource [io  0x0000-0x0cf7 window]
[    1.103158] pci_bus 0000:00: root bus resource [io  0x0d00-0xffff window]
[    1.103426] pci_bus 0000:00: root bus resource [mem 0x000a0000-0x000bffff window]
[    1.111811] pci_bus 0000:00: root bus resource [mem 0x08000000-0xfebfffff window]
[    1.112275] pci_bus 0000:00: root bus resource [mem 0x100000000-0x17fffffff window]
[    1.112890] pci_bus 0000:00: root bus resource [bus 00-ff]
[    1.114509] pci 0000:00:00.0: [8086:1237] type 00 class 0x060000
[    1.134481] pci 0000:00:01.0: [8086:7000] type 00 class 0x060100
[    1.135413] pci 0000:00:01.1: [8086:7010] type 00 class 0x010180
[    1.138254] pci 0000:00:01.1: BAR 4 [io  0xc0e0-0xc0ef]
[    1.139528] pci 0000:00:01.1: BAR 0 [io  0x01f0-0x01f7]: legacy IDE quirk
[    1.141313] pci 0000:00:01.1: BAR 1 [io  0x03f6]: legacy IDE quirk
[    1.141719] pci 0000:00:01.1: BAR 2 [io  0x0170-0x0177]: legacy IDE quirk
[    1.142017] pci 0000:00:01.1: BAR 3 [io  0x0376]: legacy IDE quirk
[    1.143086] pci 0000:00:01.3: [8086:7113] type 00 class 0x068000
[    1.152610] pci 0000:00:01.3: quirk: [io  0x0600-0x063f] claimed by PIIX4 ACPI
[    1.152967] pci 0000:00:01.3: quirk: [io  0x0700-0x070f] claimed by PIIX4 SMB
[    1.153981] pci 0000:00:02.0: [1234:1111] type 00 class 0x030000
[    1.154760] pci 0000:00:02.0: BAR 0 [mem 0xfd000000-0xfdffffff pref]
[    1.163260] pci 0000:00:02.0: BAR 2 [mem 0xfeb90000-0xfeb90fff]
[    1.166536] pci 0000:00:02.0: ROM [mem 0xfeb80000-0xfeb8ffff pref]
[    1.167164] pci 0000:00:02.0: Video device with shadowed ROM at [mem 0x000c0000-0x000dffff]
[    1.172997] pci 0000:00:03.0: [1af4:1000] type 00 class 0x020000
[    1.174111] pci 0000:00:03.0: BAR 0 [io  0xc080-0xc09f]
[    1.177110] pci 0000:00:03.0: BAR 4 [mem 0xfe000000-0xfe003fff 64bit pref]
[    1.181643] pci 0000:00:03.0: ROM [mem 0xfea80000-0xfeafffff pref]
[    1.193110] pci 0000:00:04.0: [1af4:1005] type 00 class 0x00ff00
[    1.194191] pci 0000:00:04.0: BAR 0 [io  0xc0a0-0xc0bf]
[    1.195101] pci 0000:00:04.0: BAR 1 [mem 0xfeb91000-0xfeb91fff]
[    1.198425] pci 0000:00:04.0: BAR 4 [mem 0xfe004000-0xfe007fff 64bit pref]
[    1.204716] pci 0000:00:05.0: [1af4:1000] type 00 class 0x020000
[    1.207621] pci 0000:00:05.0: BAR 0 [io  0xc0c0-0xc0df]
[    1.209134] pci 0000:00:05.0: BAR 1 [mem 0xfeb92000-0xfeb92fff]
[    1.211242] pci 0000:00:05.0: BAR 4 [mem 0xfe008000-0xfe00bfff 64bit pref]
[    1.212442] pci 0000:00:05.0: ROM [mem 0xfeb00000-0xfeb7ffff pref]
[    1.219723] pci 0000:00:06.0: [1af4:1001] type 00 class 0x010000
[    1.221650] pci 0000:00:06.0: BAR 0 [io  0xc000-0xc07f]
[    1.222690] pci 0000:00:06.0: BAR 1 [mem 0xfeb93000-0xfeb93fff]
[    1.224761] pci 0000:00:06.0: BAR 4 [mem 0xfe00c000-0xfe00ffff 64bit pref]
[    1.235966] ACPI: PCI: Interrupt link LNKA configured for IRQ 10
[    1.236869] ACPI: PCI: Interrupt link LNKB configured for IRQ 10
[    1.237530] ACPI: PCI: Interrupt link LNKC configured for IRQ 11
[    1.238483] ACPI: PCI: Interrupt link LNKD configured for IRQ 11
[    1.238958] ACPI: PCI: Interrupt link LNKS configured for IRQ 9
[    1.243080] iommu: Default domain type: Translated
[    1.243314] iommu: DMA domain TLB invalidation policy: lazy mode
[    1.245525] SCSI subsystem initialized
[    1.251185] ACPI: bus type USB registered
[    1.251903] usbcore: registered new interface driver usbfs
[    1.252374] usbcore: registered new interface driver hub
[    1.252751] usbcore: registered new device driver usb
[    1.253314] pps_core: LinuxPPS API ver. 1 registered
[    1.260367] pps_core: Software ver. 5.3.6 - Copyright 2005-2007 Rodolfo Giometti <giometti@linux.it>
[    1.260964] PTP clock support registered
[    1.273819] PCI: Using ACPI for IRQ routing
[    1.276952] hpet0: at MMIO 0xfed00000, IRQs 2, 8, 0
[    1.277243] hpet0: 3 comparators, 64-bit 100.000000 MHz counter
[    1.281345] clocksource: Switched to clocksource tsc-early
[    1.281345] pnp: PnP ACPI init
[    1.281345] pnp: PnP ACPI: found 6 devices
[    1.294024] clocksource: acpi_pm: mask: 0xffffff max_cycles: 0xffffff, max_idle_ns: 2085701024 ns
[    1.295036] NET: Registered PF_INET protocol family
[    1.296251] IP idents hash table entries: 2048 (order: 2, 16384 bytes, linear)
[    1.301762] tcp_listen_portaddr_hash hash table entries: 256 (order: 0, 4096 bytes, linear)
[    1.305144] Table-perturb hash table entries: 65536 (order: 6, 262144 bytes, linear)
[    1.305505] TCP established hash table entries: 1024 (order: 1, 8192 bytes, linear)
[    1.306012] TCP bind hash table entries: 1024 (order: 3, 32768 bytes, linear)
[    1.316189] TCP: Hash tables configured (established 1024 bind 1024)
[    1.318567] MPTCP token hash table entries: 256 (order: 1, 6144 bytes, linear)
[    1.319142] UDP hash table entries: 256 (order: 1, 8192 bytes, linear)
[    1.319592] UDP-Lite hash table entries: 256 (order: 1, 8192 bytes, linear)
[    1.328683] NET: Registered PF_UNIX/PF_LOCAL protocol family
[    1.329965] pci_bus 0000:00: resource 4 [io  0x0000-0x0cf7 window]
[    1.330212] pci_bus 0000:00: resource 5 [io  0x0d00-0xffff window]
[    1.330431] pci_bus 0000:00: resource 6 [mem 0x000a0000-0x000bffff window]
[    1.338411] pci_bus 0000:00: resource 7 [mem 0x08000000-0xfebfffff window]
[    1.338793] pci_bus 0000:00: resource 8 [mem 0x100000000-0x17fffffff window]
[    1.339525] pci 0000:00:01.0: PIIX3: Enabling Passive Release
[    1.349845] pci 0000:00:00.0: 0xffffffff814f8e70 took 10102 usecs
[    1.350238] pci 0000:00:00.0: Limiting direct PCI/PCI transfers
[    1.350553] PCI: CLS 0 bytes, default 64
[    1.384755] workingset: timestamp_bits=46 max_order=15 bucket_order=0
[    1.386999] squashfs: version 4.0 (2009/01/31) Phillip Lougher
[    1.389779] Block layer SCSI generic (bsg) driver version 0.4 loaded (major 247)
[    1.394409] hv_vmbus: registering driver hyperv_fb
[    1.398813] input: Power Button as /devices/LNXSYSTM:00/LNXPWRBN:00/input/input0
[    1.413062] ACPI: button: Power Button [PWRF]
[    1.605161] ACPI: \_SB_.LNKC: Enabled at IRQ 11
[    1.786922] ACPI: \_SB_.LNKD: Enabled at IRQ 10
[    1.967778] ACPI: \_SB_.LNKA: Enabled at IRQ 10
[    2.148383] ACPI: \_SB_.LNKB: Enabled at IRQ 11
[    2.150454] Serial: 8250/16550 driver, 16 ports, IRQ sharing enabled
[    2.175398] 00:04: ttyS0 at I/O 0x3f8 (irq = 4, base_baud = 115200) is a 16550A
[    2.229067] Non-volatile memory driver v1.3
[    2.246913] Linux agpgart interface v0.103
[    2.248493] AMD-Vi: AMD IOMMUv2 functionality not available on this system - This is not a bug.
[    2.249439] ACPI: bus type drm_connector registered
[    2.252627] [drm] Found bochs VGA, ID 0xb0c5.
[    2.252890] [drm] Framebuffer size 16384 kB @ 0xfd000000, mmio @ 0xfeb90000.
[    2.267878] [drm] Found EDID data blob.
[    2.276909] [drm] Initialized bochs-drm 1.0.0 20130925 for 0000:00:02.0 on minor 0
[    2.357556] Console: switching to colour frame buffer device 160x50
[    2.366881] bochs-drm 0000:00:02.0: [drm] fb0: bochs-drmdrmfb frame buffer device
[    2.409426] loop: module loaded
[    2.410286] virtio_blk virtio3: 1/0/0 default/read/poll queues
[    2.415860] virtio_blk virtio3: [vda] 246784 512-byte logical blocks (126 MB/121 MiB)
[    2.425261]  vda: vda1 vda2
[    2.426519] tsc: Refined TSC clocksource calibration: 2445.425 MHz
[    2.427177] clocksource: tsc: mask: 0xffffffffffffffff max_cycles: 0x233fd71eca6, max_idle_ns: 440795324395 ns
[    2.427738] clocksource: Switched to clocksource tsc
[    2.431329] Guest personality initialized and is inactive
[    2.436614] VMCI host device registered (name=vmci, major=10, minor=256)
[    2.436915] Initialized host personality
[    2.437950] VMware PVSCSI driver - version 1.0.7.0-k
[    2.438288] hv_vmbus: registering driver hv_storvsc
[    2.471739] scsi host0: ata_piix
[    2.475229] scsi host1: ata_piix
[    2.476339] ata1: PATA max MWDMA2 cmd 0x1f0 ctl 0x3f6 bmdma 0xc0e0 irq 14
[    2.476647] ata2: PATA max MWDMA2 cmd 0x170 ctl 0x376 bmdma 0xc0e8 irq 15
[    2.487202] VMware vmxnet3 virtual NIC driver - version 1.7.0.0-k-NAPI
[    2.487851] hv_vmbus: registering driver hv_netvsc
[    2.488239] Fusion MPT base driver 3.04.20
[    2.488404] Copyright (c) 1999-2008 LSI Corporation
[    2.488808] Fusion MPT SPI Host driver 3.04.20
[    2.498390] Fusion MPT SAS Host driver 3.04.20
[    2.500632] usbcore: registered new interface driver usb-storage
[    2.501950] i8042: PNP: PS/2 Controller [PNP0303:KBD,PNP0f13:MOU] at 0x60,0x64 irq 1,12
[    2.508237] serio: i8042 KBD port at 0x60,0x64 irq 1
[    2.511048] serio: i8042 AUX port at 0x60,0x64 irq 12
[    2.513542] hv_vmbus: registering driver hyperv_keyboard
[    2.516196] rtc_cmos 00:05: RTC can wake from S4
[    2.521865] rtc_cmos 00:05: registered as rtc0
[    2.524793] rtc_cmos 00:05: setting system clock to 2026-04-22T01:56:09 UTC (1776822969)
[    2.527391] rtc_cmos 00:05: alarms up to one day, y3k, 242 bytes nvram, hpet irqs
[    2.530522] amd_pstate: the _CPC object is not present in SBIOS or ACPI disabled
[    2.535418] sdhci: Secure Digital Host Controller Interface driver
[    2.537620] sdhci: Copyright(c) Pierre Ossman
[    2.548427] input: AT Translated Set 2 keyboard as /devices/platform/i8042/serio0/input/input1
[    2.581267] hid: raw HID events driver (C) Jiri Kosina
[    2.584436] hv_vmbus: registering driver hid_hyperv
[    2.587406] usbcore: registered new interface driver usbhid
[    2.589628] usbhid: USB HID core driver
[    2.592010] hv_utils: Registering HyperV Utility Driver
[    2.594734] hv_vmbus: registering driver hv_utils
[    2.596830] hv_vmbus: registering driver hv_balloon
[    2.600292] NET: Registered PF_INET6 protocol family
[    2.617960] Segment Routing with IPv6
[    2.620308] In-situ OAM (IOAM) with IPv6
[    2.623091] NET: Registered PF_PACKET protocol family
[    2.625764] bridge: filtering via arp/ip/ip6tables is no longer available by default. Update your scripts to load br_netfilter if you need this.
[    2.635307] 8021q: 802.1Q VLAN Support v1.8
[    2.638209] NET: Registered PF_VSOCK protocol family
[    2.648490] IPI shorthand broadcast: enabled
[    2.650860] AVX2 version of gcm_enc/dec engaged.
[    2.657481] AES CTR mode by8 optimization enabled
[    2.679127] sched_clock: Marking stable (2420077920, 252203503)->(2734787970, -62506547)
[    2.723169] ata2: found unknown device (class 0)
[    2.829155] ata2.00: ATAPI: QEMU DVD-ROM, 2.5+, max UDMA/100
[    2.845095] scsi 1:0:0:0: CD-ROM            QEMU     QEMU DVD-ROM     2.5+ PQ: 0 ANSI: 5
[    2.854565] clk: Disabling unused clocks
[    2.924649] sr 1:0:0:0: [sr0] scsi3-mmc drive: 4x/4x cd/rw xa/form2 tray
[    2.927354] cdrom: Uniform CD-ROM driver Revision: 3.20
[    2.982753] VFS: Mounted root (squashfs filesystem) readonly on device 254:2.
[    3.052544] Freeing unused kernel image (initmem) memory: 2456K
[    3.055101] Write protecting the kernel read-only data: 18432k
[    3.059772] Freeing unused kernel image (rodata/data gap) memory: 1796K
[    3.062557] Run /sbin/init as init process
[    3.378989] init: Console is alive
[    4.039299] kmodloader: loading kernel modules from /etc/modules-boot.d/*
[    4.105887] button_hotplug: loading out-of-tree module taints kernel.
[    4.113050] Button Hotplug driver version 0.4.1
[    4.136998] Intel(R) 2.5G Ethernet Linux Driver
[    4.139436] Copyright(c) 2018 Intel Corporation.
[    4.158761] igb: Intel(R) Gigabit Ethernet Network Driver
[    4.161254] igb: Copyright (c) 2007-2014 Intel Corporation.
[    4.178277] kmodloader: done loading kernel modules from /etc/modules-boot.d/*
[    4.196038] init: - preinit -
[    5.219984] 8021q: adding VLAN 0 to HW filter on device eth0
Press the [f] key and hit [enter] to enter failsafe mode
Press the [1], [2], [3] or [4] key and hit [enter] to select the debug level
[    9.978773] loop0: detected capacity change from 0 to 212992
[   10.052752] loop0: detected capacity change from 212992 to 201216
[   10.067193] mount_root: overlay filesystem in /dev/loop0 has not been formatted yet
[   10.418654] EXT4-fs (loop0): mounted filesystem ed366627-9eb8-4530-9343-29ddbd20601b r/w with ordered data mode. Quota mode: disabled.
[   10.433524] mount_root: overlay filesystem has not been fully initialized yet
[   10.452688] mount_root: switching to ext4 overlay
[   10.475149] overlayfs: null uuid detected in lower fs '/', falling back to xino=off,index=off,nfs_export=off.
[   11.260330] EXT4-fs (vda1): mounted filesystem 84173db5-fa99-e35a-95c6-28613cc79ea9 r/w without journal. Quota mode: disabled.
[   11.286606] urandom-seed: Seed file not found (/etc/urandom.seed)
[   11.443609] procd: - early -
[   12.260682] procd: - ubus -
[   12.457379] procd: - init -
Please press Enter to activate this console.
root
login[1001]: root login on 'ttyS0'


BusyBox v1.36.1 (2026-04-12 18:14:18 UTC) built-in shell (ash)

  _______                     ________        __
 |       |.-----.-----.-----.|  |  |  |.----.|  |_
 |   -   ||  _  |  -__|     ||  |  |  ||   _||   _|
 |_______||   __|_____|__|__||________||__|  |____|
          |__| W I R E L E S S   F R E E D O M
 -----------------------------------------------------
 OpenWrt 24.10-SNAPSHOT, r29157-44df9972d5
 -----------------------------------------------------
=== WARNING! =====================================
There is no root password defined on this device!
Use the "passwd" command to set up a new password
in order to prevent unauthorized SSH logins.
--------------------------------------------------
root@(none):~# dmesg -n 1
root@(none):~# echo 'QQZK''JKQPEJ'
QQZKJKQPEJ
root@(none):~# run() { echo -n "$MARKER"; sh -c "$@"; echo "$MARKER $?"; }
root@(none):~# echo 'UFCZ''JFPVSW'
UFCZJFPVSW
root@(none):~# MARKER='GSYA''LYWMXA' run 'ubus wait_for network.interface.lan'
GSYALYWMXAGSYALYWMXA 0
root@OpenWrt:~# echo 'MOUE''HKSQKX'
MOUEHKSQKX
root@OpenWrt:~# MARKER='ZTCU''AAPKZL' run 'ubus call network.interface.lan statu
s '"'"'{}'"'"''
ZTCUAAPKZL{
	"up": true,
	"pending": false,
	"available": true,
	"autostart": true,
	"dynamic": false,
	"uptime": 0,
	"l3_device": "br-lan",
	"proto": "static",
	"device": "br-lan",
	"updated": [
		"addresses"
	],
	"metric": 0,
	"dns_metric": 0,
	"delegation": true,
	"ipv4-address": [
		{
			"address": "192.168.1.1",
			"mask": 24
		}
	],
	"ipv6-address": [
		
	],
	"ipv6-prefix": [
		
	],
	"ipv6-prefix-assignment": [
		{
			"address": "fd98:a802:512c::",
			"mask": 60,
			"local-address": {
				"address": "fd98:a802:512c::1",
				"mask": 60
			}
		}
	],
	"route": [
		
	],
	"dns-server": [
		
	],
	"dns-search": [
		
	],
	"neighbors": [
		
	],
	"inactive": {
		"ipv4-address": [
			
		],
		"ipv6-address": [
			
		],
		"route": [
			
		],
		"dns-server": [
			
		],
		"dns-search": [
			
		],
		"neighbors": [
			
		]
	},
	"data": {
		
	}
}
ZTCUAAPKZL 0
root@OpenWrt:~# echo 'SSLE''OBMCHA'
SSLEOBMCHA
root@OpenWrt:~# MARKER='TGYA''FUHTBM' run true
TGYAFUHTBMTGYAFUHTBM 0
root@OpenWrt:~# echo 'HETN''UQJMEX'
HETNUQJMEX
root@OpenWrt:~# MARKER='YZHZ''SUBVSJ' run 'source /etc/os-release; echo $BUILD_I
D'
YZHZSUBVSJr29157-44df9972d5
YZHZSUBVSJ 0
root@OpenWrt:~# echo 'COAM''QUWVLF'
COAMQUWVLF
root@OpenWrt:~# MARKER='GLCG''ZNGQON' run 'ls /etc/dropbear/dropbear_rsa_host_ke
y'
GLCGZNGQON[0;0m/etc/dropbear/dropbear_rsa_host_key[m
GLCGZNGQON 0
root@OpenWrt:~# echo 'FGXF''JPZVVZ'
FGXFJPZVVZ
root@OpenWrt:~# MARKER='ETFJ''CWTTTL' run 'netstat -tlpn | grep 0.0.0.0:22'
ETFJCWTTTLnetstat: showing only processes with your user ID
tcp        0      0 0.0.0.0:22              0.0.0.0:*               LISTEN      1742/dropbear
ETFJCWTTTL 0
root@OpenWrt:~# echo 'HCVT''TVAJKX'
HCVTTVAJKX
root@OpenWrt:~# MARKER='OZPQ''MLBCEJ' run 'dmesg | grep br-lan | grep forwarding
'
OZPQMLBCEJ[   32.476459] br-lan: port 1(eth0) entered forwarding state
OZPQMLBCEJ 0
root@OpenWrt:~# echo 'JALZ''GLSZET'
JALZGLSZET
root@OpenWrt:~# MARKER='XYGA''LKKGVA' run 'ubus call network.interface.lan statu
s '"'"'{}'"'"''
XYGALKKGVA{
	"up": true,
	"pending": false,
	"available": true,
	"autostart": true,
	"dynamic": false,
	"uptime": 8,
	"l3_device": "br-lan",
	"proto": "static",
	"device": "br-lan",
	"updated": [
		"addresses"
	],
	"metric": 0,
	"dns_metric": 0,
	"delegation": true,
	"ipv4-address": [
		{
			"address": "192.168.1.1",
			"mask": 24
		}
	],
	"ipv6-address": [
		
	],
	"ipv6-prefix": [
		
	],
	"ipv6-prefix-assignment": [
		{
			"address": "fd98:a802:512c::",
			"mask": 60,
			"local-address": {
				"address": "fd98:a802:512c::1",
				"mask": 60
			}
		}
	],
	"route": [
		
	],
	"dns-server": [
		
	],
	"dns-search": [
		
	],
	"neighbors": [
		
	],
	"inactive": {
		"ipv4-address": [
			
		],
		"ipv6-address": [
			
		],
		"route": [
			
		],
		"dns-server": [
			
		],
		"dns-search": [
			
		],
		"neighbors": [
			
		]
	},
	"data": {
		
	}
}
XYGALKKGVA 0
root@OpenWrt:~# echo 'FPQG''LCLXTV'
FPQGLCLXTV
root@OpenWrt:~# MARKER='WSJP''JNUFPH' run 'ip -o addr show dev br-lan'
WSJPJNUFPH4: br-lan    inet 192.168.1.1/24 brd 192.168.1.255 scope global br-lan\       valid_lft forever preferred_lft forever
4: br-lan    inet6 fd98:a802:512c::1/60 scope global noprefixroute \       valid_lft forever preferred_lft forever
4: br-lan    inet6 fe80::5054:ff:fe12:3456/64 scope link \       valid_lft forever preferred_lft forever
WSJPJNUFPH 0
root@OpenWrt:~# echo 'KQZK''SGFLWP'
KQZKSGFLWP
root@OpenWrt:~# MARKER='LJNU''EYSWYS' run 'ubus call network.interface.wan statu
s '"'"'{}'"'"''
LJNUEYSWYS{
	"up": true,
	"pending": false,
	"available": true,
	"autostart": true,
	"dynamic": false,
	"uptime": 7,
	"l3_device": "eth1",
	"proto": "dhcp",
	"device": "eth1",
	"updated": [
		"addresses",
		"routes",
		"data"
	],
	"metric": 0,
	"dns_metric": 0,
	"delegation": true,
	"ipv4-address": [
		{
			"address": "10.0.2.15",
			"mask": 24
		}
	],
	"ipv6-address": [
		
	],
	"ipv6-prefix": [
		
	],
	"ipv6-prefix-assignment": [
		
	],
	"route": [
		{
			"target": "0.0.0.0",
			"mask": 0,
			"nexthop": "10.0.2.2",
			"source": "10.0.2.15/32"
		}
	],
	"dns-server": [
		"10.0.2.3"
	],
	"dns-search": [
		
	],
	"neighbors": [
		
	],
	"inactive": {
		"ipv4-address": [
			
		],
		"ipv6-address": [
			
		],
		"route": [
			
		],
		"dns-server": [
			
		],
		"dns-search": [
			
		],
		"neighbors": [
			
		]
	},
	"data": {
		"dhcpserver": "10.0.2.2",
		"leasetime": 86400
	}
}
LJNUEYSWYS 0
root@OpenWrt:~# 