Labgrid Console Logfile for main
Logfile started at 2026-03-26 03:00:02.360036
=== Log starts here ===
c[?7l[2J[0mSeaBIOS (version 1.16.3-debian-1.16.3-2)


iPXE (https://ipxe.org) 00:03.0 CA00 PCI2.10 PnP PMM+06FCAE70+06F0AE70 CA00
Press Ctrl-B to configure iPXE (PCI 00:03.0)...                                                                               




iPXE (https://ipxe.org) 00:05.0 CB00 PCI2.10 PnP PMM 06FCAE70 06F0AE70 CB00
Press Ctrl-B to configure iPXE (PCI 00:05.0)...                                                                               


Booting from Hard Disk...
GRUB loading.....
[0;30;47mWelcome to GRUB![01;01H[0m[2J[H[J[1;1H[?25l[m[H[J[1;1H[2;30HGNU GRUB  version 2.12

[m[4;2H+----------------------------------------------------------------------------+[5;2H|[5;79H|[6;2H|[6;79H|[7;2H|[7;79H|[8;2H|[8;79H|[9;2H|[9;79H|[10;2H|[10;79H|[11;2H|[11;79H|[12;2H|[12;79H|[13;2H|[13;79H|[14;2H|[14;79H|[15;2H|[15;79H|[16;2H+----------------------------------------------------------------------------+[m[17;2H[18;2H[m     Use the ^ and v keys to select which entry is highlighted.          
      Press enter to boot the selected OS, `e' to edit the commands       
      before booting or `c' for a command-line. ESC to return             
      previous menu.                                                      [5;80H [7m[5;3H*OpenWrt                                                                    [m[5;78H[m[m[6;3H OpenWrt (failsafe)                                                         [m[6;78H[m[m[7;3H                                                                            [m[7;78H[m[m[8;3H                                                                            [m[8;78H[m[m[9;3H                                                                            [m[9;78H[m[m[10;3H                                                                            [m[10;78H[m[m[11;3H                                                                            [m[11;78H[m[m[12;3H                                                                            [m[12;78H[m[m[13;3H                                                                            [m[13;78H[m[m[14;3H                                                                            [m[14;78H[m[m[15;3H                                                                            [m[15;78H[m[15;80H [5;78H[2J[02;30HGNU GRUB  version 2.12[04;02H┌───────────────────────────────────────────────────[04;53H[04;54H─────────────────────────┐[05;02H│[05;79H│[06;02H│[06;79H│[07;02H│[07;79H│[08;02H│[08;79H│[09;02H│[09;79H│[10;02H│[10;79H│[11;02H│[11;79H│[12;02H│[12;79H│[13;02H│[13;79H│[14;02H│[14;79H│[15;02H│[15;79H│[16;02H│[16;79H│[17;02H└────────────────────────────────────────────────────────────────────────────┘[19;02H     Use the ↑ and ↓ keys to select which entry is highlighted.          
      Press enter to boot the selected OS, `e' to edit the commands       
      before booting or `c' for a command-line. ESC to return             
      previous menu.                                                      [05;80H [05;03H[0;30;47m*OpenWrt                                         [05;51H[05;52H                           [06;03H[0m OpenWrt (failsafe)                                                         [07;03H                                                            [07;62H[07;63H                [08;03H                                                                            [09;03H                                                                            [10;03H                                                                            [11;03H                                                                            [12;03H    [12;06H[12;07H                                                                        [13;03H                                                                            [14;03H                                                                            [15;03H                                                                            [16;03H                                                                            [16;80H 






   The highlighted entry will be executed automatically in 5s.                [22;1H   The highlighted entry will be executed automatically in 5s.                 [5;78H [05;78H

















   The highlighted entry will be executed automatically in 4s.                [22;1H   The highlighted entry will be executed automatically in 4s.                 [5;78H [05;78H

















   The highlighted entry will be executed [23;42H[23;43Hautomatically in 3s.                [22;1H   The highlighted entry will be executed automatically in 3s.                 [5;78H [05;78H

















   The highlighted entry will be executed automatically in 2s.                [22;1H   The highlighted entry will be executed automatically in 2s.                 [5;78H [05;78H

















   The highlighted entry will be executed automatically in 1s.                [22;1H   The highlighted entry will be executed automatically in 1s.                 [5;78H [05;78H

















   The highlighted entry will be executed automatically in 0s.                [22;1H   The highlighted entry will be executed automatically in 0s.                 [5;78H [01;01H[2J[?25h[H[J[1;1H[H[J[1;1H[2J   Booting `OpenWrt' Booting `OpenWrt

'

[    0.000000] Linux version 6.6.127 (builder@buildhost) (x86_64-openwrt-linux-musl-gcc (OpenWrt GCC 13.3.0 r29143-214a657cfa) 13.3.0, GNU ld (GNU Binutils) 2.42) #0 SMP Tue Mar 17 22:48:43 2026
[    0.000000] Command line: BOOT_IMAGE=/boot/vmlinuz root=PARTUUID=b07fe921-02 rootwait console=tty1 console=ttyS0,115200n8 noinitrd
[    0.000000] BIOS-provided physical RAM map:
[    0.000000] BIOS-e820: [mem 0x0000000000000000-0x000000000009fbff] usable
[    0.000000] BIOS-e820: [mem 0x000000000009fc00-0x000000000009ffff] reserved
[    0.000000] BIOS-e820: [mem 0x00000000000f0000-0x00000000000fffff] reserved
[    0.000000] BIOS-e820: [mem 0x0000000000100000-0x0000000007fdcfff] usable
[    0.000000] BIOS-e820: [mem 0x0000000007fdd000-0x0000000007ffffff] reserved
[    0.000000] BIOS-e820: [mem 0x00000000fffc0000-0x00000000ffffffff] reserved
[    0.000000] BIOS-e820: [mem 0x000000fd00000000-0x000000ffffffffff] reserved
[    0.000000] NX (Execute Disable) protection: active
[    0.000000] APIC: Static calls initialized
[    0.000000] SMBIOS 3.0.0 present.
[    0.000000] DMI: QEMU Standard PC (i440FX + PIIX, 1996), BIOS 1.16.3-debian-1.16.3-2 04/01/2014
[    0.000000] tsc: Fast TSC calibration using PIT
[    0.000000] tsc: Detected 2445.433 MHz processor
[    0.008784] last_pfn = 0x7fdd max_arch_pfn = 0x400000000
[    0.009408] MTRR map: 4 entries (3 fixed + 1 variable; max 19), built from 8 variable MTRRs
[    0.009591] x86/PAT: Configuration [0-7]: WB  WC  UC- UC  WB  WP  UC- WT  
[    0.029347] found SMP MP-table at [mem 0x000f5460-0x000f546f]
[    0.030678] Using GB pages for direct mapping
[    0.034418] ACPI: Early table checksum verification disabled
[    0.034737] ACPI: RSDP 0x00000000000F5290 000014 (v00 BOCHS )
[    0.035026] ACPI: RSDT 0x0000000007FE1C64 000034 (v01 BOCHS  BXPC     00000001 BXPC 00000001)
[    0.035538] ACPI: FACP 0x0000000007FE1B18 000074 (v01 BOCHS  BXPC     00000001 BXPC 00000001)
[    0.036154] ACPI: DSDT 0x0000000007FE0040 001AD8 (v01 BOCHS  BXPC     00000001 BXPC 00000001)
[    0.036251] ACPI: FACS 0x0000000007FE0000 000040
[    0.036323] ACPI: APIC 0x0000000007FE1B8C 000078 (v03 BOCHS  BXPC     00000001 BXPC 00000001)
[    0.036351] ACPI: HPET 0x0000000007FE1C04 000038 (v01 BOCHS  BXPC     00000001 BXPC 00000001)
[    0.036375] ACPI: WAET 0x0000000007FE1C3C 000028 (v01 BOCHS  BXPC     00000001 BXPC 00000001)
[    0.036457] ACPI: Reserving FACP table memory at [mem 0x7fe1b18-0x7fe1b8b]
[    0.036504] ACPI: Reserving DSDT table memory at [mem 0x7fe0040-0x7fe1b17]
[    0.036512] ACPI: Reserving FACS table memory at [mem 0x7fe0000-0x7fe003f]
[    0.036518] ACPI: Reserving APIC table memory at [mem 0x7fe1b8c-0x7fe1c03]
[    0.036524] ACPI: Reserving HPET table memory at [mem 0x7fe1c04-0x7fe1c3b]
[    0.036530] ACPI: Reserving WAET table memory at [mem 0x7fe1c3c-0x7fe1c63]
[    0.039588] Zone ranges:
[    0.039623]   DMA      [mem 0x0000000000001000-0x0000000000ffffff]
[    0.039698]   DMA32    [mem 0x0000000001000000-0x0000000007fdcfff]
[    0.039710]   Normal   empty
[    0.039733] Movable zone start for each node
[    0.039761] Early memory node ranges
[    0.039790]   node   0: [mem 0x0000000000001000-0x000000000009efff]
[    0.039835]   node   0: [mem 0x0000000000100000-0x0000000007fdcfff]
[    0.039944] Initmem setup node 0 [mem 0x0000000000001000-0x0000000007fdcfff]
[    0.040778] On node 0, zone DMA: 1 pages in unavailable ranges
[    0.041121] On node 0, zone DMA: 97 pages in unavailable ranges
[    0.042154] On node 0, zone DMA32: 35 pages in unavailable ranges
[    0.042478] ACPI: PM-Timer IO Port: 0x608
[    0.042842] ACPI: LAPIC_NMI (acpi_id[0xff] dfl dfl lint[0x1])
[    0.043251] IOAPIC[0]: apic_id 0, version 32, address 0xfec00000, GSI 0-23
[    0.043393] ACPI: INT_SRC_OVR (bus 0 bus_irq 0 global_irq 2 dfl dfl)
[    0.043647] ACPI: INT_SRC_OVR (bus 0 bus_irq 5 global_irq 5 high level)
[    0.043702] ACPI: INT_SRC_OVR (bus 0 bus_irq 9 global_irq 9 high level)
[    0.043790] ACPI: INT_SRC_OVR (bus 0 bus_irq 10 global_irq 10 high level)
[    0.043801] ACPI: INT_SRC_OVR (bus 0 bus_irq 11 global_irq 11 high level)
[    0.043990] ACPI: Using ACPI (MADT) for SMP configuration information
[    0.044035] ACPI: HPET id: 0x8086a201 base: 0xfed00000
[    0.044333] smpboot: Allowing 1 CPUs, 0 hotplug CPUs
[    0.045420] [mem 0x08000000-0xfffbffff] available for PCI devices
[    0.045470] Booting paravirtualized kernel on bare hardware
[    0.045754] clocksource: refined-jiffies: mask: 0xffffffff max_cycles: 0xffffffff, max_idle_ns: 19112604462750000 ns
[    0.046389] setup_percpu: NR_CPUS:512 nr_cpumask_bits:1 nr_cpu_ids:1 nr_node_ids:1
[    0.047994] percpu: Embedded 48 pages/cpu s158248 r8192 d30168 u2097152
[    0.050265] Kernel command line: BOOT_IMAGE=/boot/vmlinuz root=PARTUUID=b07fe921-02 rootwait console=tty1 console=ttyS0,115200n8 noinitrd
[    0.051925] random: crng init done
[    0.056802] Dentry cache hash table entries: 16384 (order: 5, 131072 bytes, linear)
[    0.057759] Inode-cache hash table entries: 8192 (order: 4, 65536 bytes, linear)
[    0.060435] Built 1 zonelists, mobility grouping on.  Total pages: 31965
[    0.060658] mem auto-init: stack:off, heap alloc:off, heap free:off
[    0.064172] Memory: 102576K/130540K available (14336K kernel code, 1169K rwdata, 2296K rodata, 2452K init, 2408K bss, 27708K reserved, 0K cma-reserved)
[    0.070110] SLUB: HWalign=64, Order=0-3, MinObjects=0, CPUs=1, Nodes=1
[    0.077583] rcu: Hierarchical RCU implementation.
[    0.077614] rcu: 	RCU restricting CPUs from NR_CPUS=512 to nr_cpu_ids=1.
[    0.077729] 	Tracing variant of Tasks RCU enabled.
[    0.077816] rcu: RCU calculated value of scheduler-enlistment delay is 10 jiffies.
[    0.077845] rcu: Adjusting geometry for rcu_fanout_leaf=16, nr_cpu_ids=1
[    0.079045] NR_IRQS: 33024, nr_irqs: 256, preallocated irqs: 16
[    0.087858] rcu: srcu_init: Setting srcu_struct sizes based on contention.
[    0.094743] Console: colour VGA+ 80x25
[    0.095044] printk: console [tty1] enabled
[    0.102922] printk: console [ttyS0] enabled
[    0.323703] ACPI: Core revision 20230628
[    0.338678] clocksource: hpet: mask: 0xffffffff max_cycles: 0xffffffff, max_idle_ns: 19112604467 ns
[    0.343687] APIC: Switch to symmetric I/O mode setup
[    0.348129] ..TIMER: vector=0x30 apic1=0 pin1=2 apic2=-1 pin2=-1
[    0.390554] clocksource: tsc-early: mask: 0xffffffffffffffff max_cycles: 0x233fde66930, max_idle_ns: 440795269764 ns
[    0.391210] Calibrating delay loop (skipped), value calculated using timer frequency.. 4890.86 BogoMIPS (lpj=24454330)
[    0.392918] x86/cpu: User Mode Instruction Prevention (UMIP) activated
[    0.407602] Last level iTLB entries: 4KB 0, 2MB 0, 4MB 0
[    0.408010] Last level dTLB entries: 4KB 0, 2MB 0, 4MB 0, 1GB 0
[    0.408449] Spectre V1 : Mitigation: usercopy/swapgs barriers and __user pointer sanitization
[    0.411801] Spectre V2 : Mitigation: Retpolines
[    0.412741] Spectre V2 : Spectre v2 / SpectreRSB: Filling RSB on context switch and VMEXIT
[    0.413317] Speculative Store Bypass: Vulnerable
[    0.415910] x86/fpu: Supporting XSAVE feature 0x001: 'x87 floating point registers'
[    0.420435] x86/fpu: Supporting XSAVE feature 0x002: 'SSE registers'
[    0.422298] x86/fpu: Supporting XSAVE feature 0x004: 'AVX registers'
[    0.422563] x86/fpu: Supporting XSAVE feature 0x008: 'MPX bounds registers'
[    0.422839] x86/fpu: Supporting XSAVE feature 0x010: 'MPX CSR'
[    0.423283] x86/fpu: xstate_offset[2]:  576, xstate_sizes[2]:  256
[    0.431328] x86/fpu: xstate_offset[3]:  960, xstate_sizes[3]:   64
[    0.431666] x86/fpu: xstate_offset[4]: 1024, xstate_sizes[4]:   64
[    0.431954] x86/fpu: Enabled xstate features 0x1f, context size is 1088 bytes, using 'standard' format.
[    0.715414] Freeing SMP alternatives memory: 40K
[    0.716651] pid_max: default: 32768 minimum: 301
[    0.725797] Mount-cache hash table entries: 512 (order: 0, 4096 bytes, linear)
[    0.726232] Mountpoint-cache hash table entries: 512 (order: 0, 4096 bytes, linear)
[    0.874947] smpboot: CPU0: AMD QEMU TCG CPU version 2.5+ (family: 0x6, model: 0x6, stepping: 0x3)
[    0.881119] RCU Tasks Trace: Setting shift to 0 and lim to 1 rcu_task_cb_adjust=1 rcu_task_cpu_ids=1.
[    0.881119] Performance Events: PMU not available due to virtualization, using software events only.
[    0.883218] signal: max sigframe size: 1616
[    0.884789] rcu: Hierarchical SRCU implementation.
[    0.885029] rcu: 	Max phase no-delay instances is 1000.
[    0.888089] smp: Bringing up secondary CPUs ...
[    0.890183] smp: Brought up 1 node, 1 CPU
[    0.892769] smpboot: Max logical packages: 1
[    0.893051] smpboot: Total of 1 processors activated (4890.86 BogoMIPS)
[    0.911262] clocksource: jiffies: mask: 0xffffffff max_cycles: 0xffffffff, max_idle_ns: 19112604462750000 ns
[    0.912135] futex hash table entries: 256 (order: 2, 16384 bytes, linear)
[    0.913283] pinctrl core: initialized pinctrl subsystem
[    0.932948] NET: Registered PF_NETLINK/PF_ROUTE protocol family
[    0.939262] thermal_sys: Registered thermal governor 'step_wise'
[    0.939295] thermal_sys: Registered thermal governor 'user_space'
[    0.940155] cpuidle: using governor ladder
[    0.940712] cpuidle: using governor menu
[    0.942806] acpiphp: ACPI Hot Plug PCI Controller Driver version: 0.5
[    0.945519] PCI: Using configuration type 1 for base access
[    0.956679] cryptd: max_cpu_qlen set to 1000
[    0.961486] ACPI: Added _OSI(Module Device)
[    0.961719] ACPI: Added _OSI(Processor Device)
[    0.961909] ACPI: Added _OSI(Processor Aggregator Device)
[    0.976673] ACPI: 1 ACPI AML tables successfully acquired and loaded
[    0.989710] ACPI: _OSC evaluation for CPUs failed, trying _PDC
[    0.992997] ACPI: Interpreter enabled
[    0.993747] ACPI: PM: (supports S0 S5)
[    0.993972] ACPI: Using IOAPIC for interrupt routing
[    0.994556] PCI: Using host bridge windows from ACPI; if necessary, use "pci=nocrs" and report a bug
[    1.001410] PCI: Using E820 reservations for host bridge windows
[    1.003282] ACPI: Enabled 2 GPEs in block 00 to 0F
[    1.033714] ACPI: PCI Root Bridge [PCI0] (domain 0000 [bus 00-ff])
[    1.034618] acpi PNP0A03:00: _OSC: OS supports [ASPM ClockPM Segments MSI HPX-Type3]
[    1.035119] acpi PNP0A03:00: _OSC: not requesting OS control; OS requires [ExtendedConfig ASPM ClockPM MSI]
[    1.036019] acpi PNP0A03:00: fail to add MMCONFIG information, can't access extended configuration space under this bridge
[    1.045999] acpiphp: Slot [3] registered
[    1.046463] acpiphp: Slot [4] registered
[    1.046744] acpiphp: Slot [5] registered
[    1.047009] acpiphp: Slot [6] registered
[    1.051405] acpiphp: Slot [7] registered
[    1.051903] acpiphp: Slot [8] registered
[    1.052208] acpiphp: Slot [9] registered
[    1.052519] acpiphp: Slot [10] registered
[    1.052786] acpiphp: Slot [11] registered
[    1.053057] acpiphp: Slot [12] registered
[    1.054710] acpiphp: Slot [13] registered
[    1.061448] acpiphp: Slot [14] registered
[    1.061914] acpiphp: Slot [15] registered
[    1.062243] acpiphp: Slot [16] registered
[    1.062514] acpiphp: Slot [17] registered
[    1.062776] acpiphp: Slot [18] registered
[    1.063047] acpiphp: Slot [19] registered
[    1.071406] acpiphp: Slot [20] registered
[    1.071855] acpiphp: Slot [21] registered
[    1.072339] acpiphp: Slot [22] registered
[    1.072635] acpiphp: Slot [23] registered
[    1.072905] acpiphp: Slot [24] registered
[    1.073194] acpiphp: Slot [25] registered
[    1.081412] acpiphp: Slot [26] registered
[    1.081801] acpiphp: Slot [27] registered
[    1.082095] acpiphp: Slot [28] registered
[    1.082361] acpiphp: Slot [29] registered
[    1.082624] acpiphp: Slot [30] registered
[    1.082890] acpiphp: Slot [31] registered
[    1.091581] PCI host bridge to bus 0000:00
[    1.092181] pci_bus 0000:00: root bus resource [io  0x0000-0x0cf7 window]
[    1.101458] pci_bus 0000:00: root bus resource [io  0x0d00-0xffff window]
[    1.101749] pci_bus 0000:00: root bus resource [mem 0x000a0000-0x000bffff window]
[    1.111147] pci_bus 0000:00: root bus resource [mem 0x08000000-0xfebfffff window]
[    1.111647] pci_bus 0000:00: root bus resource [mem 0x100000000-0x17fffffff window]
[    1.112212] pci_bus 0000:00: root bus resource [bus 00-ff]
[    1.113715] pci 0000:00:00.0: [8086:1237] type 00 class 0x060000
[    1.125127] pci 0000:00:01.0: [8086:7000] type 00 class 0x060100
[    1.126022] pci 0000:00:01.1: [8086:7010] type 00 class 0x010180
[    1.128929] pci 0000:00:01.1: reg 0x20: [io  0xc0e0-0xc0ef]
[    1.131187] pci 0000:00:01.1: legacy IDE quirk: reg 0x10: [io  0x01f0-0x01f7]
[    1.132892] pci 0000:00:01.1: legacy IDE quirk: reg 0x14: [io  0x03f6]
[    1.133311] pci 0000:00:01.1: legacy IDE quirk: reg 0x18: [io  0x0170-0x0177]
[    1.133622] pci 0000:00:01.1: legacy IDE quirk: reg 0x1c: [io  0x0376]
[    1.134640] pci 0000:00:01.3: [8086:7113] type 00 class 0x068000
[    1.141831] pci 0000:00:01.3: quirk: [io  0x0600-0x063f] claimed by PIIX4 ACPI
[    1.142235] pci 0000:00:01.3: quirk: [io  0x0700-0x070f] claimed by PIIX4 SMB
[    1.143069] pci 0000:00:02.0: [1234:1111] type 00 class 0x030000
[    1.143790] pci 0000:00:02.0: reg 0x10: [mem 0xfd000000-0xfdffffff pref]
[    1.152695] pci 0000:00:02.0: reg 0x18: [mem 0xfeb90000-0xfeb90fff]
[    1.155963] pci 0000:00:02.0: reg 0x30: [mem 0xfeb80000-0xfeb8ffff pref]
[    1.156510] pci 0000:00:02.0: Video device with shadowed ROM at [mem 0x000c0000-0x000dffff]
[    1.162269] pci 0000:00:03.0: [1af4:1000] type 00 class 0x020000
[    1.163066] pci 0000:00:03.0: reg 0x10: [io  0xc080-0xc09f]
[    1.165910] pci 0000:00:03.0: reg 0x20: [mem 0xfe000000-0xfe003fff 64bit pref]
[    1.171348] pci 0000:00:03.0: reg 0x30: [mem 0xfea80000-0xfeafffff pref]
[    1.182929] pci 0000:00:04.0: [1af4:1005] type 00 class 0x00ff00
[    1.183772] pci 0000:00:04.0: reg 0x10: [io  0xc0a0-0xc0bf]
[    1.184607] pci 0000:00:04.0: reg 0x14: [mem 0xfeb91000-0xfeb91fff]
[    1.187949] pci 0000:00:04.0: reg 0x20: [mem 0xfe004000-0xfe007fff 64bit pref]
[    1.194148] pci 0000:00:05.0: [1af4:1000] type 00 class 0x020000
[    1.196221] pci 0000:00:05.0: reg 0x10: [io  0xc0c0-0xc0df]
[    1.197372] pci 0000:00:05.0: reg 0x14: [mem 0xfeb92000-0xfeb92fff]
[    1.201145] pci 0000:00:05.0: reg 0x20: [mem 0xfe008000-0xfe00bfff 64bit pref]
[    1.202207] pci 0000:00:05.0: reg 0x30: [mem 0xfeb00000-0xfeb7ffff pref]
[    1.206198] pci 0000:00:06.0: [1af4:1001] type 00 class 0x010000
[    1.207669] pci 0000:00:06.0: reg 0x10: [io  0xc000-0xc07f]
[    1.211994] pci 0000:00:06.0: reg 0x14: [mem 0xfeb93000-0xfeb93fff]
[    1.213654] pci 0000:00:06.0: reg 0x20: [mem 0xfe00c000-0xfe00ffff 64bit pref]
[    1.223189] ACPI: PCI: Interrupt link LNKA configured for IRQ 10
[    1.224101] ACPI: PCI: Interrupt link LNKB configured for IRQ 10
[    1.224795] ACPI: PCI: Interrupt link LNKC configured for IRQ 11
[    1.225456] ACPI: PCI: Interrupt link LNKD configured for IRQ 11
[    1.225923] ACPI: PCI: Interrupt link LNKS configured for IRQ 9
[    1.235558] iommu: Default domain type: Translated
[    1.235795] iommu: DMA domain TLB invalidation policy: lazy mode
[    1.238091] SCSI subsystem initialized
[    1.242591] ACPI: bus type USB registered
[    1.243138] usbcore: registered new interface driver usbfs
[    1.245324] usbcore: registered new interface driver hub
[    1.245802] usbcore: registered new device driver usb
[    1.246379] pps_core: LinuxPPS API ver. 1 registered
[    1.246596] pps_core: Software ver. 5.3.6 - Copyright 2005-2007 Rodolfo Giometti <giometti@linux.it>
[    1.251453] PTP clock support registered
[    1.269099] PCI: Using ACPI for IRQ routing
[    1.271875] hpet0: at MMIO 0xfed00000, IRQs 2, 8, 0
[    1.272184] hpet0: 3 comparators, 64-bit 100.000000 MHz counter
[    1.278420] clocksource: Switched to clocksource tsc-early
[    1.278420] pnp: PnP ACPI init
[    1.278805] pnp: PnP ACPI: found 6 devices
[    1.292933] clocksource: acpi_pm: mask: 0xffffff max_cycles: 0xffffff, max_idle_ns: 2085701024 ns
[    1.293913] NET: Registered PF_INET protocol family
[    1.295373] IP idents hash table entries: 2048 (order: 2, 16384 bytes, linear)
[    1.300830] tcp_listen_portaddr_hash hash table entries: 256 (order: 0, 4096 bytes, linear)
[    1.303942] Table-perturb hash table entries: 65536 (order: 6, 262144 bytes, linear)
[    1.304502] TCP established hash table entries: 1024 (order: 1, 8192 bytes, linear)
[    1.305012] TCP bind hash table entries: 1024 (order: 3, 32768 bytes, linear)
[    1.314644] TCP: Hash tables configured (established 1024 bind 1024)
[    1.316744] MPTCP token hash table entries: 256 (order: 1, 6144 bytes, linear)
[    1.317309] UDP hash table entries: 256 (order: 1, 8192 bytes, linear)
[    1.317808] UDP-Lite hash table entries: 256 (order: 1, 8192 bytes, linear)
[    1.326977] NET: Registered PF_UNIX/PF_LOCAL protocol family
[    1.328173] pci_bus 0000:00: resource 4 [io  0x0000-0x0cf7 window]
[    1.328437] pci_bus 0000:00: resource 5 [io  0x0d00-0xffff window]
[    1.328698] pci_bus 0000:00: resource 6 [mem 0x000a0000-0x000bffff window]
[    1.336322] pci_bus 0000:00: resource 7 [mem 0x08000000-0xfebfffff window]
[    1.336762] pci_bus 0000:00: resource 8 [mem 0x100000000-0x17fffffff window]
[    1.337541] pci 0000:00:01.0: PIIX3: Enabling Passive Release
[    1.337877] pci 0000:00:00.0: Limiting direct PCI/PCI transfers
[    1.347770] PCI: CLS 0 bytes, default 64
[    1.380238] workingset: timestamp_bits=46 max_order=15 bucket_order=0
[    1.382357] squashfs: version 4.0 (2009/01/31) Phillip Lougher
[    1.385363] Block layer SCSI generic (bsg) driver version 0.4 loaded (major 247)
[    1.389222] hv_vmbus: registering driver hyperv_fb
[    1.394676] input: Power Button as /devices/LNXSYSTM:00/LNXPWRBN:00/input/input0
[    1.408974] ACPI: button: Power Button [PWRF]
[    1.599269] ACPI: \_SB_.LNKC: Enabled at IRQ 11
[    1.783350] ACPI: \_SB_.LNKD: Enabled at IRQ 10
[    1.965918] ACPI: \_SB_.LNKA: Enabled at IRQ 10
[    2.148238] ACPI: \_SB_.LNKB: Enabled at IRQ 11
[    2.150170] Serial: 8250/16550 driver, 16 ports, IRQ sharing enabled
[    2.174986] 00:04: ttyS0 at I/O 0x3f8 (irq = 4, base_baud = 115200) is a 16550A
[    2.218801] Non-volatile memory driver v1.3
[    2.230783] Linux agpgart interface v0.103
[    2.231650] AMD-Vi: AMD IOMMUv2 functionality not available on this system - This is not a bug.
[    2.232269] ACPI: bus type drm_connector registered
[    2.234750] [drm] Found bochs VGA, ID 0xb0c5.
[    2.234973] [drm] Framebuffer size 16384 kB @ 0xfd000000, mmio @ 0xfeb90000.
[    2.248271] [drm] Found EDID data blob.
[    2.253720] [drm] Initialized bochs-drm 1.0.0 20130925 for 0000:00:02.0 on minor 0
[    2.323240] Console: switching to colour frame buffer device 160x50
[    2.332234] bochs-drm 0000:00:02.0: [drm] fb0: bochs-drmdrmfb frame buffer device
[    2.372638] loop: module loaded
[    2.373477] virtio_blk virtio3: 1/0/0 default/read/poll queues
[    2.378660] virtio_blk virtio3: [vda] 246784 512-byte logical blocks (126 MB/121 MiB)
[    2.387378]  vda: vda1 vda2
[    2.390684] Guest personality initialized and is inactive
[    2.391271] VMCI host device registered (name=vmci, major=10, minor=256)
[    2.391574] Initialized host personality
[    2.392516] VMware PVSCSI driver - version 1.0.7.0-k
[    2.392991] hv_vmbus: registering driver hv_storvsc
[    2.415765] tsc: Refined TSC clocksource calibration: 2445.440 MHz
[    2.416572] clocksource: tsc: mask: 0xffffffffffffffff max_cycles: 0x233fe5130d9, max_idle_ns: 440795243750 ns
[    2.417241] clocksource: Switched to clocksource tsc
[    2.423953] scsi host0: ata_piix
[    2.429463] scsi host1: ata_piix
[    2.430508] ata1: PATA max MWDMA2 cmd 0x1f0 ctl 0x3f6 bmdma 0xc0e0 irq 14
[    2.430837] ata2: PATA max MWDMA2 cmd 0x170 ctl 0x376 bmdma 0xc0e8 irq 15
[    2.441032] VMware vmxnet3 virtual NIC driver - version 1.7.0.0-k-NAPI
[    2.441669] hv_vmbus: registering driver hv_netvsc
[    2.442067] Fusion MPT base driver 3.04.20
[    2.442243] Copyright (c) 1999-2008 LSI Corporation
[    2.442642] Fusion MPT SPI Host driver 3.04.20
[    2.451906] Fusion MPT SAS Host driver 3.04.20
[    2.454204] usbcore: registered new interface driver usb-storage
[    2.455444] i8042: PNP: PS/2 Controller [PNP0303:KBD,PNP0f13:MOU] at 0x60,0x64 irq 1,12
[    2.461510] serio: i8042 KBD port at 0x60,0x64 irq 1
[    2.464290] serio: i8042 AUX port at 0x60,0x64 irq 12
[    2.466497] hv_vmbus: registering driver hyperv_keyboard
[    2.468992] rtc_cmos 00:05: RTC can wake from S4
[    2.474243] rtc_cmos 00:05: registered as rtc0
[    2.476969] rtc_cmos 00:05: setting system clock to 2026-03-26T03:00:13 UTC (1774494013)
[    2.479498] rtc_cmos 00:05: alarms up to one day, y3k, 242 bytes nvram, hpet irqs
[    2.482468] amd_pstate: the _CPC object is not present in SBIOS or ACPI disabled
[    2.485142] sdhci: Secure Digital Host Controller Interface driver
[    2.490033] sdhci: Copyright(c) Pierre Ossman
[    2.499385] input: AT Translated Set 2 keyboard as /devices/platform/i8042/serio0/input/input1
[    2.531847] hid: raw HID events driver (C) Jiri Kosina
[    2.534559] hv_vmbus: registering driver hid_hyperv
[    2.537394] usbcore: registered new interface driver usbhid
[    2.539595] usbhid: USB HID core driver
[    2.541860] hv_utils: Registering HyperV Utility Driver
[    2.544480] hv_vmbus: registering driver hv_utils
[    2.546578] hv_vmbus: registering driver hv_balloon
[    2.549980] NET: Registered PF_INET6 protocol family
[    2.566760] Segment Routing with IPv6
[    2.569042] In-situ OAM (IOAM) with IPv6
[    2.571555] NET: Registered PF_PACKET protocol family
[    2.574238] bridge: filtering via arp/ip/ip6tables is no longer available by default. Update your scripts to load br_netfilter if you need this.
[    2.583683] 8021q: 802.1Q VLAN Support v1.8
[    2.586395] NET: Registered PF_VSOCK protocol family
[    2.596188] IPI shorthand broadcast: enabled
[    2.598452] AVX2 version of gcm_enc/dec engaged.
[    2.605085] AES CTR mode by8 optimization enabled
[    2.625671] sched_clock: Marking stable (2380054261, 242750381)->(2662554185, -39749543)
[    2.675309] ata2: found unknown device (class 0)
[    2.765137] ata2.00: ATAPI: QEMU DVD-ROM, 2.5+, max UDMA/100
[    2.773424] clk: Disabling unused clocks
[    2.794774] scsi 1:0:0:0: CD-ROM            QEMU     QEMU DVD-ROM     2.5+ PQ: 0 ANSI: 5
[    2.864729] sr 1:0:0:0: [sr0] scsi3-mmc drive: 4x/4x cd/rw xa/form2 tray
[    2.867231] cdrom: Uniform CD-ROM driver Revision: 3.20
[    2.922505] VFS: Mounted root (squashfs filesystem) readonly on device 254:2.
[    2.990534] Freeing unused kernel image (initmem) memory: 2452K
[    2.992990] Write protecting the kernel read-only data: 18432k
[    2.997534] Freeing unused kernel image (rodata/data gap) memory: 1800K
[    3.000061] Run /sbin/init as init process
[    3.261855] init: Console is alive
[    3.985918] kmodloader: loading kernel modules from /etc/modules-boot.d/*
[    4.048569] button_hotplug: loading out-of-tree module taints kernel.
[    4.055335] Button Hotplug driver version 0.4.1
[    4.078724] Intel(R) 2.5G Ethernet Linux Driver
[    4.081060] Copyright(c) 2018 Intel Corporation.
[    4.099515] igb: Intel(R) Gigabit Ethernet Network Driver
[    4.101889] igb: Copyright (c) 2007-2014 Intel Corporation.
[    4.117211] kmodloader: done loading kernel modules from /etc/modules-boot.d/*
[    4.136330] init: - preinit -
[    5.119758] 8021q: adding VLAN 0 to HW filter on device eth0
Press the [f] key and hit [enter] to enter failsafe mode
Press the [1], [2], [3] or [4] key and hit [enter] to select the debug level
[    9.800661] loop0: detected capacity change from 0 to 212992
[    9.863175] loop0: detected capacity change from 212992 to 196608
[    9.876611] mount_root: overlay filesystem in /dev/loop0 has not been formatted yet
[   10.230761] EXT4-fs (loop0): mounted filesystem c9b08195-2b1c-4251-bd55-8f0e83f98e7b r/w with ordered data mode. Quota mode: disabled.
[   10.244588] mount_root: overlay filesystem has not been fully initialized yet
[   10.262484] mount_root: switching to ext4 overlay
[   10.285554] overlayfs: null uuid detected in lower fs '/', falling back to xino=off,index=off,nfs_export=off.
[   11.025077] EXT4-fs (vda1): mounted filesystem 84173db5-fa99-e35a-95c6-28613cc79ea9 r/w without journal. Quota mode: disabled.
[   11.048655] urandom-seed: Seed file not found (/etc/urandom.seed)
[   11.197555] procd: - early -
[   11.991280] procd: - ubus -
[   12.185034] procd: - init -
Please press Enter to activate this console.
root
login[999]: root login on 'ttyS0'


BusyBox v1.36.1 (2026-03-17 22:48:43 UTC) built-in shell (ash)

  _______                     ________        __
 |       |.-----.-----.-----.|  |  |  |.----.|  |_
 |   -   ||  _  |  -__|     ||  |  |  ||   _||   _|
 |_______||   __|_____|__|__||________||__|  |____|
          |__| W I R E L E S S   F R E E D O M
 -----------------------------------------------------
 OpenWrt 24.10-SNAPSHOT, r29143-214a657cfa
 -----------------------------------------------------
  ___   __ __                _______             __
 |   |_|__|  |--.----.-----.|   |   |-----.-----|  |--.
 |     |  |  _  |   _|  -__||       |  -__|__ --|     |
 |_____|__|_____|__| |_____||__|_|__|_____|_____|__|__|

 ------------------------------------------------------
 LiMe master development (master rev. 7929208 20260304_1752)
 ------------------------------------------------------
 https://libremesh.org
 ------------------------------------------------------

 === System Notes =================================================

 = edit via http://thisnode.info/app/#/notes or /etc/banner.notes =

=== WARNING! =====================================
There is no root password defined on this device!
Use the "passwd" command to set up a new password
in order to prevent unauthorized SSH logins.
--------------------------------------------------
root@(none):~# dmesg -n 1
root@(none):~# echo 'CUSK''ESOWFX'
CUSKESOWFX
root@(none):~# run() { echo -n "$MARKER"; sh -c "$@"; echo "$MARKER $?"; }
root@(none):~# echo 'ASAC''TSOCPB'
ASACTSOCPB
root@(none):~# MARKER='CHNN''ATSWLY' run 'ubus wait_for network.interface.lan'
CHNNATSWLY