Labgrid Console Logfile for main
Logfile started at 2026-04-12 01:56:13.210853
=== Log starts here ===
c[?7l[2J[0mSeaBIOS (version 1.16.3-debian-1.16.3-2)


iPXE (https://ipxe.org) 00:03.0 CA00 PCI2.10 PnP PMM+06FCAE70+06F0AE70 CA00
Press Ctrl-B to configure iPXE (PCI 00:03.0)...                                                                               




iPXE (https://ipxe.org) 00:05.0 CB00 PCI2.10 PnP PMM 06FCAE70 06F0AE70 CB00
Press Ctrl-B to configure iPXE (PCI 00:05.0)...                                                                               


Booting from Hard Disk...
GRUB loading.....
[0;30;47mWelcome to GRUB![01;01H[0m[2J[H[J[1;1H[?25l[m[H[J[1;1H[2;30HGNU GRUB  version 2.12

[m[4;2H+----------------------------------------------------------------------------+[5;2H|[5;79H|[6;2H|[6;79H|[7;2H|[7;79H|[8;2H|[8;79H|[9;2H|[9;79H|[10;2H|[10;79H|[11;2H|[11;79H|[12;2H|[12;79H|[13;2H|[13;79H|[14;2H|[14;79H|[15;2H|[15;79H|[16;2H+----------------------------------------------------------------------------+[m[17;2H[18;2H[m     Use the ^ and v keys to select which entry is highlighted.          
      Press enter to boot the selected OS, `e' to edit the commands       
      before booting or `c' for a command-line. ESC to return             
      previous menu.                                                      [5;80H [7m[5;3H*OpenWrt                                                                    [m[5;78H[m[m[6;3H OpenWrt (failsafe)                                                         [m[6;78H[m[m[7;3H                                                                            [m[7;78H[m[m[8;3H                                                                            [m[8;78H[m[m[9;3H                                                                            [m[9;78H[m[m[10;3H                                                                            [m[10;78H[m[m[11;3H                                                                            [m[11;78H[m[m[12;3H                                                                            [m[12;78H[m[m[13;3H                                                                            [m[13;78H[m[m[14;3H                                                                            [m[14;78H[m[m[15;3H                                                                            [m[15;78H[m[15;80H [5;78H[2J[02;30HGNU GRUB  version 2.12[04;02H┌────────────────────────────────────────────────────────────────────────────┐[05;02H│[05;79H│[06;02H│[06;79H│[07;02H│[07;79H│[08;02H│[08;79H│[09;02H│[09;79H│[10;02H│[10;79H│[11;02H│[11;79H│[12;02H│[12;79H│[13;02H│[13;79H│[14;02H│[14;79H│[15;02H│[15;79H│[16;02H│[16;79H│[17;02H└────────────────────────────────────────────────────────────────────────────┘[19;02H [19;02H[19;03H    Use the ↑ and ↓ keys to select which entry is highlighted.          
      Press enter to boot the selected OS, `e' to edit the commands       
      before booting or `c' for a command-line. ESC to return             
      previous menu.                                                      [05;80H [05;03H[0;30;47m*OpenWrt                                                                    [06;03H[0m OpenWrt (failsafe)                                                         [07;03H                                                                            [08;03H                                                                            [09;03H                                       [09;41H[09;42H                                     [10;03H                                                                            [11;03H                                                                            [12;03H                                                                            [13;03H                                                                            [14;03H                                                                            [15;03H                                                                   [15;69H[15;70H         [16;03H                                                                            [16;80H 






   The highlighted entry will be executed automatically in 5s.                [22;1H   The highlighted entry will be executed automatically in 5s.                 [5;78H [05;78H

















   The highlighted entry will be execu[23;38H[23;39Hted automatically in 4s.                [22;1H   The highlighted entry will be executed automatically in 4s.                 [5;78H [05;78H

















   The highlighted entry will be executed automatically in 3s.                [22;1H   The highlighted entry will be executed automatically in 3s.                 [5;78H [05;78H

















   The highlighted entry will be executed automatically in 2s.                [22;1H   The highlighted entry will be executed automatically in 2s.                 [5;78H [05;78H

















   The highlighted entry will be executed automatically in 1s.                [22;1H   The highlighted entry will be executed automatically in 1s.                 [5;78H [05;78H

















   The highlighted entry will be executed automatically in 0s.   [23;65H[23;66H             [22;1H   The highlighted entry will be executed automatically in 0s.                 [5;78H [01;01H[2J[?25h[H[J[1;1H[H[J[1;1H[2J   Booting `OpenWrt' Booting `OpenWrt

'

[    0.000000] Linux version 6.6.129 (builder@buildhost) (x86_64-openwrt-linux-musl-gcc (OpenWrt GCC 13.3.0 r29149-fbca86e8bd) 13.3.0, GNU ld (GNU Binutils) 2.42) #0 SMP Fri Apr 10 16:31:26 2026
[    0.000000] Command line: BOOT_IMAGE=/boot/vmlinuz root=PARTUUID=898f55a1-02 rootwait console=tty1 console=ttyS0,115200n8 noinitrd
[    0.000000] BIOS-provided physical RAM map:
[    0.000000] BIOS-e820: [mem 0x0000000000000000-0x000000000009fbff] usable
[    0.000000] BIOS-e820: [mem 0x000000000009fc00-0x000000000009ffff] reserved
[    0.000000] BIOS-e820: [mem 0x00000000000f0000-0x00000000000fffff] reserved
[    0.000000] BIOS-e820: [mem 0x0000000000100000-0x0000000007fdcfff] usable
[    0.000000] BIOS-e820: [mem 0x0000000007fdd000-0x0000000007ffffff] reserved
[    0.000000] BIOS-e820: [mem 0x00000000fffc0000-0x00000000ffffffff] reserved
[    0.000000] BIOS-e820: [mem 0x000000fd00000000-0x000000ffffffffff] reserved
[    0.000000] NX (Execute Disable) protection: active
[    0.000000] APIC: Static calls initialized
[    0.000000] SMBIOS 3.0.0 present.
[    0.000000] DMI: QEMU Standard PC (i440FX + PIIX, 1996), BIOS 1.16.3-debian-1.16.3-2 04/01/2014
[    0.000000] tsc: Fast TSC calibration using PIT
[    0.000000] tsc: Detected 2445.423 MHz processor
[    0.009255] last_pfn = 0x7fdd max_arch_pfn = 0x400000000
[    0.009865] MTRR map: 4 entries (3 fixed + 1 variable; max 19), built from 8 variable MTRRs
[    0.010038] x86/PAT: Configuration [0-7]: WB  WC  UC- UC  WB  WP  UC- WT  
[    0.028291] found SMP MP-table at [mem 0x000f5460-0x000f546f]
[    0.029590] Using GB pages for direct mapping
[    0.033310] ACPI: Early table checksum verification disabled
[    0.033624] ACPI: RSDP 0x00000000000F5290 000014 (v00 BOCHS )
[    0.033918] ACPI: RSDT 0x0000000007FE1C64 000034 (v01 BOCHS  BXPC     00000001 BXPC 00000001)
[    0.034429] ACPI: FACP 0x0000000007FE1B18 000074 (v01 BOCHS  BXPC     00000001 BXPC 00000001)
[    0.035074] ACPI: DSDT 0x0000000007FE0040 001AD8 (v01 BOCHS  BXPC     00000001 BXPC 00000001)
[    0.035173] ACPI: FACS 0x0000000007FE0000 000040
[    0.035258] ACPI: APIC 0x0000000007FE1B8C 000078 (v03 BOCHS  BXPC     00000001 BXPC 00000001)
[    0.035290] ACPI: HPET 0x0000000007FE1C04 000038 (v01 BOCHS  BXPC     00000001 BXPC 00000001)
[    0.035318] ACPI: WAET 0x0000000007FE1C3C 000028 (v01 BOCHS  BXPC     00000001 BXPC 00000001)
[    0.035404] ACPI: Reserving FACP table memory at [mem 0x7fe1b18-0x7fe1b8b]
[    0.035453] ACPI: Reserving DSDT table memory at [mem 0x7fe0040-0x7fe1b17]
[    0.035463] ACPI: Reserving FACS table memory at [mem 0x7fe0000-0x7fe003f]
[    0.035470] ACPI: Reserving APIC table memory at [mem 0x7fe1b8c-0x7fe1c03]
[    0.035477] ACPI: Reserving HPET table memory at [mem 0x7fe1c04-0x7fe1c3b]
[    0.035484] ACPI: Reserving WAET table memory at [mem 0x7fe1c3c-0x7fe1c63]
[    0.038499] Zone ranges:
[    0.038535]   DMA      [mem 0x0000000000001000-0x0000000000ffffff]
[    0.038609]   DMA32    [mem 0x0000000001000000-0x0000000007fdcfff]
[    0.038623]   Normal   empty
[    0.038646] Movable zone start for each node
[    0.038674] Early memory node ranges
[    0.038703]   node   0: [mem 0x0000000000001000-0x000000000009efff]
[    0.038748]   node   0: [mem 0x0000000000100000-0x0000000007fdcfff]
[    0.038856] Initmem setup node 0 [mem 0x0000000000001000-0x0000000007fdcfff]
[    0.039681] On node 0, zone DMA: 1 pages in unavailable ranges
[    0.040021] On node 0, zone DMA: 97 pages in unavailable ranges
[    0.041046] On node 0, zone DMA32: 35 pages in unavailable ranges
[    0.041370] ACPI: PM-Timer IO Port: 0x608
[    0.041714] ACPI: LAPIC_NMI (acpi_id[0xff] dfl dfl lint[0x1])
[    0.042114] IOAPIC[0]: apic_id 0, version 32, address 0xfec00000, GSI 0-23
[    0.042248] ACPI: INT_SRC_OVR (bus 0 bus_irq 0 global_irq 2 dfl dfl)
[    0.042494] ACPI: INT_SRC_OVR (bus 0 bus_irq 5 global_irq 5 high level)
[    0.042550] ACPI: INT_SRC_OVR (bus 0 bus_irq 9 global_irq 9 high level)
[    0.042636] ACPI: INT_SRC_OVR (bus 0 bus_irq 10 global_irq 10 high level)
[    0.042649] ACPI: INT_SRC_OVR (bus 0 bus_irq 11 global_irq 11 high level)
[    0.042834] ACPI: Using ACPI (MADT) for SMP configuration information
[    0.042876] ACPI: HPET id: 0x8086a201 base: 0xfed00000
[    0.043153] smpboot: Allowing 1 CPUs, 0 hotplug CPUs
[    0.044248] [mem 0x08000000-0xfffbffff] available for PCI devices
[    0.044302] Booting paravirtualized kernel on bare hardware
[    0.044583] clocksource: refined-jiffies: mask: 0xffffffff max_cycles: 0xffffffff, max_idle_ns: 19112604462750000 ns
[    0.045215] setup_percpu: NR_CPUS:512 nr_cpumask_bits:1 nr_cpu_ids:1 nr_node_ids:1
[    0.046794] percpu: Embedded 48 pages/cpu s158248 r8192 d30168 u2097152
[    0.049012] Kernel command line: BOOT_IMAGE=/boot/vmlinuz root=PARTUUID=898f55a1-02 rootwait console=tty1 console=ttyS0,115200n8 noinitrd
[    0.050636] random: crng init done
[    0.055369] Dentry cache hash table entries: 16384 (order: 5, 131072 bytes, linear)
[    0.056318] Inode-cache hash table entries: 8192 (order: 4, 65536 bytes, linear)
[    0.058962] Built 1 zonelists, mobility grouping on.  Total pages: 31965
[    0.059182] mem auto-init: stack:off, heap alloc:off, heap free:off
[    0.062742] Memory: 102576K/130540K available (14336K kernel code, 1170K rwdata, 2296K rodata, 2452K init, 2408K bss, 27708K reserved, 0K cma-reserved)
[    0.068652] SLUB: HWalign=64, Order=0-3, MinObjects=0, CPUs=1, Nodes=1
[    0.075965] rcu: Hierarchical RCU implementation.
[    0.075995] rcu: 	RCU restricting CPUs from NR_CPUS=512 to nr_cpu_ids=1.
[    0.076107] 	Tracing variant of Tasks RCU enabled.
[    0.076209] rcu: RCU calculated value of scheduler-enlistment delay is 10 jiffies.
[    0.076240] rcu: Adjusting geometry for rcu_fanout_leaf=16, nr_cpu_ids=1
[    0.077354] NR_IRQS: 33024, nr_irqs: 256, preallocated irqs: 16
[    0.085840] rcu: srcu_init: Setting srcu_struct sizes based on contention.
[    0.092596] Console: colour VGA+ 80x25
[    0.092888] printk: console [tty1] enabled
[    0.100467] printk: console [ttyS0] enabled
[    0.331363] ACPI: Core revision 20230628
[    0.336411] clocksource: hpet: mask: 0xffffffff max_cycles: 0xffffffff, max_idle_ns: 19112604467 ns
[    0.341262] APIC: Switch to symmetric I/O mode setup
[    0.347742] ..TIMER: vector=0x30 apic1=0 pin1=2 apic2=-1 pin2=-1
[    0.398244] clocksource: tsc-early: mask: 0xffffffffffffffff max_cycles: 0x233fd4ff307, max_idle_ns: 440795280170 ns
[    0.398993] Calibrating delay loop (skipped), value calculated using timer frequency.. 4890.84 BogoMIPS (lpj=24454230)
[    0.400723] x86/cpu: User Mode Instruction Prevention (UMIP) activated
[    0.415321] Last level iTLB entries: 4KB 0, 2MB 0, 4MB 0
[    0.415725] Last level dTLB entries: 4KB 0, 2MB 0, 4MB 0, 1GB 0
[    0.418906] Spectre V1 : Mitigation: usercopy/swapgs barriers and __user pointer sanitization
[    0.419677] Spectre V2 : Mitigation: Retpolines
[    0.420521] Spectre V2 : Spectre v2 / SpectreRSB: Filling RSB on context switch and VMEXIT
[    0.421131] Speculative Store Bypass: Vulnerable
[    0.423675] x86/fpu: Supporting XSAVE feature 0x001: 'x87 floating point registers'
[    0.428082] x86/fpu: Supporting XSAVE feature 0x002: 'SSE registers'
[    0.429988] x86/fpu: Supporting XSAVE feature 0x004: 'AVX registers'
[    0.430223] x86/fpu: Supporting XSAVE feature 0x008: 'MPX bounds registers'
[    0.430468] x86/fpu: Supporting XSAVE feature 0x010: 'MPX CSR'
[    0.430882] x86/fpu: xstate_offset[2]:  576, xstate_sizes[2]:  256
[    0.439026] x86/fpu: xstate_offset[3]:  960, xstate_sizes[3]:   64
[    0.439375] x86/fpu: xstate_offset[4]: 1024, xstate_sizes[4]:   64
[    0.439764] x86/fpu: Enabled xstate features 0x1f, context size is 1088 bytes, using 'standard' format.
[    0.724071] Freeing SMP alternatives memory: 40K
[    0.725463] pid_max: default: 32768 minimum: 301
[    0.734473] Mount-cache hash table entries: 512 (order: 0, 4096 bytes, linear)
[    0.734849] Mountpoint-cache hash table entries: 512 (order: 0, 4096 bytes, linear)
[    0.883980] smpboot: CPU0: AMD QEMU TCG CPU version 2.5+ (family: 0x6, model: 0x6, stepping: 0x3)
[    0.888838] RCU Tasks Trace: Setting shift to 0 and lim to 1 rcu_task_cb_adjust=1 rcu_task_cpu_ids=1.
[    0.888838] Performance Events: PMU not available due to virtualization, using software events only.
[    0.889866] signal: max sigframe size: 1616
[    0.892449] rcu: Hierarchical SRCU implementation.
[    0.892673] rcu: 	Max phase no-delay instances is 1000.
[    0.895718] smp: Bringing up secondary CPUs ...
[    0.900344] smp: Brought up 1 node, 1 CPU
[    0.901023] smpboot: Max logical packages: 1
[    0.901473] smpboot: Total of 1 processors activated (4890.84 BogoMIPS)
[    0.917191] clocksource: jiffies: mask: 0xffffffff max_cycles: 0xffffffff, max_idle_ns: 19112604462750000 ns
[    0.918003] futex hash table entries: 256 (order: 2, 16384 bytes, linear)
[    0.919198] pinctrl core: initialized pinctrl subsystem
[    0.938380] NET: Registered PF_NETLINK/PF_ROUTE protocol family
[    0.945017] thermal_sys: Registered thermal governor 'step_wise'
[    0.945060] thermal_sys: Registered thermal governor 'user_space'
[    0.945930] cpuidle: using governor ladder
[    0.946449] cpuidle: using governor menu
[    0.950242] acpiphp: ACPI Hot Plug PCI Controller Driver version: 0.5
[    0.952920] PCI: Using configuration type 1 for base access
[    0.962052] cryptd: max_cpu_qlen set to 1000
[    0.966783] ACPI: Added _OSI(Module Device)
[    0.966972] ACPI: Added _OSI(Processor Device)
[    0.967142] ACPI: Added _OSI(Processor Aggregator Device)
[    0.982208] ACPI: 1 ACPI AML tables successfully acquired and loaded
[    0.996638] ACPI: _OSC evaluation for CPUs failed, trying _PDC
[    0.998685] ACPI: Interpreter enabled
[    0.999483] ACPI: PM: (supports S0 S5)
[    0.999692] ACPI: Using IOAPIC for interrupt routing
[    1.000308] PCI: Using host bridge windows from ACPI; if necessary, use "pci=nocrs" and report a bug
[    1.007147] PCI: Using E820 reservations for host bridge windows
[    1.009175] ACPI: Enabled 2 GPEs in block 00 to 0F
[    1.039945] ACPI: PCI Root Bridge [PCI0] (domain 0000 [bus 00-ff])
[    1.040824] acpi PNP0A03:00: _OSC: OS supports [ASPM ClockPM Segments MSI HPX-Type3]
[    1.041309] acpi PNP0A03:00: _OSC: not requesting OS control; OS requires [ExtendedConfig ASPM ClockPM MSI]
[    1.042133] acpi PNP0A03:00: fail to add MMCONFIG information, can't access extended configuration space under this bridge
[    1.053859] acpiphp: Slot [3] registered
[    1.054314] acpiphp: Slot [4] registered
[    1.054586] acpiphp: Slot [5] registered
[    1.054835] acpiphp: Slot [6] registered
[    1.059074] acpiphp: Slot [7] registered
[    1.059538] acpiphp: Slot [8] registered
[    1.059935] acpiphp: Slot [9] registered
[    1.060191] acpiphp: Slot [10] registered
[    1.060434] acpiphp: Slot [11] registered
[    1.060715] acpiphp: Slot [12] registered
[    1.062286] acpiphp: Slot [13] registered
[    1.069147] acpiphp: Slot [14] registered
[    1.069595] acpiphp: Slot [15] registered
[    1.070003] acpiphp: Slot [16] registered
[    1.070264] acpiphp: Slot [17] registered
[    1.070547] acpiphp: Slot [18] registered
[    1.070808] acpiphp: Slot [19] registered
[    1.079096] acpiphp: Slot [20] registered
[    1.079531] acpiphp: Slot [21] registered
[    1.079935] acpiphp: Slot [22] registered
[    1.080254] acpiphp: Slot [23] registered
[    1.080512] acpiphp: Slot [24] registered
[    1.080764] acpiphp: Slot [25] registered
[    1.081016] acpiphp: Slot [26] registered
[    1.089151] acpiphp: Slot [27] registered
[    1.089560] acpiphp: Slot [28] registered
[    1.089935] acpiphp: Slot [29] registered
[    1.090191] acpiphp: Slot [30] registered
[    1.090439] acpiphp: Slot [31] registered
[    1.090870] PCI host bridge to bus 0000:00
[    1.099229] pci_bus 0000:00: root bus resource [io  0x0000-0x0cf7 window]
[    1.099819] pci_bus 0000:00: root bus resource [io  0x0d00-0xffff window]
[    1.100101] pci_bus 0000:00: root bus resource [mem 0x000a0000-0x000bffff window]
[    1.100425] pci_bus 0000:00: root bus resource [mem 0x08000000-0xfebfffff window]
[    1.109019] pci_bus 0000:00: root bus resource [mem 0x100000000-0x17fffffff window]
[    1.109720] pci_bus 0000:00: root bus resource [bus 00-ff]
[    1.119882] pci 0000:00:00.0: [8086:1237] type 00 class 0x060000
[    1.123854] pci 0000:00:01.0: [8086:7000] type 00 class 0x060100
[    1.129504] pci 0000:00:01.1: [8086:7010] type 00 class 0x010180
[    1.132313] pci 0000:00:01.1: reg 0x20: [io  0xc0e0-0xc0ef]
[    1.133569] pci 0000:00:01.1: legacy IDE quirk: reg 0x10: [io  0x01f0-0x01f7]
[    1.133881] pci 0000:00:01.1: legacy IDE quirk: reg 0x14: [io  0x03f6]
[    1.139033] pci 0000:00:01.1: legacy IDE quirk: reg 0x18: [io  0x0170-0x0177]
[    1.139454] pci 0000:00:01.1: legacy IDE quirk: reg 0x1c: [io  0x0376]
[    1.140681] pci 0000:00:01.3: [8086:7113] type 00 class 0x068000
[    1.141262] pci 0000:00:01.3: quirk: [io  0x0600-0x063f] claimed by PIIX4 ACPI
[    1.149075] pci 0000:00:01.3: quirk: [io  0x0700-0x070f] claimed by PIIX4 SMB
[    1.150252] pci 0000:00:02.0: [1234:1111] type 00 class 0x030000
[    1.151006] pci 0000:00:02.0: reg 0x10: [mem 0xfd000000-0xfdffffff pref]
[    1.152531] pci 0000:00:02.0: reg 0x18: [mem 0xfeb90000-0xfeb90fff]
[    1.161826] pci 0000:00:02.0: reg 0x30: [mem 0xfeb80000-0xfeb8ffff pref]
[    1.162377] pci 0000:00:02.0: Video device with shadowed ROM at [mem 0x000c0000-0x000dffff]
[    1.163504] pci 0000:00:03.0: [1af4:1000] type 00 class 0x020000
[    1.169875] pci 0000:00:03.0: reg 0x10: [io  0xc080-0xc09f]
[    1.172507] pci 0000:00:03.0: reg 0x20: [mem 0xfe000000-0xfe003fff 64bit pref]
[    1.173790] pci 0000:00:03.0: reg 0x30: [mem 0xfea80000-0xfeafffff pref]
[    1.183495] pci 0000:00:04.0: [1af4:1005] type 00 class 0x00ff00
[    1.185594] pci 0000:00:04.0: reg 0x10: [io  0xc0a0-0xc0bf]
[    1.186514] pci 0000:00:04.0: reg 0x14: [mem 0xfeb91000-0xfeb91fff]
[    1.189531] pci 0000:00:04.0: reg 0x20: [mem 0xfe004000-0xfe007fff 64bit pref]
[    1.195723] pci 0000:00:05.0: [1af4:1000] type 00 class 0x020000
[    1.198087] pci 0000:00:05.0: reg 0x10: [io  0xc0c0-0xc0df]
[    1.199639] pci 0000:00:05.0: reg 0x14: [mem 0xfeb92000-0xfeb92fff]
[    1.201700] pci 0000:00:05.0: reg 0x20: [mem 0xfe008000-0xfe00bfff 64bit pref]
[    1.207528] pci 0000:00:05.0: reg 0x30: [mem 0xfeb00000-0xfeb7ffff pref]
[    1.212268] pci 0000:00:06.0: [1af4:1001] type 00 class 0x010000
[    1.213988] pci 0000:00:06.0: reg 0x10: [io  0xc000-0xc07f]
[    1.215118] pci 0000:00:06.0: reg 0x14: [mem 0xfeb93000-0xfeb93fff]
[    1.220037] pci 0000:00:06.0: reg 0x20: [mem 0xfe00c000-0xfe00ffff 64bit pref]
[    1.229350] ACPI: PCI: Interrupt link LNKA configured for IRQ 10
[    1.230282] ACPI: PCI: Interrupt link LNKB configured for IRQ 10
[    1.230967] ACPI: PCI: Interrupt link LNKC configured for IRQ 11
[    1.231656] ACPI: PCI: Interrupt link LNKD configured for IRQ 11
[    1.232079] ACPI: PCI: Interrupt link LNKS configured for IRQ 9
[    1.245396] iommu: Default domain type: Translated
[    1.245633] iommu: DMA domain TLB invalidation policy: lazy mode
[    1.249791] SCSI subsystem initialized
[    1.251579] ACPI: bus type USB registered
[    1.252506] usbcore: registered new interface driver usbfs
[    1.253097] usbcore: registered new interface driver hub
[    1.253505] usbcore: registered new device driver usb
[    1.254054] pps_core: LinuxPPS API ver. 1 registered
[    1.254271] pps_core: Software ver. 5.3.6 - Copyright 2005-2007 Rodolfo Giometti <giometti@linux.it>
[    1.259252] PTP clock support registered
[    1.275221] PCI: Using ACPI for IRQ routing
[    1.278363] hpet0: at MMIO 0xfed00000, IRQs 2, 8, 0
[    1.278658] hpet0: 3 comparators, 64-bit 100.000000 MHz counter
[    1.284980] clocksource: Switched to clocksource tsc-early
[    1.287694] pnp: PnP ACPI init
[    1.287694] pnp: PnP ACPI: found 6 devices
[    1.301782] clocksource: acpi_pm: mask: 0xffffff max_cycles: 0xffffff, max_idle_ns: 2085701024 ns
[    1.303076] NET: Registered PF_INET protocol family
[    1.305154] IP idents hash table entries: 2048 (order: 2, 16384 bytes, linear)
[    1.310536] tcp_listen_portaddr_hash hash table entries: 256 (order: 0, 4096 bytes, linear)
[    1.312999] Table-perturb hash table entries: 65536 (order: 6, 262144 bytes, linear)
[    1.313605] TCP established hash table entries: 1024 (order: 1, 8192 bytes, linear)
[    1.314089] TCP bind hash table entries: 1024 (order: 3, 32768 bytes, linear)
[    1.323797] TCP: Hash tables configured (established 1024 bind 1024)
[    1.325891] MPTCP token hash table entries: 256 (order: 1, 6144 bytes, linear)
[    1.326431] UDP hash table entries: 256 (order: 1, 8192 bytes, linear)
[    1.326915] UDP-Lite hash table entries: 256 (order: 1, 8192 bytes, linear)
[    1.336138] NET: Registered PF_UNIX/PF_LOCAL protocol family
[    1.337367] pci_bus 0000:00: resource 4 [io  0x0000-0x0cf7 window]
[    1.337609] pci_bus 0000:00: resource 5 [io  0x0d00-0xffff window]
[    1.337849] pci_bus 0000:00: resource 6 [mem 0x000a0000-0x000bffff window]
[    1.346121] pci_bus 0000:00: resource 7 [mem 0x08000000-0xfebfffff window]
[    1.346492] pci_bus 0000:00: resource 8 [mem 0x100000000-0x17fffffff window]
[    1.347368] pci 0000:00:01.0: PIIX3: Enabling Passive Release
[    1.357301] pci 0000:00:00.0: Limiting direct PCI/PCI transfers
[    1.357619] PCI: CLS 0 bytes, default 64
[    1.390680] workingset: timestamp_bits=46 max_order=15 bucket_order=0
[    1.392839] squashfs: version 4.0 (2009/01/31) Phillip Lougher
[    1.395889] Block layer SCSI generic (bsg) driver version 0.4 loaded (major 247)
[    1.399841] hv_vmbus: registering driver hyperv_fb
[    1.405231] input: Power Button as /devices/LNXSYSTM:00/LNXPWRBN:00/input/input0
[    1.419557] ACPI: button: Power Button [PWRF]
[    1.625322] ACPI: \_SB_.LNKC: Enabled at IRQ 11
[    1.816097] ACPI: \_SB_.LNKD: Enabled at IRQ 10
[    2.003888] ACPI: \_SB_.LNKA: Enabled at IRQ 10
[    2.191439] ACPI: \_SB_.LNKB: Enabled at IRQ 11
[    2.193566] Serial: 8250/16550 driver, 16 ports, IRQ sharing enabled
[    2.218187] 00:04: ttyS0 at I/O 0x3f8 (irq = 4, base_baud = 115200) is a 16550A
[    2.262943] Non-volatile memory driver v1.3
[    2.275257] Linux agpgart interface v0.103
[    2.276129] AMD-Vi: AMD IOMMUv2 functionality not available on this system - This is not a bug.
[    2.276723] ACPI: bus type drm_connector registered
[    2.279005] [drm] Found bochs VGA, ID 0xb0c5.
[    2.279205] [drm] Framebuffer size 16384 kB @ 0xfd000000, mmio @ 0xfeb90000.
[    2.293444] [drm] Found EDID data blob.
[    2.298971] [drm] Initialized bochs-drm 1.0.0 20130925 for 0000:00:02.0 on minor 0
[    2.368030] Console: switching to colour frame buffer device 160x50
[    2.377214] bochs-drm 0000:00:02.0: [drm] fb0: bochs-drmdrmfb frame buffer device
[    2.418495] loop: module loaded
[    2.419343] virtio_blk virtio3: 1/0/0 default/read/poll queues
[    2.422981] tsc: Refined TSC clocksource calibration: 2445.421 MHz
[    2.423599] clocksource: tsc: mask: 0xffffffffffffffff max_cycles: 0x233fd2df96c, max_idle_ns: 440795235945 ns
[    2.430464] clocksource: Switched to clocksource tsc
[    2.433021] virtio_blk virtio3: [vda] 246784 512-byte logical blocks (126 MB/121 MiB)
[    2.441780]  vda: vda1 vda2
[    2.445262] Guest personality initialized and is inactive
[    2.445863] VMCI host device registered (name=vmci, major=10, minor=256)
[    2.446119] Initialized host personality
[    2.447086] VMware PVSCSI driver - version 1.0.7.0-k
[    2.447427] hv_vmbus: registering driver hv_storvsc
[    2.474994] scsi host0: ata_piix
[    2.478036] scsi host1: ata_piix
[    2.479067] ata1: PATA max MWDMA2 cmd 0x1f0 ctl 0x3f6 bmdma 0xc0e0 irq 14
[    2.479359] ata2: PATA max MWDMA2 cmd 0x170 ctl 0x376 bmdma 0xc0e8 irq 15
[    2.489654] VMware vmxnet3 virtual NIC driver - version 1.7.0.0-k-NAPI
[    2.490264] hv_vmbus: registering driver hv_netvsc
[    2.490642] Fusion MPT base driver 3.04.20
[    2.490825] Copyright (c) 1999-2008 LSI Corporation
[    2.491187] Fusion MPT SPI Host driver 3.04.20
[    2.500697] Fusion MPT SAS Host driver 3.04.20
[    2.502915] usbcore: registered new interface driver usb-storage
[    2.504135] i8042: PNP: PS/2 Controller [PNP0303:KBD,PNP0f13:MOU] at 0x60,0x64 irq 1,12
[    2.510024] serio: i8042 KBD port at 0x60,0x64 irq 1
[    2.512804] serio: i8042 AUX port at 0x60,0x64 irq 12
[    2.514964] hv_vmbus: registering driver hyperv_keyboard
[    2.517378] rtc_cmos 00:05: RTC can wake from S4
[    2.522370] rtc_cmos 00:05: registered as rtc0
[    2.525439] rtc_cmos 00:05: setting system clock to 2026-04-12T01:56:25 UTC (1775958985)
[    2.527936] rtc_cmos 00:05: alarms up to one day, y3k, 242 bytes nvram, hpet irqs
[    2.530852] amd_pstate: the _CPC object is not present in SBIOS or ACPI disabled
[    2.533292] sdhci: Secure Digital Host Controller Interface driver
[    2.538484] sdhci: Copyright(c) Pierre Ossman
[    2.548861] input: AT Translated Set 2 keyboard as /devices/platform/i8042/serio0/input/input1
[    2.579973] hid: raw HID events driver (C) Jiri Kosina
[    2.582722] hv_vmbus: registering driver hid_hyperv
[    2.585555] usbcore: registered new interface driver usbhid
[    2.587633] usbhid: USB HID core driver
[    2.589844] hv_utils: Registering HyperV Utility Driver
[    2.592799] hv_vmbus: registering driver hv_utils
[    2.594852] hv_vmbus: registering driver hv_balloon
[    2.598204] NET: Registered PF_INET6 protocol family
[    2.616185] Segment Routing with IPv6
[    2.618498] In-situ OAM (IOAM) with IPv6
[    2.620946] NET: Registered PF_PACKET protocol family
[    2.623576] bridge: filtering via arp/ip/ip6tables is no longer available by default. Update your scripts to load br_netfilter if you need this.
[    2.632963] 8021q: 802.1Q VLAN Support v1.8
[    2.635598] NET: Registered PF_VSOCK protocol family
[    2.645129] IPI shorthand broadcast: enabled
[    2.647395] AVX2 version of gcm_enc/dec engaged.
[    2.653825] AES CTR mode by8 optimization enabled
[    2.674478] sched_clock: Marking stable (2420074698, 252485223)->(2712085376, -39525455)
[    2.723230] ata2: found unknown device (class 0)
[    2.815733] ata2.00: ATAPI: QEMU DVD-ROM, 2.5+, max UDMA/100
[    2.825600] clk: Disabling unused clocks
[    2.845277] scsi 1:0:0:0: CD-ROM            QEMU     QEMU DVD-ROM     2.5+ PQ: 0 ANSI: 5
[    2.914700] sr 1:0:0:0: [sr0] scsi3-mmc drive: 4x/4x cd/rw xa/form2 tray
[    2.917080] cdrom: Uniform CD-ROM driver Revision: 3.20
[    2.972942] VFS: Mounted root (squashfs filesystem) readonly on device 254:2.
[    3.042488] Freeing unused kernel image (initmem) memory: 2452K
[    3.045101] Write protecting the kernel read-only data: 18432k
[    3.049533] Freeing unused kernel image (rodata/data gap) memory: 1800K
[    3.052009] Run /sbin/init as init process
[    3.315278] init: Console is alive
[    3.929903] kmodloader: loading kernel modules from /etc/modules-boot.d/*
[    3.993386] button_hotplug: loading out-of-tree module taints kernel.
[    4.000089] Button Hotplug driver version 0.4.1
[    4.024429] Intel(R) 2.5G Ethernet Linux Driver
[    4.026764] Copyright(c) 2018 Intel Corporation.
[    4.044992] igb: Intel(R) Gigabit Ethernet Network Driver
[    4.047394] igb: Copyright (c) 2007-2014 Intel Corporation.
[    4.064169] kmodloader: done loading kernel modules from /etc/modules-boot.d/*
[    4.079911] init: - preinit -
[    5.024919] 8021q: adding VLAN 0 to HW filter on device eth0
Press the [f] key and hit [enter] to enter failsafe mode
Press the [1], [2], [3] or [4] key and hit [enter] to select the debug level
[    9.699462] loop0: detected capacity change from 0 to 212992
[    9.742951] loop0: detected capacity change from 212992 to 201216
[    9.756196] mount_root: overlay filesystem in /dev/loop0 has not been formatted yet
[   10.103786] EXT4-fs (loop0): mounted filesystem 6b7679af-b66f-4654-8dcf-825d5c40f14b r/w with ordered data mode. Quota mode: disabled.
[   10.117598] mount_root: overlay filesystem has not been fully initialized yet
[   10.135700] mount_root: switching to ext4 overlay
[   10.157311] overlayfs: null uuid detected in lower fs '/', falling back to xino=off,index=off,nfs_export=off.
[   10.895532] EXT4-fs (vda1): mounted filesystem 84173db5-fa99-e35a-95c6-28613cc79ea9 r/w without journal. Quota mode: disabled.
[   10.919864] urandom-seed: Seed file not found (/etc/urandom.seed)
[   11.060222] procd: - early -
[   11.851445] procd: - ubus -
[   12.042853] procd: - init -
Please press Enter to activate this console.
root
login[1002]: root login on 'ttyS0'


BusyBox v1.36.1 (2026-04-10 16:31:26 UTC) built-in shell (ash)

  _______                     ________        __
 |       |.-----.-----.-----.|  |  |  |.----.|  |_
 |   -   ||  _  |  -__|     ||  |  |  ||   _||   _|
 |_______||   __|_____|__|__||________||__|  |____|
          |__| W I R E L E S S   F R E E D O M
 -----------------------------------------------------
 OpenWrt 24.10-SNAPSHOT, r29149-fbca86e8bd
 -----------------------------------------------------
=== WARNING! =====================================
There is no root password defined on this device!
Use the "passwd" command to set up a new password
in order to prevent unauthorized SSH logins.
--------------------------------------------------
root@(none):~# dmesg -n 1
root@(none):~# echo 'QBUJ''LMQOPY'
QBUJLMQOPY
root@(none):~# run() { echo -n "$MARKER"; sh -c "$@"; echo "$MARKER $?"; }
root@(none):~# echo 'UBSZ''VKEQUE'
UBSZVKEQUE
root@(none):~# MARKER='MBTC''CXJGPG' run 'ubus wait_for network.interface.lan'
MBTCCXJGPGMBTCCXJGPG 0
root@OpenWrt:~# echo 'QCUZ''UNJBOS'
QCUZUNJBOS
root@OpenWrt:~# MARKER='YHZH''HUOKAE' run 'ubus call network.interface.lan statu
s '"'"'{}'"'"''
YHZHHUOKAE{
	"up": true,
	"pending": false,
	"available": true,
	"autostart": true,
	"dynamic": false,
	"uptime": 0,
	"l3_device": "br-lan",
	"proto": "static",
	"device": "br-lan",
	"updated": [
		"addresses"
	],
	"metric": 0,
	"dns_metric": 0,
	"delegation": true,
	"ipv4-address": [
		{
			"address": "192.168.1.1",
			"mask": 24
		}
	],
	"ipv6-address": [
		
	],
	"ipv6-prefix": [
		
	],
	"ipv6-prefix-assignment": [
		{
			"address": "fd0d:bda8:a50d::",
			"mask": 60,
			"local-address": {
				"address": "fd0d:bda8:a50d::1",
				"mask": 60
			}
		}
	],
	"route": [
		
	],
	"dns-server": [
		
	],
	"dns-search": [
		
	],
	"neighbors": [
		
	],
	"inactive": {
		"ipv4-address": [
			
		],
		"ipv6-address": [
			
		],
		"route": [
			
		],
		"dns-server": [
			
		],
		"dns-search": [
			
		],
		"neighbors": [
			
		]
	},
	"data": {
		
	}
}
YHZHHUOKAE 0
root@OpenWrt:~# echo 'KNYL''FZGUVO'
KNYLFZGUVO
root@OpenWrt:~# MARKER='OWSV''SGPWSE' run true
OWSVSGPWSEOWSVSGPWSE 0
root@OpenWrt:~# echo 'YHPC''ZGWCUP'
YHPCZGWCUP
root@OpenWrt:~# MARKER='MANT''TTYVOQ' run 'source /etc/os-release; echo $BUILD_I
D'
MANTTTYVOQr29149-fbca86e8bd
MANTTTYVOQ 0
root@OpenWrt:~# echo 'WJZV''COKYCO'
WJZVCOKYCO
root@OpenWrt:~# MARKER='SHYJ''MCOTJC' run 'ls /etc/dropbear/dropbear_rsa_host_ke
y'
SHYJMCOTJC[0;0m/etc/dropbear/dropbear_rsa_host_key[m
SHYJMCOTJC 0
root@OpenWrt:~# echo 'ZOTN''CPEVUZ'
ZOTNCPEVUZ
root@OpenWrt:~# MARKER='SEGW''HEZBWB' run 'netstat -tlpn | grep 0.0.0.0:22'
SEGWHEZBWBnetstat: showing only processes with your user ID
tcp        0      0 0.0.0.0:22              0.0.0.0:*               LISTEN      1743/dropbear
SEGWHEZBWB 0
root@OpenWrt:~# echo 'NBPG''EVCMSP'
NBPGEVCMSP
root@OpenWrt:~# MARKER='BLYX''FGJHMB' run 'dmesg | grep br-lan | grep forwarding
'
BLYXFGJHMB[   30.288035] br-lan: port 1(eth0) entered forwarding state
BLYXFGJHMB 0
root@OpenWrt:~# echo 'YSHZ''VKVJKU'
YSHZVKVJKU
root@OpenWrt:~# MARKER='PGTN''VWUKAN' run 'ubus call network.interface.lan statu
s '"'"'{}'"'"''
PGTNVWUKAN{
	"up": true,
	"pending": false,
	"available": true,
	"autostart": true,
	"dynamic": false,
	"uptime": 8,
	"l3_device": "br-lan",
	"proto": "static",
	"device": "br-lan",
	"updated": [
		"addresses"
	],
	"metric": 0,
	"dns_metric": 0,
	"delegation": true,
	"ipv4-address": [
		{
			"address": "192.168.1.1",
			"mask": 24
		}
	],
	"ipv6-address": [
		
	],
	"ipv6-prefix": [
		
	],
	"ipv6-prefix-assignment": [
		{
			"address": "fd0d:bda8:a50d::",
			"mask": 60,
			"local-address": {
				"address": "fd0d:bda8:a50d::1",
				"mask": 60
			}
		}
	],
	"route": [
		
	],
	"dns-server": [
		
	],
	"dns-search": [
		
	],
	"neighbors": [
		
	],
	"inactive": {
		"ipv4-address": [
			
		],
		"ipv6-address": [
			
		],
		"route": [
			
		],
		"dns-server": [
			
		],
		"dns-search": [
			
		],
		"neighbors": [
			
		]
	},
	"data": {
		
	}
}
PGTNVWUKAN 0
root@OpenWrt:~# echo 'YFWT''PUYYVT'
YFWTPUYYVT
root@OpenWrt:~# MARKER='CUXG''BGGMAO' run 'ip -o addr show dev br-lan'
CUXGBGGMAO4: br-lan    inet 192.168.1.1/24 brd 192.168.1.255 scope global br-lan\       valid_lft forever preferred_lft forever
4: br-lan    inet6 fd0d:bda8:a50d::1/60 scope global noprefixroute \       valid_lft forever preferred_lft forever
4: br-lan    inet6 fe80::5054:ff:fe12:3456/64 scope link \       valid_lft forever preferred_lft forever
CUXGBGGMAO 0
root@OpenWrt:~# echo 'EQBW''AELVEO'
EQBWAELVEO
root@OpenWrt:~# MARKER='VYON''ZBUPNC' run 'ubus call network.interface.wan statu
s '"'"'{}'"'"''
VYONZBUPNC{
	"up": true,
	"pending": false,
	"available": true,
	"autostart": true,
	"dynamic": false,
	"uptime": 8,
	"l3_device": "eth1",
	"proto": "dhcp",
	"device": "eth1",
	"updated": [
		"addresses",
		"routes",
		"data"
	],
	"metric": 0,
	"dns_metric": 0,
	"delegation": true,
	"ipv4-address": [
		{
			"address": "10.0.2.15",
			"mask": 24
		}
	],
	"ipv6-address": [
		
	],
	"ipv6-prefix": [
		
	],
	"ipv6-prefix-assignment": [
		
	],
	"route": [
		{
			"target": "0.0.0.0",
			"mask": 0,
			"nexthop": "10.0.2.2",
			"source": "10.0.2.15/32"
		}
	],
	"dns-server": [
		"10.0.2.3"
	],
	"dns-search": [
		
	],
	"neighbors": [
		
	],
	"inactive": {
		"ipv4-address": [
			
		],
		"ipv6-address": [
			
		],
		"route": [
			
		],
		"dns-server": [
			
		],
		"dns-search": [
			
		],
		"neighbors": [
			
		]
	},
	"data": {
		"dhcpserver": "10.0.2.2",
		"leasetime": 86400
	}
}
VYONZBUPNC 0
root@OpenWrt:~# 