Labgrid Console Logfile for main
Logfile started at 2026-04-12 03:38:06.121387
=== Log starts here ===
c[?7l[2J[0mSeaBIOS (version 1.16.3-debian-1.16.3-2)


iPXE (https://ipxe.org) 00:03.0 CA00 PCI2.10 PnP PMM+06FCAE70+06F0AE70 CA00
Press Ctrl-B to configure iPXE (PCI 00:03.0)...                                                                               




iPXE (https://ipxe.org) 00:05.0 CB00 PCI2.10 PnP PMM 06FCAE70 06F0AE70 CB00
Press Ctrl-B to configure iPXE (PCI 00:05.0)...                                                                               


Booting from Hard Disk...
GRUB loading.....
[0;30;47mWelcome to GRUB![01;01H[0m[2J[H[J[1;1H[?25l[m[H[J[1;1H[2;30HGNU GRUB  version 2.12

[m[4;2H+----------------------------------------------------------------------------+[5;2H|[5;79H|[6;2H|[6;79H|[7;2H|[7;79H|[8;2H|[8;79H|[9;2H|[9;79H|[10;2H|[10;79H|[11;2H|[11;79H|[12;2H|[12;79H|[13;2H|[13;79H|[14;2H|[14;79H|[15;2H|[15;79H|[16;2H+----------------------------------------------------------------------------+[m[17;2H[18;2H[m     Use the ^ and v keys to select which entry is highlighted.          
      Press enter to boot the selected OS, `e' to edit the commands       
      before booting or `c' for a command-line. ESC to return             
      previous menu.                                                      [5;80H [7m[5;3H*OpenWrt                                                                    [m[5;78H[m[m[6;3H OpenWrt (failsafe)                                                         [m[6;78H[m[m[7;3H                                                                            [m[7;78H[m[m[8;3H                                                                            [m[8;78H[m[m[9;3H                                                                            [m[9;78H[m[m[10;3H                                                                            [m[10;78H[m[m[11;3H                                                                            [m[11;78H[m[m[12;3H                                                                            [m[12;78H[m[m[13;3H                                                                            [m[13;78H[m[m[14;3H                                                                            [m[14;78H[m[m[15;3H                                                                            [m[15;78H[m[15;80H [5;78H[2J[02;30HGNU GRUB  version 2.12[04;02H┌────────────────────────────────────────────────────────────────────────────┐[05;02H│[05;79H│[06;02H│[06;79H│[07;02H│[07;79H│[08;02H│[08;79H│[09;02H│[09;79H│[10;02H│[10;79H│[11;02H│[11;79H│[12;02H│[12;79H│[13;02H│[13;79H│[14;02H│[14;79H│[14;79H[15;02H│[15;79H│[16;02H│[16;79H│[17;02H└────────────────────────────────────────────────────────────────────────────┘[19;02H     Use the ↑ and ↓ keys to select which entry is highlighted.          
      Press enter to boot the selected OS, `e' to edit the commands       
      before booting or `c' for a command-line. ESC to return             
      previous menu.                                                      [05;80H [05;03H[0;30;47m*OpenWrt                                                                    [06;03H[0m OpenWrt (failsafe)       [06;28H[06;29H                                                  [07;03H                                                                            [08;03H                                                                            [09;03H                                                                            [10;03H                                                                            [11;03H                                                                            [12;03H                                                                            [13;03H                                                                            [14;03H                                                                            [15;03H                                                                            [16;03H                                                                            [16;80H 






   The highlighted entry will be executed automatically in 5s.                [22;1H   The highlighted entry will be executed automatically in 5s.                 [5;78H [05;78H

















   The highlighted entry will be executed automatically in 4s.                [22;1H   The highlighted entry will be executed automatically in 4s.                 [5;78H [05;78H

















   The highlighted entry will be executed automatically in 3s.                [22;1H   The highlighted entry will be executed automatically in 3s.                 [5;78H [05;78H

















   The highlighted entry will be executed automatically in 2s.                [22;1H   The highlighted entry will be executed automatically in 2s.                 [5;78H [05;78H

















   The highlighted entry will b[23;31H[23;32He executed automatically in 1s.                [22;1H   The highlighted entry will be executed automatically in 1s.                 [5;78H [05;78H

















   The highlighted entry will be executed automatically in 0s.                [22;1H   The highlighted entry will be executed automatically in 0s.                 [5;78H [01;01H[2J[?25h[H[J[1;1H[H[J[1;1H[2J   Booting `OpenWrt' Booting `OpenWrt

'

[    0.000000] Linux version 6.6.129 (builder@buildhost) (x86_64-openwrt-linux-musl-gcc (OpenWrt GCC 13.3.0 r29149-fbca86e8bd) 13.3.0, GNU ld (GNU Binutils) 2.42) #0 SMP Fri Apr 10 16:31:26 2026
[    0.000000] Command line: BOOT_IMAGE=/boot/vmlinuz root=PARTUUID=898f55a1-02 rootwait console=tty1 console=ttyS0,115200n8 noinitrd
[    0.000000] BIOS-provided physical RAM map:
[    0.000000] BIOS-e820: [mem 0x0000000000000000-0x000000000009fbff] usable
[    0.000000] BIOS-e820: [mem 0x000000000009fc00-0x000000000009ffff] reserved
[    0.000000] BIOS-e820: [mem 0x00000000000f0000-0x00000000000fffff] reserved
[    0.000000] BIOS-e820: [mem 0x0000000000100000-0x0000000007fdcfff] usable
[    0.000000] BIOS-e820: [mem 0x0000000007fdd000-0x0000000007ffffff] reserved
[    0.000000] BIOS-e820: [mem 0x00000000fffc0000-0x00000000ffffffff] reserved
[    0.000000] BIOS-e820: [mem 0x000000fd00000000-0x000000ffffffffff] reserved
[    0.000000] NX (Execute Disable) protection: active
[    0.000000] APIC: Static calls initialized
[    0.000000] SMBIOS 3.0.0 present.
[    0.000000] DMI: QEMU Standard PC (i440FX + PIIX, 1996), BIOS 1.16.3-debian-1.16.3-2 04/01/2014
[    0.000000] tsc: Fast TSC calibration using PIT
[    0.000000] tsc: Detected 2596.080 MHz processor
[    0.009528] last_pfn = 0x7fdd max_arch_pfn = 0x400000000
[    0.010169] MTRR map: 4 entries (3 fixed + 1 variable; max 19), built from 8 variable MTRRs
[    0.010348] x86/PAT: Configuration [0-7]: WB  WC  UC- UC  WB  WP  UC- WT  
[    0.029436] found SMP MP-table at [mem 0x000f5460-0x000f546f]
[    0.030807] Using GB pages for direct mapping
[    0.034670] ACPI: Early table checksum verification disabled
[    0.034991] ACPI: RSDP 0x00000000000F5290 000014 (v00 BOCHS )
[    0.035302] ACPI: RSDT 0x0000000007FE1C64 000034 (v01 BOCHS  BXPC     00000001 BXPC 00000001)
[    0.035801] ACPI: FACP 0x0000000007FE1B18 000074 (v01 BOCHS  BXPC     00000001 BXPC 00000001)
[    0.036436] ACPI: DSDT 0x0000000007FE0040 001AD8 (v01 BOCHS  BXPC     00000001 BXPC 00000001)
[    0.036531] ACPI: FACS 0x0000000007FE0000 000040
[    0.036583] ACPI: APIC 0x0000000007FE1B8C 000078 (v03 BOCHS  BXPC     00000001 BXPC 00000001)
[    0.036612] ACPI: HPET 0x0000000007FE1C04 000038 (v01 BOCHS  BXPC     00000001 BXPC 00000001)
[    0.036639] ACPI: WAET 0x0000000007FE1C3C 000028 (v01 BOCHS  BXPC     00000001 BXPC 00000001)
[    0.036724] ACPI: Reserving FACP table memory at [mem 0x7fe1b18-0x7fe1b8b]
[    0.036771] ACPI: Reserving DSDT table memory at [mem 0x7fe0040-0x7fe1b17]
[    0.036781] ACPI: Reserving FACS table memory at [mem 0x7fe0000-0x7fe003f]
[    0.036789] ACPI: Reserving APIC table memory at [mem 0x7fe1b8c-0x7fe1c03]
[    0.036797] ACPI: Reserving HPET table memory at [mem 0x7fe1c04-0x7fe1c3b]
[    0.036804] ACPI: Reserving WAET table memory at [mem 0x7fe1c3c-0x7fe1c63]
[    0.039958] Zone ranges:
[    0.039995]   DMA      [mem 0x0000000000001000-0x0000000000ffffff]
[    0.040074]   DMA32    [mem 0x0000000001000000-0x0000000007fdcfff]
[    0.040088]   Normal   empty
[    0.040126] Movable zone start for each node
[    0.040154] Early memory node ranges
[    0.040187]   node   0: [mem 0x0000000000001000-0x000000000009efff]
[    0.040233]   node   0: [mem 0x0000000000100000-0x0000000007fdcfff]
[    0.040345] Initmem setup node 0 [mem 0x0000000000001000-0x0000000007fdcfff]
[    0.041186] On node 0, zone DMA: 1 pages in unavailable ranges
[    0.041558] On node 0, zone DMA: 97 pages in unavailable ranges
[    0.042779] On node 0, zone DMA32: 35 pages in unavailable ranges
[    0.043107] ACPI: PM-Timer IO Port: 0x608
[    0.043456] ACPI: LAPIC_NMI (acpi_id[0xff] dfl dfl lint[0x1])
[    0.043935] IOAPIC[0]: apic_id 0, version 32, address 0xfec00000, GSI 0-23
[    0.044046] ACPI: INT_SRC_OVR (bus 0 bus_irq 0 global_irq 2 dfl dfl)
[    0.044312] ACPI: INT_SRC_OVR (bus 0 bus_irq 5 global_irq 5 high level)
[    0.044366] ACPI: INT_SRC_OVR (bus 0 bus_irq 9 global_irq 9 high level)
[    0.044453] ACPI: INT_SRC_OVR (bus 0 bus_irq 10 global_irq 10 high level)
[    0.044464] ACPI: INT_SRC_OVR (bus 0 bus_irq 11 global_irq 11 high level)
[    0.044654] ACPI: Using ACPI (MADT) for SMP configuration information
[    0.044696] ACPI: HPET id: 0x8086a201 base: 0xfed00000
[    0.044982] smpboot: Allowing 1 CPUs, 0 hotplug CPUs
[    0.046072] [mem 0x08000000-0xfffbffff] available for PCI devices
[    0.046136] Booting paravirtualized kernel on bare hardware
[    0.046418] clocksource: refined-jiffies: mask: 0xffffffff max_cycles: 0xffffffff, max_idle_ns: 19112604462750000 ns
[    0.047033] setup_percpu: NR_CPUS:512 nr_cpumask_bits:1 nr_cpu_ids:1 nr_node_ids:1
[    0.048566] percpu: Embedded 48 pages/cpu s158248 r8192 d30168 u2097152
[    0.050813] Kernel command line: BOOT_IMAGE=/boot/vmlinuz root=PARTUUID=898f55a1-02 rootwait console=tty1 console=ttyS0,115200n8 noinitrd
[    0.052462] random: crng init done
[    0.057615] Dentry cache hash table entries: 16384 (order: 5, 131072 bytes, linear)
[    0.058661] Inode-cache hash table entries: 8192 (order: 4, 65536 bytes, linear)
[    0.061471] Built 1 zonelists, mobility grouping on.  Total pages: 31965
[    0.061709] mem auto-init: stack:off, heap alloc:off, heap free:off
[    0.065281] Memory: 102576K/130540K available (14336K kernel code, 1170K rwdata, 2296K rodata, 2452K init, 2408K bss, 27708K reserved, 0K cma-reserved)
[    0.071377] SLUB: HWalign=64, Order=0-3, MinObjects=0, CPUs=1, Nodes=1
[    0.078744] rcu: Hierarchical RCU implementation.
[    0.078776] rcu: 	RCU restricting CPUs from NR_CPUS=512 to nr_cpu_ids=1.
[    0.078893] 	Tracing variant of Tasks RCU enabled.
[    0.078977] rcu: RCU calculated value of scheduler-enlistment delay is 10 jiffies.
[    0.079005] rcu: Adjusting geometry for rcu_fanout_leaf=16, nr_cpu_ids=1
[    0.080173] NR_IRQS: 33024, nr_irqs: 256, preallocated irqs: 16
[    0.088952] rcu: srcu_init: Setting srcu_struct sizes based on contention.
[    0.095683] Console: colour VGA+ 80x25
[    0.095989] printk: console [tty1] enabled
[    0.103258] printk: console [ttyS0] enabled
[    0.332805] ACPI: Core revision 20230628
[    0.338106] clocksource: hpet: mask: 0xffffffff max_cycles: 0xffffffff, max_idle_ns: 19112604467 ns
[    0.347532] APIC: Switch to symmetric I/O mode setup
[    0.351856] ..TIMER: vector=0x30 apic1=0 pin1=2 apic2=-1 pin2=-1
[    0.394465] clocksource: tsc-early: mask: 0xffffffffffffffff max_cycles: 0x256bc4de317, max_idle_ns: 440795214554 ns
[    0.395193] Calibrating delay loop (skipped), value calculated using timer frequency.. 5192.16 BogoMIPS (lpj=25960800)
[    0.396911] x86/cpu: User Mode Instruction Prevention (UMIP) activated
[    0.411644] Last level iTLB entries: 4KB 0, 2MB 0, 4MB 0
[    0.412054] Last level dTLB entries: 4KB 0, 2MB 0, 4MB 0, 1GB 0
[    0.415312] Spectre V1 : Mitigation: usercopy/swapgs barriers and __user pointer sanitization
[    0.416100] Spectre V2 : Mitigation: Retpolines
[    0.416895] Spectre V2 : Spectre v2 / SpectreRSB: Filling RSB on context switch and VMEXIT
[    0.417529] Speculative Store Bypass: Vulnerable
[    0.420228] x86/fpu: Supporting XSAVE feature 0x001: 'x87 floating point registers'
[    0.424781] x86/fpu: Supporting XSAVE feature 0x002: 'SSE registers'
[    0.426340] x86/fpu: Supporting XSAVE feature 0x004: 'AVX registers'
[    0.426609] x86/fpu: Supporting XSAVE feature 0x008: 'MPX bounds registers'
[    0.426863] x86/fpu: Supporting XSAVE feature 0x010: 'MPX CSR'
[    0.435370] x86/fpu: xstate_offset[2]:  576, xstate_sizes[2]:  256
[    0.435898] x86/fpu: xstate_offset[3]:  960, xstate_sizes[3]:   64
[    0.436123] x86/fpu: xstate_offset[4]: 1024, xstate_sizes[4]:   64
[    0.436388] x86/fpu: Enabled xstate features 0x1f, context size is 1088 bytes, using 'standard' format.
[    0.723839] Freeing SMP alternatives memory: 40K
[    0.725239] pid_max: default: 32768 minimum: 301
[    0.734341] Mount-cache hash table entries: 512 (order: 0, 4096 bytes, linear)
[    0.734728] Mountpoint-cache hash table entries: 512 (order: 0, 4096 bytes, linear)
[    0.883571] smpboot: CPU0: AMD QEMU TCG CPU version 2.5+ (family: 0x6, model: 0x6, stepping: 0x3)
[    0.885064] RCU Tasks Trace: Setting shift to 0 and lim to 1 rcu_task_cb_adjust=1 rcu_task_cpu_ids=1.
[    0.885420] Performance Events: PMU not available due to virtualization, using software events only.
[    0.886949] signal: max sigframe size: 1616
[    0.888570] rcu: Hierarchical SRCU implementation.
[    0.888812] rcu: 	Max phase no-delay instances is 1000.
[    0.891772] smp: Bringing up secondary CPUs ...
[    0.893780] smp: Brought up 1 node, 1 CPU
[    0.893991] smpboot: Max logical packages: 1
[    0.896740] smpboot: Total of 1 processors activated (5192.16 BogoMIPS)
[    0.914735] clocksource: jiffies: mask: 0xffffffff max_cycles: 0xffffffff, max_idle_ns: 19112604462750000 ns
[    0.915621] futex hash table entries: 256 (order: 2, 16384 bytes, linear)
[    0.916686] pinctrl core: initialized pinctrl subsystem
[    0.933509] NET: Registered PF_NETLINK/PF_ROUTE protocol family
[    0.939789] thermal_sys: Registered thermal governor 'step_wise'
[    0.939825] thermal_sys: Registered thermal governor 'user_space'
[    0.940688] cpuidle: using governor ladder
[    0.941212] cpuidle: using governor menu
[    0.945613] acpiphp: ACPI Hot Plug PCI Controller Driver version: 0.5
[    0.948275] PCI: Using configuration type 1 for base access
[    0.957113] cryptd: max_cpu_qlen set to 1000
[    0.961656] ACPI: Added _OSI(Module Device)
[    0.961869] ACPI: Added _OSI(Processor Device)
[    0.962040] ACPI: Added _OSI(Processor Aggregator Device)
[    0.976547] ACPI: 1 ACPI AML tables successfully acquired and loaded
[    0.990896] ACPI: _OSC evaluation for CPUs failed, trying _PDC
[    0.992936] ACPI: Interpreter enabled
[    0.993656] ACPI: PM: (supports S0 S5)
[    0.993877] ACPI: Using IOAPIC for interrupt routing
[    0.994465] PCI: Using host bridge windows from ACPI; if necessary, use "pci=nocrs" and report a bug
[    0.995346] PCI: Using E820 reservations for host bridge windows
[    0.997160] ACPI: Enabled 2 GPEs in block 00 to 0F
[    1.031929] ACPI: PCI Root Bridge [PCI0] (domain 0000 [bus 00-ff])
[    1.032819] acpi PNP0A03:00: _OSC: OS supports [ASPM ClockPM Segments MSI HPX-Type3]
[    1.033286] acpi PNP0A03:00: _OSC: not requesting OS control; OS requires [ExtendedConfig ASPM ClockPM MSI]
[    1.034132] acpi PNP0A03:00: fail to add MMCONFIG information, can't access extended configuration space under this bridge
[    1.048513] acpiphp: Slot [3] registered
[    1.048952] acpiphp: Slot [4] registered
[    1.049217] acpiphp: Slot [5] registered
[    1.049453] acpiphp: Slot [6] registered
[    1.054288] acpiphp: Slot [7] registered
[    1.054625] acpiphp: Slot [8] registered
[    1.054894] acpiphp: Slot [9] registered
[    1.055172] acpiphp: Slot [10] registered
[    1.055410] acpiphp: Slot [11] registered
[    1.055667] acpiphp: Slot [12] registered
[    1.065223] acpiphp: Slot [13] registered
[    1.065473] acpiphp: Slot [14] registered
[    1.065726] acpiphp: Slot [15] registered
[    1.065961] acpiphp: Slot [16] registered
[    1.066185] acpiphp: Slot [17] registered
[    1.066410] acpiphp: Slot [18] registered
[    1.075358] acpiphp: Slot [19] registered
[    1.075743] acpiphp: Slot [20] registered
[    1.076127] acpiphp: Slot [21] registered
[    1.076474] acpiphp: Slot [22] registered
[    1.076721] acpiphp: Slot [23] registered
[    1.076974] acpiphp: Slot [24] registered
[    1.085323] acpiphp: Slot [25] registered
[    1.085724] acpiphp: Slot [26] registered
[    1.086118] acpiphp: Slot [27] registered
[    1.086504] acpiphp: Slot [28] registered
[    1.086782] acpiphp: Slot [29] registered
[    1.087032] acpiphp: Slot [30] registered
[    1.087271] acpiphp: Slot [31] registered
[    1.095575] PCI host bridge to bus 0000:00
[    1.096005] pci_bus 0000:00: root bus resource [io  0x0000-0x0cf7 window]
[    1.096399] pci_bus 0000:00: root bus resource [io  0x0d00-0xffff window]
[    1.096672] pci_bus 0000:00: root bus resource [mem 0x000a0000-0x000bffff window]
[    1.105243] pci_bus 0000:00: root bus resource [mem 0x08000000-0xfebfffff window]
[    1.105689] pci_bus 0000:00: root bus resource [mem 0x100000000-0x17fffffff window]
[    1.106207] pci_bus 0000:00: root bus resource [bus 00-ff]
[    1.116784] pci 0000:00:00.0: [8086:1237] type 00 class 0x060000
[    1.125924] pci 0000:00:01.0: [8086:7000] type 00 class 0x060100
[    1.126725] pci 0000:00:01.1: [8086:7010] type 00 class 0x010180
[    1.129820] pci 0000:00:01.1: reg 0x20: [io  0xc0e0-0xc0ef]
[    1.131206] pci 0000:00:01.1: legacy IDE quirk: reg 0x10: [io  0x01f0-0x01f7]
[    1.132626] pci 0000:00:01.1: legacy IDE quirk: reg 0x14: [io  0x03f6]
[    1.133053] pci 0000:00:01.1: legacy IDE quirk: reg 0x18: [io  0x0170-0x0177]
[    1.133395] pci 0000:00:01.1: legacy IDE quirk: reg 0x1c: [io  0x0376]
[    1.136161] pci 0000:00:01.3: [8086:7113] type 00 class 0x068000
[    1.145447] pci 0000:00:01.3: quirk: [io  0x0600-0x063f] claimed by PIIX4 ACPI
[    1.145757] pci 0000:00:01.3: quirk: [io  0x0700-0x070f] claimed by PIIX4 SMB
[    1.146528] pci 0000:00:02.0: [1234:1111] type 00 class 0x030000
[    1.155098] pci 0000:00:02.0: reg 0x10: [mem 0xfd000000-0xfdffffff pref]
[    1.156834] pci 0000:00:02.0: reg 0x18: [mem 0xfeb90000-0xfeb90fff]
[    1.159652] pci 0000:00:02.0: reg 0x30: [mem 0xfeb80000-0xfeb8ffff pref]
[    1.160192] pci 0000:00:02.0: Video device with shadowed ROM at [mem 0x000c0000-0x000dffff]
[    1.166142] pci 0000:00:03.0: [1af4:1000] type 00 class 0x020000
[    1.167452] pci 0000:00:03.0: reg 0x10: [io  0xc080-0xc09f]
[    1.170447] pci 0000:00:03.0: reg 0x20: [mem 0xfe000000-0xfe003fff 64bit pref]
[    1.175987] pci 0000:00:03.0: reg 0x30: [mem 0xfea80000-0xfeafffff pref]
[    1.180992] pci 0000:00:04.0: [1af4:1005] type 00 class 0x00ff00
[    1.182921] pci 0000:00:04.0: reg 0x10: [io  0xc0a0-0xc0bf]
[    1.185385] pci 0000:00:04.0: reg 0x14: [mem 0xfeb91000-0xfeb91fff]
[    1.190492] pci 0000:00:04.0: reg 0x20: [mem 0xfe004000-0xfe007fff 64bit pref]
[    1.196271] pci 0000:00:05.0: [1af4:1000] type 00 class 0x020000
[    1.197420] pci 0000:00:05.0: reg 0x10: [io  0xc0c0-0xc0df]
[    1.198282] pci 0000:00:05.0: reg 0x14: [mem 0xfeb92000-0xfeb92fff]
[    1.200611] pci 0000:00:05.0: reg 0x20: [mem 0xfe008000-0xfe00bfff 64bit pref]
[    1.201723] pci 0000:00:05.0: reg 0x30: [mem 0xfeb00000-0xfeb7ffff pref]
[    1.206098] pci 0000:00:06.0: [1af4:1001] type 00 class 0x010000
[    1.210975] pci 0000:00:06.0: reg 0x10: [io  0xc000-0xc07f]
[    1.211772] pci 0000:00:06.0: reg 0x14: [mem 0xfeb93000-0xfeb93fff]
[    1.213634] pci 0000:00:06.0: reg 0x20: [mem 0xfe00c000-0xfe00ffff 64bit pref]
[    1.222033] ACPI: PCI: Interrupt link LNKA configured for IRQ 10
[    1.222869] ACPI: PCI: Interrupt link LNKB configured for IRQ 10
[    1.223447] ACPI: PCI: Interrupt link LNKC configured for IRQ 11
[    1.224010] ACPI: PCI: Interrupt link LNKD configured for IRQ 11
[    1.224388] ACPI: PCI: Interrupt link LNKS configured for IRQ 9
[    1.238851] iommu: Default domain type: Translated
[    1.239077] iommu: DMA domain TLB invalidation policy: lazy mode
[    1.241106] SCSI subsystem initialized
[    1.242812] ACPI: bus type USB registered
[    1.243287] usbcore: registered new interface driver usbfs
[    1.243967] usbcore: registered new interface driver hub
[    1.244428] usbcore: registered new device driver usb
[    1.244970] pps_core: LinuxPPS API ver. 1 registered
[    1.245214] pps_core: Software ver. 5.3.6 - Copyright 2005-2007 Rodolfo Giometti <giometti@linux.it>
[    1.255017] PTP clock support registered
[    1.266105] PCI: Using ACPI for IRQ routing
[    1.269080] hpet0: at MMIO 0xfed00000, IRQs 2, 8, 0
[    1.269384] hpet0: 3 comparators, 64-bit 100.000000 MHz counter
[    1.275064] clocksource: Switched to clocksource tsc-early
[    1.275064] pnp: PnP ACPI init
[    1.275064] pnp: PnP ACPI: found 6 devices
[    1.285913] clocksource: acpi_pm: mask: 0xffffff max_cycles: 0xffffff, max_idle_ns: 2085701024 ns
[    1.286882] NET: Registered PF_INET protocol family
[    1.288026] IP idents hash table entries: 2048 (order: 2, 16384 bytes, linear)
[    1.293632] tcp_listen_portaddr_hash hash table entries: 256 (order: 0, 4096 bytes, linear)
[    1.297150] Table-perturb hash table entries: 65536 (order: 6, 262144 bytes, linear)
[    1.297521] TCP established hash table entries: 1024 (order: 1, 8192 bytes, linear)
[    1.297966] TCP bind hash table entries: 1024 (order: 3, 32768 bytes, linear)
[    1.307598] TCP: Hash tables configured (established 1024 bind 1024)
[    1.309520] MPTCP token hash table entries: 256 (order: 1, 6144 bytes, linear)
[    1.310040] UDP hash table entries: 256 (order: 1, 8192 bytes, linear)
[    1.310503] UDP-Lite hash table entries: 256 (order: 1, 8192 bytes, linear)
[    1.320408] NET: Registered PF_UNIX/PF_LOCAL protocol family
[    1.321605] pci_bus 0000:00: resource 4 [io  0x0000-0x0cf7 window]
[    1.321851] pci_bus 0000:00: resource 5 [io  0x0d00-0xffff window]
[    1.322072] pci_bus 0000:00: resource 6 [mem 0x000a0000-0x000bffff window]
[    1.329563] pci_bus 0000:00: resource 7 [mem 0x08000000-0xfebfffff window]
[    1.329930] pci_bus 0000:00: resource 8 [mem 0x100000000-0x17fffffff window]
[    1.330728] pci 0000:00:01.0: PIIX3: Enabling Passive Release
[    1.340726] pci 0000:00:00.0: Limiting direct PCI/PCI transfers
[    1.341200] PCI: CLS 0 bytes, default 64
[    1.371736] workingset: timestamp_bits=46 max_order=15 bucket_order=0
[    1.373697] squashfs: version 4.0 (2009/01/31) Phillip Lougher
[    1.376430] Block layer SCSI generic (bsg) driver version 0.4 loaded (major 247)
[    1.379958] hv_vmbus: registering driver hyperv_fb
[    1.385941] input: Power Button as /devices/LNXSYSTM:00/LNXPWRBN:00/input/input0
[    1.396611] ACPI: button: Power Button [PWRF]
[    1.573271] ACPI: \_SB_.LNKC: Enabled at IRQ 11
[    1.743718] ACPI: \_SB_.LNKD: Enabled at IRQ 10
[    1.912005] ACPI: \_SB_.LNKA: Enabled at IRQ 10
[    2.079670] ACPI: \_SB_.LNKB: Enabled at IRQ 11
[    2.081729] Serial: 8250/16550 driver, 16 ports, IRQ sharing enabled
[    2.105978] 00:04: ttyS0 at I/O 0x3f8 (irq = 4, base_baud = 115200) is a 16550A
[    2.141033] Non-volatile memory driver v1.3
[    2.152942] Linux agpgart interface v0.103
[    2.153776] AMD-Vi: AMD IOMMUv2 functionality not available on this system - This is not a bug.
[    2.154361] ACPI: bus type drm_connector registered
[    2.156910] [drm] Found bochs VGA, ID 0xb0c5.
[    2.157122] [drm] Framebuffer size 16384 kB @ 0xfd000000, mmio @ 0xfeb90000.
[    2.170622] [drm] Found EDID data blob.
[    2.176285] [drm] Initialized bochs-drm 1.0.0 20130925 for 0000:00:02.0 on minor 0
[    2.237650] Console: switching to colour frame buffer device 160x50
[    2.247958] bochs-drm 0000:00:02.0: [drm] fb0: bochs-drmdrmfb frame buffer device
[    2.282977] loop: module loaded
[    2.283851] virtio_blk virtio3: 1/0/0 default/read/poll queues
[    2.289034] virtio_blk virtio3: [vda] 246784 512-byte logical blocks (126 MB/121 MiB)
[    2.297912]  vda: vda1 vda2
[    2.301407] Guest personality initialized and is inactive
[    2.301996] VMCI host device registered (name=vmci, major=10, minor=256)
[    2.302290] Initialized host personality
[    2.303145] VMware PVSCSI driver - version 1.0.7.0-k
[    2.303512] hv_vmbus: registering driver hv_storvsc
[    2.328272] scsi host0: ata_piix
[    2.331243] scsi host1: ata_piix
[    2.332262] ata1: PATA max MWDMA2 cmd 0x1f0 ctl 0x3f6 bmdma 0xc0e0 irq 14
[    2.332584] ata2: PATA max MWDMA2 cmd 0x170 ctl 0x376 bmdma 0xc0e8 irq 15
[    2.342750] VMware vmxnet3 virtual NIC driver - version 1.7.0.0-k-NAPI
[    2.343392] hv_vmbus: registering driver hv_netvsc
[    2.343794] Fusion MPT base driver 3.04.20
[    2.343959] Copyright (c) 1999-2008 LSI Corporation
[    2.344349] Fusion MPT SPI Host driver 3.04.20
[    2.353821] Fusion MPT SAS Host driver 3.04.20
[    2.355962] usbcore: registered new interface driver usb-storage
[    2.357219] i8042: PNP: PS/2 Controller [PNP0303:KBD,PNP0f13:MOU] at 0x60,0x64 irq 1,12
[    2.360471] serio: i8042 KBD port at 0x60,0x64 irq 1
[    2.360865] serio: i8042 AUX port at 0x60,0x64 irq 12
[    2.364790] hv_vmbus: registering driver hyperv_keyboard
[    2.368588] rtc_cmos 00:05: RTC can wake from S4
[    2.373762] rtc_cmos 00:05: registered as rtc0
[    2.376863] rtc_cmos 00:05: setting system clock to 2026-04-12T03:38:18 UTC (1775965098)
[    2.379499] rtc_cmos 00:05: alarms up to one day, y3k, 242 bytes nvram, hpet irqs
[    2.382442] amd_pstate: the _CPC object is not present in SBIOS or ACPI disabled
[    2.384809] sdhci: Secure Digital Host Controller Interface driver
[    2.389943] sdhci: Copyright(c) Pierre Ossman
[    2.400454] input: AT Translated Set 2 keyboard as /devices/platform/i8042/serio0/input/input1
[    2.416821] tsc: Refined TSC clocksource calibration: 2596.084 MHz
[    2.419538] clocksource: tsc: mask: 0xffffffffffffffff max_cycles: 0x256bc8f8712, max_idle_ns: 440795338832 ns
[    2.422148] clocksource: Switched to clocksource tsc
[    2.439634] hid: raw HID events driver (C) Jiri Kosina
[    2.442351] hv_vmbus: registering driver hid_hyperv
[    2.445231] usbcore: registered new interface driver usbhid
[    2.447570] usbhid: USB HID core driver
[    2.449983] hv_utils: Registering HyperV Utility Driver
[    2.452419] hv_vmbus: registering driver hv_utils
[    2.454549] hv_vmbus: registering driver hv_balloon
[    2.458124] NET: Registered PF_INET6 protocol family
[    2.474303] Segment Routing with IPv6
[    2.476799] In-situ OAM (IOAM) with IPv6
[    2.479389] NET: Registered PF_PACKET protocol family
[    2.482017] bridge: filtering via arp/ip/ip6tables is no longer available by default. Update your scripts to load br_netfilter if you need this.
[    2.490859] 8021q: 802.1Q VLAN Support v1.8
[    2.493662] NET: Registered PF_VSOCK protocol family
[    2.503155] IPI shorthand broadcast: enabled
[    2.505485] AVX2 version of gcm_enc/dec engaged.
[    2.512064] AES CTR mode by8 optimization enabled
[    2.529871] sched_clock: Marking stable (2280114370, 245590516)->(2572597202, -46892316)
[    2.576318] ata2: found unknown device (class 0)
[    2.642745] ata2.00: ATAPI: QEMU DVD-ROM, 2.5+, max UDMA/100
[    2.659304] scsi 1:0:0:0: CD-ROM            QEMU     QEMU DVD-ROM     2.5+ PQ: 0 ANSI: 5
[    2.663922] clk: Disabling unused clocks
[    2.737475] sr 1:0:0:0: [sr0] scsi3-mmc drive: 4x/4x cd/rw xa/form2 tray
[    2.740118] cdrom: Uniform CD-ROM driver Revision: 3.20
[    2.795259] VFS: Mounted root (squashfs filesystem) readonly on device 254:2.
[    2.869633] Freeing unused kernel image (initmem) memory: 2452K
[    2.872272] Write protecting the kernel read-only data: 18432k
[    2.876758] Freeing unused kernel image (rodata/data gap) memory: 1800K
[    2.879399] Run /sbin/init as init process
[    3.114062] init: Console is alive
[    3.863766] kmodloader: loading kernel modules from /etc/modules-boot.d/*
[    3.924802] button_hotplug: loading out-of-tree module taints kernel.
[    3.932571] Button Hotplug driver version 0.4.1
[    3.954469] Intel(R) 2.5G Ethernet Linux Driver
[    3.957104] Copyright(c) 2018 Intel Corporation.
[    3.973983] igb: Intel(R) Gigabit Ethernet Network Driver
[    3.976593] igb: Copyright (c) 2007-2014 Intel Corporation.
[    3.991551] kmodloader: done loading kernel modules from /etc/modules-boot.d/*
[    4.010943] init: - preinit -
[    4.914065] 8021q: adding VLAN 0 to HW filter on device eth0
Press the [f] key and hit [enter] to enter failsafe mode
Press the [1], [2], [3] or [4] key and hit [enter] to select the debug level

[    9.601880] loop0: detected capacity change from 0 to 212992
[    9.655992] loop0: detected capacity change from 212992 to 200064
[    9.669493] mount_root: overlay filesystem in /dev/loop0 has not been formatted yet
[    9.981612] EXT4-fs (loop0): mounted filesystem 04b88c51-f320-4ba4-9cf9-745d29ccac1b r/w with ordered data mode. Quota mode: disabled.
[    9.995231] mount_root: overlay filesystem has not been fully initialized yet
[   10.013164] mount_root: switching to ext4 overlay
[   10.036838] overlayfs: null uuid detected in lower fs '/', falling back to xino=off,index=off,nfs_export=off.
[   10.763167] EXT4-fs (vda1): mounted filesystem 84173db5-fa99-e35a-95c6-28613cc79ea9 r/w without journal. Quota mode: disabled.
[   10.787831] urandom-seed: Seed file not found (/etc/urandom.seed)
[   10.948470] procd: - early -
[   11.704049] procd: - ubus -
[   11.894930] procd: - init -
Please press Enter to activate this console.
root
login[1000]: root login on 'ttyS0'


BusyBox v1.36.1 (2026-04-10 16:31:26 UTC) built-in shell (ash)

  _______                     ________        __
 |       |.-----.-----.-----.|  |  |  |.----.|  |_
 |   -   ||  _  |  -__|     ||  |  |  ||   _||   _|
 |_______||   __|_____|__|__||________||__|  |____|
          |__| W I R E L E S S   F R E E D O M
 -----------------------------------------------------
 OpenWrt 24.10-SNAPSHOT, r29149-fbca86e8bd
 -----------------------------------------------------
  ___   __ __                _______             __
 |   |_|__|  |--.----.-----.|   |   |-----.-----|  |--.
 |     |  |  _  |   _|  -__||       |  -__|__ --|     |
 |_____|__|_____|__| |_____||__|_|__|_____|_____|__|__|

 ------------------------------------------------------
 LiMe master development (master rev. 142c27f 20260407_1220)
 ------------------------------------------------------
 https://libremesh.org
 ------------------------------------------------------
=== WARNING! =====================================
There is no root password defined on this device!
Use the "passwd" command to set up a new password
in order to prevent unauthorized SSH logins.
--------------------------------------------------
root@(none):~# dmesg -n 1
root@(none):~# echo 'FNZT''FMNAVG'
FNZTFMNAVG
root@LiMe-123456:~# run() { echo -n "$MARKER"; sh -c "$@"; echo "$MARKER $?"; }
root@LiMe-123456:~# echo 'YEPB''BOVVSL'
YEPBBOVVSL
root@LiMe-123456:~# MARKER='AZZS''KTKVTF' run 'ubus wait_for network.interface.l
an'
AZZSKTKVTFAZZSKTKVTF 0
root@LiMe-123456:~# echo 'UGVY''XQUVMS'
UGVYXQUVMS
root@LiMe-123456:~# MARKER='CZJP''QVQQGF' run 'ubus call network.interface.lan s
tatus '"'"'{}'"'"''
CZJPQVQQGF{
	"up": true,
	"pending": false,
	"available": true,
	"autostart": true,
	"dynamic": false,
	"uptime": 0,
	"l3_device": "br-lan",
	"proto": "static",
	"device": "br-lan",
	"updated": [
		"addresses"
	],
	"metric": 0,
	"dns_metric": 0,
	"delegation": true,
	"ipv4-address": [
		{
			"address": "10.13.52.86",
			"mask": 16
		}
	],
	"ipv6-address": [
		{
			"address": "fd0d:fe46:8ce8::12:3456",
			"mask": 64
		}
	],
	"ipv6-prefix": [
		
	],
	"ipv6-prefix-assignment": [
		
	],
	"route": [
		
	],
	"dns-server": [
		
	],
	"dns-search": [
		
	],
	"neighbors": [
		
	],
	"inactive": {
		"ipv4-address": [
			
		],
		"ipv6-address": [
			
		],
		"route": [
			
		],
		"dns-server": [
			
		],
		"dns-search": [
			
		],
		"neighbors": [
			
		]
	},
	"data": {
		
	}
}
CZJPQVQQGF 0
root@LiMe-123456:~# echo 'GBOO''PQCWYP'
GBOOPQCWYP
root@LiMe-123456:~# MARKER='JQVO''KSBPMY' run true
JQVOKSBPMYJQVOKSBPMY 0
root@LiMe-123456:~# echo 'EQOE''ZJLECV'
EQOEZJLECV
root@LiMe-123456:~# MARKER='TMZZ''GXXLQB' run 'source /etc/os-release; echo $BUI
LD_ID'
TMZZGXXLQBr29149-fbca86e8bd
TMZZGXXLQB 0
root@LiMe-123456:~# echo 'XAAT''JHSFFU'
XAATJHSFFU
root@LiMe-123456:~# MARKER='CWAE''GPGEOM' run 'ls /etc/dropbear/dropbear_rsa_hos
t_key'
CWAEGPGEOM[0;0m/etc/dropbear/dropbear_rsa_host_key[m
CWAEGPGEOM 0
root@LiMe-123456:~# echo 'YGJU''QYYGMY'
YGJUQYYGMY
root@LiMe-123456:~# MARKER='MCYP''OQUKPJ' run 'netstat -tlpn | grep 0.0.0.0:22'
MCYPOQUKPJnetstat: showing only processes with your user ID
tcp        0      0 0.0.0.0:22              0.0.0.0:*               LISTEN      2090/dropbear
MCYPOQUKPJ 0
root@LiMe-123456:~# echo 'QWCF''VQAPLQ'
QWCFVQAPLQ
root@LiMe-123456:~# MARKER='ZBMN''ZGUGEJ' run 'dmesg | grep br-lan | grep forwar
ding'
ZBMNZGUGEJ[   42.703016] br-lan: port 1(eth0) entered forwarding state
[   47.280194] br-lan: port 2(bat0) entered forwarding state
ZBMNZGUGEJ 0
root@LiMe-123456:~# echo 'NNUO''HBFHFF'
NNUOHBFHFF
root@LiMe-123456:~# MARKER='XNAS''OBXHHK' run 'ubus call network.interface.lan s
tatus '"'"'{}'"'"''
XNASOBXHHK{
	"up": true,
	"pending": false,
	"available": true,
	"autostart": true,
	"dynamic": false,
	"uptime": 8,
	"l3_device": "br-lan",
	"proto": "static",
	"device": "br-lan",
	"updated": [
		"addresses"
	],
	"metric": 0,
	"dns_metric": 0,
	"delegation": true,
	"ipv4-address": [
		{
			"address": "10.13.52.86",
			"mask": 16
		}
	],
	"ipv6-address": [
		{
			"address": "fd0d:fe46:8ce8::12:3456",
			"mask": 64
		}
	],
	"ipv6-prefix": [
		
	],
	"ipv6-prefix-assignment": [
		
	],
	"route": [
		
	],
	"dns-server": [
		
	],
	"dns-search": [
		
	],
	"neighbors": [
		
	],
	"inactive": {
		"ipv4-address": [
			
		],
		"ipv6-address": [
			
		],
		"route": [
			
		],
		"dns-server": [
			
		],
		"dns-search": [
			
		],
		"neighbors": [
			
		]
	},
	"data": {
		
	}
}
XNASOBXHHK 0
root@LiMe-123456:~# 