Labgrid Console Logfile for main
Logfile started at 2026-05-02 02:04:34.785998
=== Log starts here ===
c[?7l[2J[0mSeaBIOS (version 1.16.3-debian-1.16.3-2)


iPXE (https://ipxe.org) 00:03.0 CA00 PCI2.10 PnP PMM+06FCAE70+06F0AE70 CA00
Press Ctrl-B to configure iPXE (PCI 00:03.0)...                                                                               




iPXE (https://ipxe.org) 00:05.0 CB00 PCI2.10 PnP PMM 06FCAE70 06F0AE70 CB00
Press Ctrl-B to configure iPXE (PCI 00:05.0)...                                                                               


Booting from Hard Disk...
GRUB loading.....
[0;30;47mWelcome to GRUB![01;01H[0m[2J[H[J[1;1H[?25l[m[H[J[1;1H[2;30HGNU GRUB  version 2.12

[m[4;2H+----------------------------------------------------------------------------+[5;2H|[5;79H|[6;2H|[6;79H|[7;2H|[7;79H|[8;2H|[8;79H|[9;2H|[9;79H|[10;2H|[10;79H|[11;2H|[11;79H|[12;2H|[12;79H|[13;2H|[13;79H|[14;2H|[14;79H|[15;2H|[15;79H|[16;2H+----------------------------------------------------------------------------+[m[17;2H[18;2H[m     Use the ^ and v keys to select which entry is highlighted.          
      Press enter to boot the selected OS, `e' to edit the commands       
      before booting or `c' for a command-line. ESC to return             
      previous menu.                                                      [5;80H [7m[5;3H*OpenWrt                                                                    [m[5;78H[m[m[6;3H OpenWrt (failsafe)                                                         [m[6;78H[m[m[7;3H                                                                            [m[7;78H[m[m[8;3H                                                                            [m[8;78H[m[m[9;3H                                                                            [m[9;78H[m[m[10;3H                                                                            [m[10;78H[m[m[11;3H                                                                            [m[11;78H[m[m[12;3H                                                                            [m[12;78H[m[m[13;3H                                                                            [m[13;78H[m[m[14;3H                                                                            [m[14;78H[m[m[15;3H                                                                            [m[15;78H[m[15;80H [5;78H[2J[02;30HGNU GRUB  version 2.12[04;02H┌──────────────────────────────────────────────────────────────────[04;68H[04;69H──────────┐[05;02H│[05;79H│[06;02H│[06;79H│[07;02H│[07;79H│[08;02H│[08;79H│[09;02H│[09;79H│[10;02H│[10;79H│[11;02H│[11;79H│[12;02H│[12;79H│[13;02H│[13;79H│[14;02H│[14;79H│[15;02H│[15;79H│[16;02H│[16;79H│[17;02H└────────────────────────────────────────────────────────────────────────────┘[19;02H     Use the ↑ and ↓ keys to select which entry is highlighted.          
      Press enter to boot the selected OS, `e' to edit the commands       
      before booting or `c' for a command-line. ESC to return             
      previous menu.                                                      [05;80H [05;03H[0;30;47m*OpenWrt                                                                    [06;03H[0m OpenWrt (failsafe)                                                         [07;03H                                                                     [07;71H[07;72H       [08;03H                                                                            [09;03H                                                                            [10;03H                                                                            [11;03H                                                                            [12;03H                                                                            [13;03H                                                                            [14;03H                        [14;26H[14;27H                                                    [15;03H                                                                            [16;03H                                                                            [16;80H 






   The highlighted entry will be executed automatically in 5s.                [22;1H   The highlighted entry will be executed automatically in 5s.                 [5;78H [05;78H

















   The highlighted entry will be executed automatically in 4s.                [22;1H   The highlighted entry will be executed automatically in 4s.                 [5;78H [05;78H

















   The highlighted entry will be executed automatical[23;53H[23;54Hly in 3s.                [22;1H   The highlighted entry will be executed automatically in 3s.                 [5;78H [05;78H

















   The highlighted entry will be executed automatically in 2s.                [22;1H   The highlighted entry will be executed automatically in 2s.                 [5;78H [05;78H

















   The highlighted entry will be executed automatically in 1s.                [22;1H   The highlighted entry will be executed automatically in 1s.                 [5;78H [05;78H

















   The highlighted entry will be executed automatically in 0s.                [22;1H   The highlighted entry will be executed automatically in 0s.                 [5;78H [01;01H[2J[?25h[H[J[1;1H[H[J[1;1H[2J   Booting `OpenWrt' Booting `[01;11H[01;12HOpenWrt

'

[    0.000000] Linux version 6.6.135 (builder@buildhost) (x86_64-openwrt-linux-musl-gcc (OpenWrt GCC 13.3.0 r29164-00da0d2bce) 13.3.0, GNU ld (GNU Binutils) 2.42) #0 SMP Thu Apr 30 08:33:46 2026
[    0.000000] Command line: BOOT_IMAGE=/boot/vmlinuz root=PARTUUID=a80c339d-02 rootwait console=tty1 console=ttyS0,115200n8 noinitrd
[    0.000000] BIOS-provided physical RAM map:
[    0.000000] BIOS-e820: [mem 0x0000000000000000-0x000000000009fbff] usable
[    0.000000] BIOS-e820: [mem 0x000000000009fc00-0x000000000009ffff] reserved
[    0.000000] BIOS-e820: [mem 0x00000000000f0000-0x00000000000fffff] reserved
[    0.000000] BIOS-e820: [mem 0x0000000000100000-0x0000000007fdcfff] usable
[    0.000000] BIOS-e820: [mem 0x0000000007fdd000-0x0000000007ffffff] reserved
[    0.000000] BIOS-e820: [mem 0x00000000fffc0000-0x00000000ffffffff] reserved
[    0.000000] BIOS-e820: [mem 0x000000fd00000000-0x000000ffffffffff] reserved
[    0.000000] NX (Execute Disable) protection: active
[    0.000000] APIC: Static calls initialized
[    0.000000] SMBIOS 3.0.0 present.
[    0.000000] DMI: QEMU Standard PC (i440FX + PIIX, 1996), BIOS 1.16.3-debian-1.16.3-2 04/01/2014
[    0.000000] tsc: Fast TSC calibration using PIT
[    0.000000] tsc: Detected 2445.426 MHz processor
[    0.009115] last_pfn = 0x7fdd max_arch_pfn = 0x400000000
[    0.009776] MTRR map: 4 entries (3 fixed + 1 variable; max 19), built from 8 variable MTRRs
[    0.009963] x86/PAT: Configuration [0-7]: WB  WC  UC- UC  WB  WP  UC- WT  
[    0.028108] found SMP MP-table at [mem 0x000f5460-0x000f546f]
[    0.029458] Using GB pages for direct mapping
[    0.033226] ACPI: Early table checksum verification disabled
[    0.033568] ACPI: RSDP 0x00000000000F5290 000014 (v00 BOCHS )
[    0.033862] ACPI: RSDT 0x0000000007FE1C64 000034 (v01 BOCHS  BXPC     00000001 BXPC 00000001)
[    0.034380] ACPI: FACP 0x0000000007FE1B18 000074 (v01 BOCHS  BXPC     00000001 BXPC 00000001)
[    0.034993] ACPI: DSDT 0x0000000007FE0040 001AD8 (v01 BOCHS  BXPC     00000001 BXPC 00000001)
[    0.035085] ACPI: FACS 0x0000000007FE0000 000040
[    0.035136] ACPI: APIC 0x0000000007FE1B8C 000078 (v03 BOCHS  BXPC     00000001 BXPC 00000001)
[    0.035163] ACPI: HPET 0x0000000007FE1C04 000038 (v01 BOCHS  BXPC     00000001 BXPC 00000001)
[    0.035188] ACPI: WAET 0x0000000007FE1C3C 000028 (v01 BOCHS  BXPC     00000001 BXPC 00000001)
[    0.035272] ACPI: Reserving FACP table memory at [mem 0x7fe1b18-0x7fe1b8b]
[    0.035337] ACPI: Reserving DSDT table memory at [mem 0x7fe0040-0x7fe1b17]
[    0.035347] ACPI: Reserving FACS table memory at [mem 0x7fe0000-0x7fe003f]
[    0.035354] ACPI: Reserving APIC table memory at [mem 0x7fe1b8c-0x7fe1c03]
[    0.035360] ACPI: Reserving HPET table memory at [mem 0x7fe1c04-0x7fe1c3b]
[    0.035367] ACPI: Reserving WAET table memory at [mem 0x7fe1c3c-0x7fe1c63]
[    0.038438] Zone ranges:
[    0.038470]   DMA      [mem 0x0000000000001000-0x0000000000ffffff]
[    0.038547]   DMA32    [mem 0x0000000001000000-0x0000000007fdcfff]
[    0.038559]   Normal   empty
[    0.038584] Movable zone start for each node
[    0.038612] Early memory node ranges
[    0.038643]   node   0: [mem 0x0000000000001000-0x000000000009efff]
[    0.038689]   node   0: [mem 0x0000000000100000-0x0000000007fdcfff]
[    0.038799] Initmem setup node 0 [mem 0x0000000000001000-0x0000000007fdcfff]
[    0.039630] On node 0, zone DMA: 1 pages in unavailable ranges
[    0.039973] On node 0, zone DMA: 97 pages in unavailable ranges
[    0.041001] On node 0, zone DMA32: 35 pages in unavailable ranges
[    0.041407] ACPI: PM-Timer IO Port: 0x608
[    0.041777] ACPI: LAPIC_NMI (acpi_id[0xff] dfl dfl lint[0x1])
[    0.042186] IOAPIC[0]: apic_id 0, version 32, address 0xfec00000, GSI 0-23
[    0.042299] ACPI: INT_SRC_OVR (bus 0 bus_irq 0 global_irq 2 dfl dfl)
[    0.042582] ACPI: INT_SRC_OVR (bus 0 bus_irq 5 global_irq 5 high level)
[    0.042641] ACPI: INT_SRC_OVR (bus 0 bus_irq 9 global_irq 9 high level)
[    0.042731] ACPI: INT_SRC_OVR (bus 0 bus_irq 10 global_irq 10 high level)
[    0.042742] ACPI: INT_SRC_OVR (bus 0 bus_irq 11 global_irq 11 high level)
[    0.042933] ACPI: Using ACPI (MADT) for SMP configuration information
[    0.042976] ACPI: HPET id: 0x8086a201 base: 0xfed00000
[    0.043261] smpboot: Allowing 1 CPUs, 0 hotplug CPUs
[    0.044364] [mem 0x08000000-0xfffbffff] available for PCI devices
[    0.044416] Booting paravirtualized kernel on bare hardware
[    0.044694] clocksource: refined-jiffies: mask: 0xffffffff max_cycles: 0xffffffff, max_idle_ns: 19112604462750000 ns
[    0.045306] setup_percpu: NR_CPUS:512 nr_cpumask_bits:1 nr_cpu_ids:1 nr_node_ids:1
[    0.046911] percpu: Embedded 48 pages/cpu s158248 r8192 d30168 u2097152
[    0.049156] Kernel command line: BOOT_IMAGE=/boot/vmlinuz root=PARTUUID=a80c339d-02 rootwait console=tty1 console=ttyS0,115200n8 noinitrd
[    0.050812] random: crng init done
[    0.055610] Dentry cache hash table entries: 16384 (order: 5, 131072 bytes, linear)
[    0.056569] Inode-cache hash table entries: 8192 (order: 4, 65536 bytes, linear)
[    0.059339] Built 1 zonelists, mobility grouping on.  Total pages: 31965
[    0.059568] mem auto-init: stack:off, heap alloc:off, heap free:off
[    0.063046] Memory: 102576K/130540K available (14336K kernel code, 1170K rwdata, 2300K rodata, 2456K init, 2404K bss, 27708K reserved, 0K cma-reserved)
[    0.069477] SLUB: HWalign=64, Order=0-3, MinObjects=0, CPUs=1, Nodes=1
[    0.076843] rcu: Hierarchical RCU implementation.
[    0.076874] rcu: 	RCU restricting CPUs from NR_CPUS=512 to nr_cpu_ids=1.
[    0.076987] 	Tracing variant of Tasks RCU enabled.
[    0.077071] rcu: RCU calculated value of scheduler-enlistment delay is 10 jiffies.
[    0.077099] rcu: Adjusting geometry for rcu_fanout_leaf=16, nr_cpu_ids=1
[    0.078217] NR_IRQS: 33024, nr_irqs: 256, preallocated irqs: 16
[    0.086845] rcu: srcu_init: Setting srcu_struct sizes based on contention.
[    0.093570] Console: colour VGA+ 80x25
[    0.093993] printk: console [tty1] enabled
[    0.101553] printk: console [ttyS0] enabled
[    0.333171] ACPI: Core revision 20230628
[    0.338366] clocksource: hpet: mask: 0xffffffff max_cycles: 0xffffffff, max_idle_ns: 19112604467 ns
[    0.348142] APIC: Switch to symmetric I/O mode setup
[    0.352430] ..TIMER: vector=0x30 apic1=0 pin1=2 apic2=-1 pin2=-1
[    0.395003] clocksource: tsc-early: mask: 0xffffffffffffffff max_cycles: 0x233fd7ba1b0, max_idle_ns: 440795295779 ns
[    0.395691] Calibrating delay loop (skipped), value calculated using timer frequency.. 4890.85 BogoMIPS (lpj=24454260)
[    0.397364] x86/cpu: User Mode Instruction Prevention (UMIP) activated
[    0.412189] Last level iTLB entries: 4KB 0, 2MB 0, 4MB 0
[    0.412606] Last level dTLB entries: 4KB 0, 2MB 0, 4MB 0, 1GB 0
[    0.415814] Spectre V1 : Mitigation: usercopy/swapgs barriers and __user pointer sanitization
[    0.416916] Spectre V2 : Mitigation: Retpolines
[    0.417251] Spectre V2 : Spectre v2 / SpectreRSB: Filling RSB on context switch and VMEXIT
[    0.417724] Speculative Store Bypass: Vulnerable
[    0.419350] x86/fpu: Supporting XSAVE feature 0x001: 'x87 floating point registers'
[    0.428013] x86/fpu: Supporting XSAVE feature 0x002: 'SSE registers'
[    0.428310] x86/fpu: Supporting XSAVE feature 0x004: 'AVX registers'
[    0.428569] x86/fpu: Supporting XSAVE feature 0x008: 'MPX bounds registers'
[    0.428868] x86/fpu: Supporting XSAVE feature 0x010: 'MPX CSR'
[    0.436029] x86/fpu: xstate_offset[2]:  576, xstate_sizes[2]:  256
[    0.436497] x86/fpu: xstate_offset[3]:  960, xstate_sizes[3]:   64
[    0.436782] x86/fpu: xstate_offset[4]: 1024, xstate_sizes[4]:   64
[    0.437040] x86/fpu: Enabled xstate features 0x1f, context size is 1088 bytes, using 'standard' format.
[    0.717735] Freeing SMP alternatives memory: 40K
[    0.718990] pid_max: default: 32768 minimum: 301
[    0.728202] Mount-cache hash table entries: 512 (order: 0, 4096 bytes, linear)
[    0.728708] Mountpoint-cache hash table entries: 512 (order: 0, 4096 bytes, linear)
[    0.877904] smpboot: CPU0: AMD QEMU TCG CPU version 2.5+ (family: 0x6, model: 0x6, stepping: 0x3)
[    0.885599] RCU Tasks Trace: Setting shift to 0 and lim to 1 rcu_task_cb_adjust=1 rcu_task_cpu_ids=1.
[    0.885599] Performance Events: PMU not available due to virtualization, using software events only.
[    0.887806] signal: max sigframe size: 1616
[    0.889338] rcu: Hierarchical SRCU implementation.
[    0.889552] rcu: 	Max phase no-delay instances is 1000.
[    0.892549] smp: Bringing up secondary CPUs ...
[    0.894507] smp: Brought up 1 node, 1 CPU
[    0.897231] smpboot: Max logical packages: 1
[    0.897496] smpboot: Total of 1 processors activated (4890.85 BogoMIPS)
[    0.915979] clocksource: jiffies: mask: 0xffffffff max_cycles: 0xffffffff, max_idle_ns: 19112604462750000 ns
[    0.916847] futex hash table entries: 256 (order: 2, 16384 bytes, linear)
[    0.917886] pinctrl core: initialized pinctrl subsystem
[    0.937356] NET: Registered PF_NETLINK/PF_ROUTE protocol family
[    0.943908] thermal_sys: Registered thermal governor 'step_wise'
[    0.943942] thermal_sys: Registered thermal governor 'user_space'
[    0.944788] cpuidle: using governor ladder
[    0.945300] cpuidle: using governor menu
[    0.947256] acpiphp: ACPI Hot Plug PCI Controller Driver version: 0.5
[    0.949974] PCI: Using configuration type 1 for base access
[    0.961404] cryptd: max_cpu_qlen set to 1000
[    0.966271] ACPI: Added _OSI(Module Device)
[    0.966461] ACPI: Added _OSI(Processor Device)
[    0.966635] ACPI: Added _OSI(Processor Aggregator Device)
[    0.982187] ACPI: 1 ACPI AML tables successfully acquired and loaded
[    0.996632] ACPI: _OSC evaluation for CPUs failed, trying _PDC
[    0.998725] ACPI: Interpreter enabled
[    0.999451] ACPI: PM: (supports S0 S5)
[    0.999655] ACPI: Using IOAPIC for interrupt routing
[    1.000233] PCI: Using host bridge windows from ACPI; if necessary, use "pci=nocrs" and report a bug
[    1.005929] PCI: Using E820 reservations for host bridge windows
[    1.007678] ACPI: Enabled 2 GPEs in block 00 to 0F
[    1.039579] ACPI: PCI Root Bridge [PCI0] (domain 0000 [bus 00-ff])
[    1.040480] acpi PNP0A03:00: _OSC: OS supports [ASPM ClockPM Segments MSI HPX-Type3]
[    1.041054] acpi PNP0A03:00: _OSC: not requesting OS control; OS requires [ExtendedConfig ASPM ClockPM MSI]
[    1.041911] acpi PNP0A03:00: fail to add MMCONFIG information, can't access extended configuration space under this bridge
[    1.050317] acpiphp: Slot [3] registered
[    1.055689] acpiphp: Slot [4] registered
[    1.055952] acpiphp: Slot [5] registered
[    1.056223] acpiphp: Slot [6] registered
[    1.061432] acpiphp: Slot [7] registered
[    1.061857] acpiphp: Slot [8] registered
[    1.062123] acpiphp: Slot [9] registered
[    1.062411] acpiphp: Slot [10] registered
[    1.062654] acpiphp: Slot [11] registered
[    1.062905] acpiphp: Slot [12] registered
[    1.067467] acpiphp: Slot [13] registered
[    1.067788] acpiphp: Slot [14] registered
[    1.068038] acpiphp: Slot [15] registered
[    1.068280] acpiphp: Slot [16] registered
[    1.068522] acpiphp: Slot [17] registered
[    1.068791] acpiphp: Slot [18] registered
[    1.075716] acpiphp: Slot [19] registered
[    1.084876] acpiphp: Slot [20] registered
[    1.085265] acpiphp: Slot [21] registered
[    1.085567] acpiphp: Slot [22] registered
[    1.085861] acpiphp: Slot [23] registered
[    1.086112] acpiphp: Slot [24] registered
[    1.086405] acpiphp: Slot [25] registered
[    1.095936] acpiphp: Slot [26] registered
[    1.096350] acpiphp: Slot [27] registered
[    1.096634] acpiphp: Slot [28] registered
[    1.096882] acpiphp: Slot [29] registered
[    1.097164] acpiphp: Slot [30] registered
[    1.097418] acpiphp: Slot [31] registered
[    1.106177] PCI host bridge to bus 0000:00
[    1.106594] pci_bus 0000:00: root bus resource [io  0x0000-0x0cf7 window]
[    1.106995] pci_bus 0000:00: root bus resource [io  0x0d00-0xffff window]
[    1.107231] pci_bus 0000:00: root bus resource [mem 0x000a0000-0x000bffff window]
[    1.115826] pci_bus 0000:00: root bus resource [mem 0x08000000-0xfebfffff window]
[    1.116228] pci_bus 0000:00: root bus resource [mem 0x100000000-0x17fffffff window]
[    1.116689] pci_bus 0000:00: root bus resource [bus 00-ff]
[    1.118170] pci 0000:00:00.0: [8086:1237] type 00 class 0x060000
[    1.129608] pci 0000:00:01.0: [8086:7000] type 00 class 0x060100
[    1.130437] pci 0000:00:01.1: [8086:7010] type 00 class 0x010180
[    1.136787] pci 0000:00:01.1: BAR 4 [io  0xc0e0-0xc0ef]
[    1.138017] pci 0000:00:01.1: BAR 0 [io  0x01f0-0x01f7]: legacy IDE quirk
[    1.140284] pci 0000:00:01.1: BAR 1 [io  0x03f6]: legacy IDE quirk
[    1.140657] pci 0000:00:01.1: BAR 2 [io  0x0170-0x0177]: legacy IDE quirk
[    1.140950] pci 0000:00:01.1: BAR 3 [io  0x0376]: legacy IDE quirk
[    1.141882] pci 0000:00:01.3: [8086:7113] type 00 class 0x068000
[    1.146271] pci 0000:00:01.3: quirk: [io  0x0600-0x063f] claimed by PIIX4 ACPI
[    1.146610] pci 0000:00:01.3: quirk: [io  0x0700-0x070f] claimed by PIIX4 SMB
[    1.147399] pci 0000:00:02.0: [1234:1111] type 00 class 0x030000
[    1.148150] pci 0000:00:02.0: BAR 0 [mem 0xfd000000-0xfdffffff pref]
[    1.157080] pci 0000:00:02.0: BAR 2 [mem 0xfeb90000-0xfeb90fff]
[    1.166421] pci 0000:00:02.0: ROM [mem 0xfeb80000-0xfeb8ffff pref]
[    1.166915] pci 0000:00:02.0: Video device with shadowed ROM at [mem 0x000c0000-0x000dffff]
[    1.174180] pci 0000:00:03.0: [1af4:1000] type 00 class 0x020000
[    1.175025] pci 0000:00:03.0: BAR 0 [io  0xc080-0xc09f]
[    1.177195] pci 0000:00:03.0: BAR 4 [mem 0xfe000000-0xfe003fff 64bit pref]
[    1.178240] pci 0000:00:03.0: ROM [mem 0xfea80000-0xfeafffff pref]
[    1.189874] pci 0000:00:04.0: [1af4:1005] type 00 class 0x00ff00
[    1.191651] pci 0000:00:04.0: BAR 0 [io  0xc0a0-0xc0bf]
[    1.192489] pci 0000:00:04.0: BAR 1 [mem 0xfeb91000-0xfeb91fff]
[    1.195299] pci 0000:00:04.0: BAR 4 [mem 0xfe004000-0xfe007fff 64bit pref]
[    1.201309] pci 0000:00:05.0: [1af4:1000] type 00 class 0x020000
[    1.203271] pci 0000:00:05.0: BAR 0 [io  0xc0c0-0xc0df]
[    1.204340] pci 0000:00:05.0: BAR 1 [mem 0xfeb92000-0xfeb92fff]
[    1.206147] pci 0000:00:05.0: BAR 4 [mem 0xfe008000-0xfe00bfff 64bit pref]
[    1.207138] pci 0000:00:05.0: ROM [mem 0xfeb00000-0xfeb7ffff pref]
[    1.216593] pci 0000:00:06.0: [1af4:1001] type 00 class 0x010000
[    1.217889] pci 0000:00:06.0: BAR 0 [io  0xc000-0xc07f]
[    1.218641] pci 0000:00:06.0: BAR 1 [mem 0xfeb93000-0xfeb93fff]
[    1.220380] pci 0000:00:06.0: BAR 4 [mem 0xfe00c000-0xfe00ffff 64bit pref]
[    1.231864] ACPI: PCI: Interrupt link LNKA configured for IRQ 10
[    1.232767] ACPI: PCI: Interrupt link LNKB configured for IRQ 10
[    1.233443] ACPI: PCI: Interrupt link LNKC configured for IRQ 11
[    1.234547] ACPI: PCI: Interrupt link LNKD configured for IRQ 11
[    1.235021] ACPI: PCI: Interrupt link LNKS configured for IRQ 9
[    1.238537] iommu: Default domain type: Translated
[    1.238755] iommu: DMA domain TLB invalidation policy: lazy mode
[    1.240914] SCSI subsystem initialized
[    1.247100] ACPI: bus type USB registered
[    1.247632] usbcore: registered new interface driver usbfs
[    1.248090] usbcore: registered new interface driver hub
[    1.248455] usbcore: registered new device driver usb
[    1.248999] pps_core: LinuxPPS API ver. 1 registered
[    1.255776] pps_core: Software ver. 5.3.6 - Copyright 2005-2007 Rodolfo Giometti <giometti@linux.it>
[    1.256363] PTP clock support registered
[    1.269778] PCI: Using ACPI for IRQ routing
[    1.272819] hpet0: at MMIO 0xfed00000, IRQs 2, 8, 0
[    1.273097] hpet0: 3 comparators, 64-bit 100.000000 MHz counter
[    1.277324] clocksource: Switched to clocksource tsc-early
[    1.279808] pnp: PnP ACPI init
[    1.283902] pnp: PnP ACPI: found 6 devices
[    1.297413] clocksource: acpi_pm: mask: 0xffffff max_cycles: 0xffffff, max_idle_ns: 2085701024 ns
[    1.298348] NET: Registered PF_INET protocol family
[    1.299471] IP idents hash table entries: 2048 (order: 2, 16384 bytes, linear)
[    1.304652] tcp_listen_portaddr_hash hash table entries: 256 (order: 0, 4096 bytes, linear)
[    1.308552] Table-perturb hash table entries: 65536 (order: 6, 262144 bytes, linear)
[    1.308890] TCP established hash table entries: 1024 (order: 1, 8192 bytes, linear)
[    1.309364] TCP bind hash table entries: 1024 (order: 3, 32768 bytes, linear)
[    1.319352] TCP: Hash tables configured (established 1024 bind 1024)
[    1.321332] MPTCP token hash table entries: 256 (order: 1, 6144 bytes, linear)
[    1.321832] UDP hash table entries: 256 (order: 1, 8192 bytes, linear)
[    1.322290] UDP-Lite hash table entries: 256 (order: 1, 8192 bytes, linear)
[    1.331543] NET: Registered PF_UNIX/PF_LOCAL protocol family
[    1.332715] pci_bus 0000:00: resource 4 [io  0x0000-0x0cf7 window]
[    1.332943] pci_bus 0000:00: resource 5 [io  0x0d00-0xffff window]
[    1.333177] pci_bus 0000:00: resource 6 [mem 0x000a0000-0x000bffff window]
[    1.341382] pci_bus 0000:00: resource 7 [mem 0x08000000-0xfebfffff window]
[    1.341689] pci_bus 0000:00: resource 8 [mem 0x100000000-0x17fffffff window]
[    1.342413] pci 0000:00:01.0: PIIX3: Enabling Passive Release
[    1.352214] pci 0000:00:00.0: Limiting direct PCI/PCI transfers
[    1.352668] PCI: CLS 0 bytes, default 64
[    1.384881] workingset: timestamp_bits=46 max_order=15 bucket_order=0
[    1.387020] squashfs: version 4.0 (2009/01/31) Phillip Lougher
[    1.389541] Block layer SCSI generic (bsg) driver version 0.4 loaded (major 247)
[    1.393366] hv_vmbus: registering driver hyperv_fb
[    1.399411] input: Power Button as /devices/LNXSYSTM:00/LNXPWRBN:00/input/input0
[    1.412778] ACPI: button: Power Button [PWRF]
[    1.617830] ACPI: \_SB_.LNKC: Enabled at IRQ 11
[    1.815347] ACPI: \_SB_.LNKD: Enabled at IRQ 10
[    2.010200] ACPI: \_SB_.LNKA: Enabled at IRQ 10
[    2.206811] ACPI: \_SB_.LNKB: Enabled at IRQ 11
[    2.208840] Serial: 8250/16550 driver, 16 ports, IRQ sharing enabled
[    2.233373] 00:04: ttyS0 at I/O 0x3f8 (irq = 4, base_baud = 115200) is a 16550A
[    2.281190] Non-volatile memory driver v1.3
[    2.292653] Linux agpgart interface v0.103
[    2.293490] AMD-Vi: AMD IOMMUv2 functionality not available on this system - This is not a bug.
[    2.294071] ACPI: bus type drm_connector registered
[    2.296374] [drm] Found bochs VGA, ID 0xb0c5.
[    2.296578] [drm] Framebuffer size 16384 kB @ 0xfd000000, mmio @ 0xfeb90000.
[    2.317369] [drm] Found EDID data blob.
[    2.325636] [drm] Initialized bochs-drm 1.0.0 20130925 for 0000:00:02.0 on minor 0
[    2.395468] Console: switching to colour frame buffer device 160x50
[    2.404709] bochs-drm 0000:00:02.0: [drm] fb0: bochs-drmdrmfb frame buffer device
[    2.419497] tsc: Refined TSC clocksource calibration: 2445.436 MHz
[    2.420167] clocksource: tsc: mask: 0xffffffffffffffff max_cycles: 0x233fe1217f0, max_idle_ns: 440795285373 ns
[    2.420690] clocksource: Switched to clocksource tsc
[    2.447896] loop: module loaded
[    2.448828] virtio_blk virtio3: 1/0/0 default/read/poll queues
[    2.454530] virtio_blk virtio3: [vda] 246784 512-byte logical blocks (126 MB/121 MiB)
[    2.463322]  vda: vda1 vda2
[    2.466857] Guest personality initialized and is inactive
[    2.467473] VMCI host device registered (name=vmci, major=10, minor=256)
[    2.467729] Initialized host personality
[    2.468888] VMware PVSCSI driver - version 1.0.7.0-k
[    2.469251] hv_vmbus: registering driver hv_storvsc
[    2.497505] scsi host0: ata_piix
[    2.500781] scsi host1: ata_piix
[    2.501813] ata1: PATA max MWDMA2 cmd 0x1f0 ctl 0x3f6 bmdma 0xc0e0 irq 14
[    2.502089] ata2: PATA max MWDMA2 cmd 0x170 ctl 0x376 bmdma 0xc0e8 irq 15
[    2.512956] VMware vmxnet3 virtual NIC driver - version 1.7.0.0-k-NAPI
[    2.513556] hv_vmbus: registering driver hv_netvsc
[    2.513937] Fusion MPT base driver 3.04.20
[    2.514097] Copyright (c) 1999-2008 LSI Corporation
[    2.514487] Fusion MPT SPI Host driver 3.04.20
[    2.523878] Fusion MPT SAS Host driver 3.04.20
[    2.526134] usbcore: registered new interface driver usb-storage
[    2.527377] i8042: PNP: PS/2 Controller [PNP0303:KBD,PNP0f13:MOU] at 0x60,0x64 irq 1,12
[    2.533502] serio: i8042 KBD port at 0x60,0x64 irq 1
[    2.536082] serio: i8042 AUX port at 0x60,0x64 irq 12
[    2.538364] hv_vmbus: registering driver hyperv_keyboard
[    2.540811] rtc_cmos 00:05: RTC can wake from S4
[    2.545889] rtc_cmos 00:05: registered as rtc0
[    2.548785] rtc_cmos 00:05: setting system clock to 2026-05-02T02:04:46 UTC (1777687486)
[    2.551289] rtc_cmos 00:05: alarms up to one day, y3k, 242 bytes nvram, hpet irqs
[    2.554223] amd_pstate: the _CPC object is not present in SBIOS or ACPI disabled
[    2.556594] sdhci: Secure Digital Host Controller Interface driver
[    2.561879] sdhci: Copyright(c) Pierre Ossman
[    2.571701] input: AT Translated Set 2 keyboard as /devices/platform/i8042/serio0/input/input1
[    2.603896] hid: raw HID events driver (C) Jiri Kosina
[    2.606519] hv_vmbus: registering driver hid_hyperv
[    2.609498] usbcore: registered new interface driver usbhid
[    2.611635] usbhid: USB HID core driver
[    2.613848] hv_utils: Registering HyperV Utility Driver
[    2.616566] hv_vmbus: registering driver hv_utils
[    2.618718] hv_vmbus: registering driver hv_balloon
[    2.622076] NET: Registered PF_INET6 protocol family
[    2.639171] Segment Routing with IPv6
[    2.641379] In-situ OAM (IOAM) with IPv6
[    2.643957] NET: Registered PF_PACKET protocol family
[    2.646561] bridge: filtering via arp/ip/ip6tables is no longer available by default. Update your scripts to load br_netfilter if you need this.
[    2.655922] 8021q: 802.1Q VLAN Support v1.8
[    2.658769] NET: Registered PF_VSOCK protocol family
[    2.668429] IPI shorthand broadcast: enabled
[    2.670645] AVX2 version of gcm_enc/dec engaged.
[    2.677142] AES CTR mode by8 optimization enabled
[    2.698457] sched_clock: Marking stable (2450086493, 248246549)->(2741551072, -43218030)
[    2.750816] ata2: found unknown device (class 0)
[    2.839814] ata2.00: ATAPI: QEMU DVD-ROM, 2.5+, max UDMA/100
[    2.848219] clk: Disabling unused clocks
[    2.869812] scsi 1:0:0:0: CD-ROM            QEMU     QEMU DVD-ROM     2.5+ PQ: 0 ANSI: 5
[    2.930162] sr 1:0:0:0: [sr0] scsi3-mmc drive: 4x/4x cd/rw xa/form2 tray
[    2.932528] cdrom: Uniform CD-ROM driver Revision: 3.20
[    2.978626] VFS: Mounted root (squashfs filesystem) readonly on device 254:2.
[    3.047971] Freeing unused kernel image (initmem) memory: 2456K
[    3.050456] Write protecting the kernel read-only data: 18432k
[    3.054870] Freeing unused kernel image (rodata/data gap) memory: 1796K
[    3.057327] Run /sbin/init as init process
[    3.353714] init: Console is alive
[    3.946314] kmodloader: loading kernel modules from /etc/modules-boot.d/*
[    4.008148] button_hotplug: loading out-of-tree module taints kernel.
[    4.014887] Button Hotplug driver version 0.4.1
[    4.038737] Intel(R) 2.5G Ethernet Linux Driver
[    4.041095] Copyright(c) 2018 Intel Corporation.
[    4.059267] igb: Intel(R) Gigabit Ethernet Network Driver
[    4.061604] igb: Copyright (c) 2007-2014 Intel Corporation.
[    4.077573] kmodloader: done loading kernel modules from /etc/modules-boot.d/*
[    4.093671] init: - preinit -
[    5.026515] 8021q: adding VLAN 0 to HW filter on device eth0
Press the [f] key and hit [enter] to enter failsafe mode
Press the [1], [2], [3] or [4] key and hit [enter] to select the debug level
[    9.684315] loop0: detected capacity change from 0 to 212992
[    9.748696] loop0: detected capacity change from 212992 to 201216
[    9.762235] mount_root: overlay filesystem in /dev/loop0 has not been formatted yet
[   10.090750] EXT4-fs (loop0): mounted filesystem 642b4f85-6c52-498c-911a-bd9964f5466b r/w with ordered data mode. Quota mode: disabled.
[   10.104579] mount_root: overlay filesystem has not been fully initialized yet
[   10.122435] mount_root: switching to ext4 overlay
[   10.143906] overlayfs: null uuid detected in lower fs '/', falling back to xino=off,index=off,nfs_export=off.
[   10.855830] EXT4-fs (vda1): mounted filesystem 84173db5-fa99-e35a-95c6-28613cc79ea9 r/w without journal. Quota mode: disabled.
[   10.879552] urandom-seed: Seed file not found (/etc/urandom.seed)
[   11.021299] procd: - early -
[   11.804324] procd: - ubus -
[   11.987538] procd: - init -
Please press Enter to activate this console.
root
login[999]: root login on 'ttyS0'


BusyBox v1.36.1 (2026-04-30 08:33:46 UTC) built-in shell (ash)

  _______                     ________        __
 |       |.-----.-----.-----.|  |  |  |.----.|  |_
 |   -   ||  _  |  -__|     ||  |  |  ||   _||   _|
 |_______||   __|_____|__|__||________||__|  |____|
          |__| W I R E L E S S   F R E E D O M
 -----------------------------------------------------
 OpenWrt 24.10-SNAPSHOT, r29164-00da0d2bce
 -----------------------------------------------------
=== WARNING! =====================================
There is no root password defined on this device!
Use the "passwd" command to set up a new password
in order to prevent unauthorized SSH logins.
--------------------------------------------------
root@(none):~# dmesg -n 1
root@(none):~# echo 'QQQH''OTETHN'
QQQHOTETHN
root@(none):~# run() { echo -n "$MARKER"; sh -c "$@"; echo "$MARKER $?"; }
root@(none):~# echo 'YXJB''FWEFBW'
YXJBFWEFBW
root@(none):~# MARKER='QZWK''VAQVLJ' run 'ubus wait_for network.interface.lan'
QZWKVAQVLJQZWKVAQVLJ 0
root@OpenWrt:~# echo 'QYZX''CTZYBQ'
QYZXCTZYBQ
root@OpenWrt:~# MARKER='MCXB''MGTLUM' run 'ubus call network.interface.lan statu
s '"'"'{}'"'"''
MCXBMGTLUM{
	"up": true,
	"pending": false,
	"available": true,
	"autostart": true,
	"dynamic": false,
	"uptime": 0,
	"l3_device": "br-lan",
	"proto": "static",
	"device": "br-lan",
	"updated": [
		"addresses"
	],
	"metric": 0,
	"dns_metric": 0,
	"delegation": true,
	"ipv4-address": [
		{
			"address": "192.168.1.1",
			"mask": 24
		}
	],
	"ipv6-address": [
		
	],
	"ipv6-prefix": [
		
	],
	"ipv6-prefix-assignment": [
		{
			"address": "fd2e:b14d:1d43::",
			"mask": 60,
			"local-address": {
				"address": "fd2e:b14d:1d43::1",
				"mask": 60
			}
		}
	],
	"route": [
		
	],
	"dns-server": [
		
	],
	"dns-search": [
		
	],
	"neighbors": [
		
	],
	"inactive": {
		"ipv4-address": [
			
		],
		"ipv6-address": [
			
		],
		"route": [
			
		],
		"dns-server": [
			
		],
		"dns-search": [
			
		],
		"neighbors": [
			
		]
	},
	"data": {
		
	}
}
MCXBMGTLUM 0
root@OpenWrt:~# echo 'SEFA''OZVOME'
SEFAOZVOME
root@OpenWrt:~# MARKER='NQYQ''FXFBPS' run true
NQYQFXFBPSNQYQFXFBPS 0
root@OpenWrt:~# echo 'HATN''NZJJKF'
HATNNZJJKF
root@OpenWrt:~# MARKER='MYCA''OFMZTC' run 'source /etc/os-release; echo $BUILD_I
D'
MYCAOFMZTCr29164-00da0d2bce
MYCAOFMZTC 0
root@OpenWrt:~# echo 'KTEX''OBWMVQ'
KTEXOBWMVQ
root@OpenWrt:~# MARKER='VSAN''UYOWHT' run 'ls /etc/dropbear/dropbear_rsa_host_ke
y'
VSANUYOWHT[0;0m/etc/dropbear/dropbear_rsa_host_key[m
VSANUYOWHT 0
root@OpenWrt:~# echo 'HLWK''VSGOHC'
HLWKVSGOHC
root@OpenWrt:~# MARKER='LHFG''WVYLJN' run 'netstat -tlpn | grep 0.0.0.0:22'
LHFGWVYLJNnetstat: showing only processes with your user ID
tcp        0      0 0.0.0.0:22              0.0.0.0:*               LISTEN      1740/dropbear
LHFGWVYLJN 0
root@OpenWrt:~# echo 'BFSC''LQMHEY'
BFSCLQMHEY
root@OpenWrt:~# MARKER='GQYB''NYWPJT' run 'dmesg | grep br-lan | grep forwarding
'
GQYBNYWPJT[   30.005327] br-lan: port 1(eth0) entered forwarding state
GQYBNYWPJT 0
root@OpenWrt:~# echo 'LGUG''TQGHLB'
LGUGTQGHLB
root@OpenWrt:~# MARKER='GXFQ''WLNLTY' run 'ubus call network.interface.lan statu
s '"'"'{}'"'"''
GXFQWLNLTY{
	"up": true,
	"pending": false,
	"available": true,
	"autostart": true,
	"dynamic": false,
	"uptime": 8,
	"l3_device": "br-lan",
	"proto": "static",
	"device": "br-lan",
	"updated": [
		"addresses"
	],
	"metric": 0,
	"dns_metric": 0,
	"delegation": true,
	"ipv4-address": [
		{
			"address": "192.168.1.1",
			"mask": 24
		}
	],
	"ipv6-address": [
		
	],
	"ipv6-prefix": [
		
	],
	"ipv6-prefix-assignment": [
		{
			"address": "fd2e:b14d:1d43::",
			"mask": 60,
			"local-address": {
				"address": "fd2e:b14d:1d43::1",
				"mask": 60
			}
		}
	],
	"route": [
		
	],
	"dns-server": [
		
	],
	"dns-search": [
		
	],
	"neighbors": [
		
	],
	"inactive": {
		"ipv4-address": [
			
		],
		"ipv6-address": [
			
		],
		"route": [
			
		],
		"dns-server": [
			
		],
		"dns-search": [
			
		],
		"neighbors": [
			
		]
	},
	"data": {
		
	}
}
GXFQWLNLTY 0
root@OpenWrt:~# echo 'VMXA''GAQSXZ'
VMXAGAQSXZ
root@OpenWrt:~# MARKER='KQVM''MLEVXY' run 'ip -o addr show dev br-lan'
KQVMMLEVXY4: br-lan    inet 192.168.1.1/24 brd 192.168.1.255 scope global br-lan\       valid_lft forever preferred_lft forever
4: br-lan    inet6 fd2e:b14d:1d43::1/60 scope global noprefixroute \       valid_lft forever preferred_lft forever
4: br-lan    inet6 fe80::5054:ff:fe12:3456/64 scope link \       valid_lft forever preferred_lft forever
KQVMMLEVXY 0
root@OpenWrt:~# echo 'HTNZ''SYHEYS'
HTNZSYHEYS
root@OpenWrt:~# MARKER='EWZU''NMGYBP' run 'ubus call network.interface.wan statu
s '"'"'{}'"'"''
EWZUNMGYBP{
	"up": true,
	"pending": false,
	"available": true,
	"autostart": true,
	"dynamic": false,
	"uptime": 7,
	"l3_device": "eth1",
	"proto": "dhcp",
	"device": "eth1",
	"updated": [
		"addresses",
		"routes",
		"data"
	],
	"metric": 0,
	"dns_metric": 0,
	"delegation": true,
	"ipv4-address": [
		{
			"address": "10.0.2.15",
			"mask": 24
		}
	],
	"ipv6-address": [
		
	],
	"ipv6-prefix": [
		
	],
	"ipv6-prefix-assignment": [
		
	],
	"route": [
		{
			"target": "0.0.0.0",
			"mask": 0,
			"nexthop": "10.0.2.2",
			"source": "10.0.2.15/32"
		}
	],
	"dns-server": [
		"10.0.2.3"
	],
	"dns-search": [
		
	],
	"neighbors": [
		
	],
	"inactive": {
		"ipv4-address": [
			
		],
		"ipv6-address": [
			
		],
		"route": [
			
		],
		"dns-server": [
			
		],
		"dns-search": [
			
		],
		"neighbors": [
			
		]
	},
	"data": {
		"dhcpserver": "10.0.2.2",
		"leasetime": 86400
	}
}
EWZUNMGYBP 0
root@OpenWrt:~# 