Labgrid Console Logfile for main
Logfile started at 2026-05-03 02:10:23.942594
=== Log starts here ===
c[?7l[2J[0mSeaBIOS (version 1.16.3-debian-1.16.3-2)


iPXE (https://ipxe.org) 00:03.0 CA00 PCI2.10 PnP PMM+06FCAE70+06F0AE70 CA00
Press Ctrl-B to configure iPXE (PCI 00:03.0)...                                                                               




iPXE (https://ipxe.org) 00:05.0 CB00 PCI2.10 PnP PMM 06FCAE70 06F0AE70 CB00
Press Ctrl-B to configure iPXE (PCI 00:05.0)...                                                                               


Booting from Hard Disk...
GRUB loading.....
[0;30;47mWelcome to GRUB![01;01H[0m[2J[H[J[1;1H[?25l[m[H[J[1;1H[2;30HGNU GRUB  version 2.12

[m[4;2H+----------------------------------------------------------------------------+[5;2H|[5;79H|[6;2H|[6;79H|[7;2H|[7;79H|[8;2H|[8;79H|[9;2H|[9;79H|[10;2H|[10;79H|[11;2H|[11;79H|[12;2H|[12;79H|[13;2H|[13;79H|[14;2H|[14;79H|[15;2H|[15;79H|[16;2H+----------------------------------------------------------------------------+[m[17;2H[18;2H[m     Use the ^ and v keys to select which entry is highlighted.          
      Press enter to boot the selected OS, `e' to edit the commands       
      before booting or `c' for a command-line. ESC to return             
      previous menu.                                                      [5;80H [7m[5;3H*OpenWrt                                                                    [m[5;78H[m[m[6;3H OpenWrt (failsafe)                                                         [m[6;78H[m[m[7;3H                                                                            [m[7;78H[m[m[8;3H                                                                            [m[8;78H[m[m[9;3H                                                                            [m[9;78H[m[m[10;3H                                                                            [m[10;78H[m[m[11;3H                                                                            [m[11;78H[m[m[12;3H                                                                            [m[12;78H[m[m[13;3H                                                                            [m[13;78H[m[m[14;3H                                                                            [m[14;78H[m[m[15;3H                                                                            [m[15;78H[m[15;80H [5;78H[2J[02;30HGNU GRUB  version 2.12[04;02H┌────────────────────────────────────────────────────────────────────────────┐[05;02H│[05;79H│[06;02H│[06;79H│[07;02H│[07;79H│[08;02H│[08;79H│[09;02H│[09;79H│[10;02H│[10;79H│[11;02H│[11;79H│[12;02H│[12;79H│[13;02H│[13;79H│[14;02H│[14;79H│[15;02H│[15;79H│[16;02H│[16;79H│[17;02H└────────────────────────────────────────────────────────────────────────────┘[19;02H     Use the ↑ and ↓ keys to select which entry is highlight[19;61H[19;62Hed.          
      Press enter to boot the selected OS, `e' to edit the commands       
      before booting or `c' for a command-line. ESC to return             
      previous menu.                                                      [05;80H [05;03H[0;30;47m*OpenWrt                                                                    [06;03H[0m OpenWrt (failsafe)                                                         [07;03H                                                                            [08;03H                    [08;22H[08;23H                                                        [09;03H                                                                            [10;03H                              [10;32H[10;33H                                              [11;03H                                                                            [12;03H                                        [12;42H[12;43H                                    [13;03H                                                                            [14;03H                                                                            [15;03H                                                                            [16;03H                                                                            [16;80H 






   The highlighted entry will be executed automatically in 5s.                [22;1H   The highlighted entry will be executed automatically in 5s.                 [5;78H [05;78H

















   The highlighted entry will be executed automatically in 4s.                [22;1H   The highlighted entry will be executed automatically in 4s.                 [5;78H [05;78H

















   The highlighted entry will be executed automatically in 3s.            [23;74H[23;75H    [22;1H   The highlighted entry will be executed automatically in 3s.                 [5;78H [05;78H

















   The highlighted entry will be exec[23;37H[23;38Huted automatically in 2s.                [22;1H   The highlighted entry will be executed automatically in 2s.                 [5;78H [05;78H

















  [23;02H[23;03H The highlighted entry will be executed automatically in 1s.                [22;1H   The highlighted entry will be executed automatically in 1s.                 [5;78H [05;78H

















   The highlighted entry will be executed automatically in 0s.                [22;1H   The highlighted entry will be executed automatically in 0s.                 [5;78H [01;01H[2J[?25h[H[J[1;1H[H[J[1;1H[2J   Booting `OpenWrt' Booting `OpenWrt

'

[    0.000000] Linux version 6.6.135 (builder@buildhost) (x86_64-openwrt-linux-musl-gcc (OpenWrt GCC 13.3.0 r29164-00da0d2bce) 13.3.0, GNU ld (GNU Binutils) 2.42) #0 SMP Thu Apr 30 08:33:46 2026
[    0.000000] Command line: BOOT_IMAGE=/boot/vmlinuz root=PARTUUID=a80c339d-02 rootwait console=tty1 console=ttyS0,115200n8 noinitrd
[    0.000000] BIOS-provided physical RAM map:
[    0.000000] BIOS-e820: [mem 0x0000000000000000-0x000000000009fbff] usable
[    0.000000] BIOS-e820: [mem 0x000000000009fc00-0x000000000009ffff] reserved
[    0.000000] BIOS-e820: [mem 0x00000000000f0000-0x00000000000fffff] reserved
[    0.000000] BIOS-e820: [mem 0x0000000000100000-0x0000000007fdcfff] usable
[    0.000000] BIOS-e820: [mem 0x0000000007fdd000-0x0000000007ffffff] reserved
[    0.000000] BIOS-e820: [mem 0x00000000fffc0000-0x00000000ffffffff] reserved
[    0.000000] BIOS-e820: [mem 0x000000fd00000000-0x000000ffffffffff] reserved
[    0.000000] NX (Execute Disable) protection: active
[    0.000000] APIC: Static calls initialized
[    0.000000] SMBIOS 3.0.0 present.
[    0.000000] DMI: QEMU Standard PC (i440FX + PIIX, 1996), BIOS 1.16.3-debian-1.16.3-2 04/01/2014
[    0.000000] tsc: Fast TSC calibration using PIT
[    0.000000] tsc: Detected 2445.408 MHz processor
[    0.008894] last_pfn = 0x7fdd max_arch_pfn = 0x400000000
[    0.009537] MTRR map: 4 entries (3 fixed + 1 variable; max 19), built from 8 variable MTRRs
[    0.009724] x86/PAT: Configuration [0-7]: WB  WC  UC- UC  WB  WP  UC- WT  
[    0.028166] found SMP MP-table at [mem 0x000f5460-0x000f546f]
[    0.029576] Using GB pages for direct mapping
[    0.033414] ACPI: Early table checksum verification disabled
[    0.033746] ACPI: RSDP 0x00000000000F5290 000014 (v00 BOCHS )
[    0.034053] ACPI: RSDT 0x0000000007FE1C64 000034 (v01 BOCHS  BXPC     00000001 BXPC 00000001)
[    0.034668] ACPI: FACP 0x0000000007FE1B18 000074 (v01 BOCHS  BXPC     00000001 BXPC 00000001)
[    0.035285] ACPI: DSDT 0x0000000007FE0040 001AD8 (v01 BOCHS  BXPC     00000001 BXPC 00000001)
[    0.035405] ACPI: FACS 0x0000000007FE0000 000040
[    0.035459] ACPI: APIC 0x0000000007FE1B8C 000078 (v03 BOCHS  BXPC     00000001 BXPC 00000001)
[    0.035487] ACPI: HPET 0x0000000007FE1C04 000038 (v01 BOCHS  BXPC     00000001 BXPC 00000001)
[    0.035511] ACPI: WAET 0x0000000007FE1C3C 000028 (v01 BOCHS  BXPC     00000001 BXPC 00000001)
[    0.035598] ACPI: Reserving FACP table memory at [mem 0x7fe1b18-0x7fe1b8b]
[    0.035646] ACPI: Reserving DSDT table memory at [mem 0x7fe0040-0x7fe1b17]
[    0.035654] ACPI: Reserving FACS table memory at [mem 0x7fe0000-0x7fe003f]
[    0.035661] ACPI: Reserving APIC table memory at [mem 0x7fe1b8c-0x7fe1c03]
[    0.035668] ACPI: Reserving HPET table memory at [mem 0x7fe1c04-0x7fe1c3b]
[    0.035674] ACPI: Reserving WAET table memory at [mem 0x7fe1c3c-0x7fe1c63]
[    0.038910] Zone ranges:
[    0.038943]   DMA      [mem 0x0000000000001000-0x0000000000ffffff]
[    0.039024]   DMA32    [mem 0x0000000001000000-0x0000000007fdcfff]
[    0.039037]   Normal   empty
[    0.039062] Movable zone start for each node
[    0.039091] Early memory node ranges
[    0.039122]   node   0: [mem 0x0000000000001000-0x000000000009efff]
[    0.039168]   node   0: [mem 0x0000000000100000-0x0000000007fdcfff]
[    0.039281] Initmem setup node 0 [mem 0x0000000000001000-0x0000000007fdcfff]
[    0.040150] On node 0, zone DMA: 1 pages in unavailable ranges
[    0.040518] On node 0, zone DMA: 97 pages in unavailable ranges
[    0.041548] On node 0, zone DMA32: 35 pages in unavailable ranges
[    0.041875] ACPI: PM-Timer IO Port: 0x608
[    0.042242] ACPI: LAPIC_NMI (acpi_id[0xff] dfl dfl lint[0x1])
[    0.042670] IOAPIC[0]: apic_id 0, version 32, address 0xfec00000, GSI 0-23
[    0.042784] ACPI: INT_SRC_OVR (bus 0 bus_irq 0 global_irq 2 dfl dfl)
[    0.043036] ACPI: INT_SRC_OVR (bus 0 bus_irq 5 global_irq 5 high level)
[    0.043097] ACPI: INT_SRC_OVR (bus 0 bus_irq 9 global_irq 9 high level)
[    0.043187] ACPI: INT_SRC_OVR (bus 0 bus_irq 10 global_irq 10 high level)
[    0.043198] ACPI: INT_SRC_OVR (bus 0 bus_irq 11 global_irq 11 high level)
[    0.043424] ACPI: Using ACPI (MADT) for SMP configuration information
[    0.043471] ACPI: HPET id: 0x8086a201 base: 0xfed00000
[    0.043763] smpboot: Allowing 1 CPUs, 0 hotplug CPUs
[    0.044854] [mem 0x08000000-0xfffbffff] available for PCI devices
[    0.044905] Booting paravirtualized kernel on bare hardware
[    0.045202] clocksource: refined-jiffies: mask: 0xffffffff max_cycles: 0xffffffff, max_idle_ns: 19112604462750000 ns
[    0.045850] setup_percpu: NR_CPUS:512 nr_cpumask_bits:1 nr_cpu_ids:1 nr_node_ids:1
[    0.047455] percpu: Embedded 48 pages/cpu s158248 r8192 d30168 u2097152
[    0.049766] Kernel command line: BOOT_IMAGE=/boot/vmlinuz root=PARTUUID=a80c339d-02 rootwait console=tty1 console=ttyS0,115200n8 noinitrd
[    0.051468] random: crng init done
[    0.056307] Dentry cache hash table entries: 16384 (order: 5, 131072 bytes, linear)
[    0.057267] Inode-cache hash table entries: 8192 (order: 4, 65536 bytes, linear)
[    0.060170] Built 1 zonelists, mobility grouping on.  Total pages: 31965
[    0.060416] mem auto-init: stack:off, heap alloc:off, heap free:off
[    0.063953] Memory: 102576K/130540K available (14336K kernel code, 1170K rwdata, 2300K rodata, 2456K init, 2404K bss, 27708K reserved, 0K cma-reserved)
[    0.070397] SLUB: HWalign=64, Order=0-3, MinObjects=0, CPUs=1, Nodes=1
[    0.077868] rcu: Hierarchical RCU implementation.
[    0.077898] rcu: 	RCU restricting CPUs from NR_CPUS=512 to nr_cpu_ids=1.
[    0.078012] 	Tracing variant of Tasks RCU enabled.
[    0.078098] rcu: RCU calculated value of scheduler-enlistment delay is 10 jiffies.
[    0.078127] rcu: Adjusting geometry for rcu_fanout_leaf=16, nr_cpu_ids=1
[    0.079258] NR_IRQS: 33024, nr_irqs: 256, preallocated irqs: 16
[    0.088017] rcu: srcu_init: Setting srcu_struct sizes based on contention.
[    0.095179] Console: colour VGA+ 80x25
[    0.095590] printk: console [tty1] enabled
[    0.103229] printk: console [ttyS0] enabled
[    0.335466] ACPI: Core revision 20230628
[    0.350793] clocksource: hpet: mask: 0xffffffff max_cycles: 0xffffffff, max_idle_ns: 19112604467 ns
[    0.355826] APIC: Switch to symmetric I/O mode setup
[    0.360592] ..TIMER: vector=0x30 apic1=0 pin1=2 apic2=-1 pin2=-1
[    0.402701] clocksource: tsc-early: mask: 0xffffffffffffffff max_cycles: 0x233fc6bd520, max_idle_ns: 440795230742 ns
[    0.403464] Calibrating delay loop (skipped), value calculated using timer frequency.. 4890.81 BogoMIPS (lpj=24454080)
[    0.405163] x86/cpu: User Mode Instruction Prevention (UMIP) activated
[    0.420043] Last level iTLB entries: 4KB 0, 2MB 0, 4MB 0
[    0.423504] Last level dTLB entries: 4KB 0, 2MB 0, 4MB 0, 1GB 0
[    0.424992] Spectre V1 : Mitigation: usercopy/swapgs barriers and __user pointer sanitization
[    0.426151] Spectre V2 : Mitigation: Retpolines
[    0.426450] Spectre V2 : Spectre v2 / SpectreRSB: Filling RSB on context switch and VMEXIT
[    0.426888] Speculative Store Bypass: Vulnerable
[    0.428591] x86/fpu: Supporting XSAVE feature 0x001: 'x87 floating point registers'
[    0.435836] x86/fpu: Supporting XSAVE feature 0x002: 'SSE registers'
[    0.436234] x86/fpu: Supporting XSAVE feature 0x004: 'AVX registers'
[    0.436502] x86/fpu: Supporting XSAVE feature 0x008: 'MPX bounds registers'
[    0.443507] x86/fpu: Supporting XSAVE feature 0x010: 'MPX CSR'
[    0.444042] x86/fpu: xstate_offset[2]:  576, xstate_sizes[2]:  256
[    0.444474] x86/fpu: xstate_offset[3]:  960, xstate_sizes[3]:   64
[    0.444721] x86/fpu: xstate_offset[4]: 1024, xstate_sizes[4]:   64
[    0.453537] x86/fpu: Enabled xstate features 0x1f, context size is 1088 bytes, using 'standard' format.
[    0.706823] Freeing SMP alternatives memory: 40K
[    0.708114] pid_max: default: 32768 minimum: 301
[    0.717429] Mount-cache hash table entries: 512 (order: 0, 4096 bytes, linear)
[    0.717801] Mountpoint-cache hash table entries: 512 (order: 0, 4096 bytes, linear)
[    0.866909] smpboot: CPU0: AMD QEMU TCG CPU version 2.5+ (family: 0x6, model: 0x6, stepping: 0x3)
[    0.873368] RCU Tasks Trace: Setting shift to 0 and lim to 1 rcu_task_cb_adjust=1 rcu_task_cpu_ids=1.
[    0.873368] Performance Events: PMU not available due to virtualization, using software events only.
[    0.874406] signal: max sigframe size: 1616
[    0.877008] rcu: Hierarchical SRCU implementation.
[    0.877225] rcu: 	Max phase no-delay instances is 1000.
[    0.880212] smp: Bringing up secondary CPUs ...
[    0.885023] smp: Brought up 1 node, 1 CPU
[    0.885652] smpboot: Max logical packages: 1
[    0.886110] smpboot: Total of 1 processors activated (4890.81 BogoMIPS)
[    0.901618] clocksource: jiffies: mask: 0xffffffff max_cycles: 0xffffffff, max_idle_ns: 19112604462750000 ns
[    0.902485] futex hash table entries: 256 (order: 2, 16384 bytes, linear)
[    0.903743] pinctrl core: initialized pinctrl subsystem
[    0.923588] NET: Registered PF_NETLINK/PF_ROUTE protocol family
[    0.930136] thermal_sys: Registered thermal governor 'step_wise'
[    0.930172] thermal_sys: Registered thermal governor 'user_space'
[    0.931097] cpuidle: using governor ladder
[    0.931584] cpuidle: using governor menu
[    0.934919] acpiphp: ACPI Hot Plug PCI Controller Driver version: 0.5
[    0.937677] PCI: Using configuration type 1 for base access
[    0.947819] cryptd: max_cpu_qlen set to 1000
[    0.952651] ACPI: Added _OSI(Module Device)
[    0.952836] ACPI: Added _OSI(Processor Device)
[    0.953001] ACPI: Added _OSI(Processor Aggregator Device)
[    0.968690] ACPI: 1 ACPI AML tables successfully acquired and loaded
[    0.982198] ACPI: _OSC evaluation for CPUs failed, trying _PDC
[    0.985337] ACPI: Interpreter enabled
[    0.986145] ACPI: PM: (supports S0 S5)
[    0.986361] ACPI: Using IOAPIC for interrupt routing
[    0.986977] PCI: Using host bridge windows from ACPI; if necessary, use "pci=nocrs" and report a bug
[    0.993586] PCI: Using E820 reservations for host bridge windows
[    0.995444] ACPI: Enabled 2 GPEs in block 00 to 0F
[    1.026715] ACPI: PCI Root Bridge [PCI0] (domain 0000 [bus 00-ff])
[    1.027645] acpi PNP0A03:00: _OSC: OS supports [ASPM ClockPM Segments MSI HPX-Type3]
[    1.028137] acpi PNP0A03:00: _OSC: not requesting OS control; OS requires [ExtendedConfig ASPM ClockPM MSI]
[    1.028975] acpi PNP0A03:00: fail to add MMCONFIG information, can't access extended configuration space under this bridge
[    1.038392] acpiphp: Slot [3] registered
[    1.038859] acpiphp: Slot [4] registered
[    1.043501] acpiphp: Slot [5] registered
[    1.043754] acpiphp: Slot [6] registered
[    1.048700] acpiphp: Slot [7] registered
[    1.049155] acpiphp: Slot [8] registered
[    1.049404] acpiphp: Slot [9] registered
[    1.049638] acpiphp: Slot [10] registered
[    1.049886] acpiphp: Slot [11] registered
[    1.050191] acpiphp: Slot [12] registered
[    1.055233] acpiphp: Slot [13] registered
[    1.055496] acpiphp: Slot [14] registered
[    1.055751] acpiphp: Slot [15] registered
[    1.056019] acpiphp: Slot [16] registered
[    1.056262] acpiphp: Slot [17] registered
[    1.056501] acpiphp: Slot [18] registered
[    1.063727] acpiphp: Slot [19] registered
[    1.064136] acpiphp: Slot [20] registered
[    1.064481] acpiphp: Slot [21] registered
[    1.064791] acpiphp: Slot [22] registered
[    1.065036] acpiphp: Slot [23] registered
[    1.065281] acpiphp: Slot [24] registered
[    1.073698] acpiphp: Slot [25] registered
[    1.074106] acpiphp: Slot [26] registered
[    1.083417] acpiphp: Slot [27] registered
[    1.083687] acpiphp: Slot [28] registered
[    1.083939] acpiphp: Slot [29] registered
[    1.084229] acpiphp: Slot [30] registered
[    1.093716] acpiphp: Slot [31] registered
[    1.094417] PCI host bridge to bus 0000:00
[    1.094790] pci_bus 0000:00: root bus resource [io  0x0000-0x0cf7 window]
[    1.095201] pci_bus 0000:00: root bus resource [io  0x0d00-0xffff window]
[    1.095429] pci_bus 0000:00: root bus resource [mem 0x000a0000-0x000bffff window]
[    1.103576] pci_bus 0000:00: root bus resource [mem 0x08000000-0xfebfffff window]
[    1.103977] pci_bus 0000:00: root bus resource [mem 0x100000000-0x17fffffff window]
[    1.104492] pci_bus 0000:00: root bus resource [bus 00-ff]
[    1.115171] pci 0000:00:00.0: [8086:1237] type 00 class 0x060000
[    1.119374] pci 0000:00:01.0: [8086:7000] type 00 class 0x060100
[    1.120247] pci 0000:00:01.1: [8086:7010] type 00 class 0x010180
[    1.125756] pci 0000:00:01.1: BAR 4 [io  0xc0e0-0xc0ef]
[    1.127060] pci 0000:00:01.1: BAR 0 [io  0x01f0-0x01f7]: legacy IDE quirk
[    1.128487] pci 0000:00:01.1: BAR 1 [io  0x03f6]: legacy IDE quirk
[    1.128861] pci 0000:00:01.1: BAR 2 [io  0x0170-0x0177]: legacy IDE quirk
[    1.129213] pci 0000:00:01.1: BAR 3 [io  0x0376]: legacy IDE quirk
[    1.130256] pci 0000:00:01.3: [8086:7113] type 00 class 0x068000
[    1.134094] pci 0000:00:01.3: quirk: [io  0x0600-0x063f] claimed by PIIX4 ACPI
[    1.134395] pci 0000:00:01.3: quirk: [io  0x0700-0x070f] claimed by PIIX4 SMB
[    1.135253] pci 0000:00:02.0: [1234:1111] type 00 class 0x030000
[    1.144251] pci 0000:00:02.0: BAR 0 [mem 0xfd000000-0xfdffffff pref]
[    1.145855] pci 0000:00:02.0: BAR 2 [mem 0xfeb90000-0xfeb90fff]
[    1.156165] pci 0000:00:02.0: ROM [mem 0xfeb80000-0xfeb8ffff pref]
[    1.156695] pci 0000:00:02.0: Video device with shadowed ROM at [mem 0x000c0000-0x000dffff]
[    1.162916] pci 0000:00:03.0: [1af4:1000] type 00 class 0x020000
[    1.163900] pci 0000:00:03.0: BAR 0 [io  0xc080-0xc09f]
[    1.167376] pci 0000:00:03.0: BAR 4 [mem 0xfe000000-0xfe003fff 64bit pref]
[    1.168190] pci 0000:00:03.0: ROM [mem 0xfea80000-0xfeafffff pref]
[    1.178724] pci 0000:00:04.0: [1af4:1005] type 00 class 0x00ff00
[    1.181096] pci 0000:00:04.0: BAR 0 [io  0xc0a0-0xc0bf]
[    1.182117] pci 0000:00:04.0: BAR 1 [mem 0xfeb91000-0xfeb91fff]
[    1.186360] pci 0000:00:04.0: BAR 4 [mem 0xfe004000-0xfe007fff 64bit pref]
[    1.192405] pci 0000:00:05.0: [1af4:1000] type 00 class 0x020000
[    1.194475] pci 0000:00:05.0: BAR 0 [io  0xc0c0-0xc0df]
[    1.195733] pci 0000:00:05.0: BAR 1 [mem 0xfeb92000-0xfeb92fff]
[    1.198112] pci 0000:00:05.0: BAR 4 [mem 0xfe008000-0xfe00bfff 64bit pref]
[    1.199302] pci 0000:00:05.0: ROM [mem 0xfeb00000-0xfeb7ffff pref]
[    1.206081] pci 0000:00:06.0: [1af4:1001] type 00 class 0x010000
[    1.209522] pci 0000:00:06.0: BAR 0 [io  0xc000-0xc07f]
[    1.210408] pci 0000:00:06.0: BAR 1 [mem 0xfeb93000-0xfeb93fff]
[    1.212618] pci 0000:00:06.0: BAR 4 [mem 0xfe00c000-0xfe00ffff 64bit pref]
[    1.222012] ACPI: PCI: Interrupt link LNKA configured for IRQ 10
[    1.223474] ACPI: PCI: Interrupt link LNKB configured for IRQ 10
[    1.224168] ACPI: PCI: Interrupt link LNKC configured for IRQ 11
[    1.224808] ACPI: PCI: Interrupt link LNKD configured for IRQ 11
[    1.225244] ACPI: PCI: Interrupt link LNKS configured for IRQ 9
[    1.237827] iommu: Default domain type: Translated
[    1.238065] iommu: DMA domain TLB invalidation policy: lazy mode
[    1.240335] SCSI subsystem initialized
[    1.242262] ACPI: bus type USB registered
[    1.242782] usbcore: registered new interface driver usbfs
[    1.244036] usbcore: registered new interface driver hub
[    1.244523] usbcore: registered new device driver usb
[    1.245102] pps_core: LinuxPPS API ver. 1 registered
[    1.245326] pps_core: Software ver. 5.3.6 - Copyright 2005-2007 Rodolfo Giometti <giometti@linux.it>
[    1.253699] PTP clock support registered
[    1.268975] PCI: Using ACPI for IRQ routing
[    1.272125] hpet0: at MMIO 0xfed00000, IRQs 2, 8, 0
[    1.272406] hpet0: 3 comparators, 64-bit 100.000000 MHz counter
[    1.278235] clocksource: Switched to clocksource tsc-early
[    1.280758] pnp: PnP ACPI init
[    1.281275] pnp: PnP ACPI: found 6 devices
[    1.296205] clocksource: acpi_pm: mask: 0xffffff max_cycles: 0xffffff, max_idle_ns: 2085701024 ns
[    1.297185] NET: Registered PF_INET protocol family
[    1.298712] IP idents hash table entries: 2048 (order: 2, 16384 bytes, linear)
[    1.304062] tcp_listen_portaddr_hash hash table entries: 256 (order: 0, 4096 bytes, linear)
[    1.307719] Table-perturb hash table entries: 65536 (order: 6, 262144 bytes, linear)
[    1.308058] TCP established hash table entries: 1024 (order: 1, 8192 bytes, linear)
[    1.308519] TCP bind hash table entries: 1024 (order: 3, 32768 bytes, linear)
[    1.318262] TCP: Hash tables configured (established 1024 bind 1024)
[    1.320202] MPTCP token hash table entries: 256 (order: 1, 6144 bytes, linear)
[    1.320736] UDP hash table entries: 256 (order: 1, 8192 bytes, linear)
[    1.321170] UDP-Lite hash table entries: 256 (order: 1, 8192 bytes, linear)
[    1.330465] NET: Registered PF_UNIX/PF_LOCAL protocol family
[    1.331689] pci_bus 0000:00: resource 4 [io  0x0000-0x0cf7 window]
[    1.331929] pci_bus 0000:00: resource 5 [io  0x0d00-0xffff window]
[    1.332142] pci_bus 0000:00: resource 6 [mem 0x000a0000-0x000bffff window]
[    1.340038] pci_bus 0000:00: resource 7 [mem 0x08000000-0xfebfffff window]
[    1.340374] pci_bus 0000:00: resource 8 [mem 0x100000000-0x17fffffff window]
[    1.341386] pci 0000:00:01.0: PIIX3: Enabling Passive Release
[    1.351378] pci 0000:00:00.0: Limiting direct PCI/PCI transfers
[    1.351704] PCI: CLS 0 bytes, default 64
[    1.385468] workingset: timestamp_bits=46 max_order=15 bucket_order=0
[    1.387692] squashfs: version 4.0 (2009/01/31) Phillip Lougher
[    1.391089] Block layer SCSI generic (bsg) driver version 0.4 loaded (major 247)
[    1.394979] hv_vmbus: registering driver hyperv_fb
[    1.399938] input: Power Button as /devices/LNXSYSTM:00/LNXPWRBN:00/input/input0
[    1.413901] ACPI: button: Power Button [PWRF]
[    1.618579] ACPI: \_SB_.LNKC: Enabled at IRQ 11
[    1.815776] ACPI: \_SB_.LNKD: Enabled at IRQ 10
[    2.009828] ACPI: \_SB_.LNKA: Enabled at IRQ 10
[    2.203728] ACPI: \_SB_.LNKB: Enabled at IRQ 11
[    2.206092] Serial: 8250/16550 driver, 16 ports, IRQ sharing enabled
[    2.231061] 00:04: ttyS0 at I/O 0x3f8 (irq = 4, base_baud = 115200) is a 16550A
[    2.276345] Non-volatile memory driver v1.3
[    2.288994] Linux agpgart interface v0.103
[    2.289898] AMD-Vi: AMD IOMMUv2 functionality not available on this system - This is not a bug.
[    2.290528] ACPI: bus type drm_connector registered
[    2.292941] [drm] Found bochs VGA, ID 0xb0c5.
[    2.293145] [drm] Framebuffer size 16384 kB @ 0xfd000000, mmio @ 0xfeb90000.
[    2.308857] [drm] Found EDID data blob.
[    2.314416] [drm] Initialized bochs-drm 1.0.0 20130925 for 0000:00:02.0 on minor 0
[    2.384338] Console: switching to colour frame buffer device 160x50
[    2.393936] bochs-drm 0000:00:02.0: [drm] fb0: bochs-drmdrmfb frame buffer device
[    2.432797] tsc: Refined TSC clocksource calibration: 2445.428 MHz
[    2.433535] clocksource: tsc: mask: 0xffffffffffffffff max_cycles: 0x233fd98c0cf, max_idle_ns: 440795209930 ns
[    2.434067] clocksource: Switched to clocksource tsc
[    2.437907] loop: module loaded
[    2.444261] virtio_blk virtio3: 1/0/0 default/read/poll queues
[    2.449765] virtio_blk virtio3: [vda] 246784 512-byte logical blocks (126 MB/121 MiB)
[    2.458955]  vda: vda1 vda2
[    2.462412] Guest personality initialized and is inactive
[    2.462998] VMCI host device registered (name=vmci, major=10, minor=256)
[    2.463266] Initialized host personality
[    2.464253] VMware PVSCSI driver - version 1.0.7.0-k
[    2.464603] hv_vmbus: registering driver hv_storvsc
[    2.493026] scsi host0: ata_piix
[    2.496802] scsi host1: ata_piix
[    2.497850] ata1: PATA max MWDMA2 cmd 0x1f0 ctl 0x3f6 bmdma 0xc0e0 irq 14
[    2.498130] ata2: PATA max MWDMA2 cmd 0x170 ctl 0x376 bmdma 0xc0e8 irq 15
[    2.508545] VMware vmxnet3 virtual NIC driver - version 1.7.0.0-k-NAPI
[    2.509158] hv_vmbus: registering driver hv_netvsc
[    2.509566] Fusion MPT base driver 3.04.20
[    2.509726] Copyright (c) 1999-2008 LSI Corporation
[    2.510093] Fusion MPT SPI Host driver 3.04.20
[    2.519632] Fusion MPT SAS Host driver 3.04.20
[    2.521816] usbcore: registered new interface driver usb-storage
[    2.523099] i8042: PNP: PS/2 Controller [PNP0303:KBD,PNP0f13:MOU] at 0x60,0x64 irq 1,12
[    2.529188] serio: i8042 KBD port at 0x60,0x64 irq 1
[    2.531952] serio: i8042 AUX port at 0x60,0x64 irq 12
[    2.534192] hv_vmbus: registering driver hyperv_keyboard
[    2.536966] rtc_cmos 00:05: RTC can wake from S4
[    2.542272] rtc_cmos 00:05: registered as rtc0
[    2.545110] rtc_cmos 00:05: setting system clock to 2026-05-03T02:10:35 UTC (1777774235)
[    2.547610] rtc_cmos 00:05: alarms up to one day, y3k, 242 bytes nvram, hpet irqs
[    2.550606] amd_pstate: the _CPC object is not present in SBIOS or ACPI disabled
[    2.556093] sdhci: Secure Digital Host Controller Interface driver
[    2.558244] sdhci: Copyright(c) Pierre Ossman
[    2.568929] input: AT Translated Set 2 keyboard as /devices/platform/i8042/serio0/input/input1
[    2.600930] hid: raw HID events driver (C) Jiri Kosina
[    2.603616] hv_vmbus: registering driver hid_hyperv
[    2.606591] usbcore: registered new interface driver usbhid
[    2.608702] usbhid: USB HID core driver
[    2.610937] hv_utils: Registering HyperV Utility Driver
[    2.613706] hv_vmbus: registering driver hv_utils
[    2.615843] hv_vmbus: registering driver hv_balloon
[    2.619276] NET: Registered PF_INET6 protocol family
[    2.636656] Segment Routing with IPv6
[    2.638955] In-situ OAM (IOAM) with IPv6
[    2.641494] NET: Registered PF_PACKET protocol family
[    2.644041] bridge: filtering via arp/ip/ip6tables is no longer available by default. Update your scripts to load br_netfilter if you need this.
[    2.653677] 8021q: 802.1Q VLAN Support v1.8
[    2.656538] NET: Registered PF_VSOCK protocol family
[    2.666539] IPI shorthand broadcast: enabled
[    2.668785] AVX2 version of gcm_enc/dec engaged.
[    2.675353] AES CTR mode by8 optimization enabled
[    2.696946] sched_clock: Marking stable (2440069608, 254795397)->(2761897996, -67032991)
[    2.745697] ata2: found unknown device (class 0)
[    2.843042] ata2.00: ATAPI: QEMU DVD-ROM, 2.5+, max UDMA/100
[    2.860370] scsi 1:0:0:0: CD-ROM            QEMU     QEMU DVD-ROM     2.5+ PQ: 0 ANSI: 5
[    2.871732] clk: Disabling unused clocks
[    2.927082] sr 1:0:0:0: [sr0] scsi3-mmc drive: 4x/4x cd/rw xa/form2 tray
[    2.929824] cdrom: Uniform CD-ROM driver Revision: 3.20
[    2.985186] VFS: Mounted root (squashfs filesystem) readonly on device 254:2.
[    3.054588] Freeing unused kernel image (initmem) memory: 2456K
[    3.057198] Write protecting the kernel read-only data: 18432k
[    3.061745] Freeing unused kernel image (rodata/data gap) memory: 1796K
[    3.064305] Run /sbin/init as init process
[    3.356978] init: Console is alive
[    3.966040] kmodloader: loading kernel modules from /etc/modules-boot.d/*
[    4.030029] button_hotplug: loading out-of-tree module taints kernel.
[    4.037859] Button Hotplug driver version 0.4.1
[    4.063403] Intel(R) 2.5G Ethernet Linux Driver
[    4.066019] Copyright(c) 2018 Intel Corporation.
[    4.084780] igb: Intel(R) Gigabit Ethernet Network Driver
[    4.087355] igb: Copyright (c) 2007-2014 Intel Corporation.
[    4.103521] kmodloader: done loading kernel modules from /etc/modules-boot.d/*
[    4.119499] init: - preinit -
[    5.073102] 8021q: adding VLAN 0 to HW filter on device eth0
Press the [f] key and hit [enter] to enter failsafe mode
Press the [1], [2], [3] or [4] key and hit [enter] to select the debug level
[    9.743983] loop0: detected capacity change from 0 to 212992
[    9.805227] loop0: detected capacity change from 212992 to 201216
[    9.818880] mount_root: overlay filesystem in /dev/loop0 has not been formatted yet
[   10.154528] EXT4-fs (loop0): mounted filesystem df73a000-8554-4e82-9af3-ab0003fc1b53 r/w with ordered data mode. Quota mode: disabled.
[   10.168577] mount_root: overlay filesystem has not been fully initialized yet
[   10.186620] mount_root: switching to ext4 overlay
[   10.209951] overlayfs: null uuid detected in lower fs '/', falling back to xino=off,index=off,nfs_export=off.
[   10.946770] EXT4-fs (vda1): mounted filesystem 84173db5-fa99-e35a-95c6-28613cc79ea9 r/w without journal. Quota mode: disabled.
[   10.970583] urandom-seed: Seed file not found (/etc/urandom.seed)
[   11.113546] procd: - early -
[   11.926780] procd: - ubus -
[   12.114792] procd: - init -
Please press Enter to activate this console.
root
login[1001]: root login on 'ttyS0'


BusyBox v1.36.1 (2026-04-30 08:33:46 UTC) built-in shell (ash)

  _______                     ________        __
 |       |.-----.-----.-----.|  |  |  |.----.|  |_
 |   -   ||  _  |  -__|     ||  |  |  ||   _||   _|
 |_______||   __|_____|__|__||________||__|  |____|
          |__| W I R E L E S S   F R E E D O M
 -----------------------------------------------------
 OpenWrt 24.10-SNAPSHOT, r29164-00da0d2bce
 -----------------------------------------------------
=== WARNING! =====================================
There is no root password defined on this device!
Use the "passwd" command to set up a new password
in order to prevent unauthorized SSH logins.
--------------------------------------------------
root@(none):~# dmesg -n 1
root@(none):~# echo 'TWSV''WPZYZT'
TWSVWPZYZT
root@(none):~# run() { echo -n "$MARKER"; sh -c "$@"; echo "$MARKER $?"; }
root@(none):~# echo 'AQXZ''LUXTQV'
AQXZLUXTQV
root@(none):~# MARKER='XKCY''BFFYCX' run 'ubus wait_for network.interface.lan'
XKCYBFFYCXXKCYBFFYCX 0
root@OpenWrt:~# echo 'LYKX''YKASZW'
LYKXYKASZW
root@OpenWrt:~# MARKER='KYNG''MHXBQS' run 'ubus call network.interface.lan statu
s '"'"'{}'"'"''
KYNGMHXBQS{
	"up": true,
	"pending": false,
	"available": true,
	"autostart": true,
	"dynamic": false,
	"uptime": 0,
	"l3_device": "br-lan",
	"proto": "static",
	"device": "br-lan",
	"updated": [
		"addresses"
	],
	"metric": 0,
	"dns_metric": 0,
	"delegation": true,
	"ipv4-address": [
		{
			"address": "192.168.1.1",
			"mask": 24
		}
	],
	"ipv6-address": [
		
	],
	"ipv6-prefix": [
		
	],
	"ipv6-prefix-assignment": [
		{
			"address": "fd6d:309e:7e19::",
			"mask": 60,
			"local-address": {
				"address": "fd6d:309e:7e19::1",
				"mask": 60
			}
		}
	],
	"route": [
		
	],
	"dns-server": [
		
	],
	"dns-search": [
		
	],
	"neighbors": [
		
	],
	"inactive": {
		"ipv4-address": [
			
		],
		"ipv6-address": [
			
		],
		"route": [
			
		],
		"dns-server": [
			
		],
		"dns-search": [
			
		],
		"neighbors": [
			
		]
	},
	"data": {
		
	}
}
KYNGMHXBQS 0
root@OpenWrt:~# echo 'TWFE''GLOPQQ'
TWFEGLOPQQ
root@OpenWrt:~# MARKER='OQEZ''HBWFOQ' run true
OQEZHBWFOQOQEZHBWFOQ 0
root@OpenWrt:~# echo 'QJHB''TQZEHK'
QJHBTQZEHK
root@OpenWrt:~# MARKER='NHSU''WOOLVH' run 'source /etc/os-release; echo $BUILD_I
D'
NHSUWOOLVHr29164-00da0d2bce
NHSUWOOLVH 0
root@OpenWrt:~# echo 'PCZA''HBCJWY'
PCZAHBCJWY
root@OpenWrt:~# MARKER='KWEW''VTSCXA' run 'ls /etc/dropbear/dropbear_rsa_host_ke
y'
KWEWVTSCXA[0;0m/etc/dropbear/dropbear_rsa_host_key[m
KWEWVTSCXA 0
root@OpenWrt:~# echo 'JLAF''GVBYKY'
JLAFGVBYKY
root@OpenWrt:~# MARKER='TUQZ''CWVLPE' run 'netstat -tlpn | grep 0.0.0.0:22'
TUQZCWVLPEnetstat: showing only processes with your user ID
tcp        0      0 0.0.0.0:22              0.0.0.0:*               LISTEN      1742/dropbear
TUQZCWVLPE 0
root@OpenWrt:~# echo 'LCSY''LSWWEO'
LCSYLSWWEO
root@OpenWrt:~# MARKER='ESTU''XXMSXG' run 'dmesg | grep br-lan | grep forwarding
'
ESTUXXMSXG[   31.895740] br-lan: port 1(eth0) entered forwarding state
ESTUXXMSXG 0
root@OpenWrt:~# echo 'XYMN''GGZUJV'
XYMNGGZUJV
root@OpenWrt:~# MARKER='FZUH''PGWQCT' run 'ubus call network.interface.lan statu
s '"'"'{}'"'"''
FZUHPGWQCT{
	"up": true,
	"pending": false,
	"available": true,
	"autostart": true,
	"dynamic": false,
	"uptime": 8,
	"l3_device": "br-lan",
	"proto": "static",
	"device": "br-lan",
	"updated": [
		"addresses"
	],
	"metric": 0,
	"dns_metric": 0,
	"delegation": true,
	"ipv4-address": [
		{
			"address": "192.168.1.1",
			"mask": 24
		}
	],
	"ipv6-address": [
		
	],
	"ipv6-prefix": [
		
	],
	"ipv6-prefix-assignment": [
		{
			"address": "fd6d:309e:7e19::",
			"mask": 60,
			"local-address": {
				"address": "fd6d:309e:7e19::1",
				"mask": 60
			}
		}
	],
	"route": [
		
	],
	"dns-server": [
		
	],
	"dns-search": [
		
	],
	"neighbors": [
		
	],
	"inactive": {
		"ipv4-address": [
			
		],
		"ipv6-address": [
			
		],
		"route": [
			
		],
		"dns-server": [
			
		],
		"dns-search": [
			
		],
		"neighbors": [
			
		]
	},
	"data": {
		
	}
}
FZUHPGWQCT 0
root@OpenWrt:~# echo 'YUPO''FSLXHX'
YUPOFSLXHX
root@OpenWrt:~# MARKER='LAVP''PEWLFF' run 'ip -o addr show dev br-lan'
LAVPPEWLFF4: br-lan    inet 192.168.1.1/24 brd 192.168.1.255 scope global br-lan\       valid_lft forever preferred_lft forever
4: br-lan    inet6 fd6d:309e:7e19::1/60 scope global noprefixroute \       valid_lft forever preferred_lft forever
4: br-lan    inet6 fe80::5054:ff:fe12:3456/64 scope link \       valid_lft forever preferred_lft forever
LAVPPEWLFF 0
root@OpenWrt:~# echo 'AMVA''CAYFQF'
AMVACAYFQF
root@OpenWrt:~# MARKER='ZWUP''PMXSJH' run 'ubus call network.interface.wan statu
s '"'"'{}'"'"''
ZWUPPMXSJH{
	"up": true,
	"pending": false,
	"available": true,
	"autostart": true,
	"dynamic": false,
	"uptime": 8,
	"l3_device": "eth1",
	"proto": "dhcp",
	"device": "eth1",
	"updated": [
		"addresses",
		"routes",
		"data"
	],
	"metric": 0,
	"dns_metric": 0,
	"delegation": true,
	"ipv4-address": [
		{
			"address": "10.0.2.15",
			"mask": 24
		}
	],
	"ipv6-address": [
		
	],
	"ipv6-prefix": [
		
	],
	"ipv6-prefix-assignment": [
		
	],
	"route": [
		{
			"target": "0.0.0.0",
			"mask": 0,
			"nexthop": "10.0.2.2",
			"source": "10.0.2.15/32"
		}
	],
	"dns-server": [
		"10.0.2.3"
	],
	"dns-search": [
		
	],
	"neighbors": [
		
	],
	"inactive": {
		"ipv4-address": [
			
		],
		"ipv6-address": [
			
		],
		"route": [
			
		],
		"dns-server": [
			
		],
		"dns-search": [
			
		],
		"neighbors": [
			
		]
	},
	"data": {
		"dhcpserver": "10.0.2.2",
		"leasetime": 86400
	}
}
ZWUPPMXSJH 0
root@OpenWrt:~# 