Labgrid Console Logfile for main
Logfile started at 2026-04-28 03:55:00.051409
=== Log starts here ===
c[?7l[2J[0mSeaBIOS (version 1.16.3-debian-1.16.3-2)


iPXE (https://ipxe.org) 00:03.0 CA00 PCI2.10 PnP PMM+06FCAE70+06F0AE70 CA00
Press Ctrl-B to configure iPXE (PCI 00:03.0)...                                                                               




iPXE (https://ipxe.org) 00:05.0 CB00 PCI2.10 PnP PMM 06FCAE70 06F0AE70 CB00
Press Ctrl-B to configure iPXE (PCI 00:05.0)...                                                                               


Booting from Hard Disk...
GRUB loading.....
[0;30;47mWelcome to GRUB![01;01H[0m[2J[H[J[1;1H[?25l[m[H[J[1;1H[2;30HGNU GRUB  version 2.12

[m[4;2H+----------------------------------------------------------------------------+[5;2H|[5;79H|[6;2H|[6;79H|[7;2H|[7;79H|[8;2H|[8;79H|[9;2H|[9;79H|[10;2H|[10;79H|[11;2H|[11;79H|[12;2H|[12;79H|[13;2H|[13;79H|[14;2H|[14;79H|[15;2H|[15;79H|[16;2H+----------------------------------------------------------------------------+[m[17;2H[18;2H[m     Use the ^ and v keys to select which entry is highlighted.          
      Press enter to boot the selected OS, `e' to edit the commands       
      before booting or `c' for a command-line. ESC to return             
      previous menu.                                                      [5;80H [7m[5;3H*OpenWrt                                                                    [m[5;78H[m[m[6;3H OpenWrt (failsafe)                                                         [m[6;78H[m[m[7;3H                                                                            [m[7;78H[m[m[8;3H                                                                            [m[8;78H[m[m[9;3H                                                                            [m[9;78H[m[m[10;3H                                                                            [m[10;78H[m[m[11;3H                                                                            [m[11;78H[m[m[12;3H                                                                            [m[12;78H[m[m[13;3H                                                                            [m[13;78H[m[m[14;3H                                                                            [m[14;78H[m[m[15;3H                                                                            [m[15;78H[m[15;80H [5;78H[2J[02;30HGNU GRUB  version 2.12[04;02H┌────────────────────────────────────────────────────────────────────────────┐[05;02H│[05;79H│[06;02H│[06;79H│[07;02H│[07;79H│[08;02H│[08;79H│[09;02H│[09;79H│[10;02H│[10;79H│[11;02H│[11;79H│[12;02H│[12;79H│[13;02H│[13;79H│[14;02H│[14;79H│[15;02H│[15;79H│[16;02H│[16;79H│[17;02H└────────────────────────────────────────────────────────────────────────────┘[19;02H     Use the ↑ and ↓ keys to select which entry is highlighted.          
      Press enter to boot the selected OS, `e' to edit the commands       
      before booting or `c' for a command-line. ESC to return             
      previous menu.                                                      [05;80H [05;03H[0;30;47m*OpenWrt                                                                    [06;03H[0m OpenWrt (failsafe)                                                         [07;03H                                                                            [08;03H                                                                            [09;03H                                                                            [10;03H                    [10;22H[10;23H                                                        [11;03H                                                                            [12;03H                               [12;33H[12;34H                                             [13;03H                                                                            [14;03H                                                                            [15;03H                                                                            [16;03H                                                     [16;55H[16;56H                       [16;80H 






   The highlighted entry will be executed automatically in 5s.                [22;1H   The highlighted entry will be executed automatically in 5s.                 [5;78H [05;78H

















   The highlighted entry will be executed automatically in 4s.                [22;1H   The highlighted entry will be executed automatically in 4s.                 [5;78H [05;78H

















   The highlighted entry will be executed automatically in 3s. [23;63H[23;64H               [22;1H   The highlighted entry will be executed automatically in 3s.                 [5;78H [05;78H

















   The highlighted entry will be executed automatically in 2s.                [22;1H   The highlighted entry will be executed automatically in 2s.                 [5;78H [05;78H

















   The highlighted entry will be executed automatically in 1s.                [22;1H   The highlighted entry will be executed automatically in 1s.                 [5;78H [05;78H

















   The highlighted entry will be executed automatically in 0s.                [22;1H   The highlighted entry will be executed automatically in 0s.                 [5;78H [01;01H[2J[?25h[H[J[1;1H[H[J[1;1H[2J   Booting `OpenWrt' Booting `O[01;12H[01;13HpenWrt

'

[    0.000000] Linux version 6.6.133 (builder@buildhost) (x86_64-openwrt-linux-musl-gcc (OpenWrt GCC 13.3.0 r29157-44df9972d5) 13.3.0, GNU ld (GNU Binutils) 2.42) #0 SMP Sun Apr 12 18:14:18 2026
[    0.000000] Command line: BOOT_IMAGE=/boot/vmlinuz root=PARTUUID=9c236c87-02 rootwait console=tty1 console=ttyS0,115200n8 noinitrd
[    0.000000] BIOS-provided physical RAM map:
[    0.000000] BIOS-e820: [mem 0x0000000000000000-0x000000000009fbff] usable
[    0.000000] BIOS-e820: [mem 0x000000000009fc00-0x000000000009ffff] reserved
[    0.000000] BIOS-e820: [mem 0x00000000000f0000-0x00000000000fffff] reserved
[    0.000000] BIOS-e820: [mem 0x0000000000100000-0x0000000007fdcfff] usable
[    0.000000] BIOS-e820: [mem 0x0000000007fdd000-0x0000000007ffffff] reserved
[    0.000000] BIOS-e820: [mem 0x00000000fffc0000-0x00000000ffffffff] reserved
[    0.000000] BIOS-e820: [mem 0x000000fd00000000-0x000000ffffffffff] reserved
[    0.000000] NX (Execute Disable) protection: active
[    0.000000] APIC: Static calls initialized
[    0.000000] SMBIOS 3.0.0 present.
[    0.000000] DMI: QEMU Standard PC (i440FX + PIIX, 1996), BIOS 1.16.3-debian-1.16.3-2 04/01/2014
[    0.000000] tsc: Fast TSC calibration using PIT
[    0.000000] tsc: Detected 2596.177 MHz processor
[    0.009295] last_pfn = 0x7fdd max_arch_pfn = 0x400000000
[    0.009916] MTRR map: 4 entries (3 fixed + 1 variable; max 19), built from 8 variable MTRRs
[    0.010115] x86/PAT: Configuration [0-7]: WB  WC  UC- UC  WB  WP  UC- WT  
[    0.028209] found SMP MP-table at [mem 0x000f5460-0x000f546f]
[    0.029609] Using GB pages for direct mapping
[    0.033443] ACPI: Early table checksum verification disabled
[    0.033783] ACPI: RSDP 0x00000000000F5290 000014 (v00 BOCHS )
[    0.034117] ACPI: RSDT 0x0000000007FE1C64 000034 (v01 BOCHS  BXPC     00000001 BXPC 00000001)
[    0.034627] ACPI: FACP 0x0000000007FE1B18 000074 (v01 BOCHS  BXPC     00000001 BXPC 00000001)
[    0.035261] ACPI: DSDT 0x0000000007FE0040 001AD8 (v01 BOCHS  BXPC     00000001 BXPC 00000001)
[    0.035348] ACPI: FACS 0x0000000007FE0000 000040
[    0.035396] ACPI: APIC 0x0000000007FE1B8C 000078 (v03 BOCHS  BXPC     00000001 BXPC 00000001)
[    0.035420] ACPI: HPET 0x0000000007FE1C04 000038 (v01 BOCHS  BXPC     00000001 BXPC 00000001)
[    0.035444] ACPI: WAET 0x0000000007FE1C3C 000028 (v01 BOCHS  BXPC     00000001 BXPC 00000001)
[    0.035527] ACPI: Reserving FACP table memory at [mem 0x7fe1b18-0x7fe1b8b]
[    0.035572] ACPI: Reserving DSDT table memory at [mem 0x7fe0040-0x7fe1b17]
[    0.035579] ACPI: Reserving FACS table memory at [mem 0x7fe0000-0x7fe003f]
[    0.035586] ACPI: Reserving APIC table memory at [mem 0x7fe1b8c-0x7fe1c03]
[    0.035592] ACPI: Reserving HPET table memory at [mem 0x7fe1c04-0x7fe1c3b]
[    0.035598] ACPI: Reserving WAET table memory at [mem 0x7fe1c3c-0x7fe1c63]
[    0.038741] Zone ranges:
[    0.038773]   DMA      [mem 0x0000000000001000-0x0000000000ffffff]
[    0.038851]   DMA32    [mem 0x0000000001000000-0x0000000007fdcfff]
[    0.038862]   Normal   empty
[    0.038885] Movable zone start for each node
[    0.038913] Early memory node ranges
[    0.038957]   node   0: [mem 0x0000000000001000-0x000000000009efff]
[    0.039001]   node   0: [mem 0x0000000000100000-0x0000000007fdcfff]
[    0.039111] Initmem setup node 0 [mem 0x0000000000001000-0x0000000007fdcfff]
[    0.039948] On node 0, zone DMA: 1 pages in unavailable ranges
[    0.040298] On node 0, zone DMA: 97 pages in unavailable ranges
[    0.041428] On node 0, zone DMA32: 35 pages in unavailable ranges
[    0.041767] ACPI: PM-Timer IO Port: 0x608
[    0.042162] ACPI: LAPIC_NMI (acpi_id[0xff] dfl dfl lint[0x1])
[    0.042602] IOAPIC[0]: apic_id 0, version 32, address 0xfec00000, GSI 0-23
[    0.042715] ACPI: INT_SRC_OVR (bus 0 bus_irq 0 global_irq 2 dfl dfl)
[    0.042982] ACPI: INT_SRC_OVR (bus 0 bus_irq 5 global_irq 5 high level)
[    0.043038] ACPI: INT_SRC_OVR (bus 0 bus_irq 9 global_irq 9 high level)
[    0.043125] ACPI: INT_SRC_OVR (bus 0 bus_irq 10 global_irq 10 high level)
[    0.043134] ACPI: INT_SRC_OVR (bus 0 bus_irq 11 global_irq 11 high level)
[    0.043323] ACPI: Using ACPI (MADT) for SMP configuration information
[    0.043366] ACPI: HPET id: 0x8086a201 base: 0xfed00000
[    0.043670] smpboot: Allowing 1 CPUs, 0 hotplug CPUs
[    0.044793] [mem 0x08000000-0xfffbffff] available for PCI devices
[    0.044844] Booting paravirtualized kernel on bare hardware
[    0.045160] clocksource: refined-jiffies: mask: 0xffffffff max_cycles: 0xffffffff, max_idle_ns: 19112604462750000 ns
[    0.045790] setup_percpu: NR_CPUS:512 nr_cpumask_bits:1 nr_cpu_ids:1 nr_node_ids:1
[    0.047327] percpu: Embedded 48 pages/cpu s158248 r8192 d30168 u2097152
[    0.049594] Kernel command line: BOOT_IMAGE=/boot/vmlinuz root=PARTUUID=9c236c87-02 rootwait console=tty1 console=ttyS0,115200n8 noinitrd
[    0.051522] random: crng init done
[    0.056813] Dentry cache hash table entries: 16384 (order: 5, 131072 bytes, linear)
[    0.057888] Inode-cache hash table entries: 8192 (order: 4, 65536 bytes, linear)
[    0.060822] Built 1 zonelists, mobility grouping on.  Total pages: 31965
[    0.061077] mem auto-init: stack:off, heap alloc:off, heap free:off
[    0.064565] Memory: 102576K/130540K available (14336K kernel code, 1170K rwdata, 2300K rodata, 2456K init, 2404K bss, 27708K reserved, 0K cma-reserved)
[    0.071115] SLUB: HWalign=64, Order=0-3, MinObjects=0, CPUs=1, Nodes=1
[    0.078509] rcu: Hierarchical RCU implementation.
[    0.078542] rcu: 	RCU restricting CPUs from NR_CPUS=512 to nr_cpu_ids=1.
[    0.078657] 	Tracing variant of Tasks RCU enabled.
[    0.078741] rcu: RCU calculated value of scheduler-enlistment delay is 10 jiffies.
[    0.078769] rcu: Adjusting geometry for rcu_fanout_leaf=16, nr_cpu_ids=1
[    0.079897] NR_IRQS: 33024, nr_irqs: 256, preallocated irqs: 16
[    0.088621] rcu: srcu_init: Setting srcu_struct sizes based on contention.
[    0.095467] Console: colour VGA+ 80x25
[    0.095782] printk: console [tty1] enabled
[    0.103410] printk: console [ttyS0] enabled
[    0.334861] ACPI: Core revision 20230628
[    0.340166] clocksource: hpet: mask: 0xffffffff max_cycles: 0xffffffff, max_idle_ns: 19112604467 ns
[    0.349773] APIC: Switch to symmetric I/O mode setup
[    0.354078] ..TIMER: vector=0x30 apic1=0 pin1=2 apic2=-1 pin2=-1
[    0.396667] clocksource: tsc-early: mask: 0xffffffffffffffff max_cycles: 0x256c20d61c6, max_idle_ns: 440795267029 ns
[    0.397421] Calibrating delay loop (skipped), value calculated using timer frequency.. 5192.35 BogoMIPS (lpj=25961770)
[    0.399150] x86/cpu: User Mode Instruction Prevention (UMIP) activated
[    0.414047] Last level iTLB entries: 4KB 0, 2MB 0, 4MB 0
[    0.414482] Last level dTLB entries: 4KB 0, 2MB 0, 4MB 0, 1GB 0
[    0.417640] Spectre V1 : Mitigation: usercopy/swapgs barriers and __user pointer sanitization
[    0.418449] Spectre V2 : Mitigation: Retpolines
[    0.419132] Spectre V2 : Spectre v2 / SpectreRSB: Filling RSB on context switch and VMEXIT
[    0.419634] Speculative Store Bypass: Vulnerable
[    0.421369] x86/fpu: Supporting XSAVE feature 0x001: 'x87 floating point registers'
[    0.426962] x86/fpu: Supporting XSAVE feature 0x002: 'SSE registers'
[    0.428546] x86/fpu: Supporting XSAVE feature 0x004: 'AVX registers'
[    0.428796] x86/fpu: Supporting XSAVE feature 0x008: 'MPX bounds registers'
[    0.429044] x86/fpu: Supporting XSAVE feature 0x010: 'MPX CSR'
[    0.429452] x86/fpu: xstate_offset[2]:  576, xstate_sizes[2]:  256
[    0.437535] x86/fpu: xstate_offset[3]:  960, xstate_sizes[3]:   64
[    0.437799] x86/fpu: xstate_offset[4]: 1024, xstate_sizes[4]:   64
[    0.438047] x86/fpu: Enabled xstate features 0x1f, context size is 1088 bytes, using 'standard' format.
[    0.723737] Freeing SMP alternatives memory: 40K
[    0.725044] pid_max: default: 32768 minimum: 301
[    0.734344] Mount-cache hash table entries: 512 (order: 0, 4096 bytes, linear)
[    0.734738] Mountpoint-cache hash table entries: 512 (order: 0, 4096 bytes, linear)
[    0.883819] smpboot: CPU0: AMD QEMU TCG CPU version 2.5+ (family: 0x6, model: 0x6, stepping: 0x3)
[    0.887328] RCU Tasks Trace: Setting shift to 0 and lim to 1 rcu_task_cb_adjust=1 rcu_task_cpu_ids=1.
[    0.887328] Performance Events: PMU not available due to virtualization, using software events only.
[    0.889452] signal: max sigframe size: 1616
[    0.891041] rcu: Hierarchical SRCU implementation.
[    0.891269] rcu: 	Max phase no-delay instances is 1000.
[    0.894227] smp: Bringing up secondary CPUs ...
[    0.896230] smp: Brought up 1 node, 1 CPU
[    0.899054] smpboot: Max logical packages: 1
[    0.899325] smpboot: Total of 1 processors activated (5192.35 BogoMIPS)
[    0.918016] clocksource: jiffies: mask: 0xffffffff max_cycles: 0xffffffff, max_idle_ns: 19112604462750000 ns
[    0.918928] futex hash table entries: 256 (order: 2, 16384 bytes, linear)
[    0.919968] pinctrl core: initialized pinctrl subsystem
[    0.937052] NET: Registered PF_NETLINK/PF_ROUTE protocol family
[    0.943568] thermal_sys: Registered thermal governor 'step_wise'
[    0.943607] thermal_sys: Registered thermal governor 'user_space'
[    0.944540] cpuidle: using governor ladder
[    0.945077] cpuidle: using governor menu
[    0.949084] acpiphp: ACPI Hot Plug PCI Controller Driver version: 0.5
[    0.951808] PCI: Using configuration type 1 for base access
[    0.961290] cryptd: max_cpu_qlen set to 1000
[    0.966048] ACPI: Added _OSI(Module Device)
[    0.966264] ACPI: Added _OSI(Processor Device)
[    0.966434] ACPI: Added _OSI(Processor Aggregator Device)
[    0.980746] ACPI: 1 ACPI AML tables successfully acquired and loaded
[    0.995628] ACPI: _OSC evaluation for CPUs failed, trying _PDC
[    0.997862] ACPI: Interpreter enabled
[    0.998621] ACPI: PM: (supports S0 S5)
[    0.998848] ACPI: Using IOAPIC for interrupt routing
[    0.999478] PCI: Using host bridge windows from ACPI; if necessary, use "pci=nocrs" and report a bug
[    1.006300] PCI: Using E820 reservations for host bridge windows
[    1.008470] ACPI: Enabled 2 GPEs in block 00 to 0F
[    1.037751] ACPI: PCI Root Bridge [PCI0] (domain 0000 [bus 00-ff])
[    1.038737] acpi PNP0A03:00: _OSC: OS supports [ASPM ClockPM Segments MSI HPX-Type3]
[    1.039222] acpi PNP0A03:00: _OSC: not requesting OS control; OS requires [ExtendedConfig ASPM ClockPM MSI]
[    1.040090] acpi PNP0A03:00: fail to add MMCONFIG information, can't access extended configuration space under this bridge
[    1.052488] acpiphp: Slot [3] registered
[    1.052914] acpiphp: Slot [4] registered
[    1.053184] acpiphp: Slot [5] registered
[    1.053434] acpiphp: Slot [6] registered
[    1.057599] acpiphp: Slot [7] registered
[    1.058017] acpiphp: Slot [8] registered
[    1.058285] acpiphp: Slot [9] registered
[    1.058543] acpiphp: Slot [10] registered
[    1.058767] acpiphp: Slot [11] registered
[    1.059006] acpiphp: Slot [12] registered
[    1.069060] acpiphp: Slot [13] registered
[    1.069333] acpiphp: Slot [14] registered
[    1.069573] acpiphp: Slot [15] registered
[    1.069799] acpiphp: Slot [16] registered
[    1.070030] acpiphp: Slot [17] registered
[    1.070257] acpiphp: Slot [18] registered
[    1.077628] acpiphp: Slot [19] registered
[    1.078012] acpiphp: Slot [20] registered
[    1.078353] acpiphp: Slot [21] registered
[    1.078591] acpiphp: Slot [22] registered
[    1.078817] acpiphp: Slot [23] registered
[    1.079055] acpiphp: Slot [24] registered
[    1.087598] acpiphp: Slot [25] registered
[    1.088007] acpiphp: Slot [26] registered
[    1.088348] acpiphp: Slot [27] registered
[    1.088606] acpiphp: Slot [28] registered
[    1.088852] acpiphp: Slot [29] registered
[    1.089127] acpiphp: Slot [30] registered
[    1.089364] acpiphp: Slot [31] registered
[    1.097916] PCI host bridge to bus 0000:00
[    1.098322] pci_bus 0000:00: root bus resource [io  0x0000-0x0cf7 window]
[    1.098705] pci_bus 0000:00: root bus resource [io  0x0d00-0xffff window]
[    1.098983] pci_bus 0000:00: root bus resource [mem 0x000a0000-0x000bffff window]
[    1.107517] pci_bus 0000:00: root bus resource [mem 0x08000000-0xfebfffff window]
[    1.107939] pci_bus 0000:00: root bus resource [mem 0x100000000-0x17fffffff window]
[    1.108437] pci_bus 0000:00: root bus resource [bus 00-ff]
[    1.128089] pci 0000:00:00.0: [8086:1237] type 00 class 0x060000
[    1.132335] pci 0000:00:01.0: [8086:7000] type 00 class 0x060100
[    1.133217] pci 0000:00:01.1: [8086:7010] type 00 class 0x010180
[    1.136450] pci 0000:00:01.1: BAR 4 [io  0xc0e0-0xc0ef]
[    1.138166] pci 0000:00:01.1: BAR 0 [io  0x01f0-0x01f7]: legacy IDE quirk
[    1.138486] pci 0000:00:01.1: BAR 1 [io  0x03f6]: legacy IDE quirk
[    1.138770] pci 0000:00:01.1: BAR 2 [io  0x0170-0x0177]: legacy IDE quirk
[    1.139021] pci 0000:00:01.1: BAR 3 [io  0x0376]: legacy IDE quirk
[    1.148691] pci 0000:00:01.3: [8086:7113] type 00 class 0x068000
[    1.149292] pci 0000:00:01.3: quirk: [io  0x0600-0x063f] claimed by PIIX4 ACPI
[    1.149609] pci 0000:00:01.3: quirk: [io  0x0700-0x070f] claimed by PIIX4 SMB
[    1.150434] pci 0000:00:02.0: [1234:1111] type 00 class 0x030000
[    1.158276] pci 0000:00:02.0: BAR 0 [mem 0xfd000000-0xfdffffff pref]
[    1.160116] pci 0000:00:02.0: BAR 2 [mem 0xfeb90000-0xfeb90fff]
[    1.164172] pci 0000:00:02.0: ROM [mem 0xfeb80000-0xfeb8ffff pref]
[    1.164781] pci 0000:00:02.0: Video device with shadowed ROM at [mem 0x000c0000-0x000dffff]
[    1.168613] pci 0000:00:03.0: [1af4:1000] type 00 class 0x020000
[    1.169460] pci 0000:00:03.0: BAR 0 [io  0xc080-0xc09f]
[    1.173714] pci 0000:00:03.0: BAR 4 [mem 0xfe000000-0xfe003fff 64bit pref]
[    1.177975] pci 0000:00:03.0: ROM [mem 0xfea80000-0xfeafffff pref]
[    1.186662] pci 0000:00:04.0: [1af4:1005] type 00 class 0x00ff00
[    1.187783] pci 0000:00:04.0: BAR 0 [io  0xc0a0-0xc0bf]
[    1.188763] pci 0000:00:04.0: BAR 1 [mem 0xfeb91000-0xfeb91fff]
[    1.191292] pci 0000:00:04.0: BAR 4 [mem 0xfe004000-0xfe007fff 64bit pref]
[    1.198007] pci 0000:00:05.0: [1af4:1000] type 00 class 0x020000
[    1.199804] pci 0000:00:05.0: BAR 0 [io  0xc0c0-0xc0df]
[    1.202274] pci 0000:00:05.0: BAR 1 [mem 0xfeb92000-0xfeb92fff]
[    1.204836] pci 0000:00:05.0: BAR 4 [mem 0xfe008000-0xfe00bfff 64bit pref]
[    1.205767] pci 0000:00:05.0: ROM [mem 0xfeb00000-0xfeb7ffff pref]
[    1.209702] pci 0000:00:06.0: [1af4:1001] type 00 class 0x010000
[    1.210756] pci 0000:00:06.0: BAR 0 [io  0xc000-0xc07f]
[    1.216378] pci 0000:00:06.0: BAR 1 [mem 0xfeb93000-0xfeb93fff]
[    1.218677] pci 0000:00:06.0: BAR 4 [mem 0xfe00c000-0xfe00ffff 64bit pref]
[    1.227427] ACPI: PCI: Interrupt link LNKA configured for IRQ 10
[    1.228399] ACPI: PCI: Interrupt link LNKB configured for IRQ 10
[    1.229002] ACPI: PCI: Interrupt link LNKC configured for IRQ 11
[    1.229562] ACPI: PCI: Interrupt link LNKD configured for IRQ 11
[    1.229933] ACPI: PCI: Interrupt link LNKS configured for IRQ 9
[    1.241930] iommu: Default domain type: Translated
[    1.242177] iommu: DMA domain TLB invalidation policy: lazy mode
[    1.244307] SCSI subsystem initialized
[    1.247638] ACPI: bus type USB registered
[    1.248178] usbcore: registered new interface driver usbfs
[    1.250045] usbcore: registered new interface driver hub
[    1.250550] usbcore: registered new device driver usb
[    1.251120] pps_core: LinuxPPS API ver. 1 registered
[    1.251319] pps_core: Software ver. 5.3.6 - Copyright 2005-2007 Rodolfo Giometti <giometti@linux.it>
[    1.257618] PTP clock support registered
[    1.274135] PCI: Using ACPI for IRQ routing
[    1.277368] hpet0: at MMIO 0xfed00000, IRQs 2, 8, 0
[    1.277672] hpet0: 3 comparators, 64-bit 100.000000 MHz counter
[    1.283026] clocksource: Switched to clocksource tsc-early
[    1.285435] pnp: PnP ACPI init
[    1.285435] pnp: PnP ACPI: found 6 devices
[    1.298056] clocksource: acpi_pm: mask: 0xffffff max_cycles: 0xffffff, max_idle_ns: 2085701024 ns
[    1.299067] NET: Registered PF_INET protocol family
[    1.300244] IP idents hash table entries: 2048 (order: 2, 16384 bytes, linear)
[    1.305715] tcp_listen_portaddr_hash hash table entries: 256 (order: 0, 4096 bytes, linear)
[    1.309136] Table-perturb hash table entries: 65536 (order: 6, 262144 bytes, linear)
[    1.309491] TCP established hash table entries: 1024 (order: 1, 8192 bytes, linear)
[    1.309966] TCP bind hash table entries: 1024 (order: 3, 32768 bytes, linear)
[    1.320116] TCP: Hash tables configured (established 1024 bind 1024)
[    1.322466] MPTCP token hash table entries: 256 (order: 1, 6144 bytes, linear)
[    1.323067] UDP hash table entries: 256 (order: 1, 8192 bytes, linear)
[    1.323522] UDP-Lite hash table entries: 256 (order: 1, 8192 bytes, linear)
[    1.332315] NET: Registered PF_UNIX/PF_LOCAL protocol family
[    1.333548] pci_bus 0000:00: resource 4 [io  0x0000-0x0cf7 window]
[    1.333819] pci_bus 0000:00: resource 5 [io  0x0d00-0xffff window]
[    1.334039] pci_bus 0000:00: resource 6 [mem 0x000a0000-0x000bffff window]
[    1.341797] pci_bus 0000:00: resource 7 [mem 0x08000000-0xfebfffff window]
[    1.342460] pci_bus 0000:00: resource 8 [mem 0x100000000-0x17fffffff window]
[    1.343327] pci 0000:00:01.0: PIIX3: Enabling Passive Release
[    1.352838] pci 0000:00:00.0: Limiting direct PCI/PCI transfers
[    1.353300] PCI: CLS 0 bytes, default 64
[    1.385333] workingset: timestamp_bits=46 max_order=15 bucket_order=0
[    1.387457] squashfs: version 4.0 (2009/01/31) Phillip Lougher
[    1.390098] Block layer SCSI generic (bsg) driver version 0.4 loaded (major 247)
[    1.394067] hv_vmbus: registering driver hyperv_fb
[    1.399280] input: Power Button as /devices/LNXSYSTM:00/LNXPWRBN:00/input/input0
[    1.410953] ACPI: button: Power Button [PWRF]
[    1.579602] ACPI: \_SB_.LNKC: Enabled at IRQ 11
[    1.739443] ACPI: \_SB_.LNKD: Enabled at IRQ 10
[    1.898162] ACPI: \_SB_.LNKA: Enabled at IRQ 10
[    2.056680] ACPI: \_SB_.LNKB: Enabled at IRQ 11
[    2.058834] Serial: 8250/16550 driver, 16 ports, IRQ sharing enabled
[    2.083654] 00:04: ttyS0 at I/O 0x3f8 (irq = 4, base_baud = 115200) is a 16550A
[    2.119962] Non-volatile memory driver v1.3
[    2.132391] Linux agpgart interface v0.103
[    2.133291] AMD-Vi: AMD IOMMUv2 functionality not available on this system - This is not a bug.
[    2.133895] ACPI: bus type drm_connector registered
[    2.136235] [drm] Found bochs VGA, ID 0xb0c5.
[    2.136454] [drm] Framebuffer size 16384 kB @ 0xfd000000, mmio @ 0xfeb90000.
[    2.150576] [drm] Found EDID data blob.
[    2.155922] [drm] Initialized bochs-drm 1.0.0 20130925 for 0000:00:02.0 on minor 0
[    2.219110] Console: switching to colour frame buffer device 160x50
[    2.229370] bochs-drm 0000:00:02.0: [drm] fb0: bochs-drmdrmfb frame buffer device
[    2.264037] loop: module loaded
[    2.264939] virtio_blk virtio3: 1/0/0 default/read/poll queues
[    2.270337] virtio_blk virtio3: [vda] 246784 512-byte logical blocks (126 MB/121 MiB)
[    2.279074]  vda: vda1 vda2
[    2.282417] Guest personality initialized and is inactive
[    2.283052] VMCI host device registered (name=vmci, major=10, minor=256)
[    2.283329] Initialized host personality
[    2.284190] VMware PVSCSI driver - version 1.0.7.0-k
[    2.284510] hv_vmbus: registering driver hv_storvsc
[    2.309840] scsi host0: ata_piix
[    2.312802] scsi host1: ata_piix
[    2.313859] ata1: PATA max MWDMA2 cmd 0x1f0 ctl 0x3f6 bmdma 0xc0e0 irq 14
[    2.314171] ata2: PATA max MWDMA2 cmd 0x170 ctl 0x376 bmdma 0xc0e8 irq 15
[    2.324415] VMware vmxnet3 virtual NIC driver - version 1.7.0.0-k-NAPI
[    2.325077] hv_vmbus: registering driver hv_netvsc
[    2.325488] Fusion MPT base driver 3.04.20
[    2.325726] Copyright (c) 1999-2008 LSI Corporation
[    2.326134] Fusion MPT SPI Host driver 3.04.20
[    2.335511] Fusion MPT SAS Host driver 3.04.20
[    2.337673] usbcore: registered new interface driver usb-storage
[    2.339122] i8042: PNP: PS/2 Controller [PNP0303:KBD,PNP0f13:MOU] at 0x60,0x64 irq 1,12
[    2.342433] serio: i8042 KBD port at 0x60,0x64 irq 1
[    2.342849] serio: i8042 AUX port at 0x60,0x64 irq 12
[    2.346361] hv_vmbus: registering driver hyperv_keyboard
[    2.350251] rtc_cmos 00:05: RTC can wake from S4
[    2.355614] rtc_cmos 00:05: registered as rtc0
[    2.358645] rtc_cmos 00:05: setting system clock to 2026-04-28T03:55:10 UTC (1777348510)
[    2.361306] rtc_cmos 00:05: alarms up to one day, y3k, 242 bytes nvram, hpet irqs
[    2.364362] amd_pstate: the _CPC object is not present in SBIOS or ACPI disabled
[    2.366842] sdhci: Secure Digital Host Controller Interface driver
[    2.371763] sdhci: Copyright(c) Pierre Ossman
[    2.382594] input: AT Translated Set 2 keyboard as /devices/platform/i8042/serio0/input/input1
[    2.410527] hid: raw HID events driver (C) Jiri Kosina
[    2.413390] hv_vmbus: registering driver hid_hyperv
[    2.416448] usbcore: registered new interface driver usbhid
[    2.419005] usbhid: USB HID core driver
[    2.421540] hv_utils: Registering HyperV Utility Driver
[    2.423821] hv_vmbus: registering driver hv_utils
[    2.425982] hv_vmbus: registering driver hv_balloon
[    2.429704] NET: Registered PF_INET6 protocol family
[    2.437211] tsc: Refined TSC clocksource calibration: 2596.163 MHz
[    2.440147] clocksource: tsc: mask: 0xffffffffffffffff max_cycles: 0x256c1380922, max_idle_ns: 440795246315 ns
[    2.443353] clocksource: Switched to clocksource tsc
[    2.459154] Segment Routing with IPv6
[    2.461671] In-situ OAM (IOAM) with IPv6
[    2.464349] NET: Registered PF_PACKET protocol family
[    2.467068] bridge: filtering via arp/ip/ip6tables is no longer available by default. Update your scripts to load br_netfilter if you need this.
[    2.476122] 8021q: 802.1Q VLAN Support v1.8
[    2.479283] NET: Registered PF_VSOCK protocol family
[    2.489310] IPI shorthand broadcast: enabled
[    2.491723] AVX2 version of gcm_enc/dec engaged.
[    2.498664] AES CTR mode by8 optimization enabled
[    2.516641] sched_clock: Marking stable (2260140880, 248187905)->(2568683736, -60354951)
[    2.560917] ata2: found unknown device (class 0)
[    2.634383] ata2.00: ATAPI: QEMU DVD-ROM, 2.5+, max UDMA/100
[    2.650994] scsi 1:0:0:0: CD-ROM            QEMU     QEMU DVD-ROM     2.5+ PQ: 0 ANSI: 5
[    2.659764] clk: Disabling unused clocks
[    2.720232] sr 1:0:0:0: [sr0] scsi3-mmc drive: 4x/4x cd/rw xa/form2 tray
[    2.723038] cdrom: Uniform CD-ROM driver Revision: 3.20
[    2.778756] VFS: Mounted root (squashfs filesystem) readonly on device 254:2.
[    2.854028] Freeing unused kernel image (initmem) memory: 2456K
[    2.856806] Write protecting the kernel read-only data: 18432k
[    2.861473] Freeing unused kernel image (rodata/data gap) memory: 1796K
[    2.864270] Run /sbin/init as init process
[    3.130090] init: Console is alive
[    3.997186] kmodloader: loading kernel modules from /etc/modules-boot.d/*
[    4.063178] button_hotplug: loading out-of-tree module taints kernel.
[    4.070658] Button Hotplug driver version 0.4.1
[    4.094575] Intel(R) 2.5G Ethernet Linux Driver
[    4.097277] Copyright(c) 2018 Intel Corporation.
[    4.115907] igb: Intel(R) Gigabit Ethernet Network Driver
[    4.118787] igb: Copyright (c) 2007-2014 Intel Corporation.
[    4.136456] kmodloader: done loading kernel modules from /etc/modules-boot.d/*
[    4.153124] init: - preinit -
[    5.131696] 8021q: adding VLAN 0 to HW filter on device eth0
Press the [f] key and hit [enter] to enter failsafe mode
Press the [1], [2], [3] or [4] key and hit [enter] to select the debug level

[    9.862104] loop0: detected capacity change from 0 to 212992
[    9.918744] loop0: detected capacity change from 212992 to 200064
[    9.933747] mount_root: overlay filesystem in /dev/loop0 has not been formatted yet
[   10.272511] EXT4-fs (loop0): mounted filesystem b47f16df-f7d9-4c2f-b997-69914eb1a703 r/w with ordered data mode. Quota mode: disabled.
[   10.287011] mount_root: overlay filesystem has not been fully initialized yet
[   10.306440] mount_root: switching to ext4 overlay
[   10.332393] overlayfs: null uuid detected in lower fs '/', falling back to xino=off,index=off,nfs_export=off.
[   11.121525] EXT4-fs (vda1): mounted filesystem 84173db5-fa99-e35a-95c6-28613cc79ea9 r/w without journal. Quota mode: disabled.
[   11.147156] urandom-seed: Seed file not found (/etc/urandom.seed)
[   11.300654] procd: - early -
[   12.074902] procd: - ubus -
[   12.264215] procd: - init -
Please press Enter to activate this console.
root
login[1002]: root login on 'ttyS0'


BusyBox v1.36.1 (2026-04-12 18:14:18 UTC) built-in shell (ash)

  _______                     ________        __
 |       |.-----.-----.-----.|  |  |  |.----.|  |_
 |   -   ||  _  |  -__|     ||  |  |  ||   _||   _|
 |_______||   __|_____|__|__||________||__|  |____|
          |__| W I R E L E S S   F R E E D O M
 -----------------------------------------------------
 OpenWrt 24.10-SNAPSHOT, r29157-44df9972d5
 -----------------------------------------------------
  ___   __ __                _______             __
 |   |_|__|  |--.----.-----.|   |   |-----.-----|  |--.
 |     |  |  _  |   _|  -__||       |  -__|__ --|     |
 |_____|__|_____|__| |_____||__|_|__|_____|_____|__|__|

 ------------------------------------------------------
 LiMe master development (master rev. aebe482 20260416_0852)
 ------------------------------------------------------
 https://libremesh.org
 ------------------------------------------------------
=== WARNING! =====================================
There is no root password defined on this device!
Use the "passwd" command to set up a new password
in order to prevent unauthorized SSH logins.
--------------------------------------------------
root@(none):~# dmesg -n 1
root@(none):~# echo 'MJMP''SMGMCA'
MJMPSMGMCA
root@LiMe-123456:~# run() { echo -n "$MARKER"; sh -c "$@"; echo "$MARKER $?"; }
root@LiMe-123456:~# echo 'BWKK''YJYOXS'
BWKKYJYOXS
root@LiMe-123456:~# MARKER='MXUF''GYPOTF' run 'ubus wait_for network.interface.l
an'
MXUFGYPOTFMXUFGYPOTF 0
root@LiMe-123456:~# echo 'JMBA''JLKYNH'
JMBAJLKYNH
root@LiMe-123456:~# MARKER='SQQA''CGLSQJ' run 'ubus call network.interface.lan s
tatus '"'"'{}'"'"''
SQQACGLSQJ{
	"up": true,
	"pending": false,
	"available": true,
	"autostart": true,
	"dynamic": false,
	"uptime": 1,
	"l3_device": "br-lan",
	"proto": "static",
	"device": "br-lan",
	"updated": [
		"addresses"
	],
	"metric": 0,
	"dns_metric": 0,
	"delegation": true,
	"ipv4-address": [
		{
			"address": "10.13.52.86",
			"mask": 16
		}
	],
	"ipv6-address": [
		{
			"address": "fd0d:fe46:8ce8::12:3456",
			"mask": 64
		}
	],
	"ipv6-prefix": [
		
	],
	"ipv6-prefix-assignment": [
		
	],
	"route": [
		
	],
	"dns-server": [
		
	],
	"dns-search": [
		
	],
	"neighbors": [
		
	],
	"inactive": {
		"ipv4-address": [
			
		],
		"ipv6-address": [
			
		],
		"route": [
			
		],
		"dns-server": [
			
		],
		"dns-search": [
			
		],
		"neighbors": [
			
		]
	},
	"data": {
		
	}
}
SQQACGLSQJ 0
root@LiMe-123456:~# echo 'QUMK''SFHNWH'
QUMKSFHNWH
root@LiMe-123456:~# MARKER='BGFM''PTVGMC' run true
BGFMPTVGMCBGFMPTVGMC 0
root@LiMe-123456:~# echo 'GPSO''VFKEYC'
GPSOVFKEYC
root@LiMe-123456:~# MARKER='WCFY''SJKWPW' run 'source /etc/os-release; echo $BUI
LD_ID'
WCFYSJKWPWr29157-44df9972d5
WCFYSJKWPW 0
root@LiMe-123456:~# echo 'LNOU''USAXXU'
LNOUUSAXXU
root@LiMe-123456:~# MARKER='PWOU''FKYMKN' run 'ls /etc/dropbear/dropbear_rsa_hos
t_key'
PWOUFKYMKN[0;0m/etc/dropbear/dropbear_rsa_host_key[m
PWOUFKYMKN 0
root@LiMe-123456:~# echo 'POZH''UJWPUM'
POZHUJWPUM
root@LiMe-123456:~# MARKER='LQZH''LNVVNA' run 'netstat -tlpn | grep 0.0.0.0:22'
LQZHLNVVNAnetstat: showing only processes with your user ID
tcp        0      0 0.0.0.0:22              0.0.0.0:*               LISTEN      2094/dropbear
LQZHLNVVNA 0
root@LiMe-123456:~# echo 'NBON''UKNOCO'
NBONUKNOCO
root@LiMe-123456:~# MARKER='OWMQ''ZXVFHJ' run 'dmesg | grep br-lan | grep forwar
ding'
OWMQZXVFHJ[   46.831464] br-lan: port 1(eth0) entered forwarding state
[   51.457366] br-lan: port 2(bat0) entered forwarding state
OWMQZXVFHJ 0
root@LiMe-123456:~# echo 'YMUO''ZZQKVP'
YMUOZZQKVP
root@LiMe-123456:~# MARKER='KETG''UNBNPT' run 'ubus call network.interface.lan s
tatus '"'"'{}'"'"''
KETGUNBNPT{
	"up": true,
	"pending": false,
	"available": true,
	"autostart": true,
	"dynamic": false,
	"uptime": 9,
	"l3_device": "br-lan",
	"proto": "static",
	"device": "br-lan",
	"updated": [
		"addresses"
	],
	"metric": 0,
	"dns_metric": 0,
	"delegation": true,
	"ipv4-address": [
		{
			"address": "10.13.52.86",
			"mask": 16
		}
	],
	"ipv6-address": [
		{
			"address": "fd0d:fe46:8ce8::12:3456",
			"mask": 64
		}
	],
	"ipv6-prefix": [
		
	],
	"ipv6-prefix-assignment": [
		
	],
	"route": [
		
	],
	"dns-server": [
		
	],
	"dns-search": [
		
	],
	"neighbors": [
		
	],
	"inactive": {
		"ipv4-address": [
			
		],
		"ipv6-address": [
			
		],
		"route": [
			
		],
		"dns-server": [
			
		],
		"dns-search": [
			
		],
		"neighbors": [
			
		]
	},
	"data": {
		
	}
}
KETGUNBNPT 0
root@LiMe-123456:~# 