Labgrid Console Logfile for main
Logfile started at 2026-05-01 02:27:51.250192
=== Log starts here ===
c[?7l[2J[0mSeaBIOS (version 1.16.3-debian-1.16.3-2)


iPXE (https://ipxe.org) 00:03.0 CA00 PCI2.10 PnP PMM+06FCAE70+06F0AE70 CA00
Press Ctrl-B to configure iPXE (PCI 00:03.0)...                                                                               




iPXE (https://ipxe.org) 00:05.0 CB00 PCI2.10 PnP PMM 06FCAE70 06F0AE70 CB00
Press Ctrl-B to configure iPXE (PCI 00:05.0)...                                                                               


Booting from Hard Disk...
GRUB loading.....
[0;30;47mWelcome to GRUB![01;01H[0m[2J[H[J[1;1H[?25l[m[H[J[1;1H[2;30HGNU GRUB  version 2.12

[m[4;2H+----------------------------------------------------------------------------+[5;2H|[5;79H|[6;2H|[6;79H|[7;2H|[7;79H|[8;2H|[8;79H|[9;2H|[9;79H|[10;2H|[10;79H|[11;2H|[11;79H|[12;2H|[12;79H|[13;2H|[13;79H|[14;2H|[14;79H|[15;2H|[15;79H|[16;2H+----------------------------------------------------------------------------+[m[17;2H[18;2H[m     Use the ^ and v keys to select which entry is highlighted.          
      Press enter to boot the selected OS, `e' to edit the commands       
      before booting or `c' for a command-line. ESC to return             
      previous menu.                                                      [5;80H [7m[5;3H*OpenWrt                                                                    [m[5;78H[m[m[6;3H OpenWrt (failsafe)                                                         [m[6;78H[m[m[7;3H                                                                            [m[7;78H[m[m[8;3H                                                                            [m[8;78H[m[m[9;3H                                                                            [m[9;78H[m[m[10;3H                                                                            [m[10;78H[m[m[11;3H                                                                            [m[11;78H[m[m[12;3H                                                                            [m[12;78H[m[m[13;3H                                                                            [m[13;78H[m[m[14;3H                                                                            [m[14;78H[m[m[15;3H                                                                            [m[15;78H[m[15;80H [5;78H[2J[02;30HGNU GRUB  version 2.12[04;02H┌────────────────────────────────────────────────────────────────────────────┐[05;02H│[05;79H│[06;02H│[06;79H│[07;02H│[07;79H│[08;02H│[08;79H│[09;02H│[09;79H│[10;02H│[10;79H│[11;02H│[11;79H│[12;02H│[12;79H│[13;02H│[13;79H│[14;02H│[14;79H│[15;02H│[15;79H│[16;02H│[16;79H│[17;02H└────────────────────────────────────────────────────────────────────────────┘[19;02H     Use the ↑ and ↓ keys to select which entry is highlighted.          
      Press enter to boot the selected OS, `e' to edit the commands       
      before booting or `c' for a command-line. ESC to return           [21;72H[21;73H  
      previous menu.                                                      [05;80H [05;03H[0;30;47m*OpenWrt                                                                    [06;03H[0m OpenWrt (failsafe)                                                         [07;03H                                                                            [08;03H                                                                            [09;03H                                                                            [10;03H                                 [10;35H[10;36H                                           [11;03H                                                                            [12;03H                                             [12;47H[12;48H                               [13;03H                                                                            [14;03H                                                                            [15;03H                                                                            [16;03H                                                                            [16;80H 






   The highlighted entry will be executed automatically in 5s.                [22;1H   The highlighted entry will be executed automatically in 5s.                 [5;78H [05;78H

















   The highlighted entry will be executed automatically in 4s.                [22;1H   The highlighted entry will be executed automatically in 4s.                 [5;78H [05;78H

















   The highlighted entry will be executed automatically in 3s.                [22;1H   The highlighted entry will be executed automatically in 3s.                 [5;78H [05;78H

















   The highlighted entry will be executed automatically in 2s.                [22;1H   The highlighted entry will be executed automatically in 2s.                 [5;78H [05;78H

















   The highlighted entry will be executed automatically in 1s.                [22;1H   The highlighted entry will be executed automatically in 1s.                 [5;78H [05;78H

















   The highlighted entry will be executed automatically in 0s.                [22;1H   The highlighted entry will be executed automatically in 0s.                 [5;78H [01;01H[2J[?25h[H[J[1;1H[H[J[1;1H[2J   Booting `OpenWrt' Booting `OpenWrt

'

[    0.000000] Linux version 6.6.135 (builder@buildhost) (x86_64-openwrt-linux-musl-gcc (OpenWrt GCC 13.3.0 r29164-00da0d2bce) 13.3.0, GNU ld (GNU Binutils) 2.42) #0 SMP Thu Apr 30 08:33:46 2026
[    0.000000] Command line: BOOT_IMAGE=/boot/vmlinuz root=PARTUUID=a80c339d-02 rootwait console=tty1 console=ttyS0,115200n8 noinitrd
[    0.000000] BIOS-provided physical RAM map:
[    0.000000] BIOS-e820: [mem 0x0000000000000000-0x000000000009fbff] usable
[    0.000000] BIOS-e820: [mem 0x000000000009fc00-0x000000000009ffff] reserved
[    0.000000] BIOS-e820: [mem 0x00000000000f0000-0x00000000000fffff] reserved
[    0.000000] BIOS-e820: [mem 0x0000000000100000-0x0000000007fdcfff] usable
[    0.000000] BIOS-e820: [mem 0x0000000007fdd000-0x0000000007ffffff] reserved
[    0.000000] BIOS-e820: [mem 0x00000000fffc0000-0x00000000ffffffff] reserved
[    0.000000] BIOS-e820: [mem 0x000000fd00000000-0x000000ffffffffff] reserved
[    0.000000] NX (Execute Disable) protection: active
[    0.000000] APIC: Static calls initialized
[    0.000000] SMBIOS 3.0.0 present.
[    0.000000] DMI: QEMU Standard PC (i440FX + PIIX, 1996), BIOS 1.16.3-debian-1.16.3-2 04/01/2014
[    0.000000] tsc: Fast TSC calibration using PIT
[    0.000000] tsc: Detected 2445.438 MHz processor
[    0.008720] last_pfn = 0x7fdd max_arch_pfn = 0x400000000
[    0.009374] MTRR map: 4 entries (3 fixed + 1 variable; max 19), built from 8 variable MTRRs
[    0.009569] x86/PAT: Configuration [0-7]: WB  WC  UC- UC  WB  WP  UC- WT  
[    0.027599] found SMP MP-table at [mem 0x000f5460-0x000f546f]
[    0.028916] Using GB pages for direct mapping
[    0.032641] ACPI: Early table checksum verification disabled
[    0.032960] ACPI: RSDP 0x00000000000F5290 000014 (v00 BOCHS )
[    0.033281] ACPI: RSDT 0x0000000007FE1C64 000034 (v01 BOCHS  BXPC     00000001 BXPC 00000001)
[    0.033800] ACPI: FACP 0x0000000007FE1B18 000074 (v01 BOCHS  BXPC     00000001 BXPC 00000001)
[    0.034452] ACPI: DSDT 0x0000000007FE0040 001AD8 (v01 BOCHS  BXPC     00000001 BXPC 00000001)
[    0.034546] ACPI: FACS 0x0000000007FE0000 000040
[    0.034598] ACPI: APIC 0x0000000007FE1B8C 000078 (v03 BOCHS  BXPC     00000001 BXPC 00000001)
[    0.034626] ACPI: HPET 0x0000000007FE1C04 000038 (v01 BOCHS  BXPC     00000001 BXPC 00000001)
[    0.034651] ACPI: WAET 0x0000000007FE1C3C 000028 (v01 BOCHS  BXPC     00000001 BXPC 00000001)
[    0.034735] ACPI: Reserving FACP table memory at [mem 0x7fe1b18-0x7fe1b8b]
[    0.034781] ACPI: Reserving DSDT table memory at [mem 0x7fe0040-0x7fe1b17]
[    0.034789] ACPI: Reserving FACS table memory at [mem 0x7fe0000-0x7fe003f]
[    0.034796] ACPI: Reserving APIC table memory at [mem 0x7fe1b8c-0x7fe1c03]
[    0.034802] ACPI: Reserving HPET table memory at [mem 0x7fe1c04-0x7fe1c3b]
[    0.034808] ACPI: Reserving WAET table memory at [mem 0x7fe1c3c-0x7fe1c63]
[    0.037843] Zone ranges:
[    0.037875]   DMA      [mem 0x0000000000001000-0x0000000000ffffff]
[    0.037950]   DMA32    [mem 0x0000000001000000-0x0000000007fdcfff]
[    0.037963]   Normal   empty
[    0.037986] Movable zone start for each node
[    0.038013] Early memory node ranges
[    0.038042]   node   0: [mem 0x0000000000001000-0x000000000009efff]
[    0.038086]   node   0: [mem 0x0000000000100000-0x0000000007fdcfff]
[    0.038193] Initmem setup node 0 [mem 0x0000000000001000-0x0000000007fdcfff]
[    0.039015] On node 0, zone DMA: 1 pages in unavailable ranges
[    0.039355] On node 0, zone DMA: 97 pages in unavailable ranges
[    0.040381] On node 0, zone DMA32: 35 pages in unavailable ranges
[    0.040702] ACPI: PM-Timer IO Port: 0x608
[    0.041049] ACPI: LAPIC_NMI (acpi_id[0xff] dfl dfl lint[0x1])
[    0.041473] IOAPIC[0]: apic_id 0, version 32, address 0xfec00000, GSI 0-23
[    0.041585] ACPI: INT_SRC_OVR (bus 0 bus_irq 0 global_irq 2 dfl dfl)
[    0.041833] ACPI: INT_SRC_OVR (bus 0 bus_irq 5 global_irq 5 high level)
[    0.041891] ACPI: INT_SRC_OVR (bus 0 bus_irq 9 global_irq 9 high level)
[    0.041978] ACPI: INT_SRC_OVR (bus 0 bus_irq 10 global_irq 10 high level)
[    0.041989] ACPI: INT_SRC_OVR (bus 0 bus_irq 11 global_irq 11 high level)
[    0.042176] ACPI: Using ACPI (MADT) for SMP configuration information
[    0.042218] ACPI: HPET id: 0x8086a201 base: 0xfed00000
[    0.042530] smpboot: Allowing 1 CPUs, 0 hotplug CPUs
[    0.043628] [mem 0x08000000-0xfffbffff] available for PCI devices
[    0.043680] Booting paravirtualized kernel on bare hardware
[    0.043969] clocksource: refined-jiffies: mask: 0xffffffff max_cycles: 0xffffffff, max_idle_ns: 19112604462750000 ns
[    0.044591] setup_percpu: NR_CPUS:512 nr_cpumask_bits:1 nr_cpu_ids:1 nr_node_ids:1
[    0.046162] percpu: Embedded 48 pages/cpu s158248 r8192 d30168 u2097152
[    0.048385] Kernel command line: BOOT_IMAGE=/boot/vmlinuz root=PARTUUID=a80c339d-02 rootwait console=tty1 console=ttyS0,115200n8 noinitrd
[    0.050187] random: crng init done
[    0.054971] Dentry cache hash table entries: 16384 (order: 5, 131072 bytes, linear)
[    0.055931] Inode-cache hash table entries: 8192 (order: 4, 65536 bytes, linear)
[    0.058634] Built 1 zonelists, mobility grouping on.  Total pages: 31965
[    0.058854] mem auto-init: stack:off, heap alloc:off, heap free:off
[    0.062302] Memory: 102576K/130540K available (14336K kernel code, 1170K rwdata, 2300K rodata, 2456K init, 2404K bss, 27708K reserved, 0K cma-reserved)
[    0.068640] SLUB: HWalign=64, Order=0-3, MinObjects=0, CPUs=1, Nodes=1
[    0.075985] rcu: Hierarchical RCU implementation.
[    0.076016] rcu: 	RCU restricting CPUs from NR_CPUS=512 to nr_cpu_ids=1.
[    0.076126] 	Tracing variant of Tasks RCU enabled.
[    0.076209] rcu: RCU calculated value of scheduler-enlistment delay is 10 jiffies.
[    0.076238] rcu: Adjusting geometry for rcu_fanout_leaf=16, nr_cpu_ids=1
[    0.077351] NR_IRQS: 33024, nr_irqs: 256, preallocated irqs: 16
[    0.085933] rcu: srcu_init: Setting srcu_struct sizes based on contention.
[    0.092690] Console: colour VGA+ 80x25
[    0.092982] printk: console [tty1] enabled
[    0.100545] printk: console [ttyS0] enabled
[    0.331384] ACPI: Core revision 20230628
[    0.336410] clocksource: hpet: mask: 0xffffffff max_cycles: 0xffffffff, max_idle_ns: 19112604467 ns
[    0.341286] APIC: Switch to symmetric I/O mode setup
[    0.346131] ..TIMER: vector=0x30 apic1=0 pin1=2 apic2=-1 pin2=-1
[    0.388195] clocksource: tsc-early: mask: 0xffffffffffffffff max_cycles: 0x233fe3411a7, max_idle_ns: 440795329598 ns
[    0.388831] Calibrating delay loop (skipped), value calculated using timer frequency.. 4890.87 BogoMIPS (lpj=24454380)
[    0.390464] x86/cpu: User Mode Instruction Prevention (UMIP) activated
[    0.405093] Last level iTLB entries: 4KB 0, 2MB 0, 4MB 0
[    0.405484] Last level dTLB entries: 4KB 0, 2MB 0, 4MB 0, 1GB 0
[    0.408997] Spectre V1 : Mitigation: usercopy/swapgs barriers and __user pointer sanitization
[    0.409765] Spectre V2 : Mitigation: Retpolines
[    0.410161] Spectre V2 : Spectre v2 / SpectreRSB: Filling RSB on context switch and VMEXIT
[    0.410800] Speculative Store Bypass: Vulnerable
[    0.412442] x86/fpu: Supporting XSAVE feature 0x001: 'x87 floating point registers'
[    0.421103] x86/fpu: Supporting XSAVE feature 0x002: 'SSE registers'
[    0.421412] x86/fpu: Supporting XSAVE feature 0x004: 'AVX registers'
[    0.421667] x86/fpu: Supporting XSAVE feature 0x008: 'MPX bounds registers'
[    0.421942] x86/fpu: Supporting XSAVE feature 0x010: 'MPX CSR'
[    0.429051] x86/fpu: xstate_offset[2]:  576, xstate_sizes[2]:  256
[    0.429684] x86/fpu: xstate_offset[3]:  960, xstate_sizes[3]:   64
[    0.429932] x86/fpu: xstate_offset[4]: 1024, xstate_sizes[4]:   64
[    0.430217] x86/fpu: Enabled xstate features 0x1f, context size is 1088 bytes, using 'standard' format.
[    0.724489] Freeing SMP alternatives memory: 40K
[    0.725623] pid_max: default: 32768 minimum: 301
[    0.734497] Mount-cache hash table entries: 512 (order: 0, 4096 bytes, linear)
[    0.734864] Mountpoint-cache hash table entries: 512 (order: 0, 4096 bytes, linear)
[    0.883022] smpboot: CPU0: AMD QEMU TCG CPU version 2.5+ (family: 0x6, model: 0x6, stepping: 0x3)
[    0.888743] RCU Tasks Trace: Setting shift to 0 and lim to 1 rcu_task_cb_adjust=1 rcu_task_cpu_ids=1.
[    0.888743] Performance Events: PMU not available due to virtualization, using software events only.
[    0.889665] signal: max sigframe size: 1616
[    0.892162] rcu: Hierarchical SRCU implementation.
[    0.892377] rcu: 	Max phase no-delay instances is 1000.
[    0.895285] smp: Bringing up secondary CPUs ...
[    0.897309] smp: Brought up 1 node, 1 CPU
[    0.901023] smpboot: Max logical packages: 1
[    0.901312] smpboot: Total of 1 processors activated (4890.87 BogoMIPS)
[    0.917883] clocksource: jiffies: mask: 0xffffffff max_cycles: 0xffffffff, max_idle_ns: 19112604462750000 ns
[    0.918856] futex hash table entries: 256 (order: 2, 16384 bytes, linear)
[    0.919900] pinctrl core: initialized pinctrl subsystem
[    0.938640] NET: Registered PF_NETLINK/PF_ROUTE protocol family
[    0.944785] thermal_sys: Registered thermal governor 'step_wise'
[    0.944818] thermal_sys: Registered thermal governor 'user_space'
[    0.945667] cpuidle: using governor ladder
[    0.946177] cpuidle: using governor menu
[    0.950391] acpiphp: ACPI Hot Plug PCI Controller Driver version: 0.5
[    0.952999] PCI: Using configuration type 1 for base access
[    0.962123] cryptd: max_cpu_qlen set to 1000
[    0.966780] ACPI: Added _OSI(Module Device)
[    0.966965] ACPI: Added _OSI(Processor Device)
[    0.967133] ACPI: Added _OSI(Processor Aggregator Device)
[    0.982552] ACPI: 1 ACPI AML tables successfully acquired and loaded
[    0.996392] ACPI: _OSC evaluation for CPUs failed, trying _PDC
[    0.998422] ACPI: Interpreter enabled
[    0.999179] ACPI: PM: (supports S0 S5)
[    0.999410] ACPI: Using IOAPIC for interrupt routing
[    0.999958] PCI: Using host bridge windows from ACPI; if necessary, use "pci=nocrs" and report a bug
[    1.006942] PCI: Using E820 reservations for host bridge windows
[    1.008721] ACPI: Enabled 2 GPEs in block 00 to 0F
[    1.038488] ACPI: PCI Root Bridge [PCI0] (domain 0000 [bus 00-ff])
[    1.039236] acpi PNP0A03:00: _OSC: OS supports [ASPM ClockPM Segments MSI HPX-Type3]
[    1.039696] acpi PNP0A03:00: _OSC: not requesting OS control; OS requires [ExtendedConfig ASPM ClockPM MSI]
[    1.040535] acpi PNP0A03:00: fail to add MMCONFIG information, can't access extended configuration space under this bridge
[    1.053541] acpiphp: Slot [3] registered
[    1.053992] acpiphp: Slot [4] registered
[    1.054248] acpiphp: Slot [5] registered
[    1.054488] acpiphp: Slot [6] registered
[    1.058969] acpiphp: Slot [7] registered
[    1.059430] acpiphp: Slot [8] registered
[    1.059796] acpiphp: Slot [9] registered
[    1.060066] acpiphp: Slot [10] registered
[    1.060316] acpiphp: Slot [11] registered
[    1.060561] acpiphp: Slot [12] registered
[    1.062123] acpiphp: Slot [13] registered
[    1.069039] acpiphp: Slot [14] registered
[    1.069447] acpiphp: Slot [15] registered
[    1.069814] acpiphp: Slot [16] registered
[    1.070085] acpiphp: Slot [17] registered
[    1.070359] acpiphp: Slot [18] registered
[    1.070608] acpiphp: Slot [19] registered
[    1.078994] acpiphp: Slot [20] registered
[    1.079395] acpiphp: Slot [21] registered
[    1.079789] acpiphp: Slot [22] registered
[    1.080067] acpiphp: Slot [23] registered
[    1.080316] acpiphp: Slot [24] registered
[    1.080558] acpiphp: Slot [25] registered
[    1.088980] acpiphp: Slot [26] registered
[    1.089378] acpiphp: Slot [27] registered
[    1.089777] acpiphp: Slot [28] registered
[    1.090110] acpiphp: Slot [29] registered
[    1.090354] acpiphp: Slot [30] registered
[    1.090593] acpiphp: Slot [31] registered
[    1.091014] PCI host bridge to bus 0000:00
[    1.099119] pci_bus 0000:00: root bus resource [io  0x0000-0x0cf7 window]
[    1.099682] pci_bus 0000:00: root bus resource [io  0x0d00-0xffff window]
[    1.099947] pci_bus 0000:00: root bus resource [mem 0x000a0000-0x000bffff window]
[    1.108846] pci_bus 0000:00: root bus resource [mem 0x08000000-0xfebfffff window]
[    1.109255] pci_bus 0000:00: root bus resource [mem 0x100000000-0x17fffffff window]
[    1.109854] pci_bus 0000:00: root bus resource [bus 00-ff]
[    1.111267] pci 0000:00:00.0: [8086:1237] type 00 class 0x060000
[    1.130310] pci 0000:00:01.0: [8086:7000] type 00 class 0x060100
[    1.131106] pci 0000:00:01.1: [8086:7010] type 00 class 0x010180
[    1.133789] pci 0000:00:01.1: BAR 4 [io  0xc0e0-0xc0ef]
[    1.135003] pci 0000:00:01.1: BAR 0 [io  0x01f0-0x01f7]: legacy IDE quirk
[    1.135305] pci 0000:00:01.1: BAR 1 [io  0x03f6]: legacy IDE quirk
[    1.138931] pci 0000:00:01.1: BAR 2 [io  0x0170-0x0177]: legacy IDE quirk
[    1.139351] pci 0000:00:01.1: BAR 3 [io  0x0376]: legacy IDE quirk
[    1.140277] pci 0000:00:01.3: [8086:7113] type 00 class 0x068000
[    1.140828] pci 0000:00:01.3: quirk: [io  0x0600-0x063f] claimed by PIIX4 ACPI
[    1.149025] pci 0000:00:01.3: quirk: [io  0x0700-0x070f] claimed by PIIX4 SMB
[    1.150000] pci 0000:00:02.0: [1234:1111] type 00 class 0x030000
[    1.150740] pci 0000:00:02.0: BAR 0 [mem 0xfd000000-0xfdffffff pref]
[    1.160319] pci 0000:00:02.0: BAR 2 [mem 0xfeb90000-0xfeb90fff]
[    1.163155] pci 0000:00:02.0: ROM [mem 0xfeb80000-0xfeb8ffff pref]
[    1.163652] pci 0000:00:02.0: Video device with shadowed ROM at [mem 0x000c0000-0x000dffff]
[    1.164627] pci 0000:00:03.0: [1af4:1000] type 00 class 0x020000
[    1.170262] pci 0000:00:03.0: BAR 0 [io  0xc080-0xc09f]
[    1.172621] pci 0000:00:03.0: BAR 4 [mem 0xfe000000-0xfe003fff 64bit pref]
[    1.173818] pci 0000:00:03.0: ROM [mem 0xfea80000-0xfeafffff pref]
[    1.183694] pci 0000:00:04.0: [1af4:1005] type 00 class 0x00ff00
[    1.186370] pci 0000:00:04.0: BAR 0 [io  0xc0a0-0xc0bf]
[    1.187421] pci 0000:00:04.0: BAR 1 [mem 0xfeb91000-0xfeb91fff]
[    1.189049] pci 0000:00:04.0: BAR 4 [mem 0xfe004000-0xfe007fff 64bit pref]
[    1.193761] pci 0000:00:05.0: [1af4:1000] type 00 class 0x020000
[    1.195228] pci 0000:00:05.0: BAR 0 [io  0xc0c0-0xc0df]
[    1.198125] pci 0000:00:05.0: BAR 1 [mem 0xfeb92000-0xfeb92fff]
[    1.200730] pci 0000:00:05.0: BAR 4 [mem 0xfe008000-0xfe00bfff 64bit pref]
[    1.201681] pci 0000:00:05.0: ROM [mem 0xfeb00000-0xfeb7ffff pref]
[    1.207109] pci 0000:00:06.0: [1af4:1001] type 00 class 0x010000
[    1.209715] pci 0000:00:06.0: BAR 0 [io  0xc000-0xc07f]
[    1.210442] pci 0000:00:06.0: BAR 1 [mem 0xfeb93000-0xfeb93fff]
[    1.212141] pci 0000:00:06.0: BAR 4 [mem 0xfe00c000-0xfe00ffff 64bit pref]
[    1.221400] ACPI: PCI: Interrupt link LNKA configured for IRQ 10
[    1.222273] ACPI: PCI: Interrupt link LNKB configured for IRQ 10
[    1.222931] ACPI: PCI: Interrupt link LNKC configured for IRQ 11
[    1.223570] ACPI: PCI: Interrupt link LNKD configured for IRQ 11
[    1.224011] ACPI: PCI: Interrupt link LNKS configured for IRQ 9
[    1.232959] iommu: Default domain type: Translated
[    1.233171] iommu: DMA domain TLB invalidation policy: lazy mode
[    1.238914] SCSI subsystem initialized
[    1.240667] ACPI: bus type USB registered
[    1.241166] usbcore: registered new interface driver usbfs
[    1.243805] usbcore: registered new interface driver hub
[    1.244270] usbcore: registered new device driver usb
[    1.244805] pps_core: LinuxPPS API ver. 1 registered
[    1.244998] pps_core: Software ver. 5.3.6 - Copyright 2005-2007 Rodolfo Giometti <giometti@linux.it>
[    1.249145] PTP clock support registered
[    1.267130] PCI: Using ACPI for IRQ routing
[    1.270413] hpet0: at MMIO 0xfed00000, IRQs 2, 8, 0
[    1.270695] hpet0: 3 comparators, 64-bit 100.000000 MHz counter
[    1.276822] clocksource: Switched to clocksource tsc-early
[    1.276822] pnp: PnP ACPI init
[    1.276822] pnp: PnP ACPI: found 6 devices
[    1.290286] clocksource: acpi_pm: mask: 0xffffff max_cycles: 0xffffff, max_idle_ns: 2085701024 ns
[    1.291186] NET: Registered PF_INET protocol family
[    1.292633] IP idents hash table entries: 2048 (order: 2, 16384 bytes, linear)
[    1.297723] tcp_listen_portaddr_hash hash table entries: 256 (order: 0, 4096 bytes, linear)
[    1.301372] Table-perturb hash table entries: 65536 (order: 6, 262144 bytes, linear)
[    1.301805] TCP established hash table entries: 1024 (order: 1, 8192 bytes, linear)
[    1.302265] TCP bind hash table entries: 1024 (order: 3, 32768 bytes, linear)
[    1.311910] TCP: Hash tables configured (established 1024 bind 1024)
[    1.313815] MPTCP token hash table entries: 256 (order: 1, 6144 bytes, linear)
[    1.314332] UDP hash table entries: 256 (order: 1, 8192 bytes, linear)
[    1.314769] UDP-Lite hash table entries: 256 (order: 1, 8192 bytes, linear)
[    1.324334] NET: Registered PF_UNIX/PF_LOCAL protocol family
[    1.325464] pci_bus 0000:00: resource 4 [io  0x0000-0x0cf7 window]
[    1.325690] pci_bus 0000:00: resource 5 [io  0x0d00-0xffff window]
[    1.325902] pci_bus 0000:00: resource 6 [mem 0x000a0000-0x000bffff window]
[    1.333647] pci_bus 0000:00: resource 7 [mem 0x08000000-0xfebfffff window]
[    1.334010] pci_bus 0000:00: resource 8 [mem 0x100000000-0x17fffffff window]
[    1.334746] pci 0000:00:01.0: PIIX3: Enabling Passive Release
[    1.335042] pci 0000:00:00.0: Limiting direct PCI/PCI transfers
[    1.345076] PCI: CLS 0 bytes, default 64
[    1.376041] workingset: timestamp_bits=46 max_order=15 bucket_order=0
[    1.377989] squashfs: version 4.0 (2009/01/31) Phillip Lougher
[    1.380653] Block layer SCSI generic (bsg) driver version 0.4 loaded (major 247)
[    1.384499] hv_vmbus: registering driver hyperv_fb
[    1.389743] input: Power Button as /devices/LNXSYSTM:00/LNXPWRBN:00/input/input0
[    1.403406] ACPI: button: Power Button [PWRF]
[    1.603336] ACPI: \_SB_.LNKC: Enabled at IRQ 11
[    1.794642] ACPI: \_SB_.LNKD: Enabled at IRQ 10
[    1.985032] ACPI: \_SB_.LNKA: Enabled at IRQ 10
[    2.174682] ACPI: \_SB_.LNKB: Enabled at IRQ 11
[    2.176230] Serial: 8250/16550 driver, 16 ports, IRQ sharing enabled
[    2.200563] 00:04: ttyS0 at I/O 0x3f8 (irq = 4, base_baud = 115200) is a 16550A
[    2.244510] Non-volatile memory driver v1.3
[    2.255482] Linux agpgart interface v0.103
[    2.256257] AMD-Vi: AMD IOMMUv2 functionality not available on this system - This is not a bug.
[    2.256827] ACPI: bus type drm_connector registered
[    2.259039] [drm] Found bochs VGA, ID 0xb0c5.
[    2.259259] [drm] Framebuffer size 16384 kB @ 0xfd000000, mmio @ 0xfeb90000.
[    2.273656] [drm] Found EDID data blob.
[    2.278848] [drm] Initialized bochs-drm 1.0.0 20130925 for 0000:00:02.0 on minor 0
[    2.346560] Console: switching to colour frame buffer device 160x50
[    2.355616] bochs-drm 0000:00:02.0: [drm] fb0: bochs-drmdrmfb frame buffer device
[    2.395506] loop: module loaded
[    2.396234] virtio_blk virtio3: 1/0/0 default/read/poll queues
[    2.401099] virtio_blk virtio3: [vda] 246784 512-byte logical blocks (126 MB/121 MiB)
[    2.409802]  vda: vda1 vda2
[    2.413149] Guest personality initialized and is inactive
[    2.413712] VMCI host device registered (name=vmci, major=10, minor=256)
[    2.413968] Initialized host personality
[    2.414913] VMware PVSCSI driver - version 1.0.7.0-k
[    2.415258] hv_vmbus: registering driver hv_storvsc
[    2.428860] tsc: Refined TSC clocksource calibration: 2445.439 MHz
[    2.429478] clocksource: tsc: mask: 0xffffffffffffffff max_cycles: 0x233fe42a13f, max_idle_ns: 440795286674 ns
[    2.429983] clocksource: Switched to clocksource tsc
[    2.446191] scsi host0: ata_piix
[    2.449146] scsi host1: ata_piix
[    2.450167] ata1: PATA max MWDMA2 cmd 0x1f0 ctl 0x3f6 bmdma 0xc0e0 irq 14
[    2.450439] ata2: PATA max MWDMA2 cmd 0x170 ctl 0x376 bmdma 0xc0e8 irq 15
[    2.460531] VMware vmxnet3 virtual NIC driver - version 1.7.0.0-k-NAPI
[    2.461079] hv_vmbus: registering driver hv_netvsc
[    2.461484] Fusion MPT base driver 3.04.20
[    2.461643] Copyright (c) 1999-2008 LSI Corporation
[    2.462007] Fusion MPT SPI Host driver 3.04.20
[    2.471464] Fusion MPT SAS Host driver 3.04.20
[    2.473679] usbcore: registered new interface driver usb-storage
[    2.474891] i8042: PNP: PS/2 Controller [PNP0303:KBD,PNP0f13:MOU] at 0x60,0x64 irq 1,12
[    2.480827] serio: i8042 KBD port at 0x60,0x64 irq 1
[    2.483569] serio: i8042 AUX port at 0x60,0x64 irq 12
[    2.485724] hv_vmbus: registering driver hyperv_keyboard
[    2.488173] rtc_cmos 00:05: RTC can wake from S4
[    2.493282] rtc_cmos 00:05: registered as rtc0
[    2.495980] rtc_cmos 00:05: setting system clock to 2026-05-01T02:28:02 UTC (1777602482)
[    2.498429] rtc_cmos 00:05: alarms up to one day, y3k, 242 bytes nvram, hpet irqs
[    2.501329] amd_pstate: the _CPC object is not present in SBIOS or ACPI disabled
[    2.503761] sdhci: Secure Digital Host Controller Interface driver
[    2.508987] sdhci: Copyright(c) Pierre Ossman
[    2.518448] input: AT Translated Set 2 keyboard as /devices/platform/i8042/serio0/input/input1
[    2.549567] hid: raw HID events driver (C) Jiri Kosina
[    2.552088] hv_vmbus: registering driver hid_hyperv
[    2.554926] usbcore: registered new interface driver usbhid
[    2.557016] usbhid: USB HID core driver
[    2.559238] hv_utils: Registering HyperV Utility Driver
[    2.562152] hv_vmbus: registering driver hv_utils
[    2.564275] hv_vmbus: registering driver hv_balloon
[    2.567550] NET: Registered PF_INET6 protocol family
[    2.583680] Segment Routing with IPv6
[    2.585843] In-situ OAM (IOAM) with IPv6
[    2.588300] NET: Registered PF_PACKET protocol family
[    2.590792] bridge: filtering via arp/ip/ip6tables is no longer available by default. Update your scripts to load br_netfilter if you need this.
[    2.600368] 8021q: 802.1Q VLAN Support v1.8
[    2.603049] NET: Registered PF_VSOCK protocol family
[    2.612091] IPI shorthand broadcast: enabled
[    2.614383] AVX2 version of gcm_enc/dec engaged.
[    2.620858] AES CTR mode by8 optimization enabled
[    2.641317] sched_clock: Marking stable (2390065298, 242304032)->(2662687273, -30317943)
[    2.695764] ata2: found unknown device (class 0)
[    2.778599] ata2.00: ATAPI: QEMU DVD-ROM, 2.5+, max UDMA/100
[    2.794469] scsi 1:0:0:0: CD-ROM            QEMU     QEMU DVD-ROM     2.5+ PQ: 0 ANSI: 5
[    2.798784] clk: Disabling unused clocks
[    2.864275] sr 1:0:0:0: [sr0] scsi3-mmc drive: 4x/4x cd/rw xa/form2 tray
[    2.866653] cdrom: Uniform CD-ROM driver Revision: 3.20
[    2.910937] VFS: Mounted root (squashfs filesystem) readonly on device 254:2.
[    2.978741] Freeing unused kernel image (initmem) memory: 2456K
[    2.981007] Write protecting the kernel read-only data: 18432k
[    2.985468] Freeing unused kernel image (rodata/data gap) memory: 1796K
[    2.987889] Run /sbin/init as init process
[    3.241850] init: Console is alive
[    3.873657] kmodloader: loading kernel modules from /etc/modules-boot.d/*
[    3.932308] button_hotplug: loading out-of-tree module taints kernel.
[    3.939626] Button Hotplug driver version 0.4.1
[    3.961939] Intel(R) 2.5G Ethernet Linux Driver
[    3.964331] Copyright(c) 2018 Intel Corporation.
[    3.982257] igb: Intel(R) Gigabit Ethernet Network Driver
[    3.984745] igb: Copyright (c) 2007-2014 Intel Corporation.
[    4.000164] kmodloader: done loading kernel modules from /etc/modules-boot.d/*
[    4.011812] init: - preinit -
[    4.926217] 8021q: adding VLAN 0 to HW filter on device eth0
Press the [f] key and hit [enter] to enter failsafe mode
Press the [1], [2], [3] or [4] key and hit [enter] to select the debug level
[    9.602713] loop0: detected capacity change from 0 to 212992
[    9.662767] loop0: detected capacity change from 212992 to 201216
[    9.675464] mount_root: overlay filesystem in /dev/loop0 has not been formatted yet
[    9.990609] EXT4-fs (loop0): mounted filesystem a82cfa01-1375-4034-ad11-1fb8571b682d r/w with ordered data mode. Quota mode: disabled.
[   10.004491] mount_root: overlay filesystem has not been fully initialized yet
[   10.022084] mount_root: switching to ext4 overlay
[   10.043608] overlayfs: null uuid detected in lower fs '/', falling back to xino=off,index=off,nfs_export=off.
[   10.769303] EXT4-fs (vda1): mounted filesystem 84173db5-fa99-e35a-95c6-28613cc79ea9 r/w without journal. Quota mode: disabled.
[   10.792528] urandom-seed: Seed file not found (/etc/urandom.seed)
[   10.929737] procd: - early -
[   11.708368] procd: - ubus -
[   11.888649] procd: - init -
Please press Enter to activate this console.
root
login[1001]: root login on 'ttyS0'


BusyBox v1.36.1 (2026-04-30 08:33:46 UTC) built-in shell (ash)

  _______                     ________        __
 |       |.-----.-----.-----.|  |  |  |.----.|  |_
 |   -   ||  _  |  -__|     ||  |  |  ||   _||   _|
 |_______||   __|_____|__|__||________||__|  |____|
          |__| W I R E L E S S   F R E E D O M
 -----------------------------------------------------
 OpenWrt 24.10-SNAPSHOT, r29164-00da0d2bce
 -----------------------------------------------------
=== WARNING! =====================================
There is no root password defined on this device!
Use the "passwd" command to set up a new password
in order to prevent unauthorized SSH logins.
--------------------------------------------------
root@(none):~# dmesg -n 1
root@(none):~# echo 'SBCX''BWWTVK'
SBCXBWWTVK
root@(none):~# run() { echo -n "$MARKER"; sh -c "$@"; echo "$MARKER $?"; }
root@(none):~# echo 'CUUW''BHJQTZ'
CUUWBHJQTZ
root@(none):~# MARKER='KQGX''YTSSWB' run 'ubus wait_for network.interface.lan'
KQGXYTSSWBKQGXYTSSWB 0
root@OpenWrt:~# echo 'MUMY''KJMGTV'
MUMYKJMGTV
root@OpenWrt:~# MARKER='KALG''TKHVXO' run 'ubus call network.interface.lan statu
s '"'"'{}'"'"''
KALGTKHVXO{
	"up": true,
	"pending": false,
	"available": true,
	"autostart": true,
	"dynamic": false,
	"uptime": 0,
	"l3_device": "br-lan",
	"proto": "static",
	"device": "br-lan",
	"updated": [
		"addresses"
	],
	"metric": 0,
	"dns_metric": 0,
	"delegation": true,
	"ipv4-address": [
		{
			"address": "192.168.1.1",
			"mask": 24
		}
	],
	"ipv6-address": [
		
	],
	"ipv6-prefix": [
		
	],
	"ipv6-prefix-assignment": [
		{
			"address": "fd35:15ff:b600::",
			"mask": 60,
			"local-address": {
				"address": "fd35:15ff:b600::1",
				"mask": 60
			}
		}
	],
	"route": [
		
	],
	"dns-server": [
		
	],
	"dns-search": [
		
	],
	"neighbors": [
		
	],
	"inactive": {
		"ipv4-address": [
			
		],
		"ipv6-address": [
			
		],
		"route": [
			
		],
		"dns-server": [
			
		],
		"dns-search": [
			
		],
		"neighbors": [
			
		]
	},
	"data": {
		
	}
}
KALGTKHVXO 0
root@OpenWrt:~# echo 'BSYE''NPLEGO'
BSYENPLEGO
root@OpenWrt:~# MARKER='TTXZ''BLBEVU' run true
TTXZBLBEVUTTXZBLBEVU 0
root@OpenWrt:~# echo 'PFAM''VEBKLG'
PFAMVEBKLG
root@OpenWrt:~# MARKER='ULAS''JACXTG' run 'source /etc/os-release; echo $BUILD_I
D'
ULASJACXTGr29164-00da0d2bce
ULASJACXTG 0
root@OpenWrt:~# echo 'YQJM''MYGVLE'
YQJMMYGVLE
root@OpenWrt:~# MARKER='JCJZ''OUFVCK' run 'ls /etc/dropbear/dropbear_rsa_host_ke
y'
JCJZOUFVCK[0;0m/etc/dropbear/dropbear_rsa_host_key[m
JCJZOUFVCK 0
root@OpenWrt:~# echo 'UPYA''QBSJTT'
UPYAQBSJTT
root@OpenWrt:~# MARKER='VTLV''SSUQXB' run 'netstat -tlpn | grep 0.0.0.0:22'
VTLVSSUQXBnetstat: showing only processes with your user ID
tcp        0      0 0.0.0.0:22              0.0.0.0:*               LISTEN      1742/dropbear
VTLVSSUQXB 0
root@OpenWrt:~# echo 'ZZMB''CJQQGM'
ZZMBCJQQGM
root@OpenWrt:~# MARKER='OOAG''OLJQOM' run 'dmesg | grep br-lan | grep forwarding
'
OOAGOLJQOM[   29.066241] br-lan: port 1(eth0) entered forwarding state
OOAGOLJQOM 0
root@OpenWrt:~# echo 'WXZF''HCUKYU'
WXZFHCUKYU
root@OpenWrt:~# MARKER='ZKCE''LNOSCS' run 'ubus call network.interface.lan statu
s '"'"'{}'"'"''
ZKCELNOSCS{
	"up": true,
	"pending": false,
	"available": true,
	"autostart": true,
	"dynamic": false,
	"uptime": 8,
	"l3_device": "br-lan",
	"proto": "static",
	"device": "br-lan",
	"updated": [
		"addresses"
	],
	"metric": 0,
	"dns_metric": 0,
	"delegation": true,
	"ipv4-address": [
		{
			"address": "192.168.1.1",
			"mask": 24
		}
	],
	"ipv6-address": [
		
	],
	"ipv6-prefix": [
		
	],
	"ipv6-prefix-assignment": [
		{
			"address": "fd35:15ff:b600::",
			"mask": 60,
			"local-address": {
				"address": "fd35:15ff:b600::1",
				"mask": 60
			}
		}
	],
	"route": [
		
	],
	"dns-server": [
		
	],
	"dns-search": [
		
	],
	"neighbors": [
		
	],
	"inactive": {
		"ipv4-address": [
			
		],
		"ipv6-address": [
			
		],
		"route": [
			
		],
		"dns-server": [
			
		],
		"dns-search": [
			
		],
		"neighbors": [
			
		]
	},
	"data": {
		
	}
}
ZKCELNOSCS 0
root@OpenWrt:~# echo 'BCCC''EZUPJL'
BCCCEZUPJL
root@OpenWrt:~# MARKER='FSPK''WQKUUL' run 'ip -o addr show dev br-lan'
FSPKWQKUUL4: br-lan    inet 192.168.1.1/24 brd 192.168.1.255 scope global br-lan\       valid_lft forever preferred_lft forever
4: br-lan    inet6 fd35:15ff:b600::1/60 scope global noprefixroute \       valid_lft forever preferred_lft forever
4: br-lan    inet6 fe80::5054:ff:fe12:3456/64 scope link \       valid_lft forever preferred_lft forever
FSPKWQKUUL 0
root@OpenWrt:~# echo 'GGQB''ZKATCF'
GGQBZKATCF
root@OpenWrt:~# MARKER='CPUE''HSHUAX' run 'ubus call network.interface.wan statu
s '"'"'{}'"'"''
CPUEHSHUAX{
	"up": true,
	"pending": false,
	"available": true,
	"autostart": true,
	"dynamic": false,
	"uptime": 7,
	"l3_device": "eth1",
	"proto": "dhcp",
	"device": "eth1",
	"updated": [
		"addresses",
		"routes",
		"data"
	],
	"metric": 0,
	"dns_metric": 0,
	"delegation": true,
	"ipv4-address": [
		{
			"address": "10.0.2.15",
			"mask": 24
		}
	],
	"ipv6-address": [
		
	],
	"ipv6-prefix": [
		
	],
	"ipv6-prefix-assignment": [
		
	],
	"route": [
		{
			"target": "0.0.0.0",
			"mask": 0,
			"nexthop": "10.0.2.2",
			"source": "10.0.2.15/32"
		}
	],
	"dns-server": [
		"10.0.2.3"
	],
	"dns-search": [
		
	],
	"neighbors": [
		
	],
	"inactive": {
		"ipv4-address": [
			
		],
		"ipv6-address": [
			
		],
		"route": [
			
		],
		"dns-server": [
			
		],
		"dns-search": [
			
		],
		"neighbors": [
			
		]
	},
	"data": {
		"dhcpserver": "10.0.2.2",
		"leasetime": 86400
	}
}
CPUEHSHUAX 0
root@OpenWrt:~# 