Labgrid Console Logfile for main
Logfile started at 2026-03-31 03:00:35.981464
=== Log starts here ===
c[?7l[2J[0mSeaBIOS (version 1.16.3-debian-1.16.3-2)


iPXE (https://ipxe.org) 00:03.0 CA00 PCI2.10 PnP PMM+06FCAE70+06F0AE70 CA00
Press Ctrl-B to configure iPXE (PCI 00:03.0)...                                                                               




iPXE (https://ipxe.org) 00:05.0 CB00 PCI2.10 PnP PMM 06FCAE70 06F0AE70 CB00
Press Ctrl-B to configure iPXE (PCI 00:05.0)...                                                                               


Booting from Hard Disk...
GRUB loading.....
[0;30;47mWelcome to GRUB![01;01H[0m[2J[H[J[1;1H[?25l[m[H[J[1;1H[2;30HGNU GRUB  version 2.12

[m[4;2H+----------------------------------------------------------------------------+[5;2H|[5;79H|[6;2H|[6;79H|[7;2H|[7;79H|[8;2H|[8;79H|[9;2H|[9;79H|[10;2H|[10;79H|[11;2H|[11;79H|[12;2H|[12;79H|[13;2H|[13;79H|[14;2H|[14;79H|[15;2H|[15;79H|[16;2H+----------------------------------------------------------------------------+[m[17;2H[18;2H[m     Use the ^ and v keys to select which entry is highlighted.          
      Press enter to boot the selected OS, `e' to edit the commands       
      before booting or `c' for a command-line. ESC to return             
      previous menu.                                                      [5;80H [7m[5;3H*OpenWrt                                                                    [m[5;78H[m[m[6;3H OpenWrt (failsafe)                                                         [m[6;78H[m[m[7;3H                                                                            [m[7;78H[m[m[8;3H                                                                            [m[8;78H[m[m[9;3H                                                                            [m[9;78H[m[m[10;3H                                                                            [m[10;78H[m[m[11;3H                                                                            [m[11;78H[m[m[12;3H                                                                            [m[12;78H[m[m[13;3H                                                                            [m[13;78H[m[m[14;3H                                                                            [m[14;78H[m[m[15;3H                                                                            [m[15;78H[m[15;80H [5;78H[2J[02;30HGNU GRUB  version 2.12[04;02H┌────────────────────────────────────────────────────────────────────────────┐[05;02H│[05;79H│[06;02H│[06;79H│[07;02H│[07;79H│[08;02H│[08;79H│[09;02H│[09;79H│[10;02H│[10;79H│[11;02H│[11;79H│[12;02H│[12;79H│[13;02H│[13;79H│[14;02H│[14;79H│[15;02H│[15;79H│[16;02H│[16;79H│[17;02H└────────────────────────────────────────────────────────────────────────────┘[19;02H     Use the ↑ and ↓ k[19;23H[19;24Heys to select which entry is highlighted.          
      Press enter to boot the selected OS, `e' to edit the commands       
      before booting or `c' for a command-line. ESC to return             
      previous menu.                                                      [05;80H [05;03H[0;30;47m*OpenWrt                                         [05;51H[05;52H                           [06;03H[0m OpenWrt (failsafe)                                                         [07;03H                                                                            [08;03H                                                                            [09;03H                                                                    [09;70H[09;71H        [10;03H                                                                            [11;03H                                                                            [12;03H                                                                            [13;03H                                                                            [14;03H                                                                            [15;03H                                                                            [16;03H                 [16;19H[16;20H                                                           [16;80H 






   The highlighted entry will be executed automatically in 5s.                [22;1H   The highlighted entry will be executed automatically in 5s.                 [5;78H [05;78H

















   The highlighted entry will be executed automatically in 4s.     [23;67H[23;68H           [22;1H   The highlighted entry will be executed automatically in 4s.                 [5;78H [05;78H

















   The highlighted entry will be[23;32H[23;33H executed automatically in 3s.                [22;1H   The highlighted entry will be executed automatically in 3s.                 [5;78H [05;78H

















   The highlighted entry will be executed automatically in 2s.                [22;1H   The highlighted entry will be executed automatically in 2s.                 [5;78H [05;78H

















   The highlighted entry will be executed automatically in 1s.                [22;1H   The highlighted entry will be executed automatically in 1s.                 [5;78H [05;78H

















   The highlighted entry will be executed automatically in 0s.                [22;1H   The highlighted entry will be executed automatically in 0s.                 [5;78H [01;01H[2J[?25h[H[J[1;1H[H[J[1;1H[2J   Booting `OpenWrt' Booting `OpenWrt

'

[    0.000000] Linux version 6.6.127 (builder@buildhost) (x86_64-openwrt-linux-musl-gcc (OpenWrt GCC 13.3.0 r29143-214a657cfa) 13.3.0, GNU ld (GNU Binutils) 2.42) #0 SMP Tue Mar 17 22:48:43 2026
[    0.000000] Command line: BOOT_IMAGE=/boot/vmlinuz root=PARTUUID=b07fe921-02 rootwait console=tty1 console=ttyS0,115200n8 noinitrd
[    0.000000] BIOS-provided physical RAM map:
[    0.000000] BIOS-e820: [mem 0x0000000000000000-0x000000000009fbff] usable
[    0.000000] BIOS-e820: [mem 0x000000000009fc00-0x000000000009ffff] reserved
[    0.000000] BIOS-e820: [mem 0x00000000000f0000-0x00000000000fffff] reserved
[    0.000000] BIOS-e820: [mem 0x0000000000100000-0x0000000007fdcfff] usable
[    0.000000] BIOS-e820: [mem 0x0000000007fdd000-0x0000000007ffffff] reserved
[    0.000000] BIOS-e820: [mem 0x00000000fffc0000-0x00000000ffffffff] reserved
[    0.000000] BIOS-e820: [mem 0x000000fd00000000-0x000000ffffffffff] reserved
[    0.000000] NX (Execute Disable) protection: active
[    0.000000] APIC: Static calls initialized
[    0.000000] SMBIOS 3.0.0 present.
[    0.000000] DMI: QEMU Standard PC (i440FX + PIIX, 1996), BIOS 1.16.3-debian-1.16.3-2 04/01/2014
[    0.000000] tsc: Fast TSC calibration using PIT
[    0.000000] tsc: Detected 2445.434 MHz processor
[    0.009248] last_pfn = 0x7fdd max_arch_pfn = 0x400000000
[    0.009888] MTRR map: 4 entries (3 fixed + 1 variable; max 19), built from 8 variable MTRRs
[    0.010064] x86/PAT: Configuration [0-7]: WB  WC  UC- UC  WB  WP  UC- WT  
[    0.030423] found SMP MP-table at [mem 0x000f5460-0x000f546f]
[    0.031767] Using GB pages for direct mapping
[    0.035691] ACPI: Early table checksum verification disabled
[    0.036017] ACPI: RSDP 0x00000000000F5290 000014 (v00 BOCHS )
[    0.036314] ACPI: RSDT 0x0000000007FE1C64 000034 (v01 BOCHS  BXPC     00000001 BXPC 00000001)
[    0.036838] ACPI: FACP 0x0000000007FE1B18 000074 (v01 BOCHS  BXPC     00000001 BXPC 00000001)
[    0.037466] ACPI: DSDT 0x0000000007FE0040 001AD8 (v01 BOCHS  BXPC     00000001 BXPC 00000001)
[    0.037566] ACPI: FACS 0x0000000007FE0000 000040
[    0.037621] ACPI: APIC 0x0000000007FE1B8C 000078 (v03 BOCHS  BXPC     00000001 BXPC 00000001)
[    0.037648] ACPI: HPET 0x0000000007FE1C04 000038 (v01 BOCHS  BXPC     00000001 BXPC 00000001)
[    0.037672] ACPI: WAET 0x0000000007FE1C3C 000028 (v01 BOCHS  BXPC     00000001 BXPC 00000001)
[    0.037756] ACPI: Reserving FACP table memory at [mem 0x7fe1b18-0x7fe1b8b]
[    0.037803] ACPI: Reserving DSDT table memory at [mem 0x7fe0040-0x7fe1b17]
[    0.037811] ACPI: Reserving FACS table memory at [mem 0x7fe0000-0x7fe003f]
[    0.037818] ACPI: Reserving APIC table memory at [mem 0x7fe1b8c-0x7fe1c03]
[    0.037824] ACPI: Reserving HPET table memory at [mem 0x7fe1c04-0x7fe1c3b]
[    0.037830] ACPI: Reserving WAET table memory at [mem 0x7fe1c3c-0x7fe1c63]
[    0.040928] Zone ranges:
[    0.040963]   DMA      [mem 0x0000000000001000-0x0000000000ffffff]
[    0.041038]   DMA32    [mem 0x0000000001000000-0x0000000007fdcfff]
[    0.041051]   Normal   empty
[    0.041075] Movable zone start for each node
[    0.041103] Early memory node ranges
[    0.041133]   node   0: [mem 0x0000000000001000-0x000000000009efff]
[    0.041178]   node   0: [mem 0x0000000000100000-0x0000000007fdcfff]
[    0.041288] Initmem setup node 0 [mem 0x0000000000001000-0x0000000007fdcfff]
[    0.042120] On node 0, zone DMA: 1 pages in unavailable ranges
[    0.042563] On node 0, zone DMA: 97 pages in unavailable ranges
[    0.043597] On node 0, zone DMA32: 35 pages in unavailable ranges
[    0.043911] ACPI: PM-Timer IO Port: 0x608
[    0.044272] ACPI: LAPIC_NMI (acpi_id[0xff] dfl dfl lint[0x1])
[    0.044702] IOAPIC[0]: apic_id 0, version 32, address 0xfec00000, GSI 0-23
[    0.044817] ACPI: INT_SRC_OVR (bus 0 bus_irq 0 global_irq 2 dfl dfl)
[    0.045068] ACPI: INT_SRC_OVR (bus 0 bus_irq 5 global_irq 5 high level)
[    0.045125] ACPI: INT_SRC_OVR (bus 0 bus_irq 9 global_irq 9 high level)
[    0.045214] ACPI: INT_SRC_OVR (bus 0 bus_irq 10 global_irq 10 high level)
[    0.045226] ACPI: INT_SRC_OVR (bus 0 bus_irq 11 global_irq 11 high level)
[    0.045440] ACPI: Using ACPI (MADT) for SMP configuration information
[    0.045486] ACPI: HPET id: 0x8086a201 base: 0xfed00000
[    0.045782] smpboot: Allowing 1 CPUs, 0 hotplug CPUs
[    0.046864] [mem 0x08000000-0xfffbffff] available for PCI devices
[    0.046913] Booting paravirtualized kernel on bare hardware
[    0.047210] clocksource: refined-jiffies: mask: 0xffffffff max_cycles: 0xffffffff, max_idle_ns: 19112604462750000 ns
[    0.047850] setup_percpu: NR_CPUS:512 nr_cpumask_bits:1 nr_cpu_ids:1 nr_node_ids:1
[    0.049471] percpu: Embedded 48 pages/cpu s158248 r8192 d30168 u2097152
[    0.051703] Kernel command line: BOOT_IMAGE=/boot/vmlinuz root=PARTUUID=b07fe921-02 rootwait console=tty1 console=ttyS0,115200n8 noinitrd
[    0.053381] random: crng init done
[    0.058155] Dentry cache hash table entries: 16384 (order: 5, 131072 bytes, linear)
[    0.059113] Inode-cache hash table entries: 8192 (order: 4, 65536 bytes, linear)
[    0.061808] Built 1 zonelists, mobility grouping on.  Total pages: 31965
[    0.062028] mem auto-init: stack:off, heap alloc:off, heap free:off
[    0.065652] Memory: 102576K/130540K available (14336K kernel code, 1169K rwdata, 2296K rodata, 2452K init, 2408K bss, 27708K reserved, 0K cma-reserved)
[    0.071704] SLUB: HWalign=64, Order=0-3, MinObjects=0, CPUs=1, Nodes=1
[    0.079049] rcu: Hierarchical RCU implementation.
[    0.079080] rcu: 	RCU restricting CPUs from NR_CPUS=512 to nr_cpu_ids=1.
[    0.079192] 	Tracing variant of Tasks RCU enabled.
[    0.079276] rcu: RCU calculated value of scheduler-enlistment delay is 10 jiffies.
[    0.079304] rcu: Adjusting geometry for rcu_fanout_leaf=16, nr_cpu_ids=1
[    0.080440] NR_IRQS: 33024, nr_irqs: 256, preallocated irqs: 16
[    0.089063] rcu: srcu_init: Setting srcu_struct sizes based on contention.
[    0.095802] Console: colour VGA+ 80x25
[    0.096098] printk: console [tty1] enabled
[    0.104134] printk: console [ttyS0] enabled
[    0.335391] ACPI: Core revision 20230628
[    0.350407] clocksource: hpet: mask: 0xffffffff max_cycles: 0xffffffff, max_idle_ns: 19112604467 ns
[    0.355334] APIC: Switch to symmetric I/O mode setup
[    0.359852] ..TIMER: vector=0x30 apic1=0 pin1=2 apic2=-1 pin2=-1
[    0.402185] clocksource: tsc-early: mask: 0xffffffffffffffff max_cycles: 0x233fdf4f8c5, max_idle_ns: 440795226840 ns
[    0.402842] Calibrating delay loop (skipped), value calculated using timer frequency.. 4890.86 BogoMIPS (lpj=24454340)
[    0.404517] x86/cpu: User Mode Instruction Prevention (UMIP) activated
[    0.419346] Last level iTLB entries: 4KB 0, 2MB 0, 4MB 0
[    0.419734] Last level dTLB entries: 4KB 0, 2MB 0, 4MB 0, 1GB 0
[    0.423113] Spectre V1 : Mitigation: usercopy/swapgs barriers and __user pointer sanitization
[    0.424158] Spectre V2 : Mitigation: Retpolines
[    0.424483] Spectre V2 : Spectre v2 / SpectreRSB: Filling RSB on context switch and VMEXIT
[    0.425081] Speculative Store Bypass: Vulnerable
[    0.427511] x86/fpu: Supporting XSAVE feature 0x001: 'x87 floating point registers'
[    0.435129] x86/fpu: Supporting XSAVE feature 0x002: 'SSE registers'
[    0.435390] x86/fpu: Supporting XSAVE feature 0x004: 'AVX registers'
[    0.435613] x86/fpu: Supporting XSAVE feature 0x008: 'MPX bounds registers'
[    0.435878] x86/fpu: Supporting XSAVE feature 0x010: 'MPX CSR'
[    0.443092] x86/fpu: xstate_offset[2]:  576, xstate_sizes[2]:  256
[    0.443588] x86/fpu: xstate_offset[3]:  960, xstate_sizes[3]:   64
[    0.443831] x86/fpu: xstate_offset[4]: 1024, xstate_sizes[4]:   64
[    0.444068] x86/fpu: Enabled xstate features 0x1f, context size is 1088 bytes, using 'standard' format.
[    0.703401] Freeing SMP alternatives memory: 40K
[    0.704657] pid_max: default: 32768 minimum: 301
[    0.713916] Mount-cache hash table entries: 512 (order: 0, 4096 bytes, linear)
[    0.714316] Mountpoint-cache hash table entries: 512 (order: 0, 4096 bytes, linear)
[    0.862752] smpboot: CPU0: AMD QEMU TCG CPU version 2.5+ (family: 0x6, model: 0x6, stepping: 0x3)
[    0.862752] RCU Tasks Trace: Setting shift to 0 and lim to 1 rcu_task_cb_adjust=1 rcu_task_cpu_ids=1.
[    0.863091] Performance Events: PMU not available due to virtualization, using software events only.
[    0.864846] signal: max sigframe size: 1616
[    0.866364] rcu: Hierarchical SRCU implementation.
[    0.866579] rcu: 	Max phase no-delay instances is 1000.
[    0.869594] smp: Bringing up secondary CPUs ...
[    0.871548] smp: Brought up 1 node, 1 CPU
[    0.874351] smpboot: Max logical packages: 1
[    0.874622] smpboot: Total of 1 processors activated (4890.86 BogoMIPS)
[    0.892194] clocksource: jiffies: mask: 0xffffffff max_cycles: 0xffffffff, max_idle_ns: 19112604462750000 ns
[    0.893151] futex hash table entries: 256 (order: 2, 16384 bytes, linear)
[    0.894216] pinctrl core: initialized pinctrl subsystem
[    0.913804] NET: Registered PF_NETLINK/PF_ROUTE protocol family
[    0.920222] thermal_sys: Registered thermal governor 'step_wise'
[    0.920276] thermal_sys: Registered thermal governor 'user_space'
[    0.921105] cpuidle: using governor ladder
[    0.921621] cpuidle: using governor menu
[    0.924378] acpiphp: ACPI Hot Plug PCI Controller Driver version: 0.5
[    0.927035] PCI: Using configuration type 1 for base access
[    0.937566] cryptd: max_cpu_qlen set to 1000
[    0.942308] ACPI: Added _OSI(Module Device)
[    0.942496] ACPI: Added _OSI(Processor Device)
[    0.942659] ACPI: Added _OSI(Processor Aggregator Device)
[    0.957911] ACPI: 1 ACPI AML tables successfully acquired and loaded
[    0.971276] ACPI: _OSC evaluation for CPUs failed, trying _PDC
[    0.974364] ACPI: Interpreter enabled
[    0.975071] ACPI: PM: (supports S0 S5)
[    0.975293] ACPI: Using IOAPIC for interrupt routing
[    0.975872] PCI: Using host bridge windows from ACPI; if necessary, use "pci=nocrs" and report a bug
[    0.982715] PCI: Using E820 reservations for host bridge windows
[    0.984227] ACPI: Enabled 2 GPEs in block 00 to 0F
[    1.014929] ACPI: PCI Root Bridge [PCI0] (domain 0000 [bus 00-ff])
[    1.015798] acpi PNP0A03:00: _OSC: OS supports [ASPM ClockPM Segments MSI HPX-Type3]
[    1.016287] acpi PNP0A03:00: _OSC: not requesting OS control; OS requires [ExtendedConfig ASPM ClockPM MSI]
[    1.017230] acpi PNP0A03:00: fail to add MMCONFIG information, can't access extended configuration space under this bridge
[    1.027605] acpiphp: Slot [3] registered
[    1.028031] acpiphp: Slot [4] registered
[    1.028315] acpiphp: Slot [5] registered
[    1.028566] acpiphp: Slot [6] registered
[    1.033006] acpiphp: Slot [7] registered
[    1.033448] acpiphp: Slot [8] registered
[    1.033773] acpiphp: Slot [9] registered
[    1.034014] acpiphp: Slot [10] registered
[    1.034263] acpiphp: Slot [11] registered
[    1.034562] acpiphp: Slot [12] registered
[    1.044688] acpiphp: Slot [13] registered
[    1.044941] acpiphp: Slot [14] registered
[    1.045187] acpiphp: Slot [15] registered
[    1.045429] acpiphp: Slot [16] registered
[    1.045693] acpiphp: Slot [17] registered
[    1.045938] acpiphp: Slot [18] registered
[    1.053010] acpiphp: Slot [19] registered
[    1.053415] acpiphp: Slot [20] registered
[    1.053831] acpiphp: Slot [21] registered
[    1.054090] acpiphp: Slot [22] registered
[    1.054334] acpiphp: Slot [23] registered
[    1.054608] acpiphp: Slot [24] registered
[    1.054852] acpiphp: Slot [25] registered
[    1.063057] acpiphp: Slot [26] registered
[    1.063484] acpiphp: Slot [27] registered
[    1.063857] acpiphp: Slot [28] registered
[    1.064120] acpiphp: Slot [29] registered
[    1.064369] acpiphp: Slot [30] registered
[    1.064645] acpiphp: Slot [31] registered
[    1.073246] PCI host bridge to bus 0000:00
[    1.073779] pci_bus 0000:00: root bus resource [io  0x0000-0x0cf7 window]
[    1.074149] pci_bus 0000:00: root bus resource [io  0x0d00-0xffff window]
[    1.074382] pci_bus 0000:00: root bus resource [mem 0x000a0000-0x000bffff window]
[    1.082937] pci_bus 0000:00: root bus resource [mem 0x08000000-0xfebfffff window]
[    1.083387] pci_bus 0000:00: root bus resource [mem 0x100000000-0x17fffffff window]
[    1.092928] pci_bus 0000:00: root bus resource [bus 00-ff]
[    1.104225] pci 0000:00:00.0: [8086:1237] type 00 class 0x060000
[    1.108154] pci 0000:00:01.0: [8086:7000] type 00 class 0x060100
[    1.109004] pci 0000:00:01.1: [8086:7010] type 00 class 0x010180
[    1.111643] pci 0000:00:01.1: reg 0x20: [io  0xc0e0-0xc0ef]
[    1.112821] pci 0000:00:01.1: legacy IDE quirk: reg 0x10: [io  0x01f0-0x01f7]
[    1.113658] pci 0000:00:01.1: legacy IDE quirk: reg 0x14: [io  0x03f6]
[    1.114060] pci 0000:00:01.1: legacy IDE quirk: reg 0x18: [io  0x0170-0x0177]
[    1.114437] pci 0000:00:01.1: legacy IDE quirk: reg 0x1c: [io  0x0376]
[    1.123845] pci 0000:00:01.3: [8086:7113] type 00 class 0x068000
[    1.124393] pci 0000:00:01.3: quirk: [io  0x0600-0x063f] claimed by PIIX4 ACPI
[    1.124714] pci 0000:00:01.3: quirk: [io  0x0700-0x070f] claimed by PIIX4 SMB
[    1.125504] pci 0000:00:02.0: [1234:1111] type 00 class 0x030000
[    1.133566] pci 0000:00:02.0: reg 0x10: [mem 0xfd000000-0xfdffffff pref]
[    1.135066] pci 0000:00:02.0: reg 0x18: [mem 0xfeb90000-0xfeb90fff]
[    1.138532] pci 0000:00:02.0: reg 0x30: [mem 0xfeb80000-0xfeb8ffff pref]
[    1.139076] pci 0000:00:02.0: Video device with shadowed ROM at [mem 0x000c0000-0x000dffff]
[    1.143903] pci 0000:00:03.0: [1af4:1000] type 00 class 0x020000
[    1.144646] pci 0000:00:03.0: reg 0x10: [io  0xc080-0xc09f]
[    1.147294] pci 0000:00:03.0: reg 0x20: [mem 0xfe000000-0xfe003fff 64bit pref]
[    1.153587] pci 0000:00:03.0: reg 0x30: [mem 0xfea80000-0xfeafffff pref]
[    1.163420] pci 0000:00:04.0: [1af4:1005] type 00 class 0x00ff00
[    1.164257] pci 0000:00:04.0: reg 0x10: [io  0xc0a0-0xc0bf]
[    1.165041] pci 0000:00:04.0: reg 0x14: [mem 0xfeb91000-0xfeb91fff]
[    1.169852] pci 0000:00:04.0: reg 0x20: [mem 0xfe004000-0xfe007fff 64bit pref]
[    1.175139] pci 0000:00:05.0: [1af4:1000] type 00 class 0x020000
[    1.176859] pci 0000:00:05.0: reg 0x10: [io  0xc0c0-0xc0df]
[    1.177829] pci 0000:00:05.0: reg 0x14: [mem 0xfeb92000-0xfeb92fff]
[    1.180671] pci 0000:00:05.0: reg 0x20: [mem 0xfe008000-0xfe00bfff 64bit pref]
[    1.181507] pci 0000:00:05.0: reg 0x30: [mem 0xfeb00000-0xfeb7ffff pref]
[    1.185561] pci 0000:00:06.0: [1af4:1001] type 00 class 0x010000
[    1.186366] pci 0000:00:06.0: reg 0x10: [io  0xc000-0xc07f]
[    1.190684] pci 0000:00:06.0: reg 0x14: [mem 0xfeb93000-0xfeb93fff]
[    1.192428] pci 0000:00:06.0: reg 0x20: [mem 0xfe00c000-0xfe00ffff 64bit pref]
[    1.200846] ACPI: PCI: Interrupt link LNKA configured for IRQ 10
[    1.201799] ACPI: PCI: Interrupt link LNKB configured for IRQ 10
[    1.202470] ACPI: PCI: Interrupt link LNKC configured for IRQ 11
[    1.203234] ACPI: PCI: Interrupt link LNKD configured for IRQ 11
[    1.203650] ACPI: PCI: Interrupt link LNKS configured for IRQ 9
[    1.215714] iommu: Default domain type: Translated
[    1.215927] iommu: DMA domain TLB invalidation policy: lazy mode
[    1.218064] SCSI subsystem initialized
[    1.219837] ACPI: bus type USB registered
[    1.220366] usbcore: registered new interface driver usbfs
[    1.222959] usbcore: registered new interface driver hub
[    1.223445] usbcore: registered new device driver usb
[    1.223993] pps_core: LinuxPPS API ver. 1 registered
[    1.224184] pps_core: Software ver. 5.3.6 - Copyright 2005-2007 Rodolfo Giometti <giometti@linux.it>
[    1.233077] PTP clock support registered
[    1.245594] PCI: Using ACPI for IRQ routing
[    1.248567] hpet0: at MMIO 0xfed00000, IRQs 2, 8, 0
[    1.248845] hpet0: 3 comparators, 64-bit 100.000000 MHz counter
[    1.254474] clocksource: Switched to clocksource tsc-early
[    1.256899] pnp: PnP ACPI init
[    1.260918] pnp: PnP ACPI: found 6 devices
[    1.273932] clocksource: acpi_pm: mask: 0xffffff max_cycles: 0xffffff, max_idle_ns: 2085701024 ns
[    1.274833] NET: Registered PF_INET protocol family
[    1.275947] IP idents hash table entries: 2048 (order: 2, 16384 bytes, linear)
[    1.281295] tcp_listen_portaddr_hash hash table entries: 256 (order: 0, 4096 bytes, linear)
[    1.285416] Table-perturb hash table entries: 65536 (order: 6, 262144 bytes, linear)
[    1.285777] TCP established hash table entries: 1024 (order: 1, 8192 bytes, linear)
[    1.286201] TCP bind hash table entries: 1024 (order: 3, 32768 bytes, linear)
[    1.295746] TCP: Hash tables configured (established 1024 bind 1024)
[    1.297704] MPTCP token hash table entries: 256 (order: 1, 6144 bytes, linear)
[    1.298209] UDP hash table entries: 256 (order: 1, 8192 bytes, linear)
[    1.298665] UDP-Lite hash table entries: 256 (order: 1, 8192 bytes, linear)
[    1.307835] NET: Registered PF_UNIX/PF_LOCAL protocol family
[    1.308994] pci_bus 0000:00: resource 4 [io  0x0000-0x0cf7 window]
[    1.309226] pci_bus 0000:00: resource 5 [io  0x0d00-0xffff window]
[    1.309438] pci_bus 0000:00: resource 6 [mem 0x000a0000-0x000bffff window]
[    1.317413] pci_bus 0000:00: resource 7 [mem 0x08000000-0xfebfffff window]
[    1.317798] pci_bus 0000:00: resource 8 [mem 0x100000000-0x17fffffff window]
[    1.318602] pci 0000:00:01.0: PIIX3: Enabling Passive Release
[    1.318901] pci 0000:00:00.0: Limiting direct PCI/PCI transfers
[    1.328627] PCI: CLS 0 bytes, default 64
[    1.359678] workingset: timestamp_bits=46 max_order=15 bucket_order=0
[    1.362020] squashfs: version 4.0 (2009/01/31) Phillip Lougher
[    1.364463] Block layer SCSI generic (bsg) driver version 0.4 loaded (major 247)
[    1.368164] hv_vmbus: registering driver hyperv_fb
[    1.373968] input: Power Button as /devices/LNXSYSTM:00/LNXPWRBN:00/input/input0
[    1.387349] ACPI: button: Power Button [PWRF]
[    1.577333] ACPI: \_SB_.LNKC: Enabled at IRQ 11
[    1.758921] ACPI: \_SB_.LNKD: Enabled at IRQ 10
[    1.939402] ACPI: \_SB_.LNKA: Enabled at IRQ 10
[    2.119959] ACPI: \_SB_.LNKB: Enabled at IRQ 11
[    2.121869] Serial: 8250/16550 driver, 16 ports, IRQ sharing enabled
[    2.146664] 00:04: ttyS0 at I/O 0x3f8 (irq = 4, base_baud = 115200) is a 16550A
[    2.190245] Non-volatile memory driver v1.3
[    2.202117] Linux agpgart interface v0.103
[    2.202933] AMD-Vi: AMD IOMMUv2 functionality not available on this system - This is not a bug.
[    2.203774] ACPI: bus type drm_connector registered
[    2.206038] [drm] Found bochs VGA, ID 0xb0c5.
[    2.206239] [drm] Framebuffer size 16384 kB @ 0xfd000000, mmio @ 0xfeb90000.
[    2.219764] [drm] Found EDID data blob.
[    2.225218] [drm] Initialized bochs-drm 1.0.0 20130925 for 0000:00:02.0 on minor 0
[    2.294961] Console: switching to colour frame buffer device 160x50
[    2.306584] bochs-drm 0000:00:02.0: [drm] fb0: bochs-drmdrmfb frame buffer device
[    2.347214] tsc: Refined TSC clocksource calibration: 2445.417 MHz
[    2.347990] clocksource: tsc: mask: 0xffffffffffffffff max_cycles: 0x233fcf3bb47, max_idle_ns: 440795263260 ns
[    2.349319] clocksource: Switched to clocksource tsc
[    2.353020] loop: module loaded
[    2.359058] virtio_blk virtio3: 1/0/0 default/read/poll queues
[    2.364595] virtio_blk virtio3: [vda] 246784 512-byte logical blocks (126 MB/121 MiB)
[    2.373391]  vda: vda1 vda2
[    2.376723] Guest personality initialized and is inactive
[    2.377299] VMCI host device registered (name=vmci, major=10, minor=256)
[    2.377609] Initialized host personality
[    2.378554] VMware PVSCSI driver - version 1.0.7.0-k
[    2.378903] hv_vmbus: registering driver hv_storvsc
[    2.407823] scsi host0: ata_piix
[    2.410873] scsi host1: ata_piix
[    2.411902] ata1: PATA max MWDMA2 cmd 0x1f0 ctl 0x3f6 bmdma 0xc0e0 irq 14
[    2.412194] ata2: PATA max MWDMA2 cmd 0x170 ctl 0x376 bmdma 0xc0e8 irq 15
[    2.422887] VMware vmxnet3 virtual NIC driver - version 1.7.0.0-k-NAPI
[    2.423266] hv_vmbus: registering driver hv_netvsc
[    2.423266] Fusion MPT base driver 3.04.20
[    2.423266] Copyright (c) 1999-2008 LSI Corporation
[    2.423266] Fusion MPT SPI Host driver 3.04.20
[    2.433827] Fusion MPT SAS Host driver 3.04.20
[    2.436225] usbcore: registered new interface driver usb-storage
[    2.437461] i8042: PNP: PS/2 Controller [PNP0303:KBD,PNP0f13:MOU] at 0x60,0x64 irq 1,12
[    2.443508] serio: i8042 KBD port at 0x60,0x64 irq 1
[    2.446151] serio: i8042 AUX port at 0x60,0x64 irq 12
[    2.448382] hv_vmbus: registering driver hyperv_keyboard
[    2.451056] rtc_cmos 00:05: RTC can wake from S4
[    2.456307] rtc_cmos 00:05: registered as rtc0
[    2.459105] rtc_cmos 00:05: setting system clock to 2026-03-31T03:00:47 UTC (1774926047)
[    2.461548] rtc_cmos 00:05: alarms up to one day, y3k, 242 bytes nvram, hpet irqs
[    2.464596] amd_pstate: the _CPC object is not present in SBIOS or ACPI disabled
[    2.466959] sdhci: Secure Digital Host Controller Interface driver
[    2.472147] sdhci: Copyright(c) Pierre Ossman
[    2.481692] input: AT Translated Set 2 keyboard as /devices/platform/i8042/serio0/input/input1
[    2.514085] hid: raw HID events driver (C) Jiri Kosina
[    2.516713] hv_vmbus: registering driver hid_hyperv
[    2.519603] usbcore: registered new interface driver usbhid
[    2.521721] usbhid: USB HID core driver
[    2.524161] hv_utils: Registering HyperV Utility Driver
[    2.526642] hv_vmbus: registering driver hv_utils
[    2.528672] hv_vmbus: registering driver hv_balloon
[    2.532136] NET: Registered PF_INET6 protocol family
[    2.549048] Segment Routing with IPv6
[    2.551254] In-situ OAM (IOAM) with IPv6
[    2.553859] NET: Registered PF_PACKET protocol family
[    2.556493] bridge: filtering via arp/ip/ip6tables is no longer available by default. Update your scripts to load br_netfilter if you need this.
[    2.565531] 8021q: 802.1Q VLAN Support v1.8
[    2.568213] NET: Registered PF_VSOCK protocol family
[    2.577929] IPI shorthand broadcast: enabled
[    2.580129] AVX2 version of gcm_enc/dec engaged.
[    2.586480] AES CTR mode by8 optimization enabled
[    2.606835] sched_clock: Marking stable (2350081376, 253178713)->(2694020000, -90759911)
[    2.663660] ata2: found unknown device (class 0)
[    2.761366] ata2.00: ATAPI: QEMU DVD-ROM, 2.5+, max UDMA/100
[    2.777700] scsi 1:0:0:0: CD-ROM            QEMU     QEMU DVD-ROM     2.5+ PQ: 0 ANSI: 5
[    2.782092] clk: Disabling unused clocks
[    2.855079] sr 1:0:0:0: [sr0] scsi3-mmc drive: 4x/4x cd/rw xa/form2 tray
[    2.857630] cdrom: Uniform CD-ROM driver Revision: 3.20
[    2.913940] VFS: Mounted root (squashfs filesystem) readonly on device 254:2.
[    2.983288] Freeing unused kernel image (initmem) memory: 2452K
[    2.985766] Write protecting the kernel read-only data: 18432k
[    2.990288] Freeing unused kernel image (rodata/data gap) memory: 1800K
[    2.992829] Run /sbin/init as init process
[    3.233089] init: Console is alive
[    3.998947] kmodloader: loading kernel modules from /etc/modules-boot.d/*
[    4.062198] button_hotplug: loading out-of-tree module taints kernel.
[    4.069065] Button Hotplug driver version 0.4.1
[    4.092458] Intel(R) 2.5G Ethernet Linux Driver
[    4.094952] Copyright(c) 2018 Intel Corporation.
[    4.112540] igb: Intel(R) Gigabit Ethernet Network Driver
[    4.115059] igb: Copyright (c) 2007-2014 Intel Corporation.
[    4.132255] kmodloader: done loading kernel modules from /etc/modules-boot.d/*
[    4.151792] init: - preinit -
[    5.091155] 8021q: adding VLAN 0 to HW filter on device eth0
Press the [f] key and hit [enter] to enter failsafe mode
Press the [1], [2], [3] or [4] key and hit [enter] to select the debug level

[    9.774842] loop0: detected capacity change from 0 to 212992
[    9.833660] loop0: detected capacity change from 212992 to 200064
[    9.847222] mount_root: overlay filesystem in /dev/loop0 has not been formatted yet
[   10.171784] EXT4-fs (loop0): mounted filesystem 9bc89c25-a8c2-4392-9825-254209af2172 r/w with ordered data mode. Quota mode: disabled.
[   10.185633] mount_root: overlay filesystem has not been fully initialized yet
[   10.203861] mount_root: switching to ext4 overlay
[   10.227650] overlayfs: null uuid detected in lower fs '/', falling back to xino=off,index=off,nfs_export=off.
[   10.954057] EXT4-fs (vda1): mounted filesystem 84173db5-fa99-e35a-95c6-28613cc79ea9 r/w without journal. Quota mode: disabled.
[   10.978120] urandom-seed: Seed file not found (/etc/urandom.seed)
[   11.121804] procd: - early -
[   11.916309] procd: - ubus -
[   12.104307] procd: - init -
Please press Enter to activate this console.
root
login[1003]: root login on 'ttyS0'


BusyBox v1.36.1 (2026-03-17 22:48:43 UTC) built-in shell (ash)

  _______                     ________        __
 |       |.-----.-----.-----.|  |  |  |.----.|  |_
 |   -   ||  _  |  -__|     ||  |  |  ||   _||   _|
 |_______||   __|_____|__|__||________||__|  |____|
          |__| W I R E L E S S   F R E E D O M
 -----------------------------------------------------
 OpenWrt 24.10-SNAPSHOT, r29143-214a657cfa
 -----------------------------------------------------
  ___   __ __                _______             __
 |   |_|__|  |--.----.-----.|   |   |-----.-----|  |--.
 |     |  |  _  |   _|  -__||       |  -__|__ --|     |
 |_____|__|_____|__| |_____||__|_|__|_____|_____|__|__|

 ------------------------------------------------------
 LiMe master development (master rev. 7929208 20260304_1752)
 ------------------------------------------------------
 https://libremesh.org
 ------------------------------------------------------
=== WARNING! =====================================
There is no root password defined on this device!
Use the "passwd" command to set up a new password
in order to prevent unauthorized SSH logins.
--------------------------------------------------
root@(none):~# dmesg -n 1
root@(none):~# echo 'ZWNG''JLTWNC'
ZWNGJLTWNC
root@LiMe-123456:~# run() { echo -n "$MARKER"; sh -c "$@"; echo "$MARKER $?"; }
root@LiMe-123456:~# echo 'YEUV''BZTGZF'
YEUVBZTGZF
root@LiMe-123456:~# MARKER='QLYK''JWTUTK' run 'ubus wait_for network.interface.l
an'
QLYKJWTUTKQLYKJWTUTK 0
root@LiMe-123456:~# echo 'OLGW''GVKZBK'
OLGWGVKZBK
root@LiMe-123456:~# MARKER='UJMA''BWKJQK' run 'ubus call network.interface.lan s
tatus '"'"'{}'"'"''
UJMABWKJQK{
	"up": true,
	"pending": false,
	"available": true,
	"autostart": true,
	"dynamic": false,
	"uptime": 1,
	"l3_device": "br-lan",
	"proto": "static",
	"device": "br-lan",
	"updated": [
		"addresses"
	],
	"metric": 0,
	"dns_metric": 0,
	"delegation": true,
	"ipv4-address": [
		{
			"address": "10.13.52.86",
			"mask": 16
		}
	],
	"ipv6-address": [
		{
			"address": "fd0d:fe46:8ce8::12:3456",
			"mask": 64
		}
	],
	"ipv6-prefix": [
		
	],
	"ipv6-prefix-assignment": [
		
	],
	"route": [
		
	],
	"dns-server": [
		
	],
	"dns-search": [
		
	],
	"neighbors": [
		
	],
	"inactive": {
		"ipv4-address": [
			
		],
		"ipv6-address": [
			
		],
		"route": [
			
		],
		"dns-server": [
			
		],
		"dns-search": [
			
		],
		"neighbors": [
			
		]
	},
	"data": {
		
	}
}
UJMABWKJQK 0
root@LiMe-123456:~# echo 'BQLM''MGFBOL'
BQLMMGFBOL
root@LiMe-123456:~# MARKER='NEZG''ZTYKSA' run true
NEZGZTYKSANEZGZTYKSA 0
root@LiMe-123456:~# echo 'CMJZ''MGWBHB'
CMJZMGWBHB
root@LiMe-123456:~# MARKER='TSCU''FJMWFE' run 'source /etc/os-release; echo $BUI
LD_ID'
TSCUFJMWFEr29143-214a657cfa
TSCUFJMWFE 0
root@LiMe-123456:~# echo 'HOYS''NYUWWS'
HOYSNYUWWS
root@LiMe-123456:~# MARKER='XOTE''KTEHBG' run 'ls /etc/dropbear/dropbear_rsa_hos
t_key'
XOTEKTEHBG[0;0m/etc/dropbear/dropbear_rsa_host_key[m
XOTEKTEHBG 0
root@LiMe-123456:~# echo 'WALV''JZBVHS'
WALVJZBVHS
root@LiMe-123456:~# MARKER='APXA''NLVYEJ' run 'netstat -tlpn | grep 0.0.0.0:22'
APXANLVYEJnetstat: showing only processes with your user ID
tcp        0      0 0.0.0.0:22              0.0.0.0:*               LISTEN      2134/dropbear
APXANLVYEJ 0
root@LiMe-123456:~# echo 'AETH''JPAZZJ'
AETHJPAZZJ
root@LiMe-123456:~# MARKER='UULN''JPBJKV' run 'dmesg | grep br-lan | grep forwar
ding'
UULNJPBJKV[   49.023537] br-lan: port 1(eth0) entered forwarding state
[   54.265069] br-lan: port 2(bat0) entered forwarding state
UULNJPBJKV 0
root@LiMe-123456:~# echo 'AJNL''CKPFJJ'
AJNLCKPFJJ
root@LiMe-123456:~# MARKER='UGNS''ZSWWJA' run 'ubus call network.interface.lan s
tatus '"'"'{}'"'"''
UGNSZSWWJA{
	"up": true,
	"pending": false,
	"available": true,
	"autostart": true,
	"dynamic": false,
	"uptime": 8,
	"l3_device": "br-lan",
	"proto": "static",
	"device": "br-lan",
	"updated": [
		"addresses"
	],
	"metric": 0,
	"dns_metric": 0,
	"delegation": true,
	"ipv4-address": [
		{
			"address": "10.13.52.86",
			"mask": 16
		}
	],
	"ipv6-address": [
		{
			"address": "fd0d:fe46:8ce8::12:3456",
			"mask": 64
		}
	],
	"ipv6-prefix": [
		
	],
	"ipv6-prefix-assignment": [
		
	],
	"route": [
		
	],
	"dns-server": [
		
	],
	"dns-search": [
		
	],
	"neighbors": [
		
	],
	"inactive": {
		"ipv4-address": [
			
		],
		"ipv6-address": [
			
		],
		"route": [
			
		],
		"dns-server": [
			
		],
		"dns-search": [
			
		],
		"neighbors": [
			
		]
	},
	"data": {
		
	}
}
UGNSZSWWJA 0
root@LiMe-123456:~# 