Labgrid Console Logfile for main
Logfile started at 2026-03-30 22:04:14.045836
=== Log starts here ===
c[?7l[2J[0mSeaBIOS (version 1.16.3-debian-1.16.3-2)


iPXE (https://ipxe.org) 00:03.0 CA00 PCI2.10 PnP PMM+06FCAE70+06F0AE70 CA00
Press Ctrl-B to configure iPXE (PCI 00:03.0)...                                                                               




iPXE (https://ipxe.org) 00:05.0 CB00 PCI2.10 PnP PMM 06FCAE70 06F0AE70 CB00
Press Ctrl-B to configure iPXE (PCI 00:05.0)...                                                                               


Booting from Hard Disk...
GRUB loading.....
[0;30;47mWelcome to GRUB!

[01;01H[0m[2J[H[J[1;1H[?25l[m[H[J[1;1H[2;30HGNU GRUB  version 2.12

[m[4;2H+----------------------------------------------------------------------------+[5;2H|[5;79H|[6;2H|[6;79H|[7;2H|[7;79H|[8;2H|[8;79H|[9;2H|[9;79H|[10;2H|[10;79H|[11;2H|[11;79H|[12;2H|[12;79H|[13;2H|[13;79H|[14;2H|[14;79H|[15;2H|[15;79H|[16;2H+----------------------------------------------------------------------------+[m[17;2H[18;2H[m     Use the ^ and v keys to select which entry is highlighted.          
      Press enter to boot the selected OS, `e' to edit the commands       
      before booting or `c' for a command-line. ESC to return             
      previous menu.                                                      [5;80H [7m[5;3H*OpenWrt                                                                    [m[5;78H[m[m[6;3H OpenWrt (failsafe)                                                         [m[6;78H[m[m[7;3H                                                                            [m[7;78H[m[m[8;3H                                                                            [m[8;78H[m[m[9;3H                                                                            [m[9;78H[m[m[10;3H                                                                            [m[10;78H[m[m[11;3H                                                                            [m[11;78H[m[m[12;3H                                                                            [m[12;78H[m[m[13;3H                                                                            [m[13;78H[m[m[14;3H                                                                            [m[14;78H[m[m[15;3H                                                                            [m[15;78H[m[15;80H [5;78H[2J[02;30HGNU GRUB  version 2.12[04;02H┌───────────────────────────────────────[04;41H[04;42H─────────────────────────────────────┐[05;02H│[05;79H│[06;02H│[06;79H│[07;02H│[07;79H│[08;02H│[08;79H│[09;02H│[09;79H│[10;02H│[10;79H│[11;02H│[11;79H│[12;02H│[12;79H│[13;02H│[13;79H│[14;02H│[14;79H│[15;02H│[15;79H│[16;02H│[16;79H│[17;02H└────────────────────────────────────────────────────────────────────────────┘[19;02H     Use the ↑ and ↓ keys to select which entry is highlighted.          
      Press enter to boot the selected OS, `e' to edit the commands       
      before booting or `c' for a command-line. ESC to return             
      previous menu.                                                      [05;80H [05;03H[0;30;47m*OpenWrt                                                                    [06;03H[0m OpenWrt (failsafe)                                                         [07;03H                                                                            [08;03H                                                                            [09;03H                                                                            [10;03H                                                                            [11;03H                                       [11;41H[11;42H                                     [12;03H                                                                            [13;03H                                             [13;47H[13;48H                               [14;03H                                                                            [15;03H                                                                            [16;03H                                                                            [16;80H 






   The highlighted entry will be executed automatically in 5s.                [22;1H   The highlighted entry will be executed automatically in 5s.                 [5;78H [05;78H

















   The highlighted entry will be executed automatically in 4s.                [22;1H   The highlighted entry will be executed automatically in 4s.                 [5;78H [05;78H

















   The highlighted entry will be executed automatically in 3s.                [22;1H   The highlighted entry will be executed automatically in 3s.                 [5;78H [05;78H

















   The highlighted entry will be executed automatically in 2s.                [22;1H   The highlighted entry will be executed automatically in 2s.                 [5;78H [05;78H

















   The highlighted entry will be executed automatically in 1s.                [22;1H   The highlighted entry will be executed automatically in 1s.                 [5;78H [05;78H

















   The highlighted entry will be executed automatically in 0s.                [22;1H   The highlighted entry will be executed automatically in 0s.                 [5;78H [01;01H[2J[?25h[H[J[1;1H[H[J[1;1H[2J   Booting `OpenWrt' Booting `OpenWrt

'

[    0.000000] Linux version 6.6.127 (builder@buildhost) (x86_64-openwrt-linux-musl-gcc (OpenWrt GCC 13.3.0 r29143-214a657cfa) 13.3.0, GNU ld (GNU Binutils) 2.42) #0 SMP Tue Mar 17 22:48:43 2026
[    0.000000] Command line: BOOT_IMAGE=/boot/vmlinuz root=PARTUUID=b07fe921-02 rootwait console=tty1 console=ttyS0,115200n8 noinitrd
[    0.000000] BIOS-provided physical RAM map:
[    0.000000] BIOS-e820: [mem 0x0000000000000000-0x000000000009fbff] usable
[    0.000000] BIOS-e820: [mem 0x000000000009fc00-0x000000000009ffff] reserved
[    0.000000] BIOS-e820: [mem 0x00000000000f0000-0x00000000000fffff] reserved
[    0.000000] BIOS-e820: [mem 0x0000000000100000-0x0000000007fdcfff] usable
[    0.000000] BIOS-e820: [mem 0x0000000007fdd000-0x0000000007ffffff] reserved
[    0.000000] BIOS-e820: [mem 0x00000000fffc0000-0x00000000ffffffff] reserved
[    0.000000] BIOS-e820: [mem 0x000000fd00000000-0x000000ffffffffff] reserved
[    0.000000] NX (Execute Disable) protection: active
[    0.000000] APIC: Static calls initialized
[    0.000000] SMBIOS 3.0.0 present.
[    0.000000] DMI: QEMU Standard PC (i440FX + PIIX, 1996), BIOS 1.16.3-debian-1.16.3-2 04/01/2014
[    0.000000] tsc: Fast TSC calibration using PIT
[    0.000000] tsc: Detected 2445.408 MHz processor
[    0.008942] last_pfn = 0x7fdd max_arch_pfn = 0x400000000
[    0.009566] MTRR map: 4 entries (3 fixed + 1 variable; max 19), built from 8 variable MTRRs
[    0.009760] x86/PAT: Configuration [0-7]: WB  WC  UC- UC  WB  WP  UC- WT  
[    0.029797] found SMP MP-table at [mem 0x000f5460-0x000f546f]
[    0.031333] Using GB pages for direct mapping
[    0.035120] ACPI: Early table checksum verification disabled
[    0.035448] ACPI: RSDP 0x00000000000F5290 000014 (v00 BOCHS )
[    0.035753] ACPI: RSDT 0x0000000007FE1C64 000034 (v01 BOCHS  BXPC     00000001 BXPC 00000001)
[    0.036277] ACPI: FACP 0x0000000007FE1B18 000074 (v01 BOCHS  BXPC     00000001 BXPC 00000001)
[    0.036887] ACPI: DSDT 0x0000000007FE0040 001AD8 (v01 BOCHS  BXPC     00000001 BXPC 00000001)
[    0.037005] ACPI: FACS 0x0000000007FE0000 000040
[    0.037059] ACPI: APIC 0x0000000007FE1B8C 000078 (v03 BOCHS  BXPC     00000001 BXPC 00000001)
[    0.037085] ACPI: HPET 0x0000000007FE1C04 000038 (v01 BOCHS  BXPC     00000001 BXPC 00000001)
[    0.037109] ACPI: WAET 0x0000000007FE1C3C 000028 (v01 BOCHS  BXPC     00000001 BXPC 00000001)
[    0.037192] ACPI: Reserving FACP table memory at [mem 0x7fe1b18-0x7fe1b8b]
[    0.037239] ACPI: Reserving DSDT table memory at [mem 0x7fe0040-0x7fe1b17]
[    0.037247] ACPI: Reserving FACS table memory at [mem 0x7fe0000-0x7fe003f]
[    0.037253] ACPI: Reserving APIC table memory at [mem 0x7fe1b8c-0x7fe1c03]
[    0.037259] ACPI: Reserving HPET table memory at [mem 0x7fe1c04-0x7fe1c3b]
[    0.037264] ACPI: Reserving WAET table memory at [mem 0x7fe1c3c-0x7fe1c63]
[    0.040379] Zone ranges:
[    0.040415]   DMA      [mem 0x0000000000001000-0x0000000000ffffff]
[    0.040492]   DMA32    [mem 0x0000000001000000-0x0000000007fdcfff]
[    0.040504]   Normal   empty
[    0.040528] Movable zone start for each node
[    0.040556] Early memory node ranges
[    0.040587]   node   0: [mem 0x0000000000001000-0x000000000009efff]
[    0.040632]   node   0: [mem 0x0000000000100000-0x0000000007fdcfff]
[    0.040742] Initmem setup node 0 [mem 0x0000000000001000-0x0000000007fdcfff]
[    0.041595] On node 0, zone DMA: 1 pages in unavailable ranges
[    0.041964] On node 0, zone DMA: 97 pages in unavailable ranges
[    0.042999] On node 0, zone DMA32: 35 pages in unavailable ranges
[    0.043318] ACPI: PM-Timer IO Port: 0x608
[    0.043699] ACPI: LAPIC_NMI (acpi_id[0xff] dfl dfl lint[0x1])
[    0.044128] IOAPIC[0]: apic_id 0, version 32, address 0xfec00000, GSI 0-23
[    0.044244] ACPI: INT_SRC_OVR (bus 0 bus_irq 0 global_irq 2 dfl dfl)
[    0.044499] ACPI: INT_SRC_OVR (bus 0 bus_irq 5 global_irq 5 high level)
[    0.044555] ACPI: INT_SRC_OVR (bus 0 bus_irq 9 global_irq 9 high level)
[    0.044644] ACPI: INT_SRC_OVR (bus 0 bus_irq 10 global_irq 10 high level)
[    0.044657] ACPI: INT_SRC_OVR (bus 0 bus_irq 11 global_irq 11 high level)
[    0.044850] ACPI: Using ACPI (MADT) for SMP configuration information
[    0.044894] ACPI: HPET id: 0x8086a201 base: 0xfed00000
[    0.045232] smpboot: Allowing 1 CPUs, 0 hotplug CPUs
[    0.046427] [mem 0x08000000-0xfffbffff] available for PCI devices
[    0.046480] Booting paravirtualized kernel on bare hardware
[    0.046785] clocksource: refined-jiffies: mask: 0xffffffff max_cycles: 0xffffffff, max_idle_ns: 19112604462750000 ns
[    0.047443] setup_percpu: NR_CPUS:512 nr_cpumask_bits:1 nr_cpu_ids:1 nr_node_ids:1
[    0.049064] percpu: Embedded 48 pages/cpu s158248 r8192 d30168 u2097152
[    0.051338] Kernel command line: BOOT_IMAGE=/boot/vmlinuz root=PARTUUID=b07fe921-02 rootwait console=tty1 console=ttyS0,115200n8 noinitrd
[    0.053027] random: crng init done
[    0.057868] Dentry cache hash table entries: 16384 (order: 5, 131072 bytes, linear)
[    0.058843] Inode-cache hash table entries: 8192 (order: 4, 65536 bytes, linear)
[    0.061580] Built 1 zonelists, mobility grouping on.  Total pages: 31965
[    0.061803] mem auto-init: stack:off, heap alloc:off, heap free:off
[    0.065365] Memory: 102576K/130540K available (14336K kernel code, 1169K rwdata, 2296K rodata, 2452K init, 2408K bss, 27708K reserved, 0K cma-reserved)
[    0.071380] SLUB: HWalign=64, Order=0-3, MinObjects=0, CPUs=1, Nodes=1
[    0.078872] rcu: Hierarchical RCU implementation.
[    0.078922] rcu: 	RCU restricting CPUs from NR_CPUS=512 to nr_cpu_ids=1.
[    0.079041] 	Tracing variant of Tasks RCU enabled.
[    0.079126] rcu: RCU calculated value of scheduler-enlistment delay is 10 jiffies.
[    0.079155] rcu: Adjusting geometry for rcu_fanout_leaf=16, nr_cpu_ids=1
[    0.080280] NR_IRQS: 33024, nr_irqs: 256, preallocated irqs: 16
[    0.088989] rcu: srcu_init: Setting srcu_struct sizes based on contention.
[    0.095738] Console: colour VGA+ 80x25
[    0.096054] printk: console [tty1] enabled
[    0.103963] printk: console [ttyS0] enabled
[    0.336894] ACPI: Core revision 20230628
[    0.352163] clocksource: hpet: mask: 0xffffffff max_cycles: 0xffffffff, max_idle_ns: 19112604467 ns
[    0.357035] APIC: Switch to symmetric I/O mode setup
[    0.361551] ..TIMER: vector=0x30 apic1=0 pin1=2 apic2=-1 pin2=-1
[    0.403975] clocksource: tsc-early: mask: 0xffffffffffffffff max_cycles: 0x233fc6bd520, max_idle_ns: 440795230742 ns
[    0.404643] Calibrating delay loop (skipped), value calculated using timer frequency.. 4890.81 BogoMIPS (lpj=24454080)
[    0.406333] x86/cpu: User Mode Instruction Prevention (UMIP) activated
[    0.421216] Last level iTLB entries: 4KB 0, 2MB 0, 4MB 0
[    0.421606] Last level dTLB entries: 4KB 0, 2MB 0, 4MB 0, 1GB 0
[    0.424813] Spectre V1 : Mitigation: usercopy/swapgs barriers and __user pointer sanitization
[    0.425570] Spectre V2 : Mitigation: Retpolines
[    0.426390] Spectre V2 : Spectre v2 / SpectreRSB: Filling RSB on context switch and VMEXIT
[    0.426996] Speculative Store Bypass: Vulnerable
[    0.429450] x86/fpu: Supporting XSAVE feature 0x001: 'x87 floating point registers'
[    0.433925] x86/fpu: Supporting XSAVE feature 0x002: 'SSE registers'
[    0.435723] x86/fpu: Supporting XSAVE feature 0x004: 'AVX registers'
[    0.435961] x86/fpu: Supporting XSAVE feature 0x008: 'MPX bounds registers'
[    0.436233] x86/fpu: Supporting XSAVE feature 0x010: 'MPX CSR'
[    0.444924] x86/fpu: xstate_offset[2]:  576, xstate_sizes[2]:  256
[    0.445396] x86/fpu: xstate_offset[3]:  960, xstate_sizes[3]:   64
[    0.445627] x86/fpu: xstate_offset[4]: 1024, xstate_sizes[4]:   64
[    0.445903] x86/fpu: Enabled xstate features 0x1f, context size is 1088 bytes, using 'standard' format.
[    0.741379] Freeing SMP alternatives memory: 40K
[    0.742623] pid_max: default: 32768 minimum: 301
[    0.751835] Mount-cache hash table entries: 512 (order: 0, 4096 bytes, linear)
[    0.752223] Mountpoint-cache hash table entries: 512 (order: 0, 4096 bytes, linear)
[    0.901134] smpboot: CPU0: AMD QEMU TCG CPU version 2.5+ (family: 0x6, model: 0x6, stepping: 0x3)
[    0.904552] RCU Tasks Trace: Setting shift to 0 and lim to 1 rcu_task_cb_adjust=1 rcu_task_cpu_ids=1.
[    0.904552] Performance Events: PMU not available due to virtualization, using software events only.
[    0.906726] signal: max sigframe size: 1616
[    0.908319] rcu: Hierarchical SRCU implementation.
[    0.908566] rcu: 	Max phase no-delay instances is 1000.
[    0.911668] smp: Bringing up secondary CPUs ...
[    0.913648] smp: Brought up 1 node, 1 CPU
[    0.916815] smpboot: Max logical packages: 1
[    0.917120] smpboot: Total of 1 processors activated (4890.81 BogoMIPS)
[    0.935266] clocksource: jiffies: mask: 0xffffffff max_cycles: 0xffffffff, max_idle_ns: 19112604462750000 ns
[    0.936141] futex hash table entries: 256 (order: 2, 16384 bytes, linear)
[    0.937217] pinctrl core: initialized pinctrl subsystem
[    0.956952] NET: Registered PF_NETLINK/PF_ROUTE protocol family
[    0.963822] thermal_sys: Registered thermal governor 'step_wise'
[    0.963861] thermal_sys: Registered thermal governor 'user_space'
[    0.964928] cpuidle: using governor ladder
[    0.965436] cpuidle: using governor menu
[    0.969101] acpiphp: ACPI Hot Plug PCI Controller Driver version: 0.5
[    0.971889] PCI: Using configuration type 1 for base access
[    0.981386] cryptd: max_cpu_qlen set to 1000
[    0.986804] ACPI: Added _OSI(Module Device)
[    0.987016] ACPI: Added _OSI(Processor Device)
[    0.987186] ACPI: Added _OSI(Processor Aggregator Device)
[    1.002120] ACPI: 1 ACPI AML tables successfully acquired and loaded
[    1.017240] ACPI: _OSC evaluation for CPUs failed, trying _PDC
[    1.019418] ACPI: Interpreter enabled
[    1.020180] ACPI: PM: (supports S0 S5)
[    1.020396] ACPI: Using IOAPIC for interrupt routing
[    1.021085] PCI: Using host bridge windows from ACPI; if necessary, use "pci=nocrs" and report a bug
[    1.024965] PCI: Using E820 reservations for host bridge windows
[    1.026889] ACPI: Enabled 2 GPEs in block 00 to 0F
[    1.061673] ACPI: PCI Root Bridge [PCI0] (domain 0000 [bus 00-ff])
[    1.062635] acpi PNP0A03:00: _OSC: OS supports [ASPM ClockPM Segments MSI HPX-Type3]
[    1.063116] acpi PNP0A03:00: _OSC: not requesting OS control; OS requires [ExtendedConfig ASPM ClockPM MSI]
[    1.063987] acpi PNP0A03:00: fail to add MMCONFIG information, can't access extended configuration space under this bridge
[    1.078009] acpiphp: Slot [3] registered
[    1.078479] acpiphp: Slot [4] registered
[    1.078775] acpiphp: Slot [5] registered
[    1.079027] acpiphp: Slot [6] registered
[    1.083988] acpiphp: Slot [7] registered
[    1.084439] acpiphp: Slot [8] registered
[    1.084749] acpiphp: Slot [9] registered
[    1.085041] acpiphp: Slot [10] registered
[    1.085293] acpiphp: Slot [11] registered
[    1.085574] acpiphp: Slot [12] registered
[    1.096390] acpiphp: Slot [13] registered
[    1.096655] acpiphp: Slot [14] registered
[    1.096913] acpiphp: Slot [15] registered
[    1.097158] acpiphp: Slot [16] registered
[    1.097426] acpiphp: Slot [17] registered
[    1.097683] acpiphp: Slot [18] registered
[    1.104883] acpiphp: Slot [19] registered
[    1.105323] acpiphp: Slot [20] registered
[    1.105576] acpiphp: Slot [21] registered
[    1.105827] acpiphp: Slot [22] registered
[    1.106104] acpiphp: Slot [23] registered
[    1.106364] acpiphp: Slot [24] registered
[    1.114953] acpiphp: Slot [25] registered
[    1.115426] acpiphp: Slot [26] registered
[    1.115691] acpiphp: Slot [27] registered
[    1.115966] acpiphp: Slot [28] registered
[    1.116218] acpiphp: Slot [29] registered
[    1.116465] acpiphp: Slot [30] registered
[    1.116710] acpiphp: Slot [31] registered
[    1.125164] PCI host bridge to bus 0000:00
[    1.125525] pci_bus 0000:00: root bus resource [io  0x0000-0x0cf7 window]
[    1.126049] pci_bus 0000:00: root bus resource [io  0x0d00-0xffff window]
[    1.126290] pci_bus 0000:00: root bus resource [mem 0x000a0000-0x000bffff window]
[    1.134758] pci_bus 0000:00: root bus resource [mem 0x08000000-0xfebfffff window]
[    1.135100] pci_bus 0000:00: root bus resource [mem 0x100000000-0x17fffffff window]
[    1.135575] pci_bus 0000:00: root bus resource [bus 00-ff]
[    1.146172] pci 0000:00:00.0: [8086:1237] type 00 class 0x060000
[    1.156695] pci 0000:00:01.0: [8086:7000] type 00 class 0x060100
[    1.157578] pci 0000:00:01.1: [8086:7010] type 00 class 0x010180
[    1.160216] pci 0000:00:01.1: reg 0x20: [io  0xc0e0-0xc0ef]
[    1.161431] pci 0000:00:01.1: legacy IDE quirk: reg 0x10: [io  0x01f0-0x01f7]
[    1.162224] pci 0000:00:01.1: legacy IDE quirk: reg 0x14: [io  0x03f6]
[    1.162625] pci 0000:00:01.1: legacy IDE quirk: reg 0x18: [io  0x0170-0x0177]
[    1.162890] pci 0000:00:01.1: legacy IDE quirk: reg 0x1c: [io  0x0376]
[    1.165783] pci 0000:00:01.3: [8086:7113] type 00 class 0x068000
[    1.175043] pci 0000:00:01.3: quirk: [io  0x0600-0x063f] claimed by PIIX4 ACPI
[    1.175349] pci 0000:00:01.3: quirk: [io  0x0700-0x070f] claimed by PIIX4 SMB
[    1.176205] pci 0000:00:02.0: [1234:1111] type 00 class 0x030000
[    1.184849] pci 0000:00:02.0: reg 0x10: [mem 0xfd000000-0xfdffffff pref]
[    1.186403] pci 0000:00:02.0: reg 0x18: [mem 0xfeb90000-0xfeb90fff]
[    1.189995] pci 0000:00:02.0: reg 0x30: [mem 0xfeb80000-0xfeb8ffff pref]
[    1.190572] pci 0000:00:02.0: Video device with shadowed ROM at [mem 0x000c0000-0x000dffff]
[    1.195707] pci 0000:00:03.0: [1af4:1000] type 00 class 0x020000
[    1.196499] pci 0000:00:03.0: reg 0x10: [io  0xc080-0xc09f]
[    1.200159] pci 0000:00:03.0: reg 0x20: [mem 0xfe000000-0xfe003fff 64bit pref]
[    1.205463] pci 0000:00:03.0: reg 0x30: [mem 0xfea80000-0xfeafffff pref]
[    1.210884] pci 0000:00:04.0: [1af4:1005] type 00 class 0x00ff00
[    1.211752] pci 0000:00:04.0: reg 0x10: [io  0xc0a0-0xc0bf]
[    1.212601] pci 0000:00:04.0: reg 0x14: [mem 0xfeb91000-0xfeb91fff]
[    1.217300] pci 0000:00:04.0: reg 0x20: [mem 0xfe004000-0xfe007fff 64bit pref]
[    1.227199] pci 0000:00:05.0: [1af4:1000] type 00 class 0x020000
[    1.228209] pci 0000:00:05.0: reg 0x10: [io  0xc0c0-0xc0df]
[    1.229058] pci 0000:00:05.0: reg 0x14: [mem 0xfeb92000-0xfeb92fff]
[    1.231074] pci 0000:00:05.0: reg 0x20: [mem 0xfe008000-0xfe00bfff 64bit pref]
[    1.231993] pci 0000:00:05.0: reg 0x30: [mem 0xfeb00000-0xfeb7ffff pref]
[    1.239005] pci 0000:00:06.0: [1af4:1001] type 00 class 0x010000
[    1.244578] pci 0000:00:06.0: reg 0x10: [io  0xc000-0xc07f]
[    1.245427] pci 0000:00:06.0: reg 0x14: [mem 0xfeb93000-0xfeb93fff]
[    1.247788] pci 0000:00:06.0: reg 0x20: [mem 0xfe00c000-0xfe00ffff 64bit pref]
[    1.258948] ACPI: PCI: Interrupt link LNKA configured for IRQ 10
[    1.259810] ACPI: PCI: Interrupt link LNKB configured for IRQ 10
[    1.260446] ACPI: PCI: Interrupt link LNKC configured for IRQ 11
[    1.261103] ACPI: PCI: Interrupt link LNKD configured for IRQ 11
[    1.262638] ACPI: PCI: Interrupt link LNKS configured for IRQ 9
[    1.266349] iommu: Default domain type: Translated
[    1.266586] iommu: DMA domain TLB invalidation policy: lazy mode
[    1.268789] SCSI subsystem initialized
[    1.270546] ACPI: bus type USB registered
[    1.273259] usbcore: registered new interface driver usbfs
[    1.273984] usbcore: registered new interface driver hub
[    1.274350] usbcore: registered new device driver usb
[    1.274971] pps_core: LinuxPPS API ver. 1 registered
[    1.275174] pps_core: Software ver. 5.3.6 - Copyright 2005-2007 Rodolfo Giometti <giometti@linux.it>
[    1.284220] PTP clock support registered
[    1.296704] PCI: Using ACPI for IRQ routing
[    1.299932] hpet0: at MMIO 0xfed00000, IRQs 2, 8, 0
[    1.300225] hpet0: 3 comparators, 64-bit 100.000000 MHz counter
[    1.306469] clocksource: Switched to clocksource tsc-early
[    1.308940] pnp: PnP ACPI init
[    1.313139] pnp: PnP ACPI: found 6 devices
[    1.326476] clocksource: acpi_pm: mask: 0xffffff max_cycles: 0xffffff, max_idle_ns: 2085701024 ns
[    1.327424] NET: Registered PF_INET protocol family
[    1.328557] IP idents hash table entries: 2048 (order: 2, 16384 bytes, linear)
[    1.333898] tcp_listen_portaddr_hash hash table entries: 256 (order: 0, 4096 bytes, linear)
[    1.337518] Table-perturb hash table entries: 65536 (order: 6, 262144 bytes, linear)
[    1.337902] TCP established hash table entries: 1024 (order: 1, 8192 bytes, linear)
[    1.338365] TCP bind hash table entries: 1024 (order: 3, 32768 bytes, linear)
[    1.348338] TCP: Hash tables configured (established 1024 bind 1024)
[    1.350255] MPTCP token hash table entries: 256 (order: 1, 6144 bytes, linear)
[    1.350765] UDP hash table entries: 256 (order: 1, 8192 bytes, linear)
[    1.351232] UDP-Lite hash table entries: 256 (order: 1, 8192 bytes, linear)
[    1.360439] NET: Registered PF_UNIX/PF_LOCAL protocol family
[    1.361626] pci_bus 0000:00: resource 4 [io  0x0000-0x0cf7 window]
[    1.361858] pci_bus 0000:00: resource 5 [io  0x0d00-0xffff window]
[    1.362096] pci_bus 0000:00: resource 6 [mem 0x000a0000-0x000bffff window]
[    1.369819] pci_bus 0000:00: resource 7 [mem 0x08000000-0xfebfffff window]
[    1.370201] pci_bus 0000:00: resource 8 [mem 0x100000000-0x17fffffff window]
[    1.371030] pci 0000:00:01.0: PIIX3: Enabling Passive Release
[    1.371335] pci 0000:00:00.0: Limiting direct PCI/PCI transfers
[    1.381035] PCI: CLS 0 bytes, default 64
[    1.414045] workingset: timestamp_bits=46 max_order=15 bucket_order=0
[    1.416161] squashfs: version 4.0 (2009/01/31) Phillip Lougher
[    1.418632] Block layer SCSI generic (bsg) driver version 0.4 loaded (major 247)
[    1.422252] hv_vmbus: registering driver hyperv_fb
[    1.429455] input: Power Button as /devices/LNXSYSTM:00/LNXPWRBN:00/input/input0
[    1.443195] ACPI: button: Power Button [PWRF]
[    1.632396] ACPI: \_SB_.LNKC: Enabled at IRQ 11
[    1.817752] ACPI: \_SB_.LNKD: Enabled at IRQ 10
[    1.999210] ACPI: \_SB_.LNKA: Enabled at IRQ 10
[    2.182430] ACPI: \_SB_.LNKB: Enabled at IRQ 11
[    2.185578] Serial: 8250/16550 driver, 16 ports, IRQ sharing enabled
[    2.212294] 00:04: ttyS0 at I/O 0x3f8 (irq = 4, base_baud = 115200) is a 16550A
[    2.257601] Non-volatile memory driver v1.3
[    2.269943] Linux agpgart interface v0.103
[    2.270884] AMD-Vi: AMD IOMMUv2 functionality not available on this system - This is not a bug.
[    2.271515] ACPI: bus type drm_connector registered
[    2.273812] [drm] Found bochs VGA, ID 0xb0c5.
[    2.274036] [drm] Framebuffer size 16384 kB @ 0xfd000000, mmio @ 0xfeb90000.
[    2.288538] [drm] Found EDID data blob.
[    2.294149] [drm] Initialized bochs-drm 1.0.0 20130925 for 0000:00:02.0 on minor 0
[    2.364436] Console: switching to colour frame buffer device 160x50
[    2.374113] bochs-drm 0000:00:02.0: [drm] fb0: bochs-drmdrmfb frame buffer device
[    2.415507] loop: module loaded
[    2.416367] virtio_blk virtio3: 1/0/0 default/read/poll queues
[    2.421870] virtio_blk virtio3: [vda] 246784 512-byte logical blocks (126 MB/121 MiB)
[    2.430847]  vda: vda1 vda2
[    2.431887] tsc: Refined TSC clocksource calibration: 2445.409 MHz
[    2.432491] clocksource: tsc: mask: 0xffffffffffffffff max_cycles: 0x233fc7f3f21, max_idle_ns: 440795317890 ns
[    2.433036] clocksource: Switched to clocksource tsc
[    2.436823] Guest personality initialized and is inactive
[    2.442148] VMCI host device registered (name=vmci, major=10, minor=256)
[    2.442425] Initialized host personality
[    2.443428] VMware PVSCSI driver - version 1.0.7.0-k
[    2.443758] hv_vmbus: registering driver hv_storvsc
[    2.476557] scsi host0: ata_piix
[    2.479676] scsi host1: ata_piix
[    2.480709] ata1: PATA max MWDMA2 cmd 0x1f0 ctl 0x3f6 bmdma 0xc0e0 irq 14
[    2.481041] ata2: PATA max MWDMA2 cmd 0x170 ctl 0x376 bmdma 0xc0e8 irq 15
[    2.491732] VMware vmxnet3 virtual NIC driver - version 1.7.0.0-k-NAPI
[    2.492403] hv_vmbus: registering driver hv_netvsc
[    2.492777] Fusion MPT base driver 3.04.20
[    2.492937] Copyright (c) 1999-2008 LSI Corporation
[    2.493344] Fusion MPT SPI Host driver 3.04.20
[    2.503039] Fusion MPT SAS Host driver 3.04.20
[    2.505403] usbcore: registered new interface driver usb-storage
[    2.506770] i8042: PNP: PS/2 Controller [PNP0303:KBD,PNP0f13:MOU] at 0x60,0x64 irq 1,12
[    2.513097] serio: i8042 KBD port at 0x60,0x64 irq 1
[    2.516109] serio: i8042 AUX port at 0x60,0x64 irq 12
[    2.518383] hv_vmbus: registering driver hyperv_keyboard
[    2.520918] rtc_cmos 00:05: RTC can wake from S4
[    2.526341] rtc_cmos 00:05: registered as rtc0
[    2.529241] rtc_cmos 00:05: setting system clock to 2026-03-30T22:04:24 UTC (1774908264)
[    2.531735] rtc_cmos 00:05: alarms up to one day, y3k, 242 bytes nvram, hpet irqs
[    2.534789] amd_pstate: the _CPC object is not present in SBIOS or ACPI disabled
[    2.540438] sdhci: Secure Digital Host Controller Interface driver
[    2.542549] sdhci: Copyright(c) Pierre Ossman
[    2.552273] input: AT Translated Set 2 keyboard as /devices/platform/i8042/serio0/input/input1
[    2.585714] hid: raw HID events driver (C) Jiri Kosina
[    2.588577] hv_vmbus: registering driver hid_hyperv
[    2.591501] usbcore: registered new interface driver usbhid
[    2.593734] usbhid: USB HID core driver
[    2.596736] hv_utils: Registering HyperV Utility Driver
[    2.599033] hv_vmbus: registering driver hv_utils
[    2.601103] hv_vmbus: registering driver hv_balloon
[    2.604581] NET: Registered PF_INET6 protocol family
[    2.622312] Segment Routing with IPv6
[    2.624760] In-situ OAM (IOAM) with IPv6
[    2.627509] NET: Registered PF_PACKET protocol family
[    2.630207] bridge: filtering via arp/ip/ip6tables is no longer available by default. Update your scripts to load br_netfilter if you need this.
[    2.640093] 8021q: 802.1Q VLAN Support v1.8
[    2.643005] NET: Registered PF_VSOCK protocol family
[    2.653681] IPI shorthand broadcast: enabled
[    2.656296] AVX2 version of gcm_enc/dec engaged.
[    2.663082] AES CTR mode by8 optimization enabled
[    2.683888] sched_clock: Marking stable (2420078058, 255069831)->(2702097789, -26949900)
[    2.735601] ata2: found unknown device (class 0)
[    2.829477] ata2.00: ATAPI: QEMU DVD-ROM, 2.5+, max UDMA/100
[    2.846326] scsi 1:0:0:0: CD-ROM            QEMU     QEMU DVD-ROM     2.5+ PQ: 0 ANSI: 5
[    2.851068] clk: Disabling unused clocks
[    2.927295] sr 1:0:0:0: [sr0] scsi3-mmc drive: 4x/4x cd/rw xa/form2 tray
[    2.929924] cdrom: Uniform CD-ROM driver Revision: 3.20
[    2.986873] VFS: Mounted root (squashfs filesystem) readonly on device 254:2.
[    3.056923] Freeing unused kernel image (initmem) memory: 2452K
[    3.059479] Write protecting the kernel read-only data: 18432k
[    3.063973] Freeing unused kernel image (rodata/data gap) memory: 1800K
[    3.066622] Run /sbin/init as init process
[    3.315771] init: Console is alive
[    4.102934] kmodloader: loading kernel modules from /etc/modules-boot.d/*
[    4.172625] button_hotplug: loading out-of-tree module taints kernel.
[    4.179864] Button Hotplug driver version 0.4.1
[    4.205251] Intel(R) 2.5G Ethernet Linux Driver
[    4.207698] Copyright(c) 2018 Intel Corporation.
[    4.226867] igb: Intel(R) Gigabit Ethernet Network Driver
[    4.229392] igb: Copyright (c) 2007-2014 Intel Corporation.
[    4.245900] kmodloader: done loading kernel modules from /etc/modules-boot.d/*
[    4.261770] init: - preinit -
[    5.242312] 8021q: adding VLAN 0 to HW filter on device eth0
Press the [f] key and hit [enter] to enter failsafe mode
Press the [1], [2], [3] or [4] key and hit [enter] to select the debug level
[    9.972002] loop0: detected capacity change from 0 to 212992
[   10.035712] loop0: detected capacity change from 212992 to 200064
[   10.050199] mount_root: overlay filesystem in /dev/loop0 has not been formatted yet
[   10.381459] EXT4-fs (loop0): mounted filesystem 88aeb2d2-7963-4d2f-b0fa-20162702a797 r/w with ordered data mode. Quota mode: disabled.
[   10.395905] mount_root: overlay filesystem has not been fully initialized yet
[   10.415007] mount_root: switching to ext4 overlay
[   10.440601] overlayfs: null uuid detected in lower fs '/', falling back to xino=off,index=off,nfs_export=off.
[   11.213781] EXT4-fs (vda1): mounted filesystem 84173db5-fa99-e35a-95c6-28613cc79ea9 r/w without journal. Quota mode: disabled.
[   11.239211] urandom-seed: Seed file not found (/etc/urandom.seed)
[   11.387692] procd: - early -
[   12.194950] procd: - ubus -
[   12.379367] procd: - init -
Please press Enter to activate this console.
root
login[1001]: root login on 'ttyS0'


BusyBox v1.36.1 (2026-03-17 22:48:43 UTC) built-in shell (ash)

  _______                     ________        __
 |       |.-----.-----.-----.|  |  |  |.----.|  |_
 |   -   ||  _  |  -__|     ||  |  |  ||   _||   _|
 |_______||   __|_____|__|__||________||__|  |____|
          |__| W I R E L E S S   F R E E D O M
 -----------------------------------------------------
 OpenWrt 24.10-SNAPSHOT, r29143-214a657cfa
 -----------------------------------------------------
  ___   __ __                _______             __
 |   |_|__|  |--.----.-----.|   |   |-----.-----|  |--.
 |     |  |  _  |   _|  -__||       |  -__|__ --|     |
 |_____|__|_____|__| |_____||__|_|__|_____|_____|__|__|

 ------------------------------------------------------
 LiMe master development (master rev. 7929208 20260304_1752)
 ------------------------------------------------------
 https://libremesh.org
 ------------------------------------------------------
=== WARNING! =====================================
There is no root password defined on this device!
Use the "passwd" command to set up a new password
in order to prevent unauthorized SSH logins.
--------------------------------------------------
root@(none):~# dmesg -n 1
root@(none):~# echo 'CWLT''ATCMGZ'
CWLTATCMGZ
root@(none):~# run() { echo -n "$MARKER"; sh -c "$@"; echo "$MARKER $?"; }
root@(none):~# echo 'MFUU''FUZEWC'
MFUUFUZEWC
root@(none):~# MARKER='NMZQ''ZYACPT' run 'ubus wait_for network.interface.lan'
NMZQZYACPT