Labgrid Console Logfile for main
Logfile started at 2026-04-15 03:32:50.634133
=== Log starts here ===
c[?7l[2J[0mSeaBIOS (version 1.16.3-debian-1.16.3-2)


iPXE (https://ipxe.org) 00:03.0 CA00 PCI2.10 PnP PMM+06FCAE70+06F0AE70 CA00
Press Ctrl-B to configure iPXE (PCI 00:03.0)...                                                                               




iPXE (https://ipxe.org) 00:05.0 CB00 PCI2.10 PnP PMM 06FCAE70 06F0AE70 CB00
Press Ctrl-B to configure iPXE (PCI 00:05.0)...                                                                               


Booting from Hard Disk...
GRUB loading.....
[0;30;47mWelcome to GRUB![01;01H[0m[2J[H[J[1;1H[?25l[m[H[J[1;1H[2;30HGNU GRUB  version 2.12

[m[4;2H+----------------------------------------------------------------------------+[5;2H|[5;79H|[6;2H|[6;79H|[7;2H|[7;79H|[8;2H|[8;79H|[9;2H|[9;79H|[10;2H|[10;79H|[11;2H|[11;79H|[12;2H|[12;79H|[13;2H|[13;79H|[14;2H|[14;79H|[15;2H|[15;79H|[16;2H+----------------------------------------------------------------------------+[m[17;2H[18;2H[m     Use the ^ and v keys to select which entry is highlighted.          
      Press enter to boot the selected OS, `e' to edit the commands       
      before booting or `c' for a command-line. ESC to return             
      previous menu.                                                      [5;80H [7m[5;3H*OpenWrt                                                                    [m[5;78H[m[m[6;3H OpenWrt (failsafe)                                                         [m[6;78H[m[m[7;3H                                                                            [m[7;78H[m[m[8;3H                                                                            [m[8;78H[m[m[9;3H                                                                            [m[9;78H[m[m[10;3H                                                                            [m[10;78H[m[m[11;3H                                                                            [m[11;78H[m[m[12;3H                                                                            [m[12;78H[m[m[13;3H                                                                            [m[13;78H[m[m[14;3H                                                                            [m[14;78H[m[m[15;3H                                                                            [m[15;78H[m[15;80H [5;78H[2J[02;30HGNU GRUB  version 2.12[04;02H┌────────────────────────────────────────────────────────────────────────────┐[05;02H│[05;79H│[06;02H│[06;79H│[07;02H│[07;79H│[08;02H│[08;79H│[09;02H│[09;79H│[10;02H│[10;79H│[11;02H│[11;79H│[12;02H│[12;79H│[13;02H│[13;79H│[14;02H│[14;79H│[15;02H│[15;79H│[16;02H│[16;79H│[17;02H└──────────────────────────────────────────────────────────────[17;64H[17;65H──────────────┘[19;02H     Use the ↑ and ↓ keys to select which entry is highlighted.          
      Press enter to boot the selected OS, `e' to edit the commands       
      before booting or `c' for a command-line. ESC to return             
      previous menu.                                                      [05;80H [05;03H[0;30;47m*OpenWrt                                                                    [06;03H[0m OpenWrt (failsafe)                                                         [07;03H                                                                            [08;03H                                                                            [09;03H               [09;17H[09;18H                                                             [10;03H                                                                            [11;03H                                                                           [11;77H[11;78H [12;03H                                                                            [13;03H                                                                            [14;03H                                                                            [15;03H                                                                            [16;03H                                                                            [16;80H 






   The highlighted entry will be exe[23;36H[23;37Hcuted automatically in 5s.                [22;1H   The highlighted entry will be executed automatically in 5s.                 [5;78H [05;78H

















   The highlighted entry will be executed automatically in 4s.                [22;1H   The highlighted entry will be executed automatically in 4s.                 [5;78H [05;78H

















   The highlighted entry will be executed automatically in 3s.                [22;1H   The highlighted entry will be executed automatically in 3s.                 [5;78H [05;78H

















   The highlighted entry will be executed automatically in 2s.                [22;1H   The highlighted entry will be executed automatically in 2s.                 [5;78H [05;78H

















   The highlighted entry will be executed automatically in 1s.          [23;72H[23;73H      [22;1H   The highlighted entry will be executed automatically in 1s.                 [5;78H [05;78H

















   The highlighted entry wi[23;27H[23;28Hll be executed automatically in 0s.                [22;1H   The highlighted entry will be executed automatically in 0s.                 [5;78H [01;01H[2J[?25h[H[J[1;1H[H[J[1;1H[2J   Booting `OpenWrt' Booting `OpenWrt

'

[    0.000000] Linux version 6.6.133 (builder@buildhost) (x86_64-openwrt-linux-musl-gcc (OpenWrt GCC 13.3.0 r29157-44df9972d5) 13.3.0, GNU ld (GNU Binutils) 2.42) #0 SMP Sun Apr 12 18:14:18 2026
[    0.000000] Command line: BOOT_IMAGE=/boot/vmlinuz root=PARTUUID=9c236c87-02 rootwait console=tty1 console=ttyS0,115200n8 noinitrd
[    0.000000] BIOS-provided physical RAM map:
[    0.000000] BIOS-e820: [mem 0x0000000000000000-0x000000000009fbff] usable
[    0.000000] BIOS-e820: [mem 0x000000000009fc00-0x000000000009ffff] reserved
[    0.000000] BIOS-e820: [mem 0x00000000000f0000-0x00000000000fffff] reserved
[    0.000000] BIOS-e820: [mem 0x0000000000100000-0x0000000007fdcfff] usable
[    0.000000] BIOS-e820: [mem 0x0000000007fdd000-0x0000000007ffffff] reserved
[    0.000000] BIOS-e820: [mem 0x00000000fffc0000-0x00000000ffffffff] reserved
[    0.000000] BIOS-e820: [mem 0x000000fd00000000-0x000000ffffffffff] reserved
[    0.000000] NX (Execute Disable) protection: active
[    0.000000] APIC: Static calls initialized
[    0.000000] SMBIOS 3.0.0 present.
[    0.000000] DMI: QEMU Standard PC (i440FX + PIIX, 1996), BIOS 1.16.3-debian-1.16.3-2 04/01/2014
[    0.000000] tsc: Fast TSC calibration using PIT
[    0.000000] tsc: Detected 2596.061 MHz processor
[    0.007147] last_pfn = 0x7fdd max_arch_pfn = 0x400000000
[    0.007634] MTRR map: 4 entries (3 fixed + 1 variable; max 19), built from 8 variable MTRRs
[    0.007782] x86/PAT: Configuration [0-7]: WB  WC  UC- UC  WB  WP  UC- WT  
[    0.022060] found SMP MP-table at [mem 0x000f5460-0x000f546f]
[    0.023128] Using GB pages for direct mapping
[    0.026055] ACPI: Early table checksum verification disabled
[    0.026315] ACPI: RSDP 0x00000000000F5290 000014 (v00 BOCHS )
[    0.026548] ACPI: RSDT 0x0000000007FE1C64 000034 (v01 BOCHS  BXPC     00000001 BXPC 00000001)
[    0.026939] ACPI: FACP 0x0000000007FE1B18 000074 (v01 BOCHS  BXPC     00000001 BXPC 00000001)
[    0.027438] ACPI: DSDT 0x0000000007FE0040 001AD8 (v01 BOCHS  BXPC     00000001 BXPC 00000001)
[    0.027509] ACPI: FACS 0x0000000007FE0000 000040
[    0.027546] ACPI: APIC 0x0000000007FE1B8C 000078 (v03 BOCHS  BXPC     00000001 BXPC 00000001)
[    0.027565] ACPI: HPET 0x0000000007FE1C04 000038 (v01 BOCHS  BXPC     00000001 BXPC 00000001)
[    0.027583] ACPI: WAET 0x0000000007FE1C3C 000028 (v01 BOCHS  BXPC     00000001 BXPC 00000001)
[    0.027648] ACPI: Reserving FACP table memory at [mem 0x7fe1b18-0x7fe1b8b]
[    0.027687] ACPI: Reserving DSDT table memory at [mem 0x7fe0040-0x7fe1b17]
[    0.027693] ACPI: Reserving FACS table memory at [mem 0x7fe0000-0x7fe003f]
[    0.027698] ACPI: Reserving APIC table memory at [mem 0x7fe1b8c-0x7fe1c03]
[    0.027703] ACPI: Reserving HPET table memory at [mem 0x7fe1c04-0x7fe1c3b]
[    0.027707] ACPI: Reserving WAET table memory at [mem 0x7fe1c3c-0x7fe1c63]
[    0.030221] Zone ranges:
[    0.030246]   DMA      [mem 0x0000000000001000-0x0000000000ffffff]
[    0.030304]   DMA32    [mem 0x0000000001000000-0x0000000007fdcfff]
[    0.030313]   Normal   empty
[    0.030331] Movable zone start for each node
[    0.030352] Early memory node ranges
[    0.030375]   node   0: [mem 0x0000000000001000-0x000000000009efff]
[    0.030410]   node   0: [mem 0x0000000000100000-0x0000000007fdcfff]
[    0.030495] Initmem setup node 0 [mem 0x0000000000001000-0x0000000007fdcfff]
[    0.031147] On node 0, zone DMA: 1 pages in unavailable ranges
[    0.031413] On node 0, zone DMA: 97 pages in unavailable ranges
[    0.032206] On node 0, zone DMA32: 35 pages in unavailable ranges
[    0.032459] ACPI: PM-Timer IO Port: 0x608
[    0.032731] ACPI: LAPIC_NMI (acpi_id[0xff] dfl dfl lint[0x1])
[    0.033049] IOAPIC[0]: apic_id 0, version 32, address 0xfec00000, GSI 0-23
[    0.033142] ACPI: INT_SRC_OVR (bus 0 bus_irq 0 global_irq 2 dfl dfl)
[    0.033338] ACPI: INT_SRC_OVR (bus 0 bus_irq 5 global_irq 5 high level)
[    0.033380] ACPI: INT_SRC_OVR (bus 0 bus_irq 9 global_irq 9 high level)
[    0.033447] ACPI: INT_SRC_OVR (bus 0 bus_irq 10 global_irq 10 high level)
[    0.033454] ACPI: INT_SRC_OVR (bus 0 bus_irq 11 global_irq 11 high level)
[    0.033602] ACPI: Using ACPI (MADT) for SMP configuration information
[    0.033634] ACPI: HPET id: 0x8086a201 base: 0xfed00000
[    0.033859] smpboot: Allowing 1 CPUs, 0 hotplug CPUs
[    0.034727] [mem 0x08000000-0xfffbffff] available for PCI devices
[    0.034765] Booting paravirtualized kernel on bare hardware
[    0.034984] clocksource: refined-jiffies: mask: 0xffffffff max_cycles: 0xffffffff, max_idle_ns: 19112604462750000 ns
[    0.035490] setup_percpu: NR_CPUS:512 nr_cpumask_bits:1 nr_cpu_ids:1 nr_node_ids:1
[    0.036657] percpu: Embedded 48 pages/cpu s158248 r8192 d30168 u2097152
[    0.038409] Kernel command line: BOOT_IMAGE=/boot/vmlinuz root=PARTUUID=9c236c87-02 rootwait console=tty1 console=ttyS0,115200n8 noinitrd
[    0.039695] random: crng init done
[    0.043788] Dentry cache hash table entries: 16384 (order: 5, 131072 bytes, linear)
[    0.044619] Inode-cache hash table entries: 8192 (order: 4, 65536 bytes, linear)
[    0.046858] Built 1 zonelists, mobility grouping on.  Total pages: 31965
[    0.047048] mem auto-init: stack:off, heap alloc:off, heap free:off
[    0.049764] Memory: 102576K/130540K available (14336K kernel code, 1170K rwdata, 2300K rodata, 2456K init, 2404K bss, 27708K reserved, 0K cma-reserved)
[    0.054816] SLUB: HWalign=64, Order=0-3, MinObjects=0, CPUs=1, Nodes=1
[    0.060617] rcu: Hierarchical RCU implementation.
[    0.060641] rcu: 	RCU restricting CPUs from NR_CPUS=512 to nr_cpu_ids=1.
[    0.060800] 	Tracing variant of Tasks RCU enabled.
[    0.060867] rcu: RCU calculated value of scheduler-enlistment delay is 10 jiffies.
[    0.060888] rcu: Adjusting geometry for rcu_fanout_leaf=16, nr_cpu_ids=1
[    0.061771] NR_IRQS: 33024, nr_irqs: 256, preallocated irqs: 16
[    0.068658] rcu: srcu_init: Setting srcu_struct sizes based on contention.
[    0.073965] Console: colour VGA+ 80x25
[    0.074247] printk: console [tty1] enabled
[    0.080034] printk: console [ttyS0] enabled
[    0.306836] ACPI: Core revision 20230628
[    0.310968] clocksource: hpet: mask: 0xffffffff max_cycles: 0xffffffff, max_idle_ns: 19112604467 ns
[    0.320825] APIC: Switch to symmetric I/O mode setup
[    0.324176] ..TIMER: vector=0x30 apic1=0 pin1=2 apic2=-1 pin2=-1
[    0.368312] clocksource: tsc-early: mask: 0xffffffffffffffff max_cycles: 0x256bb317280, max_idle_ns: 440795238028 ns
[    0.368864] Calibrating delay loop (skipped), value calculated using timer frequency.. 5192.12 BogoMIPS (lpj=25960610)
[    0.370214] x86/cpu: User Mode Instruction Prevention (UMIP) activated
[    0.383981] Last level iTLB entries: 4KB 0, 2MB 0, 4MB 0
[    0.384317] Last level dTLB entries: 4KB 0, 2MB 0, 4MB 0, 1GB 0
[    0.384662] Spectre V1 : Mitigation: usercopy/swapgs barriers and __user pointer sanitization
[    0.385247] Spectre V2 : Mitigation: Retpolines
[    0.388949] Spectre V2 : Spectre v2 / SpectreRSB: Filling RSB on context switch and VMEXIT
[    0.389385] Speculative Store Bypass: Vulnerable
[    0.390723] x86/fpu: Supporting XSAVE feature 0x001: 'x87 floating point registers'
[    0.395116] x86/fpu: Supporting XSAVE feature 0x002: 'SSE registers'
[    0.399714] x86/fpu: Supporting XSAVE feature 0x004: 'AVX registers'
[    0.399908] x86/fpu: Supporting XSAVE feature 0x008: 'MPX bounds registers'
[    0.400120] x86/fpu: Supporting XSAVE feature 0x010: 'MPX CSR'
[    0.400448] x86/fpu: xstate_offset[2]:  576, xstate_sizes[2]:  256
[    0.408960] x86/fpu: xstate_offset[3]:  960, xstate_sizes[3]:   64
[    0.409189] x86/fpu: xstate_offset[4]: 1024, xstate_sizes[4]:   64
[    0.409409] x86/fpu: Enabled xstate features 0x1f, context size is 1088 bytes, using 'standard' format.
[    0.635120] Freeing SMP alternatives memory: 40K
[    0.636181] pid_max: default: 32768 minimum: 301
[    0.643366] Mount-cache hash table entries: 512 (order: 0, 4096 bytes, linear)
[    0.643678] Mountpoint-cache hash table entries: 512 (order: 0, 4096 bytes, linear)
[    0.786297] smpboot: CPU0: AMD QEMU TCG CPU version 2.5+ (family: 0x6, model: 0x6, stepping: 0x3)
[    0.788792] RCU Tasks Trace: Setting shift to 0 and lim to 1 rcu_task_cb_adjust=1 rcu_task_cpu_ids=1.
[    0.788792] Performance Events: PMU not available due to virtualization, using software events only.
[    0.789556] signal: max sigframe size: 1616
[    0.790754] rcu: Hierarchical SRCU implementation.
[    0.790930] rcu: 	Max phase no-delay instances is 1000.
[    0.793193] smp: Bringing up secondary CPUs ...
[    0.794751] smp: Brought up 1 node, 1 CPU
[    0.800034] smpboot: Max logical packages: 1
[    0.800245] smpboot: Total of 1 processors activated (5192.12 BogoMIPS)
[    0.814287] clocksource: jiffies: mask: 0xffffffff max_cycles: 0xffffffff, max_idle_ns: 19112604462750000 ns
[    0.815002] futex hash table entries: 256 (order: 2, 16384 bytes, linear)
[    0.815826] pinctrl core: initialized pinctrl subsystem
[    0.829020] NET: Registered PF_NETLINK/PF_ROUTE protocol family
[    0.833937] thermal_sys: Registered thermal governor 'step_wise'
[    0.833966] thermal_sys: Registered thermal governor 'user_space'
[    0.834670] cpuidle: using governor ladder
[    0.835067] cpuidle: using governor menu
[    0.840054] acpiphp: ACPI Hot Plug PCI Controller Driver version: 0.5
[    0.842187] PCI: Using configuration type 1 for base access
[    0.849799] cryptd: max_cpu_qlen set to 1000
[    0.853745] ACPI: Added _OSI(Module Device)
[    0.853926] ACPI: Added _OSI(Processor Device)
[    0.854056] ACPI: Added _OSI(Processor Aggregator Device)
[    0.865155] ACPI: 1 ACPI AML tables successfully acquired and loaded
[    0.875749] ACPI: _OSC evaluation for CPUs failed, trying _PDC
[    0.877410] ACPI: Interpreter enabled
[    0.879239] ACPI: PM: (supports S0 S5)
[    0.879405] ACPI: Using IOAPIC for interrupt routing
[    0.879871] PCI: Using host bridge windows from ACPI; if necessary, use "pci=nocrs" and report a bug
[    0.887161] PCI: Using E820 reservations for host bridge windows
[    0.888560] ACPI: Enabled 2 GPEs in block 00 to 0F
[    0.910691] ACPI: PCI Root Bridge [PCI0] (domain 0000 [bus 00-ff])
[    0.911427] acpi PNP0A03:00: _OSC: OS supports [ASPM ClockPM Segments MSI HPX-Type3]
[    0.911810] acpi PNP0A03:00: _OSC: not requesting OS control; OS requires [ExtendedConfig ASPM ClockPM MSI]
[    0.912488] acpi PNP0A03:00: fail to add MMCONFIG information, can't access extended configuration space under this bridge
[    0.922599] acpiphp: Slot [3] registered
[    0.922938] acpiphp: Slot [4] registered
[    0.923135] acpiphp: Slot [5] registered
[    0.923312] acpiphp: Slot [6] registered
[    0.929080] acpiphp: Slot [7] registered
[    0.929393] acpiphp: Slot [8] registered
[    0.929585] acpiphp: Slot [9] registered
[    0.929759] acpiphp: Slot [10] registered
[    0.929931] acpiphp: Slot [11] registered
[    0.930114] acpiphp: Slot [12] registered
[    0.940075] acpiphp: Slot [13] registered
[    0.940299] acpiphp: Slot [14] registered
[    0.940503] acpiphp: Slot [15] registered
[    0.940680] acpiphp: Slot [16] registered
[    0.940854] acpiphp: Slot [17] registered
[    0.941031] acpiphp: Slot [18] registered
[    0.941212] acpiphp: Slot [19] registered
[    0.949085] acpiphp: Slot [20] registered
[    0.949348] acpiphp: Slot [21] registered
[    0.949552] acpiphp: Slot [22] registered
[    0.949746] acpiphp: Slot [23] registered
[    0.949931] acpiphp: Slot [24] registered
[    0.950107] acpiphp: Slot [25] registered
[    0.959029] acpiphp: Slot [26] registered
[    0.959282] acpiphp: Slot [27] registered
[    0.959502] acpiphp: Slot [28] registered
[    0.959721] acpiphp: Slot [29] registered
[    0.959916] acpiphp: Slot [30] registered
[    0.960098] acpiphp: Slot [31] registered
[    0.969193] PCI host bridge to bus 0000:00
[    0.969529] pci_bus 0000:00: root bus resource [io  0x0000-0x0cf7 window]
[    0.969849] pci_bus 0000:00: root bus resource [io  0x0d00-0xffff window]
[    0.970039] pci_bus 0000:00: root bus resource [mem 0x000a0000-0x000bffff window]
[    0.978953] pci_bus 0000:00: root bus resource [mem 0x08000000-0xfebfffff window]
[    0.979246] pci_bus 0000:00: root bus resource [mem 0x100000000-0x17fffffff window]
[    0.979791] pci_bus 0000:00: root bus resource [bus 00-ff]
[    0.989751] pci 0000:00:00.0: [8086:1237] type 00 class 0x060000
[    1.001681] pci 0000:00:01.0: [8086:7000] type 00 class 0x060100
[    1.002318] pci 0000:00:01.1: [8086:7010] type 00 class 0x010180
[    1.004852] pci 0000:00:01.1: BAR 4 [io  0xc0e0-0xc0ef]
[    1.005959] pci 0000:00:01.1: BAR 0 [io  0x01f0-0x01f7]: legacy IDE quirk
[    1.008987] pci 0000:00:01.1: BAR 1 [io  0x03f6]: legacy IDE quirk
[    1.009263] pci 0000:00:01.1: BAR 2 [io  0x0170-0x0177]: legacy IDE quirk
[    1.009476] pci 0000:00:01.1: BAR 3 [io  0x0376]: legacy IDE quirk
[    1.019902] pci 0000:00:01.3: [8086:7113] type 00 class 0x068000
[    1.020421] pci 0000:00:01.3: quirk: [io  0x0600-0x063f] claimed by PIIX4 ACPI
[    1.020657] pci 0000:00:01.3: quirk: [io  0x0700-0x070f] claimed by PIIX4 SMB
[    1.021300] pci 0000:00:02.0: [1234:1111] type 00 class 0x030000
[    1.029476] pci 0000:00:02.0: BAR 0 [mem 0xfd000000-0xfdffffff pref]
[    1.031052] pci 0000:00:02.0: BAR 2 [mem 0xfeb90000-0xfeb90fff]
[    1.033574] pci 0000:00:02.0: ROM [mem 0xfeb80000-0xfeb8ffff pref]
[    1.034020] pci 0000:00:02.0: Video device with shadowed ROM at [mem 0x000c0000-0x000dffff]
[    1.039680] pci 0000:00:03.0: [1af4:1000] type 00 class 0x020000
[    1.041014] pci 0000:00:03.0: BAR 0 [io  0xc080-0xc09f]
[    1.043191] pci 0000:00:03.0: BAR 4 [mem 0xfe000000-0xfe003fff 64bit pref]
[    1.044265] pci 0000:00:03.0: ROM [mem 0xfea80000-0xfeafffff pref]
[    1.052690] pci 0000:00:04.0: [1af4:1005] type 00 class 0x00ff00
[    1.058821] pci 0000:00:04.0: BAR 0 [io  0xc0a0-0xc0bf]
[    1.059637] pci 0000:00:04.0: BAR 1 [mem 0xfeb91000-0xfeb91fff]
[    1.061567] pci 0000:00:04.0: BAR 4 [mem 0xfe004000-0xfe007fff 64bit pref]
[    1.067043] pci 0000:00:05.0: [1af4:1000] type 00 class 0x020000
[    1.068812] pci 0000:00:05.0: BAR 0 [io  0xc0c0-0xc0df]
[    1.070615] pci 0000:00:05.0: BAR 1 [mem 0xfeb92000-0xfeb92fff]
[    1.072637] pci 0000:00:05.0: BAR 4 [mem 0xfe008000-0xfe00bfff 64bit pref]
[    1.073399] pci 0000:00:05.0: ROM [mem 0xfeb00000-0xfeb7ffff pref]
[    1.081098] pci 0000:00:06.0: [1af4:1001] type 00 class 0x010000
[    1.082347] pci 0000:00:06.0: BAR 0 [io  0xc000-0xc07f]
[    1.083156] pci 0000:00:06.0: BAR 1 [mem 0xfeb93000-0xfeb93fff]
[    1.084663] pci 0000:00:06.0: BAR 4 [mem 0xfe00c000-0xfe00ffff 64bit pref]
[    1.094967] ACPI: PCI: Interrupt link LNKA configured for IRQ 10
[    1.095595] ACPI: PCI: Interrupt link LNKB configured for IRQ 10
[    1.096034] ACPI: PCI: Interrupt link LNKC configured for IRQ 11
[    1.096496] ACPI: PCI: Interrupt link LNKD configured for IRQ 11
[    1.099120] ACPI: PCI: Interrupt link LNKS configured for IRQ 9
[    1.101884] iommu: Default domain type: Translated
[    1.102060] iommu: DMA domain TLB invalidation policy: lazy mode
[    1.103706] SCSI subsystem initialized
[    1.105078] ACPI: bus type USB registered
[    1.109369] usbcore: registered new interface driver usbfs
[    1.109769] usbcore: registered new interface driver hub
[    1.110034] usbcore: registered new device driver usb
[    1.110427] pps_core: LinuxPPS API ver. 1 registered
[    1.110595] pps_core: Software ver. 5.3.6 - Copyright 2005-2007 Rodolfo Giometti <giometti@linux.it>
[    1.119041] PTP clock support registered
[    1.131930] PCI: Using ACPI for IRQ routing
[    1.134787] hpet0: at MMIO 0xfed00000, IRQs 2, 8, 0
[    1.135052] hpet0: 3 comparators, 64-bit 100.000000 MHz counter
[    1.140274] clocksource: Switched to clocksource tsc-early
[    1.142009] pnp: PnP ACPI init
[    1.145413] pnp: PnP ACPI: found 6 devices
[    1.155640] clocksource: acpi_pm: mask: 0xffffff max_cycles: 0xffffff, max_idle_ns: 2085701024 ns
[    1.156419] NET: Registered PF_INET protocol family
[    1.157601] IP idents hash table entries: 2048 (order: 2, 16384 bytes, linear)
[    1.161597] tcp_listen_portaddr_hash hash table entries: 256 (order: 0, 4096 bytes, linear)
[    1.166530] Table-perturb hash table entries: 65536 (order: 6, 262144 bytes, linear)
[    1.166807] TCP established hash table entries: 1024 (order: 1, 8192 bytes, linear)
[    1.167255] TCP bind hash table entries: 1024 (order: 3, 32768 bytes, linear)
[    1.177095] TCP: Hash tables configured (established 1024 bind 1024)
[    1.178610] MPTCP token hash table entries: 256 (order: 1, 6144 bytes, linear)
[    1.179041] UDP hash table entries: 256 (order: 1, 8192 bytes, linear)
[    1.179391] UDP-Lite hash table entries: 256 (order: 1, 8192 bytes, linear)
[    1.189016] NET: Registered PF_UNIX/PF_LOCAL protocol family
[    1.189956] pci_bus 0000:00: resource 4 [io  0x0000-0x0cf7 window]
[    1.190145] pci_bus 0000:00: resource 5 [io  0x0d00-0xffff window]
[    1.190316] pci_bus 0000:00: resource 6 [mem 0x000a0000-0x000bffff window]
[    1.198660] pci_bus 0000:00: resource 7 [mem 0x08000000-0xfebfffff window]
[    1.198920] pci_bus 0000:00: resource 8 [mem 0x100000000-0x17fffffff window]
[    1.199533] pci 0000:00:01.0: PIIX3: Enabling Passive Release
[    1.199770] pci 0000:00:00.0: Limiting direct PCI/PCI transfers
[    1.209653] PCI: CLS 0 bytes, default 64
[    1.233040] workingset: timestamp_bits=46 max_order=15 bucket_order=0
[    1.234626] squashfs: version 4.0 (2009/01/31) Phillip Lougher
[    1.236492] Block layer SCSI generic (bsg) driver version 0.4 loaded (major 247)
[    1.239249] hv_vmbus: registering driver hyperv_fb
[    1.246152] input: Power Button as /devices/LNXSYSTM:00/LNXPWRBN:00/input/input0
[    1.254502] ACPI: button: Power Button [PWRF]
[    1.383226] ACPI: \_SB_.LNKC: Enabled at IRQ 11
[    1.507968] ACPI: \_SB_.LNKD: Enabled at IRQ 10
[    1.630267] ACPI: \_SB_.LNKA: Enabled at IRQ 10
[    1.752582] ACPI: \_SB_.LNKB: Enabled at IRQ 11
[    1.754213] Serial: 8250/16550 driver, 16 ports, IRQ sharing enabled
[    1.778346] 00:04: ttyS0 at I/O 0x3f8 (irq = 4, base_baud = 115200) is a 16550A
[    1.806615] Non-volatile memory driver v1.3
[    1.815444] Linux agpgart interface v0.103
[    1.816078] AMD-Vi: AMD IOMMUv2 functionality not available on this system - This is not a bug.
[    1.816528] ACPI: bus type drm_connector registered
[    1.818643] [drm] Found bochs VGA, ID 0xb0c5.
[    1.818828] [drm] Framebuffer size 16384 kB @ 0xfd000000, mmio @ 0xfeb90000.
[    1.823960] [drm] Found EDID data blob.
[    1.827931] [drm] Initialized bochs-drm 1.0.0 20130925 for 0000:00:02.0 on minor 0
[    1.876879] Console: switching to colour frame buffer device 160x50
[    1.884634] bochs-drm 0000:00:02.0: [drm] fb0: bochs-drmdrmfb frame buffer device
[    1.910797] loop: module loaded
[    1.911497] virtio_blk virtio3: 1/0/0 default/read/poll queues
[    1.915328] virtio_blk virtio3: [vda] 246784 512-byte logical blocks (126 MB/121 MiB)
[    1.922427]  vda: vda1 vda2
[    1.925066] Guest personality initialized and is inactive
[    1.925538] VMCI host device registered (name=vmci, major=10, minor=256)
[    1.925754] Initialized host personality
[    1.926432] VMware PVSCSI driver - version 1.0.7.0-k
[    1.926682] hv_vmbus: registering driver hv_storvsc
[    1.948233] scsi host0: ata_piix
[    1.950649] scsi host1: ata_piix
[    1.951448] ata1: PATA max MWDMA2 cmd 0x1f0 ctl 0x3f6 bmdma 0xc0e0 irq 14
[    1.951687] ata2: PATA max MWDMA2 cmd 0x170 ctl 0x376 bmdma 0xc0e8 irq 15
[    1.959296] VMware vmxnet3 virtual NIC driver - version 1.7.0.0-k-NAPI
[    1.959917] hv_vmbus: registering driver hv_netvsc
[    1.960241] Fusion MPT base driver 3.04.20
[    1.960371] Copyright (c) 1999-2008 LSI Corporation
[    1.960676] Fusion MPT SPI Host driver 3.04.20
[    1.970175] Fusion MPT SAS Host driver 3.04.20
[    1.971793] usbcore: registered new interface driver usb-storage
[    1.972793] i8042: PNP: PS/2 Controller [PNP0303:KBD,PNP0f13:MOU] at 0x60,0x64 irq 1,12
[    1.975496] serio: i8042 KBD port at 0x60,0x64 irq 1
[    1.975810] serio: i8042 AUX port at 0x60,0x64 irq 12
[    1.981030] hv_vmbus: registering driver hyperv_keyboard
[    1.983898] rtc_cmos 00:05: RTC can wake from S4
[    1.988004] rtc_cmos 00:05: registered as rtc0
[    1.990126] rtc_cmos 00:05: setting system clock to 2026-04-15T03:33:00 UTC (1776223980)
[    1.993477] rtc_cmos 00:05: alarms up to one day, y3k, 242 bytes nvram, hpet irqs
[    1.995798] amd_pstate: the _CPC object is not present in SBIOS or ACPI disabled
[    1.997705] sdhci: Secure Digital Host Controller Interface driver
[    1.999346] sdhci: Copyright(c) Pierre Ossman
[    2.010076] input: AT Translated Set 2 keyboard as /devices/platform/i8042/serio0/input/input1
[    2.031657] hid: raw HID events driver (C) Jiri Kosina
[    2.033799] hv_vmbus: registering driver hid_hyperv
[    2.036075] usbcore: registered new interface driver usbhid
[    2.037793] usbhid: USB HID core driver
[    2.039603] hv_utils: Registering HyperV Utility Driver
[    2.043949] hv_vmbus: registering driver hv_utils
[    2.045622] hv_vmbus: registering driver hv_balloon
[    2.048374] NET: Registered PF_INET6 protocol family
[    2.060987] Segment Routing with IPv6
[    2.062773] In-situ OAM (IOAM) with IPv6
[    2.064749] NET: Registered PF_PACKET protocol family
[    2.066791] bridge: filtering via arp/ip/ip6tables is no longer available by default. Update your scripts to load br_netfilter if you need this.
[    2.076454] 8021q: 802.1Q VLAN Support v1.8
[    2.078609] NET: Registered PF_VSOCK protocol family
[    2.086094] IPI shorthand broadcast: enabled
[    2.087924] AVX2 version of gcm_enc/dec engaged.
[    2.093098] AES CTR mode by8 optimization enabled
[    2.107028] sched_clock: Marking stable (1860124072, 239728708)->(2138021613, -38168833)
[    2.181636] ata2: found unknown device (class 0)
[    2.197784] ata2.00: ATAPI: QEMU DVD-ROM, 2.5+, max UDMA/100
[    2.210831] scsi 1:0:0:0: CD-ROM            QEMU     QEMU DVD-ROM     2.5+ PQ: 0 ANSI: 5
[    2.217602] clk: Disabling unused clocks
[    2.230416] tsc: Refined TSC clocksource calibration: 2596.053 MHz
[    2.232472] clocksource: tsc: mask: 0xffffffffffffffff max_cycles: 0x256bab91bcd, max_idle_ns: 440795265645 ns
[    2.234468] clocksource: Switched to clocksource tsc
[    2.281292] sr 1:0:0:0: [sr0] scsi3-mmc drive: 4x/4x cd/rw xa/form2 tray
[    2.283314] cdrom: Uniform CD-ROM driver Revision: 3.20
[    2.324695] VFS: Mounted root (squashfs filesystem) readonly on device 254:2.
[    2.382511] Freeing unused kernel image (initmem) memory: 2456K
[    2.384636] Write protecting the kernel read-only data: 18432k
[    2.388053] Freeing unused kernel image (rodata/data gap) memory: 1796K
[    2.390216] Run /sbin/init as init process
[    2.603572] init: Console is alive
[    3.217788] kmodloader: loading kernel modules from /etc/modules-boot.d/*
[    3.266299] button_hotplug: loading out-of-tree module taints kernel.
[    3.271659] Button Hotplug driver version 0.4.1
[    3.288751] Intel(R) 2.5G Ethernet Linux Driver
[    3.291376] Copyright(c) 2018 Intel Corporation.
[    3.304858] igb: Intel(R) Gigabit Ethernet Network Driver
[    3.306859] igb: Copyright (c) 2007-2014 Intel Corporation.
[    3.319193] kmodloader: done loading kernel modules from /etc/modules-boot.d/*
[    3.336752] init: - preinit -
[    4.062861] 8021q: adding VLAN 0 to HW filter on device eth0
Press the [f] key and hit [enter] to enter failsafe mode
Press the [1], [2], [3] or [4] key and hit [enter] to select the debug level

[    8.652776] loop0: detected capacity change from 0 to 212992
[    8.710101] loop0: detected capacity change from 212992 to 200064
[    8.721519] mount_root: overlay filesystem in /dev/loop0 has not been formatted yet
[    9.411715] EXT4-fs (loop0): mounted filesystem a4da9522-686a-4b41-96d7-c7733080f97f r/w with ordered data mode. Quota mode: disabled.
[    9.422702] mount_root: overlay filesystem has not been fully initialized yet
[    9.437037] mount_root: switching to ext4 overlay
[    9.455556] overlayfs: null uuid detected in lower fs '/', falling back to xino=off,index=off,nfs_export=off.
[   10.066360] EXT4-fs (vda1): mounted filesystem 84173db5-fa99-e35a-95c6-28613cc79ea9 r/w without journal. Quota mode: disabled.
[   10.085581] urandom-seed: Seed file not found (/etc/urandom.seed)
[   10.203442] procd: - early -
[   10.886201] procd: - ubus -
[   11.060296] procd: - init -
Please press Enter to activate this console.
root
login[1004]: root login on 'ttyS0'


BusyBox v1.36.1 (2026-04-12 18:14:18 UTC) built-in shell (ash)

  _______                     ________        __
 |       |.-----.-----.-----.|  |  |  |.----.|  |_
 |   -   ||  _  |  -__|     ||  |  |  ||   _||   _|
 |_______||   __|_____|__|__||________||__|  |____|
          |__| W I R E L E S S   F R E E D O M
 -----------------------------------------------------
 OpenWrt 24.10-SNAPSHOT, r29157-44df9972d5
 -----------------------------------------------------
  ___   __ __                _______             __
 |   |_|__|  |--.----.-----.|   |   |-----.-----|  |--.
 |     |  |  _  |   _|  -__||       |  -__|__ --|     |
 |_____|__|_____|__| |_____||__|_|__|_____|_____|__|__|

 ------------------------------------------------------
 LiMe master development (master rev. 142c27f 20260407_1220)
 ------------------------------------------------------
 https://libremesh.org
 ------------------------------------------------------
=== WARNING! =====================================
There is no root password defined on this device!
Use the "passwd" command to set up a new password
in order to prevent unauthorized SSH logins.
--------------------------------------------------
root@(none):~# dmesg -n 1
root@(none):~# echo 'VKYY''QJMYBL'
VKYYQJMYBL
root@LiMe-123456:~# run() { echo -n "$MARKER"; sh -c "$@"; echo "$MARKER $?"; }
root@LiMe-123456:~# echo 'KYCW''GJBPYV'
KYCWGJBPYV
root@LiMe-123456:~# MARKER='WSQX''TVHKFO' run 'ubus wait_for network.interface.l
an'
WSQXTVHKFOWSQXTVHKFO 0
root@LiMe-123456:~# echo 'LJWO''SWJELF'
LJWOSWJELF
root@LiMe-123456:~# MARKER='QXOB''KEZBHB' run 'ubus call network.interface.lan s
tatus '"'"'{}'"'"''
QXOBKEZBHB{
	"up": true,
	"pending": false,
	"available": true,
	"autostart": true,
	"dynamic": false,
	"uptime": 0,
	"l3_device": "br-lan",
	"proto": "static",
	"device": "br-lan",
	"updated": [
		"addresses"
	],
	"metric": 0,
	"dns_metric": 0,
	"delegation": true,
	"ipv4-address": [
		{
			"address": "10.13.52.86",
			"mask": 16
		}
	],
	"ipv6-address": [
		{
			"address": "fd0d:fe46:8ce8::12:3456",
			"mask": 64
		}
	],
	"ipv6-prefix": [
		
	],
	"ipv6-prefix-assignment": [
		
	],
	"route": [
		
	],
	"dns-server": [
		
	],
	"dns-search": [
		
	],
	"neighbors": [
		
	],
	"inactive": {
		"ipv4-address": [
			
		],
		"ipv6-address": [
			
		],
		"route": [
			
		],
		"dns-server": [
			
		],
		"dns-search": [
			
		],
		"neighbors": [
			
		]
	},
	"data": {
		
	}
}
QXOBKEZBHB 0
root@LiMe-123456:~# echo 'NWSC''VPXTQL'
NWSCVPXTQL
root@LiMe-123456:~# MARKER='TZHC''SXSBUV' run true
TZHCSXSBUVTZHCSXSBUV 0
root@LiMe-123456:~# echo 'NLEQ''HYWSFY'
NLEQHYWSFY
root@LiMe-123456:~# MARKER='NOVB''WBHNOG' run 'source /etc/os-release; echo $BUI
LD_ID'
NOVBWBHNOGr29157-44df9972d5
NOVBWBHNOG 0
root@LiMe-123456:~# echo 'HEYM''JPYQPT'
HEYMJPYQPT
root@LiMe-123456:~# MARKER='VTGZ''ZTVAHJ' run 'ls /etc/dropbear/dropbear_rsa_hos
t_key'
VTGZZTVAHJ[0;0m/etc/dropbear/dropbear_rsa_host_key[m
VTGZZTVAHJ 0
root@LiMe-123456:~# echo 'QJHA''QLKLQC'
QJHAQLKLQC
root@LiMe-123456:~# MARKER='ZBZT''GPNKUG' run 'netstat -tlpn | grep 0.0.0.0:22'
ZBZTGPNKUGnetstat: showing only processes with your user ID
tcp        0      0 0.0.0.0:22              0.0.0.0:*               LISTEN      2094/dropbear
ZBZTGPNKUG 0
root@LiMe-123456:~# echo 'WMZZ''VEVOUE'
WMZZVEVOUE
root@LiMe-123456:~# MARKER='VPCQ''VYCQPH' run 'dmesg | grep br-lan | grep forwar
ding'
VPCQVYCQPH[   38.583291] br-lan: port 1(eth0) entered forwarding state
[   41.741370] br-lan: port 2(bat0) entered forwarding state
VPCQVYCQPH 0
root@LiMe-123456:~# echo 'JXSS''GVYMBY'
JXSSGVYMBY
root@LiMe-123456:~# MARKER='KKLF''ZBQFVA' run 'ubus call network.interface.lan s
tatus '"'"'{}'"'"''
KKLFZBQFVA{
	"up": true,
	"pending": false,
	"available": true,
	"autostart": true,
	"dynamic": false,
	"uptime": 6,
	"l3_device": "br-lan",
	"proto": "static",
	"device": "br-lan",
	"updated": [
		"addresses"
	],
	"metric": 0,
	"dns_metric": 0,
	"delegation": true,
	"ipv4-address": [
		{
			"address": "10.13.52.86",
			"mask": 16
		}
	],
	"ipv6-address": [
		{
			"address": "fd0d:fe46:8ce8::12:3456",
			"mask": 64
		}
	],
	"ipv6-prefix": [
		
	],
	"ipv6-prefix-assignment": [
		
	],
	"route": [
		
	],
	"dns-server": [
		
	],
	"dns-search": [
		
	],
	"neighbors": [
		
	],
	"inactive": {
		"ipv4-address": [
			
		],
		"ipv6-address": [
			
		],
		"route": [
			
		],
		"dns-server": [
			
		],
		"dns-search": [
			
		],
		"neighbors": [
			
		]
	},
	"data": {
		
	}
}
KKLFZBQFVA 0
root@LiMe-123456:~# 