Labgrid Console Logfile for main
Logfile started at 2026-04-11 02:58:37.871312
=== Log starts here ===
c[?7l[2J[0mSeaBIOS (version 1.16.3-debian-1.16.3-2)


iPXE (https://ipxe.org) 00:03.0 CA00 PCI2.10 PnP PMM+06FCAE70+06F0AE70 CA00
Press Ctrl-B to configure iPXE (PCI 00:03.0)...                                                                               




iPXE (https://ipxe.org) 00:05.0 CB00 PCI2.10 PnP PMM 06FCAE70 06F0AE70 CB00
Press Ctrl-B to configure iPXE (PCI 00:05.0)...                                                                               


Booting from Hard Disk...
GRUB loading.....
[0;30;47mWelcome to GRUB![01;01H[0m[2J[H[J[1;1H[?25l[m[H[J[1;1H[2;30HGNU GRUB  version 2.12

[m[4;2H+----------------------------------------------------------------------------+[5;2H|[5;79H|[6;2H|[6;79H|[7;2H|[7;79H|[8;2H|[8;79H|[9;2H|[9;79H|[10;2H|[10;79H|[11;2H|[11;79H|[12;2H|[12;79H|[13;2H|[13;79H|[14;2H|[14;79H|[15;2H|[15;79H|[16;2H+----------------------------------------------------------------------------+[m[17;2H[18;2H[m     Use the ^ and v keys to select which entry is highlighted.          
      Press enter to boot the selected OS, `e' to edit the commands       
      before booting or `c' for a command-line. ESC to return             
      previous menu.                                                      [5;80H [7m[5;3H*OpenWrt                                                                    [m[5;78H[m[m[6;3H OpenWrt (failsafe)                                                         [m[6;78H[m[m[7;3H                                                                            [m[7;78H[m[m[8;3H                                                                            [m[8;78H[m[m[9;3H                                                                            [m[9;78H[m[m[10;3H                                                                            [m[10;78H[m[m[11;3H                                                                            [m[11;78H[m[m[12;3H                                                                            [m[12;78H[m[m[13;3H                                                                            [m[13;78H[m[m[14;3H                                                                            [m[14;78H[m[m[15;3H                                                                            [m[15;78H[m[15;80H [5;78H[2J[02;30HGNU GRUB  version 2.12[04;02H┌────────────────────────────────────────────────────────────────────────────┐[05;02H│[05;79H│[06;02H│[06;79H│[07;02H│[07;79H│[08;02H│[08;79H│[09;02H│[09;79H│[10;02H│[10;79H│[11;02H│[11;79H│[12;02H│[12;79H│[13;02H│[13;79H│[14;02H│[14;79H│[15;02H│[15;79H│[16;02H│[16;79H│[17;02H└────────────────────────────────────────────────────────────────────────────┘[19;02H     Use the ↑ and ↓ keys to select which entry is highlighted.          
      Press enter to boot the selected OS, `e' to edit the commands       
      before booting or `c' for a command-line. ESC to return             
      previous menu.                                                      [05;80H [05;03H[0;30;47m*OpenWrt                                                                    [06;03H[0m [06;03H[06;04HOpenWrt (failsafe)                                                         [07;03H                                                                            [08;03H                                                                            [09;03H                                                                            [10;03H                                                                            [11;03H                                                                            [12;03H                              [12;32H[12;33H                                              [13;03H                                                                            [14;03H                                       [14;41H[14;42H                                     [15;03H                                                                            [16;03H                                                                            [16;80H 






   The highlighted entry will be executed automatically in 5s.                [22;1H   The highlighted entry will be executed automatically in 5s.                 [5;78H [05;78H

















   The highlighted entry will be executed automatically in 4s.                [22;1H   The highlighted entry will be executed automatically in 4s.                 [5;78H [05;78H

















   The highlighted entry will be executed automatically in 3s.                [22;1H   The highlighted entry will be executed automatically in 3s.                 [5;78H [05;78H

















   The highlighted entry will be executed automatically in 2s.                [22;1H   The highlighted entry will be executed automatically in 2s.                 [5;78H [05;78H

















   The highlighted entry will be executed automatically in 1s.                [22;1H   The highlighted entry will be executed automatically in 1s.                 [5;78H [05;78H

















   The highlighted entry will be executed automatically in 0s.                [22;1H   The highlighted entry will be executed automatically in 0s.                 [5;78H [01;01H[2J[?25h[H[J[1;1H[H[J[1;1H[2J   Booting `OpenWrt' Booting `OpenWrt

'

[    0.000000] Linux version 6.6.129 (builder@buildhost) (x86_64-openwrt-linux-musl-gcc (OpenWrt GCC 13.3.0 r29149-fbca86e8bd) 13.3.0, GNU ld (GNU Binutils) 2.42) #0 SMP Fri Apr 10 16:31:26 2026
[    0.000000] Command line: BOOT_IMAGE=/boot/vmlinuz root=PARTUUID=898f55a1-02 rootwait console=tty1 console=ttyS0,115200n8 noinitrd
[    0.000000] BIOS-provided physical RAM map:
[    0.000000] BIOS-e820: [mem 0x0000000000000000-0x000000000009fbff] usable
[    0.000000] BIOS-e820: [mem 0x000000000009fc00-0x000000000009ffff] reserved
[    0.000000] BIOS-e820: [mem 0x00000000000f0000-0x00000000000fffff] reserved
[    0.000000] BIOS-e820: [mem 0x0000000000100000-0x0000000007fdcfff] usable
[    0.000000] BIOS-e820: [mem 0x0000000007fdd000-0x0000000007ffffff] reserved
[    0.000000] BIOS-e820: [mem 0x00000000fffc0000-0x00000000ffffffff] reserved
[    0.000000] BIOS-e820: [mem 0x000000fd00000000-0x000000ffffffffff] reserved
[    0.000000] NX (Execute Disable) protection: active
[    0.000000] APIC: Static calls initialized
[    0.000000] SMBIOS 3.0.0 present.
[    0.000000] DMI: QEMU Standard PC (i440FX + PIIX, 1996), BIOS 1.16.3-debian-1.16.3-2 04/01/2014
[    0.000000] tsc: Fast TSC calibration using PIT
[    0.000000] tsc: Detected 2445.429 MHz processor
[    0.008828] last_pfn = 0x7fdd max_arch_pfn = 0x400000000
[    0.009442] MTRR map: 4 entries (3 fixed + 1 variable; max 19), built from 8 variable MTRRs
[    0.009656] x86/PAT: Configuration [0-7]: WB  WC  UC- UC  WB  WP  UC- WT  
[    0.027812] found SMP MP-table at [mem 0x000f5460-0x000f546f]
[    0.029222] Using GB pages for direct mapping
[    0.033138] ACPI: Early table checksum verification disabled
[    0.033468] ACPI: RSDP 0x00000000000F5290 000014 (v00 BOCHS )
[    0.033801] ACPI: RSDT 0x0000000007FE1C64 000034 (v01 BOCHS  BXPC     00000001 BXPC 00000001)
[    0.034305] ACPI: FACP 0x0000000007FE1B18 000074 (v01 BOCHS  BXPC     00000001 BXPC 00000001)
[    0.034938] ACPI: DSDT 0x0000000007FE0040 001AD8 (v01 BOCHS  BXPC     00000001 BXPC 00000001)
[    0.035056] ACPI: FACS 0x0000000007FE0000 000040
[    0.035114] ACPI: APIC 0x0000000007FE1B8C 000078 (v03 BOCHS  BXPC     00000001 BXPC 00000001)
[    0.035144] ACPI: HPET 0x0000000007FE1C04 000038 (v01 BOCHS  BXPC     00000001 BXPC 00000001)
[    0.035171] ACPI: WAET 0x0000000007FE1C3C 000028 (v01 BOCHS  BXPC     00000001 BXPC 00000001)
[    0.035258] ACPI: Reserving FACP table memory at [mem 0x7fe1b18-0x7fe1b8b]
[    0.035307] ACPI: Reserving DSDT table memory at [mem 0x7fe0040-0x7fe1b17]
[    0.035317] ACPI: Reserving FACS table memory at [mem 0x7fe0000-0x7fe003f]
[    0.035325] ACPI: Reserving APIC table memory at [mem 0x7fe1b8c-0x7fe1c03]
[    0.035332] ACPI: Reserving HPET table memory at [mem 0x7fe1c04-0x7fe1c3b]
[    0.035339] ACPI: Reserving WAET table memory at [mem 0x7fe1c3c-0x7fe1c63]
[    0.038485] Zone ranges:
[    0.038522]   DMA      [mem 0x0000000000001000-0x0000000000ffffff]
[    0.038624]   DMA32    [mem 0x0000000001000000-0x0000000007fdcfff]
[    0.038638]   Normal   empty
[    0.038663] Movable zone start for each node
[    0.038692] Early memory node ranges
[    0.038724]   node   0: [mem 0x0000000000001000-0x000000000009efff]
[    0.038770]   node   0: [mem 0x0000000000100000-0x0000000007fdcfff]
[    0.038881] Initmem setup node 0 [mem 0x0000000000001000-0x0000000007fdcfff]
[    0.039721] On node 0, zone DMA: 1 pages in unavailable ranges
[    0.040067] On node 0, zone DMA: 97 pages in unavailable ranges
[    0.041106] On node 0, zone DMA32: 35 pages in unavailable ranges
[    0.041420] ACPI: PM-Timer IO Port: 0x608
[    0.041803] ACPI: LAPIC_NMI (acpi_id[0xff] dfl dfl lint[0x1])
[    0.042207] IOAPIC[0]: apic_id 0, version 32, address 0xfec00000, GSI 0-23
[    0.042331] ACPI: INT_SRC_OVR (bus 0 bus_irq 0 global_irq 2 dfl dfl)
[    0.042610] ACPI: INT_SRC_OVR (bus 0 bus_irq 5 global_irq 5 high level)
[    0.042669] ACPI: INT_SRC_OVR (bus 0 bus_irq 9 global_irq 9 high level)
[    0.042760] ACPI: INT_SRC_OVR (bus 0 bus_irq 10 global_irq 10 high level)
[    0.042773] ACPI: INT_SRC_OVR (bus 0 bus_irq 11 global_irq 11 high level)
[    0.042963] ACPI: Using ACPI (MADT) for SMP configuration information
[    0.043007] ACPI: HPET id: 0x8086a201 base: 0xfed00000
[    0.043296] smpboot: Allowing 1 CPUs, 0 hotplug CPUs
[    0.044468] [mem 0x08000000-0xfffbffff] available for PCI devices
[    0.044523] Booting paravirtualized kernel on bare hardware
[    0.044844] clocksource: refined-jiffies: mask: 0xffffffff max_cycles: 0xffffffff, max_idle_ns: 19112604462750000 ns
[    0.045475] setup_percpu: NR_CPUS:512 nr_cpumask_bits:1 nr_cpu_ids:1 nr_node_ids:1
[    0.047099] percpu: Embedded 48 pages/cpu s158248 r8192 d30168 u2097152
[    0.049352] Kernel command line: BOOT_IMAGE=/boot/vmlinuz root=PARTUUID=898f55a1-02 rootwait console=tty1 console=ttyS0,115200n8 noinitrd
[    0.051028] random: crng init done
[    0.055868] Dentry cache hash table entries: 16384 (order: 5, 131072 bytes, linear)
[    0.056836] Inode-cache hash table entries: 8192 (order: 4, 65536 bytes, linear)
[    0.059687] Built 1 zonelists, mobility grouping on.  Total pages: 31965
[    0.059920] mem auto-init: stack:off, heap alloc:off, heap free:off
[    0.063414] Memory: 102576K/130540K available (14336K kernel code, 1170K rwdata, 2296K rodata, 2452K init, 2408K bss, 27708K reserved, 0K cma-reserved)
[    0.069367] SLUB: HWalign=64, Order=0-3, MinObjects=0, CPUs=1, Nodes=1
[    0.076818] rcu: Hierarchical RCU implementation.
[    0.076851] rcu: 	RCU restricting CPUs from NR_CPUS=512 to nr_cpu_ids=1.
[    0.076966] 	Tracing variant of Tasks RCU enabled.
[    0.077052] rcu: RCU calculated value of scheduler-enlistment delay is 10 jiffies.
[    0.077081] rcu: Adjusting geometry for rcu_fanout_leaf=16, nr_cpu_ids=1
[    0.078205] NR_IRQS: 33024, nr_irqs: 256, preallocated irqs: 16
[    0.086941] rcu: srcu_init: Setting srcu_struct sizes based on contention.
[    0.093820] Console: colour VGA+ 80x25
[    0.094123] printk: console [tty1] enabled
[    0.101807] printk: console [ttyS0] enabled
[    0.333786] ACPI: Core revision 20230628
[    0.338945] clocksource: hpet: mask: 0xffffffff max_cycles: 0xffffffff, max_idle_ns: 19112604467 ns
[    0.343853] APIC: Switch to symmetric I/O mode setup
[    0.348484] ..TIMER: vector=0x30 apic1=0 pin1=2 apic2=-1 pin2=-1
[    0.390794] clocksource: tsc-early: mask: 0xffffffffffffffff max_cycles: 0x233fdac2ae5, max_idle_ns: 440795297080 ns
[    0.391483] Calibrating delay loop (skipped), value calculated using timer frequency.. 4890.85 BogoMIPS (lpj=24454290)
[    0.393207] x86/cpu: User Mode Instruction Prevention (UMIP) activated
[    0.407995] Last level iTLB entries: 4KB 0, 2MB 0, 4MB 0
[    0.408405] Last level dTLB entries: 4KB 0, 2MB 0, 4MB 0, 1GB 0
[    0.411666] Spectre V1 : Mitigation: usercopy/swapgs barriers and __user pointer sanitization
[    0.412405] Spectre V2 : Mitigation: Retpolines
[    0.413131] Spectre V2 : Spectre v2 / SpectreRSB: Filling RSB on context switch and VMEXIT
[    0.413787] Speculative Store Bypass: Vulnerable
[    0.416445] x86/fpu: Supporting XSAVE feature 0x001: 'x87 floating point registers'
[    0.420908] x86/fpu: Supporting XSAVE feature 0x002: 'SSE registers'
[    0.422593] x86/fpu: Supporting XSAVE feature 0x004: 'AVX registers'
[    0.422832] x86/fpu: Supporting XSAVE feature 0x008: 'MPX bounds registers'
[    0.423100] x86/fpu: Supporting XSAVE feature 0x010: 'MPX CSR'
[    0.423502] x86/fpu: xstate_offset[2]:  576, xstate_sizes[2]:  256
[    0.431610] x86/fpu: xstate_offset[3]:  960, xstate_sizes[3]:   64
[    0.431993] x86/fpu: xstate_offset[4]: 1024, xstate_sizes[4]:   64
[    0.432353] x86/fpu: Enabled xstate features 0x1f, context size is 1088 bytes, using 'standard' format.
[    0.693136] Freeing SMP alternatives memory: 40K
[    0.694393] pid_max: default: 32768 minimum: 301
[    0.703592] Mount-cache hash table entries: 512 (order: 0, 4096 bytes, linear)
[    0.703995] Mountpoint-cache hash table entries: 512 (order: 0, 4096 bytes, linear)
[    0.853191] smpboot: CPU0: AMD QEMU TCG CPU version 2.5+ (family: 0x6, model: 0x6, stepping: 0x3)
[    0.861393] RCU Tasks Trace: Setting shift to 0 and lim to 1 rcu_task_cb_adjust=1 rcu_task_cpu_ids=1.
[    0.861506] Performance Events: PMU not available due to virtualization, using software events only.
[    0.863571] signal: max sigframe size: 1616
[    0.865123] rcu: Hierarchical SRCU implementation.
[    0.865344] rcu: 	Max phase no-delay instances is 1000.
[    0.868404] smp: Bringing up secondary CPUs ...
[    0.870509] smp: Brought up 1 node, 1 CPU
[    0.873142] smpboot: Max logical packages: 1
[    0.873407] smpboot: Total of 1 processors activated (4890.85 BogoMIPS)
[    0.891119] clocksource: jiffies: mask: 0xffffffff max_cycles: 0xffffffff, max_idle_ns: 19112604462750000 ns
[    0.891963] futex hash table entries: 256 (order: 2, 16384 bytes, linear)
[    0.893016] pinctrl core: initialized pinctrl subsystem
[    0.913163] NET: Registered PF_NETLINK/PF_ROUTE protocol family
[    0.919719] thermal_sys: Registered thermal governor 'step_wise'
[    0.919764] thermal_sys: Registered thermal governor 'user_space'
[    0.920650] cpuidle: using governor ladder
[    0.921174] cpuidle: using governor menu
[    0.923118] acpiphp: ACPI Hot Plug PCI Controller Driver version: 0.5
[    0.925892] PCI: Using configuration type 1 for base access
[    0.937483] cryptd: max_cpu_qlen set to 1000
[    0.942431] ACPI: Added _OSI(Module Device)
[    0.942626] ACPI: Added _OSI(Processor Device)
[    0.942795] ACPI: Added _OSI(Processor Aggregator Device)
[    0.958224] ACPI: 1 ACPI AML tables successfully acquired and loaded
[    0.972854] ACPI: _OSC evaluation for CPUs failed, trying _PDC
[    0.974936] ACPI: Interpreter enabled
[    0.975669] ACPI: PM: (supports S0 S5)
[    0.975878] ACPI: Using IOAPIC for interrupt routing
[    0.976514] PCI: Using host bridge windows from ACPI; if necessary, use "pci=nocrs" and report a bug
[    0.981662] PCI: Using E820 reservations for host bridge windows
[    0.983589] ACPI: Enabled 2 GPEs in block 00 to 0F
[    1.016751] ACPI: PCI Root Bridge [PCI0] (domain 0000 [bus 00-ff])
[    1.017684] acpi PNP0A03:00: _OSC: OS supports [ASPM ClockPM Segments MSI HPX-Type3]
[    1.018177] acpi PNP0A03:00: _OSC: not requesting OS control; OS requires [ExtendedConfig ASPM ClockPM MSI]
[    1.019026] acpi PNP0A03:00: fail to add MMCONFIG information, can't access extended configuration space under this bridge
[    1.032750] acpiphp: Slot [3] registered
[    1.033220] acpiphp: Slot [4] registered
[    1.033496] acpiphp: Slot [5] registered
[    1.033748] acpiphp: Slot [6] registered
[    1.038639] acpiphp: Slot [7] registered
[    1.039154] acpiphp: Slot [8] registered
[    1.039550] acpiphp: Slot [9] registered
[    1.039822] acpiphp: Slot [10] registered
[    1.040115] acpiphp: Slot [11] registered
[    1.040375] acpiphp: Slot [12] registered
[    1.041546] acpiphp: Slot [13] registered
[    1.049503] acpiphp: Slot [14] registered
[    1.049939] acpiphp: Slot [15] registered
[    1.050322] acpiphp: Slot [16] registered
[    1.050600] acpiphp: Slot [17] registered
[    1.051434] acpiphp: Slot [18] registered
[    1.051715] acpiphp: Slot [19] registered
[    1.061177] acpiphp: Slot [20] registered
[    1.061604] acpiphp: Slot [21] registered
[    1.062001] acpiphp: Slot [22] registered
[    1.062255] acpiphp: Slot [23] registered
[    1.062509] acpiphp: Slot [24] registered
[    1.062751] acpiphp: Slot [25] registered
[    1.071649] acpiphp: Slot [26] registered
[    1.072056] acpiphp: Slot [27] registered
[    1.072498] acpiphp: Slot [28] registered
[    1.072806] acpiphp: Slot [29] registered
[    1.073059] acpiphp: Slot [30] registered
[    1.073305] acpiphp: Slot [31] registered
[    1.073757] PCI host bridge to bus 0000:00
[    1.081809] pci_bus 0000:00: root bus resource [io  0x0000-0x0cf7 window]
[    1.082411] pci_bus 0000:00: root bus resource [io  0x0d00-0xffff window]
[    1.082645] pci_bus 0000:00: root bus resource [mem 0x000a0000-0x000bffff window]
[    1.082962] pci_bus 0000:00: root bus resource [mem 0x08000000-0xfebfffff window]
[    1.091595] pci_bus 0000:00: root bus resource [mem 0x100000000-0x17fffffff window]
[    1.092239] pci_bus 0000:00: root bus resource [bus 00-ff]
[    1.093791] pci 0000:00:00.0: [8086:1237] type 00 class 0x060000
[    1.105394] pci 0000:00:01.0: [8086:7000] type 00 class 0x060100
[    1.106279] pci 0000:00:01.1: [8086:7010] type 00 class 0x010180
[    1.112997] pci 0000:00:01.1: reg 0x20: [io  0xc0e0-0xc0ef]
[    1.114251] pci 0000:00:01.1: legacy IDE quirk: reg 0x10: [io  0x01f0-0x01f7]
[    1.116311] pci 0000:00:01.1: legacy IDE quirk: reg 0x14: [io  0x03f6]
[    1.116727] pci 0000:00:01.1: legacy IDE quirk: reg 0x18: [io  0x0170-0x0177]
[    1.117047] pci 0000:00:01.1: legacy IDE quirk: reg 0x1c: [io  0x0376]
[    1.118078] pci 0000:00:01.3: [8086:7113] type 00 class 0x068000
[    1.122224] pci 0000:00:01.3: quirk: [io  0x0600-0x063f] claimed by PIIX4 ACPI
[    1.122529] pci 0000:00:01.3: quirk: [io  0x0700-0x070f] claimed by PIIX4 SMB
[    1.123400] pci 0000:00:02.0: [1234:1111] type 00 class 0x030000
[    1.132253] pci 0000:00:02.0: reg 0x10: [mem 0xfd000000-0xfdffffff pref]
[    1.133818] pci 0000:00:02.0: reg 0x18: [mem 0xfeb90000-0xfeb90fff]
[    1.142993] pci 0000:00:02.0: reg 0x30: [mem 0xfeb80000-0xfeb8ffff pref]
[    1.143585] pci 0000:00:02.0: Video device with shadowed ROM at [mem 0x000c0000-0x000dffff]
[    1.150328] pci 0000:00:03.0: [1af4:1000] type 00 class 0x020000
[    1.151904] pci 0000:00:03.0: reg 0x10: [io  0xc080-0xc09f]
[    1.154520] pci 0000:00:03.0: reg 0x20: [mem 0xfe000000-0xfe003fff 64bit pref]
[    1.155823] pci 0000:00:03.0: reg 0x30: [mem 0xfea80000-0xfeafffff pref]
[    1.166428] pci 0000:00:04.0: [1af4:1005] type 00 class 0x00ff00
[    1.168436] pci 0000:00:04.0: reg 0x10: [io  0xc0a0-0xc0bf]
[    1.169691] pci 0000:00:04.0: reg 0x14: [mem 0xfeb91000-0xfeb91fff]
[    1.172480] pci 0000:00:04.0: reg 0x20: [mem 0xfe004000-0xfe007fff 64bit pref]
[    1.177985] pci 0000:00:05.0: [1af4:1000] type 00 class 0x020000
[    1.179942] pci 0000:00:05.0: reg 0x10: [io  0xc0c0-0xc0df]
[    1.181099] pci 0000:00:05.0: reg 0x14: [mem 0xfeb92000-0xfeb92fff]
[    1.185198] pci 0000:00:05.0: reg 0x20: [mem 0xfe008000-0xfe00bfff 64bit pref]
[    1.186173] pci 0000:00:05.0: reg 0x30: [mem 0xfeb00000-0xfeb7ffff pref]
[    1.190460] pci 0000:00:06.0: [1af4:1001] type 00 class 0x010000
[    1.191393] pci 0000:00:06.0: reg 0x10: [io  0xc000-0xc07f]
[    1.192440] pci 0000:00:06.0: reg 0x14: [mem 0xfeb93000-0xfeb93fff]
[    1.194374] pci 0000:00:06.0: reg 0x20: [mem 0xfe00c000-0xfe00ffff 64bit pref]
[    1.207925] ACPI: PCI: Interrupt link LNKA configured for IRQ 10
[    1.208785] ACPI: PCI: Interrupt link LNKB configured for IRQ 10
[    1.209458] ACPI: PCI: Interrupt link LNKC configured for IRQ 11
[    1.210138] ACPI: PCI: Interrupt link LNKD configured for IRQ 11
[    1.210557] ACPI: PCI: Interrupt link LNKS configured for IRQ 9
[    1.225076] iommu: Default domain type: Translated
[    1.225301] iommu: DMA domain TLB invalidation policy: lazy mode
[    1.228004] SCSI subsystem initialized
[    1.230050] ACPI: bus type USB registered
[    1.230672] usbcore: registered new interface driver usbfs
[    1.231177] usbcore: registered new interface driver hub
[    1.231640] usbcore: registered new device driver usb
[    1.232223] pps_core: LinuxPPS API ver. 1 registered
[    1.240432] pps_core: Software ver. 5.3.6 - Copyright 2005-2007 Rodolfo Giometti <giometti@linux.it>
[    1.241092] PTP clock support registered
[    1.252620] PCI: Using ACPI for IRQ routing
[    1.255737] hpet0: at MMIO 0xfed00000, IRQs 2, 8, 0
[    1.256051] hpet0: 3 comparators, 64-bit 100.000000 MHz counter
[    1.261154] clocksource: Switched to clocksource tsc-early
[    1.261154] pnp: PnP ACPI init
[    1.261154] pnp: PnP ACPI: found 6 devices
[    1.274205] clocksource: acpi_pm: mask: 0xffffff max_cycles: 0xffffff, max_idle_ns: 2085701024 ns
[    1.275218] NET: Registered PF_INET protocol family
[    1.276430] IP idents hash table entries: 2048 (order: 2, 16384 bytes, linear)
[    1.282270] tcp_listen_portaddr_hash hash table entries: 256 (order: 0, 4096 bytes, linear)
[    1.285254] Table-perturb hash table entries: 65536 (order: 6, 262144 bytes, linear)
[    1.285698] TCP established hash table entries: 1024 (order: 1, 8192 bytes, linear)
[    1.286157] TCP bind hash table entries: 1024 (order: 3, 32768 bytes, linear)
[    1.296024] TCP: Hash tables configured (established 1024 bind 1024)
[    1.298076] MPTCP token hash table entries: 256 (order: 1, 6144 bytes, linear)
[    1.298601] UDP hash table entries: 256 (order: 1, 8192 bytes, linear)
[    1.299068] UDP-Lite hash table entries: 256 (order: 1, 8192 bytes, linear)
[    1.308289] NET: Registered PF_UNIX/PF_LOCAL protocol family
[    1.309617] pci_bus 0000:00: resource 4 [io  0x0000-0x0cf7 window]
[    1.309855] pci_bus 0000:00: resource 5 [io  0x0d00-0xffff window]
[    1.310099] pci_bus 0000:00: resource 6 [mem 0x000a0000-0x000bffff window]
[    1.317659] pci_bus 0000:00: resource 7 [mem 0x08000000-0xfebfffff window]
[    1.318044] pci_bus 0000:00: resource 8 [mem 0x100000000-0x17fffffff window]
[    1.318839] pci 0000:00:01.0: PIIX3: Enabling Passive Release
[    1.328686] pci 0000:00:00.0: Limiting direct PCI/PCI transfers
[    1.329198] PCI: CLS 0 bytes, default 64
[    1.362473] workingset: timestamp_bits=46 max_order=15 bucket_order=0
[    1.364599] squashfs: version 4.0 (2009/01/31) Phillip Lougher
[    1.367226] Block layer SCSI generic (bsg) driver version 0.4 loaded (major 247)
[    1.370972] hv_vmbus: registering driver hyperv_fb
[    1.376873] input: Power Button as /devices/LNXSYSTM:00/LNXPWRBN:00/input/input0
[    1.390638] ACPI: button: Power Button [PWRF]
[    1.586905] ACPI: \_SB_.LNKC: Enabled at IRQ 11
[    1.775827] ACPI: \_SB_.LNKD: Enabled at IRQ 10
[    1.962266] ACPI: \_SB_.LNKA: Enabled at IRQ 10
[    2.149263] ACPI: \_SB_.LNKB: Enabled at IRQ 11
[    2.151258] Serial: 8250/16550 driver, 16 ports, IRQ sharing enabled
[    2.175975] 00:04: ttyS0 at I/O 0x3f8 (irq = 4, base_baud = 115200) is a 16550A
[    2.221740] Non-volatile memory driver v1.3
[    2.233910] Linux agpgart interface v0.103
[    2.235068] AMD-Vi: AMD IOMMUv2 functionality not available on this system - This is not a bug.
[    2.235657] ACPI: bus type drm_connector registered
[    2.238022] [drm] Found bochs VGA, ID 0xb0c5.
[    2.238225] [drm] Framebuffer size 16384 kB @ 0xfd000000, mmio @ 0xfeb90000.
[    2.252636] [drm] Found EDID data blob.
[    2.258433] [drm] Initialized bochs-drm 1.0.0 20130925 for 0000:00:02.0 on minor 0
[    2.328509] Console: switching to colour frame buffer device 160x50
[    2.338097] bochs-drm 0000:00:02.0: [drm] fb0: bochs-drmdrmfb frame buffer device
[    2.380910] loop: module loaded
[    2.381765] virtio_blk virtio3: 1/0/0 default/read/poll queues
[    2.387523] virtio_blk virtio3: [vda] 246784 512-byte logical blocks (126 MB/121 MiB)
[    2.396800]  vda: vda1 vda2
[    2.400367] Guest personality initialized and is inactive
[    2.400979] VMCI host device registered (name=vmci, major=10, minor=256)
[    2.401244] Initialized host personality
[    2.402249] VMware PVSCSI driver - version 1.0.7.0-k
[    2.402578] hv_vmbus: registering driver hv_storvsc
[    2.414420] tsc: Refined TSC clocksource calibration: 2445.429 MHz
[    2.415101] clocksource: tsc: mask: 0xffffffffffffffff max_cycles: 0x233fdac2ae5, max_idle_ns: 440795297080 ns
[    2.416350] clocksource: Switched to clocksource tsc
[    2.437737] scsi host0: ata_piix
[    2.441004] scsi host1: ata_piix
[    2.442100] ata1: PATA max MWDMA2 cmd 0x1f0 ctl 0x3f6 bmdma 0xc0e0 irq 14
[    2.442406] ata2: PATA max MWDMA2 cmd 0x170 ctl 0x376 bmdma 0xc0e8 irq 15
[    2.453276] VMware vmxnet3 virtual NIC driver - version 1.7.0.0-k-NAPI
[    2.454065] hv_vmbus: registering driver hv_netvsc
[    2.454473] Fusion MPT base driver 3.04.20
[    2.454638] Copyright (c) 1999-2008 LSI Corporation
[    2.455032] Fusion MPT SPI Host driver 3.04.20
[    2.464578] Fusion MPT SAS Host driver 3.04.20
[    2.466871] usbcore: registered new interface driver usb-storage
[    2.468169] i8042: PNP: PS/2 Controller [PNP0303:KBD,PNP0f13:MOU] at 0x60,0x64 irq 1,12
[    2.474350] serio: i8042 KBD port at 0x60,0x64 irq 1
[    2.477171] serio: i8042 AUX port at 0x60,0x64 irq 12
[    2.479472] hv_vmbus: registering driver hyperv_keyboard
[    2.482031] rtc_cmos 00:05: RTC can wake from S4
[    2.487553] rtc_cmos 00:05: registered as rtc0
[    2.490407] rtc_cmos 00:05: setting system clock to 2026-04-11T02:58:49 UTC (1775876329)
[    2.492926] rtc_cmos 00:05: alarms up to one day, y3k, 242 bytes nvram, hpet irqs
[    2.496140] amd_pstate: the _CPC object is not present in SBIOS or ACPI disabled
[    2.501499] sdhci: Secure Digital Host Controller Interface driver
[    2.503613] sdhci: Copyright(c) Pierre Ossman
[    2.513785] input: AT Translated Set 2 keyboard as /devices/platform/i8042/serio0/input/input1
[    2.547407] hid: raw HID events driver (C) Jiri Kosina
[    2.550189] hv_vmbus: registering driver hid_hyperv
[    2.553062] usbcore: registered new interface driver usbhid
[    2.555539] usbhid: USB HID core driver
[    2.557977] hv_utils: Registering HyperV Utility Driver
[    2.560371] hv_vmbus: registering driver hv_utils
[    2.562393] hv_vmbus: registering driver hv_balloon
[    2.566000] NET: Registered PF_INET6 protocol family
[    2.583369] Segment Routing with IPv6
[    2.585894] In-situ OAM (IOAM) with IPv6
[    2.588429] NET: Registered PF_PACKET protocol family
[    2.591031] bridge: filtering via arp/ip/ip6tables is no longer available by default. Update your scripts to load br_netfilter if you need this.
[    2.600414] 8021q: 802.1Q VLAN Support v1.8
[    2.603202] NET: Registered PF_VSOCK protocol family
[    2.613140] IPI shorthand broadcast: enabled
[    2.615574] AVX2 version of gcm_enc/dec engaged.
[    2.622187] AES CTR mode by8 optimization enabled
[    2.643192] sched_clock: Marking stable (2390113846, 243927302)->(2704685327, -70644179)
[    2.694830] ata2: found unknown device (class 0)
[    2.791511] ata2.00: ATAPI: QEMU DVD-ROM, 2.5+, max UDMA/100
[    2.809457] scsi 1:0:0:0: CD-ROM            QEMU     QEMU DVD-ROM     2.5+ PQ: 0 ANSI: 5
[    2.814511] clk: Disabling unused clocks
[    2.886222] sr 1:0:0:0: [sr0] scsi3-mmc drive: 4x/4x cd/rw xa/form2 tray
[    2.888851] cdrom: Uniform CD-ROM driver Revision: 3.20
[    2.945543] VFS: Mounted root (squashfs filesystem) readonly on device 254:2.
[    3.015397] Freeing unused kernel image (initmem) memory: 2452K
[    3.017950] Write protecting the kernel read-only data: 18432k
[    3.022463] Freeing unused kernel image (rodata/data gap) memory: 1800K
[    3.025241] Run /sbin/init as init process
[    3.279143] init: Console is alive
[    4.059415] kmodloader: loading kernel modules from /etc/modules-boot.d/*
[    4.127391] button_hotplug: loading out-of-tree module taints kernel.
[    4.135507] Button Hotplug driver version 0.4.1
[    4.159197] Intel(R) 2.5G Ethernet Linux Driver
[    4.161635] Copyright(c) 2018 Intel Corporation.
[    4.180845] igb: Intel(R) Gigabit Ethernet Network Driver
[    4.183288] igb: Copyright (c) 2007-2014 Intel Corporation.
[    4.199847] kmodloader: done loading kernel modules from /etc/modules-boot.d/*
[    4.216449] init: - preinit -
[    5.198228] 8021q: adding VLAN 0 to HW filter on device eth0
Press the [f] key and hit [enter] to enter failsafe mode
Press the [1], [2], [3] or [4] key and hit [enter] to select the debug level

[    9.906672] loop0: detected capacity change from 0 to 212992
[    9.964369] loop0: detected capacity change from 212992 to 200064
[    9.978296] mount_root: overlay filesystem in /dev/loop0 has not been formatted yet
[   10.319275] EXT4-fs (loop0): mounted filesystem 316c428f-6e7d-49e5-9280-72b916652193 r/w with ordered data mode. Quota mode: disabled.
[   10.333140] mount_root: overlay filesystem has not been fully initialized yet
[   10.351982] mount_root: switching to ext4 overlay
[   10.377151] overlayfs: null uuid detected in lower fs '/', falling back to xino=off,index=off,nfs_export=off.
[   11.141737] EXT4-fs (vda1): mounted filesystem 84173db5-fa99-e35a-95c6-28613cc79ea9 r/w without journal. Quota mode: disabled.
[   11.166180] urandom-seed: Seed file not found (/etc/urandom.seed)
[   11.310063] procd: - early -
[   12.104797] procd: - ubus -
[   12.297459] procd: - init -
Please press Enter to activate this console.
root
login[1002]: root login on 'ttyS0'


BusyBox v1.36.1 (2026-04-07 12:15:08 UTC) built-in shell (ash)

  _______                     ________        __
 |       |.-----.-----.-----.|  |  |  |.----.|  |_
 |   -   ||  _  |  -__|     ||  |  |  ||   _||   _|
 |_______||   __|_____|__|__||________||__|  |____|
          |__| W I R E L E S S   F R E E D O M
 -----------------------------------------------------
 OpenWrt 24.10-SNAPSHOT, r29149-fbca86e8bd
 -----------------------------------------------------
  ___   __ __                _______             __
 |   |_|__|  |--.----.-----.|   |   |-----.-----|  |--.
 |     |  |  _  |   _|  -__||       |  -__|__ --|     |
 |_____|__|_____|__| |_____||__|_|__|_____|_____|__|__|

 ------------------------------------------------------
 LiMe master development (master rev. 142c27f 20260407_1220)
 ------------------------------------------------------
 https://libremesh.org
 ------------------------------------------------------
=== WARNING! =====================================
There is no root password defined on this device!
Use the "passwd" command to set up a new password
in order to prevent unauthorized SSH logins.
--------------------------------------------------
root@(none):~# dmesg -n 1
root@(none):~# echo 'EAYL''YAMKJO'
EAYLYAMKJO
root@LiMe-123456:~# run() { echo -n "$MARKER"; sh -c "$@"; echo "$MARKER $?"; }
root@LiMe-123456:~# echo 'UHLJ''BSCNWC'
UHLJBSCNWC
root@LiMe-123456:~# MARKER='QTPJ''PFZUEX' run 'ubus wait_for network.interface.l
an'
QTPJPFZUEXQTPJPFZUEX 0
root@LiMe-123456:~# echo 'KXUC''GBPBMH'
KXUCGBPBMH
root@LiMe-123456:~# MARKER='PCZC''ETQFYT' run 'ubus call network.interface.lan s
tatus '"'"'{}'"'"''
PCZCETQFYT{
	"up": true,
	"pending": false,
	"available": true,
	"autostart": true,
	"dynamic": false,
	"uptime": 1,
	"l3_device": "br-lan",
	"proto": "static",
	"device": "br-lan",
	"updated": [
		"addresses"
	],
	"metric": 0,
	"dns_metric": 0,
	"delegation": true,
	"ipv4-address": [
		{
			"address": "10.13.52.86",
			"mask": 16
		}
	],
	"ipv6-address": [
		{
			"address": "fd0d:fe46:8ce8::12:3456",
			"mask": 64
		}
	],
	"ipv6-prefix": [
		
	],
	"ipv6-prefix-assignment": [
		
	],
	"route": [
		
	],
	"dns-server": [
		
	],
	"dns-search": [
		
	],
	"neighbors": [
		
	],
	"inactive": {
		"ipv4-address": [
			
		],
		"ipv6-address": [
			
		],
		"route": [
			
		],
		"dns-server": [
			
		],
		"dns-search": [
			
		],
		"neighbors": [
			
		]
	},
	"data": {
		
	}
}
PCZCETQFYT 0
root@LiMe-123456:~# echo 'XQMB''HGEPQV'
XQMBHGEPQV
root@LiMe-123456:~# MARKER='BQBK''CTWUMZ' run true
BQBKCTWUMZBQBKCTWUMZ 0
root@LiMe-123456:~# echo 'QSZF''OPZGJV'
QSZFOPZGJV
root@LiMe-123456:~# MARKER='WTHJ''SAZGXS' run 'source /etc/os-release; echo $BUI
LD_ID'
WTHJSAZGXSr29149-fbca86e8bd
WTHJSAZGXS 0
root@LiMe-123456:~# echo 'OCFQ''BCUAXG'
OCFQBCUAXG
root@LiMe-123456:~# MARKER='VOUH''VWAJJX' run 'ls /etc/dropbear/dropbear_rsa_hos
t_key'
VOUHVWAJJX[0;0m/etc/dropbear/dropbear_rsa_host_key[m
VOUHVWAJJX 0
root@LiMe-123456:~# echo 'YPEP''CSHYHT'
YPEPCSHYHT
root@LiMe-123456:~# MARKER='QMCJ''LBEVXL' run 'netstat -tlpn | grep 0.0.0.0:22'
QMCJLBEVXLnetstat: showing only processes with your user ID
tcp        0      0 0.0.0.0:22              0.0.0.0:*               LISTEN      2093/dropbear
QMCJLBEVXL 0
root@LiMe-123456:~# echo 'ZVZW''PTJKXC'
ZVZWPTJKXC
root@LiMe-123456:~# MARKER='QOMA''UBMLLZ' run 'dmesg | grep br-lan | grep forwar
ding'
QOMAUBMLLZ[   46.947679] br-lan: port 1(eth0) entered forwarding state
[   51.885803] br-lan: port 2(bat0) entered forwarding state
QOMAUBMLLZ 0
root@LiMe-123456:~# echo 'ZBQM''LZBCSW'
ZBQMLZBCSW
root@LiMe-123456:~# MARKER='SCAE''ZYKMCQ' run 'ubus call network.interface.lan s
tatus '"'"'{}'"'"''
SCAEZYKMCQ{
	"up": true,
	"pending": false,
	"available": true,
	"autostart": true,
	"dynamic": false,
	"uptime": 8,
	"l3_device": "br-lan",
	"proto": "static",
	"device": "br-lan",
	"updated": [
		"addresses"
	],
	"metric": 0,
	"dns_metric": 0,
	"delegation": true,
	"ipv4-address": [
		{
			"address": "10.13.52.86",
			"mask": 16
		}
	],
	"ipv6-address": [
		{
			"address": "fd0d:fe46:8ce8::12:3456",
			"mask": 64
		}
	],
	"ipv6-prefix": [
		
	],
	"ipv6-prefix-assignment": [
		
	],
	"route": [
		
	],
	"dns-server": [
		
	],
	"dns-search": [
		
	],
	"neighbors": [
		
	],
	"inactive": {
		"ipv4-address": [
			
		],
		"ipv6-address": [
			
		],
		"route": [
			
		],
		"dns-server": [
			
		],
		"dns-search": [
			
		],
		"neighbors": [
			
		]
	},
	"data": {
		
	}
}
SCAEZYKMCQ 0
root@LiMe-123456:~# 