Labgrid Console Logfile for main
Logfile started at 2026-04-02 02:57:38.706425
=== Log starts here ===
c[?7l[2J[0mSeaBIOS (version 1.16.3-debian-1.16.3-2)


iPXE (https://ipxe.org) 00:03.0 CA00 PCI2.10 PnP PMM+06FCAE70+06F0AE70 CA00
Press Ctrl-B to configure iPXE (PCI 00:03.0)...                                                                               




iPXE (https://ipxe.org) 00:05.0 CB00 PCI2.10 PnP PMM 06FCAE70 06F0AE70 CB00
Press Ctrl-B to configure iPXE (PCI 00:05.0)...                                                                               


Booting from Hard Disk...
GRUB loading.....
[0;30;47mWelcome to GRUB![01;01H[0m[2J[H[J[1;1H[?25l[m[H[J[1;1H[2;30HGNU GRUB  version 2.12

[m[4;2H+----------------------------------------------------------------------------+[5;2H|[5;79H|[6;2H|[6;79H|[7;2H|[7;79H|[8;2H|[8;79H|[9;2H|[9;79H|[10;2H|[10;79H|[11;2H|[11;79H|[12;2H|[12;79H|[13;2H|[13;79H|[14;2H|[14;79H|[15;2H|[15;79H|[16;2H+----------------------------------------------------------------------------+[m[17;2H[18;2H[m     Use the ^ and v keys to select which entry is highlighted.          
      Press enter to boot the selected OS, `e' to edit the commands       
      before booting or `c' for a command-line. ESC to return             
      previous menu.                                                      [5;80H [7m[5;3H*OpenWrt                                                                    [m[5;78H[m[m[6;3H OpenWrt (failsafe)                                                         [m[6;78H[m[m[7;3H                                                                            [m[7;78H[m[m[8;3H                                                                            [m[8;78H[m[m[9;3H                                                                            [m[9;78H[m[m[10;3H                                                                            [m[10;78H[m[m[11;3H                                                                            [m[11;78H[m[m[12;3H                                                                            [m[12;78H[m[m[13;3H                                                                            [m[13;78H[m[m[14;3H                                                                            [m[14;78H[m[m[15;3H                                                                            [m[15;78H[m[15;80H [5;78H[2J[02;30HGNU GRUB  version 2.12[04;02H┌──────────────────────────────────────────────────[04;52H[04;53H──────────────────────────┐[05;02H│[05;79H│[06;02H│[06;79H│[07;02H│[07;79H│[08;02H│[08;79H│[09;02H│[09;79H│[10;02H│[10;79H│[11;02H│[11;79H│[12;02H│[12;79H│[13;02H│[13;79H│[14;02H│[14;79H│[15;02H│[15;79H│[16;02H│[16;79H│[17;02H└────────────────────────────────────────────────────────────────────────────┘[19;02H     Use the ↑ and ↓ keys to select which entry is highlighted.          
      Press enter to boot the selected OS, `e' to edit the commands       
      before booting or `c' for a command-line. ESC to return             
      previous menu.                                                      [05;80H [05;03H[0;30;47m*OpenWrt                                                                    [06;03H[0m OpenWrt (failsafe)                                                         [07;03H                                [07;34H[07;35H                                            [08;03H                                                                            [09;03H                                    [09;38H[09;39H                                        [10;03H                                                                            [11;03H                                                                            [12;03H                                                                            [13;03H                                                                            [14;03H                                                                            [15;03H                                               [15;49H[15;50H                             [16;03H                                                                            [16;80H 






   The highlighted entry will be executed automat[23;49H[23;50Hically in 5s.                [22;1H   The highlighted entry will be executed automatically in 5s.                 [5;78H [05;78H

















   The highlighted entry will be executed automatically in 4s.                [22;1H   The highlighted entry will be executed automatically in 4s.                 [5;78H [05;78H

















   The highlighted entry will be executed automatically in 3s.                [22;1H   The highlighted entry will be executed automatically in 3s.                 [5;78H [05;78H

















   The highlighted entry will be executed automatically in 2s.                [22;1H   The highlighted entry will be executed automatically in 2s.                 [5;78H [05;78H

















   The highlighted entry will be executed automatically in 1s.                [22;1H   The highlighted entry will be executed automatically in 1s.                 [5;78H [05;78H

















   The highlighted entry will be executed a[23;43H[23;44Hutomatically in 0s.                [22;1H   The highlighted entry will be executed automatically in 0s.                 [5;78H [01;01H[2J[?25h[H[J[1;1H[H[J[1;1H[2J   Booting `OpenWrt' Booting `OpenWrt

'

[    0.000000] Linux version 6.6.127 (builder@buildhost) (x86_64-openwrt-linux-musl-gcc (OpenWrt GCC 13.3.0 r29143-214a657cfa) 13.3.0, GNU ld (GNU Binutils) 2.42) #0 SMP Tue Mar 17 22:48:43 2026
[    0.000000] Command line: BOOT_IMAGE=/boot/vmlinuz root=PARTUUID=b07fe921-02 rootwait console=tty1 console=ttyS0,115200n8 noinitrd
[    0.000000] BIOS-provided physical RAM map:
[    0.000000] BIOS-e820: [mem 0x0000000000000000-0x000000000009fbff] usable
[    0.000000] BIOS-e820: [mem 0x000000000009fc00-0x000000000009ffff] reserved
[    0.000000] BIOS-e820: [mem 0x00000000000f0000-0x00000000000fffff] reserved
[    0.000000] BIOS-e820: [mem 0x0000000000100000-0x0000000007fdcfff] usable
[    0.000000] BIOS-e820: [mem 0x0000000007fdd000-0x0000000007ffffff] reserved
[    0.000000] BIOS-e820: [mem 0x00000000fffc0000-0x00000000ffffffff] reserved
[    0.000000] BIOS-e820: [mem 0x000000fd00000000-0x000000ffffffffff] reserved
[    0.000000] NX (Execute Disable) protection: active
[    0.000000] APIC: Static calls initialized
[    0.000000] SMBIOS 3.0.0 present.
[    0.000000] DMI: QEMU Standard PC (i440FX + PIIX, 1996), BIOS 1.16.3-debian-1.16.3-2 04/01/2014
[    0.000000] tsc: Fast TSC calibration using PIT
[    0.000000] tsc: Detected 2596.052 MHz processor
[    0.009185] last_pfn = 0x7fdd max_arch_pfn = 0x400000000
[    0.009844] MTRR map: 4 entries (3 fixed + 1 variable; max 19), built from 8 variable MTRRs
[    0.010025] x86/PAT: Configuration [0-7]: WB  WC  UC- UC  WB  WP  UC- WT  
[    0.029588] found SMP MP-table at [mem 0x000f5460-0x000f546f]
[    0.031010] Using GB pages for direct mapping
[    0.034782] ACPI: Early table checksum verification disabled
[    0.035121] ACPI: RSDP 0x00000000000F5290 000014 (v00 BOCHS )
[    0.035434] ACPI: RSDT 0x0000000007FE1C64 000034 (v01 BOCHS  BXPC     00000001 BXPC 00000001)
[    0.036021] ACPI: FACP 0x0000000007FE1B18 000074 (v01 BOCHS  BXPC     00000001 BXPC 00000001)
[    0.036699] ACPI: DSDT 0x0000000007FE0040 001AD8 (v01 BOCHS  BXPC     00000001 BXPC 00000001)
[    0.036796] ACPI: FACS 0x0000000007FE0000 000040
[    0.036844] ACPI: APIC 0x0000000007FE1B8C 000078 (v03 BOCHS  BXPC     00000001 BXPC 00000001)
[    0.036868] ACPI: HPET 0x0000000007FE1C04 000038 (v01 BOCHS  BXPC     00000001 BXPC 00000001)
[    0.036890] ACPI: WAET 0x0000000007FE1C3C 000028 (v01 BOCHS  BXPC     00000001 BXPC 00000001)
[    0.036973] ACPI: Reserving FACP table memory at [mem 0x7fe1b18-0x7fe1b8b]
[    0.037019] ACPI: Reserving DSDT table memory at [mem 0x7fe0040-0x7fe1b17]
[    0.037027] ACPI: Reserving FACS table memory at [mem 0x7fe0000-0x7fe003f]
[    0.037033] ACPI: Reserving APIC table memory at [mem 0x7fe1b8c-0x7fe1c03]
[    0.037039] ACPI: Reserving HPET table memory at [mem 0x7fe1c04-0x7fe1c3b]
[    0.037045] ACPI: Reserving WAET table memory at [mem 0x7fe1c3c-0x7fe1c63]
[    0.040281] Zone ranges:
[    0.040317]   DMA      [mem 0x0000000000001000-0x0000000000ffffff]
[    0.040392]   DMA32    [mem 0x0000000001000000-0x0000000007fdcfff]
[    0.040405]   Normal   empty
[    0.040427] Movable zone start for each node
[    0.040455] Early memory node ranges
[    0.040485]   node   0: [mem 0x0000000000001000-0x000000000009efff]
[    0.040530]   node   0: [mem 0x0000000000100000-0x0000000007fdcfff]
[    0.040639] Initmem setup node 0 [mem 0x0000000000001000-0x0000000007fdcfff]
[    0.041487] On node 0, zone DMA: 1 pages in unavailable ranges
[    0.041833] On node 0, zone DMA: 97 pages in unavailable ranges
[    0.042889] On node 0, zone DMA32: 35 pages in unavailable ranges
[    0.043217] ACPI: PM-Timer IO Port: 0x608
[    0.043580] ACPI: LAPIC_NMI (acpi_id[0xff] dfl dfl lint[0x1])
[    0.043994] IOAPIC[0]: apic_id 0, version 32, address 0xfec00000, GSI 0-23
[    0.044102] ACPI: INT_SRC_OVR (bus 0 bus_irq 0 global_irq 2 dfl dfl)
[    0.044367] ACPI: INT_SRC_OVR (bus 0 bus_irq 5 global_irq 5 high level)
[    0.044420] ACPI: INT_SRC_OVR (bus 0 bus_irq 9 global_irq 9 high level)
[    0.044507] ACPI: INT_SRC_OVR (bus 0 bus_irq 10 global_irq 10 high level)
[    0.044516] ACPI: INT_SRC_OVR (bus 0 bus_irq 11 global_irq 11 high level)
[    0.044704] ACPI: Using ACPI (MADT) for SMP configuration information
[    0.044746] ACPI: HPET id: 0x8086a201 base: 0xfed00000
[    0.045037] smpboot: Allowing 1 CPUs, 0 hotplug CPUs
[    0.046154] [mem 0x08000000-0xfffbffff] available for PCI devices
[    0.046217] Booting paravirtualized kernel on bare hardware
[    0.046518] clocksource: refined-jiffies: mask: 0xffffffff max_cycles: 0xffffffff, max_idle_ns: 19112604462750000 ns
[    0.047139] setup_percpu: NR_CPUS:512 nr_cpumask_bits:1 nr_cpu_ids:1 nr_node_ids:1
[    0.048670] percpu: Embedded 48 pages/cpu s158248 r8192 d30168 u2097152
[    0.050945] Kernel command line: BOOT_IMAGE=/boot/vmlinuz root=PARTUUID=b07fe921-02 rootwait console=tty1 console=ttyS0,115200n8 noinitrd
[    0.052644] random: crng init done
[    0.057958] Dentry cache hash table entries: 16384 (order: 5, 131072 bytes, linear)
[    0.059029] Inode-cache hash table entries: 8192 (order: 4, 65536 bytes, linear)
[    0.061990] Built 1 zonelists, mobility grouping on.  Total pages: 31965
[    0.062232] mem auto-init: stack:off, heap alloc:off, heap free:off
[    0.065795] Memory: 102576K/130540K available (14336K kernel code, 1169K rwdata, 2296K rodata, 2452K init, 2408K bss, 27708K reserved, 0K cma-reserved)
[    0.071923] SLUB: HWalign=64, Order=0-3, MinObjects=0, CPUs=1, Nodes=1
[    0.079611] rcu: Hierarchical RCU implementation.
[    0.079644] rcu: 	RCU restricting CPUs from NR_CPUS=512 to nr_cpu_ids=1.
[    0.079761] 	Tracing variant of Tasks RCU enabled.
[    0.079848] rcu: RCU calculated value of scheduler-enlistment delay is 10 jiffies.
[    0.079875] rcu: Adjusting geometry for rcu_fanout_leaf=16, nr_cpu_ids=1
[    0.081020] NR_IRQS: 33024, nr_irqs: 256, preallocated irqs: 16
[    0.089893] rcu: srcu_init: Setting srcu_struct sizes based on contention.
[    0.096781] Console: colour VGA+ 80x25
[    0.097092] printk: console [tty1] enabled
[    0.104593] printk: console [ttyS0] enabled
[    0.334894] ACPI: Core revision 20230628
[    0.350189] clocksource: hpet: mask: 0xffffffff max_cycles: 0xffffffff, max_idle_ns: 19112604467 ns
[    0.355340] APIC: Switch to symmetric I/O mode setup
[    0.359860] ..TIMER: vector=0x30 apic1=0 pin1=2 apic2=-1 pin2=-1
[    0.402219] clocksource: tsc-early: mask: 0xffffffffffffffff max_cycles: 0x256baa8b2e6, max_idle_ns: 440795311213 ns
[    0.402925] Calibrating delay loop (skipped), value calculated using timer frequency.. 5192.10 BogoMIPS (lpj=25960520)
[    0.404704] x86/cpu: User Mode Instruction Prevention (UMIP) activated
[    0.419545] Last level iTLB entries: 4KB 0, 2MB 0, 4MB 0
[    0.422877] Last level dTLB entries: 4KB 0, 2MB 0, 4MB 0, 1GB 0
[    0.423396] Spectre V1 : Mitigation: usercopy/swapgs barriers and __user pointer sanitization
[    0.424207] Spectre V2 : Mitigation: Retpolines
[    0.424722] Spectre V2 : Spectre v2 / SpectreRSB: Filling RSB on context switch and VMEXIT
[    0.425356] Speculative Store Bypass: Vulnerable
[    0.428046] x86/fpu: Supporting XSAVE feature 0x001: 'x87 floating point registers'
[    0.433970] x86/fpu: Supporting XSAVE feature 0x002: 'SSE registers'
[    0.434321] x86/fpu: Supporting XSAVE feature 0x004: 'AVX registers'
[    0.434684] x86/fpu: Supporting XSAVE feature 0x008: 'MPX bounds registers'
[    0.435057] x86/fpu: Supporting XSAVE feature 0x010: 'MPX CSR'
[    0.443162] x86/fpu: xstate_offset[2]:  576, xstate_sizes[2]:  256
[    0.443701] x86/fpu: xstate_offset[3]:  960, xstate_sizes[3]:   64
[    0.443927] x86/fpu: xstate_offset[4]: 1024, xstate_sizes[4]:   64
[    0.444174] x86/fpu: Enabled xstate features 0x1f, context size is 1088 bytes, using 'standard' format.
[    0.723220] Freeing SMP alternatives memory: 40K
[    0.724547] pid_max: default: 32768 minimum: 301
[    0.733933] Mount-cache hash table entries: 512 (order: 0, 4096 bytes, linear)
[    0.734359] Mountpoint-cache hash table entries: 512 (order: 0, 4096 bytes, linear)
[    0.884007] smpboot: CPU0: AMD QEMU TCG CPU version 2.5+ (family: 0x6, model: 0x6, stepping: 0x3)
[    0.892833] RCU Tasks Trace: Setting shift to 0 and lim to 1 rcu_task_cb_adjust=1 rcu_task_cpu_ids=1.
[    0.892833] Performance Events: PMU not available due to virtualization, using software events only.
[    0.894896] signal: max sigframe size: 1616
[    0.896451] rcu: Hierarchical SRCU implementation.
[    0.896692] rcu: 	Max phase no-delay instances is 1000.
[    0.899752] smp: Bringing up secondary CPUs ...
[    0.901767] smp: Brought up 1 node, 1 CPU
[    0.904536] smpboot: Max logical packages: 1
[    0.904824] smpboot: Total of 1 processors activated (5192.10 BogoMIPS)
[    0.923505] clocksource: jiffies: mask: 0xffffffff max_cycles: 0xffffffff, max_idle_ns: 19112604462750000 ns
[    0.924394] futex hash table entries: 256 (order: 2, 16384 bytes, linear)
[    0.925443] pinctrl core: initialized pinctrl subsystem
[    0.942492] NET: Registered PF_NETLINK/PF_ROUTE protocol family
[    0.948986] thermal_sys: Registered thermal governor 'step_wise'
[    0.949021] thermal_sys: Registered thermal governor 'user_space'
[    0.949908] cpuidle: using governor ladder
[    0.950430] cpuidle: using governor menu
[    0.954353] acpiphp: ACPI Hot Plug PCI Controller Driver version: 0.5
[    0.957068] PCI: Using configuration type 1 for base access
[    0.966551] cryptd: max_cpu_qlen set to 1000
[    0.971158] ACPI: Added _OSI(Module Device)
[    0.971366] ACPI: Added _OSI(Processor Device)
[    0.971534] ACPI: Added _OSI(Processor Aggregator Device)
[    0.985823] ACPI: 1 ACPI AML tables successfully acquired and loaded
[    1.000424] ACPI: _OSC evaluation for CPUs failed, trying _PDC
[    1.002476] ACPI: Interpreter enabled
[    1.003335] ACPI: PM: (supports S0 S5)
[    1.003562] ACPI: Using IOAPIC for interrupt routing
[    1.004171] PCI: Using host bridge windows from ACPI; if necessary, use "pci=nocrs" and report a bug
[    1.011059] PCI: Using E820 reservations for host bridge windows
[    1.013151] ACPI: Enabled 2 GPEs in block 00 to 0F
[    1.042001] ACPI: PCI Root Bridge [PCI0] (domain 0000 [bus 00-ff])
[    1.042984] acpi PNP0A03:00: _OSC: OS supports [ASPM ClockPM Segments MSI HPX-Type3]
[    1.043485] acpi PNP0A03:00: _OSC: not requesting OS control; OS requires [ExtendedConfig ASPM ClockPM MSI]
[    1.044385] acpi PNP0A03:00: fail to add MMCONFIG information, can't access extended configuration space under this bridge
[    1.058005] acpiphp: Slot [3] registered
[    1.058433] acpiphp: Slot [4] registered
[    1.058695] acpiphp: Slot [5] registered
[    1.058937] acpiphp: Slot [6] registered
[    1.063062] acpiphp: Slot [7] registered
[    1.063532] acpiphp: Slot [8] registered
[    1.063921] acpiphp: Slot [9] registered
[    1.064269] acpiphp: Slot [10] registered
[    1.064553] acpiphp: Slot [11] registered
[    1.064794] acpiphp: Slot [12] registered
[    1.066237] acpiphp: Slot [13] registered
[    1.073129] acpiphp: Slot [14] registered
[    1.073565] acpiphp: Slot [15] registered
[    1.073948] acpiphp: Slot [16] registered
[    1.074255] acpiphp: Slot [17] registered
[    1.074515] acpiphp: Slot [18] registered
[    1.074762] acpiphp: Slot [19] registered
[    1.083143] acpiphp: Slot [20] registered
[    1.083594] acpiphp: Slot [21] registered
[    1.083978] acpiphp: Slot [22] registered
[    1.084236] acpiphp: Slot [23] registered
[    1.084501] acpiphp: Slot [24] registered
[    1.084738] acpiphp: Slot [25] registered
[    1.093109] acpiphp: Slot [26] registered
[    1.093538] acpiphp: Slot [27] registered
[    1.093923] acpiphp: Slot [28] registered
[    1.094276] acpiphp: Slot [29] registered
[    1.094516] acpiphp: Slot [30] registered
[    1.094750] acpiphp: Slot [31] registered
[    1.103358] PCI host bridge to bus 0000:00
[    1.103899] pci_bus 0000:00: root bus resource [io  0x0000-0x0cf7 window]
[    1.104420] pci_bus 0000:00: root bus resource [io  0x0d00-0xffff window]
[    1.104668] pci_bus 0000:00: root bus resource [mem 0x000a0000-0x000bffff window]
[    1.112972] pci_bus 0000:00: root bus resource [mem 0x08000000-0xfebfffff window]
[    1.113420] pci_bus 0000:00: root bus resource [mem 0x100000000-0x17fffffff window]
[    1.113936] pci_bus 0000:00: root bus resource [bus 00-ff]
[    1.115471] pci 0000:00:00.0: [8086:1237] type 00 class 0x060000
[    1.134216] pci 0000:00:01.0: [8086:7000] type 00 class 0x060100
[    1.135084] pci 0000:00:01.1: [8086:7010] type 00 class 0x010180
[    1.138224] pci 0000:00:01.1: reg 0x20: [io  0xc0e0-0xc0ef]
[    1.139649] pci 0000:00:01.1: legacy IDE quirk: reg 0x10: [io  0x01f0-0x01f7]
[    1.140892] pci 0000:00:01.1: legacy IDE quirk: reg 0x14: [io  0x03f6]
[    1.141322] pci 0000:00:01.1: legacy IDE quirk: reg 0x18: [io  0x0170-0x0177]
[    1.141673] pci 0000:00:01.1: legacy IDE quirk: reg 0x1c: [io  0x0376]
[    1.142704] pci 0000:00:01.3: [8086:7113] type 00 class 0x068000
[    1.143605] pci 0000:00:01.3: quirk: [io  0x0600-0x063f] claimed by PIIX4 ACPI
[    1.152961] pci 0000:00:01.3: quirk: [io  0x0700-0x070f] claimed by PIIX4 SMB
[    1.153804] pci 0000:00:02.0: [1234:1111] type 00 class 0x030000
[    1.154664] pci 0000:00:02.0: reg 0x10: [mem 0xfd000000-0xfdffffff pref]
[    1.164501] pci 0000:00:02.0: reg 0x18: [mem 0xfeb90000-0xfeb90fff]
[    1.168238] pci 0000:00:02.0: reg 0x30: [mem 0xfeb80000-0xfeb8ffff pref]
[    1.168825] pci 0000:00:02.0: Video device with shadowed ROM at [mem 0x000c0000-0x000dffff]
[    1.174012] pci 0000:00:03.0: [1af4:1000] type 00 class 0x020000
[    1.174826] pci 0000:00:03.0: reg 0x10: [io  0xc080-0xc09f]
[    1.178643] pci 0000:00:03.0: reg 0x20: [mem 0xfe000000-0xfe003fff 64bit pref]
[    1.179513] pci 0000:00:03.0: reg 0x30: [mem 0xfea80000-0xfeafffff pref]
[    1.187782] pci 0000:00:04.0: [1af4:1005] type 00 class 0x00ff00
[    1.189655] pci 0000:00:04.0: reg 0x10: [io  0xc0a0-0xc0bf]
[    1.192863] pci 0000:00:04.0: reg 0x14: [mem 0xfeb91000-0xfeb91fff]
[    1.196570] pci 0000:00:04.0: reg 0x20: [mem 0xfe004000-0xfe007fff 64bit pref]
[    1.201959] pci 0000:00:05.0: [1af4:1000] type 00 class 0x020000
[    1.203403] pci 0000:00:05.0: reg 0x10: [io  0xc0c0-0xc0df]
[    1.204253] pci 0000:00:05.0: reg 0x14: [mem 0xfeb92000-0xfeb92fff]
[    1.207662] pci 0000:00:05.0: reg 0x20: [mem 0xfe008000-0xfe00bfff 64bit pref]
[    1.208754] pci 0000:00:05.0: reg 0x30: [mem 0xfeb00000-0xfeb7ffff pref]
[    1.214421] pci 0000:00:06.0: [1af4:1001] type 00 class 0x010000
[    1.216316] pci 0000:00:06.0: reg 0x10: [io  0xc000-0xc07f]
[    1.219307] pci 0000:00:06.0: reg 0x14: [mem 0xfeb93000-0xfeb93fff]
[    1.221363] pci 0000:00:06.0: reg 0x20: [mem 0xfe00c000-0xfe00ffff 64bit pref]
[    1.229319] ACPI: PCI: Interrupt link LNKA configured for IRQ 10
[    1.230399] ACPI: PCI: Interrupt link LNKB configured for IRQ 10
[    1.231032] ACPI: PCI: Interrupt link LNKC configured for IRQ 11
[    1.231611] ACPI: PCI: Interrupt link LNKD configured for IRQ 11
[    1.231990] ACPI: PCI: Interrupt link LNKS configured for IRQ 9
[    1.236040] iommu: Default domain type: Translated
[    1.240987] iommu: DMA domain TLB invalidation policy: lazy mode
[    1.243543] SCSI subsystem initialized
[    1.245321] ACPI: bus type USB registered
[    1.245805] usbcore: registered new interface driver usbfs
[    1.246302] usbcore: registered new interface driver hub
[    1.252209] usbcore: registered new device driver usb
[    1.253117] pps_core: LinuxPPS API ver. 1 registered
[    1.253366] pps_core: Software ver. 5.3.6 - Copyright 2005-2007 Rodolfo Giometti <giometti@linux.it>
[    1.253779] PTP clock support registered
[    1.275203] PCI: Using ACPI for IRQ routing
[    1.278334] hpet0: at MMIO 0xfed00000, IRQs 2, 8, 0
[    1.278638] hpet0: 3 comparators, 64-bit 100.000000 MHz counter
[    1.284039] clocksource: Switched to clocksource tsc-early
[    1.286480] pnp: PnP ACPI init
[    1.290437] pnp: PnP ACPI: found 6 devices
[    1.303738] clocksource: acpi_pm: mask: 0xffffff max_cycles: 0xffffff, max_idle_ns: 2085701024 ns
[    1.305102] NET: Registered PF_INET protocol family
[    1.306716] IP idents hash table entries: 2048 (order: 2, 16384 bytes, linear)
[    1.311992] tcp_listen_portaddr_hash hash table entries: 256 (order: 0, 4096 bytes, linear)
[    1.314930] Table-perturb hash table entries: 65536 (order: 6, 262144 bytes, linear)
[    1.315431] TCP established hash table entries: 1024 (order: 1, 8192 bytes, linear)
[    1.315905] TCP bind hash table entries: 1024 (order: 3, 32768 bytes, linear)
[    1.325469] TCP: Hash tables configured (established 1024 bind 1024)
[    1.327904] MPTCP token hash table entries: 256 (order: 1, 6144 bytes, linear)
[    1.328445] UDP hash table entries: 256 (order: 1, 8192 bytes, linear)
[    1.328922] UDP-Lite hash table entries: 256 (order: 1, 8192 bytes, linear)
[    1.337801] NET: Registered PF_UNIX/PF_LOCAL protocol family
[    1.339013] pci_bus 0000:00: resource 4 [io  0x0000-0x0cf7 window]
[    1.339261] pci_bus 0000:00: resource 5 [io  0x0d00-0xffff window]
[    1.339480] pci_bus 0000:00: resource 6 [mem 0x000a0000-0x000bffff window]
[    1.347125] pci_bus 0000:00: resource 7 [mem 0x08000000-0xfebfffff window]
[    1.347485] pci_bus 0000:00: resource 8 [mem 0x100000000-0x17fffffff window]
[    1.348420] pci 0000:00:01.0: PIIX3: Enabling Passive Release
[    1.358317] pci 0000:00:00.0: Limiting direct PCI/PCI transfers
[    1.358847] PCI: CLS 0 bytes, default 64
[    1.390162] workingset: timestamp_bits=46 max_order=15 bucket_order=0
[    1.392173] squashfs: version 4.0 (2009/01/31) Phillip Lougher
[    1.395133] Block layer SCSI generic (bsg) driver version 0.4 loaded (major 247)
[    1.398769] hv_vmbus: registering driver hyperv_fb
[    1.404630] input: Power Button as /devices/LNXSYSTM:00/LNXPWRBN:00/input/input0
[    1.417009] ACPI: button: Power Button [PWRF]
[    1.585059] ACPI: \_SB_.LNKC: Enabled at IRQ 11
[    1.748199] ACPI: \_SB_.LNKD: Enabled at IRQ 10
[    1.908734] ACPI: \_SB_.LNKA: Enabled at IRQ 10
[    2.068960] ACPI: \_SB_.LNKB: Enabled at IRQ 11
[    2.070977] Serial: 8250/16550 driver, 16 ports, IRQ sharing enabled
[    2.096065] 00:04: ttyS0 at I/O 0x3f8 (irq = 4, base_baud = 115200) is a 16550A
[    2.131948] Non-volatile memory driver v1.3
[    2.145536] Linux agpgart interface v0.103
[    2.146403] AMD-Vi: AMD IOMMUv2 functionality not available on this system - This is not a bug.
[    2.147124] ACPI: bus type drm_connector registered
[    2.149473] [drm] Found bochs VGA, ID 0xb0c5.
[    2.149712] [drm] Framebuffer size 16384 kB @ 0xfd000000, mmio @ 0xfeb90000.
[    2.162014] [drm] Found EDID data blob.
[    2.167516] [drm] Initialized bochs-drm 1.0.0 20130925 for 0000:00:02.0 on minor 0
[    2.230083] Console: switching to colour frame buffer device 160x50
[    2.240138] bochs-drm 0000:00:02.0: [drm] fb0: bochs-drmdrmfb frame buffer device
[    2.274687] loop: module loaded
[    2.275524] virtio_blk virtio3: 1/0/0 default/read/poll queues
[    2.280614] virtio_blk virtio3: [vda] 246784 512-byte logical blocks (126 MB/121 MiB)
[    2.289780]  vda: vda1 vda2
[    2.293238] Guest personality initialized and is inactive
[    2.293854] VMCI host device registered (name=vmci, major=10, minor=256)
[    2.294137] Initialized host personality
[    2.295004] VMware PVSCSI driver - version 1.0.7.0-k
[    2.295330] hv_vmbus: registering driver hv_storvsc
[    2.320032] scsi host0: ata_piix
[    2.322995] scsi host1: ata_piix
[    2.323996] ata1: PATA max MWDMA2 cmd 0x1f0 ctl 0x3f6 bmdma 0xc0e0 irq 14
[    2.324314] ata2: PATA max MWDMA2 cmd 0x170 ctl 0x376 bmdma 0xc0e8 irq 15
[    2.334300] VMware vmxnet3 virtual NIC driver - version 1.7.0.0-k-NAPI
[    2.334950] hv_vmbus: registering driver hv_netvsc
[    2.335341] Fusion MPT base driver 3.04.20
[    2.335506] Copyright (c) 1999-2008 LSI Corporation
[    2.335899] Fusion MPT SPI Host driver 3.04.20
[    2.345335] Fusion MPT SAS Host driver 3.04.20
[    2.347412] usbcore: registered new interface driver usb-storage
[    2.348630] i8042: PNP: PS/2 Controller [PNP0303:KBD,PNP0f13:MOU] at 0x60,0x64 irq 1,12
[    2.351911] serio: i8042 KBD port at 0x60,0x64 irq 1
[    2.352317] serio: i8042 AUX port at 0x60,0x64 irq 12
[    2.356419] hv_vmbus: registering driver hyperv_keyboard
[    2.360071] rtc_cmos 00:05: RTC can wake from S4
[    2.365504] rtc_cmos 00:05: registered as rtc0
[    2.368498] rtc_cmos 00:05: setting system clock to 2026-04-02T02:57:49 UTC (1775098669)
[    2.371134] rtc_cmos 00:05: alarms up to one day, y3k, 242 bytes nvram, hpet irqs
[    2.374268] amd_pstate: the _CPC object is not present in SBIOS or ACPI disabled
[    2.376719] sdhci: Secure Digital Host Controller Interface driver
[    2.381501] sdhci: Copyright(c) Pierre Ossman
[    2.391081] input: AT Translated Set 2 keyboard as /devices/platform/i8042/serio0/input/input1
[    2.418740] hid: raw HID events driver (C) Jiri Kosina
[    2.421434] hv_vmbus: registering driver hid_hyperv
[    2.424612] usbcore: registered new interface driver usbhid
[    2.426882] usbhid: USB HID core driver
[    2.429221] hv_utils: Registering HyperV Utility Driver
[    2.431601] hv_vmbus: registering driver hv_utils
[    2.433938] hv_vmbus: registering driver hv_balloon
[    2.437474] NET: Registered PF_INET6 protocol family
[    2.444986] tsc: Refined TSC clocksource calibration: 2596.080 MHz
[    2.447582] clocksource: tsc: mask: 0xffffffffffffffff max_cycles: 0x256bc4de317, max_idle_ns: 440795214554 ns
[    2.450084] clocksource: Switched to clocksource tsc
[    2.465579] Segment Routing with IPv6
[    2.467995] In-situ OAM (IOAM) with IPv6
[    2.470593] NET: Registered PF_PACKET protocol family
[    2.473490] bridge: filtering via arp/ip/ip6tables is no longer available by default. Update your scripts to load br_netfilter if you need this.
[    2.482066] 8021q: 802.1Q VLAN Support v1.8
[    2.485082] NET: Registered PF_VSOCK protocol family
[    2.494894] IPI shorthand broadcast: enabled
[    2.497256] AVX2 version of gcm_enc/dec engaged.
[    2.503806] AES CTR mode by8 optimization enabled
[    2.521193] sched_clock: Marking stable (2260117927, 252412486)->(2553094924, -40564511)
[    2.572755] ata2: found unknown device (class 0)
[    2.652810] ata2.00: ATAPI: QEMU DVD-ROM, 2.5+, max UDMA/100
[    2.661318] clk: Disabling unused clocks
[    2.682812] scsi 1:0:0:0: CD-ROM            QEMU     QEMU DVD-ROM     2.5+ PQ: 0 ANSI: 5
[    2.744355] sr 1:0:0:0: [sr0] scsi3-mmc drive: 4x/4x cd/rw xa/form2 tray
[    2.747003] cdrom: Uniform CD-ROM driver Revision: 3.20
[    2.802813] VFS: Mounted root (squashfs filesystem) readonly on device 254:2.
[    2.878446] Freeing unused kernel image (initmem) memory: 2452K
[    2.881219] Write protecting the kernel read-only data: 18432k
[    2.885744] Freeing unused kernel image (rodata/data gap) memory: 1800K
[    2.888425] Run /sbin/init as init process
[    3.144227] init: Console is alive
[    3.850941] kmodloader: loading kernel modules from /etc/modules-boot.d/*
[    3.911192] button_hotplug: loading out-of-tree module taints kernel.
[    3.918286] Button Hotplug driver version 0.4.1
[    3.941755] Intel(R) 2.5G Ethernet Linux Driver
[    3.944700] Copyright(c) 2018 Intel Corporation.
[    3.962191] igb: Intel(R) Gigabit Ethernet Network Driver
[    3.965044] igb: Copyright (c) 2007-2014 Intel Corporation.
[    3.981422] kmodloader: done loading kernel modules from /etc/modules-boot.d/*
[    3.997715] init: - preinit -
[    4.922007] 8021q: adding VLAN 0 to HW filter on device eth0
Press the [f] key and hit [enter] to enter failsafe mode
Press the [1], [2], [3] or [4] key and hit [enter] to select the debug level

[    9.593212] loop0: detected capacity change from 0 to 212992
[    9.652882] loop0: detected capacity change from 212992 to 200064
[    9.667598] mount_root: overlay filesystem in /dev/loop0 has not been formatted yet
[    9.979895] EXT4-fs (loop0): mounted filesystem 231475f8-5ffd-4e24-9147-c69549cacbe9 r/w with ordered data mode. Quota mode: disabled.
[    9.994217] mount_root: overlay filesystem has not been fully initialized yet
[   10.012921] mount_root: switching to ext4 overlay
[   10.037015] overlayfs: null uuid detected in lower fs '/', falling back to xino=off,index=off,nfs_export=off.
[   10.753804] EXT4-fs (vda1): mounted filesystem 84173db5-fa99-e35a-95c6-28613cc79ea9 r/w without journal. Quota mode: disabled.
[   10.777788] urandom-seed: Seed file not found (/etc/urandom.seed)
[   10.920010] procd: - early -
[   11.679182] procd: - ubus -
[   11.872248] procd: - init -
Please press Enter to activate this console.
root
login[998]: root login on 'ttyS0'


BusyBox v1.36.1 (2026-03-17 22:48:43 UTC) built-in shell (ash)

  _______                     ________        __
 |       |.-----.-----.-----.|  |  |  |.----.|  |_
 |   -   ||  _  |  -__|     ||  |  |  ||   _||   _|
 |_______||   __|_____|__|__||________||__|  |____|
          |__| W I R E L E S S   F R E E D O M
 -----------------------------------------------------
 OpenWrt 24.10-SNAPSHOT, r29143-214a657cfa
 -----------------------------------------------------
  ___   __ __                _______             __
 |   |_|__|  |--.----.-----.|   |   |-----.-----|  |--.
 |     |  |  _  |   _|  -__||       |  -__|__ --|     |
 |_____|__|_____|__| |_____||__|_|__|_____|_____|__|__|

 ------------------------------------------------------
 LiMe master development (master rev. 7929208 20260304_1752)
 ------------------------------------------------------
 https://libremesh.org
 ------------------------------------------------------
=== WARNING! =====================================
There is no root password defined on this device!
Use the "passwd" command to set up a new password
in order to prevent unauthorized SSH logins.
--------------------------------------------------
root@(none):~# dmesg -n 1
root@(none):~# echo 'EFLW''TYTNBQ'
EFLWTYTNBQ
root@LiMe-123456:~# run() { echo -n "$MARKER"; sh -c "$@"; echo "$MARKER $?"; }
root@LiMe-123456:~# echo 'TVVM''PBQQFG'
TVVMPBQQFG
root@LiMe-123456:~# MARKER='OHQB''ENAAMO' run 'ubus wait_for network.interface.l
an'
OHQBENAAMOOHQBENAAMO 0
root@LiMe-123456:~# echo 'AMOG''JWXEVO'
AMOGJWXEVO
root@LiMe-123456:~# MARKER='HTVZ''MPEBCM' run 'ubus call network.interface.lan s
tatus '"'"'{}'"'"''
HTVZMPEBCM{
	"up": true,
	"pending": false,
	"available": true,
	"autostart": true,
	"dynamic": false,
	"uptime": 1,
	"l3_device": "br-lan",
	"proto": "static",
	"device": "br-lan",
	"updated": [
		"addresses"
	],
	"metric": 0,
	"dns_metric": 0,
	"delegation": true,
	"ipv4-address": [
		{
			"address": "10.13.52.86",
			"mask": 16
		}
	],
	"ipv6-address": [
		{
			"address": "fd0d:fe46:8ce8::12:3456",
			"mask": 64
		}
	],
	"ipv6-prefix": [
		
	],
	"ipv6-prefix-assignment": [
		
	],
	"route": [
		
	],
	"dns-server": [
		
	],
	"dns-search": [
		
	],
	"neighbors": [
		
	],
	"inactive": {
		"ipv4-address": [
			
		],
		"ipv6-address": [
			
		],
		"route": [
			
		],
		"dns-server": [
			
		],
		"dns-search": [
			
		],
		"neighbors": [
			
		]
	},
	"data": {
		
	}
}
HTVZMPEBCM 0
root@LiMe-123456:~# echo 'CVTZ''NFLJNC'
CVTZNFLJNC
root@LiMe-123456:~# MARKER='CMQH''SGVLNW' run true
CMQHSGVLNWCMQHSGVLNW 0
root@LiMe-123456:~# echo 'JTEZ''XGWBKG'
JTEZXGWBKG
root@LiMe-123456:~# MARKER='QHJV''HJTBYE' run 'source /etc/os-release; echo $BUI
LD_ID'
QHJVHJTBYEr29143-214a657cfa
QHJVHJTBYE 0
root@LiMe-123456:~# echo 'UJMY''YEFUHU'
UJMYYEFUHU
root@LiMe-123456:~# MARKER='PJFS''VOESWA' run 'ls /etc/dropbear/dropbear_rsa_hos
t_key'
PJFSVOESWA[0;0m/etc/dropbear/dropbear_rsa_host_key[m
PJFSVOESWA 0
root@LiMe-123456:~# echo 'LOWB''PBEQGO'
LOWBPBEQGO
root@LiMe-123456:~# MARKER='VXTH''VJVJZO' run 'netstat -tlpn | grep 0.0.0.0:22'
VXTHVJVJZOnetstat: showing only processes with your user ID
tcp        0      0 0.0.0.0:22              0.0.0.0:*               LISTEN      2103/dropbear
VXTHVJVJZO 0
root@LiMe-123456:~# echo 'PWSC''BFBHSK'
PWSCBFBHSK
root@LiMe-123456:~# MARKER='KKHU''EFGMOQ' run 'dmesg | grep br-lan | grep forwar
ding'
KKHUEFGMOQ[   43.165630] br-lan: port 1(eth0) entered forwarding state
[   47.658332] br-lan: port 2(bat0) entered forwarding state
KKHUEFGMOQ 0
root@LiMe-123456:~# echo 'GBSJ''NTALOK'
GBSJNTALOK
root@LiMe-123456:~# MARKER='ELMZ''GWCTCW' run 'ubus call network.interface.lan s
tatus '"'"'{}'"'"''
ELMZGWCTCW{
	"up": true,
	"pending": false,
	"available": true,
	"autostart": true,
	"dynamic": false,
	"uptime": 8,
	"l3_device": "br-lan",
	"proto": "static",
	"device": "br-lan",
	"updated": [
		"addresses"
	],
	"metric": 0,
	"dns_metric": 0,
	"delegation": true,
	"ipv4-address": [
		{
			"address": "10.13.52.86",
			"mask": 16
		}
	],
	"ipv6-address": [
		{
			"address": "fd0d:fe46:8ce8::12:3456",
			"mask": 64
		}
	],
	"ipv6-prefix": [
		
	],
	"ipv6-prefix-assignment": [
		
	],
	"route": [
		
	],
	"dns-server": [
		
	],
	"dns-search": [
		
	],
	"neighbors": [
		
	],
	"inactive": {
		"ipv4-address": [
			
		],
		"ipv6-address": [
			
		],
		"route": [
			
		],
		"dns-server": [
			
		],
		"dns-search": [
			
		],
		"neighbors": [
			
		]
	},
	"data": {
		
	}
}
ELMZGWCTCW 0
root@LiMe-123456