Labgrid Console Logfile for main
Logfile started at 2026-04-17 03:31:55.265587
=== Log starts here ===
c[?7l[2J[0mSeaBIOS (version 1.16.3-debian-1.16.3-2)


iPXE (https://ipxe.org) 00:03.0 CA00 PCI2.10 PnP PMM+06FCAE70+06F0AE70 CA00
Press Ctrl-B to configure iPXE (PCI 00:03.0)...                                                                               




iPXE (https://ipxe.org) 00:05.0 CB00 PCI2.10 PnP PMM 06FCAE70 06F0AE70 CB00
Press Ctrl-B to configure iPXE (PCI 00:05.0)...                                                                               


Booting from Hard Disk...
GRUB loading.....
[0;30;47mWelcome to GRUB![01;01H[0m[2J[H[J[1;1H[?25l[m[H[J[1;1H[2;30HGNU GRUB  version 2.12

[m[4;2H+----------------------------------------------------------------------------+[5;2H|[5;79H|[6;2H|[6;79H|[7;2H|[7;79H|[8;2H|[8;79H|[9;2H|[9;79H|[10;2H|[10;79H|[11;2H|[11;79H|[12;2H|[12;79H|[13;2H|[13;79H|[14;2H|[14;79H|[15;2H|[15;79H|[16;2H+----------------------------------------------------------------------------+[m[17;2H[18;2H[m     Use the ^ and v keys to select which entry is highlighted.          
      Press enter to boot the selected OS, `e' to edit the commands       
      before booting or `c' for a command-line. ESC to return             
      previous menu.                                                      [5;80H [7m[5;3H*OpenWrt                                                                    [m[5;78H[m[m[6;3H OpenWrt (failsafe)                                                         [m[6;78H[m[m[7;3H                                                                            [m[7;78H[m[m[8;3H                                                                            [m[8;78H[m[m[9;3H                                                                            [m[9;78H[m[m[10;3H                                                                            [m[10;78H[m[m[11;3H                                                                            [m[11;78H[m[m[12;3H                                                                            [m[12;78H[m[m[13;3H                                                                            [m[13;78H[m[m[14;3H                                                                            [m[14;78H[m[m[15;3H                                                                            [m[15;78H[m[15;80H [5;78H[2J[02;30HGNU GRUB  version 2.12[04;02H┌────────────────────────────────────────────────────────────────────────────┐[05;02H│[05;79H│[06;02H│[06;79H│[07;02H│[07;79H│[08;02H│[08;79H│[08;79H[09;02H│[09;79H│[10;02H│[10;79H│[11;02H│[11;79H│[12;02H│[12;79H│[13;02H│[13;79H│[14;02H│[14;79H│[15;02H│[15;79H│[16;02H│[16;79H│[17;02H└────────────────────────────────────────────────────────────────────────────┘[19;02H     Use the ↑ and ↓ keys to select which entry is highlighted.          
      Press enter to boot the selected OS, `e' to edit the commands       
      before booting or `c' for a command-line. ESC to return             [21;74H
      previous menu.                                                      [05;80H [05;03H[0;30;47m*OpenWrt                                                                    [06;03H[0m OpenWrt (failsafe)                                                         [07;03H                                                                            [08;03H                                                                            [09;03H                                                                            [10;03H                                 [10;35H[10;36H                                           [11;03H                                                                            [12;03H                                                                            [13;03H                                                                            [14;03H                                                                            [15;03H                                                                            [16;03H                                                                            [16;80H 






   The highlighted entry will be executed automatically in 5s.                [22;1H   The highlighted entry will be executed automatically in 5s.                 [5;78H [05;78H

















   The highlighted entry will be executed automatically in 4s.                [22;1H   The highlighted entry will be executed automatically in 4s.                 [5;78H [05;78H

















   The highlighted entry will be executed automatically in 3s.                [22;1H   The highlighted entry will be executed automatically in 3s.                 [5;78H [05;78H

















   The highlighted entry will be executed automatically in 2s.                [22;1H   The highlighted entry will be executed automatically in 2s.                 [5;78H [05;78H

















   The highlighted entr[23;23H[23;24Hy will be executed automatically in 1s.                [22;1H   The highlighted entry will be executed automatically in 1s.                 [5;78H [05;78H

















   The highlighted entry will be executed automatically in 0s.                [22;1H   The highlighted entry will be executed automatically in 0s.                 [5;78H [01;01H[2J[?25h[H[J[1;1H[H[J[1;1H[2J   Booting `OpenWrt' Booting `OpenWrt

'

[    0.000000] Linux version 6.6.133 (builder@buildhost) (x86_64-openwrt-linux-musl-gcc (OpenWrt GCC 13.3.0 r29157-44df9972d5) 13.3.0, GNU ld (GNU Binutils) 2.42) #0 SMP Sun Apr 12 18:14:18 2026
[    0.000000] Command line: BOOT_IMAGE=/boot/vmlinuz root=PARTUUID=9c236c87-02 rootwait console=tty1 console=ttyS0,115200n8 noinitrd
[    0.000000] BIOS-provided physical RAM map:
[    0.000000] BIOS-e820: [mem 0x0000000000000000-0x000000000009fbff] usable
[    0.000000] BIOS-e820: [mem 0x000000000009fc00-0x000000000009ffff] reserved
[    0.000000] BIOS-e820: [mem 0x00000000000f0000-0x00000000000fffff] reserved
[    0.000000] BIOS-e820: [mem 0x0000000000100000-0x0000000007fdcfff] usable
[    0.000000] BIOS-e820: [mem 0x0000000007fdd000-0x0000000007ffffff] reserved
[    0.000000] BIOS-e820: [mem 0x00000000fffc0000-0x00000000ffffffff] reserved
[    0.000000] BIOS-e820: [mem 0x000000fd00000000-0x000000ffffffffff] reserved
[    0.000000] NX (Execute Disable) protection: active
[    0.000000] APIC: Static calls initialized
[    0.000000] SMBIOS 3.0.0 present.
[    0.000000] DMI: QEMU Standard PC (i440FX + PIIX, 1996), BIOS 1.16.3-debian-1.16.3-2 04/01/2014
[    0.000000] tsc: Fast TSC calibration using PIT
[    0.000000] tsc: Detected 2445.405 MHz processor
[    0.009259] last_pfn = 0x7fdd max_arch_pfn = 0x400000000
[    0.009870] MTRR map: 4 entries (3 fixed + 1 variable; max 19), built from 8 variable MTRRs
[    0.010051] x86/PAT: Configuration [0-7]: WB  WC  UC- UC  WB  WP  UC- WT  
[    0.028288] found SMP MP-table at [mem 0x000f5460-0x000f546f]
[    0.029600] Using GB pages for direct mapping
[    0.033426] ACPI: Early table checksum verification disabled
[    0.033745] ACPI: RSDP 0x00000000000F5290 000014 (v00 BOCHS )
[    0.034031] ACPI: RSDT 0x0000000007FE1C64 000034 (v01 BOCHS  BXPC     00000001 BXPC 00000001)
[    0.034554] ACPI: FACP 0x0000000007FE1B18 000074 (v01 BOCHS  BXPC     00000001 BXPC 00000001)
[    0.035146] ACPI: DSDT 0x0000000007FE0040 001AD8 (v01 BOCHS  BXPC     00000001 BXPC 00000001)
[    0.035267] ACPI: FACS 0x0000000007FE0000 000040
[    0.035322] ACPI: APIC 0x0000000007FE1B8C 000078 (v03 BOCHS  BXPC     00000001 BXPC 00000001)
[    0.035348] ACPI: HPET 0x0000000007FE1C04 000038 (v01 BOCHS  BXPC     00000001 BXPC 00000001)
[    0.035372] ACPI: WAET 0x0000000007FE1C3C 000028 (v01 BOCHS  BXPC     00000001 BXPC 00000001)
[    0.035455] ACPI: Reserving FACP table memory at [mem 0x7fe1b18-0x7fe1b8b]
[    0.035501] ACPI: Reserving DSDT table memory at [mem 0x7fe0040-0x7fe1b17]
[    0.035509] ACPI: Reserving FACS table memory at [mem 0x7fe0000-0x7fe003f]
[    0.035516] ACPI: Reserving APIC table memory at [mem 0x7fe1b8c-0x7fe1c03]
[    0.035522] ACPI: Reserving HPET table memory at [mem 0x7fe1c04-0x7fe1c3b]
[    0.035528] ACPI: Reserving WAET table memory at [mem 0x7fe1c3c-0x7fe1c63]
[    0.038567] Zone ranges:
[    0.038599]   DMA      [mem 0x0000000000001000-0x0000000000ffffff]
[    0.038678]   DMA32    [mem 0x0000000001000000-0x0000000007fdcfff]
[    0.038690]   Normal   empty
[    0.038714] Movable zone start for each node
[    0.038740] Early memory node ranges
[    0.038769]   node   0: [mem 0x0000000000001000-0x000000000009efff]
[    0.038812]   node   0: [mem 0x0000000000100000-0x0000000007fdcfff]
[    0.038920] Initmem setup node 0 [mem 0x0000000000001000-0x0000000007fdcfff]
[    0.039754] On node 0, zone DMA: 1 pages in unavailable ranges
[    0.040092] On node 0, zone DMA: 97 pages in unavailable ranges
[    0.041174] On node 0, zone DMA32: 35 pages in unavailable ranges
[    0.041510] ACPI: PM-Timer IO Port: 0x608
[    0.041866] ACPI: LAPIC_NMI (acpi_id[0xff] dfl dfl lint[0x1])
[    0.042288] IOAPIC[0]: apic_id 0, version 32, address 0xfec00000, GSI 0-23
[    0.042406] ACPI: INT_SRC_OVR (bus 0 bus_irq 0 global_irq 2 dfl dfl)
[    0.042654] ACPI: INT_SRC_OVR (bus 0 bus_irq 5 global_irq 5 high level)
[    0.042710] ACPI: INT_SRC_OVR (bus 0 bus_irq 9 global_irq 9 high level)
[    0.042797] ACPI: INT_SRC_OVR (bus 0 bus_irq 10 global_irq 10 high level)
[    0.042808] ACPI: INT_SRC_OVR (bus 0 bus_irq 11 global_irq 11 high level)
[    0.043007] ACPI: Using ACPI (MADT) for SMP configuration information
[    0.043052] ACPI: HPET id: 0x8086a201 base: 0xfed00000
[    0.043351] smpboot: Allowing 1 CPUs, 0 hotplug CPUs
[    0.044418] [mem 0x08000000-0xfffbffff] available for PCI devices
[    0.044492] Booting paravirtualized kernel on bare hardware
[    0.044794] clocksource: refined-jiffies: mask: 0xffffffff max_cycles: 0xffffffff, max_idle_ns: 19112604462750000 ns
[    0.045431] setup_percpu: NR_CPUS:512 nr_cpumask_bits:1 nr_cpu_ids:1 nr_node_ids:1
[    0.047022] percpu: Embedded 48 pages/cpu s158248 r8192 d30168 u2097152
[    0.049261] Kernel command line: BOOT_IMAGE=/boot/vmlinuz root=PARTUUID=9c236c87-02 rootwait console=tty1 console=ttyS0,115200n8 noinitrd
[    0.050858] random: crng init done
[    0.055713] Dentry cache hash table entries: 16384 (order: 5, 131072 bytes, linear)
[    0.056688] Inode-cache hash table entries: 8192 (order: 4, 65536 bytes, linear)
[    0.059492] Built 1 zonelists, mobility grouping on.  Total pages: 31965
[    0.059715] mem auto-init: stack:off, heap alloc:off, heap free:off
[    0.063176] Memory: 102576K/130540K available (14336K kernel code, 1170K rwdata, 2300K rodata, 2456K init, 2404K bss, 27708K reserved, 0K cma-reserved)
[    0.069479] SLUB: HWalign=64, Order=0-3, MinObjects=0, CPUs=1, Nodes=1
[    0.076771] rcu: Hierarchical RCU implementation.
[    0.076800] rcu: 	RCU restricting CPUs from NR_CPUS=512 to nr_cpu_ids=1.
[    0.076913] 	Tracing variant of Tasks RCU enabled.
[    0.076996] rcu: RCU calculated value of scheduler-enlistment delay is 10 jiffies.
[    0.077024] rcu: Adjusting geometry for rcu_fanout_leaf=16, nr_cpu_ids=1
[    0.078138] NR_IRQS: 33024, nr_irqs: 256, preallocated irqs: 16
[    0.086777] rcu: srcu_init: Setting srcu_struct sizes based on contention.
[    0.093612] Console: colour VGA+ 80x25
[    0.093920] printk: console [tty1] enabled
[    0.101469] printk: console [ttyS0] enabled
[    0.332196] ACPI: Core revision 20230628
[    0.337337] clocksource: hpet: mask: 0xffffffff max_cycles: 0xffffffff, max_idle_ns: 19112604467 ns
[    0.347152] APIC: Switch to symmetric I/O mode setup
[    0.351352] ..TIMER: vector=0x30 apic1=0 pin1=2 apic2=-1 pin2=-1
[    0.394055] clocksource: tsc-early: mask: 0xffffffffffffffff max_cycles: 0x233fc3b4c22, max_idle_ns: 440795229441 ns
[    0.394688] Calibrating delay loop (skipped), value calculated using timer frequency.. 4890.81 BogoMIPS (lpj=24454050)
[    0.396326] x86/cpu: User Mode Instruction Prevention (UMIP) activated
[    0.411080] Last level iTLB entries: 4KB 0, 2MB 0, 4MB 0
[    0.411482] Last level dTLB entries: 4KB 0, 2MB 0, 4MB 0, 1GB 0
[    0.411890] Spectre V1 : Mitigation: usercopy/swapgs barriers and __user pointer sanitization
[    0.415235] Spectre V2 : Mitigation: Retpolines
[    0.416348] Spectre V2 : Spectre v2 / SpectreRSB: Filling RSB on context switch and VMEXIT
[    0.416885] Speculative Store Bypass: Vulnerable
[    0.418554] x86/fpu: Supporting XSAVE feature 0x001: 'x87 floating point registers'
[    0.423870] x86/fpu: Supporting XSAVE feature 0x002: 'SSE registers'
[    0.425804] x86/fpu: Supporting XSAVE feature 0x004: 'AVX registers'
[    0.426035] x86/fpu: Supporting XSAVE feature 0x008: 'MPX bounds registers'
[    0.426305] x86/fpu: Supporting XSAVE feature 0x010: 'MPX CSR'
[    0.434965] x86/fpu: xstate_offset[2]:  576, xstate_sizes[2]:  256
[    0.435391] x86/fpu: xstate_offset[3]:  960, xstate_sizes[3]:   64
[    0.435638] x86/fpu: xstate_offset[4]: 1024, xstate_sizes[4]:   64
[    0.435871] x86/fpu: Enabled xstate features 0x1f, context size is 1088 bytes, using 'standard' format.
[    0.690155] Freeing SMP alternatives memory: 40K
[    0.691394] pid_max: default: 32768 minimum: 301
[    0.700440] Mount-cache hash table entries: 512 (order: 0, 4096 bytes, linear)
[    0.700822] Mountpoint-cache hash table entries: 512 (order: 0, 4096 bytes, linear)
[    0.849787] smpboot: CPU0: AMD QEMU TCG CPU version 2.5+ (family: 0x6, model: 0x6, stepping: 0x3)
[    0.854600] RCU Tasks Trace: Setting shift to 0 and lim to 1 rcu_task_cb_adjust=1 rcu_task_cpu_ids=1.
[    0.854600] Performance Events: PMU not available due to virtualization, using software events only.
[    0.855478] signal: max sigframe size: 1616
[    0.858102] rcu: Hierarchical SRCU implementation.
[    0.858314] rcu: 	Max phase no-delay instances is 1000.
[    0.861279] smp: Bringing up secondary CPUs ...
[    0.866132] smp: Brought up 1 node, 1 CPU
[    0.866824] smpboot: Max logical packages: 1
[    0.867267] smpboot: Total of 1 processors activated (4890.81 BogoMIPS)
[    0.882465] clocksource: jiffies: mask: 0xffffffff max_cycles: 0xffffffff, max_idle_ns: 19112604462750000 ns
[    0.883306] futex hash table entries: 256 (order: 2, 16384 bytes, linear)
[    0.884335] pinctrl core: initialized pinctrl subsystem
[    0.903639] NET: Registered PF_NETLINK/PF_ROUTE protocol family
[    0.910576] thermal_sys: Registered thermal governor 'step_wise'
[    0.910609] thermal_sys: Registered thermal governor 'user_space'
[    0.911467] cpuidle: using governor ladder
[    0.911953] cpuidle: using governor menu
[    0.915796] acpiphp: ACPI Hot Plug PCI Controller Driver version: 0.5
[    0.918443] PCI: Using configuration type 1 for base access
[    0.927350] cryptd: max_cpu_qlen set to 1000
[    0.932028] ACPI: Added _OSI(Module Device)
[    0.932230] ACPI: Added _OSI(Processor Device)
[    0.932397] ACPI: Added _OSI(Processor Aggregator Device)
[    0.947264] ACPI: 1 ACPI AML tables successfully acquired and loaded
[    0.961492] ACPI: _OSC evaluation for CPUs failed, trying _PDC
[    0.963530] ACPI: Interpreter enabled
[    0.964241] ACPI: PM: (supports S0 S5)
[    0.964440] ACPI: Using IOAPIC for interrupt routing
[    0.965003] PCI: Using host bridge windows from ACPI; if necessary, use "pci=nocrs" and report a bug
[    0.972172] PCI: Using E820 reservations for host bridge windows
[    0.973900] ACPI: Enabled 2 GPEs in block 00 to 0F
[    1.003972] ACPI: PCI Root Bridge [PCI0] (domain 0000 [bus 00-ff])
[    1.004903] acpi PNP0A03:00: _OSC: OS supports [ASPM ClockPM Segments MSI HPX-Type3]
[    1.005393] acpi PNP0A03:00: _OSC: not requesting OS control; OS requires [ExtendedConfig ASPM ClockPM MSI]
[    1.006237] acpi PNP0A03:00: fail to add MMCONFIG information, can't access extended configuration space under this bridge
[    1.019322] acpiphp: Slot [3] registered
[    1.019756] acpiphp: Slot [4] registered
[    1.020017] acpiphp: Slot [5] registered
[    1.020255] acpiphp: Slot [6] registered
[    1.024930] acpiphp: Slot [7] registered
[    1.025366] acpiphp: Slot [8] registered
[    1.025618] acpiphp: Slot [9] registered
[    1.025852] acpiphp: Slot [10] registered
[    1.026089] acpiphp: Slot [11] registered
[    1.026394] acpiphp: Slot [12] registered
[    1.036498] acpiphp: Slot [13] registered
[    1.036780] acpiphp: Slot [14] registered
[    1.037025] acpiphp: Slot [15] registered
[    1.037285] acpiphp: Slot [16] registered
[    1.037526] acpiphp: Slot [17] registered
[    1.037759] acpiphp: Slot [18] registered
[    1.038005] acpiphp: Slot [19] registered
[    1.044950] acpiphp: Slot [20] registered
[    1.045320] acpiphp: Slot [21] registered
[    1.045636] acpiphp: Slot [22] registered
[    1.045915] acpiphp: Slot [23] registered
[    1.046165] acpiphp: Slot [24] registered
[    1.046405] acpiphp: Slot [25] registered
[    1.054935] acpiphp: Slot [26] registered
[    1.055400] acpiphp: Slot [27] registered
[    1.055702] acpiphp: Slot [28] registered
[    1.055953] acpiphp: Slot [29] registered
[    1.056192] acpiphp: Slot [30] registered
[    1.056436] acpiphp: Slot [31] registered
[    1.065139] PCI host bridge to bus 0000:00
[    1.065620] pci_bus 0000:00: root bus resource [io  0x0000-0x0cf7 window]
[    1.065984] pci_bus 0000:00: root bus resource [io  0x0d00-0xffff window]
[    1.066212] pci_bus 0000:00: root bus resource [mem 0x000a0000-0x000bffff window]
[    1.074797] pci_bus 0000:00: root bus resource [mem 0x08000000-0xfebfffff window]
[    1.075233] pci_bus 0000:00: root bus resource [mem 0x100000000-0x17fffffff window]
[    1.075710] pci_bus 0000:00: root bus resource [bus 00-ff]
[    1.085319] pci 0000:00:00.0: [8086:1237] type 00 class 0x060000
[    1.097767] pci 0000:00:01.0: [8086:7000] type 00 class 0x060100
[    1.098587] pci 0000:00:01.1: [8086:7010] type 00 class 0x010180
[    1.101260] pci 0000:00:01.1: BAR 4 [io  0xc0e0-0xc0ef]
[    1.102446] pci 0000:00:01.1: BAR 0 [io  0x01f0-0x01f7]: legacy IDE quirk
[    1.104815] pci 0000:00:01.1: BAR 1 [io  0x03f6]: legacy IDE quirk
[    1.105222] pci 0000:00:01.1: BAR 2 [io  0x0170-0x0177]: legacy IDE quirk
[    1.105502] pci 0000:00:01.1: BAR 3 [io  0x0376]: legacy IDE quirk
[    1.106381] pci 0000:00:01.3: [8086:7113] type 00 class 0x068000
[    1.115295] pci 0000:00:01.3: quirk: [io  0x0600-0x063f] claimed by PIIX4 ACPI
[    1.115588] pci 0000:00:01.3: quirk: [io  0x0700-0x070f] claimed by PIIX4 SMB
[    1.116394] pci 0000:00:02.0: [1234:1111] type 00 class 0x030000
[    1.117118] pci 0000:00:02.0: BAR 0 [mem 0xfd000000-0xfdffffff pref]
[    1.126090] pci 0000:00:02.0: BAR 2 [mem 0xfeb90000-0xfeb90fff]
[    1.128731] pci 0000:00:02.0: ROM [mem 0xfeb80000-0xfeb8ffff pref]
[    1.129216] pci 0000:00:02.0: Video device with shadowed ROM at [mem 0x000c0000-0x000dffff]
[    1.135639] pci 0000:00:03.0: [1af4:1000] type 00 class 0x020000
[    1.136525] pci 0000:00:03.0: BAR 0 [io  0xc080-0xc09f]
[    1.139033] pci 0000:00:03.0: BAR 4 [mem 0xfe000000-0xfe003fff 64bit pref]
[    1.140005] pci 0000:00:03.0: ROM [mem 0xfea80000-0xfeafffff pref]
[    1.149943] pci 0000:00:04.0: [1af4:1005] type 00 class 0x00ff00
[    1.154961] pci 0000:00:04.0: BAR 0 [io  0xc0a0-0xc0bf]
[    1.155791] pci 0000:00:04.0: BAR 1 [mem 0xfeb91000-0xfeb91fff]
[    1.158549] pci 0000:00:04.0: BAR 4 [mem 0xfe004000-0xfe007fff 64bit pref]
[    1.164758] pci 0000:00:05.0: [1af4:1000] type 00 class 0x020000
[    1.166834] pci 0000:00:05.0: BAR 0 [io  0xc0c0-0xc0df]
[    1.167839] pci 0000:00:05.0: BAR 1 [mem 0xfeb92000-0xfeb92fff]
[    1.169527] pci 0000:00:05.0: BAR 4 [mem 0xfe008000-0xfe00bfff 64bit pref]
[    1.170462] pci 0000:00:05.0: ROM [mem 0xfeb00000-0xfeb7ffff pref]
[    1.178524] pci 0000:00:06.0: [1af4:1001] type 00 class 0x010000
[    1.179814] pci 0000:00:06.0: BAR 0 [io  0xc000-0xc07f]
[    1.180933] pci 0000:00:06.0: BAR 1 [mem 0xfeb93000-0xfeb93fff]
[    1.182610] pci 0000:00:06.0: BAR 4 [mem 0xfe00c000-0xfe00ffff 64bit pref]
[    1.195626] ACPI: PCI: Interrupt link LNKA configured for IRQ 10
[    1.196466] ACPI: PCI: Interrupt link LNKB configured for IRQ 10
[    1.197085] ACPI: PCI: Interrupt link LNKC configured for IRQ 11
[    1.197839] ACPI: PCI: Interrupt link LNKD configured for IRQ 11
[    1.198548] ACPI: PCI: Interrupt link LNKS configured for IRQ 9
[    1.201814] iommu: Default domain type: Translated
[    1.202026] iommu: DMA domain TLB invalidation policy: lazy mode
[    1.204176] SCSI subsystem initialized
[    1.206624] ACPI: bus type USB registered
[    1.207148] usbcore: registered new interface driver usbfs
[    1.207595] usbcore: registered new interface driver hub
[    1.207960] usbcore: registered new device driver usb
[    1.208496] pps_core: LinuxPPS API ver. 1 registered
[    1.214865] pps_core: Software ver. 5.3.6 - Copyright 2005-2007 Rodolfo Giometti <giometti@linux.it>
[    1.215360] PTP clock support registered
[    1.233377] PCI: Using ACPI for IRQ routing
[    1.236738] hpet0: at MMIO 0xfed00000, IRQs 2, 8, 0
[    1.237012] hpet0: 3 comparators, 64-bit 100.000000 MHz counter
[    1.243187] clocksource: Switched to clocksource tsc-early
[    1.243187] pnp: PnP ACPI init
[    1.243187] pnp: PnP ACPI: found 6 devices
[    1.256021] clocksource: acpi_pm: mask: 0xffffff max_cycles: 0xffffff, max_idle_ns: 2085701024 ns
[    1.256912] NET: Registered PF_INET protocol family
[    1.258401] IP idents hash table entries: 2048 (order: 2, 16384 bytes, linear)
[    1.263485] tcp_listen_portaddr_hash hash table entries: 256 (order: 0, 4096 bytes, linear)
[    1.267142] Table-perturb hash table entries: 65536 (order: 6, 262144 bytes, linear)
[    1.267484] TCP established hash table entries: 1024 (order: 1, 8192 bytes, linear)
[    1.267972] TCP bind hash table entries: 1024 (order: 3, 32768 bytes, linear)
[    1.277882] TCP: Hash tables configured (established 1024 bind 1024)
[    1.280009] MPTCP token hash table entries: 256 (order: 1, 6144 bytes, linear)
[    1.280500] UDP hash table entries: 256 (order: 1, 8192 bytes, linear)
[    1.280955] UDP-Lite hash table entries: 256 (order: 1, 8192 bytes, linear)
[    1.290174] NET: Registered PF_UNIX/PF_LOCAL protocol family
[    1.291448] pci_bus 0000:00: resource 4 [io  0x0000-0x0cf7 window]
[    1.291692] pci_bus 0000:00: resource 5 [io  0x0d00-0xffff window]
[    1.291903] pci_bus 0000:00: resource 6 [mem 0x000a0000-0x000bffff window]
[    1.299822] pci_bus 0000:00: resource 7 [mem 0x08000000-0xfebfffff window]
[    1.300144] pci_bus 0000:00: resource 8 [mem 0x100000000-0x17fffffff window]
[    1.300853] pci 0000:00:01.0: PIIX3: Enabling Passive Release
[    1.301147] pci 0000:00:00.0: Limiting direct PCI/PCI transfers
[    1.311095] PCI: CLS 0 bytes, default 64
[    1.341606] workingset: timestamp_bits=46 max_order=15 bucket_order=0
[    1.343573] squashfs: version 4.0 (2009/01/31) Phillip Lougher
[    1.346216] Block layer SCSI generic (bsg) driver version 0.4 loaded (major 247)
[    1.350156] hv_vmbus: registering driver hyperv_fb
[    1.355287] input: Power Button as /devices/LNXSYSTM:00/LNXPWRBN:00/input/input0
[    1.367610] ACPI: button: Power Button [PWRF]
[    1.554396] ACPI: \_SB_.LNKC: Enabled at IRQ 11
[    1.733021] ACPI: \_SB_.LNKD: Enabled at IRQ 10
[    1.909452] ACPI: \_SB_.LNKA: Enabled at IRQ 10
[    2.085756] ACPI: \_SB_.LNKB: Enabled at IRQ 11
[    2.087639] Serial: 8250/16550 driver, 16 ports, IRQ sharing enabled
[    2.112295] 00:04: ttyS0 at I/O 0x3f8 (irq = 4, base_baud = 115200) is a 16550A
[    2.156429] Non-volatile memory driver v1.3
[    2.169469] Linux agpgart interface v0.103
[    2.170283] AMD-Vi: AMD IOMMUv2 functionality not available on this system - This is not a bug.
[    2.170876] ACPI: bus type drm_connector registered
[    2.173151] [drm] Found bochs VGA, ID 0xb0c5.
[    2.173349] [drm] Framebuffer size 16384 kB @ 0xfd000000, mmio @ 0xfeb90000.
[    2.186111] [drm] Found EDID data blob.
[    2.191584] [drm] Initialized bochs-drm 1.0.0 20130925 for 0000:00:02.0 on minor 0
[    2.260818] Console: switching to colour frame buffer device 160x50
[    2.269935] bochs-drm 0000:00:02.0: [drm] fb0: bochs-drmdrmfb frame buffer device
[    2.310066] loop: module loaded
[    2.310855] virtio_blk virtio3: 1/0/0 default/read/poll queues
[    2.315655] virtio_blk virtio3: [vda] 246784 512-byte logical blocks (126 MB/121 MiB)
[    2.324519]  vda: vda1 vda2
[    2.327898] Guest personality initialized and is inactive
[    2.328473] VMCI host device registered (name=vmci, major=10, minor=256)
[    2.328756] Initialized host personality
[    2.329694] VMware PVSCSI driver - version 1.0.7.0-k
[    2.330035] hv_vmbus: registering driver hv_storvsc
[    2.339070] tsc: Refined TSC clocksource calibration: 2445.404 MHz
[    2.339694] clocksource: tsc: mask: 0xffffffffffffffff max_cycles: 0x233fc319723, max_idle_ns: 440795258057 ns
[    2.340210] clocksource: Switched to clocksource tsc
[    2.365638] scsi host0: ata_piix
[    2.368949] scsi host1: ata_piix
[    2.369970] ata1: PATA max MWDMA2 cmd 0x1f0 ctl 0x3f6 bmdma 0xc0e0 irq 14
[    2.370243] ata2: PATA max MWDMA2 cmd 0x170 ctl 0x376 bmdma 0xc0e8 irq 15
[    2.380248] VMware vmxnet3 virtual NIC driver - version 1.7.0.0-k-NAPI
[    2.380863] hv_vmbus: registering driver hv_netvsc
[    2.381242] Fusion MPT base driver 3.04.20
[    2.381400] Copyright (c) 1999-2008 LSI Corporation
[    2.381786] Fusion MPT SPI Host driver 3.04.20
[    2.391269] Fusion MPT SAS Host driver 3.04.20
[    2.393400] usbcore: registered new interface driver usb-storage
[    2.394670] i8042: PNP: PS/2 Controller [PNP0303:KBD,PNP0f13:MOU] at 0x60,0x64 irq 1,12
[    2.400789] serio: i8042 KBD port at 0x60,0x64 irq 1
[    2.403441] serio: i8042 AUX port at 0x60,0x64 irq 12
[    2.405644] hv_vmbus: registering driver hyperv_keyboard
[    2.408278] rtc_cmos 00:05: RTC can wake from S4
[    2.413278] rtc_cmos 00:05: registered as rtc0
[    2.416123] rtc_cmos 00:05: setting system clock to 2026-04-17T03:32:06 UTC (1776396726)
[    2.418738] rtc_cmos 00:05: alarms up to one day, y3k, 242 bytes nvram, hpet irqs
[    2.421645] amd_pstate: the _CPC object is not present in SBIOS or ACPI disabled
[    2.424067] sdhci: Secure Digital Host Controller Interface driver
[    2.429276] sdhci: Copyright(c) Pierre Ossman
[    2.439065] input: AT Translated Set 2 keyboard as /devices/platform/i8042/serio0/input/input1
[    2.471423] hid: raw HID events driver (C) Jiri Kosina
[    2.474006] hv_vmbus: registering driver hid_hyperv
[    2.476787] usbcore: registered new interface driver usbhid
[    2.479086] usbhid: USB HID core driver
[    2.481326] hv_utils: Registering HyperV Utility Driver
[    2.484067] hv_vmbus: registering driver hv_utils
[    2.486121] hv_vmbus: registering driver hv_balloon
[    2.489499] NET: Registered PF_INET6 protocol family
[    2.505984] Segment Routing with IPv6
[    2.508300] In-situ OAM (IOAM) with IPv6
[    2.510780] NET: Registered PF_PACKET protocol family
[    2.513437] bridge: filtering via arp/ip/ip6tables is no longer available by default. Update your scripts to load br_netfilter if you need this.
[    2.522610] 8021q: 802.1Q VLAN Support v1.8
[    2.525226] NET: Registered PF_VSOCK protocol family
[    2.534680] IPI shorthand broadcast: enabled
[    2.536891] AVX2 version of gcm_enc/dec engaged.
[    2.543450] AES CTR mode by8 optimization enabled
[    2.564633] sched_clock: Marking stable (2310090839, 247316094)->(2639077575, -81670642)
[    2.617996] ata2: found unknown device (class 0)
[    2.705091] ata2.00: ATAPI: QEMU DVD-ROM, 2.5+, max UDMA/100
[    2.721356] scsi 1:0:0:0: CD-ROM            QEMU     QEMU DVD-ROM     2.5+ PQ: 0 ANSI: 5
[    2.732179] clk: Disabling unused clocks
[    2.789286] sr 1:0:0:0: [sr0] scsi3-mmc drive: 4x/4x cd/rw xa/form2 tray
[    2.791785] cdrom: Uniform CD-ROM driver Revision: 3.20
[    2.846947] VFS: Mounted root (squashfs filesystem) readonly on device 254:2.
[    2.916063] Freeing unused kernel image (initmem) memory: 2456K
[    2.918490] Write protecting the kernel read-only data: 18432k
[    2.922909] Freeing unused kernel image (rodata/data gap) memory: 1796K
[    2.925353] Run /sbin/init as init process
[    3.211478] init: Console is alive
[    4.002917] kmodloader: loading kernel modules from /etc/modules-boot.d/*
[    4.066428] button_hotplug: loading out-of-tree module taints kernel.
[    4.074244] Button Hotplug driver version 0.4.1
[    4.098974] Intel(R) 2.5G Ethernet Linux Driver
[    4.101324] Copyright(c) 2018 Intel Corporation.
[    4.120212] igb: Intel(R) Gigabit Ethernet Network Driver
[    4.122571] igb: Copyright (c) 2007-2014 Intel Corporation.
[    4.138714] kmodloader: done loading kernel modules from /etc/modules-boot.d/*
[    4.154656] init: - preinit -
[    5.102160] 8021q: adding VLAN 0 to HW filter on device eth0
Press the [f] key and hit [enter] to enter failsafe mode
Press the [1], [2], [3] or [4] key and hit [enter] to select the debug level

[    9.792963] loop0: detected capacity change from 0 to 212992
[    9.857731] loop0: detected capacity change from 212992 to 200064
[    9.866512] mount_root: overlay filesystem in /dev/loop0 has not been formatted yet
[   10.233106] EXT4-fs (loop0): mounted filesystem 0011d537-f7f7-4d36-9ff4-100d1322d561 r/w with ordered data mode. Quota mode: disabled.
[   10.246951] mount_root: overlay filesystem has not been fully initialized yet
[   10.265123] mount_root: switching to ext4 overlay
[   10.289058] overlayfs: null uuid detected in lower fs '/', falling back to xino=off,index=off,nfs_export=off.
[   11.016145] EXT4-fs (vda1): mounted filesystem 84173db5-fa99-e35a-95c6-28613cc79ea9 r/w without journal. Quota mode: disabled.
[   11.040010] urandom-seed: Seed file not found (/etc/urandom.seed)
[   11.183193] procd: - early -
[   11.965869] procd: - ubus -
[   12.160022] procd: - init -
Please press Enter to activate this console.
root
login[1002]: root login on 'ttyS0'


BusyBox v1.36.1 (2026-04-12 18:14:18 UTC) built-in shell (ash)

  _______                     ________        __
 |       |.-----.-----.-----.|  |  |  |.----.|  |_
 |   -   ||  _  |  -__|     ||  |  |  ||   _||   _|
 |_______||   __|_____|__|__||________||__|  |____|
          |__| W I R E L E S S   F R E E D O M
 -----------------------------------------------------
 OpenWrt 24.10-SNAPSHOT, r29157-44df9972d5
 -----------------------------------------------------
  ___   __ __                _______             __
 |   |_|__|  |--.----.-----.|   |   |-----.-----|  |--.
 |     |  |  _  |   _|  -__||       |  -__|__ --|     |
 |_____|__|_____|__| |_____||__|_|__|_____|_____|__|__|

 ------------------------------------------------------
 LiMe master development (master rev. aebe482 20260416_0852)
 ------------------------------------------------------
 https://libremesh.org
 ------------------------------------------------------
=== WARNING! =====================================
There is no root password defined on this device!
Use the "passwd" command to set up a new password
in order to prevent unauthorized SSH logins.
--------------------------------------------------
root@(none):~# dmesg -n 1
root@(none):~# echo 'POCE''EOHFGJ'
POCEEOHFGJ
root@LiMe-123456:~# run() { echo -n "$MARKER"; sh -c "$@"; echo "$MARKER $?"; }
root@LiMe-123456:~# echo 'QKMM''XNVGMZ'
QKMMXNVGMZ
root@LiMe-123456:~# MARKER='ZBTY''SHCTXF' run 'ubus wait_for network.interface.l
an'
ZBTYSHCTXFZBTYSHCTXF 0
root@LiMe-123456:~# echo 'HQLP''FFBAPV'
HQLPFFBAPV
root@LiMe-123456:~# MARKER='UBAF''CCSOUX' run 'ubus call network.interface.lan s
tatus '"'"'{}'"'"''
UBAFCCSOUX{
	"up": true,
	"pending": false,
	"available": true,
	"autostart": true,
	"dynamic": false,
	"uptime": 1,
	"l3_device": "br-lan",
	"proto": "static",
	"device": "br-lan",
	"updated": [
		"addresses"
	],
	"metric": 0,
	"dns_metric": 0,
	"delegation": true,
	"ipv4-address": [
		{
			"address": "10.13.52.86",
			"mask": 16
		}
	],
	"ipv6-address": [
		{
			"address": "fd0d:fe46:8ce8::12:3456",
			"mask": 64
		}
	],
	"ipv6-prefix": [
		
	],
	"ipv6-prefix-assignment": [
		
	],
	"route": [
		
	],
	"dns-server": [
		
	],
	"dns-search": [
		
	],
	"neighbors": [
		
	],
	"inactive": {
		"ipv4-address": [
			
		],
		"ipv6-address": [
			
		],
		"route": [
			
		],
		"dns-server": [
			
		],
		"dns-search": [
			
		],
		"neighbors": [
			
		]
	},
	"data": {
		
	}
}
UBAFCCSOUX 0
root@LiMe-123456:~# echo 'NOGY''GAVYYQ'
NOGYGAVYYQ
root@LiMe-123456:~# MARKER='QXSA''LCGGYK' run true
QXSALCGGYKQXSALCGGYK 0
root@LiMe-123456:~# echo 'VKGJ''CXHKXN'
VKGJCXHKXN
root@LiMe-123456:~# MARKER='MOMU''QLNEOW' run 'source /etc/os-release; echo $BUI
LD_ID'
MOMUQLNEOWr29157-44df9972d5
MOMUQLNEOW 0
root@LiMe-123456:~# echo 'TPXF''UWEZVF'
TPXFUWEZVF
root@LiMe-123456:~# MARKER='YJQE''MKNEMK' run 'ls /etc/dropbear/dropbear_rsa_hos
t_key'
YJQEMKNEMK[0;0m/etc/dropbear/dropbear_rsa_host_key[m
YJQEMKNEMK 0
root@LiMe-123456:~# echo 'UABX''XJATGG'
UABXXJATGG
root@LiMe-123456:~# MARKER='MPFC''MEOXMO' run 'netstat -tlpn | grep 0.0.0.0:22'
MPFCMEOXMOnetstat: showing only processes with your user ID
tcp        0      0 0.0.0.0:22              0.0.0.0:*               LISTEN      2119/dropbear
MPFCMEOXMO 0
root@LiMe-123456:~# echo 'QJPJ''GTOHLG'
QJPJGTOHLG
root@LiMe-123456:~# MARKER='OHYP''ZUMXGU' run 'dmesg | grep br-lan | grep forwar
ding'
OHYPZUMXGU[   47.921487] br-lan: port 1(eth0) entered forwarding state
[   52.955002] br-lan: port 2(bat0) entered forwarding state
OHYPZUMXGU 0
root@LiMe-123456:~# echo 'CJJV''QTBYAS'
CJJVQTBYAS
root@LiMe-123456:~# MARKER='MQFJ''CNVMGL' run 'ubus call network.interface.lan s
tatus '"'"'{}'"'"''
MQFJCNVMGL{
	"up": true,
	"pending": false,
	"available": true,
	"autostart": true,
	"dynamic": false,
	"uptime": 8,
	"l3_device": "br-lan",
	"proto": "static",
	"device": "br-lan",
	"updated": [
		"addresses"
	],
	"metric": 0,
	"dns_metric": 0,
	"delegation": true,
	"ipv4-address": [
		{
			"address": "10.13.52.86",
			"mask": 16
		}
	],
	"ipv6-address": [
		{
			"address": "fd0d:fe46:8ce8::12:3456",
			"mask": 64
		}
	],
	"ipv6-prefix": [
		
	],
	"ipv6-prefix-assignment": [
		
	],
	"route": [
		
	],
	"dns-server": [
		
	],
	"dns-search": [
		
	],
	"neighbors": [
		
	],
	"inactive": {
		"ipv4-address": [
			
		],
		"ipv6-address": [
			
		],
		"route": [
			
		],
		"dns-server": [
			
		],
		"dns-search": [
			
		],
		"neighbors": [
			
		]
	},
	"data": {
		
	}
}
MQFJCNVMGL 0
root@LiMe-123456:~# 