Labgrid Console Logfile for main
Logfile started at 2026-03-29 03:28:56.981243
=== Log starts here ===
c[?7l[2J[0mSeaBIOS (version 1.16.3-debian-1.16.3-2)


iPXE (https://ipxe.org) 00:03.0 CA00 PCI2.10 PnP PMM+06FCAE70+06F0AE70 CA00
Press Ctrl-B to configure iPXE (PCI 00:03.0)...                                                                               




iPXE (https://ipxe.org) 00:05.0 CB00 PCI2.10 PnP PMM 06FCAE70 06F0AE70 CB00
Press Ctrl-B to configure iPXE (PCI 00:05.0)...                                                                               


Booting from Hard Disk...
GRUB loading.....
[0;30;47mWelcome to GRUB!

[01;01H[0m[2J[H[J[1;1H[?25l[m[H[J[1;1H[2;30HGNU GRUB  version 2.12

[m[4;2H+----------------------------------------------------------------------------+[5;2H|[5;79H|[6;2H|[6;79H|[7;2H|[7;79H|[8;2H|[8;79H|[9;2H|[9;79H|[10;2H|[10;79H|[11;2H|[11;79H|[12;2H|[12;79H|[13;2H|[13;79H|[14;2H|[14;79H|[15;2H|[15;79H|[16;2H+----------------------------------------------------------------------------+[m[17;2H[18;2H[m     Use the ^ and v keys to select which entry is highlighted.          
      Press enter to boot the selected OS, `e' to edit the commands       
      before booting or `c' for a command-line. ESC to return             
      previous menu.                                                      [5;80H [7m[5;3H*OpenWrt                                                                    [m[5;78H[m[m[6;3H OpenWrt (failsafe)                                                         [m[6;78H[m[m[7;3H                                                                            [m[7;78H[m[m[8;3H                                                                            [m[8;78H[m[m[9;3H                                                                            [m[9;78H[m[m[10;3H                                                                            [m[10;78H[m[m[11;3H                                                                            [m[11;78H[m[m[12;3H                                                                            [m[12;78H[m[m[13;3H                                                                            [m[13;78H[m[m[14;3H                                                                            [m[14;78H[m[m[15;3H                                                                            [m[15;78H[m[15;80H [5;78H[2J[02;30HGNU GRUB  version 2.12[04;02H┌───────────────────────────────────────[04;41H[04;42H─────────────────────────────────────┐[05;02H│[05;79H│[06;02H│[06;79H│[07;02H│[07;79H│[08;02H│[08;79H│[09;02H│[09;79H│[10;02H│[10;79H│[11;02H│[11;79H│[12;02H│[12;79H│[13;02H│[13;79H│[14;02H│[14;79H│[15;02H│[15;79H│[16;02H│[16;79H│[17;02H└────────────────────────────────────────────────────────────────────────────┘[19;02H     Use the ↑ and ↓ keys to select which entry is highlighted.          
      Press enter to boot the selected OS, `e' to edit the commands       
      before booting or `c' for a command-line. ESC to return             
      previous menu.                                                      [05;80H [05;03H[0;30;47m*OpenWrt            [05;22H[05;23H                                                        [06;03H[0m OpenWrt (failsafe)                                                         [07;03H                           [07;29H[07;30H                                                 [08;03H                                                                            [09;03H                                                                            [10;03H                                                                            [11;03H                                         [11;43H[11;44H                                   [12;03H                                                                            [13;03H                                                                            [14;03H                                                                            [15;03H                                                      [15;56H[15;57H                      [16;03H                                                                            [16;80H 






   The highlighted entry will be executed automatically in 5s.                [22;1H   The highlighted entry will be executed automatically in 5s.                 [5;78H [05;78H

















   The highlighted entry will be executed automatically in 4s.                [22;1H   The highlighted entry will be executed automatically in 4s.                 [5;78H [05;78H

















   The highlighted entry will be executed automatically in 3s.                [22;1H   The highlighted entry will be executed automatically in 3s.                 [5;78H [05;78H

















   The highlighted entry will be executed automatically in 2s.                [22;1H   The highlighted entry will be executed automatically in 2s.                 [5;78H [05;78H

















   The highlighted entry will be executed automatically in 1s.                [22;1H   The highlighted entry will be executed automatically in 1s.                 [5;78H [05;78H

















   The highlighted entry will be executed automatic[23;51H[23;52Hally in 0s.                [22;1H   The highlighted entry will be executed automatically in 0s.                 [5;78H [01;01H[2J[?25h[H[J[1;1H[H[J[1;1H[2J   Booting `OpenWrt' Booting `OpenWrt

'

[    0.000000] Linux version 6.6.127 (builder@buildhost) (x86_64-openwrt-linux-musl-gcc (OpenWrt GCC 13.3.0 r29143-214a657cfa) 13.3.0, GNU ld (GNU Binutils) 2.42) #0 SMP Tue Mar 17 22:48:43 2026
[    0.000000] Command line: BOOT_IMAGE=/boot/vmlinuz root=PARTUUID=b07fe921-02 rootwait console=tty1 console=ttyS0,115200n8 noinitrd
[    0.000000] BIOS-provided physical RAM map:
[    0.000000] BIOS-e820: [mem 0x0000000000000000-0x000000000009fbff] usable
[    0.000000] BIOS-e820: [mem 0x000000000009fc00-0x000000000009ffff] reserved
[    0.000000] BIOS-e820: [mem 0x00000000000f0000-0x00000000000fffff] reserved
[    0.000000] BIOS-e820: [mem 0x0000000000100000-0x0000000007fdcfff] usable
[    0.000000] BIOS-e820: [mem 0x0000000007fdd000-0x0000000007ffffff] reserved
[    0.000000] BIOS-e820: [mem 0x00000000fffc0000-0x00000000ffffffff] reserved
[    0.000000] BIOS-e820: [mem 0x000000fd00000000-0x000000ffffffffff] reserved
[    0.000000] NX (Execute Disable) protection: active
[    0.000000] APIC: Static calls initialized
[    0.000000] SMBIOS 3.0.0 present.
[    0.000000] DMI: QEMU Standard PC (i440FX + PIIX, 1996), BIOS 1.16.3-debian-1.16.3-2 04/01/2014
[    0.000000] tsc: Fast TSC calibration using PIT
[    0.000000] tsc: Detected 2445.435 MHz processor
[    0.008800] last_pfn = 0x7fdd max_arch_pfn = 0x400000000
[    0.009434] MTRR map: 4 entries (3 fixed + 1 variable; max 19), built from 8 variable MTRRs
[    0.009617] x86/PAT: Configuration [0-7]: WB  WC  UC- UC  WB  WP  UC- WT  
[    0.029784] found SMP MP-table at [mem 0x000f5460-0x000f546f]
[    0.031146] Using GB pages for direct mapping
[    0.035056] ACPI: Early table checksum verification disabled
[    0.035376] ACPI: RSDP 0x00000000000F5290 000014 (v00 BOCHS )
[    0.035672] ACPI: RSDT 0x0000000007FE1C64 000034 (v01 BOCHS  BXPC     00000001 BXPC 00000001)
[    0.036190] ACPI: FACP 0x0000000007FE1B18 000074 (v01 BOCHS  BXPC     00000001 BXPC 00000001)
[    0.036794] ACPI: DSDT 0x0000000007FE0040 001AD8 (v01 BOCHS  BXPC     00000001 BXPC 00000001)
[    0.036910] ACPI: FACS 0x0000000007FE0000 000040
[    0.036964] ACPI: APIC 0x0000000007FE1B8C 000078 (v03 BOCHS  BXPC     00000001 BXPC 00000001)
[    0.036991] ACPI: HPET 0x0000000007FE1C04 000038 (v01 BOCHS  BXPC     00000001 BXPC 00000001)
[    0.037014] ACPI: WAET 0x0000000007FE1C3C 000028 (v01 BOCHS  BXPC     00000001 BXPC 00000001)
[    0.037097] ACPI: Reserving FACP table memory at [mem 0x7fe1b18-0x7fe1b8b]
[    0.037143] ACPI: Reserving DSDT table memory at [mem 0x7fe0040-0x7fe1b17]
[    0.037151] ACPI: Reserving FACS table memory at [mem 0x7fe0000-0x7fe003f]
[    0.037157] ACPI: Reserving APIC table memory at [mem 0x7fe1b8c-0x7fe1c03]
[    0.037163] ACPI: Reserving HPET table memory at [mem 0x7fe1c04-0x7fe1c3b]
[    0.037169] ACPI: Reserving WAET table memory at [mem 0x7fe1c3c-0x7fe1c63]
[    0.040251] Zone ranges:
[    0.040285]   DMA      [mem 0x0000000000001000-0x0000000000ffffff]
[    0.040360]   DMA32    [mem 0x0000000001000000-0x0000000007fdcfff]
[    0.040373]   Normal   empty
[    0.040396] Movable zone start for each node
[    0.040423] Early memory node ranges
[    0.040453]   node   0: [mem 0x0000000000001000-0x000000000009efff]
[    0.040497]   node   0: [mem 0x0000000000100000-0x0000000007fdcfff]
[    0.040605] Initmem setup node 0 [mem 0x0000000000001000-0x0000000007fdcfff]
[    0.041448] On node 0, zone DMA: 1 pages in unavailable ranges
[    0.041791] On node 0, zone DMA: 97 pages in unavailable ranges
[    0.042833] On node 0, zone DMA32: 35 pages in unavailable ranges
[    0.043158] ACPI: PM-Timer IO Port: 0x608
[    0.043530] ACPI: LAPIC_NMI (acpi_id[0xff] dfl dfl lint[0x1])
[    0.043950] IOAPIC[0]: apic_id 0, version 32, address 0xfec00000, GSI 0-23
[    0.044062] ACPI: INT_SRC_OVR (bus 0 bus_irq 0 global_irq 2 dfl dfl)
[    0.044311] ACPI: INT_SRC_OVR (bus 0 bus_irq 5 global_irq 5 high level)
[    0.044365] ACPI: INT_SRC_OVR (bus 0 bus_irq 9 global_irq 9 high level)
[    0.044452] ACPI: INT_SRC_OVR (bus 0 bus_irq 10 global_irq 10 high level)
[    0.044463] ACPI: INT_SRC_OVR (bus 0 bus_irq 11 global_irq 11 high level)
[    0.044651] ACPI: Using ACPI (MADT) for SMP configuration information
[    0.044695] ACPI: HPET id: 0x8086a201 base: 0xfed00000
[    0.045010] smpboot: Allowing 1 CPUs, 0 hotplug CPUs
[    0.046085] [mem 0x08000000-0xfffbffff] available for PCI devices
[    0.046133] Booting paravirtualized kernel on bare hardware
[    0.046423] clocksource: refined-jiffies: mask: 0xffffffff max_cycles: 0xffffffff, max_idle_ns: 19112604462750000 ns
[    0.047053] setup_percpu: NR_CPUS:512 nr_cpumask_bits:1 nr_cpu_ids:1 nr_node_ids:1
[    0.048659] percpu: Embedded 48 pages/cpu s158248 r8192 d30168 u2097152
[    0.050922] Kernel command line: BOOT_IMAGE=/boot/vmlinuz root=PARTUUID=b07fe921-02 rootwait console=tty1 console=ttyS0,115200n8 noinitrd
[    0.052580] random: crng init done
[    0.057453] Dentry cache hash table entries: 16384 (order: 5, 131072 bytes, linear)
[    0.058421] Inode-cache hash table entries: 8192 (order: 4, 65536 bytes, linear)
[    0.061121] Built 1 zonelists, mobility grouping on.  Total pages: 31965
[    0.061340] mem auto-init: stack:off, heap alloc:off, heap free:off
[    0.064878] Memory: 102576K/130540K available (14336K kernel code, 1169K rwdata, 2296K rodata, 2452K init, 2408K bss, 27708K reserved, 0K cma-reserved)
[    0.070805] SLUB: HWalign=64, Order=0-3, MinObjects=0, CPUs=1, Nodes=1
[    0.078282] rcu: Hierarchical RCU implementation.
[    0.078313] rcu: 	RCU restricting CPUs from NR_CPUS=512 to nr_cpu_ids=1.
[    0.078425] 	Tracing variant of Tasks RCU enabled.
[    0.078508] rcu: RCU calculated value of scheduler-enlistment delay is 10 jiffies.
[    0.078536] rcu: Adjusting geometry for rcu_fanout_leaf=16, nr_cpu_ids=1
[    0.079657] NR_IRQS: 33024, nr_irqs: 256, preallocated irqs: 16
[    0.089301] rcu: srcu_init: Setting srcu_struct sizes based on contention.
[    0.097439] Console: colour VGA+ 80x25
[    0.097753] printk: console [tty1] enabled
[    0.105752] printk: console [ttyS0] enabled
[    0.337693] ACPI: Core revision 20230628
[    0.342900] clocksource: hpet: mask: 0xffffffff max_cycles: 0xffffffff, max_idle_ns: 19112604467 ns
[    0.352610] APIC: Switch to symmetric I/O mode setup
[    0.356806] ..TIMER: vector=0x30 apic1=0 pin1=2 apic2=-1 pin2=-1
[    0.399565] clocksource: tsc-early: mask: 0xffffffffffffffff max_cycles: 0x233fe0862e1, max_idle_ns: 440795313989 ns
[    0.400248] Calibrating delay loop (skipped), value calculated using timer frequency.. 4890.87 BogoMIPS (lpj=24454350)
[    0.401914] x86/cpu: User Mode Instruction Prevention (UMIP) activated
[    0.416862] Last level iTLB entries: 4KB 0, 2MB 0, 4MB 0
[    0.417254] Last level dTLB entries: 4KB 0, 2MB 0, 4MB 0, 1GB 0
[    0.420455] Spectre V1 : Mitigation: usercopy/swapgs barriers and __user pointer sanitization
[    0.421418] Spectre V2 : Mitigation: Retpolines
[    0.422049] Spectre V2 : Spectre v2 / SpectreRSB: Filling RSB on context switch and VMEXIT
[    0.422679] Speculative Store Bypass: Vulnerable
[    0.425211] x86/fpu: Supporting XSAVE feature 0x001: 'x87 floating point registers'
[    0.429659] x86/fpu: Supporting XSAVE feature 0x002: 'SSE registers'
[    0.431330] x86/fpu: Supporting XSAVE feature 0x004: 'AVX registers'
[    0.431567] x86/fpu: Supporting XSAVE feature 0x008: 'MPX bounds registers'
[    0.431813] x86/fpu: Supporting XSAVE feature 0x010: 'MPX CSR'
[    0.432229] x86/fpu: xstate_offset[2]:  576, xstate_sizes[2]:  256
[    0.440369] x86/fpu: xstate_offset[3]:  960, xstate_sizes[3]:   64
[    0.440716] x86/fpu: xstate_offset[4]: 1024, xstate_sizes[4]:   64
[    0.441071] x86/fpu: Enabled xstate features 0x1f, context size is 1088 bytes, using 'standard' format.
[    0.736580] Freeing SMP alternatives memory: 40K
[    0.737866] pid_max: default: 32768 minimum: 301
[    0.747035] Mount-cache hash table entries: 512 (order: 0, 4096 bytes, linear)
[    0.747420] Mountpoint-cache hash table entries: 512 (order: 0, 4096 bytes, linear)
[    0.896066] smpboot: CPU0: AMD QEMU TCG CPU version 2.5+ (family: 0x6, model: 0x6, stepping: 0x3)
[    0.900158] RCU Tasks Trace: Setting shift to 0 and lim to 1 rcu_task_cb_adjust=1 rcu_task_cpu_ids=1.
[    0.900158] Performance Events: PMU not available due to virtualization, using software events only.
[    0.901201] signal: max sigframe size: 1616
[    0.903510] rcu: Hierarchical SRCU implementation.
[    0.903751] rcu: 	Max phase no-delay instances is 1000.
[    0.906925] smp: Bringing up secondary CPUs ...
[    0.912239] smp: Brought up 1 node, 1 CPU
[    0.912540] smpboot: Max logical packages: 1
[    0.912958] smpboot: Total of 1 processors activated (4890.87 BogoMIPS)
[    0.928185] clocksource: jiffies: mask: 0xffffffff max_cycles: 0xffffffff, max_idle_ns: 19112604462750000 ns
[    0.928967] futex hash table entries: 256 (order: 2, 16384 bytes, linear)
[    0.930009] pinctrl core: initialized pinctrl subsystem
[    0.949199] NET: Registered PF_NETLINK/PF_ROUTE protocol family
[    0.955628] thermal_sys: Registered thermal governor 'step_wise'
[    0.955661] thermal_sys: Registered thermal governor 'user_space'
[    0.956506] cpuidle: using governor ladder
[    0.957002] cpuidle: using governor menu
[    0.961179] acpiphp: ACPI Hot Plug PCI Controller Driver version: 0.5
[    0.963860] PCI: Using configuration type 1 for base access
[    0.972898] cryptd: max_cpu_qlen set to 1000
[    0.977643] ACPI: Added _OSI(Module Device)
[    0.977830] ACPI: Added _OSI(Processor Device)
[    0.977998] ACPI: Added _OSI(Processor Aggregator Device)
[    0.992595] ACPI: 1 ACPI AML tables successfully acquired and loaded
[    1.006756] ACPI: _OSC evaluation for CPUs failed, trying _PDC
[    1.008894] ACPI: Interpreter enabled
[    1.009639] ACPI: PM: (supports S0 S5)
[    1.009847] ACPI: Using IOAPIC for interrupt routing
[    1.010492] PCI: Using host bridge windows from ACPI; if necessary, use "pci=nocrs" and report a bug
[    1.017315] PCI: Using E820 reservations for host bridge windows
[    1.019292] ACPI: Enabled 2 GPEs in block 00 to 0F
[    1.049812] ACPI: PCI Root Bridge [PCI0] (domain 0000 [bus 00-ff])
[    1.050660] acpi PNP0A03:00: _OSC: OS supports [ASPM ClockPM Segments MSI HPX-Type3]
[    1.051153] acpi PNP0A03:00: _OSC: not requesting OS control; OS requires [ExtendedConfig ASPM ClockPM MSI]
[    1.051989] acpi PNP0A03:00: fail to add MMCONFIG information, can't access extended configuration space under this bridge
[    1.065103] acpiphp: Slot [3] registered
[    1.065547] acpiphp: Slot [4] registered
[    1.065853] acpiphp: Slot [5] registered
[    1.066104] acpiphp: Slot [6] registered
[    1.070409] acpiphp: Slot [7] registered
[    1.070863] acpiphp: Slot [8] registered
[    1.071195] acpiphp: Slot [9] registered
[    1.071436] acpiphp: Slot [10] registered
[    1.071678] acpiphp: Slot [11] registered
[    1.071925] acpiphp: Slot [12] registered
[    1.073476] acpiphp: Slot [13] registered
[    1.080426] acpiphp: Slot [14] registered
[    1.080836] acpiphp: Slot [15] registered
[    1.081268] acpiphp: Slot [16] registered
[    1.081537] acpiphp: Slot [17] registered
[    1.081788] acpiphp: Slot [18] registered
[    1.082074] acpiphp: Slot [19] registered
[    1.090401] acpiphp: Slot [20] registered
[    1.090834] acpiphp: Slot [21] registered
[    1.091227] acpiphp: Slot [22] registered
[    1.091483] acpiphp: Slot [23] registered
[    1.091738] acpiphp: Slot [24] registered
[    1.092014] acpiphp: Slot [25] registered
[    1.100414] acpiphp: Slot [26] registered
[    1.100850] acpiphp: Slot [27] registered
[    1.101254] acpiphp: Slot [28] registered
[    1.101533] acpiphp: Slot [29] registered
[    1.101811] acpiphp: Slot [30] registered
[    1.102064] acpiphp: Slot [31] registered
[    1.102470] PCI host bridge to bus 0000:00
[    1.110594] pci_bus 0000:00: root bus resource [io  0x0000-0x0cf7 window]
[    1.111158] pci_bus 0000:00: root bus resource [io  0x0d00-0xffff window]
[    1.111395] pci_bus 0000:00: root bus resource [mem 0x000a0000-0x000bffff window]
[    1.120262] pci_bus 0000:00: root bus resource [mem 0x08000000-0xfebfffff window]
[    1.120718] pci_bus 0000:00: root bus resource [mem 0x100000000-0x17fffffff window]
[    1.121279] pci_bus 0000:00: root bus resource [bus 00-ff]
[    1.122851] pci 0000:00:00.0: [8086:1237] type 00 class 0x060000
[    1.141902] pci 0000:00:01.0: [8086:7000] type 00 class 0x060100
[    1.142751] pci 0000:00:01.1: [8086:7010] type 00 class 0x010180
[    1.145407] pci 0000:00:01.1: reg 0x20: [io  0xc0e0-0xc0ef]
[    1.146639] pci 0000:00:01.1: legacy IDE quirk: reg 0x10: [io  0x01f0-0x01f7]
[    1.148972] pci 0000:00:01.1: legacy IDE quirk: reg 0x14: [io  0x03f6]
[    1.149410] pci 0000:00:01.1: legacy IDE quirk: reg 0x18: [io  0x0170-0x0177]
[    1.149786] pci 0000:00:01.1: legacy IDE quirk: reg 0x1c: [io  0x0376]
[    1.150783] pci 0000:00:01.3: [8086:7113] type 00 class 0x068000
[    1.160541] pci 0000:00:01.3: quirk: [io  0x0600-0x063f] claimed by PIIX4 ACPI
[    1.160904] pci 0000:00:01.3: quirk: [io  0x0700-0x070f] claimed by PIIX4 SMB
[    1.161724] pci 0000:00:02.0: [1234:1111] type 00 class 0x030000
[    1.162444] pci 0000:00:02.0: reg 0x10: [mem 0xfd000000-0xfdffffff pref]
[    1.171666] pci 0000:00:02.0: reg 0x18: [mem 0xfeb90000-0xfeb90fff]
[    1.174475] pci 0000:00:02.0: reg 0x30: [mem 0xfeb80000-0xfeb8ffff pref]
[    1.174979] pci 0000:00:02.0: Video device with shadowed ROM at [mem 0x000c0000-0x000dffff]
[    1.181283] pci 0000:00:03.0: [1af4:1000] type 00 class 0x020000
[    1.181984] pci 0000:00:03.0: reg 0x10: [io  0xc080-0xc09f]
[    1.184662] pci 0000:00:03.0: reg 0x20: [mem 0xfe000000-0xfe003fff 64bit pref]
[    1.185430] pci 0000:00:03.0: reg 0x30: [mem 0xfea80000-0xfeafffff pref]
[    1.195636] pci 0000:00:04.0: [1af4:1005] type 00 class 0x00ff00
[    1.197268] pci 0000:00:04.0: reg 0x10: [io  0xc0a0-0xc0bf]
[    1.200465] pci 0000:00:04.0: reg 0x14: [mem 0xfeb91000-0xfeb91fff]
[    1.203332] pci 0000:00:04.0: reg 0x20: [mem 0xfe004000-0xfe007fff 64bit pref]
[    1.208960] pci 0000:00:05.0: [1af4:1000] type 00 class 0x020000
[    1.210187] pci 0000:00:05.0: reg 0x10: [io  0xc0c0-0xc0df]
[    1.211042] pci 0000:00:05.0: reg 0x14: [mem 0xfeb92000-0xfeb92fff]
[    1.215302] pci 0000:00:05.0: reg 0x20: [mem 0xfe008000-0xfe00bfff 64bit pref]
[    1.216292] pci 0000:00:05.0: reg 0x30: [mem 0xfeb00000-0xfeb7ffff pref]
[    1.221816] pci 0000:00:06.0: [1af4:1001] type 00 class 0x010000
[    1.223293] pci 0000:00:06.0: reg 0x10: [io  0xc000-0xc07f]
[    1.226501] pci 0000:00:06.0: reg 0x14: [mem 0xfeb93000-0xfeb93fff]
[    1.228401] pci 0000:00:06.0: reg 0x20: [mem 0xfe00c000-0xfe00ffff 64bit pref]
[    1.237297] ACPI: PCI: Interrupt link LNKA configured for IRQ 10
[    1.238177] ACPI: PCI: Interrupt link LNKB configured for IRQ 10
[    1.238813] ACPI: PCI: Interrupt link LNKC configured for IRQ 11
[    1.239472] ACPI: PCI: Interrupt link LNKD configured for IRQ 11
[    1.239891] ACPI: PCI: Interrupt link LNKS configured for IRQ 9
[    1.252866] iommu: Default domain type: Translated
[    1.253118] iommu: DMA domain TLB invalidation policy: lazy mode
[    1.255329] SCSI subsystem initialized
[    1.257158] ACPI: bus type USB registered
[    1.257675] usbcore: registered new interface driver usbfs
[    1.259457] usbcore: registered new interface driver hub
[    1.259928] usbcore: registered new device driver usb
[    1.260609] pps_core: LinuxPPS API ver. 1 registered
[    1.260916] pps_core: Software ver. 5.3.6 - Copyright 2005-2007 Rodolfo Giometti <giometti@linux.it>
[    1.270158] PTP clock support registered
[    1.283096] PCI: Using ACPI for IRQ routing
[    1.286154] hpet0: at MMIO 0xfed00000, IRQs 2, 8, 0
[    1.286437] hpet0: 3 comparators, 64-bit 100.000000 MHz counter
[    1.292054] clocksource: Switched to clocksource tsc-early
[    1.294597] pnp: PnP ACPI init
[    1.298735] pnp: PnP ACPI: found 6 devices
[    1.312093] clocksource: acpi_pm: mask: 0xffffff max_cycles: 0xffffff, max_idle_ns: 2085701024 ns
[    1.313018] NET: Registered PF_INET protocol family
[    1.314154] IP idents hash table entries: 2048 (order: 2, 16384 bytes, linear)
[    1.319566] tcp_listen_portaddr_hash hash table entries: 256 (order: 0, 4096 bytes, linear)
[    1.323261] Table-perturb hash table entries: 65536 (order: 6, 262144 bytes, linear)
[    1.323608] TCP established hash table entries: 1024 (order: 1, 8192 bytes, linear)
[    1.324039] TCP bind hash table entries: 1024 (order: 3, 32768 bytes, linear)
[    1.334096] TCP: Hash tables configured (established 1024 bind 1024)
[    1.336028] MPTCP token hash table entries: 256 (order: 1, 6144 bytes, linear)
[    1.336571] UDP hash table entries: 256 (order: 1, 8192 bytes, linear)
[    1.337012] UDP-Lite hash table entries: 256 (order: 1, 8192 bytes, linear)
[    1.346485] NET: Registered PF_UNIX/PF_LOCAL protocol family
[    1.347668] pci_bus 0000:00: resource 4 [io  0x0000-0x0cf7 window]
[    1.347905] pci_bus 0000:00: resource 5 [io  0x0d00-0xffff window]
[    1.348120] pci_bus 0000:00: resource 6 [mem 0x000a0000-0x000bffff window]
[    1.356016] pci_bus 0000:00: resource 7 [mem 0x08000000-0xfebfffff window]
[    1.356408] pci_bus 0000:00: resource 8 [mem 0x100000000-0x17fffffff window]
[    1.357160] pci 0000:00:01.0: PIIX3: Enabling Passive Release
[    1.357495] pci 0000:00:00.0: Limiting direct PCI/PCI transfers
[    1.367352] PCI: CLS 0 bytes, default 64
[    1.400671] workingset: timestamp_bits=46 max_order=15 bucket_order=0
[    1.402831] squashfs: version 4.0 (2009/01/31) Phillip Lougher
[    1.405468] Block layer SCSI generic (bsg) driver version 0.4 loaded (major 247)
[    1.409552] hv_vmbus: registering driver hyperv_fb
[    1.414638] input: Power Button as /devices/LNXSYSTM:00/LNXPWRBN:00/input/input0
[    1.429923] ACPI: button: Power Button [PWRF]
[    1.622369] ACPI: \_SB_.LNKC: Enabled at IRQ 11
[    1.807588] ACPI: \_SB_.LNKD: Enabled at IRQ 10
[    1.991326] ACPI: \_SB_.LNKA: Enabled at IRQ 10
[    2.174883] ACPI: \_SB_.LNKB: Enabled at IRQ 11
[    2.176820] Serial: 8250/16550 driver, 16 ports, IRQ sharing enabled
[    2.201666] 00:04: ttyS0 at I/O 0x3f8 (irq = 4, base_baud = 115200) is a 16550A
[    2.246523] Non-volatile memory driver v1.3
[    2.258445] Linux agpgart interface v0.103
[    2.259299] AMD-Vi: AMD IOMMUv2 functionality not available on this system - This is not a bug.
[    2.260003] ACPI: bus type drm_connector registered
[    2.262620] [drm] Found bochs VGA, ID 0xb0c5.
[    2.262825] [drm] Framebuffer size 16384 kB @ 0xfd000000, mmio @ 0xfeb90000.
[    2.276720] [drm] Found EDID data blob.
[    2.282274] [drm] Initialized bochs-drm 1.0.0 20130925 for 0000:00:02.0 on minor 0
[    2.350966] Console: switching to colour frame buffer device 160x50
[    2.360092] bochs-drm 0000:00:02.0: [drm] fb0: bochs-drmdrmfb frame buffer device
[    2.400555] loop: module loaded
[    2.401351] virtio_blk virtio3: 1/0/0 default/read/poll queues
[    2.406821] virtio_blk virtio3: [vda] 246784 512-byte logical blocks (126 MB/121 MiB)
[    2.415384]  vda: vda1 vda2
[    2.418600] Guest personality initialized and is inactive
[    2.419213] VMCI host device registered (name=vmci, major=10, minor=256)
[    2.419475] Initialized host personality
[    2.420573] VMware PVSCSI driver - version 1.0.7.0-k
[    2.420902] hv_vmbus: registering driver hv_storvsc
[    2.427062] tsc: Refined TSC clocksource calibration: 2445.425 MHz
[    2.427691] clocksource: tsc: mask: 0xffffffffffffffff max_cycles: 0x233fd71eca6, max_idle_ns: 440795324395 ns
[    2.428322] clocksource: Switched to clocksource tsc
[    2.459588] scsi host0: ata_piix
[    2.462687] scsi host1: ata_piix
[    2.463716] ata1: PATA max MWDMA2 cmd 0x1f0 ctl 0x3f6 bmdma 0xc0e0 irq 14
[    2.464006] ata2: PATA max MWDMA2 cmd 0x170 ctl 0x376 bmdma 0xc0e8 irq 15
[    2.474067] VMware vmxnet3 virtual NIC driver - version 1.7.0.0-k-NAPI
[    2.474665] hv_vmbus: registering driver hv_netvsc
[    2.475039] Fusion MPT base driver 3.04.20
[    2.475227] Copyright (c) 1999-2008 LSI Corporation
[    2.475588] Fusion MPT SPI Host driver 3.04.20
[    2.484925] Fusion MPT SAS Host driver 3.04.20
[    2.487137] usbcore: registered new interface driver usb-storage
[    2.488368] i8042: PNP: PS/2 Controller [PNP0303:KBD,PNP0f13:MOU] at 0x60,0x64 irq 1,12
[    2.494578] serio: i8042 KBD port at 0x60,0x64 irq 1
[    2.497259] serio: i8042 AUX port at 0x60,0x64 irq 12
[    2.499456] hv_vmbus: registering driver hyperv_keyboard
[    2.501991] rtc_cmos 00:05: RTC can wake from S4
[    2.507070] rtc_cmos 00:05: registered as rtc0
[    2.509933] rtc_cmos 00:05: setting system clock to 2026-03-29T03:29:07 UTC (1774754947)
[    2.512568] rtc_cmos 00:05: alarms up to one day, y3k, 242 bytes nvram, hpet irqs
[    2.515615] amd_pstate: the _CPC object is not present in SBIOS or ACPI disabled
[    2.518021] sdhci: Secure Digital Host Controller Interface driver
[    2.522983] sdhci: Copyright(c) Pierre Ossman
[    2.532435] input: AT Translated Set 2 keyboard as /devices/platform/i8042/serio0/input/input1
[    2.564992] hid: raw HID events driver (C) Jiri Kosina
[    2.567743] hv_vmbus: registering driver hid_hyperv
[    2.570947] usbcore: registered new interface driver usbhid
[    2.573125] usbhid: USB HID core driver
[    2.575517] hv_utils: Registering HyperV Utility Driver
[    2.577911] hv_vmbus: registering driver hv_utils
[    2.579971] hv_vmbus: registering driver hv_balloon
[    2.583622] NET: Registered PF_INET6 protocol family
[    2.600605] Segment Routing with IPv6
[    2.602887] In-situ OAM (IOAM) with IPv6
[    2.605394] NET: Registered PF_PACKET protocol family
[    2.607956] bridge: filtering via arp/ip/ip6tables is no longer available by default. Update your scripts to load br_netfilter if you need this.
[    2.617362] 8021q: 802.1Q VLAN Support v1.8
[    2.620062] NET: Registered PF_VSOCK protocol family
[    2.629735] IPI shorthand broadcast: enabled
[    2.632111] AVX2 version of gcm_enc/dec engaged.
[    2.638593] AES CTR mode by8 optimization enabled
[    2.659296] sched_clock: Marking stable (2400063513, 250356176)->(2677101923, -26682234)
[    2.711014] ata2: found unknown device (class 0)
[    2.812129] ata2.00: ATAPI: QEMU DVD-ROM, 2.5+, max UDMA/100
[    2.828878] scsi 1:0:0:0: CD-ROM            QEMU     QEMU DVD-ROM     2.5+ PQ: 0 ANSI: 5
[    2.833622] clk: Disabling unused clocks
[    2.902220] sr 1:0:0:0: [sr0] scsi3-mmc drive: 4x/4x cd/rw xa/form2 tray
[    2.904843] cdrom: Uniform CD-ROM driver Revision: 3.20
[    2.960618] VFS: Mounted root (squashfs filesystem) readonly on device 254:2.
[    3.029777] Freeing unused kernel image (initmem) memory: 2452K
[    3.032310] Write protecting the kernel read-only data: 18432k
[    3.036722] Freeing unused kernel image (rodata/data gap) memory: 1800K
[    3.039238] Run /sbin/init as init process
[    3.284849] init: Console is alive
[    4.053193] kmodloader: loading kernel modules from /etc/modules-boot.d/*
[    4.116990] button_hotplug: loading out-of-tree module taints kernel.
[    4.123704] Button Hotplug driver version 0.4.1
[    4.146432] Intel(R) 2.5G Ethernet Linux Driver
[    4.148843] Copyright(c) 2018 Intel Corporation.
[    4.166720] igb: Intel(R) Gigabit Ethernet Network Driver
[    4.169104] igb: Copyright (c) 2007-2014 Intel Corporation.
[    4.184689] kmodloader: done loading kernel modules from /etc/modules-boot.d/*
[    4.196333] init: - preinit -
[    5.184580] 8021q: adding VLAN 0 to HW filter on device eth0
Press the [f] key and hit [enter] to enter failsafe mode
Press the [1], [2], [3] or [4] key and hit [enter] to select the debug level
[    9.878668] loop0: detected capacity change from 0 to 212992
[    9.920751] loop0: detected capacity change from 212992 to 196480
[    9.933728] mount_root: overlay filesystem in /dev/loop0 has not been formatted yet
[   10.256429] EXT4-fs (loop0): mounted filesystem 95471f5c-0037-40a7-aa61-1643633d11b1 r/w with ordered data mode. Quota mode: disabled.
[   10.270223] mount_root: overlay filesystem has not been fully initialized yet
[   10.288357] mount_root: switching to ext4 overlay
[   10.311096] overlayfs: null uuid detected in lower fs '/', falling back to xino=off,index=off,nfs_export=off.
[   11.048293] EXT4-fs (vda1): mounted filesystem 84173db5-fa99-e35a-95c6-28613cc79ea9 r/w without journal. Quota mode: disabled.
[   11.072335] urandom-seed: Seed file not found (/etc/urandom.seed)
[   11.221472] procd: - early -
[   12.025410] procd: - ubus -
[   12.213057] procd: - init -
Please press Enter to activate this console.
root
login[1001]: root login on 'ttyS0'


BusyBox v1.36.1 (2026-03-17 22:48:43 UTC) built-in shell (ash)

  _______                     ________        __
 |       |.-----.-----.-----.|  |  |  |.----.|  |_
 |   -   ||  _  |  -__|     ||  |  |  ||   _||   _|
 |_______||   __|_____|__|__||________||__|  |____|
          |__| W I R E L E S S   F R E E D O M
 -----------------------------------------------------
 OpenWrt 24.10-SNAPSHOT, r29143-214a657cfa
 -----------------------------------------------------
  ___   __ __                _______             __
 |   |_|__|  |--.----.-----.|   |   |-----.-----|  |--.
 |     |  |  _  |   _|  -__||       |  -__|__ --|     |
 |_____|__|_____|__| |_____||__|_|__|_____|_____|__|__|

 ------------------------------------------------------
 LiMe master development (master rev. 7929208 20260304_1752)
 ------------------------------------------------------
 https://libremesh.org
 ------------------------------------------------------

 === System Notes =================================================

 = edit via http://thisnode.info/app/#/notes or /etc/banner.notes =

=== WARNING! =====================================
There is no root password defined on this device!
Use the "passwd" command to set up a new password
in order to prevent unauthorized SSH logins.
--------------------------------------------------
root@(none):~# dmesg -n 1
root@(none):~# echo 'HQKQ''VPTMXE'
HQKQVPTMXE
root@(none):~# run() { echo -n "$MARKER"; sh -c "$@"; echo "$MARKER $?"; }
root@(none):~# echo 'QVHH''BSZFBC'
QVHHBSZFBC
root@(none):~# MARKER='CSMK''OZWAPJ' run 'ubus wait_for network.interface.lan'
CSMKOZWAPJ