Labgrid Console Logfile for main
Logfile started at 2026-03-28 02:55:15.005403
=== Log starts here ===
c[?7l[2J[0mSeaBIOS (version 1.16.3-debian-1.16.3-2)


iPXE (https://ipxe.org) 00:03.0 CA00 PCI2.10 PnP PMM+06FCAE70+06F0AE70 CA00
Press Ctrl-B to configure iPXE (PCI 00:03.0)...                                                                               




iPXE (https://ipxe.org) 00:05.0 CB00 PCI2.10 PnP PMM 06FCAE70 06F0AE70 CB00
Press Ctrl-B to configure iPXE (PCI 00:05.0)...                                                                               


Booting from Hard Disk...
GRUB loading.....
[0;30;47mWelcome to GRUB![01;01H[0m[2J[H[J[1;1H[?25l[m[H[J[1;1H[2;30HGNU GRUB  version 2.12

[m[4;2H+----------------------------------------------------------------------------+[5;2H|[5;79H|[6;2H|[6;79H|[7;2H|[7;79H|[8;2H|[8;79H|[9;2H|[9;79H|[10;2H|[10;79H|[11;2H|[11;79H|[12;2H|[12;79H|[13;2H|[13;79H|[14;2H|[14;79H|[15;2H|[15;79H|[16;2H+----------------------------------------------------------------------------+[m[17;2H[18;2H[m     Use the ^ and v keys to select which entry is highlighted.          
      Press enter to boot the selected OS, `e' to edit the commands       
      before booting or `c' for a command-line. ESC to return             
      previous menu.                                                      [5;80H [7m[5;3H*OpenWrt                                                                    [m[5;78H[m[m[6;3H OpenWrt (failsafe)                                                         [m[6;78H[m[m[7;3H                                                                            [m[7;78H[m[m[8;3H                                                                            [m[8;78H[m[m[9;3H                                                                            [m[9;78H[m[m[10;3H                                                                            [m[10;78H[m[m[11;3H                                                                            [m[11;78H[m[m[12;3H                                                                            [m[12;78H[m[m[13;3H                                                                            [m[13;78H[m[m[14;3H                                                                            [m[14;78H[m[m[15;3H                                                                            [m[15;78H[m[15;80H [5;78H[2J[02;30HGNU GRUB  version 2.12[04;02H┌────────────────────────────────────────────────────────────────────────────┐[05;02H│[05;79H│[06;02H│[06;79H│[07;02H│[07;79H│[08;02H│[08;79H│[09;02H│[09;79H│[10;02H│[10;79H│[11;02H│[11;79H│[12;02H│[12;79H│[13;02H│[13;79H│[14;02H│[14;79H│[15;02H│[15;79H│[16;02H│[16;79H│[17;02H└────────────────────────────────────────────────────────────────────────────┘[19;02H     Use the ↑ and ↓ keys to select which entry is highlighted.          
      Press enter to boot the selected OS, `e' to edit the commands       
      before booting or `c' for a command-line. ESC to return             
      previous menu.                                                      [05;80H [05;03H[0;30;47m*OpenWrt     [05;15H[05;16H                                                               [06;03H[0m OpenWrt (failsafe)                                                   [06;72H[06;73H      [07;03H                                                                            [08;03H                                                                            [09;03H                                                                            [10;03H                                                                            [11;03H                                                                            [12;03H                                                                            [13;03H                   [13;21H[13;22H                                                         [14;03H                                                                            [15;03H                             [15;31H[15;32H                                               [16;03H                                                                            [16;80H 






   The highlighted entry will be executed automatically in 5s.                [22;1H   The highlighted entry will be executed automatically in 5s.                 [5;78H [05;78H

















   The highlighted entry will be executed automatically in 4s.                [22;1H   The highlighted entry will be executed automatically in 4s.                 [5;78H [05;78H

















   The highlighted entry will be executed automatically in 3s.                [22;1H   The highlighted entry will be executed automatically in 3s.                 [5;78H [05;78H

















   The highlighted entry will be executed automatically in 2s.                [22;1H   The highlighted entry will be executed automatically in 2s.                 [5;78H [05;78H

















   The highlighted entry will be executed automatically in 1[23;60H[23;61Hs.                [22;1H   The highlighted entry will be executed automatically in 1s.                 [5;78H [05;78H

















   The highlighted entry will be executed automatically in 0s.                [22;1H   The highlighted entry will be executed automatically in 0s.                 [5;78H [01;01H[2J[?25h[H[J[1;1H[H[J[1;1H[2J   Booting `OpenWrt' Booting `OpenWrt

'

[    0.000000] Linux version 6.6.127 (builder@buildhost) (x86_64-openwrt-linux-musl-gcc (OpenWrt GCC 13.3.0 r29143-214a657cfa) 13.3.0, GNU ld (GNU Binutils) 2.42) #0 SMP Tue Mar 17 22:48:43 2026
[    0.000000] Command line: BOOT_IMAGE=/boot/vmlinuz root=PARTUUID=b07fe921-02 rootwait console=tty1 console=ttyS0,115200n8 noinitrd
[    0.000000] BIOS-provided physical RAM map:
[    0.000000] BIOS-e820: [mem 0x0000000000000000-0x000000000009fbff] usable
[    0.000000] BIOS-e820: [mem 0x000000000009fc00-0x000000000009ffff] reserved
[    0.000000] BIOS-e820: [mem 0x00000000000f0000-0x00000000000fffff] reserved
[    0.000000] BIOS-e820: [mem 0x0000000000100000-0x0000000007fdcfff] usable
[    0.000000] BIOS-e820: [mem 0x0000000007fdd000-0x0000000007ffffff] reserved
[    0.000000] BIOS-e820: [mem 0x00000000fffc0000-0x00000000ffffffff] reserved
[    0.000000] BIOS-e820: [mem 0x000000fd00000000-0x000000ffffffffff] reserved
[    0.000000] NX (Execute Disable) protection: active
[    0.000000] APIC: Static calls initialized
[    0.000000] SMBIOS 3.0.0 present.
[    0.000000] DMI: QEMU Standard PC (i440FX + PIIX, 1996), BIOS 1.16.3-debian-1.16.3-2 04/01/2014
[    0.000000] tsc: Fast TSC calibration using PIT
[    0.000000] tsc: Detected 2445.408 MHz processor
[    0.008780] last_pfn = 0x7fdd max_arch_pfn = 0x400000000
[    0.009409] MTRR map: 4 entries (3 fixed + 1 variable; max 19), built from 8 variable MTRRs
[    0.009619] x86/PAT: Configuration [0-7]: WB  WC  UC- UC  WB  WP  UC- WT  
[    0.029104] found SMP MP-table at [mem 0x000f5460-0x000f546f]
[    0.030487] Using GB pages for direct mapping
[    0.034259] ACPI: Early table checksum verification disabled
[    0.034600] ACPI: RSDP 0x00000000000F5290 000014 (v00 BOCHS )
[    0.034902] ACPI: RSDT 0x0000000007FE1C64 000034 (v01 BOCHS  BXPC     00000001 BXPC 00000001)
[    0.035396] ACPI: FACP 0x0000000007FE1B18 000074 (v01 BOCHS  BXPC     00000001 BXPC 00000001)
[    0.036018] ACPI: DSDT 0x0000000007FE0040 001AD8 (v01 BOCHS  BXPC     00000001 BXPC 00000001)
[    0.036118] ACPI: FACS 0x0000000007FE0000 000040
[    0.036171] ACPI: APIC 0x0000000007FE1B8C 000078 (v03 BOCHS  BXPC     00000001 BXPC 00000001)
[    0.036198] ACPI: HPET 0x0000000007FE1C04 000038 (v01 BOCHS  BXPC     00000001 BXPC 00000001)
[    0.036221] ACPI: WAET 0x0000000007FE1C3C 000028 (v01 BOCHS  BXPC     00000001 BXPC 00000001)
[    0.036303] ACPI: Reserving FACP table memory at [mem 0x7fe1b18-0x7fe1b8b]
[    0.036349] ACPI: Reserving DSDT table memory at [mem 0x7fe0040-0x7fe1b17]
[    0.036358] ACPI: Reserving FACS table memory at [mem 0x7fe0000-0x7fe003f]
[    0.036364] ACPI: Reserving APIC table memory at [mem 0x7fe1b8c-0x7fe1c03]
[    0.036370] ACPI: Reserving HPET table memory at [mem 0x7fe1c04-0x7fe1c3b]
[    0.036376] ACPI: Reserving WAET table memory at [mem 0x7fe1c3c-0x7fe1c63]
[    0.039443] Zone ranges:
[    0.039478]   DMA      [mem 0x0000000000001000-0x0000000000ffffff]
[    0.039552]   DMA32    [mem 0x0000000001000000-0x0000000007fdcfff]
[    0.039582]   Normal   empty
[    0.039608] Movable zone start for each node
[    0.039636] Early memory node ranges
[    0.039666]   node   0: [mem 0x0000000000001000-0x000000000009efff]
[    0.039710]   node   0: [mem 0x0000000000100000-0x0000000007fdcfff]
[    0.039817] Initmem setup node 0 [mem 0x0000000000001000-0x0000000007fdcfff]
[    0.040648] On node 0, zone DMA: 1 pages in unavailable ranges
[    0.040989] On node 0, zone DMA: 97 pages in unavailable ranges
[    0.042029] On node 0, zone DMA32: 35 pages in unavailable ranges
[    0.042338] ACPI: PM-Timer IO Port: 0x608
[    0.042745] ACPI: LAPIC_NMI (acpi_id[0xff] dfl dfl lint[0x1])
[    0.043161] IOAPIC[0]: apic_id 0, version 32, address 0xfec00000, GSI 0-23
[    0.043272] ACPI: INT_SRC_OVR (bus 0 bus_irq 0 global_irq 2 dfl dfl)
[    0.043520] ACPI: INT_SRC_OVR (bus 0 bus_irq 5 global_irq 5 high level)
[    0.043595] ACPI: INT_SRC_OVR (bus 0 bus_irq 9 global_irq 9 high level)
[    0.043688] ACPI: INT_SRC_OVR (bus 0 bus_irq 10 global_irq 10 high level)
[    0.043699] ACPI: INT_SRC_OVR (bus 0 bus_irq 11 global_irq 11 high level)
[    0.043888] ACPI: Using ACPI (MADT) for SMP configuration information
[    0.043932] ACPI: HPET id: 0x8086a201 base: 0xfed00000
[    0.044224] smpboot: Allowing 1 CPUs, 0 hotplug CPUs
[    0.045307] [mem 0x08000000-0xfffbffff] available for PCI devices
[    0.045359] Booting paravirtualized kernel on bare hardware
[    0.045672] clocksource: refined-jiffies: mask: 0xffffffff max_cycles: 0xffffffff, max_idle_ns: 19112604462750000 ns
[    0.046289] setup_percpu: NR_CPUS:512 nr_cpumask_bits:1 nr_cpu_ids:1 nr_node_ids:1
[    0.047911] percpu: Embedded 48 pages/cpu s158248 r8192 d30168 u2097152
[    0.050136] Kernel command line: BOOT_IMAGE=/boot/vmlinuz root=PARTUUID=b07fe921-02 rootwait console=tty1 console=ttyS0,115200n8 noinitrd
[    0.051813] random: crng init done
[    0.056618] Dentry cache hash table entries: 16384 (order: 5, 131072 bytes, linear)
[    0.057555] Inode-cache hash table entries: 8192 (order: 4, 65536 bytes, linear)
[    0.060254] Built 1 zonelists, mobility grouping on.  Total pages: 31965
[    0.060485] mem auto-init: stack:off, heap alloc:off, heap free:off
[    0.064101] Memory: 102576K/130540K available (14336K kernel code, 1169K rwdata, 2296K rodata, 2452K init, 2408K bss, 27708K reserved, 0K cma-reserved)
[    0.070155] SLUB: HWalign=64, Order=0-3, MinObjects=0, CPUs=1, Nodes=1
[    0.077558] rcu: Hierarchical RCU implementation.
[    0.077609] rcu: 	RCU restricting CPUs from NR_CPUS=512 to nr_cpu_ids=1.
[    0.077723] 	Tracing variant of Tasks RCU enabled.
[    0.077810] rcu: RCU calculated value of scheduler-enlistment delay is 10 jiffies.
[    0.077838] rcu: Adjusting geometry for rcu_fanout_leaf=16, nr_cpu_ids=1
[    0.078975] NR_IRQS: 33024, nr_irqs: 256, preallocated irqs: 16
[    0.087852] rcu: srcu_init: Setting srcu_struct sizes based on contention.
[    0.094690] Console: colour VGA+ 80x25
[    0.094992] printk: console [tty1] enabled
[    0.102682] printk: console [ttyS0] enabled
[    0.334360] ACPI: Core revision 20230628
[    0.339528] clocksource: hpet: mask: 0xffffffff max_cycles: 0xffffffff, max_idle_ns: 19112604467 ns
[    0.349288] APIC: Switch to symmetric I/O mode setup
[    0.353471] ..TIMER: vector=0x30 apic1=0 pin1=2 apic2=-1 pin2=-1
[    0.396135] clocksource: tsc-early: mask: 0xffffffffffffffff max_cycles: 0x233fc6bd520, max_idle_ns: 440795230742 ns
[    0.396769] Calibrating delay loop (skipped), value calculated using timer frequency.. 4890.81 BogoMIPS (lpj=24454080)
[    0.398397] x86/cpu: User Mode Instruction Prevention (UMIP) activated
[    0.413319] Last level iTLB entries: 4KB 0, 2MB 0, 4MB 0
[    0.413682] Last level dTLB entries: 4KB 0, 2MB 0, 4MB 0, 1GB 0
[    0.414126] Spectre V1 : Mitigation: usercopy/swapgs barriers and __user pointer sanitization
[    0.417350] Spectre V2 : Mitigation: Retpolines
[    0.418318] Spectre V2 : Spectre v2 / SpectreRSB: Filling RSB on context switch and VMEXIT
[    0.418839] Speculative Store Bypass: Vulnerable
[    0.421249] x86/fpu: Supporting XSAVE feature 0x001: 'x87 floating point registers'
[    0.425742] x86/fpu: Supporting XSAVE feature 0x002: 'SSE registers'
[    0.427838] x86/fpu: Supporting XSAVE feature 0x004: 'AVX registers'
[    0.428071] x86/fpu: Supporting XSAVE feature 0x008: 'MPX bounds registers'
[    0.428342] x86/fpu: Supporting XSAVE feature 0x010: 'MPX CSR'
[    0.437053] x86/fpu: xstate_offset[2]:  576, xstate_sizes[2]:  256
[    0.437432] x86/fpu: xstate_offset[3]:  960, xstate_sizes[3]:   64
[    0.437648] x86/fpu: xstate_offset[4]: 1024, xstate_sizes[4]:   64
[    0.437887] x86/fpu: Enabled xstate features 0x1f, context size is 1088 bytes, using 'standard' format.
[    0.687498] Freeing SMP alternatives memory: 40K
[    0.688713] pid_max: default: 32768 minimum: 301
[    0.697897] Mount-cache hash table entries: 512 (order: 0, 4096 bytes, linear)
[    0.698270] Mountpoint-cache hash table entries: 512 (order: 0, 4096 bytes, linear)
[    0.846681] smpboot: CPU0: AMD QEMU TCG CPU version 2.5+ (family: 0x6, model: 0x6, stepping: 0x3)
[    0.846681] RCU Tasks Trace: Setting shift to 0 and lim to 1 rcu_task_cb_adjust=1 rcu_task_cpu_ids=1.
[    0.846681] Performance Events: PMU not available due to virtualization, using software events only.
[    0.848919] signal: max sigframe size: 1616
[    0.850532] rcu: Hierarchical SRCU implementation.
[    0.850751] rcu: 	Max phase no-delay instances is 1000.
[    0.853759] smp: Bringing up secondary CPUs ...
[    0.855735] smp: Brought up 1 node, 1 CPU
[    0.858458] smpboot: Max logical packages: 1
[    0.858724] smpboot: Total of 1 processors activated (4890.81 BogoMIPS)
[    0.876082] clocksource: jiffies: mask: 0xffffffff max_cycles: 0xffffffff, max_idle_ns: 19112604462750000 ns
[    0.876993] futex hash table entries: 256 (order: 2, 16384 bytes, linear)
[    0.878040] pinctrl core: initialized pinctrl subsystem
[    0.896993] NET: Registered PF_NETLINK/PF_ROUTE protocol family
[    0.903218] thermal_sys: Registered thermal governor 'step_wise'
[    0.903250] thermal_sys: Registered thermal governor 'user_space'
[    0.904098] cpuidle: using governor ladder
[    0.904606] cpuidle: using governor menu
[    0.908845] acpiphp: ACPI Hot Plug PCI Controller Driver version: 0.5
[    0.911615] PCI: Using configuration type 1 for base access
[    0.921131] cryptd: max_cpu_qlen set to 1000
[    0.925828] ACPI: Added _OSI(Module Device)
[    0.926020] ACPI: Added _OSI(Processor Device)
[    0.926187] ACPI: Added _OSI(Processor Aggregator Device)
[    0.940782] ACPI: 1 ACPI AML tables successfully acquired and loaded
[    0.954892] ACPI: _OSC evaluation for CPUs failed, trying _PDC
[    0.957067] ACPI: Interpreter enabled
[    0.957802] ACPI: PM: (supports S0 S5)
[    0.958006] ACPI: Using IOAPIC for interrupt routing
[    0.958575] PCI: Using host bridge windows from ACPI; if necessary, use "pci=nocrs" and report a bug
[    0.965439] PCI: Using E820 reservations for host bridge windows
[    0.967467] ACPI: Enabled 2 GPEs in block 00 to 0F
[    0.997525] ACPI: PCI Root Bridge [PCI0] (domain 0000 [bus 00-ff])
[    0.998383] acpi PNP0A03:00: _OSC: OS supports [ASPM ClockPM Segments MSI HPX-Type3]
[    0.998864] acpi PNP0A03:00: _OSC: not requesting OS control; OS requires [ExtendedConfig ASPM ClockPM MSI]
[    0.999715] acpi PNP0A03:00: fail to add MMCONFIG information, can't access extended configuration space under this bridge
[    1.011627] acpiphp: Slot [3] registered
[    1.012063] acpiphp: Slot [4] registered
[    1.012326] acpiphp: Slot [5] registered
[    1.012572] acpiphp: Slot [6] registered
[    1.016929] acpiphp: Slot [7] registered
[    1.017396] acpiphp: Slot [8] registered
[    1.017706] acpiphp: Slot [9] registered
[    1.017957] acpiphp: Slot [10] registered
[    1.018199] acpiphp: Slot [11] registered
[    1.018474] acpiphp: Slot [12] registered
[    1.028668] acpiphp: Slot [13] registered
[    1.028930] acpiphp: Slot [14] registered
[    1.029180] acpiphp: Slot [15] registered
[    1.029425] acpiphp: Slot [16] registered
[    1.029698] acpiphp: Slot [17] registered
[    1.029943] acpiphp: Slot [18] registered
[    1.030192] acpiphp: Slot [19] registered
[    1.036966] acpiphp: Slot [20] registered
[    1.037398] acpiphp: Slot [21] registered
[    1.037681] acpiphp: Slot [22] registered
[    1.037927] acpiphp: Slot [23] registered
[    1.038196] acpiphp: Slot [24] registered
[    1.038444] acpiphp: Slot [25] registered
[    1.046956] acpiphp: Slot [26] registered
[    1.047389] acpiphp: Slot [27] registered
[    1.047767] acpiphp: Slot [28] registered
[    1.048020] acpiphp: Slot [29] registered
[    1.048289] acpiphp: Slot [30] registered
[    1.048536] acpiphp: Slot [31] registered
[    1.057122] PCI host bridge to bus 0000:00
[    1.057661] pci_bus 0000:00: root bus resource [io  0x0000-0x0cf7 window]
[    1.058048] pci_bus 0000:00: root bus resource [io  0x0d00-0xffff window]
[    1.058309] pci_bus 0000:00: root bus resource [mem 0x000a0000-0x000bffff window]
[    1.066795] pci_bus 0000:00: root bus resource [mem 0x08000000-0xfebfffff window]
[    1.067256] pci_bus 0000:00: root bus resource [mem 0x100000000-0x17fffffff window]
[    1.067806] pci_bus 0000:00: root bus resource [bus 00-ff]
[    1.077882] pci 0000:00:00.0: [8086:1237] type 00 class 0x060000
[    1.090287] pci 0000:00:01.0: [8086:7000] type 00 class 0x060100
[    1.091125] pci 0000:00:01.1: [8086:7010] type 00 class 0x010180
[    1.093767] pci 0000:00:01.1: reg 0x20: [io  0xc0e0-0xc0ef]
[    1.094961] pci 0000:00:01.1: legacy IDE quirk: reg 0x10: [io  0x01f0-0x01f7]
[    1.096857] pci 0000:00:01.1: legacy IDE quirk: reg 0x14: [io  0x03f6]
[    1.097293] pci 0000:00:01.1: legacy IDE quirk: reg 0x18: [io  0x0170-0x0177]
[    1.097646] pci 0000:00:01.1: legacy IDE quirk: reg 0x1c: [io  0x0376]
[    1.098580] pci 0000:00:01.3: [8086:7113] type 00 class 0x068000
[    1.107381] pci 0000:00:01.3: quirk: [io  0x0600-0x063f] claimed by PIIX4 ACPI
[    1.107737] pci 0000:00:01.3: quirk: [io  0x0700-0x070f] claimed by PIIX4 SMB
[    1.108521] pci 0000:00:02.0: [1234:1111] type 00 class 0x030000
[    1.109210] pci 0000:00:02.0: reg 0x10: [mem 0xfd000000-0xfdffffff pref]
[    1.118210] pci 0000:00:02.0: reg 0x18: [mem 0xfeb90000-0xfeb90fff]
[    1.121058] pci 0000:00:02.0: reg 0x30: [mem 0xfeb80000-0xfeb8ffff pref]
[    1.121574] pci 0000:00:02.0: Video device with shadowed ROM at [mem 0x000c0000-0x000dffff]
[    1.127809] pci 0000:00:03.0: [1af4:1000] type 00 class 0x020000
[    1.128504] pci 0000:00:03.0: reg 0x10: [io  0xc080-0xc09f]
[    1.130999] pci 0000:00:03.0: reg 0x20: [mem 0xfe000000-0xfe003fff 64bit pref]
[    1.131786] pci 0000:00:03.0: reg 0x30: [mem 0xfea80000-0xfeafffff pref]
[    1.147094] pci 0000:00:04.0: [1af4:1005] type 00 class 0x00ff00
[    1.147994] pci 0000:00:04.0: reg 0x10: [io  0xc0a0-0xc0bf]
[    1.148799] pci 0000:00:04.0: reg 0x14: [mem 0xfeb91000-0xfeb91fff]
[    1.151897] pci 0000:00:04.0: reg 0x20: [mem 0xfe004000-0xfe007fff 64bit pref]
[    1.161215] pci 0000:00:05.0: [1af4:1000] type 00 class 0x020000
[    1.162003] pci 0000:00:05.0: reg 0x10: [io  0xc0c0-0xc0df]
[    1.162769] pci 0000:00:05.0: reg 0x14: [mem 0xfeb92000-0xfeb92fff]
[    1.164577] pci 0000:00:05.0: reg 0x20: [mem 0xfe008000-0xfe00bfff 64bit pref]
[    1.167635] pci 0000:00:05.0: reg 0x30: [mem 0xfeb00000-0xfeb7ffff pref]
[    1.171542] pci 0000:00:06.0: [1af4:1001] type 00 class 0x010000
[    1.172226] pci 0000:00:06.0: reg 0x10: [io  0xc000-0xc07f]
[    1.172914] pci 0000:00:06.0: reg 0x14: [mem 0xfeb93000-0xfeb93fff]
[    1.178535] pci 0000:00:06.0: reg 0x20: [mem 0xfe00c000-0xfe00ffff 64bit pref]
[    1.189429] ACPI: PCI: Interrupt link LNKA configured for IRQ 10
[    1.190401] ACPI: PCI: Interrupt link LNKB configured for IRQ 10
[    1.191203] ACPI: PCI: Interrupt link LNKC configured for IRQ 11
[    1.191870] ACPI: PCI: Interrupt link LNKD configured for IRQ 11
[    1.192278] ACPI: PCI: Interrupt link LNKS configured for IRQ 9
[    1.195517] iommu: Default domain type: Translated
[    1.196852] iommu: DMA domain TLB invalidation policy: lazy mode
[    1.199399] SCSI subsystem initialized
[    1.201144] ACPI: bus type USB registered
[    1.201675] usbcore: registered new interface driver usbfs
[    1.202137] usbcore: registered new interface driver hub
[    1.207105] usbcore: registered new device driver usb
[    1.207734] pps_core: LinuxPPS API ver. 1 registered
[    1.207934] pps_core: Software ver. 5.3.6 - Copyright 2005-2007 Rodolfo Giometti <giometti@linux.it>
[    1.208353] PTP clock support registered
[    1.235456] PCI: Using ACPI for IRQ routing
[    1.238527] hpet0: at MMIO 0xfed00000, IRQs 2, 8, 0
[    1.238805] hpet0: 3 comparators, 64-bit 100.000000 MHz counter
[    1.244931] clocksource: Switched to clocksource tsc-early
[    1.246681] pnp: PnP ACPI init
[    1.246681] pnp: PnP ACPI: found 6 devices
[    1.258982] clocksource: acpi_pm: mask: 0xffffff max_cycles: 0xffffff, max_idle_ns: 2085701024 ns
[    1.260246] NET: Registered PF_INET protocol family
[    1.261340] IP idents hash table entries: 2048 (order: 2, 16384 bytes, linear)
[    1.266412] tcp_listen_portaddr_hash hash table entries: 256 (order: 0, 4096 bytes, linear)
[    1.270148] Table-perturb hash table entries: 65536 (order: 6, 262144 bytes, linear)
[    1.270514] TCP established hash table entries: 1024 (order: 1, 8192 bytes, linear)
[    1.270937] TCP bind hash table entries: 1024 (order: 3, 32768 bytes, linear)
[    1.280601] TCP: Hash tables configured (established 1024 bind 1024)
[    1.282577] MPTCP token hash table entries: 256 (order: 1, 6144 bytes, linear)
[    1.283096] UDP hash table entries: 256 (order: 1, 8192 bytes, linear)
[    1.283555] UDP-Lite hash table entries: 256 (order: 1, 8192 bytes, linear)
[    1.292898] NET: Registered PF_UNIX/PF_LOCAL protocol family
[    1.294039] pci_bus 0000:00: resource 4 [io  0x0000-0x0cf7 window]
[    1.294289] pci_bus 0000:00: resource 5 [io  0x0d00-0xffff window]
[    1.294503] pci_bus 0000:00: resource 6 [mem 0x000a0000-0x000bffff window]
[    1.302271] pci_bus 0000:00: resource 7 [mem 0x08000000-0xfebfffff window]
[    1.302629] pci_bus 0000:00: resource 8 [mem 0x100000000-0x17fffffff window]
[    1.303403] pci 0000:00:01.0: PIIX3: Enabling Passive Release
[    1.313276] pci 0000:00:00.0: Limiting direct PCI/PCI transfers
[    1.313723] PCI: CLS 0 bytes, default 64
[    1.344856] workingset: timestamp_bits=46 max_order=15 bucket_order=0
[    1.346863] squashfs: version 4.0 (2009/01/31) Phillip Lougher
[    1.349710] Block layer SCSI generic (bsg) driver version 0.4 loaded (major 247)
[    1.353299] hv_vmbus: registering driver hyperv_fb
[    1.358559] input: Power Button as /devices/LNXSYSTM:00/LNXPWRBN:00/input/input0
[    1.371197] ACPI: button: Power Button [PWRF]
[    1.567304] ACPI: \_SB_.LNKC: Enabled at IRQ 11
[    1.755345] ACPI: \_SB_.LNKD: Enabled at IRQ 10
[    1.941934] ACPI: \_SB_.LNKA: Enabled at IRQ 10
[    2.127764] ACPI: \_SB_.LNKB: Enabled at IRQ 11
[    2.129603] Serial: 8250/16550 driver, 16 ports, IRQ sharing enabled
[    2.154288] 00:04: ttyS0 at I/O 0x3f8 (irq = 4, base_baud = 115200) is a 16550A
[    2.197156] Non-volatile memory driver v1.3
[    2.208821] Linux agpgart interface v0.103
[    2.209602] AMD-Vi: AMD IOMMUv2 functionality not available on this system - This is not a bug.
[    2.210172] ACPI: bus type drm_connector registered
[    2.212417] [drm] Found bochs VGA, ID 0xb0c5.
[    2.212616] [drm] Framebuffer size 16384 kB @ 0xfd000000, mmio @ 0xfeb90000.
[    2.226721] [drm] Found EDID data blob.
[    2.232126] [drm] Initialized bochs-drm 1.0.0 20130925 for 0000:00:02.0 on minor 0
[    2.299784] Console: switching to colour frame buffer device 160x50
[    2.309094] bochs-drm 0000:00:02.0: [drm] fb0: bochs-drmdrmfb frame buffer device
[    2.346802] tsc: Refined TSC clocksource calibration: 2445.408 MHz
[    2.347459] clocksource: tsc: mask: 0xffffffffffffffff max_cycles: 0x233fc6bd520, max_idle_ns: 440795230742 ns
[    2.350224] clocksource: Switched to clocksource tsc
[    2.351516] loop: module loaded
[    2.358017] virtio_blk virtio3: 1/0/0 default/read/poll queues
[    2.363191] virtio_blk virtio3: [vda] 246784 512-byte logical blocks (126 MB/121 MiB)
[    2.371795]  vda: vda1 vda2
[    2.374982] Guest personality initialized and is inactive
[    2.375617] VMCI host device registered (name=vmci, major=10, minor=256)
[    2.375873] Initialized host personality
[    2.376813] VMware PVSCSI driver - version 1.0.7.0-k
[    2.377137] hv_vmbus: registering driver hv_storvsc
[    2.404279] scsi host0: ata_piix
[    2.407179] scsi host1: ata_piix
[    2.408198] ata1: PATA max MWDMA2 cmd 0x1f0 ctl 0x3f6 bmdma 0xc0e0 irq 14
[    2.408636] ata2: PATA max MWDMA2 cmd 0x170 ctl 0x376 bmdma 0xc0e8 irq 15
[    2.418361] VMware vmxnet3 virtual NIC driver - version 1.7.0.0-k-NAPI
[    2.419040] hv_vmbus: registering driver hv_netvsc
[    2.419441] Fusion MPT base driver 3.04.20
[    2.419603] Copyright (c) 1999-2008 LSI Corporation
[    2.419963] Fusion MPT SPI Host driver 3.04.20
[    2.429190] Fusion MPT SAS Host driver 3.04.20
[    2.431617] usbcore: registered new interface driver usb-storage
[    2.432835] i8042: PNP: PS/2 Controller [PNP0303:KBD,PNP0f13:MOU] at 0x60,0x64 irq 1,12
[    2.438873] serio: i8042 KBD port at 0x60,0x64 irq 1
[    2.441535] serio: i8042 AUX port at 0x60,0x64 irq 12
[    2.443694] hv_vmbus: registering driver hyperv_keyboard
[    2.446119] rtc_cmos 00:05: RTC can wake from S4
[    2.451369] rtc_cmos 00:05: registered as rtc0
[    2.454056] rtc_cmos 00:05: setting system clock to 2026-03-28T02:55:26 UTC (1774666526)
[    2.456543] rtc_cmos 00:05: alarms up to one day, y3k, 242 bytes nvram, hpet irqs
[    2.459558] amd_pstate: the _CPC object is not present in SBIOS or ACPI disabled
[    2.461923] sdhci: Secure Digital Host Controller Interface driver
[    2.467123] sdhci: Copyright(c) Pierre Ossman
[    2.476601] input: AT Translated Set 2 keyboard as /devices/platform/i8042/serio0/input/input1
[    2.509467] hid: raw HID events driver (C) Jiri Kosina
[    2.512024] hv_vmbus: registering driver hid_hyperv
[    2.514794] usbcore: registered new interface driver usbhid
[    2.516902] usbhid: USB HID core driver
[    2.519274] hv_utils: Registering HyperV Utility Driver
[    2.522108] hv_vmbus: registering driver hv_utils
[    2.524134] hv_vmbus: registering driver hv_balloon
[    2.527528] NET: Registered PF_INET6 protocol family
[    2.544058] Segment Routing with IPv6
[    2.546324] In-situ OAM (IOAM) with IPv6
[    2.548947] NET: Registered PF_PACKET protocol family
[    2.551492] bridge: filtering via arp/ip/ip6tables is no longer available by default. Update your scripts to load br_netfilter if you need this.
[    2.560613] 8021q: 802.1Q VLAN Support v1.8
[    2.563288] NET: Registered PF_VSOCK protocol family
[    2.572656] IPI shorthand broadcast: enabled
[    2.574871] AVX2 version of gcm_enc/dec engaged.
[    2.581465] AES CTR mode by8 optimization enabled
[    2.601538] sched_clock: Marking stable (2350063828, 248331561)->(2684754537, -86359148)
[    2.651704] ata2: found unknown device (class 0)
[    2.742821] ata2.00: ATAPI: QEMU DVD-ROM, 2.5+, max UDMA/100
[    2.758507] scsi 1:0:0:0: CD-ROM            QEMU     QEMU DVD-ROM     2.5+ PQ: 0 ANSI: 5
[    2.766857] clk: Disabling unused clocks
[    2.840136] sr 1:0:0:0: [sr0] scsi3-mmc drive: 4x/4x cd/rw xa/form2 tray
[    2.842646] cdrom: Uniform CD-ROM driver Revision: 3.20
[    2.897807] VFS: Mounted root (squashfs filesystem) readonly on device 254:2.
[    2.966450] Freeing unused kernel image (initmem) memory: 2452K
[    2.968858] Write protecting the kernel read-only data: 18432k
[    2.973297] Freeing unused kernel image (rodata/data gap) memory: 1800K
[    2.975741] Run /sbin/init as init process
[    3.237327] init: Console is alive
[    3.967694] kmodloader: loading kernel modules from /etc/modules-boot.d/*
[    4.031762] button_hotplug: loading out-of-tree module taints kernel.
[    4.038348] Button Hotplug driver version 0.4.1
[    4.060789] Intel(R) 2.5G Ethernet Linux Driver
[    4.063087] Copyright(c) 2018 Intel Corporation.
[    4.080803] igb: Intel(R) Gigabit Ethernet Network Driver
[    4.083155] igb: Copyright (c) 2007-2014 Intel Corporation.
[    4.098066] kmodloader: done loading kernel modules from /etc/modules-boot.d/*
[    4.109814] init: - preinit -
[    5.082915] 8021q: adding VLAN 0 to HW filter on device eth0
Press the [f] key and hit [enter] to enter failsafe mode
Press the [1], [2], [3] or [4] key and hit [enter] to select the debug level
[    9.716963] loop0: detected capacity change from 0 to 212992
[    9.768796] loop0: detected capacity change from 212992 to 196480
[    9.781875] mount_root: overlay filesystem in /dev/loop0 has not been formatted yet
[   10.107935] EXT4-fs (loop0): mounted filesystem c7023acd-b824-4f10-bd4c-8009db3ff7de r/w with ordered data mode. Quota mode: disabled.
[   10.121742] mount_root: overlay filesystem has not been fully initialized yet
[   10.139325] mount_root: switching to ext4 overlay
[   10.162155] overlayfs: null uuid detected in lower fs '/', falling back to xino=off,index=off,nfs_export=off.
[   10.882330] EXT4-fs (vda1): mounted filesystem 84173db5-fa99-e35a-95c6-28613cc79ea9 r/w without journal. Quota mode: disabled.
[   10.906539] urandom-seed: Seed file not found (/etc/urandom.seed)
[   11.053757] procd: - early -
[   11.844577] procd: - ubus -
[   12.031014] procd: - init -
Please press Enter to activate this console.
root
login[1003]: root login on 'ttyS0'


BusyBox v1.36.1 (2026-03-17 22:48:43 UTC) built-in shell (ash)

  _______                     ________        __
 |       |.-----.-----.-----.|  |  |  |.----.|  |_
 |   -   ||  _  |  -__|     ||  |  |  ||   _||   _|
 |_______||   __|_____|__|__||________||__|  |____|
          |__| W I R E L E S S   F R E E D O M
 -----------------------------------------------------
 OpenWrt 24.10-SNAPSHOT, r29143-214a657cfa
 -----------------------------------------------------
  ___   __ __                _______             __
 |   |_|__|  |--.----.-----.|   |   |-----.-----|  |--.
 |     |  |  _  |   _|  -__||       |  -__|__ --|     |
 |_____|__|_____|__| |_____||__|_|__|_____|_____|__|__|

 ------------------------------------------------------
 LiMe master development (master rev. 7929208 20260304_1752)
 ------------------------------------------------------
 https://libremesh.org
 ------------------------------------------------------

 === System Notes =================================================

 = edit via http://thisnode.info/app/#/notes or /etc/banner.notes =

=== WARNING! =====================================
There is no root password defined on this device!
Use the "passwd" command to set up a new password
in order to prevent unauthorized SSH logins.
--------------------------------------------------
root@(none):~# dmesg -n 1
root@(none):~# echo 'UOTN''AUUKHN'
UOTNAUUKHN
root@(none):~# run() { echo -n "$MARKER"; sh -c "$@"; echo "$MARKER $?"; }
root@(none):~# echo 'NVCF''TYSMZB'
NVCFTYSMZB
root@(none):~# MARKER='KNYW''QYMGPX' run 'ubus wait_for network.interface.lan'
KNYWQYMGPX