Labgrid Console Logfile for main
Logfile started at 2026-04-11 01:44:44.595450
=== Log starts here ===
c[?7l[2J[0mSeaBIOS (version 1.16.3-debian-1.16.3-2)


iPXE (https://ipxe.org) 00:03.0 CA00 PCI2.10 PnP PMM+06FCAE70+06F0AE70 CA00
Press Ctrl-B to configure iPXE (PCI 00:03.0)...                                                                               




iPXE (https://ipxe.org) 00:05.0 CB00 PCI2.10 PnP PMM 06FCAE70 06F0AE70 CB00
Press Ctrl-B to configure iPXE (PCI 00:05.0)...                                                                               


Booting from Hard Disk...
GRUB loading.....
[0;30;47mWelcome to GRUB![01;01H[0m[2J[H[J[1;1H[?25l[m[H[J[1;1H[2;30HGNU GRUB  version 2.12

[m[4;2H+----------------------------------------------------------------------------+[5;2H|[5;79H|[6;2H|[6;79H|[7;2H|[7;79H|[8;2H|[8;79H|[9;2H|[9;79H|[10;2H|[10;79H|[11;2H|[11;79H|[12;2H|[12;79H|[13;2H|[13;79H|[14;2H|[14;79H|[15;2H|[15;79H|[16;2H+----------------------------------------------------------------------------+[m[17;2H[18;2H[m     Use the ^ and v keys to select which entry is highlighted.          
      Press enter to boot the selected OS, `e' to edit the commands       
      before booting or `c' for a command-line. ESC to return             
      previous menu.                                                      [5;80H [7m[5;3H*OpenWrt                                                                    [m[5;78H[m[m[6;3H OpenWrt (failsafe)                                                         [m[6;78H[m[m[7;3H                                                                            [m[7;78H[m[m[8;3H                                                                            [m[8;78H[m[m[9;3H                                                                            [m[9;78H[m[m[10;3H                                                                            [m[10;78H[m[m[11;3H                                                                            [m[11;78H[m[m[12;3H                                                                            [m[12;78H[m[m[13;3H                                                                            [m[13;78H[m[m[14;3H                                                                            [m[14;78H[m[m[15;3H                                                                            [m[15;78H[m[15;80H [5;78H[2J[02;30HGNU GRUB  version 2.12[04;02H┌──────────────────────────────────────────────────────────[04;60H[04;61H──────────────────┐[05;02H│[05;79H│[06;02H│[06;79H│[07;02H│[07;79H│[08;02H│[08;79H│[09;02H│[09;79H│[10;02H│[10;79H│[11;02H│[11;79H│[12;02H│[12;79H│[13;02H│[13;79H│[14;02H│[14;79H│[15;02H│[15;79H│[16;02H│[16;79H│[17;02H└────────────────────────────────────────────────────────────────────────────┘[19;02H     Use the ↑ and ↓ keys to select which entry is highlighted.          
      Press enter to boot the selected OS, `e' to edit the commands       
      before booting or `c' for a command-line. ESC to return             
      previous menu.                 [22;37H[22;38H                                     [05;80H [05;03H[0;30;47m*OpenWrt                                                                    [06;03H[0m OpenWrt (failsafe)                                                         [07;03H      [07;08H[07;09H                                                                      [08;03H                                                                            [09;03H                                                     [09;55H[09;56H                       [10;03H                                                                            [11;03H                                                                            [12;03H                       [12;25H[12;26H                                                     [13;03H                                                                            [14;03H                                                                     [14;71H[14;72H       [15;03H                                                                            [16;03H                                                                            [16;80H 






   The highlighted entry will be executed automatically in 5s.                [22;1H   The highlighted entry will be executed automatically in 5s.                 [5;78H [05;78H

















   The highlighted entry will be executed automatically in 4s.                [22;1H   The highlighted entry will be executed automatically in 4s.                 [5;78H [05;78H

















   The highlighted entry will be executed automatically in 3s.                [22;1H   The highlighted entry will be executed automatically in 3s.                 [5;78H [05;78H

















   The highlighted entry will be executed automatically in 2s.                [22;1H   The highlighted entry will be executed automatically in 2s.                 [5;78H [05;78H

















   The highlighted entry will be executed automatically in 1s.                [22;1H   The highlighted entry will be executed automatically in 1s.                 [5;78H [05;78H

















   The highlighted entry will be executed automatically in 0s.                [22;1H   The highlighted entry will be executed automatically in 0s.                 [5;78H [01;01H[2J[?25h[H[J[1;1H[H[J[1;1H[2J   Booting `OpenWrt' Booting `OpenWrt

'

[    0.000000] Linux version 6.6.129 (builder@buildhost) (x86_64-openwrt-linux-musl-gcc (OpenWrt GCC 13.3.0 r29149-fbca86e8bd) 13.3.0, GNU ld (GNU Binutils) 2.42) #0 SMP Fri Apr 10 16:31:26 2026
[    0.000000] Command line: BOOT_IMAGE=/boot/vmlinuz root=PARTUUID=898f55a1-02 rootwait console=tty1 console=ttyS0,115200n8 noinitrd
[    0.000000] BIOS-provided physical RAM map:
[    0.000000] BIOS-e820: [mem 0x0000000000000000-0x000000000009fbff] usable
[    0.000000] BIOS-e820: [mem 0x000000000009fc00-0x000000000009ffff] reserved
[    0.000000] BIOS-e820: [mem 0x00000000000f0000-0x00000000000fffff] reserved
[    0.000000] BIOS-e820: [mem 0x0000000000100000-0x0000000007fdcfff] usable
[    0.000000] BIOS-e820: [mem 0x0000000007fdd000-0x0000000007ffffff] reserved
[    0.000000] BIOS-e820: [mem 0x00000000fffc0000-0x00000000ffffffff] reserved
[    0.000000] BIOS-e820: [mem 0x000000fd00000000-0x000000ffffffffff] reserved
[    0.000000] NX (Execute Disable) protection: active
[    0.000000] APIC: Static calls initialized
[    0.000000] SMBIOS 3.0.0 present.
[    0.000000] DMI: QEMU Standard PC (i440FX + PIIX, 1996), BIOS 1.16.3-debian-1.16.3-2 04/01/2014
[    0.000000] tsc: Fast TSC calibration using PIT
[    0.000000] tsc: Detected 2793.454 MHz processor
[    0.007865] last_pfn = 0x7fdd max_arch_pfn = 0x400000000
[    0.008485] MTRR map: 4 entries (3 fixed + 1 variable; max 19), built from 8 variable MTRRs
[    0.008668] x86/PAT: Configuration [0-7]: WB  WC  UC- UC  WB  WP  UC- WT  
[    0.025975] found SMP MP-table at [mem 0x000f5460-0x000f546f]
[    0.027301] Using GB pages for direct mapping
[    0.030862] ACPI: Early table checksum verification disabled
[    0.031193] ACPI: RSDP 0x00000000000F5290 000014 (v00 BOCHS )
[    0.031492] ACPI: RSDT 0x0000000007FE1C64 000034 (v01 BOCHS  BXPC     00000001 BXPC 00000001)
[    0.031986] ACPI: FACP 0x0000000007FE1B18 000074 (v01 BOCHS  BXPC     00000001 BXPC 00000001)
[    0.032638] ACPI: DSDT 0x0000000007FE0040 001AD8 (v01 BOCHS  BXPC     00000001 BXPC 00000001)
[    0.032738] ACPI: FACS 0x0000000007FE0000 000040
[    0.032792] ACPI: APIC 0x0000000007FE1B8C 000078 (v03 BOCHS  BXPC     00000001 BXPC 00000001)
[    0.032822] ACPI: HPET 0x0000000007FE1C04 000038 (v01 BOCHS  BXPC     00000001 BXPC 00000001)
[    0.032848] ACPI: WAET 0x0000000007FE1C3C 000028 (v01 BOCHS  BXPC     00000001 BXPC 00000001)
[    0.032933] ACPI: Reserving FACP table memory at [mem 0x7fe1b18-0x7fe1b8b]
[    0.032980] ACPI: Reserving DSDT table memory at [mem 0x7fe0040-0x7fe1b17]
[    0.032990] ACPI: Reserving FACS table memory at [mem 0x7fe0000-0x7fe003f]
[    0.032998] ACPI: Reserving APIC table memory at [mem 0x7fe1b8c-0x7fe1c03]
[    0.033005] ACPI: Reserving HPET table memory at [mem 0x7fe1c04-0x7fe1c3b]
[    0.033012] ACPI: Reserving WAET table memory at [mem 0x7fe1c3c-0x7fe1c63]
[    0.035993] Zone ranges:
[    0.036030]   DMA      [mem 0x0000000000001000-0x0000000000ffffff]
[    0.036117]   DMA32    [mem 0x0000000001000000-0x0000000007fdcfff]
[    0.036132]   Normal   empty
[    0.036156] Movable zone start for each node
[    0.036184] Early memory node ranges
[    0.036214]   node   0: [mem 0x0000000000001000-0x000000000009efff]
[    0.036259]   node   0: [mem 0x0000000000100000-0x0000000007fdcfff]
[    0.036367] Initmem setup node 0 [mem 0x0000000000001000-0x0000000007fdcfff]
[    0.037205] On node 0, zone DMA: 1 pages in unavailable ranges
[    0.037556] On node 0, zone DMA: 97 pages in unavailable ranges
[    0.038633] On node 0, zone DMA32: 35 pages in unavailable ranges
[    0.038958] ACPI: PM-Timer IO Port: 0x608
[    0.039321] ACPI: LAPIC_NMI (acpi_id[0xff] dfl dfl lint[0x1])
[    0.039716] IOAPIC[0]: apic_id 0, version 32, address 0xfec00000, GSI 0-23
[    0.039834] ACPI: INT_SRC_OVR (bus 0 bus_irq 0 global_irq 2 dfl dfl)
[    0.040092] ACPI: INT_SRC_OVR (bus 0 bus_irq 5 global_irq 5 high level)
[    0.040149] ACPI: INT_SRC_OVR (bus 0 bus_irq 9 global_irq 9 high level)
[    0.040238] ACPI: INT_SRC_OVR (bus 0 bus_irq 10 global_irq 10 high level)
[    0.040250] ACPI: INT_SRC_OVR (bus 0 bus_irq 11 global_irq 11 high level)
[    0.040436] ACPI: Using ACPI (MADT) for SMP configuration information
[    0.040479] ACPI: HPET id: 0x8086a201 base: 0xfed00000
[    0.040761] smpboot: Allowing 1 CPUs, 0 hotplug CPUs
[    0.041790] [mem 0x08000000-0xfffbffff] available for PCI devices
[    0.041841] Booting paravirtualized kernel on bare hardware
[    0.042128] clocksource: refined-jiffies: mask: 0xffffffff max_cycles: 0xffffffff, max_idle_ns: 19112604462750000 ns
[    0.042723] setup_percpu: NR_CPUS:512 nr_cpumask_bits:1 nr_cpu_ids:1 nr_node_ids:1
[    0.044247] percpu: Embedded 48 pages/cpu s158248 r8192 d30168 u2097152
[    0.046474] Kernel command line: BOOT_IMAGE=/boot/vmlinuz root=PARTUUID=898f55a1-02 rootwait console=tty1 console=ttyS0,115200n8 noinitrd
[    0.048321] random: crng init done
[    0.052468] Dentry cache hash table entries: 16384 (order: 5, 131072 bytes, linear)
[    0.053293] Inode-cache hash table entries: 8192 (order: 4, 65536 bytes, linear)
[    0.055763] Built 1 zonelists, mobility grouping on.  Total pages: 31965
[    0.055998] mem auto-init: stack:off, heap alloc:off, heap free:off
[    0.059662] Memory: 102576K/130540K available (14336K kernel code, 1170K rwdata, 2296K rodata, 2452K init, 2408K bss, 27708K reserved, 0K cma-reserved)
[    0.065504] SLUB: HWalign=64, Order=0-3, MinObjects=0, CPUs=1, Nodes=1
[    0.072920] rcu: Hierarchical RCU implementation.
[    0.072953] rcu: 	RCU restricting CPUs from NR_CPUS=512 to nr_cpu_ids=1.
[    0.073075] 	Tracing variant of Tasks RCU enabled.
[    0.073161] rcu: RCU calculated value of scheduler-enlistment delay is 10 jiffies.
[    0.073189] rcu: Adjusting geometry for rcu_fanout_leaf=16, nr_cpu_ids=1
[    0.074310] NR_IRQS: 33024, nr_irqs: 256, preallocated irqs: 16
[    0.082977] rcu: srcu_init: Setting srcu_struct sizes based on contention.
[    0.089877] Console: colour VGA+ 80x25
[    0.090181] printk: console [tty1] enabled
[    0.097718] printk: console [ttyS0] enabled
[    0.324692] ACPI: Core revision 20230628
[    0.339793] clocksource: hpet: mask: 0xffffffff max_cycles: 0xffffffff, max_idle_ns: 19112604467 ns
[    0.344610] APIC: Switch to symmetric I/O mode setup
[    0.349053] ..TIMER: vector=0x30 apic1=0 pin1=2 apic2=-1 pin2=-1
[    0.391493] clocksource: tsc-early: mask: 0xffffffffffffffff max_cycles: 0x284418e6420, max_idle_ns: 440795267503 ns
[    0.392097] Calibrating delay loop (skipped), value calculated using timer frequency.. 5586.90 BogoMIPS (lpj=27934540)
[    0.393666] x86/cpu: User Mode Instruction Prevention (UMIP) activated
[    0.408506] Last level iTLB entries: 4KB 0, 2MB 0, 4MB 0
[    0.408879] Last level dTLB entries: 4KB 0, 2MB 0, 4MB 0, 1GB 0
[    0.409247] Spectre V1 : Mitigation: usercopy/swapgs barriers and __user pointer sanitization
[    0.412510] Spectre V2 : Mitigation: Retpolines
[    0.413683] Spectre V2 : Spectre v2 / SpectreRSB: Filling RSB on context switch and VMEXIT
[    0.414214] Speculative Store Bypass: Vulnerable
[    0.416651] x86/fpu: Supporting XSAVE feature 0x001: 'x87 floating point registers'
[    0.421138] x86/fpu: Supporting XSAVE feature 0x002: 'SSE registers'
[    0.423177] x86/fpu: Supporting XSAVE feature 0x004: 'AVX registers'
[    0.423367] x86/fpu: Supporting XSAVE feature 0x008: 'MPX bounds registers'
[    0.423555] x86/fpu: Supporting XSAVE feature 0x010: 'MPX CSR'
[    0.423903] x86/fpu: xstate_offset[2]:  576, xstate_sizes[2]:  256
[    0.432228] x86/fpu: xstate_offset[3]:  960, xstate_sizes[3]:   64
[    0.432533] x86/fpu: xstate_offset[4]: 1024, xstate_sizes[4]:   64
[    0.432734] x86/fpu: Enabled xstate features 0x1f, context size is 1088 bytes, using 'standard' format.
[    0.663981] Freeing SMP alternatives memory: 40K
[    0.665227] pid_max: default: 32768 minimum: 301
[    0.674060] Mount-cache hash table entries: 512 (order: 0, 4096 bytes, linear)
[    0.674518] Mountpoint-cache hash table entries: 512 (order: 0, 4096 bytes, linear)
[    0.824076] smpboot: CPU0: AMD QEMU TCG CPU version 2.5+ (family: 0x6, model: 0x6, stepping: 0x3)
[    0.831983] RCU Tasks Trace: Setting shift to 0 and lim to 1 rcu_task_cb_adjust=1 rcu_task_cpu_ids=1.
[    0.831983] Performance Events: PMU not available due to virtualization, using software events only.
[    0.832945] signal: max sigframe size: 1616
[    0.835137] rcu: Hierarchical SRCU implementation.
[    0.835332] rcu: 	Max phase no-delay instances is 1000.
[    0.838307] smp: Bringing up secondary CPUs ...
[    0.843304] smp: Brought up 1 node, 1 CPU
[    0.844383] smpboot: Max logical packages: 1
[    0.844796] smpboot: Total of 1 processors activated (5586.90 BogoMIPS)
[    0.860304] clocksource: jiffies: mask: 0xffffffff max_cycles: 0xffffffff, max_idle_ns: 19112604462750000 ns
[    0.861112] futex hash table entries: 256 (order: 2, 16384 bytes, linear)
[    0.862240] pinctrl core: initialized pinctrl subsystem
[    0.879583] NET: Registered PF_NETLINK/PF_ROUTE protocol family
[    0.885949] thermal_sys: Registered thermal governor 'step_wise'
[    0.885987] thermal_sys: Registered thermal governor 'user_space'
[    0.886829] cpuidle: using governor ladder
[    0.887269] cpuidle: using governor menu
[    0.891556] acpiphp: ACPI Hot Plug PCI Controller Driver version: 0.5
[    0.894350] PCI: Using configuration type 1 for base access
[    0.903932] cryptd: max_cpu_qlen set to 1000
[    0.908622] ACPI: Added _OSI(Module Device)
[    0.908787] ACPI: Added _OSI(Processor Device)
[    0.908916] ACPI: Added _OSI(Processor Aggregator Device)
[    0.923648] ACPI: 1 ACPI AML tables successfully acquired and loaded
[    0.937772] ACPI: _OSC evaluation for CPUs failed, trying _PDC
[    0.939719] ACPI: Interpreter enabled
[    0.940429] ACPI: PM: (supports S0 S5)
[    0.940603] ACPI: Using IOAPIC for interrupt routing
[    0.941150] PCI: Using host bridge windows from ACPI; if necessary, use "pci=nocrs" and report a bug
[    0.942298] PCI: Using E820 reservations for host bridge windows
[    0.943973] ACPI: Enabled 2 GPEs in block 00 to 0F
[    0.979715] ACPI: PCI Root Bridge [PCI0] (domain 0000 [bus 00-ff])
[    0.980570] acpi PNP0A03:00: _OSC: OS supports [ASPM ClockPM Segments MSI HPX-Type3]
[    0.980969] acpi PNP0A03:00: _OSC: not requesting OS control; OS requires [ExtendedConfig ASPM ClockPM MSI]
[    0.981731] acpi PNP0A03:00: fail to add MMCONFIG information, can't access extended configuration space under this bridge
[    0.995320] acpiphp: Slot [3] registered
[    0.995866] acpiphp: Slot [4] registered
[    0.996125] acpiphp: Slot [5] registered
[    0.996339] acpiphp: Slot [6] registered
[    1.001459] acpiphp: Slot [7] registered
[    1.001839] acpiphp: Slot [8] registered
[    1.002133] acpiphp: Slot [9] registered
[    1.002352] acpiphp: Slot [10] registered
[    1.002557] acpiphp: Slot [11] registered
[    1.002768] acpiphp: Slot [12] registered
[    1.013807] acpiphp: Slot [13] registered
[    1.014076] acpiphp: Slot [14] registered
[    1.014292] acpiphp: Slot [15] registered
[    1.014513] acpiphp: Slot [16] registered
[    1.014760] acpiphp: Slot [17] registered
[    1.014984] acpiphp: Slot [18] registered
[    1.015201] acpiphp: Slot [19] registered
[    1.022315] acpiphp: Slot [20] registered
[    1.022622] acpiphp: Slot [21] registered
[    1.022900] acpiphp: Slot [22] registered
[    1.023116] acpiphp: Slot [23] registered
[    1.023327] acpiphp: Slot [24] registered
[    1.023531] acpiphp: Slot [25] registered
[    1.032328] acpiphp: Slot [26] registered
[    1.032649] acpiphp: Slot [27] registered
[    1.032917] acpiphp: Slot [28] registered
[    1.033137] acpiphp: Slot [29] registered
[    1.033343] acpiphp: Slot [30] registered
[    1.033544] acpiphp: Slot [31] registered
[    1.042504] PCI host bridge to bus 0000:00
[    1.042924] pci_bus 0000:00: root bus resource [io  0x0000-0x0cf7 window]
[    1.043250] pci_bus 0000:00: root bus resource [io  0x0d00-0xffff window]
[    1.043429] pci_bus 0000:00: root bus resource [mem 0x000a0000-0x000bffff window]
[    1.052193] pci_bus 0000:00: root bus resource [mem 0x08000000-0xfebfffff window]
[    1.052449] pci_bus 0000:00: root bus resource [mem 0x100000000-0x17fffffff window]
[    1.053072] pci_bus 0000:00: root bus resource [bus 00-ff]
[    1.054619] pci 0000:00:00.0: [8086:1237] type 00 class 0x060000
[    1.065788] pci 0000:00:01.0: [8086:7000] type 00 class 0x060100
[    1.072681] pci 0000:00:01.1: [8086:7010] type 00 class 0x010180
[    1.074937] pci 0000:00:01.1: reg 0x20: [io  0xc0e0-0xc0ef]
[    1.075921] pci 0000:00:01.1: legacy IDE quirk: reg 0x10: [io  0x01f0-0x01f7]
[    1.079007] pci 0000:00:01.1: legacy IDE quirk: reg 0x14: [io  0x03f6]
[    1.079235] pci 0000:00:01.1: legacy IDE quirk: reg 0x18: [io  0x0170-0x0177]
[    1.079432] pci 0000:00:01.1: legacy IDE quirk: reg 0x1c: [io  0x0376]
[    1.082976] pci 0000:00:01.3: [8086:7113] type 00 class 0x068000
[    1.083562] pci 0000:00:01.3: quirk: [io  0x0600-0x063f] claimed by PIIX4 ACPI
[    1.083800] pci 0000:00:01.3: quirk: [io  0x0700-0x070f] claimed by PIIX4 SMB
[    1.092263] pci 0000:00:02.0: [1234:1111] type 00 class 0x030000
[    1.101044] pci 0000:00:02.0: reg 0x10: [mem 0xfd000000-0xfdffffff pref]
[    1.102351] pci 0000:00:02.0: reg 0x18: [mem 0xfeb90000-0xfeb90fff]
[    1.105110] pci 0000:00:02.0: reg 0x30: [mem 0xfeb80000-0xfeb8ffff pref]
[    1.105578] pci 0000:00:02.0: Video device with shadowed ROM at [mem 0x000c0000-0x000dffff]
[    1.112244] pci 0000:00:03.0: [1af4:1000] type 00 class 0x020000
[    1.112921] pci 0000:00:03.0: reg 0x10: [io  0xc080-0xc09f]
[    1.115976] pci 0000:00:03.0: reg 0x20: [mem 0xfe000000-0xfe003fff 64bit pref]
[    1.122669] pci 0000:00:03.0: reg 0x30: [mem 0xfea80000-0xfeafffff pref]
[    1.127799] pci 0000:00:04.0: [1af4:1005] type 00 class 0x00ff00
[    1.129204] pci 0000:00:04.0: reg 0x10: [io  0xc0a0-0xc0bf]
[    1.130021] pci 0000:00:04.0: reg 0x14: [mem 0xfeb91000-0xfeb91fff]
[    1.134509] pci 0000:00:04.0: reg 0x20: [mem 0xfe004000-0xfe007fff 64bit pref]
[    1.139425] pci 0000:00:05.0: [1af4:1000] type 00 class 0x020000
[    1.142009] pci 0000:00:05.0: reg 0x10: [io  0xc0c0-0xc0df]
[    1.143105] pci 0000:00:05.0: reg 0x14: [mem 0xfeb92000-0xfeb92fff]
[    1.145228] pci 0000:00:05.0: reg 0x20: [mem 0xfe008000-0xfe00bfff 64bit pref]
[    1.146130] pci 0000:00:05.0: reg 0x30: [mem 0xfeb00000-0xfeb7ffff pref]
[    1.149930] pci 0000:00:06.0: [1af4:1001] type 00 class 0x010000
[    1.152981] pci 0000:00:06.0: reg 0x10: [io  0xc000-0xc07f]
[    1.153752] pci 0000:00:06.0: reg 0x14: [mem 0xfeb93000-0xfeb93fff]
[    1.155508] pci 0000:00:06.0: reg 0x20: [mem 0xfe00c000-0xfe00ffff 64bit pref]
[    1.166550] ACPI: PCI: Interrupt link LNKA configured for IRQ 10
[    1.167352] ACPI: PCI: Interrupt link LNKB configured for IRQ 10
[    1.167926] ACPI: PCI: Interrupt link LNKC configured for IRQ 11
[    1.168501] ACPI: PCI: Interrupt link LNKD configured for IRQ 11
[    1.168858] ACPI: PCI: Interrupt link LNKS configured for IRQ 9
[    1.182014] iommu: Default domain type: Translated
[    1.182201] iommu: DMA domain TLB invalidation policy: lazy mode
[    1.184202] SCSI subsystem initialized
[    1.185857] ACPI: bus type USB registered
[    1.186312] usbcore: registered new interface driver usbfs
[    1.187842] usbcore: registered new interface driver hub
[    1.188155] usbcore: registered new device driver usb
[    1.188623] pps_core: LinuxPPS API ver. 1 registered
[    1.188795] pps_core: Software ver. 5.3.6 - Copyright 2005-2007 Rodolfo Giometti <giometti@linux.it>
[    1.192422] PTP clock support registered
[    1.209893] PCI: Using ACPI for IRQ routing
[    1.212707] hpet0: at MMIO 0xfed00000, IRQs 2, 8, 0
[    1.212959] hpet0: 3 comparators, 64-bit 100.000000 MHz counter
[    1.218135] clocksource: Switched to clocksource tsc-early
[    1.220373] pnp: PnP ACPI init
[    1.220373] pnp: PnP ACPI: found 6 devices
[    1.232593] clocksource: acpi_pm: mask: 0xffffff max_cycles: 0xffffff, max_idle_ns: 2085701024 ns
[    1.233459] NET: Registered PF_INET protocol family
[    1.234839] IP idents hash table entries: 2048 (order: 2, 16384 bytes, linear)
[    1.240382] tcp_listen_portaddr_hash hash table entries: 256 (order: 0, 4096 bytes, linear)
[    1.243416] Table-perturb hash table entries: 65536 (order: 6, 262144 bytes, linear)
[    1.243731] TCP established hash table entries: 1024 (order: 1, 8192 bytes, linear)
[    1.244091] TCP bind hash table entries: 1024 (order: 3, 32768 bytes, linear)
[    1.254158] TCP: Hash tables configured (established 1024 bind 1024)
[    1.255897] MPTCP token hash table entries: 256 (order: 1, 6144 bytes, linear)
[    1.256420] UDP hash table entries: 256 (order: 1, 8192 bytes, linear)
[    1.256823] UDP-Lite hash table entries: 256 (order: 1, 8192 bytes, linear)
[    1.266354] NET: Registered PF_UNIX/PF_LOCAL protocol family
[    1.267536] pci_bus 0000:00: resource 4 [io  0x0000-0x0cf7 window]
[    1.267727] pci_bus 0000:00: resource 5 [io  0x0d00-0xffff window]
[    1.267889] pci_bus 0000:00: resource 6 [mem 0x000a0000-0x000bffff window]
[    1.275357] pci_bus 0000:00: resource 7 [mem 0x08000000-0xfebfffff window]
[    1.275640] pci_bus 0000:00: resource 8 [mem 0x100000000-0x17fffffff window]
[    1.276339] pci 0000:00:01.0: PIIX3: Enabling Passive Release
[    1.286155] pci 0000:00:00.0: Limiting direct PCI/PCI transfers
[    1.286558] PCI: CLS 0 bytes, default 64
[    1.317487] workingset: timestamp_bits=46 max_order=15 bucket_order=0
[    1.319460] squashfs: version 4.0 (2009/01/31) Phillip Lougher
[    1.322310] Block layer SCSI generic (bsg) driver version 0.4 loaded (major 247)
[    1.325739] hv_vmbus: registering driver hyperv_fb
[    1.331391] input: Power Button as /devices/LNXSYSTM:00/LNXPWRBN:00/input/input0
[    1.343709] ACPI: button: Power Button [PWRF]
[    1.517603] ACPI: \_SB_.LNKC: Enabled at IRQ 11
[    1.684343] ACPI: \_SB_.LNKD: Enabled at IRQ 10
[    1.849709] ACPI: \_SB_.LNKA: Enabled at IRQ 10
[    2.015008] ACPI: \_SB_.LNKB: Enabled at IRQ 11
[    2.016837] Serial: 8250/16550 driver, 16 ports, IRQ sharing enabled
[    2.041220] 00:04: ttyS0 at I/O 0x3f8 (irq = 4, base_baud = 115200) is a 16550A
[    2.080859] Non-volatile memory driver v1.3
[    2.092349] Linux agpgart interface v0.103
[    2.093141] AMD-Vi: AMD IOMMUv2 functionality not available on this system - This is not a bug.
[    2.093663] ACPI: bus type drm_connector registered
[    2.095907] [drm] Found bochs VGA, ID 0xb0c5.
[    2.096079] [drm] Framebuffer size 16384 kB @ 0xfd000000, mmio @ 0xfeb90000.
[    2.109873] [drm] Found EDID data blob.
[    2.115127] [drm] Initialized bochs-drm 1.0.0 20130925 for 0000:00:02.0 on minor 0
[    2.172996] Console: switching to colour frame buffer device 160x50
[    2.181444] bochs-drm 0000:00:02.0: [drm] fb0: bochs-drmdrmfb frame buffer device
[    2.215184] loop: module loaded
[    2.215933] virtio_blk virtio3: 1/0/0 default/read/poll queues
[    2.221134] virtio_blk virtio3: [vda] 246784 512-byte logical blocks (126 MB/121 MiB)
[    2.229432]  vda: vda1 vda2
[    2.232684] Guest personality initialized and is inactive
[    2.233214] VMCI host device registered (name=vmci, major=10, minor=256)
[    2.233444] Initialized host personality
[    2.234281] VMware PVSCSI driver - version 1.0.7.0-k
[    2.234591] hv_vmbus: registering driver hv_storvsc
[    2.260407] scsi host0: ata_piix
[    2.263271] scsi host1: ata_piix
[    2.264293] ata1: PATA max MWDMA2 cmd 0x1f0 ctl 0x3f6 bmdma 0xc0e0 irq 14
[    2.264559] ata2: PATA max MWDMA2 cmd 0x170 ctl 0x376 bmdma 0xc0e8 irq 15
[    2.274330] VMware vmxnet3 virtual NIC driver - version 1.7.0.0-k-NAPI
[    2.274871] hv_vmbus: registering driver hv_netvsc
[    2.275243] Fusion MPT base driver 3.04.20
[    2.275396] Copyright (c) 1999-2008 LSI Corporation
[    2.275731] Fusion MPT SPI Host driver 3.04.20
[    2.285151] Fusion MPT SAS Host driver 3.04.20
[    2.287210] usbcore: registered new interface driver usb-storage
[    2.288372] i8042: PNP: PS/2 Controller [PNP0303:KBD,PNP0f13:MOU] at 0x60,0x64 irq 1,12
[    2.291599] serio: i8042 KBD port at 0x60,0x64 irq 1
[    2.291953] serio: i8042 AUX port at 0x60,0x64 irq 12
[    2.295665] hv_vmbus: registering driver hyperv_keyboard
[    2.299407] rtc_cmos 00:05: RTC can wake from S4
[    2.304612] rtc_cmos 00:05: registered as rtc0
[    2.307517] rtc_cmos 00:05: setting system clock to 2026-04-11T01:44:55 UTC (1775871895)
[    2.310020] rtc_cmos 00:05: alarms up to one day, y3k, 242 bytes nvram, hpet irqs
[    2.312796] amd_pstate: the _CPC object is not present in SBIOS or ACPI disabled
[    2.314997] sdhci: Secure Digital Host Controller Interface driver
[    2.320510] sdhci: Copyright(c) Pierre Ossman
[    2.329625] input: AT Translated Set 2 keyboard as /devices/platform/i8042/serio0/input/input1
[    2.339534] tsc: Refined TSC clocksource calibration: 2793.472 MHz
[    2.342226] clocksource: tsc: mask: 0xffffffffffffffff max_cycles: 0x284429ebaad, max_idle_ns: 440795224414 ns
[    2.345270] clocksource: Switched to clocksource tsc
[    2.369418] hid: raw HID events driver (C) Jiri Kosina
[    2.371913] hv_vmbus: registering driver hid_hyperv
[    2.374636] usbcore: registered new interface driver usbhid
[    2.376664] usbhid: USB HID core driver
[    2.378903] hv_utils: Registering HyperV Utility Driver
[    2.381945] hv_vmbus: registering driver hv_utils
[    2.383899] hv_vmbus: registering driver hv_balloon
[    2.387163] NET: Registered PF_INET6 protocol family
[    2.403357] Segment Routing with IPv6
[    2.405500] In-situ OAM (IOAM) with IPv6
[    2.407889] NET: Registered PF_PACKET protocol family
[    2.410476] bridge: filtering via arp/ip/ip6tables is no longer available by default. Update your scripts to load br_netfilter if you need this.
[    2.419984] 8021q: 802.1Q VLAN Support v1.8
[    2.422550] NET: Registered PF_VSOCK protocol family
[    2.431661] IPI shorthand broadcast: enabled
[    2.433786] AVX2 version of gcm_enc/dec engaged.
[    2.439797] AES CTR mode by8 optimization enabled
[    2.457527] sched_clock: Marking stable (2200088128, 248497081)->(2525291058, -76705849)
[    2.518760] ata2: found unknown device (class 0)
[    2.584914] ata2.00: ATAPI: QEMU DVD-ROM, 2.5+, max UDMA/100
[    2.600436] scsi 1:0:0:0: CD-ROM            QEMU     QEMU DVD-ROM     2.5+ PQ: 0 ANSI: 5
[    2.610876] clk: Disabling unused clocks
[    2.670271] sr 1:0:0:0: [sr0] scsi3-mmc drive: 4x/4x cd/rw xa/form2 tray
[    2.672798] cdrom: Uniform CD-ROM driver Revision: 3.20
[    2.718193] VFS: Mounted root (squashfs filesystem) readonly on device 254:2.
[    2.778430] Freeing unused kernel image (initmem) memory: 2452K
[    2.781133] Write protecting the kernel read-only data: 18432k
[    2.785483] Freeing unused kernel image (rodata/data gap) memory: 1800K
[    2.787790] Run /sbin/init as init process
[    3.058303] init: Console is alive
[    3.615722] kmodloader: loading kernel modules from /etc/modules-boot.d/*
[    3.672323] button_hotplug: loading out-of-tree module taints kernel.
[    3.679197] Button Hotplug driver version 0.4.1
[    3.700271] Intel(R) 2.5G Ethernet Linux Driver
[    3.702622] Copyright(c) 2018 Intel Corporation.
[    3.719103] igb: Intel(R) Gigabit Ethernet Network Driver
[    3.721186] igb: Copyright (c) 2007-2014 Intel Corporation.
[    3.735339] kmodloader: done loading kernel modules from /etc/modules-boot.d/*
[    3.754155] init: - preinit -
[    4.652780] 8021q: adding VLAN 0 to HW filter on device eth0
Press the [f] key and hit [enter] to enter failsafe mode
Press the [1], [2], [3] or [4] key and hit [enter] to select the debug level
[    9.355849] loop0: detected capacity change from 0 to 212992
[    9.398920] loop0: detected capacity change from 212992 to 201216
[    9.412659] mount_root: overlay filesystem in /dev/loop0 has not been formatted yet
[    9.741247] EXT4-fs (loop0): mounted filesystem ad43bb2f-1905-497f-87e8-f74c34b5f8ac r/w with ordered data mode. Quota mode: disabled.
[    9.755242] mount_root: overlay filesystem has not been fully initialized yet
[    9.773733] mount_root: switching to ext4 overlay
[    9.795943] overlayfs: null uuid detected in lower fs '/', falling back to xino=off,index=off,nfs_export=off.
[   10.549484] EXT4-fs (vda1): mounted filesystem 84173db5-fa99-e35a-95c6-28613cc79ea9 r/w without journal. Quota mode: disabled.
[   10.574004] urandom-seed: Seed file not found (/etc/urandom.seed)
[   10.718246] procd: - early -
[   11.507513] procd: - ubus -
[   11.697733] procd: - init -
Please press Enter to activate this console.
root
login[1000]: root login on 'ttyS0'


BusyBox v1.36.1 (2026-04-10 16:31:26 UTC) built-in shell (ash)

  _______                     ________        __
 |       |.-----.-----.-----.|  |  |  |.----.|  |_
 |   -   ||  _  |  -__|     ||  |  |  ||   _||   _|
 |_______||   __|_____|__|__||________||__|  |____|
          |__| W I R E L E S S   F R E E D O M
 -----------------------------------------------------
 OpenWrt 24.10-SNAPSHOT, r29149-fbca86e8bd
 -----------------------------------------------------
=== WARNING! =====================================
There is no root password defined on this device!
Use the "passwd" command to set up a new password
in order to prevent unauthorized SSH logins.
--------------------------------------------------
root@(none):~# dmesg -n 1
root@(none):~# echo 'KKML''BWGLMG'
KKMLBWGLMG
root@(none):~# run() { echo -n "$MARKER"; sh -c "$@"; echo "$MARKER $?"; }
root@(none):~# echo 'GWKY''NKXGMV'
GWKYNKXGMV
root@(none):~# MARKER='JPTK''SUUBUS' run 'ubus wait_for network.interface.lan'
JPTKSUUBUSJPTKSUUBUS 0
root@OpenWrt:~# echo 'VWCQ''OCULVL'
VWCQOCULVL
root@OpenWrt:~# MARKER='UAUG''EFFPZW' run 'ubus call network.interface.lan statu
s '"'"'{}'"'"''
UAUGEFFPZW{
	"up": true,
	"pending": false,
	"available": true,
	"autostart": true,
	"dynamic": false,
	"uptime": 0,
	"l3_device": "br-lan",
	"proto": "static",
	"device": "br-lan",
	"updated": [
		"addresses"
	],
	"metric": 0,
	"dns_metric": 0,
	"delegation": true,
	"ipv4-address": [
		{
			"address": "192.168.1.1",
			"mask": 24
		}
	],
	"ipv6-address": [
		
	],
	"ipv6-prefix": [
		
	],
	"ipv6-prefix-assignment": [
		{
			"address": "fdf6:4ba2:a5ea::",
			"mask": 60,
			"local-address": {
				"address": "fdf6:4ba2:a5ea::1",
				"mask": 60
			}
		}
	],
	"route": [
		
	],
	"dns-server": [
		
	],
	"dns-search": [
		
	],
	"neighbors": [
		
	],
	"inactive": {
		"ipv4-address": [
			
		],
		"ipv6-address": [
			
		],
		"route": [
			
		],
		"dns-server": [
			
		],
		"dns-search": [
			
		],
		"neighbors": [
			
		]
	},
	"data": {
		
	}
}
UAUGEFFPZW 0
root@OpenWrt:~# echo 'CVMO''YUYQUJ'
CVMOYUYQUJ
root@OpenWrt:~# MARKER='JCXK''YYOHCQ' run true
JCXKYYOHCQJCXKYYOHCQ 0
root@OpenWrt:~# echo 'GWBX''ZCXMCF'
GWBXZCXMCF
root@OpenWrt:~# MARKER='XYBV''UMMSKZ' run 'source /etc/os-release; echo $BUILD_I
D'
XYBVUMMSKZr29149-fbca86e8bd
XYBVUMMSKZ 0
root@OpenWrt:~# echo 'GYKC''HFSZVS'
GYKCHFSZVS
root@OpenWrt:~# MARKER='WLTU''SPANPW' run 'ls /etc/dropbear/dropbear_rsa_host_ke
y'
WLTUSPANPW[0;0m/etc/dropbear/dropbear_rsa_host_key[m
WLTUSPANPW 0
root@OpenWrt:~# echo 'CQZJ''FNOAXC'
CQZJFNOAXC
root@OpenWrt:~# MARKER='ZJOL''TYYVMG' run 'netstat -tlpn | grep 0.0.0.0:22'
ZJOLTYYVMGnetstat: showing only processes with your user ID
tcp        0      0 0.0.0.0:22              0.0.0.0:*               LISTEN      1741/dropbear
ZJOLTYYVMG 0
root@OpenWrt:~# echo 'TAHF''PTHLFE'
TAHFPTHLFE
root@OpenWrt:~# MARKER='ZOSQ''HFWOBW' run 'dmesg | grep br-lan | grep forwarding
'
ZOSQHFWOBW[   29.317885] br-lan: port 1(eth0) entered forwarding state
ZOSQHFWOBW 0
root@OpenWrt:~# echo 'ZSLJ''NTMWMV'
ZSLJNTMWMV
root@OpenWrt:~# MARKER='YHVF''QXLKEM' run 'ubus call network.interface.lan statu
s '"'"'{}'"'"''
YHVFQXLKEM{
	"up": true,
	"pending": false,
	"available": true,
	"autostart": true,
	"dynamic": false,
	"uptime": 7,
	"l3_device": "br-lan",
	"proto": "static",
	"device": "br-lan",
	"updated": [
		"addresses"
	],
	"metric": 0,
	"dns_metric": 0,
	"delegation": true,
	"ipv4-address": [
		{
			"address": "192.168.1.1",
			"mask": 24
		}
	],
	"ipv6-address": [
		
	],
	"ipv6-prefix": [
		
	],
	"ipv6-prefix-assignment": [
		{
			"address": "fdf6:4ba2:a5ea::",
			"mask": 60,
			"local-address": {
				"address": "fdf6:4ba2:a5ea::1",
				"mask": 60
			}
		}
	],
	"route": [
		
	],
	"dns-server": [
		
	],
	"dns-search": [
		
	],
	"neighbors": [
		
	],
	"inactive": {
		"ipv4-address": [
			
		],
		"ipv6-address": [
			
		],
		"route": [
			
		],
		"dns-server": [
			
		],
		"dns-search": [
			
		],
		"neighbors": [
			
		]
	},
	"data": {
		
	}
}
YHVFQXLKEM 0
root@OpenWrt:~# echo 'XHXJ''OWHCMX'
XHXJOWHCMX
root@OpenWrt:~# MARKER='VVSM''VGNKCF' run 'ip -o addr show dev br-lan'
VVSMVGNKCF4: br-lan    inet 192.168.1.1/24 brd 192.168.1.255 scope global br-lan\       valid_lft forever preferred_lft forever
4: br-lan    inet6 fdf6:4ba2:a5ea::1/60 scope global noprefixroute \       valid_lft forever preferred_lft forever
4: br-lan    inet6 fe80::5054:ff:fe12:3456/64 scope link \       valid_lft forever preferred_lft forever
VVSMVGNKCF 0
root@OpenWrt:~# echo 'HKZK''ZWBGTT'
HKZKZWBGTT
root@OpenWrt:~# MARKER='UQUH''NWSETF' run 'ubus call network.interface.wan statu
s '"'"'{}'"'"''
UQUHNWSETF{
	"up": true,
	"pending": false,
	"available": true,
	"autostart": true,
	"dynamic": false,
	"uptime": 7,
	"l3_device": "eth1",
	"proto": "dhcp",
	"device": "eth1",
	"updated": [
		"addresses",
		"routes",
		"data"
	],
	"metric": 0,
	"dns_metric": 0,
	"delegation": true,
	"ipv4-address": [
		{
			"address": "10.0.2.15",
			"mask": 24
		}
	],
	"ipv6-address": [
		
	],
	"ipv6-prefix": [
		
	],
	"ipv6-prefix-assignment": [
		
	],
	"route": [
		{
			"target": "0.0.0.0",
			"mask": 0,
			"nexthop": "10.0.2.2",
			"source": "10.0.2.15/32"
		}
	],
	"dns-server": [
		"10.0.2.3"
	],
	"dns-search": [
		
	],
	"neighbors": [
		
	],
	"inactive": {
		"ipv4-address": [
			
		],
		"ipv6-address": [
			
		],
		"route": [
			
		],
		"dns-server": [
			
		],
		"dns-search": [
			
		],
		"neighbors": [
			
		]
	},
	"data": {
		"dhcpserver": "10.0.2.2",
		"leasetime": 86400
	}
}
UQUHNWSETF 0
root@OpenWrt:~# 