Labgrid Console Logfile for main
Logfile started at 2026-04-16 03:36:16.086170
=== Log starts here ===
c[?7l[2J[0mSeaBIOS (version 1.16.3-debian-1.16.3-2)


iPXE (https://ipxe.org) 00:03.0 CA00 PCI2.10 PnP PMM+06FCAE70+06F0AE70 CA00
Press Ctrl-B to configure iPXE (PCI 00:03.0)...                                                                               




iPXE (https://ipxe.org) 00:05.0 CB00 PCI2.10 PnP PMM 06FCAE70 06F0AE70 CB00
Press Ctrl-B to configure iPXE (PCI 00:05.0)...                                                                               


Booting from Hard Disk...
GRUB loading.....
[0;30;47mWelcome to GRUB![01;01H[0m[2J[H[J[1;1H[?25l[m[H[J[1;1H[2;30HGNU GRUB  version 2.12

[m[4;2H+----------------------------------------------------------------------------+[5;2H|[5;79H|[6;2H|[6;79H|[7;2H|[7;79H|[8;2H|[8;79H|[9;2H|[9;79H|[10;2H|[10;79H|[11;2H|[11;79H|[12;2H|[12;79H|[13;2H|[13;79H|[14;2H|[14;79H|[15;2H|[15;79H|[16;2H+----------------------------------------------------------------------------+[m[17;2H[18;2H[m     Use the ^ and v keys to select which entry is highlighted.          
      Press enter to boot the selected OS, `e' to edit the commands       
      before booting or `c' for a command-line. ESC to return             
      previous menu.                                                      [5;80H [7m[5;3H*OpenWrt                                                                    [m[5;78H[m[m[6;3H OpenWrt (failsafe)                                                         [m[6;78H[m[m[7;3H                                                                            [m[7;78H[m[m[8;3H                                                                            [m[8;78H[m[m[9;3H                                                                            [m[9;78H[m[m[10;3H                                                                            [m[10;78H[m[m[11;3H                                                                            [m[11;78H[m[m[12;3H                                                                            [m[12;78H[m[m[13;3H                                                                            [m[13;78H[m[m[14;3H                                                                            [m[14;78H[m[m[15;3H                                                                            [m[15;78H[m[15;80H [5;78H[2J[02;30HGNU GRUB  version 2.12[04;02H┌────────────────────────────────────────────────────────────────────────────┐[05;02H│[05;79H│[06;02H│[06;79H│[07;02H│[07;79H│[08;02H│[08;79H│[09;02H│[09;79H│[10;02H│[10;79H│[11;02H│[11;79H│[12;02H│[12;79H│[13;02H│[13;79H│[14;02H│[14;79H│[15;02H│[15;79H│[16;02H│[16;79H│[17;02H└────────────────────────────────────────────────────────────────────────────┘[19;02H     Use the ↑ and ↓ keys to select which entry is [19;52H[19;53Hhighlighted.          
      Press enter to boot the selected OS, `e' to edit the commands       
      before booting or `c' for a command-line. ESC to return    [21;65H[21;66H         
      previous menu.                                                      [05;80H [05;03H[0;30;47m*OpenWrt                                                                    [06;03H[0m OpenWrt (failsafe)                                                         [07;03H                                                                            [08;03H                                                                            [09;03H                                                                            [10;03H                       [10;25H[10;26H                                                     [11;03H                                                                            [12;03H                                  [12;36H[12;37H                                          [13;03H                                                                            [14;03H                                                                            [15;03H                                                                            [16;03H                                                        [16;58H[16;59H                    [16;80H 






   The highlighted entry will be executed automatically in 5s.                [22;1H   The highlighted entry will be executed automatically in 5s.                 [5;78H [05;78H

















   The highlighted entry will be executed automatically in 4s.                [22;1H   The highlighted entry will be executed automatically in 4s.                 [5;78H [05;78H

















   The highlighted entry will be executed automatically in 3s.                [22;1H   The highlighted entry will be executed automatically in 3s.                 [5;78H [05;78H

















   The highlighted entry will be exe[23;36H[23;37Hcuted automatically in 2s.                [22;1H   The highlighted entry will be executed automatically in 2s.                 [5;78H [05;78H

















   The highlighted entry will be executed automatically in 1s.                [22;1H   The highlighted entry will be executed automatically in 1s.                 [5;78H [05;78H

















   The highlighted entry will be executed automatically in 0s.                [22;1H   The highlighted entry will be executed automatically in 0s.                 [5;78H [01;01H[2J[?25h[H[J[1;1H[H[J[1;1H[2J   Booting `OpenWrt' Booting `OpenWrt

'

[    0.000000] Linux version 6.6.133 (builder@buildhost) (x86_64-openwrt-linux-musl-gcc (OpenWrt GCC 13.3.0 r29157-44df9972d5) 13.3.0, GNU ld (GNU Binutils) 2.42) #0 SMP Sun Apr 12 18:14:18 2026
[    0.000000] Command line: BOOT_IMAGE=/boot/vmlinuz root=PARTUUID=9c236c87-02 rootwait console=tty1 console=ttyS0,115200n8 noinitrd
[    0.000000] BIOS-provided physical RAM map:
[    0.000000] BIOS-e820: [mem 0x0000000000000000-0x000000000009fbff] usable
[    0.000000] BIOS-e820: [mem 0x000000000009fc00-0x000000000009ffff] reserved
[    0.000000] BIOS-e820: [mem 0x00000000000f0000-0x00000000000fffff] reserved
[    0.000000] BIOS-e820: [mem 0x0000000000100000-0x0000000007fdcfff] usable
[    0.000000] BIOS-e820: [mem 0x0000000007fdd000-0x0000000007ffffff] reserved
[    0.000000] BIOS-e820: [mem 0x00000000fffc0000-0x00000000ffffffff] reserved
[    0.000000] BIOS-e820: [mem 0x000000fd00000000-0x000000ffffffffff] reserved
[    0.000000] NX (Execute Disable) protection: active
[    0.000000] APIC: Static calls initialized
[    0.000000] SMBIOS 3.0.0 present.
[    0.000000] DMI: QEMU Standard PC (i440FX + PIIX, 1996), BIOS 1.16.3-debian-1.16.3-2 04/01/2014
[    0.000000] tsc: Fast TSC calibration using PIT
[    0.000000] tsc: Detected 2445.416 MHz processor
[    0.008811] last_pfn = 0x7fdd max_arch_pfn = 0x400000000
[    0.009432] MTRR map: 4 entries (3 fixed + 1 variable; max 19), built from 8 variable MTRRs
[    0.009615] x86/PAT: Configuration [0-7]: WB  WC  UC- UC  WB  WP  UC- WT  
[    0.028029] found SMP MP-table at [mem 0x000f5460-0x000f546f]
[    0.029336] Using GB pages for direct mapping
[    0.033099] ACPI: Early table checksum verification disabled
[    0.033414] ACPI: RSDP 0x00000000000F5290 000014 (v00 BOCHS )
[    0.033708] ACPI: RSDT 0x0000000007FE1C64 000034 (v01 BOCHS  BXPC     00000001 BXPC 00000001)
[    0.034241] ACPI: FACP 0x0000000007FE1B18 000074 (v01 BOCHS  BXPC     00000001 BXPC 00000001)
[    0.034833] ACPI: DSDT 0x0000000007FE0040 001AD8 (v01 BOCHS  BXPC     00000001 BXPC 00000001)
[    0.034922] ACPI: FACS 0x0000000007FE0000 000040
[    0.034972] ACPI: APIC 0x0000000007FE1B8C 000078 (v03 BOCHS  BXPC     00000001 BXPC 00000001)
[    0.034998] ACPI: HPET 0x0000000007FE1C04 000038 (v01 BOCHS  BXPC     00000001 BXPC 00000001)
[    0.035043] ACPI: WAET 0x0000000007FE1C3C 000028 (v01 BOCHS  BXPC     00000001 BXPC 00000001)
[    0.035132] ACPI: Reserving FACP table memory at [mem 0x7fe1b18-0x7fe1b8b]
[    0.035180] ACPI: Reserving DSDT table memory at [mem 0x7fe0040-0x7fe1b17]
[    0.035188] ACPI: Reserving FACS table memory at [mem 0x7fe0000-0x7fe003f]
[    0.035195] ACPI: Reserving APIC table memory at [mem 0x7fe1b8c-0x7fe1c03]
[    0.035201] ACPI: Reserving HPET table memory at [mem 0x7fe1c04-0x7fe1c3b]
[    0.035206] ACPI: Reserving WAET table memory at [mem 0x7fe1c3c-0x7fe1c63]
[    0.038225] Zone ranges:
[    0.038256]   DMA      [mem 0x0000000000001000-0x0000000000ffffff]
[    0.038330]   DMA32    [mem 0x0000000001000000-0x0000000007fdcfff]
[    0.038342]   Normal   empty
[    0.038365] Movable zone start for each node
[    0.038392] Early memory node ranges
[    0.038422]   node   0: [mem 0x0000000000001000-0x000000000009efff]
[    0.038465]   node   0: [mem 0x0000000000100000-0x0000000007fdcfff]
[    0.038573] Initmem setup node 0 [mem 0x0000000000001000-0x0000000007fdcfff]
[    0.039399] On node 0, zone DMA: 1 pages in unavailable ranges
[    0.039745] On node 0, zone DMA: 97 pages in unavailable ranges
[    0.040839] On node 0, zone DMA32: 35 pages in unavailable ranges
[    0.041159] ACPI: PM-Timer IO Port: 0x608
[    0.041512] ACPI: LAPIC_NMI (acpi_id[0xff] dfl dfl lint[0x1])
[    0.041901] IOAPIC[0]: apic_id 0, version 32, address 0xfec00000, GSI 0-23
[    0.042027] ACPI: INT_SRC_OVR (bus 0 bus_irq 0 global_irq 2 dfl dfl)
[    0.042275] ACPI: INT_SRC_OVR (bus 0 bus_irq 5 global_irq 5 high level)
[    0.042329] ACPI: INT_SRC_OVR (bus 0 bus_irq 9 global_irq 9 high level)
[    0.042416] ACPI: INT_SRC_OVR (bus 0 bus_irq 10 global_irq 10 high level)
[    0.042428] ACPI: INT_SRC_OVR (bus 0 bus_irq 11 global_irq 11 high level)
[    0.042612] ACPI: Using ACPI (MADT) for SMP configuration information
[    0.042654] ACPI: HPET id: 0x8086a201 base: 0xfed00000
[    0.042939] smpboot: Allowing 1 CPUs, 0 hotplug CPUs
[    0.043995] [mem 0x08000000-0xfffbffff] available for PCI devices
[    0.044062] Booting paravirtualized kernel on bare hardware
[    0.044351] clocksource: refined-jiffies: mask: 0xffffffff max_cycles: 0xffffffff, max_idle_ns: 19112604462750000 ns
[    0.044951] setup_percpu: NR_CPUS:512 nr_cpumask_bits:1 nr_cpu_ids:1 nr_node_ids:1
[    0.046531] percpu: Embedded 48 pages/cpu s158248 r8192 d30168 u2097152
[    0.048727] Kernel command line: BOOT_IMAGE=/boot/vmlinuz root=PARTUUID=9c236c87-02 rootwait console=tty1 console=ttyS0,115200n8 noinitrd
[    0.050341] random: crng init done
[    0.055077] Dentry cache hash table entries: 16384 (order: 5, 131072 bytes, linear)
[    0.056024] Inode-cache hash table entries: 8192 (order: 4, 65536 bytes, linear)
[    0.058689] Built 1 zonelists, mobility grouping on.  Total pages: 31965
[    0.058909] mem auto-init: stack:off, heap alloc:off, heap free:off
[    0.062590] Memory: 102576K/130540K available (14336K kernel code, 1170K rwdata, 2300K rodata, 2456K init, 2404K bss, 27708K reserved, 0K cma-reserved)
[    0.068843] SLUB: HWalign=64, Order=0-3, MinObjects=0, CPUs=1, Nodes=1
[    0.076202] rcu: Hierarchical RCU implementation.
[    0.076232] rcu: 	RCU restricting CPUs from NR_CPUS=512 to nr_cpu_ids=1.
[    0.076346] 	Tracing variant of Tasks RCU enabled.
[    0.076430] rcu: RCU calculated value of scheduler-enlistment delay is 10 jiffies.
[    0.076459] rcu: Adjusting geometry for rcu_fanout_leaf=16, nr_cpu_ids=1
[    0.077589] NR_IRQS: 33024, nr_irqs: 256, preallocated irqs: 16
[    0.086198] rcu: srcu_init: Setting srcu_struct sizes based on contention.
[    0.092969] Console: colour VGA+ 80x25
[    0.093285] printk: console [tty1] enabled
[    0.100663] printk: console [ttyS0] enabled
[    0.331610] ACPI: Core revision 20230628
[    0.336749] clocksource: hpet: mask: 0xffffffff max_cycles: 0xffffffff, max_idle_ns: 19112604467 ns
[    0.341622] APIC: Switch to symmetric I/O mode setup
[    0.346150] ..TIMER: vector=0x30 apic1=0 pin1=2 apic2=-1 pin2=-1
[    0.388593] clocksource: tsc-early: mask: 0xffffffffffffffff max_cycles: 0x233fce52bc0, max_idle_ns: 440795306184 ns
[    0.389284] Calibrating delay loop (skipped), value calculated using timer frequency.. 4890.83 BogoMIPS (lpj=24454160)
[    0.390937] x86/cpu: User Mode Instruction Prevention (UMIP) activated
[    0.405664] Last level iTLB entries: 4KB 0, 2MB 0, 4MB 0
[    0.406086] Last level dTLB entries: 4KB 0, 2MB 0, 4MB 0, 1GB 0
[    0.409426] Spectre V1 : Mitigation: usercopy/swapgs barriers and __user pointer sanitization
[    0.410196] Spectre V2 : Mitigation: Retpolines
[    0.411029] Spectre V2 : Spectre v2 / SpectreRSB: Filling RSB on context switch and VMEXIT
[    0.411636] Speculative Store Bypass: Vulnerable
[    0.413375] x86/fpu: Supporting XSAVE feature 0x001: 'x87 floating point registers'
[    0.418695] x86/fpu: Supporting XSAVE feature 0x002: 'SSE registers'
[    0.420398] x86/fpu: Supporting XSAVE feature 0x004: 'AVX registers'
[    0.420630] x86/fpu: Supporting XSAVE feature 0x008: 'MPX bounds registers'
[    0.420869] x86/fpu: Supporting XSAVE feature 0x010: 'MPX CSR'
[    0.421252] x86/fpu: xstate_offset[2]:  576, xstate_sizes[2]:  256
[    0.429350] x86/fpu: xstate_offset[3]:  960, xstate_sizes[3]:   64
[    0.429694] x86/fpu: xstate_offset[4]: 1024, xstate_sizes[4]:   64
[    0.430080] x86/fpu: Enabled xstate features 0x1f, context size is 1088 bytes, using 'standard' format.
[    0.743370] Freeing SMP alternatives memory: 40K
[    0.744587] pid_max: default: 32768 minimum: 301
[    0.753579] Mount-cache hash table entries: 512 (order: 0, 4096 bytes, linear)
[    0.753962] Mountpoint-cache hash table entries: 512 (order: 0, 4096 bytes, linear)
[    0.902267] smpboot: CPU0: AMD QEMU TCG CPU version 2.5+ (family: 0x6, model: 0x6, stepping: 0x3)
[    0.909195] RCU Tasks Trace: Setting shift to 0 and lim to 1 rcu_task_cb_adjust=1 rcu_task_cpu_ids=1.
[    0.909195] Performance Events: PMU not available due to virtualization, using software events only.
[    0.911380] signal: max sigframe size: 1616
[    0.912881] rcu: Hierarchical SRCU implementation.
[    0.913117] rcu: 	Max phase no-delay instances is 1000.
[    0.916065] smp: Bringing up secondary CPUs ...
[    0.917994] smp: Brought up 1 node, 1 CPU
[    0.921030] smpboot: Max logical packages: 1
[    0.921297] smpboot: Total of 1 processors activated (4890.83 BogoMIPS)
[    0.938415] clocksource: jiffies: mask: 0xffffffff max_cycles: 0xffffffff, max_idle_ns: 19112604462750000 ns
[    0.939337] futex hash table entries: 256 (order: 2, 16384 bytes, linear)
[    0.940394] pinctrl core: initialized pinctrl subsystem
[    0.959372] NET: Registered PF_NETLINK/PF_ROUTE protocol family
[    0.965752] thermal_sys: Registered thermal governor 'step_wise'
[    0.965786] thermal_sys: Registered thermal governor 'user_space'
[    0.966663] cpuidle: using governor ladder
[    0.967174] cpuidle: using governor menu
[    0.970897] acpiphp: ACPI Hot Plug PCI Controller Driver version: 0.5
[    0.973521] PCI: Using configuration type 1 for base access
[    0.983124] cryptd: max_cpu_qlen set to 1000
[    0.987912] ACPI: Added _OSI(Module Device)
[    0.988101] ACPI: Added _OSI(Processor Device)
[    0.988288] ACPI: Added _OSI(Processor Aggregator Device)
[    1.003082] ACPI: 1 ACPI AML tables successfully acquired and loaded
[    1.017541] ACPI: _OSC evaluation for CPUs failed, trying _PDC
[    1.019690] ACPI: Interpreter enabled
[    1.020435] ACPI: PM: (supports S0 S5)
[    1.020639] ACPI: Using IOAPIC for interrupt routing
[    1.021250] PCI: Using host bridge windows from ACPI; if necessary, use "pci=nocrs" and report a bug
[    1.028133] PCI: Using E820 reservations for host bridge windows
[    1.030107] ACPI: Enabled 2 GPEs in block 00 to 0F
[    1.060546] ACPI: PCI Root Bridge [PCI0] (domain 0000 [bus 00-ff])
[    1.061438] acpi PNP0A03:00: _OSC: OS supports [ASPM ClockPM Segments MSI HPX-Type3]
[    1.061888] acpi PNP0A03:00: _OSC: not requesting OS control; OS requires [ExtendedConfig ASPM ClockPM MSI]
[    1.062734] acpi PNP0A03:00: fail to add MMCONFIG information, can't access extended configuration space under this bridge
[    1.074132] acpiphp: Slot [3] registered
[    1.074561] acpiphp: Slot [4] registered
[    1.074822] acpiphp: Slot [5] registered
[    1.075093] acpiphp: Slot [6] registered
[    1.079451] acpiphp: Slot [7] registered
[    1.079885] acpiphp: Slot [8] registered
[    1.080251] acpiphp: Slot [9] registered
[    1.080537] acpiphp: Slot [10] registered
[    1.080776] acpiphp: Slot [11] registered
[    1.081020] acpiphp: Slot [12] registered
[    1.082597] acpiphp: Slot [13] registered
[    1.089446] acpiphp: Slot [14] registered
[    1.089845] acpiphp: Slot [15] registered
[    1.090236] acpiphp: Slot [16] registered
[    1.090492] acpiphp: Slot [17] registered
[    1.090732] acpiphp: Slot [18] registered
[    1.090980] acpiphp: Slot [19] registered
[    1.099409] acpiphp: Slot [20] registered
[    1.099766] acpiphp: Slot [21] registered
[    1.100213] acpiphp: Slot [22] registered
[    1.100474] acpiphp: Slot [23] registered
[    1.100726] acpiphp: Slot [24] registered
[    1.100965] acpiphp: Slot [25] registered
[    1.101258] acpiphp: Slot [26] registered
[    1.109446] acpiphp: Slot [27] registered
[    1.109888] acpiphp: Slot [28] registered
[    1.110290] acpiphp: Slot [29] registered
[    1.110536] acpiphp: Slot [30] registered
[    1.110778] acpiphp: Slot [31] registered
[    1.111222] PCI host bridge to bus 0000:00
[    1.119585] pci_bus 0000:00: root bus resource [io  0x0000-0x0cf7 window]
[    1.120100] pci_bus 0000:00: root bus resource [io  0x0d00-0xffff window]
[    1.120327] pci_bus 0000:00: root bus resource [mem 0x000a0000-0x000bffff window]
[    1.120637] pci_bus 0000:00: root bus resource [mem 0x08000000-0xfebfffff window]
[    1.129378] pci_bus 0000:00: root bus resource [mem 0x100000000-0x17fffffff window]
[    1.130058] pci_bus 0000:00: root bus resource [bus 00-ff]
[    1.140399] pci 0000:00:00.0: [8086:1237] type 00 class 0x060000
[    1.144322] pci 0000:00:01.0: [8086:7000] type 00 class 0x060100
[    1.149715] pci 0000:00:01.1: [8086:7010] type 00 class 0x010180
[    1.152425] pci 0000:00:01.1: BAR 4 [io  0xc0e0-0xc0ef]
[    1.153630] pci 0000:00:01.1: BAR 0 [io  0x01f0-0x01f7]: legacy IDE quirk
[    1.153937] pci 0000:00:01.1: BAR 1 [io  0x03f6]: legacy IDE quirk
[    1.159409] pci 0000:00:01.1: BAR 2 [io  0x0170-0x0177]: legacy IDE quirk
[    1.159799] pci 0000:00:01.1: BAR 3 [io  0x0376]: legacy IDE quirk
[    1.160875] pci 0000:00:01.3: [8086:7113] type 00 class 0x068000
[    1.161456] pci 0000:00:01.3: quirk: [io  0x0600-0x063f] claimed by PIIX4 ACPI
[    1.169442] pci 0000:00:01.3: quirk: [io  0x0700-0x070f] claimed by PIIX4 SMB
[    1.170538] pci 0000:00:02.0: [1234:1111] type 00 class 0x030000
[    1.171264] pci 0000:00:02.0: BAR 0 [mem 0xfd000000-0xfdffffff pref]
[    1.172755] pci 0000:00:02.0: BAR 2 [mem 0xfeb90000-0xfeb90fff]
[    1.182124] pci 0000:00:02.0: ROM [mem 0xfeb80000-0xfeb8ffff pref]
[    1.182644] pci 0000:00:02.0: Video device with shadowed ROM at [mem 0x000c0000-0x000dffff]
[    1.183729] pci 0000:00:03.0: [1af4:1000] type 00 class 0x020000
[    1.184884] pci 0000:00:03.0: BAR 0 [io  0xc080-0xc09f]
[    1.192276] pci 0000:00:03.0: BAR 4 [mem 0xfe000000-0xfe003fff 64bit pref]
[    1.193291] pci 0000:00:03.0: ROM [mem 0xfea80000-0xfeafffff pref]
[    1.202903] pci 0000:00:04.0: [1af4:1005] type 00 class 0x00ff00
[    1.204510] pci 0000:00:04.0: BAR 0 [io  0xc0a0-0xc0bf]
[    1.206800] pci 0000:00:04.0: BAR 1 [mem 0xfeb91000-0xfeb91fff]
[    1.209063] pci 0000:00:04.0: BAR 4 [mem 0xfe004000-0xfe007fff 64bit pref]
[    1.213802] pci 0000:00:05.0: [1af4:1000] type 00 class 0x020000
[    1.214798] pci 0000:00:05.0: BAR 0 [io  0xc0c0-0xc0df]
[    1.216868] pci 0000:00:05.0: BAR 1 [mem 0xfeb92000-0xfeb92fff]
[    1.220065] pci 0000:00:05.0: BAR 4 [mem 0xfe008000-0xfe00bfff 64bit pref]
[    1.220883] pci 0000:00:05.0: ROM [mem 0xfeb00000-0xfeb7ffff pref]
[    1.224915] pci 0000:00:06.0: [1af4:1001] type 00 class 0x010000
[    1.227307] pci 0000:00:06.0: BAR 0 [io  0xc000-0xc07f]
[    1.228131] pci 0000:00:06.0: BAR 1 [mem 0xfeb93000-0xfeb93fff]
[    1.230376] pci 0000:00:06.0: BAR 4 [mem 0xfe00c000-0xfe00ffff 64bit pref]
[    1.240380] ACPI: PCI: Interrupt link LNKA configured for IRQ 10
[    1.241256] ACPI: PCI: Interrupt link LNKB configured for IRQ 10
[    1.241891] ACPI: PCI: Interrupt link LNKC configured for IRQ 11
[    1.242536] ACPI: PCI: Interrupt link LNKD configured for IRQ 11
[    1.242951] ACPI: PCI: Interrupt link LNKS configured for IRQ 9
[    1.252686] iommu: Default domain type: Translated
[    1.252895] iommu: DMA domain TLB invalidation policy: lazy mode
[    1.255026] SCSI subsystem initialized
[    1.256821] ACPI: bus type USB registered
[    1.257324] usbcore: registered new interface driver usbfs
[    1.259871] usbcore: registered new interface driver hub
[    1.260302] usbcore: registered new device driver usb
[    1.260883] pps_core: LinuxPPS API ver. 1 registered
[    1.261076] pps_core: Software ver. 5.3.6 - Copyright 2005-2007 Rodolfo Giometti <giometti@linux.it>
[    1.269569] PTP clock support registered
[    1.285583] PCI: Using ACPI for IRQ routing
[    1.288543] hpet0: at MMIO 0xfed00000, IRQs 2, 8, 0
[    1.288816] hpet0: 3 comparators, 64-bit 100.000000 MHz counter
[    1.296523] clocksource: Switched to clocksource tsc-early
[    1.298744] pnp: PnP ACPI init
[    1.298744] pnp: PnP ACPI: found 6 devices
[    1.311198] clocksource: acpi_pm: mask: 0xffffff max_cycles: 0xffffff, max_idle_ns: 2085701024 ns
[    1.312137] NET: Registered PF_INET protocol family
[    1.313584] IP idents hash table entries: 2048 (order: 2, 16384 bytes, linear)
[    1.318769] tcp_listen_portaddr_hash hash table entries: 256 (order: 0, 4096 bytes, linear)
[    1.322325] Table-perturb hash table entries: 65536 (order: 6, 262144 bytes, linear)
[    1.322657] TCP established hash table entries: 1024 (order: 1, 8192 bytes, linear)
[    1.323224] TCP bind hash table entries: 1024 (order: 3, 32768 bytes, linear)
[    1.332978] TCP: Hash tables configured (established 1024 bind 1024)
[    1.334982] MPTCP token hash table entries: 256 (order: 1, 6144 bytes, linear)
[    1.335474] UDP hash table entries: 256 (order: 1, 8192 bytes, linear)
[    1.335927] UDP-Lite hash table entries: 256 (order: 1, 8192 bytes, linear)
[    1.345560] NET: Registered PF_UNIX/PF_LOCAL protocol family
[    1.346757] pci_bus 0000:00: resource 4 [io  0x0000-0x0cf7 window]
[    1.347025] pci_bus 0000:00: resource 5 [io  0x0d00-0xffff window]
[    1.347238] pci_bus 0000:00: resource 6 [mem 0x000a0000-0x000bffff window]
[    1.354981] pci_bus 0000:00: resource 7 [mem 0x08000000-0xfebfffff window]
[    1.355320] pci_bus 0000:00: resource 8 [mem 0x100000000-0x17fffffff window]
[    1.356119] pci 0000:00:01.0: PIIX3: Enabling Passive Release
[    1.356421] pci 0000:00:00.0: Limiting direct PCI/PCI transfers
[    1.366353] PCI: CLS 0 bytes, default 64
[    1.398414] workingset: timestamp_bits=46 max_order=15 bucket_order=0
[    1.400517] squashfs: version 4.0 (2009/01/31) Phillip Lougher
[    1.404325] Block layer SCSI generic (bsg) driver version 0.4 loaded (major 247)
[    1.408083] hv_vmbus: registering driver hyperv_fb
[    1.412408] input: Power Button as /devices/LNXSYSTM:00/LNXPWRBN:00/input/input0
[    1.425082] ACPI: button: Power Button [PWRF]
[    1.610787] ACPI: \_SB_.LNKC: Enabled at IRQ 11
[    1.787937] ACPI: \_SB_.LNKD: Enabled at IRQ 10
[    1.964352] ACPI: \_SB_.LNKA: Enabled at IRQ 10
[    2.139892] ACPI: \_SB_.LNKB: Enabled at IRQ 11
[    2.141825] Serial: 8250/16550 driver, 16 ports, IRQ sharing enabled
[    2.166374] 00:04: ttyS0 at I/O 0x3f8 (irq = 4, base_baud = 115200) is a 16550A
[    2.211682] Non-volatile memory driver v1.3
[    2.225322] Linux agpgart interface v0.103
[    2.226210] AMD-Vi: AMD IOMMUv2 functionality not available on this system - This is not a bug.
[    2.226788] ACPI: bus type drm_connector registered
[    2.229115] [drm] Found bochs VGA, ID 0xb0c5.
[    2.229316] [drm] Framebuffer size 16384 kB @ 0xfd000000, mmio @ 0xfeb90000.
[    2.242304] [drm] Found EDID data blob.
[    2.247873] [drm] Initialized bochs-drm 1.0.0 20130925 for 0000:00:02.0 on minor 0
[    2.316596] Console: switching to colour frame buffer device 160x50
[    2.325952] bochs-drm 0000:00:02.0: [drm] fb0: bochs-drmdrmfb frame buffer device
[    2.365985] loop: module loaded
[    2.366778] virtio_blk virtio3: 1/0/0 default/read/poll queues
[    2.372674] virtio_blk virtio3: [vda] 246784 512-byte logical blocks (126 MB/121 MiB)
[    2.381551]  vda: vda1 vda2
[    2.385197] Guest personality initialized and is inactive
[    2.385781] VMCI host device registered (name=vmci, major=10, minor=256)
[    2.386056] Initialized host personality
[    2.387017] VMware PVSCSI driver - version 1.0.7.0-k
[    2.387358] hv_vmbus: registering driver hv_storvsc
[    2.413040] tsc: Refined TSC clocksource calibration: 2445.420 MHz
[    2.413706] clocksource: tsc: mask: 0xffffffffffffffff max_cycles: 0x233fd1f69e2, max_idle_ns: 440795278869 ns
[    2.416135] clocksource: Switched to clocksource tsc
[    2.417528] scsi host0: ata_piix
[    2.426926] scsi host1: ata_piix
[    2.427996] ata1: PATA max MWDMA2 cmd 0x1f0 ctl 0x3f6 bmdma 0xc0e0 irq 14
[    2.428270] ata2: PATA max MWDMA2 cmd 0x170 ctl 0x376 bmdma 0xc0e8 irq 15
[    2.438667] VMware vmxnet3 virtual NIC driver - version 1.7.0.0-k-NAPI
[    2.439299] hv_vmbus: registering driver hv_netvsc
[    2.439678] Fusion MPT base driver 3.04.20
[    2.439854] Copyright (c) 1999-2008 LSI Corporation
[    2.440227] Fusion MPT SPI Host driver 3.04.20
[    2.449705] Fusion MPT SAS Host driver 3.04.20
[    2.451893] usbcore: registered new interface driver usb-storage
[    2.453191] i8042: PNP: PS/2 Controller [PNP0303:KBD,PNP0f13:MOU] at 0x60,0x64 irq 1,12
[    2.459176] serio: i8042 KBD port at 0x60,0x64 irq 1
[    2.461912] serio: i8042 AUX port at 0x60,0x64 irq 12
[    2.464342] hv_vmbus: registering driver hyperv_keyboard
[    2.466890] rtc_cmos 00:05: RTC can wake from S4
[    2.472051] rtc_cmos 00:05: registered as rtc0
[    2.474984] rtc_cmos 00:05: setting system clock to 2026-04-16T03:36:27 UTC (1776310587)
[    2.477500] rtc_cmos 00:05: alarms up to one day, y3k, 242 bytes nvram, hpet irqs
[    2.480460] amd_pstate: the _CPC object is not present in SBIOS or ACPI disabled
[    2.483004] sdhci: Secure Digital Host Controller Interface driver
[    2.488093] sdhci: Copyright(c) Pierre Ossman
[    2.498513] input: AT Translated Set 2 keyboard as /devices/platform/i8042/serio0/input/input1
[    2.534568] hid: raw HID events driver (C) Jiri Kosina
[    2.537345] hv_vmbus: registering driver hid_hyperv
[    2.540235] usbcore: registered new interface driver usbhid
[    2.542419] usbhid: USB HID core driver
[    2.545071] hv_utils: Registering HyperV Utility Driver
[    2.547529] hv_vmbus: registering driver hv_utils
[    2.549581] hv_vmbus: registering driver hv_balloon
[    2.553331] NET: Registered PF_INET6 protocol family
[    2.571017] Segment Routing with IPv6
[    2.573539] In-situ OAM (IOAM) with IPv6
[    2.576098] NET: Registered PF_PACKET protocol family
[    2.578690] bridge: filtering via arp/ip/ip6tables is no longer available by default. Update your scripts to load br_netfilter if you need this.
[    2.587945] 8021q: 802.1Q VLAN Support v1.8
[    2.590755] NET: Registered PF_VSOCK protocol family
[    2.600980] IPI shorthand broadcast: enabled
[    2.603499] AVX2 version of gcm_enc/dec engaged.
[    2.610066] AES CTR mode by8 optimization enabled
[    2.631083] sched_clock: Marking stable (2380107086, 242516064)->(2630798014, -8174864)
[    2.675950] ata2: found unknown device (class 0)
[    2.771736] ata2.00: ATAPI: QEMU DVD-ROM, 2.5+, max UDMA/100
[    2.788429] scsi 1:0:0:0: CD-ROM            QEMU     QEMU DVD-ROM     2.5+ PQ: 0 ANSI: 5
[    2.793056] clk: Disabling unused clocks
[    2.864547] sr 1:0:0:0: [sr0] scsi3-mmc drive: 4x/4x cd/rw xa/form2 tray
[    2.867291] cdrom: Uniform CD-ROM driver Revision: 3.20
[    2.923388] VFS: Mounted root (squashfs filesystem) readonly on device 254:2.
[    2.992311] Freeing unused kernel image (initmem) memory: 2456K
[    2.994939] Write protecting the kernel read-only data: 18432k
[    2.999476] Freeing unused kernel image (rodata/data gap) memory: 1796K
[    3.002048] Run /sbin/init as init process
[    3.291872] init: Console is alive
[    4.094411] kmodloader: loading kernel modules from /etc/modules-boot.d/*
[    4.158461] button_hotplug: loading out-of-tree module taints kernel.
[    4.166407] Button Hotplug driver version 0.4.1
[    4.189875] Intel(R) 2.5G Ethernet Linux Driver
[    4.192284] Copyright(c) 2018 Intel Corporation.
[    4.210381] igb: Intel(R) Gigabit Ethernet Network Driver
[    4.212883] igb: Copyright (c) 2007-2014 Intel Corporation.
[    4.228757] kmodloader: done loading kernel modules from /etc/modules-boot.d/*
[    4.244778] init: - preinit -
[    5.224281] 8021q: adding VLAN 0 to HW filter on device eth0
Press the [f] key and hit [enter] to enter failsafe mode
Press the [1], [2], [3] or [4] key and hit [enter] to select the debug level

[    9.936246] loop0: detected capacity change from 0 to 212992
[    9.993250] loop0: detected capacity change from 212992 to 200064
[   10.007134] mount_root: overlay filesystem in /dev/loop0 has not been formatted yet
[   10.370065] EXT4-fs (loop0): mounted filesystem 37e62121-8505-43d3-beb8-828c263b2bb4 r/w with ordered data mode. Quota mode: disabled.
[   10.383966] mount_root: overlay filesystem has not been fully initialized yet
[   10.401715] mount_root: switching to ext4 overlay
[   10.426590] overlayfs: null uuid detected in lower fs '/', falling back to xino=off,index=off,nfs_export=off.
[   11.161090] EXT4-fs (vda1): mounted filesystem 84173db5-fa99-e35a-95c6-28613cc79ea9 r/w without journal. Quota mode: disabled.
[   11.185742] urandom-seed: Seed file not found (/etc/urandom.seed)
[   11.334700] procd: - early -
[   12.126322] procd: - ubus -
[   12.315781] procd: - init -
Please press Enter to activate this console.
root
login[1001]: root login on 'ttyS0'


BusyBox v1.36.1 (2026-04-12 18:14:18 UTC) built-in shell (ash)

  _______                     ________        __
 |       |.-----.-----.-----.|  |  |  |.----.|  |_
 |   -   ||  _  |  -__|     ||  |  |  ||   _||   _|
 |_______||   __|_____|__|__||________||__|  |____|
          |__| W I R E L E S S   F R E E D O M
 -----------------------------------------------------
 OpenWrt 24.10-SNAPSHOT, r29157-44df9972d5
 -----------------------------------------------------
  ___   __ __                _______             __
 |   |_|__|  |--.----.-----.|   |   |-----.-----|  |--.
 |     |  |  _  |   _|  -__||       |  -__|__ --|     |
 |_____|__|_____|__| |_____||__|_|__|_____|_____|__|__|

 ------------------------------------------------------
 LiMe master development (master rev. 142c27f 20260407_1220)
 ------------------------------------------------------
 https://libremesh.org
 ------------------------------------------------------
=== WARNING! =====================================
There is no root password defined on this device!
Use the "passwd" command to set up a new password
in order to prevent unauthorized SSH logins.
--------------------------------------------------
root@(none):~# dmesg -n 1
root@(none):~# echo 'NOAL''LVFKCC'
NOALLVFKCC
root@LiMe-123456:~# run() { echo -n "$MARKER"; sh -c "$@"; echo "$MARKER $?"; }
root@LiMe-123456:~# echo 'YJHX''PVOJCN'
YJHXPVOJCN
root@LiMe-123456:~# MARKER='OHTO''MKPVCB' run 'ubus wait_for network.interface.l
an'
OHTOMKPVCBOHTOMKPVCB 0
root@LiMe-123456:~# echo 'EPMM''USCMNA'
EPMMUSCMNA
root@LiMe-123456:~# MARKER='QTWT''KBJGQX' run 'ubus call network.interface.lan s
tatus '"'"'{}'"'"''
QTWTKBJGQX{
	"up": true,
	"pending": false,
	"available": true,
	"autostart": true,
	"dynamic": false,
	"uptime": 1,
	"l3_device": "br-lan",
	"proto": "static",
	"device": "br-lan",
	"updated": [
		"addresses"
	],
	"metric": 0,
	"dns_metric": 0,
	"delegation": true,
	"ipv4-address": [
		{
			"address": "10.13.52.86",
			"mask": 16
		}
	],
	"ipv6-address": [
		{
			"address": "fd0d:fe46:8ce8::12:3456",
			"mask": 64
		}
	],
	"ipv6-prefix": [
		
	],
	"ipv6-prefix-assignment": [
		
	],
	"route": [
		
	],
	"dns-server": [
		
	],
	"dns-search": [
		
	],
	"neighbors": [
		
	],
	"inactive": {
		"ipv4-address": [
			
		],
		"ipv6-address": [
			
		],
		"route": [
			
		],
		"dns-server": [
			
		],
		"dns-search": [
			
		],
		"neighbors": [
			
		]
	},
	"data": {
		
	}
}
QTWTKBJGQX 0
root@LiMe-123456:~# echo 'TEZG''HXFZCS'
TEZGHXFZCS
root@LiMe-123456:~# MARKER='TKHW''GJGOWY' run true
TKHWGJGOWYTKHWGJGOWY 0
root@LiMe-123456:~# echo 'NYNQ''FAXOXP'
NYNQFAXOXP
root@LiMe-123456:~# MARKER='UJTC''BVGKGM' run 'source /etc/os-release; echo $BUI
LD_ID'
UJTCBVGKGMr29157-44df9972d5
UJTCBVGKGM 0
root@LiMe-123456:~# echo 'ZPNM''BUOXGS'
ZPNMBUOXGS
root@LiMe-123456:~# MARKER='QWYP''LFXKQM' run 'ls /etc/dropbear/dropbear_rsa_hos
t_key'
QWYPLFXKQM[0;0m/etc/dropbear/dropbear_rsa_host_key[m
QWYPLFXKQM 0
root@LiMe-123456:~# echo 'BXXG''QWYFQG'
BXXGQWYFQG
root@LiMe-123456:~# MARKER='BMWC''CTAKBF' run 'netstat -tlpn | grep 0.0.0.0:22'
BMWCCTAKBFnetstat: showing only processes with your user ID
tcp        0      0 0.0.0.0:22              0.0.0.0:*               LISTEN      2092/dropbear
BMWCCTAKBF 0
root@LiMe-123456:~# echo 'LAXQ''GYQQHY'
LAXQGYQQHY
root@LiMe-123456:~# MARKER='MOQG''HLZWNF' run 'dmesg | grep br-lan | grep forwar
ding'
MOQGHLZWNF[   45.800400] br-lan: port 1(eth0) entered forwarding state
[   51.016124] br-lan: port 2(bat0) entered forwarding state
MOQGHLZWNF 0
root@LiMe-123456:~# echo 'YVPH''XLWLEN'
YVPHXLWLEN
root@LiMe-123456:~# MARKER='BVQU''NPSOVZ' run 'ubus call network.interface.lan s
tatus '"'"'{}'"'"''
BVQUNPSOVZ{
	"up": true,
	"pending": false,
	"available": true,
	"autostart": true,
	"dynamic": false,
	"uptime": 10,
	"l3_device": "br-lan",
	"proto": "static",
	"device": "br-lan",
	"updated": [
		"addresses"
	],
	"metric": 0,
	"dns_metric": 0,
	"delegation": true,
	"ipv4-address": [
		{
			"address": "10.13.52.86",
			"mask": 16
		}
	],
	"ipv6-address": [
		{
			"address": "fd0d:fe46:8ce8::12:3456",
			"mask": 64
		}
	],
	"ipv6-prefix": [
		
	],
	"ipv6-prefix-assignment": [
		
	],
	"route": [
		
	],
	"dns-server": [
		
	],
	"dns-search": [
		
	],
	"neighbors": [
		
	],
	"inactive": {
		"ipv4-address": [
			
		],
		"ipv6-address": [
			
		],
		"route": [
			
		],
		"dns-server": [
			
		],
		"dns-search": [
			
		],
		"neighbors": [
			
		]
	},
	"data": {
		
	}
}
BVQUNPSOVZ 0
root@LiMe-123456