Labgrid Console Logfile for main
Logfile started at 2026-04-14 01:56:06.624326
=== Log starts here ===
c[?7l[2J[0mSeaBIOS (version 1.16.3-debian-1.16.3-2)


iPXE (https://ipxe.org) 00:03.0 CA00 PCI2.10 PnP PMM+06FCAE70+06F0AE70 CA00
Press Ctrl-B to configure iPXE (PCI 00:03.0)...                                                                               




iPXE (https://ipxe.org) 00:05.0 CB00 PCI2.10 PnP PMM 06FCAE70 06F0AE70 CB00
Press Ctrl-B to configure iPXE (PCI 00:05.0)...                                                                               


Booting from Hard Disk...
GRUB loading.....
[0;30;47mWelcome to GRUB![01;01H[0m[2J[H[J[1;1H[?25l[m[H[J[1;1H[2;30HGNU GRUB  version 2.12

[m[4;2H+----------------------------------------------------------------------------+[5;2H|[5;79H|[6;2H|[6;79H|[7;2H|[7;79H|[8;2H|[8;79H|[9;2H|[9;79H|[10;2H|[10;79H|[11;2H|[11;79H|[12;2H|[12;79H|[13;2H|[13;79H|[14;2H|[14;79H|[15;2H|[15;79H|[16;2H+----------------------------------------------------------------------------+[m[17;2H[18;2H[m     Use the ^ and v keys to select which entry is highlighted.          
      Press enter to boot the selected OS, `e' to edit the commands       
      before booting or `c' for a command-line. ESC to return             
      previous menu.                                                      [5;80H [7m[5;3H*OpenWrt                                                                    [m[5;78H[m[m[6;3H OpenWrt (failsafe)                                                         [m[6;78H[m[m[7;3H                                                                            [m[7;78H[m[m[8;3H                                                                            [m[8;78H[m[m[9;3H                                                                            [m[9;78H[m[m[10;3H                                                                            [m[10;78H[m[m[11;3H                                                                            [m[11;78H[m[m[12;3H                                                                            [m[12;78H[m[m[13;3H                                                                            [m[13;78H[m[m[14;3H                                                                            [m[14;78H[m[m[15;3H                                                                            [m[15;78H[m[15;80H [5;78H[2J[02;30HGNU GRUB  version 2.12[04;02H┌────────────────────────────────────────────────────────────────────────────┐[05;02H│[05;79H│[06;02H│[06;79H│[07;02H│[07;79H│[08;02H│[08;79H│[09;02H│[09;79H│[10;02H│[10;79H│[11;02H│[11;79H│[12;02H│[12;79H│[13;02H│[13;79H│[14;02H│[14;79H│[15;02H│[15;79H│[16;02H│[16;79H│[17;02H└────────────────────────────────────────────────────────────────────────────┘[19;02H     Use the ↑ and ↓ keys to s[19;31H[19;32Helect which entry is highlighted.          
      Press enter to boot the selected OS, `e' to edit the commands       
      before booting or `c' for a command-[21;42H[21;43Hline. ESC to return             
      previous menu.                                                      [05;80H [05;03H[0;30;47m*OpenWrt                                                                    [06;03H[0m OpenWrt (failsafe)                                                         [07;03H                                                                            [08;03H                                                                            [09;03H                                                                            [10;03H                                                                            [11;03H                                                                            [12;03H     [12;07H[12;08H                                                                       [13;03H                                                                            [14;03H              [14;16H[14;17H                                                              [15;03H                                                                            [16;03H                                                                            [16;80H 






   The highlighted entry will be executed automatically in 5s.                [22;1H   The highlighted entry will be executed automatically in 5s.                 [5;78H [05;78H

















   The highlighted entry will be executed automatically in 4s.                [22;1H   The highlighted entry will be executed automatically in 4s.                 [5;78H [05;78H

















   The highlighted entry will be executed automatically in 3s.                [22;1H   The highlighted entry will be executed automatically in 3s.                 [5;78H [05;78H

















   The highlighted entry will be executed automatically in 2s.                [22;1H   The highlighted entry will be executed automatically in 2s.                 [5;78H [05;78H

















   The highlighted entry will be executed automatically in 1s.                [22;1H   The highlighted entry will be executed automatically in 1s.                 [5;78H [05;78H

















   The highlighted entry will be executed automatically in 0s.                [22;1H   The highlighted entry will be executed automatically in 0s.                 [5;78H [01;01H[2J[?25h[H[J[1;1H[H[J[1;1H[2J   Booting `OpenWrt' Booting `OpenWrt

'

[    0.000000] Linux version 6.6.133 (builder@buildhost) (x86_64-openwrt-linux-musl-gcc (OpenWrt GCC 13.3.0 r29157-44df9972d5) 13.3.0, GNU ld (GNU Binutils) 2.42) #0 SMP Sun Apr 12 18:14:18 2026
[    0.000000] Command line: BOOT_IMAGE=/boot/vmlinuz root=PARTUUID=9c236c87-02 rootwait console=tty1 console=ttyS0,115200n8 noinitrd
[    0.000000] BIOS-provided physical RAM map:
[    0.000000] BIOS-e820: [mem 0x0000000000000000-0x000000000009fbff] usable
[    0.000000] BIOS-e820: [mem 0x000000000009fc00-0x000000000009ffff] reserved
[    0.000000] BIOS-e820: [mem 0x00000000000f0000-0x00000000000fffff] reserved
[    0.000000] BIOS-e820: [mem 0x0000000000100000-0x0000000007fdcfff] usable
[    0.000000] BIOS-e820: [mem 0x0000000007fdd000-0x0000000007ffffff] reserved
[    0.000000] BIOS-e820: [mem 0x00000000fffc0000-0x00000000ffffffff] reserved
[    0.000000] BIOS-e820: [mem 0x000000fd00000000-0x000000ffffffffff] reserved
[    0.000000] NX (Execute Disable) protection: active
[    0.000000] APIC: Static calls initialized
[    0.000000] SMBIOS 3.0.0 present.
[    0.000000] DMI: QEMU Standard PC (i440FX + PIIX, 1996), BIOS 1.16.3-debian-1.16.3-2 04/01/2014
[    0.000000] tsc: Fast TSC calibration using PIT
[    0.000000] tsc: Detected 2445.412 MHz processor
[    0.008846] last_pfn = 0x7fdd max_arch_pfn = 0x400000000
[    0.009485] MTRR map: 4 entries (3 fixed + 1 variable; max 19), built from 8 variable MTRRs
[    0.009673] x86/PAT: Configuration [0-7]: WB  WC  UC- UC  WB  WP  UC- WT  
[    0.027948] found SMP MP-table at [mem 0x000f5460-0x000f546f]
[    0.029375] Using GB pages for direct mapping
[    0.033178] ACPI: Early table checksum verification disabled
[    0.033526] ACPI: RSDP 0x00000000000F5290 000014 (v00 BOCHS )
[    0.033838] ACPI: RSDT 0x0000000007FE1C64 000034 (v01 BOCHS  BXPC     00000001 BXPC 00000001)
[    0.034348] ACPI: FACP 0x0000000007FE1B18 000074 (v01 BOCHS  BXPC     00000001 BXPC 00000001)
[    0.034982] ACPI: DSDT 0x0000000007FE0040 001AD8 (v01 BOCHS  BXPC     00000001 BXPC 00000001)
[    0.035074] ACPI: FACS 0x0000000007FE0000 000040
[    0.035126] ACPI: APIC 0x0000000007FE1B8C 000078 (v03 BOCHS  BXPC     00000001 BXPC 00000001)
[    0.035152] ACPI: HPET 0x0000000007FE1C04 000038 (v01 BOCHS  BXPC     00000001 BXPC 00000001)
[    0.035177] ACPI: WAET 0x0000000007FE1C3C 000028 (v01 BOCHS  BXPC     00000001 BXPC 00000001)
[    0.035273] ACPI: Reserving FACP table memory at [mem 0x7fe1b18-0x7fe1b8b]
[    0.035321] ACPI: Reserving DSDT table memory at [mem 0x7fe0040-0x7fe1b17]
[    0.035329] ACPI: Reserving FACS table memory at [mem 0x7fe0000-0x7fe003f]
[    0.035335] ACPI: Reserving APIC table memory at [mem 0x7fe1b8c-0x7fe1c03]
[    0.035341] ACPI: Reserving HPET table memory at [mem 0x7fe1c04-0x7fe1c3b]
[    0.035347] ACPI: Reserving WAET table memory at [mem 0x7fe1c3c-0x7fe1c63]
[    0.038472] Zone ranges:
[    0.038504]   DMA      [mem 0x0000000000001000-0x0000000000ffffff]
[    0.038579]   DMA32    [mem 0x0000000001000000-0x0000000007fdcfff]
[    0.038591]   Normal   empty
[    0.038615] Movable zone start for each node
[    0.038643] Early memory node ranges
[    0.038673]   node   0: [mem 0x0000000000001000-0x000000000009efff]
[    0.038718]   node   0: [mem 0x0000000000100000-0x0000000007fdcfff]
[    0.038828] Initmem setup node 0 [mem 0x0000000000001000-0x0000000007fdcfff]
[    0.039667] On node 0, zone DMA: 1 pages in unavailable ranges
[    0.040008] On node 0, zone DMA: 97 pages in unavailable ranges
[    0.041074] On node 0, zone DMA32: 35 pages in unavailable ranges
[    0.041442] ACPI: PM-Timer IO Port: 0x608
[    0.041799] ACPI: LAPIC_NMI (acpi_id[0xff] dfl dfl lint[0x1])
[    0.042207] IOAPIC[0]: apic_id 0, version 32, address 0xfec00000, GSI 0-23
[    0.042320] ACPI: INT_SRC_OVR (bus 0 bus_irq 0 global_irq 2 dfl dfl)
[    0.042603] ACPI: INT_SRC_OVR (bus 0 bus_irq 5 global_irq 5 high level)
[    0.042661] ACPI: INT_SRC_OVR (bus 0 bus_irq 9 global_irq 9 high level)
[    0.042750] ACPI: INT_SRC_OVR (bus 0 bus_irq 10 global_irq 10 high level)
[    0.042762] ACPI: INT_SRC_OVR (bus 0 bus_irq 11 global_irq 11 high level)
[    0.042953] ACPI: Using ACPI (MADT) for SMP configuration information
[    0.042997] ACPI: HPET id: 0x8086a201 base: 0xfed00000
[    0.043290] smpboot: Allowing 1 CPUs, 0 hotplug CPUs
[    0.044426] [mem 0x08000000-0xfffbffff] available for PCI devices
[    0.044476] Booting paravirtualized kernel on bare hardware
[    0.044769] clocksource: refined-jiffies: mask: 0xffffffff max_cycles: 0xffffffff, max_idle_ns: 19112604462750000 ns
[    0.045411] setup_percpu: NR_CPUS:512 nr_cpumask_bits:1 nr_cpu_ids:1 nr_node_ids:1
[    0.046993] percpu: Embedded 48 pages/cpu s158248 r8192 d30168 u2097152
[    0.049251] Kernel command line: BOOT_IMAGE=/boot/vmlinuz root=PARTUUID=9c236c87-02 rootwait console=tty1 console=ttyS0,115200n8 noinitrd
[    0.051027] random: crng init done
[    0.055823] Dentry cache hash table entries: 16384 (order: 5, 131072 bytes, linear)
[    0.056782] Inode-cache hash table entries: 8192 (order: 4, 65536 bytes, linear)
[    0.059560] Built 1 zonelists, mobility grouping on.  Total pages: 31965
[    0.059785] mem auto-init: stack:off, heap alloc:off, heap free:off
[    0.063291] Memory: 102576K/130540K available (14336K kernel code, 1170K rwdata, 2300K rodata, 2456K init, 2404K bss, 27708K reserved, 0K cma-reserved)
[    0.069634] SLUB: HWalign=64, Order=0-3, MinObjects=0, CPUs=1, Nodes=1
[    0.077080] rcu: Hierarchical RCU implementation.
[    0.077109] rcu: 	RCU restricting CPUs from NR_CPUS=512 to nr_cpu_ids=1.
[    0.077223] 	Tracing variant of Tasks RCU enabled.
[    0.077308] rcu: RCU calculated value of scheduler-enlistment delay is 10 jiffies.
[    0.077341] rcu: Adjusting geometry for rcu_fanout_leaf=16, nr_cpu_ids=1
[    0.078496] NR_IRQS: 33024, nr_irqs: 256, preallocated irqs: 16
[    0.087177] rcu: srcu_init: Setting srcu_struct sizes based on contention.
[    0.094043] Console: colour VGA+ 80x25
[    0.094367] printk: console [tty1] enabled
[    0.101849] printk: console [ttyS0] enabled
[    0.335254] ACPI: Core revision 20230628
[    0.340500] clocksource: hpet: mask: 0xffffffff max_cycles: 0xffffffff, max_idle_ns: 19112604467 ns
[    0.350421] APIC: Switch to symmetric I/O mode setup
[    0.354709] ..TIMER: vector=0x30 apic1=0 pin1=2 apic2=-1 pin2=-1
[    0.397250] clocksource: tsc-early: mask: 0xffffffffffffffff max_cycles: 0x233fca61329, max_idle_ns: 440795203427 ns
[    0.397980] Calibrating delay loop (skipped), value calculated using timer frequency.. 4890.82 BogoMIPS (lpj=24454120)
[    0.399726] x86/cpu: User Mode Instruction Prevention (UMIP) activated
[    0.414390] Last level iTLB entries: 4KB 0, 2MB 0, 4MB 0
[    0.414793] Last level dTLB entries: 4KB 0, 2MB 0, 4MB 0, 1GB 0
[    0.418034] Spectre V1 : Mitigation: usercopy/swapgs barriers and __user pointer sanitization
[    0.418791] Spectre V2 : Mitigation: Retpolines
[    0.419913] Spectre V2 : Spectre v2 / SpectreRSB: Filling RSB on context switch and VMEXIT
[    0.420496] Speculative Store Bypass: Vulnerable
[    0.422152] x86/fpu: Supporting XSAVE feature 0x001: 'x87 floating point registers'
[    0.427541] x86/fpu: Supporting XSAVE feature 0x002: 'SSE registers'
[    0.429043] x86/fpu: Supporting XSAVE feature 0x004: 'AVX registers'
[    0.429273] x86/fpu: Supporting XSAVE feature 0x008: 'MPX bounds registers'
[    0.429540] x86/fpu: Supporting XSAVE feature 0x010: 'MPX CSR'
[    0.429960] x86/fpu: xstate_offset[2]:  576, xstate_sizes[2]:  256
[    0.438087] x86/fpu: xstate_offset[3]:  960, xstate_sizes[3]:   64
[    0.438418] x86/fpu: xstate_offset[4]: 1024, xstate_sizes[4]:   64
[    0.438664] x86/fpu: Enabled xstate features 0x1f, context size is 1088 bytes, using 'standard' format.
[    0.751261] Freeing SMP alternatives memory: 40K
[    0.752554] pid_max: default: 32768 minimum: 301
[    0.761703] Mount-cache hash table entries: 512 (order: 0, 4096 bytes, linear)
[    0.762126] Mountpoint-cache hash table entries: 512 (order: 0, 4096 bytes, linear)
[    0.911205] smpboot: CPU0: AMD QEMU TCG CPU version 2.5+ (family: 0x6, model: 0x6, stepping: 0x3)
[    0.917867] RCU Tasks Trace: Setting shift to 0 and lim to 1 rcu_task_cb_adjust=1 rcu_task_cpu_ids=1.
[    0.917867] Performance Events: PMU not available due to virtualization, using software events only.
[    0.918826] signal: max sigframe size: 1616
[    0.921433] rcu: Hierarchical SRCU implementation.
[    0.921678] rcu: 	Max phase no-delay instances is 1000.
[    0.924796] smp: Bringing up secondary CPUs ...
[    0.929462] smp: Brought up 1 node, 1 CPU
[    0.930347] smpboot: Max logical packages: 1
[    0.930817] smpboot: Total of 1 processors activated (4890.82 BogoMIPS)
[    0.946285] clocksource: jiffies: mask: 0xffffffff max_cycles: 0xffffffff, max_idle_ns: 19112604462750000 ns
[    0.947123] futex hash table entries: 256 (order: 2, 16384 bytes, linear)
[    0.948360] pinctrl core: initialized pinctrl subsystem
[    0.967921] NET: Registered PF_NETLINK/PF_ROUTE protocol family
[    0.974392] thermal_sys: Registered thermal governor 'step_wise'
[    0.974427] thermal_sys: Registered thermal governor 'user_space'
[    0.975325] cpuidle: using governor ladder
[    0.975812] cpuidle: using governor menu
[    0.979546] acpiphp: ACPI Hot Plug PCI Controller Driver version: 0.5
[    0.982373] PCI: Using configuration type 1 for base access
[    0.992531] cryptd: max_cpu_qlen set to 1000
[    0.997427] ACPI: Added _OSI(Module Device)
[    0.997622] ACPI: Added _OSI(Processor Device)
[    0.997786] ACPI: Added _OSI(Processor Aggregator Device)
[    1.012855] ACPI: 1 ACPI AML tables successfully acquired and loaded
[    1.026806] ACPI: _OSC evaluation for CPUs failed, trying _PDC
[    1.029703] ACPI: Interpreter enabled
[    1.030450] ACPI: PM: (supports S0 S5)
[    1.030656] ACPI: Using IOAPIC for interrupt routing
[    1.031279] PCI: Using host bridge windows from ACPI; if necessary, use "pci=nocrs" and report a bug
[    1.038176] PCI: Using E820 reservations for host bridge windows
[    1.040258] ACPI: Enabled 2 GPEs in block 00 to 0F
[    1.071540] ACPI: PCI Root Bridge [PCI0] (domain 0000 [bus 00-ff])
[    1.072464] acpi PNP0A03:00: _OSC: OS supports [ASPM ClockPM Segments MSI HPX-Type3]
[    1.072932] acpi PNP0A03:00: _OSC: not requesting OS control; OS requires [ExtendedConfig ASPM ClockPM MSI]
[    1.073792] acpi PNP0A03:00: fail to add MMCONFIG information, can't access extended configuration space under this bridge
[    1.083151] acpiphp: Slot [3] registered
[    1.088255] acpiphp: Slot [4] registered
[    1.088524] acpiphp: Slot [5] registered
[    1.088776] acpiphp: Slot [6] registered
[    1.089019] acpiphp: Slot [7] registered
[    1.093683] acpiphp: Slot [8] registered
[    1.094086] acpiphp: Slot [9] registered
[    1.094502] acpiphp: Slot [10] registered
[    1.094767] acpiphp: Slot [11] registered
[    1.095018] acpiphp: Slot [12] registered
[    1.096602] acpiphp: Slot [13] registered
[    1.098239] acpiphp: Slot [14] registered
[    1.098710] acpiphp: Slot [15] registered
[    1.099069] acpiphp: Slot [16] registered
[    1.099313] acpiphp: Slot [17] registered
[    1.099589] acpiphp: Slot [18] registered
[    1.099851] acpiphp: Slot [19] registered
[    1.108135] acpiphp: Slot [20] registered
[    1.108570] acpiphp: Slot [21] registered
[    1.108982] acpiphp: Slot [22] registered
[    1.109273] acpiphp: Slot [23] registered
[    1.109559] acpiphp: Slot [24] registered
[    1.109806] acpiphp: Slot [25] registered
[    1.117989] acpiphp: Slot [26] registered
[    1.127338] acpiphp: Slot [27] registered
[    1.127774] acpiphp: Slot [28] registered
[    1.128108] acpiphp: Slot [29] registered
[    1.128367] acpiphp: Slot [30] registered
[    1.128620] acpiphp: Slot [31] registered
[    1.129058] PCI host bridge to bus 0000:00
[    1.138367] pci_bus 0000:00: root bus resource [io  0x0000-0x0cf7 window]
[    1.138748] pci_bus 0000:00: root bus resource [io  0x0d00-0xffff window]
[    1.139010] pci_bus 0000:00: root bus resource [mem 0x000a0000-0x000bffff window]
[    1.139326] pci_bus 0000:00: root bus resource [mem 0x08000000-0xfebfffff window]
[    1.148075] pci_bus 0000:00: root bus resource [mem 0x100000000-0x17fffffff window]
[    1.148762] pci_bus 0000:00: root bus resource [bus 00-ff]
[    1.150277] pci 0000:00:00.0: [8086:1237] type 00 class 0x060000
[    1.162093] pci 0000:00:01.0: [8086:7000] type 00 class 0x060100
[    1.162951] pci 0000:00:01.1: [8086:7010] type 00 class 0x010180
[    1.168577] pci 0000:00:01.1: BAR 4 [io  0xc0e0-0xc0ef]
[    1.169808] pci 0000:00:01.1: BAR 0 [io  0x01f0-0x01f7]: legacy IDE quirk
[    1.170089] pci 0000:00:01.1: BAR 1 [io  0x03f6]: legacy IDE quirk
[    1.175474] pci 0000:00:01.1: BAR 2 [io  0x0170-0x0177]: legacy IDE quirk
[    1.175873] pci 0000:00:01.1: BAR 3 [io  0x0376]: legacy IDE quirk
[    1.177096] pci 0000:00:01.3: [8086:7113] type 00 class 0x068000
[    1.177708] pci 0000:00:01.3: quirk: [io  0x0600-0x063f] claimed by PIIX4 ACPI
[    1.178117] pci 0000:00:01.3: quirk: [io  0x0700-0x070f] claimed by PIIX4 SMB
[    1.179165] pci 0000:00:02.0: [1234:1111] type 00 class 0x030000
[    1.188604] pci 0000:00:02.0: BAR 0 [mem 0xfd000000-0xfdffffff pref]
[    1.190176] pci 0000:00:02.0: BAR 2 [mem 0xfeb90000-0xfeb90fff]
[    1.199386] pci 0000:00:02.0: ROM [mem 0xfeb80000-0xfeb8ffff pref]
[    1.199924] pci 0000:00:02.0: Video device with shadowed ROM at [mem 0x000c0000-0x000dffff]
[    1.201027] pci 0000:00:03.0: [1af4:1000] type 00 class 0x020000
[    1.209217] pci 0000:00:03.0: BAR 0 [io  0xc080-0xc09f]
[    1.211546] pci 0000:00:03.0: BAR 4 [mem 0xfe000000-0xfe003fff 64bit pref]
[    1.212831] pci 0000:00:03.0: ROM [mem 0xfea80000-0xfeafffff pref]
[    1.218815] pci 0000:00:04.0: [1af4:1005] type 00 class 0x00ff00
[    1.221061] pci 0000:00:04.0: BAR 0 [io  0xc0a0-0xc0bf]
[    1.221835] pci 0000:00:04.0: BAR 1 [mem 0xfeb91000-0xfeb91fff]
[    1.224716] pci 0000:00:04.0: BAR 4 [mem 0xfe004000-0xfe007fff 64bit pref]
[    1.229995] pci 0000:00:05.0: [1af4:1000] type 00 class 0x020000
[    1.232118] pci 0000:00:05.0: BAR 0 [io  0xc0c0-0xc0df]
[    1.233161] pci 0000:00:05.0: BAR 1 [mem 0xfeb92000-0xfeb92fff]
[    1.234990] pci 0000:00:05.0: BAR 4 [mem 0xfe008000-0xfe00bfff 64bit pref]
[    1.235879] pci 0000:00:05.0: ROM [mem 0xfeb00000-0xfeb7ffff pref]
[    1.239941] pci 0000:00:06.0: [1af4:1001] type 00 class 0x010000
[    1.244151] pci 0000:00:06.0: BAR 0 [io  0xc000-0xc07f]
[    1.244914] pci 0000:00:06.0: BAR 1 [mem 0xfeb93000-0xfeb93fff]
[    1.246737] pci 0000:00:06.0: BAR 4 [mem 0xfe00c000-0xfe00ffff 64bit pref]
[    1.255513] ACPI: PCI: Interrupt link LNKA configured for IRQ 10
[    1.256401] ACPI: PCI: Interrupt link LNKB configured for IRQ 10
[    1.257036] ACPI: PCI: Interrupt link LNKC configured for IRQ 11
[    1.257685] ACPI: PCI: Interrupt link LNKD configured for IRQ 11
[    1.258098] ACPI: PCI: Interrupt link LNKS configured for IRQ 9
[    1.270711] iommu: Default domain type: Translated
[    1.270925] iommu: DMA domain TLB invalidation policy: lazy mode
[    1.273053] SCSI subsystem initialized
[    1.274837] ACPI: bus type USB registered
[    1.275366] usbcore: registered new interface driver usbfs
[    1.277655] usbcore: registered new interface driver hub
[    1.278115] usbcore: registered new device driver usb
[    1.278724] pps_core: LinuxPPS API ver. 1 registered
[    1.278921] pps_core: Software ver. 5.3.6 - Copyright 2005-2007 Rodolfo Giometti <giometti@linux.it>
[    1.288197] PTP clock support registered
[    1.301484] PCI: Using ACPI for IRQ routing
[    1.304469] hpet0: at MMIO 0xfed00000, IRQs 2, 8, 0
[    1.304746] hpet0: 3 comparators, 64-bit 100.000000 MHz counter
[    1.312990] clocksource: Switched to clocksource tsc-early
[    1.315155] pnp: PnP ACPI init
[    1.315219] pnp: PnP ACPI: found 6 devices
[    1.329324] clocksource: acpi_pm: mask: 0xffffff max_cycles: 0xffffff, max_idle_ns: 2085701024 ns
[    1.330242] NET: Registered PF_INET protocol family
[    1.331669] IP idents hash table entries: 2048 (order: 2, 16384 bytes, linear)
[    1.336879] tcp_listen_portaddr_hash hash table entries: 256 (order: 0, 4096 bytes, linear)
[    1.340458] Table-perturb hash table entries: 65536 (order: 6, 262144 bytes, linear)
[    1.340795] TCP established hash table entries: 1024 (order: 1, 8192 bytes, linear)
[    1.341219] TCP bind hash table entries: 1024 (order: 3, 32768 bytes, linear)
[    1.351536] TCP: Hash tables configured (established 1024 bind 1024)
[    1.353417] MPTCP token hash table entries: 256 (order: 1, 6144 bytes, linear)
[    1.354031] UDP hash table entries: 256 (order: 1, 8192 bytes, linear)
[    1.354487] UDP-Lite hash table entries: 256 (order: 1, 8192 bytes, linear)
[    1.363533] NET: Registered PF_UNIX/PF_LOCAL protocol family
[    1.364726] pci_bus 0000:00: resource 4 [io  0x0000-0x0cf7 window]
[    1.364958] pci_bus 0000:00: resource 5 [io  0x0d00-0xffff window]
[    1.365168] pci_bus 0000:00: resource 6 [mem 0x000a0000-0x000bffff window]
[    1.373420] pci_bus 0000:00: resource 7 [mem 0x08000000-0xfebfffff window]
[    1.373744] pci_bus 0000:00: resource 8 [mem 0x100000000-0x17fffffff window]
[    1.374509] pci 0000:00:01.0: PIIX3: Enabling Passive Release
[    1.384560] pci 0000:00:00.0: Limiting direct PCI/PCI transfers
[    1.385039] PCI: CLS 0 bytes, default 64
[    1.419031] workingset: timestamp_bits=46 max_order=15 bucket_order=0
[    1.421877] squashfs: version 4.0 (2009/01/31) Phillip Lougher
[    1.424584] Block layer SCSI generic (bsg) driver version 0.4 loaded (major 247)
[    1.428647] hv_vmbus: registering driver hyperv_fb
[    1.433556] input: Power Button as /devices/LNXSYSTM:00/LNXPWRBN:00/input/input0
[    1.447314] ACPI: button: Power Button [PWRF]
[    1.634741] ACPI: \_SB_.LNKC: Enabled at IRQ 11
[    1.813606] ACPI: \_SB_.LNKD: Enabled at IRQ 10
[    1.992753] ACPI: \_SB_.LNKA: Enabled at IRQ 10
[    2.169932] ACPI: \_SB_.LNKB: Enabled at IRQ 11
[    2.172001] Serial: 8250/16550 driver, 16 ports, IRQ sharing enabled
[    2.196804] 00:04: ttyS0 at I/O 0x3f8 (irq = 4, base_baud = 115200) is a 16550A
[    2.241884] Non-volatile memory driver v1.3
[    2.253290] Linux agpgart interface v0.103
[    2.254125] AMD-Vi: AMD IOMMUv2 functionality not available on this system - This is not a bug.
[    2.254720] ACPI: bus type drm_connector registered
[    2.257298] [drm] Found bochs VGA, ID 0xb0c5.
[    2.257594] [drm] Framebuffer size 16384 kB @ 0xfd000000, mmio @ 0xfeb90000.
[    2.273554] [drm] Found EDID data blob.
[    2.278913] [drm] Initialized bochs-drm 1.0.0 20130925 for 0000:00:02.0 on minor 0
[    2.349514] Console: switching to colour frame buffer device 160x50
[    2.359192] bochs-drm 0000:00:02.0: [drm] fb0: bochs-drmdrmfb frame buffer device
[    2.400754] loop: module loaded
[    2.401576] virtio_blk virtio3: 1/0/0 default/read/poll queues
[    2.406786] virtio_blk virtio3: [vda] 246784 512-byte logical blocks (126 MB/121 MiB)
[    2.416039]  vda: vda1 vda2
[    2.419620] Guest personality initialized and is inactive
[    2.420425] VMCI host device registered (name=vmci, major=10, minor=256)
[    2.420690] Initialized host personality
[    2.421677] VMware PVSCSI driver - version 1.0.7.0-k
[    2.422000] hv_vmbus: registering driver hv_storvsc
[    2.427769] tsc: Refined TSC clocksource calibration: 2445.402 MHz
[    2.428405] clocksource: tsc: mask: 0xffffffffffffffff max_cycles: 0x233fc0f9daa, max_idle_ns: 440795213832 ns
[    2.428957] clocksource: Switched to clocksource tsc
[    2.465509] scsi host0: ata_piix
[    2.471363] scsi host1: ata_piix
[    2.472550] ata1: PATA max MWDMA2 cmd 0x1f0 ctl 0x3f6 bmdma 0xc0e0 irq 14
[    2.472841] ata2: PATA max MWDMA2 cmd 0x170 ctl 0x376 bmdma 0xc0e8 irq 15
[    2.483916] VMware vmxnet3 virtual NIC driver - version 1.7.0.0-k-NAPI
[    2.484595] hv_vmbus: registering driver hv_netvsc
[    2.484975] Fusion MPT base driver 3.04.20
[    2.485136] Copyright (c) 1999-2008 LSI Corporation
[    2.485521] Fusion MPT SPI Host driver 3.04.20
[    2.495285] Fusion MPT SAS Host driver 3.04.20
[    2.497443] usbcore: registered new interface driver usb-storage
[    2.498736] i8042: PNP: PS/2 Controller [PNP0303:KBD,PNP0f13:MOU] at 0x60,0x64 irq 1,12
[    2.504861] serio: i8042 KBD port at 0x60,0x64 irq 1
[    2.507645] serio: i8042 AUX port at 0x60,0x64 irq 12
[    2.509887] hv_vmbus: registering driver hyperv_keyboard
[    2.512590] rtc_cmos 00:05: RTC can wake from S4
[    2.517775] rtc_cmos 00:05: registered as rtc0
[    2.520844] rtc_cmos 00:05: setting system clock to 2026-04-14T01:56:17 UTC (1776131777)
[    2.523369] rtc_cmos 00:05: alarms up to one day, y3k, 242 bytes nvram, hpet irqs
[    2.526328] amd_pstate: the _CPC object is not present in SBIOS or ACPI disabled
[    2.528698] sdhci: Secure Digital Host Controller Interface driver
[    2.533891] sdhci: Copyright(c) Pierre Ossman
[    2.544255] input: AT Translated Set 2 keyboard as /devices/platform/i8042/serio0/input/input1
[    2.575638] hid: raw HID events driver (C) Jiri Kosina
[    2.578313] hv_vmbus: registering driver hid_hyperv
[    2.581456] usbcore: registered new interface driver usbhid
[    2.583580] usbhid: USB HID core driver
[    2.585891] hv_utils: Registering HyperV Utility Driver
[    2.588429] hv_vmbus: registering driver hv_utils
[    2.590845] hv_vmbus: registering driver hv_balloon
[    2.594360] NET: Registered PF_INET6 protocol family
[    2.611286] Segment Routing with IPv6
[    2.613576] In-situ OAM (IOAM) with IPv6
[    2.616068] NET: Registered PF_PACKET protocol family
[    2.618689] bridge: filtering via arp/ip/ip6tables is no longer available by default. Update your scripts to load br_netfilter if you need this.
[    2.628121] 8021q: 802.1Q VLAN Support v1.8
[    2.631027] NET: Registered PF_VSOCK protocol family
[    2.641213] IPI shorthand broadcast: enabled
[    2.643493] AVX2 version of gcm_enc/dec engaged.
[    2.650028] AES CTR mode by8 optimization enabled
[    2.671200] sched_clock: Marking stable (2420076764, 250070845)->(2687145996, -16998387)
[    2.722802] ata2: found unknown device (class 0)
[    2.814236] ata2.00: ATAPI: QEMU DVD-ROM, 2.5+, max UDMA/100
[    2.831288] scsi 1:0:0:0: CD-ROM            QEMU     QEMU DVD-ROM     2.5+ PQ: 0 ANSI: 5
[    2.835888] clk: Disabling unused clocks
[    2.902099] sr 1:0:0:0: [sr0] scsi3-mmc drive: 4x/4x cd/rw xa/form2 tray
[    2.904709] cdrom: Uniform CD-ROM driver Revision: 3.20
[    2.960317] VFS: Mounted root (squashfs filesystem) readonly on device 254:2.
[    3.029558] Freeing unused kernel image (initmem) memory: 2456K
[    3.032103] Write protecting the kernel read-only data: 18432k
[    3.036564] Freeing unused kernel image (rodata/data gap) memory: 1796K
[    3.039069] Run /sbin/init as init process
[    3.330853] init: Console is alive
[    4.021493] kmodloader: loading kernel modules from /etc/modules-boot.d/*
[    4.088675] button_hotplug: loading out-of-tree module taints kernel.
[    4.095819] Button Hotplug driver version 0.4.1
[    4.120096] Intel(R) 2.5G Ethernet Linux Driver
[    4.122764] Copyright(c) 2018 Intel Corporation.
[    4.142664] igb: Intel(R) Gigabit Ethernet Network Driver
[    4.145121] igb: Copyright (c) 2007-2014 Intel Corporation.
[    4.162304] kmodloader: done loading kernel modules from /etc/modules-boot.d/*
[    4.178427] init: - preinit -
[    5.166867] 8021q: adding VLAN 0 to HW filter on device eth0
Press the [f] key and hit [enter] to enter failsafe mode
Press the [1], [2], [3] or [4] key and hit [enter] to select the debug level
[    9.899754] loop0: detected capacity change from 0 to 212992
[    9.960639] loop0: detected capacity change from 212992 to 201216
[    9.974989] mount_root: overlay filesystem in /dev/loop0 has not been formatted yet
[   10.332850] EXT4-fs (loop0): mounted filesystem 1970d658-6c0e-4835-ad29-0cd5d70e18a9 r/w with ordered data mode. Quota mode: disabled.
[   10.346882] mount_root: overlay filesystem has not been fully initialized yet
[   10.365480] mount_root: switching to ext4 overlay
[   10.387359] overlayfs: null uuid detected in lower fs '/', falling back to xino=off,index=off,nfs_export=off.
[   11.162361] EXT4-fs (vda1): mounted filesystem 84173db5-fa99-e35a-95c6-28613cc79ea9 r/w without journal. Quota mode: disabled.
[   11.186831] urandom-seed: Seed file not found (/etc/urandom.seed)
[   11.341154] procd: - early -
[   12.150260] procd: - ubus -
[   12.332199] procd: - init -
Please press Enter to activate this console.
root
login[1002]: root login on 'ttyS0'


BusyBox v1.36.1 (2026-04-12 18:14:18 UTC) built-in shell (ash)

  _______                     ________        __
 |       |.-----.-----.-----.|  |  |  |.----.|  |_
 |   -   ||  _  |  -__|     ||  |  |  ||   _||   _|
 |_______||   __|_____|__|__||________||__|  |____|
          |__| W I R E L E S S   F R E E D O M
 -----------------------------------------------------
 OpenWrt 24.10-SNAPSHOT, r29157-44df9972d5
 -----------------------------------------------------
=== WARNING! =====================================
There is no root password defined on this device!
Use the "passwd" command to set up a new password
in order to prevent unauthorized SSH logins.
--------------------------------------------------
root@(none):~# dmesg -n 1
root@(none):~# echo 'GBZS''TPHOPW'
GBZSTPHOPW
root@(none):~# run() { echo -n "$MARKER"; sh -c "$@"; echo "$MARKER $?"; }
root@(none):~# echo 'HBGS''EANMBM'
HBGSEANMBM
root@(none):~# MARKER='LSCJ''EFQYLY' run 'ubus wait_for network.interface.lan'
LSCJEFQYLYLSCJEFQYLY 0
root@OpenWrt:~# echo 'TFTG''ZZSKWQ'
TFTGZZSKWQ
root@OpenWrt:~# MARKER='BSEB''UTLEPT' run 'ubus call network.interface.lan statu
s '"'"'{}'"'"''
BSEBUTLEPT{
	"up": true,
	"pending": false,
	"available": true,
	"autostart": true,
	"dynamic": false,
	"uptime": 0,
	"l3_device": "br-lan",
	"proto": "static",
	"device": "br-lan",
	"updated": [
		"addresses"
	],
	"metric": 0,
	"dns_metric": 0,
	"delegation": true,
	"ipv4-address": [
		{
			"address": "192.168.1.1",
			"mask": 24
		}
	],
	"ipv6-address": [
		
	],
	"ipv6-prefix": [
		
	],
	"ipv6-prefix-assignment": [
		{
			"address": "fd28:ddbf:ad80::",
			"mask": 60,
			"local-address": {
				"address": "fd28:ddbf:ad80::1",
				"mask": 60
			}
		}
	],
	"route": [
		
	],
	"dns-server": [
		
	],
	"dns-search": [
		
	],
	"neighbors": [
		
	],
	"inactive": {
		"ipv4-address": [
			
		],
		"ipv6-address": [
			
		],
		"route": [
			
		],
		"dns-server": [
			
		],
		"dns-search": [
			
		],
		"neighbors": [
			
		]
	},
	"data": {
		
	}
}
BSEBUTLEPT 0
root@OpenWrt:~# echo 'KFCO''GNSMAS'
KFCOGNSMAS
root@OpenWrt:~# MARKER='FYNP''BWOGNA' run true
FYNPBWOGNAFYNPBWOGNA 0
root@OpenWrt:~# echo 'JKLJ''CEVNSK'
JKLJCEVNSK
root@OpenWrt:~# MARKER='PXTO''QLUTWS' run 'source /etc/os-release; echo $BUILD_I
D'
PXTOQLUTWSr29157-44df9972d5
PXTOQLUTWS 0
root@OpenWrt:~# echo 'QOBY''UJWFKB'
QOBYUJWFKB
root@OpenWrt:~# MARKER='YLJO''VHBZVW' run 'ls /etc/dropbear/dropbear_rsa_host_ke
y'
YLJOVHBZVW[0;0m/etc/dropbear/dropbear_rsa_host_key[m
YLJOVHBZVW 0
root@OpenWrt:~# echo 'QYQA''VLHAUZ'
QYQAVLHAUZ
root@OpenWrt:~# MARKER='YSTU''LNWMPN' run 'netstat -tlpn | grep 0.0.0.0:22'
YSTULNWMPNnetstat: showing only processes with your user ID
tcp        0      0 0.0.0.0:22              0.0.0.0:*               LISTEN      1743/dropbear
YSTULNWMPN 0
root@OpenWrt:~# echo 'MBVJ''NBZNSO'
MBVJNBZNSO
root@OpenWrt:~# MARKER='AQFE''CJTWWU' run 'dmesg | grep br-lan | grep forwarding
'
AQFECJTWWU[   32.532354] br-lan: port 1(eth0) entered forwarding state
AQFECJTWWU 0
root@OpenWrt:~# echo 'XXHW''UQVYTT'
XXHWUQVYTT
root@OpenWrt:~# MARKER='LTOK''CMQLWV' run 'ubus call network.interface.lan statu
s '"'"'{}'"'"''
LTOKCMQLWV{
	"up": true,
	"pending": false,
	"available": true,
	"autostart": true,
	"dynamic": false,
	"uptime": 8,
	"l3_device": "br-lan",
	"proto": "static",
	"device": "br-lan",
	"updated": [
		"addresses"
	],
	"metric": 0,
	"dns_metric": 0,
	"delegation": true,
	"ipv4-address": [
		{
			"address": "192.168.1.1",
			"mask": 24
		}
	],
	"ipv6-address": [
		
	],
	"ipv6-prefix": [
		
	],
	"ipv6-prefix-assignment": [
		{
			"address": "fd28:ddbf:ad80::",
			"mask": 60,
			"local-address": {
				"address": "fd28:ddbf:ad80::1",
				"mask": 60
			}
		}
	],
	"route": [
		
	],
	"dns-server": [
		
	],
	"dns-search": [
		
	],
	"neighbors": [
		
	],
	"inactive": {
		"ipv4-address": [
			
		],
		"ipv6-address": [
			
		],
		"route": [
			
		],
		"dns-server": [
			
		],
		"dns-search": [
			
		],
		"neighbors": [
			
		]
	},
	"data": {
		
	}
}
LTOKCMQLWV 0
root@OpenWrt:~# echo 'ECVZ''TXKJFF'
ECVZTXKJFF
root@OpenWrt:~# MARKER='FAGY''ZWNTKJ' run 'ip -o addr show dev br-lan'
FAGYZWNTKJ4: br-lan    inet 192.168.1.1/24 brd 192.168.1.255 scope global br-lan\       valid_lft forever preferred_lft forever
4: br-lan    inet6 fd28:ddbf:ad80::1/60 scope global noprefixroute \       valid_lft forever preferred_lft forever
4: br-lan    inet6 fe80::5054:ff:fe12:3456/64 scope link \       valid_lft forever preferred_lft forever
FAGYZWNTKJ 0
root@OpenWrt:~# echo 'PTZB''WMWCEH'
PTZBWMWCEH
root@OpenWrt:~# MARKER='GQHW''JGFXHS' run 'ubus call network.interface.wan statu
s '"'"'{}'"'"''
GQHWJGFXHS{
	"up": true,
	"pending": false,
	"available": true,
	"autostart": true,
	"dynamic": false,
	"uptime": 9,
	"l3_device": "eth1",
	"proto": "dhcp",
	"device": "eth1",
	"updated": [
		"addresses",
		"routes",
		"data"
	],
	"metric": 0,
	"dns_metric": 0,
	"delegation": true,
	"ipv4-address": [
		{
			"address": "10.0.2.15",
			"mask": 24
		}
	],
	"ipv6-address": [
		
	],
	"ipv6-prefix": [
		
	],
	"ipv6-prefix-assignment": [
		
	],
	"route": [
		{
			"target": "0.0.0.0",
			"mask": 0,
			"nexthop": "10.0.2.2",
			"source": "10.0.2.15/32"
		}
	],
	"dns-server": [
		"10.0.2.3"
	],
	"dns-search": [
		
	],
	"neighbors": [
		
	],
	"inactive": {
		"ipv4-address": [
			
		],
		"ipv6-address": [
			
		],
		"route": [
			
		],
		"dns-server": [
			
		],
		"dns-search": [
			
		],
		"neighbors": [
			
		]
	},
	"data": {
		"dhcpserver": "10.0.2.2",
		"leasetime": 86400
	}
}
GQHWJGFXHS 0
root@OpenWrt:~# 