Labgrid Console Logfile for main
Logfile started at 2026-03-31 02:17:11.402605
=== Log starts here ===
c[?7l[2J[0mSeaBIOS (version 1.16.3-debian-1.16.3-2)


iPXE (https://ipxe.org) 00:03.0 CA00 PCI2.10 PnP PMM+06FCAE70+06F0AE70 CA00
Press Ctrl-B to configure iPXE (PCI 00:03.0)...                                                                               




iPXE (https://ipxe.org) 00:05.0 CB00 PCI2.10 PnP PMM 06FCAE70 06F0AE70 CB00
Press Ctrl-B to configure iPXE (PCI 00:05.0)...                                                                               


Booting from Hard Disk...
GRUB loading.....
[0;30;47mWelcome to GRUB![01;01H[0m[2J[H[J[1;1H[?25l[m[H[J[1;1H[2;30HGNU GRUB  version 2.12

[m[4;2H+----------------------------------------------------------------------------+[5;2H|[5;79H|[6;2H|[6;79H|[7;2H|[7;79H|[8;2H|[8;79H|[9;2H|[9;79H|[10;2H|[10;79H|[11;2H|[11;79H|[12;2H|[12;79H|[13;2H|[13;79H|[14;2H|[14;79H|[15;2H|[15;79H|[16;2H+----------------------------------------------------------------------------+[m[17;2H[18;2H[m     Use the ^ and v keys to select which entry is highlighted.          
      Press enter to boot the selected OS, `e' to edit the commands       
      before booting or `c' for a command-line. ESC to return             
      previous menu.                                                      [5;80H [7m[5;3H*OpenWrt                                                                    [m[5;78H[m[m[6;3H OpenWrt (failsafe)                                                         [m[6;78H[m[m[7;3H                                                                            [m[7;78H[m[m[8;3H                                                                            [m[8;78H[m[m[9;3H                                                                            [m[9;78H[m[m[10;3H                                                                            [m[10;78H[m[m[11;3H                                                                            [m[11;78H[m[m[12;3H                                                                            [m[12;78H[m[m[13;3H                                                                            [m[13;78H[m[m[14;3H                                                                            [m[14;78H[m[m[15;3H                                                                            [m[15;78H[m[15;80H [5;78H[2J[02;30HGNU GRUB  version 2.12[04;02H┌───────────────────────────────────────────[04;45H[04;46H─────────────────────────────────┐[05;02H│[05;79H│[06;02H│[06;79H│[07;02H│[07;79H│[08;02H│[08;79H│[09;02H│[09;79H│[10;02H│[10;79H│[11;02H│[11;79H│[12;02H│[12;79H│[13;02H│[13;79H│[14;02H│[14;79H│[15;02H│[15;79H│[16;02H│[16;79H│[17;02H└────────────────────────────────────────────────────────────────────────────┘[19;02H     Use the ↑ and ↓ keys to select which entry [19;49H[19;50His highlighted.          
      Press enter to boot the selected OS, `e' to edit the commands       
      before booting or `c' for a command-line. ESC to return             
      previous menu.                                                      [05;80H [05;03H[0;30;47m*OpenWrt                                                                    [06;03H[0m OpenWrt (failsafe)                                               [06;68H[06;69H          [07;03H                                                                            [08;03H                                                                            [09;03H                                                                            [10;03H                                                                            [11;03H                                                                            [12;03H                                                                            [13;03H                                                                            [14;03H                                                                            [15;03H                                                                            [16;03H                                                                            [16;80H 






   The highlighted[23;18H[23;19H entry will be executed automatically in 5s.                [22;1H   The highlighted entry will be executed automatically in 5s.                 [5;78H [05;78H

















   The highlighted entry will be executed automatically in 4s.                [22;1H   The highlighted entry will be executed automatically in 4s.                 [5;78H [05;78H

















   The highlighted entry will be executed automatically in 3s.                [22;1H   The highlighted entry will be executed automatically in 3s.                 [5;78H [05;78H

















   The highlighted entry will be executed automatically in 2s.                [22;1H   The highlighted entry will be executed automatically in 2s.                 [5;78H [05;78H

















   The highlighted entry will be executed automatically in 1s.                [22;1H   The highlighted entry will be executed automatically in 1s.                 [5;78H [05;78H

















   The hi[23;09H[23;10Hghlighted entry will be executed automatically in 0s.                [22;1H   The highlighted entry will be executed automatically in 0s.                 [5;78H [01;01H[2J[?25h[H[J[1;1H[H[J[1;1H[2J   Booting `OpenWrt' Booting `OpenWrt

'

[    0.000000] Linux version 6.6.127 (builder@buildhost) (x86_64-openwrt-linux-musl-gcc (OpenWrt GCC 13.3.0 r29143-214a657cfa) 13.3.0, GNU ld (GNU Binutils) 2.42) #0 SMP Tue Mar 17 22:48:43 2026
[    0.000000] Command line: BOOT_IMAGE=/boot/vmlinuz root=PARTUUID=b07fe921-02 rootwait console=tty1 console=ttyS0,115200n8 noinitrd
[    0.000000] BIOS-provided physical RAM map:
[    0.000000] BIOS-e820: [mem 0x0000000000000000-0x000000000009fbff] usable
[    0.000000] BIOS-e820: [mem 0x000000000009fc00-0x000000000009ffff] reserved
[    0.000000] BIOS-e820: [mem 0x00000000000f0000-0x00000000000fffff] reserved
[    0.000000] BIOS-e820: [mem 0x0000000000100000-0x0000000007fdcfff] usable
[    0.000000] BIOS-e820: [mem 0x0000000007fdd000-0x0000000007ffffff] reserved
[    0.000000] BIOS-e820: [mem 0x00000000fffc0000-0x00000000ffffffff] reserved
[    0.000000] BIOS-e820: [mem 0x000000fd00000000-0x000000ffffffffff] reserved
[    0.000000] NX (Execute Disable) protection: active
[    0.000000] APIC: Static calls initialized
[    0.000000] SMBIOS 3.0.0 present.
[    0.000000] DMI: QEMU Standard PC (i440FX + PIIX, 1996), BIOS 1.16.3-debian-1.16.3-2 04/01/2014
[    0.000000] tsc: Fast TSC calibration using PIT
[    0.000000] tsc: Detected 2793.380 MHz processor
[    0.007905] last_pfn = 0x7fdd max_arch_pfn = 0x400000000
[    0.008524] MTRR map: 4 entries (3 fixed + 1 variable; max 19), built from 8 variable MTRRs
[    0.008707] x86/PAT: Configuration [0-7]: WB  WC  UC- UC  WB  WP  UC- WT  
[    0.027967] found SMP MP-table at [mem 0x000f5460-0x000f546f]
[    0.029309] Using GB pages for direct mapping
[    0.032907] ACPI: Early table checksum verification disabled
[    0.033246] ACPI: RSDP 0x00000000000F5290 000014 (v00 BOCHS )
[    0.033550] ACPI: RSDT 0x0000000007FE1C64 000034 (v01 BOCHS  BXPC     00000001 BXPC 00000001)
[    0.034054] ACPI: FACP 0x0000000007FE1B18 000074 (v01 BOCHS  BXPC     00000001 BXPC 00000001)
[    0.034667] ACPI: DSDT 0x0000000007FE0040 001AD8 (v01 BOCHS  BXPC     00000001 BXPC 00000001)
[    0.034761] ACPI: FACS 0x0000000007FE0000 000040
[    0.034814] ACPI: APIC 0x0000000007FE1B8C 000078 (v03 BOCHS  BXPC     00000001 BXPC 00000001)
[    0.034843] ACPI: HPET 0x0000000007FE1C04 000038 (v01 BOCHS  BXPC     00000001 BXPC 00000001)
[    0.034867] ACPI: WAET 0x0000000007FE1C3C 000028 (v01 BOCHS  BXPC     00000001 BXPC 00000001)
[    0.034949] ACPI: Reserving FACP table memory at [mem 0x7fe1b18-0x7fe1b8b]
[    0.034998] ACPI: Reserving DSDT table memory at [mem 0x7fe0040-0x7fe1b17]
[    0.035007] ACPI: Reserving FACS table memory at [mem 0x7fe0000-0x7fe003f]
[    0.035013] ACPI: Reserving APIC table memory at [mem 0x7fe1b8c-0x7fe1c03]
[    0.035019] ACPI: Reserving HPET table memory at [mem 0x7fe1c04-0x7fe1c3b]
[    0.035024] ACPI: Reserving WAET table memory at [mem 0x7fe1c3c-0x7fe1c63]
[    0.038045] Zone ranges:
[    0.038084]   DMA      [mem 0x0000000000001000-0x0000000000ffffff]
[    0.038163]   DMA32    [mem 0x0000000001000000-0x0000000007fdcfff]
[    0.038183]   Normal   empty
[    0.038208] Movable zone start for each node
[    0.038236] Early memory node ranges
[    0.038265]   node   0: [mem 0x0000000000001000-0x000000000009efff]
[    0.038309]   node   0: [mem 0x0000000000100000-0x0000000007fdcfff]
[    0.038422] Initmem setup node 0 [mem 0x0000000000001000-0x0000000007fdcfff]
[    0.039266] On node 0, zone DMA: 1 pages in unavailable ranges
[    0.039617] On node 0, zone DMA: 97 pages in unavailable ranges
[    0.040709] On node 0, zone DMA32: 35 pages in unavailable ranges
[    0.041035] ACPI: PM-Timer IO Port: 0x608
[    0.041456] ACPI: LAPIC_NMI (acpi_id[0xff] dfl dfl lint[0x1])
[    0.041855] IOAPIC[0]: apic_id 0, version 32, address 0xfec00000, GSI 0-23
[    0.041968] ACPI: INT_SRC_OVR (bus 0 bus_irq 0 global_irq 2 dfl dfl)
[    0.042289] ACPI: INT_SRC_OVR (bus 0 bus_irq 5 global_irq 5 high level)
[    0.042373] ACPI: INT_SRC_OVR (bus 0 bus_irq 9 global_irq 9 high level)
[    0.042466] ACPI: INT_SRC_OVR (bus 0 bus_irq 10 global_irq 10 high level)
[    0.042477] ACPI: INT_SRC_OVR (bus 0 bus_irq 11 global_irq 11 high level)
[    0.042671] ACPI: Using ACPI (MADT) for SMP configuration information
[    0.042714] ACPI: HPET id: 0x8086a201 base: 0xfed00000
[    0.043070] smpboot: Allowing 1 CPUs, 0 hotplug CPUs
[    0.044142] [mem 0x08000000-0xfffbffff] available for PCI devices
[    0.044204] Booting paravirtualized kernel on bare hardware
[    0.044502] clocksource: refined-jiffies: mask: 0xffffffff max_cycles: 0xffffffff, max_idle_ns: 19112604462750000 ns
[    0.045100] setup_percpu: NR_CPUS:512 nr_cpumask_bits:1 nr_cpu_ids:1 nr_node_ids:1
[    0.046636] percpu: Embedded 48 pages/cpu s158248 r8192 d30168 u2097152
[    0.048877] Kernel command line: BOOT_IMAGE=/boot/vmlinuz root=PARTUUID=b07fe921-02 rootwait console=tty1 console=ttyS0,115200n8 noinitrd
[    0.050517] random: crng init done
[    0.054720] Dentry cache hash table entries: 16384 (order: 5, 131072 bytes, linear)
[    0.055552] Inode-cache hash table entries: 8192 (order: 4, 65536 bytes, linear)
[    0.058338] Built 1 zonelists, mobility grouping on.  Total pages: 31965
[    0.058563] mem auto-init: stack:off, heap alloc:off, heap free:off
[    0.062298] Memory: 102576K/130540K available (14336K kernel code, 1169K rwdata, 2296K rodata, 2452K init, 2408K bss, 27708K reserved, 0K cma-reserved)
[    0.068171] SLUB: HWalign=64, Order=0-3, MinObjects=0, CPUs=1, Nodes=1
[    0.075729] rcu: Hierarchical RCU implementation.
[    0.075761] rcu: 	RCU restricting CPUs from NR_CPUS=512 to nr_cpu_ids=1.
[    0.075874] 	Tracing variant of Tasks RCU enabled.
[    0.075959] rcu: RCU calculated value of scheduler-enlistment delay is 10 jiffies.
[    0.075986] rcu: Adjusting geometry for rcu_fanout_leaf=16, nr_cpu_ids=1
[    0.077103] NR_IRQS: 33024, nr_irqs: 256, preallocated irqs: 16
[    0.085842] rcu: srcu_init: Setting srcu_struct sizes based on contention.
[    0.092851] Console: colour VGA+ 80x25
[    0.093144] printk: console [tty1] enabled
[    0.100944] printk: console [ttyS0] enabled
[    0.328406] ACPI: Core revision 20230628
[    0.343525] clocksource: hpet: mask: 0xffffffff max_cycles: 0xffffffff, max_idle_ns: 19112604467 ns
[    0.348372] APIC: Switch to symmetric I/O mode setup
[    0.352745] ..TIMER: vector=0x30 apic1=0 pin1=2 apic2=-1 pin2=-1
[    0.395277] clocksource: tsc-early: mask: 0xffffffffffffffff max_cycles: 0x2843d33bddb, max_idle_ns: 440795340306 ns
[    0.395906] Calibrating delay loop (skipped), value calculated using timer frequency.. 5586.76 BogoMIPS (lpj=27933800)
[    0.397489] x86/cpu: User Mode Instruction Prevention (UMIP) activated
[    0.412378] Last level iTLB entries: 4KB 0, 2MB 0, 4MB 0
[    0.412750] Last level dTLB entries: 4KB 0, 2MB 0, 4MB 0, 1GB 0
[    0.415894] Spectre V1 : Mitigation: usercopy/swapgs barriers and __user pointer sanitization
[    0.416585] Spectre V2 : Mitigation: Retpolines
[    0.417615] Spectre V2 : Spectre v2 / SpectreRSB: Filling RSB on context switch and VMEXIT
[    0.418161] Speculative Store Bypass: Vulnerable
[    0.420588] x86/fpu: Supporting XSAVE feature 0x001: 'x87 floating point registers'
[    0.425056] x86/fpu: Supporting XSAVE feature 0x002: 'SSE registers'
[    0.427045] x86/fpu: Supporting XSAVE feature 0x004: 'AVX registers'
[    0.427254] x86/fpu: Supporting XSAVE feature 0x008: 'MPX bounds registers'
[    0.427444] x86/fpu: Supporting XSAVE feature 0x010: 'MPX CSR'
[    0.436152] x86/fpu: xstate_offset[2]:  576, xstate_sizes[2]:  256
[    0.436532] x86/fpu: xstate_offset[3]:  960, xstate_sizes[3]:   64
[    0.436739] x86/fpu: xstate_offset[4]: 1024, xstate_sizes[4]:   64
[    0.436929] x86/fpu: Enabled xstate features 0x1f, context size is 1088 bytes, using 'standard' format.
[    0.692183] Freeing SMP alternatives memory: 40K
[    0.693391] pid_max: default: 32768 minimum: 301
[    0.702655] Mount-cache hash table entries: 512 (order: 0, 4096 bytes, linear)
[    0.703012] Mountpoint-cache hash table entries: 512 (order: 0, 4096 bytes, linear)
[    0.851887] smpboot: CPU0: AMD QEMU TCG CPU version 2.5+ (family: 0x6, model: 0x6, stepping: 0x3)
[    0.855818] RCU Tasks Trace: Setting shift to 0 and lim to 1 rcu_task_cb_adjust=1 rcu_task_cpu_ids=1.
[    0.855818] Performance Events: PMU not available due to virtualization, using software events only.
[    0.856752] signal: max sigframe size: 1616
[    0.859030] rcu: Hierarchical SRCU implementation.
[    0.859222] rcu: 	Max phase no-delay instances is 1000.
[    0.862162] smp: Bringing up secondary CPUs ...
[    0.864066] smp: Brought up 1 node, 1 CPU
[    0.867558] smpboot: Max logical packages: 1
[    0.867790] smpboot: Total of 1 processors activated (5586.76 BogoMIPS)
[    0.885068] clocksource: jiffies: mask: 0xffffffff max_cycles: 0xffffffff, max_idle_ns: 19112604462750000 ns
[    0.885952] futex hash table entries: 256 (order: 2, 16384 bytes, linear)
[    0.886954] pinctrl core: initialized pinctrl subsystem
[    0.903650] NET: Registered PF_NETLINK/PF_ROUTE protocol family
[    0.910576] thermal_sys: Registered thermal governor 'step_wise'
[    0.910612] thermal_sys: Registered thermal governor 'user_space'
[    0.911414] cpuidle: using governor ladder
[    0.911833] cpuidle: using governor menu
[    0.915391] acpiphp: ACPI Hot Plug PCI Controller Driver version: 0.5
[    0.918115] PCI: Using configuration type 1 for base access
[    0.926936] cryptd: max_cpu_qlen set to 1000
[    0.931611] ACPI: Added _OSI(Module Device)
[    0.931776] ACPI: Added _OSI(Processor Device)
[    0.931909] ACPI: Added _OSI(Processor Aggregator Device)
[    0.946097] ACPI: 1 ACPI AML tables successfully acquired and loaded
[    0.960154] ACPI: _OSC evaluation for CPUs failed, trying _PDC
[    0.962108] ACPI: Interpreter enabled
[    0.962813] ACPI: PM: (supports S0 S5)
[    0.962986] ACPI: Using IOAPIC for interrupt routing
[    0.963528] PCI: Using host bridge windows from ACPI; if necessary, use "pci=nocrs" and report a bug
[    0.966087] PCI: Using E820 reservations for host bridge windows
[    0.967849] ACPI: Enabled 2 GPEs in block 00 to 0F
[    1.002042] ACPI: PCI Root Bridge [PCI0] (domain 0000 [bus 00-ff])
[    1.002890] acpi PNP0A03:00: _OSC: OS supports [ASPM ClockPM Segments MSI HPX-Type3]
[    1.003302] acpi PNP0A03:00: _OSC: not requesting OS control; OS requires [ExtendedConfig ASPM ClockPM MSI]
[    1.004056] acpi PNP0A03:00: fail to add MMCONFIG information, can't access extended configuration space under this bridge
[    1.017850] acpiphp: Slot [3] registered
[    1.018416] acpiphp: Slot [4] registered
[    1.018674] acpiphp: Slot [5] registered
[    1.018885] acpiphp: Slot [6] registered
[    1.023804] acpiphp: Slot [7] registered
[    1.024179] acpiphp: Slot [8] registered
[    1.024434] acpiphp: Slot [9] registered
[    1.024645] acpiphp: Slot [10] registered
[    1.024844] acpiphp: Slot [11] registered
[    1.025050] acpiphp: Slot [12] registered
[    1.035971] acpiphp: Slot [13] registered
[    1.036196] acpiphp: Slot [14] registered
[    1.036403] acpiphp: Slot [15] registered
[    1.036605] acpiphp: Slot [16] registered
[    1.036806] acpiphp: Slot [17] registered
[    1.037024] acpiphp: Slot [18] registered
[    1.045209] acpiphp: Slot [19] registered
[    1.045933] acpiphp: Slot [20] registered
[    1.046187] acpiphp: Slot [21] registered
[    1.046441] acpiphp: Slot [22] registered
[    1.046647] acpiphp: Slot [23] registered
[    1.046859] acpiphp: Slot [24] registered
[    1.047062] acpiphp: Slot [25] registered
[    1.056142] acpiphp: Slot [26] registered
[    1.056489] acpiphp: Slot [27] registered
[    1.056714] acpiphp: Slot [28] registered
[    1.056968] acpiphp: Slot [29] registered
[    1.057174] acpiphp: Slot [30] registered
[    1.057378] acpiphp: Slot [31] registered
[    1.066358] PCI host bridge to bus 0000:00
[    1.066683] pci_bus 0000:00: root bus resource [io  0x0000-0x0cf7 window]
[    1.067028] pci_bus 0000:00: root bus resource [io  0x0d00-0xffff window]
[    1.067204] pci_bus 0000:00: root bus resource [mem 0x000a0000-0x000bffff window]
[    1.076027] pci_bus 0000:00: root bus resource [mem 0x08000000-0xfebfffff window]
[    1.076340] pci_bus 0000:00: root bus resource [mem 0x100000000-0x17fffffff window]
[    1.076721] pci_bus 0000:00: root bus resource [bus 00-ff]
[    1.078156] pci 0000:00:00.0: [8086:1237] type 00 class 0x060000
[    1.089665] pci 0000:00:01.0: [8086:7000] type 00 class 0x060100
[    1.090464] pci 0000:00:01.1: [8086:7010] type 00 class 0x010180
[    1.095948] pci 0000:00:01.1: reg 0x20: [io  0xc0e0-0xc0ef]
[    1.096997] pci 0000:00:01.1: legacy IDE quirk: reg 0x10: [io  0x01f0-0x01f7]
[    1.099920] pci 0000:00:01.1: legacy IDE quirk: reg 0x14: [io  0x03f6]
[    1.100236] pci 0000:00:01.1: legacy IDE quirk: reg 0x18: [io  0x0170-0x0177]
[    1.100467] pci 0000:00:01.1: legacy IDE quirk: reg 0x1c: [io  0x0376]
[    1.106870] pci 0000:00:01.3: [8086:7113] type 00 class 0x068000
[    1.107397] pci 0000:00:01.3: quirk: [io  0x0600-0x063f] claimed by PIIX4 ACPI
[    1.107632] pci 0000:00:01.3: quirk: [io  0x0700-0x070f] claimed by PIIX4 SMB
[    1.108353] pci 0000:00:02.0: [1234:1111] type 00 class 0x030000
[    1.116507] pci 0000:00:02.0: reg 0x10: [mem 0xfd000000-0xfdffffff pref]
[    1.117833] pci 0000:00:02.0: reg 0x18: [mem 0xfeb90000-0xfeb90fff]
[    1.126042] pci 0000:00:02.0: reg 0x30: [mem 0xfeb80000-0xfeb8ffff pref]
[    1.126685] pci 0000:00:02.0: Video device with shadowed ROM at [mem 0x000c0000-0x000dffff]
[    1.132782] pci 0000:00:03.0: [1af4:1000] type 00 class 0x020000
[    1.133509] pci 0000:00:03.0: reg 0x10: [io  0xc080-0xc09f]
[    1.136723] pci 0000:00:03.0: reg 0x20: [mem 0xfe000000-0xfe003fff 64bit pref]
[    1.143193] pci 0000:00:03.0: reg 0x30: [mem 0xfea80000-0xfeafffff pref]
[    1.148441] pci 0000:00:04.0: [1af4:1005] type 00 class 0x00ff00
[    1.149859] pci 0000:00:04.0: reg 0x10: [io  0xc0a0-0xc0bf]
[    1.150693] pci 0000:00:04.0: reg 0x14: [mem 0xfeb91000-0xfeb91fff]
[    1.155841] pci 0000:00:04.0: reg 0x20: [mem 0xfe004000-0xfe007fff 64bit pref]
[    1.160790] pci 0000:00:05.0: [1af4:1000] type 00 class 0x020000
[    1.162899] pci 0000:00:05.0: reg 0x10: [io  0xc0c0-0xc0df]
[    1.164183] pci 0000:00:05.0: reg 0x14: [mem 0xfeb92000-0xfeb92fff]
[    1.166153] pci 0000:00:05.0: reg 0x20: [mem 0xfe008000-0xfe00bfff 64bit pref]
[    1.167014] pci 0000:00:05.0: reg 0x30: [mem 0xfeb00000-0xfeb7ffff pref]
[    1.170779] pci 0000:00:06.0: [1af4:1001] type 00 class 0x010000
[    1.175839] pci 0000:00:06.0: reg 0x10: [io  0xc000-0xc07f]
[    1.176611] pci 0000:00:06.0: reg 0x14: [mem 0xfeb93000-0xfeb93fff]
[    1.178503] pci 0000:00:06.0: reg 0x20: [mem 0xfe00c000-0xfe00ffff 64bit pref]
[    1.187653] ACPI: PCI: Interrupt link LNKA configured for IRQ 10
[    1.188455] ACPI: PCI: Interrupt link LNKB configured for IRQ 10
[    1.189051] ACPI: PCI: Interrupt link LNKC configured for IRQ 11
[    1.189618] ACPI: PCI: Interrupt link LNKD configured for IRQ 11
[    1.190002] ACPI: PCI: Interrupt link LNKS configured for IRQ 9
[    1.199933] iommu: Default domain type: Translated
[    1.200117] iommu: DMA domain TLB invalidation policy: lazy mode
[    1.202149] SCSI subsystem initialized
[    1.206787] ACPI: bus type USB registered
[    1.207246] usbcore: registered new interface driver usbfs
[    1.209906] usbcore: registered new interface driver hub
[    1.210256] usbcore: registered new device driver usb
[    1.210796] pps_core: LinuxPPS API ver. 1 registered
[    1.210955] pps_core: Software ver. 5.3.6 - Copyright 2005-2007 Rodolfo Giometti <giometti@linux.it>
[    1.216106] PTP clock support registered
[    1.233279] PCI: Using ACPI for IRQ routing
[    1.236360] hpet0: at MMIO 0xfed00000, IRQs 2, 8, 0
[    1.236621] hpet0: 3 comparators, 64-bit 100.000000 MHz counter
[    1.241812] clocksource: Switched to clocksource tsc-early
[    1.244114] pnp: PnP ACPI init
[    1.244114] pnp: PnP ACPI: found 6 devices
[    1.256437] clocksource: acpi_pm: mask: 0xffffff max_cycles: 0xffffff, max_idle_ns: 2085701024 ns
[    1.257311] NET: Registered PF_INET protocol family
[    1.258438] IP idents hash table entries: 2048 (order: 2, 16384 bytes, linear)
[    1.263697] tcp_listen_portaddr_hash hash table entries: 256 (order: 0, 4096 bytes, linear)
[    1.267263] Table-perturb hash table entries: 65536 (order: 6, 262144 bytes, linear)
[    1.267555] TCP established hash table entries: 1024 (order: 1, 8192 bytes, linear)
[    1.267953] TCP bind hash table entries: 1024 (order: 3, 32768 bytes, linear)
[    1.278050] TCP: Hash tables configured (established 1024 bind 1024)
[    1.280198] MPTCP token hash table entries: 256 (order: 1, 6144 bytes, linear)
[    1.280781] UDP hash table entries: 256 (order: 1, 8192 bytes, linear)
[    1.281219] UDP-Lite hash table entries: 256 (order: 1, 8192 bytes, linear)
[    1.289938] NET: Registered PF_UNIX/PF_LOCAL protocol family
[    1.291192] pci_bus 0000:00: resource 4 [io  0x0000-0x0cf7 window]
[    1.291393] pci_bus 0000:00: resource 5 [io  0x0d00-0xffff window]
[    1.291555] pci_bus 0000:00: resource 6 [mem 0x000a0000-0x000bffff window]
[    1.299345] pci_bus 0000:00: resource 7 [mem 0x08000000-0xfebfffff window]
[    1.299608] pci_bus 0000:00: resource 8 [mem 0x100000000-0x17fffffff window]
[    1.300577] pci 0000:00:01.0: PIIX3: Enabling Passive Release
[    1.310232] pci 0000:00:00.0: Limiting direct PCI/PCI transfers
[    1.310649] PCI: CLS 0 bytes, default 64
[    1.342320] workingset: timestamp_bits=46 max_order=15 bucket_order=0
[    1.344374] squashfs: version 4.0 (2009/01/31) Phillip Lougher
[    1.347442] Block layer SCSI generic (bsg) driver version 0.4 loaded (major 247)
[    1.351175] hv_vmbus: registering driver hyperv_fb
[    1.356269] input: Power Button as /devices/LNXSYSTM:00/LNXPWRBN:00/input/input0
[    1.369276] ACPI: button: Power Button [PWRF]
[    1.543684] ACPI: \_SB_.LNKC: Enabled at IRQ 11
[    1.710668] ACPI: \_SB_.LNKD: Enabled at IRQ 10
[    1.877035] ACPI: \_SB_.LNKA: Enabled at IRQ 10
[    2.041169] ACPI: \_SB_.LNKB: Enabled at IRQ 11
[    2.042990] Serial: 8250/16550 driver, 16 ports, IRQ sharing enabled
[    2.067261] 00:04: ttyS0 at I/O 0x3f8 (irq = 4, base_baud = 115200) is a 16550A
[    2.106474] Non-volatile memory driver v1.3
[    2.118295] Linux agpgart interface v0.103
[    2.119115] AMD-Vi: AMD IOMMUv2 functionality not available on this system - This is not a bug.
[    2.119831] ACPI: bus type drm_connector registered
[    2.122153] [drm] Found bochs VGA, ID 0xb0c5.
[    2.122326] [drm] Framebuffer size 16384 kB @ 0xfd000000, mmio @ 0xfeb90000.
[    2.135917] [drm] Found EDID data blob.
[    2.141350] [drm] Initialized bochs-drm 1.0.0 20130925 for 0000:00:02.0 on minor 0
[    2.200511] Console: switching to colour frame buffer device 160x50
[    2.208708] bochs-drm 0000:00:02.0: [drm] fb0: bochs-drmdrmfb frame buffer device
[    2.243138] loop: module loaded
[    2.243884] virtio_blk virtio3: 1/0/0 default/read/poll queues
[    2.248008] virtio_blk virtio3: [vda] 246784 512-byte logical blocks (126 MB/121 MiB)
[    2.257455]  vda: vda1 vda2
[    2.261448] Guest personality initialized and is inactive
[    2.262014] VMCI host device registered (name=vmci, major=10, minor=256)
[    2.262229] Initialized host personality
[    2.263065] VMware PVSCSI driver - version 1.0.7.0-k
[    2.263353] hv_vmbus: registering driver hv_storvsc
[    2.288416] scsi host0: ata_piix
[    2.291497] scsi host1: ata_piix
[    2.292556] ata1: PATA max MWDMA2 cmd 0x1f0 ctl 0x3f6 bmdma 0xc0e0 irq 14
[    2.292807] ata2: PATA max MWDMA2 cmd 0x170 ctl 0x376 bmdma 0xc0e8 irq 15
[    2.303111] VMware vmxnet3 virtual NIC driver - version 1.7.0.0-k-NAPI
[    2.303686] hv_vmbus: registering driver hv_netvsc
[    2.304060] Fusion MPT base driver 3.04.20
[    2.304193] Copyright (c) 1999-2008 LSI Corporation
[    2.304526] Fusion MPT SPI Host driver 3.04.20
[    2.314077] Fusion MPT SAS Host driver 3.04.20
[    2.316156] usbcore: registered new interface driver usb-storage
[    2.317351] i8042: PNP: PS/2 Controller [PNP0303:KBD,PNP0f13:MOU] at 0x60,0x64 irq 1,12
[    2.320589] serio: i8042 KBD port at 0x60,0x64 irq 1
[    2.320968] serio: i8042 AUX port at 0x60,0x64 irq 12
[    2.324831] hv_vmbus: registering driver hyperv_keyboard
[    2.328368] rtc_cmos 00:05: RTC can wake from S4
[    2.333417] rtc_cmos 00:05: registered as rtc0
[    2.336059] rtc_cmos 00:05: setting system clock to 2026-03-31T02:17:22 UTC (1774923442)
[    2.338387] rtc_cmos 00:05: alarms up to one day, y3k, 242 bytes nvram, hpet irqs
[    2.341155] amd_pstate: the _CPC object is not present in SBIOS or ACPI disabled
[    2.343252] sdhci: Secure Digital Host Controller Interface driver
[    2.348856] sdhci: Copyright(c) Pierre Ossman
[    2.357906] input: AT Translated Set 2 keyboard as /devices/platform/i8042/serio0/input/input1
[    2.362088] tsc: Refined TSC clocksource calibration: 2793.439 MHz
[    2.364385] clocksource: tsc: mask: 0xffffffffffffffff max_cycles: 0x28440b0b922, max_idle_ns: 440795344767 ns
[    2.373822] clocksource: Switched to clocksource tsc
[    2.397953] hid: raw HID events driver (C) Jiri Kosina
[    2.400453] hv_vmbus: registering driver hid_hyperv
[    2.403044] usbcore: registered new interface driver usbhid
[    2.404913] usbhid: USB HID core driver
[    2.406924] hv_utils: Registering HyperV Utility Driver
[    2.410483] hv_vmbus: registering driver hv_utils
[    2.412318] hv_vmbus: registering driver hv_balloon
[    2.415498] NET: Registered PF_INET6 protocol family
[    2.432149] Segment Routing with IPv6
[    2.434191] In-situ OAM (IOAM) with IPv6
[    2.436437] NET: Registered PF_PACKET protocol family
[    2.438764] bridge: filtering via arp/ip/ip6tables is no longer available by default. Update your scripts to load br_netfilter if you need this.
[    2.448555] 8021q: 802.1Q VLAN Support v1.8
[    2.451079] NET: Registered PF_VSOCK protocol family
[    2.460101] IPI shorthand broadcast: enabled
[    2.462103] AVX2 version of gcm_enc/dec engaged.
[    2.468182] AES CTR mode by8 optimization enabled
[    2.485993] sched_clock: Marking stable (2230110070, 249468301)->(2529872956, -50294585)
[    2.549766] ata2: found unknown device (class 0)
[    2.611100] ata2.00: ATAPI: QEMU DVD-ROM, 2.5+, max UDMA/100
[    2.626859] scsi 1:0:0:0: CD-ROM            QEMU     QEMU DVD-ROM     2.5+ PQ: 0 ANSI: 5
[    2.631137] clk: Disabling unused clocks
[    2.701297] sr 1:0:0:0: [sr0] scsi3-mmc drive: 4x/4x cd/rw xa/form2 tray
[    2.703661] cdrom: Uniform CD-ROM driver Revision: 3.20
[    2.749942] VFS: Mounted root (squashfs filesystem) readonly on device 254:2.
[    2.810324] Freeing unused kernel image (initmem) memory: 2452K
[    2.812762] Write protecting the kernel read-only data: 18432k
[    2.817077] Freeing unused kernel image (rodata/data gap) memory: 1800K
[    2.819436] Run /sbin/init as init process
[    3.096590] init: Console is alive
[    3.654080] kmodloader: loading kernel modules from /etc/modules-boot.d/*
[    3.711326] button_hotplug: loading out-of-tree module taints kernel.
[    3.717971] Button Hotplug driver version 0.4.1
[    3.739724] Intel(R) 2.5G Ethernet Linux Driver
[    3.741878] Copyright(c) 2018 Intel Corporation.
[    3.757207] igb: Intel(R) Gigabit Ethernet Network Driver
[    3.759333] igb: Copyright (c) 2007-2014 Intel Corporation.
[    3.773612] kmodloader: done loading kernel modules from /etc/modules-boot.d/*
[    3.785772] init: - preinit -
[    4.704081] 8021q: adding VLAN 0 to HW filter on device eth0
Press the [f] key and hit [enter] to enter failsafe mode
Press the [1], [2], [3] or [4] key and hit [enter] to select the debug level
[    9.383811] loop0: detected capacity change from 0 to 212992
[    9.439813] loop0: detected capacity change from 212992 to 201216
[    9.453132] mount_root: overlay filesystem in /dev/loop0 has not been formatted yet
[    9.806894] EXT4-fs (loop0): mounted filesystem 16417eb5-b630-4434-8452-66c5abe3951d r/w with ordered data mode. Quota mode: disabled.
[    9.820666] mount_root: overlay filesystem has not been fully initialized yet
[    9.838129] mount_root: switching to ext4 overlay
[    9.859316] overlayfs: null uuid detected in lower fs '/', falling back to xino=off,index=off,nfs_export=off.
[   10.587420] EXT4-fs (vda1): mounted filesystem 84173db5-fa99-e35a-95c6-28613cc79ea9 r/w without journal. Quota mode: disabled.
[   10.611794] urandom-seed: Seed file not found (/etc/urandom.seed)
[   10.752046] procd: - early -
[   11.528169] procd: - ubus -
[   11.717504] procd: - init -
Please press Enter to activate this console.
root
login[999]: root login on 'ttyS0'


BusyBox v1.36.1 (2026-03-17 22:48:43 UTC) built-in shell (ash)

  _______                     ________        __
 |       |.-----.-----.-----.|  |  |  |.----.|  |_
 |   -   ||  _  |  -__|     ||  |  |  ||   _||   _|
 |_______||   __|_____|__|__||________||__|  |____|
          |__| W I R E L E S S   F R E E D O M
 -----------------------------------------------------
 OpenWrt 24.10-SNAPSHOT, r29143-214a657cfa
 -----------------------------------------------------
=== WARNING! =====================================
There is no root password defined on this device!
Use the "passwd" command to set up a new password
in order to prevent unauthorized SSH logins.
--------------------------------------------------
root@(none):~# dmesg -n 1
root@(none):~# echo 'QAAY''JLLJLT'
QAAYJLLJLT
root@(none):~# run() { echo -n "$MARKER"; sh -c "$@"; echo "$MARKER $?"; }
root@(none):~# echo 'GMZU''YFGTMA'
GMZUYFGTMA
root@(none):~# MARKER='LGXJ''TQMJNQ' run 'ubus wait_for network.interface.lan'
LGXJTQMJNQLGXJTQMJNQ 0
root@OpenWrt:~# echo 'HQSN''OTXNOW'
HQSNOTXNOW
root@OpenWrt:~# MARKER='XCQS''MHYXCC' run 'ubus call network.interface.lan statu
s '"'"'{}'"'"''
XCQSMHYXCC{
	"up": true,
	"pending": false,
	"available": true,
	"autostart": true,
	"dynamic": false,
	"uptime": 0,
	"l3_device": "br-lan",
	"proto": "static",
	"device": "br-lan",
	"updated": [
		"addresses"
	],
	"metric": 0,
	"dns_metric": 0,
	"delegation": true,
	"ipv4-address": [
		{
			"address": "192.168.1.1",
			"mask": 24
		}
	],
	"ipv6-address": [
		
	],
	"ipv6-prefix": [
		
	],
	"ipv6-prefix-assignment": [
		{
			"address": "fd6b:c0ff:48b9::",
			"mask": 60,
			"local-address": {
				"address": "fd6b:c0ff:48b9::1",
				"mask": 60
			}
		}
	],
	"route": [
		
	],
	"dns-server": [
		
	],
	"dns-search": [
		
	],
	"neighbors": [
		
	],
	"inactive": {
		"ipv4-address": [
			
		],
		"ipv6-address": [
			
		],
		"route": [
			
		],
		"dns-server": [
			
		],
		"dns-search": [
			
		],
		"neighbors": [
			
		]
	},
	"data": {
		
	}
}
XCQSMHYXCC 0
root@OpenWrt:~# echo 'LYZB''AYQCYU'
LYZBAYQCYU
root@OpenWrt:~# MARKER='VVSN''WQHCGW' run true
VVSNWQHCGWVVSNWQHCGW 0
root@OpenWrt:~# echo 'HWEF''SSEFGX'
HWEFSSEFGX
root@OpenWrt:~# MARKER='LKXJ''AOXGOG' run 'source /etc/os-release; echo $BUILD_I
D'
LKXJAOXGOGr29143-214a657cfa
LKXJAOXGOG 0
root@OpenWrt:~# echo 'QUFF''CCSUAJ'
QUFFCCSUAJ
root@OpenWrt:~# MARKER='NXHC''GVAQHG' run 'ls /etc/dropbear/dropbear_rsa_host_ke
y'
NXHCGVAQHG[0;0m/etc/dropbear/dropbear_rsa_host_key[m
NXHCGVAQHG 0
root@OpenWrt:~# echo 'QSEZ''YZHCEN'
QSEZYZHCEN
root@OpenWrt:~# MARKER='YVKM''UQHKMV' run 'netstat -tlpn | grep 0.0.0.0:22'
YVKMUQHKMVnetstat: showing only processes with your user ID
tcp        0      0 0.0.0.0:22              0.0.0.0:*               LISTEN      1740/dropbear
YVKMUQHKMV 0
root@OpenWrt:~# echo 'HMQV''PBLHEG'
HMQVPBLHEG
root@OpenWrt:~# MARKER='AXYK''YQNSCC' run 'dmesg | grep br-lan | grep forwarding
'
AXYKYQNSCC[   29.700801] br-lan: port 1(eth0) entered forwarding state
AXYKYQNSCC 0
root@OpenWrt:~# echo 'EUKJ''GGHHWC'
EUKJGGHHWC
root@OpenWrt:~# MARKER='FQTF''JKPEKS' run 'ubus call network.interface.lan statu
s '"'"'{}'"'"''
FQTFJKPEKS{
	"up": true,
	"pending": false,
	"available": true,
	"autostart": true,
	"dynamic": false,
	"uptime": 8,
	"l3_device": "br-lan",
	"proto": "static",
	"device": "br-lan",
	"updated": [
		"addresses"
	],
	"metric": 0,
	"dns_metric": 0,
	"delegation": true,
	"ipv4-address": [
		{
			"address": "192.168.1.1",
			"mask": 24
		}
	],
	"ipv6-address": [
		
	],
	"ipv6-prefix": [
		
	],
	"ipv6-prefix-assignment": [
		{
			"address": "fd6b:c0ff:48b9::",
			"mask": 60,
			"local-address": {
				"address": "fd6b:c0ff:48b9::1",
				"mask": 60
			}
		}
	],
	"route": [
		
	],
	"dns-server": [
		
	],
	"dns-search": [
		
	],
	"neighbors": [
		
	],
	"inactive": {
		"ipv4-address": [
			
		],
		"ipv6-address": [
			
		],
		"route": [
			
		],
		"dns-server": [
			
		],
		"dns-search": [
			
		],
		"neighbors": [
			
		]
	},
	"data": {
		
	}
}
FQTFJKPEKS 0
root@OpenWrt:~# echo 'SKPS''NEPGLM'
SKPSNEPGLM
root@OpenWrt:~# MARKER='BHAL''LXJGWB' run 'ip -o addr show dev br-lan'
BHALLXJGWB4: br-lan    inet 192.168.1.1/24 brd 192.168.1.255 scope global br-lan\       valid_lft forever preferred_lft forever
4: br-lan    inet6 fd6b:c0ff:48b9::1/60 scope global noprefixroute \       valid_lft forever preferred_lft forever
4: br-lan    inet6 fe80::5054:ff:fe12:3456/64 scope link \       valid_lft forever preferred_lft forever
BHALLXJGWB 0
root@OpenWrt:~# echo 'FMFZ''GFYUBO'
FMFZGFYUBO
root@OpenWrt:~# MARKER='MZOZ''YGMATS' run 'ubus call network.interface.wan statu
s '"'"'{}'"'"''
MZOZYGMATS{
	"up": true,
	"pending": false,
	"available": true,
	"autostart": true,
	"dynamic": false,
	"uptime": 8,
	"l3_device": "eth1",
	"proto": "dhcp",
	"device": "eth1",
	"updated": [
		"addresses",
		"routes",
		"data"
	],
	"metric": 0,
	"dns_metric": 0,
	"delegation": true,
	"ipv4-address": [
		{
			"address": "10.0.2.15",
			"mask": 24
		}
	],
	"ipv6-address": [
		
	],
	"ipv6-prefix": [
		
	],
	"ipv6-prefix-assignment": [
		
	],
	"route": [
		{
			"target": "0.0.0.0",
			"mask": 0,
			"nexthop": "10.0.2.2",
			"source": "10.0.2.15/32"
		}
	],
	"dns-server": [
		"10.0.2.3"
	],
	"dns-search": [
		
	],
	"neighbors": [
		
	],
	"inactive": {
		"ipv4-address": [
			
		],
		"ipv6-address": [
			
		],
		"route": [
			
		],
		"dns-server": [
			
		],
		"dns-search": [
			
		],
		"neighbors": [
			
		]
	},
	"data": {
		"dhcpserver": "10.0.2.2",
		"leasetime": 86400
	}
}
MZOZYGMATS 0
root@OpenWrt:~# 