Labgrid Console Logfile for main
Logfile started at 2026-04-08 01:50:00.759700
=== Log starts here ===
c[?7l[2J[0mSeaBIOS (version 1.16.3-debian-1.16.3-2)


iPXE (https://ipxe.org) 00:03.0 CA00 PCI2.10 PnP PMM+06FCAE70+06F0AE70 CA00
Press Ctrl-B to configure iPXE (PCI 00:03.0)...                                                                               




iPXE (https://ipxe.org) 00:05.0 CB00 PCI2.10 PnP PMM 06FCAE70 06F0AE70 CB00
Press Ctrl-B to configure iPXE (PCI 00:05.0)...                                                                               


Booting from Hard Disk...
GRUB loading.....
[0;30;47mWelcome to GRUB![01;01H[0m[2J[H[J[1;1H[?25l[m[H[J[1;1H[2;30HGNU GRUB  version 2.12

[m[4;2H+----------------------------------------------------------------------------+[5;2H|[5;79H|[6;2H|[6;79H|[7;2H|[7;79H|[8;2H|[8;79H|[9;2H|[9;79H|[10;2H|[10;79H|[11;2H|[11;79H|[12;2H|[12;79H|[13;2H|[13;79H|[14;2H|[14;79H|[15;2H|[15;79H|[16;2H+----------------------------------------------------------------------------+[m[17;2H[18;2H[m     Use the ^ and v keys to select which entry is highlighted.          
      Press enter to boot the selected OS, `e' to edit the commands       
      before booting or `c' for a command-line. ESC to return             
      previous menu.                                                      [5;80H [7m[5;3H*OpenWrt                                                                    [m[5;78H[m[m[6;3H OpenWrt (failsafe)                                                         [m[6;78H[m[m[7;3H                                                                            [m[7;78H[m[m[8;3H                                                                            [m[8;78H[m[m[9;3H                                                                            [m[9;78H[m[m[10;3H                                                                            [m[10;78H[m[m[11;3H                                                                            [m[11;78H[m[m[12;3H                                                                            [m[12;78H[m[m[13;3H                                                                            [m[13;78H[m[m[14;3H                                                                            [m[14;78H[m[m[15;3H                                                                            [m[15;78H[m[15;80H [5;78H[2J[02;30HGNU GRUB  version 2.12[04;02H┌────────────────────────────────────────────────────────────────────────────┐[05;02H│[05;79H│[06;02H│[06;79H│[07;02H│[07;79H│[08;02H│[08;79H│[09;02H│[09;79H│[10;02H│[10;79H│[11;02H│[11;79H│[12;02H│[12;79H│[13;02H│[13;79H│[14;02H│[14;79H│[15;02H│[15;79H│[16;02H│[16;79H│[17;02H└────────────────────────────────────────────────────────────────────────────┘[19;02H     Use the ↑ and ↓ keys to select which entry is highlighted.          
      Press enter to boot the selected OS, `e' to edit the commands       
      before booting or `c' for a command-line. ESC to return             
      previous menu.                                                      [05;80H [05;03H[0;30;47m*OpenWrt                                                                    [06;03H[0m OpenWrt (failsafe)                                                         [07;03H                                                                            [08;03H                                                                            [09;03H                                         [09;43H[09;44H                                   [10;03H                                                                            [11;03H                                               [11;49H[11;50H                             [12;03H                                                                            [13;03H                                                     [13;55H[13;56H                       [14;03H                                                                            [15;03H                                                          [15;60H[15;61H                  [16;03H                                                                            [16;80H 






   The highlighted entry will be executed automatically in 5s.                [22;1H   The highlighted entry will be executed automatically in 5s.                 [5;78H [05;78H

















   The highlighted entry will be executed automatically in 4s.                [22;1H   The highlighted entry will be executed automatically in 4s.                 [5;78H [05;78H

















   The highlighted entry will be executed automatically in 3s.                [22;1H   The highlighted entry will be executed automatically in 3s.                 [5;78H [05;78H

















   The highlighted entry will be executed automatically in 2s.                [22;1H   The highlighted entry will be executed automatically in 2s.                 [5;78H [05;78H

















   The highlighted entry will be executed automatically in 1s.              [23;76H[23;77H  [22;1H   The highlighted entry will be executed automatically in 1s.                 [5;78H [05;78H

















   The highlighted entry will be executed automatically in 0s.                [22;1H   The highlighted entry will be executed automatically in 0s.                 [5;78H [01;01H[2J[?25h[H[J[1;1H[H[J[1;1H[2J   Booting `OpenWrt' Booting `OpenWrt

'

[    0.000000] Linux version 6.6.129 (builder@buildhost) (x86_64-openwrt-linux-musl-gcc (OpenWrt GCC 13.3.0 r29148-beaf298c4c) 13.3.0, GNU ld (GNU Binutils) 2.42) #0 SMP Tue Apr  7 12:15:08 2026
[    0.000000] Command line: BOOT_IMAGE=/boot/vmlinuz root=PARTUUID=6d2eb9b7-02 rootwait console=tty1 console=ttyS0,115200n8 noinitrd
[    0.000000] BIOS-provided physical RAM map:
[    0.000000] BIOS-e820: [mem 0x0000000000000000-0x000000000009fbff] usable
[    0.000000] BIOS-e820: [mem 0x000000000009fc00-0x000000000009ffff] reserved
[    0.000000] BIOS-e820: [mem 0x00000000000f0000-0x00000000000fffff] reserved
[    0.000000] BIOS-e820: [mem 0x0000000000100000-0x0000000007fdcfff] usable
[    0.000000] BIOS-e820: [mem 0x0000000007fdd000-0x0000000007ffffff] reserved
[    0.000000] BIOS-e820: [mem 0x00000000fffc0000-0x00000000ffffffff] reserved
[    0.000000] BIOS-e820: [mem 0x000000fd00000000-0x000000ffffffffff] reserved
[    0.000000] NX (Execute Disable) protection: active
[    0.000000] APIC: Static calls initialized
[    0.000000] SMBIOS 3.0.0 present.
[    0.000000] DMI: QEMU Standard PC (i440FX + PIIX, 1996), BIOS 1.16.3-debian-1.16.3-2 04/01/2014
[    0.000000] tsc: Fast TSC calibration using PIT
[    0.000000] tsc: Detected 2596.088 MHz processor
[    0.009262] last_pfn = 0x7fdd max_arch_pfn = 0x400000000
[    0.009901] MTRR map: 4 entries (3 fixed + 1 variable; max 19), built from 8 variable MTRRs
[    0.010084] x86/PAT: Configuration [0-7]: WB  WC  UC- UC  WB  WP  UC- WT  
[    0.028346] found SMP MP-table at [mem 0x000f5460-0x000f546f]
[    0.029732] Using GB pages for direct mapping
[    0.033630] ACPI: Early table checksum verification disabled
[    0.033969] ACPI: RSDP 0x00000000000F5290 000014 (v00 BOCHS )
[    0.034291] ACPI: RSDT 0x0000000007FE1C64 000034 (v01 BOCHS  BXPC     00000001 BXPC 00000001)
[    0.034804] ACPI: FACP 0x0000000007FE1B18 000074 (v01 BOCHS  BXPC     00000001 BXPC 00000001)
[    0.035453] ACPI: DSDT 0x0000000007FE0040 001AD8 (v01 BOCHS  BXPC     00000001 BXPC 00000001)
[    0.035549] ACPI: FACS 0x0000000007FE0000 000040
[    0.035600] ACPI: APIC 0x0000000007FE1B8C 000078 (v03 BOCHS  BXPC     00000001 BXPC 00000001)
[    0.035627] ACPI: HPET 0x0000000007FE1C04 000038 (v01 BOCHS  BXPC     00000001 BXPC 00000001)
[    0.035652] ACPI: WAET 0x0000000007FE1C3C 000028 (v01 BOCHS  BXPC     00000001 BXPC 00000001)
[    0.035736] ACPI: Reserving FACP table memory at [mem 0x7fe1b18-0x7fe1b8b]
[    0.035784] ACPI: Reserving DSDT table memory at [mem 0x7fe0040-0x7fe1b17]
[    0.035793] ACPI: Reserving FACS table memory at [mem 0x7fe0000-0x7fe003f]
[    0.035800] ACPI: Reserving APIC table memory at [mem 0x7fe1b8c-0x7fe1c03]
[    0.035807] ACPI: Reserving HPET table memory at [mem 0x7fe1c04-0x7fe1c3b]
[    0.035814] ACPI: Reserving WAET table memory at [mem 0x7fe1c3c-0x7fe1c63]
[    0.038961] Zone ranges:
[    0.038997]   DMA      [mem 0x0000000000001000-0x0000000000ffffff]
[    0.039077]   DMA32    [mem 0x0000000001000000-0x0000000007fdcfff]
[    0.039090]   Normal   empty
[    0.039127] Movable zone start for each node
[    0.039155] Early memory node ranges
[    0.039186]   node   0: [mem 0x0000000000001000-0x000000000009efff]
[    0.039232]   node   0: [mem 0x0000000000100000-0x0000000007fdcfff]
[    0.039344] Initmem setup node 0 [mem 0x0000000000001000-0x0000000007fdcfff]
[    0.040197] On node 0, zone DMA: 1 pages in unavailable ranges
[    0.040550] On node 0, zone DMA: 97 pages in unavailable ranges
[    0.041579] On node 0, zone DMA32: 35 pages in unavailable ranges
[    0.041895] ACPI: PM-Timer IO Port: 0x608
[    0.042263] ACPI: LAPIC_NMI (acpi_id[0xff] dfl dfl lint[0x1])
[    0.042684] IOAPIC[0]: apic_id 0, version 32, address 0xfec00000, GSI 0-23
[    0.042801] ACPI: INT_SRC_OVR (bus 0 bus_irq 0 global_irq 2 dfl dfl)
[    0.043054] ACPI: INT_SRC_OVR (bus 0 bus_irq 5 global_irq 5 high level)
[    0.043121] ACPI: INT_SRC_OVR (bus 0 bus_irq 9 global_irq 9 high level)
[    0.043209] ACPI: INT_SRC_OVR (bus 0 bus_irq 10 global_irq 10 high level)
[    0.043220] ACPI: INT_SRC_OVR (bus 0 bus_irq 11 global_irq 11 high level)
[    0.043410] ACPI: Using ACPI (MADT) for SMP configuration information
[    0.043452] ACPI: HPET id: 0x8086a201 base: 0xfed00000
[    0.043746] smpboot: Allowing 1 CPUs, 0 hotplug CPUs
[    0.044865] [mem 0x08000000-0xfffbffff] available for PCI devices
[    0.044917] Booting paravirtualized kernel on bare hardware
[    0.045218] clocksource: refined-jiffies: mask: 0xffffffff max_cycles: 0xffffffff, max_idle_ns: 19112604462750000 ns
[    0.045854] setup_percpu: NR_CPUS:512 nr_cpumask_bits:1 nr_cpu_ids:1 nr_node_ids:1
[    0.047401] percpu: Embedded 48 pages/cpu s158248 r8192 d30168 u2097152
[    0.049757] Kernel command line: BOOT_IMAGE=/boot/vmlinuz root=PARTUUID=6d2eb9b7-02 rootwait console=tty1 console=ttyS0,115200n8 noinitrd
[    0.051431] random: crng init done
[    0.056739] Dentry cache hash table entries: 16384 (order: 5, 131072 bytes, linear)
[    0.057807] Inode-cache hash table entries: 8192 (order: 4, 65536 bytes, linear)
[    0.060683] Built 1 zonelists, mobility grouping on.  Total pages: 31965
[    0.060911] mem auto-init: stack:off, heap alloc:off, heap free:off
[    0.064499] Memory: 102576K/130540K available (14336K kernel code, 1170K rwdata, 2296K rodata, 2452K init, 2408K bss, 27708K reserved, 0K cma-reserved)
[    0.070645] SLUB: HWalign=64, Order=0-3, MinObjects=0, CPUs=1, Nodes=1
[    0.078217] rcu: Hierarchical RCU implementation.
[    0.078253] rcu: 	RCU restricting CPUs from NR_CPUS=512 to nr_cpu_ids=1.
[    0.078373] 	Tracing variant of Tasks RCU enabled.
[    0.078459] rcu: RCU calculated value of scheduler-enlistment delay is 10 jiffies.
[    0.078487] rcu: Adjusting geometry for rcu_fanout_leaf=16, nr_cpu_ids=1
[    0.079631] NR_IRQS: 33024, nr_irqs: 256, preallocated irqs: 16
[    0.088698] rcu: srcu_init: Setting srcu_struct sizes based on contention.
[    0.095647] Console: colour VGA+ 80x25
[    0.095964] printk: console [tty1] enabled
[    0.103289] printk: console [ttyS0] enabled
[    0.333890] ACPI: Core revision 20230628
[    0.349227] clocksource: hpet: mask: 0xffffffff max_cycles: 0xffffffff, max_idle_ns: 19112604467 ns
[    0.354276] APIC: Switch to symmetric I/O mode setup
[    0.358942] ..TIMER: vector=0x30 apic1=0 pin1=2 apic2=-1 pin2=-1
[    0.401266] clocksource: tsc-early: mask: 0xffffffffffffffff max_cycles: 0x256bccbb2c4, max_idle_ns: 440795325023 ns
[    0.401969] Calibrating delay loop (skipped), value calculated using timer frequency.. 5192.17 BogoMIPS (lpj=25960880)
[    0.403708] x86/cpu: User Mode Instruction Prevention (UMIP) activated
[    0.418489] Last level iTLB entries: 4KB 0, 2MB 0, 4MB 0
[    0.418923] Last level dTLB entries: 4KB 0, 2MB 0, 4MB 0, 1GB 0
[    0.422207] Spectre V1 : Mitigation: usercopy/swapgs barriers and __user pointer sanitization
[    0.422988] Spectre V2 : Mitigation: Retpolines
[    0.423794] Spectre V2 : Spectre v2 / SpectreRSB: Filling RSB on context switch and VMEXIT
[    0.424395] Speculative Store Bypass: Vulnerable
[    0.427026] x86/fpu: Supporting XSAVE feature 0x001: 'x87 floating point registers'
[    0.431614] x86/fpu: Supporting XSAVE feature 0x002: 'SSE registers'
[    0.433073] x86/fpu: Supporting XSAVE feature 0x004: 'AVX registers'
[    0.433319] x86/fpu: Supporting XSAVE feature 0x008: 'MPX bounds registers'
[    0.433595] x86/fpu: Supporting XSAVE feature 0x010: 'MPX CSR'
[    0.433997] x86/fpu: xstate_offset[2]:  576, xstate_sizes[2]:  256
[    0.442103] x86/fpu: xstate_offset[3]:  960, xstate_sizes[3]:   64
[    0.442448] x86/fpu: xstate_offset[4]: 1024, xstate_sizes[4]:   64
[    0.442704] x86/fpu: Enabled xstate features 0x1f, context size is 1088 bytes, using 'standard' format.
[    0.729973] Freeing SMP alternatives memory: 40K
[    0.731326] pid_max: default: 32768 minimum: 301
[    0.740665] Mount-cache hash table entries: 512 (order: 0, 4096 bytes, linear)
[    0.741241] Mountpoint-cache hash table entries: 512 (order: 0, 4096 bytes, linear)
[    0.890489] smpboot: CPU0: AMD QEMU TCG CPU version 2.5+ (family: 0x6, model: 0x6, stepping: 0x3)
[    0.891877] RCU Tasks Trace: Setting shift to 0 and lim to 1 rcu_task_cb_adjust=1 rcu_task_cpu_ids=1.
[    0.892485] Performance Events: PMU not available due to virtualization, using software events only.
[    0.894176] signal: max sigframe size: 1616
[    0.895749] rcu: Hierarchical SRCU implementation.
[    0.895984] rcu: 	Max phase no-delay instances is 1000.
[    0.899077] smp: Bringing up secondary CPUs ...
[    0.905040] smp: Brought up 1 node, 1 CPU
[    0.905266] smpboot: Max logical packages: 1
[    0.905524] smpboot: Total of 1 processors activated (5192.17 BogoMIPS)
[    0.924342] clocksource: jiffies: mask: 0xffffffff max_cycles: 0xffffffff, max_idle_ns: 19112604462750000 ns
[    0.925237] futex hash table entries: 256 (order: 2, 16384 bytes, linear)
[    0.926302] pinctrl core: initialized pinctrl subsystem
[    0.943603] NET: Registered PF_NETLINK/PF_ROUTE protocol family
[    0.950037] thermal_sys: Registered thermal governor 'step_wise'
[    0.950075] thermal_sys: Registered thermal governor 'user_space'
[    0.950955] cpuidle: using governor ladder
[    0.951491] cpuidle: using governor menu
[    0.953530] acpiphp: ACPI Hot Plug PCI Controller Driver version: 0.5
[    0.956446] PCI: Using configuration type 1 for base access
[    0.967926] cryptd: max_cpu_qlen set to 1000
[    0.972806] ACPI: Added _OSI(Module Device)
[    0.973035] ACPI: Added _OSI(Processor Device)
[    0.973209] ACPI: Added _OSI(Processor Aggregator Device)
[    0.987767] ACPI: 1 ACPI AML tables successfully acquired and loaded
[    1.002411] ACPI: _OSC evaluation for CPUs failed, trying _PDC
[    1.004484] ACPI: Interpreter enabled
[    1.005228] ACPI: PM: (supports S0 S5)
[    1.005434] ACPI: Using IOAPIC for interrupt routing
[    1.006037] PCI: Using host bridge windows from ACPI; if necessary, use "pci=nocrs" and report a bug
[    1.012165] PCI: Using E820 reservations for host bridge windows
[    1.013910] ACPI: Enabled 2 GPEs in block 00 to 0F
[    1.043884] ACPI: PCI Root Bridge [PCI0] (domain 0000 [bus 00-ff])
[    1.044866] acpi PNP0A03:00: _OSC: OS supports [ASPM ClockPM Segments MSI HPX-Type3]
[    1.045352] acpi PNP0A03:00: _OSC: not requesting OS control; OS requires [ExtendedConfig ASPM ClockPM MSI]
[    1.046232] acpi PNP0A03:00: fail to add MMCONFIG information, can't access extended configuration space under this bridge
[    1.056804] acpiphp: Slot [3] registered
[    1.057208] acpiphp: Slot [4] registered
[    1.057461] acpiphp: Slot [5] registered
[    1.057699] acpiphp: Slot [6] registered
[    1.062216] acpiphp: Slot [7] registered
[    1.062631] acpiphp: Slot [8] registered
[    1.062920] acpiphp: Slot [9] registered
[    1.063176] acpiphp: Slot [10] registered
[    1.063403] acpiphp: Slot [11] registered
[    1.063639] acpiphp: Slot [12] registered
[    1.065062] acpiphp: Slot [13] registered
[    1.072210] acpiphp: Slot [14] registered
[    1.072585] acpiphp: Slot [15] registered
[    1.072852] acpiphp: Slot [16] registered
[    1.073118] acpiphp: Slot [17] registered
[    1.073347] acpiphp: Slot [18] registered
[    1.073586] acpiphp: Slot [19] registered
[    1.082174] acpiphp: Slot [20] registered
[    1.082533] acpiphp: Slot [21] registered
[    1.082861] acpiphp: Slot [22] registered
[    1.083099] acpiphp: Slot [23] registered
[    1.083334] acpiphp: Slot [24] registered
[    1.083564] acpiphp: Slot [25] registered
[    1.092198] acpiphp: Slot [26] registered
[    1.092562] acpiphp: Slot [27] registered
[    1.092897] acpiphp: Slot [28] registered
[    1.093139] acpiphp: Slot [29] registered
[    1.093373] acpiphp: Slot [30] registered
[    1.093598] acpiphp: Slot [31] registered
[    1.094065] PCI host bridge to bus 0000:00
[    1.102312] pci_bus 0000:00: root bus resource [io  0x0000-0x0cf7 window]
[    1.102793] pci_bus 0000:00: root bus resource [io  0x0d00-0xffff window]
[    1.103035] pci_bus 0000:00: root bus resource [mem 0x000a0000-0x000bffff window]
[    1.112081] pci_bus 0000:00: root bus resource [mem 0x08000000-0xfebfffff window]
[    1.121903] pci_bus 0000:00: root bus resource [mem 0x100000000-0x17fffffff window]
[    1.122407] pci_bus 0000:00: root bus resource [bus 00-ff]
[    1.124020] pci 0000:00:00.0: [8086:1237] type 00 class 0x060000
[    1.135898] pci 0000:00:01.0: [8086:7000] type 00 class 0x060100
[    1.136774] pci 0000:00:01.1: [8086:7010] type 00 class 0x010180
[    1.139910] pci 0000:00:01.1: reg 0x20: [io  0xc0e0-0xc0ef]
[    1.141338] pci 0000:00:01.1: legacy IDE quirk: reg 0x10: [io  0x01f0-0x01f7]
[    1.143405] pci 0000:00:01.1: legacy IDE quirk: reg 0x14: [io  0x03f6]
[    1.143821] pci 0000:00:01.1: legacy IDE quirk: reg 0x18: [io  0x0170-0x0177]
[    1.144141] pci 0000:00:01.1: legacy IDE quirk: reg 0x1c: [io  0x0376]
[    1.145182] pci 0000:00:01.3: [8086:7113] type 00 class 0x068000
[    1.152625] pci 0000:00:01.3: quirk: [io  0x0600-0x063f] claimed by PIIX4 ACPI
[    1.152948] pci 0000:00:01.3: quirk: [io  0x0700-0x070f] claimed by PIIX4 SMB
[    1.153750] pci 0000:00:02.0: [1234:1111] type 00 class 0x030000
[    1.154586] pci 0000:00:02.0: reg 0x10: [mem 0xfd000000-0xfdffffff pref]
[    1.163561] pci 0000:00:02.0: reg 0x18: [mem 0xfeb90000-0xfeb90fff]
[    1.166607] pci 0000:00:02.0: reg 0x30: [mem 0xfeb80000-0xfeb8ffff pref]
[    1.167156] pci 0000:00:02.0: Video device with shadowed ROM at [mem 0x000c0000-0x000dffff]
[    1.172910] pci 0000:00:03.0: [1af4:1000] type 00 class 0x020000
[    1.173902] pci 0000:00:03.0: reg 0x10: [io  0xc080-0xc09f]
[    1.176695] pci 0000:00:03.0: reg 0x20: [mem 0xfe000000-0xfe003fff 64bit pref]
[    1.181902] pci 0000:00:03.0: reg 0x30: [mem 0xfea80000-0xfeafffff pref]
[    1.192436] pci 0000:00:04.0: [1af4:1005] type 00 class 0x00ff00
[    1.193352] pci 0000:00:04.0: reg 0x10: [io  0xc0a0-0xc0bf]
[    1.194293] pci 0000:00:04.0: reg 0x14: [mem 0xfeb91000-0xfeb91fff]
[    1.198101] pci 0000:00:04.0: reg 0x20: [mem 0xfe004000-0xfe007fff 64bit pref]
[    1.203947] pci 0000:00:05.0: [1af4:1000] type 00 class 0x020000
[    1.206084] pci 0000:00:05.0: reg 0x10: [io  0xc0c0-0xc0df]
[    1.207301] pci 0000:00:05.0: reg 0x14: [mem 0xfeb92000-0xfeb92fff]
[    1.211458] pci 0000:00:05.0: reg 0x20: [mem 0xfe008000-0xfe00bfff 64bit pref]
[    1.212337] pci 0000:00:05.0: reg 0x30: [mem 0xfeb00000-0xfeb7ffff pref]
[    1.216005] pci 0000:00:06.0: [1af4:1001] type 00 class 0x010000
[    1.217617] pci 0000:00:06.0: reg 0x10: [io  0xc000-0xc07f]
[    1.220851] pci 0000:00:06.0: reg 0x14: [mem 0xfeb93000-0xfeb93fff]
[    1.222754] pci 0000:00:06.0: reg 0x20: [mem 0xfe00c000-0xfe00ffff 64bit pref]
[    1.230973] ACPI: PCI: Interrupt link LNKA configured for IRQ 10
[    1.232654] ACPI: PCI: Interrupt link LNKB configured for IRQ 10
[    1.233233] ACPI: PCI: Interrupt link LNKC configured for IRQ 11
[    1.233816] ACPI: PCI: Interrupt link LNKD configured for IRQ 11
[    1.234197] ACPI: PCI: Interrupt link LNKS configured for IRQ 9
[    1.246445] iommu: Default domain type: Translated
[    1.246689] iommu: DMA domain TLB invalidation policy: lazy mode
[    1.250450] SCSI subsystem initialized
[    1.252638] ACPI: bus type USB registered
[    1.253483] usbcore: registered new interface driver usbfs
[    1.254133] usbcore: registered new interface driver hub
[    1.254490] usbcore: registered new device driver usb
[    1.255013] pps_core: LinuxPPS API ver. 1 registered
[    1.255216] pps_core: Software ver. 5.3.6 - Copyright 2005-2007 Rodolfo Giometti <giometti@linux.it>
[    1.262156] PTP clock support registered
[    1.275913] PCI: Using ACPI for IRQ routing
[    1.278961] hpet0: at MMIO 0xfed00000, IRQs 2, 8, 0
[    1.279254] hpet0: 3 comparators, 64-bit 100.000000 MHz counter
[    1.283685] clocksource: Switched to clocksource tsc-early
[    1.286203] pnp: PnP ACPI init
[    1.290098] pnp: PnP ACPI: found 6 devices
[    1.302175] clocksource: acpi_pm: mask: 0xffffff max_cycles: 0xffffff, max_idle_ns: 2085701024 ns
[    1.303198] NET: Registered PF_INET protocol family
[    1.304366] IP idents hash table entries: 2048 (order: 2, 16384 bytes, linear)
[    1.310149] tcp_listen_portaddr_hash hash table entries: 256 (order: 0, 4096 bytes, linear)
[    1.313304] Table-perturb hash table entries: 65536 (order: 6, 262144 bytes, linear)
[    1.313737] TCP established hash table entries: 1024 (order: 1, 8192 bytes, linear)
[    1.314202] TCP bind hash table entries: 1024 (order: 3, 32768 bytes, linear)
[    1.324002] TCP: Hash tables configured (established 1024 bind 1024)
[    1.325932] MPTCP token hash table entries: 256 (order: 1, 6144 bytes, linear)
[    1.326457] UDP hash table entries: 256 (order: 1, 8192 bytes, linear)
[    1.326917] UDP-Lite hash table entries: 256 (order: 1, 8192 bytes, linear)
[    1.336254] NET: Registered PF_UNIX/PF_LOCAL protocol family
[    1.337483] pci_bus 0000:00: resource 4 [io  0x0000-0x0cf7 window]
[    1.337732] pci_bus 0000:00: resource 5 [io  0x0d00-0xffff window]
[    1.337971] pci_bus 0000:00: resource 6 [mem 0x000a0000-0x000bffff window]
[    1.346094] pci_bus 0000:00: resource 7 [mem 0x08000000-0xfebfffff window]
[    1.346402] pci_bus 0000:00: resource 8 [mem 0x100000000-0x17fffffff window]
[    1.347137] pci 0000:00:01.0: PIIX3: Enabling Passive Release
[    1.347453] pci 0000:00:00.0: Limiting direct PCI/PCI transfers
[    1.357096] PCI: CLS 0 bytes, default 64
[    1.388148] workingset: timestamp_bits=46 max_order=15 bucket_order=0
[    1.390580] squashfs: version 4.0 (2009/01/31) Phillip Lougher
[    1.393047] Block layer SCSI generic (bsg) driver version 0.4 loaded (major 247)
[    1.396653] hv_vmbus: registering driver hyperv_fb
[    1.402494] input: Power Button as /devices/LNXSYSTM:00/LNXPWRBN:00/input/input0
[    1.414624] ACPI: button: Power Button [PWRF]
[    1.585341] ACPI: \_SB_.LNKC: Enabled at IRQ 11
[    1.750394] ACPI: \_SB_.LNKD: Enabled at IRQ 10
[    1.913142] ACPI: \_SB_.LNKA: Enabled at IRQ 10
[    2.076902] ACPI: \_SB_.LNKB: Enabled at IRQ 11
[    2.078941] Serial: 8250/16550 driver, 16 ports, IRQ sharing enabled
[    2.104022] 00:04: ttyS0 at I/O 0x3f8 (irq = 4, base_baud = 115200) is a 16550A
[    2.139564] Non-volatile memory driver v1.3
[    2.151336] Linux agpgart interface v0.103
[    2.152176] AMD-Vi: AMD IOMMUv2 functionality not available on this system - This is not a bug.
[    2.153015] ACPI: bus type drm_connector registered
[    2.155379] [drm] Found bochs VGA, ID 0xb0c5.
[    2.155590] [drm] Framebuffer size 16384 kB @ 0xfd000000, mmio @ 0xfeb90000.
[    2.173621] [drm] Found EDID data blob.
[    2.182242] [drm] Initialized bochs-drm 1.0.0 20130925 for 0000:00:02.0 on minor 0
[    2.249694] Console: switching to colour frame buffer device 160x50
[    2.259307] bochs-drm 0000:00:02.0: [drm] fb0: bochs-drmdrmfb frame buffer device
[    2.293665] loop: module loaded
[    2.294493] virtio_blk virtio3: 1/0/0 default/read/poll queues
[    2.299465] virtio_blk virtio3: [vda] 246784 512-byte logical blocks (126 MB/121 MiB)
[    2.308353]  vda: vda1 vda2
[    2.311739] Guest personality initialized and is inactive
[    2.312353] VMCI host device registered (name=vmci, major=10, minor=256)
[    2.312630] Initialized host personality
[    2.313731] VMware PVSCSI driver - version 1.0.7.0-k
[    2.314127] hv_vmbus: registering driver hv_storvsc
[    2.338481] scsi host0: ata_piix
[    2.341350] scsi host1: ata_piix
[    2.342361] ata1: PATA max MWDMA2 cmd 0x1f0 ctl 0x3f6 bmdma 0xc0e0 irq 14
[    2.342830] ata2: PATA max MWDMA2 cmd 0x170 ctl 0x376 bmdma 0xc0e8 irq 15
[    2.352644] VMware vmxnet3 virtual NIC driver - version 1.7.0.0-k-NAPI
[    2.353446] hv_vmbus: registering driver hv_netvsc
[    2.353876] Fusion MPT base driver 3.04.20
[    2.354043] Copyright (c) 1999-2008 LSI Corporation
[    2.354425] Fusion MPT SPI Host driver 3.04.20
[    2.363680] Fusion MPT SAS Host driver 3.04.20
[    2.365759] usbcore: registered new interface driver usb-storage
[    2.367000] i8042: PNP: PS/2 Controller [PNP0303:KBD,PNP0f13:MOU] at 0x60,0x64 irq 1,12
[    2.370195] serio: i8042 KBD port at 0x60,0x64 irq 1
[    2.370594] serio: i8042 AUX port at 0x60,0x64 irq 12
[    2.374489] hv_vmbus: registering driver hyperv_keyboard
[    2.378163] rtc_cmos 00:05: RTC can wake from S4
[    2.383379] rtc_cmos 00:05: registered as rtc0
[    2.386289] rtc_cmos 00:05: setting system clock to 2026-04-08T01:50:12 UTC (1775613012)
[    2.388944] rtc_cmos 00:05: alarms up to one day, y3k, 242 bytes nvram, hpet irqs
[    2.391909] amd_pstate: the _CPC object is not present in SBIOS or ACPI disabled
[    2.394375] sdhci: Secure Digital Host Controller Interface driver
[    2.399335] sdhci: Copyright(c) Pierre Ossman
[    2.409418] input: AT Translated Set 2 keyboard as /devices/platform/i8042/serio0/input/input1
[    2.423247] tsc: Refined TSC clocksource calibration: 2596.092 MHz
[    2.425945] clocksource: tsc: mask: 0xffffffffffffffff max_cycles: 0x256bd07de82, max_idle_ns: 440795311215 ns
[    2.431354] clocksource: Switched to clocksource tsc
[    2.449176] hid: raw HID events driver (C) Jiri Kosina
[    2.451891] hv_vmbus: registering driver hid_hyperv
[    2.454936] usbcore: registered new interface driver usbhid
[    2.457398] usbhid: USB HID core driver
[    2.459852] hv_utils: Registering HyperV Utility Driver
[    2.462160] hv_vmbus: registering driver hv_utils
[    2.464426] hv_vmbus: registering driver hv_balloon
[    2.467893] NET: Registered PF_INET6 protocol family
[    2.484067] Segment Routing with IPv6
[    2.486429] In-situ OAM (IOAM) with IPv6
[    2.489020] NET: Registered PF_PACKET protocol family
[    2.491698] bridge: filtering via arp/ip/ip6tables is no longer available by default. Update your scripts to load br_netfilter if you need this.
[    2.500785] 8021q: 802.1Q VLAN Support v1.8
[    2.503678] NET: Registered PF_VSOCK protocol family
[    2.513077] IPI shorthand broadcast: enabled
[    2.515400] AVX2 version of gcm_enc/dec engaged.
[    2.522032] AES CTR mode by8 optimization enabled
[    2.539452] sched_clock: Marking stable (2280110888, 252640734)->(2582095933, -49344311)
[    2.593027] ata2: found unknown device (class 0)
[    2.651151] ata2.00: ATAPI: QEMU DVD-ROM, 2.5+, max UDMA/100
[    2.659201] clk: Disabling unused clocks
[    2.677173] scsi 1:0:0:0: CD-ROM            QEMU     QEMU DVD-ROM     2.5+ PQ: 0 ANSI: 5
[    2.744539] sr 1:0:0:0: [sr0] scsi3-mmc drive: 4x/4x cd/rw xa/form2 tray
[    2.747245] cdrom: Uniform CD-ROM driver Revision: 3.20
[    2.802351] VFS: Mounted root (squashfs filesystem) readonly on device 254:2.
[    2.878151] Freeing unused kernel image (initmem) memory: 2452K
[    2.880846] Write protecting the kernel read-only data: 18432k
[    2.885348] Freeing unused kernel image (rodata/data gap) memory: 1800K
[    2.888018] Run /sbin/init as init process
[    3.165791] init: Console is alive
[    3.736805] kmodloader: loading kernel modules from /etc/modules-boot.d/*
[    3.796985] button_hotplug: loading out-of-tree module taints kernel.
[    3.805832] Button Hotplug driver version 0.4.1
[    3.830500] Intel(R) 2.5G Ethernet Linux Driver
[    3.833291] Copyright(c) 2018 Intel Corporation.
[    3.850437] igb: Intel(R) Gigabit Ethernet Network Driver
[    3.853206] igb: Copyright (c) 2007-2014 Intel Corporation.
[    3.869125] kmodloader: done loading kernel modules from /etc/modules-boot.d/*
[    3.880956] init: - preinit -
[    4.804910] 8021q: adding VLAN 0 to HW filter on device eth0
Press the [f] key and hit [enter] to enter failsafe mode
Press the [1], [2], [3] or [4] key and hit [enter] to select the debug level
[    9.511590] loop0: detected capacity change from 0 to 212992
[    9.573106] loop0: detected capacity change from 212992 to 201216
[    9.586931] mount_root: overlay filesystem in /dev/loop0 has not been formatted yet
[    9.932021] EXT4-fs (loop0): mounted filesystem 11861e75-601d-4f92-9ef3-20457d9a0b6e r/w with ordered data mode. Quota mode: disabled.
[    9.946948] mount_root: overlay filesystem has not been fully initialized yet
[    9.966247] mount_root: switching to ext4 overlay
[    9.989647] overlayfs: null uuid detected in lower fs '/', falling back to xino=off,index=off,nfs_export=off.
[   10.748686] EXT4-fs (vda1): mounted filesystem 84173db5-fa99-e35a-95c6-28613cc79ea9 r/w without journal. Quota mode: disabled.
[   10.773647] urandom-seed: Seed file not found (/etc/urandom.seed)
[   10.920286] procd: - early -
[   11.691306] procd: - ubus -
[   11.881345] procd: - init -
Please press Enter to activate this console.
root
login[997]: root login on 'ttyS0'


BusyBox v1.36.1 (2026-04-07 12:15:08 UTC) built-in shell (ash)

  _______                     ________        __
 |       |.-----.-----.-----.|  |  |  |.----.|  |_
 |   -   ||  _  |  -__|     ||  |  |  ||   _||   _|
 |_______||   __|_____|__|__||________||__|  |____|
          |__| W I R E L E S S   F R E E D O M
 -----------------------------------------------------
 OpenWrt 24.10-SNAPSHOT, r29148-beaf298c4c
 -----------------------------------------------------
=== WARNING! =====================================
There is no root password defined on this device!
Use the "passwd" command to set up a new password
in order to prevent unauthorized SSH logins.
--------------------------------------------------
root@(none):~# dmesg -n 1
root@(none):~# echo 'UVJZ''THLHSH'
UVJZTHLHSH
root@(none):~# run() { echo -n "$MARKER"; sh -c "$@"; echo "$MARKER $?"; }
root@(none):~# echo 'YVYT''BOFMHH'
YVYTBOFMHH
root@(none):~# MARKER='CSVY''HKKXWG' run 'ubus wait_for network.interface.lan'
CSVYHKKXWGCSVYHKKXWG 0
root@OpenWrt:~# echo 'WXPU''QTQUQY'
WXPUQTQUQY
root@OpenWrt:~# MARKER='GGPY''ETJCGY' run 'ubus call network.interface.lan statu
s '"'"'{}'"'"''
GGPYETJCGY{
	"up": true,
	"pending": false,
	"available": true,
	"autostart": true,
	"dynamic": false,
	"uptime": 0,
	"l3_device": "br-lan",
	"proto": "static",
	"device": "br-lan",
	"updated": [
		"addresses"
	],
	"metric": 0,
	"dns_metric": 0,
	"delegation": true,
	"ipv4-address": [
		{
			"address": "192.168.1.1",
			"mask": 24
		}
	],
	"ipv6-address": [
		
	],
	"ipv6-prefix": [
		
	],
	"ipv6-prefix-assignment": [
		{
			"address": "fd4c:1c1d:41ad::",
			"mask": 60,
			"local-address": {
				"address": "fd4c:1c1d:41ad::1",
				"mask": 60
			}
		}
	],
	"route": [
		
	],
	"dns-server": [
		
	],
	"dns-search": [
		
	],
	"neighbors": [
		
	],
	"inactive": {
		"ipv4-address": [
			
		],
		"ipv6-address": [
			
		],
		"route": [
			
		],
		"dns-server": [
			
		],
		"dns-search": [
			
		],
		"neighbors": [
			
		]
	},
	"data": {
		
	}
}
GGPYETJCGY 0
root@OpenWrt:~# echo 'COSG''MUZQEQ'
COSGMUZQEQ
root@OpenWrt:~# MARKER='QXXJ''LXBFZV' run true
QXXJLXBFZVQXXJLXBFZV 0
root@OpenWrt:~# echo 'ZJOH''BLZABS'
ZJOHBLZABS
root@OpenWrt:~# MARKER='TQMY''WWYJMV' run 'source /etc/os-release; echo $BUILD_I
D'
TQMYWWYJMVr29148-beaf298c4c
TQMYWWYJMV 0
root@OpenWrt:~# echo 'HQOX''OFOVOV'
HQOXOFOVOV
root@OpenWrt:~# MARKER='TNNC''GKAEMJ' run 'ls /etc/dropbear/dropbear_rsa_host_ke
y'
TNNCGKAEMJ[0;0m/etc/dropbear/dropbear_rsa_host_key[m
TNNCGKAEMJ 0
root@OpenWrt:~# echo 'YQJU''FCOYCX'
YQJUFCOYCX
root@OpenWrt:~# MARKER='VACF''VGEFGK' run 'netstat -tlpn | grep 0.0.0.0:22'
VACFVGEFGKnetstat: showing only processes with your user ID
tcp        0      0 0.0.0.0:22              0.0.0.0:*               LISTEN      1738/dropbear
VACFVGEFGK 0
root@OpenWrt:~# echo 'MLNE''SVVZBK'
MLNESVVZBK
root@OpenWrt:~# MARKER='GAGN''CJJYEE' run 'dmesg | grep br-lan | grep forwarding
'
GAGNCJJYEE[   32.428785] br-lan: port 1(eth0) entered forwarding state
GAGNCJJYEE 0
root@OpenWrt:~# echo 'BPUZ''MYZOTF'
BPUZMYZOTF
root@OpenWrt:~# MARKER='GGUA''OVAJCG' run 'ubus call network.interface.lan statu
s '"'"'{}'"'"''
GGUAOVAJCG{
	"up": true,
	"pending": false,
	"available": true,
	"autostart": true,
	"dynamic": false,
	"uptime": 7,
	"l3_device": "br-lan",
	"proto": "static",
	"device": "br-lan",
	"updated": [
		"addresses"
	],
	"metric": 0,
	"dns_metric": 0,
	"delegation": true,
	"ipv4-address": [
		{
			"address": "192.168.1.1",
			"mask": 24
		}
	],
	"ipv6-address": [
		
	],
	"ipv6-prefix": [
		
	],
	"ipv6-prefix-assignment": [
		{
			"address": "fd4c:1c1d:41ad::",
			"mask": 60,
			"local-address": {
				"address": "fd4c:1c1d:41ad::1",
				"mask": 60
			}
		}
	],
	"route": [
		
	],
	"dns-server": [
		
	],
	"dns-search": [
		
	],
	"neighbors": [
		
	],
	"inactive": {
		"ipv4-address": [
			
		],
		"ipv6-address": [
			
		],
		"route": [
			
		],
		"dns-server": [
			
		],
		"dns-search": [
			
		],
		"neighbors": [
			
		]
	},
	"data": {
		
	}
}
GGUAOVAJCG 0
root@OpenWrt:~# echo 'HCSQ''VOVNQQ'
HCSQVOVNQQ
root@OpenWrt:~# MARKER='YQZS''OVHMYC' run 'ip -o addr show dev br-lan'
YQZSOVHMYC4: br-lan    inet 192.168.1.1/24 brd 192.168.1.255 scope global br-lan\       valid_lft forever preferred_lft forever
4: br-lan    inet6 fd4c:1c1d:41ad::1/60 scope global noprefixroute \       valid_lft forever preferred_lft forever
4: br-lan    inet6 fe80::5054:ff:fe12:3456/64 scope link \       valid_lft forever preferred_lft forever
YQZSOVHMYC 0
root@OpenWrt:~# echo 'FLAN''XOGCVF'
FLANXOGCVF
root@OpenWrt:~# MARKER='MCSH''NZGMMW' run 'ubus call network.interface.wan statu
s '"'"'{}'"'"''
MCSHNZGMMW{
	"up": true,
	"pending": false,
	"available": true,
	"autostart": true,
	"dynamic": false,
	"uptime": 7,
	"l3_device": "eth1",
	"proto": "dhcp",
	"device": "eth1",
	"updated": [
		"addresses",
		"routes",
		"data"
	],
	"metric": 0,
	"dns_metric": 0,
	"delegation": true,
	"ipv4-address": [
		{
			"address": "10.0.2.15",
			"mask": 24
		}
	],
	"ipv6-address": [
		
	],
	"ipv6-prefix": [
		
	],
	"ipv6-prefix-assignment": [
		
	],
	"route": [
		{
			"target": "0.0.0.0",
			"mask": 0,
			"nexthop": "10.0.2.2",
			"source": "10.0.2.15/32"
		}
	],
	"dns-server": [
		"10.0.2.3"
	],
	"dns-search": [
		
	],
	"neighbors": [
		
	],
	"inactive": {
		"ipv4-address": [
			
		],
		"ipv6-address": [
			
		],
		"route": [
			
		],
		"dns-server": [
			
		],
		"dns-search": [
			
		],
		"neighbors": [
			
		]
	},
	"data": {
		"dhcpserver": "10.0.2.2",
		"leasetime": 86400
	}
}
MCSHNZGMMW 0
root@OpenWrt:~# 