Labgrid Console Logfile for main
Logfile started at 2026-04-07 01:49:49.827042
=== Log starts here ===
c[?7l[2J[0mSeaBIOS (version 1.16.3-debian-1.16.3-2)


iPXE (https://ipxe.org) 00:03.0 CA00 PCI2.10 PnP PMM+06FCAE70+06F0AE70 CA00
Press Ctrl-B to configure iPXE (PCI 00:03.0)...                                                                               




iPXE (https://ipxe.org) 00:05.0 CB00 PCI2.10 PnP PMM 06FCAE70 06F0AE70 CB00
Press Ctrl-B to configure iPXE (PCI 00:05.0)...                                                                               


Booting from Hard Disk...
GRUB loading.....
[0;30;47mWelcome to GRUB![01;01H[0m[2J[H[J[1;1H[?25l[m[H[J[1;1H[2;30HGNU GRUB  version 2.12

[m[4;2H+----------------------------------------------------------------------------+[5;2H|[5;79H|[6;2H|[6;79H|[7;2H|[7;79H|[8;2H|[8;79H|[9;2H|[9;79H|[10;2H|[10;79H|[11;2H|[11;79H|[12;2H|[12;79H|[13;2H|[13;79H|[14;2H|[14;79H|[15;2H|[15;79H|[16;2H+----------------------------------------------------------------------------+[m[17;2H[18;2H[m     Use the ^ and v keys to select which entry is highlighted.          
      Press enter to boot the selected OS, `e' to edit the commands       
      before booting or `c' for a command-line. ESC to return             
      previous menu.                                                      [5;80H [7m[5;3H*OpenWrt                                                                    [m[5;78H[m[m[6;3H OpenWrt (failsafe)                                                         [m[6;78H[m[m[7;3H                                                                            [m[7;78H[m[m[8;3H                                                                            [m[8;78H[m[m[9;3H                                                                            [m[9;78H[m[m[10;3H                                                                            [m[10;78H[m[m[11;3H                                                                            [m[11;78H[m[m[12;3H                                                                            [m[12;78H[m[m[13;3H                                                                            [m[13;78H[m[m[14;3H                                                                            [m[14;78H[m[m[15;3H                                                                            [m[15;78H[m[15;80H [5;78H[2J[02;30HGNU GRUB  version 2.12[04;02H┌────────────────────────────────────────────────────────────────────────────┐[05;02H│[05;79H│[06;02H│[06;79H│[07;02H│[07;79H│[08;02H│[08;79H│[09;02H│[09;79H│[10;02H│[10;79H│[11;02H│[11;79H│[12;02H│[12;79H│[13;02H│[13;79H│[14;02H│[14;79H│[15;02H│[15;79H│[16;02H│[16;79H│[17;02H└────────────────────────────────────────────────────────────────────────────┘[19;02H     Use the ↑ and ↓ key[19;25H[19;26Hs to select which entry is highlighted.          
      Press enter to boot the selected OS, `e' to edit the commands       
      before booting or `c' for a c[21;35H[21;36Hommand-line. ESC to return             
      previous menu.                                                      [05;80H [05;03H[0;30;47m*OpenWrt                                    [05;46H[05;47H                                [06;03H[0m OpenWrt (failsafe)                                                         [07;03H                                                                            [08;03H                                                                            [09;03H                                                           [09;61H[09;62H                 [10;03H                                                                            [11;03H                                                                 [11;67H[11;68H           [12;03H                                                                            [13;03H                                                                        [13;74H[13;75H    [14;03H                                                                            [15;03H                                                                            [16;03H                                                                            [16;80H 






   The highlighted entry will be executed automatically in 5s.                [22;1H   The highlighted entry will be executed automatically in 5s.                 [5;78H [05;78H

















   The highlighted entry will be executed automatically in 4s.                [22;1H   The highlighted entry will be executed automatically in 4s.                 [5;78H [05;78H

















   The hig[23;10H[23;11Hhlighted entry will be executed automatically in 3s.                [22;1H   The highlighted entry will be executed automatically in 3s.                 [5;78H [05;78H

















   The highlighted entry will be executed automatically in 2s.                [22;1H   The highlighted entry will be executed automatically in 2s.                 [5;78H [05;78H

















   The highlighted entry will be executed automatically in 1s.                [22;1H   The highlighted entry will be executed automatically in 1s.                 [5;78H [05;78H

















   The highlighted entry will be executed automatically in 0s.                [22;1H   The highlighted entry will be executed automatically in 0s.                 [5;78H [01;01H[2J[?25h[H[J[1;1H[H[J[1;1H[2J   Booting `OpenWrt' Booting `OpenWrt

'

[    0.000000] Linux version 6.6.129 (builder@buildhost) (x86_64-openwrt-linux-musl-gcc (OpenWrt GCC 13.3.0 r29147-a64f028d39) 13.3.0, GNU ld (GNU Binutils) 2.42) #0 SMP Fri Apr  3 15:51:10 2026
[    0.000000] Command line: BOOT_IMAGE=/boot/vmlinuz root=PARTUUID=91e9ff2e-02 rootwait console=tty1 console=ttyS0,115200n8 noinitrd
[    0.000000] BIOS-provided physical RAM map:
[    0.000000] BIOS-e820: [mem 0x0000000000000000-0x000000000009fbff] usable
[    0.000000] BIOS-e820: [mem 0x000000000009fc00-0x000000000009ffff] reserved
[    0.000000] BIOS-e820: [mem 0x00000000000f0000-0x00000000000fffff] reserved
[    0.000000] BIOS-e820: [mem 0x0000000000100000-0x0000000007fdcfff] usable
[    0.000000] BIOS-e820: [mem 0x0000000007fdd000-0x0000000007ffffff] reserved
[    0.000000] BIOS-e820: [mem 0x00000000fffc0000-0x00000000ffffffff] reserved
[    0.000000] BIOS-e820: [mem 0x000000fd00000000-0x000000ffffffffff] reserved
[    0.000000] NX (Execute Disable) protection: active
[    0.000000] APIC: Static calls initialized
[    0.000000] SMBIOS 3.0.0 present.
[    0.000000] DMI: QEMU Standard PC (i440FX + PIIX, 1996), BIOS 1.16.3-debian-1.16.3-2 04/01/2014
[    0.000000] tsc: Fast TSC calibration using PIT
[    0.000000] tsc: Detected 2445.399 MHz processor
[    0.008867] last_pfn = 0x7fdd max_arch_pfn = 0x400000000
[    0.009530] MTRR map: 4 entries (3 fixed + 1 variable; max 19), built from 8 variable MTRRs
[    0.009713] x86/PAT: Configuration [0-7]: WB  WC  UC- UC  WB  WP  UC- WT  
[    0.028005] found SMP MP-table at [mem 0x000f5460-0x000f546f]
[    0.029416] Using GB pages for direct mapping
[    0.033269] ACPI: Early table checksum verification disabled
[    0.033746] ACPI: RSDP 0x00000000000F5290 000014 (v00 BOCHS )
[    0.034087] ACPI: RSDT 0x0000000007FE1C64 000034 (v01 BOCHS  BXPC     00000001 BXPC 00000001)
[    0.034609] ACPI: FACP 0x0000000007FE1B18 000074 (v01 BOCHS  BXPC     00000001 BXPC 00000001)
[    0.035247] ACPI: DSDT 0x0000000007FE0040 001AD8 (v01 BOCHS  BXPC     00000001 BXPC 00000001)
[    0.035351] ACPI: FACS 0x0000000007FE0000 000040
[    0.035407] ACPI: APIC 0x0000000007FE1B8C 000078 (v03 BOCHS  BXPC     00000001 BXPC 00000001)
[    0.035437] ACPI: HPET 0x0000000007FE1C04 000038 (v01 BOCHS  BXPC     00000001 BXPC 00000001)
[    0.035464] ACPI: WAET 0x0000000007FE1C3C 000028 (v01 BOCHS  BXPC     00000001 BXPC 00000001)
[    0.035552] ACPI: Reserving FACP table memory at [mem 0x7fe1b18-0x7fe1b8b]
[    0.035601] ACPI: Reserving DSDT table memory at [mem 0x7fe0040-0x7fe1b17]
[    0.035610] ACPI: Reserving FACS table memory at [mem 0x7fe0000-0x7fe003f]
[    0.035618] ACPI: Reserving APIC table memory at [mem 0x7fe1b8c-0x7fe1c03]
[    0.035625] ACPI: Reserving HPET table memory at [mem 0x7fe1c04-0x7fe1c3b]
[    0.035632] ACPI: Reserving WAET table memory at [mem 0x7fe1c3c-0x7fe1c63]
[    0.038750] Zone ranges:
[    0.038787]   DMA      [mem 0x0000000000001000-0x0000000000ffffff]
[    0.038864]   DMA32    [mem 0x0000000001000000-0x0000000007fdcfff]
[    0.038877]   Normal   empty
[    0.038901] Movable zone start for each node
[    0.038930] Early memory node ranges
[    0.038961]   node   0: [mem 0x0000000000001000-0x000000000009efff]
[    0.039006]   node   0: [mem 0x0000000000100000-0x0000000007fdcfff]
[    0.039141] Initmem setup node 0 [mem 0x0000000000001000-0x0000000007fdcfff]
[    0.039976] On node 0, zone DMA: 1 pages in unavailable ranges
[    0.040343] On node 0, zone DMA: 97 pages in unavailable ranges
[    0.041379] On node 0, zone DMA32: 35 pages in unavailable ranges
[    0.041705] ACPI: PM-Timer IO Port: 0x608
[    0.042083] ACPI: LAPIC_NMI (acpi_id[0xff] dfl dfl lint[0x1])
[    0.042494] IOAPIC[0]: apic_id 0, version 32, address 0xfec00000, GSI 0-23
[    0.042623] ACPI: INT_SRC_OVR (bus 0 bus_irq 0 global_irq 2 dfl dfl)
[    0.042883] ACPI: INT_SRC_OVR (bus 0 bus_irq 5 global_irq 5 high level)
[    0.042941] ACPI: INT_SRC_OVR (bus 0 bus_irq 9 global_irq 9 high level)
[    0.043065] ACPI: INT_SRC_OVR (bus 0 bus_irq 10 global_irq 10 high level)
[    0.043083] ACPI: INT_SRC_OVR (bus 0 bus_irq 11 global_irq 11 high level)
[    0.043319] ACPI: Using ACPI (MADT) for SMP configuration information
[    0.043368] ACPI: HPET id: 0x8086a201 base: 0xfed00000
[    0.043666] smpboot: Allowing 1 CPUs, 0 hotplug CPUs
[    0.044765] [mem 0x08000000-0xfffbffff] available for PCI devices
[    0.044829] Booting paravirtualized kernel on bare hardware
[    0.045148] clocksource: refined-jiffies: mask: 0xffffffff max_cycles: 0xffffffff, max_idle_ns: 19112604462750000 ns
[    0.045779] setup_percpu: NR_CPUS:512 nr_cpumask_bits:1 nr_cpu_ids:1 nr_node_ids:1
[    0.047413] percpu: Embedded 48 pages/cpu s158248 r8192 d30168 u2097152
[    0.049713] Kernel command line: BOOT_IMAGE=/boot/vmlinuz root=PARTUUID=91e9ff2e-02 rootwait console=tty1 console=ttyS0,115200n8 noinitrd
[    0.051415] random: crng init done
[    0.056264] Dentry cache hash table entries: 16384 (order: 5, 131072 bytes, linear)
[    0.057239] Inode-cache hash table entries: 8192 (order: 4, 65536 bytes, linear)
[    0.060091] Built 1 zonelists, mobility grouping on.  Total pages: 31965
[    0.060328] mem auto-init: stack:off, heap alloc:off, heap free:off
[    0.063934] Memory: 102576K/130540K available (14336K kernel code, 1170K rwdata, 2296K rodata, 2452K init, 2408K bss, 27708K reserved, 0K cma-reserved)
[    0.069957] SLUB: HWalign=64, Order=0-3, MinObjects=0, CPUs=1, Nodes=1
[    0.077837] rcu: Hierarchical RCU implementation.
[    0.077869] rcu: 	RCU restricting CPUs from NR_CPUS=512 to nr_cpu_ids=1.
[    0.077985] 	Tracing variant of Tasks RCU enabled.
[    0.078095] rcu: RCU calculated value of scheduler-enlistment delay is 10 jiffies.
[    0.078126] rcu: Adjusting geometry for rcu_fanout_leaf=16, nr_cpu_ids=1
[    0.079436] NR_IRQS: 33024, nr_irqs: 256, preallocated irqs: 16
[    0.088429] rcu: srcu_init: Setting srcu_struct sizes based on contention.
[    0.095392] Console: colour VGA+ 80x25
[    0.095709] printk: console [tty1] enabled
[    0.103379] printk: console [ttyS0] enabled
[    0.336497] ACPI: Core revision 20230628
[    0.352092] clocksource: hpet: mask: 0xffffffff max_cycles: 0xffffffff, max_idle_ns: 19112604467 ns
[    0.357310] APIC: Switch to symmetric I/O mode setup
[    0.361821] ..TIMER: vector=0x30 apic1=0 pin1=2 apic2=-1 pin2=-1
[    0.403914] clocksource: tsc-early: mask: 0xffffffffffffffff max_cycles: 0x233fbe8c9b8, max_idle_ns: 440795328296 ns
[    0.404618] Calibrating delay loop (skipped), value calculated using timer frequency.. 4890.79 BogoMIPS (lpj=24453990)
[    0.406304] x86/cpu: User Mode Instruction Prevention (UMIP) activated
[    0.421198] Last level iTLB entries: 4KB 0, 2MB 0, 4MB 0
[    0.421604] Last level dTLB entries: 4KB 0, 2MB 0, 4MB 0, 1GB 0
[    0.424962] Spectre V1 : Mitigation: usercopy/swapgs barriers and __user pointer sanitization
[    0.425732] Spectre V2 : Mitigation: Retpolines
[    0.426467] Spectre V2 : Spectre v2 / SpectreRSB: Filling RSB on context switch and VMEXIT
[    0.427154] Speculative Store Bypass: Vulnerable
[    0.429718] x86/fpu: Supporting XSAVE feature 0x001: 'x87 floating point registers'
[    0.434387] x86/fpu: Supporting XSAVE feature 0x002: 'SSE registers'
[    0.435749] x86/fpu: Supporting XSAVE feature 0x004: 'AVX registers'
[    0.435988] x86/fpu: Supporting XSAVE feature 0x008: 'MPX bounds registers'
[    0.436237] x86/fpu: Supporting XSAVE feature 0x010: 'MPX CSR'
[    0.436654] x86/fpu: xstate_offset[2]:  576, xstate_sizes[2]:  256
[    0.444750] x86/fpu: xstate_offset[3]:  960, xstate_sizes[3]:   64
[    0.445130] x86/fpu: xstate_offset[4]: 1024, xstate_sizes[4]:   64
[    0.445441] x86/fpu: Enabled xstate features 0x1f, context size is 1088 bytes, using 'standard' format.
[    0.702801] Freeing SMP alternatives memory: 40K
[    0.704164] pid_max: default: 32768 minimum: 301
[    0.714012] Mount-cache hash table entries: 512 (order: 0, 4096 bytes, linear)
[    0.714657] Mountpoint-cache hash table entries: 512 (order: 0, 4096 bytes, linear)
[    0.864511] smpboot: CPU0: AMD QEMU TCG CPU version 2.5+ (family: 0x6, model: 0x6, stepping: 0x3)
[    0.864511] RCU Tasks Trace: Setting shift to 0 and lim to 1 rcu_task_cb_adjust=1 rcu_task_cpu_ids=1.
[    0.865192] Performance Events: PMU not available due to virtualization, using software events only.
[    0.866809] signal: max sigframe size: 1616
[    0.868418] rcu: Hierarchical SRCU implementation.
[    0.868644] rcu: 	Max phase no-delay instances is 1000.
[    0.871759] smp: Bringing up secondary CPUs ...
[    0.877881] smp: Brought up 1 node, 1 CPU
[    0.878095] smpboot: Max logical packages: 1
[    0.878376] smpboot: Total of 1 processors activated (4890.79 BogoMIPS)
[    0.897390] clocksource: jiffies: mask: 0xffffffff max_cycles: 0xffffffff, max_idle_ns: 19112604462750000 ns
[    0.898329] futex hash table entries: 256 (order: 2, 16384 bytes, linear)
[    0.899454] pinctrl core: initialized pinctrl subsystem
[    0.920230] NET: Registered PF_NETLINK/PF_ROUTE protocol family
[    0.927467] thermal_sys: Registered thermal governor 'step_wise'
[    0.927532] thermal_sys: Registered thermal governor 'user_space'
[    0.928469] cpuidle: using governor ladder
[    0.929014] cpuidle: using governor menu
[    0.932601] acpiphp: ACPI Hot Plug PCI Controller Driver version: 0.5
[    0.935651] PCI: Using configuration type 1 for base access
[    0.945814] cryptd: max_cpu_qlen set to 1000
[    0.951523] ACPI: Added _OSI(Module Device)
[    0.951777] ACPI: Added _OSI(Processor Device)
[    0.951953] ACPI: Added _OSI(Processor Aggregator Device)
[    0.967796] ACPI: 1 ACPI AML tables successfully acquired and loaded
[    0.983149] ACPI: _OSC evaluation for CPUs failed, trying _PDC
[    0.985498] ACPI: Interpreter enabled
[    0.986263] ACPI: PM: (supports S0 S5)
[    0.986499] ACPI: Using IOAPIC for interrupt routing
[    0.987182] PCI: Using host bridge windows from ACPI; if necessary, use "pci=nocrs" and report a bug
[    0.993780] PCI: Using E820 reservations for host bridge windows
[    0.996148] ACPI: Enabled 2 GPEs in block 00 to 0F
[    1.027943] ACPI: PCI Root Bridge [PCI0] (domain 0000 [bus 00-ff])
[    1.028935] acpi PNP0A03:00: _OSC: OS supports [ASPM ClockPM Segments MSI HPX-Type3]
[    1.029440] acpi PNP0A03:00: _OSC: not requesting OS control; OS requires [ExtendedConfig ASPM ClockPM MSI]
[    1.030401] acpi PNP0A03:00: fail to add MMCONFIG information, can't access extended configuration space under this bridge
[    1.039907] acpiphp: Slot [3] registered
[    1.044940] acpiphp: Slot [4] registered
[    1.045227] acpiphp: Slot [5] registered
[    1.045507] acpiphp: Slot [6] registered
[    1.050042] acpiphp: Slot [7] registered
[    1.050514] acpiphp: Slot [8] registered
[    1.050799] acpiphp: Slot [9] registered
[    1.051043] acpiphp: Slot [10] registered
[    1.051288] acpiphp: Slot [11] registered
[    1.051569] acpiphp: Slot [12] registered
[    1.056493] acpiphp: Slot [13] registered
[    1.056798] acpiphp: Slot [14] registered
[    1.057099] acpiphp: Slot [15] registered
[    1.057353] acpiphp: Slot [16] registered
[    1.057598] acpiphp: Slot [17] registered
[    1.064637] acpiphp: Slot [18] registered
[    1.064917] acpiphp: Slot [19] registered
[    1.073882] acpiphp: Slot [20] registered
[    1.074294] acpiphp: Slot [21] registered
[    1.074686] acpiphp: Slot [22] registered
[    1.074947] acpiphp: Slot [23] registered
[    1.075200] acpiphp: Slot [24] registered
[    1.075449] acpiphp: Slot [25] registered
[    1.084845] acpiphp: Slot [26] registered
[    1.085239] acpiphp: Slot [27] registered
[    1.085497] acpiphp: Slot [28] registered
[    1.085742] acpiphp: Slot [29] registered
[    1.086015] acpiphp: Slot [30] registered
[    1.086268] acpiphp: Slot [31] registered
[    1.095086] PCI host bridge to bus 0000:00
[    1.095451] pci_bus 0000:00: root bus resource [io  0x0000-0x0cf7 window]
[    1.095842] pci_bus 0000:00: root bus resource [io  0x0d00-0xffff window]
[    1.096077] pci_bus 0000:00: root bus resource [mem 0x000a0000-0x000bffff window]
[    1.104709] pci_bus 0000:00: root bus resource [mem 0x08000000-0xfebfffff window]
[    1.105092] pci_bus 0000:00: root bus resource [mem 0x100000000-0x17fffffff window]
[    1.105534] pci_bus 0000:00: root bus resource [bus 00-ff]
[    1.107100] pci 0000:00:00.0: [8086:1237] type 00 class 0x060000
[    1.118729] pci 0000:00:01.0: [8086:7000] type 00 class 0x060100
[    1.119607] pci 0000:00:01.1: [8086:7010] type 00 class 0x010180
[    1.126390] pci 0000:00:01.1: reg 0x20: [io  0xc0e0-0xc0ef]
[    1.127664] pci 0000:00:01.1: legacy IDE quirk: reg 0x10: [io  0x01f0-0x01f7]
[    1.129505] pci 0000:00:01.1: legacy IDE quirk: reg 0x14: [io  0x03f6]
[    1.129854] pci 0000:00:01.1: legacy IDE quirk: reg 0x18: [io  0x0170-0x0177]
[    1.130114] pci 0000:00:01.1: legacy IDE quirk: reg 0x1c: [io  0x0376]
[    1.131120] pci 0000:00:01.3: [8086:7113] type 00 class 0x068000
[    1.135233] pci 0000:00:01.3: quirk: [io  0x0600-0x063f] claimed by PIIX4 ACPI
[    1.135557] pci 0000:00:01.3: quirk: [io  0x0700-0x070f] claimed by PIIX4 SMB
[    1.136359] pci 0000:00:02.0: [1234:1111] type 00 class 0x030000
[    1.145486] pci 0000:00:02.0: reg 0x10: [mem 0xfd000000-0xfdffffff pref]
[    1.147110] pci 0000:00:02.0: reg 0x18: [mem 0xfeb90000-0xfeb90fff]
[    1.156347] pci 0000:00:02.0: reg 0x30: [mem 0xfeb80000-0xfeb8ffff pref]
[    1.156924] pci 0000:00:02.0: Video device with shadowed ROM at [mem 0x000c0000-0x000dffff]
[    1.164709] pci 0000:00:03.0: [1af4:1000] type 00 class 0x020000
[    1.165914] pci 0000:00:03.0: reg 0x10: [io  0xc080-0xc09f]
[    1.169053] pci 0000:00:03.0: reg 0x20: [mem 0xfe000000-0xfe003fff 64bit pref]
[    1.170355] pci 0000:00:03.0: reg 0x30: [mem 0xfea80000-0xfeafffff pref]
[    1.180403] pci 0000:00:04.0: [1af4:1005] type 00 class 0x00ff00
[    1.182721] pci 0000:00:04.0: reg 0x10: [io  0xc0a0-0xc0bf]
[    1.184037] pci 0000:00:04.0: reg 0x14: [mem 0xfeb91000-0xfeb91fff]
[    1.186797] pci 0000:00:04.0: reg 0x20: [mem 0xfe004000-0xfe007fff 64bit pref]
[    1.192212] pci 0000:00:05.0: [1af4:1000] type 00 class 0x020000
[    1.194455] pci 0000:00:05.0: reg 0x10: [io  0xc0c0-0xc0df]
[    1.195385] pci 0000:00:05.0: reg 0x14: [mem 0xfeb92000-0xfeb92fff]
[    1.199064] pci 0000:00:05.0: reg 0x20: [mem 0xfe008000-0xfe00bfff 64bit pref]
[    1.200053] pci 0000:00:05.0: reg 0x30: [mem 0xfeb00000-0xfeb7ffff pref]
[    1.205166] pci 0000:00:06.0: [1af4:1001] type 00 class 0x010000
[    1.206882] pci 0000:00:06.0: reg 0x10: [io  0xc000-0xc07f]
[    1.209566] pci 0000:00:06.0: reg 0x14: [mem 0xfeb93000-0xfeb93fff]
[    1.211494] pci 0000:00:06.0: reg 0x20: [mem 0xfe00c000-0xfe00ffff 64bit pref]
[    1.220397] ACPI: PCI: Interrupt link LNKA configured for IRQ 10
[    1.221280] ACPI: PCI: Interrupt link LNKB configured for IRQ 10
[    1.221947] ACPI: PCI: Interrupt link LNKC configured for IRQ 11
[    1.222596] ACPI: PCI: Interrupt link LNKD configured for IRQ 11
[    1.223012] ACPI: PCI: Interrupt link LNKS configured for IRQ 9
[    1.235096] iommu: Default domain type: Translated
[    1.235310] iommu: DMA domain TLB invalidation policy: lazy mode
[    1.239113] SCSI subsystem initialized
[    1.240903] ACPI: bus type USB registered
[    1.241590] usbcore: registered new interface driver usbfs
[    1.242132] usbcore: registered new interface driver hub
[    1.242477] usbcore: registered new device driver usb
[    1.243057] pps_core: LinuxPPS API ver. 1 registered
[    1.243253] pps_core: Software ver. 5.3.6 - Copyright 2005-2007 Rodolfo Giometti <giometti@linux.it>
[    1.244962] PTP clock support registered
[    1.265084] PCI: Using ACPI for IRQ routing
[    1.268201] hpet0: at MMIO 0xfed00000, IRQs 2, 8, 0
[    1.268514] hpet0: 3 comparators, 64-bit 100.000000 MHz counter
[    1.274511] clocksource: Switched to clocksource tsc-early
[    1.274511] pnp: PnP ACPI init
[    1.274511] pnp: PnP ACPI: found 6 devices
[    1.287346] clocksource: acpi_pm: mask: 0xffffff max_cycles: 0xffffff, max_idle_ns: 2085701024 ns
[    1.288355] NET: Registered PF_INET protocol family
[    1.289519] IP idents hash table entries: 2048 (order: 2, 16384 bytes, linear)
[    1.295368] tcp_listen_portaddr_hash hash table entries: 256 (order: 0, 4096 bytes, linear)
[    1.298360] Table-perturb hash table entries: 65536 (order: 6, 262144 bytes, linear)
[    1.298701] TCP established hash table entries: 1024 (order: 1, 8192 bytes, linear)
[    1.299134] TCP bind hash table entries: 1024 (order: 3, 32768 bytes, linear)
[    1.309300] TCP: Hash tables configured (established 1024 bind 1024)
[    1.311181] MPTCP token hash table entries: 256 (order: 1, 6144 bytes, linear)
[    1.311721] UDP hash table entries: 256 (order: 1, 8192 bytes, linear)
[    1.312164] UDP-Lite hash table entries: 256 (order: 1, 8192 bytes, linear)
[    1.321661] NET: Registered PF_UNIX/PF_LOCAL protocol family
[    1.322893] pci_bus 0000:00: resource 4 [io  0x0000-0x0cf7 window]
[    1.323133] pci_bus 0000:00: resource 5 [io  0x0d00-0xffff window]
[    1.323365] pci_bus 0000:00: resource 6 [mem 0x000a0000-0x000bffff window]
[    1.331331] pci_bus 0000:00: resource 7 [mem 0x08000000-0xfebfffff window]
[    1.331662] pci_bus 0000:00: resource 8 [mem 0x100000000-0x17fffffff window]
[    1.332419] pci 0000:00:01.0: PIIX3: Enabling Passive Release
[    1.342460] pci 0000:00:00.0: Limiting direct PCI/PCI transfers
[    1.342842] PCI: CLS 0 bytes, default 64
[    1.375080] workingset: timestamp_bits=46 max_order=15 bucket_order=0
[    1.377593] squashfs: version 4.0 (2009/01/31) Phillip Lougher
[    1.380118] Block layer SCSI generic (bsg) driver version 0.4 loaded (major 247)
[    1.384387] hv_vmbus: registering driver hyperv_fb
[    1.389278] input: Power Button as /devices/LNXSYSTM:00/LNXPWRBN:00/input/input0
[    1.402706] ACPI: button: Power Button [PWRF]
[    1.598785] ACPI: \_SB_.LNKC: Enabled at IRQ 11
[    1.785884] ACPI: \_SB_.LNKD: Enabled at IRQ 10
[    1.970879] ACPI: \_SB_.LNKA: Enabled at IRQ 10
[    2.156269] ACPI: \_SB_.LNKB: Enabled at IRQ 11
[    2.158372] Serial: 8250/16550 driver, 16 ports, IRQ sharing enabled
[    2.183465] 00:04: ttyS0 at I/O 0x3f8 (irq = 4, base_baud = 115200) is a 16550A
[    2.231002] Non-volatile memory driver v1.3
[    2.243671] Linux agpgart interface v0.103
[    2.244622] AMD-Vi: AMD IOMMUv2 functionality not available on this system - This is not a bug.
[    2.245261] ACPI: bus type drm_connector registered
[    2.247961] [drm] Found bochs VGA, ID 0xb0c5.
[    2.248173] [drm] Framebuffer size 16384 kB @ 0xfd000000, mmio @ 0xfeb90000.
[    2.262533] [drm] Found EDID data blob.
[    2.268438] [drm] Initialized bochs-drm 1.0.0 20130925 for 0000:00:02.0 on minor 0
[    2.339656] Console: switching to colour frame buffer device 160x50
[    2.349410] bochs-drm 0000:00:02.0: [drm] fb0: bochs-drmdrmfb frame buffer device
[    2.392911] loop: module loaded
[    2.393820] virtio_blk virtio3: 1/0/0 default/read/poll queues
[    2.399677] virtio_blk virtio3: [vda] 246784 512-byte logical blocks (126 MB/121 MiB)
[    2.409082]  vda: vda1 vda2
[    2.412756] Guest personality initialized and is inactive
[    2.413377] VMCI host device registered (name=vmci, major=10, minor=256)
[    2.413671] Initialized host personality
[    2.414691] VMware PVSCSI driver - version 1.0.7.0-k
[    2.415028] hv_vmbus: registering driver hv_storvsc
[    2.425933] tsc: Refined TSC clocksource calibration: 2445.409 MHz
[    2.426624] clocksource: tsc: mask: 0xffffffffffffffff max_cycles: 0x233fc7f3f21, max_idle_ns: 440795317890 ns
[    2.427375] clocksource: Switched to clocksource tsc
[    2.451344] scsi host0: ata_piix
[    2.454694] scsi host1: ata_piix
[    2.456074] ata1: PATA max MWDMA2 cmd 0x1f0 ctl 0x3f6 bmdma 0xc0e0 irq 14
[    2.456472] ata2: PATA max MWDMA2 cmd 0x170 ctl 0x376 bmdma 0xc0e8 irq 15
[    2.468047] VMware vmxnet3 virtual NIC driver - version 1.7.0.0-k-NAPI
[    2.468726] hv_vmbus: registering driver hv_netvsc
[    2.469126] Fusion MPT base driver 3.04.20
[    2.469314] Copyright (c) 1999-2008 LSI Corporation
[    2.469686] Fusion MPT SPI Host driver 3.04.20
[    2.479368] Fusion MPT SAS Host driver 3.04.20
[    2.481813] usbcore: registered new interface driver usb-storage
[    2.483163] i8042: PNP: PS/2 Controller [PNP0303:KBD,PNP0f13:MOU] at 0x60,0x64 irq 1,12
[    2.489656] serio: i8042 KBD port at 0x60,0x64 irq 1
[    2.492546] serio: i8042 AUX port at 0x60,0x64 irq 12
[    2.494815] hv_vmbus: registering driver hyperv_keyboard
[    2.497736] rtc_cmos 00:05: RTC can wake from S4
[    2.503556] rtc_cmos 00:05: registered as rtc0
[    2.506231] rtc_cmos 00:05: setting system clock to 2026-04-07T01:50:01 UTC (1775526601)
[    2.508758] rtc_cmos 00:05: alarms up to one day, y3k, 242 bytes nvram, hpet irqs
[    2.511867] amd_pstate: the _CPC object is not present in SBIOS or ACPI disabled
[    2.517320] sdhci: Secure Digital Host Controller Interface driver
[    2.519529] sdhci: Copyright(c) Pierre Ossman
[    2.530489] input: AT Translated Set 2 keyboard as /devices/platform/i8042/serio0/input/input1
[    2.563403] hid: raw HID events driver (C) Jiri Kosina
[    2.566535] hv_vmbus: registering driver hid_hyperv
[    2.569498] usbcore: registered new interface driver usbhid
[    2.571716] usbhid: USB HID core driver
[    2.574006] hv_utils: Registering HyperV Utility Driver
[    2.576692] hv_vmbus: registering driver hv_utils
[    2.578800] hv_vmbus: registering driver hv_balloon
[    2.582378] NET: Registered PF_INET6 protocol family
[    2.600341] Segment Routing with IPv6
[    2.602721] In-situ OAM (IOAM) with IPv6
[    2.605308] NET: Registered PF_PACKET protocol family
[    2.608100] bridge: filtering via arp/ip/ip6tables is no longer available by default. Update your scripts to load br_netfilter if you need this.
[    2.617643] 8021q: 802.1Q VLAN Support v1.8
[    2.620512] NET: Registered PF_VSOCK protocol family
[    2.630960] IPI shorthand broadcast: enabled
[    2.633332] AVX2 version of gcm_enc/dec engaged.
[    2.640051] AES CTR mode by8 optimization enabled
[    2.661154] sched_clock: Marking stable (2400079610, 255560908)->(2744468591, -88828073)
[    2.706551] ata2: found unknown device (class 0)
[    2.808802] ata2.00: ATAPI: QEMU DVD-ROM, 2.5+, max UDMA/100
[    2.818609] clk: Disabling unused clocks
[    2.839878] scsi 1:0:0:0: CD-ROM            QEMU     QEMU DVD-ROM     2.5+ PQ: 0 ANSI: 5
[    2.907946] sr 1:0:0:0: [sr0] scsi3-mmc drive: 4x/4x cd/rw xa/form2 tray
[    2.910546] cdrom: Uniform CD-ROM driver Revision: 3.20
[    2.966411] VFS: Mounted root (squashfs filesystem) readonly on device 254:2.
[    3.036486] Freeing unused kernel image (initmem) memory: 2452K
[    3.039002] Write protecting the kernel read-only data: 18432k
[    3.043544] Freeing unused kernel image (rodata/data gap) memory: 1800K
[    3.046278] Run /sbin/init as init process
[    3.314399] init: Console is alive
[    3.939727] kmodloader: loading kernel modules from /etc/modules-boot.d/*
[    4.002893] button_hotplug: loading out-of-tree module taints kernel.
[    4.010717] Button Hotplug driver version 0.4.1
[    4.034295] Intel(R) 2.5G Ethernet Linux Driver
[    4.036831] Copyright(c) 2018 Intel Corporation.
[    4.055171] igb: Intel(R) Gigabit Ethernet Network Driver
[    4.057806] igb: Copyright (c) 2007-2014 Intel Corporation.
[    4.074025] kmodloader: done loading kernel modules from /etc/modules-boot.d/*
[    4.090034] init: - preinit -
[    5.055535] 8021q: adding VLAN 0 to HW filter on device eth0
Press the [f] key and hit [enter] to enter failsafe mode
Press the [1], [2], [3] or [4] key and hit [enter] to select the debug level
[    9.782241] loop0: detected capacity change from 0 to 212992
[    9.836040] loop0: detected capacity change from 212992 to 201216
[    9.850368] mount_root: overlay filesystem in /dev/loop0 has not been formatted yet
[   10.220923] EXT4-fs (loop0): mounted filesystem c17ac818-1364-4be5-8479-71e41d13ac3b r/w with ordered data mode. Quota mode: disabled.
[   10.234944] mount_root: overlay filesystem has not been fully initialized yet
[   10.253703] mount_root: switching to ext4 overlay
[   10.276337] overlayfs: null uuid detected in lower fs '/', falling back to xino=off,index=off,nfs_export=off.
[   11.048125] EXT4-fs (vda1): mounted filesystem 84173db5-fa99-e35a-95c6-28613cc79ea9 r/w without journal. Quota mode: disabled.
[   11.073012] urandom-seed: Seed file not found (/etc/urandom.seed)
[   11.223878] procd: - early -
[   12.049262] procd: - ubus -
[   12.237698] procd: - init -
Please press Enter to activate this console.
root
login[1001]: root login on 'ttyS0'


BusyBox v1.36.1 (2026-04-03 15:51:10 UTC) built-in shell (ash)

  _______                     ________        __
 |       |.-----.-----.-----.|  |  |  |.----.|  |_
 |   -   ||  _  |  -__|     ||  |  |  ||   _||   _|
 |_______||   __|_____|__|__||________||__|  |____|
          |__| W I R E L E S S   F R E E D O M
 -----------------------------------------------------
 OpenWrt 24.10-SNAPSHOT, r29147-a64f028d39
 -----------------------------------------------------
=== WARNING! =====================================
There is no root password defined on this device!
Use the "passwd" command to set up a new password
in order to prevent unauthorized SSH logins.
--------------------------------------------------
root@(none):~# dmesg -n 1
root@(none):~# echo 'TGAM''NTZNWJ'
TGAMNTZNWJ
root@(none):~# run() { echo -n "$MARKER"; sh -c "$@"; echo "$MARKER $?"; }
root@(none):~# echo 'CMCJ''MZCKCP'
CMCJMZCKCP
root@(none):~# MARKER='KQAH''EAVHMJ' run 'ubus wait_for network.interface.lan'
KQAHEAVHMJKQAHEAVHMJ 0
root@OpenWrt:~# echo 'BBJH''OULTXC'
BBJHOULTXC
root@OpenWrt:~# MARKER='XNAV''WONLJG' run 'ubus call network.interface.lan statu
s '"'"'{}'"'"''
XNAVWONLJG{
	"up": true,
	"pending": false,
	"available": true,
	"autostart": true,
	"dynamic": false,
	"uptime": 0,
	"l3_device": "br-lan",
	"proto": "static",
	"device": "br-lan",
	"updated": [
		"addresses"
	],
	"metric": 0,
	"dns_metric": 0,
	"delegation": true,
	"ipv4-address": [
		{
			"address": "192.168.1.1",
			"mask": 24
		}
	],
	"ipv6-address": [
		
	],
	"ipv6-prefix": [
		
	],
	"ipv6-prefix-assignment": [
		{
			"address": "fd81:2957:3591::",
			"mask": 60,
			"local-address": {
				"address": "fd81:2957:3591::1",
				"mask": 60
			}
		}
	],
	"route": [
		
	],
	"dns-server": [
		
	],
	"dns-search": [
		
	],
	"neighbors": [
		
	],
	"inactive": {
		"ipv4-address": [
			
		],
		"ipv6-address": [
			
		],
		"route": [
			
		],
		"dns-server": [
			
		],
		"dns-search": [
			
		],
		"neighbors": [
			
		]
	},
	"data": {
		
	}
}
XNAVWONLJG 0
root@OpenWrt:~# echo 'LLMK''SPOSGZ'
LLMKSPOSGZ
root@OpenWrt:~# MARKER='SOWA''NQEXGN' run true
SOWANQEXGNSOWANQEXGN 0
root@OpenWrt:~# echo 'GVPY''HPUCFM'
GVPYHPUCFM
root@OpenWrt:~# MARKER='AFBE''APGHGT' run 'source /etc/os-release; echo $BUILD_I
D'
AFBEAPGHGTr29147-a64f028d39
AFBEAPGHGT 0
root@OpenWrt:~# echo 'KHOB''XHJOXE'
KHOBXHJOXE
root@OpenWrt:~# MARKER='LXLG''FQMJTQ' run 'ls /etc/dropbear/dropbear_rsa_host_ke
y'
LXLGFQMJTQ[0;0m/etc/dropbear/dropbear_rsa_host_key[m
LXLGFQMJTQ 0
root@OpenWrt:~# echo 'OCCU''WUMVXQ'
OCCUWUMVXQ
root@OpenWrt:~# MARKER='AOSS''FWVZLQ' run 'netstat -tlpn | grep 0.0.0.0:22'
AOSSFWVZLQnetstat: showing only processes with your user ID
tcp        0      0 0.0.0.0:22              0.0.0.0:*               LISTEN      1742/dropbear
AOSSFWVZLQ 0
root@OpenWrt:~# echo 'USAZ''JOOTFH'
USAZJOOTFH
root@OpenWrt:~# MARKER='HFXU''YCTTWP' run 'dmesg | grep br-lan | grep forwarding
'
HFXUYCTTWP[   32.227534] br-lan: port 1(eth0) entered forwarding state
HFXUYCTTWP 0
root@OpenWrt:~# echo 'HHYK''BONNWJ'
HHYKBONNWJ
root@OpenWrt:~# MARKER='GFLB''ZVEMQS' run 'ubus call network.interface.lan statu
s '"'"'{}'"'"''
GFLBZVEMQS{
	"up": true,
	"pending": false,
	"available": true,
	"autostart": true,
	"dynamic": false,
	"uptime": 8,
	"l3_device": "br-lan",
	"proto": "static",
	"device": "br-lan",
	"updated": [
		"addresses"
	],
	"metric": 0,
	"dns_metric": 0,
	"delegation": true,
	"ipv4-address": [
		{
			"address": "192.168.1.1",
			"mask": 24
		}
	],
	"ipv6-address": [
		
	],
	"ipv6-prefix": [
		
	],
	"ipv6-prefix-assignment": [
		{
			"address": "fd81:2957:3591::",
			"mask": 60,
			"local-address": {
				"address": "fd81:2957:3591::1",
				"mask": 60
			}
		}
	],
	"route": [
		
	],
	"dns-server": [
		
	],
	"dns-search": [
		
	],
	"neighbors": [
		
	],
	"inactive": {
		"ipv4-address": [
			
		],
		"ipv6-address": [
			
		],
		"route": [
			
		],
		"dns-server": [
			
		],
		"dns-search": [
			
		],
		"neighbors": [
			
		]
	},
	"data": {
		
	}
}
GFLBZVEMQS 0
root@OpenWrt:~# echo 'FVTG''ZMMKQH'
FVTGZMMKQH
root@OpenWrt:~# MARKER='WPVG''SXVJEV' run 'ip -o addr show dev br-lan'
WPVGSXVJEV4: br-lan    inet 192.168.1.1/24 brd 192.168.1.255 scope global br-lan\       valid_lft forever preferred_lft forever
4: br-lan    inet6 fd81:2957:3591::1/60 scope global noprefixroute \       valid_lft forever preferred_lft forever
4: br-lan    inet6 fe80::5054:ff:fe12:3456/64 scope link \       valid_lft forever preferred_lft forever
WPVGSXVJEV 0
root@OpenWrt:~# echo 'GPUH''LVVEMG'
GPUHLVVEMG
root@OpenWrt:~# MARKER='UMLE''KSTALA' run 'ubus call network.interface.wan statu
s '"'"'{}'"'"''
UMLEKSTALA{
	"up": true,
	"pending": false,
	"available": true,
	"autostart": true,
	"dynamic": false,
	"uptime": 9,
	"l3_device": "eth1",
	"proto": "dhcp",
	"device": "eth1",
	"updated": [
		"addresses",
		"routes",
		"data"
	],
	"metric": 0,
	"dns_metric": 0,
	"delegation": true,
	"ipv4-address": [
		{
			"address": "10.0.2.15",
			"mask": 24
		}
	],
	"ipv6-address": [
		
	],
	"ipv6-prefix": [
		
	],
	"ipv6-prefix-assignment": [
		
	],
	"route": [
		{
			"target": "0.0.0.0",
			"mask": 0,
			"nexthop": "10.0.2.2",
			"source": "10.0.2.15/32"
		}
	],
	"dns-server": [
		"10.0.2.3"
	],
	"dns-search": [
		
	],
	"neighbors": [
		
	],
	"inactive": {
		"ipv4-address": [
			
		],
		"ipv6-address": [
			
		],
		"route": [
			
		],
		"dns-server": [
			
		],
		"dns-search": [
			
		],
		"neighbors": [
			
		]
	},
	"data": {
		"dhcpserver": "10.0.2.2",
		"leasetime": 86400
	}
}
UMLEKSTALA 0
root@OpenWrt:~# 