Labgrid Console Logfile for main
Logfile started at 2026-03-12 02:10:25.565844
=== Log starts here ===
c[?7l[2J[0mSeaBIOS (version 1.16.3-debian-1.16.3-2)


iPXE (https://ipxe.org) 00:03.0 CA00 PCI2.10 PnP PMM+06FCAE70+06F0AE70 CA00
Press Ctrl-B to configure iPXE (PCI 00:03.0)...                                                                               




iPXE (https://ipxe.org) 00:05.0 CB00 PCI2.10 PnP PMM 06FCAE70 06F0AE70 CB00
Press Ctrl-B to configure iPXE (PCI 00:05.0)...                                                                               


Booting from Hard Disk...
GRUB loading.....
[0;30;47mWelcome to GRUB![01;01H[0m[2J[H[J[1;1H[?25l[m[H[J[1;1H[2;30HGNU GRUB  version 2.12

[m[4;2H+----------------------------------------------------------------------------+[5;2H|[5;79H|[6;2H|[6;79H|[7;2H|[7;79H|[8;2H|[8;79H|[9;2H|[9;79H|[10;2H|[10;79H|[11;2H|[11;79H|[12;2H|[12;79H|[13;2H|[13;79H|[14;2H|[14;79H|[15;2H|[15;79H|[16;2H+----------------------------------------------------------------------------+[m[17;2H[18;2H[m     Use the ^ and v keys to select which entry is highlighted.          
      Press enter to boot the selected OS, `e' to edit the commands       
      before booting or `c' for a command-line. ESC to return             
      previous menu.                                                      [5;80H [7m[5;3H*OpenWrt                                                                    [m[5;78H[m[m[6;3H OpenWrt (failsafe)                                                         [m[6;78H[m[m[7;3H                                                                            [m[7;78H[m[m[8;3H                                                                            [m[8;78H[m[m[9;3H                                                                            [m[9;78H[m[m[10;3H                                                                            [m[10;78H[m[m[11;3H                                                                            [m[11;78H[m[m[12;3H                                                                            [m[12;78H[m[m[13;3H                                                                            [m[13;78H[m[m[14;3H                                                                            [m[14;78H[m[m[15;3H                                                                            [m[15;78H[m[15;80H [5;78H[2J[02;30HGNU GRUB  version 2.12[04;02H┌────────────────────────────────────────────────────────────────────────────┐[05;02H│[05;79H│[06;02H│[06;79H│[07;02H│[07;79H│[08;02H│[08;79H│[09;02H│[09;79H│[10;02H│[10;79H│[11;02H│[11;79H│[12;02H│[12;79H│[13;02H│[13;79H│[14;02H│[14;79H│[15;02H│[15;79H│[16;02H│[16;79H│[17;02H└────────────────────────────────────────────────────────────────────────────┘[19;02H     Use the ↑ and ↓ keys to select which entry is highlighted.          
      Press enter to boot the selected OS, `e' to edit the commands       
      before booting or `c' for a command-line. ESC to return             
    [22;04H[22;05H  previous menu.                                                      [05;80H [05;03H[0;30;47m*OpenWrt                                                                    [06;03H[0m OpenWrt (failsafe)                                                         [07;03H                                                                            [08;03H                                                                            [09;03H                [09;18H[09;19H                                                            [10;03H                                                                            [11;03H                                                                            [12;03H                                                                            [13;03H                                                                            [14;03H                                                                            [15;03H                                                                            [16;03H                                                                           [16;77H[16;78H [16;80H 






   The highlighted entry will be executed automatically in 5s.                [22;1H   The highlighted entry will be executed automatically in 5s.                 [5;78H [05;78H

















   The highlighted entry will be executed automatically in 4s.                [22;1H   The highlighted entry will be executed automatically in 4s.                 [5;78H [05;78H

















   The highlighted entry will be executed automatically in 3s.                [22;1H   The highlighted entry will be executed automatically in 3s.                 [5;78H [05;78H

















   The highlighted entry will be executed automatically in 2s.                [22;1H   The highlighted entry will be executed automatically in 2s.                 [5;78H [05;78H

















   The highlighted entry[23;24H[23;25H will be executed automatically in 1s.                [22;1H   The highlighted entry will be executed automatically in 1s.                 [5;78H [05;78H

















   The highlighted entry will be executed automatically in 0s.                [22;1H   The highlighted entry will be executed automatically in 0s.                 [5;78H [01;01H[2J[?25h[H[J[1;1H[H[J[1;1H[2J   Booting `OpenWrt' Booting `OpenWrt

'

[    0.000000] Linux version 6.6.127 (builder@buildhost) (x86_64-openwrt-linux-musl-gcc (OpenWrt GCC 13.3.0 r29135-6f55a70589) 13.3.0, GNU ld (GNU Binutils) 2.42) #0 SMP Tue Mar 10 23:26:12 2026
[    0.000000] Command line: BOOT_IMAGE=/boot/vmlinuz root=PARTUUID=88513aea-02 rootwait console=tty1 console=ttyS0,115200n8 noinitrd
[    0.000000] BIOS-provided physical RAM map:
[    0.000000] BIOS-e820: [mem 0x0000000000000000-0x000000000009fbff] usable
[    0.000000] BIOS-e820: [mem 0x000000000009fc00-0x000000000009ffff] reserved
[    0.000000] BIOS-e820: [mem 0x00000000000f0000-0x00000000000fffff] reserved
[    0.000000] BIOS-e820: [mem 0x0000000000100000-0x0000000007fdcfff] usable
[    0.000000] BIOS-e820: [mem 0x0000000007fdd000-0x0000000007ffffff] reserved
[    0.000000] BIOS-e820: [mem 0x00000000fffc0000-0x00000000ffffffff] reserved
[    0.000000] BIOS-e820: [mem 0x000000fd00000000-0x000000ffffffffff] reserved
[    0.000000] NX (Execute Disable) protection: active
[    0.000000] APIC: Static calls initialized
[    0.000000] SMBIOS 3.0.0 present.
[    0.000000] DMI: QEMU Standard PC (i440FX + PIIX, 1996), BIOS 1.16.3-debian-1.16.3-2 04/01/2014
[    0.000000] tsc: Fast TSC calibration using PIT
[    0.000000] tsc: Detected 2793.511 MHz processor
[    0.007973] last_pfn = 0x7fdd max_arch_pfn = 0x400000000
[    0.008601] MTRR map: 4 entries (3 fixed + 1 variable; max 19), built from 8 variable MTRRs
[    0.008787] x86/PAT: Configuration [0-7]: WB  WC  UC- UC  WB  WP  UC- WT  
[    0.027360] found SMP MP-table at [mem 0x000f5460-0x000f546f]
[    0.028708] Using GB pages for direct mapping
[    0.032320] ACPI: Early table checksum verification disabled
[    0.032668] ACPI: RSDP 0x00000000000F5290 000014 (v00 BOCHS )
[    0.032968] ACPI: RSDT 0x0000000007FE1C64 000034 (v01 BOCHS  BXPC     00000001 BXPC 00000001)
[    0.033476] ACPI: FACP 0x0000000007FE1B18 000074 (v01 BOCHS  BXPC     00000001 BXPC 00000001)
[    0.034095] ACPI: DSDT 0x0000000007FE0040 001AD8 (v01 BOCHS  BXPC     00000001 BXPC 00000001)
[    0.034189] ACPI: FACS 0x0000000007FE0000 000040
[    0.034241] ACPI: APIC 0x0000000007FE1B8C 000078 (v03 BOCHS  BXPC     00000001 BXPC 00000001)
[    0.034269] ACPI: HPET 0x0000000007FE1C04 000038 (v01 BOCHS  BXPC     00000001 BXPC 00000001)
[    0.034294] ACPI: WAET 0x0000000007FE1C3C 000028 (v01 BOCHS  BXPC     00000001 BXPC 00000001)
[    0.034375] ACPI: Reserving FACP table memory at [mem 0x7fe1b18-0x7fe1b8b]
[    0.034433] ACPI: Reserving DSDT table memory at [mem 0x7fe0040-0x7fe1b17]
[    0.034442] ACPI: Reserving FACS table memory at [mem 0x7fe0000-0x7fe003f]
[    0.034448] ACPI: Reserving APIC table memory at [mem 0x7fe1b8c-0x7fe1c03]
[    0.034454] ACPI: Reserving HPET table memory at [mem 0x7fe1c04-0x7fe1c3b]
[    0.034460] ACPI: Reserving WAET table memory at [mem 0x7fe1c3c-0x7fe1c63]
[    0.037526] Zone ranges:
[    0.037563]   DMA      [mem 0x0000000000001000-0x0000000000ffffff]
[    0.037642]   DMA32    [mem 0x0000000001000000-0x0000000007fdcfff]
[    0.037655]   Normal   empty
[    0.037678] Movable zone start for each node
[    0.037705] Early memory node ranges
[    0.037734]   node   0: [mem 0x0000000000001000-0x000000000009efff]
[    0.037777]   node   0: [mem 0x0000000000100000-0x0000000007fdcfff]
[    0.037884] Initmem setup node 0 [mem 0x0000000000001000-0x0000000007fdcfff]
[    0.038751] On node 0, zone DMA: 1 pages in unavailable ranges
[    0.039105] On node 0, zone DMA: 97 pages in unavailable ranges
[    0.040258] On node 0, zone DMA32: 35 pages in unavailable ranges
[    0.040601] ACPI: PM-Timer IO Port: 0x608
[    0.041230] ACPI: LAPIC_NMI (acpi_id[0xff] dfl dfl lint[0x1])
[    0.041661] IOAPIC[0]: apic_id 0, version 32, address 0xfec00000, GSI 0-23
[    0.041769] ACPI: INT_SRC_OVR (bus 0 bus_irq 0 global_irq 2 dfl dfl)
[    0.042019] ACPI: INT_SRC_OVR (bus 0 bus_irq 5 global_irq 5 high level)
[    0.042074] ACPI: INT_SRC_OVR (bus 0 bus_irq 9 global_irq 9 high level)
[    0.042162] ACPI: INT_SRC_OVR (bus 0 bus_irq 10 global_irq 10 high level)
[    0.042172] ACPI: INT_SRC_OVR (bus 0 bus_irq 11 global_irq 11 high level)
[    0.042358] ACPI: Using ACPI (MADT) for SMP configuration information
[    0.042409] ACPI: HPET id: 0x8086a201 base: 0xfed00000
[    0.042702] smpboot: Allowing 1 CPUs, 0 hotplug CPUs
[    0.043721] [mem 0x08000000-0xfffbffff] available for PCI devices
[    0.043768] Booting paravirtualized kernel on bare hardware
[    0.044056] clocksource: refined-jiffies: mask: 0xffffffff max_cycles: 0xffffffff, max_idle_ns: 19112604462750000 ns
[    0.044656] setup_percpu: NR_CPUS:512 nr_cpumask_bits:1 nr_cpu_ids:1 nr_node_ids:1
[    0.046174] percpu: Embedded 48 pages/cpu s158248 r8192 d30168 u2097152
[    0.048396] Kernel command line: BOOT_IMAGE=/boot/vmlinuz root=PARTUUID=88513aea-02 rootwait console=tty1 console=ttyS0,115200n8 noinitrd
[    0.050014] random: crng init done
[    0.054140] Dentry cache hash table entries: 16384 (order: 5, 131072 bytes, linear)
[    0.054950] Inode-cache hash table entries: 8192 (order: 4, 65536 bytes, linear)
[    0.057429] Built 1 zonelists, mobility grouping on.  Total pages: 31965
[    0.057660] mem auto-init: stack:off, heap alloc:off, heap free:off
[    0.061431] Memory: 102576K/130540K available (14336K kernel code, 1169K rwdata, 2296K rodata, 2452K init, 2408K bss, 27708K reserved, 0K cma-reserved)
[    0.067291] SLUB: HWalign=64, Order=0-3, MinObjects=0, CPUs=1, Nodes=1
[    0.074892] rcu: Hierarchical RCU implementation.
[    0.074926] rcu: 	RCU restricting CPUs from NR_CPUS=512 to nr_cpu_ids=1.
[    0.075038] 	Tracing variant of Tasks RCU enabled.
[    0.075123] rcu: RCU calculated value of scheduler-enlistment delay is 10 jiffies.
[    0.075150] rcu: Adjusting geometry for rcu_fanout_leaf=16, nr_cpu_ids=1
[    0.076279] NR_IRQS: 33024, nr_irqs: 256, preallocated irqs: 16
[    0.085262] rcu: srcu_init: Setting srcu_struct sizes based on contention.
[    0.092015] Console: colour VGA+ 80x25
[    0.092316] printk: console [tty1] enabled
[    0.100118] printk: console [ttyS0] enabled
[    0.330414] ACPI: Core revision 20230628
[    0.345550] clocksource: hpet: mask: 0xffffffff max_cycles: 0xffffffff, max_idle_ns: 19112604467 ns
[    0.350427] APIC: Switch to symmetric I/O mode setup
[    0.355233] ..TIMER: vector=0x30 apic1=0 pin1=2 apic2=-1 pin2=-1
[    0.397278] clocksource: tsc-early: mask: 0xffffffffffffffff max_cycles: 0x28444f215cd, max_idle_ns: 440795337341 ns
[    0.397921] Calibrating delay loop (skipped), value calculated using timer frequency.. 5587.02 BogoMIPS (lpj=27935110)
[    0.399508] x86/cpu: User Mode Instruction Prevention (UMIP) activated
[    0.414475] Last level iTLB entries: 4KB 0, 2MB 0, 4MB 0
[    0.414879] Last level dTLB entries: 4KB 0, 2MB 0, 4MB 0, 1GB 0
[    0.417949] Spectre V1 : Mitigation: usercopy/swapgs barriers and __user pointer sanitization
[    0.419548] Spectre V2 : Mitigation: Retpolines
[    0.419911] Spectre V2 : Spectre v2 / SpectreRSB: Filling RSB on context switch and VMEXIT
[    0.420450] Speculative Store Bypass: Vulnerable
[    0.422055] x86/fpu: Supporting XSAVE feature 0x001: 'x87 floating point registers'
[    0.430569] x86/fpu: Supporting XSAVE feature 0x002: 'SSE registers'
[    0.430822] x86/fpu: Supporting XSAVE feature 0x004: 'AVX registers'
[    0.431004] x86/fpu: Supporting XSAVE feature 0x008: 'MPX bounds registers'
[    0.431195] x86/fpu: Supporting XSAVE feature 0x010: 'MPX CSR'
[    0.438199] x86/fpu: xstate_offset[2]:  576, xstate_sizes[2]:  256
[    0.438532] x86/fpu: xstate_offset[3]:  960, xstate_sizes[3]:   64
[    0.438711] x86/fpu: xstate_offset[4]: 1024, xstate_sizes[4]:   64
[    0.438903] x86/fpu: Enabled xstate features 0x1f, context size is 1088 bytes, using 'standard' format.
[    0.686693] Freeing SMP alternatives memory: 40K
[    0.688003] pid_max: default: 32768 minimum: 301
[    0.697146] Mount-cache hash table entries: 512 (order: 0, 4096 bytes, linear)
[    0.697513] Mountpoint-cache hash table entries: 512 (order: 0, 4096 bytes, linear)
[    0.846324] smpboot: CPU0: AMD QEMU TCG CPU version 2.5+ (family: 0x6, model: 0x6, stepping: 0x3)
[    0.847833] RCU Tasks Trace: Setting shift to 0 and lim to 1 rcu_task_cb_adjust=1 rcu_task_cpu_ids=1.
[    0.848288] Performance Events: PMU not available due to virtualization, using software events only.
[    0.849671] signal: max sigframe size: 1616
[    0.851186] rcu: Hierarchical SRCU implementation.
[    0.851376] rcu: 	Max phase no-delay instances is 1000.
[    0.854305] smp: Bringing up secondary CPUs ...
[    0.856235] smp: Brought up 1 node, 1 CPU
[    0.856411] smpboot: Max logical packages: 1
[    0.859452] smpboot: Total of 1 processors activated (5587.02 BogoMIPS)
[    0.876759] clocksource: jiffies: mask: 0xffffffff max_cycles: 0xffffffff, max_idle_ns: 19112604462750000 ns
[    0.877530] futex hash table entries: 256 (order: 2, 16384 bytes, linear)
[    0.878625] pinctrl core: initialized pinctrl subsystem
[    0.895760] NET: Registered PF_NETLINK/PF_ROUTE protocol family
[    0.902222] thermal_sys: Registered thermal governor 'step_wise'
[    0.902268] thermal_sys: Registered thermal governor 'user_space'
[    0.903168] cpuidle: using governor ladder
[    0.903590] cpuidle: using governor menu
[    0.907640] acpiphp: ACPI Hot Plug PCI Controller Driver version: 0.5
[    0.910888] PCI: Using configuration type 1 for base access
[    0.919864] cryptd: max_cpu_qlen set to 1000
[    0.924704] ACPI: Added _OSI(Module Device)
[    0.924900] ACPI: Added _OSI(Processor Device)
[    0.925044] ACPI: Added _OSI(Processor Aggregator Device)
[    0.939348] ACPI: 1 ACPI AML tables successfully acquired and loaded
[    0.953660] ACPI: _OSC evaluation for CPUs failed, trying _PDC
[    0.955708] ACPI: Interpreter enabled
[    0.956432] ACPI: PM: (supports S0 S5)
[    0.956662] ACPI: Using IOAPIC for interrupt routing
[    0.957247] PCI: Using host bridge windows from ACPI; if necessary, use "pci=nocrs" and report a bug
[    0.958205] PCI: Using E820 reservations for host bridge windows
[    0.959999] ACPI: Enabled 2 GPEs in block 00 to 0F
[    0.996489] ACPI: PCI Root Bridge [PCI0] (domain 0000 [bus 00-ff])
[    0.997365] acpi PNP0A03:00: _OSC: OS supports [ASPM ClockPM Segments MSI HPX-Type3]
[    0.997858] acpi PNP0A03:00: _OSC: not requesting OS control; OS requires [ExtendedConfig ASPM ClockPM MSI]
[    0.998649] acpi PNP0A03:00: fail to add MMCONFIG information, can't access extended configuration space under this bridge
[    1.012265] acpiphp: Slot [3] registered
[    1.012879] acpiphp: Slot [4] registered
[    1.013142] acpiphp: Slot [5] registered
[    1.013350] acpiphp: Slot [6] registered
[    1.018089] acpiphp: Slot [7] registered
[    1.018462] acpiphp: Slot [8] registered
[    1.018682] acpiphp: Slot [9] registered
[    1.018916] acpiphp: Slot [10] registered
[    1.019125] acpiphp: Slot [11] registered
[    1.019369] acpiphp: Slot [12] registered
[    1.029731] acpiphp: Slot [13] registered
[    1.029974] acpiphp: Slot [14] registered
[    1.030190] acpiphp: Slot [15] registered
[    1.030398] acpiphp: Slot [16] registered
[    1.030604] acpiphp: Slot [17] registered
[    1.030804] acpiphp: Slot [18] registered
[    1.038184] acpiphp: Slot [19] registered
[    1.038566] acpiphp: Slot [20] registered
[    1.038816] acpiphp: Slot [21] registered
[    1.039036] acpiphp: Slot [22] registered
[    1.039242] acpiphp: Slot [23] registered
[    1.039458] acpiphp: Slot [24] registered
[    1.039658] acpiphp: Slot [25] registered
[    1.048095] acpiphp: Slot [26] registered
[    1.048451] acpiphp: Slot [27] registered
[    1.048799] acpiphp: Slot [28] registered
[    1.049024] acpiphp: Slot [29] registered
[    1.049235] acpiphp: Slot [30] registered
[    1.049444] acpiphp: Slot [31] registered
[    1.049887] PCI host bridge to bus 0000:00
[    1.058302] pci_bus 0000:00: root bus resource [io  0x0000-0x0cf7 window]
[    1.058690] pci_bus 0000:00: root bus resource [io  0x0d00-0xffff window]
[    1.058873] pci_bus 0000:00: root bus resource [mem 0x000a0000-0x000bffff window]
[    1.068012] pci_bus 0000:00: root bus resource [mem 0x08000000-0xfebfffff window]
[    1.068355] pci_bus 0000:00: root bus resource [mem 0x100000000-0x17fffffff window]
[    1.068739] pci_bus 0000:00: root bus resource [bus 00-ff]
[    1.070238] pci 0000:00:00.0: [8086:1237] type 00 class 0x060000
[    1.088927] pci 0000:00:01.0: [8086:7000] type 00 class 0x060100
[    1.089746] pci 0000:00:01.1: [8086:7010] type 00 class 0x010180
[    1.092101] pci 0000:00:01.1: reg 0x20: [io  0xc0e0-0xc0ef]
[    1.093113] pci 0000:00:01.1: legacy IDE quirk: reg 0x10: [io  0x01f0-0x01f7]
[    1.095879] pci 0000:00:01.1: legacy IDE quirk: reg 0x14: [io  0x03f6]
[    1.096238] pci 0000:00:01.1: legacy IDE quirk: reg 0x18: [io  0x0170-0x0177]
[    1.096442] pci 0000:00:01.1: legacy IDE quirk: reg 0x1c: [io  0x0376]
[    1.097470] pci 0000:00:01.3: [8086:7113] type 00 class 0x068000
[    1.098643] pci 0000:00:01.3: quirk: [io  0x0600-0x063f] claimed by PIIX4 ACPI
[    1.107880] pci 0000:00:01.3: quirk: [io  0x0700-0x070f] claimed by PIIX4 SMB
[    1.108738] pci 0000:00:02.0: [1234:1111] type 00 class 0x030000
[    1.118157] pci 0000:00:02.0: reg 0x10: [mem 0xfd000000-0xfdffffff pref]
[    1.119603] pci 0000:00:02.0: reg 0x18: [mem 0xfeb90000-0xfeb90fff]
[    1.122163] pci 0000:00:02.0: reg 0x30: [mem 0xfeb80000-0xfeb8ffff pref]
[    1.122694] pci 0000:00:02.0: Video device with shadowed ROM at [mem 0x000c0000-0x000dffff]
[    1.129126] pci 0000:00:03.0: [1af4:1000] type 00 class 0x020000
[    1.129999] pci 0000:00:03.0: reg 0x10: [io  0xc080-0xc09f]
[    1.132825] pci 0000:00:03.0: reg 0x20: [mem 0xfe000000-0xfe003fff 64bit pref]
[    1.133679] pci 0000:00:03.0: reg 0x30: [mem 0xfea80000-0xfeafffff pref]
[    1.143194] pci 0000:00:04.0: [1af4:1005] type 00 class 0x00ff00
[    1.145177] pci 0000:00:04.0: reg 0x10: [io  0xc0a0-0xc0bf]
[    1.148617] pci 0000:00:04.0: reg 0x14: [mem 0xfeb91000-0xfeb91fff]
[    1.151365] pci 0000:00:04.0: reg 0x20: [mem 0xfe004000-0xfe007fff 64bit pref]
[    1.156720] pci 0000:00:05.0: [1af4:1000] type 00 class 0x020000
[    1.158600] pci 0000:00:05.0: reg 0x10: [io  0xc0c0-0xc0df]
[    1.159481] pci 0000:00:05.0: reg 0x14: [mem 0xfeb92000-0xfeb92fff]
[    1.163462] pci 0000:00:05.0: reg 0x20: [mem 0xfe008000-0xfe00bfff 64bit pref]
[    1.164452] pci 0000:00:05.0: reg 0x30: [mem 0xfeb00000-0xfeb7ffff pref]
[    1.169775] pci 0000:00:06.0: [1af4:1001] type 00 class 0x010000
[    1.171539] pci 0000:00:06.0: reg 0x10: [io  0xc000-0xc07f]
[    1.174608] pci 0000:00:06.0: reg 0x14: [mem 0xfeb93000-0xfeb93fff]
[    1.176594] pci 0000:00:06.0: reg 0x20: [mem 0xfe00c000-0xfe00ffff 64bit pref]
[    1.185623] ACPI: PCI: Interrupt link LNKA configured for IRQ 10
[    1.186485] ACPI: PCI: Interrupt link LNKB configured for IRQ 10
[    1.187076] ACPI: PCI: Interrupt link LNKC configured for IRQ 11
[    1.187641] ACPI: PCI: Interrupt link LNKD configured for IRQ 11
[    1.188071] ACPI: PCI: Interrupt link LNKS configured for IRQ 9
[    1.200831] iommu: Default domain type: Translated
[    1.201065] iommu: DMA domain TLB invalidation policy: lazy mode
[    1.203121] SCSI subsystem initialized
[    1.204858] ACPI: bus type USB registered
[    1.205345] usbcore: registered new interface driver usbfs
[    1.207833] usbcore: registered new interface driver hub
[    1.208118] usbcore: registered new device driver usb
[    1.208678] pps_core: LinuxPPS API ver. 1 registered
[    1.208846] pps_core: Software ver. 5.3.6 - Copyright 2005-2007 Rodolfo Giometti <giometti@linux.it>
[    1.218233] PTP clock support registered
[    1.232227] PCI: Using ACPI for IRQ routing
[    1.235325] hpet0: at MMIO 0xfed00000, IRQs 2, 8, 0
[    1.235586] hpet0: 3 comparators, 64-bit 100.000000 MHz counter
[    1.241755] clocksource: Switched to clocksource tsc-early
[    1.244362] pnp: PnP ACPI init
[    1.246729] pnp: PnP ACPI: found 6 devices
[    1.259039] clocksource: acpi_pm: mask: 0xffffff max_cycles: 0xffffff, max_idle_ns: 2085701024 ns
[    1.259979] NET: Registered PF_INET protocol family
[    1.261083] IP idents hash table entries: 2048 (order: 2, 16384 bytes, linear)
[    1.266685] tcp_listen_portaddr_hash hash table entries: 256 (order: 0, 4096 bytes, linear)
[    1.270132] Table-perturb hash table entries: 65536 (order: 6, 262144 bytes, linear)
[    1.270488] TCP established hash table entries: 1024 (order: 1, 8192 bytes, linear)
[    1.270905] TCP bind hash table entries: 1024 (order: 3, 32768 bytes, linear)
[    1.281152] TCP: Hash tables configured (established 1024 bind 1024)
[    1.283419] MPTCP token hash table entries: 256 (order: 1, 6144 bytes, linear)
[    1.283947] UDP hash table entries: 256 (order: 1, 8192 bytes, linear)
[    1.284335] UDP-Lite hash table entries: 256 (order: 1, 8192 bytes, linear)
[    1.293452] NET: Registered PF_UNIX/PF_LOCAL protocol family
[    1.294686] pci_bus 0000:00: resource 4 [io  0x0000-0x0cf7 window]
[    1.294884] pci_bus 0000:00: resource 5 [io  0x0d00-0xffff window]
[    1.295051] pci_bus 0000:00: resource 6 [mem 0x000a0000-0x000bffff window]
[    1.302956] pci_bus 0000:00: resource 7 [mem 0x08000000-0xfebfffff window]
[    1.303255] pci_bus 0000:00: resource 8 [mem 0x100000000-0x17fffffff window]
[    1.304051] pci 0000:00:01.0: PIIX3: Enabling Passive Release
[    1.314274] pci 0000:00:00.0: Limiting direct PCI/PCI transfers
[    1.314738] PCI: CLS 0 bytes, default 64
[    1.346750] workingset: timestamp_bits=46 max_order=15 bucket_order=0
[    1.348835] squashfs: version 4.0 (2009/01/31) Phillip Lougher
[    1.351606] Block layer SCSI generic (bsg) driver version 0.4 loaded (major 247)
[    1.355598] hv_vmbus: registering driver hyperv_fb
[    1.360679] input: Power Button as /devices/LNXSYSTM:00/LNXPWRBN:00/input/input0
[    1.373575] ACPI: button: Power Button [PWRF]
[    1.548131] ACPI: \_SB_.LNKC: Enabled at IRQ 11
[    1.715268] ACPI: \_SB_.LNKD: Enabled at IRQ 10
[    1.880696] ACPI: \_SB_.LNKA: Enabled at IRQ 10
[    2.045347] ACPI: \_SB_.LNKB: Enabled at IRQ 11
[    2.047279] Serial: 8250/16550 driver, 16 ports, IRQ sharing enabled
[    2.071722] 00:04: ttyS0 at I/O 0x3f8 (irq = 4, base_baud = 115200) is a 16550A
[    2.113300] Non-volatile memory driver v1.3
[    2.125307] Linux agpgart interface v0.103
[    2.126203] AMD-Vi: AMD IOMMUv2 functionality not available on this system - This is not a bug.
[    2.126749] ACPI: bus type drm_connector registered
[    2.129053] [drm] Found bochs VGA, ID 0xb0c5.
[    2.129225] [drm] Framebuffer size 16384 kB @ 0xfd000000, mmio @ 0xfeb90000.
[    2.144035] [drm] Found EDID data blob.
[    2.149871] [drm] Initialized bochs-drm 1.0.0 20130925 for 0000:00:02.0 on minor 0
[    2.225148] Console: switching to colour frame buffer device 160x50
[    2.234094] bochs-drm 0000:00:02.0: [drm] fb0: bochs-drmdrmfb frame buffer device
[    2.270456] loop: module loaded
[    2.271315] virtio_blk virtio3: 1/0/0 default/read/poll queues
[    2.276743] virtio_blk virtio3: [vda] 246784 512-byte logical blocks (126 MB/121 MiB)
[    2.285716]  vda: vda1 vda2
[    2.289462] Guest personality initialized and is inactive
[    2.290130] VMCI host device registered (name=vmci, major=10, minor=256)
[    2.290360] Initialized host personality
[    2.291207] VMware PVSCSI driver - version 1.0.7.0-k
[    2.291501] hv_vmbus: registering driver hv_storvsc
[    2.318174] scsi host0: ata_piix
[    2.321229] scsi host1: ata_piix
[    2.322653] ata1: PATA max MWDMA2 cmd 0x1f0 ctl 0x3f6 bmdma 0xc0e0 irq 14
[    2.322960] ata2: PATA max MWDMA2 cmd 0x170 ctl 0x376 bmdma 0xc0e8 irq 15
[    2.333327] VMware vmxnet3 virtual NIC driver - version 1.7.0.0-k-NAPI
[    2.333966] hv_vmbus: registering driver hv_netvsc
[    2.334330] Fusion MPT base driver 3.04.20
[    2.334460] Copyright (c) 1999-2008 LSI Corporation
[    2.334818] Fusion MPT SPI Host driver 3.04.20
[    2.344523] Fusion MPT SAS Host driver 3.04.20
[    2.346708] usbcore: registered new interface driver usb-storage
[    2.347940] i8042: PNP: PS/2 Controller [PNP0303:KBD,PNP0f13:MOU] at 0x60,0x64 irq 1,12
[    2.351128] serio: i8042 KBD port at 0x60,0x64 irq 1
[    2.351496] serio: i8042 AUX port at 0x60,0x64 irq 12
[    2.355515] hv_vmbus: registering driver hyperv_keyboard
[    2.359118] rtc_cmos 00:05: RTC can wake from S4
[    2.364344] rtc_cmos 00:05: registered as rtc0
[    2.367286] rtc_cmos 00:05: setting system clock to 2026-03-12T02:10:36 UTC (1773281436)
[    2.369743] rtc_cmos 00:05: alarms up to one day, y3k, 242 bytes nvram, hpet irqs
[    2.372807] amd_pstate: the _CPC object is not present in SBIOS or ACPI disabled
[    2.375050] sdhci: Secure Digital Host Controller Interface driver
[    2.380301] sdhci: Copyright(c) Pierre Ossman
[    2.387124] tsc: Refined TSC clocksource calibration: 2793.473 MHz
[    2.389816] clocksource: tsc: mask: 0xffffffffffffffff max_cycles: 0x28442b1bacb, max_idle_ns: 440795340311 ns
[    2.393118] clocksource: Switched to clocksource tsc
[    2.397984] input: AT Translated Set 2 keyboard as /devices/platform/i8042/serio0/input/input1
[    2.428073] hid: raw HID events driver (C) Jiri Kosina
[    2.430765] hv_vmbus: registering driver hid_hyperv
[    2.433837] usbcore: registered new interface driver usbhid
[    2.435956] usbhid: USB HID core driver
[    2.438106] hv_utils: Registering HyperV Utility Driver
[    2.440722] hv_vmbus: registering driver hv_utils
[    2.442738] hv_vmbus: registering driver hv_balloon
[    2.445957] NET: Registered PF_INET6 protocol family
[    2.462384] Segment Routing with IPv6
[    2.464629] In-situ OAM (IOAM) with IPv6
[    2.467013] NET: Registered PF_PACKET protocol family
[    2.469430] bridge: filtering via arp/ip/ip6tables is no longer available by default. Update your scripts to load br_netfilter if you need this.
[    2.479295] 8021q: 802.1Q VLAN Support v1.8
[    2.481897] NET: Registered PF_VSOCK protocol family
[    2.491552] IPI shorthand broadcast: enabled
[    2.493859] AVX2 version of gcm_enc/dec engaged.
[    2.500282] AES CTR mode by8 optimization enabled
[    2.518091] sched_clock: Marking stable (2260082711, 252065848)->(2572950643, -60802084)
[    2.572712] ata2: found unknown device (class 0)
[    2.640779] ata2.00: ATAPI: QEMU DVD-ROM, 2.5+, max UDMA/100
[    2.653459] clk: Disabling unused clocks
[    2.675065] scsi 1:0:0:0: CD-ROM            QEMU     QEMU DVD-ROM     2.5+ PQ: 0 ANSI: 5
[    2.744822] sr 1:0:0:0: [sr0] scsi3-mmc drive: 4x/4x cd/rw xa/form2 tray
[    2.747323] cdrom: Uniform CD-ROM driver Revision: 3.20
[    2.803396] VFS: Mounted root (squashfs filesystem) readonly on device 254:2.
[    2.863733] Freeing unused kernel image (initmem) memory: 2452K
[    2.866295] Write protecting the kernel read-only data: 18432k
[    2.870708] Freeing unused kernel image (rodata/data gap) memory: 1800K
[    2.873182] Run /sbin/init as init process
[    3.158191] init: Console is alive
[    3.727518] kmodloader: loading kernel modules from /etc/modules-boot.d/*
[    3.788106] button_hotplug: loading out-of-tree module taints kernel.
[    3.795243] Button Hotplug driver version 0.4.1
[    3.818633] Intel(R) 2.5G Ethernet Linux Driver
[    3.821142] Copyright(c) 2018 Intel Corporation.
[    3.838771] igb: Intel(R) Gigabit Ethernet Network Driver
[    3.841378] igb: Copyright (c) 2007-2014 Intel Corporation.
[    3.857941] kmodloader: done loading kernel modules from /etc/modules-boot.d/*
[    3.869621] init: - preinit -
[    4.814333] 8021q: adding VLAN 0 to HW filter on device eth0
Press the [f] key and hit [enter] to enter failsafe mode
Press the [1], [2], [3] or [4] key and hit [enter] to select the debug level
[    9.557929] loop0: detected capacity change from 0 to 212992
[    9.612554] loop0: detected capacity change from 212992 to 201216
[    9.626973] mount_root: overlay filesystem in /dev/loop0 has not been formatted yet
[    9.958298] EXT4-fs (loop0): mounted filesystem 804b70d8-3db6-42f2-8f6e-660f802b3c84 r/w with ordered data mode. Quota mode: disabled.
[    9.972084] mount_root: overlay filesystem has not been fully initialized yet
[    9.990938] mount_root: switching to ext4 overlay
[   10.013360] overlayfs: null uuid detected in lower fs '/', falling back to xino=off,index=off,nfs_export=off.
[   10.774862] EXT4-fs (vda1): mounted filesystem 84173db5-fa99-e35a-95c6-28613cc79ea9 r/w without journal. Quota mode: disabled.
[   10.798989] urandom-seed: Seed file not found (/etc/urandom.seed)
[   10.947964] procd: - early -
[   11.743042] procd: - ubus -
[   11.933087] procd: - init -
Please press Enter to activate this console.
root
login[998]: root login on 'ttyS0'


BusyBox v1.36.1 (2026-03-10 23:26:12 UTC) built-in shell (ash)

  _______                     ________        __
 |       |.-----.-----.-----.|  |  |  |.----.|  |_
 |   -   ||  _  |  -__|     ||  |  |  ||   _||   _|
 |_______||   __|_____|__|__||________||__|  |____|
          |__| W I R E L E S S   F R E E D O M
 -----------------------------------------------------
 OpenWrt 24.10-SNAPSHOT, r29135-6f55a70589
 -----------------------------------------------------
=== WARNING! =====================================
There is no root password defined on this device!
Use the "passwd" command to set up a new password
in order to prevent unauthorized SSH logins.
--------------------------------------------------
root@(none):~# dmesg -n 1
root@(none):~# echo 'XPPL''GOJSGE'
XPPLGOJSGE
root@(none):~# run() { echo -n "$MARKER"; sh -c "$@"; echo "$MARKER $?"; }
root@(none):~# echo 'SQYH''UVGMUS'
SQYHUVGMUS
root@(none):~# MARKER='KPGL''UQNFET' run 'ubus wait_for network.interface.lan'
KPGLUQNFETKPGLUQNFET 0
root@OpenWrt:~# echo 'KZXX''CEHQQY'
KZXXCEHQQY
root@OpenWrt:~# MARKER='CESB''PSBJSW' run 'ubus call network.interface.lan statu
s '"'"'{}'"'"''
CESBPSBJSW{
	"up": true,
	"pending": false,
	"available": true,
	"autostart": true,
	"dynamic": false,
	"uptime": 0,
	"l3_device": "br-lan",
	"proto": "static",
	"device": "br-lan",
	"updated": [
		"addresses"
	],
	"metric": 0,
	"dns_metric": 0,
	"delegation": true,
	"ipv4-address": [
		{
			"address": "192.168.1.1",
			"mask": 24
		}
	],
	"ipv6-address": [
		
	],
	"ipv6-prefix": [
		
	],
	"ipv6-prefix-assignment": [
		{
			"address": "fdaa:5f26:ca3a::",
			"mask": 60,
			"local-address": {
				"address": "fdaa:5f26:ca3a::1",
				"mask": 60
			}
		}
	],
	"route": [
		
	],
	"dns-server": [
		
	],
	"dns-search": [
		
	],
	"neighbors": [
		
	],
	"inactive": {
		"ipv4-address": [
			
		],
		"ipv6-address": [
			
		],
		"route": [
			
		],
		"dns-server": [
			
		],
		"dns-search": [
			
		],
		"neighbors": [
			
		]
	},
	"data": {
		
	}
}
CESBPSBJSW 0
root@OpenWrt:~# echo 'LUMV''KKSLKB'
LUMVKKSLKB
root@OpenWrt:~# MARKER='HUAU''QFJCNS' run true
HUAUQFJCNSHUAUQFJCNS 0
root@OpenWrt:~# echo 'PUHF''OBEQFJ'
PUHFOBEQFJ
root@OpenWrt:~# MARKER='XUPU''NMYNWZ' run 'source /etc/os-release; echo $BUILD_I
D'
XUPUNMYNWZr29135-6f55a70589
XUPUNMYNWZ 0
root@OpenWrt:~# echo 'UTFY''VGHMQW'
UTFYVGHMQW
root@OpenWrt:~# MARKER='XKBE''EGGNHH' run 'ls /etc/dropbear/dropbear_rsa_host_ke
y'
XKBEEGGNHH[0;0m/etc/dropbear/dropbear_rsa_host_key[m
XKBEEGGNHH 0
root@OpenWrt:~# echo 'LNJY''MBVMOT'
LNJYMBVMOT
root@OpenWrt:~# MARKER='NZAO''EAFASQ' run 'netstat -tlpn | grep 0.0.0.0:22'
NZAOEAFASQnetstat: showing only processes with your user ID
tcp        0      0 0.0.0.0:22              0.0.0.0:*               LISTEN      1739/dropbear
NZAOEAFASQ 0
root@OpenWrt:~# echo 'YQZO''XPBFNE'
YQZOXPBFNE
root@OpenWrt:~# MARKER='NBEM''BKNJTG' run 'dmesg | grep br-lan | grep forwarding
'
NBEMBKNJTG[   30.466664] br-lan: port 1(eth0) entered forwarding state
NBEMBKNJTG 0
root@OpenWrt:~# echo 'FYBZ''FHXTFK'
FYBZFHXTFK
root@OpenWrt:~# MARKER='VXSW''MOKVPJ' run 'ubus call network.interface.lan statu
s '"'"'{}'"'"''
VXSWMOKVPJ{
	"up": true,
	"pending": false,
	"available": true,
	"autostart": true,
	"dynamic": false,
	"uptime": 7,
	"l3_device": "br-lan",
	"proto": "static",
	"device": "br-lan",
	"updated": [
		"addresses"
	],
	"metric": 0,
	"dns_metric": 0,
	"delegation": true,
	"ipv4-address": [
		{
			"address": "192.168.1.1",
			"mask": 24
		}
	],
	"ipv6-address": [
		
	],
	"ipv6-prefix": [
		
	],
	"ipv6-prefix-assignment": [
		{
			"address": "fdaa:5f26:ca3a::",
			"mask": 60,
			"local-address": {
				"address": "fdaa:5f26:ca3a::1",
				"mask": 60
			}
		}
	],
	"route": [
		
	],
	"dns-server": [
		
	],
	"dns-search": [
		
	],
	"neighbors": [
		
	],
	"inactive": {
		"ipv4-address": [
			
		],
		"ipv6-address": [
			
		],
		"route": [
			
		],
		"dns-server": [
			
		],
		"dns-search": [
			
		],
		"neighbors": [
			
		]
	},
	"data": {
		
	}
}
VXSWMOKVPJ 0
root@OpenWrt:~# echo 'PJFF''ASNLKB'
PJFFASNLKB
root@OpenWrt:~# MARKER='FWFC''HKSYUU' run 'ip -o addr show dev br-lan'
FWFCHKSYUU4: br-lan    inet 192.168.1.1/24 brd 192.168.1.255 scope global br-lan\       valid_lft forever preferred_lft forever
4: br-lan    inet6 fdaa:5f26:ca3a::1/60 scope global noprefixroute \       valid_lft forever preferred_lft forever
4: br-lan    inet6 fe80::5054:ff:fe12:3456/64 scope link \       valid_lft forever preferred_lft forever
FWFCHKSYUU 0
root@OpenWrt:~# echo 'OBLC''AHNGLC'
OBLCAHNGLC
root@OpenWrt:~# MARKER='TAXA''AUJCEZ' run 'ubus call network.interface.wan statu
s '"'"'{}'"'"''
TAXAAUJCEZ{
	"up": true,
	"pending": false,
	"available": true,
	"autostart": true,
	"dynamic": false,
	"uptime": 8,
	"l3_device": "eth1",
	"proto": "dhcp",
	"device": "eth1",
	"updated": [
		"addresses",
		"routes",
		"data"
	],
	"metric": 0,
	"dns_metric": 0,
	"delegation": true,
	"ipv4-address": [
		{
			"address": "10.0.2.15",
			"mask": 24
		}
	],
	"ipv6-address": [
		
	],
	"ipv6-prefix": [
		
	],
	"ipv6-prefix-assignment": [
		
	],
	"route": [
		{
			"target": "0.0.0.0",
			"mask": 0,
			"nexthop": "10.0.2.2",
			"source": "10.0.2.15/32"
		}
	],
	"dns-server": [
		"10.0.2.3"
	],
	"dns-search": [
		
	],
	"neighbors": [
		
	],
	"inactive": {
		"ipv4-address": [
			
		],
		"ipv6-address": [
			
		],
		"route": [
			
		],
		"dns-server": [
			
		],
		"dns-search": [
			
		],
		"neighbors": [
			
		]
	},
	"data": {
		"dhcpserver": "10.0.2.2",
		"leasetime": 86400
	}
}
TAXAAUJCEZ 0
root@OpenWrt:~# 