Labgrid Console Logfile for main
Logfile started at 2026-03-30 23:19:59.840747
=== Log starts here ===
c[?7l[2J[0mSeaBIOS (version 1.16.3-debian-1.16.3-2)


iPXE (https://ipxe.org) 00:03.0 CA00 PCI2.10 PnP PMM+06FCAE70+06F0AE70 CA00
Press Ctrl-B to configure iPXE (PCI 00:03.0)...                                                                               




iPXE (https://ipxe.org) 00:05.0 CB00 PCI2.10 PnP PMM 06FCAE70 06F0AE70 CB00
Press Ctrl-B to configure iPXE (PCI 00:05.0)...                                                                               


Booting from Hard Disk...
GRUB loading.....
[0;30;47mWelcome to GRUB![01;01H[0m[2J[H[J[1;1H[?25l[m[H[J[1;1H[2;30HGNU GRUB  version 2.12

[m[4;2H+----------------------------------------------------------------------------+[5;2H|[5;79H|[6;2H|[6;79H|[7;2H|[7;79H|[8;2H|[8;79H|[9;2H|[9;79H|[10;2H|[10;79H|[11;2H|[11;79H|[12;2H|[12;79H|[13;2H|[13;79H|[14;2H|[14;79H|[15;2H|[15;79H|[16;2H+----------------------------------------------------------------------------+[m[17;2H[18;2H[m     Use the ^ and v keys to select which entry is highlighted.          
      Press enter to boot the selected OS, `e' to edit the commands       
      before booting or `c' for a command-line. ESC to return             
      previous menu.                                                      [5;80H [7m[5;3H*OpenWrt                                                                    [m[5;78H[m[m[6;3H OpenWrt (failsafe)                                                         [m[6;78H[m[m[7;3H                                                                            [m[7;78H[m[m[8;3H                                                                            [m[8;78H[m[m[9;3H                                                                            [m[9;78H[m[m[10;3H                                                                            [m[10;78H[m[m[11;3H                                                                            [m[11;78H[m[m[12;3H                                                                            [m[12;78H[m[m[13;3H                                                                            [m[13;78H[m[m[14;3H                                                                            [m[14;78H[m[m[15;3H                                                                            [m[15;78H[m[15;80H [5;78H[2J[02;30HGNU GRUB  version 2.12[04;02H┌────────────────────────────────────────────────────────────────────────────┐[05;02H│[05;79H│[06;02H│[06;79H│[07;02H│[07;79H│[08;02H│[08;79H│[09;02H│[09;79H│[10;02H│[10;79H│[11;02H│[11;79H│[12;02H│[12;79H│[13;02H│[13;79H│[14;02H│[14;79H│[15;02H│[15;79H│[16;02H│[16;79H│[17;02H└────────────────────────────────────────────────────────────────────────────┘[19;02H     Use the ↑ and ↓ keys to select which entry is highlighted.          
      Press enter to boot the selected OS, `e' to edit the commands       
      before booting or `c' for a command-line. ESC to return             
      previous menu.                                                      [05;80H [05;03H[0;30;47m*OpenWrt                                   [05;45H[05;46H                                 [06;03H[0m OpenWrt (failsafe)                                                         [07;03H                                                                            [08;03H                                                                            [09;03H                                                           [09;61H[09;62H                 [10;03H                                                                            [11;03H                                                                    [11;70H[11;71H        [12;03H                                                                            [13;03H                                                                            [13;78H[14;03H                                                                            [15;03H                                                                            [16;03H       [16;09H[16;10H                                                                     [16;80H 






   The highlighted entry will be executed automatically in 5s.                [22;1H   The highlighted entry will be executed automatically in 5s.                 [5;78H [05;78H

















   The highlighted entry will be executed automatically in 4s.                [22;1H   The highlighted entry will be executed automatically in 4s.                 [5;78H [05;78H

















   The highlighted entry will be executed automatically in 3s.                [22;1H   The highlighted entry will be executed automatically in 3s.                 [5;78H [05;78H

















   The highlighted entry will be executed automatically in 2s.                [22;1H   The highlighted entry will be executed automatically in 2s.                 [5;78H [05;78H

















   The highlighted entry will be executed automatically in 1s.                [22;1H   The highlighted entry will be executed automatically in 1s.                 [5;78H [05;78H

















   The highlighted entry will be executed automatically in 0s.                [22;1H   The highlighted entry will be executed automatically in 0s.                 [5;78H [05;78H[01;01H[2J[?25h[H[J[1;1H[H[J[1;1H[2J   Booting `OpenWrt' Booting `OpenWrt

'

[    0.000000] Linux version 6.6.127 (builder@buildhost) (x86_64-openwrt-linux-musl-gcc (OpenWrt GCC 13.3.0 r29143-214a657cfa) 13.3.0, GNU ld (GNU Binutils) 2.42) #0 SMP Tue Mar 17 22:48:43 2026
[    0.000000] Command line: BOOT_IMAGE=/boot/vmlinuz root=PARTUUID=b07fe921-02 rootwait console=tty1 console=ttyS0,115200n8 noinitrd
[    0.000000] BIOS-provided physical RAM map:
[    0.000000] BIOS-e820: [mem 0x0000000000000000-0x000000000009fbff] usable
[    0.000000] BIOS-e820: [mem 0x000000000009fc00-0x000000000009ffff] reserved
[    0.000000] BIOS-e820: [mem 0x00000000000f0000-0x00000000000fffff] reserved
[    0.000000] BIOS-e820: [mem 0x0000000000100000-0x0000000007fdcfff] usable
[    0.000000] BIOS-e820: [mem 0x0000000007fdd000-0x0000000007ffffff] reserved
[    0.000000] BIOS-e820: [mem 0x00000000fffc0000-0x00000000ffffffff] reserved
[    0.000000] BIOS-e820: [mem 0x000000fd00000000-0x000000ffffffffff] reserved
[    0.000000] NX (Execute Disable) protection: active
[    0.000000] APIC: Static calls initialized
[    0.000000] SMBIOS 3.0.0 present.
[    0.000000] DMI: QEMU Standard PC (i440FX + PIIX, 1996), BIOS 1.16.3-debian-1.16.3-2 04/01/2014
[    0.000000] tsc: Fast TSC calibration using PIT
[    0.000000] tsc: Detected 2445.445 MHz processor
[    0.008975] last_pfn = 0x7fdd max_arch_pfn = 0x400000000
[    0.009616] MTRR map: 4 entries (3 fixed + 1 variable; max 19), built from 8 variable MTRRs
[    0.009802] x86/PAT: Configuration [0-7]: WB  WC  UC- UC  WB  WP  UC- WT  
[    0.029760] found SMP MP-table at [mem 0x000f5460-0x000f546f]
[    0.031129] Using GB pages for direct mapping
[    0.034923] ACPI: Early table checksum verification disabled
[    0.035244] ACPI: RSDP 0x00000000000F5290 000014 (v00 BOCHS )
[    0.035544] ACPI: RSDT 0x0000000007FE1C64 000034 (v01 BOCHS  BXPC     00000001 BXPC 00000001)
[    0.036074] ACPI: FACP 0x0000000007FE1B18 000074 (v01 BOCHS  BXPC     00000001 BXPC 00000001)
[    0.036695] ACPI: DSDT 0x0000000007FE0040 001AD8 (v01 BOCHS  BXPC     00000001 BXPC 00000001)
[    0.036795] ACPI: FACS 0x0000000007FE0000 000040
[    0.036857] ACPI: APIC 0x0000000007FE1B8C 000078 (v03 BOCHS  BXPC     00000001 BXPC 00000001)
[    0.036886] ACPI: HPET 0x0000000007FE1C04 000038 (v01 BOCHS  BXPC     00000001 BXPC 00000001)
[    0.036909] ACPI: WAET 0x0000000007FE1C3C 000028 (v01 BOCHS  BXPC     00000001 BXPC 00000001)
[    0.036992] ACPI: Reserving FACP table memory at [mem 0x7fe1b18-0x7fe1b8b]
[    0.037038] ACPI: Reserving DSDT table memory at [mem 0x7fe0040-0x7fe1b17]
[    0.037046] ACPI: Reserving FACS table memory at [mem 0x7fe0000-0x7fe003f]
[    0.037052] ACPI: Reserving APIC table memory at [mem 0x7fe1b8c-0x7fe1c03]
[    0.037059] ACPI: Reserving HPET table memory at [mem 0x7fe1c04-0x7fe1c3b]
[    0.037064] ACPI: Reserving WAET table memory at [mem 0x7fe1c3c-0x7fe1c63]
[    0.040172] Zone ranges:
[    0.040207]   DMA      [mem 0x0000000000001000-0x0000000000ffffff]
[    0.040280]   DMA32    [mem 0x0000000001000000-0x0000000007fdcfff]
[    0.040292]   Normal   empty
[    0.040321] Movable zone start for each node
[    0.040348] Early memory node ranges
[    0.040378]   node   0: [mem 0x0000000000001000-0x000000000009efff]
[    0.040425]   node   0: [mem 0x0000000000100000-0x0000000007fdcfff]
[    0.040540] Initmem setup node 0 [mem 0x0000000000001000-0x0000000007fdcfff]
[    0.041381] On node 0, zone DMA: 1 pages in unavailable ranges
[    0.041748] On node 0, zone DMA: 97 pages in unavailable ranges
[    0.042780] On node 0, zone DMA32: 35 pages in unavailable ranges
[    0.043099] ACPI: PM-Timer IO Port: 0x608
[    0.043456] ACPI: LAPIC_NMI (acpi_id[0xff] dfl dfl lint[0x1])
[    0.043889] IOAPIC[0]: apic_id 0, version 32, address 0xfec00000, GSI 0-23
[    0.044001] ACPI: INT_SRC_OVR (bus 0 bus_irq 0 global_irq 2 dfl dfl)
[    0.044259] ACPI: INT_SRC_OVR (bus 0 bus_irq 5 global_irq 5 high level)
[    0.044314] ACPI: INT_SRC_OVR (bus 0 bus_irq 9 global_irq 9 high level)
[    0.044400] ACPI: INT_SRC_OVR (bus 0 bus_irq 10 global_irq 10 high level)
[    0.044412] ACPI: INT_SRC_OVR (bus 0 bus_irq 11 global_irq 11 high level)
[    0.044622] ACPI: Using ACPI (MADT) for SMP configuration information
[    0.044667] ACPI: HPET id: 0x8086a201 base: 0xfed00000
[    0.044960] smpboot: Allowing 1 CPUs, 0 hotplug CPUs
[    0.046053] [mem 0x08000000-0xfffbffff] available for PCI devices
[    0.046103] Booting paravirtualized kernel on bare hardware
[    0.046392] clocksource: refined-jiffies: mask: 0xffffffff max_cycles: 0xffffffff, max_idle_ns: 19112604462750000 ns
[    0.047041] setup_percpu: NR_CPUS:512 nr_cpumask_bits:1 nr_cpu_ids:1 nr_node_ids:1
[    0.048665] percpu: Embedded 48 pages/cpu s158248 r8192 d30168 u2097152
[    0.050927] Kernel command line: BOOT_IMAGE=/boot/vmlinuz root=PARTUUID=b07fe921-02 rootwait console=tty1 console=ttyS0,115200n8 noinitrd
[    0.052620] random: crng init done
[    0.057489] Dentry cache hash table entries: 16384 (order: 5, 131072 bytes, linear)
[    0.058469] Inode-cache hash table entries: 8192 (order: 4, 65536 bytes, linear)
[    0.061269] Built 1 zonelists, mobility grouping on.  Total pages: 31965
[    0.061488] mem auto-init: stack:off, heap alloc:off, heap free:off
[    0.065227] Memory: 102576K/130540K available (14336K kernel code, 1169K rwdata, 2296K rodata, 2452K init, 2408K bss, 27708K reserved, 0K cma-reserved)
[    0.071299] SLUB: HWalign=64, Order=0-3, MinObjects=0, CPUs=1, Nodes=1
[    0.078727] rcu: Hierarchical RCU implementation.
[    0.078757] rcu: 	RCU restricting CPUs from NR_CPUS=512 to nr_cpu_ids=1.
[    0.078870] 	Tracing variant of Tasks RCU enabled.
[    0.078963] rcu: RCU calculated value of scheduler-enlistment delay is 10 jiffies.
[    0.078991] rcu: Adjusting geometry for rcu_fanout_leaf=16, nr_cpu_ids=1
[    0.080121] NR_IRQS: 33024, nr_irqs: 256, preallocated irqs: 16
[    0.088843] rcu: srcu_init: Setting srcu_struct sizes based on contention.
[    0.095697] Console: colour VGA+ 80x25
[    0.096004] printk: console [tty1] enabled
[    0.103935] printk: console [ttyS0] enabled
[    0.335786] ACPI: Core revision 20230628
[    0.350864] clocksource: hpet: mask: 0xffffffff max_cycles: 0xffffffff, max_idle_ns: 19112604467 ns
[    0.355834] APIC: Switch to symmetric I/O mode setup
[    0.360105] ..TIMER: vector=0x30 apic1=0 pin1=2 apic2=-1 pin2=-1
[    0.402709] clocksource: tsc-early: mask: 0xffffffffffffffff max_cycles: 0x233fe9ed96d, max_idle_ns: 440795303584 ns
[    0.403418] Calibrating delay loop (skipped), value calculated using timer frequency.. 4890.89 BogoMIPS (lpj=24454450)
[    0.405099] x86/cpu: User Mode Instruction Prevention (UMIP) activated
[    0.420044] Last level iTLB entries: 4KB 0, 2MB 0, 4MB 0
[    0.420415] Last level dTLB entries: 4KB 0, 2MB 0, 4MB 0, 1GB 0
[    0.423634] Spectre V1 : Mitigation: usercopy/swapgs barriers and __user pointer sanitization
[    0.424403] Spectre V2 : Mitigation: Retpolines
[    0.425067] Spectre V2 : Spectre v2 / SpectreRSB: Filling RSB on context switch and VMEXIT
[    0.425560] Speculative Store Bypass: Vulnerable
[    0.428004] x86/fpu: Supporting XSAVE feature 0x001: 'x87 floating point registers'
[    0.432509] x86/fpu: Supporting XSAVE feature 0x002: 'SSE registers'
[    0.434494] x86/fpu: Supporting XSAVE feature 0x004: 'AVX registers'
[    0.434732] x86/fpu: Supporting XSAVE feature 0x008: 'MPX bounds registers'
[    0.434984] x86/fpu: Supporting XSAVE feature 0x010: 'MPX CSR'
[    0.443668] x86/fpu: xstate_offset[2]:  576, xstate_sizes[2]:  256
[    0.444100] x86/fpu: xstate_offset[3]:  960, xstate_sizes[3]:   64
[    0.444322] x86/fpu: xstate_offset[4]: 1024, xstate_sizes[4]:   64
[    0.444561] x86/fpu: Enabled xstate features 0x1f, context size is 1088 bytes, using 'standard' format.
[    0.739868] Freeing SMP alternatives memory: 40K
[    0.741121] pid_max: default: 32768 minimum: 301
[    0.750507] Mount-cache hash table entries: 512 (order: 0, 4096 bytes, linear)
[    0.750893] Mountpoint-cache hash table entries: 512 (order: 0, 4096 bytes, linear)
[    0.900345] smpboot: CPU0: AMD QEMU TCG CPU version 2.5+ (family: 0x6, model: 0x6, stepping: 0x3)
[    0.903306] RCU Tasks Trace: Setting shift to 0 and lim to 1 rcu_task_cb_adjust=1 rcu_task_cpu_ids=1.
[    0.903766] Performance Events: PMU not available due to virtualization, using software events only.
[    0.905255] signal: max sigframe size: 1616
[    0.906822] rcu: Hierarchical SRCU implementation.
[    0.907038] rcu: 	Max phase no-delay instances is 1000.
[    0.910107] smp: Bringing up secondary CPUs ...
[    0.912115] smp: Brought up 1 node, 1 CPU
[    0.912326] smpboot: Max logical packages: 1
[    0.915588] smpboot: Total of 1 processors activated (4890.89 BogoMIPS)
[    0.933442] clocksource: jiffies: mask: 0xffffffff max_cycles: 0xffffffff, max_idle_ns: 19112604462750000 ns
[    0.934429] futex hash table entries: 256 (order: 2, 16384 bytes, linear)
[    0.935512] pinctrl core: initialized pinctrl subsystem
[    0.954828] NET: Registered PF_NETLINK/PF_ROUTE protocol family
[    0.961323] thermal_sys: Registered thermal governor 'step_wise'
[    0.961357] thermal_sys: Registered thermal governor 'user_space'
[    0.962265] cpuidle: using governor ladder
[    0.962788] cpuidle: using governor menu
[    0.965001] acpiphp: ACPI Hot Plug PCI Controller Driver version: 0.5
[    0.967711] PCI: Using configuration type 1 for base access
[    0.978869] cryptd: max_cpu_qlen set to 1000
[    0.983825] ACPI: Added _OSI(Module Device)
[    0.984012] ACPI: Added _OSI(Processor Device)
[    0.984175] ACPI: Added _OSI(Processor Aggregator Device)
[    0.998909] ACPI: 1 ACPI AML tables successfully acquired and loaded
[    1.013369] ACPI: _OSC evaluation for CPUs failed, trying _PDC
[    1.015492] ACPI: Interpreter enabled
[    1.016220] ACPI: PM: (supports S0 S5)
[    1.016425] ACPI: Using IOAPIC for interrupt routing
[    1.017017] PCI: Using host bridge windows from ACPI; if necessary, use "pci=nocrs" and report a bug
[    1.023591] PCI: Using E820 reservations for host bridge windows
[    1.025365] ACPI: Enabled 2 GPEs in block 00 to 0F
[    1.056738] ACPI: PCI Root Bridge [PCI0] (domain 0000 [bus 00-ff])
[    1.057650] acpi PNP0A03:00: _OSC: OS supports [ASPM ClockPM Segments MSI HPX-Type3]
[    1.058140] acpi PNP0A03:00: _OSC: not requesting OS control; OS requires [ExtendedConfig ASPM ClockPM MSI]
[    1.059043] acpi PNP0A03:00: fail to add MMCONFIG information, can't access extended configuration space under this bridge
[    1.068337] acpiphp: Slot [3] registered
[    1.068807] acpiphp: Slot [4] registered
[    1.073492] acpiphp: Slot [5] registered
[    1.073777] acpiphp: Slot [6] registered
[    1.078771] acpiphp: Slot [7] registered
[    1.079160] acpiphp: Slot [8] registered
[    1.079411] acpiphp: Slot [9] registered
[    1.079648] acpiphp: Slot [10] registered
[    1.079920] acpiphp: Slot [11] registered
[    1.080179] acpiphp: Slot [12] registered
[    1.085062] acpiphp: Slot [13] registered
[    1.085317] acpiphp: Slot [14] registered
[    1.085607] acpiphp: Slot [15] registered
[    1.085849] acpiphp: Slot [16] registered
[    1.086093] acpiphp: Slot [17] registered
[    1.086337] acpiphp: Slot [18] registered
[    1.093620] acpiphp: Slot [19] registered
[    1.094014] acpiphp: Slot [20] registered
[    1.094265] acpiphp: Slot [21] registered
[    1.094544] acpiphp: Slot [22] registered
[    1.094794] acpiphp: Slot [23] registered
[    1.095045] acpiphp: Slot [24] registered
[    1.103612] acpiphp: Slot [25] registered
[    1.104030] acpiphp: Slot [26] registered
[    1.104331] acpiphp: Slot [27] registered
[    1.104588] acpiphp: Slot [28] registered
[    1.113432] acpiphp: Slot [29] registered
[    1.113691] acpiphp: Slot [30] registered
[    1.113972] acpiphp: Slot [31] registered
[    1.123705] PCI host bridge to bus 0000:00
[    1.124084] pci_bus 0000:00: root bus resource [io  0x0000-0x0cf7 window]
[    1.124450] pci_bus 0000:00: root bus resource [io  0x0d00-0xffff window]
[    1.124688] pci_bus 0000:00: root bus resource [mem 0x000a0000-0x000bffff window]
[    1.133512] pci_bus 0000:00: root bus resource [mem 0x08000000-0xfebfffff window]
[    1.133883] pci_bus 0000:00: root bus resource [mem 0x100000000-0x17fffffff window]
[    1.134328] pci_bus 0000:00: root bus resource [bus 00-ff]
[    1.144924] pci 0000:00:00.0: [8086:1237] type 00 class 0x060000
[    1.148916] pci 0000:00:01.0: [8086:7000] type 00 class 0x060100
[    1.149744] pci 0000:00:01.1: [8086:7010] type 00 class 0x010180
[    1.154447] pci 0000:00:01.1: reg 0x20: [io  0xc0e0-0xc0ef]
[    1.157259] pci 0000:00:01.1: legacy IDE quirk: reg 0x10: [io  0x01f0-0x01f7]
[    1.157569] pci 0000:00:01.1: legacy IDE quirk: reg 0x14: [io  0x03f6]
[    1.157852] pci 0000:00:01.1: legacy IDE quirk: reg 0x18: [io  0x0170-0x0177]
[    1.158123] pci 0000:00:01.1: legacy IDE quirk: reg 0x1c: [io  0x0376]
[    1.164524] pci 0000:00:01.3: [8086:7113] type 00 class 0x068000
[    1.165099] pci 0000:00:01.3: quirk: [io  0x0600-0x063f] claimed by PIIX4 ACPI
[    1.165419] pci 0000:00:01.3: quirk: [io  0x0700-0x070f] claimed by PIIX4 SMB
[    1.166218] pci 0000:00:02.0: [1234:1111] type 00 class 0x030000
[    1.174243] pci 0000:00:02.0: reg 0x10: [mem 0xfd000000-0xfdffffff pref]
[    1.175899] pci 0000:00:02.0: reg 0x18: [mem 0xfeb90000-0xfeb90fff]
[    1.184162] pci 0000:00:02.0: reg 0x30: [mem 0xfeb80000-0xfeb8ffff pref]
[    1.184734] pci 0000:00:02.0: Video device with shadowed ROM at [mem 0x000c0000-0x000dffff]
[    1.190813] pci 0000:00:03.0: [1af4:1000] type 00 class 0x020000
[    1.191551] pci 0000:00:03.0: reg 0x10: [io  0xc080-0xc09f]
[    1.195136] pci 0000:00:03.0: reg 0x20: [mem 0xfe000000-0xfe003fff 64bit pref]
[    1.201616] pci 0000:00:03.0: reg 0x30: [mem 0xfea80000-0xfeafffff pref]
[    1.207302] pci 0000:00:04.0: [1af4:1005] type 00 class 0x00ff00
[    1.208664] pci 0000:00:04.0: reg 0x10: [io  0xc0a0-0xc0bf]
[    1.209431] pci 0000:00:04.0: reg 0x14: [mem 0xfeb91000-0xfeb91fff]
[    1.214808] pci 0000:00:04.0: reg 0x20: [mem 0xfe004000-0xfe007fff 64bit pref]
[    1.220300] pci 0000:00:05.0: [1af4:1000] type 00 class 0x020000
[    1.222296] pci 0000:00:05.0: reg 0x10: [io  0xc0c0-0xc0df]
[    1.223330] pci 0000:00:05.0: reg 0x14: [mem 0xfeb92000-0xfeb92fff]
[    1.226912] pci 0000:00:05.0: reg 0x20: [mem 0xfe008000-0xfe00bfff 64bit pref]
[    1.227813] pci 0000:00:05.0: reg 0x30: [mem 0xfeb00000-0xfeb7ffff pref]
[    1.231918] pci 0000:00:06.0: [1af4:1001] type 00 class 0x010000
[    1.232845] pci 0000:00:06.0: reg 0x10: [io  0xc000-0xc07f]
[    1.234204] pci 0000:00:06.0: reg 0x14: [mem 0xfeb93000-0xfeb93fff]
[    1.235929] pci 0000:00:06.0: reg 0x20: [mem 0xfe00c000-0xfe00ffff 64bit pref]
[    1.247599] ACPI: PCI: Interrupt link LNKA configured for IRQ 10
[    1.248601] ACPI: PCI: Interrupt link LNKB configured for IRQ 10
[    1.249275] ACPI: PCI: Interrupt link LNKC configured for IRQ 11
[    1.249931] ACPI: PCI: Interrupt link LNKD configured for IRQ 11
[    1.250348] ACPI: PCI: Interrupt link LNKS configured for IRQ 9
[    1.263670] iommu: Default domain type: Translated
[    1.264057] iommu: DMA domain TLB invalidation policy: lazy mode
[    1.268026] SCSI subsystem initialized
[    1.270770] ACPI: bus type USB registered
[    1.271562] usbcore: registered new interface driver usbfs
[    1.272276] usbcore: registered new interface driver hub
[    1.272844] usbcore: registered new device driver usb
[    1.273923] pps_core: LinuxPPS API ver. 1 registered
[    1.281317] pps_core: Software ver. 5.3.6 - Copyright 2005-2007 Rodolfo Giometti <giometti@linux.it>
[    1.282001] PTP clock support registered
[    1.296214] PCI: Using ACPI for IRQ routing
[    1.299474] hpet0: at MMIO 0xfed00000, IRQs 2, 8, 0
[    1.299799] hpet0: 3 comparators, 64-bit 100.000000 MHz counter
[    1.305183] clocksource: Switched to clocksource tsc-early
[    1.307938] pnp: PnP ACPI init
[    1.312319] pnp: PnP ACPI: found 6 devices
[    1.326362] clocksource: acpi_pm: mask: 0xffffff max_cycles: 0xffffff, max_idle_ns: 2085701024 ns
[    1.327390] NET: Registered PF_INET protocol family
[    1.328570] IP idents hash table entries: 2048 (order: 2, 16384 bytes, linear)
[    1.334081] tcp_listen_portaddr_hash hash table entries: 256 (order: 0, 4096 bytes, linear)
[    1.337563] Table-perturb hash table entries: 65536 (order: 6, 262144 bytes, linear)
[    1.338012] TCP established hash table entries: 1024 (order: 1, 8192 bytes, linear)
[    1.338452] TCP bind hash table entries: 1024 (order: 3, 32768 bytes, linear)
[    1.348729] TCP: Hash tables configured (established 1024 bind 1024)
[    1.350746] MPTCP token hash table entries: 256 (order: 1, 6144 bytes, linear)
[    1.351271] UDP hash table entries: 256 (order: 1, 8192 bytes, linear)
[    1.351737] UDP-Lite hash table entries: 256 (order: 1, 8192 bytes, linear)
[    1.361087] NET: Registered PF_UNIX/PF_LOCAL protocol family
[    1.362363] pci_bus 0000:00: resource 4 [io  0x0000-0x0cf7 window]
[    1.362634] pci_bus 0000:00: resource 5 [io  0x0d00-0xffff window]
[    1.362853] pci_bus 0000:00: resource 6 [mem 0x000a0000-0x000bffff window]
[    1.370401] pci_bus 0000:00: resource 7 [mem 0x08000000-0xfebfffff window]
[    1.370826] pci_bus 0000:00: resource 8 [mem 0x100000000-0x17fffffff window]
[    1.371772] pci 0000:00:01.0: PIIX3: Enabling Passive Release
[    1.381877] pci 0000:00:00.0: Limiting direct PCI/PCI transfers
[    1.382550] PCI: CLS 0 bytes, default 64
[    1.421937] workingset: timestamp_bits=46 max_order=15 bucket_order=0
[    1.425620] squashfs: version 4.0 (2009/01/31) Phillip Lougher
[    1.428276] Block layer SCSI generic (bsg) driver version 0.4 loaded (major 247)
[    1.432461] hv_vmbus: registering driver hyperv_fb
[    1.437095] input: Power Button as /devices/LNXSYSTM:00/LNXPWRBN:00/input/input0
[    1.450924] ACPI: button: Power Button [PWRF]
[    1.644977] ACPI: \_SB_.LNKC: Enabled at IRQ 11
[    1.829058] ACPI: \_SB_.LNKD: Enabled at IRQ 10
[    2.010784] ACPI: \_SB_.LNKA: Enabled at IRQ 10
[    2.192334] ACPI: \_SB_.LNKB: Enabled at IRQ 11
[    2.194344] Serial: 8250/16550 driver, 16 ports, IRQ sharing enabled
[    2.218877] 00:04: ttyS0 at I/O 0x3f8 (irq = 4, base_baud = 115200) is a 16550A
[    2.263346] Non-volatile memory driver v1.3
[    2.277135] Linux agpgart interface v0.103
[    2.278059] AMD-Vi: AMD IOMMUv2 functionality not available on this system - This is not a bug.
[    2.278670] ACPI: bus type drm_connector registered
[    2.280979] [drm] Found bochs VGA, ID 0xb0c5.
[    2.281184] [drm] Framebuffer size 16384 kB @ 0xfd000000, mmio @ 0xfeb90000.
[    2.294348] [drm] Found EDID data blob.
[    2.300030] [drm] Initialized bochs-drm 1.0.0 20130925 for 0000:00:02.0 on minor 0
[    2.369866] Console: switching to colour frame buffer device 160x50
[    2.379140] bochs-drm 0000:00:02.0: [drm] fb0: bochs-drmdrmfb frame buffer device
[    2.420595] loop: module loaded
[    2.421445] virtio_blk virtio3: 1/0/0 default/read/poll queues
[    2.424948] tsc: Refined TSC clocksource calibration: 2445.430 MHz
[    2.425593] clocksource: tsc: mask: 0xffffffffffffffff max_cycles: 0x233fdbaba77, max_idle_ns: 440795254155 ns
[    2.432377] clocksource: Switched to clocksource tsc
[    2.435162] virtio_blk virtio3: [vda] 246784 512-byte logical blocks (126 MB/121 MiB)
[    2.444140]  vda: vda1 vda2
[    2.447647] Guest personality initialized and is inactive
[    2.448244] VMCI host device registered (name=vmci, major=10, minor=256)
[    2.448552] Initialized host personality
[    2.449515] VMware PVSCSI driver - version 1.0.7.0-k
[    2.449850] hv_vmbus: registering driver hv_storvsc
[    2.478498] scsi host0: ata_piix
[    2.481645] scsi host1: ata_piix
[    2.482699] ata1: PATA max MWDMA2 cmd 0x1f0 ctl 0x3f6 bmdma 0xc0e0 irq 14
[    2.482996] ata2: PATA max MWDMA2 cmd 0x170 ctl 0x376 bmdma 0xc0e8 irq 15
[    2.493689] VMware vmxnet3 virtual NIC driver - version 1.7.0.0-k-NAPI
[    2.494549] hv_vmbus: registering driver hv_netvsc
[    2.494927] Fusion MPT base driver 3.04.20
[    2.495087] Copyright (c) 1999-2008 LSI Corporation
[    2.495455] Fusion MPT SPI Host driver 3.04.20
[    2.504797] Fusion MPT SAS Host driver 3.04.20
[    2.507067] usbcore: registered new interface driver usb-storage
[    2.508348] i8042: PNP: PS/2 Controller [PNP0303:KBD,PNP0f13:MOU] at 0x60,0x64 irq 1,12
[    2.514722] serio: i8042 KBD port at 0x60,0x64 irq 1
[    2.517576] serio: i8042 AUX port at 0x60,0x64 irq 12
[    2.519875] hv_vmbus: registering driver hyperv_keyboard
[    2.522452] rtc_cmos 00:05: RTC can wake from S4
[    2.527910] rtc_cmos 00:05: registered as rtc0
[    2.530835] rtc_cmos 00:05: setting system clock to 2026-03-30T23:20:10 UTC (1774912810)
[    2.533380] rtc_cmos 00:05: alarms up to one day, y3k, 242 bytes nvram, hpet irqs
[    2.536639] amd_pstate: the _CPC object is not present in SBIOS or ACPI disabled
[    2.541839] sdhci: Secure Digital Host Controller Interface driver
[    2.544107] sdhci: Copyright(c) Pierre Ossman
[    2.553821] input: AT Translated Set 2 keyboard as /devices/platform/i8042/serio0/input/input1
[    2.588053] hid: raw HID events driver (C) Jiri Kosina
[    2.590888] hv_vmbus: registering driver hid_hyperv
[    2.593880] usbcore: registered new interface driver usbhid
[    2.596520] usbhid: USB HID core driver
[    2.599220] hv_utils: Registering HyperV Utility Driver
[    2.601501] hv_vmbus: registering driver hv_utils
[    2.603611] hv_vmbus: registering driver hv_balloon
[    2.607284] NET: Registered PF_INET6 protocol family
[    2.624554] Segment Routing with IPv6
[    2.626865] In-situ OAM (IOAM) with IPv6
[    2.629373] NET: Registered PF_PACKET protocol family
[    2.631999] bridge: filtering via arp/ip/ip6tables is no longer available by default. Update your scripts to load br_netfilter if you need this.
[    2.641430] 8021q: 802.1Q VLAN Support v1.8
[    2.644320] NET: Registered PF_VSOCK protocol family
[    2.654433] IPI shorthand broadcast: enabled
[    2.656743] AVX2 version of gcm_enc/dec engaged.
[    2.663461] AES CTR mode by8 optimization enabled
[    2.684274] sched_clock: Marking stable (2430063759, 253958005)->(2711078767, -27057003)
[    2.737561] ata2: found unknown device (class 0)
[    2.827830] ata2.00: ATAPI: QEMU DVD-ROM, 2.5+, max UDMA/100
[    2.844387] scsi 1:0:0:0: CD-ROM            QEMU     QEMU DVD-ROM     2.5+ PQ: 0 ANSI: 5
[    2.849282] clk: Disabling unused clocks
[    2.916292] sr 1:0:0:0: [sr0] scsi3-mmc drive: 4x/4x cd/rw xa/form2 tray
[    2.918933] cdrom: Uniform CD-ROM driver Revision: 3.20
[    2.974796] VFS: Mounted root (squashfs filesystem) readonly on device 254:2.
[    3.044446] Freeing unused kernel image (initmem) memory: 2452K
[    3.047006] Write protecting the kernel read-only data: 18432k
[    3.051661] Freeing unused kernel image (rodata/data gap) memory: 1800K
[    3.054411] Run /sbin/init as init process
[    3.334651] init: Console is alive
[    4.108110] kmodloader: loading kernel modules from /etc/modules-boot.d/*
[    4.172004] button_hotplug: loading out-of-tree module taints kernel.
[    4.179312] Button Hotplug driver version 0.4.1
[    4.205188] Intel(R) 2.5G Ethernet Linux Driver
[    4.207650] Copyright(c) 2018 Intel Corporation.
[    4.226307] igb: Intel(R) Gigabit Ethernet Network Driver
[    4.228824] igb: Copyright (c) 2007-2014 Intel Corporation.
[    4.245379] kmodloader: done loading kernel modules from /etc/modules-boot.d/*
[    4.261355] init: - preinit -
[    5.245819] 8021q: adding VLAN 0 to HW filter on device eth0
Press the [f] key and hit [enter] to enter failsafe mode
Press the [1], [2], [3] or [4] key and hit [enter] to select the debug level

[    9.970395] loop0: detected capacity change from 0 to 212992
[   10.034567] loop0: detected capacity change from 212992 to 200064
[   10.049034] mount_root: overlay filesystem in /dev/loop0 has not been formatted yet
[   10.402689] EXT4-fs (loop0): mounted filesystem a75c6b56-7799-4fdf-8324-081f583d3e46 r/w with ordered data mode. Quota mode: disabled.
[   10.417206] mount_root: overlay filesystem has not been fully initialized yet
[   10.436109] mount_root: switching to ext4 overlay
[   10.461041] overlayfs: null uuid detected in lower fs '/', falling back to xino=off,index=off,nfs_export=off.
[   11.223934] EXT4-fs (vda1): mounted filesystem 84173db5-fa99-e35a-95c6-28613cc79ea9 r/w without journal. Quota mode: disabled.
[   11.249698] urandom-seed: Seed file not found (/etc/urandom.seed)
[   11.397856] procd: - early -
[   12.213943] procd: - ubus -
[   12.401137] procd: - init -
Please press Enter to activate this console.
root
login[1001]: root login on 'ttyS0'


BusyBox v1.36.1 (2026-03-17 22:48:43 UTC) built-in shell (ash)

  _______                     ________        __
 |       |.-----.-----.-----.|  |  |  |.----.|  |_
 |   -   ||  _  |  -__|     ||  |  |  ||   _||   _|
 |_______||   __|_____|__|__||________||__|  |____|
          |__| W I R E L E S S   F R E E D O M
 -----------------------------------------------------
 OpenWrt 24.10-SNAPSHOT, r29143-214a657cfa
 -----------------------------------------------------
  ___   __ __                _______             __
 |   |_|__|  |--.----.-----.|   |   |-----.-----|  |--.
 |     |  |  _  |   _|  -__||       |  -__|__ --|     |
 |_____|__|_____|__| |_____||__|_|__|_____|_____|__|__|

 ------------------------------------------------------
 LiMe master development (master rev. 7929208 20260304_1752)
 ------------------------------------------------------
 https://libremesh.org
 ------------------------------------------------------
=== WARNING! =====================================
There is no root password defined on this device!
Use the "passwd" command to set up a new password
in order to prevent unauthorized SSH logins.
--------------------------------------------------
root@(none):~# dmesg -n 1
root@(none):~# echo 'PVZL''AKPKCK'
PVZLAKPKCK
root@LiMe-123456:~# run() { echo -n "$MARKER"; sh -c "$@"; echo "$MARKER $?"; }
root@LiMe-123456:~# echo 'GZUF''YMXMGL'
GZUFYMXMGL
root@LiMe-123456:~# MARKER='QNBY''UFJLPU' run 'ubus wait_for network.interface.l
an'
QNBYUFJLPUQNBYUFJLPU 0
root@LiMe-123456:~# echo 'FVAZ''NCYQMV'
FVAZNCYQMV
root@LiMe-123456:~# MARKER='MVCO''KYJFBC' run 'ubus call network.interface.lan s
tatus '"'"'{}'"'"''
MVCOKYJFBC{
	"up": true,
	"pending": false,
	"available": true,
	"autostart": true,
	"dynamic": false,
	"uptime": 0,
	"l3_device": "br-lan",
	"proto": "static",
	"device": "br-lan",
	"updated": [
		"addresses"
	],
	"metric": 0,
	"dns_metric": 0,
	"delegation": true,
	"ipv4-address": [
		{
			"address": "10.13.52.86",
			"mask": 16
		}
	],
	"ipv6-address": [
		{
			"address": "fd0d:fe46:8ce8::12:3456",
			"mask": 64
		}
	],
	"ipv6-prefix": [
		
	],
	"ipv6-prefix-assignment": [
		
	],
	"route": [
		
	],
	"dns-server": [
		
	],
	"dns-search": [
		
	],
	"neighbors": [
		
	],
	"inactive": {
		"ipv4-address": [
			
		],
		"ipv6-address": [
			
		],
		"route": [
			
		],
		"dns-server": [
			
		],
		"dns-search": [
			
		],
		"neighbors": [
			
		]
	},
	"data": {
		
	}
}
MVCOKYJFBC 0
root@LiMe-123456:~# echo 'OWAF''GYMVPT'
OWAFGYMVPT
root@LiMe-123456:~# MARKER='KNPJ''GSNHQJ' run true
KNPJGSNHQJKNPJGSNHQJ 0
root@LiMe-123456:~# echo 'SCCU''MLPSGC'
SCCUMLPSGC
root@LiMe-123456:~# MARKER='TNJH''VBWGQU' run 'source /etc/os-release; echo $BUI
LD_ID'
TNJHVBWGQUr29143-214a657cfa
TNJHVBWGQU 0
root@LiMe-123456:~# echo 'HPUL''OWSCFO'
HPULOWSCFO
root@LiMe-123456:~# MARKER='CUBH''ZGGAQJ' run 'ls /etc/dropbear/dropbear_rsa_hos
t_key'
CUBHZGGAQJ[0;0m/etc/dropbear/dropbear_rsa_host_key[m
CUBHZGGAQJ 0
root@LiMe-123456:~# echo 'SFMU''KFPYAG'
SFMUKFPYAG
root@LiMe-123456:~# MARKER='KXXH''GPNTOZ' run 'netstat -tlpn | grep 0.0.0.0:22'
KXXHGPNTOZnetstat: showing only processes with your user ID
tcp        0      0 0.0.0.0:22              0.0.0.0:*               LISTEN      2108/dropbear
KXXHGPNTOZ 0
root@LiMe-123456:~# echo 'EBCP''EAMTJY'
EBCPEAMTJY
root@LiMe-123456:~# MARKER='ZGHW''KWCBNJ' run 'dmesg | grep br-lan | grep forwar
ding'
ZGHWKWCBNJ[   46.617944] br-lan: port 1(eth0) entered forwarding state
[   51.497763] br-lan: port 2(bat0) entered forwarding state
ZGHWKWCBNJ 0
root@LiMe-123456:~# echo 'ZWLE''QTVQOC'
ZWLEQTVQOC
root@LiMe-123456:~# MARKER='YAXF''QXOJQF' run 'ubus call network.interface.lan s
tatus '"'"'{}'"'"''
YAXFQXOJQF{
	"up": true,
	"pending": false,
	"available": true,
	"autostart": true,
	"dynamic": false,
	"uptime": 8,
	"l3_device": "br-lan",
	"proto": "static",
	"device": "br-lan",
	"updated": [
		"addresses"
	],
	"metric": 0,
	"dns_metric": 0,
	"delegation": true,
	"ipv4-address": [
		{
			"address": "10.13.52.86",
			"mask": 16
		}
	],
	"ipv6-address": [
		{
			"address": "fd0d:fe46:8ce8::12:3456",
			"mask": 64
		}
	],
	"ipv6-prefix": [
		
	],
	"ipv6-prefix-assignment": [
		
	],
	"route": [
		
	],
	"dns-server": [
		
	],
	"dns-search": [
		
	],
	"neighbors": [
		
	],
	"inactive": {
		"ipv4-address": [
			
		],
		"ipv6-address": [
			
		],
		"route": [
			
		],
		"dns-server": [
			
		],
		"dns-search": [
			
		],
		"neighbors": [
			
		]
	},
	"data": {
		
	}
}
YAXFQXOJQF 0
root@LiMe-123456:~# 