Labgrid Console Logfile for main
Logfile started at 2026-03-10 02:09:45.164338
=== Log starts here ===
c[?7l[2J[0mSeaBIOS (version 1.16.3-debian-1.16.3-2)


iPXE (https://ipxe.org) 00:03.0 CA00 PCI2.10 PnP PMM+06FCAE70+06F0AE70 CA00
Press Ctrl-B to configure iPXE (PCI 00:03.0)...                                                                               




iPXE (https://ipxe.org) 00:05.0 CB00 PCI2.10 PnP PMM 06FCAE70 06F0AE70 CB00
Press Ctrl-B to configure iPXE (PCI 00:05.0)...                                                                               


Booting from Hard Disk...
GRUB loading.....
[0;30;47mWelcome to GRUB![01;01H[0m[2J[H[J[1;1H[?25l[m[H[J[1;1H[2;30HGNU GRUB  version 2.12

[m[4;2H+----------------------------------------------------------------------------+[5;2H|[5;79H|[6;2H|[6;79H|[7;2H|[7;79H|[8;2H|[8;79H|[9;2H|[9;79H|[10;2H|[10;79H|[11;2H|[11;79H|[12;2H|[12;79H|[13;2H|[13;79H|[14;2H|[14;79H|[15;2H|[15;79H|[16;2H+----------------------------------------------------------------------------+[m[17;2H[18;2H[m     Use the ^ and v keys to select which entry is highlighted.          
      Press enter to boot the selected OS, `e' to edit the commands       
      before booting or `c' for a command-line. ESC to return             
      previous menu.                                                      [5;80H [7m[5;3H*OpenWrt                                                                    [m[5;78H[m[m[6;3H OpenWrt (failsafe)                                                         [m[6;78H[m[m[7;3H                                                                            [m[7;78H[m[m[8;3H                                                                            [m[8;78H[m[m[9;3H                                                                            [m[9;78H[m[m[10;3H                                                                            [m[10;78H[m[m[11;3H                                                                            [m[11;78H[m[m[12;3H                                                                            [m[12;78H[m[m[13;3H                                                                            [m[13;78H[m[m[14;3H                                                                            [m[14;78H[m[m[15;3H                                                                            [m[15;78H[m[15;80H [5;78H[2J[02;30HGNU GRUB  version 2.12[04;02H┌────────────────────────────────────────────────────────────────────────────┐[05;02H│[05;79H│[06;02H│[06;79H│[07;02H│[07;79H│[08;02H│[08;79H│[09;02H│[09;79H│[10;02H│[10;79H│[11;02H│[11;79H│[12;02H│[12;79H│[13;02H│[13;79H│[14;02H│[14;79H│[15;02H│[15;79H│[16;02H│[16;79H│[17;02H└────────────────────────────────────────────────────────────────────────────┘[19;02H     Use the ↑ and [19;20H[19;21H↓ keys to select which entry is highlighted.          
      Press enter to boot the selected OS, `e' to edit the commands       
      before booting or `c' for a command-line. ESC to return             
      previous menu.                                                      [05;80H [05;03H[0;30;47m*OpenWrt                                                                    [06;03H[0m OpenWrt (failsafe)                                                         [07;03H                                                             [07;63H[07;64H               [08;03H                                                                            [09;03H                                                                        [09;74H[09;75H    [10;03H                                                                            [11;03H                                                                            [12;03H                                                                            [13;03H                                                                            [14;03H               [14;17H[14;18H                                                             [15;03H                                                                            [16;03H                                                                            [16;80H 






   The highlighted entry will be executed automatically in 5s.                [22;1H   The highlighted entry will be executed automatically in 5s.                 [5;78H [05;78H

















   The highlighted entry will be executed automatically in 4s.                [22;1H   The highlighted entry will be executed automatically in 4s.                 [5;78H [05;78H

















   The highlighted entry will be executed automatically in 3s.                [22;1H   The highlighted entry will be executed automatically in 3s.                 [5;78H [05;78H

















   The highlighted entry will be executed automatically in 2s.                [22;1H   The highlighted entry will be executed automatically in 2s.                 [5;78H [05;78H

















   The highlighted entry will be executed automatically in 1s.                [22;1H   The highlighted entry will be executed automatically in 1s.                 [5;78H [05;78H

















   The highlighted entry will be executed automatically in 0s.                [22;1H   The highlighted entry will be executed automatically in 0s.                 [5;78H [01;01H[2J[?25h[H[J[1;1H[H[J[1;1H[2J   Booting `OpenWrt' Booting `OpenWrt

'

[    0.000000] Linux version 6.6.127 (builder@buildhost) (x86_64-openwrt-linux-musl-gcc (OpenWrt GCC 13.3.0 r29127-01aff6f3c2) 13.3.0, GNU ld (GNU Binutils) 2.42) #0 SMP Mon Mar  9 00:42:02 2026
[    0.000000] Command line: BOOT_IMAGE=/boot/vmlinuz root=PARTUUID=d2215257-02 rootwait console=tty1 console=ttyS0,115200n8 noinitrd
[    0.000000] BIOS-provided physical RAM map:
[    0.000000] BIOS-e820: [mem 0x0000000000000000-0x000000000009fbff] usable
[    0.000000] BIOS-e820: [mem 0x000000000009fc00-0x000000000009ffff] reserved
[    0.000000] BIOS-e820: [mem 0x00000000000f0000-0x00000000000fffff] reserved
[    0.000000] BIOS-e820: [mem 0x0000000000100000-0x0000000007fdcfff] usable
[    0.000000] BIOS-e820: [mem 0x0000000007fdd000-0x0000000007ffffff] reserved
[    0.000000] BIOS-e820: [mem 0x00000000fffc0000-0x00000000ffffffff] reserved
[    0.000000] BIOS-e820: [mem 0x000000fd00000000-0x000000ffffffffff] reserved
[    0.000000] NX (Execute Disable) protection: active
[    0.000000] APIC: Static calls initialized
[    0.000000] SMBIOS 3.0.0 present.
[    0.000000] DMI: QEMU Standard PC (i440FX + PIIX, 1996), BIOS 1.16.3-debian-1.16.3-2 04/01/2014
[    0.000000] tsc: Fast TSC calibration using PIT
[    0.000000] tsc: Detected 2445.440 MHz processor
[    0.008859] last_pfn = 0x7fdd max_arch_pfn = 0x400000000
[    0.009497] MTRR map: 4 entries (3 fixed + 1 variable; max 19), built from 8 variable MTRRs
[    0.009688] x86/PAT: Configuration [0-7]: WB  WC  UC- UC  WB  WP  UC- WT  
[    0.029532] found SMP MP-table at [mem 0x000f5460-0x000f546f]
[    0.030896] Using GB pages for direct mapping
[    0.034781] ACPI: Early table checksum verification disabled
[    0.035106] ACPI: RSDP 0x00000000000F5290 000014 (v00 BOCHS )
[    0.035396] ACPI: RSDT 0x0000000007FE1C64 000034 (v01 BOCHS  BXPC     00000001 BXPC 00000001)
[    0.035908] ACPI: FACP 0x0000000007FE1B18 000074 (v01 BOCHS  BXPC     00000001 BXPC 00000001)
[    0.036521] ACPI: DSDT 0x0000000007FE0040 001AD8 (v01 BOCHS  BXPC     00000001 BXPC 00000001)
[    0.036633] ACPI: FACS 0x0000000007FE0000 000040
[    0.036687] ACPI: APIC 0x0000000007FE1B8C 000078 (v03 BOCHS  BXPC     00000001 BXPC 00000001)
[    0.036714] ACPI: HPET 0x0000000007FE1C04 000038 (v01 BOCHS  BXPC     00000001 BXPC 00000001)
[    0.036738] ACPI: WAET 0x0000000007FE1C3C 000028 (v01 BOCHS  BXPC     00000001 BXPC 00000001)
[    0.036821] ACPI: Reserving FACP table memory at [mem 0x7fe1b18-0x7fe1b8b]
[    0.036869] ACPI: Reserving DSDT table memory at [mem 0x7fe0040-0x7fe1b17]
[    0.036877] ACPI: Reserving FACS table memory at [mem 0x7fe0000-0x7fe003f]
[    0.036883] ACPI: Reserving APIC table memory at [mem 0x7fe1b8c-0x7fe1c03]
[    0.036889] ACPI: Reserving HPET table memory at [mem 0x7fe1c04-0x7fe1c3b]
[    0.036895] ACPI: Reserving WAET table memory at [mem 0x7fe1c3c-0x7fe1c63]
[    0.039984] Zone ranges:
[    0.040018]   DMA      [mem 0x0000000000001000-0x0000000000ffffff]
[    0.040093]   DMA32    [mem 0x0000000001000000-0x0000000007fdcfff]
[    0.040105]   Normal   empty
[    0.040129] Movable zone start for each node
[    0.040156] Early memory node ranges
[    0.040186]   node   0: [mem 0x0000000000001000-0x000000000009efff]
[    0.040230]   node   0: [mem 0x0000000000100000-0x0000000007fdcfff]
[    0.040349] Initmem setup node 0 [mem 0x0000000000001000-0x0000000007fdcfff]
[    0.041187] On node 0, zone DMA: 1 pages in unavailable ranges
[    0.041540] On node 0, zone DMA: 97 pages in unavailable ranges
[    0.042571] On node 0, zone DMA32: 35 pages in unavailable ranges
[    0.042881] ACPI: PM-Timer IO Port: 0x608
[    0.043238] ACPI: LAPIC_NMI (acpi_id[0xff] dfl dfl lint[0x1])
[    0.043661] IOAPIC[0]: apic_id 0, version 32, address 0xfec00000, GSI 0-23
[    0.043784] ACPI: INT_SRC_OVR (bus 0 bus_irq 0 global_irq 2 dfl dfl)
[    0.044036] ACPI: INT_SRC_OVR (bus 0 bus_irq 5 global_irq 5 high level)
[    0.044091] ACPI: INT_SRC_OVR (bus 0 bus_irq 9 global_irq 9 high level)
[    0.044178] ACPI: INT_SRC_OVR (bus 0 bus_irq 10 global_irq 10 high level)
[    0.044189] ACPI: INT_SRC_OVR (bus 0 bus_irq 11 global_irq 11 high level)
[    0.044378] ACPI: Using ACPI (MADT) for SMP configuration information
[    0.044422] ACPI: HPET id: 0x8086a201 base: 0xfed00000
[    0.044723] smpboot: Allowing 1 CPUs, 0 hotplug CPUs
[    0.045810] [mem 0x08000000-0xfffbffff] available for PCI devices
[    0.045860] Booting paravirtualized kernel on bare hardware
[    0.046139] clocksource: refined-jiffies: mask: 0xffffffff max_cycles: 0xffffffff, max_idle_ns: 19112604462750000 ns
[    0.046791] setup_percpu: NR_CPUS:512 nr_cpumask_bits:1 nr_cpu_ids:1 nr_node_ids:1
[    0.048399] percpu: Embedded 48 pages/cpu s158248 r8192 d30168 u2097152
[    0.050692] Kernel command line: BOOT_IMAGE=/boot/vmlinuz root=PARTUUID=d2215257-02 rootwait console=tty1 console=ttyS0,115200n8 noinitrd
[    0.052340] random: crng init done
[    0.057204] Dentry cache hash table entries: 16384 (order: 5, 131072 bytes, linear)
[    0.058194] Inode-cache hash table entries: 8192 (order: 4, 65536 bytes, linear)
[    0.060952] Built 1 zonelists, mobility grouping on.  Total pages: 31965
[    0.061184] mem auto-init: stack:off, heap alloc:off, heap free:off
[    0.064705] Memory: 102576K/130540K available (14336K kernel code, 1169K rwdata, 2296K rodata, 2452K init, 2408K bss, 27708K reserved, 0K cma-reserved)
[    0.070646] SLUB: HWalign=64, Order=0-3, MinObjects=0, CPUs=1, Nodes=1
[    0.078107] rcu: Hierarchical RCU implementation.
[    0.078138] rcu: 	RCU restricting CPUs from NR_CPUS=512 to nr_cpu_ids=1.
[    0.078250] 	Tracing variant of Tasks RCU enabled.
[    0.078335] rcu: RCU calculated value of scheduler-enlistment delay is 10 jiffies.
[    0.078365] rcu: Adjusting geometry for rcu_fanout_leaf=16, nr_cpu_ids=1
[    0.079500] NR_IRQS: 33024, nr_irqs: 256, preallocated irqs: 16
[    0.088189] rcu: srcu_init: Setting srcu_struct sizes based on contention.
[    0.094914] Console: colour VGA+ 80x25
[    0.095220] printk: console [tty1] enabled
[    0.103198] printk: console [ttyS0] enabled
[    0.314965] ACPI: Core revision 20230628
[    0.322332] clocksource: hpet: mask: 0xffffffff max_cycles: 0xffffffff, max_idle_ns: 19112604467 ns
[    0.329689] APIC: Switch to symmetric I/O mode setup
[    0.333958] ..TIMER: vector=0x30 apic1=0 pin1=2 apic2=-1 pin2=-1
[    0.376555] clocksource: tsc-early: mask: 0xffffffffffffffff max_cycles: 0x233fe5130d9, max_idle_ns: 440795243750 ns
[    0.377247] Calibrating delay loop (skipped), value calculated using timer frequency.. 4890.88 BogoMIPS (lpj=24454400)
[    0.379007] x86/cpu: User Mode Instruction Prevention (UMIP) activated
[    0.397200] Last level iTLB entries: 4KB 0, 2MB 0, 4MB 0
[    0.397634] Last level dTLB entries: 4KB 0, 2MB 0, 4MB 0, 1GB 0
[    0.398093] Spectre V1 : Mitigation: usercopy/swapgs barriers and __user pointer sanitization
[    0.399243] Spectre V2 : Mitigation: Retpolines
[    0.399619] Spectre V2 : Spectre v2 / SpectreRSB: Filling RSB on context switch and VMEXIT
[    0.400068] Speculative Store Bypass: Vulnerable
[    0.402648] x86/fpu: Supporting XSAVE feature 0x001: 'x87 floating point registers'
[    0.409562] x86/fpu: Supporting XSAVE feature 0x002: 'SSE registers'
[    0.409871] x86/fpu: Supporting XSAVE feature 0x004: 'AVX registers'
[    0.410130] x86/fpu: Supporting XSAVE feature 0x008: 'MPX bounds registers'
[    0.410414] x86/fpu: Supporting XSAVE feature 0x010: 'MPX CSR'
[    0.417567] x86/fpu: xstate_offset[2]:  576, xstate_sizes[2]:  256
[    0.418051] x86/fpu: xstate_offset[3]:  960, xstate_sizes[3]:   64
[    0.418303] x86/fpu: xstate_offset[4]: 1024, xstate_sizes[4]:   64
[    0.418567] x86/fpu: Enabled xstate features 0x1f, context size is 1088 bytes, using 'standard' format.
[    0.703955] Freeing SMP alternatives memory: 40K
[    0.705259] pid_max: default: 32768 minimum: 301
[    0.714662] Mount-cache hash table entries: 512 (order: 0, 4096 bytes, linear)
[    0.715285] Mountpoint-cache hash table entries: 512 (order: 0, 4096 bytes, linear)
[    0.864360] smpboot: CPU0: AMD QEMU TCG CPU version 2.5+ (family: 0x6, model: 0x6, stepping: 0x3)
[    0.867154] RCU Tasks Trace: Setting shift to 0 and lim to 1 rcu_task_cb_adjust=1 rcu_task_cpu_ids=1.
[    0.867576] Performance Events: PMU not available due to virtualization, using software events only.
[    0.869165] signal: max sigframe size: 1616
[    0.870809] rcu: Hierarchical SRCU implementation.
[    0.871052] rcu: 	Max phase no-delay instances is 1000.
[    0.874093] smp: Bringing up secondary CPUs ...
[    0.876073] smp: Brought up 1 node, 1 CPU
[    0.876299] smpboot: Max logical packages: 1
[    0.878919] smpboot: Total of 1 processors activated (4890.88 BogoMIPS)
[    0.897439] clocksource: jiffies: mask: 0xffffffff max_cycles: 0xffffffff, max_idle_ns: 19112604462750000 ns
[    0.898295] futex hash table entries: 256 (order: 2, 16384 bytes, linear)
[    0.899366] pinctrl core: initialized pinctrl subsystem
[    0.918678] NET: Registered PF_NETLINK/PF_ROUTE protocol family
[    0.925026] thermal_sys: Registered thermal governor 'step_wise'
[    0.925058] thermal_sys: Registered thermal governor 'user_space'
[    0.925914] cpuidle: using governor ladder
[    0.926462] cpuidle: using governor menu
[    0.928798] acpiphp: ACPI Hot Plug PCI Controller Driver version: 0.5
[    0.931520] PCI: Using configuration type 1 for base access
[    0.942659] cryptd: max_cpu_qlen set to 1000
[    0.947553] ACPI: Added _OSI(Module Device)
[    0.947761] ACPI: Added _OSI(Processor Device)
[    0.947950] ACPI: Added _OSI(Processor Aggregator Device)
[    0.962916] ACPI: 1 ACPI AML tables successfully acquired and loaded
[    0.977381] ACPI: _OSC evaluation for CPUs failed, trying _PDC
[    0.979569] ACPI: Interpreter enabled
[    0.980299] ACPI: PM: (supports S0 S5)
[    0.980539] ACPI: Using IOAPIC for interrupt routing
[    0.981133] PCI: Using host bridge windows from ACPI; if necessary, use "pci=nocrs" and report a bug
[    0.987433] PCI: Using E820 reservations for host bridge windows
[    0.989356] ACPI: Enabled 2 GPEs in block 00 to 0F
[    1.020471] ACPI: PCI Root Bridge [PCI0] (domain 0000 [bus 00-ff])
[    1.021373] acpi PNP0A03:00: _OSC: OS supports [ASPM ClockPM Segments MSI HPX-Type3]
[    1.021900] acpi PNP0A03:00: _OSC: not requesting OS control; OS requires [ExtendedConfig ASPM ClockPM MSI]
[    1.022834] acpi PNP0A03:00: fail to add MMCONFIG information, can't access extended configuration space under this bridge
[    1.032024] acpiphp: Slot [3] registered
[    1.032491] acpiphp: Slot [4] registered
[    1.032776] acpiphp: Slot [5] registered
[    1.037334] acpiphp: Slot [6] registered
[    1.042175] acpiphp: Slot [7] registered
[    1.042668] acpiphp: Slot [8] registered
[    1.043041] acpiphp: Slot [9] registered
[    1.043302] acpiphp: Slot [10] registered
[    1.043589] acpiphp: Slot [11] registered
[    1.043859] acpiphp: Slot [12] registered
[    1.045479] acpiphp: Slot [13] registered
[    1.047465] acpiphp: Slot [14] registered
[    1.047903] acpiphp: Slot [15] registered
[    1.048343] acpiphp: Slot [16] registered
[    1.048622] acpiphp: Slot [17] registered
[    1.048899] acpiphp: Slot [18] registered
[    1.049171] acpiphp: Slot [19] registered
[    1.057448] acpiphp: Slot [20] registered
[    1.057873] acpiphp: Slot [21] registered
[    1.058267] acpiphp: Slot [22] registered
[    1.058540] acpiphp: Slot [23] registered
[    1.058822] acpiphp: Slot [24] registered
[    1.059112] acpiphp: Slot [25] registered
[    1.067462] acpiphp: Slot [26] registered
[    1.067897] acpiphp: Slot [27] registered
[    1.068276] acpiphp: Slot [28] registered
[    1.068549] acpiphp: Slot [29] registered
[    1.077325] acpiphp: Slot [30] registered
[    1.077625] acpiphp: Slot [31] registered
[    1.087051] PCI host bridge to bus 0000:00
[    1.087436] pci_bus 0000:00: root bus resource [io  0x0000-0x0cf7 window]
[    1.087838] pci_bus 0000:00: root bus resource [io  0x0d00-0xffff window]
[    1.088104] pci_bus 0000:00: root bus resource [mem 0x000a0000-0x000bffff window]
[    1.097332] pci_bus 0000:00: root bus resource [mem 0x08000000-0xfebfffff window]
[    1.097800] pci_bus 0000:00: root bus resource [mem 0x100000000-0x17fffffff window]
[    1.098346] pci_bus 0000:00: root bus resource [bus 00-ff]
[    1.099947] pci 0000:00:00.0: [8086:1237] type 00 class 0x060000
[    1.111247] pci 0000:00:01.0: [8086:7000] type 00 class 0x060100
[    1.112127] pci 0000:00:01.1: [8086:7010] type 00 class 0x010180
[    1.115050] pci 0000:00:01.1: reg 0x20: [io  0xc0e0-0xc0ef]
[    1.117989] pci 0000:00:01.1: legacy IDE quirk: reg 0x10: [io  0x01f0-0x01f7]
[    1.119726] pci 0000:00:01.1: legacy IDE quirk: reg 0x14: [io  0x03f6]
[    1.120174] pci 0000:00:01.1: legacy IDE quirk: reg 0x18: [io  0x0170-0x0177]
[    1.120555] pci 0000:00:01.1: legacy IDE quirk: reg 0x1c: [io  0x0376]
[    1.121549] pci 0000:00:01.3: [8086:7113] type 00 class 0x068000
[    1.127912] pci 0000:00:01.3: quirk: [io  0x0600-0x063f] claimed by PIIX4 ACPI
[    1.128269] pci 0000:00:01.3: quirk: [io  0x0700-0x070f] claimed by PIIX4 SMB
[    1.129100] pci 0000:00:02.0: [1234:1111] type 00 class 0x030000
[    1.137941] pci 0000:00:02.0: reg 0x10: [mem 0xfd000000-0xfdffffff pref]
[    1.139529] pci 0000:00:02.0: reg 0x18: [mem 0xfeb90000-0xfeb90fff]
[    1.142131] pci 0000:00:02.0: reg 0x30: [mem 0xfeb80000-0xfeb8ffff pref]
[    1.147214] pci 0000:00:02.0: Video device with shadowed ROM at [mem 0x000c0000-0x000dffff]
[    1.153768] pci 0000:00:03.0: [1af4:1000] type 00 class 0x020000
[    1.155026] pci 0000:00:03.0: reg 0x10: [io  0xc080-0xc09f]
[    1.157963] pci 0000:00:03.0: reg 0x20: [mem 0xfe000000-0xfe003fff 64bit pref]
[    1.159035] pci 0000:00:03.0: reg 0x30: [mem 0xfea80000-0xfeafffff pref]
[    1.169318] pci 0000:00:04.0: [1af4:1005] type 00 class 0x00ff00
[    1.170191] pci 0000:00:04.0: reg 0x10: [io  0xc0a0-0xc0bf]
[    1.171077] pci 0000:00:04.0: reg 0x14: [mem 0xfeb91000-0xfeb91fff]
[    1.174451] pci 0000:00:04.0: reg 0x20: [mem 0xfe004000-0xfe007fff 64bit pref]
[    1.180656] pci 0000:00:05.0: [1af4:1000] type 00 class 0x020000
[    1.182703] pci 0000:00:05.0: reg 0x10: [io  0xc0c0-0xc0df]
[    1.183805] pci 0000:00:05.0: reg 0x14: [mem 0xfeb92000-0xfeb92fff]
[    1.187426] pci 0000:00:05.0: reg 0x20: [mem 0xfe008000-0xfe00bfff 64bit pref]
[    1.188407] pci 0000:00:05.0: reg 0x30: [mem 0xfeb00000-0xfeb7ffff pref]
[    1.192384] pci 0000:00:06.0: [1af4:1001] type 00 class 0x010000
[    1.193350] pci 0000:00:06.0: reg 0x10: [io  0xc000-0xc07f]
[    1.197576] pci 0000:00:06.0: reg 0x14: [mem 0xfeb93000-0xfeb93fff]
[    1.199268] pci 0000:00:06.0: reg 0x20: [mem 0xfe00c000-0xfe00ffff 64bit pref]
[    1.208031] ACPI: PCI: Interrupt link LNKA configured for IRQ 10
[    1.209008] ACPI: PCI: Interrupt link LNKB configured for IRQ 10
[    1.209816] ACPI: PCI: Interrupt link LNKC configured for IRQ 11
[    1.210515] ACPI: PCI: Interrupt link LNKD configured for IRQ 11
[    1.210965] ACPI: PCI: Interrupt link LNKS configured for IRQ 9
[    1.221612] iommu: Default domain type: Translated
[    1.221875] iommu: DMA domain TLB invalidation policy: lazy mode
[    1.224101] SCSI subsystem initialized
[    1.227901] ACPI: bus type USB registered
[    1.228432] usbcore: registered new interface driver usbfs
[    1.230725] usbcore: registered new interface driver hub
[    1.231180] usbcore: registered new device driver usb
[    1.231794] pps_core: LinuxPPS API ver. 1 registered
[    1.232021] pps_core: Software ver. 5.3.6 - Copyright 2005-2007 Rodolfo Giometti <giometti@linux.it>
[    1.237515] PTP clock support registered
[    1.254576] PCI: Using ACPI for IRQ routing
[    1.257656] hpet0: at MMIO 0xfed00000, IRQs 2, 8, 0
[    1.257959] hpet0: 3 comparators, 64-bit 100.000000 MHz counter
[    1.265597] clocksource: Switched to clocksource tsc-early
[    1.265597] pnp: PnP ACPI init
[    1.265597] pnp: PnP ACPI: found 6 devices
[    1.278922] clocksource: acpi_pm: mask: 0xffffff max_cycles: 0xffffff, max_idle_ns: 2085701024 ns
[    1.280201] NET: Registered PF_INET protocol family
[    1.281336] IP idents hash table entries: 2048 (order: 2, 16384 bytes, linear)
[    1.286565] tcp_listen_portaddr_hash hash table entries: 256 (order: 0, 4096 bytes, linear)
[    1.290213] Table-perturb hash table entries: 65536 (order: 6, 262144 bytes, linear)
[    1.290590] TCP established hash table entries: 1024 (order: 1, 8192 bytes, linear)
[    1.291091] TCP bind hash table entries: 1024 (order: 3, 32768 bytes, linear)
[    1.300776] TCP: Hash tables configured (established 1024 bind 1024)
[    1.302714] MPTCP token hash table entries: 256 (order: 1, 6144 bytes, linear)
[    1.303280] UDP hash table entries: 256 (order: 1, 8192 bytes, linear)
[    1.303754] UDP-Lite hash table entries: 256 (order: 1, 8192 bytes, linear)
[    1.312995] NET: Registered PF_UNIX/PF_LOCAL protocol family
[    1.314203] pci_bus 0000:00: resource 4 [io  0x0000-0x0cf7 window]
[    1.314464] pci_bus 0000:00: resource 5 [io  0x0d00-0xffff window]
[    1.314710] pci_bus 0000:00: resource 6 [mem 0x000a0000-0x000bffff window]
[    1.322658] pci_bus 0000:00: resource 7 [mem 0x08000000-0xfebfffff window]
[    1.323063] pci_bus 0000:00: resource 8 [mem 0x100000000-0x17fffffff window]
[    1.323772] pci 0000:00:01.0: PIIX3: Enabling Passive Release
[    1.324123] pci 0000:00:00.0: Limiting direct PCI/PCI transfers
[    1.334119] PCI: CLS 0 bytes, default 64
[    1.365669] workingset: timestamp_bits=46 max_order=15 bucket_order=0
[    1.367742] squashfs: version 4.0 (2009/01/31) Phillip Lougher
[    1.370617] Block layer SCSI generic (bsg) driver version 0.4 loaded (major 247)
[    1.374315] hv_vmbus: registering driver hyperv_fb
[    1.379526] input: Power Button as /devices/LNXSYSTM:00/LNXPWRBN:00/input/input0
[    1.394386] ACPI: button: Power Button [PWRF]
[    1.584120] ACPI: \_SB_.LNKC: Enabled at IRQ 11
[    1.766902] ACPI: \_SB_.LNKD: Enabled at IRQ 10
[    1.947074] ACPI: \_SB_.LNKA: Enabled at IRQ 10
[    2.127638] ACPI: \_SB_.LNKB: Enabled at IRQ 11
[    2.129674] Serial: 8250/16550 driver, 16 ports, IRQ sharing enabled
[    2.154433] 00:04: ttyS0 at I/O 0x3f8 (irq = 4, base_baud = 115200) is a 16550A
[    2.197908] Non-volatile memory driver v1.3
[    2.211153] Linux agpgart interface v0.103
[    2.212136] AMD-Vi: AMD IOMMUv2 functionality not available on this system - This is not a bug.
[    2.212753] ACPI: bus type drm_connector registered
[    2.215059] [drm] Found bochs VGA, ID 0xb0c5.
[    2.215282] [drm] Framebuffer size 16384 kB @ 0xfd000000, mmio @ 0xfeb90000.
[    2.227851] [drm] Found EDID data blob.
[    2.233411] [drm] Initialized bochs-drm 1.0.0 20130925 for 0000:00:02.0 on minor 0
[    2.302123] Console: switching to colour frame buffer device 160x50
[    2.311331] bochs-drm 0000:00:02.0: [drm] fb0: bochs-drmdrmfb frame buffer device
[    2.351945] loop: module loaded
[    2.352758] virtio_blk virtio3: 1/0/0 default/read/poll queues
[    2.357959] virtio_blk virtio3: [vda] 246784 512-byte logical blocks (126 MB/121 MiB)
[    2.366977]  vda: vda1 vda2
[    2.370444] Guest personality initialized and is inactive
[    2.371063] VMCI host device registered (name=vmci, major=10, minor=256)
[    2.371350] Initialized host personality
[    2.372327] VMware PVSCSI driver - version 1.0.7.0-k
[    2.372685] hv_vmbus: registering driver hv_storvsc
[    2.398827] tsc: Refined TSC clocksource calibration: 2445.431 MHz
[    2.399552] clocksource: tsc: mask: 0xffffffffffffffff max_cycles: 0x233fdc46f83, max_idle_ns: 440795225539 ns
[    2.400147] clocksource: Switched to clocksource tsc
[    2.403555] scsi host0: ata_piix
[    2.412815] scsi host1: ata_piix
[    2.413889] ata1: PATA max MWDMA2 cmd 0x1f0 ctl 0x3f6 bmdma 0xc0e0 irq 14
[    2.414226] ata2: PATA max MWDMA2 cmd 0x170 ctl 0x376 bmdma 0xc0e8 irq 15
[    2.424473] VMware vmxnet3 virtual NIC driver - version 1.7.0.0-k-NAPI
[    2.425132] hv_vmbus: registering driver hv_netvsc
[    2.425531] Fusion MPT base driver 3.04.20
[    2.425709] Copyright (c) 1999-2008 LSI Corporation
[    2.426113] Fusion MPT SPI Host driver 3.04.20
[    2.435490] Fusion MPT SAS Host driver 3.04.20
[    2.437610] usbcore: registered new interface driver usb-storage
[    2.438954] i8042: PNP: PS/2 Controller [PNP0303:KBD,PNP0f13:MOU] at 0x60,0x64 irq 1,12
[    2.445207] serio: i8042 KBD port at 0x60,0x64 irq 1
[    2.447915] serio: i8042 AUX port at 0x60,0x64 irq 12
[    2.450215] hv_vmbus: registering driver hyperv_keyboard
[    2.452692] rtc_cmos 00:05: RTC can wake from S4
[    2.457947] rtc_cmos 00:05: registered as rtc0
[    2.460860] rtc_cmos 00:05: setting system clock to 2026-03-10T02:09:57 UTC (1773108597)
[    2.463430] rtc_cmos 00:05: alarms up to one day, y3k, 242 bytes nvram, hpet irqs
[    2.466399] amd_pstate: the _CPC object is not present in SBIOS or ACPI disabled
[    2.468844] sdhci: Secure Digital Host Controller Interface driver
[    2.473935] sdhci: Copyright(c) Pierre Ossman
[    2.484312] input: AT Translated Set 2 keyboard as /devices/platform/i8042/serio0/input/input1
[    2.515943] hid: raw HID events driver (C) Jiri Kosina
[    2.518738] hv_vmbus: registering driver hid_hyperv
[    2.521574] usbcore: registered new interface driver usbhid
[    2.523727] usbhid: USB HID core driver
[    2.525970] hv_utils: Registering HyperV Utility Driver
[    2.528582] hv_vmbus: registering driver hv_utils
[    2.530694] hv_vmbus: registering driver hv_balloon
[    2.534072] NET: Registered PF_INET6 protocol family
[    2.550587] Segment Routing with IPv6
[    2.552847] In-situ OAM (IOAM) with IPv6
[    2.555352] NET: Registered PF_PACKET protocol family
[    2.557909] bridge: filtering via arp/ip/ip6tables is no longer available by default. Update your scripts to load br_netfilter if you need this.
[    2.567255] 8021q: 802.1Q VLAN Support v1.8
[    2.569989] NET: Registered PF_VSOCK protocol family
[    2.579680] IPI shorthand broadcast: enabled
[    2.581949] AVX2 version of gcm_enc/dec engaged.
[    2.588398] AES CTR mode by8 optimization enabled
[    2.609287] sched_clock: Marking stable (2380080201, 228453917)->(2652019870, -43485752)
[    2.661105] ata2: found unknown device (class 0)
[    2.750835] ata2.00: ATAPI: QEMU DVD-ROM, 2.5+, max UDMA/100
[    2.759079] clk: Disabling unused clocks
[    2.780864] scsi 1:0:0:0: CD-ROM            QEMU     QEMU DVD-ROM     2.5+ PQ: 0 ANSI: 5
[    2.850248] sr 1:0:0:0: [sr0] scsi3-mmc drive: 4x/4x cd/rw xa/form2 tray
[    2.852796] cdrom: Uniform CD-ROM driver Revision: 3.20
[    2.908683] VFS: Mounted root (squashfs filesystem) readonly on device 254:2.
[    2.978787] Freeing unused kernel image (initmem) memory: 2452K
[    2.981269] Write protecting the kernel read-only data: 18432k
[    2.985832] Freeing unused kernel image (rodata/data gap) memory: 1800K
[    2.988412] Run /sbin/init as init process
[    3.254792] init: Console is alive
[    3.868780] kmodloader: loading kernel modules from /etc/modules-boot.d/*
[    3.928339] button_hotplug: loading out-of-tree module taints kernel.
[    3.935297] Button Hotplug driver version 0.4.1
[    3.958991] Intel(R) 2.5G Ethernet Linux Driver
[    3.961397] Copyright(c) 2018 Intel Corporation.
[    3.979823] igb: Intel(R) Gigabit Ethernet Network Driver
[    3.982277] igb: Copyright (c) 2007-2014 Intel Corporation.
[    3.998223] kmodloader: done loading kernel modules from /etc/modules-boot.d/*
[    4.014289] init: - preinit -
[    4.929280] 8021q: adding VLAN 0 to HW filter on device eth0
Press the [f] key and hit [enter] to enter failsafe mode
Press the [1], [2], [3] or [4] key and hit [enter] to select the debug level
[    9.611641] loop0: detected capacity change from 0 to 212992
[    9.668897] loop0: detected capacity change from 212992 to 201216
[    9.682348] mount_root: overlay filesystem in /dev/loop0 has not been formatted yet
[   10.010383] EXT4-fs (loop0): mounted filesystem a2eb6f77-363c-4d63-b373-f36d3244da3f r/w with ordered data mode. Quota mode: disabled.
[   10.024142] mount_root: overlay filesystem has not been fully initialized yet
[   10.042296] mount_root: switching to ext4 overlay
[   10.064049] overlayfs: null uuid detected in lower fs '/', falling back to xino=off,index=off,nfs_export=off.
[   10.795619] EXT4-fs (vda1): mounted filesystem 84173db5-fa99-e35a-95c6-28613cc79ea9 r/w without journal. Quota mode: disabled.
[   10.819763] urandom-seed: Seed file not found (/etc/urandom.seed)
[   10.958107] procd: - early -
[   11.745350] procd: - ubus -
[   11.925963] procd: - init -
Please press Enter to activate this console.
root
login[1000]: root login on 'ttyS0'


BusyBox v1.36.1 (2026-03-09 00:42:02 UTC) built-in shell (ash)

  _______                     ________        __
 |       |.-----.-----.-----.|  |  |  |.----.|  |_
 |   -   ||  _  |  -__|     ||  |  |  ||   _||   _|
 |_______||   __|_____|__|__||________||__|  |____|
          |__| W I R E L E S S   F R E E D O M
 -----------------------------------------------------
 OpenWrt 24.10-SNAPSHOT, r29127-01aff6f3c2
 -----------------------------------------------------
=== WARNING! =====================================
There is no root password defined on this device!
Use the "passwd" command to set up a new password
in order to prevent unauthorized SSH logins.
--------------------------------------------------
root@(none):~# dmesg -n 1
root@(none):~# echo 'PZZE''CBQKYT'
PZZECBQKYT
root@(none):~# run() { echo -n "$MARKER"; sh -c "$@"; echo "$MARKER $?"; }
root@(none):~# echo 'OKKS''OTMKLH'
OKKSOTMKLH
root@(none):~# MARKER='UFPN''NXLJGF' run 'ubus wait_for network.interface.lan'
UFPNNXLJGFUFPNNXLJGF 0
root@OpenWrt:~# echo 'ZNYC''FESLFO'
ZNYCFESLFO
root@OpenWrt:~# MARKER='CWKY''MCZVUJ' run 'ubus call network.interface.lan statu
s '"'"'{}'"'"''
CWKYMCZVUJ{
	"up": true,
	"pending": false,
	"available": true,
	"autostart": true,
	"dynamic": false,
	"uptime": 1,
	"l3_device": "br-lan",
	"proto": "static",
	"device": "br-lan",
	"updated": [
		"addresses"
	],
	"metric": 0,
	"dns_metric": 0,
	"delegation": true,
	"ipv4-address": [
		{
			"address": "192.168.1.1",
			"mask": 24
		}
	],
	"ipv6-address": [
		
	],
	"ipv6-prefix": [
		
	],
	"ipv6-prefix-assignment": [
		{
			"address": "fd28:b4a5:9a91::",
			"mask": 60,
			"local-address": {
				"address": "fd28:b4a5:9a91::1",
				"mask": 60
			}
		}
	],
	"route": [
		
	],
	"dns-server": [
		
	],
	"dns-search": [
		
	],
	"neighbors": [
		
	],
	"inactive": {
		"ipv4-address": [
			
		],
		"ipv6-address": [
			
		],
		"route": [
			
		],
		"dns-server": [
			
		],
		"dns-search": [
			
		],
		"neighbors": [
			
		]
	},
	"data": {
		
	}
}
CWKYMCZVUJ 0
root@OpenWrt:~# echo 'HMZO''ZJGGEN'
HMZOZJGGEN
root@OpenWrt:~# MARKER='BMJT''QJMVAG' run true
BMJTQJMVAGBMJTQJMVAG 0
root@OpenWrt:~# echo 'PCVA''THEXQW'
PCVATHEXQW
root@OpenWrt:~# MARKER='UPXS''AYQHYA' run 'source /etc/os-release; echo $BUILD_I
D'
UPXSAYQHYAr29127-01aff6f3c2
UPXSAYQHYA 0
root@OpenWrt:~# echo 'FEAY''ZAANLN'
FEAYZAANLN
root@OpenWrt:~# MARKER='MBTO''CNZVCU' run 'ls /etc/dropbear/dropbear_rsa_host_ke
y'
MBTOCNZVCU[0;0m/etc/dropbear/dropbear_rsa_host_key[m
MBTOCNZVCU 0
root@OpenWrt:~# echo 'ECYV''TSHHWB'
ECYVTSHHWB
root@OpenWrt:~# MARKER='AHJO''VENBPO' run 'netstat -tlpn | grep 0.0.0.0:22'
AHJOVENBPOnetstat: showing only processes with your user ID
tcp        0      0 0.0.0.0:22              0.0.0.0:*               LISTEN      1741/dropbear
AHJOVENBPO 0
root@OpenWrt:~# echo 'EVWY''CFPGPF'
EVWYCFPGPF
root@OpenWrt:~# MARKER='TGZC''YYKPGZ' run 'dmesg | grep br-lan | grep forwarding
'
TGZCYYKPGZ[   31.184090] br-lan: port 1(eth0) entered forwarding state
TGZCYYKPGZ 0
root@OpenWrt:~# echo 'GQZJ''JTLNTE'
GQZJJTLNTE
root@OpenWrt:~# MARKER='YPCM''OCUVSW' run 'ubus call network.interface.lan statu
s '"'"'{}'"'"''
YPCMOCUVSW{
	"up": true,
	"pending": false,
	"available": true,
	"autostart": true,
	"dynamic": false,
	"uptime": 8,
	"l3_device": "br-lan",
	"proto": "static",
	"device": "br-lan",
	"updated": [
		"addresses"
	],
	"metric": 0,
	"dns_metric": 0,
	"delegation": true,
	"ipv4-address": [
		{
			"address": "192.168.1.1",
			"mask": 24
		}
	],
	"ipv6-address": [
		
	],
	"ipv6-prefix": [
		
	],
	"ipv6-prefix-assignment": [
		{
			"address": "fd28:b4a5:9a91::",
			"mask": 60,
			"local-address": {
				"address": "fd28:b4a5:9a91::1",
				"mask": 60
			}
		}
	],
	"route": [
		
	],
	"dns-server": [
		
	],
	"dns-search": [
		
	],
	"neighbors": [
		
	],
	"inactive": {
		"ipv4-address": [
			
		],
		"ipv6-address": [
			
		],
		"route": [
			
		],
		"dns-server": [
			
		],
		"dns-search": [
			
		],
		"neighbors": [
			
		]
	},
	"data": {
		
	}
}
YPCMOCUVSW 0
root@OpenWrt:~# echo 'PUKE''UQKTYC'
PUKEUQKTYC
root@OpenWrt:~# MARKER='ZEHH''QWLENZ' run 'ip -o addr show dev br-lan'
ZEHHQWLENZ4: br-lan    inet 192.168.1.1/24 brd 192.168.1.255 scope global br-lan\       valid_lft forever preferred_lft forever
4: br-lan    inet6 fd28:b4a5:9a91::1/60 scope global noprefixroute \       valid_lft forever preferred_lft forever
4: br-lan    inet6 fe80::5054:ff:fe12:3456/64 scope link \       valid_lft forever preferred_lft forever
ZEHHQWLENZ 0
root@OpenWrt:~# echo 'LQVF''JYXVEQ'
LQVFJYXVEQ
root@OpenWrt:~# MARKER='PUEX''LUONBQ' run 'ubus call network.interface.wan statu
s '"'"'{}'"'"''
PUEXLUONBQ{
	"up": true,
	"pending": false,
	"available": true,
	"autostart": true,
	"dynamic": false,
	"uptime": 8,
	"l3_device": "eth1",
	"proto": "dhcp",
	"device": "eth1",
	"updated": [
		"addresses",
		"routes",
		"data"
	],
	"metric": 0,
	"dns_metric": 0,
	"delegation": true,
	"ipv4-address": [
		{
			"address": "10.0.2.15",
			"mask": 24
		}
	],
	"ipv6-address": [
		
	],
	"ipv6-prefix": [
		
	],
	"ipv6-prefix-assignment": [
		
	],
	"route": [
		{
			"target": "0.0.0.0",
			"mask": 0,
			"nexthop": "10.0.2.2",
			"source": "10.0.2.15/32"
		}
	],
	"dns-server": [
		"10.0.2.3"
	],
	"dns-search": [
		
	],
	"neighbors": [
		
	],
	"inactive": {
		"ipv4-address": [
			
		],
		"ipv6-address": [
			
		],
		"route": [
			
		],
		"dns-server": [
			
		],
		"dns-search": [
			
		],
		"neighbors": [
			
		]
	},
	"data": {
		"dhcpserver": "10.0.2.2",
		"leasetime": 86400
	}
}
PUEXLUONBQ 0
root@OpenWrt:~# 