Labgrid Console Logfile for main
Logfile started at 2026-04-24 03:36:34.240331
=== Log starts here ===
c[?7l[2J[0mSeaBIOS (version 1.16.3-debian-1.16.3-2)


iPXE (https://ipxe.org) 00:03.0 CA00 PCI2.10 PnP PMM+06FCAE70+06F0AE70 CA00
Press Ctrl-B to configure iPXE (PCI 00:03.0)...                                                                               




iPXE (https://ipxe.org) 00:05.0 CB00 PCI2.10 PnP PMM 06FCAE70 06F0AE70 CB00
Press Ctrl-B to configure iPXE (PCI 00:05.0)...                                                                               


Booting from Hard Disk...
GRUB loading.....
[0;30;47mWelcome to GRUB![01;01H[0m[2J[H[J[1;1H[?25l[m[H[J[1;1H[2;30HGNU GRUB  version 2.12

[m[4;2H+----------------------------------------------------------------------------+[5;2H|[5;79H|[6;2H|[6;79H|[7;2H|[7;79H|[8;2H|[8;79H|[9;2H|[9;79H|[10;2H|[10;79H|[11;2H|[11;79H|[12;2H|[12;79H|[13;2H|[13;79H|[14;2H|[14;79H|[15;2H|[15;79H|[16;2H+----------------------------------------------------------------------------+[m[17;2H[18;2H[m     Use the ^ and v keys to select which entry is highlighted.          
      Press enter to boot the selected OS, `e' to edit the commands       
      before booting or `c' for a command-line. ESC to return             
      previous menu.                                                      [5;80H [7m[5;3H*OpenWrt                                                                    [m[5;78H[m[m[6;3H OpenWrt (failsafe)                                                         [m[6;78H[m[m[7;3H                                                                            [m[7;78H[m[m[8;3H                                                                            [m[8;78H[m[m[9;3H                                                                            [m[9;78H[m[m[10;3H                                                                            [m[10;78H[m[m[11;3H                                                                            [m[11;78H[m[m[12;3H                                                                            [m[12;78H[m[m[13;3H                                                                            [m[13;78H[m[m[14;3H                                                                            [m[14;78H[m[m[15;3H                                                                            [m[15;78H[m[15;80H [5;78H[2J[02;30HGNU GRUB  version 2.12[04;02H┌────────────────────────────────────────────────────────────────────────────┐[05;02H│[05;79H│[06;02H│[06;79H│[07;02H│[07;02H[07;79H│[08;02H│[08;79H│[09;02H│[09;79H│[10;02H│[10;79H│[11;02H│[11;79H│[12;02H│[12;79H│[13;02H│[13;79H│[14;02H│[14;79H│[15;02H│[15;79H│[16;02H│[16;79H│[17;02H└────────────────────────────────────────────────────────────────────────────┘[19;02H     Use the ↑ and ↓ keys to select which entry is [19;52H[19;53Hhighlighted.          
      Press enter to boot the selected OS, `e' to edit the commands       
      before booting or `c' for a command-line. ESC to return             
      previous menu.                                                      [05;80H [05;03H[0;30;47m*OpenWrt                                                                    [06;03H[0m OpenWrt (failsafe)                                                         [07;03H                                                                            [08;03H                                                                            [09;03H                                                                            [10;03H                                                                            [11;03H                                                                            [12;03H                      [12;24H[12;25H                                                      [13;03H                                                                            [14;03H                                                                            [15;03H                                                                            [16;03H                                       [16;41H[16;42H                                     [16;80H 






   The highlighted entry will be executed automatically in 5s.                [22;1H   The highlighted entry will be executed automatically in 5s.                 [5;78H [05;78H

















   The highlighted entry will be executed automatically in 4s.                [22;1H   The highlighted entry will be executed automatically in 4s.                 [5;78H [05;78H

















   The highlighted entry will be executed automatically in 3s.                [22;1H   The highlighted entry will be executed automatically in 3s.                 [5;78H [05;78H

















   The highlighted entry will be executed automatically in 2s.                [22;1H   The highlighted entry will be executed automatically in 2s.                 [5;78H [05;78H

















   The highlighted entry will be executed automatically in 1s.                [22;1H   The highlighted entry will be executed automatically in 1s.                 [5;78H [05;78H

















   The highlighted entry will be executed automatically in 0s.                [22;1H   The highlighted entry will be executed automatically in 0s.                 [5;78H [01;01H[2J[?25h[H[J[1;1H[H[J[1;1H[2J   Booting `OpenWrt' Booting `OpenWrt

'

[    0.000000] Linux version 6.6.133 (builder@buildhost) (x86_64-openwrt-linux-musl-gcc (OpenWrt GCC 13.3.0 r29157-44df9972d5) 13.3.0, GNU ld (GNU Binutils) 2.42) #0 SMP Sun Apr 12 18:14:18 2026
[    0.000000] Command line: BOOT_IMAGE=/boot/vmlinuz root=PARTUUID=9c236c87-02 rootwait console=tty1 console=ttyS0,115200n8 noinitrd
[    0.000000] BIOS-provided physical RAM map:
[    0.000000] BIOS-e820: [mem 0x0000000000000000-0x000000000009fbff] usable
[    0.000000] BIOS-e820: [mem 0x000000000009fc00-0x000000000009ffff] reserved
[    0.000000] BIOS-e820: [mem 0x00000000000f0000-0x00000000000fffff] reserved
[    0.000000] BIOS-e820: [mem 0x0000000000100000-0x0000000007fdcfff] usable
[    0.000000] BIOS-e820: [mem 0x0000000007fdd000-0x0000000007ffffff] reserved
[    0.000000] BIOS-e820: [mem 0x00000000fffc0000-0x00000000ffffffff] reserved
[    0.000000] BIOS-e820: [mem 0x000000fd00000000-0x000000ffffffffff] reserved
[    0.000000] NX (Execute Disable) protection: active
[    0.000000] APIC: Static calls initialized
[    0.000000] SMBIOS 3.0.0 present.
[    0.000000] DMI: QEMU Standard PC (i440FX + PIIX, 1996), BIOS 1.16.3-debian-1.16.3-2 04/01/2014
[    0.000000] tsc: Fast TSC calibration using PIT
[    0.000000] tsc: Detected 2445.427 MHz processor
[    0.008753] last_pfn = 0x7fdd max_arch_pfn = 0x400000000
[    0.009379] MTRR map: 4 entries (3 fixed + 1 variable; max 19), built from 8 variable MTRRs
[    0.009561] x86/PAT: Configuration [0-7]: WB  WC  UC- UC  WB  WP  UC- WT  
[    0.027730] found SMP MP-table at [mem 0x000f5460-0x000f546f]
[    0.029051] Using GB pages for direct mapping
[    0.032871] ACPI: Early table checksum verification disabled
[    0.033192] ACPI: RSDP 0x00000000000F5290 000014 (v00 BOCHS )
[    0.033513] ACPI: RSDT 0x0000000007FE1C64 000034 (v01 BOCHS  BXPC     00000001 BXPC 00000001)
[    0.034013] ACPI: FACP 0x0000000007FE1B18 000074 (v01 BOCHS  BXPC     00000001 BXPC 00000001)
[    0.034629] ACPI: DSDT 0x0000000007FE0040 001AD8 (v01 BOCHS  BXPC     00000001 BXPC 00000001)
[    0.034721] ACPI: FACS 0x0000000007FE0000 000040
[    0.034773] ACPI: APIC 0x0000000007FE1B8C 000078 (v03 BOCHS  BXPC     00000001 BXPC 00000001)
[    0.034800] ACPI: HPET 0x0000000007FE1C04 000038 (v01 BOCHS  BXPC     00000001 BXPC 00000001)
[    0.034824] ACPI: WAET 0x0000000007FE1C3C 000028 (v01 BOCHS  BXPC     00000001 BXPC 00000001)
[    0.034907] ACPI: Reserving FACP table memory at [mem 0x7fe1b18-0x7fe1b8b]
[    0.034953] ACPI: Reserving DSDT table memory at [mem 0x7fe0040-0x7fe1b17]
[    0.034961] ACPI: Reserving FACS table memory at [mem 0x7fe0000-0x7fe003f]
[    0.034967] ACPI: Reserving APIC table memory at [mem 0x7fe1b8c-0x7fe1c03]
[    0.034973] ACPI: Reserving HPET table memory at [mem 0x7fe1c04-0x7fe1c3b]
[    0.034979] ACPI: Reserving WAET table memory at [mem 0x7fe1c3c-0x7fe1c63]
[    0.038014] Zone ranges:
[    0.038044]   DMA      [mem 0x0000000000001000-0x0000000000ffffff]
[    0.038118]   DMA32    [mem 0x0000000001000000-0x0000000007fdcfff]
[    0.038129]   Normal   empty
[    0.038152] Movable zone start for each node
[    0.038179] Early memory node ranges
[    0.038210]   node   0: [mem 0x0000000000001000-0x000000000009efff]
[    0.038273]   node   0: [mem 0x0000000000100000-0x0000000007fdcfff]
[    0.038380] Initmem setup node 0 [mem 0x0000000000001000-0x0000000007fdcfff]
[    0.039184] On node 0, zone DMA: 1 pages in unavailable ranges
[    0.039538] On node 0, zone DMA: 97 pages in unavailable ranges
[    0.040563] On node 0, zone DMA32: 35 pages in unavailable ranges
[    0.040896] ACPI: PM-Timer IO Port: 0x608
[    0.041277] ACPI: LAPIC_NMI (acpi_id[0xff] dfl dfl lint[0x1])
[    0.041684] IOAPIC[0]: apic_id 0, version 32, address 0xfec00000, GSI 0-23
[    0.041793] ACPI: INT_SRC_OVR (bus 0 bus_irq 0 global_irq 2 dfl dfl)
[    0.042037] ACPI: INT_SRC_OVR (bus 0 bus_irq 5 global_irq 5 high level)
[    0.042093] ACPI: INT_SRC_OVR (bus 0 bus_irq 9 global_irq 9 high level)
[    0.042179] ACPI: INT_SRC_OVR (bus 0 bus_irq 10 global_irq 10 high level)
[    0.042190] ACPI: INT_SRC_OVR (bus 0 bus_irq 11 global_irq 11 high level)
[    0.042409] ACPI: Using ACPI (MADT) for SMP configuration information
[    0.042453] ACPI: HPET id: 0x8086a201 base: 0xfed00000
[    0.042739] smpboot: Allowing 1 CPUs, 0 hotplug CPUs
[    0.043803] [mem 0x08000000-0xfffbffff] available for PCI devices
[    0.043851] Booting paravirtualized kernel on bare hardware
[    0.044133] clocksource: refined-jiffies: mask: 0xffffffff max_cycles: 0xffffffff, max_idle_ns: 19112604462750000 ns
[    0.044755] setup_percpu: NR_CPUS:512 nr_cpumask_bits:1 nr_cpu_ids:1 nr_node_ids:1
[    0.046348] percpu: Embedded 48 pages/cpu s158248 r8192 d30168 u2097152
[    0.048533] Kernel command line: BOOT_IMAGE=/boot/vmlinuz root=PARTUUID=9c236c87-02 rootwait console=tty1 console=ttyS0,115200n8 noinitrd
[    0.050124] random: crng init done
[    0.054929] Dentry cache hash table entries: 16384 (order: 5, 131072 bytes, linear)
[    0.055886] Inode-cache hash table entries: 8192 (order: 4, 65536 bytes, linear)
[    0.058645] Built 1 zonelists, mobility grouping on.  Total pages: 31965
[    0.058989] mem auto-init: stack:off, heap alloc:off, heap free:off
[    0.062451] Memory: 102576K/130540K available (14336K kernel code, 1170K rwdata, 2300K rodata, 2456K init, 2404K bss, 27708K reserved, 0K cma-reserved)
[    0.068664] SLUB: HWalign=64, Order=0-3, MinObjects=0, CPUs=1, Nodes=1
[    0.075887] rcu: Hierarchical RCU implementation.
[    0.075916] rcu: 	RCU restricting CPUs from NR_CPUS=512 to nr_cpu_ids=1.
[    0.076027] 	Tracing variant of Tasks RCU enabled.
[    0.076111] rcu: RCU calculated value of scheduler-enlistment delay is 10 jiffies.
[    0.076138] rcu: Adjusting geometry for rcu_fanout_leaf=16, nr_cpu_ids=1
[    0.077266] NR_IRQS: 33024, nr_irqs: 256, preallocated irqs: 16
[    0.085812] rcu: srcu_init: Setting srcu_struct sizes based on contention.
[    0.092579] Console: colour VGA+ 80x25
[    0.092883] printk: console [tty1] enabled
[    0.100416] printk: console [ttyS0] enabled
[    0.331314] ACPI: Core revision 20230628
[    0.336415] clocksource: hpet: mask: 0xffffffff max_cycles: 0xffffffff, max_idle_ns: 19112604467 ns
[    0.341311] APIC: Switch to symmetric I/O mode setup
[    0.345889] ..TIMER: vector=0x30 apic1=0 pin1=2 apic2=-1 pin2=-1
[    0.388216] clocksource: tsc-early: mask: 0xffffffffffffffff max_cycles: 0x233fd8a313f, max_idle_ns: 440795252855 ns
[    0.388835] Calibrating delay loop (skipped), value calculated using timer frequency.. 4890.85 BogoMIPS (lpj=24454270)
[    0.390487] x86/cpu: User Mode Instruction Prevention (UMIP) activated
[    0.405209] Last level iTLB entries: 4KB 0, 2MB 0, 4MB 0
[    0.405613] Last level dTLB entries: 4KB 0, 2MB 0, 4MB 0, 1GB 0
[    0.408831] Spectre V1 : Mitigation: usercopy/swapgs barriers and __user pointer sanitization
[    0.409602] Spectre V2 : Mitigation: Retpolines
[    0.410356] Spectre V2 : Spectre v2 / SpectreRSB: Filling RSB on context switch and VMEXIT
[    0.410962] Speculative Store Bypass: Vulnerable
[    0.412653] x86/fpu: Supporting XSAVE feature 0x001: 'x87 floating point registers'
[    0.417959] x86/fpu: Supporting XSAVE feature 0x002: 'SSE registers'
[    0.419940] x86/fpu: Supporting XSAVE feature 0x004: 'AVX registers'
[    0.420177] x86/fpu: Supporting XSAVE feature 0x008: 'MPX bounds registers'
[    0.420452] x86/fpu: Supporting XSAVE feature 0x010: 'MPX CSR'
[    0.420842] x86/fpu: xstate_offset[2]:  576, xstate_sizes[2]:  256
[    0.428933] x86/fpu: xstate_offset[3]:  960, xstate_sizes[3]:   64
[    0.429274] x86/fpu: xstate_offset[4]: 1024, xstate_sizes[4]:   64
[    0.429611] x86/fpu: Enabled xstate features 0x1f, context size is 1088 bytes, using 'standard' format.
[    0.699968] Freeing SMP alternatives memory: 40K
[    0.701167] pid_max: default: 32768 minimum: 301
[    0.710011] Mount-cache hash table entries: 512 (order: 0, 4096 bytes, linear)
[    0.710373] Mountpoint-cache hash table entries: 512 (order: 0, 4096 bytes, linear)
[    0.858746] smpboot: CPU0: AMD QEMU TCG CPU version 2.5+ (family: 0x6, model: 0x6, stepping: 0x3)
[    0.858746] RCU Tasks Trace: Setting shift to 0 and lim to 1 rcu_task_cb_adjust=1 rcu_task_cpu_ids=1.
[    0.858746] Performance Events: PMU not available due to virtualization, using software events only.
[    0.860840] signal: max sigframe size: 1616
[    0.862454] rcu: Hierarchical SRCU implementation.
[    0.862665] rcu: 	Max phase no-delay instances is 1000.
[    0.865640] smp: Bringing up secondary CPUs ...
[    0.867596] smp: Brought up 1 node, 1 CPU
[    0.870510] smpboot: Max logical packages: 1
[    0.870777] smpboot: Total of 1 processors activated (4890.85 BogoMIPS)
[    0.887972] clocksource: jiffies: mask: 0xffffffff max_cycles: 0xffffffff, max_idle_ns: 19112604462750000 ns
[    0.888919] futex hash table entries: 256 (order: 2, 16384 bytes, linear)
[    0.889969] pinctrl core: initialized pinctrl subsystem
[    0.909633] NET: Registered PF_NETLINK/PF_ROUTE protocol family
[    0.916002] thermal_sys: Registered thermal governor 'step_wise'
[    0.916037] thermal_sys: Registered thermal governor 'user_space'
[    0.916893] cpuidle: using governor ladder
[    0.917419] cpuidle: using governor menu
[    0.920398] acpiphp: ACPI Hot Plug PCI Controller Driver version: 0.5
[    0.923068] PCI: Using configuration type 1 for base access
[    0.933286] cryptd: max_cpu_qlen set to 1000
[    0.938039] ACPI: Added _OSI(Module Device)
[    0.938242] ACPI: Added _OSI(Processor Device)
[    0.938407] ACPI: Added _OSI(Processor Aggregator Device)
[    0.953201] ACPI: 1 ACPI AML tables successfully acquired and loaded
[    0.967341] ACPI: _OSC evaluation for CPUs failed, trying _PDC
[    0.969422] ACPI: Interpreter enabled
[    0.970125] ACPI: PM: (supports S0 S5)
[    0.970349] ACPI: Using IOAPIC for interrupt routing
[    0.970905] PCI: Using host bridge windows from ACPI; if necessary, use "pci=nocrs" and report a bug
[    0.977892] PCI: Using E820 reservations for host bridge windows
[    0.979831] ACPI: Enabled 2 GPEs in block 00 to 0F
[    1.009894] ACPI: PCI Root Bridge [PCI0] (domain 0000 [bus 00-ff])
[    1.010758] acpi PNP0A03:00: _OSC: OS supports [ASPM ClockPM Segments MSI HPX-Type3]
[    1.011240] acpi PNP0A03:00: _OSC: not requesting OS control; OS requires [ExtendedConfig ASPM ClockPM MSI]
[    1.012057] acpi PNP0A03:00: fail to add MMCONFIG information, can't access extended configuration space under this bridge
[    1.023642] acpiphp: Slot [3] registered
[    1.024074] acpiphp: Slot [4] registered
[    1.024351] acpiphp: Slot [5] registered
[    1.024594] acpiphp: Slot [6] registered
[    1.028936] acpiphp: Slot [7] registered
[    1.029377] acpiphp: Slot [8] registered
[    1.029800] acpiphp: Slot [9] registered
[    1.030049] acpiphp: Slot [10] registered
[    1.030287] acpiphp: Slot [11] registered
[    1.030533] acpiphp: Slot [12] registered
[    1.032127] acpiphp: Slot [13] registered
[    1.038987] acpiphp: Slot [14] registered
[    1.039387] acpiphp: Slot [15] registered
[    1.039795] acpiphp: Slot [16] registered
[    1.040040] acpiphp: Slot [17] registered
[    1.040278] acpiphp: Slot [18] registered
[    1.040569] acpiphp: Slot [19] registered
[    1.048970] acpiphp: Slot [20] registered
[    1.049368] acpiphp: Slot [21] registered
[    1.049800] acpiphp: Slot [22] registered
[    1.050057] acpiphp: Slot [23] registered
[    1.050302] acpiphp: Slot [24] registered
[    1.050572] acpiphp: Slot [25] registered
[    1.058963] acpiphp: Slot [26] registered
[    1.059357] acpiphp: Slot [27] registered
[    1.059784] acpiphp: Slot [28] registered
[    1.060091] acpiphp: Slot [29] registered
[    1.060332] acpiphp: Slot [30] registered
[    1.060607] acpiphp: Slot [31] registered
[    1.061002] PCI host bridge to bus 0000:00
[    1.069132] pci_bus 0000:00: root bus resource [io  0x0000-0x0cf7 window]
[    1.069726] pci_bus 0000:00: root bus resource [io  0x0d00-0xffff window]
[    1.069959] pci_bus 0000:00: root bus resource [mem 0x000a0000-0x000bffff window]
[    1.078846] pci_bus 0000:00: root bus resource [mem 0x08000000-0xfebfffff window]
[    1.079286] pci_bus 0000:00: root bus resource [mem 0x100000000-0x17fffffff window]
[    1.079869] pci_bus 0000:00: root bus resource [bus 00-ff]
[    1.089491] pci 0000:00:00.0: [8086:1237] type 00 class 0x060000
[    1.101962] pci 0000:00:01.0: [8086:7000] type 00 class 0x060100
[    1.102777] pci 0000:00:01.1: [8086:7010] type 00 class 0x010180
[    1.105463] pci 0000:00:01.1: BAR 4 [io  0xc0e0-0xc0ef]
[    1.106690] pci 0000:00:01.1: BAR 0 [io  0x01f0-0x01f7]: legacy IDE quirk
[    1.108880] pci 0000:00:01.1: BAR 1 [io  0x03f6]: legacy IDE quirk
[    1.109300] pci 0000:00:01.1: BAR 2 [io  0x0170-0x0177]: legacy IDE quirk
[    1.109680] pci 0000:00:01.1: BAR 3 [io  0x0376]: legacy IDE quirk
[    1.110623] pci 0000:00:01.3: [8086:7113] type 00 class 0x068000
[    1.119397] pci 0000:00:01.3: quirk: [io  0x0600-0x063f] claimed by PIIX4 ACPI
[    1.119723] pci 0000:00:01.3: quirk: [io  0x0700-0x070f] claimed by PIIX4 SMB
[    1.120509] pci 0000:00:02.0: [1234:1111] type 00 class 0x030000
[    1.121214] pci 0000:00:02.0: BAR 0 [mem 0xfd000000-0xfdffffff pref]
[    1.130339] pci 0000:00:02.0: BAR 2 [mem 0xfeb90000-0xfeb90fff]
[    1.133508] pci 0000:00:02.0: ROM [mem 0xfeb80000-0xfeb8ffff pref]
[    1.133993] pci 0000:00:02.0: Video device with shadowed ROM at [mem 0x000c0000-0x000dffff]
[    1.135013] pci 0000:00:03.0: [1af4:1000] type 00 class 0x020000
[    1.139646] pci 0000:00:03.0: BAR 0 [io  0xc080-0xc09f]
[    1.143097] pci 0000:00:03.0: BAR 4 [mem 0xfe000000-0xfe003fff 64bit pref]
[    1.143853] pci 0000:00:03.0: ROM [mem 0xfea80000-0xfeafffff pref]
[    1.152409] pci 0000:00:04.0: [1af4:1005] type 00 class 0x00ff00
[    1.153860] pci 0000:00:04.0: BAR 0 [io  0xc0a0-0xc0bf]
[    1.155161] pci 0000:00:04.0: BAR 1 [mem 0xfeb91000-0xfeb91fff]
[    1.158452] pci 0000:00:04.0: BAR 4 [mem 0xfe004000-0xfe007fff 64bit pref]
[    1.163140] pci 0000:00:05.0: [1af4:1000] type 00 class 0x020000
[    1.164744] pci 0000:00:05.0: BAR 0 [io  0xc0c0-0xc0df]
[    1.165642] pci 0000:00:05.0: BAR 1 [mem 0xfeb92000-0xfeb92fff]
[    1.169039] pci 0000:00:05.0: BAR 4 [mem 0xfe008000-0xfe00bfff 64bit pref]
[    1.169786] pci 0000:00:05.0: ROM [mem 0xfeb00000-0xfeb7ffff pref]
[    1.179057] pci 0000:00:06.0: [1af4:1001] type 00 class 0x010000
[    1.179826] pci 0000:00:06.0: BAR 0 [io  0xc000-0xc07f]
[    1.180529] pci 0000:00:06.0: BAR 1 [mem 0xfeb93000-0xfeb93fff]
[    1.182286] pci 0000:00:06.0: BAR 4 [mem 0xfe00c000-0xfe00ffff 64bit pref]
[    1.191423] ACPI: PCI: Interrupt link LNKA configured for IRQ 10
[    1.192298] ACPI: PCI: Interrupt link LNKB configured for IRQ 10
[    1.192926] ACPI: PCI: Interrupt link LNKC configured for IRQ 11
[    1.193571] ACPI: PCI: Interrupt link LNKD configured for IRQ 11
[    1.193979] ACPI: PCI: Interrupt link LNKS configured for IRQ 9
[    1.203434] iommu: Default domain type: Translated
[    1.203643] iommu: DMA domain TLB invalidation policy: lazy mode
[    1.208948] SCSI subsystem initialized
[    1.210750] ACPI: bus type USB registered
[    1.211287] usbcore: registered new interface driver usbfs
[    1.213295] usbcore: registered new interface driver hub
[    1.213765] usbcore: registered new device driver usb
[    1.214349] pps_core: LinuxPPS API ver. 1 registered
[    1.214546] pps_core: Software ver. 5.3.6 - Copyright 2005-2007 Rodolfo Giometti <giometti@linux.it>
[    1.219175] PTP clock support registered
[    1.236269] PCI: Using ACPI for IRQ routing
[    1.239205] hpet0: at MMIO 0xfed00000, IRQs 2, 8, 0
[    1.239476] hpet0: 3 comparators, 64-bit 100.000000 MHz counter
[    1.245595] clocksource: Switched to clocksource tsc-early
[    1.247991] pnp: PnP ACPI init
[    1.247991] pnp: PnP ACPI: found 6 devices
[    1.259831] clocksource: acpi_pm: mask: 0xffffff max_cycles: 0xffffff, max_idle_ns: 2085701024 ns
[    1.260716] NET: Registered PF_INET protocol family
[    1.262161] IP idents hash table entries: 2048 (order: 2, 16384 bytes, linear)
[    1.267355] tcp_listen_portaddr_hash hash table entries: 256 (order: 0, 4096 bytes, linear)
[    1.270847] Table-perturb hash table entries: 65536 (order: 6, 262144 bytes, linear)
[    1.271261] TCP established hash table entries: 1024 (order: 1, 8192 bytes, linear)
[    1.271686] TCP bind hash table entries: 1024 (order: 3, 32768 bytes, linear)
[    1.281580] TCP: Hash tables configured (established 1024 bind 1024)
[    1.283814] MPTCP token hash table entries: 256 (order: 1, 6144 bytes, linear)
[    1.284325] UDP hash table entries: 256 (order: 1, 8192 bytes, linear)
[    1.284756] UDP-Lite hash table entries: 256 (order: 1, 8192 bytes, linear)
[    1.293823] NET: Registered PF_UNIX/PF_LOCAL protocol family
[    1.294998] pci_bus 0000:00: resource 4 [io  0x0000-0x0cf7 window]
[    1.295222] pci_bus 0000:00: resource 5 [io  0x0d00-0xffff window]
[    1.295429] pci_bus 0000:00: resource 6 [mem 0x000a0000-0x000bffff window]
[    1.303286] pci_bus 0000:00: resource 7 [mem 0x08000000-0xfebfffff window]
[    1.303646] pci_bus 0000:00: resource 8 [mem 0x100000000-0x17fffffff window]
[    1.304445] pci 0000:00:01.0: PIIX3: Enabling Passive Release
[    1.304743] pci 0000:00:00.0: Limiting direct PCI/PCI transfers
[    1.314325] PCI: CLS 0 bytes, default 64
[    1.345520] workingset: timestamp_bits=46 max_order=15 bucket_order=0
[    1.347497] squashfs: version 4.0 (2009/01/31) Phillip Lougher
[    1.350085] Block layer SCSI generic (bsg) driver version 0.4 loaded (major 247)
[    1.353995] hv_vmbus: registering driver hyperv_fb
[    1.359232] input: Power Button as /devices/LNXSYSTM:00/LNXPWRBN:00/input/input0
[    1.371710] ACPI: button: Power Button [PWRF]
[    1.564657] ACPI: \_SB_.LNKC: Enabled at IRQ 11
[    1.743549] ACPI: \_SB_.LNKD: Enabled at IRQ 10
[    1.923703] ACPI: \_SB_.LNKA: Enabled at IRQ 10
[    2.110449] ACPI: \_SB_.LNKB: Enabled at IRQ 11
[    2.112288] Serial: 8250/16550 driver, 16 ports, IRQ sharing enabled
[    2.136830] 00:04: ttyS0 at I/O 0x3f8 (irq = 4, base_baud = 115200) is a 16550A
[    2.180537] Non-volatile memory driver v1.3
[    2.191840] Linux agpgart interface v0.103
[    2.192791] AMD-Vi: AMD IOMMUv2 functionality not available on this system - This is not a bug.
[    2.193388] ACPI: bus type drm_connector registered
[    2.195621] [drm] Found bochs VGA, ID 0xb0c5.
[    2.195821] [drm] Framebuffer size 16384 kB @ 0xfd000000, mmio @ 0xfeb90000.
[    2.209591] [drm] Found EDID data blob.
[    2.215103] [drm] Initialized bochs-drm 1.0.0 20130925 for 0000:00:02.0 on minor 0
[    2.283001] Console: switching to colour frame buffer device 160x50
[    2.292094] bochs-drm 0000:00:02.0: [drm] fb0: bochs-drmdrmfb frame buffer device
[    2.332354] loop: module loaded
[    2.333268] virtio_blk virtio3: 1/0/0 default/read/poll queues
[    2.337097] tsc: Refined TSC clocksource calibration: 2445.435 MHz
[    2.337701] clocksource: tsc: mask: 0xffffffffffffffff max_cycles: 0x233fe0862e1, max_idle_ns: 440795313989 ns
[    2.344758] virtio_blk virtio3: [vda] 246784 512-byte logical blocks (126 MB/121 MiB)
[    2.347326] clocksource: Switched to clocksource tsc
[    2.353953]  vda: vda1 vda2
[    2.357245] Guest personality initialized and is inactive
[    2.357818] VMCI host device registered (name=vmci, major=10, minor=256)
[    2.358105] Initialized host personality
[    2.359055] VMware PVSCSI driver - version 1.0.7.0-k
[    2.359385] hv_vmbus: registering driver hv_storvsc
[    2.387065] scsi host0: ata_piix
[    2.390093] scsi host1: ata_piix
[    2.391125] ata1: PATA max MWDMA2 cmd 0x1f0 ctl 0x3f6 bmdma 0xc0e0 irq 14
[    2.391399] ata2: PATA max MWDMA2 cmd 0x170 ctl 0x376 bmdma 0xc0e8 irq 15
[    2.401588] VMware vmxnet3 virtual NIC driver - version 1.7.0.0-k-NAPI
[    2.402165] hv_vmbus: registering driver hv_netvsc
[    2.402729] Fusion MPT base driver 3.04.20
[    2.402899] Copyright (c) 1999-2008 LSI Corporation
[    2.403296] Fusion MPT SPI Host driver 3.04.20
[    2.412387] Fusion MPT SAS Host driver 3.04.20
[    2.414712] usbcore: registered new interface driver usb-storage
[    2.415948] i8042: PNP: PS/2 Controller [PNP0303:KBD,PNP0f13:MOU] at 0x60,0x64 irq 1,12
[    2.421802] serio: i8042 KBD port at 0x60,0x64 irq 1
[    2.424457] serio: i8042 AUX port at 0x60,0x64 irq 12
[    2.426592] hv_vmbus: registering driver hyperv_keyboard
[    2.429022] rtc_cmos 00:05: RTC can wake from S4
[    2.434226] rtc_cmos 00:05: registered as rtc0
[    2.437170] rtc_cmos 00:05: setting system clock to 2026-04-24T03:36:45 UTC (1777001805)
[    2.439615] rtc_cmos 00:05: alarms up to one day, y3k, 242 bytes nvram, hpet irqs
[    2.442619] amd_pstate: the _CPC object is not present in SBIOS or ACPI disabled
[    2.444992] sdhci: Secure Digital Host Controller Interface driver
[    2.450000] sdhci: Copyright(c) Pierre Ossman
[    2.459506] input: AT Translated Set 2 keyboard as /devices/platform/i8042/serio0/input/input1
[    2.491997] hid: raw HID events driver (C) Jiri Kosina
[    2.494750] hv_vmbus: registering driver hid_hyperv
[    2.497528] usbcore: registered new interface driver usbhid
[    2.499611] usbhid: USB HID core driver
[    2.501831] hv_utils: Registering HyperV Utility Driver
[    2.504763] hv_vmbus: registering driver hv_utils
[    2.506793] hv_vmbus: registering driver hv_balloon
[    2.510098] NET: Registered PF_INET6 protocol family
[    2.527129] Segment Routing with IPv6
[    2.529417] In-situ OAM (IOAM) with IPv6
[    2.531858] NET: Registered PF_PACKET protocol family
[    2.534543] bridge: filtering via arp/ip/ip6tables is no longer available by default. Update your scripts to load br_netfilter if you need this.
[    2.544325] 8021q: 802.1Q VLAN Support v1.8
[    2.547031] NET: Registered PF_VSOCK protocol family
[    2.556820] IPI shorthand broadcast: enabled
[    2.559036] AVX2 version of gcm_enc/dec engaged.
[    2.565551] AES CTR mode by8 optimization enabled
[    2.586137] sched_clock: Marking stable (2340087645, 242425657)->(2647838190, -65324888)
[    2.635097] ata2: found unknown device (class 0)
[    2.728041] ata2.00: ATAPI: QEMU DVD-ROM, 2.5+, max UDMA/100
[    2.744604] scsi 1:0:0:0: CD-ROM            QEMU     QEMU DVD-ROM     2.5+ PQ: 0 ANSI: 5
[    2.752973] clk: Disabling unused clocks
[    2.824374] sr 1:0:0:0: [sr0] scsi3-mmc drive: 4x/4x cd/rw xa/form2 tray
[    2.826814] cdrom: Uniform CD-ROM driver Revision: 3.20
[    2.882426] VFS: Mounted root (squashfs filesystem) readonly on device 254:2.
[    2.951380] Freeing unused kernel image (initmem) memory: 2456K
[    2.953859] Write protecting the kernel read-only data: 18432k
[    2.958267] Freeing unused kernel image (rodata/data gap) memory: 1796K
[    2.960715] Run /sbin/init as init process
[    3.214996] init: Console is alive
[    4.049584] kmodloader: loading kernel modules from /etc/modules-boot.d/*
[    4.112194] button_hotplug: loading out-of-tree module taints kernel.
[    4.118748] Button Hotplug driver version 0.4.1
[    4.141714] Intel(R) 2.5G Ethernet Linux Driver
[    4.144282] Copyright(c) 2018 Intel Corporation.
[    4.162124] igb: Intel(R) Gigabit Ethernet Network Driver
[    4.164564] igb: Copyright (c) 2007-2014 Intel Corporation.
[    4.180263] kmodloader: done loading kernel modules from /etc/modules-boot.d/*
[    4.195954] init: - preinit -
[    5.144557] 8021q: adding VLAN 0 to HW filter on device eth0
Press the [f] key and hit [enter] to enter failsafe mode
Press the [1], [2], [3] or [4] key and hit [enter] to select the debug level

[    9.818501] loop0: detected capacity change from 0 to 212992
[    9.882878] loop0: detected capacity change from 212992 to 200064
[    9.895884] mount_root: overlay filesystem in /dev/loop0 has not been formatted yet
[   10.276686] EXT4-fs (loop0): mounted filesystem d080f2ee-c584-46a2-b0be-86c8627bb077 r/w with ordered data mode. Quota mode: disabled.
[   10.290397] mount_root: overlay filesystem has not been fully initialized yet
[   10.308408] mount_root: switching to ext4 overlay
[   10.332354] overlayfs: null uuid detected in lower fs '/', falling back to xino=off,index=off,nfs_export=off.
[   11.058581] EXT4-fs (vda1): mounted filesystem 84173db5-fa99-e35a-95c6-28613cc79ea9 r/w without journal. Quota mode: disabled.
[   11.081967] urandom-seed: Seed file not found (/etc/urandom.seed)
[   11.225301] procd: - early -
[   12.016441] procd: - ubus -
[   12.205074] procd: - init -
Please press Enter to activate this console.
root
login[997]: root login on 'ttyS0'


BusyBox v1.36.1 (2026-04-12 18:14:18 UTC) built-in shell (ash)

  _______                     ________        __
 |       |.-----.-----.-----.|  |  |  |.----.|  |_
 |   -   ||  _  |  -__|     ||  |  |  ||   _||   _|
 |_______||   __|_____|__|__||________||__|  |____|
          |__| W I R E L E S S   F R E E D O M
 -----------------------------------------------------
 OpenWrt 24.10-SNAPSHOT, r29157-44df9972d5
 -----------------------------------------------------
  ___   __ __                _______             __
 |   |_|__|  |--.----.-----.|   |   |-----.-----|  |--.
 |     |  |  _  |   _|  -__||       |  -__|__ --|     |
 |_____|__|_____|__| |_____||__|_|__|_____|_____|__|__|

 ------------------------------------------------------
 LiMe master development (master rev. aebe482 20260416_0852)
 ------------------------------------------------------
 https://libremesh.org
 ------------------------------------------------------
=== WARNING! =====================================
There is no root password defined on this device!
Use the "passwd" command to set up a new password
in order to prevent unauthorized SSH logins.
--------------------------------------------------
root@(none):~# dmesg -n 1
root@(none):~# echo 'TFUN''VCABML'
TFUNVCABML
root@LiMe-123456:~# run() { echo -n "$MARKER"; sh -c "$@"; echo "$MARKER $?"; }
root@LiMe-123456:~# echo 'XTVV''EVGXVA'
XTVVEVGXVA
root@LiMe-123456:~# MARKER='FBUF''YFZSXY' run 'ubus wait_for network.interface.l
an'
FBUFYFZSXYFBUFYFZSXY 0
root@LiMe-123456:~# echo 'BUYP''XVPTET'
BUYPXVPTET
root@LiMe-123456:~# MARKER='WFNH''BPNHXM' run 'ubus call network.interface.lan s
tatus '"'"'{}'"'"''
WFNHBPNHXM{
	"up": true,
	"pending": false,
	"available": true,
	"autostart": true,
	"dynamic": false,
	"uptime": 0,
	"l3_device": "br-lan",
	"proto": "static",
	"device": "br-lan",
	"updated": [
		"addresses"
	],
	"metric": 0,
	"dns_metric": 0,
	"delegation": true,
	"ipv4-address": [
		{
			"address": "10.13.52.86",
			"mask": 16
		}
	],
	"ipv6-address": [
		{
			"address": "fd0d:fe46:8ce8::12:3456",
			"mask": 64
		}
	],
	"ipv6-prefix": [
		
	],
	"ipv6-prefix-assignment": [
		
	],
	"route": [
		
	],
	"dns-server": [
		
	],
	"dns-search": [
		
	],
	"neighbors": [
		
	],
	"inactive": {
		"ipv4-address": [
			
		],
		"ipv6-address": [
			
		],
		"route": [
			
		],
		"dns-server": [
			
		],
		"dns-search": [
			
		],
		"neighbors": [
			
		]
	},
	"data": {
		
	}
}
WFNHBPNHXM 0
root@LiMe-123456:~# echo 'QWPB''FGEZVO'
QWPBFGEZVO
root@LiMe-123456:~# MARKER='WZWO''CZZCHE' run true
WZWOCZZCHEWZWOCZZCHE 0
root@LiMe-123456:~# echo 'SBKU''ATKQKA'
SBKUATKQKA
root@LiMe-123456:~# MARKER='ABGQ''HTTEON' run 'source /etc/os-release; echo $BUI
LD_ID'
ABGQHTTEONr29157-44df9972d5
ABGQHTTEON 0
root@LiMe-123456:~# echo 'UZUF''PQTGCX'
UZUFPQTGCX
root@LiMe-123456:~# MARKER='LGZT''XCEQOM' run 'ls /etc/dropbear/dropbear_rsa_hos
t_key'
LGZTXCEQOM[0;0m/etc/dropbear/dropbear_rsa_host_key[m
LGZTXCEQOM 0
root@LiMe-123456:~# echo 'PNYV''XKYNUE'
PNYVXKYNUE
root@LiMe-123456:~# MARKER='FYCE''WXTHKC' run 'netstat -tlpn | grep 0.0.0.0:22'
FYCEWXTHKCnetstat: showing only processes with your user ID
tcp        0      0 0.0.0.0:22              0.0.0.0:*               LISTEN      2116/dropbear
FYCEWXTHKC 0
root@LiMe-123456:~# echo 'KHNF''ACBWJB'
KHNFACBWJB
root@LiMe-123456:~# MARKER='EFKA''SKHGLC' run 'dmesg | grep br-lan | grep forwar
ding'
EFKASKHGLC[   46.534678] br-lan: port 1(eth0) entered forwarding state
[   51.384206] br-lan: port 2(bat0) entered forwarding state
EFKASKHGLC 0
root@LiMe-123456:~# echo 'SZAX''GZMJMO'
SZAXGZMJMO
root@LiMe-123456:~# MARKER='JJLP''GKQGQB' run 'ubus call network.interface.lan s
tatus '"'"'{}'"'"''
JJLPGKQGQB{
	"up": true,
	"pending": false,
	"available": true,
	"autostart": true,
	"dynamic": false,
	"uptime": 8,
	"l3_device": "br-lan",
	"proto": "static",
	"device": "br-lan",
	"updated": [
		"addresses"
	],
	"metric": 0,
	"dns_metric": 0,
	"delegation": true,
	"ipv4-address": [
		{
			"address": "10.13.52.86",
			"mask": 16
		}
	],
	"ipv6-address": [
		{
			"address": "fd0d:fe46:8ce8::12:3456",
			"mask": 64
		}
	],
	"ipv6-prefix": [
		
	],
	"ipv6-prefix-assignment": [
		
	],
	"route": [
		
	],
	"dns-server": [
		
	],
	"dns-search": [
		
	],
	"neighbors": [
		
	],
	"inactive": {
		"ipv4-address": [
			
		],
		"ipv6-address": [
			
		],
		"route": [
			
		],
		"dns-server": [
			
		],
		"dns-search": [
			
		],
		"neighbors": [
			
		]
	},
	"data": {
		
	}
}
JJLPGKQGQB 0
root@LiMe-123456