Labgrid Console Logfile for main
Logfile started at 2026-04-27 03:50:31.021887
=== Log starts here ===
c[?7l[2J[0mSeaBIOS (version 1.16.3-debian-1.16.3-2)


iPXE (https://ipxe.org) 00:03.0 CA00 PCI2.10 PnP PMM+06FCAE70+06F0AE70 CA00
Press Ctrl-B to configure iPXE (PCI 00:03.0)...                                                                               




iPXE (https://ipxe.org) 00:05.0 CB00 PCI2.10 PnP PMM 06FCAE70 06F0AE70 CB00
Press Ctrl-B to configure iPXE (PCI 00:05.0)...                                                                               


Booting from Hard Disk...
GRUB loading.....
[0;30;47mWelcome to GRUB![01;01H[0m[2J[H[J[1;1H[?25l[m[H[J[1;1H[2;30HGNU GRUB  version 2.12

[m[4;2H+----------------------------------------------------------------------------+[5;2H|[5;79H|[6;2H|[6;79H|[7;2H|[7;79H|[8;2H|[8;79H|[9;2H|[9;79H|[10;2H|[10;79H|[11;2H|[11;79H|[12;2H|[12;79H|[13;2H|[13;79H|[14;2H|[14;79H|[15;2H|[15;79H|[16;2H+----------------------------------------------------------------------------+[m[17;2H[18;2H[m     Use the ^ and v keys to select which entry is highlighted.          
      Press enter to boot the selected OS, `e' to edit the commands       
      before booting or `c' for a command-line. ESC to return             
      previous menu.                                                      [5;80H [7m[5;3H*OpenWrt                                                                    [m[5;78H[m[m[6;3H OpenWrt (failsafe)                                                         [m[6;78H[m[m[7;3H                                                                            [m[7;78H[m[m[8;3H                                                                            [m[8;78H[m[m[9;3H                                                                            [m[9;78H[m[m[10;3H                                                                            [m[10;78H[m[m[11;3H                                                                            [m[11;78H[m[m[12;3H                                                                            [m[12;78H[m[m[13;3H                                                                            [m[13;78H[m[m[14;3H                                                                            [m[14;78H[m[m[15;3H                                                                            [m[15;78H[m[15;80H [5;78H[2J[02;30HGNU GRUB  version 2.12[04;02H┌────────────────────────────────────────────────────────────────[04;66H[04;67H────────────┐[05;02H│[05;79H│[06;02H│[06;79H│[07;02H│[07;79H│[08;02H│[08;79H│[09;02H│[09;79H│[10;02H│[10;79H│[11;02H│[11;79H│[12;02H│[12;79H│[13;02H│[13;79H│[14;02H│[14;79H│[15;02H│[15;79H│[16;02H│[16;79H│[17;02H└────────────────────────────────────────────────────────────────────────────┘[19;02H     Use the ↑ and ↓ keys to select which entry is highlighted.          
      Press enter to boot the selected OS, `e' to edit the commands       
      before booting or `c' for a command[21;41H[21;42H-line. ESC to return             
      previous menu.                                                      [05;80H [05;03H[0;30;47m*OpenWrt                                                                    [06;03H[0m OpenWrt (failsafe)                                                         [07;03H                                                              [07;64H[07;65H              [08;03H                                                                            [09;03H                                                                       [09;73H[09;74H     [10;03H                                                                            [11;03H                                                                            [12;03H                                                                            [13;03H                                                                            [14;03H          [14;12H[14;13H                                                                  [15;03H                                                                            [16;03H                                                                            [16;80H 






   The highlighted entry will be executed automatically in 5s.                [22;1H   The highlighted entry will be executed automatically in 5s.                 [5;78H [05;78H

















   The highlighted entry will be executed automatically in 4s.                [22;1H   The highlighted entry will be executed automatically in 4s.                 [5;78H [05;78H

















   The highlighted entry will be executed automatically in 3s.                [22;1H   The highlighted entry will be executed automatically in 3s.                 [5;78H [05;78H

















  [23;02H[23;03H The highlighted entry will be executed automatically in 2s.                [22;1H   The highlighted entry will be executed automatically in 2s.                 [5;78H [05;78H

















   The highlighted entry will be executed automatically in 1s.                [22;1H   The highlighted entry will be executed automatically in 1s.                 [5;78H [05;78H

















   The highlighted entry will be executed automatically in 0s.                [22;1H   The highlighted entry will be executed automatically in 0s.                 [5;78H [01;01H[2J[?25h[H[J[1;1H[H[J[1;1H[2J   Booting `OpenWrt' Booting `OpenWrt

'

[    0.000000] Linux version 6.6.133 (builder@buildhost) (x86_64-openwrt-linux-musl-gcc (OpenWrt GCC 13.3.0 r29157-44df9972d5) 13.3.0, GNU ld (GNU Binutils) 2.42) #0 SMP Sun Apr 12 18:14:18 2026
[    0.000000] Command line: BOOT_IMAGE=/boot/vmlinuz root=PARTUUID=9c236c87-02 rootwait console=tty1 console=ttyS0,115200n8 noinitrd
[    0.000000] BIOS-provided physical RAM map:
[    0.000000] BIOS-e820: [mem 0x0000000000000000-0x000000000009fbff] usable
[    0.000000] BIOS-e820: [mem 0x000000000009fc00-0x000000000009ffff] reserved
[    0.000000] BIOS-e820: [mem 0x00000000000f0000-0x00000000000fffff] reserved
[    0.000000] BIOS-e820: [mem 0x0000000000100000-0x0000000007fdcfff] usable
[    0.000000] BIOS-e820: [mem 0x0000000007fdd000-0x0000000007ffffff] reserved
[    0.000000] BIOS-e820: [mem 0x00000000fffc0000-0x00000000ffffffff] reserved
[    0.000000] BIOS-e820: [mem 0x000000fd00000000-0x000000ffffffffff] reserved
[    0.000000] NX (Execute Disable) protection: active
[    0.000000] APIC: Static calls initialized
[    0.000000] SMBIOS 3.0.0 present.
[    0.000000] DMI: QEMU Standard PC (i440FX + PIIX, 1996), BIOS 1.16.3-debian-1.16.3-2 04/01/2014
[    0.000000] tsc: Fast TSC calibration using PIT
[    0.000000] tsc: Detected 2445.402 MHz processor
[    0.008899] last_pfn = 0x7fdd max_arch_pfn = 0x400000000
[    0.009544] MTRR map: 4 entries (3 fixed + 1 variable; max 19), built from 8 variable MTRRs
[    0.009747] x86/PAT: Configuration [0-7]: WB  WC  UC- UC  WB  WP  UC- WT  
[    0.028531] found SMP MP-table at [mem 0x000f5460-0x000f546f]
[    0.029957] Using GB pages for direct mapping
[    0.033973] ACPI: Early table checksum verification disabled
[    0.034303] ACPI: RSDP 0x00000000000F5290 000014 (v00 BOCHS )
[    0.034652] ACPI: RSDT 0x0000000007FE1C64 000034 (v01 BOCHS  BXPC     00000001 BXPC 00000001)
[    0.035170] ACPI: FACP 0x0000000007FE1B18 000074 (v01 BOCHS  BXPC     00000001 BXPC 00000001)
[    0.035795] ACPI: DSDT 0x0000000007FE0040 001AD8 (v01 BOCHS  BXPC     00000001 BXPC 00000001)
[    0.035886] ACPI: FACS 0x0000000007FE0000 000040
[    0.035939] ACPI: APIC 0x0000000007FE1B8C 000078 (v03 BOCHS  BXPC     00000001 BXPC 00000001)
[    0.035966] ACPI: HPET 0x0000000007FE1C04 000038 (v01 BOCHS  BXPC     00000001 BXPC 00000001)
[    0.035991] ACPI: WAET 0x0000000007FE1C3C 000028 (v01 BOCHS  BXPC     00000001 BXPC 00000001)
[    0.036075] ACPI: Reserving FACP table memory at [mem 0x7fe1b18-0x7fe1b8b]
[    0.036122] ACPI: Reserving DSDT table memory at [mem 0x7fe0040-0x7fe1b17]
[    0.036130] ACPI: Reserving FACS table memory at [mem 0x7fe0000-0x7fe003f]
[    0.036137] ACPI: Reserving APIC table memory at [mem 0x7fe1b8c-0x7fe1c03]
[    0.036143] ACPI: Reserving HPET table memory at [mem 0x7fe1c04-0x7fe1c3b]
[    0.036149] ACPI: Reserving WAET table memory at [mem 0x7fe1c3c-0x7fe1c63]
[    0.039271] Zone ranges:
[    0.039305]   DMA      [mem 0x0000000000001000-0x0000000000ffffff]
[    0.039382]   DMA32    [mem 0x0000000001000000-0x0000000007fdcfff]
[    0.039394]   Normal   empty
[    0.039419] Movable zone start for each node
[    0.039447] Early memory node ranges
[    0.039502]   node   0: [mem 0x0000000000001000-0x000000000009efff]
[    0.039550]   node   0: [mem 0x0000000000100000-0x0000000007fdcfff]
[    0.039660] Initmem setup node 0 [mem 0x0000000000001000-0x0000000007fdcfff]
[    0.040500] On node 0, zone DMA: 1 pages in unavailable ranges
[    0.040848] On node 0, zone DMA: 97 pages in unavailable ranges
[    0.041887] On node 0, zone DMA32: 35 pages in unavailable ranges
[    0.042278] ACPI: PM-Timer IO Port: 0x608
[    0.042682] ACPI: LAPIC_NMI (acpi_id[0xff] dfl dfl lint[0x1])
[    0.043086] IOAPIC[0]: apic_id 0, version 32, address 0xfec00000, GSI 0-23
[    0.043194] ACPI: INT_SRC_OVR (bus 0 bus_irq 0 global_irq 2 dfl dfl)
[    0.043445] ACPI: INT_SRC_OVR (bus 0 bus_irq 5 global_irq 5 high level)
[    0.043523] ACPI: INT_SRC_OVR (bus 0 bus_irq 9 global_irq 9 high level)
[    0.043617] ACPI: INT_SRC_OVR (bus 0 bus_irq 10 global_irq 10 high level)
[    0.043629] ACPI: INT_SRC_OVR (bus 0 bus_irq 11 global_irq 11 high level)
[    0.043819] ACPI: Using ACPI (MADT) for SMP configuration information
[    0.043864] ACPI: HPET id: 0x8086a201 base: 0xfed00000
[    0.044164] smpboot: Allowing 1 CPUs, 0 hotplug CPUs
[    0.045261] [mem 0x08000000-0xfffbffff] available for PCI devices
[    0.045311] Booting paravirtualized kernel on bare hardware
[    0.045633] clocksource: refined-jiffies: mask: 0xffffffff max_cycles: 0xffffffff, max_idle_ns: 19112604462750000 ns
[    0.046254] setup_percpu: NR_CPUS:512 nr_cpumask_bits:1 nr_cpu_ids:1 nr_node_ids:1
[    0.047869] percpu: Embedded 48 pages/cpu s158248 r8192 d30168 u2097152
[    0.050099] Kernel command line: BOOT_IMAGE=/boot/vmlinuz root=PARTUUID=9c236c87-02 rootwait console=tty1 console=ttyS0,115200n8 noinitrd
[    0.051791] random: crng init done
[    0.056600] Dentry cache hash table entries: 16384 (order: 5, 131072 bytes, linear)
[    0.057564] Inode-cache hash table entries: 8192 (order: 4, 65536 bytes, linear)
[    0.060279] Built 1 zonelists, mobility grouping on.  Total pages: 31965
[    0.060522] mem auto-init: stack:off, heap alloc:off, heap free:off
[    0.064076] Memory: 102576K/130540K available (14336K kernel code, 1170K rwdata, 2300K rodata, 2456K init, 2404K bss, 27708K reserved, 0K cma-reserved)
[    0.070493] SLUB: HWalign=64, Order=0-3, MinObjects=0, CPUs=1, Nodes=1
[    0.078148] rcu: Hierarchical RCU implementation.
[    0.078185] rcu: 	RCU restricting CPUs from NR_CPUS=512 to nr_cpu_ids=1.
[    0.078301] 	Tracing variant of Tasks RCU enabled.
[    0.078389] rcu: RCU calculated value of scheduler-enlistment delay is 10 jiffies.
[    0.078419] rcu: Adjusting geometry for rcu_fanout_leaf=16, nr_cpu_ids=1
[    0.079609] NR_IRQS: 33024, nr_irqs: 256, preallocated irqs: 16
[    0.088610] rcu: srcu_init: Setting srcu_struct sizes based on contention.
[    0.095594] Console: colour VGA+ 80x25
[    0.095924] printk: console [tty1] enabled
[    0.103697] printk: console [ttyS0] enabled
[    0.339360] ACPI: Core revision 20230628
[    0.355004] clocksource: hpet: mask: 0xffffffff max_cycles: 0xffffffff, max_idle_ns: 19112604467 ns
[    0.360048] APIC: Switch to symmetric I/O mode setup
[    0.364803] ..TIMER: vector=0x30 apic1=0 pin1=2 apic2=-1 pin2=-1
[    0.406954] clocksource: tsc-early: mask: 0xffffffffffffffff max_cycles: 0x233fc0f9daa, max_idle_ns: 440795213832 ns
[    0.407749] Calibrating delay loop (skipped), value calculated using timer frequency.. 4890.80 BogoMIPS (lpj=24454020)
[    0.409445] x86/cpu: User Mode Instruction Prevention (UMIP) activated
[    0.424452] Last level iTLB entries: 4KB 0, 2MB 0, 4MB 0
[    0.427927] Last level dTLB entries: 4KB 0, 2MB 0, 4MB 0, 1GB 0
[    0.428399] Spectre V1 : Mitigation: usercopy/swapgs barriers and __user pointer sanitization
[    0.429339] Spectre V2 : Mitigation: Retpolines
[    0.429952] Spectre V2 : Spectre v2 / SpectreRSB: Filling RSB on context switch and VMEXIT
[    0.430580] Speculative Store Bypass: Vulnerable
[    0.432397] x86/fpu: Supporting XSAVE feature 0x001: 'x87 floating point registers'
[    0.439097] x86/fpu: Supporting XSAVE feature 0x002: 'SSE registers'
[    0.439382] x86/fpu: Supporting XSAVE feature 0x004: 'AVX registers'
[    0.439722] x86/fpu: Supporting XSAVE feature 0x008: 'MPX bounds registers'
[    0.440120] x86/fpu: Supporting XSAVE feature 0x010: 'MPX CSR'
[    0.440719] x86/fpu: xstate_offset[2]:  576, xstate_sizes[2]:  256
[    0.447846] x86/fpu: xstate_offset[3]:  960, xstate_sizes[3]:   64
[    0.448222] x86/fpu: xstate_offset[4]: 1024, xstate_sizes[4]:   64
[    0.448586] x86/fpu: Enabled xstate features 0x1f, context size is 1088 bytes, using 'standard' format.
[    0.712305] Freeing SMP alternatives memory: 40K
[    0.713625] pid_max: default: 32768 minimum: 301
[    0.722645] Mount-cache hash table entries: 512 (order: 0, 4096 bytes, linear)
[    0.723182] Mountpoint-cache hash table entries: 512 (order: 0, 4096 bytes, linear)
[    0.873993] smpboot: CPU0: AMD QEMU TCG CPU version 2.5+ (family: 0x6, model: 0x6, stepping: 0x3)
[    0.877633] RCU Tasks Trace: Setting shift to 0 and lim to 1 rcu_task_cb_adjust=1 rcu_task_cpu_ids=1.
[    0.877633] Performance Events: PMU not available due to virtualization, using software events only.
[    0.878742] signal: max sigframe size: 1616
[    0.881257] rcu: Hierarchical SRCU implementation.
[    0.881487] rcu: 	Max phase no-delay instances is 1000.
[    0.884544] smp: Bringing up secondary CPUs ...
[    0.889333] smp: Brought up 1 node, 1 CPU
[    0.890099] smpboot: Max logical packages: 1
[    0.890529] smpboot: Total of 1 processors activated (4890.80 BogoMIPS)
[    0.907041] clocksource: jiffies: mask: 0xffffffff max_cycles: 0xffffffff, max_idle_ns: 19112604462750000 ns
[    0.908078] futex hash table entries: 256 (order: 2, 16384 bytes, linear)
[    0.909198] pinctrl core: initialized pinctrl subsystem
[    0.929767] NET: Registered PF_NETLINK/PF_ROUTE protocol family
[    0.936599] thermal_sys: Registered thermal governor 'step_wise'
[    0.936645] thermal_sys: Registered thermal governor 'user_space'
[    0.937786] cpuidle: using governor ladder
[    0.938324] cpuidle: using governor menu
[    0.942089] acpiphp: ACPI Hot Plug PCI Controller Driver version: 0.5
[    0.944959] PCI: Using configuration type 1 for base access
[    0.954613] cryptd: max_cpu_qlen set to 1000
[    0.960097] ACPI: Added _OSI(Module Device)
[    0.960307] ACPI: Added _OSI(Processor Device)
[    0.960504] ACPI: Added _OSI(Processor Aggregator Device)
[    0.975609] ACPI: 1 ACPI AML tables successfully acquired and loaded
[    0.991086] ACPI: _OSC evaluation for CPUs failed, trying _PDC
[    0.993261] ACPI: Interpreter enabled
[    0.994039] ACPI: PM: (supports S0 S5)
[    0.994256] ACPI: Using IOAPIC for interrupt routing
[    0.994924] PCI: Using host bridge windows from ACPI; if necessary, use "pci=nocrs" and report a bug
[    0.998034] PCI: Using E820 reservations for host bridge windows
[    1.000104] ACPI: Enabled 2 GPEs in block 00 to 0F
[    1.036055] ACPI: PCI Root Bridge [PCI0] (domain 0000 [bus 00-ff])
[    1.037019] acpi PNP0A03:00: _OSC: OS supports [ASPM ClockPM Segments MSI HPX-Type3]
[    1.037557] acpi PNP0A03:00: _OSC: not requesting OS control; OS requires [ExtendedConfig ASPM ClockPM MSI]
[    1.038589] acpi PNP0A03:00: fail to add MMCONFIG information, can't access extended configuration space under this bridge
[    1.052332] acpiphp: Slot [3] registered
[    1.052866] acpiphp: Slot [4] registered
[    1.053142] acpiphp: Slot [5] registered
[    1.053429] acpiphp: Slot [6] registered
[    1.057947] acpiphp: Slot [7] registered
[    1.058498] acpiphp: Slot [8] registered
[    1.058833] acpiphp: Slot [9] registered
[    1.059111] acpiphp: Slot [10] registered
[    1.059370] acpiphp: Slot [11] registered
[    1.059625] acpiphp: Slot [12] registered
[    1.069561] acpiphp: Slot [13] registered
[    1.069860] acpiphp: Slot [14] registered
[    1.070134] acpiphp: Slot [15] registered
[    1.070382] acpiphp: Slot [16] registered
[    1.070632] acpiphp: Slot [17] registered
[    1.070910] acpiphp: Slot [18] registered
[    1.071176] acpiphp: Slot [19] registered
[    1.078077] acpiphp: Slot [20] registered
[    1.078545] acpiphp: Slot [21] registered
[    1.078949] acpiphp: Slot [22] registered
[    1.079211] acpiphp: Slot [23] registered
[    1.079512] acpiphp: Slot [24] registered
[    1.079764] acpiphp: Slot [25] registered
[    1.088127] acpiphp: Slot [26] registered
[    1.088572] acpiphp: Slot [27] registered
[    1.088946] acpiphp: Slot [28] registered
[    1.089209] acpiphp: Slot [29] registered
[    1.089464] acpiphp: Slot [30] registered
[    1.089713] acpiphp: Slot [31] registered
[    1.098229] PCI host bridge to bus 0000:00
[    1.098820] pci_bus 0000:00: root bus resource [io  0x0000-0x0cf7 window]
[    1.099211] pci_bus 0000:00: root bus resource [io  0x0d00-0xffff window]
[    1.099452] pci_bus 0000:00: root bus resource [mem 0x000a0000-0x000bffff window]
[    1.107810] pci_bus 0000:00: root bus resource [mem 0x08000000-0xfebfffff window]
[    1.108292] pci_bus 0000:00: root bus resource [mem 0x100000000-0x17fffffff window]
[    1.108882] pci_bus 0000:00: root bus resource [bus 00-ff]
[    1.117897] pci 0000:00:00.0: [8086:1237] type 00 class 0x060000
[    1.130967] pci 0000:00:01.0: [8086:7000] type 00 class 0x060100
[    1.131904] pci 0000:00:01.1: [8086:7010] type 00 class 0x010180
[    1.134705] pci 0000:00:01.1: BAR 4 [io  0xc0e0-0xc0ef]
[    1.135995] pci 0000:00:01.1: BAR 0 [io  0x01f0-0x01f7]: legacy IDE quirk
[    1.137726] pci 0000:00:01.1: BAR 1 [io  0x03f6]: legacy IDE quirk
[    1.138133] pci 0000:00:01.1: BAR 2 [io  0x0170-0x0177]: legacy IDE quirk
[    1.138555] pci 0000:00:01.1: BAR 3 [io  0x0376]: legacy IDE quirk
[    1.139717] pci 0000:00:01.3: [8086:7113] type 00 class 0x068000
[    1.148601] pci 0000:00:01.3: quirk: [io  0x0600-0x063f] claimed by PIIX4 ACPI
[    1.148918] pci 0000:00:01.3: quirk: [io  0x0700-0x070f] claimed by PIIX4 SMB
[    1.149910] pci 0000:00:02.0: [1234:1111] type 00 class 0x030000
[    1.150682] pci 0000:00:02.0: BAR 0 [mem 0xfd000000-0xfdffffff pref]
[    1.159366] pci 0000:00:02.0: BAR 2 [mem 0xfeb90000-0xfeb90fff]
[    1.162695] pci 0000:00:02.0: ROM [mem 0xfeb80000-0xfeb8ffff pref]
[    1.163293] pci 0000:00:02.0: Video device with shadowed ROM at [mem 0x000c0000-0x000dffff]
[    1.169131] pci 0000:00:03.0: [1af4:1000] type 00 class 0x020000
[    1.169946] pci 0000:00:03.0: BAR 0 [io  0xc080-0xc09f]
[    1.172878] pci 0000:00:03.0: BAR 4 [mem 0xfe000000-0xfe003fff 64bit pref]
[    1.173934] pci 0000:00:03.0: ROM [mem 0xfea80000-0xfeafffff pref]
[    1.189066] pci 0000:00:04.0: [1af4:1005] type 00 class 0x00ff00
[    1.190050] pci 0000:00:04.0: BAR 0 [io  0xc0a0-0xc0bf]
[    1.190960] pci 0000:00:04.0: BAR 1 [mem 0xfeb91000-0xfeb91fff]
[    1.194356] pci 0000:00:04.0: BAR 4 [mem 0xfe004000-0xfe007fff 64bit pref]
[    1.200591] pci 0000:00:05.0: [1af4:1000] type 00 class 0x020000
[    1.203325] pci 0000:00:05.0: BAR 0 [io  0xc0c0-0xc0df]
[    1.204816] pci 0000:00:05.0: BAR 1 [mem 0xfeb92000-0xfeb92fff]
[    1.206936] pci 0000:00:05.0: BAR 4 [mem 0xfe008000-0xfe00bfff 64bit pref]
[    1.208135] pci 0000:00:05.0: ROM [mem 0xfeb00000-0xfeb7ffff pref]
[    1.215634] pci 0000:00:06.0: [1af4:1001] type 00 class 0x010000
[    1.217671] pci 0000:00:06.0: BAR 0 [io  0xc000-0xc07f]
[    1.218652] pci 0000:00:06.0: BAR 1 [mem 0xfeb93000-0xfeb93fff]
[    1.220706] pci 0000:00:06.0: BAR 4 [mem 0xfe00c000-0xfe00ffff 64bit pref]
[    1.231651] ACPI: PCI: Interrupt link LNKA configured for IRQ 10
[    1.232572] ACPI: PCI: Interrupt link LNKB configured for IRQ 10
[    1.233230] ACPI: PCI: Interrupt link LNKC configured for IRQ 11
[    1.234076] ACPI: PCI: Interrupt link LNKD configured for IRQ 11
[    1.234782] ACPI: PCI: Interrupt link LNKS configured for IRQ 9
[    1.238630] iommu: Default domain type: Translated
[    1.238904] iommu: DMA domain TLB invalidation policy: lazy mode
[    1.241156] SCSI subsystem initialized
[    1.247247] ACPI: bus type USB registered
[    1.247938] usbcore: registered new interface driver usbfs
[    1.248417] usbcore: registered new interface driver hub
[    1.248814] usbcore: registered new device driver usb
[    1.249392] pps_core: LinuxPPS API ver. 1 registered
[    1.256243] pps_core: Software ver. 5.3.6 - Copyright 2005-2007 Rodolfo Giometti <giometti@linux.it>
[    1.256951] PTP clock support registered
[    1.270386] PCI: Using ACPI for IRQ routing
[    1.273617] hpet0: at MMIO 0xfed00000, IRQs 2, 8, 0
[    1.273915] hpet0: 3 comparators, 64-bit 100.000000 MHz counter
[    1.279660] clocksource: Switched to clocksource tsc-early
[    1.282318] pnp: PnP ACPI init
[    1.285753] pnp: PnP ACPI: found 6 devices
[    1.300430] clocksource: acpi_pm: mask: 0xffffff max_cycles: 0xffffff, max_idle_ns: 2085701024 ns
[    1.301463] NET: Registered PF_INET protocol family
[    1.302714] IP idents hash table entries: 2048 (order: 2, 16384 bytes, linear)
[    1.308309] tcp_listen_portaddr_hash hash table entries: 256 (order: 0, 4096 bytes, linear)
[    1.311563] Table-perturb hash table entries: 65536 (order: 6, 262144 bytes, linear)
[    1.312008] TCP established hash table entries: 1024 (order: 1, 8192 bytes, linear)
[    1.312482] TCP bind hash table entries: 1024 (order: 3, 32768 bytes, linear)
[    1.322853] TCP: Hash tables configured (established 1024 bind 1024)
[    1.324900] MPTCP token hash table entries: 256 (order: 1, 6144 bytes, linear)
[    1.325502] UDP hash table entries: 256 (order: 1, 8192 bytes, linear)
[    1.325953] UDP-Lite hash table entries: 256 (order: 1, 8192 bytes, linear)
[    1.335174] NET: Registered PF_UNIX/PF_LOCAL protocol family
[    1.336565] pci_bus 0000:00: resource 4 [io  0x0000-0x0cf7 window]
[    1.336815] pci_bus 0000:00: resource 5 [io  0x0d00-0xffff window]
[    1.337031] pci_bus 0000:00: resource 6 [mem 0x000a0000-0x000bffff window]
[    1.344666] pci_bus 0000:00: resource 7 [mem 0x08000000-0xfebfffff window]
[    1.345053] pci_bus 0000:00: resource 8 [mem 0x100000000-0x17fffffff window]
[    1.346256] pci 0000:00:01.0: PIIX3: Enabling Passive Release
[    1.346803] pci 0000:00:00.0: Limiting direct PCI/PCI transfers
[    1.356383] PCI: CLS 0 bytes, default 64
[    1.390676] workingset: timestamp_bits=46 max_order=15 bucket_order=0
[    1.392902] squashfs: version 4.0 (2009/01/31) Phillip Lougher
[    1.395962] Block layer SCSI generic (bsg) driver version 0.4 loaded (major 247)
[    1.400196] hv_vmbus: registering driver hyperv_fb
[    1.404705] input: Power Button as /devices/LNXSYSTM:00/LNXPWRBN:00/input/input0
[    1.420127] ACPI: button: Power Button [PWRF]
[    1.612048] ACPI: \_SB_.LNKC: Enabled at IRQ 11
[    1.795449] ACPI: \_SB_.LNKD: Enabled at IRQ 10
[    1.977445] ACPI: \_SB_.LNKA: Enabled at IRQ 10
[    2.160320] ACPI: \_SB_.LNKB: Enabled at IRQ 11
[    2.162359] Serial: 8250/16550 driver, 16 ports, IRQ sharing enabled
[    2.187071] 00:04: ttyS0 at I/O 0x3f8 (irq = 4, base_baud = 115200) is a 16550A
[    2.233338] Non-volatile memory driver v1.3
[    2.245931] Linux agpgart interface v0.103
[    2.246860] AMD-Vi: AMD IOMMUv2 functionality not available on this system - This is not a bug.
[    2.247482] ACPI: bus type drm_connector registered
[    2.250206] [drm] Found bochs VGA, ID 0xb0c5.
[    2.250422] [drm] Framebuffer size 16384 kB @ 0xfd000000, mmio @ 0xfeb90000.
[    2.264531] [drm] Found EDID data blob.
[    2.270525] [drm] Initialized bochs-drm 1.0.0 20130925 for 0000:00:02.0 on minor 0
[    2.341598] Console: switching to colour frame buffer device 160x50
[    2.351377] bochs-drm 0000:00:02.0: [drm] fb0: bochs-drmdrmfb frame buffer device
[    2.394551] loop: module loaded
[    2.395415] virtio_blk virtio3: 1/0/0 default/read/poll queues
[    2.401509] virtio_blk virtio3: [vda] 246784 512-byte logical blocks (126 MB/121 MiB)
[    2.410734]  vda: vda1 vda2
[    2.414376] Guest personality initialized and is inactive
[    2.415013] VMCI host device registered (name=vmci, major=10, minor=256)
[    2.415302] Initialized host personality
[    2.416295] VMware PVSCSI driver - version 1.0.7.0-k
[    2.416631] hv_vmbus: registering driver hv_storvsc
[    2.429002] tsc: Refined TSC clocksource calibration: 2445.406 MHz
[    2.429717] clocksource: tsc: mask: 0xffffffffffffffff max_cycles: 0x233fc4eb620, max_idle_ns: 440795316590 ns
[    2.430488] clocksource: Switched to clocksource tsc
[    2.452254] scsi host0: ata_piix
[    2.455526] scsi host1: ata_piix
[    2.456622] ata1: PATA max MWDMA2 cmd 0x1f0 ctl 0x3f6 bmdma 0xc0e0 irq 14
[    2.456906] ata2: PATA max MWDMA2 cmd 0x170 ctl 0x376 bmdma 0xc0e8 irq 15
[    2.468021] VMware vmxnet3 virtual NIC driver - version 1.7.0.0-k-NAPI
[    2.468930] hv_vmbus: registering driver hv_netvsc
[    2.469357] Fusion MPT base driver 3.04.20
[    2.469525] Copyright (c) 1999-2008 LSI Corporation
[    2.469904] Fusion MPT SPI Host driver 3.04.20
[    2.479360] Fusion MPT SAS Host driver 3.04.20
[    2.481606] usbcore: registered new interface driver usb-storage
[    2.482915] i8042: PNP: PS/2 Controller [PNP0303:KBD,PNP0f13:MOU] at 0x60,0x64 irq 1,12
[    2.489459] serio: i8042 KBD port at 0x60,0x64 irq 1
[    2.492264] serio: i8042 AUX port at 0x60,0x64 irq 12
[    2.494574] hv_vmbus: registering driver hyperv_keyboard
[    2.497214] rtc_cmos 00:05: RTC can wake from S4
[    2.503074] rtc_cmos 00:05: registered as rtc0
[    2.505811] rtc_cmos 00:05: setting system clock to 2026-04-27T03:50:42 UTC (1777261842)
[    2.508423] rtc_cmos 00:05: alarms up to one day, y3k, 242 bytes nvram, hpet irqs
[    2.511767] amd_pstate: the _CPC object is not present in SBIOS or ACPI disabled
[    2.516346] sdhci: Secure Digital Host Controller Interface driver
[    2.518527] sdhci: Copyright(c) Pierre Ossman
[    2.528728] input: AT Translated Set 2 keyboard as /devices/platform/i8042/serio0/input/input1
[    2.563222] hid: raw HID events driver (C) Jiri Kosina
[    2.566056] hv_vmbus: registering driver hid_hyperv
[    2.569363] usbcore: registered new interface driver usbhid
[    2.571588] usbhid: USB HID core driver
[    2.573956] hv_utils: Registering HyperV Utility Driver
[    2.576340] hv_vmbus: registering driver hv_utils
[    2.578411] hv_vmbus: registering driver hv_balloon
[    2.582122] NET: Registered PF_INET6 protocol family
[    2.600086] Segment Routing with IPv6
[    2.602496] In-situ OAM (IOAM) with IPv6
[    2.605040] NET: Registered PF_PACKET protocol family
[    2.607675] bridge: filtering via arp/ip/ip6tables is no longer available by default. Update your scripts to load br_netfilter if you need this.
[    2.617318] 8021q: 802.1Q VLAN Support v1.8
[    2.620411] NET: Registered PF_VSOCK protocol family
[    2.630800] IPI shorthand broadcast: enabled
[    2.633213] AVX2 version of gcm_enc/dec engaged.
[    2.640017] AES CTR mode by8 optimization enabled
[    2.661700] sched_clock: Marking stable (2400113885, 258509858)->(2725943661, -67319918)
[    2.709470] ata2: found unknown device (class 0)
[    2.814842] ata2.00: ATAPI: QEMU DVD-ROM, 2.5+, max UDMA/100
[    2.831591] scsi 1:0:0:0: CD-ROM            QEMU     QEMU DVD-ROM     2.5+ PQ: 0 ANSI: 5
[    2.842971] clk: Disabling unused clocks
[    2.880659] sr 1:0:0:0: [sr0] scsi3-mmc drive: 4x/4x cd/rw xa/form2 tray
[    2.883308] cdrom: Uniform CD-ROM driver Revision: 3.20
[    2.939496] VFS: Mounted root (squashfs filesystem) readonly on device 254:2.
[    3.009112] Freeing unused kernel image (initmem) memory: 2456K
[    3.011681] Write protecting the kernel read-only data: 18432k
[    3.016315] Freeing unused kernel image (rodata/data gap) memory: 1796K
[    3.019165] Run /sbin/init as init process
[    3.286103] init: Console is alive
[    4.177716] kmodloader: loading kernel modules from /etc/modules-boot.d/*
[    4.247164] button_hotplug: loading out-of-tree module taints kernel.
[    4.255523] Button Hotplug driver version 0.4.1
[    4.281730] Intel(R) 2.5G Ethernet Linux Driver
[    4.284259] Copyright(c) 2018 Intel Corporation.
[    4.304050] igb: Intel(R) Gigabit Ethernet Network Driver
[    4.306638] igb: Copyright (c) 2007-2014 Intel Corporation.
[    4.325048] kmodloader: done loading kernel modules from /etc/modules-boot.d/*
[    4.338460] init: - preinit -
[    5.373857] 8021q: adding VLAN 0 to HW filter on device eth0
Press the [f] key and hit [enter] to enter failsafe mode
Press the [1], [2], [3] or [4] key and hit [enter] to select the debug level

[   10.130090] loop0: detected capacity change from 0 to 212992
[   10.189107] loop0: detected capacity change from 212992 to 200064
[   10.203312] mount_root: overlay filesystem in /dev/loop0 has not been formatted yet
[   10.563978] EXT4-fs (loop0): mounted filesystem d74ba238-9358-48cf-8656-ef5807edd3be r/w with ordered data mode. Quota mode: disabled.
[   10.578478] mount_root: overlay filesystem has not been fully initialized yet
[   10.598184] mount_root: switching to ext4 overlay
[   10.624495] overlayfs: null uuid detected in lower fs '/', falling back to xino=off,index=off,nfs_export=off.
[   11.399521] EXT4-fs (vda1): mounted filesystem 84173db5-fa99-e35a-95c6-28613cc79ea9 r/w without journal. Quota mode: disabled.
[   11.424837] urandom-seed: Seed file not found (/etc/urandom.seed)
[   11.577000] procd: - early -
[   12.385206] procd: - ubus -
[   12.574078] procd: - init -
Please press Enter to activate this console.
root
login[1002]: root login on 'ttyS0'


BusyBox v1.36.1 (2026-04-12 18:14:18 UTC) built-in shell (ash)

  _______                     ________        __
 |       |.-----.-----.-----.|  |  |  |.----.|  |_
 |   -   ||  _  |  -__|     ||  |  |  ||   _||   _|
 |_______||   __|_____|__|__||________||__|  |____|
          |__| W I R E L E S S   F R E E D O M
 -----------------------------------------------------
 OpenWrt 24.10-SNAPSHOT, r29157-44df9972d5
 -----------------------------------------------------
  ___   __ __                _______             __
 |   |_|__|  |--.----.-----.|   |   |-----.-----|  |--.
 |     |  |  _  |   _|  -__||       |  -__|__ --|     |
 |_____|__|_____|__| |_____||__|_|__|_____|_____|__|__|

 ------------------------------------------------------
 LiMe master development (master rev. aebe482 20260416_0852)
 ------------------------------------------------------
 https://libremesh.org
 ------------------------------------------------------
=== WARNING! =====================================
There is no root password defined on this device!
Use the "passwd" command to set up a new password
in order to prevent unauthorized SSH logins.
--------------------------------------------------
root@(none):~# dmesg -n 1
root@(none):~# echo 'LMXW''UYEJWQ'
LMXWUYEJWQ
root@LiMe-123456:~# run() { echo -n "$MARKER"; sh -c "$@"; echo "$MARKER $?"; }
root@LiMe-123456:~# echo 'CUAN''BFEZYH'
CUANBFEZYH
root@LiMe-123456:~# MARKER='HTNV''CUEWNM' run 'ubus wait_for network.interface.l
an'
HTNVCUEWNMHTNVCUEWNM 0
root@LiMe-123456:~# echo 'UAYA''ZFSSXB'
UAYAZFSSXB
root@LiMe-123456:~# MARKER='CZGP''UZLVVH' run 'ubus call network.interface.lan s
tatus '"'"'{}'"'"''
CZGPUZLVVH{
	"up": true,
	"pending": false,
	"available": true,
	"autostart": true,
	"dynamic": false,
	"uptime": 0,
	"l3_device": "br-lan",
	"proto": "static",
	"device": "br-lan",
	"updated": [
		"addresses"
	],
	"metric": 0,
	"dns_metric": 0,
	"delegation": true,
	"ipv4-address": [
		{
			"address": "10.13.52.86",
			"mask": 16
		}
	],
	"ipv6-address": [
		{
			"address": "fd0d:fe46:8ce8::12:3456",
			"mask": 64
		}
	],
	"ipv6-prefix": [
		
	],
	"ipv6-prefix-assignment": [
		
	],
	"route": [
		
	],
	"dns-server": [
		
	],
	"dns-search": [
		
	],
	"neighbors": [
		
	],
	"inactive": {
		"ipv4-address": [
			
		],
		"ipv6-address": [
			
		],
		"route": [
			
		],
		"dns-server": [
			
		],
		"dns-search": [
			
		],
		"neighbors": [
			
		]
	},
	"data": {
		
	}
}
CZGPUZLVVH 0
root@LiMe-123456:~# echo 'EXEB''KZAVZQ'
EXEBKZAVZQ
root@LiMe-123456:~# MARKER='XHLV''AWNCYQ' run true
XHLVAWNCYQXHLVAWNCYQ 0
root@LiMe-123456:~# echo 'WZWW''ANUEAC'
WZWWANUEAC
root@LiMe-123456:~# MARKER='SLGK''FANGGX' run 'source /etc/os-release; echo $BUI
LD_ID'
SLGKFANGGXr29157-44df9972d5
SLGKFANGGX 0
root@LiMe-123456:~# echo 'YLUZ''WQKUXN'
YLUZWQKUXN
root@LiMe-123456:~# MARKER='MPFJ''JYXBKV' run 'ls /etc/dropbear/dropbear_rsa_hos
t_key'
MPFJJYXBKV[0;0m/etc/dropbear/dropbear_rsa_host_key[m
MPFJJYXBKV 0
root@LiMe-123456:~# echo 'NBAG''EZCOUA'
NBAGEZCOUA
root@LiMe-123456:~# MARKER='EQPB''FEACGJ' run 'netstat -tlpn | grep 0.0.0.0:22'
EQPBFEACGJnetstat: showing only processes with your user ID
tcp        0      0 0.0.0.0:22              0.0.0.0:*               LISTEN      2094/dropbear
EQPBFEACGJ 0
root@LiMe-123456:~# echo 'SWUL''GQVNMC'
SWULGQVNMC
root@LiMe-123456:~# MARKER='SPOF''GSZTLT' run 'dmesg | grep br-lan | grep forwar
ding'
SPOFGSZTLT[   47.581410] br-lan: port 1(eth0) entered forwarding state
[   52.901780] br-lan: port 2(bat0) entered forwarding state
SPOFGSZTLT 0
root@LiMe-123456:~# echo 'XUYO''ESZMCE'
XUYOESZMCE
root@LiMe-123456:~# MARKER='HJZW''QEGNSM' run 'ubus call network.interface.lan s
tatus '"'"'{}'"'"''
HJZWQEGNSM{
	"up": true,
	"pending": false,
	"available": true,
	"autostart": true,
	"dynamic": false,
	"uptime": 10,
	"l3_device": "br-lan",
	"proto": "static",
	"device": "br-lan",
	"updated": [
		"addresses"
	],
	"metric": 0,
	"dns_metric": 0,
	"delegation": true,
	"ipv4-address": [
		{
			"address": "10.13.52.86",
			"mask": 16
		}
	],
	"ipv6-address": [
		{
			"address": "fd0d:fe46:8ce8::12:3456",
			"mask": 64
		}
	],
	"ipv6-prefix": [
		
	],
	"ipv6-prefix-assignment": [
		
	],
	"route": [
		
	],
	"dns-server": [
		
	],
	"dns-search": [
		
	],
	"neighbors": [
		
	],
	"inactive": {
		"ipv4-address": [
			
		],
		"ipv6-address": [
			
		],
		"route": [
			
		],
		"dns-server": [
			
		],
		"dns-search": [
			
		],
		"neighbors": [
			
		]
	},
	"data": {
		
	}
}
HJZWQEGNSM 0
root@LiMe-123456