Labgrid Console Logfile for main
Logfile started at 2026-03-25 02:15:02.289695
=== Log starts here ===
c[?7l[2J[0mSeaBIOS (version 1.16.3-debian-1.16.3-2)


iPXE (https://ipxe.org) 00:03.0 CA00 PCI2.10 PnP PMM+06FCAE70+06F0AE70 CA00
Press Ctrl-B to configure iPXE (PCI 00:03.0)...                                                                               




iPXE (https://ipxe.org) 00:05.0 CB00 PCI2.10 PnP PMM 06FCAE70 06F0AE70 CB00
Press Ctrl-B to configure iPXE (PCI 00:05.0)...                                                                               


Booting from Hard Disk...
GRUB loading.....
[0;30;47mWelcome to GRUB![01;01H[0m[2J[H[J[1;1H[?25l[m[H[J[1;1H[2;30HGNU GRUB  version 2.12

[m[4;2H+----------------------------------------------------------------------------+[5;2H|[5;79H|[6;2H|[6;79H|[7;2H|[7;79H|[8;2H|[8;79H|[9;2H|[9;79H|[10;2H|[10;79H|[11;2H|[11;79H|[12;2H|[12;79H|[13;2H|[13;79H|[14;2H|[14;79H|[15;2H|[15;79H|[16;2H+----------------------------------------------------------------------------+[m[17;2H[18;2H[m     Use the ^ and v keys to select which entry is highlighted.          
      Press enter to boot the selected OS, `e' to edit the commands       
      before booting or `c' for a command-line. ESC to return             
      previous menu.                                                      [5;80H [7m[5;3H*OpenWrt                                                                    [m[5;78H[m[m[6;3H OpenWrt (failsafe)                                                         [m[6;78H[m[m[7;3H                                                                            [m[7;78H[m[m[8;3H                                                                            [m[8;78H[m[m[9;3H                                                                            [m[9;78H[m[m[10;3H                                                                            [m[10;78H[m[m[11;3H                                                                            [m[11;78H[m[m[12;3H                                                                            [m[12;78H[m[m[13;3H                                                                            [m[13;78H[m[m[14;3H                                                                            [m[14;78H[m[m[15;3H                                                                            [m[15;78H[m[15;80H [5;78H[2J[02;30HGNU [02;33H[02;34HGRUB  version 2.12[04;02H┌────────────────────────────────────────────────────────────────────────────┐[05;02H│[05;79H│[06;02H│[06;79H│[07;02H│[07;79H│[08;02H│[08;79H│[09;02H│[09;79H│[10;02H│[10;79H│[11;02H│[11;79H│[12;02H│[12;79H│[13;02H│[13;79H│[14;02H│[14;79H│[15;02H│[15;79H│[16;02H│[16;79H│[17;02H└────────────────────────────────────────────────────────────────────────────┘[19;02H     Use the ↑ and ↓ keys to select which entry is highlighted.          
      Press enter to boot the selected OS, `e' to edit the commands       
      before booting or `c' for a command-line. ESC to return             
      previous menu.                                                      [05;80H [05;03H[0;30;47m*OpenWrt                                                                    [06;03H[0m OpenWrt (failsafe)                                                         [07;03H                                                                            [08;03H                                                                          [08;76H[08;77H  [09;03H                                                                            [10;03H                                                                            [11;03H                                                                            [12;03H                                                                            [13;03H                                                                            [14;03H                                                                            [15;03H                                                                            [16;03H                                                                            [16;80H 






   The highlighted entry will be executed automatically in 5s.                [22;1H   The highlighted entry will be executed automatically in 5s.                 [5;78H [05;78H

















   The highlighted entry will be executed automatically in 4s.                [22;1H   The highlighted entry will be executed automatically in 4s.                 [5;78H [05;78H

















   The highlighted entry will be executed automatically in 3s.                [22;1H   The highlighted entry will be executed automatically in 3s.                 [5;78H [05;78H

















   The highlighted entry will be executed automatically in 2s.                [22;1H   The highlighted entry will be executed automatically in 2s.                 [5;78H [05;78H

















   The highlighted entry will be executed automatically in 1s.                [22;1H   The highlighted entry will be executed automatically in 1s.                 [5;78H [05;78H

















   The highlighted entry will be executed automatically in 0s.                [22;1H   The highlighted entry will be executed automatically in 0s.                 [5;78H [01;01H[2J[?25h[H[J[1;1H[H[J[1;1H[2J   Booting `OpenWrt' Booting `OpenWrt

'

[    0.000000] Linux version 6.6.127 (builder@buildhost) (x86_64-openwrt-linux-musl-gcc (OpenWrt GCC 13.3.0 r29143-214a657cfa) 13.3.0, GNU ld (GNU Binutils) 2.42) #0 SMP Tue Mar 17 22:48:43 2026
[    0.000000] Command line: BOOT_IMAGE=/boot/vmlinuz root=PARTUUID=b07fe921-02 rootwait console=tty1 console=ttyS0,115200n8 noinitrd
[    0.000000] BIOS-provided physical RAM map:
[    0.000000] BIOS-e820: [mem 0x0000000000000000-0x000000000009fbff] usable
[    0.000000] BIOS-e820: [mem 0x000000000009fc00-0x000000000009ffff] reserved
[    0.000000] BIOS-e820: [mem 0x00000000000f0000-0x00000000000fffff] reserved
[    0.000000] BIOS-e820: [mem 0x0000000000100000-0x0000000007fdcfff] usable
[    0.000000] BIOS-e820: [mem 0x0000000007fdd000-0x0000000007ffffff] reserved
[    0.000000] BIOS-e820: [mem 0x00000000fffc0000-0x00000000ffffffff] reserved
[    0.000000] BIOS-e820: [mem 0x000000fd00000000-0x000000ffffffffff] reserved
[    0.000000] NX (Execute Disable) protection: active
[    0.000000] APIC: Static calls initialized
[    0.000000] SMBIOS 3.0.0 present.
[    0.000000] DMI: QEMU Standard PC (i440FX + PIIX, 1996), BIOS 1.16.3-debian-1.16.3-2 04/01/2014
[    0.000000] tsc: Fast TSC calibration using PIT
[    0.000000] tsc: Detected 2445.405 MHz processor
[    0.008870] last_pfn = 0x7fdd max_arch_pfn = 0x400000000
[    0.009507] MTRR map: 4 entries (3 fixed + 1 variable; max 19), built from 8 variable MTRRs
[    0.009684] x86/PAT: Configuration [0-7]: WB  WC  UC- UC  WB  WP  UC- WT  
[    0.029625] found SMP MP-table at [mem 0x000f5460-0x000f546f]
[    0.030974] Using GB pages for direct mapping
[    0.034730] ACPI: Early table checksum verification disabled
[    0.035088] ACPI: RSDP 0x00000000000F5290 000014 (v00 BOCHS )
[    0.035388] ACPI: RSDT 0x0000000007FE1C64 000034 (v01 BOCHS  BXPC     00000001 BXPC 00000001)
[    0.035889] ACPI: FACP 0x0000000007FE1B18 000074 (v01 BOCHS  BXPC     00000001 BXPC 00000001)
[    0.036514] ACPI: DSDT 0x0000000007FE0040 001AD8 (v01 BOCHS  BXPC     00000001 BXPC 00000001)
[    0.036614] ACPI: FACS 0x0000000007FE0000 000040
[    0.036669] ACPI: APIC 0x0000000007FE1B8C 000078 (v03 BOCHS  BXPC     00000001 BXPC 00000001)
[    0.036696] ACPI: HPET 0x0000000007FE1C04 000038 (v01 BOCHS  BXPC     00000001 BXPC 00000001)
[    0.036719] ACPI: WAET 0x0000000007FE1C3C 000028 (v01 BOCHS  BXPC     00000001 BXPC 00000001)
[    0.036804] ACPI: Reserving FACP table memory at [mem 0x7fe1b18-0x7fe1b8b]
[    0.036851] ACPI: Reserving DSDT table memory at [mem 0x7fe0040-0x7fe1b17]
[    0.036859] ACPI: Reserving FACS table memory at [mem 0x7fe0000-0x7fe003f]
[    0.036865] ACPI: Reserving APIC table memory at [mem 0x7fe1b8c-0x7fe1c03]
[    0.036871] ACPI: Reserving HPET table memory at [mem 0x7fe1c04-0x7fe1c3b]
[    0.036877] ACPI: Reserving WAET table memory at [mem 0x7fe1c3c-0x7fe1c63]
[    0.039991] Zone ranges:
[    0.040027]   DMA      [mem 0x0000000000001000-0x0000000000ffffff]
[    0.040102]   DMA32    [mem 0x0000000001000000-0x0000000007fdcfff]
[    0.040115]   Normal   empty
[    0.040140] Movable zone start for each node
[    0.040168] Early memory node ranges
[    0.040199]   node   0: [mem 0x0000000000001000-0x000000000009efff]
[    0.040243]   node   0: [mem 0x0000000000100000-0x0000000007fdcfff]
[    0.040352] Initmem setup node 0 [mem 0x0000000000001000-0x0000000007fdcfff]
[    0.041180] On node 0, zone DMA: 1 pages in unavailable ranges
[    0.041523] On node 0, zone DMA: 97 pages in unavailable ranges
[    0.042541] On node 0, zone DMA32: 35 pages in unavailable ranges
[    0.042852] ACPI: PM-Timer IO Port: 0x608
[    0.043230] ACPI: LAPIC_NMI (acpi_id[0xff] dfl dfl lint[0x1])
[    0.043642] IOAPIC[0]: apic_id 0, version 32, address 0xfec00000, GSI 0-23
[    0.043777] ACPI: INT_SRC_OVR (bus 0 bus_irq 0 global_irq 2 dfl dfl)
[    0.044046] ACPI: INT_SRC_OVR (bus 0 bus_irq 5 global_irq 5 high level)
[    0.044101] ACPI: INT_SRC_OVR (bus 0 bus_irq 9 global_irq 9 high level)
[    0.044190] ACPI: INT_SRC_OVR (bus 0 bus_irq 10 global_irq 10 high level)
[    0.044201] ACPI: INT_SRC_OVR (bus 0 bus_irq 11 global_irq 11 high level)
[    0.044390] ACPI: Using ACPI (MADT) for SMP configuration information
[    0.044434] ACPI: HPET id: 0x8086a201 base: 0xfed00000
[    0.044720] smpboot: Allowing 1 CPUs, 0 hotplug CPUs
[    0.045809] [mem 0x08000000-0xfffbffff] available for PCI devices
[    0.045858] Booting paravirtualized kernel on bare hardware
[    0.046160] clocksource: refined-jiffies: mask: 0xffffffff max_cycles: 0xffffffff, max_idle_ns: 19112604462750000 ns
[    0.046785] setup_percpu: NR_CPUS:512 nr_cpumask_bits:1 nr_cpu_ids:1 nr_node_ids:1
[    0.048386] percpu: Embedded 48 pages/cpu s158248 r8192 d30168 u2097152
[    0.050674] Kernel command line: BOOT_IMAGE=/boot/vmlinuz root=PARTUUID=b07fe921-02 rootwait console=tty1 console=ttyS0,115200n8 noinitrd
[    0.052337] random: crng init done
[    0.057186] Dentry cache hash table entries: 16384 (order: 5, 131072 bytes, linear)
[    0.058135] Inode-cache hash table entries: 8192 (order: 4, 65536 bytes, linear)
[    0.060945] Built 1 zonelists, mobility grouping on.  Total pages: 31965
[    0.061174] mem auto-init: stack:off, heap alloc:off, heap free:off
[    0.064695] Memory: 102576K/130540K available (14336K kernel code, 1169K rwdata, 2296K rodata, 2452K init, 2408K bss, 27708K reserved, 0K cma-reserved)
[    0.070960] SLUB: HWalign=64, Order=0-3, MinObjects=0, CPUs=1, Nodes=1
[    0.080310] rcu: Hierarchical RCU implementation.
[    0.080342] rcu: 	RCU restricting CPUs from NR_CPUS=512 to nr_cpu_ids=1.
[    0.080459] 	Tracing variant of Tasks RCU enabled.
[    0.080547] rcu: RCU calculated value of scheduler-enlistment delay is 10 jiffies.
[    0.080575] rcu: Adjusting geometry for rcu_fanout_leaf=16, nr_cpu_ids=1
[    0.081734] NR_IRQS: 33024, nr_irqs: 256, preallocated irqs: 16
[    0.090610] rcu: srcu_init: Setting srcu_struct sizes based on contention.
[    0.097601] Console: colour VGA+ 80x25
[    0.097898] printk: console [tty1] enabled
[    0.105974] printk: console [ttyS0] enabled
[    0.338025] ACPI: Core revision 20230628
[    0.353229] clocksource: hpet: mask: 0xffffffff max_cycles: 0xffffffff, max_idle_ns: 19112604467 ns
[    0.358241] APIC: Switch to symmetric I/O mode setup
[    0.362834] ..TIMER: vector=0x30 apic1=0 pin1=2 apic2=-1 pin2=-1
[    0.405075] clocksource: tsc-early: mask: 0xffffffffffffffff max_cycles: 0x233fc3b4c22, max_idle_ns: 440795229441 ns
[    0.405771] Calibrating delay loop (skipped), value calculated using timer frequency.. 4890.81 BogoMIPS (lpj=24454050)
[    0.407502] x86/cpu: User Mode Instruction Prevention (UMIP) activated
[    0.422318] Last level iTLB entries: 4KB 0, 2MB 0, 4MB 0
[    0.422723] Last level dTLB entries: 4KB 0, 2MB 0, 4MB 0, 1GB 0
[    0.425935] Spectre V1 : Mitigation: usercopy/swapgs barriers and __user pointer sanitization
[    0.426732] Spectre V2 : Mitigation: Retpolines
[    0.427565] Spectre V2 : Spectre v2 / SpectreRSB: Filling RSB on context switch and VMEXIT
[    0.428199] Speculative Store Bypass: Vulnerable
[    0.430778] x86/fpu: Supporting XSAVE feature 0x001: 'x87 floating point registers'
[    0.435340] x86/fpu: Supporting XSAVE feature 0x002: 'SSE registers'
[    0.436866] x86/fpu: Supporting XSAVE feature 0x004: 'AVX registers'
[    0.437136] x86/fpu: Supporting XSAVE feature 0x008: 'MPX bounds registers'
[    0.437438] x86/fpu: Supporting XSAVE feature 0x010: 'MPX CSR'
[    0.437861] x86/fpu: xstate_offset[2]:  576, xstate_sizes[2]:  256
[    0.445902] x86/fpu: xstate_offset[3]:  960, xstate_sizes[3]:   64
[    0.446224] x86/fpu: xstate_offset[4]: 1024, xstate_sizes[4]:   64
[    0.446502] x86/fpu: Enabled xstate features 0x1f, context size is 1088 bytes, using 'standard' format.
[    0.749347] Freeing SMP alternatives memory: 40K
[    0.750600] pid_max: default: 32768 minimum: 301
[    0.759769] Mount-cache hash table entries: 512 (order: 0, 4096 bytes, linear)
[    0.760346] Mountpoint-cache hash table entries: 512 (order: 0, 4096 bytes, linear)
[    0.909320] smpboot: CPU0: AMD QEMU TCG CPU version 2.5+ (family: 0x6, model: 0x6, stepping: 0x3)
[    0.915680] RCU Tasks Trace: Setting shift to 0 and lim to 1 rcu_task_cb_adjust=1 rcu_task_cpu_ids=1.
[    0.915680] Performance Events: PMU not available due to virtualization, using software events only.
[    0.917738] signal: max sigframe size: 1616
[    0.919272] rcu: Hierarchical SRCU implementation.
[    0.919541] rcu: 	Max phase no-delay instances is 1000.
[    0.922614] smp: Bringing up secondary CPUs ...
[    0.924711] smp: Brought up 1 node, 1 CPU
[    0.927332] smpboot: Max logical packages: 1
[    0.927634] smpboot: Total of 1 processors activated (4890.81 BogoMIPS)
[    0.945333] clocksource: jiffies: mask: 0xffffffff max_cycles: 0xffffffff, max_idle_ns: 19112604462750000 ns
[    0.946185] futex hash table entries: 256 (order: 2, 16384 bytes, linear)
[    0.947306] pinctrl core: initialized pinctrl subsystem
[    0.966625] NET: Registered PF_NETLINK/PF_ROUTE protocol family
[    0.973007] thermal_sys: Registered thermal governor 'step_wise'
[    0.973040] thermal_sys: Registered thermal governor 'user_space'
[    0.973951] cpuidle: using governor ladder
[    0.974526] cpuidle: using governor menu
[    0.977389] acpiphp: ACPI Hot Plug PCI Controller Driver version: 0.5
[    0.980194] PCI: Using configuration type 1 for base access
[    0.990874] cryptd: max_cpu_qlen set to 1000
[    0.995781] ACPI: Added _OSI(Module Device)
[    0.995996] ACPI: Added _OSI(Processor Device)
[    0.996187] ACPI: Added _OSI(Processor Aggregator Device)
[    1.011013] ACPI: 1 ACPI AML tables successfully acquired and loaded
[    1.024372] ACPI: _OSC evaluation for CPUs failed, trying _PDC
[    1.027529] ACPI: Interpreter enabled
[    1.028265] ACPI: PM: (supports S0 S5)
[    1.028507] ACPI: Using IOAPIC for interrupt routing
[    1.029109] PCI: Using host bridge windows from ACPI; if necessary, use "pci=nocrs" and report a bug
[    1.035956] PCI: Using E820 reservations for host bridge windows
[    1.037869] ACPI: Enabled 2 GPEs in block 00 to 0F
[    1.068711] ACPI: PCI Root Bridge [PCI0] (domain 0000 [bus 00-ff])
[    1.069605] acpi PNP0A03:00: _OSC: OS supports [ASPM ClockPM Segments MSI HPX-Type3]
[    1.070108] acpi PNP0A03:00: _OSC: not requesting OS control; OS requires [ExtendedConfig ASPM ClockPM MSI]
[    1.071024] acpi PNP0A03:00: fail to add MMCONFIG information, can't access extended configuration space under this bridge
[    1.080547] acpiphp: Slot [3] registered
[    1.080995] acpiphp: Slot [4] registered
[    1.081282] acpiphp: Slot [5] registered
[    1.081576] acpiphp: Slot [6] registered
[    1.085949] acpiphp: Slot [7] registered
[    1.086420] acpiphp: Slot [8] registered
[    1.086827] acpiphp: Slot [9] registered
[    1.087101] acpiphp: Slot [10] registered
[    1.087367] acpiphp: Slot [11] registered
[    1.087640] acpiphp: Slot [12] registered
[    1.089238] acpiphp: Slot [13] registered
[    1.096005] acpiphp: Slot [14] registered
[    1.096444] acpiphp: Slot [15] registered
[    1.096843] acpiphp: Slot [16] registered
[    1.097116] acpiphp: Slot [17] registered
[    1.097382] acpiphp: Slot [18] registered
[    1.097654] acpiphp: Slot [19] registered
[    1.105937] acpiphp: Slot [20] registered
[    1.106366] acpiphp: Slot [21] registered
[    1.106825] acpiphp: Slot [22] registered
[    1.107142] acpiphp: Slot [23] registered
[    1.107418] acpiphp: Slot [24] registered
[    1.107712] acpiphp: Slot [25] registered
[    1.107987] acpiphp: Slot [26] registered
[    1.115976] acpiphp: Slot [27] registered
[    1.116414] acpiphp: Slot [28] registered
[    1.116791] acpiphp: Slot [29] registered
[    1.117088] acpiphp: Slot [30] registered
[    1.125850] acpiphp: Slot [31] registered
[    1.126277] PCI host bridge to bus 0000:00
[    1.135680] pci_bus 0000:00: root bus resource [io  0x0000-0x0cf7 window]
[    1.135886] pci_bus 0000:00: root bus resource [io  0x0d00-0xffff window]
[    1.136177] pci_bus 0000:00: root bus resource [mem 0x000a0000-0x000bffff window]
[    1.136551] pci_bus 0000:00: root bus resource [mem 0x08000000-0xfebfffff window]
[    1.145875] pci_bus 0000:00: root bus resource [mem 0x100000000-0x17fffffff window]
[    1.146557] pci_bus 0000:00: root bus resource [bus 00-ff]
[    1.148042] pci 0000:00:00.0: [8086:1237] type 00 class 0x060000
[    1.159639] pci 0000:00:01.0: [8086:7000] type 00 class 0x060100
[    1.160488] pci 0000:00:01.1: [8086:7010] type 00 class 0x010180
[    1.163366] pci 0000:00:01.1: reg 0x20: [io  0xc0e0-0xc0ef]
[    1.166505] pci 0000:00:01.1: legacy IDE quirk: reg 0x10: [io  0x01f0-0x01f7]
[    1.168276] pci 0000:00:01.1: legacy IDE quirk: reg 0x14: [io  0x03f6]
[    1.168726] pci 0000:00:01.1: legacy IDE quirk: reg 0x18: [io  0x0170-0x0177]
[    1.169104] pci 0000:00:01.1: legacy IDE quirk: reg 0x1c: [io  0x0376]
[    1.170089] pci 0000:00:01.3: [8086:7113] type 00 class 0x068000
[    1.176410] pci 0000:00:01.3: quirk: [io  0x0600-0x063f] claimed by PIIX4 ACPI
[    1.176801] pci 0000:00:01.3: quirk: [io  0x0700-0x070f] claimed by PIIX4 SMB
[    1.177644] pci 0000:00:02.0: [1234:1111] type 00 class 0x030000
[    1.178444] pci 0000:00:02.0: reg 0x10: [mem 0xfd000000-0xfdffffff pref]
[    1.187277] pci 0000:00:02.0: reg 0x18: [mem 0xfeb90000-0xfeb90fff]
[    1.190415] pci 0000:00:02.0: reg 0x30: [mem 0xfeb80000-0xfeb8ffff pref]
[    1.195739] pci 0000:00:02.0: Video device with shadowed ROM at [mem 0x000c0000-0x000dffff]
[    1.202197] pci 0000:00:03.0: [1af4:1000] type 00 class 0x020000
[    1.202931] pci 0000:00:03.0: reg 0x10: [io  0xc080-0xc09f]
[    1.206206] pci 0000:00:03.0: reg 0x20: [mem 0xfe000000-0xfe003fff 64bit pref]
[    1.207041] pci 0000:00:03.0: reg 0x30: [mem 0xfea80000-0xfeafffff pref]
[    1.218063] pci 0000:00:04.0: [1af4:1005] type 00 class 0x00ff00
[    1.218988] pci 0000:00:04.0: reg 0x10: [io  0xc0a0-0xc0bf]
[    1.219889] pci 0000:00:04.0: reg 0x14: [mem 0xfeb91000-0xfeb91fff]
[    1.223147] pci 0000:00:04.0: reg 0x20: [mem 0xfe004000-0xfe007fff 64bit pref]
[    1.229550] pci 0000:00:05.0: [1af4:1000] type 00 class 0x020000
[    1.232008] pci 0000:00:05.0: reg 0x10: [io  0xc0c0-0xc0df]
[    1.233346] pci 0000:00:05.0: reg 0x14: [mem 0xfeb92000-0xfeb92fff]
[    1.236586] pci 0000:00:05.0: reg 0x20: [mem 0xfe008000-0xfe00bfff 64bit pref]
[    1.237615] pci 0000:00:05.0: reg 0x30: [mem 0xfeb00000-0xfeb7ffff pref]
[    1.241854] pci 0000:00:06.0: [1af4:1001] type 00 class 0x010000
[    1.243654] pci 0000:00:06.0: reg 0x10: [io  0xc000-0xc07f]
[    1.246740] pci 0000:00:06.0: reg 0x14: [mem 0xfeb93000-0xfeb93fff]
[    1.248708] pci 0000:00:06.0: reg 0x20: [mem 0xfe00c000-0xfe00ffff 64bit pref]
[    1.257874] ACPI: PCI: Interrupt link LNKA configured for IRQ 10
[    1.258794] ACPI: PCI: Interrupt link LNKB configured for IRQ 10
[    1.259475] ACPI: PCI: Interrupt link LNKC configured for IRQ 11
[    1.260175] ACPI: PCI: Interrupt link LNKD configured for IRQ 11
[    1.260641] ACPI: PCI: Interrupt link LNKS configured for IRQ 9
[    1.270291] iommu: Default domain type: Translated
[    1.270531] iommu: DMA domain TLB invalidation policy: lazy mode
[    1.276441] SCSI subsystem initialized
[    1.278254] ACPI: bus type USB registered
[    1.278810] usbcore: registered new interface driver usbfs
[    1.280858] usbcore: registered new interface driver hub
[    1.281363] usbcore: registered new device driver usb
[    1.281974] pps_core: LinuxPPS API ver. 1 registered
[    1.282199] pps_core: Software ver. 5.3.6 - Copyright 2005-2007 Rodolfo Giometti <giometti@linux.it>
[    1.286141] PTP clock support registered
[    1.304807] PCI: Using ACPI for IRQ routing
[    1.308104] hpet0: at MMIO 0xfed00000, IRQs 2, 8, 0
[    1.308413] hpet0: 3 comparators, 64-bit 100.000000 MHz counter
[    1.314678] clocksource: Switched to clocksource tsc-early
[    1.314678] pnp: PnP ACPI init
[    1.314678] pnp: PnP ACPI: found 6 devices
[    1.328027] clocksource: acpi_pm: mask: 0xffffff max_cycles: 0xffffff, max_idle_ns: 2085701024 ns
[    1.329000] NET: Registered PF_INET protocol family
[    1.330145] IP idents hash table entries: 2048 (order: 2, 16384 bytes, linear)
[    1.335382] tcp_listen_portaddr_hash hash table entries: 256 (order: 0, 4096 bytes, linear)
[    1.339199] Table-perturb hash table entries: 65536 (order: 6, 262144 bytes, linear)
[    1.339617] TCP established hash table entries: 1024 (order: 1, 8192 bytes, linear)
[    1.340092] TCP bind hash table entries: 1024 (order: 3, 32768 bytes, linear)
[    1.349937] TCP: Hash tables configured (established 1024 bind 1024)
[    1.351853] MPTCP token hash table entries: 256 (order: 1, 6144 bytes, linear)
[    1.352414] UDP hash table entries: 256 (order: 1, 8192 bytes, linear)
[    1.352913] UDP-Lite hash table entries: 256 (order: 1, 8192 bytes, linear)
[    1.361872] NET: Registered PF_UNIX/PF_LOCAL protocol family
[    1.363192] pci_bus 0000:00: resource 4 [io  0x0000-0x0cf7 window]
[    1.363477] pci_bus 0000:00: resource 5 [io  0x0d00-0xffff window]
[    1.363731] pci_bus 0000:00: resource 6 [mem 0x000a0000-0x000bffff window]
[    1.371355] pci_bus 0000:00: resource 7 [mem 0x08000000-0xfebfffff window]
[    1.371783] pci_bus 0000:00: resource 8 [mem 0x100000000-0x17fffffff window]
[    1.372601] pci 0000:00:01.0: PIIX3: Enabling Passive Release
[    1.382377] pci 0000:00:00.0: Limiting direct PCI/PCI transfers
[    1.382861] PCI: CLS 0 bytes, default 64
[    1.415302] workingset: timestamp_bits=46 max_order=15 bucket_order=0
[    1.417444] squashfs: version 4.0 (2009/01/31) Phillip Lougher
[    1.421351] Block layer SCSI generic (bsg) driver version 0.4 loaded (major 247)
[    1.425413] hv_vmbus: registering driver hyperv_fb
[    1.428610] input: Power Button as /devices/LNXSYSTM:00/LNXPWRBN:00/input/input0
[    1.442751] ACPI: button: Power Button [PWRF]
[    1.635563] ACPI: \_SB_.LNKC: Enabled at IRQ 11
[    1.820416] ACPI: \_SB_.LNKD: Enabled at IRQ 10
[    2.003325] ACPI: \_SB_.LNKA: Enabled at IRQ 10
[    2.187473] ACPI: \_SB_.LNKB: Enabled at IRQ 11
[    2.189403] Serial: 8250/16550 driver, 16 ports, IRQ sharing enabled
[    2.213912] 00:04: ttyS0 at I/O 0x3f8 (irq = 4, base_baud = 115200) is a 16550A
[    2.258930] Non-volatile memory driver v1.3
[    2.271670] Linux agpgart interface v0.103
[    2.272555] AMD-Vi: AMD IOMMUv2 functionality not available on this system - This is not a bug.
[    2.273188] ACPI: bus type drm_connector registered
[    2.275885] [drm] Found bochs VGA, ID 0xb0c5.
[    2.276120] [drm] Framebuffer size 16384 kB @ 0xfd000000, mmio @ 0xfeb90000.
[    2.289092] [drm] Found EDID data blob.
[    2.294523] [drm] Initialized bochs-drm 1.0.0 20130925 for 0000:00:02.0 on minor 0
[    2.371149] Console: switching to colour frame buffer device 160x50
[    2.386117] bochs-drm 0000:00:02.0: [drm] fb0: bochs-drmdrmfb frame buffer device
[    2.431085] loop: module loaded
[    2.431914] virtio_blk virtio3: 1/0/0 default/read/poll queues
[    2.436191] tsc: Refined TSC clocksource calibration: 2445.445 MHz
[    2.436862] clocksource: tsc: mask: 0xffffffffffffffff max_cycles: 0x233fe9ed96d, max_idle_ns: 440795303584 ns
[    2.443431] virtio_blk virtio3: [vda] 246784 512-byte logical blocks (126 MB/121 MiB)
[    2.446798] clocksource: Switched to clocksource tsc
[    2.453019]  vda: vda1 vda2
[    2.456634] Guest personality initialized and is inactive
[    2.457243] VMCI host device registered (name=vmci, major=10, minor=256)
[    2.457578] Initialized host personality
[    2.458597] VMware PVSCSI driver - version 1.0.7.0-k
[    2.458959] hv_vmbus: registering driver hv_storvsc
[    2.490112] scsi host0: ata_piix
[    2.493119] scsi host1: ata_piix
[    2.494161] ata1: PATA max MWDMA2 cmd 0x1f0 ctl 0x3f6 bmdma 0xc0e0 irq 14
[    2.494505] ata2: PATA max MWDMA2 cmd 0x170 ctl 0x376 bmdma 0xc0e8 irq 15
[    2.504824] VMware vmxnet3 virtual NIC driver - version 1.7.0.0-k-NAPI
[    2.505440] hv_vmbus: registering driver hv_netvsc
[    2.505864] Fusion MPT base driver 3.04.20
[    2.506044] Copyright (c) 1999-2008 LSI Corporation
[    2.506457] Fusion MPT SPI Host driver 3.04.20
[    2.515745] Fusion MPT SAS Host driver 3.04.20
[    2.517834] usbcore: registered new interface driver usb-storage
[    2.519108] i8042: PNP: PS/2 Controller [PNP0303:KBD,PNP0f13:MOU] at 0x60,0x64 irq 1,12
[    2.525435] serio: i8042 KBD port at 0x60,0x64 irq 1
[    2.528297] serio: i8042 AUX port at 0x60,0x64 irq 12
[    2.530547] hv_vmbus: registering driver hyperv_keyboard
[    2.533063] rtc_cmos 00:05: RTC can wake from S4
[    2.538441] rtc_cmos 00:05: registered as rtc0
[    2.541319] rtc_cmos 00:05: setting system clock to 2026-03-25T02:15:14 UTC (1774404914)
[    2.543856] rtc_cmos 00:05: alarms up to one day, y3k, 242 bytes nvram, hpet irqs
[    2.546993] amd_pstate: the _CPC object is not present in SBIOS or ACPI disabled
[    2.549413] sdhci: Secure Digital Host Controller Interface driver
[    2.554413] sdhci: Copyright(c) Pierre Ossman
[    2.564024] input: AT Translated Set 2 keyboard as /devices/platform/i8042/serio0/input/input1
[    2.597560] hid: raw HID events driver (C) Jiri Kosina
[    2.600307] hv_vmbus: registering driver hid_hyperv
[    2.603222] usbcore: registered new interface driver usbhid
[    2.605692] usbhid: USB HID core driver
[    2.607981] hv_utils: Registering HyperV Utility Driver
[    2.610432] hv_vmbus: registering driver hv_utils
[    2.612529] hv_vmbus: registering driver hv_balloon
[    2.616119] NET: Registered PF_INET6 protocol family
[    2.633247] Segment Routing with IPv6
[    2.635700] In-situ OAM (IOAM) with IPv6
[    2.638207] NET: Registered PF_PACKET protocol family
[    2.640793] bridge: filtering via arp/ip/ip6tables is no longer available by default. Update your scripts to load br_netfilter if you need this.
[    2.649852] 8021q: 802.1Q VLAN Support v1.8
[    2.652624] NET: Registered PF_VSOCK protocol family
[    2.662241] IPI shorthand broadcast: enabled
[    2.664530] AVX2 version of gcm_enc/dec engaged.
[    2.671309] AES CTR mode by8 optimization enabled
[    2.691785] sched_clock: Marking stable (2430054099, 254537107)->(2705108951, -20517745)
[    2.744914] ata2: found unknown device (class 0)
[    2.834710] ata2.00: ATAPI: QEMU DVD-ROM, 2.5+, max UDMA/100
[    2.851600] scsi 1:0:0:0: CD-ROM            QEMU     QEMU DVD-ROM     2.5+ PQ: 0 ANSI: 5
[    2.856294] clk: Disabling unused clocks
[    2.926494] sr 1:0:0:0: [sr0] scsi3-mmc drive: 4x/4x cd/rw xa/form2 tray
[    2.929135] cdrom: Uniform CD-ROM driver Revision: 3.20
[    2.984922] VFS: Mounted root (squashfs filesystem) readonly on device 254:2.
[    3.053909] Freeing unused kernel image (initmem) memory: 2452K
[    3.056574] Write protecting the kernel read-only data: 18432k
[    3.061144] Freeing unused kernel image (rodata/data gap) memory: 1800K
[    3.063742] Run /sbin/init as init process
[    3.327623] init: Console is alive
[    3.949291] kmodloader: loading kernel modules from /etc/modules-boot.d/*
[    4.010938] button_hotplug: loading out-of-tree module taints kernel.
[    4.017763] Button Hotplug driver version 0.4.1
[    4.042027] Intel(R) 2.5G Ethernet Linux Driver
[    4.044496] Copyright(c) 2018 Intel Corporation.
[    4.063307] igb: Intel(R) Gigabit Ethernet Network Driver
[    4.065973] igb: Copyright (c) 2007-2014 Intel Corporation.
[    4.082550] kmodloader: done loading kernel modules from /etc/modules-boot.d/*
[    4.098544] init: - preinit -
[    5.056871] 8021q: adding VLAN 0 to HW filter on device eth0
Press the [f] key and hit [enter] to enter failsafe mode
Press the [1], [2], [3] or [4] key and hit [enter] to select the debug level
[    9.727858] loop0: detected capacity change from 0 to 212992
[    9.775072] loop0: detected capacity change from 212992 to 201216
[    9.789288] mount_root: overlay filesystem in /dev/loop0 has not been formatted yet
[   10.153708] EXT4-fs (loop0): mounted filesystem 21322491-9ae9-4ded-b71a-a3d4286db387 r/w with ordered data mode. Quota mode: disabled.
[   10.168159] mount_root: overlay filesystem has not been fully initialized yet
[   10.187212] mount_root: switching to ext4 overlay
[   10.209786] overlayfs: null uuid detected in lower fs '/', falling back to xino=off,index=off,nfs_export=off.
[   10.952152] EXT4-fs (vda1): mounted filesystem 84173db5-fa99-e35a-95c6-28613cc79ea9 r/w without journal. Quota mode: disabled.
[   10.975831] urandom-seed: Seed file not found (/etc/urandom.seed)
[   11.116556] procd: - early -
[   11.902976] procd: - ubus -
[   12.097020] procd: - init -
Please press Enter to activate this console.
root
login[1000]: root login on 'ttyS0'


BusyBox v1.36.1 (2026-03-17 22:48:43 UTC) built-in shell (ash)

  _______                     ________        __
 |       |.-----.-----.-----.|  |  |  |.----.|  |_
 |   -   ||  _  |  -__|     ||  |  |  ||   _||   _|
 |_______||   __|_____|__|__||________||__|  |____|
          |__| W I R E L E S S   F R E E D O M
 -----------------------------------------------------
 OpenWrt 24.10-SNAPSHOT, r29143-214a657cfa
 -----------------------------------------------------
=== WARNING! =====================================
There is no root password defined on this device!
Use the "passwd" command to set up a new password
in order to prevent unauthorized SSH logins.
--------------------------------------------------
root@(none):~# dmesg -n 1
root@(none):~# echo 'EZOX''APOTKA'
EZOXAPOTKA
root@(none):~# run() { echo -n "$MARKER"; sh -c "$@"; echo "$MARKER $?"; }
root@(none):~# echo 'WVVK''AVFFJM'
WVVKAVFFJM
root@(none):~# MARKER='BFWX''SBALCU' run 'ubus wait_for network.interface.lan'
BFWXSBALCUBFWXSBALCU 0
root@OpenWrt:~# echo 'FWBB''SQJOPZ'
FWBBSQJOPZ
root@OpenWrt:~# MARKER='XCMA''XCAGSY' run 'ubus call network.interface.lan statu
s '"'"'{}'"'"''
XCMAXCAGSY{
	"up": true,
	"pending": false,
	"available": true,
	"autostart": true,
	"dynamic": false,
	"uptime": 0,
	"l3_device": "br-lan",
	"proto": "static",
	"device": "br-lan",
	"updated": [
		"addresses"
	],
	"metric": 0,
	"dns_metric": 0,
	"delegation": true,
	"ipv4-address": [
		{
			"address": "192.168.1.1",
			"mask": 24
		}
	],
	"ipv6-address": [
		
	],
	"ipv6-prefix": [
		
	],
	"ipv6-prefix-assignment": [
		{
			"address": "fd80:31dd:6792::",
			"mask": 60,
			"local-address": {
				"address": "fd80:31dd:6792::1",
				"mask": 60
			}
		}
	],
	"route": [
		
	],
	"dns-server": [
		
	],
	"dns-search": [
		
	],
	"neighbors": [
		
	],
	"inactive": {
		"ipv4-address": [
			
		],
		"ipv6-address": [
			
		],
		"route": [
			
		],
		"dns-server": [
			
		],
		"dns-search": [
			
		],
		"neighbors": [
			
		]
	},
	"data": {
		
	}
}
XCMAXCAGSY 0
root@OpenWrt:~# echo 'BSGB''HJYTVJ'
BSGBHJYTVJ
root@OpenWrt:~# MARKER='JMJN''SSZFTB' run true
JMJNSSZFTBJMJNSSZFTB 0
root@OpenWrt:~# echo 'PGWY''ZXQGHN'
PGWYZXQGHN
root@OpenWrt:~# MARKER='QHOJ''AGPPOA' run 'source /etc/os-release; echo $BUILD_I
D'
QHOJAGPPOAr29143-214a657cfa
QHOJAGPPOA 0
root@OpenWrt:~# echo 'FNWQ''LOEYWK'
FNWQLOEYWK
root@OpenWrt:~# MARKER='BAAZ''FOZVJS' run 'ls /etc/dropbear/dropbear_rsa_host_ke
y'
BAAZFOZVJS[0;0m/etc/dropbear/dropbear_rsa_host_key[m
BAAZFOZVJS 0
root@OpenWrt:~# echo 'BBQB''EMHCKA'
BBQBEMHCKA
root@OpenWrt:~# MARKER='VQVH''GMWPSE' run 'netstat -tlpn | grep 0.0.0.0:22'
VQVHGMWPSEnetstat: showing only processes with your user ID
tcp        0      0 0.0.0.0:22              0.0.0.0:*               LISTEN      1741/dropbear
VQVHGMWPSE 0
root@OpenWrt:~# echo 'MPAW''AUPEOG'
MPAWAUPEOG
root@OpenWrt:~# MARKER='OHET''AXGPXN' run 'dmesg | grep br-lan | grep forwarding
'
OHETAXGPXN[   30.756897] br-lan: port 1(eth0) entered forwarding state
OHETAXGPXN 0
root@OpenWrt:~# echo 'FJUB''SWLBMM'
FJUBSWLBMM
root@OpenWrt:~# MARKER='KGEO''YFLWBA' run 'ubus call network.interface.lan statu
s '"'"'{}'"'"''
KGEOYFLWBA{
	"up": true,
	"pending": false,
	"available": true,
	"autostart": true,
	"dynamic": false,
	"uptime": 8,
	"l3_device": "br-lan",
	"proto": "static",
	"device": "br-lan",
	"updated": [
		"addresses"
	],
	"metric": 0,
	"dns_metric": 0,
	"delegation": true,
	"ipv4-address": [
		{
			"address": "192.168.1.1",
			"mask": 24
		}
	],
	"ipv6-address": [
		
	],
	"ipv6-prefix": [
		
	],
	"ipv6-prefix-assignment": [
		{
			"address": "fd80:31dd:6792::",
			"mask": 60,
			"local-address": {
				"address": "fd80:31dd:6792::1",
				"mask": 60
			}
		}
	],
	"route": [
		
	],
	"dns-server": [
		
	],
	"dns-search": [
		
	],
	"neighbors": [
		
	],
	"inactive": {
		"ipv4-address": [
			
		],
		"ipv6-address": [
			
		],
		"route": [
			
		],
		"dns-server": [
			
		],
		"dns-search": [
			
		],
		"neighbors": [
			
		]
	},
	"data": {
		
	}
}
KGEOYFLWBA 0
root@OpenWrt:~# echo 'PFWQ''ZEKTPM'
PFWQZEKTPM
root@OpenWrt:~# MARKER='VSYQ''PPZBMG' run 'ip -o addr show dev br-lan'
VSYQPPZBMG4: br-lan    inet 192.168.1.1/24 brd 192.168.1.255 scope global br-lan\       valid_lft forever preferred_lft forever
4: br-lan    inet6 fd80:31dd:6792::1/60 scope global noprefixroute \       valid_lft forever preferred_lft forever
4: br-lan    inet6 fe80::5054:ff:fe12:3456/64 scope link \       valid_lft forever preferred_lft forever
VSYQPPZBMG 0
root@OpenWrt:~# echo 'CGCC''BBGWWC'
CGCCBBGWWC
root@OpenWrt:~# MARKER='TALY''TOLMZG' run 'ubus call network.interface.wan statu
s '"'"'{}'"'"''
TALYTOLMZG{
	"up": true,
	"pending": false,
	"available": true,
	"autostart": true,
	"dynamic": false,
	"uptime": 8,
	"l3_device": "eth1",
	"proto": "dhcp",
	"device": "eth1",
	"updated": [
		"addresses",
		"routes",
		"data"
	],
	"metric": 0,
	"dns_metric": 0,
	"delegation": true,
	"ipv4-address": [
		{
			"address": "10.0.2.15",
			"mask": 24
		}
	],
	"ipv6-address": [
		
	],
	"ipv6-prefix": [
		
	],
	"ipv6-prefix-assignment": [
		
	],
	"route": [
		{
			"target": "0.0.0.0",
			"mask": 0,
			"nexthop": "10.0.2.2",
			"source": "10.0.2.15/32"
		}
	],
	"dns-server": [
		"10.0.2.3"
	],
	"dns-search": [
		
	],
	"neighbors": [
		
	],
	"inactive": {
		"ipv4-address": [
			
		],
		"ipv6-address": [
			
		],
		"route": [
			
		],
		"dns-server": [
			
		],
		"dns-search": [
			
		],
		"neighbors": [
			
		]
	},
	"data": {
		"dhcpserver": "10.0.2.2",
		"leasetime": 86400
	}
}
TALYTOLMZG 0
root@OpenWrt:~# 