Labgrid Console Logfile for main
Logfile started at 2026-05-02 03:39:24.063480
=== Log starts here ===
c[?7l[2J[0mSeaBIOS (version 1.16.3-debian-1.16.3-2)


iPXE (https://ipxe.org) 00:03.0 CA00 PCI2.10 PnP PMM+06FCAE70+06F0AE70 CA00
Press Ctrl-B to configure iPXE (PCI 00:03.0)...                                                                               




iPXE (https://ipxe.org) 00:05.0 CB00 PCI2.10 PnP PMM 06FCAE70 06F0AE70 CB00
Press Ctrl-B to configure iPXE (PCI 00:05.0)...                                                                               


Booting from Hard Disk...
GRUB loading.....
[0;30;47mWelcome to GRUB![01;01H[0m[2J[H[J[1;1H[?25l[m[H[J[1;1H[2;30HGNU GRUB  version 2.12

[m[4;2H+----------------------------------------------------------------------------+[5;2H|[5;79H|[6;2H|[6;79H|[7;2H|[7;79H|[8;2H|[8;79H|[9;2H|[9;79H|[10;2H|[10;79H|[11;2H|[11;79H|[12;2H|[12;79H|[13;2H|[13;79H|[14;2H|[14;79H|[15;2H|[15;79H|[16;2H+----------------------------------------------------------------------------+[m[17;2H[18;2H[m     Use the ^ and v keys to select which entry is highlighted.          
      Press enter to boot the selected OS, `e' to edit the commands       
      before booting or `c' for a command-line. ESC to return             
      previous menu.                                                      [5;80H [7m[5;3H*OpenWrt                                                                    [m[5;78H[m[m[6;3H OpenWrt (failsafe)                                                         [m[6;78H[m[m[7;3H                                                                            [m[7;78H[m[m[8;3H                                                                            [m[8;78H[m[m[9;3H                                                                            [m[9;78H[m[m[10;3H                                                                            [m[10;78H[m[m[11;3H                                                                            [m[11;78H[m[m[12;3H                                                                            [m[12;78H[m[m[13;3H                                                                            [m[13;78H[m[m[14;3H                                                                            [m[14;78H[m[m[15;3H                                                                            [m[15;78H[m[15;80H [5;78H[2J[02;30HGNU GRUB  version 2.12[04;02H┌────────────────────────────────────────────────────────────────────────────┐[05;02H│[05;79H│[06;02H│[06;79H│[07;02H│[07;79H│[08;02H│[08;79H│[09;02H│[09;79H│[10;02H│[10;79H│[11;02H│[11;79H│[12;02H│[12;79H│[13;02H│[13;79H│[14;02H│[14;79H│[15;02H│[15;79H│[16;02H│[16;79H│[17;02H└─────────────────────────────────────────────────────────────────[17;67H[17;68H───────────┘[19;02H     Use the ↑ and ↓ keys to select which entry is highlighted.          
      Press enter to boot the selected OS, `e' to edit the commands       
      before booting or `c' for a command-line. [21;48H[21;49HESC to return             
      previous menu.                                                      [05;80H [05;03H[0;30;47m*OpenWrt                                                                    [06;03H[0m OpenWrt (failsafe)             [06;34H[06;35H                                            [07;03H                                                                            [08;03H                                                                            [09;03H                                                                            [10;03H                                                                            [11;03H                                                                            [12;03H                                                                            [13;03H                                                                            [14;03H                                                                            [15;03H                                                                            [16;03H                                                                            [16;80H 






   The highlighted entry will be executed automatically in 5s.                [22;1H   The highlighted entry will be executed automatically in 5s.                 [5;78H [05;78H

















   The highlighted entry will be executed automatically in 4s.                [22;1H   The highlighted entry will be executed automatically in 4s.                 [5;78H [05;78H

















   The highlighted entry will be executed automatically in 3s.                [22;1H   The highlighted entry will be executed automatically in 3s.                 [5;78H [05;78H

















   The highlighted entry will be executed automatically in 2s.                [22;1H   The highlighted entry will be executed automatically in 2s.                 [5;78H [05;78H

















   The highlighted entry will be executed automatically [23;56H[23;57Hin 1s.                [22;1H   The highlighted entry will be executed automatically in 1s.                 [5;78H [05;78H

















   The highl[23;12H[23;13Highted entry will be executed automatically in 0s.                [22;1H   The highlighted entry will be executed automatically in 0s.                 [5;78H [01;01H[2J[?25h[H[J[1;1H[H[J[1;1H[2J   Booting `OpenWrt' Booting `OpenWrt

'

[    0.000000] Linux version 6.6.135 (builder@buildhost) (x86_64-openwrt-linux-musl-gcc (OpenWrt GCC 13.3.0 r29164-00da0d2bce) 13.3.0, GNU ld (GNU Binutils) 2.42) #0 SMP Thu Apr 30 08:33:46 2026
[    0.000000] Command line: BOOT_IMAGE=/boot/vmlinuz root=PARTUUID=a80c339d-02 rootwait console=tty1 console=ttyS0,115200n8 noinitrd
[    0.000000] BIOS-provided physical RAM map:
[    0.000000] BIOS-e820: [mem 0x0000000000000000-0x000000000009fbff] usable
[    0.000000] BIOS-e820: [mem 0x000000000009fc00-0x000000000009ffff] reserved
[    0.000000] BIOS-e820: [mem 0x00000000000f0000-0x00000000000fffff] reserved
[    0.000000] BIOS-e820: [mem 0x0000000000100000-0x0000000007fdcfff] usable
[    0.000000] BIOS-e820: [mem 0x0000000007fdd000-0x0000000007ffffff] reserved
[    0.000000] BIOS-e820: [mem 0x00000000fffc0000-0x00000000ffffffff] reserved
[    0.000000] BIOS-e820: [mem 0x000000fd00000000-0x000000ffffffffff] reserved
[    0.000000] NX (Execute Disable) protection: active
[    0.000000] APIC: Static calls initialized
[    0.000000] SMBIOS 3.0.0 present.
[    0.000000] DMI: QEMU Standard PC (i440FX + PIIX, 1996), BIOS 1.16.3-debian-1.16.3-2 04/01/2014
[    0.000000] tsc: Fast TSC calibration using PIT
[    0.000000] tsc: Detected 2596.114 MHz processor
[    0.007101] last_pfn = 0x7fdd max_arch_pfn = 0x400000000
[    0.007591] MTRR map: 4 entries (3 fixed + 1 variable; max 19), built from 8 variable MTRRs
[    0.007740] x86/PAT: Configuration [0-7]: WB  WC  UC- UC  WB  WP  UC- WT  
[    0.021938] found SMP MP-table at [mem 0x000f5460-0x000f546f]
[    0.022988] Using GB pages for direct mapping
[    0.025921] ACPI: Early table checksum verification disabled
[    0.026183] ACPI: RSDP 0x00000000000F5290 000014 (v00 BOCHS )
[    0.026418] ACPI: RSDT 0x0000000007FE1C64 000034 (v01 BOCHS  BXPC     00000001 BXPC 00000001)
[    0.026811] ACPI: FACP 0x0000000007FE1B18 000074 (v01 BOCHS  BXPC     00000001 BXPC 00000001)
[    0.027304] ACPI: DSDT 0x0000000007FE0040 001AD8 (v01 BOCHS  BXPC     00000001 BXPC 00000001)
[    0.027372] ACPI: FACS 0x0000000007FE0000 000040
[    0.027408] ACPI: APIC 0x0000000007FE1B8C 000078 (v03 BOCHS  BXPC     00000001 BXPC 00000001)
[    0.027427] ACPI: HPET 0x0000000007FE1C04 000038 (v01 BOCHS  BXPC     00000001 BXPC 00000001)
[    0.027445] ACPI: WAET 0x0000000007FE1C3C 000028 (v01 BOCHS  BXPC     00000001 BXPC 00000001)
[    0.027509] ACPI: Reserving FACP table memory at [mem 0x7fe1b18-0x7fe1b8b]
[    0.027543] ACPI: Reserving DSDT table memory at [mem 0x7fe0040-0x7fe1b17]
[    0.027549] ACPI: Reserving FACS table memory at [mem 0x7fe0000-0x7fe003f]
[    0.027555] ACPI: Reserving APIC table memory at [mem 0x7fe1b8c-0x7fe1c03]
[    0.027560] ACPI: Reserving HPET table memory at [mem 0x7fe1c04-0x7fe1c3b]
[    0.027565] ACPI: Reserving WAET table memory at [mem 0x7fe1c3c-0x7fe1c63]
[    0.029982] Zone ranges:
[    0.030019]   DMA      [mem 0x0000000000001000-0x0000000000ffffff]
[    0.030080]   DMA32    [mem 0x0000000001000000-0x0000000007fdcfff]
[    0.030090]   Normal   empty
[    0.030110] Movable zone start for each node
[    0.030130] Early memory node ranges
[    0.030154]   node   0: [mem 0x0000000000001000-0x000000000009efff]
[    0.030189]   node   0: [mem 0x0000000000100000-0x0000000007fdcfff]
[    0.030275] Initmem setup node 0 [mem 0x0000000000001000-0x0000000007fdcfff]
[    0.030921] On node 0, zone DMA: 1 pages in unavailable ranges
[    0.031202] On node 0, zone DMA: 97 pages in unavailable ranges
[    0.032022] On node 0, zone DMA32: 35 pages in unavailable ranges
[    0.032268] ACPI: PM-Timer IO Port: 0x608
[    0.032539] ACPI: LAPIC_NMI (acpi_id[0xff] dfl dfl lint[0x1])
[    0.032858] IOAPIC[0]: apic_id 0, version 32, address 0xfec00000, GSI 0-23
[    0.032943] ACPI: INT_SRC_OVR (bus 0 bus_irq 0 global_irq 2 dfl dfl)
[    0.033154] ACPI: INT_SRC_OVR (bus 0 bus_irq 5 global_irq 5 high level)
[    0.033199] ACPI: INT_SRC_OVR (bus 0 bus_irq 9 global_irq 9 high level)
[    0.033267] ACPI: INT_SRC_OVR (bus 0 bus_irq 10 global_irq 10 high level)
[    0.033273] ACPI: INT_SRC_OVR (bus 0 bus_irq 11 global_irq 11 high level)
[    0.033421] ACPI: Using ACPI (MADT) for SMP configuration information
[    0.033455] ACPI: HPET id: 0x8086a201 base: 0xfed00000
[    0.033676] smpboot: Allowing 1 CPUs, 0 hotplug CPUs
[    0.034533] [mem 0x08000000-0xfffbffff] available for PCI devices
[    0.034571] Booting paravirtualized kernel on bare hardware
[    0.034796] clocksource: refined-jiffies: mask: 0xffffffff max_cycles: 0xffffffff, max_idle_ns: 19112604462750000 ns
[    0.035291] setup_percpu: NR_CPUS:512 nr_cpumask_bits:1 nr_cpu_ids:1 nr_node_ids:1
[    0.036462] percpu: Embedded 48 pages/cpu s158248 r8192 d30168 u2097152
[    0.038227] Kernel command line: BOOT_IMAGE=/boot/vmlinuz root=PARTUUID=a80c339d-02 rootwait console=tty1 console=ttyS0,115200n8 noinitrd
[    0.039549] random: crng init done
[    0.043611] Dentry cache hash table entries: 16384 (order: 5, 131072 bytes, linear)
[    0.044428] Inode-cache hash table entries: 8192 (order: 4, 65536 bytes, linear)
[    0.046668] Built 1 zonelists, mobility grouping on.  Total pages: 31965
[    0.046846] mem auto-init: stack:off, heap alloc:off, heap free:off
[    0.049678] Memory: 102576K/130540K available (14336K kernel code, 1170K rwdata, 2300K rodata, 2456K init, 2404K bss, 27708K reserved, 0K cma-reserved)
[    0.054755] SLUB: HWalign=64, Order=0-3, MinObjects=0, CPUs=1, Nodes=1
[    0.060564] rcu: Hierarchical RCU implementation.
[    0.060589] rcu: 	RCU restricting CPUs from NR_CPUS=512 to nr_cpu_ids=1.
[    0.060680] 	Tracing variant of Tasks RCU enabled.
[    0.060745] rcu: RCU calculated value of scheduler-enlistment delay is 10 jiffies.
[    0.060767] rcu: Adjusting geometry for rcu_fanout_leaf=16, nr_cpu_ids=1
[    0.061650] NR_IRQS: 33024, nr_irqs: 256, preallocated irqs: 16
[    0.068688] rcu: srcu_init: Setting srcu_struct sizes based on contention.
[    0.074153] Console: colour VGA+ 80x25
[    0.074395] printk: console [tty1] enabled
[    0.080238] printk: console [ttyS0] enabled
[    0.306265] ACPI: Core revision 20230628
[    0.320195] clocksource: hpet: mask: 0xffffffff max_cycles: 0xffffffff, max_idle_ns: 19112604467 ns
[    0.324152] APIC: Switch to symmetric I/O mode setup
[    0.327702] ..TIMER: vector=0x30 apic1=0 pin1=2 apic2=-1 pin2=-1
[    0.371686] clocksource: tsc-early: mask: 0xffffffffffffffff max_cycles: 0x256be558c20, max_idle_ns: 440795304311 ns
[    0.372275] Calibrating delay loop (skipped), value calculated using timer frequency.. 5192.22 BogoMIPS (lpj=25961140)
[    0.373648] x86/cpu: User Mode Instruction Prevention (UMIP) activated
[    0.387327] Last level iTLB entries: 4KB 0, 2MB 0, 4MB 0
[    0.387670] Last level dTLB entries: 4KB 0, 2MB 0, 4MB 0, 1GB 0
[    0.388827] Spectre V1 : Mitigation: usercopy/swapgs barriers and __user pointer sanitization
[    0.389456] Spectre V2 : Mitigation: Retpolines
[    0.392332] Spectre V2 : Spectre v2 / SpectreRSB: Filling RSB on context switch and VMEXIT
[    0.392830] Speculative Store Bypass: Vulnerable
[    0.394159] x86/fpu: Supporting XSAVE feature 0x001: 'x87 floating point registers'
[    0.397760] x86/fpu: Supporting XSAVE feature 0x002: 'SSE registers'
[    0.403130] x86/fpu: Supporting XSAVE feature 0x004: 'AVX registers'
[    0.403372] x86/fpu: Supporting XSAVE feature 0x008: 'MPX bounds registers'
[    0.403594] x86/fpu: Supporting XSAVE feature 0x010: 'MPX CSR'
[    0.403927] x86/fpu: xstate_offset[2]:  576, xstate_sizes[2]:  256
[    0.412354] x86/fpu: xstate_offset[3]:  960, xstate_sizes[3]:   64
[    0.412631] x86/fpu: xstate_offset[4]: 1024, xstate_sizes[4]:   64
[    0.412873] x86/fpu: Enabled xstate features 0x1f, context size is 1088 bytes, using 'standard' format.
[    0.636099] Freeing SMP alternatives memory: 40K
[    0.637210] pid_max: default: 32768 minimum: 301
[    0.644434] Mount-cache hash table entries: 512 (order: 0, 4096 bytes, linear)
[    0.644740] Mountpoint-cache hash table entries: 512 (order: 0, 4096 bytes, linear)
[    0.787293] smpboot: CPU0: AMD QEMU TCG CPU version 2.5+ (family: 0x6, model: 0x6, stepping: 0x3)
[    0.792197] RCU Tasks Trace: Setting shift to 0 and lim to 1 rcu_task_cb_adjust=1 rcu_task_cpu_ids=1.
[    0.792197] Performance Events: PMU not available due to virtualization, using software events only.
[    0.792928] signal: max sigframe size: 1616
[    0.794951] rcu: Hierarchical SRCU implementation.
[    0.795192] rcu: 	Max phase no-delay instances is 1000.
[    0.797626] smp: Bringing up secondary CPUs ...
[    0.799183] smp: Brought up 1 node, 1 CPU
[    0.803374] smpboot: Max logical packages: 1
[    0.803587] smpboot: Total of 1 processors activated (5192.22 BogoMIPS)
[    0.817376] clocksource: jiffies: mask: 0xffffffff max_cycles: 0xffffffff, max_idle_ns: 19112604462750000 ns
[    0.818045] futex hash table entries: 256 (order: 2, 16384 bytes, linear)
[    0.818848] pinctrl core: initialized pinctrl subsystem
[    0.831971] NET: Registered PF_NETLINK/PF_ROUTE protocol family
[    0.836965] thermal_sys: Registered thermal governor 'step_wise'
[    0.836993] thermal_sys: Registered thermal governor 'user_space'
[    0.837671] cpuidle: using governor ladder
[    0.838082] cpuidle: using governor menu
[    0.843437] acpiphp: ACPI Hot Plug PCI Controller Driver version: 0.5
[    0.845549] PCI: Using configuration type 1 for base access
[    0.852469] cryptd: max_cpu_qlen set to 1000
[    0.856211] ACPI: Added _OSI(Module Device)
[    0.856372] ACPI: Added _OSI(Processor Device)
[    0.856501] ACPI: Added _OSI(Processor Aggregator Device)
[    0.868145] ACPI: 1 ACPI AML tables successfully acquired and loaded
[    0.879134] ACPI: _OSC evaluation for CPUs failed, trying _PDC
[    0.880701] ACPI: Interpreter enabled
[    0.881264] ACPI: PM: (supports S0 S5)
[    0.881420] ACPI: Using IOAPIC for interrupt routing
[    0.882653] PCI: Using host bridge windows from ACPI; if necessary, use "pci=nocrs" and report a bug
[    0.890063] PCI: Using E820 reservations for host bridge windows
[    0.891414] ACPI: Enabled 2 GPEs in block 00 to 0F
[    0.913444] ACPI: PCI Root Bridge [PCI0] (domain 0000 [bus 00-ff])
[    0.914172] acpi PNP0A03:00: _OSC: OS supports [ASPM ClockPM Segments MSI HPX-Type3]
[    0.914538] acpi PNP0A03:00: _OSC: not requesting OS control; OS requires [ExtendedConfig ASPM ClockPM MSI]
[    0.915214] acpi PNP0A03:00: fail to add MMCONFIG information, can't access extended configuration space under this bridge
[    0.926003] acpiphp: Slot [3] registered
[    0.926323] acpiphp: Slot [4] registered
[    0.926519] acpiphp: Slot [5] registered
[    0.926696] acpiphp: Slot [6] registered
[    0.932410] acpiphp: Slot [7] registered
[    0.932735] acpiphp: Slot [8] registered
[    0.932936] acpiphp: Slot [9] registered
[    0.933106] acpiphp: Slot [10] registered
[    0.933285] acpiphp: Slot [11] registered
[    0.933498] acpiphp: Slot [12] registered
[    0.943502] acpiphp: Slot [13] registered
[    0.943724] acpiphp: Slot [14] registered
[    0.943904] acpiphp: Slot [15] registered
[    0.944079] acpiphp: Slot [16] registered
[    0.944255] acpiphp: Slot [17] registered
[    0.944431] acpiphp: Slot [18] registered
[    0.952385] acpiphp: Slot [19] registered
[    0.952691] acpiphp: Slot [20] registered
[    0.952952] acpiphp: Slot [21] registered
[    0.953138] acpiphp: Slot [22] registered
[    0.953315] acpiphp: Slot [23] registered
[    0.953496] acpiphp: Slot [24] registered
[    0.953694] acpiphp: Slot [25] registered
[    0.962411] acpiphp: Slot [26] registered
[    0.962704] acpiphp: Slot [27] registered
[    0.962923] acpiphp: Slot [28] registered
[    0.963109] acpiphp: Slot [29] registered
[    0.963291] acpiphp: Slot [30] registered
[    0.963471] acpiphp: Slot [31] registered
[    0.972607] PCI host bridge to bus 0000:00
[    0.972960] pci_bus 0000:00: root bus resource [io  0x0000-0x0cf7 window]
[    0.973268] pci_bus 0000:00: root bus resource [io  0x0d00-0xffff window]
[    0.973460] pci_bus 0000:00: root bus resource [mem 0x000a0000-0x000bffff window]
[    0.982325] pci_bus 0000:00: root bus resource [mem 0x08000000-0xfebfffff window]
[    0.982652] pci_bus 0000:00: root bus resource [mem 0x100000000-0x17fffffff window]
[    0.983146] pci_bus 0000:00: root bus resource [bus 00-ff]
[    0.993493] pci 0000:00:00.0: [8086:1237] type 00 class 0x060000
[    1.004347] pci 0000:00:01.0: [8086:7000] type 00 class 0x060100
[    1.004971] pci 0000:00:01.1: [8086:7010] type 00 class 0x010180
[    1.007479] pci 0000:00:01.1: BAR 4 [io  0xc0e0-0xc0ef]
[    1.008599] pci 0000:00:01.1: BAR 0 [io  0x01f0-0x01f7]: legacy IDE quirk
[    1.011684] pci 0000:00:01.1: BAR 1 [io  0x03f6]: legacy IDE quirk
[    1.012005] pci 0000:00:01.1: BAR 2 [io  0x0170-0x0177]: legacy IDE quirk
[    1.012240] pci 0000:00:01.1: BAR 3 [io  0x0376]: legacy IDE quirk
[    1.023069] pci 0000:00:01.3: [8086:7113] type 00 class 0x068000
[    1.023558] pci 0000:00:01.3: quirk: [io  0x0600-0x063f] claimed by PIIX4 ACPI
[    1.023790] pci 0000:00:01.3: quirk: [io  0x0700-0x070f] claimed by PIIX4 SMB
[    1.024391] pci 0000:00:02.0: [1234:1111] type 00 class 0x030000
[    1.032867] pci 0000:00:02.0: BAR 0 [mem 0xfd000000-0xfdffffff pref]
[    1.034280] pci 0000:00:02.0: BAR 2 [mem 0xfeb90000-0xfeb90fff]
[    1.036768] pci 0000:00:02.0: ROM [mem 0xfeb80000-0xfeb8ffff pref]
[    1.037206] pci 0000:00:02.0: Video device with shadowed ROM at [mem 0x000c0000-0x000dffff]
[    1.043051] pci 0000:00:03.0: [1af4:1000] type 00 class 0x020000
[    1.043907] pci 0000:00:03.0: BAR 0 [io  0xc080-0xc09f]
[    1.046606] pci 0000:00:03.0: BAR 4 [mem 0xfe000000-0xfe003fff 64bit pref]
[    1.047324] pci 0000:00:03.0: ROM [mem 0xfea80000-0xfeafffff pref]
[    1.056232] pci 0000:00:04.0: [1af4:1005] type 00 class 0x00ff00
[    1.057689] pci 0000:00:04.0: BAR 0 [io  0xc0a0-0xc0bf]
[    1.058409] pci 0000:00:04.0: BAR 1 [mem 0xfeb91000-0xfeb91fff]
[    1.063398] pci 0000:00:04.0: BAR 4 [mem 0xfe004000-0xfe007fff 64bit pref]
[    1.069118] pci 0000:00:05.0: [1af4:1000] type 00 class 0x020000
[    1.070934] pci 0000:00:05.0: BAR 0 [io  0xc0c0-0xc0df]
[    1.071979] pci 0000:00:05.0: BAR 1 [mem 0xfeb92000-0xfeb92fff]
[    1.073834] pci 0000:00:05.0: BAR 4 [mem 0xfe008000-0xfe00bfff 64bit pref]
[    1.076646] pci 0000:00:05.0: ROM [mem 0xfeb00000-0xfeb7ffff pref]
[    1.079503] pci 0000:00:06.0: [1af4:1001] type 00 class 0x010000
[    1.080417] pci 0000:00:06.0: BAR 0 [io  0xc000-0xc07f]
[    1.081372] pci 0000:00:06.0: BAR 1 [mem 0xfeb93000-0xfeb93fff]
[    1.083842] pci 0000:00:06.0: BAR 4 [mem 0xfe00c000-0xfe00ffff 64bit pref]
[    1.093173] ACPI: PCI: Interrupt link LNKA configured for IRQ 10
[    1.093785] ACPI: PCI: Interrupt link LNKB configured for IRQ 10
[    1.094246] ACPI: PCI: Interrupt link LNKC configured for IRQ 11
[    1.094669] ACPI: PCI: Interrupt link LNKD configured for IRQ 11
[    1.097911] ACPI: PCI: Interrupt link LNKS configured for IRQ 9
[    1.100614] iommu: Default domain type: Translated
[    1.100791] iommu: DMA domain TLB invalidation policy: lazy mode
[    1.102505] SCSI subsystem initialized
[    1.109733] ACPI: bus type USB registered
[    1.110125] usbcore: registered new interface driver usbfs
[    1.110475] usbcore: registered new interface driver hub
[    1.110739] usbcore: registered new device driver usb
[    1.111145] pps_core: LinuxPPS API ver. 1 registered
[    1.112337] pps_core: Software ver. 5.3.6 - Copyright 2005-2007 Rodolfo Giometti <giometti@linux.it>
[    1.112811] PTP clock support registered
[    1.128543] PCI: Using ACPI for IRQ routing
[    1.131025] hpet0: at MMIO 0xfed00000, IRQs 2, 8, 0
[    1.131258] hpet0: 3 comparators, 64-bit 100.000000 MHz counter
[    1.135587] clocksource: Switched to clocksource tsc-early
[    1.137257] pnp: PnP ACPI init
[    1.140273] pnp: PnP ACPI: found 6 devices
[    1.149148] clocksource: acpi_pm: mask: 0xffffff max_cycles: 0xffffff, max_idle_ns: 2085701024 ns
[    1.149909] NET: Registered PF_INET protocol family
[    1.150843] IP idents hash table entries: 2048 (order: 2, 16384 bytes, linear)
[    1.155810] tcp_listen_portaddr_hash hash table entries: 256 (order: 0, 4096 bytes, linear)
[    1.160058] Table-perturb hash table entries: 65536 (order: 6, 262144 bytes, linear)
[    1.160336] TCP established hash table entries: 1024 (order: 1, 8192 bytes, linear)
[    1.160710] TCP bind hash table entries: 1024 (order: 3, 32768 bytes, linear)
[    1.170483] TCP: Hash tables configured (established 1024 bind 1024)
[    1.171893] MPTCP token hash table entries: 256 (order: 1, 6144 bytes, linear)
[    1.172299] UDP hash table entries: 256 (order: 1, 8192 bytes, linear)
[    1.172658] UDP-Lite hash table entries: 256 (order: 1, 8192 bytes, linear)
[    1.182167] NET: Registered PF_UNIX/PF_LOCAL protocol family
[    1.183128] pci_bus 0000:00: resource 4 [io  0x0000-0x0cf7 window]
[    1.183320] pci_bus 0000:00: resource 5 [io  0x0d00-0xffff window]
[    1.183505] pci_bus 0000:00: resource 6 [mem 0x000a0000-0x000bffff window]
[    1.191789] pci_bus 0000:00: resource 7 [mem 0x08000000-0xfebfffff window]
[    1.192023] pci_bus 0000:00: resource 8 [mem 0x100000000-0x17fffffff window]
[    1.192637] pci 0000:00:01.0: PIIX3: Enabling Passive Release
[    1.192887] pci 0000:00:00.0: Limiting direct PCI/PCI transfers
[    1.202681] PCI: CLS 0 bytes, default 64
[    1.226335] workingset: timestamp_bits=46 max_order=15 bucket_order=0
[    1.227963] squashfs: version 4.0 (2009/01/31) Phillip Lougher
[    1.230123] Block layer SCSI generic (bsg) driver version 0.4 loaded (major 247)
[    1.232874] hv_vmbus: registering driver hyperv_fb
[    1.239721] input: Power Button as /devices/LNXSYSTM:00/LNXPWRBN:00/input/input0
[    1.247743] ACPI: button: Power Button [PWRF]
[    1.386881] ACPI: \_SB_.LNKC: Enabled at IRQ 11
[    1.521358] ACPI: \_SB_.LNKD: Enabled at IRQ 10
[    1.652725] ACPI: \_SB_.LNKA: Enabled at IRQ 10
[    1.784421] ACPI: \_SB_.LNKB: Enabled at IRQ 11
[    1.786111] Serial: 8250/16550 driver, 16 ports, IRQ sharing enabled
[    1.809737] 00:04: ttyS0 at I/O 0x3f8 (irq = 4, base_baud = 115200) is a 16550A
[    1.838735] Non-volatile memory driver v1.3
[    1.847833] Linux agpgart interface v0.103
[    1.848483] AMD-Vi: AMD IOMMUv2 functionality not available on this system - This is not a bug.
[    1.848979] ACPI: bus type drm_connector registered
[    1.851115] [drm] Found bochs VGA, ID 0xb0c5.
[    1.851277] [drm] Framebuffer size 16384 kB @ 0xfd000000, mmio @ 0xfeb90000.
[    1.857335] [drm] Found EDID data blob.
[    1.861679] [drm] Initialized bochs-drm 1.0.0 20130925 for 0000:00:02.0 on minor 0
[    1.910332] Console: switching to colour frame buffer device 160x50
[    1.918219] bochs-drm 0000:00:02.0: [drm] fb0: bochs-drmdrmfb frame buffer device
[    1.945161] loop: module loaded
[    1.945878] virtio_blk virtio3: 1/0/0 default/read/poll queues
[    1.949781] virtio_blk virtio3: [vda] 246784 512-byte logical blocks (126 MB/121 MiB)
[    1.956957]  vda: vda1 vda2
[    1.959652] Guest personality initialized and is inactive
[    1.960114] VMCI host device registered (name=vmci, major=10, minor=256)
[    1.960324] Initialized host personality
[    1.961020] VMware PVSCSI driver - version 1.0.7.0-k
[    1.961277] hv_vmbus: registering driver hv_storvsc
[    1.983052] scsi host0: ata_piix
[    1.985563] scsi host1: ata_piix
[    1.986356] ata1: PATA max MWDMA2 cmd 0x1f0 ctl 0x3f6 bmdma 0xc0e0 irq 14
[    1.986605] ata2: PATA max MWDMA2 cmd 0x170 ctl 0x376 bmdma 0xc0e8 irq 15
[    1.994613] VMware vmxnet3 virtual NIC driver - version 1.7.0.0-k-NAPI
[    1.995114] hv_vmbus: registering driver hv_netvsc
[    1.995445] Fusion MPT base driver 3.04.20
[    1.995580] Copyright (c) 1999-2008 LSI Corporation
[    1.995882] Fusion MPT SPI Host driver 3.04.20
[    2.005497] Fusion MPT SAS Host driver 3.04.20
[    2.007079] usbcore: registered new interface driver usb-storage
[    2.008056] i8042: PNP: PS/2 Controller [PNP0303:KBD,PNP0f13:MOU] at 0x60,0x64 irq 1,12
[    2.010698] serio: i8042 KBD port at 0x60,0x64 irq 1
[    2.011005] serio: i8042 AUX port at 0x60,0x64 irq 12
[    2.016189] hv_vmbus: registering driver hyperv_keyboard
[    2.019137] rtc_cmos 00:05: RTC can wake from S4
[    2.023326] rtc_cmos 00:05: registered as rtc0
[    2.025369] rtc_cmos 00:05: setting system clock to 2026-05-02T03:39:34 UTC (1777693174)
[    2.028532] rtc_cmos 00:05: alarms up to one day, y3k, 242 bytes nvram, hpet irqs
[    2.030854] amd_pstate: the _CPC object is not present in SBIOS or ACPI disabled
[    2.032725] sdhci: Secure Digital Host Controller Interface driver
[    2.034499] sdhci: Copyright(c) Pierre Ossman
[    2.045406] input: AT Translated Set 2 keyboard as /devices/platform/i8042/serio0/input/input1
[    2.066770] hid: raw HID events driver (C) Jiri Kosina
[    2.068967] hv_vmbus: registering driver hid_hyperv
[    2.071284] usbcore: registered new interface driver usbhid
[    2.073017] usbhid: USB HID core driver
[    2.074989] hv_utils: Registering HyperV Utility Driver
[    2.078945] hv_vmbus: registering driver hv_utils
[    2.080607] hv_vmbus: registering driver hv_balloon
[    2.083454] NET: Registered PF_INET6 protocol family
[    2.096776] Segment Routing with IPv6
[    2.098669] In-situ OAM (IOAM) with IPv6
[    2.100765] NET: Registered PF_PACKET protocol family
[    2.102824] bridge: filtering via arp/ip/ip6tables is no longer available by default. Update your scripts to load br_netfilter if you need this.
[    2.112246] 8021q: 802.1Q VLAN Support v1.8
[    2.114639] NET: Registered PF_VSOCK protocol family
[    2.122199] IPI shorthand broadcast: enabled
[    2.124239] AVX2 version of gcm_enc/dec engaged.
[    2.129294] AES CTR mode by8 optimization enabled
[    2.143329] sched_clock: Marking stable (1900066486, 243096122)->(2180791689, -37629081)
[    2.225437] ata2: found unknown device (class 0)
[    2.234629] tsc: Refined TSC clocksource calibration: 2596.080 MHz
[    2.237030] clocksource: tsc: mask: 0xffffffffffffffff max_cycles: 0x256bc4de317, max_idle_ns: 440795214554 ns
[    2.240240] clk: Disabling unused clocks
[    2.244507] clocksource: Switched to clocksource tsc
[    2.247738] ata2.00: ATAPI: QEMU DVD-ROM, 2.5+, max UDMA/100
[    2.263577] scsi 1:0:0:0: CD-ROM            QEMU     QEMU DVD-ROM     2.5+ PQ: 0 ANSI: 5
[    2.324712] sr 1:0:0:0: [sr0] scsi3-mmc drive: 4x/4x cd/rw xa/form2 tray
[    2.326812] cdrom: Uniform CD-ROM driver Revision: 3.20
[    2.368435] VFS: Mounted root (squashfs filesystem) readonly on device 254:2.
[    2.426088] Freeing unused kernel image (initmem) memory: 2456K
[    2.428254] Write protecting the kernel read-only data: 18432k
[    2.431692] Freeing unused kernel image (rodata/data gap) memory: 1796K
[    2.433881] Run /sbin/init as init process
[    2.627663] init: Console is alive
[    3.227574] kmodloader: loading kernel modules from /etc/modules-boot.d/*
[    3.276905] button_hotplug: loading out-of-tree module taints kernel.
[    3.282203] Button Hotplug driver version 0.4.1
[    3.299941] Intel(R) 2.5G Ethernet Linux Driver
[    3.301984] Copyright(c) 2018 Intel Corporation.
[    3.315672] igb: Intel(R) Gigabit Ethernet Network Driver
[    3.317656] igb: Copyright (c) 2007-2014 Intel Corporation.
[    3.329571] kmodloader: done loading kernel modules from /etc/modules-boot.d/*
[    3.344608] init: - preinit -
[    4.057250] 8021q: adding VLAN 0 to HW filter on device eth0
Press the [f] key and hit [enter] to enter failsafe mode
Press the [1], [2], [3] or [4] key and hit [enter] to select the debug level

[    8.616042] loop0: detected capacity change from 0 to 212992
[    8.653546] loop0: detected capacity change from 212992 to 200064
[    8.664899] mount_root: overlay filesystem in /dev/loop0 has not been formatted yet
[    9.313740] EXT4-fs (loop0): mounted filesystem 0c291097-5b2a-4cb1-9d55-ee63f6a29cfa r/w with ordered data mode. Quota mode: disabled.
[    9.324590] mount_root: overlay filesystem has not been fully initialized yet
[    9.338984] mount_root: switching to ext4 overlay
[    9.359580] overlayfs: null uuid detected in lower fs '/', falling back to xino=off,index=off,nfs_export=off.
[   10.072665] EXT4-fs (vda1): mounted filesystem 84173db5-fa99-e35a-95c6-28613cc79ea9 r/w without journal. Quota mode: disabled.
[   10.093518] urandom-seed: Seed file not found (/etc/urandom.seed)
[   10.203681] procd: - early -
[   10.904138] procd: - ubus -
[   11.083103] procd: - init -
Please press Enter to activate this console.
root
login[1000]: root login on 'ttyS0'


BusyBox v1.36.1 (2026-04-30 08:33:46 UTC) built-in shell (ash)

  _______                     ________        __
 |       |.-----.-----.-----.|  |  |  |.----.|  |_
 |   -   ||  _  |  -__|     ||  |  |  ||   _||   _|
 |_______||   __|_____|__|__||________||__|  |____|
          |__| W I R E L E S S   F R E E D O M
 -----------------------------------------------------
 OpenWrt 24.10-SNAPSHOT, r29164-00da0d2bce
 -----------------------------------------------------
  ___   __ __                _______             __
 |   |_|__|  |--.----.-----.|   |   |-----.-----|  |--.
 |     |  |  _  |   _|  -__||       |  -__|__ --|     |
 |_____|__|_____|__| |_____||__|_|__|_____|_____|__|__|

 ------------------------------------------------------
 LiMe master development (master rev. aebe482 20260416_0852)
 ------------------------------------------------------
 https://libremesh.org
 ------------------------------------------------------
=== WARNING! =====================================
There is no root password defined on this device!
Use the "passwd" command to set up a new password
in order to prevent unauthorized SSH logins.
--------------------------------------------------
root@(none):~# dmesg -n 1
root@(none):~# echo 'MLFJ''LOFTGJ'
MLFJLOFTGJ
root@LiMe-123456:~# run() { echo -n "$MARKER"; sh -c "$@"; echo "$MARKER $?"; }
root@LiMe-123456:~# echo 'MZAG''QBXZZM'
MZAGQBXZZM
root@LiMe-123456:~# MARKER='LNQL''NBTHLH' run 'ubus wait_for network.interface.l
an'
LNQLNBTHLHLNQLNBTHLH 0
root@LiMe-123456:~# echo 'LHFA''GSAMTN'
LHFAGSAMTN
root@LiMe-123456:~# MARKER='AOLB''EYHNKW' run 'ubus call network.interface.lan s
tatus '"'"'{}'"'"''
AOLBEYHNKW{
	"up": true,
	"pending": false,
	"available": true,
	"autostart": true,
	"dynamic": false,
	"uptime": 0,
	"l3_device": "br-lan",
	"proto": "static",
	"device": "br-lan",
	"updated": [
		"addresses"
	],
	"metric": 0,
	"dns_metric": 0,
	"delegation": true,
	"ipv4-address": [
		{
			"address": "10.13.52.86",
			"mask": 16
		}
	],
	"ipv6-address": [
		{
			"address": "fd0d:fe46:8ce8::12:3456",
			"mask": 64
		}
	],
	"ipv6-prefix": [
		
	],
	"ipv6-prefix-assignment": [
		
	],
	"route": [
		
	],
	"dns-server": [
		
	],
	"dns-search": [
		
	],
	"neighbors": [
		
	],
	"inactive": {
		"ipv4-address": [
			
		],
		"ipv6-address": [
			
		],
		"route": [
			
		],
		"dns-server": [
			
		],
		"dns-search": [
			
		],
		"neighbors": [
			
		]
	},
	"data": {
		
	}
}
AOLBEYHNKW 0
root@LiMe-123456:~# echo 'GOBE''ZLQKNX'
GOBEZLQKNX
root@LiMe-123456:~# MARKER='NYKW''NZKQOS' run true
NYKWNZKQOSNYKWNZKQOS 0
root@LiMe-123456:~# echo 'VTBB''CWHAWZ'
VTBBCWHAWZ
root@LiMe-123456:~# MARKER='LYHS''VVUBHS' run 'source /etc/os-release; echo $BUI
LD_ID'
LYHSVVUBHSr29164-00da0d2bce
LYHSVVUBHS 0
root@LiMe-123456:~# echo 'WJPS''YQWOXK'
WJPSYQWOXK
root@LiMe-123456:~# MARKER='LMVA''MWLALL' run 'ls /etc/dropbear/dropbear_rsa_hos
t_key'
LMVAMWLALL[0;0m/etc/dropbear/dropbear_rsa_host_key[m
LMVAMWLALL 0
root@LiMe-123456:~# echo 'JBQK''NPKKNW'
JBQKNPKKNW
root@LiMe-123456:~# MARKER='YLCZ''TYCVYE' run 'netstat -tlpn | grep 0.0.0.0:22'
YLCZTYCVYEnetstat: showing only processes with your user ID
tcp        0      0 0.0.0.0:22              0.0.0.0:*               LISTEN      2117/dropbear
YLCZTYCVYE 0
root@LiMe-123456:~# echo 'VAHT''UQGXAA'
VAHTUQGXAA
root@LiMe-123456:~# MARKER='EPZF''QUKELT' run 'dmesg | grep br-lan | grep forwar
ding'
EPZFQUKELT[   41.266514] br-lan: port 1(eth0) entered forwarding state
[   45.120369] br-lan: port 2(bat0) entered forwarding state
EPZFQUKELT 0
root@LiMe-123456:~# echo 'WSEX''ACAXQC'
WSEXACAXQC
root@LiMe-123456:~# MARKER='CZOW''KKTUXB' run 'ubus call network.interface.lan s
tatus '"'"'{}'"'"''
CZOWKKTUXB{
	"up": true,
	"pending": false,
	"available": true,
	"autostart": true,
	"dynamic": false,
	"uptime": 8,
	"l3_device": "br-lan",
	"proto": "static",
	"device": "br-lan",
	"updated": [
		"addresses"
	],
	"metric": 0,
	"dns_metric": 0,
	"delegation": true,
	"ipv4-address": [
		{
			"address": "10.13.52.86",
			"mask": 16
		}
	],
	"ipv6-address": [
		{
			"address": "fd0d:fe46:8ce8::12:3456",
			"mask": 64
		}
	],
	"ipv6-prefix": [
		
	],
	"ipv6-prefix-assignment": [
		
	],
	"route": [
		
	],
	"dns-server": [
		
	],
	"dns-search": [
		
	],
	"neighbors": [
		
	],
	"inactive": {
		"ipv4-address": [
			
		],
		"ipv6-address": [
			
		],
		"route": [
			
		],
		"dns-server": [
			
		],
		"dns-search": [
			
		],
		"neighbors": [
			
		]
	},
	"data": {
		
	}
}
CZOWKKTUXB 0
root@