Labgrid Console Logfile for main
Logfile started at 2026-04-07 03:21:07.116042
=== Log starts here ===
c[?7l[2J[0mSeaBIOS (version 1.16.3-debian-1.16.3-2)


iPXE (https://ipxe.org) 00:03.0 CA00 PCI2.10 PnP PMM+06FCAE70+06F0AE70 CA00
Press Ctrl-B to configure iPXE (PCI 00:03.0)...                                                                               




iPXE (https://ipxe.org) 00:05.0 CB00 PCI2.10 PnP PMM 06FCAE70 06F0AE70 CB00
Press Ctrl-B to configure iPXE (PCI 00:05.0)...                                                                               


Booting from Hard Disk...
GRUB loading.....
[0;30;47mWelcome to GRUB![01;01H[0m[2J[H[J[1;1H[?25l[m[H[J[1;1H[2;30HGNU GRUB  version 2.12

[m[4;2H+----------------------------------------------------------------------------+[5;2H|[5;79H|[6;2H|[6;79H|[7;2H|[7;79H|[8;2H|[8;79H|[9;2H|[9;79H|[10;2H|[10;79H|[11;2H|[11;79H|[12;2H|[12;79H|[13;2H|[13;79H|[14;2H|[14;79H|[15;2H|[15;79H|[16;2H+----------------------------------------------------------------------------+[m[17;2H[18;2H[m     Use the ^ and v keys to select which entry is highlighted.          
      Press enter to boot the selected OS, `e' to edit the commands       
      before booting or `c' for a command-line. ESC to return             
      previous menu.                                                      [5;80H [7m[5;3H*OpenWrt                                                                    [m[5;78H[m[m[6;3H OpenWrt (failsafe)                                                         [m[6;78H[m[m[7;3H                                                                            [m[7;78H[m[m[8;3H                                                                            [m[8;78H[m[m[9;3H                                                                            [m[9;78H[m[m[10;3H                                                                            [m[10;78H[m[m[11;3H                                                                            [m[11;78H[m[m[12;3H                                                                            [m[12;78H[m[m[13;3H                                                                            [m[13;78H[m[m[14;3H                                                                            [m[14;78H[m[m[15;3H                                                                            [m[15;78H[m[15;80H [5;78H[2J[02;30HGNU GRUB  version 2.12[04;02H┌────────────────────────────────────────────────────────────────────────────┐[05;02H│[05;79H│[06;02H│[06;79H│[07;02H│[07;79H│[08;02H│[08;79H│[09;02H│[09;79H│[10;02H│[10;79H│[11;02H│[11;79H│[12;02H│[12;79H│[13;02H│[13;79H│[14;02H│[14;79H│[15;02H│[15;79H│[16;02H│[16;79H│[17;02H└────────────────────────────────────────────────────────────────────────────┘[19;02H     Use the ↑ and ↓ keys to select which ent[19;46H[19;47Hry is highlighted.          
      Press enter to boot the selected OS, `e' to edit the commands       
      before booting or `c' for a command-line. ESC to return             
      previous menu.                                                      [05;80H [05;03H[0;30;47m*OpenWrt                                                               [05;73H[05;74H     [06;03H[0m OpenWrt (failsafe)                                                         [07;03H                                                                            [08;03H  [08;04H[08;05H                                                                          [09;03H                                                                            [10;03H                                                                            [11;03H                                                                            [12;03H                                                                            [13;03H                                                                            [14;03H                            [14;30H[14;31H                                                [15;03H                                                                            [16;03H                                                                            [16;80H 






   The highlighted entry will be executed automatically in 5s.                [22;1H   The highlighted entry will be executed automatically in 5s.                 [5;78H [05;78H

















   The highlighted entry will be executed automatically in 4s.                [22;1H   The highlighted entry will be executed automatically in 4s.                 [5;78H [05;78H

















   The highlighted entry will be executed automatically in 3s.                [22;1H   The highlighted entry will be executed automatically in 3s.                 [5;78H [05;78H

















   The highlighted [23;19H[23;20Hentry will be executed automatically in 2s.                [22;1H   The highlighted entry will be executed automatically in 2s.                 [5;78H [05;78H

















   The highlighted entry will be executed automatically in 1s.                [22;1H   The highlighted entry will be executed automatically in 1s.                 [5;78H [05;78H

















   The highlighted entry will be executed automatically in 0s.                [22;1H   The highlighted entry will be executed automatically in 0s.                 [5;78H [01;01H[2J[?25h[H[J[1;1H[H[J[1;1H[2J   Booting `OpenWrt' Booting `OpenWrt

'

[    0.000000] Linux version 6.12.80 (builder@buildhost) (x86_64-openwrt-linux-musl-gcc (OpenWrt GCC 14.3.0 r33825-b580beb3fc) 14.3.0, GNU ld (GNU Binutils) 2.44) #0 SMP Mon Apr  6 23:31:04 2026
[    0.000000] Command line: BOOT_IMAGE=/boot/vmlinuz root=PARTUUID=83c3c858-02 rootwait console=tty1 console=ttyS0,115200n8 noinitrd
[    0.000000] BIOS-provided physical RAM map:
[    0.000000] BIOS-e820: [mem 0x0000000000000000-0x000000000009fbff] usable
[    0.000000] BIOS-e820: [mem 0x000000000009fc00-0x000000000009ffff] reserved
[    0.000000] BIOS-e820: [mem 0x00000000000f0000-0x00000000000fffff] reserved
[    0.000000] BIOS-e820: [mem 0x0000000000100000-0x0000000007fdcfff] usable
[    0.000000] BIOS-e820: [mem 0x0000000007fdd000-0x0000000007ffffff] reserved
[    0.000000] BIOS-e820: [mem 0x00000000fffc0000-0x00000000ffffffff] reserved
[    0.000000] BIOS-e820: [mem 0x000000fd00000000-0x000000ffffffffff] reserved
[    0.000000] NX (Execute Disable) protection: active
[    0.000000] APIC: Static calls initialized
[    0.000000] SMBIOS 3.0.0 present.
[    0.000000] DMI: QEMU Standard PC (i440FX + PIIX, 1996), BIOS 1.16.3-debian-1.16.3-2 04/01/2014
[    0.000000] DMI: Memory slots populated: 1/1
[    0.000000] tsc: Fast TSC calibration using PIT
[    0.000000] tsc: Detected 2445.391 MHz processor
[    0.007407] last_pfn = 0x7fdd max_arch_pfn = 0x400000000
[    0.008025] MTRR map: 4 entries (3 fixed + 1 variable; max 19), built from 8 variable MTRRs
[    0.008198] x86/PAT: Configuration [0-7]: WB  WC  UC- UC  WB  WP  UC- WT  
[    0.026311] found SMP MP-table at [mem 0x000f5460-0x000f546f]
[    0.027723] Using GB pages for direct mapping
[    0.032231] ACPI: Early table checksum verification disabled
[    0.032609] ACPI: RSDP 0x00000000000F5290 000014 (v00 BOCHS )
[    0.032915] ACPI: RSDT 0x0000000007FE1C64 000034 (v01 BOCHS  BXPC     00000001 BXPC 00000001)
[    0.033481] ACPI: FACP 0x0000000007FE1B18 000074 (v01 BOCHS  BXPC     00000001 BXPC 00000001)
[    0.034076] ACPI: DSDT 0x0000000007FE0040 001AD8 (v01 BOCHS  BXPC     00000001 BXPC 00000001)
[    0.034150] ACPI: FACS 0x0000000007FE0000 000040
[    0.034200] ACPI: APIC 0x0000000007FE1B8C 000078 (v03 BOCHS  BXPC     00000001 BXPC 00000001)
[    0.034222] ACPI: HPET 0x0000000007FE1C04 000038 (v01 BOCHS  BXPC     00000001 BXPC 00000001)
[    0.034241] ACPI: WAET 0x0000000007FE1C3C 000028 (v01 BOCHS  BXPC     00000001 BXPC 00000001)
[    0.034341] ACPI: Reserving FACP table memory at [mem 0x7fe1b18-0x7fe1b8b]
[    0.034398] ACPI: Reserving DSDT table memory at [mem 0x7fe0040-0x7fe1b17]
[    0.034404] ACPI: Reserving FACS table memory at [mem 0x7fe0000-0x7fe003f]
[    0.034409] ACPI: Reserving APIC table memory at [mem 0x7fe1b8c-0x7fe1c03]
[    0.034415] ACPI: Reserving HPET table memory at [mem 0x7fe1c04-0x7fe1c3b]
[    0.034420] ACPI: Reserving WAET table memory at [mem 0x7fe1c3c-0x7fe1c63]
[    0.037463] Zone ranges:
[    0.037492]   DMA      [mem 0x0000000000001000-0x0000000000ffffff]
[    0.037585]   DMA32    [mem 0x0000000001000000-0x0000000007fdcfff]
[    0.037614]   Normal   empty
[    0.037639] Movable zone start for each node
[    0.037675] Early memory node ranges
[    0.037703]   node   0: [mem 0x0000000000001000-0x000000000009efff]
[    0.037759]   node   0: [mem 0x0000000000100000-0x0000000007fdcfff]
[    0.037880] Initmem setup node 0 [mem 0x0000000000001000-0x0000000007fdcfff]
[    0.038943] On node 0, zone DMA: 1 pages in unavailable ranges
[    0.039458] On node 0, zone DMA: 97 pages in unavailable ranges
[    0.041596] On node 0, zone DMA32: 35 pages in unavailable ranges
[    0.041947] ACPI: PM-Timer IO Port: 0x608
[    0.042380] ACPI: LAPIC_NMI (acpi_id[0xff] dfl dfl lint[0x1])
[    0.042790] IOAPIC[0]: apic_id 0, version 32, address 0xfec00000, GSI 0-23
[    0.042906] ACPI: INT_SRC_OVR (bus 0 bus_irq 0 global_irq 2 dfl dfl)
[    0.043157] ACPI: INT_SRC_OVR (bus 0 bus_irq 5 global_irq 5 high level)
[    0.043207] ACPI: INT_SRC_OVR (bus 0 bus_irq 9 global_irq 9 high level)
[    0.043323] ACPI: INT_SRC_OVR (bus 0 bus_irq 10 global_irq 10 high level)
[    0.043333] ACPI: INT_SRC_OVR (bus 0 bus_irq 11 global_irq 11 high level)
[    0.043513] ACPI: Using ACPI (MADT) for SMP configuration information
[    0.043558] ACPI: HPET id: 0x8086a201 base: 0xfed00000
[    0.043961] CPU topo: Max. logical packages:   1
[    0.043977] CPU topo: Max. logical dies:       1
[    0.043987] CPU topo: Max. dies per package:   1
[    0.044031] CPU topo: Max. threads per core:   1
[    0.044183] CPU topo: Num. cores per package:     1
[    0.044198] CPU topo: Num. threads per package:   1
[    0.044206] CPU topo: Allowing 1 present CPUs plus 0 hotplug CPUs
[    0.045409] [mem 0x08000000-0xfffbffff] available for PCI devices
[    0.045480] Booting paravirtualized kernel on bare hardware
[    0.045777] clocksource: refined-jiffies: mask: 0xffffffff max_cycles: 0xffffffff, max_idle_ns: 19112604462750000 ns
[    0.046476] setup_percpu: NR_CPUS:512 nr_cpumask_bits:1 nr_cpu_ids:1 nr_node_ids:1
[    0.048543] percpu: Embedded 50 pages/cpu s167000 r8192 d29608 u2097152
[    0.050871] Kernel command line: BOOT_IMAGE=/boot/vmlinuz root=PARTUUID=83c3c858-02 rootwait console=tty1 console=ttyS0,115200n8 noinitrd
[    0.052524] random: crng init done
[    0.057330] Dentry cache hash table entries: 16384 (order: 5, 131072 bytes, linear)
[    0.058331] Inode-cache hash table entries: 8192 (order: 4, 65536 bytes, linear)
[    0.061057] Built 1 zonelists, mobility grouping on.  Total pages: 32635
[    0.061307] mem auto-init: stack:off, heap alloc:off, heap free:off
[    0.071314] SLUB: HWalign=64, Order=0-3, MinObjects=0, CPUs=1, Nodes=1
[    0.079506] rcu: Hierarchical RCU implementation.
[    0.079535] rcu: 	RCU restricting CPUs from NR_CPUS=512 to nr_cpu_ids=1.
[    0.079684] 	Tracing variant of Tasks RCU enabled.
[    0.079779] rcu: RCU calculated value of scheduler-enlistment delay is 10 jiffies.
[    0.079811] rcu: Adjusting geometry for rcu_fanout_leaf=16, nr_cpu_ids=1
[    0.080972] RCU Tasks Trace: Setting shift to 0 and lim to 1 rcu_task_cb_adjust=1 rcu_task_cpu_ids=1.
[    0.081104] NR_IRQS: 33024, nr_irqs: 256, preallocated irqs: 16
[    0.090040] rcu: srcu_init: Setting srcu_struct sizes based on contention.
[    0.097087] Console: colour VGA+ 80x25
[    0.097523] printk: legacy console [tty1] enabled
[    0.105538] printk: legacy console [ttyS0] enabled
[    0.356323] ACPI: Core revision 20240827
[    0.361747] clocksource: hpet: mask: 0xffffffff max_cycles: 0xffffffff, max_idle_ns: 19112604467 ns
[    0.366541] APIC: Switch to symmetric I/O mode setup
[    0.371187] ..TIMER: vector=0x30 apic1=0 pin1=2 apic2=-1 pin2=-1
[    0.413541] clocksource: tsc-early: mask: 0xffffffffffffffff max_cycles: 0x233fb6a9909, max_idle_ns: 440795267162 ns
[    0.414150] Calibrating delay loop (skipped), value calculated using timer frequency.. 4890.78 BogoMIPS (lpj=24453910)
[    0.415968] x86/cpu: User Mode Instruction Prevention (UMIP) activated
[    0.431562] Last level iTLB entries: 4KB 0, 2MB 0, 4MB 0
[    0.434263] Last level dTLB entries: 4KB 0, 2MB 0, 4MB 0, 1GB 0
[    0.435364] Spectre V1 : Mitigation: usercopy/swapgs barriers and __user pointer sanitization
[    0.436568] Spectre V2 : Mitigation: Retpolines
[    0.436794] Spectre V2 : Spectre v2 / SpectreRSB: Filling RSB on context switch and VMEXIT
[    0.437235] Speculative Store Bypass: Vulnerable
[    0.446257] x86/fpu: Supporting XSAVE feature 0x001: 'x87 floating point registers'
[    0.450924] x86/fpu: Supporting XSAVE feature 0x002: 'SSE registers'
[    0.451185] x86/fpu: Supporting XSAVE feature 0x004: 'AVX registers'
[    0.451429] x86/fpu: Supporting XSAVE feature 0x008: 'MPX bounds registers'
[    0.455161] x86/fpu: Supporting XSAVE feature 0x010: 'MPX CSR'
[    0.455593] x86/fpu: xstate_offset[2]:  576, xstate_sizes[2]:  256
[    0.455938] x86/fpu: xstate_offset[3]:  960, xstate_sizes[3]:   64
[    0.456157] x86/fpu: xstate_offset[4]: 1024, xstate_sizes[4]:   64
[    0.464085] x86/fpu: Enabled xstate features 0x1f, context size is 1088 bytes, using 'standard' format.
[    0.685479] Freeing SMP alternatives memory: 40K
[    0.686186] pid_max: default: 32768 minimum: 301
[    0.695334] Mount-cache hash table entries: 512 (order: 0, 4096 bytes, linear)
[    0.695708] Mountpoint-cache hash table entries: 512 (order: 0, 4096 bytes, linear)
[    0.847408] smpboot: CPU0: AMD QEMU TCG CPU version 2.5+ (family: 0x6, model: 0x6, stepping: 0x3)
[    0.880549] Performance Events: PMU not available due to virtualization, using software events only.
[    0.882045] signal: max sigframe size: 1616
[    0.883779] rcu: Hierarchical SRCU implementation.
[    0.884095] rcu: 	Max phase no-delay instances is 1000.
[    0.888973] smp: Bringing up secondary CPUs ...
[    0.893344] smp: Brought up 1 node, 1 CPU
[    0.893629] smpboot: Total of 1 processors activated (4890.78 BogoMIPS)
[    0.901287] Memory: 103200K/130540K available (14336K kernel code, 1167K rwdata, 3984K rodata, 1496K init, 1312K bss, 25628K reserved, 0K cma-reserved)
[    0.914956] clocksource: jiffies: mask: 0xffffffff max_cycles: 0xffffffff, max_idle_ns: 19112604462750000 ns
[    0.915809] futex hash table entries: 256 (order: 2, 16384 bytes, linear)
[    0.917043] pinctrl core: initialized pinctrl subsystem
[    0.936414] NET: Registered PF_NETLINK/PF_ROUTE protocol family
[    0.942478] thermal_sys: Registered thermal governor 'step_wise'
[    0.942515] thermal_sys: Registered thermal governor 'user_space'
[    0.943505] cpuidle: using governor ladder
[    0.944089] cpuidle: using governor menu
[    0.948440] acpiphp: ACPI Hot Plug PCI Controller Driver version: 0.5
[    0.951134] PCI: Using configuration type 1 for base access
[    0.960379] cryptd: max_cpu_qlen set to 1000
[    0.966300] ACPI: Added _OSI(Module Device)
[    0.966494] ACPI: Added _OSI(Processor Device)
[    0.966661] ACPI: Added _OSI(Processor Aggregator Device)
[    0.980930] ACPI: 1 ACPI AML tables successfully acquired and loaded
[    0.997768] ACPI: Interpreter enabled
[    0.998592] ACPI: PM: (supports S0 S5)
[    0.998793] ACPI: Using IOAPIC for interrupt routing
[    0.999349] PCI: Using host bridge windows from ACPI; if necessary, use "pci=nocrs" and report a bug
[    0.999703] PCI: Using E820 reservations for host bridge windows
[    1.005904] ACPI: Enabled 2 GPEs in block 00 to 0F
[    1.042337] ACPI: PCI Root Bridge [PCI0] (domain 0000 [bus 00-ff])
[    1.043225] acpi PNP0A03:00: _OSC: OS supports [ASPM ClockPM Segments MSI HPX-Type3]
[    1.043662] acpi PNP0A03:00: _OSC: not requesting OS control; OS requires [ExtendedConfig ASPM ClockPM MSI]
[    1.044598] acpi PNP0A03:00: fail to add MMCONFIG information, can't access extended configuration space under this bridge
[    1.057697] acpiphp: Slot [3] registered
[    1.058034] acpiphp: Slot [4] registered
[    1.058295] acpiphp: Slot [5] registered
[    1.058544] acpiphp: Slot [6] registered
[    1.064288] acpiphp: Slot [7] registered
[    1.066008] acpiphp: Slot [8] registered
[    1.066266] acpiphp: Slot [9] registered
[    1.066513] acpiphp: Slot [10] registered
[    1.066766] acpiphp: Slot [11] registered
[    1.067031] acpiphp: Slot [12] registered
[    1.074400] acpiphp: Slot [13] registered
[    1.074816] acpiphp: Slot [14] registered
[    1.075180] acpiphp: Slot [15] registered
[    1.075435] acpiphp: Slot [16] registered
[    1.075680] acpiphp: Slot [17] registered
[    1.075930] acpiphp: Slot [18] registered
[    1.076214] acpiphp: Slot [19] registered
[    1.084376] acpiphp: Slot [20] registered
[    1.084798] acpiphp: Slot [21] registered
[    1.085118] acpiphp: Slot [22] registered
[    1.085370] acpiphp: Slot [23] registered
[    1.085617] acpiphp: Slot [24] registered
[    1.085894] acpiphp: Slot [25] registered
[    1.094470] acpiphp: Slot [26] registered
[    1.094876] acpiphp: Slot [27] registered
[    1.095194] acpiphp: Slot [28] registered
[    1.095483] acpiphp: Slot [29] registered
[    1.095748] acpiphp: Slot [30] registered
[    1.095998] acpiphp: Slot [31] registered
[    1.104625] PCI host bridge to bus 0000:00
[    1.105203] pci_bus 0000:00: root bus resource [io  0x0000-0x0cf7 window]
[    1.105568] pci_bus 0000:00: root bus resource [io  0x0d00-0xffff window]
[    1.105802] pci_bus 0000:00: root bus resource [mem 0x000a0000-0x000bffff window]
[    1.114271] pci_bus 0000:00: root bus resource [mem 0x08000000-0xfebfffff window]
[    1.114670] pci_bus 0000:00: root bus resource [mem 0x100000000-0x17fffffff window]
[    1.115138] pci_bus 0000:00: root bus resource [bus 00-ff]
[    1.116517] pci 0000:00:00.0: [8086:1237] type 00 class 0x060000 conventional PCI endpoint
[    1.135407] pci 0000:00:01.0: [8086:7000] type 00 class 0x060100 conventional PCI endpoint
[    1.136345] pci 0000:00:01.1: [8086:7010] type 00 class 0x010180 conventional PCI endpoint
[    1.139133] pci 0000:00:01.1: BAR 4 [io  0xc0e0-0xc0ef]
[    1.143539] pci 0000:00:01.1: BAR 0 [io  0x01f0-0x01f7]: legacy IDE quirk
[    1.143817] pci 0000:00:01.1: BAR 1 [io  0x03f6]: legacy IDE quirk
[    1.144103] pci 0000:00:01.1: BAR 2 [io  0x0170-0x0177]: legacy IDE quirk
[    1.144362] pci 0000:00:01.1: BAR 3 [io  0x0376]: legacy IDE quirk
[    1.154356] pci 0000:00:01.3: [8086:7113] type 00 class 0x068000 conventional PCI endpoint
[    1.154990] pci 0000:00:01.3: quirk: [io  0x0600-0x063f] claimed by PIIX4 ACPI
[    1.155323] pci 0000:00:01.3: quirk: [io  0x0700-0x070f] claimed by PIIX4 SMB
[    1.164826] pci 0000:00:02.0: [1234:1111] type 00 class 0x030000 conventional PCI endpoint
[    1.165608] pci 0000:00:02.0: BAR 0 [mem 0xfd000000-0xfdffffff pref]
[    1.167200] pci 0000:00:02.0: BAR 2 [mem 0xfeb90000-0xfeb90fff]
[    1.169861] pci 0000:00:02.0: ROM [mem 0xfeb80000-0xfeb8ffff pref]
[    1.174468] pci 0000:00:02.0: Video device with shadowed ROM at [mem 0x000c0000-0x000dffff]
[    1.175466] pci 0000:00:03.0: [1af4:1000] type 00 class 0x020000 conventional PCI endpoint
[    1.176776] pci 0000:00:03.0: BAR 0 [io  0xc080-0xc09f]
[    1.186100] pci 0000:00:03.0: BAR 4 [mem 0xfe000000-0xfe003fff 64bit pref]
[    1.187484] pci 0000:00:03.0: ROM [mem 0xfea80000-0xfeafffff pref]
[    1.194850] pci 0000:00:04.0: [1af4:1005] type 00 class 0x00ff00 conventional PCI endpoint
[    1.195816] pci 0000:00:04.0: BAR 0 [io  0xc0a0-0xc0bf]
[    1.198233] pci 0000:00:04.0: BAR 1 [mem 0xfeb91000-0xfeb91fff]
[    1.201095] pci 0000:00:04.0: BAR 4 [mem 0xfe004000-0xfe007fff 64bit pref]
[    1.205538] pci 0000:00:05.0: [1af4:1000] type 00 class 0x020000 conventional PCI endpoint
[    1.209155] pci 0000:00:05.0: BAR 0 [io  0xc0c0-0xc0df]
[    1.210606] pci 0000:00:05.0: BAR 1 [mem 0xfeb92000-0xfeb92fff]
[    1.213005] pci 0000:00:05.0: BAR 4 [mem 0xfe008000-0xfe00bfff 64bit pref]
[    1.213805] pci 0000:00:05.0: ROM [mem 0xfeb00000-0xfeb7ffff pref]
[    1.217753] pci 0000:00:06.0: [1af4:1001] type 00 class 0x010000 conventional PCI endpoint
[    1.219010] pci 0000:00:06.0: BAR 0 [io  0xc000-0xc07f]
[    1.224692] pci 0000:00:06.0: BAR 1 [mem 0xfeb93000-0xfeb93fff]
[    1.226454] pci 0000:00:06.0: BAR 4 [mem 0xfe00c000-0xfe00ffff 64bit pref]
[    1.238566] ACPI: PCI: Interrupt link LNKA configured for IRQ 10
[    1.239430] ACPI: PCI: Interrupt link LNKB configured for IRQ 10
[    1.240060] ACPI: PCI: Interrupt link LNKC configured for IRQ 11
[    1.240673] ACPI: PCI: Interrupt link LNKD configured for IRQ 11
[    1.242053] ACPI: PCI: Interrupt link LNKS configured for IRQ 9
[    1.245496] iommu: Default domain type: Translated
[    1.245715] iommu: DMA domain TLB invalidation policy: lazy mode
[    1.248400] SCSI subsystem initialized
[    1.249438] ACPI: bus type USB registered
[    1.253381] usbcore: registered new interface driver usbfs
[    1.253911] usbcore: registered new interface driver hub
[    1.254220] usbcore: registered new device driver usb
[    1.254759] pps_core: LinuxPPS API ver. 1 registered
[    1.254998] pps_core: Software ver. 5.3.6 - Copyright 2005-2007 Rodolfo Giometti <giometti@linux.it>
[    1.264074] PTP clock support registered
[    1.275324] PCI: Using ACPI for IRQ routing
[    1.277527] hpet0: at MMIO 0xfed00000, IRQs 2, 8, 0
[    1.277801] hpet0: 3 comparators, 64-bit 100.000000 MHz counter
[    1.282624] clocksource: Switched to clocksource tsc-early
[    1.282624] pnp: PnP ACPI init
[    1.282624] pnp: PnP ACPI: found 6 devices
[    1.295198] clocksource: acpi_pm: mask: 0xffffff max_cycles: 0xffffff, max_idle_ns: 2085701024 ns
[    1.296826] NET: Registered PF_INET protocol family
[    1.298149] IP idents hash table entries: 2048 (order: 2, 16384 bytes, linear)
[    1.303564] tcp_listen_portaddr_hash hash table entries: 256 (order: 0, 4096 bytes, linear)
[    1.306041] Table-perturb hash table entries: 65536 (order: 6, 262144 bytes, linear)
[    1.306414] TCP established hash table entries: 1024 (order: 1, 8192 bytes, linear)
[    1.306847] TCP bind hash table entries: 1024 (order: 3, 32768 bytes, linear)
[    1.316867] TCP: Hash tables configured (established 1024 bind 1024)
[    1.318696] MPTCP token hash table entries: 256 (order: 1, 6144 bytes, linear)
[    1.319225] UDP hash table entries: 256 (order: 1, 8192 bytes, linear)
[    1.319648] UDP-Lite hash table entries: 256 (order: 1, 8192 bytes, linear)
[    1.329191] NET: Registered PF_UNIX/PF_LOCAL protocol family
[    1.330360] pci_bus 0000:00: resource 4 [io  0x0000-0x0cf7 window]
[    1.330594] pci_bus 0000:00: resource 5 [io  0x0d00-0xffff window]
[    1.330807] pci_bus 0000:00: resource 6 [mem 0x000a0000-0x000bffff window]
[    1.338809] pci_bus 0000:00: resource 7 [mem 0x08000000-0xfebfffff window]
[    1.339150] pci_bus 0000:00: resource 8 [mem 0x100000000-0x17fffffff window]
[    1.339822] pci 0000:00:01.0: PIIX3: Enabling Passive Release
[    1.340147] pci 0000:00:00.0: Limiting direct PCI/PCI transfers
[    1.350078] PCI: CLS 0 bytes, default 64
[    1.369612] workingset: timestamp_bits=46 max_order=15 bucket_order=0
[    1.372050] squashfs: version 4.0 (2009/01/31) Phillip Lougher
[    1.374899] Block layer SCSI generic (bsg) driver version 0.4 loaded (major 247)
[    1.378605] hv_vmbus: registering driver hyperv_fb
[    1.383308] input: Power Button as /devices/LNXSYSTM:00/LNXPWRBN:00/input/input0
[    1.392107] ACPI: button: Power Button [PWRF]
[    1.551438] ACPI: \_SB_.LNKC: Enabled at IRQ 11
[    1.703944] ACPI: \_SB_.LNKD: Enabled at IRQ 10
[    1.854062] ACPI: \_SB_.LNKA: Enabled at IRQ 10
[    2.003139] ACPI: \_SB_.LNKB: Enabled at IRQ 11
[    2.004824] Serial: 8250/16550 driver, 16 ports, IRQ sharing enabled
[    2.029629] 00:04: ttyS0 at I/O 0x3f8 (irq = 4, base_baud = 115200) is a 16550A
[    2.055259] Non-volatile memory driver v1.3
[    2.065889] Linux agpgart interface v0.103
[    2.066867] ACPI: bus type drm_connector registered
[    2.069594] [drm] Found bochs VGA, ID 0xb0c5.
[    2.069799] [drm] Framebuffer size 16384 kB @ 0xfd000000, mmio @ 0xfeb90000.
[    2.075638] [drm] Found EDID data blob.
[    2.081269] [drm] Initialized bochs-drm 1.0.0 for 0000:00:02.0 on minor 0
[    2.149446] Console: switching to colour frame buffer device 160x50
[    2.158577] bochs-drm 0000:00:02.0: [drm] fb0: bochs-drmdrmfb frame buffer device
[    2.193398] loop: module loaded
[    2.194280] virtio_blk virtio3: 1/0/0 default/read/poll queues
[    2.198806] virtio_blk virtio3: [vda] 246784 512-byte logical blocks (126 MB/121 MiB)
[    2.208048]  vda: vda1 vda2
[    2.210048] Guest personality initialized and is inactive
[    2.210646] VMCI host device registered (name=vmci, major=10, minor=256)
[    2.210955] Initialized host personality
[    2.211315] usbcore: registered new interface driver rtsx_usb
[    2.219812] VMware PVSCSI driver - version 1.0.7.0-k
[    2.220175] hv_vmbus: registering driver hv_storvsc
[    2.235980] scsi host0: ata_piix
[    2.238530] scsi host1: ata_piix
[    2.239371] ata1: PATA max MWDMA2 cmd 0x1f0 ctl 0x3f6 bmdma 0xc0e0 irq 14 lpm-pol 0
[    2.239676] ata2: PATA max MWDMA2 cmd 0x170 ctl 0x376 bmdma 0xc0e8 irq 15 lpm-pol 0
[    2.248605] VMware vmxnet3 virtual NIC driver - version 1.9.0.0-k-NAPI
[    2.249180] hv_vmbus: registering driver hv_netvsc
[    2.249572] Fusion MPT base driver 3.04.20
[    2.249738] Copyright (c) 1999-2008 LSI Corporation
[    2.250128] Fusion MPT SPI Host driver 3.04.20
[    2.259482] Fusion MPT SAS Host driver 3.04.20
[    2.261753] usbcore: registered new interface driver usb-storage
[    2.263028] i8042: PNP: PS/2 Controller [PNP0303:KBD,PNP0f13:MOU] at 0x60,0x64 irq 1,12
[    2.266370] serio: i8042 KBD port at 0x60,0x64 irq 1
[    2.266745] serio: i8042 AUX port at 0x60,0x64 irq 12
[    2.273583] hv_vmbus: registering driver hyperv_keyboard
[    2.275972] rtc_cmos 00:05: RTC can wake from S4
[    2.280961] rtc_cmos 00:05: registered as rtc0
[    2.283805] rtc_cmos 00:05: setting system clock to 2026-04-07T03:21:19 UTC (1775532079)
[    2.286253] rtc_cmos 00:05: alarms up to one day, y3k, 242 bytes nvram, hpet irqs
[    2.288875] intel_powerclamp: CPU does not support MWAIT
[    2.291158] amd_pstate: the _CPC object is not present in SBIOS or ACPI disabled
[    2.297420] sdhci: Secure Digital Host Controller Interface driver
[    2.299356] sdhci: Copyright(c) Pierre Ossman
[    2.301708] VUB300 Driver rom wait states = 1C irqpoll timeout = 0400
[    2.308320] input: AT Translated Set 2 keyboard as /devices/platform/i8042/serio0/input/input1
[    2.330971] usbcore: registered new interface driver vub300
[    2.333151] usbcore: registered new interface driver ushc
[    2.340854] hid: raw HID events driver (C) Jiri Kosina
[    2.343656] hv_vmbus: registering driver hid_hyperv
[    2.346357] usbcore: registered new interface driver usbhid
[    2.348338] usbhid: USB HID core driver
[    2.350408] hv_utils: Registering HyperV Utility Driver
[    2.352444] hv_vmbus: registering driver hv_utils
[    2.354793] hv_vmbus: registering driver hv_balloon
[    2.358290] NET: Registered PF_INET6 protocol family
[    2.372830] Segment Routing with IPv6
[    2.375085] In-situ OAM (IOAM) with IPv6
[    2.377461] NET: Registered PF_PACKET protocol family
[    2.379879] bridge: filtering via arp/ip/ip6tables is no longer available by default. Update your scripts to load br_netfilter if you need this.
[    2.389308] 8021q: 802.1Q VLAN Support v1.8
[    2.391800] NET: Registered PF_VSOCK protocol family
[    2.400735] IPI shorthand broadcast: enabled
[    2.407465] AES CTR mode by8 optimization enabled
[    2.428614] sched_clock: Marking stable (2160053589, 263450272)->(2433845890, -10342029)
[    2.457203] tsc: Refined TSC clocksource calibration: 2445.408 MHz
[    2.459519] clocksource: tsc: mask: 0xffffffffffffffff max_cycles: 0x233fc6bd520, max_idle_ns: 440795230742 ns
[    2.474040] ata2: found unknown device (class 0)
[    2.514258] clocksource: Switched to clocksource tsc
[    2.523342] ata2.00: ATAPI: QEMU DVD-ROM, 2.5+, max UDMA/100
[    2.541171] scsi 1:0:0:0: CD-ROM            QEMU     QEMU DVD-ROM     2.5+ PQ: 0 ANSI: 5
[    2.552006] clk: Disabling unused clocks
[    2.595676] sr 1:0:0:0: [sr0] scsi3-mmc drive: 4x/4x cd/rw xa/form2 tray
[    2.598287] cdrom: Uniform CD-ROM driver Revision: 3.20
[    2.655218] VFS: Mounted root (squashfs filesystem) readonly on device 254:2.
[    2.727644] Freeing unused kernel image (initmem) memory: 1496K
[    2.730023] Write protecting the kernel read-only data: 18432k
[    2.733084] Freeing unused kernel image (rodata/data gap) memory: 112K
[    2.735708] Run /sbin/init as init process
[    3.010400] init: Console is alive
[    3.737914] kmodloader: loading kernel modules from /etc/modules-boot.d/*
[    3.818168] button_hotplug: loading out-of-tree module taints kernel.
[    3.825069] Button Hotplug driver version 0.4.1
[    3.844948] Intel(R) 2.5G Ethernet Linux Driver
[    3.847258] Copyright(c) 2018 Intel Corporation.
[    3.862518] igb: Intel(R) Gigabit Ethernet Network Driver
[    3.865004] igb: Copyright (c) 2007-2014 Intel Corporation.
[    3.880945] e1000e: Intel(R) PRO/1000 Network Driver
[    3.883383] e1000e: Copyright(c) 1999 - 2015 Intel Corporation.
[    3.897016] kmodloader: done loading kernel modules from /etc/modules-boot.d/*
[    3.916635] init: - preinit -
[    4.911265] 8021q: adding VLAN 0 to HW filter on device eth0
Press the [f] key and hit [enter] to enter failsafe mode
Press the [1], [2], [3] or [4] key and hit [enter] to select the debug level

[    9.537190] loop0: detected capacity change from 0 to 212992
[    9.594076] loop0: detected capacity change from 212992 to 199680
[    9.607120] mount_root: overlay filesystem in /dev/loop0 has not been formatted yet
[    9.959599] EXT4-fs (loop0): mounted filesystem 9adef476-f8d8-4fdd-91b6-f91003bcbbb6 r/w with ordered data mode. Quota mode: disabled.
[    9.973087] mount_root: overlay filesystem has not been fully initialized yet
[    9.990623] mount_root: switching to ext4 overlay
[   10.011482] overlayfs: null uuid detected in lower fs '/', falling back to xino=off,index=off,nfs_export=off.
[   10.737078] EXT4-fs (vda1): mounted filesystem 84173db5-fa99-e35a-95c6-28613cc79ea9 r/w without journal. Quota mode: disabled.
[   10.760587] urandom-seed: Seed file not found (/etc/urandom.seed)
[   10.907898] procd: - early -
[   11.653873] procd: - ubus -
[   11.834552] procd: - init -
Please press Enter to activate this console.
root
login[1050]: root login on 'ttyS0'


BusyBox v1.37.0 (2026-04-05 23:38:41 UTC) built-in shell (ash)

  _______                     ________        __
 |       |.-----.-----.-----.|  |  |  |.----.|  |_
 |   -   ||  _  |  -__|     ||  |  |  ||   _||   _|
 |_______||   __|_____|__|__||________||__|  |____|
          |__| W I R E L E S S   F R E E D O M
 -----------------------------------------------------
 OpenWrt SNAPSHOT, r33825-b580beb3fc
 -----------------------------------------------------

 === WARNING! =====================================
 There is no root password defined on this device!
 Use the "passwd" command to set up a new password
 in order to prevent unauthorized SSH logins.
 --------------------------------------------------

  ___   __ __                _______             __
 |   |_|__|  |--.----.-----.|   |   |-----.-----|  |--.
 |     |  |  _  |   _|  -__||       |  -__|__ --|     |
 |_____|__|_____|__| |_____||__|_|__|_____|_____|__|__|

 ------------------------------------------------------
 LiMe master development (master rev. 26e46a7 20260402_1111)
 ------------------------------------------------------
 https://libremesh.org
 ------------------------------------------------------
root@(none):~# dmesg -n 1
root@(none):~# echo 'OLJF''WQPHOO'
OLJFWQPHOO
root@LiMe-123456:~# run() { echo -n "$MARKER"; sh -c "$@"; echo "$MARKER $?"; }
root@LiMe-123456:~# echo 'JAGS''MNOUUB'
JAGSMNOUUB
root@LiMe-123456:~# MARKER='YAOF''VLKVMS' run 'ubus wait_for network.interface.l
an'
YAOFVLKVMSYAOFVLKVMS 0
root@LiMe-123456:~# echo 'HGXX''JUOTOW'
HGXXJUOTOW
root@LiMe-123456:~# MARKER='KNPT''UAKOST' run 'ubus call network.interface.lan s
tatus '"'"'{}'"'"''
KNPTUAKOST{
	"up": true,
	"pending": false,
	"available": true,
	"autostart": true,
	"dynamic": false,
	"uptime": 1,
	"l3_device": "br-lan",
	"proto": "static",
	"device": "br-lan",
	"updated": [
		"addresses"
	],
	"metric": 0,
	"dns_metric": 0,
	"delegation": true,
	"ipv4-address": [
		{
			"address": "10.13.52.86",
			"mask": 16
		}
	],
	"ipv6-address": [
		{
			"address": "fd0d:fe46:8ce8::12:3456",
			"mask": 64
		}
	],
	"ipv6-prefix": [
		
	],
	"ipv6-prefix-assignment": [
		
	],
	"route": [
		
	],
	"dns-server": [
		
	],
	"dns-search": [
		
	],
	"neighbors": [
		
	],
	"inactive": {
		"ipv4-address": [
			
		],
		"ipv6-address": [
			
		],
		"route": [
			
		],
		"dns-server": [
			
		],
		"dns-search": [
			
		],
		"neighbors": [
			
		]
	},
	"data": {
		
	}
}
KNPTUAKOST 0
root@LiMe-123456:~# echo 'WVUZ''AOBWZY'
WVUZAOBWZY
root@LiMe-123456:~# MARKER='OGLK''ZUWEWU' run true
OGLKZUWEWUOGLKZUWEWU 0
root@LiMe-123456:~# echo 'PJAT''MGACWK'
PJATMGACWK
root@LiMe-123456:~# MARKER='WPHW''TYNXSX' run 'source /etc/os-release; echo $BUI
LD_ID'
WPHWTYNXSXr33825-b580beb3fc
WPHWTYNXSX 0
root@LiMe-123456:~# echo 'FXZO''JVQBFF'
FXZOJVQBFF
root@LiMe-123456:~# MARKER='GOAK''OWCTXS' run 'ls /etc/dropbear/dropbear_rsa_hos
t_key'
GOAKOWCTXS[0;0m/etc/dropbear/dropbear_rsa_host_key[m
GOAKOWCTXS 0
root@LiMe-123456:~# echo 'CUFA''NABXNW'
CUFANABXNW
root@LiMe-123456:~# MARKER='OPJP''XJOPCG' run 'netstat -tlpn | grep 0.0.0.0:22'
OPJPXJOPCGnetstat: showing only processes with your user ID
tcp        0      0 0.0.0.0:22              0.0.0.0:*               LISTEN      2149/dropbear
OPJPXJOPCG 0
root@LiMe-123456:~# echo 'ZZNX''ZSTGUE'
ZZNXZSTGUE
root@LiMe-123456:~# MARKER='HBVJ''XNGHCF' run 'dmesg | grep br-lan | grep forwar
ding'
HBVJXNGHCF[   52.026459] br-lan: port 1(eth0) entered forwarding state
[   54.969083] br-lan: port 2(bat0) entered forwarding state
HBVJXNGHCF 0
root@LiMe-123456:~# echo 'KCZW''PLCNSV'
KCZWPLCNSV
root@LiMe-123456:~# MARKER='VATX''TQHNSV' run 'ubus call network.interface.lan s
tatus '"'"'{}'"'"''
VATXTQHNSV{
	"up": true,
	"pending": false,
	"available": true,
	"autostart": true,
	"dynamic": false,
	"uptime": 40,
	"l3_device": "br-lan",
	"proto": "static",
	"device": "br-lan",
	"updated": [
		"addresses"
	],
	"metric": 0,
	"dns_metric": 0,
	"delegation": true,
	"ipv4-address": [
		{
			"address": "10.13.52.86",
			"mask": 16
		}
	],
	"ipv6-address": [
		{
			"address": "fd0d:fe46:8ce8::12:3456",
			"mask": 64
		}
	],
	"ipv6-prefix": [
		
	],
	"ipv6-prefix-assignment": [
		
	],
	"route": [
		
	],
	"dns-server": [
		
	],
	"dns-search": [
		
	],
	"neighbors": [
		
	],
	"inactive": {
		"ipv4-address": [
			
		],
		"ipv6-address": [
			
		],
		"route": [
			
		],
		"dns-server": [
			
		],
		"dns-search": [
			
		],
		"neighbors": [
			
		]
	},
	"data": {
		
	}
}
VATXTQHNSV 0
root@LiMe-1234