Labgrid Console Logfile for main
Logfile started at 2026-02-04 01:27:19.489595
=== Log starts here ===
[    0.000000] Linux version 6.12.68 (builder@buildhost) (mips-openwrt-linux-musl-gcc (OpenWrt GCC 14.3.0 r32927-eb0a1a3a89) 14.3.0, GNU ld (GNU Binutils) 2.44) #0 SMP Tue Feb  3 17:25:10 2026
[    0.000000] earlycon: uart8250 at I/O port 0x3f8 (options '38400n8')
[    0.000000] printk: legacy bootconsole [uart8250] enabled
[    0.000000] Config serial console: console=ttyS0,38400n8r
[    0.000000] CPU0 revision is: 00019300 (MIPS 24Kc)
[    0.000000] MIPS: machine is mti,malta
[    0.000000] Software DMA cache coherency enabled
[    0.000000] Initrd not found or empty - disabling initrd
[    0.000000] OF: reserved mem: Reserved memory: No reserved-memory node in the DT
[    0.000000] Primary instruction cache 2kB, VIPT, 2-way, linesize 16 bytes.
[    0.000000] Primary data cache 2kB, 2-way, VIPT, no aliases, linesize 16 bytes
[    0.000000] Zone ranges:
[    0.000000]   DMA      [mem 0x0000000000000000-0x0000000000ffffff]
[    0.000000]   Normal   [mem 0x0000000001000000-0x0000000007ffefff]
[    0.000000]   HighMem  empty
[    0.000000] Movable zone start for each node
[    0.000000] Early memory node ranges
[    0.000000]   node   0: [mem 0x0000000000000000-0x0000000007ffefff]
[    0.000000] Initmem setup node 0 [mem 0x0000000000000000-0x0000000007ffefff]
[    0.000000] random: crng init done
[    0.000000] percpu: Embedded 14 pages/cpu s24656 r8192 d24496 u57344
[    0.000000] Kernel command line:  console=ttyS0,38400n8r
[    0.000000] Dentry cache hash table entries: 16384 (order: 4, 65536 bytes, linear)
[    0.000000] Inode-cache hash table entries: 8192 (order: 3, 32768 bytes, linear)
[    0.000000] Writing ErrCtl register=00000000
[    0.000000] Readback ErrCtl register=00000000
[    0.000000] Built 1 zonelists, mobility grouping on.  Total pages: 32767
[    0.000000] mem auto-init: stack:off, heap alloc:off, heap free:off
[    0.000000] SLUB: HWalign=64, Order=0-3, MinObjects=0, CPUs=1, Nodes=1
[    0.000000] rcu: Hierarchical RCU implementation.
[    0.000000] rcu: 	RCU restricting CPUs from NR_CPUS=2 to nr_cpu_ids=1.
[    0.000000] 	Tracing variant of Tasks RCU enabled.
[    0.000000] rcu: RCU calculated value of scheduler-enlistment delay is 10 jiffies.
[    0.000000] rcu: Adjusting geometry for rcu_fanout_leaf=16, nr_cpu_ids=1
[    0.000000] RCU Tasks Trace: Setting shift to 0 and lim to 1 rcu_task_cb_adjust=1 rcu_task_cpu_ids=1.
[    0.000000] NR_IRQS: 256
[    0.000000] rcu: srcu_init: Setting srcu_struct sizes based on contention.
[    0.000000] CPU frequency 320.00 MHz
[    0.000000] clocksource: MIPS: mask: 0xffffffff max_cycles: 0xffffffff, max_idle_ns: 11945437069 ns
[    0.000179] sched_clock: 32 bits at 160MHz, resolution 6ns, wraps every 13421839356ns
[    0.004610] Console: colour dummy device 80x25
[    0.011368] Calibrating delay loop... 967.47 BogoMIPS (lpj=4837376)
[    0.051378] pid_max: default: 32768 minimum: 301
[    0.054316] Mount-cache hash table entries: 1024 (order: 0, 4096 bytes, linear)
[    0.054553] Mountpoint-cache hash table entries: 1024 (order: 0, 4096 bytes, linear)
[    0.098913] rcu: Hierarchical SRCU implementation.
[    0.099137] rcu: 	Max phase no-delay instances is 1000.
[    0.102292] smp: Bringing up secondary CPUs ...
[    0.102623] smp: Brought up 1 node, 1 CPU
[    0.107198] Memory: 102496K/131068K available (8687K kernel code, 660K rwdata, 1816K rodata, 14108K init, 263K bss, 27900K reserved, 0K cma-reserved, 0K highmem)
[    0.119076] clocksource: jiffies: mask: 0xffffffff max_cycles: 0xffffffff, max_idle_ns: 19112604462750000 ns
[    0.119516] futex hash table entries: 256 (order: 2, 16384 bytes, linear)
[    0.129920] NET: Registered PF_NETLINK/PF_ROUTE protocol family
[    0.135318] thermal_sys: Registered thermal governor 'step_wise'
[    0.153561] SCSI subsystem initialized
[    0.166922] PCI host bridge to bus 0000:00
[    0.167444] pci_bus 0000:00: root bus resource [mem 0x10000000-0x17ffffff]
[    0.168086] pci_bus 0000:00: root bus resource [io  0x1000-0x1fffff]
[    0.168353] pci_bus 0000:00: No busn resource found for root bus, will use [bus 00-ff]
[    0.178877] pci 0000:00:00.0: [2046:ab11] type 00 class 0x100000 conventional PCI endpoint
[    0.179729] pci 0000:00:00.0: [Firmware Bug]: BAR 0: invalid; can't size
[    0.180002] pci 0000:00:00.0: [Firmware Bug]: BAR 1: invalid; can't size
[    0.180397] pci 0000:00:00.0: [Firmware Bug]: BAR 2: invalid; can't size
[    0.189330] pci 0000:00:00.0: [Firmware Bug]: BAR 3: invalid; can't size
[    0.189556] pci 0000:00:00.0: [Firmware Bug]: BAR 4: invalid; can't size
[    0.189774] pci 0000:00:00.0: [Firmware Bug]: BAR 5: invalid; can't size
[    0.201756] pci 0000:00:0a.0: [8086:7110] type 00 class 0x060100 conventional PCI endpoint
[    0.202546] pci 0000:00:0a.1: [8086:7111] type 00 class 0x010180 conventional PCI endpoint
[    0.202983] pci 0000:00:0a.1: BAR 4 [io  0x0000-0x000f]
[    0.203208] pci 0000:00:0a.1: BAR 0 [io  0x01f0-0x01f7]: legacy IDE quirk
[    0.213423] pci 0000:00:0a.1: BAR 1 [io  0x03f6]: legacy IDE quirk
[    0.213738] pci 0000:00:0a.1: BAR 2 [io  0x0170-0x0177]: legacy IDE quirk
[    0.213934] pci 0000:00:0a.1: BAR 3 [io  0x0376]: legacy IDE quirk
[    0.224647] pci 0000:00:0a.2: [8086:7112] type 00 class 0x0c0300 conventional PCI endpoint
[    0.225000] pci 0000:00:0a.2: BAR 4 [io  0x0000-0x001f]
[    0.225583] pci 0000:00:0a.3: [8086:7113] type 00 class 0x068000 conventional PCI endpoint
[    0.226216] pci 0000:00:0a.3: quirk: [io  0x1000-0x103f] claimed by PIIX4 ACPI
[    0.235345] pci 0000:00:0a.3: quirk: [io  0x1100-0x110f] claimed by PIIX4 SMB
[    0.236049] pci 0000:00:0b.0: [1022:2000] type 00 class 0x020000 conventional PCI endpoint
[    0.236295] pci 0000:00:0b.0: BAR 0 [io  0x0000-0x001f]
[    0.246207] pci 0000:00:0b.0: BAR 1 [mem 0x00000000-0x0000001f]
[    0.246506] pci 0000:00:0b.0: ROM [mem 0x00000000-0x0007ffff pref]
[    0.247131] pci 0000:00:12.0: [1013:00b8] type 00 class 0x030000 conventional PCI endpoint
[    0.247371] pci 0000:00:12.0: BAR 0 [mem 0x00000000-0x01ffffff pref]
[    0.257210] pci 0000:00:12.0: BAR 1 [mem 0x00000000-0x00000fff]
[    0.257513] pci 0000:00:12.0: ROM [mem 0x00000000-0x0000ffff pref]
[    0.258127] pci 0000:00:13.0: [1af4:1005] type 00 class 0x00ff00 conventional PCI endpoint
[    0.258368] pci 0000:00:13.0: BAR 0 [io  0x0000-0x001f]
[    0.268384] pci 0000:00:13.0: BAR 4 [mem 0x00000000-0x00003fff 64bit pref]
[    0.269073] pci 0000:00:14.0: [1022:2000] type 00 class 0x020000 conventional PCI endpoint
[    0.269315] pci 0000:00:14.0: BAR 0 [io  0x0000-0x001f]
[    0.279107] pci 0000:00:14.0: BAR 1 [mem 0x00000000-0x0000001f]
[    0.279429] pci 0000:00:14.0: ROM [mem 0x00000000-0x0007ffff pref]
[    0.280639] pci_bus 0000:00: busn_res: [bus 00-ff] end is updated to 00
[    0.282985] pci 0000:00:12.0: BAR 0 [mem 0x10000000-0x11ffffff pref]: assigned
[    0.291648] pci 0000:00:0b.0: ROM [mem 0x12000000-0x1207ffff pref]: assigned
[    0.291956] pci 0000:00:14.0: ROM [mem 0x12080000-0x120fffff pref]: assigned
[    0.292132] pci 0000:00:12.0: ROM [mem 0x12100000-0x1210ffff pref]: assigned
[    0.292324] pci 0000:00:13.0: BAR 4 [mem 0x12110000-0x12113fff 64bit pref]: assigned
[    0.302803] pci 0000:00:12.0: BAR 1 [mem 0x12114000-0x12114fff]: assigned
[    0.303241] pci 0000:00:0a.2: BAR 4 [io  0x1040-0x105f]: assigned
[    0.303428] pci 0000:00:0b.0: BAR 0 [io  0x1060-0x107f]: assigned
[    0.313393] pci 0000:00:0b.0: BAR 1 [mem 0x12115000-0x1211501f]: assigned
[    0.313616] pci 0000:00:13.0: BAR 0 [io  0x1080-0x109f]: assigned
[    0.313808] pci 0000:00:14.0: BAR 0 [io  0x10a0-0x10bf]: assigned
[    0.313963] pci 0000:00:14.0: BAR 1 [mem 0x12115020-0x1211503f]: assigned
[    0.324341] pci 0000:00:0a.1: BAR 4 [io  0x10c0-0x10cf]: assigned
[    0.330970] clocksource: Switched to clocksource MIPS
[    0.332735] VFS: Disk quotas dquot_6.6.0
[    0.332997] VFS: Dquot-cache hash table entries: 1024 (order 0, 4096 bytes)
[    0.343596] NET: Registered PF_INET protocol family
[    0.345227] IP idents hash table entries: 2048 (order: 2, 16384 bytes, linear)
[    0.352899] tcp_listen_portaddr_hash hash table entries: 512 (order: 0, 4096 bytes, linear)
[    0.353227] Table-perturb hash table entries: 65536 (order: 6, 262144 bytes, linear)
[    0.353489] TCP established hash table entries: 1024 (order: 0, 4096 bytes, linear)
[    0.353827] TCP bind hash table entries: 1024 (order: 2, 16384 bytes, linear)
[    0.363965] TCP: Hash tables configured (established 1024 bind 1024)
[    0.366126] MPTCP token hash table entries: 256 (order: 0, 4096 bytes, linear)
[    0.366575] UDP hash table entries: 256 (order: 1, 8192 bytes, linear)
[    0.375076] UDP-Lite hash table entries: 256 (order: 1, 8192 bytes, linear)
[    0.376903] NET: Registered PF_UNIX/PF_LOCAL protocol family
[    0.378290] pci 0000:00:0a.2: enabling device (0000 -> 0001)
[    0.379256] PCI: CLS 0 bytes, default 16
[    0.420585] workingset: timestamp_bits=14 max_order=15 bucket_order=1
[    0.423146] squashfs: version 4.0 (2009/01/31) Phillip Lougher
[    0.423421] jffs2: version 2.2 (NAND) (SUMMARY) (LZMA) (RTIME) (CMODE_PRIORITY) (c) 2001-2006 Red Hat, Inc.
[    0.428907] Block layer SCSI generic (bsg) driver version 0.4 loaded (major 251)
[    0.444517] Serial: 8250/16550 driver, 16 ports, IRQ sharing enabled
[    0.450742] printk: legacy console [ttyS0] disabled
[    0.475275] serial8250.0: ttyS0 at I/O 0x3f8 (irq = 4, base_baud = 115200) is a 16550A
[    0.475556] serial8250.0: ttyS0 extra baud rates supported: 230400, 460800
[    0.475556] serial8250.0: ttyS0 extra baud rates supported: 230400, 460800
[    0.477152] printk: legacy console [ttyS0] enabled
[    0.477152] printk: legacy console [ttyS0] enabled
[    0.486017] printk: legacy bootconsole [uart8250] disabled
[    0.486017] printk: legacy bootconsole [uart8250] disabled
[    0.561570] serial8250.0: ttyS1 at I/O 0x2f8 (irq = 3, base_baud = 115200) is a 16550A
[    0.561858] serial8250.0: ttyS1 extra baud rates supported: 230400, 460800
[    0.583433] serial8250.0: ttyS2 at MMIO 0x1f000900 (irq = 20, base_baud = 230400) is a 16550A
[    0.636874] brd: module loaded
[    0.648521] loop: module loaded
[    0.649871] ata_piix 0000:00:0a.1: enabling device (0000 -> 0001)
[    0.657423] scsi host0: ata_piix
[    0.659348] scsi host1: ata_piix
[    0.660500] ata1: PATA max UDMA/33 cmd 0x1f0 ctl 0x3f6 bmdma 0x10c0 irq 14 lpm-pol 0
[    0.660774] ata2: PATA max UDMA/33 cmd 0x170 ctl 0x376 bmdma 0x10c8 irq 15 lpm-pol 0
[    0.664429] mousedev: PS/2 mouse device common for all mice
[    0.673579] rtc_cmos 70.rtc: registered as rtc0
[    0.674466] rtc_cmos 70.rtc: setting system clock to 2026-02-04T01:27:21 UTC (1770168441)
[    0.675071] rtc_cmos 70.rtc: alarms up to one day, 242 bytes nvram
[    0.678858] NET: Registered PF_INET6 protocol family
[    0.693462] Segment Routing with IPv6
[    0.693879] In-situ OAM (IOAM) with IPv6
[    0.694531] NET: Registered PF_PACKET protocol family
[    0.695240] bridge: filtering via arp/ip/ip6tables is no longer available by default. Update your scripts to load br_netfilter if you need this.
[    0.705269] 8021q: 802.1Q VLAN Support v1.8
[    0.736793] clk: Disabling unused clocks
[    0.737279] Warning: unable to open an initial console.
[    0.843323] ata2: found unknown device (class 0)
[    0.846929] ata2.00: ATAPI: QEMU DVD-ROM, 2.5+, max UDMA/100
[    0.859060] scsi 1:0:0:0: CD-ROM            QEMU     QEMU DVD-ROM     2.5+ PQ: 0 ANSI: 5
[    0.935737] Freeing unused kernel image (initmem) memory: 14108K
[    0.936050] This architecture does not have kernel memory protection.
[    0.936409] Run /init as init process
[    1.372661] init: Console is alive
[    1.414762] kmodloader: loading kernel modules from /etc/modules-boot.d/*
[    1.425297] kmodloader: done loading kernel modules from /etc/modules-boot.d/*
[    1.436480] init: - preinit -
Press the [f] key and hit [enter] to enter failsafe mode
Press the [1], [2], [3] or [4] key and hit [enter] to select the debug level
[    6.736356] procd: - early -
[    7.448175] procd: - ubus -
[    7.629569] procd: - init -
Please press Enter to activate this console.
root
login[602]: root login on 'ttyS0'


BusyBox v1.37.0 (2026-01-02 17:07:02 UTC) built-in shell (ash)

  _______                     ________        __
 |       |.-----.-----.-----.|  |  |  |.----.|  |_
 |   -   ||  _  |  -__|     ||  |  |  ||   _||   _|
 |_______||   __|_____|__|__||________||__|  |____|
          |__| W I R E L E S S   F R E E D O M
 -----------------------------------------------------
 OpenWrt SNAPSHOT, r32927-eb0a1a3a89
 -----------------------------------------------------

 === WARNING! =====================================
 There is no root password defined on this device!
 Use the "passwd" command to set up a new password
 in order to prevent unauthorized SSH logins.
 --------------------------------------------------


 OpenWrt recently switched to the "apk" package manager!

 OPKG Command           APK Equivalent      Description
 ------------------------------------------------------------------
 opkg install <pkg>     apk add <pkg>       Install a package
 opkg remove <pkg>      apk del <pkg>       Remove a package
 opkg upgrade           apk upgrade         Upgrade all packages
 opkg files <pkg>       apk info -L <pkg>   List package contents
 opkg list-installed    apk info            List installed packages
 opkg update            apk update          Update package lists
 opkg search <pkg>      apk search <pkg>    Search for packages
 ------------------------------------------------------------------

For more information visit:
https://openwrt.org/docs/guide-user/additional-software/opkg-to-apk-cheatsheet

root@(none):~# dmesg -n 1
root@(none):~# echo 'ZTOX''VKCUJX'
ZTOXVKCUJX
root@(none):~# run() { echo -n "$MARKER"; sh -c "$@"; echo "$MARKER $?"; }
root@(none):~# echo 'BTHE''PYTKVB'
BTHEPYTKVB
root@(none):~# MARKER='GXZW''NEUBOA' run 'ubus wait_for network.interface.lan'
GXZWNEUBOAGXZWNEUBOA 0
root@OpenWrt:~# echo 'SMTU''WCLNBO'
SMTUWCLNBO
root@OpenWrt:~# MARKER='KNCO''USLBTK' run 'ubus call network.interface.lan statu
s '"'"'{}'"'"''
KNCOUSLBTK{
	"up": true,
	"pending": false,
	"available": true,
	"autostart": true,
	"dynamic": false,
	"uptime": 0,
	"l3_device": "br-lan",
	"proto": "static",
	"device": "br-lan",
	"updated": [
		"addresses"
	],
	"metric": 0,
	"dns_metric": 0,
	"delegation": true,
	"ipv4-address": [
		{
			"address": "192.168.1.1",
			"mask": 24
		}
	],
	"ipv6-address": [
		
	],
	"ipv6-prefix": [
		
	],
	"ipv6-prefix-assignment": [
		{
			"address": "fd75:b1a4:78f::",
			"mask": 60,
			"local-address": {
				"address": "fd75:b1a4:78f::1",
				"mask": 60
			}
		}
	],
	"route": [
		
	],
	"dns-server": [
		
	],
	"dns-search": [
		
	],
	"neighbors": [
		
	],
	"inactive": {
		"ipv4-address": [
			
		],
		"ipv6-address": [
			
		],
		"route": [
			
		],
		"dns-server": [
			
		],
		"dns-search": [
			
		],
		"neighbors": [
			
		]
	},
	"data": {
		
	}
}
KNCOUSLBTK 0
root@OpenWrt:~# echo 'BFJQ''PTEBWT'
BFJQPTEBWT
root@OpenWrt:~# MARKER='BZKF''BEEUFJ' run true
BZKFBEEUFJBZKFBEEUFJ 0
root@OpenWrt:~# echo 'HVZE''AWEWWL'
HVZEAWEWWL
root@OpenWrt:~# MARKER='JPMA''OUJUBS' run 'source /etc/os-release; echo $BUILD_I
D'
JPMAOUJUBSr32927-eb0a1a3a89
JPMAOUJUBS 0
root@OpenWrt:~# echo 'XSWN''XWPPMW'
XSWNXWPPMW
root@OpenWrt:~# MARKER='PTHW''MLSXSV' run 'ls /etc/dropbear/dropbear_rsa_host_ke
y'
PTHWMLSXSV[0;0m/etc/dropbear/dropbear_rsa_host_key[m
PTHWMLSXSV 0
root@OpenWrt:~# echo 'FGHO''ZXNGEY'
FGHOZXNGEY
root@OpenWrt:~# MARKER='YXPP''LXJAAZ' run 'netstat -tlpn | grep 0.0.0.0:22'
YXPPLXJAAZtcp        0      0 0.0.0.0:22              0.0.0.0:*               LISTEN      1268/dropbear
YXPPLXJAAZ 0
root@OpenWrt:~# echo 'TWNS''HFASOL'
TWNSHFASOL
root@OpenWrt:~# MARKER='TEXK''WPSPNM' run 'dmesg | grep br-lan | grep forwarding
'
TEXKWPSPNM[   25.605157] br-lan: port 1(eth0) entered forwarding state
TEXKWPSPNM 0
root@OpenWrt:~# echo 'EAMJ''XLYNXK'
EAMJXLYNXK
root@OpenWrt:~# MARKER='OMJV''PFAZHV' run 'ubus call network.interface.lan statu
s '"'"'{}'"'"''
OMJVPFAZHV{
	"up": true,
	"pending": false,
	"available": true,
	"autostart": true,
	"dynamic": false,
	"uptime": 24,
	"l3_device": "br-lan",
	"proto": "static",
	"device": "br-lan",
	"updated": [
		"addresses"
	],
	"metric": 0,
	"dns_metric": 0,
	"delegation": true,
	"ipv4-address": [
		{
			"address": "192.168.1.1",
			"mask": 24
		}
	],
	"ipv6-address": [
		
	],
	"ipv6-prefix": [
		
	],
	"ipv6-prefix-assignment": [
		{
			"address": "fd75:b1a4:78f::",
			"mask": 60,
			"local-address": {
				"address": "fd75:b1a4:78f::1",
				"mask": 60
			}
		}
	],
	"route": [
		
	],
	"dns-server": [
		
	],
	"dns-search": [
		
	],
	"neighbors": [
		
	],
	"inactive": {
		"ipv4-address": [
			
		],
		"ipv6-address": [
			
		],
		"route": [
			
		],
		"dns-server": [
			
		],
		"dns-search": [
			
		],
		"neighbors": [
			
		]
	},
	"data": {
		
	}
}
OMJVPFAZHV 0
root@OpenWrt:~# echo 'WMCW''PWUGWY'
WMCWPWUGWY
root@OpenWrt:~# MARKER='OPXV''KTCBZX' run 'ip -o addr show dev br-lan'
OPXVKTCBZX5: br-lan    inet 192.168.1.1/24 brd 192.168.1.255 scope global br-lan\       valid_lft forever preferred_lft forever
5: br-lan    inet6 fd75:b1a4:78f::1/60 scope global noprefixroute \       valid_lft forever preferred_lft forever
5: br-lan    inet6 fe80::5054:ff:fe12:3456/64 scope link \       valid_lft forever preferred_lft forever
OPXVKTCBZX 0
root@OpenWrt:~# echo 'KLAO''TQPZFW'
KLAOTQPZFW
root@OpenWrt:~# MARKER='CGJX''SQTKWV' run 'ubus call network.interface.wan statu
s '"'"'{}'"'"''
CGJXSQTKWV{
	"up": true,
	"pending": false,
	"available": true,
	"autostart": true,
	"dynamic": false,
	"uptime": 21,
	"l3_device": "eth1",
	"proto": "dhcp",
	"device": "eth1",
	"updated": [
		"addresses",
		"routes",
		"data"
	],
	"metric": 0,
	"dns_metric": 0,
	"delegation": true,
	"ipv4-address": [
		{
			"address": "10.0.2.15",
			"mask": 24
		}
	],
	"ipv6-address": [
		
	],
	"ipv6-prefix": [
		
	],
	"ipv6-prefix-assignment": [
		
	],
	"route": [
		{
			"target": "0.0.0.0",
			"mask": 0,
			"nexthop": "10.0.2.2",
			"source": "10.0.2.15/32"
		}
	],
	"dns-server": [
		"10.0.2.3"
	],
	"dns-search": [
		
	],
	"neighbors": [
		
	],
	"inactive": {
		"ipv4-address": [
			
		],
		"ipv6-address": [
			
		],
		"route": [
			
		],
		"dns-server": [
			
		],
		"dns-search": [
			
		],
		"neighbors": [
			
		]
	},
	"data": {
		"dhcpserver": "10.0.2.2",
		"leasetime": 86400
	}
}
CGJXSQTKWV 0
root@OpenWrt:~# 