Labgrid Console Logfile for main
Logfile started at 2025-12-26 20:49:04.245112
=== Log starts here ===
[    0.000000] Linux version 6.12.62 (builder@buildhost) (mips-openwrt-linux-musl-gcc (OpenWrt GCC 14.3.0 r32409-9da57e2f82) 14.3.0, GNU ld (GNU Binutils) 2.44) #0 SMP Fri Dec 26 12:55:18 2025
[    0.000000] earlycon: uart8250 at I/O port 0x3f8 (options '38400n8')
[    0.000000] printk: legacy bootconsole [uart8250] enabled
[    0.000000] Config serial console: console=ttyS0,38400n8r
[    0.000000] CPU0 revision is: 00019300 (MIPS 24Kc)
[    0.000000] MIPS: machine is mti,malta
[    0.000000] Software DMA cache coherency enabled
[    0.000000] Initrd not found or empty - disabling initrd
[    0.000000] OF: reserved mem: Reserved memory: No reserved-memory node in the DT
[    0.000000] Primary instruction cache 2kB, VIPT, 2-way, linesize 16 bytes.
[    0.000000] Primary data cache 2kB, 2-way, VIPT, no aliases, linesize 16 bytes
[    0.000000] Zone ranges:
[    0.000000]   DMA      [mem 0x0000000000000000-0x0000000000ffffff]
[    0.000000]   Normal   [mem 0x0000000001000000-0x0000000007ffefff]
[    0.000000]   HighMem  empty
[    0.000000] Movable zone start for each node
[    0.000000] Early memory node ranges
[    0.000000]   node   0: [mem 0x0000000000000000-0x0000000007ffefff]
[    0.000000] Initmem setup node 0 [mem 0x0000000000000000-0x0000000007ffefff]
[    0.000000] random: crng init done
[    0.000000] percpu: Embedded 14 pages/cpu s24656 r8192 d24496 u57344
[    0.000000] Kernel command line:  console=ttyS0,38400n8r
[    0.000000] Dentry cache hash table entries: 16384 (order: 4, 65536 bytes, linear)
[    0.000000] Inode-cache hash table entries: 8192 (order: 3, 32768 bytes, linear)
[    0.000000] Writing ErrCtl register=00000000
[    0.000000] Readback ErrCtl register=00000000
[    0.000000] Built 1 zonelists, mobility grouping on.  Total pages: 32767
[    0.000000] mem auto-init: stack:off, heap alloc:off, heap free:off
[    0.000000] SLUB: HWalign=64, Order=0-3, MinObjects=0, CPUs=1, Nodes=1
[    0.000000] rcu: Hierarchical RCU implementation.
[    0.000000] rcu: 	RCU restricting CPUs from NR_CPUS=2 to nr_cpu_ids=1.
[    0.000000] 	Tracing variant of Tasks RCU enabled.
[    0.000000] rcu: RCU calculated value of scheduler-enlistment delay is 10 jiffies.
[    0.000000] rcu: Adjusting geometry for rcu_fanout_leaf=16, nr_cpu_ids=1
[    0.000000] RCU Tasks Trace: Setting shift to 0 and lim to 1 rcu_task_cb_adjust=1 rcu_task_cpu_ids=1.
[    0.000000] NR_IRQS: 256
[    0.000000] rcu: srcu_init: Setting srcu_struct sizes based on contention.
[    0.000000] CPU frequency 320.00 MHz
[    0.000000] clocksource: MIPS: mask: 0xffffffff max_cycles: 0xffffffff, max_idle_ns: 11945349421 ns
[    0.000173] sched_clock: 32 bits at 160MHz, resolution 6ns, wraps every 13421741052ns
[    0.004471] Console: colour dummy device 80x25
[    0.011144] Calibrating delay loop... 1076.42 BogoMIPS (lpj=5382144)
[    0.111782] pid_max: default: 32768 minimum: 301
[    0.114618] Mount-cache hash table entries: 1024 (order: 0, 4096 bytes, linear)
[    0.114897] Mountpoint-cache hash table entries: 1024 (order: 0, 4096 bytes, linear)
[    0.158039] rcu: Hierarchical SRCU implementation.
[    0.158284] rcu: 	Max phase no-delay instances is 1000.
[    0.161350] smp: Bringing up secondary CPUs ...
[    0.161689] smp: Brought up 1 node, 1 CPU
[    0.165914] Memory: 102496K/131068K available (8683K kernel code, 661K rwdata, 1812K rodata, 14116K init, 263K bss, 27900K reserved, 0K cma-reserved, 0K highmem)
[    0.177751] clocksource: jiffies: mask: 0xffffffff max_cycles: 0xffffffff, max_idle_ns: 19112604462750000 ns
[    0.178214] futex hash table entries: 256 (order: 2, 16384 bytes, linear)
[    0.188372] NET: Registered PF_NETLINK/PF_ROUTE protocol family
[    0.193482] thermal_sys: Registered thermal governor 'step_wise'
[    0.211188] SCSI subsystem initialized
[    0.223838] PCI host bridge to bus 0000:00
[    0.224428] pci_bus 0000:00: root bus resource [mem 0x10000000-0x17ffffff]
[    0.225100] pci_bus 0000:00: root bus resource [io  0x1000-0x1fffff]
[    0.225437] pci_bus 0000:00: No busn resource found for root bus, will use [bus 00-ff]
[    0.235723] pci 0000:00:00.0: [2046:ab11] type 00 class 0x100000 conventional PCI endpoint
[    0.236581] pci 0000:00:00.0: [Firmware Bug]: BAR 0: invalid; can't size
[    0.236885] pci 0000:00:00.0: [Firmware Bug]: BAR 1: invalid; can't size
[    0.237173] pci 0000:00:00.0: [Firmware Bug]: BAR 2: invalid; can't size
[    0.245435] pci 0000:00:00.0: [Firmware Bug]: BAR 3: invalid; can't size
[    0.245814] pci 0000:00:00.0: [Firmware Bug]: BAR 4: invalid; can't size
[    0.246069] pci 0000:00:00.0: [Firmware Bug]: BAR 5: invalid; can't size
[    0.248254] pci 0000:00:0a.0: [8086:7110] type 00 class 0x060100 conventional PCI endpoint
[    0.257313] pci 0000:00:0a.1: [8086:7111] type 00 class 0x010180 conventional PCI endpoint
[    0.257796] pci 0000:00:0a.1: BAR 4 [io  0x0000-0x000f]
[    0.258065] pci 0000:00:0a.1: BAR 0 [io  0x01f0-0x01f7]: legacy IDE quirk
[    0.267384] pci 0000:00:0a.1: BAR 1 [io  0x03f6]: legacy IDE quirk
[    0.267720] pci 0000:00:0a.1: BAR 2 [io  0x0170-0x0177]: legacy IDE quirk
[    0.267969] pci 0000:00:0a.1: BAR 3 [io  0x0376]: legacy IDE quirk
[    0.268483] pci 0000:00:0a.2: [8086:7112] type 00 class 0x0c0300 conventional PCI endpoint
[    0.278505] pci 0000:00:0a.2: BAR 4 [io  0x0000-0x001f]
[    0.279132] pci 0000:00:0a.3: [8086:7113] type 00 class 0x068000 conventional PCI endpoint
[    0.279816] pci 0000:00:0a.3: quirk: [io  0x1000-0x103f] claimed by PIIX4 ACPI
[    0.289219] pci 0000:00:0a.3: quirk: [io  0x1100-0x110f] claimed by PIIX4 SMB
[    0.289885] pci 0000:00:0b.0: [1022:2000] type 00 class 0x020000 conventional PCI endpoint
[    0.290191] pci 0000:00:0b.0: BAR 0 [io  0x0000-0x001f]
[    0.290406] pci 0000:00:0b.0: BAR 1 [mem 0x00000000-0x0000001f]
[    0.300213] pci 0000:00:0b.0: ROM [mem 0x00000000-0x0007ffff pref]
[    0.300839] pci 0000:00:12.0: [1013:00b8] type 00 class 0x030000 conventional PCI endpoint
[    0.301143] pci 0000:00:12.0: BAR 0 [mem 0x00000000-0x01ffffff pref]
[    0.301390] pci 0000:00:12.0: BAR 1 [mem 0x00000000-0x00000fff]
[    0.311295] pci 0000:00:12.0: ROM [mem 0x00000000-0x0000ffff pref]
[    0.311870] pci 0000:00:13.0: [1af4:1005] type 00 class 0x00ff00 conventional PCI endpoint
[    0.312177] pci 0000:00:13.0: BAR 0 [io  0x0000-0x001f]
[    0.312447] pci 0000:00:13.0: BAR 4 [mem 0x00000000-0x00003fff 64bit pref]
[    0.322589] pci 0000:00:14.0: [1022:2000] type 00 class 0x020000 conventional PCI endpoint
[    0.322893] pci 0000:00:14.0: BAR 0 [io  0x0000-0x001f]
[    0.323086] pci 0000:00:14.0: BAR 1 [mem 0x00000000-0x0000001f]
[    0.332976] pci 0000:00:14.0: ROM [mem 0x00000000-0x0007ffff pref]
[    0.333814] pci_bus 0000:00: busn_res: [bus 00-ff] end is updated to 00
[    0.335156] pci 0000:00:12.0: BAR 0 [mem 0x10000000-0x11ffffff pref]: assigned
[    0.335636] pci 0000:00:0b.0: ROM [mem 0x12000000-0x1207ffff pref]: assigned
[    0.343998] pci 0000:00:14.0: ROM [mem 0x12080000-0x120fffff pref]: assigned
[    0.344343] pci 0000:00:12.0: ROM [mem 0x12100000-0x1210ffff pref]: assigned
[    0.344619] pci 0000:00:13.0: BAR 4 [mem 0x12110000-0x12113fff 64bit pref]: assigned
[    0.354843] pci 0000:00:12.0: BAR 1 [mem 0x12114000-0x12114fff]: assigned
[    0.355260] pci 0000:00:0a.2: BAR 4 [io  0x1040-0x105f]: assigned
[    0.355533] pci 0000:00:0b.0: BAR 0 [io  0x1060-0x107f]: assigned
[    0.355751] pci 0000:00:0b.0: BAR 1 [mem 0x12115000-0x1211501f]: assigned
[    0.365739] pci 0000:00:13.0: BAR 0 [io  0x1080-0x109f]: assigned
[    0.366056] pci 0000:00:14.0: BAR 0 [io  0x10a0-0x10bf]: assigned
[    0.366338] pci 0000:00:14.0: BAR 1 [mem 0x12115020-0x1211503f]: assigned
[    0.366576] pci 0000:00:0a.1: BAR 4 [io  0x10c0-0x10cf]: assigned
[    0.382946] clocksource: Switched to clocksource MIPS
[    0.384613] VFS: Disk quotas dquot_6.6.0
[    0.384877] VFS: Dquot-cache hash table entries: 1024 (order 0, 4096 bytes)
[    0.393374] NET: Registered PF_INET protocol family
[    0.394407] IP idents hash table entries: 2048 (order: 2, 16384 bytes, linear)
[    0.400506] tcp_listen_portaddr_hash hash table entries: 512 (order: 0, 4096 bytes, linear)
[    0.400855] Table-perturb hash table entries: 65536 (order: 6, 262144 bytes, linear)
[    0.404002] TCP established hash table entries: 1024 (order: 0, 4096 bytes, linear)
[    0.404418] TCP bind hash table entries: 1024 (order: 2, 16384 bytes, linear)
[    0.404766] TCP: Hash tables configured (established 1024 bind 1024)
[    0.416402] MPTCP token hash table entries: 256 (order: 0, 4096 bytes, linear)
[    0.416887] UDP hash table entries: 256 (order: 1, 8192 bytes, linear)
[    0.417458] UDP-Lite hash table entries: 256 (order: 1, 8192 bytes, linear)
[    0.419137] NET: Registered PF_UNIX/PF_LOCAL protocol family
[    0.428180] pci 0000:00:0a.2: enabling device (0000 -> 0001)
[    0.429021] PCI: CLS 0 bytes, default 16
[    0.461951] workingset: timestamp_bits=14 max_order=15 bucket_order=1
[    0.464289] squashfs: version 4.0 (2009/01/31) Phillip Lougher
[    0.464580] jffs2: version 2.2 (NAND) (SUMMARY) (LZMA) (RTIME) (CMODE_PRIORITY) (c) 2001-2006 Red Hat, Inc.
[    0.469443] Block layer SCSI generic (bsg) driver version 0.4 loaded (major 251)
[    0.485466] Serial: 8250/16550 driver, 16 ports, IRQ sharing enabled
[    0.491436] printk: legacy console [ttyS0] disabled
[    0.512438] serial8250.0: ttyS0 at I/O 0x3f8 (irq = 4, base_baud = 115200) is a 16550A
[    0.512740] serial8250.0: ttyS0 extra baud rates supported: 230400, 460800
[    0.512740] serial8250.0: ttyS0 extra baud rates supported: 230400, 460800
[    0.514242] printk: legacy console [ttyS0] enabled
[    0.514242] printk: legacy console [ttyS0] enabled
[    0.523164] printk: legacy bootconsole [uart8250] disabled
[    0.523164] printk: legacy bootconsole [uart8250] disabled
[    0.589675] serial8250.0: ttyS1 at I/O 0x2f8 (irq = 3, base_baud = 115200) is a 16550A
[    0.589975] serial8250.0: ttyS1 extra baud rates supported: 230400, 460800
[    0.607881] serial8250.0: ttyS2 at MMIO 0x1f000900 (irq = 20, base_baud = 230400) is a 16550A
[    0.653870] brd: module loaded
[    0.664845] loop: module loaded
[    0.665935] ata_piix 0000:00:0a.1: enabling device (0000 -> 0001)
[    0.673527] scsi host0: ata_piix
[    0.675159] scsi host1: ata_piix
[    0.675985] ata1: PATA max UDMA/33 cmd 0x1f0 ctl 0x3f6 bmdma 0x10c0 irq 14 lpm-pol 0
[    0.676310] ata2: PATA max UDMA/33 cmd 0x170 ctl 0x376 bmdma 0x10c8 irq 15 lpm-pol 0
[    0.679877] mousedev: PS/2 mouse device common for all mice
[    0.689414] rtc_cmos 70.rtc: registered as rtc0
[    0.690236] rtc_cmos 70.rtc: setting system clock to 2025-12-26T20:49:06 UTC (1766782146)
[    0.690898] rtc_cmos 70.rtc: alarms up to one day, 242 bytes nvram
[    0.694628] NET: Registered PF_INET6 protocol family
[    0.707052] Segment Routing with IPv6
[    0.707387] In-situ OAM (IOAM) with IPv6
[    0.708016] NET: Registered PF_PACKET protocol family
[    0.708696] bridge: filtering via arp/ip/ip6tables is no longer available by default. Update your scripts to load br_netfilter if you need this.
[    0.718336] 8021q: 802.1Q VLAN Support v1.8
[    0.751116] clk: Disabling unused clocks
[    0.752098] Warning: unable to open an initial console.
[    0.854158] ata2: found unknown device (class 0)
[    0.857444] ata2.00: ATAPI: QEMU DVD-ROM, 2.5+, max UDMA/100
[    0.868842] scsi 1:0:0:0: CD-ROM            QEMU     QEMU DVD-ROM     2.5+ PQ: 0 ANSI: 5
[    0.954831] Freeing unused kernel image (initmem) memory: 14116K
[    0.955093] This architecture does not have kernel memory protection.
[    0.955491] Run /init as init process
[    1.346088] init: Console is alive
[    1.381622] kmodloader: loading kernel modules from /etc/modules-boot.d/*
[    1.390361] kmodloader: done loading kernel modules from /etc/modules-boot.d/*
[    1.405052] init: - preinit -
Press the [f] key and hit [enter] to enter failsafe mode
Press the [1], [2], [3] or [4] key and hit [enter] to select the debug level
[    6.455136] procd: - early -
[    7.136991] procd: - ubus -
[    7.312592] procd: - init -
Please press Enter to activate this console.
root
login[602]: root login on 'ttyS0'


BusyBox v1.37.0 (2025-12-26 12:55:18 UTC) built-in shell (ash)

  _______                     ________        __
 |       |.-----.-----.-----.|  |  |  |.----.|  |_
 |   -   ||  _  |  -__|     ||  |  |  ||   _||   _|
 |_______||   __|_____|__|__||________||__|  |____|
          |__| W I R E L E S S   F R E E D O M
 -----------------------------------------------------
 OpenWrt SNAPSHOT, r32409-9da57e2f82
 -----------------------------------------------------

 === WARNING! =====================================
 There is no root password defined on this device!
 Use the "passwd" command to set up a new password
 in order to prevent unauthorized SSH logins.
 --------------------------------------------------


 OpenWrt recently switched to the "apk" package manager!

 OPKG Command           APK Equivalent      Description
 ------------------------------------------------------------------
 opkg install <pkg>     apk add <pkg>       Install a package
 opkg remove <pkg>      apk del <pkg>       Remove a package
 opkg upgrade           apk upgrade         Upgrade all packages
 opkg files <pkg>       apk info -L <pkg>   List package contents
 opkg list-installed    apk info            List installed packages
 opkg update            apk update          Update package lists
 opkg search <pkg>      apk search <pkg>    Search for packages
 ------------------------------------------------------------------

For more information visit:
https://openwrt.org/docs/guide-user/additional-software/opkg-to-apk-cheatsheet

root@(none):~# dmesg -n 1
root@(none):~# echo 'WKPA''UOEYKP'
WKPAUOEYKP
root@(none):~# run() { echo -n "$MARKER"; sh -c "$@"; echo "$MARKER $?"; }
root@(none):~# echo 'SMXP''YNWKQY'
SMXPYNWKQY
root@(none):~# MARKER='ANMT''QPNOSW' run 'ubus wait_for network.interface.lan'
ANMTQPNOSWANMTQPNOSW 0
root@OpenWrt:~# echo 'ZAOY''OPZUCX'
ZAOYOPZUCX
root@OpenWrt:~# MARKER='XCCL''PTFJBK' run 'ubus call network.interface.lan statu
s '"'"'{}'"'"''
XCCLPTFJBK{
	"up": true,
	"pending": false,
	"available": true,
	"autostart": true,
	"dynamic": false,
	"uptime": 0,
	"l3_device": "br-lan",
	"proto": "static",
	"device": "br-lan",
	"updated": [
		"addresses"
	],
	"metric": 0,
	"dns_metric": 0,
	"delegation": true,
	"ipv4-address": [
		{
			"address": "192.168.1.1",
			"mask": 24
		}
	],
	"ipv6-address": [
		
	],
	"ipv6-prefix": [
		
	],
	"ipv6-prefix-assignment": [
		{
			"address": "fd60:4930:db7b::",
			"mask": 60,
			"local-address": {
				"address": "fd60:4930:db7b::1",
				"mask": 60
			}
		}
	],
	"route": [
		
	],
	"dns-server": [
		
	],
	"dns-search": [
		
	],
	"neighbors": [
		
	],
	"inactive": {
		"ipv4-address": [
			
		],
		"ipv6-address": [
			
		],
		"route": [
			
		],
		"dns-server": [
			
		],
		"dns-search": [
			
		],
		"neighbors": [
			
		]
	},
	"data": {
		
	}
}
XCCLPTFJBK 0
root@OpenWrt:~# Command failed: Not found
echo 'OQHU''YGYKUO'
OQHUYGYKUO
root@OpenWrt:~# MARKER='KNZL''LTCNHC' run true
KNZLLTCNHCKNZLLTCNHC 0
root@OpenWrt:~# echo 'BMHZ''LSTTSL'
BMHZLSTTSL
root@OpenWrt:~# MARKER='HHXS''AXNCFM' run 'source /etc/os-release; echo $BUILD_I
D'
HHXSAXNCFMr32409-9da57e2f82
HHXSAXNCFM 0
root@OpenWrt:~# echo 'WKMQ''WOQVHT'
WKMQWOQVHT
root@OpenWrt:~# MARKER='UBGJ''TMLBFY' run 'ls /etc/dropbear/dropbear_rsa_host_ke
y'
UBGJTMLBFY[0;0m/etc/dropbear/dropbear_rsa_host_key[m
UBGJTMLBFY 0
root@OpenWrt:~# echo 'SQEA''YHKYNZ'
SQEAYHKYNZ
root@OpenWrt:~# MARKER='QZUH''BFPJAK' run 'netstat -tlpn | grep 0.0.0.0:22'
QZUHBFPJAKtcp        0      0 0.0.0.0:22              0.0.0.0:*               LISTEN      1265/dropbear
QZUHBFPJAK 0
root@OpenWrt:~# echo 'JSSQ''ZZYOUS'
JSSQZZYOUS
root@OpenWrt:~# MARKER='CCFE''YNCTBH' run 'dmesg | grep br-lan | grep forwarding
'
CCFEYNCTBH[   24.083564] br-lan: port 1(eth0) entered forwarding state
CCFEYNCTBH 0
root@OpenWrt:~# echo 'UUCE''PYQLZZ'
UUCEPYQLZZ
root@OpenWrt:~# MARKER='VKQL''ZJVMYM' run 'ubus call network.interface.lan statu
s '"'"'{}'"'"''
VKQLZJVMYM{
	"up": true,
	"pending": false,
	"available": true,
	"autostart": true,
	"dynamic": false,
	"uptime": 23,
	"l3_device": "br-lan",
	"proto": "static",
	"device": "br-lan",
	"updated": [
		"addresses"
	],
	"metric": 0,
	"dns_metric": 0,
	"delegation": true,
	"ipv4-address": [
		{
			"address": "192.168.1.1",
			"mask": 24
		}
	],
	"ipv6-address": [
		
	],
	"ipv6-prefix": [
		
	],
	"ipv6-prefix-assignment": [
		{
			"address": "fd60:4930:db7b::",
			"mask": 60,
			"local-address": {
				"address": "fd60:4930:db7b::1",
				"mask": 60
			}
		}
	],
	"route": [
		
	],
	"dns-server": [
		
	],
	"dns-search": [
		
	],
	"neighbors": [
		
	],
	"inactive": {
		"ipv4-address": [
			
		],
		"ipv6-address": [
			
		],
		"route": [
			
		],
		"dns-server": [
			
		],
		"dns-search": [
			
		],
		"neighbors": [
			
		]
	},
	"data": {
		
	}
}
VKQLZJVMYM 0
root@OpenWrt:~# echo 'UQUF''OVAKMB'
UQUFOVAKMB
root@OpenWrt:~# MARKER='ZNNW''TUOCQY' run 'ip -o addr show dev br-lan'
ZNNWTUOCQY5: br-lan    inet 192.168.1.1/24 brd 192.168.1.255 scope global br-lan\       valid_lft forever preferred_lft forever
5: br-lan    inet6 fd60:4930:db7b::1/60 scope global noprefixroute \       valid_lft forever preferred_lft forever
5: br-lan    inet6 fe80::5054:ff:fe12:3456/64 scope link \       valid_lft forever preferred_lft forever
ZNNWTUOCQY 0
root@OpenWrt:~# echo 'YUAE''KWVQFZ'
YUAEKWVQFZ
root@OpenWrt:~# MARKER='SNWN''ETKHHF' run 'ubus call network.interface.wan statu
s '"'"'{}'"'"''
SNWNETKHHF{
	"up": true,
	"pending": false,
	"available": true,
	"autostart": true,
	"dynamic": false,
	"uptime": 22,
	"l3_device": "eth1",
	"proto": "dhcp",
	"device": "eth1",
	"updated": [
		"addresses",
		"routes",
		"data"
	],
	"metric": 0,
	"dns_metric": 0,
	"delegation": true,
	"ipv4-address": [
		{
			"address": "10.0.2.15",
			"mask": 24
		}
	],
	"ipv6-address": [
		
	],
	"ipv6-prefix": [
		
	],
	"ipv6-prefix-assignment": [
		
	],
	"route": [
		{
			"target": "0.0.0.0",
			"mask": 0,
			"nexthop": "10.0.2.2",
			"source": "10.0.2.15/32"
		}
	],
	"dns-server": [
		"10.0.2.3"
	],
	"dns-search": [
		
	],
	"neighbors": [
		
	],
	"inactive": {
		"ipv4-address": [
			
		],
		"ipv6-address": [
			
		],
		"route": [
			
		],
		"dns-server": [
			
		],
		"dns-search": [
			
		],
		"neighbors": [
			
		]
	},
	"data": {
		"dhcpserver": "10.0.2.2",
		"leasetime": 86400
	}
}
SNWNETKHHF 0
root@OpenWrt:~# 