Labgrid Console Logfile for main
Logfile started at 2026-01-15 20:56:38.199094
=== Log starts here ===
[    0.000000] Linux version 6.12.65 (builder@buildhost) (mips-openwrt-linux-musl-gcc (OpenWrt GCC 14.3.0 r32663-bd1cf1b18a) 14.3.0, GNU ld (GNU Binutils) 2.44) #0 SMP Thu Jan 15 14:33:26 2026
[    0.000000] earlycon: uart8250 at I/O port 0x3f8 (options '38400n8')
[    0.000000] printk: legacy bootconsole [uart8250] enabled
[    0.000000] Config serial console: console=ttyS0,38400n8r
[    0.000000] CPU0 revision is: 00019300 (MIPS 24Kc)
[    0.000000] MIPS: machine is mti,malta
[    0.000000] Software DMA cache coherency enabled
[    0.000000] Initrd not found or empty - disabling initrd
[    0.000000] OF: reserved mem: Reserved memory: No reserved-memory node in the DT
[    0.000000] Primary instruction cache 2kB, VIPT, 2-way, linesize 16 bytes.
[    0.000000] Primary data cache 2kB, 2-way, VIPT, no aliases, linesize 16 bytes
[    0.000000] Zone ranges:
[    0.000000]   DMA      [mem 0x0000000000000000-0x0000000000ffffff]
[    0.000000]   Normal   [mem 0x0000000001000000-0x0000000007ffefff]
[    0.000000]   HighMem  empty
[    0.000000] Movable zone start for each node
[    0.000000] Early memory node ranges
[    0.000000]   node   0: [mem 0x0000000000000000-0x0000000007ffefff]
[    0.000000] Initmem setup node 0 [mem 0x0000000000000000-0x0000000007ffefff]
[    0.000000] random: crng init done
[    0.000000] percpu: Embedded 14 pages/cpu s24656 r8192 d24496 u57344
[    0.000000] Kernel command line:  console=ttyS0,38400n8r
[    0.000000] Dentry cache hash table entries: 16384 (order: 4, 65536 bytes, linear)
[    0.000000] Inode-cache hash table entries: 8192 (order: 3, 32768 bytes, linear)
[    0.000000] Writing ErrCtl register=00000000
[    0.000000] Readback ErrCtl register=00000000
[    0.000000] Built 1 zonelists, mobility grouping on.  Total pages: 32767
[    0.000000] mem auto-init: stack:off, heap alloc:off, heap free:off
[    0.000000] SLUB: HWalign=64, Order=0-3, MinObjects=0, CPUs=1, Nodes=1
[    0.000000] rcu: Hierarchical RCU implementation.
[    0.000000] rcu: 	RCU restricting CPUs from NR_CPUS=2 to nr_cpu_ids=1.
[    0.000000] 	Tracing variant of Tasks RCU enabled.
[    0.000000] rcu: RCU calculated value of scheduler-enlistment delay is 10 jiffies.
[    0.000000] rcu: Adjusting geometry for rcu_fanout_leaf=16, nr_cpu_ids=1
[    0.000000] RCU Tasks Trace: Setting shift to 0 and lim to 1 rcu_task_cb_adjust=1 rcu_task_cpu_ids=1.
[    0.000000] NR_IRQS: 256
[    0.000000] rcu: srcu_init: Setting srcu_struct sizes based on contention.
[    0.000000] CPU frequency 320.00 MHz
[    0.000000] clocksource: MIPS: mask: 0xffffffff max_cycles: 0xffffffff, max_idle_ns: 11945382121 ns
[    0.000173] sched_clock: 32 bits at 160MHz, resolution 6ns, wraps every 13421777916ns
[    0.004437] Console: colour dummy device 80x25
[    0.011032] Calibrating delay loop... 1070.69 BogoMIPS (lpj=5353472)
[    0.111550] pid_max: default: 32768 minimum: 301
[    0.114632] Mount-cache hash table entries: 1024 (order: 0, 4096 bytes, linear)
[    0.114930] Mountpoint-cache hash table entries: 1024 (order: 0, 4096 bytes, linear)
[    0.158744] rcu: Hierarchical SRCU implementation.
[    0.159010] rcu: 	Max phase no-delay instances is 1000.
[    0.162213] smp: Bringing up secondary CPUs ...
[    0.162563] smp: Brought up 1 node, 1 CPU
[    0.167155] Memory: 102496K/131068K available (8686K kernel code, 661K rwdata, 1816K rodata, 14108K init, 263K bss, 27900K reserved, 0K cma-reserved, 0K highmem)
[    0.178948] clocksource: jiffies: mask: 0xffffffff max_cycles: 0xffffffff, max_idle_ns: 19112604462750000 ns
[    0.179451] futex hash table entries: 256 (order: 2, 16384 bytes, linear)
[    0.189706] NET: Registered PF_NETLINK/PF_ROUTE protocol family
[    0.194949] thermal_sys: Registered thermal governor 'step_wise'
[    0.213493] SCSI subsystem initialized
[    0.226845] PCI host bridge to bus 0000:00
[    0.227405] pci_bus 0000:00: root bus resource [mem 0x10000000-0x17ffffff]
[    0.228122] pci_bus 0000:00: root bus resource [io  0x1000-0x1fffff]
[    0.228452] pci_bus 0000:00: No busn resource found for root bus, will use [bus 00-ff]
[    0.238862] pci 0000:00:00.0: [2046:ab11] type 00 class 0x100000 conventional PCI endpoint
[    0.239749] pci 0000:00:00.0: [Firmware Bug]: BAR 0: invalid; can't size
[    0.240062] pci 0000:00:00.0: [Firmware Bug]: BAR 1: invalid; can't size
[    0.240365] pci 0000:00:00.0: [Firmware Bug]: BAR 2: invalid; can't size
[    0.248820] pci 0000:00:00.0: [Firmware Bug]: BAR 3: invalid; can't size
[    0.249228] pci 0000:00:00.0: [Firmware Bug]: BAR 4: invalid; can't size
[    0.249640] pci 0000:00:00.0: [Firmware Bug]: BAR 5: invalid; can't size
[    0.251971] pci 0000:00:0a.0: [8086:7110] type 00 class 0x060100 conventional PCI endpoint
[    0.260918] pci 0000:00:0a.1: [8086:7111] type 00 class 0x010180 conventional PCI endpoint
[    0.261440] pci 0000:00:0a.1: BAR 4 [io  0x0000-0x000f]
[    0.261754] pci 0000:00:0a.1: BAR 0 [io  0x01f0-0x01f7]: legacy IDE quirk
[    0.270842] pci 0000:00:0a.1: BAR 1 [io  0x03f6]: legacy IDE quirk
[    0.271263] pci 0000:00:0a.1: BAR 2 [io  0x0170-0x0177]: legacy IDE quirk
[    0.271561] pci 0000:00:0a.1: BAR 3 [io  0x0376]: legacy IDE quirk
[    0.272122] pci 0000:00:0a.2: [8086:7112] type 00 class 0x0c0300 conventional PCI endpoint
[    0.281962] pci 0000:00:0a.2: BAR 4 [io  0x0000-0x001f]
[    0.282804] pci 0000:00:0a.3: [8086:7113] type 00 class 0x068000 conventional PCI endpoint
[    0.283561] pci 0000:00:0a.3: quirk: [io  0x1000-0x103f] claimed by PIIX4 ACPI
[    0.292717] pci 0000:00:0a.3: quirk: [io  0x1100-0x110f] claimed by PIIX4 SMB
[    0.293542] pci 0000:00:0b.0: [1022:2000] type 00 class 0x020000 conventional PCI endpoint
[    0.293899] pci 0000:00:0b.0: BAR 0 [io  0x0000-0x001f]
[    0.294102] pci 0000:00:0b.0: BAR 1 [mem 0x00000000-0x0000001f]
[    0.303691] pci 0000:00:0b.0: ROM [mem 0x00000000-0x0007ffff pref]
[    0.304536] pci 0000:00:12.0: [1013:00b8] type 00 class 0x030000 conventional PCI endpoint
[    0.304891] pci 0000:00:12.0: BAR 0 [mem 0x00000000-0x01ffffff pref]
[    0.314351] pci 0000:00:12.0: BAR 1 [mem 0x00000000-0x00000fff]
[    0.314782] pci 0000:00:12.0: ROM [mem 0x00000000-0x0000ffff pref]
[    0.315443] pci 0000:00:13.0: [1af4:1005] type 00 class 0x00ff00 conventional PCI endpoint
[    0.315803] pci 0000:00:13.0: BAR 0 [io  0x0000-0x001f]
[    0.325285] pci 0000:00:13.0: BAR 4 [mem 0x00000000-0x00003fff 64bit pref]
[    0.326160] pci 0000:00:14.0: [1022:2000] type 00 class 0x020000 conventional PCI endpoint
[    0.326481] pci 0000:00:14.0: BAR 0 [io  0x0000-0x001f]
[    0.326714] pci 0000:00:14.0: BAR 1 [mem 0x00000000-0x0000001f]
[    0.336243] pci 0000:00:14.0: ROM [mem 0x00000000-0x0007ffff pref]
[    0.337278] pci_bus 0000:00: busn_res: [bus 00-ff] end is updated to 00
[    0.338691] pci 0000:00:12.0: BAR 0 [mem 0x10000000-0x11ffffff pref]: assigned
[    0.339158] pci 0000:00:0b.0: ROM [mem 0x12000000-0x1207ffff pref]: assigned
[    0.347330] pci 0000:00:14.0: ROM [mem 0x12080000-0x120fffff pref]: assigned
[    0.347744] pci 0000:00:12.0: ROM [mem 0x12100000-0x1210ffff pref]: assigned
[    0.348065] pci 0000:00:13.0: BAR 4 [mem 0x12110000-0x12113fff 64bit pref]: assigned
[    0.358199] pci 0000:00:12.0: BAR 1 [mem 0x12114000-0x12114fff]: assigned
[    0.358551] pci 0000:00:0a.2: BAR 4 [io  0x1040-0x105f]: assigned
[    0.358823] pci 0000:00:0b.0: BAR 0 [io  0x1060-0x107f]: assigned
[    0.359048] pci 0000:00:0b.0: BAR 1 [mem 0x12115000-0x1211501f]: assigned
[    0.368974] pci 0000:00:13.0: BAR 0 [io  0x1080-0x109f]: assigned
[    0.369327] pci 0000:00:14.0: BAR 0 [io  0x10a0-0x10bf]: assigned
[    0.369549] pci 0000:00:14.0: BAR 1 [mem 0x12115020-0x1211503f]: assigned
[    0.369821] pci 0000:00:0a.1: BAR 4 [io  0x10c0-0x10cf]: assigned
[    0.386163] clocksource: Switched to clocksource MIPS
[    0.388000] VFS: Disk quotas dquot_6.6.0
[    0.388280] VFS: Dquot-cache hash table entries: 1024 (order 0, 4096 bytes)
[    0.396889] NET: Registered PF_INET protocol family
[    0.398315] IP idents hash table entries: 2048 (order: 2, 16384 bytes, linear)
[    0.404580] tcp_listen_portaddr_hash hash table entries: 512 (order: 0, 4096 bytes, linear)
[    0.404965] Table-perturb hash table entries: 65536 (order: 6, 262144 bytes, linear)
[    0.407435] TCP established hash table entries: 1024 (order: 0, 4096 bytes, linear)
[    0.407926] TCP bind hash table entries: 1024 (order: 2, 16384 bytes, linear)
[    0.408291] TCP: Hash tables configured (established 1024 bind 1024)
[    0.420225] MPTCP token hash table entries: 256 (order: 0, 4096 bytes, linear)
[    0.420766] UDP hash table entries: 256 (order: 1, 8192 bytes, linear)
[    0.421371] UDP-Lite hash table entries: 256 (order: 1, 8192 bytes, linear)
[    0.423151] NET: Registered PF_UNIX/PF_LOCAL protocol family
[    0.432147] pci 0000:00:0a.2: enabling device (0000 -> 0001)
[    0.433017] PCI: CLS 0 bytes, default 16
[    0.474364] workingset: timestamp_bits=14 max_order=15 bucket_order=1
[    0.477035] squashfs: version 4.0 (2009/01/31) Phillip Lougher
[    0.477330] jffs2: version 2.2 (NAND) (SUMMARY) (LZMA) (RTIME) (CMODE_PRIORITY) (c) 2001-2006 Red Hat, Inc.
[    0.482443] Block layer SCSI generic (bsg) driver version 0.4 loaded (major 251)
[    0.489742] Serial: 8250/16550 driver, 16 ports, IRQ sharing enabled
[    0.496385] printk: legacy console [ttyS0] disabled
[    0.517436] serial8250.0: ttyS0 at I/O 0x3f8 (irq = 4, base_baud = 115200) is a 16550A
[    0.517808] serial8250.0: ttyS0 extra baud rates supported: 230400, 460800
[    0.517808] serial8250.0: ttyS0 extra baud rates supported: 230400, 460800
[    0.519396] printk: legacy console [ttyS0] enabled
[    0.519396] printk: legacy console [ttyS0] enabled
[    0.528265] printk: legacy bootconsole [uart8250] disabled
[    0.528265] printk: legacy bootconsole [uart8250] disabled
[    0.602864] serial8250.0: ttyS1 at I/O 0x2f8 (irq = 3, base_baud = 115200) is a 16550A
[    0.603189] serial8250.0: ttyS1 extra baud rates supported: 230400, 460800
[    0.621547] serial8250.0: ttyS2 at MMIO 0x1f000900 (irq = 20, base_baud = 230400) is a 16550A
[    0.672889] brd: module loaded
[    0.684472] loop: module loaded
[    0.685670] ata_piix 0000:00:0a.1: enabling device (0000 -> 0001)
[    0.692956] scsi host0: ata_piix
[    0.695377] scsi host1: ata_piix
[    0.695997] ata1: PATA max UDMA/33 cmd 0x1f0 ctl 0x3f6 bmdma 0x10c0 irq 14 lpm-pol 0
[    0.696314] ata2: PATA max UDMA/33 cmd 0x170 ctl 0x376 bmdma 0x10c8 irq 15 lpm-pol 0
[    0.700010] mousedev: PS/2 mouse device common for all mice
[    0.709179] rtc_cmos 70.rtc: registered as rtc0
[    0.710077] rtc_cmos 70.rtc: setting system clock to 2026-01-15T20:56:40 UTC (1768510600)
[    0.710743] rtc_cmos 70.rtc: alarms up to one day, 242 bytes nvram
[    0.714624] NET: Registered PF_INET6 protocol family
[    0.727772] Segment Routing with IPv6
[    0.728158] In-situ OAM (IOAM) with IPv6
[    0.728826] NET: Registered PF_PACKET protocol family
[    0.729513] bridge: filtering via arp/ip/ip6tables is no longer available by default. Update your scripts to load br_netfilter if you need this.
[    0.739382] 8021q: 802.1Q VLAN Support v1.8
[    0.772304] clk: Disabling unused clocks
[    0.772838] Warning: unable to open an initial console.
[    0.875101] ata2: found unknown device (class 0)
[    0.879452] ata2.00: ATAPI: QEMU DVD-ROM, 2.5+, max UDMA/100
[    0.892170] scsi 1:0:0:0: CD-ROM            QEMU     QEMU DVD-ROM     2.5+ PQ: 0 ANSI: 5
[    0.978698] Freeing unused kernel image (initmem) memory: 14108K
[    0.979053] This architecture does not have kernel memory protection.
[    0.979473] Run /init as init process
[    1.401972] init: Console is alive
[    1.439248] kmodloader: loading kernel modules from /etc/modules-boot.d/*
[    1.448643] kmodloader: done loading kernel modules from /etc/modules-boot.d/*
[    1.458345] init: - preinit -
Press the [f] key and hit [enter] to enter failsafe mode
Press the [1], [2], [3] or [4] key and hit [enter] to select the debug level
[    6.638128] procd: - early -
[    7.343379] procd: - ubus -
[    7.430903] procd: - init -
Please press Enter to activate this console.
root
login[602]: root login on 'ttyS0'


BusyBox v1.37.0 (2026-01-15 14:33:26 UTC) built-in shell (ash)

  _______                     ________        __
 |       |.-----.-----.-----.|  |  |  |.----.|  |_
 |   -   ||  _  |  -__|     ||  |  |  ||   _||   _|
 |_______||   __|_____|__|__||________||__|  |____|
          |__| W I R E L E S S   F R E E D O M
 -----------------------------------------------------
 OpenWrt SNAPSHOT, r32663-bd1cf1b18a
 -----------------------------------------------------

 === WARNING! =====================================
 There is no root password defined on this device!
 Use the "passwd" command to set up a new password
 in order to prevent unauthorized SSH logins.
 --------------------------------------------------


 OpenWrt recently switched to the "apk" package manager!

 OPKG Command           APK Equivalent      Description
 ------------------------------------------------------------------
 opkg install <pkg>     apk add <pkg>       Install a package
 opkg remove <pkg>      apk del <pkg>       Remove a package
 opkg upgrade           apk upgrade         Upgrade all packages
 opkg files <pkg>       apk info -L <pkg>   List package contents
 opkg list-installed    apk info            List installed packages
 opkg update            apk update          Update package lists
 opkg search <pkg>      apk search <pkg>    Search for packages
 ------------------------------------------------------------------

For more information visit:
https://openwrt.org/docs/guide-user/additional-software/opkg-to-apk-cheatsheet

root@(none):~# mesg -n 1
-ash: mesg: not found
root@(none):~# echo 'GSWA''PJBMBH'
GSWAPJBMBH
root@(none):~# run() { echo -n "$MARKER"; sh -c "$@"; echo "$MARKER $?"; }
root@(none):~# echo 'LUPE''AYTWQX'
LUPEAYTWQX
root@(none):~# MARKER='LSKS''LYQTWN' run 'ubus wait_for network.interface.lan'
LSKSLYQTWN[    8.982462] kmodloader: loading kernel modules from /etc/modules.d/*
[    9.717308] urngd: v1.0.2 started.
[   10.019840] compat: loading out-of-tree module taints kernel.
[   10.020369] Loading modules backported from Linux version v6.18-0-g7d0a66e4b
[   10.020606] Backport generated by backports.git 4d44cef
[   10.051799] pcnet32 0000:00:0b.0: enabling device (0000 -> 0003)
[   10.053116] pcnet32: PCnet/PCI II 79C970A at 0x1060, 52:54:00:12:34:56 assigned IRQ 10
[   10.056905] pcnet32: eth0: registered as PCnet/PCI II 79C970A
[   10.057380] pcnet32 0000:00:14.0: enabling device (0000 -> 0003)
[   10.063118] pcnet32: PCnet/PCI II 79C970A at 0x10a0, 52:54:00:12:34:57 assigned IRQ 11
[   10.064444] pcnet32: eth1: registered as PCnet/PCI II 79C970A
[   10.064890] pcnet32: 2 cards_found
[   10.191968] mac80211_hwsim: initializing netlink
[   10.408069] PPP generic driver version 2.4.2
[   10.409399] NET: Registered PF_PPPOX protocol family
[   10.413196] kmodloader: done loading kernel modules from /etc/modules.d/*
