Labgrid Console Logfile for main
Logfile started at 2026-03-30 02:16:48.215614
=== Log starts here ===
c[?7l[2J[0mSeaBIOS (version 1.16.3-debian-1.16.3-2)


iPXE (https://ipxe.org) 00:03.0 CA00 PCI2.10 PnP PMM+06FCAE70+06F0AE70 CA00
Press Ctrl-B to configure iPXE (PCI 00:03.0)...                                                                               




iPXE (https://ipxe.org) 00:05.0 CB00 PCI2.10 PnP PMM 06FCAE70 06F0AE70 CB00
Press Ctrl-B to configure iPXE (PCI 00:05.0)...                                                                               


Booting from Hard Disk...
GRUB loading.....
[0;30;47mWelcome to GRUB!

[01;01H[0m[2J[H[J[1;1H[?25l[m[H[J[1;1H[2;30HGNU GRUB  version 2.12

[m[4;2H+----------------------------------------------------------------------------+[5;2H|[5;79H|[6;2H|[6;79H|[7;2H|[7;79H|[8;2H|[8;79H|[9;2H|[9;79H|[10;2H|[10;79H|[11;2H|[11;79H|[12;2H|[12;79H|[13;2H|[13;79H|[14;2H|[14;79H|[15;2H|[15;79H|[16;2H+----------------------------------------------------------------------------+[m[17;2H[18;2H[m     Use the ^ and v keys to select which entry is highlighted.          
      Press enter to boot the selected OS, `e' to edit the commands       
      before booting or `c' for a command-line. ESC to return             
      previous menu.                                                      [5;80H [7m[5;3H*OpenWrt                                                                    [m[5;78H[m[m[6;3H OpenWrt (failsafe)                                                         [m[6;78H[m[m[7;3H                                                                            [m[7;78H[m[m[8;3H                                                                            [m[8;78H[m[m[9;3H                                                                            [m[9;78H[m[m[10;3H                                                                            [m[10;78H[m[m[11;3H                                                                            [m[11;78H[m[m[12;3H                                                                            [m[12;78H[m[m[13;3H                                                                            [m[13;78H[m[m[14;3H                                                                            [m[14;78H[m[m[15;3H                                                                            [m[15;78H[m[15;80H [5;78H[2J[02;30HGNU GRUB  version 2.12[04;02H┌────────────────────────────────────────────────────────────────────────────┐[05;02H│[05;79H│[06;02H│[06;79H│[07;02H│[07;79H│[08;02H│[08;79H│[09;02H│[09;79H│[10;02H│[10;79H│[11;02H│[11;79H│[12;02H│[12;79H│[13;02H│[13;79H│[14;02H│[14;79H│[15;02H│[15;79H│[16;02H│[16;79H│[17;02H└────────────────────────────────────────────────────────────────────────────┘[19;02H     Use the ↑ and ↓ keys to select which entry is highlighted.          
      Press enter to boot the selected OS, `e' to edit the commands       
      before booting or `c' for a command-line. ESC to return             
      previous menu.                                                      [05;80H [05;03H[0;30;47m*OpenWrt                                                                    [06;03H[0m OpenWrt (failsafe)                                                         [07;03H                                                                            [08;03H                                                                            [09;03H                                           [09;45H[09;46H                                 [10;03H                                                                            [11;03H                                                   [11;53H[11;54H                         [12;03H                                                                            [13;03H                                                                            [14;03H                                                                            [15;03H                                                                            [16;03H                                                                            [16;80H 






   The highlighted entry will be executed automatically in 5s. [23;63H[23;64H               [22;1H   The highlighted entry will be executed automatically in 5s.                 [5;78H [05;78H

















   The highlighted entry will be executed automatically in 4s.                [22;1H   The highlighted entry will be executed automatically in 4s.                 [5;78H [05;78H

















   The highlighted entry will be executed automatically in 3s.                [22;1H   The highlighted entry will be executed automatically in 3s.                 [5;78H [05;78H

















   The highlighted entry will be executed automatically in 2s.                [22;1H   The highlighted entry will be executed automatically in 2s.                 [5;78H [05;78H

















   The highlighted entry will be executed automatically in 1s.                [22;1H   The highlighted entry will be executed automatically in 1s.                 [5;78H [05;78H

















   The highlighted entry will be executed automatically in 0s.        [23;70H[23;71H        [22;1H   The highlighted entry will be executed automatically in 0s.                 [5;78H [01;01H[2J[?25h[H[J[1;1H[H[J[1;1H[2J   Booting `OpenWrt' Booting `OpenWrt

'

[    0.000000] Linux version 6.12.74 (builder@buildhost) (x86_64-openwrt-linux-musl-gcc (OpenWrt GCC 14.3.0 r32814-909b0b8880) 14.3.0, GNU ld (GNU Binutils) 2.44) #0 SMP Sun Mar 29 15:35:55 2026
[    0.000000] Command line: BOOT_IMAGE=/boot/vmlinuz root=PARTUUID=4d0d0236-02 rootwait console=tty1 console=ttyS0,115200n8 noinitrd
[    0.000000] BIOS-provided physical RAM map:
[    0.000000] BIOS-e820: [mem 0x0000000000000000-0x000000000009fbff] usable
[    0.000000] BIOS-e820: [mem 0x000000000009fc00-0x000000000009ffff] reserved
[    0.000000] BIOS-e820: [mem 0x00000000000f0000-0x00000000000fffff] reserved
[    0.000000] BIOS-e820: [mem 0x0000000000100000-0x0000000007fdcfff] usable
[    0.000000] BIOS-e820: [mem 0x0000000007fdd000-0x0000000007ffffff] reserved
[    0.000000] BIOS-e820: [mem 0x00000000fffc0000-0x00000000ffffffff] reserved
[    0.000000] BIOS-e820: [mem 0x000000fd00000000-0x000000ffffffffff] reserved
[    0.000000] NX (Execute Disable) protection: active
[    0.000000] APIC: Static calls initialized
[    0.000000] SMBIOS 3.0.0 present.
[    0.000000] DMI: QEMU Standard PC (i440FX + PIIX, 1996), BIOS 1.16.3-debian-1.16.3-2 04/01/2014
[    0.000000] DMI: Memory slots populated: 1/1
[    0.000000] tsc: Fast TSC calibration using PIT
[    0.000000] tsc: Detected 2445.402 MHz processor
[    0.007641] last_pfn = 0x7fdd max_arch_pfn = 0x400000000
[    0.008255] MTRR map: 4 entries (3 fixed + 1 variable; max 19), built from 8 variable MTRRs
[    0.008428] x86/PAT: Configuration [0-7]: WB  WC  UC- UC  WB  WP  UC- WT  
[    0.028342] found SMP MP-table at [mem 0x000f5460-0x000f546f]
[    0.029826] Using GB pages for direct mapping
[    0.034151] ACPI: Early table checksum verification disabled
[    0.034504] ACPI: RSDP 0x00000000000F5290 000014 (v00 BOCHS )
[    0.034823] ACPI: RSDT 0x0000000007FE1C64 000034 (v01 BOCHS  BXPC     00000001 BXPC 00000001)
[    0.035327] ACPI: FACP 0x0000000007FE1B18 000074 (v01 BOCHS  BXPC     00000001 BXPC 00000001)
[    0.035936] ACPI: DSDT 0x0000000007FE0040 001AD8 (v01 BOCHS  BXPC     00000001 BXPC 00000001)
[    0.036011] ACPI: FACS 0x0000000007FE0000 000040
[    0.036061] ACPI: APIC 0x0000000007FE1B8C 000078 (v03 BOCHS  BXPC     00000001 BXPC 00000001)
[    0.036081] ACPI: HPET 0x0000000007FE1C04 000038 (v01 BOCHS  BXPC     00000001 BXPC 00000001)
[    0.036100] ACPI: WAET 0x0000000007FE1C3C 000028 (v01 BOCHS  BXPC     00000001 BXPC 00000001)
[    0.036173] ACPI: Reserving FACP table memory at [mem 0x7fe1b18-0x7fe1b8b]
[    0.036222] ACPI: Reserving DSDT table memory at [mem 0x7fe0040-0x7fe1b17]
[    0.036229] ACPI: Reserving FACS table memory at [mem 0x7fe0000-0x7fe003f]
[    0.036235] ACPI: Reserving APIC table memory at [mem 0x7fe1b8c-0x7fe1c03]
[    0.036240] ACPI: Reserving HPET table memory at [mem 0x7fe1c04-0x7fe1c3b]
[    0.036246] ACPI: Reserving WAET table memory at [mem 0x7fe1c3c-0x7fe1c63]
[    0.039275] Zone ranges:
[    0.039303]   DMA      [mem 0x0000000000001000-0x0000000000ffffff]
[    0.039380]   DMA32    [mem 0x0000000001000000-0x0000000007fdcfff]
[    0.039389]   Normal   empty
[    0.039407] Movable zone start for each node
[    0.039440] Early memory node ranges
[    0.039467]   node   0: [mem 0x0000000000001000-0x000000000009efff]
[    0.039521]   node   0: [mem 0x0000000000100000-0x0000000007fdcfff]
[    0.039665] Initmem setup node 0 [mem 0x0000000000001000-0x0000000007fdcfff]
[    0.040706] On node 0, zone DMA: 1 pages in unavailable ranges
[    0.041179] On node 0, zone DMA: 97 pages in unavailable ranges
[    0.043246] On node 0, zone DMA32: 35 pages in unavailable ranges
[    0.043608] ACPI: PM-Timer IO Port: 0x608
[    0.044004] ACPI: LAPIC_NMI (acpi_id[0xff] dfl dfl lint[0x1])
[    0.044422] IOAPIC[0]: apic_id 0, version 32, address 0xfec00000, GSI 0-23
[    0.044538] ACPI: INT_SRC_OVR (bus 0 bus_irq 0 global_irq 2 dfl dfl)
[    0.044813] ACPI: INT_SRC_OVR (bus 0 bus_irq 5 global_irq 5 high level)
[    0.044864] ACPI: INT_SRC_OVR (bus 0 bus_irq 9 global_irq 9 high level)
[    0.044959] ACPI: INT_SRC_OVR (bus 0 bus_irq 10 global_irq 10 high level)
[    0.044968] ACPI: INT_SRC_OVR (bus 0 bus_irq 11 global_irq 11 high level)
[    0.045150] ACPI: Using ACPI (MADT) for SMP configuration information
[    0.045195] ACPI: HPET id: 0x8086a201 base: 0xfed00000
[    0.045579] CPU topo: Max. logical packages:   1
[    0.045612] CPU topo: Max. logical dies:       1
[    0.045622] CPU topo: Max. dies per package:   1
[    0.045668] CPU topo: Max. threads per core:   1
[    0.045844] CPU topo: Num. cores per package:     1
[    0.045860] CPU topo: Num. threads per package:   1
[    0.045869] CPU topo: Allowing 1 present CPUs plus 0 hotplug CPUs
[    0.047040] [mem 0x08000000-0xfffbffff] available for PCI devices
[    0.047109] Booting paravirtualized kernel on bare hardware
[    0.047420] clocksource: refined-jiffies: mask: 0xffffffff max_cycles: 0xffffffff, max_idle_ns: 19112604462750000 ns
[    0.048096] setup_percpu: NR_CPUS:512 nr_cpumask_bits:1 nr_cpu_ids:1 nr_node_ids:1
[    0.050078] percpu: Embedded 48 pages/cpu s158104 r8192 d30312 u2097152
[    0.052462] Kernel command line: BOOT_IMAGE=/boot/vmlinuz root=PARTUUID=4d0d0236-02 rootwait console=tty1 console=ttyS0,115200n8 noinitrd
[    0.054095] random: crng init done
[    0.058838] Dentry cache hash table entries: 16384 (order: 5, 131072 bytes, linear)
[    0.059927] Inode-cache hash table entries: 8192 (order: 4, 65536 bytes, linear)
[    0.062542] Built 1 zonelists, mobility grouping on.  Total pages: 32635
[    0.062780] mem auto-init: stack:off, heap alloc:off, heap free:off
[    0.073289] SLUB: HWalign=64, Order=0-3, MinObjects=0, CPUs=1, Nodes=1
[    0.081132] rcu: Hierarchical RCU implementation.
[    0.081161] rcu: 	RCU restricting CPUs from NR_CPUS=512 to nr_cpu_ids=1.
[    0.081312] 	Tracing variant of Tasks RCU enabled.
[    0.081405] rcu: RCU calculated value of scheduler-enlistment delay is 10 jiffies.
[    0.081436] rcu: Adjusting geometry for rcu_fanout_leaf=16, nr_cpu_ids=1
[    0.082606] RCU Tasks Trace: Setting shift to 0 and lim to 1 rcu_task_cb_adjust=1 rcu_task_cpu_ids=1.
[    0.082740] NR_IRQS: 33024, nr_irqs: 256, preallocated irqs: 16
[    0.091624] rcu: srcu_init: Setting srcu_struct sizes based on contention.
[    0.098458] Console: colour VGA+ 80x25
[    0.098891] printk: legacy console [tty1] enabled
[    0.106952] printk: legacy console [ttyS0] enabled
[    0.360002] ACPI: Core revision 20240827
[    0.365332] clocksource: hpet: mask: 0xffffffff max_cycles: 0xffffffff, max_idle_ns: 19112604467 ns
[    0.370113] APIC: Switch to symmetric I/O mode setup
[    0.374702] ..TIMER: vector=0x30 apic1=0 pin1=2 apic2=-1 pin2=-1
[    0.417171] clocksource: tsc-early: mask: 0xffffffffffffffff max_cycles: 0x233fc0f9daa, max_idle_ns: 440795213832 ns
[    0.417978] Calibrating delay loop (skipped), value calculated using timer frequency.. 4890.80 BogoMIPS (lpj=24454020)
[    0.419857] x86/cpu: User Mode Instruction Prevention (UMIP) activated
[    0.435257] Last level iTLB entries: 4KB 0, 2MB 0, 4MB 0
[    0.437964] Last level dTLB entries: 4KB 0, 2MB 0, 4MB 0, 1GB 0
[    0.439078] Spectre V1 : Mitigation: usercopy/swapgs barriers and __user pointer sanitization
[    0.440176] Spectre V2 : Mitigation: Retpolines
[    0.440409] Spectre V2 : Spectre v2 / SpectreRSB: Filling RSB on context switch and VMEXIT
[    0.440886] Speculative Store Bypass: Vulnerable
[    0.449708] x86/fpu: Supporting XSAVE feature 0x001: 'x87 floating point registers'
[    0.454426] x86/fpu: Supporting XSAVE feature 0x002: 'SSE registers'
[    0.454691] x86/fpu: Supporting XSAVE feature 0x004: 'AVX registers'
[    0.454950] x86/fpu: Supporting XSAVE feature 0x008: 'MPX bounds registers'
[    0.458758] x86/fpu: Supporting XSAVE feature 0x010: 'MPX CSR'
[    0.459172] x86/fpu: xstate_offset[2]:  576, xstate_sizes[2]:  256
[    0.459520] x86/fpu: xstate_offset[3]:  960, xstate_sizes[3]:   64
[    0.459765] x86/fpu: xstate_offset[4]: 1024, xstate_sizes[4]:   64
[    0.467783] x86/fpu: Enabled xstate features 0x1f, context size is 1088 bytes, using 'standard' format.
[    0.701138] Freeing SMP alternatives memory: 40K
[    0.701949] pid_max: default: 32768 minimum: 301
[    0.711496] Mount-cache hash table entries: 512 (order: 0, 4096 bytes, linear)
[    0.711881] Mountpoint-cache hash table entries: 512 (order: 0, 4096 bytes, linear)
[    0.863968] smpboot: CPU0: AMD QEMU TCG CPU version 2.5+ (family: 0x6, model: 0x6, stepping: 0x3)
[    0.868620] Performance Events: PMU not available due to virtualization, using software events only.
[    0.870133] signal: max sigframe size: 1616
[    0.886070] rcu: Hierarchical SRCU implementation.
[    0.886325] rcu: 	Max phase no-delay instances is 1000.
[    0.898485] smp: Bringing up secondary CPUs ...
[    0.900303] smp: Brought up 1 node, 1 CPU
[    0.900590] smpboot: Total of 1 processors activated (4890.80 BogoMIPS)
[    0.906865] Memory: 103276K/130540K available (14336K kernel code, 1177K rwdata, 2552K rodata, 1492K init, 1304K bss, 25620K reserved, 0K cma-reserved)
[    0.922100] clocksource: jiffies: mask: 0xffffffff max_cycles: 0xffffffff, max_idle_ns: 19112604462750000 ns
[    0.922937] futex hash table entries: 256 (order: 2, 16384 bytes, linear)
[    0.924130] pinctrl core: initialized pinctrl subsystem
[    0.943914] NET: Registered PF_NETLINK/PF_ROUTE protocol family
[    0.950238] thermal_sys: Registered thermal governor 'step_wise'
[    0.950277] thermal_sys: Registered thermal governor 'user_space'
[    0.951269] cpuidle: using governor ladder
[    0.952942] acpiphp: ACPI Hot Plug PCI Controller Driver version: 0.5
[    0.957342] PCI: Using configuration type 1 for base access
[    0.966342] cryptd: max_cpu_qlen set to 1000
[    0.972693] ACPI: Added _OSI(Module Device)
[    0.972890] ACPI: Added _OSI(Processor Device)
[    0.973063] ACPI: Added _OSI(Processor Aggregator Device)
[    0.987086] ACPI: 1 ACPI AML tables successfully acquired and loaded
[    1.003772] ACPI: Interpreter enabled
[    1.004685] ACPI: PM: (supports S0 S5)
[    1.004893] ACPI: Using IOAPIC for interrupt routing
[    1.005456] PCI: Using host bridge windows from ACPI; if necessary, use "pci=nocrs" and report a bug
[    1.005844] PCI: Using E820 reservations for host bridge windows
[    1.009606] ACPI: Enabled 2 GPEs in block 00 to 0F
[    1.048939] ACPI: PCI Root Bridge [PCI0] (domain 0000 [bus 00-ff])
[    1.049828] acpi PNP0A03:00: _OSC: OS supports [ASPM ClockPM Segments MSI HPX-Type3]
[    1.050290] acpi PNP0A03:00: _OSC: not requesting OS control; OS requires [ExtendedConfig ASPM ClockPM MSI]
[    1.051172] acpi PNP0A03:00: fail to add MMCONFIG information, can't access extended configuration space under this bridge
[    1.062240] acpiphp: Slot [3] registered
[    1.062580] acpiphp: Slot [4] registered
[    1.062836] acpiphp: Slot [5] registered
[    1.063078] acpiphp: Slot [6] registered
[    1.068006] acpiphp: Slot [7] registered
[    1.068442] acpiphp: Slot [8] registered
[    1.070167] acpiphp: Slot [9] registered
[    1.070420] acpiphp: Slot [10] registered
[    1.070673] acpiphp: Slot [11] registered
[    1.070938] acpiphp: Slot [12] registered
[    1.071181] acpiphp: Slot [13] registered
[    1.078050] acpiphp: Slot [14] registered
[    1.078471] acpiphp: Slot [15] registered
[    1.078857] acpiphp: Slot [16] registered
[    1.079106] acpiphp: Slot [17] registered
[    1.079356] acpiphp: Slot [18] registered
[    1.079610] acpiphp: Slot [19] registered
[    1.087958] acpiphp: Slot [20] registered
[    1.088373] acpiphp: Slot [21] registered
[    1.088809] acpiphp: Slot [22] registered
[    1.089065] acpiphp: Slot [23] registered
[    1.089307] acpiphp: Slot [24] registered
[    1.089550] acpiphp: Slot [25] registered
[    1.089840] acpiphp: Slot [26] registered
[    1.098046] acpiphp: Slot [27] registered
[    1.098484] acpiphp: Slot [28] registered
[    1.098787] acpiphp: Slot [29] registered
[    1.099041] acpiphp: Slot [30] registered
[    1.099285] acpiphp: Slot [31] registered
[    1.099761] PCI host bridge to bus 0000:00
[    1.108350] pci_bus 0000:00: root bus resource [io  0x0000-0x0cf7 window]
[    1.108821] pci_bus 0000:00: root bus resource [io  0x0d00-0xffff window]
[    1.109057] pci_bus 0000:00: root bus resource [mem 0x000a0000-0x000bffff window]
[    1.109419] pci_bus 0000:00: root bus resource [mem 0x08000000-0xfebfffff window]
[    1.117941] pci_bus 0000:00: root bus resource [mem 0x100000000-0x17fffffff window]
[    1.118546] pci_bus 0000:00: root bus resource [bus 00-ff]
[    1.128760] pci 0000:00:00.0: [8086:1237] type 00 class 0x060000 conventional PCI endpoint
[    1.141423] pci 0000:00:01.0: [8086:7000] type 00 class 0x060100 conventional PCI endpoint
[    1.142334] pci 0000:00:01.1: [8086:7010] type 00 class 0x010180 conventional PCI endpoint
[    1.145027] pci 0000:00:01.1: BAR 4 [io  0xc0e0-0xc0ef]
[    1.146270] pci 0000:00:01.1: BAR 0 [io  0x01f0-0x01f7]: legacy IDE quirk
[    1.147935] pci 0000:00:01.1: BAR 1 [io  0x03f6]: legacy IDE quirk
[    1.148341] pci 0000:00:01.1: BAR 2 [io  0x0170-0x0177]: legacy IDE quirk
[    1.148599] pci 0000:00:01.1: BAR 3 [io  0x0376]: legacy IDE quirk
[    1.149494] pci 0000:00:01.3: [8086:7113] type 00 class 0x068000 conventional PCI endpoint
[    1.158394] pci 0000:00:01.3: quirk: [io  0x0600-0x063f] claimed by PIIX4 ACPI
[    1.158732] pci 0000:00:01.3: quirk: [io  0x0700-0x070f] claimed by PIIX4 SMB
[    1.159659] pci 0000:00:02.0: [1234:1111] type 00 class 0x030000 conventional PCI endpoint
[    1.168491] pci 0000:00:02.0: BAR 0 [mem 0xfd000000-0xfdffffff pref]
[    1.169985] pci 0000:00:02.0: BAR 2 [mem 0xfeb90000-0xfeb90fff]
[    1.172522] pci 0000:00:02.0: ROM [mem 0xfeb80000-0xfeb8ffff pref]
[    1.173011] pci 0000:00:02.0: Video device with shadowed ROM at [mem 0x000c0000-0x000dffff]
[    1.178829] pci 0000:00:03.0: [1af4:1000] type 00 class 0x020000 conventional PCI endpoint
[    1.180069] pci 0000:00:03.0: BAR 0 [io  0xc080-0xc09f]
[    1.182349] pci 0000:00:03.0: BAR 4 [mem 0xfe000000-0xfe003fff 64bit pref]
[    1.183554] pci 0000:00:03.0: ROM [mem 0xfea80000-0xfeafffff pref]
[    1.197746] pci 0000:00:04.0: [1af4:1005] type 00 class 0x00ff00 conventional PCI endpoint
[    1.199129] pci 0000:00:04.0: BAR 0 [io  0xc0a0-0xc0bf]
[    1.199956] pci 0000:00:04.0: BAR 1 [mem 0xfeb91000-0xfeb91fff]
[    1.202872] pci 0000:00:04.0: BAR 4 [mem 0xfe004000-0xfe007fff 64bit pref]
[    1.208800] pci 0000:00:05.0: [1af4:1000] type 00 class 0x020000 conventional PCI endpoint
[    1.210758] pci 0000:00:05.0: BAR 0 [io  0xc0c0-0xc0df]
[    1.211792] pci 0000:00:05.0: BAR 1 [mem 0xfeb92000-0xfeb92fff]
[    1.213469] pci 0000:00:05.0: BAR 4 [mem 0xfe008000-0xfe00bfff 64bit pref]
[    1.215795] pci 0000:00:05.0: ROM [mem 0xfeb00000-0xfeb7ffff pref]
[    1.219536] pci 0000:00:06.0: [1af4:1001] type 00 class 0x010000 conventional PCI endpoint
[    1.220569] pci 0000:00:06.0: BAR 0 [io  0xc000-0xc07f]
[    1.226596] pci 0000:00:06.0: BAR 1 [mem 0xfeb93000-0xfeb93fff]
[    1.228210] pci 0000:00:06.0: BAR 4 [mem 0xfe00c000-0xfe00ffff 64bit pref]
[    1.236215] ACPI: PCI: Interrupt link LNKA configured for IRQ 10
[    1.237299] ACPI: PCI: Interrupt link LNKB configured for IRQ 10
[    1.238204] ACPI: PCI: Interrupt link LNKC configured for IRQ 11
[    1.238818] ACPI: PCI: Interrupt link LNKD configured for IRQ 11
[    1.239260] ACPI: PCI: Interrupt link LNKS configured for IRQ 9
[    1.242608] iommu: Default domain type: Translated
[    1.247941] iommu: DMA domain TLB invalidation policy: lazy mode
[    1.251137] SCSI subsystem initialized
[    1.252730] ACPI: bus type USB registered
[    1.253369] usbcore: registered new interface driver usbfs
[    1.254440] usbcore: registered new interface driver hub
[    1.258119] usbcore: registered new device driver usb
[    1.258809] pps_core: LinuxPPS API ver. 1 registered
[    1.259004] pps_core: Software ver. 5.3.6 - Copyright 2005-2007 Rodolfo Giometti <giometti@linux.it>
[    1.259438] PTP clock support registered
[    1.281136] PCI: Using ACPI for IRQ routing
[    1.283365] hpet0: at MMIO 0xfed00000, IRQs 2, 8, 0
[    1.283687] hpet0: 3 comparators, 64-bit 100.000000 MHz counter
[    1.289018] clocksource: Switched to clocksource tsc-early
[    1.292858] pnp: PnP ACPI init
[    1.296990] pnp: PnP ACPI: found 6 devices
[    1.310792] clocksource: acpi_pm: mask: 0xffffff max_cycles: 0xffffff, max_idle_ns: 2085701024 ns
[    1.312114] NET: Registered PF_INET protocol family
[    1.313328] IP idents hash table entries: 2048 (order: 2, 16384 bytes, linear)
[    1.319198] tcp_listen_portaddr_hash hash table entries: 256 (order: 0, 4096 bytes, linear)
[    1.321475] Table-perturb hash table entries: 65536 (order: 6, 262144 bytes, linear)
[    1.321993] TCP established hash table entries: 1024 (order: 1, 8192 bytes, linear)
[    1.322465] TCP bind hash table entries: 1024 (order: 3, 32768 bytes, linear)
[    1.332483] TCP: Hash tables configured (established 1024 bind 1024)
[    1.334484] MPTCP token hash table entries: 256 (order: 1, 6144 bytes, linear)
[    1.335009] UDP hash table entries: 256 (order: 1, 8192 bytes, linear)
[    1.335467] UDP-Lite hash table entries: 256 (order: 1, 8192 bytes, linear)
[    1.345293] NET: Registered PF_UNIX/PF_LOCAL protocol family
[    1.346712] pci_bus 0000:00: resource 4 [io  0x0000-0x0cf7 window]
[    1.346966] pci_bus 0000:00: resource 5 [io  0x0d00-0xffff window]
[    1.347187] pci_bus 0000:00: resource 6 [mem 0x000a0000-0x000bffff window]
[    1.354517] pci_bus 0000:00: resource 7 [mem 0x08000000-0xfebfffff window]
[    1.354906] pci_bus 0000:00: resource 8 [mem 0x100000000-0x17fffffff window]
[    1.355695] pci 0000:00:01.0: PIIX3: Enabling Passive Release
[    1.355996] pci 0000:00:00.0: Limiting direct PCI/PCI transfers
[    1.365894] PCI: CLS 0 bytes, default 64
[    1.385460] workingset: timestamp_bits=46 max_order=15 bucket_order=0
[    1.388349] squashfs: version 4.0 (2009/01/31) Phillip Lougher
[    1.391162] Block layer SCSI generic (bsg) driver version 0.4 loaded (major 247)
[    1.394841] hv_vmbus: registering driver hyperv_fb
[    1.399704] input: Power Button as /devices/LNXSYSTM:00/LNXPWRBN:00/input/input0
[    1.408112] ACPI: button: Power Button [PWRF]
[    1.569399] ACPI: \_SB_.LNKC: Enabled at IRQ 11
[    1.722646] ACPI: \_SB_.LNKD: Enabled at IRQ 10
[    1.874295] ACPI: \_SB_.LNKA: Enabled at IRQ 10
[    2.025850] ACPI: \_SB_.LNKB: Enabled at IRQ 11
[    2.027758] Serial: 8250/16550 driver, 16 ports, IRQ sharing enabled
[    2.052960] 00:04: ttyS0 at I/O 0x3f8 (irq = 4, base_baud = 115200) is a 16550A
[    2.079387] Non-volatile memory driver v1.3
[    2.090549] Linux agpgart interface v0.103
[    2.091599] ACPI: bus type drm_connector registered
[    2.094491] [drm] Found bochs VGA, ID 0xb0c5.
[    2.094707] [drm] Framebuffer size 16384 kB @ 0xfd000000, mmio @ 0xfeb90000.
[    2.100814] [drm] Found EDID data blob.
[    2.106606] [drm] Initialized bochs-drm 1.0.0 for 0000:00:02.0 on minor 0
[    2.174866] Console: switching to colour frame buffer device 160x50
[    2.183978] bochs-drm 0000:00:02.0: [drm] fb0: bochs-drmdrmfb frame buffer device
[    2.202619] loop: module loaded
[    2.203310] virtio_blk virtio3: 1/0/0 default/read/poll queues
[    2.224518] virtio_blk virtio3: [vda] 246784 512-byte logical blocks (126 MB/121 MiB)
[    2.233871]  vda: vda1 vda2
[    2.236270] Guest personality initialized and is inactive
[    2.236882] VMCI host device registered (name=vmci, major=10, minor=256)
[    2.237169] Initialized host personality
[    2.237579] usbcore: registered new interface driver rtsx_usb
[    2.238622] VMware PVSCSI driver - version 1.0.7.0-k
[    2.247140] hv_vmbus: registering driver hv_storvsc
[    2.263212] scsi host0: ata_piix
[    2.265809] scsi host1: ata_piix
[    2.266935] ata1: PATA max MWDMA2 cmd 0x1f0 ctl 0x3f6 bmdma 0xc0e0 irq 14 lpm-pol 0
[    2.267287] ata2: PATA max MWDMA2 cmd 0x170 ctl 0x376 bmdma 0xc0e8 irq 15 lpm-pol 0
[    2.277786] VMware vmxnet3 virtual NIC driver - version 1.9.0.0-k-NAPI
[    2.278388] hv_vmbus: registering driver hv_netvsc
[    2.278764] Fusion MPT base driver 3.04.20
[    2.278929] Copyright (c) 1999-2008 LSI Corporation
[    2.279352] Fusion MPT SPI Host driver 3.04.20
[    2.288704] Fusion MPT SAS Host driver 3.04.20
[    2.290803] usbcore: registered new interface driver usb-storage
[    2.292045] i8042: PNP: PS/2 Controller [PNP0303:KBD,PNP0f13:MOU] at 0x60,0x64 irq 1,12
[    2.295278] serio: i8042 KBD port at 0x60,0x64 irq 1
[    2.295707] serio: i8042 AUX port at 0x60,0x64 irq 12
[    2.302507] hv_vmbus: registering driver hyperv_keyboard
[    2.304870] rtc_cmos 00:05: RTC can wake from S4
[    2.309838] rtc_cmos 00:05: registered as rtc0
[    2.312681] rtc_cmos 00:05: setting system clock to 2026-03-30T02:16:59 UTC (1774837019)
[    2.315109] rtc_cmos 00:05: alarms up to one day, y3k, 242 bytes nvram, hpet irqs
[    2.317761] intel_powerclamp: CPU does not support MWAIT
[    2.319941] amd_pstate: the _CPC object is not present in SBIOS or ACPI disabled
[    2.325834] sdhci: Secure Digital Host Controller Interface driver
[    2.327747] sdhci: Copyright(c) Pierre Ossman
[    2.330032] VUB300 Driver rom wait states = 1C irqpoll timeout = 0400
[    2.336646] input: AT Translated Set 2 keyboard as /devices/platform/i8042/serio0/input/input1
[    2.359912] usbcore: registered new interface driver vub300
[    2.362102] usbcore: registered new interface driver ushc
[    2.369850] hid: raw HID events driver (C) Jiri Kosina
[    2.372557] hv_vmbus: registering driver hid_hyperv
[    2.375226] usbcore: registered new interface driver usbhid
[    2.377309] usbhid: USB HID core driver
[    2.379387] hv_utils: Registering HyperV Utility Driver
[    2.381341] hv_vmbus: registering driver hv_utils
[    2.383583] hv_vmbus: registering driver hv_balloon
[    2.387043] NET: Registered PF_INET6 protocol family
[    2.402106] Segment Routing with IPv6
[    2.404326] In-situ OAM (IOAM) with IPv6
[    2.406813] NET: Registered PF_PACKET protocol family
[    2.409229] bridge: filtering via arp/ip/ip6tables is no longer available by default. Update your scripts to load br_netfilter if you need this.
[    2.418672] 8021q: 802.1Q VLAN Support v1.8
[    2.421195] NET: Registered PF_VSOCK protocol family
[    2.430349] IPI shorthand broadcast: enabled
[    2.437076] AES CTR mode by8 optimization enabled
[    2.458722] sched_clock: Marking stable (2190061520, 265597580)->(2462020439, -6361339)
[    2.491221] tsc: Refined TSC clocksource calibration: 2445.412 MHz
[    2.493603] clocksource: tsc: mask: 0xffffffffffffffff max_cycles: 0x233fca61329, max_idle_ns: 440795203427 ns
[    2.508313] ata2: found unknown device (class 0)
[    2.519037] clocksource: Switched to clocksource tsc
[    2.552256] ata2.00: ATAPI: QEMU DVD-ROM, 2.5+, max UDMA/100
[    2.570700] scsi 1:0:0:0: CD-ROM            QEMU     QEMU DVD-ROM     2.5+ PQ: 0 ANSI: 5
[    2.580975] clk: Disabling unused clocks
[    2.617742] sr 1:0:0:0: [sr0] scsi3-mmc drive: 4x/4x cd/rw xa/form2 tray
[    2.620354] cdrom: Uniform CD-ROM driver Revision: 3.20
[    2.677586] VFS: Mounted root (squashfs filesystem) readonly on device 254:2.
[    2.747473] Freeing unused kernel image (initmem) memory: 1492K
[    2.749952] Write protecting the kernel read-only data: 18432k
[    2.754137] Freeing unused kernel image (rodata/data gap) memory: 1544K
[    2.756749] Run /sbin/init as init process
[    3.069069] init: Console is alive
[    3.593562] kmodloader: loading kernel modules from /etc/modules-boot.d/*
[    3.652990] button_hotplug: loading out-of-tree module taints kernel.
[    3.660388] Button Hotplug driver version 0.4.1
[    3.679659] Intel(R) 2.5G Ethernet Linux Driver
[    3.681994] Copyright(c) 2018 Intel Corporation.
[    3.697043] igb: Intel(R) Gigabit Ethernet Network Driver
[    3.699468] igb: Copyright (c) 2007-2014 Intel Corporation.
[    3.715852] e1000e: Intel(R) PRO/1000 Network Driver
[    3.718174] e1000e: Copyright(c) 1999 - 2015 Intel Corporation.
[    3.730295] kmodloader: done loading kernel modules from /etc/modules-boot.d/*
[    3.749802] init: - preinit -
[    4.785594] 8021q: adding VLAN 0 to HW filter on device eth0
Press the [f] key and hit [enter] to enter failsafe mode
Press the [1], [2], [3] or [4] key and hit [enter] to select the debug level
[    9.417359] loop0: detected capacity change from 0 to 212992
[    9.456082] loop0: detected capacity change from 212992 to 200960
[    9.468808] mount_root: overlay filesystem in /dev/loop0 has not been formatted yet
[    9.793957] EXT4-fs (loop0): mounted filesystem fa9b79ef-7225-4350-99c6-579a8137857c r/w with ordered data mode. Quota mode: disabled.
[    9.807928] mount_root: overlay filesystem has not been fully initialized yet
[    9.826430] mount_root: switching to ext4 overlay
[    9.847860] overlayfs: null uuid detected in lower fs '/', falling back to xino=off,index=off,nfs_export=off.
[   10.559661] EXT4-fs (vda1): mounted filesystem 84173db5-fa99-e35a-95c6-28613cc79ea9 r/w without journal. Quota mode: disabled.
[   10.583958] urandom-seed: Seed file not found (/etc/urandom.seed)
[   10.730562] procd: - early -
[   11.478826] procd: - ubus -
[   11.657547] procd: - init -
Please press Enter to activate this console.
root
login[1048]: root login on 'ttyS0'


BusyBox v1.37.0 (2026-03-29 15:35:55 UTC) built-in shell (ash)

  _______                     ________        __
 |       |.-----.-----.-----.|  |  |  |.----.|  |_
 |   -   ||  _  |  -__|     ||  |  |  ||   _||   _|
 |_______||   __|_____|__|__||________||__|  |____|
          |__| W I R E L E S S   F R E E D O M
 -----------------------------------------------------
 OpenWrt 25.12-SNAPSHOT, r32814-909b0b8880 Dave's Guitar
 -----------------------------------------------------

 === WARNING! =====================================
 There is no root password defined on this device!
 Use the "passwd" command to set up a new password
 in order to prevent unauthorized SSH logins.
 --------------------------------------------------


 OpenWrt recently switched to the "apk" package manager!

 OPKG Command           APK Equivalent      Description
 ------------------------------------------------------------------
 opkg install <pkg>     apk add <pkg>       Install a package
 opkg remove <pkg>      apk del <pkg>       Remove a package
 opkg upgrade           apk upgrade         Upgrade all packages
 opkg files <pkg>       apk info -L <pkg>   List package contents
 opkg list-installed    apk info            List installed packages
 opkg update            apk update          Update package lists
 opkg search <pkg>      apk search <pkg>    Search for packages
 ------------------------------------------------------------------

For more information visit:
https://openwrt.org/docs/guide-user/additional-software/opkg-to-apk-cheatsheet

root@(none):~# dmesg -n 1
root@(none):~# echo 'ANLH''OALAZJ'
ANLHOALAZJ
root@(none):~# run() { echo -n "$MARKER"; sh -c "$@"; echo "$MARKER $?"; }
root@(none):~# echo 'TOEV''FFKCCL'
TOEVFFKCCL
root@(none):~# MARKER='QYHQ''XVOBSF' run 'ubus wait_for network.interface.lan'
QYHQXVOBSFQYHQXVOBSF 0
root@OpenWrt:~# echo 'HJAT''NNYPEY'
HJATNNYPEY
root@OpenWrt:~# MARKER='YMAS''MMBQWC' run 'ubus call network.interface.lan statu
s '"'"'{}'"'"''
YMASMMBQWC{
	"up": true,
	"pending": false,
	"available": true,
	"autostart": true,
	"dynamic": false,
	"uptime": 0,
	"l3_device": "br-lan",
	"proto": "static",
	"device": "br-lan",
	"updated": [
		"addresses"
	],
	"metric": 0,
	"dns_metric": 0,
	"delegation": true,
	"ipv4-address": [
		{
			"address": "192.168.1.1",
			"mask": 24
		}
	],
	"ipv6-address": [
		
	],
	"ipv6-prefix": [
		
	],
	"ipv6-prefix-assignment": [
		{
			"address": "fd7c:a9a5:84ab::",
			"mask": 60,
			"local-address": {
				"address": "fd7c:a9a5:84ab::1",
				"mask": 60
			}
		}
	],
	"route": [
		
	],
	"dns-server": [
		
	],
	"dns-search": [
		
	],
	"neighbors": [
		
	],
	"inactive": {
		"ipv4-address": [
			
		],
		"ipv6-address": [
			
		],
		"route": [
			
		],
		"dns-server": [
			
		],
		"dns-search": [
			
		],
		"neighbors": [
			
		]
	},
	"data": {
		
	}
}
YMASMMBQWC 0
root@OpenWrt:~# echo 'GGPZ''WEUAVC'
GGPZWEUAVC
root@OpenWrt:~# MARKER='PWAU''YXOFLG' run true
PWAUYXOFLGPWAUYXOFLG 0
root@OpenWrt:~# echo 'UVLS''AZBAXL'
UVLSAZBAXL
root@OpenWrt:~# MARKER='SBAJ''GLJAZK' run 'source /etc/os-release; echo $BUILD_I
D'
SBAJGLJAZKr32814-909b0b8880
SBAJGLJAZK 0
root@OpenWrt:~# echo 'KLJH''GJQJFP'
KLJHGJQJFP
root@OpenWrt:~# MARKER='VJGK''UWHGTT' run 'ls /etc/dropbear/dropbear_rsa_host_ke
y'
VJGKUWHGTT[0;0m/etc/dropbear/dropbear_rsa_host_key[m
VJGKUWHGTT 0
root@OpenWrt:~# echo 'UCGH''CFTJNX'
UCGHCFTJNX
root@OpenWrt:~# MARKER='UUVO''VAFOPX' run 'netstat -tlpn | grep 0.0.0.0:22'
UUVOVAFOPXnetstat: showing only processes with your user ID
tcp        0      0 0.0.0.0:22              0.0.0.0:*               LISTEN      1756/dropbear
UUVOVAFOPX 0
root@OpenWrt:~# echo 'AQEJ''ZSAMTA'
AQEJZSAMTA
root@OpenWrt:~# MARKER='SZBL''KFAQSY' run 'dmesg | grep br-lan | grep forwarding
'
SZBLKFAQSY[   30.207444] br-lan: port 1(eth0) entered forwarding state
SZBLKFAQSY 0
root@OpenWrt:~# echo 'BQPK''WMOGON'
BQPKWMOGON
root@OpenWrt:~# MARKER='MQVW''WPAHKT' run 'ubus call network.interface.lan statu
s '"'"'{}'"'"''
MQVWWPAHKT{
	"up": true,
	"pending": false,
	"available": true,
	"autostart": true,
	"dynamic": false,
	"uptime": 7,
	"l3_device": "br-lan",
	"proto": "static",
	"device": "br-lan",
	"updated": [
		"addresses"
	],
	"metric": 0,
	"dns_metric": 0,
	"delegation": true,
	"ipv4-address": [
		{
			"address": "192.168.1.1",
			"mask": 24
		}
	],
	"ipv6-address": [
		
	],
	"ipv6-prefix": [
		
	],
	"ipv6-prefix-assignment": [
		{
			"address": "fd7c:a9a5:84ab::",
			"mask": 60,
			"local-address": {
				"address": "fd7c:a9a5:84ab::1",
				"mask": 60
			}
		}
	],
	"route": [
		
	],
	"dns-server": [
		
	],
	"dns-search": [
		
	],
	"neighbors": [
		
	],
	"inactive": {
		"ipv4-address": [
			
		],
		"ipv6-address": [
			
		],
		"route": [
			
		],
		"dns-server": [
			
		],
		"dns-search": [
			
		],
		"neighbors": [
			
		]
	},
	"data": {
		
	}
}
MQVWWPAHKT 0
root@OpenWrt:~# echo 'EFYS''HJXOZK'
EFYSHJXOZK
root@OpenWrt:~# MARKER='YAPE''OZYKXH' run 'ip -o addr show dev br-lan'
YAPEOZYKXH4: br-lan    inet 192.168.1.1/24 brd 192.168.1.255 scope global br-lan\       valid_lft forever preferred_lft forever
4: br-lan    inet6 fd7c:a9a5:84ab::1/60 scope global noprefixroute \       valid_lft forever preferred_lft forever
4: br-lan    inet6 fe80::5054:ff:fe12:3456/64 scope link \       valid_lft forever preferred_lft forever
YAPEOZYKXH 0
root@OpenWrt:~# echo 'EYMV''OJLQKZ'
EYMVOJLQKZ
root@OpenWrt:~# MARKER='STJA''EMYAHS' run 'ubus call network.interface.wan statu
s '"'"'{}'"'"''
STJAEMYAHS{
	"up": true,
	"pending": false,
	"available": true,
	"autostart": true,
	"dynamic": false,
	"uptime": 8,
	"l3_device": "eth1",
	"proto": "dhcp",
	"device": "eth1",
	"updated": [
		"addresses",
		"routes",
		"data"
	],
	"metric": 0,
	"dns_metric": 0,
	"delegation": true,
	"ipv4-address": [
		{
			"address": "10.0.2.15",
			"mask": 24
		}
	],
	"ipv6-address": [
		
	],
	"ipv6-prefix": [
		
	],
	"ipv6-prefix-assignment": [
		
	],
	"route": [
		{
			"target": "0.0.0.0",
			"mask": 0,
			"nexthop": "10.0.2.2",
			"source": "10.0.2.15/32"
		}
	],
	"dns-server": [
		"10.0.2.3"
	],
	"dns-search": [
		
	],
	"neighbors": [
		
	],
	"inactive": {
		"ipv4-address": [
			
		],
		"ipv6-address": [
			
		],
		"route": [
			
		],
		"dns-server": [
			
		],
		"dns-search": [
			
		],
		"neighbors": [
			
		]
	},
	"data": {
		"dhcpserver": "10.0.2.2",
		"leasetime": 86400
	}
}
STJAEMYAHS 0
root@OpenWrt:~# 