Labgrid Console Logfile for main
Logfile started at 2026-03-30 21:42:15.976274
=== Log starts here ===
c[?7l[2J[0mSeaBIOS (version 1.16.3-debian-1.16.3-2)


iPXE (https://ipxe.org) 00:03.0 CA00 PCI2.10 PnP PMM+06FCAE70+06F0AE70 CA00
Press Ctrl-B to configure iPXE (PCI 00:03.0)...                                                                               




iPXE (https://ipxe.org) 00:05.0 CB00 PCI2.10 PnP PMM 06FCAE70 06F0AE70 CB00
Press Ctrl-B to configure iPXE (PCI 00:05.0)...                                                                               


Booting from Hard Disk...
GRUB loading.....
[0;30;47mWelcome to GRUB!

[01;01H[0m[2J[H[J[1;1H[?25l[m[H[J[1;1H[2;30HGNU GRUB  version 2.12

[m[4;2H+----------------------------------------------------------------------------+[5;2H|[5;79H|[6;2H|[6;79H|[7;2H|[7;79H|[8;2H|[8;79H|[9;2H|[9;79H|[10;2H|[10;79H|[11;2H|[11;79H|[12;2H|[12;79H|[13;2H|[13;79H|[14;2H|[14;79H|[15;2H|[15;79H|[16;2H+----------------------------------------------------------------------------+[m[17;2H[18;2H[m     Use the ^ and v keys to select which entry is highlighted.          
      Press enter to boot the selected OS, `e' to edit the commands       
      before booting or `c' for a command-line. ESC to return             
      previous menu.                                                      [5;80H [7m[5;3H*OpenWrt                                                                    [m[5;78H[m[m[6;3H OpenWrt (failsafe)                                                         [m[6;78H[m[m[7;3H                                                                            [m[7;78H[m[m[8;3H                                                                            [m[8;78H[m[m[9;3H                                                                            [m[9;78H[m[m[10;3H                                                                            [m[10;78H[m[m[11;3H                                                                            [m[11;78H[m[m[12;3H                                                                            [m[12;78H[m[m[13;3H                                                                            [m[13;78H[m[m[14;3H                                                                            [m[14;78H[m[m[15;3H                                                                            [m[15;78H[m[15;80H [5;78H[2J[02;30HGNU GRUB  version 2.12[04;02H┌────────────────────────────────────────────────────────────────────────────┐[05;02H│[05;79H│[06;02H│[06;79H│[07;02H│[07;79H│[08;02H│[08;79H│[09;02H│[09;79H│[10;02H│[10;79H│[11;02H│[11;79H│[12;02H│[12;79H│[13;02H│[13;79H│[14;02H│[14;79H│[15;02H│[15;79H│[16;02H│[16;79H│[17;02H└────────────────────────────────────────────────────────────────────────────┘[19;02H     U[19;07H[19;08Hse the ↑ and ↓ keys to select which entry is highlighted.          
      Press enter to boot the selected OS, `e' to edit the commands       
      before booti[21;18H[21;19Hng or `c' for a command-line. ESC to return             
      previous menu.                                                      [05;80H [05;03H[0;30;47m*OpenWrt                   [05;29H[05;30H                                                 [06;03H[0m OpenWrt (failsafe)                                                         [07;03H                                                                            [08;03H                                                                            [09;03H                                          [09;44H[09;45H                                  [10;03H                                                                            [11;03H                                                                            [12;03H                                                                            [13;03H                                                        [13;58H[13;59H                    [14;03H                                                                            [15;03H                                                                            [16;03H                                                                            [16;80H 






   The highlighted entry will be executed automatically in 5s.                [22;1H   The highlighted entry will be executed automatically in 5s.                 [5;78H [05;78H

















   The highlighted entry will be[23;32H[23;33H executed automatically in 4s.                [22;1H   The highlighted entry will be executed automatically in 4s.                 [5;78H [05;78H

















   The highlighted entry will be executed automatically in 3s.                [22;1H   The highlighted entry will be executed automatically in 3s.                 [5;78H [05;78H

















   The highlighted entry will be executed automatically in 2s.                [22;1H   The highlighted entry will be executed automatically in 2s.                 [5;78H [05;78H

















   The highlighted entry will be executed automatically in 1s.                [22;1H   The highlighted entry will be executed automatically in 1s.                 [5;78H [05;78H

















   The highlighted entry will be executed automatically in[23;58H[23;59H 0s.                [22;1H   The highlighted entry will be executed automatically in 0s.                 [5;78H [01;01H[2J[?25h[H[J[1;1H[H[J[1;1H[2J   Booting `OpenWrt' Booting `OpenWrt

'

[    0.000000] Linux version 6.12.74 (builder@buildhost) (x86_64-openwrt-linux-musl-gcc (OpenWrt GCC 14.3.0 r32824-8a18e84a88) 14.3.0, GNU ld (GNU Binutils) 2.44) #0 SMP Mon Mar 30 11:02:58 2026
[    0.000000] Command line: BOOT_IMAGE=/boot/vmlinuz root=PARTUUID=f959174d-02 rootwait console=tty1 console=ttyS0,115200n8 noinitrd
[    0.000000] BIOS-provided physical RAM map:
[    0.000000] BIOS-e820: [mem 0x0000000000000000-0x000000000009fbff] usable
[    0.000000] BIOS-e820: [mem 0x000000000009fc00-0x000000000009ffff] reserved
[    0.000000] BIOS-e820: [mem 0x00000000000f0000-0x00000000000fffff] reserved
[    0.000000] BIOS-e820: [mem 0x0000000000100000-0x0000000007fdcfff] usable
[    0.000000] BIOS-e820: [mem 0x0000000007fdd000-0x0000000007ffffff] reserved
[    0.000000] BIOS-e820: [mem 0x00000000fffc0000-0x00000000ffffffff] reserved
[    0.000000] BIOS-e820: [mem 0x000000fd00000000-0x000000ffffffffff] reserved
[    0.000000] NX (Execute Disable) protection: active
[    0.000000] APIC: Static calls initialized
[    0.000000] SMBIOS 3.0.0 present.
[    0.000000] DMI: QEMU Standard PC (i440FX + PIIX, 1996), BIOS 1.16.3-debian-1.16.3-2 04/01/2014
[    0.000000] DMI: Memory slots populated: 1/1
[    0.000000] tsc: Fast TSC calibration using PIT
[    0.000000] tsc: Detected 2445.398 MHz processor
[    0.007526] last_pfn = 0x7fdd max_arch_pfn = 0x400000000
[    0.008153] MTRR map: 4 entries (3 fixed + 1 variable; max 19), built from 8 variable MTRRs
[    0.008332] x86/PAT: Configuration [0-7]: WB  WC  UC- UC  WB  WP  UC- WT  
[    0.028235] found SMP MP-table at [mem 0x000f5460-0x000f546f]
[    0.029654] Using GB pages for direct mapping
[    0.034075] ACPI: Early table checksum verification disabled
[    0.034424] ACPI: RSDP 0x00000000000F5290 000014 (v00 BOCHS )
[    0.034755] ACPI: RSDT 0x0000000007FE1C64 000034 (v01 BOCHS  BXPC     00000001 BXPC 00000001)
[    0.035285] ACPI: FACP 0x0000000007FE1B18 000074 (v01 BOCHS  BXPC     00000001 BXPC 00000001)
[    0.035895] ACPI: DSDT 0x0000000007FE0040 001AD8 (v01 BOCHS  BXPC     00000001 BXPC 00000001)
[    0.035973] ACPI: FACS 0x0000000007FE0000 000040
[    0.036024] ACPI: APIC 0x0000000007FE1B8C 000078 (v03 BOCHS  BXPC     00000001 BXPC 00000001)
[    0.036045] ACPI: HPET 0x0000000007FE1C04 000038 (v01 BOCHS  BXPC     00000001 BXPC 00000001)
[    0.036063] ACPI: WAET 0x0000000007FE1C3C 000028 (v01 BOCHS  BXPC     00000001 BXPC 00000001)
[    0.036139] ACPI: Reserving FACP table memory at [mem 0x7fe1b18-0x7fe1b8b]
[    0.036188] ACPI: Reserving DSDT table memory at [mem 0x7fe0040-0x7fe1b17]
[    0.036196] ACPI: Reserving FACS table memory at [mem 0x7fe0000-0x7fe003f]
[    0.036202] ACPI: Reserving APIC table memory at [mem 0x7fe1b8c-0x7fe1c03]
[    0.036207] ACPI: Reserving HPET table memory at [mem 0x7fe1c04-0x7fe1c3b]
[    0.036213] ACPI: Reserving WAET table memory at [mem 0x7fe1c3c-0x7fe1c63]
[    0.039333] Zone ranges:
[    0.039363]   DMA      [mem 0x0000000000001000-0x0000000000ffffff]
[    0.039464]   DMA32    [mem 0x0000000001000000-0x0000000007fdcfff]
[    0.039477]   Normal   empty
[    0.039496] Movable zone start for each node
[    0.039530] Early memory node ranges
[    0.039558]   node   0: [mem 0x0000000000001000-0x000000000009efff]
[    0.039613]   node   0: [mem 0x0000000000100000-0x0000000007fdcfff]
[    0.039740] Initmem setup node 0 [mem 0x0000000000001000-0x0000000007fdcfff]
[    0.040796] On node 0, zone DMA: 1 pages in unavailable ranges
[    0.041276] On node 0, zone DMA: 97 pages in unavailable ranges
[    0.043350] On node 0, zone DMA32: 35 pages in unavailable ranges
[    0.043728] ACPI: PM-Timer IO Port: 0x608
[    0.044135] ACPI: LAPIC_NMI (acpi_id[0xff] dfl dfl lint[0x1])
[    0.044590] IOAPIC[0]: apic_id 0, version 32, address 0xfec00000, GSI 0-23
[    0.044710] ACPI: INT_SRC_OVR (bus 0 bus_irq 0 global_irq 2 dfl dfl)
[    0.044969] ACPI: INT_SRC_OVR (bus 0 bus_irq 5 global_irq 5 high level)
[    0.045019] ACPI: INT_SRC_OVR (bus 0 bus_irq 9 global_irq 9 high level)
[    0.045118] ACPI: INT_SRC_OVR (bus 0 bus_irq 10 global_irq 10 high level)
[    0.045128] ACPI: INT_SRC_OVR (bus 0 bus_irq 11 global_irq 11 high level)
[    0.045311] ACPI: Using ACPI (MADT) for SMP configuration information
[    0.045357] ACPI: HPET id: 0x8086a201 base: 0xfed00000
[    0.045773] CPU topo: Max. logical packages:   1
[    0.045789] CPU topo: Max. logical dies:       1
[    0.045799] CPU topo: Max. dies per package:   1
[    0.045845] CPU topo: Max. threads per core:   1
[    0.046022] CPU topo: Num. cores per package:     1
[    0.046039] CPU topo: Num. threads per package:   1
[    0.046049] CPU topo: Allowing 1 present CPUs plus 0 hotplug CPUs
[    0.047244] [mem 0x08000000-0xfffbffff] available for PCI devices
[    0.047314] Booting paravirtualized kernel on bare hardware
[    0.047648] clocksource: refined-jiffies: mask: 0xffffffff max_cycles: 0xffffffff, max_idle_ns: 19112604462750000 ns
[    0.048317] setup_percpu: NR_CPUS:512 nr_cpumask_bits:1 nr_cpu_ids:1 nr_node_ids:1
[    0.050348] percpu: Embedded 48 pages/cpu s158104 r8192 d30312 u2097152
[    0.052725] Kernel command line: BOOT_IMAGE=/boot/vmlinuz root=PARTUUID=f959174d-02 rootwait console=tty1 console=ttyS0,115200n8 noinitrd
[    0.054396] random: crng init done
[    0.059140] Dentry cache hash table entries: 16384 (order: 5, 131072 bytes, linear)
[    0.060108] Inode-cache hash table entries: 8192 (order: 4, 65536 bytes, linear)
[    0.062807] Built 1 zonelists, mobility grouping on.  Total pages: 32635
[    0.063033] mem auto-init: stack:off, heap alloc:off, heap free:off
[    0.073048] SLUB: HWalign=64, Order=0-3, MinObjects=0, CPUs=1, Nodes=1
[    0.081091] rcu: Hierarchical RCU implementation.
[    0.081120] rcu: 	RCU restricting CPUs from NR_CPUS=512 to nr_cpu_ids=1.
[    0.081274] 	Tracing variant of Tasks RCU enabled.
[    0.081370] rcu: RCU calculated value of scheduler-enlistment delay is 10 jiffies.
[    0.081403] rcu: Adjusting geometry for rcu_fanout_leaf=16, nr_cpu_ids=1
[    0.082624] RCU Tasks Trace: Setting shift to 0 and lim to 1 rcu_task_cb_adjust=1 rcu_task_cpu_ids=1.
[    0.082758] NR_IRQS: 33024, nr_irqs: 256, preallocated irqs: 16
[    0.091651] rcu: srcu_init: Setting srcu_struct sizes based on contention.
[    0.098796] Console: colour VGA+ 80x25
[    0.099232] printk: legacy console [tty1] enabled
[    0.107385] printk: legacy console [ttyS0] enabled
[    0.349845] ACPI: Core revision 20240827
[    0.355131] clocksource: hpet: mask: 0xffffffff max_cycles: 0xffffffff, max_idle_ns: 19112604467 ns
[    0.364568] APIC: Switch to symmetric I/O mode setup
[    0.368933] ..TIMER: vector=0x30 apic1=0 pin1=2 apic2=-1 pin2=-1
[    0.411686] clocksource: tsc-early: mask: 0xffffffffffffffff max_cycles: 0x233fbd55fc1, max_idle_ns: 440795241147 ns
[    0.412305] Calibrating delay loop (skipped), value calculated using timer frequency.. 4890.79 BogoMIPS (lpj=24453980)
[    0.414226] x86/cpu: User Mode Instruction Prevention (UMIP) activated
[    0.429770] Last level iTLB entries: 4KB 0, 2MB 0, 4MB 0
[    0.432419] Last level dTLB entries: 4KB 0, 2MB 0, 4MB 0, 1GB 0
[    0.433477] Spectre V1 : Mitigation: usercopy/swapgs barriers and __user pointer sanitization
[    0.434553] Spectre V2 : Mitigation: Retpolines
[    0.434787] Spectre V2 : Spectre v2 / SpectreRSB: Filling RSB on context switch and VMEXIT
[    0.435242] Speculative Store Bypass: Vulnerable
[    0.444353] x86/fpu: Supporting XSAVE feature 0x001: 'x87 floating point registers'
[    0.449109] x86/fpu: Supporting XSAVE feature 0x002: 'SSE registers'
[    0.449404] x86/fpu: Supporting XSAVE feature 0x004: 'AVX registers'
[    0.449641] x86/fpu: Supporting XSAVE feature 0x008: 'MPX bounds registers'
[    0.453259] x86/fpu: Supporting XSAVE feature 0x010: 'MPX CSR'
[    0.453697] x86/fpu: xstate_offset[2]:  576, xstate_sizes[2]:  256
[    0.454049] x86/fpu: xstate_offset[3]:  960, xstate_sizes[3]:   64
[    0.454279] x86/fpu: xstate_offset[4]: 1024, xstate_sizes[4]:   64
[    0.462246] x86/fpu: Enabled xstate features 0x1f, context size is 1088 bytes, using 'standard' format.
[    0.704781] Freeing SMP alternatives memory: 40K
[    0.705602] pid_max: default: 32768 minimum: 301
[    0.715163] Mount-cache hash table entries: 512 (order: 0, 4096 bytes, linear)
[    0.715697] Mountpoint-cache hash table entries: 512 (order: 0, 4096 bytes, linear)
[    0.867945] smpboot: CPU0: AMD QEMU TCG CPU version 2.5+ (family: 0x6, model: 0x6, stepping: 0x3)
[    0.873124] Performance Events: PMU not available due to virtualization, using software events only.
[    0.874657] signal: max sigframe size: 1616
[    0.891168] rcu: Hierarchical SRCU implementation.
[    0.891424] rcu: 	Max phase no-delay instances is 1000.
[    0.903171] smp: Bringing up secondary CPUs ...
[    0.905014] smp: Brought up 1 node, 1 CPU
[    0.905354] smpboot: Total of 1 processors activated (4890.79 BogoMIPS)
[    0.912584] Memory: 103276K/130540K available (14336K kernel code, 1177K rwdata, 2552K rodata, 1492K init, 1304K bss, 25620K reserved, 0K cma-reserved)
[    0.927646] clocksource: jiffies: mask: 0xffffffff max_cycles: 0xffffffff, max_idle_ns: 19112604462750000 ns
[    0.928523] futex hash table entries: 256 (order: 2, 16384 bytes, linear)
[    0.929719] pinctrl core: initialized pinctrl subsystem
[    0.949509] NET: Registered PF_NETLINK/PF_ROUTE protocol family
[    0.956004] thermal_sys: Registered thermal governor 'step_wise'
[    0.956042] thermal_sys: Registered thermal governor 'user_space'
[    0.957047] cpuidle: using governor ladder
[    0.958688] acpiphp: ACPI Hot Plug PCI Controller Driver version: 0.5
[    0.963074] PCI: Using configuration type 1 for base access
[    0.972233] cryptd: max_cpu_qlen set to 1000
[    0.978014] ACPI: Added _OSI(Module Device)
[    0.978212] ACPI: Added _OSI(Processor Device)
[    0.978387] ACPI: Added _OSI(Processor Aggregator Device)
[    0.992873] ACPI: 1 ACPI AML tables successfully acquired and loaded
[    1.010454] ACPI: Interpreter enabled
[    1.011266] ACPI: PM: (supports S0 S5)
[    1.011470] ACPI: Using IOAPIC for interrupt routing
[    1.012072] PCI: Using host bridge windows from ACPI; if necessary, use "pci=nocrs" and report a bug
[    1.012344] PCI: Using E820 reservations for host bridge windows
[    1.023019] ACPI: Enabled 2 GPEs in block 00 to 0F
[    1.055890] ACPI: PCI Root Bridge [PCI0] (domain 0000 [bus 00-ff])
[    1.056801] acpi PNP0A03:00: _OSC: OS supports [ASPM ClockPM Segments MSI HPX-Type3]
[    1.057295] acpi PNP0A03:00: _OSC: not requesting OS control; OS requires [ExtendedConfig ASPM ClockPM MSI]
[    1.058174] acpi PNP0A03:00: fail to add MMCONFIG information, can't access extended configuration space under this bridge
[    1.066780] acpiphp: Slot [3] registered
[    1.067097] acpiphp: Slot [4] registered
[    1.067375] acpiphp: Slot [5] registered
[    1.072391] acpiphp: Slot [6] registered
[    1.078041] acpiphp: Slot [7] registered
[    1.078503] acpiphp: Slot [8] registered
[    1.080220] acpiphp: Slot [9] registered
[    1.080470] acpiphp: Slot [10] registered
[    1.080722] acpiphp: Slot [11] registered
[    1.081005] acpiphp: Slot [12] registered
[    1.082520] acpiphp: Slot [13] registered
[    1.083003] acpiphp: Slot [14] registered
[    1.083424] acpiphp: Slot [15] registered
[    1.083832] acpiphp: Slot [16] registered
[    1.084184] acpiphp: Slot [17] registered
[    1.084442] acpiphp: Slot [18] registered
[    1.084694] acpiphp: Slot [19] registered
[    1.092518] acpiphp: Slot [20] registered
[    1.092955] acpiphp: Slot [21] registered
[    1.102321] acpiphp: Slot [22] registered
[    1.102577] acpiphp: Slot [23] registered
[    1.102860] acpiphp: Slot [24] registered
[    1.103111] acpiphp: Slot [25] registered
[    1.112530] acpiphp: Slot [26] registered
[    1.113001] acpiphp: Slot [27] registered
[    1.113375] acpiphp: Slot [28] registered
[    1.113644] acpiphp: Slot [29] registered
[    1.113946] acpiphp: Slot [30] registered
[    1.114236] acpiphp: Slot [31] registered
[    1.122819] PCI host bridge to bus 0000:00
[    1.123444] pci_bus 0000:00: root bus resource [io  0x0000-0x0cf7 window]
[    1.123813] pci_bus 0000:00: root bus resource [io  0x0d00-0xffff window]
[    1.124055] pci_bus 0000:00: root bus resource [mem 0x000a0000-0x000bffff window]
[    1.132399] pci_bus 0000:00: root bus resource [mem 0x08000000-0xfebfffff window]
[    1.132812] pci_bus 0000:00: root bus resource [mem 0x100000000-0x17fffffff window]
[    1.133305] pci_bus 0000:00: root bus resource [bus 00-ff]
[    1.134692] pci 0000:00:00.0: [8086:1237] type 00 class 0x060000 conventional PCI endpoint
[    1.146182] pci 0000:00:01.0: [8086:7000] type 00 class 0x060100 conventional PCI endpoint
[    1.147089] pci 0000:00:01.1: [8086:7010] type 00 class 0x010180 conventional PCI endpoint
[    1.153986] pci 0000:00:01.1: BAR 4 [io  0xc0e0-0xc0ef]
[    1.158388] pci 0000:00:01.1: BAR 0 [io  0x01f0-0x01f7]: legacy IDE quirk
[    1.158677] pci 0000:00:01.1: BAR 1 [io  0x03f6]: legacy IDE quirk
[    1.158957] pci 0000:00:01.1: BAR 2 [io  0x0170-0x0177]: legacy IDE quirk
[    1.159214] pci 0000:00:01.1: BAR 3 [io  0x0376]: legacy IDE quirk
[    1.163273] pci 0000:00:01.3: [8086:7113] type 00 class 0x068000 conventional PCI endpoint
[    1.163955] pci 0000:00:01.3: quirk: [io  0x0600-0x063f] claimed by PIIX4 ACPI
[    1.164267] pci 0000:00:01.3: quirk: [io  0x0700-0x070f] claimed by PIIX4 SMB
[    1.173104] pci 0000:00:02.0: [1234:1111] type 00 class 0x030000 conventional PCI endpoint
[    1.173841] pci 0000:00:02.0: BAR 0 [mem 0xfd000000-0xfdffffff pref]
[    1.182229] pci 0000:00:02.0: BAR 2 [mem 0xfeb90000-0xfeb90fff]
[    1.184489] pci 0000:00:02.0: ROM [mem 0xfeb80000-0xfeb8ffff pref]
[    1.190153] pci 0000:00:02.0: Video device with shadowed ROM at [mem 0x000c0000-0x000dffff]
[    1.191275] pci 0000:00:03.0: [1af4:1000] type 00 class 0x020000 conventional PCI endpoint
[    1.192699] pci 0000:00:03.0: BAR 0 [io  0xc080-0xc09f]
[    1.203083] pci 0000:00:03.0: BAR 4 [mem 0xfe000000-0xfe003fff 64bit pref]
[    1.204464] pci 0000:00:03.0: ROM [mem 0xfea80000-0xfeafffff pref]
[    1.209386] pci 0000:00:04.0: [1af4:1005] type 00 class 0x00ff00 conventional PCI endpoint
[    1.210304] pci 0000:00:04.0: BAR 0 [io  0xc0a0-0xc0bf]
[    1.212610] pci 0000:00:04.0: BAR 1 [mem 0xfeb91000-0xfeb91fff]
[    1.215394] pci 0000:00:04.0: BAR 4 [mem 0xfe004000-0xfe007fff 64bit pref]
[    1.219576] pci 0000:00:05.0: [1af4:1000] type 00 class 0x020000 conventional PCI endpoint
[    1.223245] pci 0000:00:05.0: BAR 0 [io  0xc0c0-0xc0df]
[    1.224601] pci 0000:00:05.0: BAR 1 [mem 0xfeb92000-0xfeb92fff]
[    1.226900] pci 0000:00:05.0: BAR 4 [mem 0xfe008000-0xfe00bfff 64bit pref]
[    1.227644] pci 0000:00:05.0: ROM [mem 0xfeb00000-0xfeb7ffff pref]
[    1.231194] pci 0000:00:06.0: [1af4:1001] type 00 class 0x010000 conventional PCI endpoint
[    1.233163] pci 0000:00:06.0: BAR 0 [io  0xc000-0xc07f]
[    1.234006] pci 0000:00:06.0: BAR 1 [mem 0xfeb93000-0xfeb93fff]
[    1.236752] pci 0000:00:06.0: BAR 4 [mem 0xfe00c000-0xfe00ffff 64bit pref]
[    1.253863] ACPI: PCI: Interrupt link LNKA configured for IRQ 10
[    1.254709] ACPI: PCI: Interrupt link LNKB configured for IRQ 10
[    1.255345] ACPI: PCI: Interrupt link LNKC configured for IRQ 11
[    1.255994] ACPI: PCI: Interrupt link LNKD configured for IRQ 11
[    1.256410] ACPI: PCI: Interrupt link LNKS configured for IRQ 9
[    1.265596] iommu: Default domain type: Translated
[    1.265840] iommu: DMA domain TLB invalidation policy: lazy mode
[    1.268738] SCSI subsystem initialized
[    1.272546] ACPI: bus type USB registered
[    1.273140] usbcore: registered new interface driver usbfs
[    1.275802] usbcore: registered new interface driver hub
[    1.276332] usbcore: registered new device driver usb
[    1.276915] pps_core: LinuxPPS API ver. 1 registered
[    1.277115] pps_core: Software ver. 5.3.6 - Copyright 2005-2007 Rodolfo Giometti <giometti@linux.it>
[    1.282478] PTP clock support registered
[    1.297783] PCI: Using ACPI for IRQ routing
[    1.300007] hpet0: at MMIO 0xfed00000, IRQs 2, 8, 0
[    1.300288] hpet0: 3 comparators, 64-bit 100.000000 MHz counter
[    1.306994] clocksource: Switched to clocksource tsc-early
[    1.311033] pnp: PnP ACPI init
[    1.311033] pnp: PnP ACPI: found 6 devices
[    1.325757] clocksource: acpi_pm: mask: 0xffffff max_cycles: 0xffffff, max_idle_ns: 2085701024 ns
[    1.327126] NET: Registered PF_INET protocol family
[    1.328607] IP idents hash table entries: 2048 (order: 2, 16384 bytes, linear)
[    1.334591] tcp_listen_portaddr_hash hash table entries: 256 (order: 0, 4096 bytes, linear)
[    1.336412] Table-perturb hash table entries: 65536 (order: 6, 262144 bytes, linear)
[    1.336956] TCP established hash table entries: 1024 (order: 1, 8192 bytes, linear)
[    1.337481] TCP bind hash table entries: 1024 (order: 3, 32768 bytes, linear)
[    1.347317] TCP: Hash tables configured (established 1024 bind 1024)
[    1.349449] MPTCP token hash table entries: 256 (order: 1, 6144 bytes, linear)
[    1.349964] UDP hash table entries: 256 (order: 1, 8192 bytes, linear)
[    1.350426] UDP-Lite hash table entries: 256 (order: 1, 8192 bytes, linear)
[    1.360081] NET: Registered PF_UNIX/PF_LOCAL protocol family
[    1.361431] pci_bus 0000:00: resource 4 [io  0x0000-0x0cf7 window]
[    1.361681] pci_bus 0000:00: resource 5 [io  0x0d00-0xffff window]
[    1.361903] pci_bus 0000:00: resource 6 [mem 0x000a0000-0x000bffff window]
[    1.368996] pci_bus 0000:00: resource 7 [mem 0x08000000-0xfebfffff window]
[    1.369395] pci_bus 0000:00: resource 8 [mem 0x100000000-0x17fffffff window]
[    1.370237] pci 0000:00:01.0: PIIX3: Enabling Passive Release
[    1.370539] pci 0000:00:00.0: Limiting direct PCI/PCI transfers
[    1.380097] PCI: CLS 0 bytes, default 64
[    1.400249] workingset: timestamp_bits=46 max_order=15 bucket_order=0
[    1.402874] squashfs: version 4.0 (2009/01/31) Phillip Lougher
[    1.405724] Block layer SCSI generic (bsg) driver version 0.4 loaded (major 247)
[    1.409540] hv_vmbus: registering driver hyperv_fb
[    1.414150] input: Power Button as /devices/LNXSYSTM:00/LNXPWRBN:00/input/input0
[    1.422535] ACPI: button: Power Button [PWRF]
[    1.582776] ACPI: \_SB_.LNKC: Enabled at IRQ 11
[    1.737747] ACPI: \_SB_.LNKD: Enabled at IRQ 10
[    1.889901] ACPI: \_SB_.LNKA: Enabled at IRQ 10
[    2.042379] ACPI: \_SB_.LNKB: Enabled at IRQ 11
[    2.044321] Serial: 8250/16550 driver, 16 ports, IRQ sharing enabled
[    2.069306] 00:04: ttyS0 at I/O 0x3f8 (irq = 4, base_baud = 115200) is a 16550A
[    2.095535] Non-volatile memory driver v1.3
[    2.107237] Linux agpgart interface v0.103
[    2.108278] ACPI: bus type drm_connector registered
[    2.111312] [drm] Found bochs VGA, ID 0xb0c5.
[    2.111525] [drm] Framebuffer size 16384 kB @ 0xfd000000, mmio @ 0xfeb90000.
[    2.117109] [drm] Found EDID data blob.
[    2.123058] [drm] Initialized bochs-drm 1.0.0 for 0000:00:02.0 on minor 0
[    2.191511] Console: switching to colour frame buffer device 160x50
[    2.200697] bochs-drm 0000:00:02.0: [drm] fb0: bochs-drmdrmfb frame buffer device
[    2.219483] loop: module loaded
[    2.220226] virtio_blk virtio3: 1/0/0 default/read/poll queues
[    2.241059] virtio_blk virtio3: [vda] 246784 512-byte logical blocks (126 MB/121 MiB)
[    2.250197]  vda: vda1 vda2
[    2.252480] Guest personality initialized and is inactive
[    2.253131] VMCI host device registered (name=vmci, major=10, minor=256)
[    2.253425] Initialized host personality
[    2.253779] usbcore: registered new interface driver rtsx_usb
[    2.254785] VMware PVSCSI driver - version 1.0.7.0-k
[    2.263446] hv_vmbus: registering driver hv_storvsc
[    2.279468] scsi host0: ata_piix
[    2.282144] scsi host1: ata_piix
[    2.282960] ata1: PATA max MWDMA2 cmd 0x1f0 ctl 0x3f6 bmdma 0xc0e0 irq 14 lpm-pol 0
[    2.283319] ata2: PATA max MWDMA2 cmd 0x170 ctl 0x376 bmdma 0xc0e8 irq 15 lpm-pol 0
[    2.293740] VMware vmxnet3 virtual NIC driver - version 1.9.0.0-k-NAPI
[    2.294355] hv_vmbus: registering driver hv_netvsc
[    2.294733] Fusion MPT base driver 3.04.20
[    2.294899] Copyright (c) 1999-2008 LSI Corporation
[    2.295334] Fusion MPT SPI Host driver 3.04.20
[    2.304738] Fusion MPT SAS Host driver 3.04.20
[    2.306828] usbcore: registered new interface driver usb-storage
[    2.308097] i8042: PNP: PS/2 Controller [PNP0303:KBD,PNP0f13:MOU] at 0x60,0x64 irq 1,12
[    2.311487] serio: i8042 KBD port at 0x60,0x64 irq 1
[    2.311880] serio: i8042 AUX port at 0x60,0x64 irq 12
[    2.318481] hv_vmbus: registering driver hyperv_keyboard
[    2.320974] rtc_cmos 00:05: RTC can wake from S4
[    2.325963] rtc_cmos 00:05: registered as rtc0
[    2.328821] rtc_cmos 00:05: setting system clock to 2026-03-30T21:42:26 UTC (1774906946)
[    2.331396] rtc_cmos 00:05: alarms up to one day, y3k, 242 bytes nvram, hpet irqs
[    2.334020] intel_powerclamp: CPU does not support MWAIT
[    2.336207] amd_pstate: the _CPC object is not present in SBIOS or ACPI disabled
[    2.342149] sdhci: Secure Digital Host Controller Interface driver
[    2.344066] sdhci: Copyright(c) Pierre Ossman
[    2.346384] VUB300 Driver rom wait states = 1C irqpoll timeout = 0400
[    2.353317] input: AT Translated Set 2 keyboard as /devices/platform/i8042/serio0/input/input1
[    2.376785] usbcore: registered new interface driver vub300
[    2.379011] usbcore: registered new interface driver ushc
[    2.386667] hid: raw HID events driver (C) Jiri Kosina
[    2.389400] hv_vmbus: registering driver hid_hyperv
[    2.392206] usbcore: registered new interface driver usbhid
[    2.394185] usbhid: USB HID core driver
[    2.396245] hv_utils: Registering HyperV Utility Driver
[    2.398215] hv_vmbus: registering driver hv_utils
[    2.400625] hv_vmbus: registering driver hv_balloon
[    2.404053] NET: Registered PF_INET6 protocol family
[    2.419177] Segment Routing with IPv6
[    2.421551] In-situ OAM (IOAM) with IPv6
[    2.423933] NET: Registered PF_PACKET protocol family
[    2.426383] bridge: filtering via arp/ip/ip6tables is no longer available by default. Update your scripts to load br_netfilter if you need this.
[    2.435829] 8021q: 802.1Q VLAN Support v1.8
[    2.438397] NET: Registered PF_VSOCK protocol family
[    2.446561] tsc: Refined TSC clocksource calibration: 2445.372 MHz
[    2.448958] clocksource: tsc: mask: 0xffffffffffffffff max_cycles: 0x233fa4c3f12, max_idle_ns: 440795245049 ns
[    2.451663] clocksource: Switched to clocksource tsc
[    2.458984] IPI shorthand broadcast: enabled
[    2.465668] AES CTR mode by8 optimization enabled
[    2.487295] sched_clock: Marking stable (2220094438, 260018562)->(2489533494, -9420494)
[    2.522950] ata2: found unknown device (class 0)
[    2.536030] ata2.00: ATAPI: QEMU DVD-ROM, 2.5+, max UDMA/100
[    2.562290] scsi 1:0:0:0: CD-ROM            QEMU     QEMU DVD-ROM     2.5+ PQ: 0 ANSI: 5
[    2.600060] clk: Disabling unused clocks
[    2.641885] sr 1:0:0:0: [sr0] scsi3-mmc drive: 4x/4x cd/rw xa/form2 tray
[    2.644380] cdrom: Uniform CD-ROM driver Revision: 3.20
[    2.691780] VFS: Mounted root (squashfs filesystem) readonly on device 254:2.
[    2.760700] Freeing unused kernel image (initmem) memory: 1492K
[    2.763111] Write protecting the kernel read-only data: 18432k
[    2.767289] Freeing unused kernel image (rodata/data gap) memory: 1544K
[    2.769805] Run /sbin/init as init process
[    3.050788] init: Console is alive
[    3.733663] kmodloader: loading kernel modules from /etc/modules-boot.d/*
[    3.799349] button_hotplug: loading out-of-tree module taints kernel.
[    3.806257] Button Hotplug driver version 0.4.1
[    3.826578] Intel(R) 2.5G Ethernet Linux Driver
[    3.828962] Copyright(c) 2018 Intel Corporation.
[    3.844389] igb: Intel(R) Gigabit Ethernet Network Driver
[    3.846738] igb: Copyright (c) 2007-2014 Intel Corporation.
[    3.862853] e1000e: Intel(R) PRO/1000 Network Driver
[    3.865309] e1000e: Copyright(c) 1999 - 2015 Intel Corporation.
[    3.877402] kmodloader: done loading kernel modules from /etc/modules-boot.d/*
[    3.897283] init: - preinit -
[    4.964072] 8021q: adding VLAN 0 to HW filter on device eth0
Press the [f] key and hit [enter] to enter failsafe mode
Press the [1], [2], [3] or [4] key and hit [enter] to select the debug level
[    9.631266] loop0: detected capacity change from 0 to 212992
[    9.670516] loop0: detected capacity change from 212992 to 199808
[    9.683395] mount_root: overlay filesystem in /dev/loop0 has not been formatted yet
[   10.030802] EXT4-fs (loop0): mounted filesystem d10be6c6-0c48-4cc1-bc4e-96f97577ba14 r/w with ordered data mode. Quota mode: disabled.
[   10.044692] mount_root: overlay filesystem has not been fully initialized yet
[   10.062521] mount_root: switching to ext4 overlay
[   10.082902] overlayfs: null uuid detected in lower fs '/', falling back to xino=off,index=off,nfs_export=off.
[   10.824352] EXT4-fs (vda1): mounted filesystem 84173db5-fa99-e35a-95c6-28613cc79ea9 r/w without journal. Quota mode: disabled.
[   10.848065] urandom-seed: Seed file not found (/etc/urandom.seed)
[   10.992601] procd: - early -
[   11.741095] procd: - ubus -
[   11.849190] procd: - init -
Please press Enter to activate this console.
root
login[1048]: root login on 'ttyS0'


BusyBox v1.37.0 (2026-03-29 15:35:55 UTC) built-in shell (ash)

  _______                     ________        __
 |       |.-----.-----.-----.|  |  |  |.----.|  |_
 |   -   ||  _  |  -__|     ||  |  |  ||   _||   _|
 |_______||   __|_____|__|__||________||__|  |____|
          |__| W I R E L E S S   F R E E D O M
 -----------------------------------------------------
 OpenWrt 25.12-SNAPSHOT, r32824-8a18e84a88 Dave's Guitar
 -----------------------------------------------------

 === WARNING! =====================================
 There is no root password defined on this device!
 Use the "passwd" command to set up a new password
 in order to prevent unauthorized SSH logins.
 --------------------------------------------------

  ___   __ __                _______             __
 |   |_|__|  |--.----.-----.|   |   |-----.-----|  |--.
 |     |  |  _  |   _|  -__||       |  -__|__ --|     |
 |_____|__|_____|__| |_____||__|_|__|_____|_____|__|__|

 ------------------------------------------------------
 LiMe master development (master rev. 7929208 20260304_1752)
 ------------------------------------------------------
 https://libremesh.org
 ------------------------------------------------------

 OpenWrt recently switched to the "apk" package manager!

 OPKG Command           APK Equivalent      Description
 ------------------------------------------------------------------
 opkg install <pkg>     apk add <pkg>       Install a package
 opkg remove <pkg>      apk del <pkg>       Remove a package
 opkg upgrade           apk upgrade         Upgrade all packages
 opkg files <pkg>       apk info -L <pkg>   List package contents
 opkg list-installed    apk info            List installed packages
 opkg update            apk update          Update package lists
 opkg search <pkg>      apk search <pkg>    Search for packages
 ------------------------------------------------------------------

For more information visit:
https://openwrt.org/docs/guide-user/additional-software/opkg-to-apk-cheatsheet

root@(none):~# dmesg -n 1
root@(none):~# echo 'MTHZ''GHAEXA'
MTHZGHAEXA
root@(none):~# run() { echo -n "$MARKER"; sh -c "$@"; echo "$MARKER $?"; }
root@(none):~# echo 'PPOV''QGJYWP'
PPOVQGJYWP
root@(none):~# MARKER='JWYJ''UCUCFT' run 'ubus wait_for network.interface.lan'
JWYJUCUCFTJWYJUCUCFT 0
root@LiMe-123456:~# echo 'GAVL''QOTPPP'
GAVLQOTPPP
root@LiMe-123456:~# MARKER='KJAV''MKOSNX' run 'ubus call network.interface.lan s
tatus '"'"'{}'"'"''
KJAVMKOSNX{
	"up": true,
	"pending": false,
	"available": true,
	"autostart": true,
	"dynamic": false,
	"uptime": 1,
	"l3_device": "br-lan",
	"proto": "static",
	"device": "br-lan",
	"updated": [
		"addresses"
	],
	"metric": 0,
	"dns_metric": 0,
	"delegation": true,
	"ipv4-address": [
		{
			"address": "10.13.52.86",
			"mask": 16
		}
	],
	"ipv6-address": [
		{
			"address": "fd0d:fe46:8ce8::12:3456",
			"mask": 64
		}
	],
	"ipv6-prefix": [
		
	],
	"ipv6-prefix-assignment": [
		
	],
	"route": [
		
	],
	"dns-server": [
		
	],
	"dns-search": [
		
	],
	"neighbors": [
		
	],
	"inactive": {
		"ipv4-address": [
			
		],
		"ipv6-address": [
			
		],
		"route": [
			
		],
		"dns-server": [
			
		],
		"dns-search": [
			
		],
		"neighbors": [
			
		]
	},
	"data": {
		
	}
}
KJAVMKOSNX 0
root@LiMe-123456:~# echo 'CETF''MHJSNF'
CETFMHJSNF
root@LiMe-123456:~# MARKER='WYLB''FQUWKP' run true
WYLBFQUWKPWYLBFQUWKP 0
root@LiMe-123456:~# echo 'KWHT''OGEJHB'
KWHTOGEJHB
root@LiMe-123456:~# MARKER='MEPX''PKWNTN' run 'source /etc/os-release; echo $BUI
LD_ID'
MEPXPKWNTNr32824-8a18e84a88
MEPXPKWNTN 0
root@LiMe-123456:~# echo 'ZKPQ''EWHXMK'
ZKPQEWHXMK
root@LiMe-123456:~# MARKER='CQTV''WXZUNZ' run 'ls /etc/dropbear/dropbear_rsa_hos
t_key'
CQTVWXZUNZ[0;0m/etc/dropbear/dropbear_rsa_host_key[m
CQTVWXZUNZ 0
root@LiMe-123456:~# echo 'PQHB''AGTUYG'
PQHBAGTUYG
root@LiMe-123456:~# MARKER='XMTA''AOAQUH' run 'netstat -tlpn | grep 0.0.0.0:22'
XMTAAOAQUHtcp        0      0 0.0.0.0:22              0.0.0.0:*               LISTEN      2112/dropbear
XMTAAOAQUH 0
root@LiMe-123456:~# echo 'XWAA''NLQZBO'
XWAANLQZBO
root@LiMe-123456:~# MARKER='JOKV''JMOYMM' run 'dmesg | grep br-lan | grep forwar
ding'
JOKVJMOYMM[   43.251913] br-lan: port 1(eth0) entered forwarding state
[   47.961765] br-lan: port 2(bat0) entered forwarding state
JOKVJMOYMM 0
root@LiMe-123456:~# echo 'ZTOY''ELSUBC'
ZTOYELSUBC
root@LiMe-123456:~# MARKER='YQXZ''FYHQNY' run 'ubus call network.interface.lan s
tatus '"'"'{}'"'"''
YQXZFYHQNY{
	"up": true,
	"pending": false,
	"available": true,
	"autostart": true,
	"dynamic": false,
	"uptime": 40,
	"l3_device": "br-lan",
	"proto": "static",
	"device": "br-lan",
	"updated": [
		"addresses"
	],
	"metric": 0,
	"dns_metric": 0,
	"delegation": true,
	"ipv4-address": [
		{
			"address": "10.13.52.86",
			"mask": 16
		}
	],
	"ipv6-address": [
		{
			"address": "fd0d:fe46:8ce8::12:3456",
			"mask": 64
		}
	],
	"ipv6-prefix": [
		
	],
	"ipv6-prefix-assignment": [
		
	],
	"route": [
		
	],
	"dns-server": [
		
	],
	"dns-search": [
		
	],
	"neighbors": [
		
	],
	"inactive": {
		"ipv4-address": [
			
		],
		"ipv6-address": [
			
		],
		"route": [
			
		],
		"dns-server": [
			
		],
		"dns-search": [
			
		],
		"neighbors": [
			
		]
	},
	"data": {
		
	}
}
YQXZFYHQNY 0
root@LiMe-123456:~# 