Labgrid Console Logfile for main
Logfile started at 2026-04-25 03:21:09.691276
=== Log starts here ===
c[?7l[2J[0mSeaBIOS (version 1.16.3-debian-1.16.3-2)


iPXE (https://ipxe.org) 00:03.0 CA00 PCI2.10 PnP PMM+06FCAE70+06F0AE70 CA00
Press Ctrl-B to configure iPXE (PCI 00:03.0)...                                                                               




iPXE (https://ipxe.org) 00:05.0 CB00 PCI2.10 PnP PMM 06FCAE70 06F0AE70 CB00
Press Ctrl-B to configure iPXE (PCI 00:05.0)...                                                                               


Booting from Hard Disk...
GRUB loading.....
[0;30;47mWelcome to GRUB![01;01H[0m[2J[H[J[1;1H[?25l[m[H[J[1;1H[2;30HGNU GRUB  version 2.12

[m[4;2H+----------------------------------------------------------------------------+[5;2H|[5;79H|[6;2H|[6;79H|[7;2H|[7;79H|[8;2H|[8;79H|[9;2H|[9;79H|[10;2H|[10;79H|[11;2H|[11;79H|[12;2H|[12;79H|[13;2H|[13;79H|[14;2H|[14;79H|[15;2H|[15;79H|[16;2H+----------------------------------------------------------------------------+[m[17;2H[18;2H[m     Use the ^ and v keys to select which entry is highlighted.          
      Press enter to boot the selected OS, `e' to edit the commands       
      before booting or `c' for a command-line. ESC to return             
      previous menu.                                                      [5;80H [7m[5;3H*OpenWrt                                                                    [m[5;78H[m[m[6;3H OpenWrt (failsafe)                                                         [m[6;78H[m[m[7;3H                                                                            [m[7;78H[m[m[8;3H                                                                            [m[8;78H[m[m[9;3H                                                                            [m[9;78H[m[m[10;3H                                                                            [m[10;78H[m[m[11;3H                                                                            [m[11;78H[m[m[12;3H                                                                            [m[12;78H[m[m[13;3H                                                                            [m[13;78H[m[m[14;3H                                                                            [m[14;78H[m[m[15;3H                                                                            [m[15;78H[m[15;80H [5;78H[2J[02;30HGNU GRUB  version 2.12[04;02H┌────────────────────────────────────────────────────────────────────────────┐[05;02H│[05;79H│[06;02H│[06;79H│[07;02H│[07;79H│[08;02H│[08;79H│[09;02H│[09;79H│[10;02H│[10;79H│[11;02H│[11;79H│[12;02H│[12;79H│[13;02H│[13;79H│[14;02H│[14;79H│[15;02H│[15;79H│[16;02H│[16;79H│[17;02H└────────────────────────────────────────────────────────────────────────────┘[19;02H     Use the ↑ and ↓ keys to select which [19;43H[19;44Hentry is highlighted.          
      Press enter to boot the selected OS, `e' to edit the commands       
      before booting or `c' for a command-line. ESC to r[21;56H[21;57Heturn             
      previous menu.                                                      [05;80H [05;03H[0;30;47m*OpenWrt                                                             [05;71H[05;72H       [06;03H[0m OpenWrt (failsafe)                                                         [07;03H                                                                            [08;03H   [08;05H[08;06H                                                                         [09;03H                                                                            [10;03H            [10;14H[10;15H                                                                [11;03H                                                                            [12;03H                                                                            [13;03H                                                                            [14;03H                             [14;31H[14;32H                                               [15;03H                                                                            [16;03H                                                                            [16;80H 






   The highlighted entry will be executed automatically in 5s.                [22;1H   The highlighted entry will be executed automatically in 5s.                 [5;78H [05;78H

















   The highlighted entry will be executed automatically in 4s.                [22;1H   The highlighted entry will be executed automatically in 4s.                 [5;78H [05;78H

















   The highlighted entry will be executed automatica[23;52H[23;53Hlly in 3s.                [22;1H   The highlighted entry will be executed automatically in 3s.                 [5;78H [05;78H

















   The highlighted entry will be executed automatically in 2s.                [22;1H   The highlighted entry will be executed automatically in 2s.                 [5;78H [05;78H

















   The highlighted entry will be executed automatically in 1s.                [22;1H   The highlighted entry will be executed automatically in 1s.                 [5;78H [05;78H

















   The highlighted entry will be executed automatically in 0s.                [22;1H   The highlighted entry will be executed automatically in 0s.                 [5;78H [01;01H[2J[?25h[H[J[1;1H[H[J[1;1H[2J   Booting `OpenWrt' Booting `OpenWrt

'

[    0.000000] Linux version 6.12.79 (builder@buildhost) (x86_64-openwrt-linux-musl-gcc (OpenWrt GCC 14.3.0 r32881-6cbb072b57) 14.3.0, GNU ld (GNU Binutils) 2.44) #0 SMP Wed Apr 22 18:41:29 2026
[    0.000000] Command line: BOOT_IMAGE=/boot/vmlinuz root=PARTUUID=4a08fd1c-02 rootwait console=tty1 console=ttyS0,115200n8 noinitrd
[    0.000000] BIOS-provided physical RAM map:
[    0.000000] BIOS-e820: [mem 0x0000000000000000-0x000000000009fbff] usable
[    0.000000] BIOS-e820: [mem 0x000000000009fc00-0x000000000009ffff] reserved
[    0.000000] BIOS-e820: [mem 0x00000000000f0000-0x00000000000fffff] reserved
[    0.000000] BIOS-e820: [mem 0x0000000000100000-0x0000000007fdcfff] usable
[    0.000000] BIOS-e820: [mem 0x0000000007fdd000-0x0000000007ffffff] reserved
[    0.000000] BIOS-e820: [mem 0x00000000fffc0000-0x00000000ffffffff] reserved
[    0.000000] BIOS-e820: [mem 0x000000fd00000000-0x000000ffffffffff] reserved
[    0.000000] NX (Execute Disable) protection: active
[    0.000000] APIC: Static calls initialized
[    0.000000] SMBIOS 3.0.0 present.
[    0.000000] DMI: QEMU Standard PC (i440FX + PIIX, 1996), BIOS 1.16.3-debian-1.16.3-2 04/01/2014
[    0.000000] DMI: Memory slots populated: 1/1
[    0.000000] tsc: Fast TSC calibration using PIT
[    0.000000] tsc: Detected 2596.220 MHz processor
[    0.007768] last_pfn = 0x7fdd max_arch_pfn = 0x400000000
[    0.008398] MTRR map: 4 entries (3 fixed + 1 variable; max 19), built from 8 variable MTRRs
[    0.008573] x86/PAT: Configuration [0-7]: WB  WC  UC- UC  WB  WP  UC- WT  
[    0.026715] found SMP MP-table at [mem 0x000f5460-0x000f546f]
[    0.028163] Using GB pages for direct mapping
[    0.033048] ACPI: Early table checksum verification disabled
[    0.033394] ACPI: RSDP 0x00000000000F5290 000014 (v00 BOCHS )
[    0.033714] ACPI: RSDT 0x0000000007FE1C64 000034 (v01 BOCHS  BXPC     00000001 BXPC 00000001)
[    0.034243] ACPI: FACP 0x0000000007FE1B18 000074 (v01 BOCHS  BXPC     00000001 BXPC 00000001)
[    0.034827] ACPI: DSDT 0x0000000007FE0040 001AD8 (v01 BOCHS  BXPC     00000001 BXPC 00000001)
[    0.034895] ACPI: FACS 0x0000000007FE0000 000040
[    0.034942] ACPI: APIC 0x0000000007FE1B8C 000078 (v03 BOCHS  BXPC     00000001 BXPC 00000001)
[    0.034961] ACPI: HPET 0x0000000007FE1C04 000038 (v01 BOCHS  BXPC     00000001 BXPC 00000001)
[    0.034979] ACPI: WAET 0x0000000007FE1C3C 000028 (v01 BOCHS  BXPC     00000001 BXPC 00000001)
[    0.035064] ACPI: Reserving FACP table memory at [mem 0x7fe1b18-0x7fe1b8b]
[    0.035114] ACPI: Reserving DSDT table memory at [mem 0x7fe0040-0x7fe1b17]
[    0.035121] ACPI: Reserving FACS table memory at [mem 0x7fe0000-0x7fe003f]
[    0.035126] ACPI: Reserving APIC table memory at [mem 0x7fe1b8c-0x7fe1c03]
[    0.035132] ACPI: Reserving HPET table memory at [mem 0x7fe1c04-0x7fe1c3b]
[    0.035137] ACPI: Reserving WAET table memory at [mem 0x7fe1c3c-0x7fe1c63]
[    0.038207] Zone ranges:
[    0.038235]   DMA      [mem 0x0000000000001000-0x0000000000ffffff]
[    0.038314]   DMA32    [mem 0x0000000001000000-0x0000000007fdcfff]
[    0.038323]   Normal   empty
[    0.038341] Movable zone start for each node
[    0.038374] Early memory node ranges
[    0.038401]   node   0: [mem 0x0000000000001000-0x000000000009efff]
[    0.038454]   node   0: [mem 0x0000000000100000-0x0000000007fdcfff]
[    0.038578] Initmem setup node 0 [mem 0x0000000000001000-0x0000000007fdcfff]
[    0.039619] On node 0, zone DMA: 1 pages in unavailable ranges
[    0.040107] On node 0, zone DMA: 97 pages in unavailable ranges
[    0.042164] On node 0, zone DMA32: 35 pages in unavailable ranges
[    0.042519] ACPI: PM-Timer IO Port: 0x608
[    0.042919] ACPI: LAPIC_NMI (acpi_id[0xff] dfl dfl lint[0x1])
[    0.043355] IOAPIC[0]: apic_id 0, version 32, address 0xfec00000, GSI 0-23
[    0.043470] ACPI: INT_SRC_OVR (bus 0 bus_irq 0 global_irq 2 dfl dfl)
[    0.043719] ACPI: INT_SRC_OVR (bus 0 bus_irq 5 global_irq 5 high level)
[    0.043766] ACPI: INT_SRC_OVR (bus 0 bus_irq 9 global_irq 9 high level)
[    0.043858] ACPI: INT_SRC_OVR (bus 0 bus_irq 10 global_irq 10 high level)
[    0.043866] ACPI: INT_SRC_OVR (bus 0 bus_irq 11 global_irq 11 high level)
[    0.044059] ACPI: Using ACPI (MADT) for SMP configuration information
[    0.044104] ACPI: HPET id: 0x8086a201 base: 0xfed00000
[    0.044543] CPU topo: Max. logical packages:   1
[    0.044559] CPU topo: Max. logical dies:       1
[    0.044568] CPU topo: Max. dies per package:   1
[    0.044616] CPU topo: Max. threads per core:   1
[    0.044770] CPU topo: Num. cores per package:     1
[    0.044784] CPU topo: Num. threads per package:   1
[    0.044793] CPU topo: Allowing 1 present CPUs plus 0 hotplug CPUs
[    0.046107] [mem 0x08000000-0xfffbffff] available for PCI devices
[    0.046173] Booting paravirtualized kernel on bare hardware
[    0.046471] clocksource: refined-jiffies: mask: 0xffffffff max_cycles: 0xffffffff, max_idle_ns: 19112604462750000 ns
[    0.047144] setup_percpu: NR_CPUS:512 nr_cpumask_bits:1 nr_cpu_ids:1 nr_node_ids:1
[    0.049009] percpu: Embedded 48 pages/cpu s158104 r8192 d30312 u2097152
[    0.051339] Kernel command line: BOOT_IMAGE=/boot/vmlinuz root=PARTUUID=4a08fd1c-02 rootwait console=tty1 console=ttyS0,115200n8 noinitrd
[    0.053006] random: crng init done
[    0.058117] Dentry cache hash table entries: 16384 (order: 5, 131072 bytes, linear)
[    0.059166] Inode-cache hash table entries: 8192 (order: 4, 65536 bytes, linear)
[    0.062005] Built 1 zonelists, mobility grouping on.  Total pages: 32635
[    0.062264] mem auto-init: stack:off, heap alloc:off, heap free:off
[    0.072178] SLUB: HWalign=64, Order=0-3, MinObjects=0, CPUs=1, Nodes=1
[    0.080000] rcu: Hierarchical RCU implementation.
[    0.080043] rcu: 	RCU restricting CPUs from NR_CPUS=512 to nr_cpu_ids=1.
[    0.080193] 	Tracing variant of Tasks RCU enabled.
[    0.080285] rcu: RCU calculated value of scheduler-enlistment delay is 10 jiffies.
[    0.080315] rcu: Adjusting geometry for rcu_fanout_leaf=16, nr_cpu_ids=1
[    0.081461] RCU Tasks Trace: Setting shift to 0 and lim to 1 rcu_task_cb_adjust=1 rcu_task_cpu_ids=1.
[    0.081591] NR_IRQS: 33024, nr_irqs: 256, preallocated irqs: 16
[    0.090420] rcu: srcu_init: Setting srcu_struct sizes based on contention.
[    0.097316] Console: colour VGA+ 80x25
[    0.097746] printk: legacy console [tty1] enabled
[    0.105540] printk: legacy console [ttyS0] enabled
[    0.357346] ACPI: Core revision 20240827
[    0.362722] clocksource: hpet: mask: 0xffffffff max_cycles: 0xffffffff, max_idle_ns: 19112604467 ns
[    0.367460] APIC: Switch to symmetric I/O mode setup
[    0.372173] ..TIMER: vector=0x30 apic1=0 pin1=2 apic2=-1 pin2=-1
[    0.414605] clocksource: tsc-early: mask: 0xffffffffffffffff max_cycles: 0x256c4986036, max_idle_ns: 440795298792 ns
[    0.415336] Calibrating delay loop (skipped), value calculated using timer frequency.. 5192.44 BogoMIPS (lpj=25962200)
[    0.417284] x86/cpu: User Mode Instruction Prevention (UMIP) activated
[    0.440694] Last level iTLB entries: 4KB 0, 2MB 0, 4MB 0
[    0.441222] Last level dTLB entries: 4KB 0, 2MB 0, 4MB 0, 1GB 0
[    0.442495] Spectre V1 : Mitigation: usercopy/swapgs barriers and __user pointer sanitization
[    0.443545] Spectre V2 : Mitigation: Retpolines
[    0.445301] Spectre V2 : Spectre v2 / SpectreRSB: Filling RSB on context switch and VMEXIT
[    0.446080] Speculative Store Bypass: Vulnerable
[    0.456880] x86/fpu: Supporting XSAVE feature 0x001: 'x87 floating point registers'
[    0.461609] x86/fpu: Supporting XSAVE feature 0x002: 'SSE registers'
[    0.462025] x86/fpu: Supporting XSAVE feature 0x004: 'AVX registers'
[    0.462273] x86/fpu: Supporting XSAVE feature 0x008: 'MPX bounds registers'
[    0.462535] x86/fpu: Supporting XSAVE feature 0x010: 'MPX CSR'
[    0.465467] x86/fpu: xstate_offset[2]:  576, xstate_sizes[2]:  256
[    0.465892] x86/fpu: xstate_offset[3]:  960, xstate_sizes[3]:   64
[    0.466130] x86/fpu: xstate_offset[4]: 1024, xstate_sizes[4]:   64
[    0.466411] x86/fpu: Enabled xstate features 0x1f, context size is 1088 bytes, using 'standard' format.
[    0.707932] Freeing SMP alternatives memory: 40K
[    0.708873] pid_max: default: 32768 minimum: 301
[    0.718549] Mount-cache hash table entries: 512 (order: 0, 4096 bytes, linear)
[    0.719164] Mountpoint-cache hash table entries: 512 (order: 0, 4096 bytes, linear)
[    0.871852] smpboot: CPU0: AMD QEMU TCG CPU version 2.5+ (family: 0x6, model: 0x6, stepping: 0x3)
[    0.901892] Performance Events: PMU not available due to virtualization, using software events only.
[    0.903442] signal: max sigframe size: 1616
[    0.905112] rcu: Hierarchical SRCU implementation.
[    0.905333] rcu: 	Max phase no-delay instances is 1000.
[    0.910642] smp: Bringing up secondary CPUs ...
[    0.914726] smp: Brought up 1 node, 1 CPU
[    0.916196] smpboot: Total of 1 processors activated (5192.44 BogoMIPS)
[    0.923097] Memory: 103208K/130540K available (14336K kernel code, 1177K rwdata, 2556K rodata, 1492K init, 1304K bss, 25620K reserved, 0K cma-reserved)
[    0.937593] clocksource: jiffies: mask: 0xffffffff max_cycles: 0xffffffff, max_idle_ns: 19112604462750000 ns
[    0.938468] futex hash table entries: 256 (order: 2, 16384 bytes, linear)
[    0.939895] pinctrl core: initialized pinctrl subsystem
[    0.956619] NET: Registered PF_NETLINK/PF_ROUTE protocol family
[    0.962728] thermal_sys: Registered thermal governor 'step_wise'
[    0.962769] thermal_sys: Registered thermal governor 'user_space'
[    0.963855] cpuidle: using governor ladder
[    0.965742] acpiphp: ACPI Hot Plug PCI Controller Driver version: 0.5
[    0.970016] PCI: Using configuration type 1 for base access
[    0.979664] cryptd: max_cpu_qlen set to 1000
[    0.985527] ACPI: Added _OSI(Module Device)
[    0.985752] ACPI: Added _OSI(Processor Device)
[    0.985929] ACPI: Added _OSI(Processor Aggregator Device)
[    0.999586] ACPI: 1 ACPI AML tables successfully acquired and loaded
[    1.017166] ACPI: Interpreter enabled
[    1.018027] ACPI: PM: (supports S0 S5)
[    1.018241] ACPI: Using IOAPIC for interrupt routing
[    1.018832] PCI: Using host bridge windows from ACPI; if necessary, use "pci=nocrs" and report a bug
[    1.019202] PCI: Using E820 reservations for host bridge windows
[    1.027022] ACPI: Enabled 2 GPEs in block 00 to 0F
[    1.058271] ACPI: PCI Root Bridge [PCI0] (domain 0000 [bus 00-ff])
[    1.059210] acpi PNP0A03:00: _OSC: OS supports [ASPM ClockPM Segments MSI HPX-Type3]
[    1.059667] acpi PNP0A03:00: _OSC: not requesting OS control; OS requires [ExtendedConfig ASPM ClockPM MSI]
[    1.060572] acpi PNP0A03:00: fail to add MMCONFIG information, can't access extended configuration space under this bridge
[    1.075537] acpiphp: Slot [3] registered
[    1.075885] acpiphp: Slot [4] registered
[    1.076128] acpiphp: Slot [5] registered
[    1.076355] acpiphp: Slot [6] registered
[    1.081667] acpiphp: Slot [7] registered
[    1.082069] acpiphp: Slot [8] registered
[    1.083605] acpiphp: Slot [9] registered
[    1.083866] acpiphp: Slot [10] registered
[    1.084101] acpiphp: Slot [11] registered
[    1.084326] acpiphp: Slot [12] registered
[    1.085458] acpiphp: Slot [13] registered
[    1.085855] acpiphp: Slot [14] registered
[    1.086219] acpiphp: Slot [15] registered
[    1.086475] acpiphp: Slot [16] registered
[    1.086723] acpiphp: Slot [17] registered
[    1.086959] acpiphp: Slot [18] registered
[    1.087194] acpiphp: Slot [19] registered
[    1.095528] acpiphp: Slot [20] registered
[    1.095808] acpiphp: Slot [21] registered
[    1.096049] acpiphp: Slot [22] registered
[    1.096283] acpiphp: Slot [23] registered
[    1.096546] acpiphp: Slot [24] registered
[    1.096787] acpiphp: Slot [25] registered
[    1.105591] acpiphp: Slot [26] registered
[    1.105986] acpiphp: Slot [27] registered
[    1.115380] acpiphp: Slot [28] registered
[    1.115658] acpiphp: Slot [29] registered
[    1.115915] acpiphp: Slot [30] registered
[    1.116153] acpiphp: Slot [31] registered
[    1.125790] PCI host bridge to bus 0000:00
[    1.126339] pci_bus 0000:00: root bus resource [io  0x0000-0x0cf7 window]
[    1.126752] pci_bus 0000:00: root bus resource [io  0x0d00-0xffff window]
[    1.127005] pci_bus 0000:00: root bus resource [mem 0x000a0000-0x000bffff window]
[    1.135404] pci_bus 0000:00: root bus resource [mem 0x08000000-0xfebfffff window]
[    1.135846] pci_bus 0000:00: root bus resource [mem 0x100000000-0x17fffffff window]
[    1.136331] pci_bus 0000:00: root bus resource [bus 00-ff]
[    1.146876] pci 0000:00:00.0: [8086:1237] type 00 class 0x060000 conventional PCI endpoint
[    1.150957] pci 0000:00:01.0: [8086:7000] type 00 class 0x060100 conventional PCI endpoint
[    1.151834] pci 0000:00:01.1: [8086:7010] type 00 class 0x010180 conventional PCI endpoint
[    1.158323] pci 0000:00:01.1: BAR 4 [io  0xc0e0-0xc0ef]
[    1.159694] pci 0000:00:01.1: BAR 0 [io  0x01f0-0x01f7]: legacy IDE quirk
[    1.160001] pci 0000:00:01.1: BAR 1 [io  0x03f6]: legacy IDE quirk
[    1.160258] pci 0000:00:01.1: BAR 2 [io  0x0170-0x0177]: legacy IDE quirk
[    1.165358] pci 0000:00:01.1: BAR 3 [io  0x0376]: legacy IDE quirk
[    1.166361] pci 0000:00:01.3: [8086:7113] type 00 class 0x068000 conventional PCI endpoint
[    1.167055] pci 0000:00:01.3: quirk: [io  0x0600-0x063f] claimed by PIIX4 ACPI
[    1.167367] pci 0000:00:01.3: quirk: [io  0x0700-0x070f] claimed by PIIX4 SMB
[    1.176116] pci 0000:00:02.0: [1234:1111] type 00 class 0x030000 conventional PCI endpoint
[    1.177016] pci 0000:00:02.0: BAR 0 [mem 0xfd000000-0xfdffffff pref]
[    1.178700] pci 0000:00:02.0: BAR 2 [mem 0xfeb90000-0xfeb90fff]
[    1.187922] pci 0000:00:02.0: ROM [mem 0xfeb80000-0xfeb8ffff pref]
[    1.188490] pci 0000:00:02.0: Video device with shadowed ROM at [mem 0x000c0000-0x000dffff]
[    1.195827] pci 0000:00:03.0: [1af4:1000] type 00 class 0x020000 conventional PCI endpoint
[    1.202889] pci 0000:00:03.0: BAR 0 [io  0xc080-0xc09f]
[    1.205892] pci 0000:00:03.0: BAR 4 [mem 0xfe000000-0xfe003fff 64bit pref]
[    1.207283] pci 0000:00:03.0: ROM [mem 0xfea80000-0xfeafffff pref]
[    1.211966] pci 0000:00:04.0: [1af4:1005] type 00 class 0x00ff00 conventional PCI endpoint
[    1.214126] pci 0000:00:04.0: BAR 0 [io  0xc0a0-0xc0bf]
[    1.215253] pci 0000:00:04.0: BAR 1 [mem 0xfeb91000-0xfeb91fff]
[    1.218678] pci 0000:00:04.0: BAR 4 [mem 0xfe004000-0xfe007fff 64bit pref]
[    1.223621] pci 0000:00:05.0: [1af4:1000] type 00 class 0x020000 conventional PCI endpoint
[    1.225868] pci 0000:00:05.0: BAR 0 [io  0xc0c0-0xc0df]
[    1.226774] pci 0000:00:05.0: BAR 1 [mem 0xfeb92000-0xfeb92fff]
[    1.228950] pci 0000:00:05.0: BAR 4 [mem 0xfe008000-0xfe00bfff 64bit pref]
[    1.235645] pci 0000:00:05.0: ROM [mem 0xfeb00000-0xfeb7ffff pref]
[    1.238950] pci 0000:00:06.0: [1af4:1001] type 00 class 0x010000 conventional PCI endpoint
[    1.240760] pci 0000:00:06.0: BAR 0 [io  0xc000-0xc07f]
[    1.241960] pci 0000:00:06.0: BAR 1 [mem 0xfeb93000-0xfeb93fff]
[    1.247419] pci 0000:00:06.0: BAR 4 [mem 0xfe00c000-0xfe00ffff 64bit pref]
[    1.255457] ACPI: PCI: Interrupt link LNKA configured for IRQ 10
[    1.256491] ACPI: PCI: Interrupt link LNKB configured for IRQ 10
[    1.257097] ACPI: PCI: Interrupt link LNKC configured for IRQ 11
[    1.257647] ACPI: PCI: Interrupt link LNKD configured for IRQ 11
[    1.258042] ACPI: PCI: Interrupt link LNKS configured for IRQ 9
[    1.269864] iommu: Default domain type: Translated
[    1.270099] iommu: DMA domain TLB invalidation policy: lazy mode
[    1.272773] SCSI subsystem initialized
[    1.276234] ACPI: bus type USB registered
[    1.276762] usbcore: registered new interface driver usbfs
[    1.278254] usbcore: registered new interface driver hub
[    1.278728] usbcore: registered new device driver usb
[    1.279244] pps_core: LinuxPPS API ver. 1 registered
[    1.279449] pps_core: Software ver. 5.3.6 - Copyright 2005-2007 Rodolfo Giometti <giometti@linux.it>
[    1.285614] PTP clock support registered
[    1.300573] PCI: Using ACPI for IRQ routing
[    1.302940] hpet0: at MMIO 0xfed00000, IRQs 2, 8, 0
[    1.303230] hpet0: 3 comparators, 64-bit 100.000000 MHz counter
[    1.309537] clocksource: Switched to clocksource tsc-early
[    1.312622] pnp: PnP ACPI init
[    1.312718] pnp: PnP ACPI: found 6 devices
[    1.325524] clocksource: acpi_pm: mask: 0xffffff max_cycles: 0xffffff, max_idle_ns: 2085701024 ns
[    1.326910] NET: Registered PF_INET protocol family
[    1.328116] IP idents hash table entries: 2048 (order: 2, 16384 bytes, linear)
[    1.333683] tcp_listen_portaddr_hash hash table entries: 256 (order: 0, 4096 bytes, linear)
[    1.336515] Table-perturb hash table entries: 65536 (order: 6, 262144 bytes, linear)
[    1.336936] TCP established hash table entries: 1024 (order: 1, 8192 bytes, linear)
[    1.337410] TCP bind hash table entries: 1024 (order: 3, 32768 bytes, linear)
[    1.347394] TCP: Hash tables configured (established 1024 bind 1024)
[    1.349293] MPTCP token hash table entries: 256 (order: 1, 6144 bytes, linear)
[    1.349843] UDP hash table entries: 256 (order: 1, 8192 bytes, linear)
[    1.350292] UDP-Lite hash table entries: 256 (order: 1, 8192 bytes, linear)
[    1.359822] NET: Registered PF_UNIX/PF_LOCAL protocol family
[    1.361055] pci_bus 0000:00: resource 4 [io  0x0000-0x0cf7 window]
[    1.361340] pci_bus 0000:00: resource 5 [io  0x0d00-0xffff window]
[    1.361583] pci_bus 0000:00: resource 6 [mem 0x000a0000-0x000bffff window]
[    1.369139] pci_bus 0000:00: resource 7 [mem 0x08000000-0xfebfffff window]
[    1.369501] pci_bus 0000:00: resource 8 [mem 0x100000000-0x17fffffff window]
[    1.370246] pci 0000:00:01.0: PIIX3: Enabling Passive Release
[    1.380177] pci 0000:00:00.0: Limiting direct PCI/PCI transfers
[    1.380606] PCI: CLS 0 bytes, default 64
[    1.399989] workingset: timestamp_bits=46 max_order=15 bucket_order=0
[    1.402639] squashfs: version 4.0 (2009/01/31) Phillip Lougher
[    1.405348] Block layer SCSI generic (bsg) driver version 0.4 loaded (major 247)
[    1.408739] hv_vmbus: registering driver hyperv_fb
[    1.414099] input: Power Button as /devices/LNXSYSTM:00/LNXPWRBN:00/input/input0
[    1.421659] ACPI: button: Power Button [PWRF]
[    1.563053] ACPI: \_SB_.LNKC: Enabled at IRQ 11
[    1.697536] ACPI: \_SB_.LNKD: Enabled at IRQ 10
[    1.830618] ACPI: \_SB_.LNKA: Enabled at IRQ 10
[    1.963347] ACPI: \_SB_.LNKB: Enabled at IRQ 11
[    1.965541] Serial: 8250/16550 driver, 16 ports, IRQ sharing enabled
[    1.991143] 00:04: ttyS0 at I/O 0x3f8 (irq = 4, base_baud = 115200) is a 16550A
[    2.013160] Non-volatile memory driver v1.3
[    2.024624] Linux agpgart interface v0.103
[    2.025714] ACPI: bus type drm_connector registered
[    2.028561] [drm] Found bochs VGA, ID 0xb0c5.
[    2.028787] [drm] Framebuffer size 16384 kB @ 0xfd000000, mmio @ 0xfeb90000.
[    2.034740] [drm] Found EDID data blob.
[    2.040358] [drm] Initialized bochs-drm 1.0.0 for 0000:00:02.0 on minor 0
[    2.102363] Console: switching to colour frame buffer device 160x50
[    2.112194] bochs-drm 0000:00:02.0: [drm] fb0: bochs-drmdrmfb frame buffer device
[    2.130428] loop: module loaded
[    2.131174] virtio_blk virtio3: 1/0/0 default/read/poll queues
[    2.148490] virtio_blk virtio3: [vda] 246784 512-byte logical blocks (126 MB/121 MiB)
[    2.157851]  vda: vda1 vda2
[    2.160210] Guest personality initialized and is inactive
[    2.160880] VMCI host device registered (name=vmci, major=10, minor=256)
[    2.161197] Initialized host personality
[    2.161582] usbcore: registered new interface driver rtsx_usb
[    2.162500] VMware PVSCSI driver - version 1.0.7.0-k
[    2.171156] hv_vmbus: registering driver hv_storvsc
[    2.186148] scsi host0: ata_piix
[    2.188716] scsi host1: ata_piix
[    2.189585] ata1: PATA max MWDMA2 cmd 0x1f0 ctl 0x3f6 bmdma 0xc0e0 irq 14 lpm-pol 0
[    2.189935] ata2: PATA max MWDMA2 cmd 0x170 ctl 0x376 bmdma 0xc0e8 irq 15 lpm-pol 0
[    2.200390] VMware vmxnet3 virtual NIC driver - version 1.9.0.0-k-NAPI
[    2.201031] hv_vmbus: registering driver hv_netvsc
[    2.201470] Fusion MPT base driver 3.04.20
[    2.201650] Copyright (c) 1999-2008 LSI Corporation
[    2.202064] Fusion MPT SPI Host driver 3.04.20
[    2.211513] Fusion MPT SAS Host driver 3.04.20
[    2.213621] usbcore: registered new interface driver usb-storage
[    2.214985] i8042: PNP: PS/2 Controller [PNP0303:KBD,PNP0f13:MOU] at 0x60,0x64 irq 1,12
[    2.218413] serio: i8042 KBD port at 0x60,0x64 irq 1
[    2.218814] serio: i8042 AUX port at 0x60,0x64 irq 12
[    2.225595] hv_vmbus: registering driver hyperv_keyboard
[    2.228192] rtc_cmos 00:05: RTC can wake from S4
[    2.233525] rtc_cmos 00:05: registered as rtc0
[    2.236376] rtc_cmos 00:05: setting system clock to 2026-04-25T03:21:20 UTC (1777087280)
[    2.239004] rtc_cmos 00:05: alarms up to one day, y3k, 242 bytes nvram, hpet irqs
[    2.241732] intel_powerclamp: CPU does not support MWAIT
[    2.246376] amd_pstate: the _CPC object is not present in SBIOS or ACPI disabled
[    2.249024] sdhci: Secure Digital Host Controller Interface driver
[    2.251116] sdhci: Copyright(c) Pierre Ossman
[    2.253563] VUB300 Driver rom wait states = 1C irqpoll timeout = 0400
[    2.260541] input: AT Translated Set 2 keyboard as /devices/platform/i8042/serio0/input/input1
[    2.283036] usbcore: registered new interface driver vub300
[    2.285827] usbcore: registered new interface driver ushc
[    2.293888] hid: raw HID events driver (C) Jiri Kosina
[    2.296924] hv_vmbus: registering driver hid_hyperv
[    2.299849] usbcore: registered new interface driver usbhid
[    2.302027] usbhid: USB HID core driver
[    2.304429] hv_utils: Registering HyperV Utility Driver
[    2.306796] hv_vmbus: registering driver hv_utils
[    2.308919] hv_vmbus: registering driver hv_balloon
[    2.312599] NET: Registered PF_INET6 protocol family
[    2.327310] Segment Routing with IPv6
[    2.329630] In-situ OAM (IOAM) with IPv6
[    2.332171] NET: Registered PF_PACKET protocol family
[    2.334955] bridge: filtering via arp/ip/ip6tables is no longer available by default. Update your scripts to load br_netfilter if you need this.
[    2.344645] 8021q: 802.1Q VLAN Support v1.8
[    2.347514] NET: Registered PF_VSOCK protocol family
[    2.356906] IPI shorthand broadcast: enabled
[    2.363681] AES CTR mode by8 optimization enabled
[    2.381964] sched_clock: Marking stable (2110102937, 264269418)->(2384107775, -9735420)
[    2.434729] ata2: found unknown device (class 0)
[    2.453071] tsc: Refined TSC clocksource calibration: 2596.181 MHz
[    2.456046] clocksource: tsc: mask: 0xffffffffffffffff max_cycles: 0x256c2498e92, max_idle_ns: 440795253220 ns
[    2.463486] clocksource: Switched to clocksource tsc
[    2.467320] ata2.00: ATAPI: QEMU DVD-ROM, 2.5+, max UDMA/100
[    2.487085] scsi 1:0:0:0: CD-ROM            QEMU     QEMU DVD-ROM     2.5+ PQ: 0 ANSI: 5
[    2.498037] clk: Disabling unused clocks
[    2.546368] sr 1:0:0:0: [sr0] scsi3-mmc drive: 4x/4x cd/rw xa/form2 tray
[    2.549229] cdrom: Uniform CD-ROM driver Revision: 3.20
[    2.607279] VFS: Mounted root (squashfs filesystem) readonly on device 254:2.
[    2.684537] Freeing unused kernel image (initmem) memory: 1492K
[    2.687426] Write protecting the kernel read-only data: 18432k
[    2.691685] Freeing unused kernel image (rodata/data gap) memory: 1540K
[    2.694650] Run /sbin/init as init process
[    2.985807] init: Console is alive
[    3.613073] kmodloader: loading kernel modules from /etc/modules-boot.d/*
[    3.676066] button_hotplug: loading out-of-tree module taints kernel.
[    3.682944] Button Hotplug driver version 0.4.1
[    3.703989] Intel(R) 2.5G Ethernet Linux Driver
[    3.706876] Copyright(c) 2018 Intel Corporation.
[    3.723598] igb: Intel(R) Gigabit Ethernet Network Driver
[    3.726499] igb: Copyright (c) 2007-2014 Intel Corporation.
[    3.742421] e1000e: Intel(R) PRO/1000 Network Driver
[    3.745302] e1000e: Copyright(c) 1999 - 2015 Intel Corporation.
[    3.758639] kmodloader: done loading kernel modules from /etc/modules-boot.d/*
[    3.778648] init: - preinit -
[    4.777107] 8021q: adding VLAN 0 to HW filter on device eth0
Press the [f] key and hit [enter] to enter failsafe mode
Press the [1], [2], [3] or [4] key and hit [enter] to select the debug level

[    9.438082] loop0: detected capacity change from 0 to 212992
[    9.484727] loop0: detected capacity change from 212992 to 199808
[    9.498277] mount_root: overlay filesystem in /dev/loop0 has not been formatted yet
[    9.827139] EXT4-fs (loop0): mounted filesystem acf8af93-5380-4131-baf2-5df62fdebc16 r/w with ordered data mode. Quota mode: disabled.
[    9.841582] mount_root: overlay filesystem has not been fully initialized yet
[    9.860585] mount_root: switching to ext4 overlay
[    9.882586] overlayfs: null uuid detected in lower fs '/', falling back to xino=off,index=off,nfs_export=off.
[   10.641140] EXT4-fs (vda1): mounted filesystem 84173db5-fa99-e35a-95c6-28613cc79ea9 r/w without journal. Quota mode: disabled.
[   10.665643] urandom-seed: Seed file not found (/etc/urandom.seed)
[   10.811793] procd: - early -
[   11.535996] procd: - ubus -
[   11.726504] procd: - init -
Please press Enter to activate this console.
root
login[1045]: root login on 'ttyS0'


BusyBox v1.37.0 (2026-04-22 18:41:29 UTC) built-in shell (ash)

  _______                     ________        __
 |       |.-----.-----.-----.|  |  |  |.----.|  |_
 |   -   ||  _  |  -__|     ||  |  |  ||   _||   _|
 |_______||   __|_____|__|__||________||__|  |____|
          |__| W I R E L E S S   F R E E D O M
 -----------------------------------------------------
 OpenWrt 25.12-SNAPSHOT, r32881-6cbb072b57 Dave's Guitar
 -----------------------------------------------------

 === WARNING! =====================================
 There is no root password defined on this device!
 Use the "passwd" command to set up a new password
 in order to prevent unauthorized SSH logins.
 --------------------------------------------------

  ___   __ __                _______             __
 |   |_|__|  |--.----.-----.|   |   |-----.-----|  |--.
 |     |  |  _  |   _|  -__||       |  -__|__ --|     |
 |_____|__|_____|__| |_____||__|_|__|_____|_____|__|__|

 ------------------------------------------------------
 LiMe master development (master rev. aebe482 20260416_0843)
 ------------------------------------------------------
 https://libremesh.org
 ------------------------------------------------------

 OpenWrt recently switched to the "apk" package manager!

 OPKG Command           APK Equivalent      Description
 ------------------------------------------------------------------
 opkg install <pkg>     apk add <pkg>       Install a package
 opkg remove <pkg>      apk del <pkg>       Remove a package
 opkg upgrade           apk upgrade         Upgrade all packages
 opkg files <pkg>       apk info -L <pkg>   List package contents
 opkg list-installed    apk info            List installed packages
 opkg update            apk update          Update package lists
 opkg search <pkg>      apk search <pkg>    Search for packages
 ------------------------------------------------------------------

For more information visit:
https://openwrt.org/docs/guide-user/additional-software/opkg-to-apk-cheatsheet

root@(none):~# dmesg -n 1
root@(none):~# echo 'NAGJ''GNSTUZ'
NAGJGNSTUZ
root@LiMe-123456:~# run() { echo -n "$MARKER"; sh -c "$@"; echo "$MARKER $?"; }
root@LiMe-123456:~# echo 'GKTM''NVZPTU'
GKTMNVZPTU
root@LiMe-123456:~# MARKER='BPKZ''BTXVAS' run 'ubus wait_for network.interface.l
an'
BPKZBTXVASBPKZBTXVAS 0
root@LiMe-123456:~# echo 'XZWU''MELEJL'
XZWUMELEJL
root@LiMe-123456:~# MARKER='FMKT''XYHSKX' run 'ubus call network.interface.lan s
tatus '"'"'{}'"'"''
FMKTXYHSKX{
	"up": true,
	"pending": false,
	"available": true,
	"autostart": true,
	"dynamic": false,
	"uptime": 1,
	"l3_device": "br-lan",
	"proto": "static",
	"device": "br-lan",
	"updated": [
		"addresses"
	],
	"metric": 0,
	"dns_metric": 0,
	"delegation": true,
	"ipv4-address": [
		{
			"address": "10.13.52.86",
			"mask": 16
		}
	],
	"ipv6-address": [
		{
			"address": "fd0d:fe46:8ce8::12:3456",
			"mask": 64
		}
	],
	"ipv6-prefix": [
		
	],
	"ipv6-prefix-assignment": [
		
	],
	"route": [
		
	],
	"dns-server": [
		
	],
	"dns-search": [
		
	],
	"neighbors": [
		
	],
	"inactive": {
		"ipv4-address": [
			
		],
		"ipv6-address": [
			
		],
		"route": [
			
		],
		"dns-server": [
			
		],
		"dns-search": [
			
		],
		"neighbors": [
			
		]
	},
	"data": {
		
	}
}
FMKTXYHSKX 0
root@LiMe-123456:~# echo 'QHMN''ZKKABB'
QHMNZKKABB
root@LiMe-123456:~# MARKER='CCUH''TGGLSM' run true
CCUHTGGLSMCCUHTGGLSM 0
root@LiMe-123456:~# echo 'MKLW''VZECUM'
MKLWVZECUM
root@LiMe-123456:~# MARKER='ELYL''HZWYFY' run 'source /etc/os-release; echo $BUI
LD_ID'
ELYLHZWYFYr32881-6cbb072b57
ELYLHZWYFY 0
root@LiMe-123456:~# echo 'JGUP''EYULJK'
JGUPEYULJK
root@LiMe-123456:~# MARKER='BPMJ''KCJOCT' run 'ls /etc/dropbear/dropbear_rsa_hos
t_key'
BPMJKCJOCT[0;0m/etc/dropbear/dropbear_rsa_host_key[m
BPMJKCJOCT 0
root@LiMe-123456:~# echo 'BTJG''BLMBNO'
BTJGBLMBNO
root@LiMe-123456:~# MARKER='XUBT''ZVMYSC' run 'netstat -tlpn | grep 0.0.0.0:22'
XUBTZVMYSCtcp        0      0 0.0.0.0:22              0.0.0.0:*               LISTEN      2123/dropbear
XUBTZVMYSC 0
root@LiMe-123456:~# echo 'SXUW''LVLZSG'
SXUWLVLZSG
root@LiMe-123456:~# MARKER='ZVFF''LXVNBW' run 'dmesg | grep br-lan | grep forwar
ding'
ZVFFLXVNBW[   49.495595] br-lan: port 1(eth0) entered forwarding state
[   52.972164] br-lan: port 2(bat0) entered forwarding state
ZVFFLXVNBW 0
root@LiMe-123456:~# echo 'MGCY''FJCTTJ'
MGCYFJCTTJ
root@LiMe-123456:~# MARKER='ENMB''PCXJNE' run 'ubus call network.interface.lan s
tatus '"'"'{}'"'"''
ENMBPCXJNE{
	"up": true,
	"pending": false,
	"available": true,
	"autostart": true,
	"dynamic": false,
	"uptime": 42,
	"l3_device": "br-lan",
	"proto": "static",
	"device": "br-lan",
	"updated": [
		"addresses"
	],
	"metric": 0,
	"dns_metric": 0,
	"delegation": true,
	"ipv4-address": [
		{
			"address": "10.13.52.86",
			"mask": 16
		}
	],
	"ipv6-address": [
		{
			"address": "fd0d:fe46:8ce8::12:3456",
			"mask": 64
		}
	],
	"ipv6-prefix": [
		
	],
	"ipv6-prefix-assignment": [
		
	],
	"route": [
		
	],
	"dns-server": [
		
	],
	"dns-search": [
		
	],
	"neighbors": [
		
	],
	"inactive": {
		"ipv4-address": [
			
		],
		"ipv6-address": [
			
		],
		"route": [
			
		],
		"dns-server": [
			
		],
		"dns-search": [
			
		],
		"neighbors": [
			
		]
	},
	"data": {
		
	}
}
ENMBPCXJNE 0
root@LiMe-123456:~# 