Labgrid Console Logfile for main
Logfile started at 2026-04-27 02:06:56.924062
=== Log starts here ===
c[?7l[2J[0mSeaBIOS (version 1.16.3-debian-1.16.3-2)


iPXE (https://ipxe.org) 00:03.0 CA00 PCI2.10 PnP PMM+06FCAE70+06F0AE70 CA00
Press Ctrl-B to configure iPXE (PCI 00:03.0)...                                                                               




iPXE (https://ipxe.org) 00:05.0 CB00 PCI2.10 PnP PMM 06FCAE70 06F0AE70 CB00
Press Ctrl-B to configure iPXE (PCI 00:05.0)...                                                                               


Booting from Hard Disk...
GRUB loading.....
[0;30;47mWelcome to GRUB![01;01H[0m[2J[H[J[1;1H[?25l[m[H[J[1;1H[2;30HGNU GRUB  version 2.12

[m[4;2H+----------------------------------------------------------------------------+[5;2H|[5;79H|[6;2H|[6;79H|[7;2H|[7;79H|[8;2H|[8;79H|[9;2H|[9;79H|[10;2H|[10;79H|[11;2H|[11;79H|[12;2H|[12;79H|[13;2H|[13;79H|[14;2H|[14;79H|[15;2H|[15;79H|[16;2H+----------------------------------------------------------------------------+[m[17;2H[18;2H[m     Use the ^ and v keys to select which entry is highlighted.          
      Press enter to boot the selected OS, `e' to edit the commands       
      before booting or `c' for a command-line. ESC to return             
      previous menu.                                                      [5;80H [7m[5;3H*OpenWrt                                                                    [m[5;78H[m[m[6;3H OpenWrt (failsafe)                                                         [m[6;78H[m[m[7;3H                                                                            [m[7;78H[m[m[8;3H                                                                            [m[8;78H[m[m[9;3H                                                                            [m[9;78H[m[m[10;3H                                                                            [m[10;78H[m[m[11;3H                                                                            [m[11;78H[m[m[12;3H                                                                            [m[12;78H[m[m[13;3H                                                                            [m[13;78H[m[m[14;3H                                                                            [m[14;78H[m[m[15;3H                                                                            [m[15;78H[m[15;80H [5;78H[2J[02;30HGNU GRUB  version 2.12[04;02H┌────────────────────────────────────────────────────────────────────────────┐[05;02H│[05;79H│[06;02H│[06;79H│[07;02H│[07;79H│[08;02H│[08;79H│[09;02H│[09;79H│[10;02H│[10;79H│[11;02H│[11;79H│[12;02H│[12;79H│[13;02H│[13;79H│[14;02H│[14;79H│[15;02H│[15;79H│[16;02H│[16;79H│[17;02H└────────────────────────────────────────────────────────────────────────────┘[19;02H     Use the ↑ and ↓ keys to select which entry is highlighted.          
      Press enter to boot the selected OS, `e' to edit the commands       
      before booting or `c' for a command-line. ESC to return             
      previous menu.                                                      [05;80H [05;03H[0;30;47m*OpenWrt                                                                    [06;03H[0m Open[06;07H[06;08HWrt (failsafe)                                                         [07;03H                                                                            [08;03H                                                                            [09;03H                                                                            [10;03H                                                                            [11;03H                                       [11;41H[11;42H                                     [12;03H                                                                            [13;03H                                                                            [14;03H                                                                            [15;03H                                                                            [16;03H                                                                            [16;80H 






   The highlighted entry will be executed automatically in 5s.                [22;1H   The highlighted entry will be executed automatically in 5s.                 [5;78H [05;78H

















   The highlighted entry will be executed automatically in 4s.                [22;1H   The highlighted entry will be executed automatically in 4s.                 [5;78H [05;78H

















   The highlighted entry will be executed automatically in 3s.                [22;1H   The highlighted entry will be executed automatically in 3s.                 [5;78H [05;78H

















   The highlighted entry will be executed automatically in 2s.                [22;1H   The highlighted entry will be executed automatically in 2s.                 [5;78H [05;78H

















   The highlighted entry [23;25H[23;26Hwill be executed automatically in 1s.                [22;1H   The highlighted entry will be executed automatically in 1s.                 [5;78H [05;78H

















   The highlighted entry will be executed automatically in 0s.                [22;1H   The highlighted entry will be executed automatically in 0s.                 [5;78H [01;01H[2J[?25h[H[J[1;1H[H[J[1;1H[2J   Booting `OpenWrt' Booting `OpenWrt

'

[    0.000000] Linux version 6.12.79 (builder@buildhost) (x86_64-openwrt-linux-musl-gcc (OpenWrt GCC 14.3.0 r32881-6cbb072b57) 14.3.0, GNU ld (GNU Binutils) 2.44) #0 SMP Wed Apr 22 18:41:29 2026
[    0.000000] Command line: BOOT_IMAGE=/boot/vmlinuz root=PARTUUID=4a08fd1c-02 rootwait console=tty1 console=ttyS0,115200n8 noinitrd
[    0.000000] BIOS-provided physical RAM map:
[    0.000000] BIOS-e820: [mem 0x0000000000000000-0x000000000009fbff] usable
[    0.000000] BIOS-e820: [mem 0x000000000009fc00-0x000000000009ffff] reserved
[    0.000000] BIOS-e820: [mem 0x00000000000f0000-0x00000000000fffff] reserved
[    0.000000] BIOS-e820: [mem 0x0000000000100000-0x0000000007fdcfff] usable
[    0.000000] BIOS-e820: [mem 0x0000000007fdd000-0x0000000007ffffff] reserved
[    0.000000] BIOS-e820: [mem 0x00000000fffc0000-0x00000000ffffffff] reserved
[    0.000000] BIOS-e820: [mem 0x000000fd00000000-0x000000ffffffffff] reserved
[    0.000000] NX (Execute Disable) protection: active
[    0.000000] APIC: Static calls initialized
[    0.000000] SMBIOS 3.0.0 present.
[    0.000000] DMI: QEMU Standard PC (i440FX + PIIX, 1996), BIOS 1.16.3-debian-1.16.3-2 04/01/2014
[    0.000000] DMI: Memory slots populated: 1/1
[    0.000000] tsc: Fast TSC calibration using PIT
[    0.000000] tsc: Detected 2596.093 MHz processor
[    0.006356] last_pfn = 0x7fdd max_arch_pfn = 0x400000000
[    0.006943] MTRR map: 4 entries (3 fixed + 1 variable; max 19), built from 8 variable MTRRs
[    0.007073] x86/PAT: Configuration [0-7]: WB  WC  UC- UC  WB  WP  UC- WT  
[    0.021326] found SMP MP-table at [mem 0x000f5460-0x000f546f]
[    0.022421] Using GB pages for direct mapping
[    0.026205] ACPI: Early table checksum verification disabled
[    0.026541] ACPI: RSDP 0x00000000000F5290 000014 (v00 BOCHS )
[    0.026798] ACPI: RSDT 0x0000000007FE1C64 000034 (v01 BOCHS  BXPC     00000001 BXPC 00000001)
[    0.027202] ACPI: FACP 0x0000000007FE1B18 000074 (v01 BOCHS  BXPC     00000001 BXPC 00000001)
[    0.027687] ACPI: DSDT 0x0000000007FE0040 001AD8 (v01 BOCHS  BXPC     00000001 BXPC 00000001)
[    0.027745] ACPI: FACS 0x0000000007FE0000 000040
[    0.027789] ACPI: APIC 0x0000000007FE1B8C 000078 (v03 BOCHS  BXPC     00000001 BXPC 00000001)
[    0.027805] ACPI: HPET 0x0000000007FE1C04 000038 (v01 BOCHS  BXPC     00000001 BXPC 00000001)
[    0.027819] ACPI: WAET 0x0000000007FE1C3C 000028 (v01 BOCHS  BXPC     00000001 BXPC 00000001)
[    0.027877] ACPI: Reserving FACP table memory at [mem 0x7fe1b18-0x7fe1b8b]
[    0.027916] ACPI: Reserving DSDT table memory at [mem 0x7fe0040-0x7fe1b17]
[    0.027921] ACPI: Reserving FACS table memory at [mem 0x7fe0000-0x7fe003f]
[    0.027926] ACPI: Reserving APIC table memory at [mem 0x7fe1b8c-0x7fe1c03]
[    0.027930] ACPI: Reserving HPET table memory at [mem 0x7fe1c04-0x7fe1c3b]
[    0.027934] ACPI: Reserving WAET table memory at [mem 0x7fe1c3c-0x7fe1c63]
[    0.030349] Zone ranges:
[    0.030373]   DMA      [mem 0x0000000000001000-0x0000000000ffffff]
[    0.030434]   DMA32    [mem 0x0000000001000000-0x0000000007fdcfff]
[    0.030441]   Normal   empty
[    0.030455] Movable zone start for each node
[    0.030490] Early memory node ranges
[    0.030511]   node   0: [mem 0x0000000000001000-0x000000000009efff]
[    0.030553]   node   0: [mem 0x0000000000100000-0x0000000007fdcfff]
[    0.030653] Initmem setup node 0 [mem 0x0000000000001000-0x0000000007fdcfff]
[    0.031481] On node 0, zone DMA: 1 pages in unavailable ranges
[    0.031848] On node 0, zone DMA: 97 pages in unavailable ranges
[    0.033514] On node 0, zone DMA32: 35 pages in unavailable ranges
[    0.033789] ACPI: PM-Timer IO Port: 0x608
[    0.034109] ACPI: LAPIC_NMI (acpi_id[0xff] dfl dfl lint[0x1])
[    0.034430] IOAPIC[0]: apic_id 0, version 32, address 0xfec00000, GSI 0-23
[    0.034531] ACPI: INT_SRC_OVR (bus 0 bus_irq 0 global_irq 2 dfl dfl)
[    0.034727] ACPI: INT_SRC_OVR (bus 0 bus_irq 5 global_irq 5 high level)
[    0.034764] ACPI: INT_SRC_OVR (bus 0 bus_irq 9 global_irq 9 high level)
[    0.034838] ACPI: INT_SRC_OVR (bus 0 bus_irq 10 global_irq 10 high level)
[    0.034844] ACPI: INT_SRC_OVR (bus 0 bus_irq 11 global_irq 11 high level)
[    0.034990] ACPI: Using ACPI (MADT) for SMP configuration information
[    0.035024] ACPI: HPET id: 0x8086a201 base: 0xfed00000
[    0.035338] CPU topo: Max. logical packages:   1
[    0.035349] CPU topo: Max. logical dies:       1
[    0.035357] CPU topo: Max. dies per package:   1
[    0.035395] CPU topo: Max. threads per core:   1
[    0.035527] CPU topo: Num. cores per package:     1
[    0.035539] CPU topo: Num. threads per package:   1
[    0.035546] CPU topo: Allowing 1 present CPUs plus 0 hotplug CPUs
[    0.036492] [mem 0x08000000-0xfffbffff] available for PCI devices
[    0.036547] Booting paravirtualized kernel on bare hardware
[    0.036795] clocksource: refined-jiffies: mask: 0xffffffff max_cycles: 0xffffffff, max_idle_ns: 19112604462750000 ns
[    0.037320] setup_percpu: NR_CPUS:512 nr_cpumask_bits:1 nr_cpu_ids:1 nr_node_ids:1
[    0.038802] percpu: Embedded 48 pages/cpu s158104 r8192 d30312 u2097152
[    0.040664] Kernel command line: BOOT_IMAGE=/boot/vmlinuz root=PARTUUID=4a08fd1c-02 rootwait console=tty1 console=ttyS0,115200n8 noinitrd
[    0.041991] random: crng init done
[    0.046052] Dentry cache hash table entries: 16384 (order: 5, 131072 bytes, linear)
[    0.046938] Inode-cache hash table entries: 8192 (order: 4, 65536 bytes, linear)
[    0.049175] Built 1 zonelists, mobility grouping on.  Total pages: 32635
[    0.049352] mem auto-init: stack:off, heap alloc:off, heap free:off
[    0.057335] SLUB: HWalign=64, Order=0-3, MinObjects=0, CPUs=1, Nodes=1
[    0.063582] rcu: Hierarchical RCU implementation.
[    0.063606] rcu: 	RCU restricting CPUs from NR_CPUS=512 to nr_cpu_ids=1.
[    0.063731] 	Tracing variant of Tasks RCU enabled.
[    0.063803] rcu: RCU calculated value of scheduler-enlistment delay is 10 jiffies.
[    0.063826] rcu: Adjusting geometry for rcu_fanout_leaf=16, nr_cpu_ids=1
[    0.064747] RCU Tasks Trace: Setting shift to 0 and lim to 1 rcu_task_cb_adjust=1 rcu_task_cpu_ids=1.
[    0.064850] NR_IRQS: 33024, nr_irqs: 256, preallocated irqs: 16
[    0.071837] rcu: srcu_init: Setting srcu_struct sizes based on contention.
[    0.077332] Console: colour VGA+ 80x25
[    0.077680] printk: legacy console [tty1] enabled
[    0.083795] printk: legacy console [ttyS0] enabled
[    0.332100] ACPI: Core revision 20240827
[    0.336452] clocksource: hpet: mask: 0xffffffff max_cycles: 0xffffffff, max_idle_ns: 19112604467 ns
[    0.340192] APIC: Switch to symmetric I/O mode setup
[    0.343938] ..TIMER: vector=0x30 apic1=0 pin1=2 apic2=-1 pin2=-1
[    0.387983] clocksource: tsc-early: mask: 0xffffffffffffffff max_cycles: 0x256bd12cf32, max_idle_ns: 440795280836 ns
[    0.388619] Calibrating delay loop (skipped), value calculated using timer frequency.. 5192.18 BogoMIPS (lpj=25960930)
[    0.390192] x86/cpu: User Mode Instruction Prevention (UMIP) activated
[    0.404729] Last level iTLB entries: 4KB 0, 2MB 0, 4MB 0
[    0.405043] Last level dTLB entries: 4KB 0, 2MB 0, 4MB 0, 1GB 0
[    0.405877] Spectre V1 : Mitigation: usercopy/swapgs barriers and __user pointer sanitization
[    0.408650] Spectre V2 : Mitigation: Retpolines
[    0.410263] Spectre V2 : Spectre v2 / SpectreRSB: Filling RSB on context switch and VMEXIT
[    0.410775] Speculative Store Bypass: Vulnerable
[    0.412449] x86/fpu: Supporting XSAVE feature 0x001: 'x87 floating point registers'
[    0.416200] x86/fpu: Supporting XSAVE feature 0x002: 'SSE registers'
[    0.419355] x86/fpu: Supporting XSAVE feature 0x004: 'AVX registers'
[    0.419555] x86/fpu: Supporting XSAVE feature 0x008: 'MPX bounds registers'
[    0.419768] x86/fpu: Supporting XSAVE feature 0x010: 'MPX CSR'
[    0.428723] x86/fpu: xstate_offset[2]:  576, xstate_sizes[2]:  256
[    0.429087] x86/fpu: xstate_offset[3]:  960, xstate_sizes[3]:   64
[    0.429282] x86/fpu: xstate_offset[4]: 1024, xstate_sizes[4]:   64
[    0.429477] x86/fpu: Enabled xstate features 0x1f, context size is 1088 bytes, using 'standard' format.
[    0.616705] Freeing SMP alternatives memory: 40K
[    0.617415] pid_max: default: 32768 minimum: 301
[    0.625097] Mount-cache hash table entries: 512 (order: 0, 4096 bytes, linear)
[    0.625439] Mountpoint-cache hash table entries: 512 (order: 0, 4096 bytes, linear)
[    0.770882] smpboot: CPU0: AMD QEMU TCG CPU version 2.5+ (family: 0x6, model: 0x6, stepping: 0x3)
[    0.796909] Performance Events: PMU not available due to virtualization, using software events only.
[    0.798139] signal: max sigframe size: 1616
[    0.799709] rcu: Hierarchical SRCU implementation.
[    0.799890] rcu: 	Max phase no-delay instances is 1000.
[    0.804159] smp: Bringing up secondary CPUs ...
[    0.809904] smp: Brought up 1 node, 1 CPU
[    0.810143] smpboot: Total of 1 processors activated (5192.18 BogoMIPS)
[    0.815707] Memory: 103208K/130540K available (14336K kernel code, 1177K rwdata, 2556K rodata, 1492K init, 1304K bss, 25620K reserved, 0K cma-reserved)
[    0.828300] clocksource: jiffies: mask: 0xffffffff max_cycles: 0xffffffff, max_idle_ns: 19112604462750000 ns
[    0.829028] futex hash table entries: 256 (order: 2, 16384 bytes, linear)
[    0.830158] pinctrl core: initialized pinctrl subsystem
[    0.843328] NET: Registered PF_NETLINK/PF_ROUTE protocol family
[    0.848103] thermal_sys: Registered thermal governor 'step_wise'
[    0.848147] thermal_sys: Registered thermal governor 'user_space'
[    0.849022] cpuidle: using governor ladder
[    0.850447] acpiphp: ACPI Hot Plug PCI Controller Driver version: 0.5
[    0.855918] PCI: Using configuration type 1 for base access
[    0.863341] cryptd: max_cpu_qlen set to 1000
[    0.868128] ACPI: Added _OSI(Module Device)
[    0.868314] ACPI: Added _OSI(Processor Device)
[    0.868447] ACPI: Added _OSI(Processor Aggregator Device)
[    0.879097] ACPI: 1 ACPI AML tables successfully acquired and loaded
[    0.892659] ACPI: Interpreter enabled
[    0.893300] ACPI: PM: (supports S0 S5)
[    0.893462] ACPI: Using IOAPIC for interrupt routing
[    0.893908] PCI: Using host bridge windows from ACPI; if necessary, use "pci=nocrs" and report a bug
[    0.894206] PCI: Using E820 reservations for host bridge windows
[    0.900274] ACPI: Enabled 2 GPEs in block 00 to 0F
[    0.928307] ACPI: PCI Root Bridge [PCI0] (domain 0000 [bus 00-ff])
[    0.928924] acpi PNP0A03:00: _OSC: OS supports [ASPM ClockPM Segments MSI HPX-Type3]
[    0.929321] acpi PNP0A03:00: _OSC: not requesting OS control; OS requires [ExtendedConfig ASPM ClockPM MSI]
[    0.930028] acpi PNP0A03:00: fail to add MMCONFIG information, can't access extended configuration space under this bridge
[    0.942151] acpiphp: Slot [3] registered
[    0.942420] acpiphp: Slot [4] registered
[    0.942610] acpiphp: Slot [5] registered
[    0.942822] acpiphp: Slot [6] registered
[    0.948802] acpiphp: Slot [7] registered
[    0.949095] acpiphp: Slot [8] registered
[    0.950232] acpiphp: Slot [9] registered
[    0.950422] acpiphp: Slot [10] registered
[    0.950612] acpiphp: Slot [11] registered
[    0.950797] acpiphp: Slot [12] registered
[    0.950975] acpiphp: Slot [13] registered
[    0.958817] acpiphp: Slot [14] registered
[    0.959046] acpiphp: Slot [15] registered
[    0.959259] acpiphp: Slot [16] registered
[    0.959443] acpiphp: Slot [17] registered
[    0.959631] acpiphp: Slot [18] registered
[    0.959827] acpiphp: Slot [19] registered
[    0.968748] acpiphp: Slot [20] registered
[    0.968982] acpiphp: Slot [21] registered
[    0.969170] acpiphp: Slot [22] registered
[    0.969381] acpiphp: Slot [23] registered
[    0.969572] acpiphp: Slot [24] registered
[    0.969758] acpiphp: Slot [25] registered
[    0.978801] acpiphp: Slot [26] registered
[    0.979031] acpiphp: Slot [27] registered
[    0.979212] acpiphp: Slot [28] registered
[    0.979398] acpiphp: Slot [29] registered
[    0.979618] acpiphp: Slot [30] registered
[    0.979804] acpiphp: Slot [31] registered
[    0.988936] PCI host bridge to bus 0000:00
[    0.989343] pci_bus 0000:00: root bus resource [io  0x0000-0x0cf7 window]
[    0.989644] pci_bus 0000:00: root bus resource [io  0x0d00-0xffff window]
[    0.989857] pci_bus 0000:00: root bus resource [mem 0x000a0000-0x000bffff window]
[    0.998622] pci_bus 0000:00: root bus resource [mem 0x08000000-0xfebfffff window]
[    0.998911] pci_bus 0000:00: root bus resource [mem 0x100000000-0x17fffffff window]
[    0.999282] pci_bus 0000:00: root bus resource [bus 00-ff]
[    1.000421] pci 0000:00:00.0: [8086:1237] type 00 class 0x060000 conventional PCI endpoint
[    1.011696] pci 0000:00:01.0: [8086:7000] type 00 class 0x060100 conventional PCI endpoint
[    1.018656] pci 0000:00:01.1: [8086:7010] type 00 class 0x010180 conventional PCI endpoint
[    1.021137] pci 0000:00:01.1: BAR 4 [io  0xc0e0-0xc0ef]
[    1.026491] pci 0000:00:01.1: BAR 0 [io  0x01f0-0x01f7]: legacy IDE quirk
[    1.026743] pci 0000:00:01.1: BAR 1 [io  0x03f6]: legacy IDE quirk
[    1.026953] pci 0000:00:01.1: BAR 2 [io  0x0170-0x0177]: legacy IDE quirk
[    1.027174] pci 0000:00:01.1: BAR 3 [io  0x0376]: legacy IDE quirk
[    1.029437] pci 0000:00:01.3: [8086:7113] type 00 class 0x068000 conventional PCI endpoint
[    1.030005] pci 0000:00:01.3: quirk: [io  0x0600-0x063f] claimed by PIIX4 ACPI
[    1.030250] pci 0000:00:01.3: quirk: [io  0x0700-0x070f] claimed by PIIX4 SMB
[    1.039215] pci 0000:00:02.0: [1234:1111] type 00 class 0x030000 conventional PCI endpoint
[    1.039959] pci 0000:00:02.0: BAR 0 [mem 0xfd000000-0xfdffffff pref]
[    1.049843] pci 0000:00:02.0: BAR 2 [mem 0xfeb90000-0xfeb90fff]
[    1.052398] pci 0000:00:02.0: ROM [mem 0xfeb80000-0xfeb8ffff pref]
[    1.058194] pci 0000:00:02.0: Video device with shadowed ROM at [mem 0x000c0000-0x000dffff]
[    1.059201] pci 0000:00:03.0: [1af4:1000] type 00 class 0x020000 conventional PCI endpoint
[    1.060331] pci 0000:00:03.0: BAR 0 [io  0xc080-0xc09f]
[    1.070572] pci 0000:00:03.0: BAR 4 [mem 0xfe000000-0xfe003fff 64bit pref]
[    1.071836] pci 0000:00:03.0: ROM [mem 0xfea80000-0xfeafffff pref]
[    1.075569] pci 0000:00:04.0: [1af4:1005] type 00 class 0x00ff00 conventional PCI endpoint
[    1.076431] pci 0000:00:04.0: BAR 0 [io  0xc0a0-0xc0bf]
[    1.079297] pci 0000:00:04.0: BAR 1 [mem 0xfeb91000-0xfeb91fff]
[    1.082561] pci 0000:00:04.0: BAR 4 [mem 0xfe004000-0xfe007fff 64bit pref]
[    1.085624] pci 0000:00:05.0: [1af4:1000] type 00 class 0x020000 conventional PCI endpoint
[    1.086452] pci 0000:00:05.0: BAR 0 [io  0xc0c0-0xc0df]
[    1.089265] pci 0000:00:05.0: BAR 1 [mem 0xfeb92000-0xfeb92fff]
[    1.092148] pci 0000:00:05.0: BAR 4 [mem 0xfe008000-0xfe00bfff 64bit pref]
[    1.093012] pci 0000:00:05.0: ROM [mem 0xfeb00000-0xfeb7ffff pref]
[    1.095457] pci 0000:00:06.0: [1af4:1001] type 00 class 0x010000 conventional PCI endpoint
[    1.099278] pci 0000:00:06.0: BAR 0 [io  0xc000-0xc07f]
[    1.099922] pci 0000:00:06.0: BAR 1 [mem 0xfeb93000-0xfeb93fff]
[    1.101484] pci 0000:00:06.0: BAR 4 [mem 0xfe00c000-0xfe00ffff 64bit pref]
[    1.114687] ACPI: PCI: Interrupt link LNKA configured for IRQ 10
[    1.118666] ACPI: PCI: Interrupt link LNKB configured for IRQ 10
[    1.119106] ACPI: PCI: Interrupt link LNKC configured for IRQ 11
[    1.119588] ACPI: PCI: Interrupt link LNKD configured for IRQ 11
[    1.122734] ACPI: PCI: Interrupt link LNKS configured for IRQ 9
[    1.125457] iommu: Default domain type: Translated
[    1.125640] iommu: DMA domain TLB invalidation policy: lazy mode
[    1.127820] SCSI subsystem initialized
[    1.129024] ACPI: bus type USB registered
[    1.133729] usbcore: registered new interface driver usbfs
[    1.134171] usbcore: registered new interface driver hub
[    1.134450] usbcore: registered new device driver usb
[    1.134841] pps_core: LinuxPPS API ver. 1 registered
[    1.135001] pps_core: Software ver. 5.3.6 - Copyright 2005-2007 Rodolfo Giometti <giometti@linux.it>
[    1.138778] PTP clock support registered
[    1.153271] PCI: Using ACPI for IRQ routing
[    1.155045] hpet0: at MMIO 0xfed00000, IRQs 2, 8, 0
[    1.155385] hpet0: 3 comparators, 64-bit 100.000000 MHz counter
[    1.159551] clocksource: Switched to clocksource tsc-early
[    1.161676] pnp: PnP ACPI init
[    1.164620] pnp: PnP ACPI: found 6 devices
[    1.175018] clocksource: acpi_pm: mask: 0xffffff max_cycles: 0xffffff, max_idle_ns: 2085701024 ns
[    1.176072] NET: Registered PF_INET protocol family
[    1.177259] IP idents hash table entries: 2048 (order: 2, 16384 bytes, linear)
[    1.181698] tcp_listen_portaddr_hash hash table entries: 256 (order: 0, 4096 bytes, linear)
[    1.185761] Table-perturb hash table entries: 65536 (order: 6, 262144 bytes, linear)
[    1.186126] TCP established hash table entries: 1024 (order: 1, 8192 bytes, linear)
[    1.186500] TCP bind hash table entries: 1024 (order: 3, 32768 bytes, linear)
[    1.196606] TCP: Hash tables configured (established 1024 bind 1024)
[    1.198187] MPTCP token hash table entries: 256 (order: 1, 6144 bytes, linear)
[    1.198652] UDP hash table entries: 256 (order: 1, 8192 bytes, linear)
[    1.199010] UDP-Lite hash table entries: 256 (order: 1, 8192 bytes, linear)
[    1.208541] NET: Registered PF_UNIX/PF_LOCAL protocol family
[    1.209519] pci_bus 0000:00: resource 4 [io  0x0000-0x0cf7 window]
[    1.209724] pci_bus 0000:00: resource 5 [io  0x0d00-0xffff window]
[    1.209901] pci_bus 0000:00: resource 6 [mem 0x000a0000-0x000bffff window]
[    1.218076] pci_bus 0000:00: resource 7 [mem 0x08000000-0xfebfffff window]
[    1.218380] pci_bus 0000:00: resource 8 [mem 0x100000000-0x17fffffff window]
[    1.218992] pci 0000:00:01.0: PIIX3: Enabling Passive Release
[    1.228899] pci 0000:00:00.0: Limiting direct PCI/PCI transfers
[    1.229290] PCI: CLS 0 bytes, default 64
[    1.244324] workingset: timestamp_bits=46 max_order=15 bucket_order=0
[    1.246297] squashfs: version 4.0 (2009/01/31) Phillip Lougher
[    1.248598] Block layer SCSI generic (bsg) driver version 0.4 loaded (major 247)
[    1.251261] hv_vmbus: registering driver hyperv_fb
[    1.257258] input: Power Button as /devices/LNXSYSTM:00/LNXPWRBN:00/input/input0
[    1.263039] ACPI: button: Power Button [PWRF]
[    1.370262] ACPI: \_SB_.LNKC: Enabled at IRQ 11
[    1.473932] ACPI: \_SB_.LNKD: Enabled at IRQ 10
[    1.575351] ACPI: \_SB_.LNKA: Enabled at IRQ 10
[    1.677910] ACPI: \_SB_.LNKB: Enabled at IRQ 11
[    1.679576] Serial: 8250/16550 driver, 16 ports, IRQ sharing enabled
[    1.704197] 00:04: ttyS0 at I/O 0x3f8 (irq = 4, base_baud = 115200) is a 16550A
[    1.721901] Non-volatile memory driver v1.3
[    1.731010] Linux agpgart interface v0.103
[    1.731783] ACPI: bus type drm_connector registered
[    1.734153] [drm] Found bochs VGA, ID 0xb0c5.
[    1.734348] [drm] Framebuffer size 16384 kB @ 0xfd000000, mmio @ 0xfeb90000.
[    1.738874] [drm] Found EDID data blob.
[    1.742935] [drm] Initialized bochs-drm 1.0.0 for 0000:00:02.0 on minor 0
[    1.791010] Console: switching to colour frame buffer device 160x50
[    1.798634] bochs-drm 0000:00:02.0: [drm] fb0: bochs-drmdrmfb frame buffer device
[    1.812460] loop: module loaded
[    1.813020] virtio_blk virtio3: 1/0/0 default/read/poll queues
[    1.825757] virtio_blk virtio3: [vda] 246784 512-byte logical blocks (126 MB/121 MiB)
[    1.833125]  vda: vda1 vda2
[    1.834609] Guest personality initialized and is inactive
[    1.835080] VMCI host device registered (name=vmci, major=10, minor=256)
[    1.835349] Initialized host personality
[    1.836293] usbcore: registered new interface driver rtsx_usb
[    1.837371] VMware PVSCSI driver - version 1.0.7.0-k
[    1.837636] hv_vmbus: registering driver hv_storvsc
[    1.848857] scsi host0: ata_piix
[    1.850688] scsi host1: ata_piix
[    1.851326] ata1: PATA max MWDMA2 cmd 0x1f0 ctl 0x3f6 bmdma 0xc0e0 irq 14 lpm-pol 0
[    1.851582] ata2: PATA max MWDMA2 cmd 0x170 ctl 0x376 bmdma 0xc0e8 irq 15 lpm-pol 0
[    1.859452] VMware vmxnet3 virtual NIC driver - version 1.9.0.0-k-NAPI
[    1.860065] hv_vmbus: registering driver hv_netvsc
[    1.860397] Fusion MPT base driver 3.04.20
[    1.860532] Copyright (c) 1999-2008 LSI Corporation
[    1.860845] Fusion MPT SPI Host driver 3.04.20
[    1.870456] Fusion MPT SAS Host driver 3.04.20
[    1.872105] usbcore: registered new interface driver usb-storage
[    1.873103] i8042: PNP: PS/2 Controller [PNP0303:KBD,PNP0f13:MOU] at 0x60,0x64 irq 1,12
[    1.875799] serio: i8042 KBD port at 0x60,0x64 irq 1
[    1.876121] serio: i8042 AUX port at 0x60,0x64 irq 12
[    1.883619] hv_vmbus: registering driver hyperv_keyboard
[    1.885619] rtc_cmos 00:05: RTC can wake from S4
[    1.889795] rtc_cmos 00:05: registered as rtc0
[    1.891984] rtc_cmos 00:05: setting system clock to 2026-04-27T02:07:06 UTC (1777255626)
[    1.894112] rtc_cmos 00:05: alarms up to one day, y3k, 242 bytes nvram, hpet irqs
[    1.896248] intel_powerclamp: CPU does not support MWAIT
[    1.898233] amd_pstate: the _CPC object is not present in SBIOS or ACPI disabled
[    1.904776] sdhci: Secure Digital Host Controller Interface driver
[    1.906491] sdhci: Copyright(c) Pierre Ossman
[    1.908414] VUB300 Driver rom wait states = 1C irqpoll timeout = 0400
[    1.913075] input: AT Translated Set 2 keyboard as /devices/platform/i8042/serio0/input/input1
[    1.929980] usbcore: registered new interface driver vub300
[    1.931808] usbcore: registered new interface driver ushc
[    1.937673] hid: raw HID events driver (C) Jiri Kosina
[    1.939648] hv_vmbus: registering driver hid_hyperv
[    1.942039] usbcore: registered new interface driver usbhid
[    1.943695] usbhid: USB HID core driver
[    1.945415] hv_utils: Registering HyperV Utility Driver
[    1.947197] hv_vmbus: registering driver hv_utils
[    1.948842] hv_vmbus: registering driver hv_balloon
[    1.951638] NET: Registered PF_INET6 protocol family
[    1.963979] Segment Routing with IPv6
[    1.965750] In-situ OAM (IOAM) with IPv6
[    1.967896] NET: Registered PF_PACKET protocol family
[    1.970022] bridge: filtering via arp/ip/ip6tables is no longer available by default. Update your scripts to load br_netfilter if you need this.
[    1.979360] 8021q: 802.1Q VLAN Support v1.8
[    1.981491] NET: Registered PF_VSOCK protocol family
[    1.988594] IPI shorthand broadcast: enabled
[    1.993791] AES CTR mode by8 optimization enabled
[    2.007693] sched_clock: Marking stable (1750078968, 256241995)->(2008559295, -2238332)
[    2.055062] clk: Disabling unused clocks
[    2.080241] ata2: found unknown device (class 0)
[    2.087252] ata2.00: ATAPI: QEMU DVD-ROM, 2.5+, max UDMA/100
[    2.099895] scsi 1:0:0:0: CD-ROM            QEMU     QEMU DVD-ROM     2.5+ PQ: 0 ANSI: 5
[    2.167734] sr 1:0:0:0: [sr0] scsi3-mmc drive: 4x/4x cd/rw xa/form2 tray
[    2.169722] cdrom: Uniform CD-ROM driver Revision: 3.20
[    2.213978] VFS: Mounted root (squashfs filesystem) readonly on device 254:2.
[    2.273431] Freeing unused kernel image (initmem) memory: 1492K
[    2.275564] Write protecting the kernel read-only data: 18432k
[    2.278838] Freeing unused kernel image (rodata/data gap) memory: 1540K
[    2.280885] Run /sbin/init as init process
[    2.285952] tsc: Refined TSC clocksource calibration: 2596.076 MHz
[    2.288205] clocksource: tsc: mask: 0xffffffffffffffff max_cycles: 0x256bc11b77e, max_idle_ns: 440795228362 ns
[    2.290181] clocksource: Switched to clocksource tsc
[    2.524422] init: Console is alive
[    2.904710] kmodloader: loading kernel modules from /etc/modules-boot.d/*
[    2.948036] button_hotplug: loading out-of-tree module taints kernel.
[    2.953194] Button Hotplug driver version 0.4.1
[    2.968471] Intel(R) 2.5G Ethernet Linux Driver
[    2.970443] Copyright(c) 2018 Intel Corporation.
[    2.982174] igb: Intel(R) Gigabit Ethernet Network Driver
[    2.984122] igb: Copyright (c) 2007-2014 Intel Corporation.
[    2.995555] e1000e: Intel(R) PRO/1000 Network Driver
[    2.997606] e1000e: Copyright(c) 1999 - 2015 Intel Corporation.
[    3.006921] kmodloader: done loading kernel modules from /etc/modules-boot.d/*
[    3.024249] init: - preinit -
[    3.789403] 8021q: adding VLAN 0 to HW filter on device eth0
Press the [f] key and hit [enter] to enter failsafe mode
Press the [1], [2], [3] or [4] key and hit [enter] to select the debug level
[    8.290279] loop0: detected capacity change from 0 to 212992
[    8.326627] loop0: detected capacity change from 212992 to 200960
[    8.337702] mount_root: overlay filesystem in /dev/loop0 has not been formatted yet
[    9.162713] EXT4-fs (loop0): mounted filesystem 7afb58e8-01d3-46ff-872f-b5f4399f0b00 r/w with ordered data mode. Quota mode: disabled.
[    9.173919] mount_root: overlay filesystem has not been fully initialized yet
[    9.188713] mount_root: switching to ext4 overlay
[    9.205733] overlayfs: null uuid detected in lower fs '/', falling back to xino=off,index=off,nfs_export=off.
[    9.848582] EXT4-fs (vda1): mounted filesystem 84173db5-fa99-e35a-95c6-28613cc79ea9 r/w without journal. Quota mode: disabled.
[    9.868613] urandom-seed: Seed file not found (/etc/urandom.seed)
[    9.984764] procd: - early -
[   10.662561] procd: - ubus -
[   10.755544] procd: - init -
Please press Enter to activate this console.
root
login[1045]: root login on 'ttyS0'


BusyBox v1.37.0 (2026-04-22 18:41:29 UTC) built-in shell (ash)

  _______                     ________        __
 |       |.-----.-----.-----.|  |  |  |.----.|  |_
 |   -   ||  _  |  -__|     ||  |  |  ||   _||   _|
 |_______||   __|_____|__|__||________||__|  |____|
          |__| W I R E L E S S   F R E E D O M
 -----------------------------------------------------
 OpenWrt 25.12-SNAPSHOT, r32881-6cbb072b57 Dave's Guitar
 -----------------------------------------------------

 === WARNING! =====================================
 There is no root password defined on this device!
 Use the "passwd" command to set up a new password
 in order to prevent unauthorized SSH logins.
 --------------------------------------------------


 OpenWrt recently switched to the "apk" package manager!

 OPKG Command           APK Equivalent      Description
 ------------------------------------------------------------------
 opkg install <pkg>     apk add <pkg>       Install a package
 opkg remove <pkg>      apk del <pkg>       Remove a package
 opkg upgrade           apk upgrade         Upgrade all packages
 opkg files <pkg>       apk info -L <pkg>   List package contents
 opkg list-installed    apk info            List installed packages
 opkg update            apk update          Update package lists
 opkg search <pkg>      apk search <pkg>    Search for packages
 ------------------------------------------------------------------

For more information visit:
https://openwrt.org/docs/guide-user/additional-software/opkg-to-apk-cheatsheet

root@(none):~# dmesg -n 1
root@(none):~# echo 'ETMS''WEJANH'
ETMSWEJANH
root@(none):~# run() { echo -n "$MARKER"; sh -c "$@"; echo "$MARKER $?"; }
root@(none):~# echo 'FNUX''YLXQJJ'
FNUXYLXQJJ
root@(none):~# MARKER='ZMAB''HUVTNW' run 'ubus wait_for network.interface.lan'
ZMABHUVTNWZMABHUVTNW 0
root@OpenWrt:~# echo 'ZOUC''ONCLLH'
ZOUCONCLLH
root@OpenWrt:~# MARKER='EEZV''OSBBQE' run 'ubus call network.interface.lan statu
s '"'"'{}'"'"''
EEZVOSBBQE{
	"up": true,
	"pending": false,
	"available": true,
	"autostart": true,
	"dynamic": false,
	"uptime": 1,
	"l3_device": "br-lan",
	"proto": "static",
	"device": "br-lan",
	"updated": [
		"addresses"
	],
	"metric": 0,
	"dns_metric": 0,
	"delegation": true,
	"ipv4-address": [
		{
			"address": "192.168.1.1",
			"mask": 24
		}
	],
	"ipv6-address": [
		
	],
	"ipv6-prefix": [
		
	],
	"ipv6-prefix-assignment": [
		{
			"address": "fd83:ab90:73d8::",
			"mask": 60,
			"local-address": {
				"address": "fd83:ab90:73d8::1",
				"mask": 60
			}
		}
	],
	"route": [
		
	],
	"dns-server": [
		
	],
	"dns-search": [
		
	],
	"neighbors": [
		
	],
	"inactive": {
		"ipv4-address": [
			
		],
		"ipv6-address": [
			
		],
		"route": [
			
		],
		"dns-server": [
			
		],
		"dns-search": [
			
		],
		"neighbors": [
			
		]
	},
	"data": {
		
	}
}
EEZVOSBBQE 0
root@OpenWrt:~# echo 'ZTBG''BHHWAJ'
ZTBGBHHWAJ
root@OpenWrt:~# MARKER='VKPJ''SWBPXP' run true
VKPJSWBPXPVKPJSWBPXP 0
root@OpenWrt:~# echo 'JPYW''WMHBHZ'
JPYWWMHBHZ
root@OpenWrt:~# MARKER='SMZK''NPOWYM' run 'source /etc/os-release; echo $BUILD_I
D'
SMZKNPOWYMr32881-6cbb072b57
SMZKNPOWYM 0
root@OpenWrt:~# echo 'CLML''OTCKYZ'
CLMLOTCKYZ
root@OpenWrt:~# MARKER='EXGJ''AXAMTT' run 'ls /etc/dropbear/dropbear_rsa_host_ke
y'
EXGJAXAMTT[0;0m/etc/dropbear/dropbear_rsa_host_key[m
EXGJAXAMTT 0
root@OpenWrt:~# echo 'LNZK''HMLVQM'
LNZKHMLVQM
root@OpenWrt:~# MARKER='JYYG''WQCXPZ' run 'netstat -tlpn | grep 0.0.0.0:22'
JYYGWQCXPZnetstat: showing only processes with your user ID
tcp        0      0 0.0.0.0:22              0.0.0.0:*               LISTEN      1755/dropbear
JYYGWQCXPZ 0
root@OpenWrt:~# echo 'OOPT''XXOJVM'
OOPTXXOJVM
root@OpenWrt:~# MARKER='VEJX''EVUPBK' run 'dmesg | grep br-lan | grep forwarding
'
VEJXEVUPBK[   29.137349] br-lan: port 1(eth0) entered forwarding state
VEJXEVUPBK 0
root@OpenWrt:~# echo 'WQNT''AXVEUL'
WQNTAXVEUL
root@OpenWrt:~# MARKER='VZKV''PUVKEJ' run 'ubus call network.interface.lan statu
s '"'"'{}'"'"''
VZKVPUVKEJ{
	"up": true,
	"pending": false,
	"available": true,
	"autostart": true,
	"dynamic": false,
	"uptime": 6,
	"l3_device": "br-lan",
	"proto": "static",
	"device": "br-lan",
	"updated": [
		"addresses"
	],
	"metric": 0,
	"dns_metric": 0,
	"delegation": true,
	"ipv4-address": [
		{
			"address": "192.168.1.1",
			"mask": 24
		}
	],
	"ipv6-address": [
		
	],
	"ipv6-prefix": [
		
	],
	"ipv6-prefix-assignment": [
		{
			"address": "fd83:ab90:73d8::",
			"mask": 60,
			"local-address": {
				"address": "fd83:ab90:73d8::1",
				"mask": 60
			}
		}
	],
	"route": [
		
	],
	"dns-server": [
		
	],
	"dns-search": [
		
	],
	"neighbors": [
		
	],
	"inactive": {
		"ipv4-address": [
			
		],
		"ipv6-address": [
			
		],
		"route": [
			
		],
		"dns-server": [
			
		],
		"dns-search": [
			
		],
		"neighbors": [
			
		]
	},
	"data": {
		
	}
}
VZKVPUVKEJ 0
root@OpenWrt:~# echo 'MCPZ''KZGQJN'
MCPZKZGQJN
root@OpenWrt:~# MARKER='SKTV''WWOXHG' run 'ip -o addr show dev br-lan'
SKTVWWOXHG4: br-lan    inet 192.168.1.1/24 brd 192.168.1.255 scope global br-lan\       valid_lft forever preferred_lft forever
4: br-lan    inet6 fd83:ab90:73d8::1/60 scope global noprefixroute \       valid_lft forever preferred_lft forever
4: br-lan    inet6 fe80::5054:ff:fe12:3456/64 scope link \       valid_lft forever preferred_lft forever
SKTVWWOXHG 0
root@OpenWrt:~# echo 'CCGP''QJVVPY'
CCGPQJVVPY
root@OpenWrt:~# MARKER='ZOUF''VCLQUY' run 'ubus call network.interface.wan statu
s '"'"'{}'"'"''
ZOUFVCLQUY{
	"up": true,
	"pending": false,
	"available": true,
	"autostart": true,
	"dynamic": false,
	"uptime": 6,
	"l3_device": "eth1",
	"proto": "dhcp",
	"device": "eth1",
	"updated": [
		"addresses",
		"routes",
		"data"
	],
	"metric": 0,
	"dns_metric": 0,
	"delegation": true,
	"ipv4-address": [
		{
			"address": "10.0.2.15",
			"mask": 24
		}
	],
	"ipv6-address": [
		
	],
	"ipv6-prefix": [
		
	],
	"ipv6-prefix-assignment": [
		
	],
	"route": [
		{
			"target": "0.0.0.0",
			"mask": 0,
			"nexthop": "10.0.2.2",
			"source": "10.0.2.15/32"
		}
	],
	"dns-server": [
		"10.0.2.3"
	],
	"dns-search": [
		
	],
	"neighbors": [
		
	],
	"inactive": {
		"ipv4-address": [
			
		],
		"ipv6-address": [
			
		],
		"route": [
			
		],
		"dns-server": [
			
		],
		"dns-search": [
			
		],
		"neighbors": [
			
		]
	},
	"data": {
		"dhcpserver": "10.0.2.2",
		"leasetime": 86400
	}
}
ZOUFVCLQUY 0
root@OpenWrt:~# 