Labgrid Console Logfile for main
Logfile started at 2026-03-28 02:16:10.279339
=== Log starts here ===
c[?7l[2J[0mSeaBIOS (version 1.16.3-debian-1.16.3-2)


iPXE (https://ipxe.org) 00:03.0 CA00 PCI2.10 PnP PMM+06FCAE70+06F0AE70 CA00
Press Ctrl-B to configure iPXE (PCI 00:03.0)...                                                                               




iPXE (https://ipxe.org) 00:05.0 CB00 PCI2.10 PnP PMM 06FCAE70 06F0AE70 CB00
Press Ctrl-B to configure iPXE (PCI 00:05.0)...                                                                               


Booting from Hard Disk...
GRUB loading.....
[0;30;47mWelcome to GRUB!

[01;01H[0m[2J[H[J[1;1H[?25l[m[H[J[1;1H[2;30HGNU GRUB  version 2.12

[m[4;2H+----------------------------------------------------------------------------+[5;2H|[5;79H|[6;2H|[6;79H|[7;2H|[7;79H|[8;2H|[8;79H|[9;2H|[9;79H|[10;2H|[10;79H|[11;2H|[11;79H|[12;2H|[12;79H|[13;2H|[13;79H|[14;2H|[14;79H|[15;2H|[15;79H|[16;2H+----------------------------------------------------------------------------+[m[17;2H[18;2H[m     Use the ^ and v keys to select which entry is highlighted.          
      Press enter to boot the selected OS, `e' to edit the commands       
      before booting or `c' for a command-line. ESC to return             
      previous menu.                                                      [5;80H [7m[5;3H*OpenWrt                                                                    [m[5;78H[m[m[6;3H OpenWrt (failsafe)                                                         [m[6;78H[m[m[7;3H                                                                            [m[7;78H[m[m[8;3H                                                                            [m[8;78H[m[m[9;3H                                                                            [m[9;78H[m[m[10;3H                                                                            [m[10;78H[m[m[11;3H                                                                            [m[11;78H[m[m[12;3H                                                                            [m[12;78H[m[m[13;3H                                                                            [m[13;78H[m[m[14;3H                                                                            [m[14;78H[m[m[15;3H                                                                            [m[15;78H[m[15;80H [5;78H[2J[02;30HGNU GRUB  version 2.12[04;02H┌────────────────────────────────────────────────────────────────────────────┐[05;02H│[05;79H│[06;02H│[06;79H│[07;02H│[07;79H│[08;02H│[08;79H│[09;02H│[09;79H│[10;02H│[10;79H│[11;02H│[11;79H│[12;02H│[12;79H│[13;02H│[13;79H│[14;02H│[14;79H│[15;02H│[15;79H│[16;02H│[16;79H│[17;02H└────────────────────────────────────────────────────────────────────────────┘[19;02H     Use the ↑ and ↓ keys to select which entry is highlighted.          
      Press enter to boot the selected OS, `e' to edit the commands       
      b[21;07H[21;08Hefore booting or `c' for a command-line. ESC to return             
      previous menu.                                                      [05;80H [05;03H[0;30;47m*OpenWrt                                                                    [06;03H[0m OpenWrt (failsafe)                                                         [07;03H                                                                            [08;03H                                                                            [09;03H                              [09;32H[09;33H                                              [10;03H                                                                            [11;03H                                                                            [12;03H                                                                            [13;03H                                                                            [14;03H                                                                            [15;03H                                                                            [16;03H                                                                            [16;80H 






   The highlighted entry will be executed automa[23;48H[23;49Htically in 5s.                [22;1H   The highlighted entry will be executed automatically in 5s.                 [5;78H [05;78H

















   The highlighted entry will be executed automatically in 4s.                [22;1H   The highlighted entry will be executed automatically in 4s.                 [5;78H [05;78H

















   The highlighted entry will be executed automatically in 3s.                [22;1H   The highlighted entry will be executed automatically in 3s.                 [5;78H [05;78H

















   The highlighted entry will be executed automatically in 2s.                [22;1H   The highlighted entry will be executed automatically in 2s.                 [5;78H [05;78H

















   The highlighted entry will be executed automatically in 1s.             [23;75H[23;76H   [22;1H   The highlighted entry will be executed automatically in 1s.                 [5;78H [05;78H

















   The highlighted entry will be executed automatically in 0s.                [22;1H   The highlighted entry will be executed automatically in 0s.                 [5;78H [01;01H[2J[?25h[H[J[1;1H[H[J[1;1H[2J   Booting `OpenWrt' Booting `OpenWrt

'

[    0.000000] Linux version 6.12.74 (builder@buildhost) (x86_64-openwrt-linux-musl-gcc (OpenWrt GCC 14.3.0 r32804-211df89596) 14.3.0, GNU ld (GNU Binutils) 2.44) #0 SMP Thu Mar 26 13:35:28 2026
[    0.000000] Command line: BOOT_IMAGE=/boot/vmlinuz root=PARTUUID=c761801e-02 rootwait console=tty1 console=ttyS0,115200n8 noinitrd
[    0.000000] BIOS-provided physical RAM map:
[    0.000000] BIOS-e820: [mem 0x0000000000000000-0x000000000009fbff] usable
[    0.000000] BIOS-e820: [mem 0x000000000009fc00-0x000000000009ffff] reserved
[    0.000000] BIOS-e820: [mem 0x00000000000f0000-0x00000000000fffff] reserved
[    0.000000] BIOS-e820: [mem 0x0000000000100000-0x0000000007fdcfff] usable
[    0.000000] BIOS-e820: [mem 0x0000000007fdd000-0x0000000007ffffff] reserved
[    0.000000] BIOS-e820: [mem 0x00000000fffc0000-0x00000000ffffffff] reserved
[    0.000000] BIOS-e820: [mem 0x000000fd00000000-0x000000ffffffffff] reserved
[    0.000000] NX (Execute Disable) protection: active
[    0.000000] APIC: Static calls initialized
[    0.000000] SMBIOS 3.0.0 present.
[    0.000000] DMI: QEMU Standard PC (i440FX + PIIX, 1996), BIOS 1.16.3-debian-1.16.3-2 04/01/2014
[    0.000000] DMI: Memory slots populated: 1/1
[    0.000000] tsc: Fast TSC calibration using PIT
[    0.000000] tsc: Detected 2445.436 MHz processor
[    0.007592] last_pfn = 0x7fdd max_arch_pfn = 0x400000000
[    0.008249] MTRR map: 4 entries (3 fixed + 1 variable; max 19), built from 8 variable MTRRs
[    0.008449] x86/PAT: Configuration [0-7]: WB  WC  UC- UC  WB  WP  UC- WT  
[    0.028532] found SMP MP-table at [mem 0x000f5460-0x000f546f]
[    0.030025] Using GB pages for direct mapping
[    0.034530] ACPI: Early table checksum verification disabled
[    0.034896] ACPI: RSDP 0x00000000000F5290 000014 (v00 BOCHS )
[    0.035233] ACPI: RSDT 0x0000000007FE1C64 000034 (v01 BOCHS  BXPC     00000001 BXPC 00000001)
[    0.035790] ACPI: FACP 0x0000000007FE1B18 000074 (v01 BOCHS  BXPC     00000001 BXPC 00000001)
[    0.036418] ACPI: DSDT 0x0000000007FE0040 001AD8 (v01 BOCHS  BXPC     00000001 BXPC 00000001)
[    0.036501] ACPI: FACS 0x0000000007FE0000 000040
[    0.036551] ACPI: APIC 0x0000000007FE1B8C 000078 (v03 BOCHS  BXPC     00000001 BXPC 00000001)
[    0.036572] ACPI: HPET 0x0000000007FE1C04 000038 (v01 BOCHS  BXPC     00000001 BXPC 00000001)
[    0.036590] ACPI: WAET 0x0000000007FE1C3C 000028 (v01 BOCHS  BXPC     00000001 BXPC 00000001)
[    0.036666] ACPI: Reserving FACP table memory at [mem 0x7fe1b18-0x7fe1b8b]
[    0.036717] ACPI: Reserving DSDT table memory at [mem 0x7fe0040-0x7fe1b17]
[    0.036724] ACPI: Reserving FACS table memory at [mem 0x7fe0000-0x7fe003f]
[    0.036730] ACPI: Reserving APIC table memory at [mem 0x7fe1b8c-0x7fe1c03]
[    0.036736] ACPI: Reserving HPET table memory at [mem 0x7fe1c04-0x7fe1c3b]
[    0.036741] ACPI: Reserving WAET table memory at [mem 0x7fe1c3c-0x7fe1c63]
[    0.040061] Zone ranges:
[    0.040094]   DMA      [mem 0x0000000000001000-0x0000000000ffffff]
[    0.040176]   DMA32    [mem 0x0000000001000000-0x0000000007fdcfff]
[    0.040186]   Normal   empty
[    0.040204] Movable zone start for each node
[    0.040242] Early memory node ranges
[    0.040288]   node   0: [mem 0x0000000000001000-0x000000000009efff]
[    0.040348]   node   0: [mem 0x0000000000100000-0x0000000007fdcfff]
[    0.040476] Initmem setup node 0 [mem 0x0000000000001000-0x0000000007fdcfff]
[    0.041559] On node 0, zone DMA: 1 pages in unavailable ranges
[    0.042044] On node 0, zone DMA: 97 pages in unavailable ranges
[    0.044109] On node 0, zone DMA32: 35 pages in unavailable ranges
[    0.044495] ACPI: PM-Timer IO Port: 0x608
[    0.044910] ACPI: LAPIC_NMI (acpi_id[0xff] dfl dfl lint[0x1])
[    0.045411] IOAPIC[0]: apic_id 0, version 32, address 0xfec00000, GSI 0-23
[    0.045536] ACPI: INT_SRC_OVR (bus 0 bus_irq 0 global_irq 2 dfl dfl)
[    0.045799] ACPI: INT_SRC_OVR (bus 0 bus_irq 5 global_irq 5 high level)
[    0.045962] ACPI: INT_SRC_OVR (bus 0 bus_irq 9 global_irq 9 high level)
[    0.046067] ACPI: INT_SRC_OVR (bus 0 bus_irq 10 global_irq 10 high level)
[    0.046077] ACPI: INT_SRC_OVR (bus 0 bus_irq 11 global_irq 11 high level)
[    0.046264] ACPI: Using ACPI (MADT) for SMP configuration information
[    0.046348] ACPI: HPET id: 0x8086a201 base: 0xfed00000
[    0.046759] CPU topo: Max. logical packages:   1
[    0.046777] CPU topo: Max. logical dies:       1
[    0.046787] CPU topo: Max. dies per package:   1
[    0.046833] CPU topo: Max. threads per core:   1
[    0.047013] CPU topo: Num. cores per package:     1
[    0.047029] CPU topo: Num. threads per package:   1
[    0.047039] CPU topo: Allowing 1 present CPUs plus 0 hotplug CPUs
[    0.048296] [mem 0x08000000-0xfffbffff] available for PCI devices
[    0.048393] Booting paravirtualized kernel on bare hardware
[    0.048720] clocksource: refined-jiffies: mask: 0xffffffff max_cycles: 0xffffffff, max_idle_ns: 19112604462750000 ns
[    0.049421] setup_percpu: NR_CPUS:512 nr_cpumask_bits:1 nr_cpu_ids:1 nr_node_ids:1
[    0.051434] percpu: Embedded 48 pages/cpu s158104 r8192 d30312 u2097152
[    0.053844] Kernel command line: BOOT_IMAGE=/boot/vmlinuz root=PARTUUID=c761801e-02 rootwait console=tty1 console=ttyS0,115200n8 noinitrd
[    0.055577] random: crng init done
[    0.060298] Dentry cache hash table entries: 16384 (order: 5, 131072 bytes, linear)
[    0.061256] Inode-cache hash table entries: 8192 (order: 4, 65536 bytes, linear)
[    0.063999] Built 1 zonelists, mobility grouping on.  Total pages: 32635
[    0.064228] mem auto-init: stack:off, heap alloc:off, heap free:off
[    0.074549] SLUB: HWalign=64, Order=0-3, MinObjects=0, CPUs=1, Nodes=1
[    0.082856] rcu: Hierarchical RCU implementation.
[    0.082892] rcu: 	RCU restricting CPUs from NR_CPUS=512 to nr_cpu_ids=1.
[    0.083050] 	Tracing variant of Tasks RCU enabled.
[    0.083147] rcu: RCU calculated value of scheduler-enlistment delay is 10 jiffies.
[    0.083180] rcu: Adjusting geometry for rcu_fanout_leaf=16, nr_cpu_ids=1
[    0.084401] RCU Tasks Trace: Setting shift to 0 and lim to 1 rcu_task_cb_adjust=1 rcu_task_cpu_ids=1.
[    0.084536] NR_IRQS: 33024, nr_irqs: 256, preallocated irqs: 16
[    0.093771] rcu: srcu_init: Setting srcu_struct sizes based on contention.
[    0.101016] Console: colour VGA+ 80x25
[    0.101495] printk: legacy console [tty1] enabled
[    0.109839] printk: legacy console [ttyS0] enabled
[    0.368829] ACPI: Core revision 20240827
[    0.374386] clocksource: hpet: mask: 0xffffffff max_cycles: 0xffffffff, max_idle_ns: 19112604467 ns
[    0.379623] APIC: Switch to symmetric I/O mode setup
[    0.384302] ..TIMER: vector=0x30 apic1=0 pin1=2 apic2=-1 pin2=-1
[    0.426494] clocksource: tsc-early: mask: 0xffffffffffffffff max_cycles: 0x233fe1217f0, max_idle_ns: 440795285373 ns
[    0.427244] Calibrating delay loop (skipped), value calculated using timer frequency.. 4890.87 BogoMIPS (lpj=24454360)
[    0.429257] x86/cpu: User Mode Instruction Prevention (UMIP) activated
[    0.448007] Last level iTLB entries: 4KB 0, 2MB 0, 4MB 0
[    0.448497] Last level dTLB entries: 4KB 0, 2MB 0, 4MB 0, 1GB 0
[    0.449731] Spectre V1 : Mitigation: usercopy/swapgs barriers and __user pointer sanitization
[    0.450836] Spectre V2 : Mitigation: Retpolines
[    0.451070] Spectre V2 : Spectre v2 / SpectreRSB: Filling RSB on context switch and VMEXIT
[    0.451549] Speculative Store Bypass: Vulnerable
[    0.459359] x86/fpu: Supporting XSAVE feature 0x001: 'x87 floating point registers'
[    0.468409] x86/fpu: Supporting XSAVE feature 0x002: 'SSE registers'
[    0.468712] x86/fpu: Supporting XSAVE feature 0x004: 'AVX registers'
[    0.468954] x86/fpu: Supporting XSAVE feature 0x008: 'MPX bounds registers'
[    0.469975] x86/fpu: Supporting XSAVE feature 0x010: 'MPX CSR'
[    0.470632] x86/fpu: xstate_offset[2]:  576, xstate_sizes[2]:  256
[    0.471090] x86/fpu: xstate_offset[3]:  960, xstate_sizes[3]:   64
[    0.471319] x86/fpu: xstate_offset[4]: 1024, xstate_sizes[4]:   64
[    0.477215] x86/fpu: Enabled xstate features 0x1f, context size is 1088 bytes, using 'standard' format.
[    0.717219] Freeing SMP alternatives memory: 40K
[    0.718107] pid_max: default: 32768 minimum: 301
[    0.728048] Mount-cache hash table entries: 512 (order: 0, 4096 bytes, linear)
[    0.728653] Mountpoint-cache hash table entries: 512 (order: 0, 4096 bytes, linear)
[    0.882152] smpboot: CPU0: AMD QEMU TCG CPU version 2.5+ (family: 0x6, model: 0x6, stepping: 0x3)
[    0.888659] Performance Events: PMU not available due to virtualization, using software events only.
[    0.890230] signal: max sigframe size: 1616
[    0.907439] rcu: Hierarchical SRCU implementation.
[    0.907796] rcu: 	Max phase no-delay instances is 1000.
[    0.920655] smp: Bringing up secondary CPUs ...
[    0.922591] smp: Brought up 1 node, 1 CPU
[    0.922893] smpboot: Total of 1 processors activated (4890.87 BogoMIPS)
[    0.929205] Memory: 103276K/130540K available (14336K kernel code, 1177K rwdata, 2552K rodata, 1492K init, 1304K bss, 25620K reserved, 0K cma-reserved)
[    0.945442] clocksource: jiffies: mask: 0xffffffff max_cycles: 0xffffffff, max_idle_ns: 19112604462750000 ns
[    0.946402] futex hash table entries: 256 (order: 2, 16384 bytes, linear)
[    0.947816] pinctrl core: initialized pinctrl subsystem
[    0.968139] NET: Registered PF_NETLINK/PF_ROUTE protocol family
[    0.974816] thermal_sys: Registered thermal governor 'step_wise'
[    0.974861] thermal_sys: Registered thermal governor 'user_space'
[    0.976018] cpuidle: using governor ladder
[    0.977942] acpiphp: ACPI Hot Plug PCI Controller Driver version: 0.5
[    0.982088] PCI: Using configuration type 1 for base access
[    0.991981] cryptd: max_cpu_qlen set to 1000
[    0.998163] ACPI: Added _OSI(Module Device)
[    0.998398] ACPI: Added _OSI(Processor Device)
[    0.998604] ACPI: Added _OSI(Processor Aggregator Device)
[    1.013263] ACPI: 1 ACPI AML tables successfully acquired and loaded
[    1.033668] ACPI: Interpreter enabled
[    1.034573] ACPI: PM: (supports S0 S5)
[    1.034811] ACPI: Using IOAPIC for interrupt routing
[    1.035491] PCI: Using host bridge windows from ACPI; if necessary, use "pci=nocrs" and report a bug
[    1.035873] PCI: Using E820 reservations for host bridge windows
[    1.039299] ACPI: Enabled 2 GPEs in block 00 to 0F
[    1.081063] ACPI: PCI Root Bridge [PCI0] (domain 0000 [bus 00-ff])
[    1.082029] acpi PNP0A03:00: _OSC: OS supports [ASPM ClockPM Segments MSI HPX-Type3]
[    1.082539] acpi PNP0A03:00: _OSC: not requesting OS control; OS requires [ExtendedConfig ASPM ClockPM MSI]
[    1.083445] acpi PNP0A03:00: fail to add MMCONFIG information, can't access extended configuration space under this bridge
[    1.097744] acpiphp: Slot [3] registered
[    1.098102] acpiphp: Slot [4] registered
[    1.098367] acpiphp: Slot [5] registered
[    1.098646] acpiphp: Slot [6] registered
[    1.103230] acpiphp: Slot [7] registered
[    1.103719] acpiphp: Slot [8] registered
[    1.105514] acpiphp: Slot [9] registered
[    1.105815] acpiphp: Slot [10] registered
[    1.106083] acpiphp: Slot [11] registered
[    1.106335] acpiphp: Slot [12] registered
[    1.106606] acpiphp: Slot [13] registered
[    1.107464] acpiphp: Slot [14] registered
[    1.107945] acpiphp: Slot [15] registered
[    1.108410] acpiphp: Slot [16] registered
[    1.108698] acpiphp: Slot [17] registered
[    1.108956] acpiphp: Slot [18] registered
[    1.109214] acpiphp: Slot [19] registered
[    1.117502] acpiphp: Slot [20] registered
[    1.117981] acpiphp: Slot [21] registered
[    1.118350] acpiphp: Slot [22] registered
[    1.127292] acpiphp: Slot [23] registered
[    1.127583] acpiphp: Slot [24] registered
[    1.127952] acpiphp: Slot [25] registered
[    1.137235] acpiphp: Slot [26] registered
[    1.137739] acpiphp: Slot [27] registered
[    1.138145] acpiphp: Slot [28] registered
[    1.138444] acpiphp: Slot [29] registered
[    1.138805] acpiphp: Slot [30] registered
[    1.139062] acpiphp: Slot [31] registered
[    1.139521] PCI host bridge to bus 0000:00
[    1.147878] pci_bus 0000:00: root bus resource [io  0x0000-0x0cf7 window]
[    1.148423] pci_bus 0000:00: root bus resource [io  0x0d00-0xffff window]
[    1.148674] pci_bus 0000:00: root bus resource [mem 0x000a0000-0x000bffff window]
[    1.157304] pci_bus 0000:00: root bus resource [mem 0x08000000-0xfebfffff window]
[    1.157783] pci_bus 0000:00: root bus resource [mem 0x100000000-0x17fffffff window]
[    1.158359] pci_bus 0000:00: root bus resource [bus 00-ff]
[    1.159905] pci 0000:00:00.0: [8086:1237] type 00 class 0x060000 conventional PCI endpoint
[    1.171767] pci 0000:00:01.0: [8086:7000] type 00 class 0x060100 conventional PCI endpoint
[    1.172791] pci 0000:00:01.1: [8086:7010] type 00 class 0x010180 conventional PCI endpoint
[    1.179543] pci 0000:00:01.1: BAR 4 [io  0xc0e0-0xc0ef]
[    1.183238] pci 0000:00:01.1: BAR 0 [io  0x01f0-0x01f7]: legacy IDE quirk
[    1.183589] pci 0000:00:01.1: BAR 1 [io  0x03f6]: legacy IDE quirk
[    1.183854] pci 0000:00:01.1: BAR 2 [io  0x0170-0x0177]: legacy IDE quirk
[    1.184114] pci 0000:00:01.1: BAR 3 [io  0x0376]: legacy IDE quirk
[    1.188687] pci 0000:00:01.3: [8086:7113] type 00 class 0x068000 conventional PCI endpoint
[    1.189499] pci 0000:00:01.3: quirk: [io  0x0600-0x063f] claimed by PIIX4 ACPI
[    1.189829] pci 0000:00:01.3: quirk: [io  0x0700-0x070f] claimed by PIIX4 SMB
[    1.198339] pci 0000:00:02.0: [1234:1111] type 00 class 0x030000 conventional PCI endpoint
[    1.199251] pci 0000:00:02.0: BAR 0 [mem 0xfd000000-0xfdffffff pref]
[    1.208836] pci 0000:00:02.0: BAR 2 [mem 0xfeb90000-0xfeb90fff]
[    1.211713] pci 0000:00:02.0: ROM [mem 0xfeb80000-0xfeb8ffff pref]
[    1.216514] pci 0000:00:02.0: Video device with shadowed ROM at [mem 0x000c0000-0x000dffff]
[    1.218086] pci 0000:00:03.0: [1af4:1000] type 00 class 0x020000 conventional PCI endpoint
[    1.219898] pci 0000:00:03.0: BAR 0 [io  0xc080-0xc09f]
[    1.229875] pci 0000:00:03.0: BAR 4 [mem 0xfe000000-0xfe003fff 64bit pref]
[    1.231527] pci 0000:00:03.0: ROM [mem 0xfea80000-0xfeafffff pref]
[    1.237761] pci 0000:00:04.0: [1af4:1005] type 00 class 0x00ff00 conventional PCI endpoint
[    1.239106] pci 0000:00:04.0: BAR 0 [io  0xc0a0-0xc0bf]
[    1.240164] pci 0000:00:04.0: BAR 1 [mem 0xfeb91000-0xfeb91fff]
[    1.243347] pci 0000:00:04.0: BAR 4 [mem 0xfe004000-0xfe007fff 64bit pref]
[    1.248624] pci 0000:00:05.0: [1af4:1000] type 00 class 0x020000 conventional PCI endpoint
[    1.251462] pci 0000:00:05.0: BAR 0 [io  0xc0c0-0xc0df]
[    1.253850] pci 0000:00:05.0: BAR 1 [mem 0xfeb92000-0xfeb92fff]
[    1.256351] pci 0000:00:05.0: BAR 4 [mem 0xfe008000-0xfe00bfff 64bit pref]
[    1.257163] pci 0000:00:05.0: ROM [mem 0xfeb00000-0xfeb7ffff pref]
[    1.264964] pci 0000:00:06.0: [1af4:1001] type 00 class 0x010000 conventional PCI endpoint
[    1.267161] pci 0000:00:06.0: BAR 0 [io  0xc000-0xc07f]
[    1.268206] pci 0000:00:06.0: BAR 1 [mem 0xfeb93000-0xfeb93fff]
[    1.270237] pci 0000:00:06.0: BAR 4 [mem 0xfe00c000-0xfe00ffff 64bit pref]
[    1.281613] ACPI: PCI: Interrupt link LNKA configured for IRQ 10
[    1.282571] ACPI: PCI: Interrupt link LNKB configured for IRQ 10
[    1.283248] ACPI: PCI: Interrupt link LNKC configured for IRQ 11
[    1.284070] ACPI: PCI: Interrupt link LNKD configured for IRQ 11
[    1.284690] ACPI: PCI: Interrupt link LNKS configured for IRQ 9
[    1.288846] iommu: Default domain type: Translated
[    1.289104] iommu: DMA domain TLB invalidation policy: lazy mode
[    1.292224] SCSI subsystem initialized
[    1.297236] ACPI: bus type USB registered
[    1.297847] usbcore: registered new interface driver usbfs
[    1.298320] usbcore: registered new interface driver hub
[    1.298712] usbcore: registered new device driver usb
[    1.299304] pps_core: LinuxPPS API ver. 1 registered
[    1.306457] pps_core: Software ver. 5.3.6 - Copyright 2005-2007 Rodolfo Giometti <giometti@linux.it>
[    1.307287] PTP clock support registered
[    1.319013] PCI: Using ACPI for IRQ routing
[    1.321581] hpet0: at MMIO 0xfed00000, IRQs 2, 8, 0
[    1.321879] hpet0: 3 comparators, 64-bit 100.000000 MHz counter
[    1.327950] clocksource: Switched to clocksource tsc-early
[    1.332173] pnp: PnP ACPI init
[    1.336531] pnp: PnP ACPI: found 6 devices
[    1.350726] clocksource: acpi_pm: mask: 0xffffff max_cycles: 0xffffff, max_idle_ns: 2085701024 ns
[    1.352187] NET: Registered PF_INET protocol family
[    1.353522] IP idents hash table entries: 2048 (order: 2, 16384 bytes, linear)
[    1.359876] tcp_listen_portaddr_hash hash table entries: 256 (order: 0, 4096 bytes, linear)
[    1.361544] Table-perturb hash table entries: 65536 (order: 6, 262144 bytes, linear)
[    1.362123] TCP established hash table entries: 1024 (order: 1, 8192 bytes, linear)
[    1.362649] TCP bind hash table entries: 1024 (order: 3, 32768 bytes, linear)
[    1.372960] TCP: Hash tables configured (established 1024 bind 1024)
[    1.375067] MPTCP token hash table entries: 256 (order: 1, 6144 bytes, linear)
[    1.375656] UDP hash table entries: 256 (order: 1, 8192 bytes, linear)
[    1.376109] UDP-Lite hash table entries: 256 (order: 1, 8192 bytes, linear)
[    1.385500] NET: Registered PF_UNIX/PF_LOCAL protocol family
[    1.387074] pci_bus 0000:00: resource 4 [io  0x0000-0x0cf7 window]
[    1.387398] pci_bus 0000:00: resource 5 [io  0x0d00-0xffff window]
[    1.387640] pci_bus 0000:00: resource 6 [mem 0x000a0000-0x000bffff window]
[    1.394585] pci_bus 0000:00: resource 7 [mem 0x08000000-0xfebfffff window]
[    1.394972] pci_bus 0000:00: resource 8 [mem 0x100000000-0x17fffffff window]
[    1.395859] pci 0000:00:01.0: PIIX3: Enabling Passive Release
[    1.405824] pci 0000:00:00.0: Limiting direct PCI/PCI transfers
[    1.406373] PCI: CLS 0 bytes, default 64
[    1.428079] workingset: timestamp_bits=46 max_order=15 bucket_order=0
[    1.430946] squashfs: version 4.0 (2009/01/31) Phillip Lougher
[    1.433976] Block layer SCSI generic (bsg) driver version 0.4 loaded (major 247)
[    1.438268] hv_vmbus: registering driver hyperv_fb
[    1.442113] input: Power Button as /devices/LNXSYSTM:00/LNXPWRBN:00/input/input0
[    1.451529] ACPI: button: Power Button [PWRF]
[    1.614617] ACPI: \_SB_.LNKC: Enabled at IRQ 11
[    1.770506] ACPI: \_SB_.LNKD: Enabled at IRQ 10
[    1.924826] ACPI: \_SB_.LNKA: Enabled at IRQ 10
[    2.078589] ACPI: \_SB_.LNKB: Enabled at IRQ 11
[    2.080632] Serial: 8250/16550 driver, 16 ports, IRQ sharing enabled
[    2.105911] 00:04: ttyS0 at I/O 0x3f8 (irq = 4, base_baud = 115200) is a 16550A
[    2.132983] Non-volatile memory driver v1.3
[    2.145073] Linux agpgart interface v0.103
[    2.146284] ACPI: bus type drm_connector registered
[    2.149268] [drm] Found bochs VGA, ID 0xb0c5.
[    2.149493] [drm] Framebuffer size 16384 kB @ 0xfd000000, mmio @ 0xfeb90000.
[    2.156110] [drm] Found EDID data blob.
[    2.162015] [drm] Initialized bochs-drm 1.0.0 for 0000:00:02.0 on minor 0
[    2.233379] Console: switching to colour frame buffer device 160x50
[    2.242804] bochs-drm 0000:00:02.0: [drm] fb0: bochs-drmdrmfb frame buffer device
[    2.263351] loop: module loaded
[    2.264126] virtio_blk virtio3: 1/0/0 default/read/poll queues
[    2.286554] virtio_blk virtio3: [vda] 246784 512-byte logical blocks (126 MB/121 MiB)
[    2.296346]  vda: vda1 vda2
[    2.299074] Guest personality initialized and is inactive
[    2.299767] VMCI host device registered (name=vmci, major=10, minor=256)
[    2.300068] Initialized host personality
[    2.300462] usbcore: registered new interface driver rtsx_usb
[    2.301519] VMware PVSCSI driver - version 1.0.7.0-k
[    2.310468] hv_vmbus: registering driver hv_storvsc
[    2.328655] scsi host0: ata_piix
[    2.331467] scsi host1: ata_piix
[    2.332369] ata1: PATA max MWDMA2 cmd 0x1f0 ctl 0x3f6 bmdma 0xc0e0 irq 14 lpm-pol 0
[    2.332720] ata2: PATA max MWDMA2 cmd 0x170 ctl 0x376 bmdma 0xc0e8 irq 15 lpm-pol 0
[    2.344480] VMware vmxnet3 virtual NIC driver - version 1.9.0.0-k-NAPI
[    2.345179] hv_vmbus: registering driver hv_netvsc
[    2.345618] Fusion MPT base driver 3.04.20
[    2.345792] Copyright (c) 1999-2008 LSI Corporation
[    2.346215] Fusion MPT SPI Host driver 3.04.20
[    2.355778] Fusion MPT SAS Host driver 3.04.20
[    2.358126] usbcore: registered new interface driver usb-storage
[    2.359494] i8042: PNP: PS/2 Controller [PNP0303:KBD,PNP0f13:MOU] at 0x60,0x64 irq 1,12
[    2.363075] serio: i8042 KBD port at 0x60,0x64 irq 1
[    2.363492] serio: i8042 AUX port at 0x60,0x64 irq 12
[    2.370029] hv_vmbus: registering driver hyperv_keyboard
[    2.372632] rtc_cmos 00:05: RTC can wake from S4
[    2.378262] rtc_cmos 00:05: registered as rtc0
[    2.381106] rtc_cmos 00:05: setting system clock to 2026-03-28T02:16:21 UTC (1774664181)
[    2.383804] rtc_cmos 00:05: alarms up to one day, y3k, 242 bytes nvram, hpet irqs
[    2.386697] intel_powerclamp: CPU does not support MWAIT
[    2.392228] amd_pstate: the _CPC object is not present in SBIOS or ACPI disabled
[    2.394740] sdhci: Secure Digital Host Controller Interface driver
[    2.396753] sdhci: Copyright(c) Pierre Ossman
[    2.399314] VUB300 Driver rom wait states = 1C irqpoll timeout = 0400
[    2.406592] input: AT Translated Set 2 keyboard as /devices/platform/i8042/serio0/input/input1
[    2.431276] usbcore: registered new interface driver vub300
[    2.433740] usbcore: registered new interface driver ushc
[    2.441968] hid: raw HID events driver (C) Jiri Kosina
[    2.444883] hv_vmbus: registering driver hid_hyperv
[    2.447677] usbcore: registered new interface driver usbhid
[    2.449718] usbhid: USB HID core driver
[    2.451845] hv_utils: Registering HyperV Utility Driver
[    2.455131] hv_vmbus: registering driver hv_utils
[    2.457124] hv_vmbus: registering driver hv_balloon
[    2.460767] NET: Registered PF_INET6 protocol family
[    2.468606] tsc: Refined TSC clocksource calibration: 2445.438 MHz
[    2.471094] clocksource: tsc: mask: 0xffffffffffffffff max_cycles: 0x233fe3411a7, max_idle_ns: 440795329598 ns
[    2.474046] clocksource: Switched to clocksource tsc
[    2.489580] Segment Routing with IPv6
[    2.491990] In-situ OAM (IOAM) with IPv6
[    2.494821] NET: Registered PF_PACKET protocol family
[    2.497542] bridge: filtering via arp/ip/ip6tables is no longer available by default. Update your scripts to load br_netfilter if you need this.
[    2.506719] 8021q: 802.1Q VLAN Support v1.8
[    2.509486] NET: Registered PF_VSOCK protocol family
[    2.519432] IPI shorthand broadcast: enabled
[    2.526559] AES CTR mode by8 optimization enabled
[    2.549483] sched_clock: Marking stable (2270163979, 272779771)->(2547021275, -4077525)
[    2.576929] ata2: found unknown device (class 0)
[    2.608879] ata2.00: ATAPI: QEMU DVD-ROM, 2.5+, max UDMA/100
[    2.657360] scsi 1:0:0:0: CD-ROM            QEMU     QEMU DVD-ROM     2.5+ PQ: 0 ANSI: 5
[    2.669447] clk: Disabling unused clocks
[    2.714845] sr 1:0:0:0: [sr0] scsi3-mmc drive: 4x/4x cd/rw xa/form2 tray
[    2.717582] cdrom: Uniform CD-ROM driver Revision: 3.20
[    2.766144] VFS: Mounted root (squashfs filesystem) readonly on device 254:2.
[    2.835738] Freeing unused kernel image (initmem) memory: 1492K
[    2.838351] Write protecting the kernel read-only data: 18432k
[    2.842727] Freeing unused kernel image (rodata/data gap) memory: 1544K
[    2.845480] Run /sbin/init as init process
[    3.168249] init: Console is alive
[    3.718109] kmodloader: loading kernel modules from /etc/modules-boot.d/*
[    3.781431] button_hotplug: loading out-of-tree module taints kernel.
[    3.789662] Button Hotplug driver version 0.4.1
[    3.811808] Intel(R) 2.5G Ethernet Linux Driver
[    3.814597] Copyright(c) 2018 Intel Corporation.
[    3.831722] igb: Intel(R) Gigabit Ethernet Network Driver
[    3.834616] igb: Copyright (c) 2007-2014 Intel Corporation.
[    3.853447] e1000e: Intel(R) PRO/1000 Network Driver
[    3.855996] e1000e: Copyright(c) 1999 - 2015 Intel Corporation.
[    3.869865] kmodloader: done loading kernel modules from /etc/modules-boot.d/*
[    3.890157] init: - preinit -
[    5.011101] 8021q: adding VLAN 0 to HW filter on device eth0
Press the [f] key and hit [enter] to enter failsafe mode
Press the [1], [2], [3] or [4] key and hit [enter] to select the debug level
[    9.712363] loop0: detected capacity change from 0 to 212992
[    9.753407] loop0: detected capacity change from 212992 to 200960
[    9.767554] mount_root: overlay filesystem in /dev/loop0 has not been formatted yet
[   10.118823] EXT4-fs (loop0): mounted filesystem bbe35518-3bcf-4425-9fa2-1d4fefbe08b6 r/w with ordered data mode. Quota mode: disabled.
[   10.133568] mount_root: overlay filesystem has not been fully initialized yet
[   10.153669] mount_root: switching to ext4 overlay
[   10.177246] overlayfs: null uuid detected in lower fs '/', falling back to xino=off,index=off,nfs_export=off.
[   10.969749] EXT4-fs (vda1): mounted filesystem 84173db5-fa99-e35a-95c6-28613cc79ea9 r/w without journal. Quota mode: disabled.
[   10.996571] urandom-seed: Seed file not found (/etc/urandom.seed)
[   11.153865] procd: - early -
[   11.919960] procd: - ubus -
[   12.033287] procd: - init -
Please press Enter to activate this console.
root
login[1048]: root login on 'ttyS0'


BusyBox v1.37.0 (2026-03-26 13:35:28 UTC) built-in shell (ash)

  _______                     ________        __
 |       |.-----.-----.-----.|  |  |  |.----.|  |_
 |   -   ||  _  |  -__|     ||  |  |  ||   _||   _|
 |_______||   __|_____|__|__||________||__|  |____|
          |__| W I R E L E S S   F R E E D O M
 -----------------------------------------------------
 OpenWrt 25.12-SNAPSHOT, r32804-211df89596 Dave's Guitar
 -----------------------------------------------------

 === WARNING! =====================================
 There is no root password defined on this device!
 Use the "passwd" command to set up a new password
 in order to prevent unauthorized SSH logins.
 --------------------------------------------------


 OpenWrt recently switched to the "apk" package manager!

 OPKG Command           APK Equivalent      Description
 ------------------------------------------------------------------
 opkg install <pkg>     apk add <pkg>       Install a package
 opkg remove <pkg>      apk del <pkg>       Remove a package
 opkg upgrade           apk upgrade         Upgrade all packages
 opkg files <pkg>       apk info -L <pkg>   List package contents
 opkg list-installed    apk info            List installed packages
 opkg update            apk update          Update package lists
 opkg search <pkg>      apk search <pkg>    Search for packages
 ------------------------------------------------------------------

For more information visit:
https://openwrt.org/docs/guide-user/additional-software/opkg-to-apk-cheatsheet

root@(none):~# dmesg -n 1
root@(none):~# echo 'MGST''LSXGYB'
MGSTLSXGYB
root@(none):~# run() { echo -n "$MARKER"; sh -c "$@"; echo "$MARKER $?"; }
root@(none):~# echo 'MZCA''HNYAWC'
MZCAHNYAWC
root@(none):~# MARKER='UXWE''SSKZAZ' run 'ubus wait_for network.interface.lan'
UXWESSKZAZUXWESSKZAZ 0
root@OpenWrt:~# echo 'ALWQ''FAEQNQ'
ALWQFAEQNQ
root@OpenWrt:~# MARKER='STCO''ATVJLN' run 'ubus call network.interface.lan statu
s '"'"'{}'"'"''
STCOATVJLN{
	"up": true,
	"pending": false,
	"available": true,
	"autostart": true,
	"dynamic": false,
	"uptime": 0,
	"l3_device": "br-lan",
	"proto": "static",
	"device": "br-lan",
	"updated": [
		"addresses"
	],
	"metric": 0,
	"dns_metric": 0,
	"delegation": true,
	"ipv4-address": [
		{
			"address": "192.168.1.1",
			"mask": 24
		}
	],
	"ipv6-address": [
		
	],
	"ipv6-prefix": [
		
	],
	"ipv6-prefix-assignment": [
		{
			"address": "fdcd:8216:75a5::",
			"mask": 60,
			"local-address": {
				"address": "fdcd:8216:75a5::1",
				"mask": 60
			}
		}
	],
	"route": [
		
	],
	"dns-server": [
		
	],
	"dns-search": [
		
	],
	"neighbors": [
		
	],
	"inactive": {
		"ipv4-address": [
			
		],
		"ipv6-address": [
			
		],
		"route": [
			
		],
		"dns-server": [
			
		],
		"dns-search": [
			
		],
		"neighbors": [
			
		]
	},
	"data": {
		
	}
}
STCOATVJLN 0
root@OpenWrt:~# echo 'ECPB''PBGYPP'
ECPBPBGYPP
root@OpenWrt:~# MARKER='NMQO''TTTUOX' run true
NMQOTTTUOXNMQOTTTUOX 0
root@OpenWrt:~# echo 'NYNT''JVENOS'
NYNTJVENOS
root@OpenWrt:~# MARKER='UMJP''SQZMGQ' run 'source /etc/os-release; echo $BUILD_I
D'
UMJPSQZMGQr32804-211df89596
UMJPSQZMGQ 0
root@OpenWrt:~# echo 'JAEO''STLBXS'
JAEOSTLBXS
root@OpenWrt:~# MARKER='TYTJ''WJCTOY' run 'ls /etc/dropbear/dropbear_rsa_host_ke
y'
TYTJWJCTOY[0;0m/etc/dropbear/dropbear_rsa_host_key[m
TYTJWJCTOY 0
root@OpenWrt:~# echo 'EVFS''XTEKKP'
EVFSXTEKKP
root@OpenWrt:~# MARKER='ALKW''QGBOOC' run 'netstat -tlpn | grep 0.0.0.0:22'
ALKWQGBOOCnetstat: showing only processes with your user ID
tcp        0      0 0.0.0.0:22              0.0.0.0:*               LISTEN      1756/dropbear
ALKWQGBOOC 0
root@OpenWrt:~# echo 'MFSZ''FEVLGH'
MFSZFEVLGH
root@OpenWrt:~# MARKER='QMEW''FOWBZL' run 'dmesg | grep br-lan | grep forwarding
'
QMEWFOWBZL[   32.053904] br-lan: port 1(eth0) entered forwarding state
QMEWFOWBZL 0
root@OpenWrt:~# echo 'MOSK''TTZQBG'
MOSKTTZQBG
root@OpenWrt:~# MARKER='UULS''MHNFSA' run 'ubus call network.interface.lan statu
s '"'"'{}'"'"''
UULSMHNFSA{
	"up": true,
	"pending": false,
	"available": true,
	"autostart": true,
	"dynamic": false,
	"uptime": 9,
	"l3_device": "br-lan",
	"proto": "static",
	"device": "br-lan",
	"updated": [
		"addresses"
	],
	"metric": 0,
	"dns_metric": 0,
	"delegation": true,
	"ipv4-address": [
		{
			"address": "192.168.1.1",
			"mask": 24
		}
	],
	"ipv6-address": [
		
	],
	"ipv6-prefix": [
		
	],
	"ipv6-prefix-assignment": [
		{
			"address": "fdcd:8216:75a5::",
			"mask": 60,
			"local-address": {
				"address": "fdcd:8216:75a5::1",
				"mask": 60
			}
		}
	],
	"route": [
		
	],
	"dns-server": [
		
	],
	"dns-search": [
		
	],
	"neighbors": [
		
	],
	"inactive": {
		"ipv4-address": [
			
		],
		"ipv6-address": [
			
		],
		"route": [
			
		],
		"dns-server": [
			
		],
		"dns-search": [
			
		],
		"neighbors": [
			
		]
	},
	"data": {
		
	}
}
UULSMHNFSA 0
root@OpenWrt:~# echo 'JGSU''GPBWPT'
JGSUGPBWPT
root@OpenWrt:~# MARKER='TUAQ''MXXLZB' run 'ip -o addr show dev br-lan'
TUAQMXXLZB4: br-lan    inet 192.168.1.1/24 brd 192.168.1.255 scope global br-lan\       valid_lft forever preferred_lft forever
4: br-lan    inet6 fdcd:8216:75a5::1/60 scope global noprefixroute \       valid_lft forever preferred_lft forever
4: br-lan    inet6 fe80::5054:ff:fe12:3456/64 scope link \       valid_lft forever preferred_lft forever
TUAQMXXLZB 0
root@OpenWrt:~# echo 'HBBH''NVJSWX'
HBBHNVJSWX
root@OpenWrt:~# MARKER='ZYHU''OCCYZL' run 'ubus call network.interface.wan statu
s '"'"'{}'"'"''
ZYHUOCCYZL{
	"up": true,
	"pending": false,
	"available": true,
	"autostart": true,
	"dynamic": false,
	"uptime": 8,
	"l3_device": "eth1",
	"proto": "dhcp",
	"device": "eth1",
	"updated": [
		"addresses",
		"routes",
		"data"
	],
	"metric": 0,
	"dns_metric": 0,
	"delegation": true,
	"ipv4-address": [
		{
			"address": "10.0.2.15",
			"mask": 24
		}
	],
	"ipv6-address": [
		
	],
	"ipv6-prefix": [
		
	],
	"ipv6-prefix-assignment": [
		
	],
	"route": [
		{
			"target": "0.0.0.0",
			"mask": 0,
			"nexthop": "10.0.2.2",
			"source": "10.0.2.15/32"
		}
	],
	"dns-server": [
		"10.0.2.3"
	],
	"dns-search": [
		
	],
	"neighbors": [
		
	],
	"inactive": {
		"ipv4-address": [
			
		],
		"ipv6-address": [
			
		],
		"route": [
			
		],
		"dns-server": [
			
		],
		"dns-search": [
			
		],
		"neighbors": [
			
		]
	},
	"data": {
		"dhcpserver": "10.0.2.2",
		"leasetime": 86400
	}
}
ZYHUOCCYZL 0
root@OpenWrt:~# 