Labgrid Console Logfile for main
Logfile started at 2026-03-08 02:52:04.962819
=== Log starts here ===
c[?7l[2J[0mSeaBIOS (version 1.16.3-debian-1.16.3-2)


iPXE (https://ipxe.org) 00:03.0 CA00 PCI2.10 PnP PMM+06FCAE70+06F0AE70 CA00
Press Ctrl-B to configure iPXE (PCI 00:03.0)...                                                                               




iPXE (https://ipxe.org) 00:05.0 CB00 PCI2.10 PnP PMM 06FCAE70 06F0AE70 CB00
Press Ctrl-B to configure iPXE (PCI 00:05.0)...                                                                               


Booting from Hard Disk...
GRUB loading.....
[0;30;47mWelcome to GRUB![01;01H[0m[2J[H[J[1;1H[?25l[m[H[J[1;1H[2;30HGNU GRUB  version 2.12

[m[4;2H+----------------------------------------------------------------------------+[5;2H|[5;79H|[6;2H|[6;79H|[7;2H|[7;79H|[8;2H|[8;79H|[9;2H|[9;79H|[10;2H|[10;79H|[11;2H|[11;79H|[12;2H|[12;79H|[13;2H|[13;79H|[14;2H|[14;79H|[15;2H|[15;79H|[16;2H+----------------------------------------------------------------------------+[m[17;2H[18;2H[m     Use the ^ and v keys to select which entry is highlighted.          
      Press enter to boot the selected OS, `e' to edit the commands       
      before booting or `c' for a command-line. ESC to return             
      previous menu.                                                      [5;80H [7m[5;3H*OpenWrt                                                                    [m[5;78H[m[m[6;3H OpenWrt (failsafe)                                                         [m[6;78H[m[m[7;3H                                                                            [m[7;78H[m[m[8;3H                                                                            [m[8;78H[m[m[9;3H                                                                            [m[9;78H[m[m[10;3H                                                                            [m[10;78H[m[m[11;3H                                                                            [m[11;78H[m[m[12;3H                                                                            [m[12;78H[m[m[13;3H                                                                            [m[13;78H[m[m[14;3H                                                                            [m[14;78H[m[m[15;3H                                                                            [m[15;78H[m[15;80H [5;78H[2J[02;30HGNU GRUB  version 2.12[04;02H┌────────────────────────────────────────────────────────────────────────────┐[05;02H│[05;79H│[06;02H│[06;79H│[07;02H│[07;79H│[08;02H│[08;79H│[09;02H│[09;79H│[10;02H│[10;79H│[11;02H│[11;79H│[12;02H│[12;79H│[13;02H│[13;79H│[14;02H│[14;79H│[15;02H│[15;79H│[16;02H│[16;79H│[17;02H└────────────────────────────[17;30H[17;31H────────────────────────────────────────────────┘[19;02H     Use the ↑ and ↓ keys to select which entry is highlighted.          
      Press enter to boot t[20;27H[20;28Hhe selected OS, `e' to edit the commands       
      before booting or `c' for a command-line. ESC to return             
      previous menu.                                                      [05;80H [05;03H[0;30;47m*OpenWrt                                                                    [06;03H[0m OpenWrt (failsafe)                                                         [07;03H                                                                            [08;03H                                                                            [09;03H                                                                            [10;03H                                                                  [10;68H[10;69H          [11;03H                                                                            [12;03H                                                                            [12;78H[13;03H                                                                            [14;03H                                                                            [15;03H                                                                            [16;03H                                                                            [16;80H 






   The highlighted[23;18H[23;19H entry will be executed automatically in 5s.                [22;1H   The highlighted entry will be executed automatically in 5s.                 [5;78H [05;78H

















   The highlighted entry will be executed automatically in 4s.                [22;1H   The highlighted entry will be executed automatically in 4s.                 [5;78H [05;78H

















   The highlighted entry will be executed automatically in 3s.                [22;1H   The highlighted entry will be executed automatically in 3s.                 [5;78H [05;78H

















   The highlighted entry will be executed automatically in 2s.                [22;1H   The highlighted entry will be executed automatically in 2s.                 [5;78H [05;78H

















   The highlighted entry will be executed automatically in 1s.                [22;1H   The highlighted entry will be executed automatically in 1s.                 [5;78H [05;78H

















   The highlighted entry will be executed automatically in 0s.                [22;1H   The highlighted entry will be executed automatically in 0s.                 [5;78H [01;01H[2J[?25h[H[J[1;1H[H[J[1;1H[2J   Booting `OpenWrt' Booting `OpenWrt

'

[    0.000000] Linux version 6.12.71 (builder@buildhost) (x86_64-openwrt-linux-musl-gcc (OpenWrt GCC 14.3.0 r32721-52f5481c3b) 14.3.0, GNU ld (GNU Binutils) 2.44) #0 SMP Sat Mar  7 09:12:44 2026
[    0.000000] Command line: BOOT_IMAGE=/boot/vmlinuz root=PARTUUID=c1c2addd-02 rootwait console=tty1 console=ttyS0,115200n8 noinitrd
[    0.000000] BIOS-provided physical RAM map:
[    0.000000] BIOS-e820: [mem 0x0000000000000000-0x000000000009fbff] usable
[    0.000000] BIOS-e820: [mem 0x000000000009fc00-0x000000000009ffff] reserved
[    0.000000] BIOS-e820: [mem 0x00000000000f0000-0x00000000000fffff] reserved
[    0.000000] BIOS-e820: [mem 0x0000000000100000-0x0000000007fdcfff] usable
[    0.000000] BIOS-e820: [mem 0x0000000007fdd000-0x0000000007ffffff] reserved
[    0.000000] BIOS-e820: [mem 0x00000000fffc0000-0x00000000ffffffff] reserved
[    0.000000] BIOS-e820: [mem 0x000000fd00000000-0x000000ffffffffff] reserved
[    0.000000] NX (Execute Disable) protection: active
[    0.000000] APIC: Static calls initialized
[    0.000000] SMBIOS 3.0.0 present.
[    0.000000] DMI: QEMU Standard PC (i440FX + PIIX, 1996), BIOS 1.16.3-debian-1.16.3-2 04/01/2014
[    0.000000] DMI: Memory slots populated: 1/1
[    0.000000] tsc: Fast TSC calibration using PIT
[    0.000000] tsc: Detected 2445.394 MHz processor
[    0.007436] last_pfn = 0x7fdd max_arch_pfn = 0x400000000
[    0.008040] MTRR map: 4 entries (3 fixed + 1 variable; max 19), built from 8 variable MTRRs
[    0.008229] x86/PAT: Configuration [0-7]: WB  WC  UC- UC  WB  WP  UC- WT  
[    0.028154] found SMP MP-table at [mem 0x000f5460-0x000f546f]
[    0.029534] Using GB pages for direct mapping
[    0.033901] ACPI: Early table checksum verification disabled
[    0.034272] ACPI: RSDP 0x00000000000F5290 000014 (v00 BOCHS )
[    0.034586] ACPI: RSDT 0x0000000007FE1C64 000034 (v01 BOCHS  BXPC     00000001 BXPC 00000001)
[    0.035124] ACPI: FACP 0x0000000007FE1B18 000074 (v01 BOCHS  BXPC     00000001 BXPC 00000001)
[    0.035728] ACPI: DSDT 0x0000000007FE0040 001AD8 (v01 BOCHS  BXPC     00000001 BXPC 00000001)
[    0.035802] ACPI: FACS 0x0000000007FE0000 000040
[    0.035851] ACPI: APIC 0x0000000007FE1B8C 000078 (v03 BOCHS  BXPC     00000001 BXPC 00000001)
[    0.035872] ACPI: HPET 0x0000000007FE1C04 000038 (v01 BOCHS  BXPC     00000001 BXPC 00000001)
[    0.035891] ACPI: WAET 0x0000000007FE1C3C 000028 (v01 BOCHS  BXPC     00000001 BXPC 00000001)
[    0.035966] ACPI: Reserving FACP table memory at [mem 0x7fe1b18-0x7fe1b8b]
[    0.036017] ACPI: Reserving DSDT table memory at [mem 0x7fe0040-0x7fe1b17]
[    0.036024] ACPI: Reserving FACS table memory at [mem 0x7fe0000-0x7fe003f]
[    0.036030] ACPI: Reserving APIC table memory at [mem 0x7fe1b8c-0x7fe1c03]
[    0.036035] ACPI: Reserving HPET table memory at [mem 0x7fe1c04-0x7fe1c3b]
[    0.036041] ACPI: Reserving WAET table memory at [mem 0x7fe1c3c-0x7fe1c63]
[    0.039113] Zone ranges:
[    0.039142]   DMA      [mem 0x0000000000001000-0x0000000000ffffff]
[    0.039221]   DMA32    [mem 0x0000000001000000-0x0000000007fdcfff]
[    0.039230]   Normal   empty
[    0.039248] Movable zone start for each node
[    0.039282] Early memory node ranges
[    0.039309]   node   0: [mem 0x0000000000001000-0x000000000009efff]
[    0.039364]   node   0: [mem 0x0000000000100000-0x0000000007fdcfff]
[    0.039488] Initmem setup node 0 [mem 0x0000000000001000-0x0000000007fdcfff]
[    0.040540] On node 0, zone DMA: 1 pages in unavailable ranges
[    0.041016] On node 0, zone DMA: 97 pages in unavailable ranges
[    0.043121] On node 0, zone DMA32: 35 pages in unavailable ranges
[    0.043480] ACPI: PM-Timer IO Port: 0x608
[    0.043885] ACPI: LAPIC_NMI (acpi_id[0xff] dfl dfl lint[0x1])
[    0.044328] IOAPIC[0]: apic_id 0, version 32, address 0xfec00000, GSI 0-23
[    0.044446] ACPI: INT_SRC_OVR (bus 0 bus_irq 0 global_irq 2 dfl dfl)
[    0.044772] ACPI: INT_SRC_OVR (bus 0 bus_irq 5 global_irq 5 high level)
[    0.044828] ACPI: INT_SRC_OVR (bus 0 bus_irq 9 global_irq 9 high level)
[    0.044929] ACPI: INT_SRC_OVR (bus 0 bus_irq 10 global_irq 10 high level)
[    0.044938] ACPI: INT_SRC_OVR (bus 0 bus_irq 11 global_irq 11 high level)
[    0.045145] ACPI: Using ACPI (MADT) for SMP configuration information
[    0.045192] ACPI: HPET id: 0x8086a201 base: 0xfed00000
[    0.045596] CPU topo: Max. logical packages:   1
[    0.045611] CPU topo: Max. logical dies:       1
[    0.045621] CPU topo: Max. dies per package:   1
[    0.045667] CPU topo: Max. threads per core:   1
[    0.045831] CPU topo: Num. cores per package:     1
[    0.045847] CPU topo: Num. threads per package:   1
[    0.045856] CPU topo: Allowing 1 present CPUs plus 0 hotplug CPUs
[    0.047174] [mem 0x08000000-0xfffbffff] available for PCI devices
[    0.047244] Booting paravirtualized kernel on bare hardware
[    0.047603] clocksource: refined-jiffies: mask: 0xffffffff max_cycles: 0xffffffff, max_idle_ns: 19112604462750000 ns
[    0.048276] setup_percpu: NR_CPUS:512 nr_cpumask_bits:1 nr_cpu_ids:1 nr_node_ids:1
[    0.050296] percpu: Embedded 48 pages/cpu s158104 r8192 d30312 u2097152
[    0.052615] Kernel command line: BOOT_IMAGE=/boot/vmlinuz root=PARTUUID=c1c2addd-02 rootwait console=tty1 console=ttyS0,115200n8 noinitrd
[    0.054271] random: crng init done
[    0.058935] Dentry cache hash table entries: 16384 (order: 5, 131072 bytes, linear)
[    0.059876] Inode-cache hash table entries: 8192 (order: 4, 65536 bytes, linear)
[    0.062510] Built 1 zonelists, mobility grouping on.  Total pages: 32635
[    0.062732] mem auto-init: stack:off, heap alloc:off, heap free:off
[    0.072660] SLUB: HWalign=64, Order=0-3, MinObjects=0, CPUs=1, Nodes=1
[    0.080569] rcu: Hierarchical RCU implementation.
[    0.080598] rcu: 	RCU restricting CPUs from NR_CPUS=512 to nr_cpu_ids=1.
[    0.080750] 	Tracing variant of Tasks RCU enabled.
[    0.080846] rcu: RCU calculated value of scheduler-enlistment delay is 10 jiffies.
[    0.080877] rcu: Adjusting geometry for rcu_fanout_leaf=16, nr_cpu_ids=1
[    0.082044] RCU Tasks Trace: Setting shift to 0 and lim to 1 rcu_task_cb_adjust=1 rcu_task_cpu_ids=1.
[    0.082200] NR_IRQS: 33024, nr_irqs: 256, preallocated irqs: 16
[    0.091033] rcu: srcu_init: Setting srcu_struct sizes based on contention.
[    0.097991] Console: colour VGA+ 80x25
[    0.098442] printk: legacy console [tty1] enabled
[    0.106720] printk: legacy console [ttyS0] enabled
[    0.349419] ACPI: Core revision 20240827
[    0.354696] clocksource: hpet: mask: 0xffffffff max_cycles: 0xffffffff, max_idle_ns: 19112604467 ns
[    0.363862] APIC: Switch to symmetric I/O mode setup
[    0.368302] ..TIMER: vector=0x30 apic1=0 pin1=2 apic2=-1 pin2=-1
[    0.410972] clocksource: tsc-early: mask: 0xffffffffffffffff max_cycles: 0x233fb9b21e3, max_idle_ns: 440795268462 ns
[    0.411654] Calibrating delay loop (skipped), value calculated using timer frequency.. 4890.78 BogoMIPS (lpj=24453940)
[    0.413580] x86/cpu: User Mode Instruction Prevention (UMIP) activated
[    0.431559] Last level iTLB entries: 4KB 0, 2MB 0, 4MB 0
[    0.432022] Last level dTLB entries: 4KB 0, 2MB 0, 4MB 0, 1GB 0
[    0.433206] Spectre V1 : Mitigation: usercopy/swapgs barriers and __user pointer sanitization
[    0.434242] Spectre V2 : Mitigation: Retpolines
[    0.434494] Spectre V2 : Spectre v2 / SpectreRSB: Filling RSB on context switch and VMEXIT
[    0.434943] Speculative Store Bypass: Vulnerable
[    0.443660] x86/fpu: Supporting XSAVE feature 0x001: 'x87 floating point registers'
[    0.448578] x86/fpu: Supporting XSAVE feature 0x002: 'SSE registers'
[    0.448875] x86/fpu: Supporting XSAVE feature 0x004: 'AVX registers'
[    0.452555] x86/fpu: Supporting XSAVE feature 0x008: 'MPX bounds registers'
[    0.453921] x86/fpu: Supporting XSAVE feature 0x010: 'MPX CSR'
[    0.454593] x86/fpu: xstate_offset[2]:  576, xstate_sizes[2]:  256
[    0.455009] x86/fpu: xstate_offset[3]:  960, xstate_sizes[3]:   64
[    0.455267] x86/fpu: xstate_offset[4]: 1024, xstate_sizes[4]:   64
[    0.461589] x86/fpu: Enabled xstate features 0x1f, context size is 1088 bytes, using 'standard' format.
[    0.689904] Freeing SMP alternatives memory: 40K
[    0.690751] pid_max: default: 32768 minimum: 301
[    0.700260] Mount-cache hash table entries: 512 (order: 0, 4096 bytes, linear)
[    0.700677] Mountpoint-cache hash table entries: 512 (order: 0, 4096 bytes, linear)
[    0.853230] smpboot: CPU0: AMD QEMU TCG CPU version 2.5+ (family: 0x6, model: 0x6, stepping: 0x3)
[    0.863239] Performance Events: PMU not available due to virtualization, using software events only.
[    0.864711] signal: max sigframe size: 1616
[    0.882397] rcu: Hierarchical SRCU implementation.
[    0.882676] rcu: 	Max phase no-delay instances is 1000.
[    0.893309] smp: Bringing up secondary CPUs ...
[    0.895099] smp: Brought up 1 node, 1 CPU
[    0.895419] smpboot: Total of 1 processors activated (4890.78 BogoMIPS)
[    0.902337] Memory: 103276K/130540K available (14336K kernel code, 1177K rwdata, 2552K rodata, 1492K init, 1304K bss, 25620K reserved, 0K cma-reserved)
[    0.915806] clocksource: jiffies: mask: 0xffffffff max_cycles: 0xffffffff, max_idle_ns: 19112604462750000 ns
[    0.916709] futex hash table entries: 256 (order: 2, 16384 bytes, linear)
[    0.918014] pinctrl core: initialized pinctrl subsystem
[    0.938791] NET: Registered PF_NETLINK/PF_ROUTE protocol family
[    0.945478] thermal_sys: Registered thermal governor 'step_wise'
[    0.945538] thermal_sys: Registered thermal governor 'user_space'
[    0.946601] cpuidle: using governor ladder
[    0.948340] acpiphp: ACPI Hot Plug PCI Controller Driver version: 0.5
[    0.952467] PCI: Using configuration type 1 for base access
[    0.961820] cryptd: max_cpu_qlen set to 1000
[    0.967717] ACPI: Added _OSI(Module Device)
[    0.967934] ACPI: Added _OSI(Processor Device)
[    0.968123] ACPI: Added _OSI(Processor Aggregator Device)
[    0.982532] ACPI: 1 ACPI AML tables successfully acquired and loaded
[    1.000094] ACPI: Interpreter enabled
[    1.000936] ACPI: PM: (supports S0 S5)
[    1.001164] ACPI: Using IOAPIC for interrupt routing
[    1.001891] PCI: Using host bridge windows from ACPI; if necessary, use "pci=nocrs" and report a bug
[    1.002300] PCI: Using E820 reservations for host bridge windows
[    1.012495] ACPI: Enabled 2 GPEs in block 00 to 0F
[    1.044018] ACPI: PCI Root Bridge [PCI0] (domain 0000 [bus 00-ff])
[    1.046754] acpi PNP0A03:00: _OSC: OS supports [ASPM ClockPM Segments MSI HPX-Type3]
[    1.047246] acpi PNP0A03:00: _OSC: not requesting OS control; OS requires [ExtendedConfig ASPM ClockPM MSI]
[    1.048170] acpi PNP0A03:00: fail to add MMCONFIG information, can't access extended configuration space under this bridge
[    1.056197] acpiphp: Slot [3] registered
[    1.056541] acpiphp: Slot [4] registered
[    1.056822] acpiphp: Slot [5] registered
[    1.057163] acpiphp: Slot [6] registered
[    1.061826] acpiphp: Slot [7] registered
[    1.062347] acpiphp: Slot [8] registered
[    1.063965] acpiphp: Slot [9] registered
[    1.064230] acpiphp: Slot [10] registered
[    1.064560] acpiphp: Slot [11] registered
[    1.064836] acpiphp: Slot [12] registered
[    1.071815] acpiphp: Slot [13] registered
[    1.072286] acpiphp: Slot [14] registered
[    1.072705] acpiphp: Slot [15] registered
[    1.072976] acpiphp: Slot [16] registered
[    1.073300] acpiphp: Slot [17] registered
[    1.073589] acpiphp: Slot [18] registered
[    1.081840] acpiphp: Slot [19] registered
[    1.082319] acpiphp: Slot [20] registered
[    1.082703] acpiphp: Slot [21] registered
[    1.082999] acpiphp: Slot [22] registered
[    1.083272] acpiphp: Slot [23] registered
[    1.083538] acpiphp: Slot [24] registered
[    1.091909] acpiphp: Slot [25] registered
[    1.092411] acpiphp: Slot [26] registered
[    1.092768] acpiphp: Slot [27] registered
[    1.093079] acpiphp: Slot [28] registered
[    1.093365] acpiphp: Slot [29] registered
[    1.093640] acpiphp: Slot [30] registered
[    1.101759] acpiphp: Slot [31] registered
[    1.111001] PCI host bridge to bus 0000:00
[    1.111981] pci_bus 0000:00: root bus resource [io  0x0000-0x0cf7 window]
[    1.112394] pci_bus 0000:00: root bus resource [io  0x0d00-0xffff window]
[    1.112756] pci_bus 0000:00: root bus resource [mem 0x000a0000-0x000bffff window]
[    1.121747] pci_bus 0000:00: root bus resource [mem 0x08000000-0xfebfffff window]
[    1.122252] pci_bus 0000:00: root bus resource [mem 0x100000000-0x17fffffff window]
[    1.122921] pci_bus 0000:00: root bus resource [bus 00-ff]
[    1.124416] pci 0000:00:00.0: [8086:1237] type 00 class 0x060000 conventional PCI endpoint
[    1.135834] pci 0000:00:01.0: [8086:7000] type 00 class 0x060100 conventional PCI endpoint
[    1.136846] pci 0000:00:01.1: [8086:7010] type 00 class 0x010180 conventional PCI endpoint
[    1.139873] pci 0000:00:01.1: BAR 4 [io  0xc0e0-0xc0ef]
[    1.142994] pci 0000:00:01.1: BAR 0 [io  0x01f0-0x01f7]: legacy IDE quirk
[    1.143345] pci 0000:00:01.1: BAR 1 [io  0x03f6]: legacy IDE quirk
[    1.143636] pci 0000:00:01.1: BAR 2 [io  0x0170-0x0177]: legacy IDE quirk
[    1.143931] pci 0000:00:01.1: BAR 3 [io  0x0376]: legacy IDE quirk
[    1.152667] pci 0000:00:01.3: [8086:7113] type 00 class 0x068000 conventional PCI endpoint
[    1.153384] pci 0000:00:01.3: quirk: [io  0x0600-0x063f] claimed by PIIX4 ACPI
[    1.153728] pci 0000:00:01.3: quirk: [io  0x0700-0x070f] claimed by PIIX4 SMB
[    1.162488] pci 0000:00:02.0: [1234:1111] type 00 class 0x030000 conventional PCI endpoint
[    1.163295] pci 0000:00:02.0: BAR 0 [mem 0xfd000000-0xfdffffff pref]
[    1.164847] pci 0000:00:02.0: BAR 2 [mem 0xfeb90000-0xfeb90fff]
[    1.171562] pci 0000:00:02.0: ROM [mem 0xfeb80000-0xfeb8ffff pref]
[    1.176912] pci 0000:00:02.0: Video device with shadowed ROM at [mem 0x000c0000-0x000dffff]
[    1.178156] pci 0000:00:03.0: [1af4:1000] type 00 class 0x020000 conventional PCI endpoint
[    1.179560] pci 0000:00:03.0: BAR 0 [io  0xc080-0xc09f]
[    1.183867] pci 0000:00:03.0: BAR 4 [mem 0xfe000000-0xfe003fff 64bit pref]
[    1.185241] pci 0000:00:03.0: ROM [mem 0xfea80000-0xfeafffff pref]
[    1.196408] pci 0000:00:04.0: [1af4:1005] type 00 class 0x00ff00 conventional PCI endpoint
[    1.197413] pci 0000:00:04.0: BAR 0 [io  0xc0a0-0xc0bf]
[    1.201335] pci 0000:00:04.0: BAR 1 [mem 0xfeb91000-0xfeb91fff]
[    1.203283] pci 0000:00:04.0: BAR 4 [mem 0xfe004000-0xfe007fff 64bit pref]
[    1.208438] pci 0000:00:05.0: [1af4:1000] type 00 class 0x020000 conventional PCI endpoint
[    1.210275] pci 0000:00:05.0: BAR 0 [io  0xc0c0-0xc0df]
[    1.213339] pci 0000:00:05.0: BAR 1 [mem 0xfeb92000-0xfeb92fff]
[    1.215507] pci 0000:00:05.0: BAR 4 [mem 0xfe008000-0xfe00bfff 64bit pref]
[    1.216411] pci 0000:00:05.0: ROM [mem 0xfeb00000-0xfeb7ffff pref]
[    1.220335] pci 0000:00:06.0: [1af4:1001] type 00 class 0x010000 conventional PCI endpoint
[    1.223990] pci 0000:00:06.0: BAR 0 [io  0xc000-0xc07f]
[    1.224889] pci 0000:00:06.0: BAR 1 [mem 0xfeb93000-0xfeb93fff]
[    1.226868] pci 0000:00:06.0: BAR 4 [mem 0xfe00c000-0xfe00ffff 64bit pref]
[    1.237960] ACPI: PCI: Interrupt link LNKA configured for IRQ 10
[    1.238923] ACPI: PCI: Interrupt link LNKB configured for IRQ 10
[    1.239599] ACPI: PCI: Interrupt link LNKC configured for IRQ 11
[    1.240242] ACPI: PCI: Interrupt link LNKD configured for IRQ 11
[    1.240710] ACPI: PCI: Interrupt link LNKS configured for IRQ 9
[    1.253275] iommu: Default domain type: Translated
[    1.253526] iommu: DMA domain TLB invalidation policy: lazy mode
[    1.256622] SCSI subsystem initialized
[    1.258275] ACPI: bus type USB registered
[    1.258877] usbcore: registered new interface driver usbfs
[    1.260508] usbcore: registered new interface driver hub
[    1.260983] usbcore: registered new device driver usb
[    1.261669] pps_core: LinuxPPS API ver. 1 registered
[    1.261898] pps_core: Software ver. 5.3.6 - Copyright 2005-2007 Rodolfo Giometti <giometti@linux.it>
[    1.271618] PTP clock support registered
[    1.282838] PCI: Using ACPI for IRQ routing
[    1.285246] hpet0: at MMIO 0xfed00000, IRQs 2, 8, 0
[    1.285570] hpet0: 3 comparators, 64-bit 100.000000 MHz counter
[    1.291320] clocksource: Switched to clocksource tsc-early
[    1.291320] pnp: PnP ACPI init
[    1.291320] pnp: PnP ACPI: found 6 devices
[    1.305254] clocksource: acpi_pm: mask: 0xffffff max_cycles: 0xffffff, max_idle_ns: 2085701024 ns
[    1.306750] NET: Registered PF_INET protocol family
[    1.308051] IP idents hash table entries: 2048 (order: 2, 16384 bytes, linear)
[    1.314485] tcp_listen_portaddr_hash hash table entries: 256 (order: 0, 4096 bytes, linear)
[    1.315984] Table-perturb hash table entries: 65536 (order: 6, 262144 bytes, linear)
[    1.316636] TCP established hash table entries: 1024 (order: 1, 8192 bytes, linear)
[    1.317193] TCP bind hash table entries: 1024 (order: 3, 32768 bytes, linear)
[    1.327215] TCP: Hash tables configured (established 1024 bind 1024)
[    1.329387] MPTCP token hash table entries: 256 (order: 1, 6144 bytes, linear)
[    1.329967] UDP hash table entries: 256 (order: 1, 8192 bytes, linear)
[    1.330452] UDP-Lite hash table entries: 256 (order: 1, 8192 bytes, linear)
[    1.339877] NET: Registered PF_UNIX/PF_LOCAL protocol family
[    1.341348] pci_bus 0000:00: resource 4 [io  0x0000-0x0cf7 window]
[    1.341650] pci_bus 0000:00: resource 5 [io  0x0d00-0xffff window]
[    1.341901] pci_bus 0000:00: resource 6 [mem 0x000a0000-0x000bffff window]
[    1.348977] pci_bus 0000:00: resource 7 [mem 0x08000000-0xfebfffff window]
[    1.349404] pci_bus 0000:00: resource 8 [mem 0x100000000-0x17fffffff window]
[    1.350244] pci 0000:00:01.0: PIIX3: Enabling Passive Release
[    1.350583] pci 0000:00:00.0: Limiting direct PCI/PCI transfers
[    1.360467] PCI: CLS 0 bytes, default 64
[    1.380435] workingset: timestamp_bits=46 max_order=15 bucket_order=0
[    1.383381] squashfs: version 4.0 (2009/01/31) Phillip Lougher
[    1.386323] Block layer SCSI generic (bsg) driver version 0.4 loaded (major 247)
[    1.390427] hv_vmbus: registering driver hyperv_fb
[    1.394620] input: Power Button as /devices/LNXSYSTM:00/LNXPWRBN:00/input/input0
[    1.402642] ACPI: button: Power Button [PWRF]
[    1.564264] ACPI: \_SB_.LNKC: Enabled at IRQ 11
[    1.718687] ACPI: \_SB_.LNKD: Enabled at IRQ 10
[    1.875814] ACPI: \_SB_.LNKA: Enabled at IRQ 10
[    2.027003] ACPI: \_SB_.LNKB: Enabled at IRQ 11
[    2.029066] Serial: 8250/16550 driver, 16 ports, IRQ sharing enabled
[    2.054802] 00:04: ttyS0 at I/O 0x3f8 (irq = 4, base_baud = 115200) is a 16550A
[    2.081603] Non-volatile memory driver v1.3
[    2.093023] Linux agpgart interface v0.103
[    2.094107] ACPI: bus type drm_connector registered
[    2.097026] [drm] Found bochs VGA, ID 0xb0c5.
[    2.097275] [drm] Framebuffer size 16384 kB @ 0xfd000000, mmio @ 0xfeb90000.
[    2.104678] [drm] Found EDID data blob.
[    2.110408] [drm] Initialized bochs-drm 1.0.0 for 0000:00:02.0 on minor 0
[    2.180253] Console: switching to colour frame buffer device 160x50
[    2.189465] bochs-drm 0000:00:02.0: [drm] fb0: bochs-drmdrmfb frame buffer device
[    2.208857] loop: module loaded
[    2.209660] virtio_blk virtio3: 1/0/0 default/read/poll queues
[    2.231746] virtio_blk virtio3: [vda] 246784 512-byte logical blocks (126 MB/121 MiB)
[    2.241096]  vda: vda1 vda2
[    2.243620] Guest personality initialized and is inactive
[    2.244293] VMCI host device registered (name=vmci, major=10, minor=256)
[    2.244609] Initialized host personality
[    2.244984] usbcore: registered new interface driver rtsx_usb
[    2.246022] VMware PVSCSI driver - version 1.0.7.0-k
[    2.254640] hv_vmbus: registering driver hv_storvsc
[    2.271515] scsi host0: ata_piix
[    2.274074] scsi host1: ata_piix
[    2.275012] ata1: PATA max MWDMA2 cmd 0x1f0 ctl 0x3f6 bmdma 0xc0e0 irq 14 lpm-pol 0
[    2.275381] ata2: PATA max MWDMA2 cmd 0x170 ctl 0x376 bmdma 0xc0e8 irq 15 lpm-pol 0
[    2.286128] VMware vmxnet3 virtual NIC driver - version 1.9.0.0-k-NAPI
[    2.286769] hv_vmbus: registering driver hv_netvsc
[    2.287181] Fusion MPT base driver 3.04.20
[    2.287366] Copyright (c) 1999-2008 LSI Corporation
[    2.287766] Fusion MPT SPI Host driver 3.04.20
[    2.297183] Fusion MPT SAS Host driver 3.04.20
[    2.299331] usbcore: registered new interface driver usb-storage
[    2.300689] i8042: PNP: PS/2 Controller [PNP0303:KBD,PNP0f13:MOU] at 0x60,0x64 irq 1,12
[    2.304098] serio: i8042 KBD port at 0x60,0x64 irq 1
[    2.304521] serio: i8042 AUX port at 0x60,0x64 irq 12
[    2.311272] hv_vmbus: registering driver hyperv_keyboard
[    2.313724] rtc_cmos 00:05: RTC can wake from S4
[    2.318738] rtc_cmos 00:05: registered as rtc0
[    2.321756] rtc_cmos 00:05: setting system clock to 2026-03-08T02:52:15 UTC (1772938335)
[    2.324252] rtc_cmos 00:05: alarms up to one day, y3k, 242 bytes nvram, hpet irqs
[    2.326944] intel_powerclamp: CPU does not support MWAIT
[    2.329198] amd_pstate: the _CPC object is not present in SBIOS or ACPI disabled
[    2.333047] sdhci: Secure Digital Host Controller Interface driver
[    2.335027] sdhci: Copyright(c) Pierre Ossman
[    2.337427] VUB300 Driver rom wait states = 1C irqpoll timeout = 0400
[    2.344547] input: AT Translated Set 2 keyboard as /devices/platform/i8042/serio0/input/input1
[    2.368025] usbcore: registered new interface driver vub300
[    2.370413] usbcore: registered new interface driver ushc
[    2.377981] hid: raw HID events driver (C) Jiri Kosina
[    2.380810] hv_vmbus: registering driver hid_hyperv
[    2.383522] usbcore: registered new interface driver usbhid
[    2.385529] usbhid: USB HID core driver
[    2.387617] hv_utils: Registering HyperV Utility Driver
[    2.389600] hv_vmbus: registering driver hv_utils
[    2.391954] hv_vmbus: registering driver hv_balloon
[    2.395535] NET: Registered PF_INET6 protocol family
[    2.411279] Segment Routing with IPv6
[    2.413549] In-situ OAM (IOAM) with IPv6
[    2.416059] NET: Registered PF_PACKET protocol family
[    2.418526] bridge: filtering via arp/ip/ip6tables is no longer available by default. Update your scripts to load br_netfilter if you need this.
[    2.428110] 8021q: 802.1Q VLAN Support v1.8
[    2.430988] NET: Registered PF_VSOCK protocol family
[    2.440578] IPI shorthand broadcast: enabled
[    2.443248] tsc: Refined TSC clocksource calibration: 2445.407 MHz
[    2.445608] clocksource: tsc: mask: 0xffffffffffffffff max_cycles: 0x233fc5d459f, max_idle_ns: 440795273666 ns
[    2.447985] clocksource: Switched to clocksource tsc
[    2.458222] AES CTR mode by8 optimization enabled
[    2.480340] sched_clock: Marking stable (2220133526, 259975925)->(2490072252, -9962801)
[    2.520655] ata2: found unknown device (class 0)
[    2.529558] ata2.00: ATAPI: QEMU DVD-ROM, 2.5+, max UDMA/100
[    2.560916] scsi 1:0:0:0: CD-ROM            QEMU     QEMU DVD-ROM     2.5+ PQ: 0 ANSI: 5
[    2.599028] clk: Disabling unused clocks
[    2.641935] sr 1:0:0:0: [sr0] scsi3-mmc drive: 4x/4x cd/rw xa/form2 tray
[    2.644672] cdrom: Uniform CD-ROM driver Revision: 3.20
[    2.702342] VFS: Mounted root (squashfs filesystem) readonly on device 254:2.
[    2.771256] Freeing unused kernel image (initmem) memory: 1492K
[    2.773889] Write protecting the kernel read-only data: 18432k
[    2.778320] Freeing unused kernel image (rodata/data gap) memory: 1544K
[    2.781061] Run /sbin/init as init process
[    3.082481] init: Console is alive
[    3.731403] kmodloader: loading kernel modules from /etc/modules-boot.d/*
[    3.795126] button_hotplug: loading out-of-tree module taints kernel.
[    3.802083] Button Hotplug driver version 0.4.1
[    3.825005] Intel(R) 2.5G Ethernet Linux Driver
[    3.827743] Copyright(c) 2018 Intel Corporation.
[    3.844384] igb: Intel(R) Gigabit Ethernet Network Driver
[    3.846941] igb: Copyright (c) 2007-2014 Intel Corporation.
[    3.864268] e1000e: Intel(R) PRO/1000 Network Driver
[    3.867045] e1000e: Copyright(c) 1999 - 2015 Intel Corporation.
[    3.880530] kmodloader: done loading kernel modules from /etc/modules-boot.d/*
[    3.902019] init: - preinit -
[    5.005204] 8021q: adding VLAN 0 to HW filter on device eth0
Press the [f] key and hit [enter] to enter failsafe mode
Press the [1], [2], [3] or [4] key and hit [enter] to select the debug level
[    9.673133] loop0: detected capacity change from 0 to 212992
[    9.720699] loop0: detected capacity change from 212992 to 196352
[    9.734613] mount_root: overlay filesystem in /dev/loop0 has not been formatted yet
[   10.094894] EXT4-fs (loop0): mounted filesystem 9ce64c07-fee3-4b62-8c07-b35904b516fc r/w with ordered data mode. Quota mode: disabled.
[   10.109060] mount_root: overlay filesystem has not been fully initialized yet
[   10.128128] mount_root: switching to ext4 overlay
[   10.149773] overlayfs: null uuid detected in lower fs '/', falling back to xino=off,index=off,nfs_export=off.
[   10.882802] EXT4-fs (vda1): mounted filesystem 84173db5-fa99-e35a-95c6-28613cc79ea9 r/w without journal. Quota mode: disabled.
[   10.907855] urandom-seed: Seed file not found (/etc/urandom.seed)
[   11.063548] procd: - early -
[   11.816934] procd: - ubus -
[   11.997717] procd: - init -
Please press Enter to activate this console.
root
login[1048]: root login on 'ttyS0'


BusyBox v1.37.0 (2026-03-06 11:07:42 UTC) built-in shell (ash)

  _______                     ________        __
 |       |.-----.-----.-----.|  |  |  |.----.|  |_
 |   -   ||  _  |  -__|     ||  |  |  ||   _||   _|
 |_______||   __|_____|__|__||________||__|  |____|
          |__| W I R E L E S S   F R E E D O M
 -----------------------------------------------------
 OpenWrt 25.12-SNAPSHOT, r32721-52f5481c3b Dave's Guitar
 -----------------------------------------------------

 === WARNING! =====================================
 There is no root password defined on this device!
 Use the "passwd" command to set up a new password
 in order to prevent unauthorized SSH logins.
 --------------------------------------------------

  ___   __ __                _______             __
 |   |_|__|  |--.----.-----.|   |   |-----.-----|  |--.
 |     |  |  _  |   _|  -__||       |  -__|__ --|     |
 |_____|__|_____|__| |_____||__|_|__|_____|_____|__|__|

 ------------------------------------------------------
 LiMe master development (master rev. 7929208 20260304_1752)
 ------------------------------------------------------
 https://libremesh.org
 ------------------------------------------------------

 === System Notes =================================================

 = edit via http://thisnode.info/app/#/notes or /etc/banner.notes =


 OpenWrt recently switched to the "apk" package manager!

 OPKG Command           APK Equivalent      Description
 ------------------------------------------------------------------
 opkg install <pkg>     apk add <pkg>       Install a package
 opkg remove <pkg>      apk del <pkg>       Remove a package
 opkg upgrade           apk upgrade         Upgrade all packages
 opkg files <pkg>       apk info -L <pkg>   List package contents
 opkg list-installed    apk info            List installed packages
 opkg update            apk update          Update package lists
 opkg search <pkg>      apk search <pkg>    Search for packages
 ------------------------------------------------------------------

For more information visit:
https://openwrt.org/docs/guide-user/additional-software/opkg-to-apk-cheatsheet

root@(none):~# dmesg -n 1
root@(none):~# echo 'ALCH''MQNOAF'
ALCHMQNOAF
root@(none):~# run() { echo -n "$MARKER"; sh -c "$@"; echo "$MARKER $?"; }
root@(none):~# echo 'QPCC''PQBUGW'
QPCCPQBUGW
root@(none):~# MARKER='SYYG''CEHCUL' run 'ubus wait_for network.interface.lan'
SYYGCEHCUL