Labgrid Console Logfile for main
Logfile started at 2026-04-20 03:40:57.098023
=== Log starts here ===
c[?7l[2J[0mSeaBIOS (version 1.16.3-debian-1.16.3-2)


iPXE (https://ipxe.org) 00:03.0 CA00 PCI2.10 PnP PMM+06FCAE70+06F0AE70 CA00
Press Ctrl-B to configure iPXE (PCI 00:03.0)...                                                                               




iPXE (https://ipxe.org) 00:05.0 CB00 PCI2.10 PnP PMM 06FCAE70 06F0AE70 CB00
Press Ctrl-B to configure iPXE (PCI 00:05.0)...                                                                               


Booting from Hard Disk...
GRUB loading.....
[0;30;47mWelcome to GRUB![01;01H[0m[2J[H[J[1;1H[?25l[m[H[J[1;1H[2;30HGNU GRUB  version 2.12

[m[4;2H+----------------------------------------------------------------------------+[5;2H|[5;79H|[6;2H|[6;79H|[7;2H|[7;79H|[8;2H|[8;79H|[9;2H|[9;79H|[10;2H|[10;79H|[11;2H|[11;79H|[12;2H|[12;79H|[13;2H|[13;79H|[14;2H|[14;79H|[15;2H|[15;79H|[16;2H+----------------------------------------------------------------------------+[m[17;2H[18;2H[m     Use the ^ and v keys to select which entry is highlighted.          
      Press enter to boot the selected OS, `e' to edit the commands       
      before booting or `c' for a command-line. ESC to return             
      previous menu.                                                      [5;80H [7m[5;3H*OpenWrt                                                                    [m[5;78H[m[m[6;3H OpenWrt (failsafe)                                                         [m[6;78H[m[m[7;3H                                                                            [m[7;78H[m[m[8;3H                                                                            [m[8;78H[m[m[9;3H                                                                            [m[9;78H[m[m[10;3H                                                                            [m[10;78H[m[m[11;3H                                                                            [m[11;78H[m[m[12;3H                                                                            [m[12;78H[m[m[13;3H                                                                            [m[13;78H[m[m[14;3H                                                                            [m[14;78H[m[m[15;3H                                                                            [m[15;78H[m[15;80H [5;78H[2J[02;30HGNU GRUB  version 2.12[04;02H┌────────────────────────────────────────────────────────────────────────────┐[05;02H│[05;79H│[06;02H│[06;79H│[07;02H│[07;79H│[08;02H│[08;79H│[09;02H│[09;79H│[10;02H│[10;79H│[11;02H│[11;79H│[12;02H│[12;79H│[13;02H│[13;79H│[14;02H│[14;79H│[15;02H│[15;79H│[16;02H│[16;79H│[17;02H└────────────────────────────────────────────────────────────────────────────┘[19;02H     Use the ↑ and ↓ keys to select which ent[19;46H[19;47Hry is highlighted.          
      Press enter to boot the selected OS, `e' to edit the commands       
      before booting or `c' for a command-line. ESC to ret[21;58H[21;59Hurn             
      previous menu.                                                      [05;80H [05;03H[0;30;47m*OpenWrt                                                            [05;70H[05;71H        [06;03H[0m OpenWrt (failsafe)                                                         [07;03H                                                                            [07;78H[08;03H                                                                            [09;03H                                                                            [10;03H                                                                            [11;03H                                                                            [12;03H               [12;17H[12;18H                                                             [13;03H                                                                            [14;03H                       [14;25H[14;26H                                                     [15;03H                                                                            [16;03H                                                                            [16;80H 






   The highlighted entry will be executed automatically in 5s.                [22;1H   The highlighted entry will be executed automatically in 5s.                 [5;78H [05;78H

















   The highlighted entry will be executed automatically in 4s.                [22;1H   The highlighted entry will be executed automatically in 4s.                 [5;78H [05;78H

















   The highlighted entry will be executed automatically in 3s.                [22;1H   The highlighted entry will be executed automatically in 3s.                 [5;78H [05;78H

















   The highlighted entry will be executed automatically in 2s.                [22;1H   The highlighted entry will be executed automatically in 2s.                 [5;78H [05;78H

















   The highlighted entry will be executed automatically in 1s.                [22;1H   The highlighted entry will be executed automatically in 1s.                 [5;78H [05;78H

















   The highlighted entry will be executed automatically in 0s.                [22;1H   The highlighted entry will be executed automatically in 0s.                 [5;78H [01;01H[2J[?25h[H[J[1;1H[H[J[1;1H[2J   Booting `OpenWrt' Booting `OpenWrt

'

[    0.000000] Linux version 6.12.79 (builder@buildhost) (x86_64-openwrt-linux-musl-gcc (OpenWrt GCC 14.3.0 r32866-99a502bbc4) 14.3.0, GNU ld (GNU Binutils) 2.44) #0 SMP Thu Apr 16 19:21:04 2026
[    0.000000] Command line: BOOT_IMAGE=/boot/vmlinuz root=PARTUUID=e4a471d4-02 rootwait console=tty1 console=ttyS0,115200n8 noinitrd
[    0.000000] BIOS-provided physical RAM map:
[    0.000000] BIOS-e820: [mem 0x0000000000000000-0x000000000009fbff] usable
[    0.000000] BIOS-e820: [mem 0x000000000009fc00-0x000000000009ffff] reserved
[    0.000000] BIOS-e820: [mem 0x00000000000f0000-0x00000000000fffff] reserved
[    0.000000] BIOS-e820: [mem 0x0000000000100000-0x0000000007fdcfff] usable
[    0.000000] BIOS-e820: [mem 0x0000000007fdd000-0x0000000007ffffff] reserved
[    0.000000] BIOS-e820: [mem 0x00000000fffc0000-0x00000000ffffffff] reserved
[    0.000000] BIOS-e820: [mem 0x000000fd00000000-0x000000ffffffffff] reserved
[    0.000000] NX (Execute Disable) protection: active
[    0.000000] APIC: Static calls initialized
[    0.000000] SMBIOS 3.0.0 present.
[    0.000000] DMI: QEMU Standard PC (i440FX + PIIX, 1996), BIOS 1.16.3-debian-1.16.3-2 04/01/2014
[    0.000000] DMI: Memory slots populated: 1/1
[    0.000000] tsc: Fast TSC calibration using PIT
[    0.000000] tsc: Detected 2445.434 MHz processor
[    0.007518] last_pfn = 0x7fdd max_arch_pfn = 0x400000000
[    0.008136] MTRR map: 4 entries (3 fixed + 1 variable; max 19), built from 8 variable MTRRs
[    0.008319] x86/PAT: Configuration [0-7]: WB  WC  UC- UC  WB  WP  UC- WT  
[    0.026348] found SMP MP-table at [mem 0x000f5460-0x000f546f]
[    0.027721] Using GB pages for direct mapping
[    0.032383] ACPI: Early table checksum verification disabled
[    0.032717] ACPI: RSDP 0x00000000000F5290 000014 (v00 BOCHS )
[    0.033016] ACPI: RSDT 0x0000000007FE1C64 000034 (v01 BOCHS  BXPC     00000001 BXPC 00000001)
[    0.033548] ACPI: FACP 0x0000000007FE1B18 000074 (v01 BOCHS  BXPC     00000001 BXPC 00000001)
[    0.034125] ACPI: DSDT 0x0000000007FE0040 001AD8 (v01 BOCHS  BXPC     00000001 BXPC 00000001)
[    0.034216] ACPI: FACS 0x0000000007FE0000 000040
[    0.034266] ACPI: APIC 0x0000000007FE1B8C 000078 (v03 BOCHS  BXPC     00000001 BXPC 00000001)
[    0.034287] ACPI: HPET 0x0000000007FE1C04 000038 (v01 BOCHS  BXPC     00000001 BXPC 00000001)
[    0.034304] ACPI: WAET 0x0000000007FE1C3C 000028 (v01 BOCHS  BXPC     00000001 BXPC 00000001)
[    0.034379] ACPI: Reserving FACP table memory at [mem 0x7fe1b18-0x7fe1b8b]
[    0.034429] ACPI: Reserving DSDT table memory at [mem 0x7fe0040-0x7fe1b17]
[    0.034436] ACPI: Reserving FACS table memory at [mem 0x7fe0000-0x7fe003f]
[    0.034441] ACPI: Reserving APIC table memory at [mem 0x7fe1b8c-0x7fe1c03]
[    0.034446] ACPI: Reserving HPET table memory at [mem 0x7fe1c04-0x7fe1c3b]
[    0.034451] ACPI: Reserving WAET table memory at [mem 0x7fe1c3c-0x7fe1c63]
[    0.037555] Zone ranges:
[    0.037584]   DMA      [mem 0x0000000000001000-0x0000000000ffffff]
[    0.037661]   DMA32    [mem 0x0000000001000000-0x0000000007fdcfff]
[    0.037670]   Normal   empty
[    0.037687] Movable zone start for each node
[    0.037718] Early memory node ranges
[    0.037744]   node   0: [mem 0x0000000000001000-0x000000000009efff]
[    0.037797]   node   0: [mem 0x0000000000100000-0x0000000007fdcfff]
[    0.037922] Initmem setup node 0 [mem 0x0000000000001000-0x0000000007fdcfff]
[    0.038955] On node 0, zone DMA: 1 pages in unavailable ranges
[    0.039442] On node 0, zone DMA: 97 pages in unavailable ranges
[    0.041535] On node 0, zone DMA32: 35 pages in unavailable ranges
[    0.041878] ACPI: PM-Timer IO Port: 0x608
[    0.042310] ACPI: LAPIC_NMI (acpi_id[0xff] dfl dfl lint[0x1])
[    0.042717] IOAPIC[0]: apic_id 0, version 32, address 0xfec00000, GSI 0-23
[    0.042834] ACPI: INT_SRC_OVR (bus 0 bus_irq 0 global_irq 2 dfl dfl)
[    0.043094] ACPI: INT_SRC_OVR (bus 0 bus_irq 5 global_irq 5 high level)
[    0.043143] ACPI: INT_SRC_OVR (bus 0 bus_irq 9 global_irq 9 high level)
[    0.043259] ACPI: INT_SRC_OVR (bus 0 bus_irq 10 global_irq 10 high level)
[    0.043270] ACPI: INT_SRC_OVR (bus 0 bus_irq 11 global_irq 11 high level)
[    0.043449] ACPI: Using ACPI (MADT) for SMP configuration information
[    0.043492] ACPI: HPET id: 0x8086a201 base: 0xfed00000
[    0.043873] CPU topo: Max. logical packages:   1
[    0.043888] CPU topo: Max. logical dies:       1
[    0.043898] CPU topo: Max. dies per package:   1
[    0.043943] CPU topo: Max. threads per core:   1
[    0.044092] CPU topo: Num. cores per package:     1
[    0.044107] CPU topo: Num. threads per package:   1
[    0.044116] CPU topo: Allowing 1 present CPUs plus 0 hotplug CPUs
[    0.045313] [mem 0x08000000-0xfffbffff] available for PCI devices
[    0.045380] Booting paravirtualized kernel on bare hardware
[    0.045686] clocksource: refined-jiffies: mask: 0xffffffff max_cycles: 0xffffffff, max_idle_ns: 19112604462750000 ns
[    0.046355] setup_percpu: NR_CPUS:512 nr_cpumask_bits:1 nr_cpu_ids:1 nr_node_ids:1
[    0.048360] percpu: Embedded 48 pages/cpu s158104 r8192 d30312 u2097152
[    0.050661] Kernel command line: BOOT_IMAGE=/boot/vmlinuz root=PARTUUID=e4a471d4-02 rootwait console=tty1 console=ttyS0,115200n8 noinitrd
[    0.052372] random: crng init done
[    0.057027] Dentry cache hash table entries: 16384 (order: 5, 131072 bytes, linear)
[    0.057978] Inode-cache hash table entries: 8192 (order: 4, 65536 bytes, linear)
[    0.060751] Built 1 zonelists, mobility grouping on.  Total pages: 32635
[    0.060972] mem auto-init: stack:off, heap alloc:off, heap free:off
[    0.070700] SLUB: HWalign=64, Order=0-3, MinObjects=0, CPUs=1, Nodes=1
[    0.078602] rcu: Hierarchical RCU implementation.
[    0.078630] rcu: 	RCU restricting CPUs from NR_CPUS=512 to nr_cpu_ids=1.
[    0.078777] 	Tracing variant of Tasks RCU enabled.
[    0.078869] rcu: RCU calculated value of scheduler-enlistment delay is 10 jiffies.
[    0.078899] rcu: Adjusting geometry for rcu_fanout_leaf=16, nr_cpu_ids=1
[    0.080053] RCU Tasks Trace: Setting shift to 0 and lim to 1 rcu_task_cb_adjust=1 rcu_task_cpu_ids=1.
[    0.080201] NR_IRQS: 33024, nr_irqs: 256, preallocated irqs: 16
[    0.088884] rcu: srcu_init: Setting srcu_struct sizes based on contention.
[    0.095800] Console: colour VGA+ 80x25
[    0.096233] printk: legacy console [tty1] enabled
[    0.104063] printk: legacy console [ttyS0] enabled
[    0.357119] ACPI: Core revision 20240827
[    0.362227] clocksource: hpet: mask: 0xffffffff max_cycles: 0xffffffff, max_idle_ns: 19112604467 ns
[    0.366777] APIC: Switch to symmetric I/O mode setup
[    0.371442] ..TIMER: vector=0x30 apic1=0 pin1=2 apic2=-1 pin2=-1
[    0.413953] clocksource: tsc-early: mask: 0xffffffffffffffff max_cycles: 0x233fdf4f8c5, max_idle_ns: 440795226840 ns
[    0.414609] Calibrating delay loop (skipped), value calculated using timer frequency.. 4890.86 BogoMIPS (lpj=24454340)
[    0.416562] x86/cpu: User Mode Instruction Prevention (UMIP) activated
[    0.431951] Last level iTLB entries: 4KB 0, 2MB 0, 4MB 0
[    0.434522] Last level dTLB entries: 4KB 0, 2MB 0, 4MB 0, 1GB 0
[    0.435574] Spectre V1 : Mitigation: usercopy/swapgs barriers and __user pointer sanitization
[    0.436615] Spectre V2 : Mitigation: Retpolines
[    0.436843] Spectre V2 : Spectre v2 / SpectreRSB: Filling RSB on context switch and VMEXIT
[    0.437296] Speculative Store Bypass: Vulnerable
[    0.446566] x86/fpu: Supporting XSAVE feature 0x001: 'x87 floating point registers'
[    0.451173] x86/fpu: Supporting XSAVE feature 0x002: 'SSE registers'
[    0.451435] x86/fpu: Supporting XSAVE feature 0x004: 'AVX registers'
[    0.451660] x86/fpu: Supporting XSAVE feature 0x008: 'MPX bounds registers'
[    0.455497] x86/fpu: Supporting XSAVE feature 0x010: 'MPX CSR'
[    0.455900] x86/fpu: xstate_offset[2]:  576, xstate_sizes[2]:  256
[    0.456253] x86/fpu: xstate_offset[3]:  960, xstate_sizes[3]:   64
[    0.456491] x86/fpu: xstate_offset[4]: 1024, xstate_sizes[4]:   64
[    0.464534] x86/fpu: Enabled xstate features 0x1f, context size is 1088 bytes, using 'standard' format.
[    0.692575] Freeing SMP alternatives memory: 40K
[    0.693293] pid_max: default: 32768 minimum: 301
[    0.702925] Mount-cache hash table entries: 512 (order: 0, 4096 bytes, linear)
[    0.703451] Mountpoint-cache hash table entries: 512 (order: 0, 4096 bytes, linear)
[    0.854492] smpboot: CPU0: AMD QEMU TCG CPU version 2.5+ (family: 0x6, model: 0x6, stepping: 0x3)
[    0.878687] Performance Events: PMU not available due to virtualization, using software events only.
[    0.880073] signal: max sigframe size: 1616
[    0.881611] rcu: Hierarchical SRCU implementation.
[    0.881829] rcu: 	Max phase no-delay instances is 1000.
[    0.888093] smp: Bringing up secondary CPUs ...
[    0.891449] smp: Brought up 1 node, 1 CPU
[    0.891728] smpboot: Total of 1 processors activated (4890.86 BogoMIPS)
[    0.898222] Memory: 103208K/130540K available (14336K kernel code, 1177K rwdata, 2556K rodata, 1492K init, 1304K bss, 25620K reserved, 0K cma-reserved)
[    0.911963] clocksource: jiffies: mask: 0xffffffff max_cycles: 0xffffffff, max_idle_ns: 19112604462750000 ns
[    0.912762] futex hash table entries: 256 (order: 2, 16384 bytes, linear)
[    0.914180] pinctrl core: initialized pinctrl subsystem
[    0.933258] NET: Registered PF_NETLINK/PF_ROUTE protocol family
[    0.939492] thermal_sys: Registered thermal governor 'step_wise'
[    0.939528] thermal_sys: Registered thermal governor 'user_space'
[    0.940500] cpuidle: using governor ladder
[    0.942150] acpiphp: ACPI Hot Plug PCI Controller Driver version: 0.5
[    0.946746] PCI: Using configuration type 1 for base access
[    0.955656] cryptd: max_cpu_qlen set to 1000
[    0.961529] ACPI: Added _OSI(Module Device)
[    0.961726] ACPI: Added _OSI(Processor Device)
[    0.961895] ACPI: Added _OSI(Processor Aggregator Device)
[    0.976027] ACPI: 1 ACPI AML tables successfully acquired and loaded
[    0.992847] ACPI: Interpreter enabled
[    0.993640] ACPI: PM: (supports S0 S5)
[    0.993838] ACPI: Using IOAPIC for interrupt routing
[    0.994397] PCI: Using host bridge windows from ACPI; if necessary, use "pci=nocrs" and report a bug
[    0.994793] PCI: Using E820 reservations for host bridge windows
[    1.005179] ACPI: Enabled 2 GPEs in block 00 to 0F
[    1.036773] ACPI: PCI Root Bridge [PCI0] (domain 0000 [bus 00-ff])
[    1.037679] acpi PNP0A03:00: _OSC: OS supports [ASPM ClockPM Segments MSI HPX-Type3]
[    1.038137] acpi PNP0A03:00: _OSC: not requesting OS control; OS requires [ExtendedConfig ASPM ClockPM MSI]
[    1.039000] acpi PNP0A03:00: fail to add MMCONFIG information, can't access extended configuration space under this bridge
[    1.048893] acpiphp: Slot [3] registered
[    1.049208] acpiphp: Slot [4] registered
[    1.049459] acpiphp: Slot [5] registered
[    1.049723] acpiphp: Slot [6] registered
[    1.054830] acpiphp: Slot [7] registered
[    1.055220] acpiphp: Slot [8] registered
[    1.056793] acpiphp: Slot [9] registered
[    1.057057] acpiphp: Slot [10] registered
[    1.057306] acpiphp: Slot [11] registered
[    1.057546] acpiphp: Slot [12] registered
[    1.064815] acpiphp: Slot [13] registered
[    1.065277] acpiphp: Slot [14] registered
[    1.065574] acpiphp: Slot [15] registered
[    1.065816] acpiphp: Slot [16] registered
[    1.066056] acpiphp: Slot [17] registered
[    1.066346] acpiphp: Slot [18] registered
[    1.074826] acpiphp: Slot [19] registered
[    1.075306] acpiphp: Slot [20] registered
[    1.075627] acpiphp: Slot [21] registered
[    1.075875] acpiphp: Slot [22] registered
[    1.076159] acpiphp: Slot [23] registered
[    1.076400] acpiphp: Slot [24] registered
[    1.076639] acpiphp: Slot [25] registered
[    1.084854] acpiphp: Slot [26] registered
[    1.085238] acpiphp: Slot [27] registered
[    1.085508] acpiphp: Slot [28] registered
[    1.085803] acpiphp: Slot [29] registered
[    1.086053] acpiphp: Slot [30] registered
[    1.086295] acpiphp: Slot [31] registered
[    1.095039] PCI host bridge to bus 0000:00
[    1.095603] pci_bus 0000:00: root bus resource [io  0x0000-0x0cf7 window]
[    1.104591] pci_bus 0000:00: root bus resource [io  0x0d00-0xffff window]
[    1.104828] pci_bus 0000:00: root bus resource [mem 0x000a0000-0x000bffff window]
[    1.114510] pci_bus 0000:00: root bus resource [mem 0x08000000-0xfebfffff window]
[    1.114888] pci_bus 0000:00: root bus resource [mem 0x100000000-0x17fffffff window]
[    1.115355] pci_bus 0000:00: root bus resource [bus 00-ff]
[    1.116736] pci 0000:00:00.0: [8086:1237] type 00 class 0x060000 conventional PCI endpoint
[    1.128417] pci 0000:00:01.0: [8086:7000] type 00 class 0x060100 conventional PCI endpoint
[    1.129327] pci 0000:00:01.1: [8086:7010] type 00 class 0x010180 conventional PCI endpoint
[    1.132086] pci 0000:00:01.1: BAR 4 [io  0xc0e0-0xc0ef]
[    1.135808] pci 0000:00:01.1: BAR 0 [io  0x01f0-0x01f7]: legacy IDE quirk
[    1.136098] pci 0000:00:01.1: BAR 1 [io  0x03f6]: legacy IDE quirk
[    1.136373] pci 0000:00:01.1: BAR 2 [io  0x0170-0x0177]: legacy IDE quirk
[    1.136626] pci 0000:00:01.1: BAR 3 [io  0x0376]: legacy IDE quirk
[    1.145487] pci 0000:00:01.3: [8086:7113] type 00 class 0x068000 conventional PCI endpoint
[    1.146140] pci 0000:00:01.3: quirk: [io  0x0600-0x063f] claimed by PIIX4 ACPI
[    1.146439] pci 0000:00:01.3: quirk: [io  0x0700-0x070f] claimed by PIIX4 SMB
[    1.155409] pci 0000:00:02.0: [1234:1111] type 00 class 0x030000 conventional PCI endpoint
[    1.156188] pci 0000:00:02.0: BAR 0 [mem 0xfd000000-0xfdffffff pref]
[    1.157711] pci 0000:00:02.0: BAR 2 [mem 0xfeb90000-0xfeb90fff]
[    1.160149] pci 0000:00:02.0: ROM [mem 0xfeb80000-0xfeb8ffff pref]
[    1.164913] pci 0000:00:02.0: Video device with shadowed ROM at [mem 0x000c0000-0x000dffff]
[    1.166005] pci 0000:00:03.0: [1af4:1000] type 00 class 0x020000 conventional PCI endpoint
[    1.167298] pci 0000:00:03.0: BAR 0 [io  0xc080-0xc09f]
[    1.176618] pci 0000:00:03.0: BAR 4 [mem 0xfe000000-0xfe003fff 64bit pref]
[    1.177982] pci 0000:00:03.0: ROM [mem 0xfea80000-0xfeafffff pref]
[    1.188595] pci 0000:00:04.0: [1af4:1005] type 00 class 0x00ff00 conventional PCI endpoint
[    1.189487] pci 0000:00:04.0: BAR 0 [io  0xc0a0-0xc0bf]
[    1.191930] pci 0000:00:04.0: BAR 1 [mem 0xfeb91000-0xfeb91fff]
[    1.194799] pci 0000:00:04.0: BAR 4 [mem 0xfe004000-0xfe007fff 64bit pref]
[    1.199001] pci 0000:00:05.0: [1af4:1000] type 00 class 0x020000 conventional PCI endpoint
[    1.202836] pci 0000:00:05.0: BAR 0 [io  0xc0c0-0xc0df]
[    1.204200] pci 0000:00:05.0: BAR 1 [mem 0xfeb92000-0xfeb92fff]
[    1.206140] pci 0000:00:05.0: BAR 4 [mem 0xfe008000-0xfe00bfff 64bit pref]
[    1.206869] pci 0000:00:05.0: ROM [mem 0xfeb00000-0xfeb7ffff pref]
[    1.210434] pci 0000:00:06.0: [1af4:1001] type 00 class 0x010000 conventional PCI endpoint
[    1.213747] pci 0000:00:06.0: BAR 0 [io  0xc000-0xc07f]
[    1.215267] pci 0000:00:06.0: BAR 1 [mem 0xfeb93000-0xfeb93fff]
[    1.217579] pci 0000:00:06.0: BAR 4 [mem 0xfe00c000-0xfe00ffff 64bit pref]
[    1.231627] ACPI: PCI: Interrupt link LNKA configured for IRQ 10
[    1.232467] ACPI: PCI: Interrupt link LNKB configured for IRQ 10
[    1.233068] ACPI: PCI: Interrupt link LNKC configured for IRQ 11
[    1.233684] ACPI: PCI: Interrupt link LNKD configured for IRQ 11
[    1.234945] ACPI: PCI: Interrupt link LNKS configured for IRQ 9
[    1.238351] iommu: Default domain type: Translated
[    1.238586] iommu: DMA domain TLB invalidation policy: lazy mode
[    1.241152] SCSI subsystem initialized
[    1.242669] ACPI: bus type USB registered
[    1.245164] usbcore: registered new interface driver usbfs
[    1.245688] usbcore: registered new interface driver hub
[    1.246035] usbcore: registered new device driver usb
[    1.246590] pps_core: LinuxPPS API ver. 1 registered
[    1.246785] pps_core: Software ver. 5.3.6 - Copyright 2005-2007 Rodolfo Giometti <giometti@linux.it>
[    1.254816] PTP clock support registered
[    1.268704] PCI: Using ACPI for IRQ routing
[    1.270894] hpet0: at MMIO 0xfed00000, IRQs 2, 8, 0
[    1.271192] hpet0: 3 comparators, 64-bit 100.000000 MHz counter
[    1.275759] clocksource: Switched to clocksource tsc-early
[    1.278375] pnp: PnP ACPI init
[    1.282442] pnp: PnP ACPI: found 6 devices
[    1.295259] clocksource: acpi_pm: mask: 0xffffff max_cycles: 0xffffff, max_idle_ns: 2085701024 ns
[    1.296579] NET: Registered PF_INET protocol family
[    1.297832] IP idents hash table entries: 2048 (order: 2, 16384 bytes, linear)
[    1.304326] tcp_listen_portaddr_hash hash table entries: 256 (order: 0, 4096 bytes, linear)
[    1.306104] Table-perturb hash table entries: 65536 (order: 6, 262144 bytes, linear)
[    1.306518] TCP established hash table entries: 1024 (order: 1, 8192 bytes, linear)
[    1.306946] TCP bind hash table entries: 1024 (order: 3, 32768 bytes, linear)
[    1.316810] TCP: Hash tables configured (established 1024 bind 1024)
[    1.318710] MPTCP token hash table entries: 256 (order: 1, 6144 bytes, linear)
[    1.319235] UDP hash table entries: 256 (order: 1, 8192 bytes, linear)
[    1.319660] UDP-Lite hash table entries: 256 (order: 1, 8192 bytes, linear)
[    1.329181] NET: Registered PF_UNIX/PF_LOCAL protocol family
[    1.330347] pci_bus 0000:00: resource 4 [io  0x0000-0x0cf7 window]
[    1.330577] pci_bus 0000:00: resource 5 [io  0x0d00-0xffff window]
[    1.330786] pci_bus 0000:00: resource 6 [mem 0x000a0000-0x000bffff window]
[    1.338660] pci_bus 0000:00: resource 7 [mem 0x08000000-0xfebfffff window]
[    1.339061] pci_bus 0000:00: resource 8 [mem 0x100000000-0x17fffffff window]
[    1.339774] pci 0000:00:01.0: PIIX3: Enabling Passive Release
[    1.340092] pci 0000:00:00.0: Limiting direct PCI/PCI transfers
[    1.349853] PCI: CLS 0 bytes, default 64
[    1.368986] workingset: timestamp_bits=46 max_order=15 bucket_order=0
[    1.371455] squashfs: version 4.0 (2009/01/31) Phillip Lougher
[    1.374433] Block layer SCSI generic (bsg) driver version 0.4 loaded (major 247)
[    1.378109] hv_vmbus: registering driver hyperv_fb
[    1.382728] input: Power Button as /devices/LNXSYSTM:00/LNXPWRBN:00/input/input0
[    1.390922] ACPI: button: Power Button [PWRF]
[    1.548359] ACPI: \_SB_.LNKC: Enabled at IRQ 11
[    1.697097] ACPI: \_SB_.LNKD: Enabled at IRQ 10
[    1.843611] ACPI: \_SB_.LNKA: Enabled at IRQ 10
[    1.990070] ACPI: \_SB_.LNKB: Enabled at IRQ 11
[    1.991649] Serial: 8250/16550 driver, 16 ports, IRQ sharing enabled
[    2.016938] 00:04: ttyS0 at I/O 0x3f8 (irq = 4, base_baud = 115200) is a 16550A
[    2.042406] Non-volatile memory driver v1.3
[    2.053212] Linux agpgart interface v0.103
[    2.054195] ACPI: bus type drm_connector registered
[    2.057225] [drm] Found bochs VGA, ID 0xb0c5.
[    2.057432] [drm] Framebuffer size 16384 kB @ 0xfd000000, mmio @ 0xfeb90000.
[    2.063080] [drm] Found EDID data blob.
[    2.068759] [drm] Initialized bochs-drm 1.0.0 for 0000:00:02.0 on minor 0
[    2.136717] Console: switching to colour frame buffer device 160x50
[    2.145742] bochs-drm 0000:00:02.0: [drm] fb0: bochs-drmdrmfb frame buffer device
[    2.163850] loop: module loaded
[    2.164477] virtio_blk virtio3: 1/0/0 default/read/poll queues
[    2.185346] virtio_blk virtio3: [vda] 246784 512-byte logical blocks (126 MB/121 MiB)
[    2.194477]  vda: vda1 vda2
[    2.196743] Guest personality initialized and is inactive
[    2.197353] VMCI host device registered (name=vmci, major=10, minor=256)
[    2.197612] Initialized host personality
[    2.197958] usbcore: registered new interface driver rtsx_usb
[    2.198966] VMware PVSCSI driver - version 1.0.7.0-k
[    2.207494] hv_vmbus: registering driver hv_storvsc
[    2.223167] scsi host0: ata_piix
[    2.225741] scsi host1: ata_piix
[    2.226592] ata1: PATA max MWDMA2 cmd 0x1f0 ctl 0x3f6 bmdma 0xc0e0 irq 14 lpm-pol 0
[    2.226909] ata2: PATA max MWDMA2 cmd 0x170 ctl 0x376 bmdma 0xc0e8 irq 15 lpm-pol 0
[    2.236930] VMware vmxnet3 virtual NIC driver - version 1.9.0.0-k-NAPI
[    2.237501] hv_vmbus: registering driver hv_netvsc
[    2.237873] Fusion MPT base driver 3.04.20
[    2.238054] Copyright (c) 1999-2008 LSI Corporation
[    2.238436] Fusion MPT SPI Host driver 3.04.20
[    2.247766] Fusion MPT SAS Host driver 3.04.20
[    2.249796] usbcore: registered new interface driver usb-storage
[    2.251036] i8042: PNP: PS/2 Controller [PNP0303:KBD,PNP0f13:MOU] at 0x60,0x64 irq 1,12
[    2.254257] serio: i8042 KBD port at 0x60,0x64 irq 1
[    2.254634] serio: i8042 AUX port at 0x60,0x64 irq 12
[    2.261443] hv_vmbus: registering driver hyperv_keyboard
[    2.263811] rtc_cmos 00:05: RTC can wake from S4
[    2.268912] rtc_cmos 00:05: registered as rtc0
[    2.271571] rtc_cmos 00:05: setting system clock to 2026-04-20T03:41:08 UTC (1776656468)
[    2.273963] rtc_cmos 00:05: alarms up to one day, y3k, 242 bytes nvram, hpet irqs
[    2.276663] intel_powerclamp: CPU does not support MWAIT
[    2.278851] amd_pstate: the _CPC object is not present in SBIOS or ACPI disabled
[    2.284650] sdhci: Secure Digital Host Controller Interface driver
[    2.286721] sdhci: Copyright(c) Pierre Ossman
[    2.289045] VUB300 Driver rom wait states = 1C irqpoll timeout = 0400
[    2.295294] input: AT Translated Set 2 keyboard as /devices/platform/i8042/serio0/input/input1
[    2.318333] usbcore: registered new interface driver vub300
[    2.320506] usbcore: registered new interface driver ushc
[    2.328235] hid: raw HID events driver (C) Jiri Kosina
[    2.330761] hv_vmbus: registering driver hid_hyperv
[    2.333427] usbcore: registered new interface driver usbhid
[    2.335552] usbhid: USB HID core driver
[    2.337645] hv_utils: Registering HyperV Utility Driver
[    2.339624] hv_vmbus: registering driver hv_utils
[    2.341726] hv_vmbus: registering driver hv_balloon
[    2.345135] NET: Registered PF_INET6 protocol family
[    2.357055] tsc: Refined TSC clocksource calibration: 2445.449 MHz
[    2.359409] clocksource: tsc: mask: 0xffffffffffffffff max_cycles: 0x233fed917ea, max_idle_ns: 440795276268 ns
[    2.361703] clocksource: Switched to clocksource tsc
[    2.370316] Segment Routing with IPv6
[    2.372422] In-situ OAM (IOAM) with IPv6
[    2.374791] NET: Registered PF_PACKET protocol family
[    2.377429] bridge: filtering via arp/ip/ip6tables is no longer available by default. Update your scripts to load br_netfilter if you need this.
[    2.386730] 8021q: 802.1Q VLAN Support v1.8
[    2.389277] NET: Registered PF_VSOCK protocol family
[    2.397835] IPI shorthand broadcast: enabled
[    2.404274] AES CTR mode by8 optimization enabled
[    2.424822] sched_clock: Marking stable (2150090600, 264960270)->(2425234190, -10183320)
[    2.465855] ata2: found unknown device (class 0)
[    2.508378] ata2.00: ATAPI: QEMU DVD-ROM, 2.5+, max UDMA/100
[    2.527755] scsi 1:0:0:0: CD-ROM            QEMU     QEMU DVD-ROM     2.5+ PQ: 0 ANSI: 5
[    2.538409] clk: Disabling unused clocks
[    2.586782] sr 1:0:0:0: [sr0] scsi3-mmc drive: 4x/4x cd/rw xa/form2 tray
[    2.589250] cdrom: Uniform CD-ROM driver Revision: 3.20
[    2.637631] VFS: Mounted root (squashfs filesystem) readonly on device 254:2.
[    2.706422] Freeing unused kernel image (initmem) memory: 1492K
[    2.708792] Write protecting the kernel read-only data: 18432k
[    2.712945] Freeing unused kernel image (rodata/data gap) memory: 1540K
[    2.715544] Run /sbin/init as init process
[    3.001189] init: Console is alive
[    3.625530] kmodloader: loading kernel modules from /etc/modules-boot.d/*
[    3.690291] button_hotplug: loading out-of-tree module taints kernel.
[    3.696973] Button Hotplug driver version 0.4.1
[    3.716898] Intel(R) 2.5G Ethernet Linux Driver
[    3.719258] Copyright(c) 2018 Intel Corporation.
[    3.734242] igb: Intel(R) Gigabit Ethernet Network Driver
[    3.736779] igb: Copyright (c) 2007-2014 Intel Corporation.
[    3.752624] e1000e: Intel(R) PRO/1000 Network Driver
[    3.755152] e1000e: Copyright(c) 1999 - 2015 Intel Corporation.
[    3.767086] kmodloader: done loading kernel modules from /etc/modules-boot.d/*
[    3.782878] init: - preinit -
[    4.754622] 8021q: adding VLAN 0 to HW filter on device eth0
Press the [f] key and hit [enter] to enter failsafe mode
Press the [1], [2], [3] or [4] key and hit [enter] to select the debug level

[    9.366803] loop0: detected capacity change from 0 to 212992
[    9.425409] loop0: detected capacity change from 212992 to 199808
[    9.437675] mount_root: overlay filesystem in /dev/loop0 has not been formatted yet
[    9.754129] EXT4-fs (loop0): mounted filesystem a6fcf02c-b507-4e0f-84eb-d8177c896cf7 r/w with ordered data mode. Quota mode: disabled.
[    9.769003] mount_root: overlay filesystem has not been fully initialized yet
[    9.787117] mount_root: switching to ext4 overlay
[    9.807678] overlayfs: null uuid detected in lower fs '/', falling back to xino=off,index=off,nfs_export=off.
[   10.528960] EXT4-fs (vda1): mounted filesystem 84173db5-fa99-e35a-95c6-28613cc79ea9 r/w without journal. Quota mode: disabled.
[   10.552616] urandom-seed: Seed file not found (/etc/urandom.seed)
[   10.693672] procd: - early -
[   11.434390] procd: - ubus -
[   11.615416] procd: - init -
Please press Enter to activate this console.
root
login[1048]: root login on 'ttyS0'


BusyBox v1.37.0 (2026-04-16 19:21:04 UTC) built-in shell (ash)

  _______                     ________        __
 |       |.-----.-----.-----.|  |  |  |.----.|  |_
 |   -   ||  _  |  -__|     ||  |  |  ||   _||   _|
 |_______||   __|_____|__|__||________||__|  |____|
          |__| W I R E L E S S   F R E E D O M
 -----------------------------------------------------
 OpenWrt 25.12-SNAPSHOT, r32866-99a502bbc4 Dave's Guitar
 -----------------------------------------------------

 === WARNING! =====================================
 There is no root password defined on this device!
 Use the "passwd" command to set up a new password
 in order to prevent unauthorized SSH logins.
 --------------------------------------------------

  ___   __ __                _______             __
 |   |_|__|  |--.----.-----.|   |   |-----.-----|  |--.
 |     |  |  _  |   _|  -__||       |  -__|__ --|     |
 |_____|__|_____|__| |_____||__|_|__|_____|_____|__|__|

 ------------------------------------------------------
 LiMe master development (master rev. aebe482 20260416_0843)
 ------------------------------------------------------
 https://libremesh.org
 ------------------------------------------------------

 OpenWrt recently switched to the "apk" package manager!

 OPKG Command           APK Equivalent      Description
 ------------------------------------------------------------------
 opkg install <pkg>     apk add <pkg>       Install a package
 opkg remove <pkg>      apk del <pkg>       Remove a package
 opkg upgrade           apk upgrade         Upgrade all packages
 opkg files <pkg>       apk info -L <pkg>   List package contents
 opkg list-installed    apk info            List installed packages
 opkg update            apk update          Update package lists
 opkg search <pkg>      apk search <pkg>    Search for packages
 ------------------------------------------------------------------

For more information visit:
https://openwrt.org/docs/guide-user/additional-software/opkg-to-apk-cheatsheet

root@(none):~# dmesg -n 1
root@(none):~# echo 'MFBH''XUOXTM'
MFBHXUOXTM
root@LiMe-123456:~# run() { echo -n "$MARKER"; sh -c "$@"; echo "$MARKER $?"; }
root@LiMe-123456:~# echo 'UCBP''PBEEZO'
UCBPPBEEZO
root@LiMe-123456:~# MARKER='VYJP''WCOTAO' run 'ubus wait_for network.interface.l
an'
VYJPWCOTAOVYJPWCOTAO 0
root@LiMe-123456:~# echo 'JQCQ''KYXGPA'
JQCQKYXGPA
root@LiMe-123456:~# MARKER='HUPJ''SNKUSO' run 'ubus call network.interface.lan s
tatus '"'"'{}'"'"''
HUPJSNKUSO{
	"up": true,
	"pending": false,
	"available": true,
	"autostart": true,
	"dynamic": false,
	"uptime": 1,
	"l3_device": "br-lan",
	"proto": "static",
	"device": "br-lan",
	"updated": [
		"addresses"
	],
	"metric": 0,
	"dns_metric": 0,
	"delegation": true,
	"ipv4-address": [
		{
			"address": "10.13.52.86",
			"mask": 16
		}
	],
	"ipv6-address": [
		{
			"address": "fd0d:fe46:8ce8::12:3456",
			"mask": 64
		}
	],
	"ipv6-prefix": [
		
	],
	"ipv6-prefix-assignment": [
		
	],
	"route": [
		
	],
	"dns-server": [
		
	],
	"dns-search": [
		
	],
	"neighbors": [
		
	],
	"inactive": {
		"ipv4-address": [
			
		],
		"ipv6-address": [
			
		],
		"route": [
			
		],
		"dns-server": [
			
		],
		"dns-search": [
			
		],
		"neighbors": [
			
		]
	},
	"data": {
		
	}
}
HUPJSNKUSO 0
root@LiMe-123456:~# echo 'JJCV''XQAMHT'
JJCVXQAMHT
root@LiMe-123456:~# MARKER='FHFW''VEKFKT' run true
FHFWVEKFKTFHFWVEKFKT 0
root@LiMe-123456:~# echo 'WFZX''SHHJGE'
WFZXSHHJGE
root@LiMe-123456:~# MARKER='QNBL''WSGXLU' run 'source /etc/os-release; echo $BUI
LD_ID'
QNBLWSGXLUr32866-99a502bbc4
QNBLWSGXLU 0
root@LiMe-123456:~# echo 'UTOJ''LSKTZU'
UTOJLSKTZU
root@LiMe-123456:~# MARKER='QHZF''VWEYSY' run 'ls /etc/dropbear/dropbear_rsa_hos
t_key'
QHZFVWEYSY[0;0m/etc/dropbear/dropbear_rsa_host_key[m
QHZFVWEYSY 0
root@LiMe-123456:~# echo 'KHMQ''NHBTFA'
KHMQNHBTFA
root@LiMe-123456:~# MARKER='SAWT''GCHCBO' run 'netstat -tlpn | grep 0.0.0.0:22'
SAWTGCHCBOtcp        0      0 0.0.0.0:22              0.0.0.0:*               LISTEN      2097/dropbear
SAWTGCHCBO 0
root@LiMe-123456:~# echo 'PCWN''YBFFGM'
PCWNYBFFGM
root@LiMe-123456:~# MARKER='WWEP''GTGZTU' run 'dmesg | grep br-lan | grep forwar
ding'
WWEPGTGZTU[   42.525613] br-lan: port 1(eth0) entered forwarding state
[   47.157089] br-lan: port 2(bat0) entered forwarding state
WWEPGTGZTU 0
root@LiMe-123456:~# echo 'AUBE''HMXLHA'
AUBEHMXLHA
root@LiMe-123456:~# MARKER='ZTQF''FQLXTA' run 'ubus call network.interface.lan s
tatus '"'"'{}'"'"''
ZTQFFQLXTA{
	"up": true,
	"pending": false,
	"available": true,
	"autostart": true,
	"dynamic": false,
	"uptime": 40,
	"l3_device": "br-lan",
	"proto": "static",
	"device": "br-lan",
	"updated": [
		"addresses"
	],
	"metric": 0,
	"dns_metric": 0,
	"delegation": true,
	"ipv4-address": [
		{
			"address": "10.13.52.86",
			"mask": 16
		}
	],
	"ipv6-address": [
		{
			"address": "fd0d:fe46:8ce8::12:3456",
			"mask": 64
		}
	],
	"ipv6-prefix": [
		
	],
	"ipv6-prefix-assignment": [
		
	],
	"route": [
		
	],
	"dns-server": [
		
	],
	"dns-search": [
		
	],
	"neighbors": [
		
	],
	"inactive": {
		"ipv4-address": [
			
		],
		"ipv6-address": [
			
		],
		"route": [
			
		],
		"dns-server": [
			
		],
		"dns-search": [
			
		],
		"neighbors": [
			
		]
	},
	"data": {
		
	}
}
ZTQFFQLXTA 0
root@LiMe-123456:~# 