Labgrid Console Logfile for main
Logfile started at 2026-04-12 03:35:05.070368
=== Log starts here ===
c[?7l[2J[0mSeaBIOS (version 1.16.3-debian-1.16.3-2)


iPXE (https://ipxe.org) 00:03.0 CA00 PCI2.10 PnP PMM+06FCAE70+06F0AE70 CA00
Press Ctrl-B to configure iPXE (PCI 00:03.0)...                                                                               




iPXE (https://ipxe.org) 00:05.0 CB00 PCI2.10 PnP PMM 06FCAE70 06F0AE70 CB00
Press Ctrl-B to configure iPXE (PCI 00:05.0)...                                                                               


Booting from Hard Disk...
GRUB loading.....
[0;30;47mWelcome to GRUB![01;01H[0m[2J[H[J[1;1H[?25l[m[H[J[1;1H[2;30HGNU GRUB  version 2.12

[m[4;2H+----------------------------------------------------------------------------+[5;2H|[5;79H|[6;2H|[6;79H|[7;2H|[7;79H|[8;2H|[8;79H|[9;2H|[9;79H|[10;2H|[10;79H|[11;2H|[11;79H|[12;2H|[12;79H|[13;2H|[13;79H|[14;2H|[14;79H|[15;2H|[15;79H|[16;2H+----------------------------------------------------------------------------+[m[17;2H[18;2H[m     Use the ^ and v keys to select which entry is highlighted.          
      Press enter to boot the selected OS, `e' to edit the commands       
      before booting or `c' for a command-line. ESC to return             
      previous menu.                                                      [5;80H [7m[5;3H*OpenWrt                                                                    [m[5;78H[m[m[6;3H OpenWrt (failsafe)                                                         [m[6;78H[m[m[7;3H                                                                            [m[7;78H[m[m[8;3H                                                                            [m[8;78H[m[m[9;3H                                                                            [m[9;78H[m[m[10;3H                                                                            [m[10;78H[m[m[11;3H                                                                            [m[11;78H[m[m[12;3H                                                                            [m[12;78H[m[m[13;3H                                                                            [m[13;78H[m[m[14;3H                                                                            [m[14;78H[m[m[15;3H                                                                            [m[15;78H[m[15;80H [5;78H[2J[02;30HGNU GRUB  version 2.12[04;02H┌────────────────────────────────────────────────────────────────────────────┐[05;02H│[05;79H│[06;02H│[06;79H│[07;02H│[07;79H│[08;02H│[08;79H│[09;02H│[09;79H│[10;02H│[10;79H│[11;02H│[11;79H│[12;02H│[12;79H│[13;02H│[13;79H│[14;02H│[14;79H│[15;02H│[15;79H│[16;02H│[16;79H│[17;02H└────────────────────────────────────────────────────────────────────────────┘[19;02H     Use the ↑ and ↓ keys to select which entry is highlighted.          
      Press enter to boot the selected OS, `e' to edit the commands       
      before booting or `c' for a command-line. ESC to return             
      previous menu.                                                      [05;80H [05;03H[0;30;47m*OpenWrt                                                                    [05;78H[06;03H[0m OpenWrt (failsafe)                                                         [07;03H                                                                            [08;03H                                                                            [09;03H                                                                            [10;03H                      [10;24H[10;25H                                                      [11;03H                                                                            [12;03H                                  [12;36H[12;37H                                          [13;03H                                                                            [14;03H                                                                            [15;03H                                                                            [16;03H                                                                            [16;80H 






   The highlighted entry will be executed automatically in 5s.                [22;1H   The highlighted entry will be executed automatically in 5s.                 [5;78H [05;78H

















   The highlighted entry will be executed automatically in 4s.                [22;1H   The highlighted entry will be executed automatically in 4s.                 [5;78H [05;78H

















   The highlighted entry will be executed automatically in 3s.          [23;72H[23;73H      [22;1H   The highlighted entry will be executed automatically in 3s.                 [5;78H [05;78H

















   The highlighted entry will be executed automatically in 2s.                [22;1H   The highlighted entry will be executed automatically in 2s.                 [5;78H [05;78H

















   The highlighted entry will be executed automatically in 1s.                [22;1H   The highlighted entry will be executed automatically in 1s.                 [5;78H [05;78H

















   The highlighted entry will be executed automatically in 0s.                [22;1H   The highlighted entry will be executed automatically in 0s.                 [5;78H [01;01H[2J[?25h[H[J[1;1H[H[J[1;1H[2J   Booting `OpenWrt' Booting `OpenWrt

'

[    0.000000] Linux version 6.12.79 (builder@buildhost) (x86_64-openwrt-linux-musl-gcc (OpenWrt GCC 14.3.0 r32848-1f535037b1) 14.3.0, GNU ld (GNU Binutils) 2.44) #0 SMP Fri Apr 10 16:30:34 2026
[    0.000000] Command line: BOOT_IMAGE=/boot/vmlinuz root=PARTUUID=4ed483a0-02 rootwait console=tty1 console=ttyS0,115200n8 noinitrd
[    0.000000] BIOS-provided physical RAM map:
[    0.000000] BIOS-e820: [mem 0x0000000000000000-0x000000000009fbff] usable
[    0.000000] BIOS-e820: [mem 0x000000000009fc00-0x000000000009ffff] reserved
[    0.000000] BIOS-e820: [mem 0x00000000000f0000-0x00000000000fffff] reserved
[    0.000000] BIOS-e820: [mem 0x0000000000100000-0x0000000007fdcfff] usable
[    0.000000] BIOS-e820: [mem 0x0000000007fdd000-0x0000000007ffffff] reserved
[    0.000000] BIOS-e820: [mem 0x00000000fffc0000-0x00000000ffffffff] reserved
[    0.000000] BIOS-e820: [mem 0x000000fd00000000-0x000000ffffffffff] reserved
[    0.000000] NX (Execute Disable) protection: active
[    0.000000] APIC: Static calls initialized
[    0.000000] SMBIOS 3.0.0 present.
[    0.000000] DMI: QEMU Standard PC (i440FX + PIIX, 1996), BIOS 1.16.3-debian-1.16.3-2 04/01/2014
[    0.000000] DMI: Memory slots populated: 1/1
[    0.000000] tsc: Fast TSC calibration using PIT
[    0.000000] tsc: Detected 2596.146 MHz processor
[    0.007618] last_pfn = 0x7fdd max_arch_pfn = 0x400000000
[    0.008262] MTRR map: 4 entries (3 fixed + 1 variable; max 19), built from 8 variable MTRRs
[    0.008425] x86/PAT: Configuration [0-7]: WB  WC  UC- UC  WB  WP  UC- WT  
[    0.026382] found SMP MP-table at [mem 0x000f5460-0x000f546f]
[    0.027754] Using GB pages for direct mapping
[    0.032374] ACPI: Early table checksum verification disabled
[    0.032716] ACPI: RSDP 0x00000000000F5290 000014 (v00 BOCHS )
[    0.033036] ACPI: RSDT 0x0000000007FE1C64 000034 (v01 BOCHS  BXPC     00000001 BXPC 00000001)
[    0.033533] ACPI: FACP 0x0000000007FE1B18 000074 (v01 BOCHS  BXPC     00000001 BXPC 00000001)
[    0.034127] ACPI: DSDT 0x0000000007FE0040 001AD8 (v01 BOCHS  BXPC     00000001 BXPC 00000001)
[    0.034200] ACPI: FACS 0x0000000007FE0000 000040
[    0.034249] ACPI: APIC 0x0000000007FE1B8C 000078 (v03 BOCHS  BXPC     00000001 BXPC 00000001)
[    0.034268] ACPI: HPET 0x0000000007FE1C04 000038 (v01 BOCHS  BXPC     00000001 BXPC 00000001)
[    0.034286] ACPI: WAET 0x0000000007FE1C3C 000028 (v01 BOCHS  BXPC     00000001 BXPC 00000001)
[    0.034367] ACPI: Reserving FACP table memory at [mem 0x7fe1b18-0x7fe1b8b]
[    0.034416] ACPI: Reserving DSDT table memory at [mem 0x7fe0040-0x7fe1b17]
[    0.034423] ACPI: Reserving FACS table memory at [mem 0x7fe0000-0x7fe003f]
[    0.034429] ACPI: Reserving APIC table memory at [mem 0x7fe1b8c-0x7fe1c03]
[    0.034434] ACPI: Reserving HPET table memory at [mem 0x7fe1c04-0x7fe1c3b]
[    0.034440] ACPI: Reserving WAET table memory at [mem 0x7fe1c3c-0x7fe1c63]
[    0.037487] Zone ranges:
[    0.037518]   DMA      [mem 0x0000000000001000-0x0000000000ffffff]
[    0.037598]   DMA32    [mem 0x0000000001000000-0x0000000007fdcfff]
[    0.037606]   Normal   empty
[    0.037624] Movable zone start for each node
[    0.037656] Early memory node ranges
[    0.037683]   node   0: [mem 0x0000000000001000-0x000000000009efff]
[    0.037736]   node   0: [mem 0x0000000000100000-0x0000000007fdcfff]
[    0.037860] Initmem setup node 0 [mem 0x0000000000001000-0x0000000007fdcfff]
[    0.038908] On node 0, zone DMA: 1 pages in unavailable ranges
[    0.039469] On node 0, zone DMA: 97 pages in unavailable ranges
[    0.041560] On node 0, zone DMA32: 35 pages in unavailable ranges
[    0.041920] ACPI: PM-Timer IO Port: 0x608
[    0.042307] ACPI: LAPIC_NMI (acpi_id[0xff] dfl dfl lint[0x1])
[    0.042707] IOAPIC[0]: apic_id 0, version 32, address 0xfec00000, GSI 0-23
[    0.042818] ACPI: INT_SRC_OVR (bus 0 bus_irq 0 global_irq 2 dfl dfl)
[    0.043077] ACPI: INT_SRC_OVR (bus 0 bus_irq 5 global_irq 5 high level)
[    0.043125] ACPI: INT_SRC_OVR (bus 0 bus_irq 9 global_irq 9 high level)
[    0.043220] ACPI: INT_SRC_OVR (bus 0 bus_irq 10 global_irq 10 high level)
[    0.043228] ACPI: INT_SRC_OVR (bus 0 bus_irq 11 global_irq 11 high level)
[    0.043407] ACPI: Using ACPI (MADT) for SMP configuration information
[    0.043451] ACPI: HPET id: 0x8086a201 base: 0xfed00000
[    0.043850] CPU topo: Max. logical packages:   1
[    0.043865] CPU topo: Max. logical dies:       1
[    0.043874] CPU topo: Max. dies per package:   1
[    0.043933] CPU topo: Max. threads per core:   1
[    0.044104] CPU topo: Num. cores per package:     1
[    0.044126] CPU topo: Num. threads per package:   1
[    0.044138] CPU topo: Allowing 1 present CPUs plus 0 hotplug CPUs
[    0.045398] [mem 0x08000000-0xfffbffff] available for PCI devices
[    0.045465] Booting paravirtualized kernel on bare hardware
[    0.045762] clocksource: refined-jiffies: mask: 0xffffffff max_cycles: 0xffffffff, max_idle_ns: 19112604462750000 ns
[    0.046495] setup_percpu: NR_CPUS:512 nr_cpumask_bits:1 nr_cpu_ids:1 nr_node_ids:1
[    0.048397] percpu: Embedded 48 pages/cpu s158104 r8192 d30312 u2097152
[    0.050743] Kernel command line: BOOT_IMAGE=/boot/vmlinuz root=PARTUUID=4ed483a0-02 rootwait console=tty1 console=ttyS0,115200n8 noinitrd
[    0.052397] random: crng init done
[    0.057535] Dentry cache hash table entries: 16384 (order: 5, 131072 bytes, linear)
[    0.058598] Inode-cache hash table entries: 8192 (order: 4, 65536 bytes, linear)
[    0.061427] Built 1 zonelists, mobility grouping on.  Total pages: 32635
[    0.061663] mem auto-init: stack:off, heap alloc:off, heap free:off
[    0.071617] SLUB: HWalign=64, Order=0-3, MinObjects=0, CPUs=1, Nodes=1
[    0.079363] rcu: Hierarchical RCU implementation.
[    0.079392] rcu: 	RCU restricting CPUs from NR_CPUS=512 to nr_cpu_ids=1.
[    0.079539] 	Tracing variant of Tasks RCU enabled.
[    0.079629] rcu: RCU calculated value of scheduler-enlistment delay is 10 jiffies.
[    0.079659] rcu: Adjusting geometry for rcu_fanout_leaf=16, nr_cpu_ids=1
[    0.080806] RCU Tasks Trace: Setting shift to 0 and lim to 1 rcu_task_cb_adjust=1 rcu_task_cpu_ids=1.
[    0.080948] NR_IRQS: 33024, nr_irqs: 256, preallocated irqs: 16
[    0.089715] rcu: srcu_init: Setting srcu_struct sizes based on contention.
[    0.096576] Console: colour VGA+ 80x25
[    0.097022] printk: legacy console [tty1] enabled
[    0.104811] printk: legacy console [ttyS0] enabled
[    0.355810] ACPI: Core revision 20240827
[    0.361185] clocksource: hpet: mask: 0xffffffff max_cycles: 0xffffffff, max_idle_ns: 19112604467 ns
[    0.365850] APIC: Switch to symmetric I/O mode setup
[    0.370424] ..TIMER: vector=0x30 apic1=0 pin1=2 apic2=-1 pin2=-1
[    0.413049] clocksource: tsc-early: mask: 0xffffffffffffffff max_cycles: 0x256c0317579, max_idle_ns: 440795209030 ns
[    0.413756] Calibrating delay loop (skipped), value calculated using timer frequency.. 5192.29 BogoMIPS (lpj=25961460)
[    0.415663] x86/cpu: User Mode Instruction Prevention (UMIP) activated
[    0.431307] Last level iTLB entries: 4KB 0, 2MB 0, 4MB 0
[    0.433893] Last level dTLB entries: 4KB 0, 2MB 0, 4MB 0, 1GB 0
[    0.434941] Spectre V1 : Mitigation: usercopy/swapgs barriers and __user pointer sanitization
[    0.435960] Spectre V2 : Mitigation: Retpolines
[    0.436199] Spectre V2 : Spectre v2 / SpectreRSB: Filling RSB on context switch and VMEXIT
[    0.436634] Speculative Store Bypass: Vulnerable
[    0.445578] x86/fpu: Supporting XSAVE feature 0x001: 'x87 floating point registers'
[    0.450310] x86/fpu: Supporting XSAVE feature 0x002: 'SSE registers'
[    0.450600] x86/fpu: Supporting XSAVE feature 0x004: 'AVX registers'
[    0.450834] x86/fpu: Supporting XSAVE feature 0x008: 'MPX bounds registers'
[    0.454631] x86/fpu: Supporting XSAVE feature 0x010: 'MPX CSR'
[    0.455060] x86/fpu: xstate_offset[2]:  576, xstate_sizes[2]:  256
[    0.455424] x86/fpu: xstate_offset[3]:  960, xstate_sizes[3]:   64
[    0.455670] x86/fpu: xstate_offset[4]: 1024, xstate_sizes[4]:   64
[    0.463669] x86/fpu: Enabled xstate features 0x1f, context size is 1088 bytes, using 'standard' format.
[    0.689522] Freeing SMP alternatives memory: 40K
[    0.690392] pid_max: default: 32768 minimum: 301
[    0.699778] Mount-cache hash table entries: 512 (order: 0, 4096 bytes, linear)
[    0.700172] Mountpoint-cache hash table entries: 512 (order: 0, 4096 bytes, linear)
[    0.851568] smpboot: CPU0: AMD QEMU TCG CPU version 2.5+ (family: 0x6, model: 0x6, stepping: 0x3)
[    0.878626] Performance Events: PMU not available due to virtualization, using software events only.
[    0.880079] signal: max sigframe size: 1616
[    0.881634] rcu: Hierarchical SRCU implementation.
[    0.881863] rcu: 	Max phase no-delay instances is 1000.
[    0.888334] smp: Bringing up secondary CPUs ...
[    0.891157] smp: Brought up 1 node, 1 CPU
[    0.891456] smpboot: Total of 1 processors activated (5192.29 BogoMIPS)
[    0.898122] Memory: 103208K/130540K available (14336K kernel code, 1177K rwdata, 2556K rodata, 1492K init, 1304K bss, 25620K reserved, 0K cma-reserved)
[    0.913038] clocksource: jiffies: mask: 0xffffffff max_cycles: 0xffffffff, max_idle_ns: 19112604462750000 ns
[    0.913994] futex hash table entries: 256 (order: 2, 16384 bytes, linear)
[    0.915291] pinctrl core: initialized pinctrl subsystem
[    0.932130] NET: Registered PF_NETLINK/PF_ROUTE protocol family
[    0.938259] thermal_sys: Registered thermal governor 'step_wise'
[    0.938298] thermal_sys: Registered thermal governor 'user_space'
[    0.939255] cpuidle: using governor ladder
[    0.940895] acpiphp: ACPI Hot Plug PCI Controller Driver version: 0.5
[    0.945645] PCI: Using configuration type 1 for base access
[    0.954484] cryptd: max_cpu_qlen set to 1000
[    0.960095] ACPI: Added _OSI(Module Device)
[    0.960314] ACPI: Added _OSI(Processor Device)
[    0.960487] ACPI: Added _OSI(Processor Aggregator Device)
[    0.974139] ACPI: 1 ACPI AML tables successfully acquired and loaded
[    0.991186] ACPI: Interpreter enabled
[    0.992003] ACPI: PM: (supports S0 S5)
[    0.992225] ACPI: Using IOAPIC for interrupt routing
[    0.992791] PCI: Using host bridge windows from ACPI; if necessary, use "pci=nocrs" and report a bug
[    0.993177] PCI: Using E820 reservations for host bridge windows
[    0.995394] ACPI: Enabled 2 GPEs in block 00 to 0F
[    1.033226] ACPI: PCI Root Bridge [PCI0] (domain 0000 [bus 00-ff])
[    1.034148] acpi PNP0A03:00: _OSC: OS supports [ASPM ClockPM Segments MSI HPX-Type3]
[    1.034597] acpi PNP0A03:00: _OSC: not requesting OS control; OS requires [ExtendedConfig ASPM ClockPM MSI]
[    1.035475] acpi PNP0A03:00: fail to add MMCONFIG information, can't access extended configuration space under this bridge
[    1.048186] acpiphp: Slot [3] registered
[    1.048498] acpiphp: Slot [4] registered
[    1.048758] acpiphp: Slot [5] registered
[    1.048981] acpiphp: Slot [6] registered
[    1.054038] acpiphp: Slot [7] registered
[    1.054430] acpiphp: Slot [8] registered
[    1.055885] acpiphp: Slot [9] registered
[    1.056122] acpiphp: Slot [10] registered
[    1.056359] acpiphp: Slot [11] registered
[    1.056584] acpiphp: Slot [12] registered
[    1.056809] acpiphp: Slot [13] registered
[    1.063961] acpiphp: Slot [14] registered
[    1.064346] acpiphp: Slot [15] registered
[    1.064597] acpiphp: Slot [16] registered
[    1.064850] acpiphp: Slot [17] registered
[    1.065080] acpiphp: Slot [18] registered
[    1.065309] acpiphp: Slot [19] registered
[    1.073961] acpiphp: Slot [20] registered
[    1.074335] acpiphp: Slot [21] registered
[    1.074615] acpiphp: Slot [22] registered
[    1.074851] acpiphp: Slot [23] registered
[    1.075075] acpiphp: Slot [24] registered
[    1.075299] acpiphp: Slot [25] registered
[    1.084008] acpiphp: Slot [26] registered
[    1.084373] acpiphp: Slot [27] registered
[    1.084641] acpiphp: Slot [28] registered
[    1.084885] acpiphp: Slot [29] registered
[    1.085117] acpiphp: Slot [30] registered
[    1.085339] acpiphp: Slot [31] registered
[    1.094232] PCI host bridge to bus 0000:00
[    1.094807] pci_bus 0000:00: root bus resource [io  0x0000-0x0cf7 window]
[    1.095185] pci_bus 0000:00: root bus resource [io  0x0d00-0xffff window]
[    1.095422] pci_bus 0000:00: root bus resource [mem 0x000a0000-0x000bffff window]
[    1.103804] pci_bus 0000:00: root bus resource [mem 0x08000000-0xfebfffff window]
[    1.104218] pci_bus 0000:00: root bus resource [mem 0x100000000-0x17fffffff window]
[    1.104750] pci_bus 0000:00: root bus resource [bus 00-ff]
[    1.106180] pci 0000:00:00.0: [8086:1237] type 00 class 0x060000 conventional PCI endpoint
[    1.125733] pci 0000:00:01.0: [8086:7000] type 00 class 0x060100 conventional PCI endpoint
[    1.126626] pci 0000:00:01.1: [8086:7010] type 00 class 0x010180 conventional PCI endpoint
[    1.129726] pci 0000:00:01.1: BAR 4 [io  0xc0e0-0xc0ef]
[    1.133719] pci 0000:00:01.1: BAR 0 [io  0x01f0-0x01f7]: legacy IDE quirk
[    1.134038] pci 0000:00:01.1: BAR 1 [io  0x03f6]: legacy IDE quirk
[    1.134297] pci 0000:00:01.1: BAR 2 [io  0x0170-0x0177]: legacy IDE quirk
[    1.134548] pci 0000:00:01.1: BAR 3 [io  0x0376]: legacy IDE quirk
[    1.144508] pci 0000:00:01.3: [8086:7113] type 00 class 0x068000 conventional PCI endpoint
[    1.145202] pci 0000:00:01.3: quirk: [io  0x0600-0x063f] claimed by PIIX4 ACPI
[    1.145516] pci 0000:00:01.3: quirk: [io  0x0700-0x070f] claimed by PIIX4 SMB
[    1.146281] pci 0000:00:02.0: [1234:1111] type 00 class 0x030000 conventional PCI endpoint
[    1.154438] pci 0000:00:02.0: BAR 0 [mem 0xfd000000-0xfdffffff pref]
[    1.156095] pci 0000:00:02.0: BAR 2 [mem 0xfeb90000-0xfeb90fff]
[    1.158992] pci 0000:00:02.0: ROM [mem 0xfeb80000-0xfeb8ffff pref]
[    1.164145] pci 0000:00:02.0: Video device with shadowed ROM at [mem 0x000c0000-0x000dffff]
[    1.165288] pci 0000:00:03.0: [1af4:1000] type 00 class 0x020000 conventional PCI endpoint
[    1.166707] pci 0000:00:03.0: BAR 0 [io  0xc080-0xc09f]
[    1.169491] pci 0000:00:03.0: BAR 4 [mem 0xfe000000-0xfe003fff 64bit pref]
[    1.174962] pci 0000:00:03.0: ROM [mem 0xfea80000-0xfeafffff pref]
[    1.179728] pci 0000:00:04.0: [1af4:1005] type 00 class 0x00ff00 conventional PCI endpoint
[    1.184191] pci 0000:00:04.0: BAR 0 [io  0xc0a0-0xc0bf]
[    1.185144] pci 0000:00:04.0: BAR 1 [mem 0xfeb91000-0xfeb91fff]
[    1.188789] pci 0000:00:04.0: BAR 4 [mem 0xfe004000-0xfe007fff 64bit pref]
[    1.194786] pci 0000:00:05.0: [1af4:1000] type 00 class 0x020000 conventional PCI endpoint
[    1.197030] pci 0000:00:05.0: BAR 0 [io  0xc0c0-0xc0df]
[    1.198297] pci 0000:00:05.0: BAR 1 [mem 0xfeb92000-0xfeb92fff]
[    1.200754] pci 0000:00:05.0: BAR 4 [mem 0xfe008000-0xfe00bfff 64bit pref]
[    1.201635] pci 0000:00:05.0: ROM [mem 0xfeb00000-0xfeb7ffff pref]
[    1.205025] pci 0000:00:06.0: [1af4:1001] type 00 class 0x010000 conventional PCI endpoint
[    1.206387] pci 0000:00:06.0: BAR 0 [io  0xc000-0xc07f]
[    1.212255] pci 0000:00:06.0: BAR 1 [mem 0xfeb93000-0xfeb93fff]
[    1.213961] pci 0000:00:06.0: BAR 4 [mem 0xfe00c000-0xfe00ffff 64bit pref]
[    1.221608] ACPI: PCI: Interrupt link LNKA configured for IRQ 10
[    1.222795] ACPI: PCI: Interrupt link LNKB configured for IRQ 10
[    1.223829] ACPI: PCI: Interrupt link LNKC configured for IRQ 11
[    1.224411] ACPI: PCI: Interrupt link LNKD configured for IRQ 11
[    1.224816] ACPI: PCI: Interrupt link LNKS configured for IRQ 9
[    1.228159] iommu: Default domain type: Translated
[    1.233857] iommu: DMA domain TLB invalidation policy: lazy mode
[    1.236756] SCSI subsystem initialized
[    1.238249] ACPI: bus type USB registered
[    1.238756] usbcore: registered new interface driver usbfs
[    1.239228] usbcore: registered new interface driver hub
[    1.244053] usbcore: registered new device driver usb
[    1.244698] pps_core: LinuxPPS API ver. 1 registered
[    1.244902] pps_core: Software ver. 5.3.6 - Copyright 2005-2007 Rodolfo Giometti <giometti@linux.it>
[    1.245307] PTP clock support registered
[    1.267233] PCI: Using ACPI for IRQ routing
[    1.269561] hpet0: at MMIO 0xfed00000, IRQs 2, 8, 0
[    1.269847] hpet0: 3 comparators, 64-bit 100.000000 MHz counter
[    1.274662] clocksource: Switched to clocksource tsc-early
[    1.277215] pnp: PnP ACPI init
[    1.281467] pnp: PnP ACPI: found 6 devices
[    1.293528] clocksource: acpi_pm: mask: 0xffffff max_cycles: 0xffffff, max_idle_ns: 2085701024 ns
[    1.294938] NET: Registered PF_INET protocol family
[    1.296132] IP idents hash table entries: 2048 (order: 2, 16384 bytes, linear)
[    1.301504] tcp_listen_portaddr_hash hash table entries: 256 (order: 0, 4096 bytes, linear)
[    1.304505] Table-perturb hash table entries: 65536 (order: 6, 262144 bytes, linear)
[    1.304948] TCP established hash table entries: 1024 (order: 1, 8192 bytes, linear)
[    1.305378] TCP bind hash table entries: 1024 (order: 3, 32768 bytes, linear)
[    1.315308] TCP: Hash tables configured (established 1024 bind 1024)
[    1.317220] MPTCP token hash table entries: 256 (order: 1, 6144 bytes, linear)
[    1.317784] UDP hash table entries: 256 (order: 1, 8192 bytes, linear)
[    1.318226] UDP-Lite hash table entries: 256 (order: 1, 8192 bytes, linear)
[    1.327626] NET: Registered PF_UNIX/PF_LOCAL protocol family
[    1.328829] pci_bus 0000:00: resource 4 [io  0x0000-0x0cf7 window]
[    1.329080] pci_bus 0000:00: resource 5 [io  0x0d00-0xffff window]
[    1.329301] pci_bus 0000:00: resource 6 [mem 0x000a0000-0x000bffff window]
[    1.337183] pci_bus 0000:00: resource 7 [mem 0x08000000-0xfebfffff window]
[    1.337550] pci_bus 0000:00: resource 8 [mem 0x100000000-0x17fffffff window]
[    1.338351] pci 0000:00:01.0: PIIX3: Enabling Passive Release
[    1.338684] pci 0000:00:00.0: Limiting direct PCI/PCI transfers
[    1.348448] PCI: CLS 0 bytes, default 64
[    1.367527] workingset: timestamp_bits=46 max_order=15 bucket_order=0
[    1.370024] squashfs: version 4.0 (2009/01/31) Phillip Lougher
[    1.372852] Block layer SCSI generic (bsg) driver version 0.4 loaded (major 247)
[    1.376633] hv_vmbus: registering driver hyperv_fb
[    1.381433] input: Power Button as /devices/LNXSYSTM:00/LNXPWRBN:00/input/input0
[    1.388976] ACPI: button: Power Button [PWRF]
[    1.527617] ACPI: \_SB_.LNKC: Enabled at IRQ 11
[    1.659897] ACPI: \_SB_.LNKD: Enabled at IRQ 10
[    1.795853] ACPI: \_SB_.LNKA: Enabled at IRQ 10
[    1.926940] ACPI: \_SB_.LNKB: Enabled at IRQ 11
[    1.928880] Serial: 8250/16550 driver, 16 ports, IRQ sharing enabled
[    1.953747] 00:04: ttyS0 at I/O 0x3f8 (irq = 4, base_baud = 115200) is a 16550A
[    1.975845] Non-volatile memory driver v1.3
[    1.986558] Linux agpgart interface v0.103
[    1.987558] ACPI: bus type drm_connector registered
[    1.990320] [drm] Found bochs VGA, ID 0xb0c5.
[    1.990544] [drm] Framebuffer size 16384 kB @ 0xfd000000, mmio @ 0xfeb90000.
[    1.996114] [drm] Found EDID data blob.
[    2.001450] [drm] Initialized bochs-drm 1.0.0 for 0000:00:02.0 on minor 0
[    2.061831] Console: switching to colour frame buffer device 160x50
[    2.071522] bochs-drm 0000:00:02.0: [drm] fb0: bochs-drmdrmfb frame buffer device
[    2.088976] loop: module loaded
[    2.089672] virtio_blk virtio3: 1/0/0 default/read/poll queues
[    2.106537] virtio_blk virtio3: [vda] 246784 512-byte logical blocks (126 MB/121 MiB)
[    2.115801]  vda: vda1 vda2
[    2.118058] Guest personality initialized and is inactive
[    2.118711] VMCI host device registered (name=vmci, major=10, minor=256)
[    2.119016] Initialized host personality
[    2.119355] usbcore: registered new interface driver rtsx_usb
[    2.120276] VMware PVSCSI driver - version 1.0.7.0-k
[    2.129009] hv_vmbus: registering driver hv_storvsc
[    2.144034] scsi host0: ata_piix
[    2.146425] scsi host1: ata_piix
[    2.147278] ata1: PATA max MWDMA2 cmd 0x1f0 ctl 0x3f6 bmdma 0xc0e0 irq 14 lpm-pol 0
[    2.147638] ata2: PATA max MWDMA2 cmd 0x170 ctl 0x376 bmdma 0xc0e8 irq 15 lpm-pol 0
[    2.157806] VMware vmxnet3 virtual NIC driver - version 1.9.0.0-k-NAPI
[    2.158418] hv_vmbus: registering driver hv_netvsc
[    2.158823] Fusion MPT base driver 3.04.20
[    2.158991] Copyright (c) 1999-2008 LSI Corporation
[    2.159389] Fusion MPT SPI Host driver 3.04.20
[    2.168829] Fusion MPT SAS Host driver 3.04.20
[    2.170886] usbcore: registered new interface driver usb-storage
[    2.172134] i8042: PNP: PS/2 Controller [PNP0303:KBD,PNP0f13:MOU] at 0x60,0x64 irq 1,12
[    2.175541] serio: i8042 KBD port at 0x60,0x64 irq 1
[    2.175968] serio: i8042 AUX port at 0x60,0x64 irq 12
[    2.182627] hv_vmbus: registering driver hyperv_keyboard
[    2.185301] rtc_cmos 00:05: RTC can wake from S4
[    2.190487] rtc_cmos 00:05: registered as rtc0
[    2.193147] rtc_cmos 00:05: setting system clock to 2026-04-12T03:35:16 UTC (1775964916)
[    2.195816] rtc_cmos 00:05: alarms up to one day, y3k, 242 bytes nvram, hpet irqs
[    2.198465] intel_powerclamp: CPU does not support MWAIT
[    2.203277] amd_pstate: the _CPC object is not present in SBIOS or ACPI disabled
[    2.205998] sdhci: Secure Digital Host Controller Interface driver
[    2.208053] sdhci: Copyright(c) Pierre Ossman
[    2.210430] VUB300 Driver rom wait states = 1C irqpoll timeout = 0400
[    2.217206] input: AT Translated Set 2 keyboard as /devices/platform/i8042/serio0/input/input1
[    2.238089] usbcore: registered new interface driver vub300
[    2.240442] usbcore: registered new interface driver ushc
[    2.247866] hid: raw HID events driver (C) Jiri Kosina
[    2.250702] hv_vmbus: registering driver hid_hyperv
[    2.253653] usbcore: registered new interface driver usbhid
[    2.255762] usbhid: USB HID core driver
[    2.257971] hv_utils: Registering HyperV Utility Driver
[    2.260066] hv_vmbus: registering driver hv_utils
[    2.262508] hv_vmbus: registering driver hv_balloon
[    2.266094] NET: Registered PF_INET6 protocol family
[    2.280280] Segment Routing with IPv6
[    2.282536] In-situ OAM (IOAM) with IPv6
[    2.285164] NET: Registered PF_PACKET protocol family
[    2.287755] bridge: filtering via arp/ip/ip6tables is no longer available by default. Update your scripts to load br_netfilter if you need this.
[    2.296802] 8021q: 802.1Q VLAN Support v1.8
[    2.299515] NET: Registered PF_VSOCK protocol family
[    2.308523] IPI shorthand broadcast: enabled
[    2.315141] AES CTR mode by8 optimization enabled
[    2.332738] sched_clock: Marking stable (2060143440, 263369273)->(2330818609, -7305896)
[    2.369193] tsc: Refined TSC clocksource calibration: 2596.157 MHz
[    2.371828] clocksource: tsc: mask: 0xffffffffffffffff max_cycles: 0x256c0e0827b, max_idle_ns: 440795336074 ns
[    2.394058] ata2: found unknown device (class 0)
[    2.411836] ata2.00: ATAPI: QEMU DVD-ROM, 2.5+, max UDMA/100
[    2.419390] clocksource: Switched to clocksource tsc
[    2.435739] scsi 1:0:0:0: CD-ROM            QEMU     QEMU DVD-ROM     2.5+ PQ: 0 ANSI: 5
[    2.447065] clk: Disabling unused clocks
[    2.505387] sr 1:0:0:0: [sr0] scsi3-mmc drive: 4x/4x cd/rw xa/form2 tray
[    2.508167] cdrom: Uniform CD-ROM driver Revision: 3.20
[    2.565638] VFS: Mounted root (squashfs filesystem) readonly on device 254:2.
[    2.641734] Freeing unused kernel image (initmem) memory: 1492K
[    2.644639] Write protecting the kernel read-only data: 18432k
[    2.648807] Freeing unused kernel image (rodata/data gap) memory: 1540K
[    2.651495] Run /sbin/init as init process
[    2.944222] init: Console is alive
[    3.565757] kmodloader: loading kernel modules from /etc/modules-boot.d/*
[    3.628302] button_hotplug: loading out-of-tree module taints kernel.
[    3.635231] Button Hotplug driver version 0.4.1
[    3.655728] Intel(R) 2.5G Ethernet Linux Driver
[    3.658320] Copyright(c) 2018 Intel Corporation.
[    3.673365] igb: Intel(R) Gigabit Ethernet Network Driver
[    3.676183] igb: Copyright (c) 2007-2014 Intel Corporation.
[    3.691860] e1000e: Intel(R) PRO/1000 Network Driver
[    3.694615] e1000e: Copyright(c) 1999 - 2015 Intel Corporation.
[    3.706562] kmodloader: done loading kernel modules from /etc/modules-boot.d/*
[    3.727181] init: - preinit -
[    4.682561] 8021q: adding VLAN 0 to HW filter on device eth0
Press the [f] key and hit [enter] to enter failsafe mode
Press the [1], [2], [3] or [4] key and hit [enter] to select the debug level

[    9.301760] loop0: detected capacity change from 0 to 212992
[    9.353838] loop0: detected capacity change from 212992 to 199808
[    9.367090] mount_root: overlay filesystem in /dev/loop0 has not been formatted yet
[    9.697660] EXT4-fs (loop0): mounted filesystem 06b7acb8-976d-4cae-a30e-35d926cd4911 r/w with ordered data mode. Quota mode: disabled.
[    9.711769] mount_root: overlay filesystem has not been fully initialized yet
[    9.730356] mount_root: switching to ext4 overlay
[    9.751383] overlayfs: null uuid detected in lower fs '/', falling back to xino=off,index=off,nfs_export=off.
[   10.499159] EXT4-fs (vda1): mounted filesystem 84173db5-fa99-e35a-95c6-28613cc79ea9 r/w without journal. Quota mode: disabled.
[   10.523108] urandom-seed: Seed file not found (/etc/urandom.seed)
[   10.667830] procd: - early -
[   11.382170] procd: - ubus -
[   11.563223] procd: - init -
Please press Enter to activate this console.
root
login[1044]: root login on 'ttyS0'


BusyBox v1.37.0 (2026-04-10 16:30:34 UTC) built-in shell (ash)

  _______                     ________        __
 |       |.-----.-----.-----.|  |  |  |.----.|  |_
 |   -   ||  _  |  -__|     ||  |  |  ||   _||   _|
 |_______||   __|_____|__|__||________||__|  |____|
          |__| W I R E L E S S   F R E E D O M
 -----------------------------------------------------
 OpenWrt 25.12-SNAPSHOT, r32848-1f535037b1 Dave's Guitar
 -----------------------------------------------------

 === WARNING! =====================================
 There is no root password defined on this device!
 Use the "passwd" command to set up a new password
 in order to prevent unauthorized SSH logins.
 --------------------------------------------------

  ___   __ __                _______             __
 |   |_|__|  |--.----.-----.|   |   |-----.-----|  |--.
 |     |  |  _  |   _|  -__||       |  -__|__ --|     |
 |_____|__|_____|__| |_____||__|_|__|_____|_____|__|__|

 ------------------------------------------------------
 LiMe master development (master rev. 142c27f 20260407_1221)
 ------------------------------------------------------
 https://libremesh.org
 ------------------------------------------------------

 OpenWrt recently switched to the "apk" package manager!

 OPKG Command           APK Equivalent      Description
 ------------------------------------------------------------------
 opkg install <pkg>     apk add <pkg>       Install a package
 opkg remove <pkg>      apk del <pkg>       Remove a package
 opkg upgrade           apk upgrade         Upgrade all packages
 opkg files <pkg>       apk info -L <pkg>   List package contents
 opkg list-installed    apk info            List installed packages
 opkg update            apk update          Update package lists
 opkg search <pkg>      apk search <pkg>    Search for packages
 ------------------------------------------------------------------

For more information visit:
https://openwrt.org/docs/guide-user/additional-software/opkg-to-apk-cheatsheet

root@(none):~# dmesg -n 1
root@(none):~# echo 'FTYW''SNQYXT'
FTYWSNQYXT
root@LiMe-123456:~# run() { echo -n "$MARKER"; sh -c "$@"; echo "$MARKER $?"; }
root@LiMe-123456:~# echo 'TEZX''AUFWQP'
TEZXAUFWQP
root@LiMe-123456:~# MARKER='HSCU''HPZMKL' run 'ubus wait_for network.interface.l
an'
HSCUHPZMKLHSCUHPZMKL 0
root@LiMe-123456:~# echo 'CHXB''LLQSJC'
CHXBLLQSJC
root@LiMe-123456:~# MARKER='OQPG''WFWLCV' run 'ubus call network.interface.lan s
tatus '"'"'{}'"'"''
OQPGWFWLCV{
	"up": true,
	"pending": false,
	"available": true,
	"autostart": true,
	"dynamic": false,
	"uptime": 1,
	"l3_device": "br-lan",
	"proto": "static",
	"device": "br-lan",
	"updated": [
		"addresses"
	],
	"metric": 0,
	"dns_metric": 0,
	"delegation": true,
	"ipv4-address": [
		{
			"address": "10.13.52.86",
			"mask": 16
		}
	],
	"ipv6-address": [
		{
			"address": "fd0d:fe46:8ce8::12:3456",
			"mask": 64
		}
	],
	"ipv6-prefix": [
		
	],
	"ipv6-prefix-assignment": [
		
	],
	"route": [
		
	],
	"dns-server": [
		
	],
	"dns-search": [
		
	],
	"neighbors": [
		
	],
	"inactive": {
		"ipv4-address": [
			
		],
		"ipv6-address": [
			
		],
		"route": [
			
		],
		"dns-server": [
			
		],
		"dns-search": [
			
		],
		"neighbors": [
			
		]
	},
	"data": {
		
	}
}
OQPGWFWLCV 0
root@LiMe-123456:~# echo 'PMYB''VBECUJ'
PMYBVBECUJ
root@LiMe-123456:~# MARKER='JOXK''XKXCSB' run true
JOXKXKXCSBJOXKXKXCSB 0
root@LiMe-123456:~# echo 'OYSQ''BNKOUB'
OYSQBNKOUB
root@LiMe-123456:~# MARKER='MHLS''TMOGUN' run 'source /etc/os-release; echo $BUI
LD_ID'
MHLSTMOGUNr32848-1f535037b1
MHLSTMOGUN 0
root@LiMe-123456:~# echo 'SHQM''BAGQGY'
SHQMBAGQGY
root@LiMe-123456:~# MARKER='TOWG''GKHXEF' run 'ls /etc/dropbear/dropbear_rsa_hos
t_key'
TOWGGKHXEF[0;0m/etc/dropbear/dropbear_rsa_host_key[m
TOWGGKHXEF 0
root@LiMe-123456:~# echo 'ZTMF''NCEOLP'
ZTMFNCEOLP
root@LiMe-123456:~# MARKER='HZBA''BCJCGY' run 'netstat -tlpn | grep 0.0.0.0:22'
HZBABCJCGYtcp        0      0 0.0.0.0:22              0.0.0.0:*               LISTEN      2095/dropbear
HZBABCJCGY 0
root@LiMe-123456:~# echo 'CVQU''FVSNOA'
CVQUFVSNOA
root@LiMe-123456:~# MARKER='PEBC''VHXJNX' run 'dmesg | grep br-lan | grep forwar
ding'
PEBCVHXJNX[   42.384150] br-lan: port 1(eth0) entered forwarding state
[   46.866934] br-lan: port 2(bat0) entered forwarding state
PEBCVHXJNX 0
root@LiMe-123456:~# echo 'AKGF''JPSHOT'
AKGFJPSHOT
root@LiMe-123456:~# MARKER='SWWF''MOXUGW' run 'ubus call network.interface.lan s
tatus '"'"'{}'"'"''
SWWFMOXUGW{
	"up": true,
	"pending": false,
	"available": true,
	"autostart": true,
	"dynamic": false,
	"uptime": 39,
	"l3_device": "br-lan",
	"proto": "static",
	"device": "br-lan",
	"updated": [
		"addresses"
	],
	"metric": 0,
	"dns_metric": 0,
	"delegation": true,
	"ipv4-address": [
		{
			"address": "10.13.52.86",
			"mask": 16
		}
	],
	"ipv6-address": [
		{
			"address": "fd0d:fe46:8ce8::12:3456",
			"mask": 64
		}
	],
	"ipv6-prefix": [
		
	],
	"ipv6-prefix-assignment": [
		
	],
	"route": [
		
	],
	"dns-server": [
		
	],
	"dns-search": [
		
	],
	"neighbors": [
		
	],
	"inactive": {
		"ipv4-address": [
			
		],
		"ipv6-address": [
			
		],
		"route": [
			
		],
		"dns-server": [
			
		],
		"dns-search": [
			
		],
		"neighbors": [
			
		]
	},
	"data": {
		
	}
}
SWWFMOXUGW 0
root@LiMe-1