Labgrid Console Logfile for main
Logfile started at 2026-03-12 02:51:26.005486
=== Log starts here ===
c[?7l[2J[0mSeaBIOS (version 1.16.3-debian-1.16.3-2)


iPXE (https://ipxe.org) 00:03.0 CA00 PCI2.10 PnP PMM+06FCAE70+06F0AE70 CA00
Press Ctrl-B to configure iPXE (PCI 00:03.0)...                                                                               




iPXE (https://ipxe.org) 00:05.0 CB00 PCI2.10 PnP PMM 06FCAE70 06F0AE70 CB00
Press Ctrl-B to configure iPXE (PCI 00:05.0)...                                                                               


Booting from Hard Disk...
GRUB loading.....
[0;30;47mWelcome to GRUB![01;01H[0m[2J[H[J[1;1H[?25l[m[H[J[1;1H[2;30HGNU GRUB  version 2.12

[m[4;2H+----------------------------------------------------------------------------+[5;2H|[5;79H|[6;2H|[6;79H|[7;2H|[7;79H|[8;2H|[8;79H|[9;2H|[9;79H|[10;2H|[10;79H|[11;2H|[11;79H|[12;2H|[12;79H|[13;2H|[13;79H|[14;2H|[14;79H|[15;2H|[15;79H|[16;2H+----------------------------------------------------------------------------+[m[17;2H[18;2H[m     Use the ^ and v keys to select which entry is highlighted.          
      Press enter to boot the selected OS, `e' to edit the commands       
      before booting or `c' for a command-line. ESC to return             
      previous menu.                                                      [5;80H [7m[5;3H*OpenWrt                                                                    [m[5;78H[m[m[6;3H OpenWrt (failsafe)                                                         [m[6;78H[m[m[7;3H                                                                            [m[7;78H[m[m[8;3H                                                                            [m[8;78H[m[m[9;3H                                                                            [m[9;78H[m[m[10;3H                                                                            [m[10;78H[m[m[11;3H                                                                            [m[11;78H[m[m[12;3H                                                                            [m[12;78H[m[m[13;3H                                                                            [m[13;78H[m[m[14;3H                                                                            [m[14;78H[m[m[15;3H                                                                            [m[15;78H[m[15;80H [5;78H[2J[02;30HGNU GRUB  version 2.12[04;02H┌────────────────────────────────────────────────────────────────────────────┐[05;02H│[05;79H│[06;02H│[06;79H│[07;02H│[07;79H│[08;02H│[08;79H│[09;02H│[09;79H│[10;02H│[10;79H│[11;02H│[11;79H│[12;02H│[12;79H│[13;02H│[13;79H│[14;02H│[14;79H│[15;02H│[15;79H│[16;02H│[16;79H│[17;02H└────────────────────────────────────────────────────────────────────────────┘[19;02H     Use the ↑ and ↓ keys to sel[19;33H[19;34Hect which entry is highlighted.          
      Press enter to boot the selected OS, `e' to edit the commands       
      before booting or `c' for a command-line. ESC to return             
      previous menu.                                                      [05;80H [05;03H[0;30;47m*OpenWrt                                                                    [06;03H[0m OpenWrt (failsafe)                                   [06;56H[06;57H                      [07;03H                                                                            [08;03H                                                                            [09;03H                          [09;28H[09;29H                                                  [10;03H                                                                            [11;03H                                                                           [11;77H[11;78H [12;03H                                                                            [13;03H                                                                            [14;03H                                                                            [15;03H                                                                            [16;03H                                                                            [16;80H 






   The highlighted entry will be executed automatically in 5s.                [22;1H   The highlighted entry will be executed automatically in 5s.                 [5;78H [05;78H

















   The highlighted entry will be executed automatically in 4s.                [22;1H   The highlighted entry will be executed automatically in 4s.                 [5;78H [05;78H

















   The highlighted entry will be executed automatically in 3s.                [22;1H   The highlighted entry will be executed automatically in 3s.                 [5;78H [05;78H

















   The highlighted entry will be executed automatically in 2s.                [22;1H   The highlighted entry will be executed automatically in 2s.                 [5;78H [05;78H

















   The highlighted entry will be executed automatically in 1s.                [22;1H   The highlighted entry will be executed automatically in 1s.                 [5;78H [05;78H

















   The highlighted entry will be executed automatically in 0s.                [22;1H   The highlighted entry will be executed automatically in 0s.                 [5;78H [01;01H[2J[?25h[H[J[1;1H[H[J[1;1H[2J   Booting `OpenWrt' Booting `OpenWrt

'

[    0.000000] Linux version 6.12.74 (builder@buildhost) (x86_64-openwrt-linux-musl-gcc (OpenWrt GCC 14.3.0 r32740-568caba81f) 14.3.0, GNU ld (GNU Binutils) 2.44) #0 SMP Tue Mar 10 22:58:18 2026
[    0.000000] Command line: BOOT_IMAGE=/boot/vmlinuz root=PARTUUID=5634ee37-02 rootwait console=tty1 console=ttyS0,115200n8 noinitrd
[    0.000000] BIOS-provided physical RAM map:
[    0.000000] BIOS-e820: [mem 0x0000000000000000-0x000000000009fbff] usable
[    0.000000] BIOS-e820: [mem 0x000000000009fc00-0x000000000009ffff] reserved
[    0.000000] BIOS-e820: [mem 0x00000000000f0000-0x00000000000fffff] reserved
[    0.000000] BIOS-e820: [mem 0x0000000000100000-0x0000000007fdcfff] usable
[    0.000000] BIOS-e820: [mem 0x0000000007fdd000-0x0000000007ffffff] reserved
[    0.000000] BIOS-e820: [mem 0x00000000fffc0000-0x00000000ffffffff] reserved
[    0.000000] BIOS-e820: [mem 0x000000fd00000000-0x000000ffffffffff] reserved
[    0.000000] NX (Execute Disable) protection: active
[    0.000000] APIC: Static calls initialized
[    0.000000] SMBIOS 3.0.0 present.
[    0.000000] DMI: QEMU Standard PC (i440FX + PIIX, 1996), BIOS 1.16.3-debian-1.16.3-2 04/01/2014
[    0.000000] DMI: Memory slots populated: 1/1
[    0.000000] tsc: Fast TSC calibration using PIT
[    0.000000] tsc: Detected 2793.421 MHz processor
[    0.006918] last_pfn = 0x7fdd max_arch_pfn = 0x400000000
[    0.007558] MTRR map: 4 entries (3 fixed + 1 variable; max 19), built from 8 variable MTRRs
[    0.007740] x86/PAT: Configuration [0-7]: WB  WC  UC- UC  WB  WP  UC- WT  
[    0.026535] found SMP MP-table at [mem 0x000f5460-0x000f546f]
[    0.027953] Using GB pages for direct mapping
[    0.032627] ACPI: Early table checksum verification disabled
[    0.032990] ACPI: RSDP 0x00000000000F5290 000014 (v00 BOCHS )
[    0.033318] ACPI: RSDT 0x0000000007FE1C64 000034 (v01 BOCHS  BXPC     00000001 BXPC 00000001)
[    0.033855] ACPI: FACP 0x0000000007FE1B18 000074 (v01 BOCHS  BXPC     00000001 BXPC 00000001)
[    0.034471] ACPI: DSDT 0x0000000007FE0040 001AD8 (v01 BOCHS  BXPC     00000001 BXPC 00000001)
[    0.034543] ACPI: FACS 0x0000000007FE0000 000040
[    0.034653] ACPI: APIC 0x0000000007FE1B8C 000078 (v03 BOCHS  BXPC     00000001 BXPC 00000001)
[    0.034675] ACPI: HPET 0x0000000007FE1C04 000038 (v01 BOCHS  BXPC     00000001 BXPC 00000001)
[    0.034693] ACPI: WAET 0x0000000007FE1C3C 000028 (v01 BOCHS  BXPC     00000001 BXPC 00000001)
[    0.034770] ACPI: Reserving FACP table memory at [mem 0x7fe1b18-0x7fe1b8b]
[    0.034821] ACPI: Reserving DSDT table memory at [mem 0x7fe0040-0x7fe1b17]
[    0.034829] ACPI: Reserving FACS table memory at [mem 0x7fe0000-0x7fe003f]
[    0.034834] ACPI: Reserving APIC table memory at [mem 0x7fe1b8c-0x7fe1c03]
[    0.034840] ACPI: Reserving HPET table memory at [mem 0x7fe1c04-0x7fe1c3b]
[    0.034845] ACPI: Reserving WAET table memory at [mem 0x7fe1c3c-0x7fe1c63]
[    0.037919] Zone ranges:
[    0.037953]   DMA      [mem 0x0000000000001000-0x0000000000ffffff]
[    0.038038]   DMA32    [mem 0x0000000001000000-0x0000000007fdcfff]
[    0.038049]   Normal   empty
[    0.038068] Movable zone start for each node
[    0.038102] Early memory node ranges
[    0.038129]   node   0: [mem 0x0000000000001000-0x000000000009efff]
[    0.038185]   node   0: [mem 0x0000000000100000-0x0000000007fdcfff]
[    0.038310] Initmem setup node 0 [mem 0x0000000000001000-0x0000000007fdcfff]
[    0.039391] On node 0, zone DMA: 1 pages in unavailable ranges
[    0.039874] On node 0, zone DMA: 97 pages in unavailable ranges
[    0.041874] On node 0, zone DMA32: 35 pages in unavailable ranges
[    0.042264] ACPI: PM-Timer IO Port: 0x608
[    0.042698] ACPI: LAPIC_NMI (acpi_id[0xff] dfl dfl lint[0x1])
[    0.043124] IOAPIC[0]: apic_id 0, version 32, address 0xfec00000, GSI 0-23
[    0.043234] ACPI: INT_SRC_OVR (bus 0 bus_irq 0 global_irq 2 dfl dfl)
[    0.043502] ACPI: INT_SRC_OVR (bus 0 bus_irq 5 global_irq 5 high level)
[    0.043554] ACPI: INT_SRC_OVR (bus 0 bus_irq 9 global_irq 9 high level)
[    0.043653] ACPI: INT_SRC_OVR (bus 0 bus_irq 10 global_irq 10 high level)
[    0.043661] ACPI: INT_SRC_OVR (bus 0 bus_irq 11 global_irq 11 high level)
[    0.043856] ACPI: Using ACPI (MADT) for SMP configuration information
[    0.043901] ACPI: HPET id: 0x8086a201 base: 0xfed00000
[    0.044307] CPU topo: Max. logical packages:   1
[    0.044323] CPU topo: Max. logical dies:       1
[    0.044332] CPU topo: Max. dies per package:   1
[    0.044378] CPU topo: Max. threads per core:   1
[    0.044557] CPU topo: Num. cores per package:     1
[    0.044571] CPU topo: Num. threads per package:   1
[    0.044580] CPU topo: Allowing 1 present CPUs plus 0 hotplug CPUs
[    0.045740] [mem 0x08000000-0xfffbffff] available for PCI devices
[    0.045810] Booting paravirtualized kernel on bare hardware
[    0.046119] clocksource: refined-jiffies: mask: 0xffffffff max_cycles: 0xffffffff, max_idle_ns: 19112604462750000 ns
[    0.046767] setup_percpu: NR_CPUS:512 nr_cpumask_bits:1 nr_cpu_ids:1 nr_node_ids:1
[    0.048742] percpu: Embedded 48 pages/cpu s158104 r8192 d30312 u2097152
[    0.051125] Kernel command line: BOOT_IMAGE=/boot/vmlinuz root=PARTUUID=5634ee37-02 rootwait console=tty1 console=ttyS0,115200n8 noinitrd
[    0.052813] random: crng init done
[    0.057034] Dentry cache hash table entries: 16384 (order: 5, 131072 bytes, linear)
[    0.057905] Inode-cache hash table entries: 8192 (order: 4, 65536 bytes, linear)
[    0.060491] Built 1 zonelists, mobility grouping on.  Total pages: 32635
[    0.060732] mem auto-init: stack:off, heap alloc:off, heap free:off
[    0.070836] SLUB: HWalign=64, Order=0-3, MinObjects=0, CPUs=1, Nodes=1
[    0.079814] rcu: Hierarchical RCU implementation.
[    0.079858] rcu: 	RCU restricting CPUs from NR_CPUS=512 to nr_cpu_ids=1.
[    0.080013] 	Tracing variant of Tasks RCU enabled.
[    0.080120] rcu: RCU calculated value of scheduler-enlistment delay is 10 jiffies.
[    0.080152] rcu: Adjusting geometry for rcu_fanout_leaf=16, nr_cpu_ids=1
[    0.081349] RCU Tasks Trace: Setting shift to 0 and lim to 1 rcu_task_cb_adjust=1 rcu_task_cpu_ids=1.
[    0.081496] NR_IRQS: 33024, nr_irqs: 256, preallocated irqs: 16
[    0.090596] rcu: srcu_init: Setting srcu_struct sizes based on contention.
[    0.097836] Console: colour VGA+ 80x25
[    0.098295] printk: legacy console [tty1] enabled
[    0.106831] printk: legacy console [ttyS0] enabled
[    0.359960] ACPI: Core revision 20240827
[    0.365562] clocksource: hpet: mask: 0xffffffff max_cycles: 0xffffffff, max_idle_ns: 19112604467 ns
[    0.370455] APIC: Switch to symmetric I/O mode setup
[    0.375191] ..TIMER: vector=0x30 apic1=0 pin1=2 apic2=-1 pin2=-1
[    0.417447] clocksource: tsc-early: mask: 0xffffffffffffffff max_cycles: 0x2843f9a0ee7, max_idle_ns: 440795239272 ns
[    0.418150] Calibrating delay loop (skipped), value calculated using timer frequency.. 5586.84 BogoMIPS (lpj=27934210)
[    0.420028] x86/cpu: User Mode Instruction Prevention (UMIP) activated
[    0.438675] Last level iTLB entries: 4KB 0, 2MB 0, 4MB 0
[    0.439071] Last level dTLB entries: 4KB 0, 2MB 0, 4MB 0, 1GB 0
[    0.440214] Spectre V1 : Mitigation: usercopy/swapgs barriers and __user pointer sanitization
[    0.441027] Spectre V2 : Mitigation: Retpolines
[    0.441215] Spectre V2 : Spectre v2 / SpectreRSB: Filling RSB on context switch and VMEXIT
[    0.441595] Speculative Store Bypass: Vulnerable
[    0.449963] x86/fpu: Supporting XSAVE feature 0x001: 'x87 floating point registers'
[    0.454717] x86/fpu: Supporting XSAVE feature 0x002: 'SSE registers'
[    0.454941] x86/fpu: Supporting XSAVE feature 0x004: 'AVX registers'
[    0.455124] x86/fpu: Supporting XSAVE feature 0x008: 'MPX bounds registers'
[    0.459089] x86/fpu: Supporting XSAVE feature 0x010: 'MPX CSR'
[    0.459498] x86/fpu: xstate_offset[2]:  576, xstate_sizes[2]:  256
[    0.459804] x86/fpu: xstate_offset[3]:  960, xstate_sizes[3]:   64
[    0.459978] x86/fpu: xstate_offset[4]: 1024, xstate_sizes[4]:   64
[    0.468102] x86/fpu: Enabled xstate features 0x1f, context size is 1088 bytes, using 'standard' format.
[    0.690608] Freeing SMP alternatives memory: 40K
[    0.691483] pid_max: default: 32768 minimum: 301
[    0.702000] Mount-cache hash table entries: 512 (order: 0, 4096 bytes, linear)
[    0.702455] Mountpoint-cache hash table entries: 512 (order: 0, 4096 bytes, linear)
[    0.855950] smpboot: CPU0: AMD QEMU TCG CPU version 2.5+ (family: 0x6, model: 0x6, stepping: 0x3)
[    0.859327] Performance Events: PMU not available due to virtualization, using software events only.
[    0.860914] signal: max sigframe size: 1616
[    0.874530] rcu: Hierarchical SRCU implementation.
[    0.874849] rcu: 	Max phase no-delay instances is 1000.
[    0.885748] smp: Bringing up secondary CPUs ...
[    0.887655] smp: Brought up 1 node, 1 CPU
[    0.888475] smpboot: Total of 1 processors activated (5586.84 BogoMIPS)
[    0.895412] Memory: 103276K/130540K available (14336K kernel code, 1177K rwdata, 2552K rodata, 1492K init, 1304K bss, 25620K reserved, 0K cma-reserved)
[    0.909648] clocksource: jiffies: mask: 0xffffffff max_cycles: 0xffffffff, max_idle_ns: 19112604462750000 ns
[    0.910496] futex hash table entries: 256 (order: 2, 16384 bytes, linear)
[    0.911680] pinctrl core: initialized pinctrl subsystem
[    0.930394] NET: Registered PF_NETLINK/PF_ROUTE protocol family
[    0.936803] thermal_sys: Registered thermal governor 'step_wise'
[    0.936853] thermal_sys: Registered thermal governor 'user_space'
[    0.938193] cpuidle: using governor ladder
[    0.939880] acpiphp: ACPI Hot Plug PCI Controller Driver version: 0.5
[    0.943809] PCI: Using configuration type 1 for base access
[    0.953358] cryptd: max_cpu_qlen set to 1000
[    0.959628] ACPI: Added _OSI(Module Device)
[    0.959870] ACPI: Added _OSI(Processor Device)
[    0.960011] ACPI: Added _OSI(Processor Aggregator Device)
[    0.973904] ACPI: 1 ACPI AML tables successfully acquired and loaded
[    0.992275] ACPI: Interpreter enabled
[    0.993151] ACPI: PM: (supports S0 S5)
[    0.993344] ACPI: Using IOAPIC for interrupt routing
[    0.993980] PCI: Using host bridge windows from ACPI; if necessary, use "pci=nocrs" and report a bug
[    0.994282] PCI: Using E820 reservations for host bridge windows
[    0.999871] ACPI: Enabled 2 GPEs in block 00 to 0F
[    1.038139] ACPI: PCI Root Bridge [PCI0] (domain 0000 [bus 00-ff])
[    1.039127] acpi PNP0A03:00: _OSC: OS supports [ASPM ClockPM Segments MSI HPX-Type3]
[    1.039548] acpi PNP0A03:00: _OSC: not requesting OS control; OS requires [ExtendedConfig ASPM ClockPM MSI]
[    1.040334] acpi PNP0A03:00: fail to add MMCONFIG information, can't access extended configuration space under this bridge
[    1.052897] acpiphp: Slot [3] registered
[    1.053233] acpiphp: Slot [4] registered
[    1.053475] acpiphp: Slot [5] registered
[    1.053684] acpiphp: Slot [6] registered
[    1.058328] acpiphp: Slot [7] registered
[    1.058655] acpiphp: Slot [8] registered
[    1.060271] acpiphp: Slot [9] registered
[    1.060489] acpiphp: Slot [10] registered
[    1.060724] acpiphp: Slot [11] registered
[    1.060935] acpiphp: Slot [12] registered
[    1.068316] acpiphp: Slot [13] registered
[    1.068601] acpiphp: Slot [14] registered
[    1.068860] acpiphp: Slot [15] registered
[    1.069073] acpiphp: Slot [16] registered
[    1.069279] acpiphp: Slot [17] registered
[    1.069490] acpiphp: Slot [18] registered
[    1.078415] acpiphp: Slot [19] registered
[    1.078719] acpiphp: Slot [20] registered
[    1.078947] acpiphp: Slot [21] registered
[    1.079163] acpiphp: Slot [22] registered
[    1.079372] acpiphp: Slot [23] registered
[    1.079575] acpiphp: Slot [24] registered
[    1.088316] acpiphp: Slot [25] registered
[    1.088631] acpiphp: Slot [26] registered
[    1.088896] acpiphp: Slot [27] registered
[    1.089109] acpiphp: Slot [28] registered
[    1.089338] acpiphp: Slot [29] registered
[    1.089561] acpiphp: Slot [30] registered
[    1.098317] acpiphp: Slot [31] registered
[    1.099069] PCI host bridge to bus 0000:00
[    1.099541] pci_bus 0000:00: root bus resource [io  0x0000-0x0cf7 window]
[    1.099887] pci_bus 0000:00: root bus resource [io  0x0d00-0xffff window]
[    1.100075] pci_bus 0000:00: root bus resource [mem 0x000a0000-0x000bffff window]
[    1.108248] pci_bus 0000:00: root bus resource [mem 0x08000000-0xfebfffff window]
[    1.108542] pci_bus 0000:00: root bus resource [mem 0x100000000-0x17fffffff window]
[    1.108971] pci_bus 0000:00: root bus resource [bus 00-ff]
[    1.119546] pci 0000:00:00.0: [8086:1237] type 00 class 0x060000 conventional PCI endpoint
[    1.131992] pci 0000:00:01.0: [8086:7000] type 00 class 0x060100 conventional PCI endpoint
[    1.132910] pci 0000:00:01.1: [8086:7010] type 00 class 0x010180 conventional PCI endpoint
[    1.139311] pci 0000:00:01.1: BAR 4 [io  0xc0e0-0xc0ef]
[    1.140424] pci 0000:00:01.1: BAR 0 [io  0x01f0-0x01f7]: legacy IDE quirk
[    1.140681] pci 0000:00:01.1: BAR 1 [io  0x03f6]: legacy IDE quirk
[    1.140888] pci 0000:00:01.1: BAR 2 [io  0x0170-0x0177]: legacy IDE quirk
[    1.148180] pci 0000:00:01.1: BAR 3 [io  0x0376]: legacy IDE quirk
[    1.149310] pci 0000:00:01.3: [8086:7113] type 00 class 0x068000 conventional PCI endpoint
[    1.149943] pci 0000:00:01.3: quirk: [io  0x0600-0x063f] claimed by PIIX4 ACPI
[    1.150199] pci 0000:00:01.3: quirk: [io  0x0700-0x070f] claimed by PIIX4 SMB
[    1.159173] pci 0000:00:02.0: [1234:1111] type 00 class 0x030000 conventional PCI endpoint
[    1.160101] pci 0000:00:02.0: BAR 0 [mem 0xfd000000-0xfdffffff pref]
[    1.161633] pci 0000:00:02.0: BAR 2 [mem 0xfeb90000-0xfeb90fff]
[    1.170701] pci 0000:00:02.0: ROM [mem 0xfeb80000-0xfeb8ffff pref]
[    1.171229] pci 0000:00:02.0: Video device with shadowed ROM at [mem 0x000c0000-0x000dffff]
[    1.172433] pci 0000:00:03.0: [1af4:1000] type 00 class 0x020000 conventional PCI endpoint
[    1.179104] pci 0000:00:03.0: BAR 0 [io  0xc080-0xc09f]
[    1.181817] pci 0000:00:03.0: BAR 4 [mem 0xfe000000-0xfe003fff 64bit pref]
[    1.182928] pci 0000:00:03.0: ROM [mem 0xfea80000-0xfeafffff pref]
[    1.190346] pci 0000:00:04.0: [1af4:1005] type 00 class 0x00ff00 conventional PCI endpoint
[    1.192858] pci 0000:00:04.0: BAR 0 [io  0xc0a0-0xc0bf]
[    1.193793] pci 0000:00:04.0: BAR 1 [mem 0xfeb91000-0xfeb91fff]
[    1.196728] pci 0000:00:04.0: BAR 4 [mem 0xfe004000-0xfe007fff 64bit pref]
[    1.201705] pci 0000:00:05.0: [1af4:1000] type 00 class 0x020000 conventional PCI endpoint
[    1.204784] pci 0000:00:05.0: BAR 0 [io  0xc0c0-0xc0df]
[    1.206362] pci 0000:00:05.0: BAR 1 [mem 0xfeb92000-0xfeb92fff]
[    1.208763] pci 0000:00:05.0: BAR 4 [mem 0xfe008000-0xfe00bfff 64bit pref]
[    1.213472] pci 0000:00:05.0: ROM [mem 0xfeb00000-0xfeb7ffff pref]
[    1.217397] pci 0000:00:06.0: [1af4:1001] type 00 class 0x010000 conventional PCI endpoint
[    1.219888] pci 0000:00:06.0: BAR 0 [io  0xc000-0xc07f]
[    1.220764] pci 0000:00:06.0: BAR 1 [mem 0xfeb93000-0xfeb93fff]
[    1.224928] pci 0000:00:06.0: BAR 4 [mem 0xfe00c000-0xfe00ffff 64bit pref]
[    1.235325] ACPI: PCI: Interrupt link LNKA configured for IRQ 10
[    1.236181] ACPI: PCI: Interrupt link LNKB configured for IRQ 10
[    1.236776] ACPI: PCI: Interrupt link LNKC configured for IRQ 11
[    1.237341] ACPI: PCI: Interrupt link LNKD configured for IRQ 11
[    1.237710] ACPI: PCI: Interrupt link LNKS configured for IRQ 9
[    1.250446] iommu: Default domain type: Translated
[    1.250652] iommu: DMA domain TLB invalidation policy: lazy mode
[    1.253633] SCSI subsystem initialized
[    1.255358] ACPI: bus type USB registered
[    1.255872] usbcore: registered new interface driver usbfs
[    1.257103] usbcore: registered new interface driver hub
[    1.257422] usbcore: registered new device driver usb
[    1.257931] pps_core: LinuxPPS API ver. 1 registered
[    1.258119] pps_core: Software ver. 5.3.6 - Copyright 2005-2007 Rodolfo Giometti <giometti@linux.it>
[    1.267829] PTP clock support registered
[    1.279818] PCI: Using ACPI for IRQ routing
[    1.282427] hpet0: at MMIO 0xfed00000, IRQs 2, 8, 0
[    1.282722] hpet0: 3 comparators, 64-bit 100.000000 MHz counter
[    1.287559] clocksource: Switched to clocksource tsc-early
[    1.287559] pnp: PnP ACPI init
[    1.287559] pnp: PnP ACPI: found 6 devices
[    1.300254] clocksource: acpi_pm: mask: 0xffffff max_cycles: 0xffffff, max_idle_ns: 2085701024 ns
[    1.301613] NET: Registered PF_INET protocol family
[    1.302858] IP idents hash table entries: 2048 (order: 2, 16384 bytes, linear)
[    1.309070] tcp_listen_portaddr_hash hash table entries: 256 (order: 0, 4096 bytes, linear)
[    1.310894] Table-perturb hash table entries: 65536 (order: 6, 262144 bytes, linear)
[    1.311260] TCP established hash table entries: 1024 (order: 1, 8192 bytes, linear)
[    1.311652] TCP bind hash table entries: 1024 (order: 3, 32768 bytes, linear)
[    1.321787] TCP: Hash tables configured (established 1024 bind 1024)
[    1.323646] MPTCP token hash table entries: 256 (order: 1, 6144 bytes, linear)
[    1.324137] UDP hash table entries: 256 (order: 1, 8192 bytes, linear)
[    1.324523] UDP-Lite hash table entries: 256 (order: 1, 8192 bytes, linear)
[    1.334083] NET: Registered PF_UNIX/PF_LOCAL protocol family
[    1.335809] pci_bus 0000:00: resource 4 [io  0x0000-0x0cf7 window]
[    1.336020] pci_bus 0000:00: resource 5 [io  0x0d00-0xffff window]
[    1.336196] pci_bus 0000:00: resource 6 [mem 0x000a0000-0x000bffff window]
[    1.343301] pci_bus 0000:00: resource 7 [mem 0x08000000-0xfebfffff window]
[    1.343502] pci_bus 0000:00: resource 8 [mem 0x100000000-0x17fffffff window]
[    1.344211] pci 0000:00:01.0: PIIX3: Enabling Passive Release
[    1.354138] pci 0000:00:00.0: Limiting direct PCI/PCI transfers
[    1.354439] PCI: CLS 0 bytes, default 64
[    1.375517] workingset: timestamp_bits=46 max_order=15 bucket_order=0
[    1.378257] squashfs: version 4.0 (2009/01/31) Phillip Lougher
[    1.381374] Block layer SCSI generic (bsg) driver version 0.4 loaded (major 247)
[    1.385094] hv_vmbus: registering driver hyperv_fb
[    1.390037] input: Power Button as /devices/LNXSYSTM:00/LNXPWRBN:00/input/input0
[    1.398577] ACPI: button: Power Button [PWRF]
[    1.547155] ACPI: \_SB_.LNKC: Enabled at IRQ 11
[    1.687909] ACPI: \_SB_.LNKD: Enabled at IRQ 10
[    1.827101] ACPI: \_SB_.LNKA: Enabled at IRQ 10
[    1.966814] ACPI: \_SB_.LNKB: Enabled at IRQ 11
[    1.969286] Serial: 8250/16550 driver, 16 ports, IRQ sharing enabled
[    1.994737] 00:04: ttyS0 at I/O 0x3f8 (irq = 4, base_baud = 115200) is a 16550A
[    2.019866] Non-volatile memory driver v1.3
[    2.032212] Linux agpgart interface v0.103
[    2.033386] ACPI: bus type drm_connector registered
[    2.036364] [drm] Found bochs VGA, ID 0xb0c5.
[    2.036564] [drm] Framebuffer size 16384 kB @ 0xfd000000, mmio @ 0xfeb90000.
[    2.044279] [drm] Found EDID data blob.
[    2.050058] [drm] Initialized bochs-drm 1.0.0 for 0000:00:02.0 on minor 0
[    2.113448] Console: switching to colour frame buffer device 160x50
[    2.122793] bochs-drm 0000:00:02.0: [drm] fb0: bochs-drmdrmfb frame buffer device
[    2.142160] loop: module loaded
[    2.142997] virtio_blk virtio3: 1/0/0 default/read/poll queues
[    2.161656] virtio_blk virtio3: [vda] 246784 512-byte logical blocks (126 MB/121 MiB)
[    2.171491]  vda: vda1 vda2
[    2.174001] Guest personality initialized and is inactive
[    2.174672] VMCI host device registered (name=vmci, major=10, minor=256)
[    2.174938] Initialized host personality
[    2.175287] usbcore: registered new interface driver rtsx_usb
[    2.176223] VMware PVSCSI driver - version 1.0.7.0-k
[    2.184931] hv_vmbus: registering driver hv_storvsc
[    2.201122] scsi host0: ata_piix
[    2.203779] scsi host1: ata_piix
[    2.204709] ata1: PATA max MWDMA2 cmd 0x1f0 ctl 0x3f6 bmdma 0xc0e0 irq 14 lpm-pol 0
[    2.205017] ata2: PATA max MWDMA2 cmd 0x170 ctl 0x376 bmdma 0xc0e8 irq 15 lpm-pol 0
[    2.215618] VMware vmxnet3 virtual NIC driver - version 1.9.0.0-k-NAPI
[    2.216237] hv_vmbus: registering driver hv_netvsc
[    2.216635] Fusion MPT base driver 3.04.20
[    2.216794] Copyright (c) 1999-2008 LSI Corporation
[    2.217417] Fusion MPT SPI Host driver 3.04.20
[    2.226447] Fusion MPT SAS Host driver 3.04.20
[    2.228695] usbcore: registered new interface driver usb-storage
[    2.230012] i8042: PNP: PS/2 Controller [PNP0303:KBD,PNP0f13:MOU] at 0x60,0x64 irq 1,12
[    2.233774] serio: i8042 KBD port at 0x60,0x64 irq 1
[    2.234159] serio: i8042 AUX port at 0x60,0x64 irq 12
[    2.240545] hv_vmbus: registering driver hyperv_keyboard
[    2.243240] rtc_cmos 00:05: RTC can wake from S4
[    2.248498] rtc_cmos 00:05: registered as rtc0
[    2.251015] rtc_cmos 00:05: setting system clock to 2026-03-12T02:51:36 UTC (1773283896)
[    2.253347] rtc_cmos 00:05: alarms up to one day, y3k, 242 bytes nvram, hpet irqs
[    2.255773] intel_powerclamp: CPU does not support MWAIT
[    2.260920] amd_pstate: the _CPC object is not present in SBIOS or ACPI disabled
[    2.263128] sdhci: Secure Digital Host Controller Interface driver
[    2.264871] sdhci: Copyright(c) Pierre Ossman
[    2.267112] VUB300 Driver rom wait states = 1C irqpoll timeout = 0400
[    2.273705] input: AT Translated Set 2 keyboard as /devices/platform/i8042/serio0/input/input1
[    2.296664] usbcore: registered new interface driver vub300
[    2.299259] usbcore: registered new interface driver ushc
[    2.307754] hid: raw HID events driver (C) Jiri Kosina
[    2.310109] hv_vmbus: registering driver hid_hyperv
[    2.312703] usbcore: registered new interface driver usbhid
[    2.314516] usbhid: USB HID core driver
[    2.316457] hv_utils: Registering HyperV Utility Driver
[    2.320108] hv_vmbus: registering driver hv_utils
[    2.321839] hv_vmbus: registering driver hv_balloon
[    2.325226] NET: Registered PF_INET6 protocol family
[    2.341240] Segment Routing with IPv6
[    2.343407] In-situ OAM (IOAM) with IPv6
[    2.345739] NET: Registered PF_PACKET protocol family
[    2.348235] bridge: filtering via arp/ip/ip6tables is no longer available by default. Update your scripts to load br_netfilter if you need this.
[    2.357981] 8021q: 802.1Q VLAN Support v1.8
[    2.360584] NET: Registered PF_VSOCK protocol family
[    2.370371] IPI shorthand broadcast: enabled
[    2.377091] AES CTR mode by8 optimization enabled
[    2.396011] sched_clock: Marking stable (2120119738, 266872436)->(2402772522, -15780348)
[    2.447278] ata2: found unknown device (class 0)
[    2.451026] tsc: Refined TSC clocksource calibration: 2793.432 MHz
[    2.453569] clocksource: tsc: mask: 0xffffffffffffffff max_cycles: 0x28440450e86, max_idle_ns: 440795292762 ns
[    2.458975] clocksource: Switched to clocksource tsc
[    2.486815] ata2.00: ATAPI: QEMU DVD-ROM, 2.5+, max UDMA/100
[    2.507099] scsi 1:0:0:0: CD-ROM            QEMU     QEMU DVD-ROM     2.5+ PQ: 0 ANSI: 5
[    2.518242] clk: Disabling unused clocks
[    2.559219] sr 1:0:0:0: [sr0] scsi3-mmc drive: 4x/4x cd/rw xa/form2 tray
[    2.562174] cdrom: Uniform CD-ROM driver Revision: 3.20
[    2.621199] VFS: Mounted root (squashfs filesystem) readonly on device 254:2.
[    2.683581] Freeing unused kernel image (initmem) memory: 1492K
[    2.686546] Write protecting the kernel read-only data: 18432k
[    2.691186] Freeing unused kernel image (rodata/data gap) memory: 1544K
[    2.693973] Run /sbin/init as init process
[    3.016366] init: Console is alive
[    3.720058] kmodloader: loading kernel modules from /etc/modules-boot.d/*
[    3.788700] button_hotplug: loading out-of-tree module taints kernel.
[    3.796073] Button Hotplug driver version 0.4.1
[    3.819467] Intel(R) 2.5G Ethernet Linux Driver
[    3.822337] Copyright(c) 2018 Intel Corporation.
[    3.838865] igb: Intel(R) Gigabit Ethernet Network Driver
[    3.841633] igb: Copyright (c) 2007-2014 Intel Corporation.
[    3.859024] e1000e: Intel(R) PRO/1000 Network Driver
[    3.861679] e1000e: Copyright(c) 1999 - 2015 Intel Corporation.
[    3.875280] kmodloader: done loading kernel modules from /etc/modules-boot.d/*
[    3.895701] init: - preinit -
[    5.096182] 8021q: adding VLAN 0 to HW filter on device eth0
Press the [f] key and hit [enter] to enter failsafe mode
Press the [1], [2], [3] or [4] key and hit [enter] to select the debug level
[    9.844232] loop0: detected capacity change from 0 to 212992
[    9.907385] loop0: detected capacity change from 212992 to 196352
[    9.922398] mount_root: overlay filesystem in /dev/loop0 has not been formatted yet
[   10.294429] EXT4-fs (loop0): mounted filesystem 6b421020-b7cc-4d96-ba26-17f052f22bb6 r/w with ordered data mode. Quota mode: disabled.
[   10.309735] mount_root: overlay filesystem has not been fully initialized yet
[   10.330291] mount_root: switching to ext4 overlay
[   10.353145] overlayfs: null uuid detected in lower fs '/', falling back to xino=off,index=off,nfs_export=off.
[   11.170862] EXT4-fs (vda1): mounted filesystem 84173db5-fa99-e35a-95c6-28613cc79ea9 r/w without journal. Quota mode: disabled.
[   11.200860] urandom-seed: Seed file not found (/etc/urandom.seed)
[   11.373372] procd: - early -
[   12.153183] procd: - ubus -
[   12.339728] procd: - init -
Please press Enter to activate this console.
root
login[1047]: root login on 'ttyS0'


BusyBox v1.37.0 (2026-03-10 12:39:04 UTC) built-in shell (ash)

  _______                     ________        __
 |       |.-----.-----.-----.|  |  |  |.----.|  |_
 |   -   ||  _  |  -__|     ||  |  |  ||   _||   _|
 |_______||   __|_____|__|__||________||__|  |____|
          |__| W I R E L E S S   F R E E D O M
 -----------------------------------------------------
 OpenWrt 25.12-SNAPSHOT, r32740-568caba81f Dave's Guitar
 -----------------------------------------------------

 === WARNING! =====================================
 There is no root password defined on this device!
 Use the "passwd" command to set up a new password
 in order to prevent unauthorized SSH logins.
 --------------------------------------------------

  ___   __ __                _______             __
 |   |_|__|  |--.----.-----.|   |   |-----.-----|  |--.
 |     |  |  _  |   _|  -__||       |  -__|__ --|     |
 |_____|__|_____|__| |_____||__|_|__|_____|_____|__|__|

 ------------------------------------------------------
 LiMe master development (master rev. 7929208 20260304_1752)
 ------------------------------------------------------
 https://libremesh.org
 ------------------------------------------------------

 === System Notes =================================================

 = edit via http://thisnode.info/app/#/notes or /etc/banner.notes =


 OpenWrt recently switched to the "apk" package manager!

 OPKG Command           APK Equivalent      Description
 ------------------------------------------------------------------
 opkg install <pkg>     apk add <pkg>       Install a package
 opkg remove <pkg>      apk del <pkg>       Remove a package
 opkg upgrade           apk upgrade         Upgrade all packages
 opkg files <pkg>       apk info -L <pkg>   List package contents
 opkg list-installed    apk info            List installed packages
 opkg update            apk update          Update package lists
 opkg search <pkg>      apk search <pkg>    Search for packages
 ------------------------------------------------------------------

For more information visit:
https://openwrt.org/docs/guide-user/additional-software/opkg-to-apk-cheatsheet

root@(none):~# dmesg -n 1
root@(none):~# echo 'QKCF''OTUTOB'
QKCFOTUTOB
root@(none):~# run() { echo -n "$MARKER"; sh -c "$@"; echo "$MARKER $?"; }
root@(none):~# echo 'CJPV''XGHCWF'
CJPVXGHCWF
root@(none):~# MARKER='LHQX''UECAXB' run 'ubus wait_for network.interface.lan'
LHQXUECAXB