Labgrid Console Logfile for main
Logfile started at 2026-03-07 02:08:40.075002
=== Log starts here ===
c[?7l[2J[0mSeaBIOS (version 1.16.3-debian-1.16.3-2)


iPXE (https://ipxe.org) 00:03.0 CA00 PCI2.10 PnP PMM+06FCAE70+06F0AE70 CA00
Press Ctrl-B to configure iPXE (PCI 00:03.0)...                                                                               




iPXE (https://ipxe.org) 00:05.0 CB00 PCI2.10 PnP PMM 06FCAE70 06F0AE70 CB00
Press Ctrl-B to configure iPXE (PCI 00:05.0)...                                                                               


Booting from Hard Disk...
GRUB loading.....
[0;30;47mWelcome to GRUB!

[01;01H[0m[2J[H[J[1;1H[?25l[m[H[J[1;1H[2;30HGNU GRUB  version 2.12

[m[4;2H+----------------------------------------------------------------------------+[5;2H|[5;79H|[6;2H|[6;79H|[7;2H|[7;79H|[8;2H|[8;79H|[9;2H|[9;79H|[10;2H|[10;79H|[11;2H|[11;79H|[12;2H|[12;79H|[13;2H|[13;79H|[14;2H|[14;79H|[15;2H|[15;79H|[16;2H+----------------------------------------------------------------------------+[m[17;2H[18;2H[m     Use the ^ and v keys to select which entry is highlighted.          
      Press enter to boot the selected OS, `e' to edit the commands       
      before booting or `c' for a command-line. ESC to return             
      previous menu.                                                      [5;80H [7m[5;3H*OpenWrt                                                                    [m[5;78H[m[m[6;3H OpenWrt (failsafe)                                                         [m[6;78H[m[m[7;3H                                                                            [m[7;78H[m[m[8;3H                                                                            [m[8;78H[m[m[9;3H                                                                            [m[9;78H[m[m[10;3H                                                                            [m[10;78H[m[m[11;3H                                                                            [m[11;78H[m[m[12;3H                                                                            [m[12;78H[m[m[13;3H                                                                            [m[13;78H[m[m[14;3H                                                                            [m[14;78H[m[m[15;3H                                                                            [m[15;78H[m[15;80H [5;78H[2J[02;30HGNU GRUB  version 2.12[04;02H┌────────────────────────────────────[04;38H[04;39H────────────────────────────────────────┐[05;02H│[05;79H│[06;02H│[06;79H│[07;02H│[07;79H│[08;02H│[08;79H│[09;02H│[09;79H│[10;02H│[10;79H│[11;02H│[11;79H│[12;02H│[12;79H│[13;02H│[13;79H│[14;02H│[14;79H│[15;02H│[15;79H│[16;02H│[16;79H│[17;02H└────────────────────────────────────────────────────────────────────────────┘[19;02H     Use the ↑ and ↓ keys to select which entry is highlighted.          
      Press enter to boot the selected OS, `e' to edit the commands       
      before [21;13H[21;14Hbooting or `c' for a command-line. ESC to return             
      previous menu.                                                      [05;80H [05;03H[0;30;47m*OpenWrt                                                                    [06;03H[0m OpenWrt (failsafe)                                                         [07;03H                               [07;33H[07;34H                                             [08;03H                                                                            [09;03H                                                                            [10;03H                                                                            [11;03H                                                                            [12;03H                                                                            [13;03H                                                       [13;57H[13;58H                     [14;03H                                                                            [15;03H                                                               [15;65H[15;66H             [16;03H                                                                            [16;80H 






   The highlighted entry will be executed automatically in 5s.     [23;67H[23;68H           [22;1H   The highlighted entry will be executed automatically in 5s.                 [5;78H [05;78H

















   The highlighted entry will be executed automatically in 4s.                [22;1H   The highlighted entry will be executed automatically in 4s.                 [5;78H [05;78H

















 [23;02H  The highlighted entry will be executed automatically in 3s.                [22;1H   The highlighted entry will be executed automatically in 3s.                 [5;78H [05;78H

















   The highlighted entry will be executed automatically in 2s.                [22;1H   The highlighted entry will be executed automatically in 2s.                 [5;78H [05;78H

















   The highlighted entry will be executed automatically in 1s.                [22;1H   The highlighted entry will be executed automatically in 1s.                 [5;78H [05;78H

















   The highlighted entry will be executed automatically in 0s[23;61H[23;62H.                [22;1H   The highlighted entry will be executed automatically in 0s.                 [5;78H [01;01H[2J[?25h[H[J[1;1H[H[J[1;1H[2J   Booting `OpenWrt' Booting `OpenWrt

'

[    0.000000] Linux version 6.12.71 (builder@buildhost) (x86_64-openwrt-linux-musl-gcc (OpenWrt GCC 14.3.0 r32718-274f6e5ab8) 14.3.0, GNU ld (GNU Binutils) 2.44) #0 SMP Fri Mar  6 11:07:42 2026
[    0.000000] Command line: BOOT_IMAGE=/boot/vmlinuz root=PARTUUID=bc30ad2e-02 rootwait console=tty1 console=ttyS0,115200n8 noinitrd
[    0.000000] BIOS-provided physical RAM map:
[    0.000000] BIOS-e820: [mem 0x0000000000000000-0x000000000009fbff] usable
[    0.000000] BIOS-e820: [mem 0x000000000009fc00-0x000000000009ffff] reserved
[    0.000000] BIOS-e820: [mem 0x00000000000f0000-0x00000000000fffff] reserved
[    0.000000] BIOS-e820: [mem 0x0000000000100000-0x0000000007fdcfff] usable
[    0.000000] BIOS-e820: [mem 0x0000000007fdd000-0x0000000007ffffff] reserved
[    0.000000] BIOS-e820: [mem 0x00000000fffc0000-0x00000000ffffffff] reserved
[    0.000000] BIOS-e820: [mem 0x000000fd00000000-0x000000ffffffffff] reserved
[    0.000000] NX (Execute Disable) protection: active
[    0.000000] APIC: Static calls initialized
[    0.000000] SMBIOS 3.0.0 present.
[    0.000000] DMI: QEMU Standard PC (i440FX + PIIX, 1996), BIOS 1.16.3-debian-1.16.3-2 04/01/2014
[    0.000000] DMI: Memory slots populated: 1/1
[    0.000000] tsc: Fast TSC calibration using PIT
[    0.000000] tsc: Detected 2445.433 MHz processor
[    0.007417] last_pfn = 0x7fdd max_arch_pfn = 0x400000000
[    0.008021] MTRR map: 4 entries (3 fixed + 1 variable; max 19), built from 8 variable MTRRs
[    0.008207] x86/PAT: Configuration [0-7]: WB  WC  UC- UC  WB  WP  UC- WT  
[    0.028092] found SMP MP-table at [mem 0x000f5460-0x000f546f]
[    0.029507] Using GB pages for direct mapping
[    0.033851] ACPI: Early table checksum verification disabled
[    0.034205] ACPI: RSDP 0x00000000000F5290 000014 (v00 BOCHS )
[    0.034508] ACPI: RSDT 0x0000000007FE1C64 000034 (v01 BOCHS  BXPC     00000001 BXPC 00000001)
[    0.035006] ACPI: FACP 0x0000000007FE1B18 000074 (v01 BOCHS  BXPC     00000001 BXPC 00000001)
[    0.035601] ACPI: DSDT 0x0000000007FE0040 001AD8 (v01 BOCHS  BXPC     00000001 BXPC 00000001)
[    0.035683] ACPI: FACS 0x0000000007FE0000 000040
[    0.035734] ACPI: APIC 0x0000000007FE1B8C 000078 (v03 BOCHS  BXPC     00000001 BXPC 00000001)
[    0.035754] ACPI: HPET 0x0000000007FE1C04 000038 (v01 BOCHS  BXPC     00000001 BXPC 00000001)
[    0.035772] ACPI: WAET 0x0000000007FE1C3C 000028 (v01 BOCHS  BXPC     00000001 BXPC 00000001)
[    0.035845] ACPI: Reserving FACP table memory at [mem 0x7fe1b18-0x7fe1b8b]
[    0.035894] ACPI: Reserving DSDT table memory at [mem 0x7fe0040-0x7fe1b17]
[    0.035901] ACPI: Reserving FACS table memory at [mem 0x7fe0000-0x7fe003f]
[    0.035907] ACPI: Reserving APIC table memory at [mem 0x7fe1b8c-0x7fe1c03]
[    0.035913] ACPI: Reserving HPET table memory at [mem 0x7fe1c04-0x7fe1c3b]
[    0.035918] ACPI: Reserving WAET table memory at [mem 0x7fe1c3c-0x7fe1c63]
[    0.038937] Zone ranges:
[    0.038965]   DMA      [mem 0x0000000000001000-0x0000000000ffffff]
[    0.039041]   DMA32    [mem 0x0000000001000000-0x0000000007fdcfff]
[    0.039051]   Normal   empty
[    0.039067] Movable zone start for each node
[    0.039099] Early memory node ranges
[    0.039125]   node   0: [mem 0x0000000000001000-0x000000000009efff]
[    0.039195]   node   0: [mem 0x0000000000100000-0x0000000007fdcfff]
[    0.039319] Initmem setup node 0 [mem 0x0000000000001000-0x0000000007fdcfff]
[    0.040347] On node 0, zone DMA: 1 pages in unavailable ranges
[    0.040816] On node 0, zone DMA: 97 pages in unavailable ranges
[    0.042860] On node 0, zone DMA32: 35 pages in unavailable ranges
[    0.043217] ACPI: PM-Timer IO Port: 0x608
[    0.043606] ACPI: LAPIC_NMI (acpi_id[0xff] dfl dfl lint[0x1])
[    0.044012] IOAPIC[0]: apic_id 0, version 32, address 0xfec00000, GSI 0-23
[    0.044124] ACPI: INT_SRC_OVR (bus 0 bus_irq 0 global_irq 2 dfl dfl)
[    0.044390] ACPI: INT_SRC_OVR (bus 0 bus_irq 5 global_irq 5 high level)
[    0.044440] ACPI: INT_SRC_OVR (bus 0 bus_irq 9 global_irq 9 high level)
[    0.044537] ACPI: INT_SRC_OVR (bus 0 bus_irq 10 global_irq 10 high level)
[    0.044546] ACPI: INT_SRC_OVR (bus 0 bus_irq 11 global_irq 11 high level)
[    0.044726] ACPI: Using ACPI (MADT) for SMP configuration information
[    0.044770] ACPI: HPET id: 0x8086a201 base: 0xfed00000
[    0.045263] CPU topo: Max. logical packages:   1
[    0.045280] CPU topo: Max. logical dies:       1
[    0.045289] CPU topo: Max. dies per package:   1
[    0.045335] CPU topo: Max. threads per core:   1
[    0.045498] CPU topo: Num. cores per package:     1
[    0.045513] CPU topo: Num. threads per package:   1
[    0.045522] CPU topo: Allowing 1 present CPUs plus 0 hotplug CPUs
[    0.046713] [mem 0x08000000-0xfffbffff] available for PCI devices
[    0.046782] Booting paravirtualized kernel on bare hardware
[    0.047111] clocksource: refined-jiffies: mask: 0xffffffff max_cycles: 0xffffffff, max_idle_ns: 19112604462750000 ns
[    0.047831] setup_percpu: NR_CPUS:512 nr_cpumask_bits:1 nr_cpu_ids:1 nr_node_ids:1
[    0.049834] percpu: Embedded 48 pages/cpu s158104 r8192 d30312 u2097152
[    0.052128] Kernel command line: BOOT_IMAGE=/boot/vmlinuz root=PARTUUID=bc30ad2e-02 rootwait console=tty1 console=ttyS0,115200n8 noinitrd
[    0.053771] random: crng init done
[    0.058471] Dentry cache hash table entries: 16384 (order: 5, 131072 bytes, linear)
[    0.059436] Inode-cache hash table entries: 8192 (order: 4, 65536 bytes, linear)
[    0.062262] Built 1 zonelists, mobility grouping on.  Total pages: 32635
[    0.062485] mem auto-init: stack:off, heap alloc:off, heap free:off
[    0.072350] SLUB: HWalign=64, Order=0-3, MinObjects=0, CPUs=1, Nodes=1
[    0.080193] rcu: Hierarchical RCU implementation.
[    0.080223] rcu: 	RCU restricting CPUs from NR_CPUS=512 to nr_cpu_ids=1.
[    0.080372] 	Tracing variant of Tasks RCU enabled.
[    0.080466] rcu: RCU calculated value of scheduler-enlistment delay is 10 jiffies.
[    0.080496] rcu: Adjusting geometry for rcu_fanout_leaf=16, nr_cpu_ids=1
[    0.081646] RCU Tasks Trace: Setting shift to 0 and lim to 1 rcu_task_cb_adjust=1 rcu_task_cpu_ids=1.
[    0.081776] NR_IRQS: 33024, nr_irqs: 256, preallocated irqs: 16
[    0.090586] rcu: srcu_init: Setting srcu_struct sizes based on contention.
[    0.097502] Console: colour VGA+ 80x25
[    0.097926] printk: legacy console [tty1] enabled
[    0.106076] printk: legacy console [ttyS0] enabled
[    0.349369] ACPI: Core revision 20240827
[    0.354601] clocksource: hpet: mask: 0xffffffff max_cycles: 0xffffffff, max_idle_ns: 19112604467 ns
[    0.364068] APIC: Switch to symmetric I/O mode setup
[    0.368797] ..TIMER: vector=0x30 apic1=0 pin1=2 apic2=-1 pin2=-1
[    0.411204] clocksource: tsc-early: mask: 0xffffffffffffffff max_cycles: 0x233fde66930, max_idle_ns: 440795269764 ns
[    0.411934] Calibrating delay loop (skipped), value calculated using timer frequency.. 4890.86 BogoMIPS (lpj=24454330)
[    0.413993] x86/cpu: User Mode Instruction Prevention (UMIP) activated
[    0.429337] Last level iTLB entries: 4KB 0, 2MB 0, 4MB 0
[    0.432078] Last level dTLB entries: 4KB 0, 2MB 0, 4MB 0, 1GB 0
[    0.433163] Spectre V1 : Mitigation: usercopy/swapgs barriers and __user pointer sanitization
[    0.434268] Spectre V2 : Mitigation: Retpolines
[    0.434520] Spectre V2 : Spectre v2 / SpectreRSB: Filling RSB on context switch and VMEXIT
[    0.434977] Speculative Store Bypass: Vulnerable
[    0.443897] x86/fpu: Supporting XSAVE feature 0x001: 'x87 floating point registers'
[    0.448578] x86/fpu: Supporting XSAVE feature 0x002: 'SSE registers'
[    0.448882] x86/fpu: Supporting XSAVE feature 0x004: 'AVX registers'
[    0.449140] x86/fpu: Supporting XSAVE feature 0x008: 'MPX bounds registers'
[    0.452833] x86/fpu: Supporting XSAVE feature 0x010: 'MPX CSR'
[    0.453291] x86/fpu: xstate_offset[2]:  576, xstate_sizes[2]:  256
[    0.453664] x86/fpu: xstate_offset[3]:  960, xstate_sizes[3]:   64
[    0.453910] x86/fpu: xstate_offset[4]: 1024, xstate_sizes[4]:   64
[    0.461861] x86/fpu: Enabled xstate features 0x1f, context size is 1088 bytes, using 'standard' format.
[    0.685914] Freeing SMP alternatives memory: 40K
[    0.686753] pid_max: default: 32768 minimum: 301
[    0.696171] Mount-cache hash table entries: 512 (order: 0, 4096 bytes, linear)
[    0.696579] Mountpoint-cache hash table entries: 512 (order: 0, 4096 bytes, linear)
[    0.848304] smpboot: CPU0: AMD QEMU TCG CPU version 2.5+ (family: 0x6, model: 0x6, stepping: 0x3)
[    0.852455] Performance Events: PMU not available due to virtualization, using software events only.
[    0.854071] signal: max sigframe size: 1616
[    0.871521] rcu: Hierarchical SRCU implementation.
[    0.872038] rcu: 	Max phase no-delay instances is 1000.
[    0.881684] smp: Bringing up secondary CPUs ...
[    0.884279] smp: Brought up 1 node, 1 CPU
[    0.884582] smpboot: Total of 1 processors activated (4890.86 BogoMIPS)
[    0.892326] Memory: 103276K/130540K available (14336K kernel code, 1177K rwdata, 2552K rodata, 1492K init, 1304K bss, 25620K reserved, 0K cma-reserved)
[    0.905563] clocksource: jiffies: mask: 0xffffffff max_cycles: 0xffffffff, max_idle_ns: 19112604462750000 ns
[    0.906431] futex hash table entries: 256 (order: 2, 16384 bytes, linear)
[    0.907756] pinctrl core: initialized pinctrl subsystem
[    0.927638] NET: Registered PF_NETLINK/PF_ROUTE protocol family
[    0.933896] thermal_sys: Registered thermal governor 'step_wise'
[    0.933934] thermal_sys: Registered thermal governor 'user_space'
[    0.934898] cpuidle: using governor ladder
[    0.936556] acpiphp: ACPI Hot Plug PCI Controller Driver version: 0.5
[    0.941072] PCI: Using configuration type 1 for base access
[    0.949769] cryptd: max_cpu_qlen set to 1000
[    0.956057] ACPI: Added _OSI(Module Device)
[    0.956279] ACPI: Added _OSI(Processor Device)
[    0.956464] ACPI: Added _OSI(Processor Aggregator Device)
[    0.970641] ACPI: 1 ACPI AML tables successfully acquired and loaded
[    0.987204] ACPI: Interpreter enabled
[    0.988005] ACPI: PM: (supports S0 S5)
[    0.988231] ACPI: Using IOAPIC for interrupt routing
[    0.988962] PCI: Using host bridge windows from ACPI; if necessary, use "pci=nocrs" and report a bug
[    0.989361] PCI: Using E820 reservations for host bridge windows
[    0.993626] ACPI: Enabled 2 GPEs in block 00 to 0F
[    1.029897] ACPI: PCI Root Bridge [PCI0] (domain 0000 [bus 00-ff])
[    1.030785] acpi PNP0A03:00: _OSC: OS supports [ASPM ClockPM Segments MSI HPX-Type3]
[    1.031830] acpi PNP0A03:00: _OSC: not requesting OS control; OS requires [ExtendedConfig ASPM ClockPM MSI]
[    1.032794] acpi PNP0A03:00: fail to add MMCONFIG information, can't access extended configuration space under this bridge
[    1.045586] acpiphp: Slot [3] registered
[    1.045941] acpiphp: Slot [4] registered
[    1.046215] acpiphp: Slot [5] registered
[    1.046475] acpiphp: Slot [6] registered
[    1.051716] acpiphp: Slot [7] registered
[    1.052163] acpiphp: Slot [8] registered
[    1.053862] acpiphp: Slot [9] registered
[    1.054123] acpiphp: Slot [10] registered
[    1.054386] acpiphp: Slot [11] registered
[    1.054647] acpiphp: Slot [12] registered
[    1.054923] acpiphp: Slot [13] registered
[    1.062094] acpiphp: Slot [14] registered
[    1.062539] acpiphp: Slot [15] registered
[    1.062984] acpiphp: Slot [16] registered
[    1.063268] acpiphp: Slot [17] registered
[    1.063543] acpiphp: Slot [18] registered
[    1.063854] acpiphp: Slot [19] registered
[    1.072110] acpiphp: Slot [20] registered
[    1.072526] acpiphp: Slot [21] registered
[    1.072941] acpiphp: Slot [22] registered
[    1.073216] acpiphp: Slot [23] registered
[    1.073484] acpiphp: Slot [24] registered
[    1.073745] acpiphp: Slot [25] registered
[    1.082093] acpiphp: Slot [26] registered
[    1.082533] acpiphp: Slot [27] registered
[    1.082945] acpiphp: Slot [28] registered
[    1.083218] acpiphp: Slot [29] registered
[    1.083491] acpiphp: Slot [30] registered
[    1.083751] acpiphp: Slot [31] registered
[    1.092303] PCI host bridge to bus 0000:00
[    1.093059] pci_bus 0000:00: root bus resource [io  0x0000-0x0cf7 window]
[    1.093460] pci_bus 0000:00: root bus resource [io  0x0d00-0xffff window]
[    1.093744] pci_bus 0000:00: root bus resource [mem 0x000a0000-0x000bffff window]
[    1.101916] pci_bus 0000:00: root bus resource [mem 0x08000000-0xfebfffff window]
[    1.102422] pci_bus 0000:00: root bus resource [mem 0x100000000-0x17fffffff window]
[    1.103001] pci_bus 0000:00: root bus resource [bus 00-ff]
[    1.104438] pci 0000:00:00.0: [8086:1237] type 00 class 0x060000 conventional PCI endpoint
[    1.122657] pci 0000:00:01.0: [8086:7000] type 00 class 0x060100 conventional PCI endpoint
[    1.123594] pci 0000:00:01.1: [8086:7010] type 00 class 0x010180 conventional PCI endpoint
[    1.126703] pci 0000:00:01.1: BAR 4 [io  0xc0e0-0xc0ef]
[    1.130700] pci 0000:00:01.1: BAR 0 [io  0x01f0-0x01f7]: legacy IDE quirk
[    1.131038] pci 0000:00:01.1: BAR 1 [io  0x03f6]: legacy IDE quirk
[    1.131312] pci 0000:00:01.1: BAR 2 [io  0x0170-0x0177]: legacy IDE quirk
[    1.131599] pci 0000:00:01.1: BAR 3 [io  0x0376]: legacy IDE quirk
[    1.132897] pci 0000:00:01.3: [8086:7113] type 00 class 0x068000 conventional PCI endpoint
[    1.141985] pci 0000:00:01.3: quirk: [io  0x0600-0x063f] claimed by PIIX4 ACPI
[    1.142319] pci 0000:00:01.3: quirk: [io  0x0700-0x070f] claimed by PIIX4 SMB
[    1.143124] pci 0000:00:02.0: [1234:1111] type 00 class 0x030000 conventional PCI endpoint
[    1.152156] pci 0000:00:02.0: BAR 0 [mem 0xfd000000-0xfdffffff pref]
[    1.153729] pci 0000:00:02.0: BAR 2 [mem 0xfeb90000-0xfeb90fff]
[    1.156527] pci 0000:00:02.0: ROM [mem 0xfeb80000-0xfeb8ffff pref]
[    1.162253] pci 0000:00:02.0: Video device with shadowed ROM at [mem 0x000c0000-0x000dffff]
[    1.163535] pci 0000:00:03.0: [1af4:1000] type 00 class 0x020000 conventional PCI endpoint
[    1.164671] pci 0000:00:03.0: BAR 0 [io  0xc080-0xc09f]
[    1.167406] pci 0000:00:03.0: BAR 4 [mem 0xfe000000-0xfe003fff 64bit pref]
[    1.172944] pci 0000:00:03.0: ROM [mem 0xfea80000-0xfeafffff pref]
[    1.178056] pci 0000:00:04.0: [1af4:1005] type 00 class 0x00ff00 conventional PCI endpoint
[    1.180116] pci 0000:00:04.0: BAR 0 [io  0xc0a0-0xc0bf]
[    1.182125] pci 0000:00:04.0: BAR 1 [mem 0xfeb91000-0xfeb91fff]
[    1.186905] pci 0000:00:04.0: BAR 4 [mem 0xfe004000-0xfe007fff 64bit pref]
[    1.193209] pci 0000:00:05.0: [1af4:1000] type 00 class 0x020000 conventional PCI endpoint
[    1.194500] pci 0000:00:05.0: BAR 0 [io  0xc0c0-0xc0df]
[    1.195588] pci 0000:00:05.0: BAR 1 [mem 0xfeb92000-0xfeb92fff]
[    1.197794] pci 0000:00:05.0: BAR 4 [mem 0xfe008000-0xfe00bfff 64bit pref]
[    1.198726] pci 0000:00:05.0: ROM [mem 0xfeb00000-0xfeb7ffff pref]
[    1.202540] pci 0000:00:06.0: [1af4:1001] type 00 class 0x010000 conventional PCI endpoint
[    1.207069] pci 0000:00:06.0: BAR 0 [io  0xc000-0xc07f]
[    1.207804] pci 0000:00:06.0: BAR 1 [mem 0xfeb93000-0xfeb93fff]
[    1.209485] pci 0000:00:06.0: BAR 4 [mem 0xfe00c000-0xfe00ffff 64bit pref]
[    1.218121] ACPI: PCI: Interrupt link LNKA configured for IRQ 10
[    1.219027] ACPI: PCI: Interrupt link LNKB configured for IRQ 10
[    1.219666] ACPI: PCI: Interrupt link LNKC configured for IRQ 11
[    1.220331] ACPI: PCI: Interrupt link LNKD configured for IRQ 11
[    1.220769] ACPI: PCI: Interrupt link LNKS configured for IRQ 9
[    1.233275] iommu: Default domain type: Translated
[    1.233515] iommu: DMA domain TLB invalidation policy: lazy mode
[    1.236450] SCSI subsystem initialized
[    1.238073] ACPI: bus type USB registered
[    1.238623] usbcore: registered new interface driver usbfs
[    1.240112] usbcore: registered new interface driver hub
[    1.240654] usbcore: registered new device driver usb
[    1.241239] pps_core: LinuxPPS API ver. 1 registered
[    1.241456] pps_core: Software ver. 5.3.6 - Copyright 2005-2007 Rodolfo Giometti <giometti@linux.it>
[    1.242106] PTP clock support registered
[    1.261764] PCI: Using ACPI for IRQ routing
[    1.263973] hpet0: at MMIO 0xfed00000, IRQs 2, 8, 0
[    1.264267] hpet0: 3 comparators, 64-bit 100.000000 MHz counter
[    1.268956] clocksource: Switched to clocksource tsc-early
[    1.268956] pnp: PnP ACPI init
[    1.270456] pnp: PnP ACPI: found 6 devices
[    1.284476] clocksource: acpi_pm: mask: 0xffffff max_cycles: 0xffffff, max_idle_ns: 2085701024 ns
[    1.286375] NET: Registered PF_INET protocol family
[    1.287592] IP idents hash table entries: 2048 (order: 2, 16384 bytes, linear)
[    1.293615] tcp_listen_portaddr_hash hash table entries: 256 (order: 0, 4096 bytes, linear)
[    1.295364] Table-perturb hash table entries: 65536 (order: 6, 262144 bytes, linear)
[    1.295833] TCP established hash table entries: 1024 (order: 1, 8192 bytes, linear)
[    1.296320] TCP bind hash table entries: 1024 (order: 3, 32768 bytes, linear)
[    1.306191] TCP: Hash tables configured (established 1024 bind 1024)
[    1.308137] MPTCP token hash table entries: 256 (order: 1, 6144 bytes, linear)
[    1.308678] UDP hash table entries: 256 (order: 1, 8192 bytes, linear)
[    1.309161] UDP-Lite hash table entries: 256 (order: 1, 8192 bytes, linear)
[    1.318636] NET: Registered PF_UNIX/PF_LOCAL protocol family
[    1.320030] pci_bus 0000:00: resource 4 [io  0x0000-0x0cf7 window]
[    1.320301] pci_bus 0000:00: resource 5 [io  0x0d00-0xffff window]
[    1.320548] pci_bus 0000:00: resource 6 [mem 0x000a0000-0x000bffff window]
[    1.327911] pci_bus 0000:00: resource 7 [mem 0x08000000-0xfebfffff window]
[    1.328318] pci_bus 0000:00: resource 8 [mem 0x100000000-0x17fffffff window]
[    1.329056] pci 0000:00:01.0: PIIX3: Enabling Passive Release
[    1.338818] pci 0000:00:00.0: Limiting direct PCI/PCI transfers
[    1.339284] PCI: CLS 0 bytes, default 64
[    1.358939] workingset: timestamp_bits=46 max_order=15 bucket_order=0
[    1.361696] squashfs: version 4.0 (2009/01/31) Phillip Lougher
[    1.364733] Block layer SCSI generic (bsg) driver version 0.4 loaded (major 247)
[    1.368939] hv_vmbus: registering driver hyperv_fb
[    1.372615] input: Power Button as /devices/LNXSYSTM:00/LNXPWRBN:00/input/input0
[    1.381170] ACPI: button: Power Button [PWRF]
[    1.540431] ACPI: \_SB_.LNKC: Enabled at IRQ 11
[    1.691721] ACPI: \_SB_.LNKD: Enabled at IRQ 10
[    1.841405] ACPI: \_SB_.LNKA: Enabled at IRQ 10
[    1.991492] ACPI: \_SB_.LNKB: Enabled at IRQ 11
[    1.993485] Serial: 8250/16550 driver, 16 ports, IRQ sharing enabled
[    2.019137] 00:04: ttyS0 at I/O 0x3f8 (irq = 4, base_baud = 115200) is a 16550A
[    2.045314] Non-volatile memory driver v1.3
[    2.056352] Linux agpgart interface v0.103
[    2.057411] ACPI: bus type drm_connector registered
[    2.060264] [drm] Found bochs VGA, ID 0xb0c5.
[    2.060494] [drm] Framebuffer size 16384 kB @ 0xfd000000, mmio @ 0xfeb90000.
[    2.066658] [drm] Found EDID data blob.
[    2.072471] [drm] Initialized bochs-drm 1.0.0 for 0000:00:02.0 on minor 0
[    2.140967] Console: switching to colour frame buffer device 160x50
[    2.150048] bochs-drm 0000:00:02.0: [drm] fb0: bochs-drmdrmfb frame buffer device
[    2.168598] loop: module loaded
[    2.169336] virtio_blk virtio3: 1/0/0 default/read/poll queues
[    2.191122] virtio_blk virtio3: [vda] 246784 512-byte logical blocks (126 MB/121 MiB)
[    2.200383]  vda: vda1 vda2
[    2.202935] Guest personality initialized and is inactive
[    2.203600] VMCI host device registered (name=vmci, major=10, minor=256)
[    2.203943] Initialized host personality
[    2.204322] usbcore: registered new interface driver rtsx_usb
[    2.205337] VMware PVSCSI driver - version 1.0.7.0-k
[    2.214482] hv_vmbus: registering driver hv_storvsc
[    2.230760] scsi host0: ata_piix
[    2.233407] scsi host1: ata_piix
[    2.234292] ata1: PATA max MWDMA2 cmd 0x1f0 ctl 0x3f6 bmdma 0xc0e0 irq 14 lpm-pol 0
[    2.234642] ata2: PATA max MWDMA2 cmd 0x170 ctl 0x376 bmdma 0xc0e8 irq 15 lpm-pol 0
[    2.245158] VMware vmxnet3 virtual NIC driver - version 1.9.0.0-k-NAPI
[    2.245815] hv_vmbus: registering driver hv_netvsc
[    2.246246] Fusion MPT base driver 3.04.20
[    2.246432] Copyright (c) 1999-2008 LSI Corporation
[    2.246823] Fusion MPT SPI Host driver 3.04.20
[    2.256281] Fusion MPT SAS Host driver 3.04.20
[    2.258418] usbcore: registered new interface driver usb-storage
[    2.259725] i8042: PNP: PS/2 Controller [PNP0303:KBD,PNP0f13:MOU] at 0x60,0x64 irq 1,12
[    2.263155] serio: i8042 KBD port at 0x60,0x64 irq 1
[    2.263559] serio: i8042 AUX port at 0x60,0x64 irq 12
[    2.270178] hv_vmbus: registering driver hyperv_keyboard
[    2.272856] rtc_cmos 00:05: RTC can wake from S4
[    2.278055] rtc_cmos 00:05: registered as rtc0
[    2.280864] rtc_cmos 00:05: setting system clock to 2026-03-07T02:08:51 UTC (1772849331)
[    2.283394] rtc_cmos 00:05: alarms up to one day, y3k, 242 bytes nvram, hpet irqs
[    2.286072] intel_powerclamp: CPU does not support MWAIT
[    2.291666] amd_pstate: the _CPC object is not present in SBIOS or ACPI disabled
[    2.293979] sdhci: Secure Digital Host Controller Interface driver
[    2.295943] sdhci: Copyright(c) Pierre Ossman
[    2.298380] VUB300 Driver rom wait states = 1C irqpoll timeout = 0400
[    2.305754] input: AT Translated Set 2 keyboard as /devices/platform/i8042/serio0/input/input1
[    2.328868] usbcore: registered new interface driver vub300
[    2.331234] usbcore: registered new interface driver ushc
[    2.339126] hid: raw HID events driver (C) Jiri Kosina
[    2.341800] hv_vmbus: registering driver hid_hyperv
[    2.344490] usbcore: registered new interface driver usbhid
[    2.346503] usbhid: USB HID core driver
[    2.348579] hv_utils: Registering HyperV Utility Driver
[    2.352246] hv_vmbus: registering driver hv_utils
[    2.354208] hv_vmbus: registering driver hv_balloon
[    2.357637] NET: Registered PF_INET6 protocol family
[    2.364846] tsc: Refined TSC clocksource calibration: 2445.429 MHz
[    2.367373] clocksource: tsc: mask: 0xffffffffffffffff max_cycles: 0x233fdac2ae5, max_idle_ns: 440795297080 ns
[    2.371493] clocksource: Switched to clocksource tsc
[    2.384218] Segment Routing with IPv6
[    2.386437] In-situ OAM (IOAM) with IPv6
[    2.388912] NET: Registered PF_PACKET protocol family
[    2.391500] bridge: filtering via arp/ip/ip6tables is no longer available by default. Update your scripts to load br_netfilter if you need this.
[    2.400589] 8021q: 802.1Q VLAN Support v1.8
[    2.403368] NET: Registered PF_VSOCK protocol family
[    2.412673] IPI shorthand broadcast: enabled
[    2.419154] AES CTR mode by8 optimization enabled
[    2.440443] sched_clock: Marking stable (2170094519, 260588646)->(2442933288, -12250123)
[    2.473433] ata2: found unknown device (class 0)
[    2.495214] ata2.00: ATAPI: QEMU DVD-ROM, 2.5+, max UDMA/100
[    2.541606] scsi 1:0:0:0: CD-ROM            QEMU     QEMU DVD-ROM     2.5+ PQ: 0 ANSI: 5
[    2.555470] clk: Disabling unused clocks
[    2.592499] sr 1:0:0:0: [sr0] scsi3-mmc drive: 4x/4x cd/rw xa/form2 tray
[    2.595124] cdrom: Uniform CD-ROM driver Revision: 3.20
[    2.642598] VFS: Mounted root (squashfs filesystem) readonly on device 254:2.
[    2.712337] Freeing unused kernel image (initmem) memory: 1492K
[    2.714990] Write protecting the kernel read-only data: 18432k
[    2.719385] Freeing unused kernel image (rodata/data gap) memory: 1544K
[    2.722229] Run /sbin/init as init process
[    2.993170] init: Console is alive
[    3.508103] kmodloader: loading kernel modules from /etc/modules-boot.d/*
[    3.565027] button_hotplug: loading out-of-tree module taints kernel.
[    3.571742] Button Hotplug driver version 0.4.1
[    3.592029] Intel(R) 2.5G Ethernet Linux Driver
[    3.594475] Copyright(c) 2018 Intel Corporation.
[    3.609992] igb: Intel(R) Gigabit Ethernet Network Driver
[    3.612504] igb: Copyright (c) 2007-2014 Intel Corporation.
[    3.628032] e1000e: Intel(R) PRO/1000 Network Driver
[    3.630501] e1000e: Copyright(c) 1999 - 2015 Intel Corporation.
[    3.642853] kmodloader: done loading kernel modules from /etc/modules-boot.d/*
[    3.662939] init: - preinit -
[    4.685985] 8021q: adding VLAN 0 to HW filter on device eth0
Press the [f] key and hit [enter] to enter failsafe mode
Press the [1], [2], [3] or [4] key and hit [enter] to select the debug level
[    9.342947] loop0: detected capacity change from 0 to 212992
[    9.381106] loop0: detected capacity change from 212992 to 200960
[    9.394446] mount_root: overlay filesystem in /dev/loop0 has not been formatted yet
[    9.744436] EXT4-fs (loop0): mounted filesystem 3efce1e2-fb56-436e-ae49-1a0b6e0727c6 r/w with ordered data mode. Quota mode: disabled.
[    9.757925] mount_root: overlay filesystem has not been fully initialized yet
[    9.775847] mount_root: switching to ext4 overlay
[    9.797010] overlayfs: null uuid detected in lower fs '/', falling back to xino=off,index=off,nfs_export=off.
[   10.533086] EXT4-fs (vda1): mounted filesystem 84173db5-fa99-e35a-95c6-28613cc79ea9 r/w without journal. Quota mode: disabled.
[   10.557024] urandom-seed: Seed file not found (/etc/urandom.seed)
[   10.699047] procd: - early -
[   11.444434] procd: - ubus -
[   11.622042] procd: - init -
Please press Enter to activate this console.
root
login[1048]: root login on 'ttyS0'


BusyBox v1.37.0 (2026-03-06 11:07:42 UTC) built-in shell (ash)

  _______                     ________        __
 |       |.-----.-----.-----.|  |  |  |.----.|  |_
 |   -   ||  _  |  -__|     ||  |  |  ||   _||   _|
 |_______||   __|_____|__|__||________||__|  |____|
          |__| W I R E L E S S   F R E E D O M
 -----------------------------------------------------
 OpenWrt 25.12-SNAPSHOT, r32718-274f6e5ab8 Dave's Guitar
 -----------------------------------------------------

 === WARNING! =====================================
 There is no root password defined on this device!
 Use the "passwd" command to set up a new password
 in order to prevent unauthorized SSH logins.
 --------------------------------------------------


 OpenWrt recently switched to the "apk" package manager!

 OPKG Command           APK Equivalent      Description
 ------------------------------------------------------------------
 opkg install <pkg>     apk add <pkg>       Install a package
 opkg remove <pkg>      apk del <pkg>       Remove a package
 opkg upgrade           apk upgrade         Upgrade all packages
 opkg files <pkg>       apk info -L <pkg>   List package contents
 opkg list-installed    apk info            List installed packages
 opkg update            apk update          Update package lists
 opkg search <pkg>      apk search <pkg>    Search for packages
 ------------------------------------------------------------------

For more information visit:
https://openwrt.org/docs/guide-user/additional-software/opkg-to-apk-cheatsheet

root@(none):~# dmesg -n 1
root@(none):~# echo 'LFHB''SYOQOQ'
LFHBSYOQOQ
root@(none):~# run() { echo -n "$MARKER"; sh -c "$@"; echo "$MARKER $?"; }
root@(none):~# echo 'VKPS''HWETWQ'
VKPSHWETWQ
root@(none):~# MARKER='NSWX''GTLNVZ' run 'ubus wait_for network.interface.lan'
NSWXGTLNVZNSWXGTLNVZ 0
root@OpenWrt:~# echo 'NMHK''FALVQE'
NMHKFALVQE
root@OpenWrt:~# MARKER='GJSH''AUEJZC' run 'ubus call network.interface.lan statu
s '"'"'{}'"'"''
GJSHAUEJZC{
	"up": true,
	"pending": false,
	"available": true,
	"autostart": true,
	"dynamic": false,
	"uptime": 0,
	"l3_device": "br-lan",
	"proto": "static",
	"device": "br-lan",
	"updated": [
		"addresses"
	],
	"metric": 0,
	"dns_metric": 0,
	"delegation": true,
	"ipv4-address": [
		{
			"address": "192.168.1.1",
			"mask": 24
		}
	],
	"ipv6-address": [
		
	],
	"ipv6-prefix": [
		
	],
	"ipv6-prefix-assignment": [
		{
			"address": "fd48:a56b:af96::",
			"mask": 60,
			"local-address": {
				"address": "fd48:a56b:af96::1",
				"mask": 60
			}
		}
	],
	"route": [
		
	],
	"dns-server": [
		
	],
	"dns-search": [
		
	],
	"neighbors": [
		
	],
	"inactive": {
		"ipv4-address": [
			
		],
		"ipv6-address": [
			
		],
		"route": [
			
		],
		"dns-server": [
			
		],
		"dns-search": [
			
		],
		"neighbors": [
			
		]
	},
	"data": {
		
	}
}
GJSHAUEJZC 0
root@OpenWrt:~# echo 'SHUG''SHVLKU'
SHUGSHVLKU
root@OpenWrt:~# MARKER='ZUSQ''MNQJOJ' run true
ZUSQMNQJOJZUSQMNQJOJ 0
root@OpenWrt:~# echo 'YWAK''SHXPVQ'
YWAKSHXPVQ
root@OpenWrt:~# MARKER='CTEH''CAOCAH' run 'source /etc/os-release; echo $BUILD_I
D'
CTEHCAOCAHr32718-274f6e5ab8
CTEHCAOCAH 0
root@OpenWrt:~# echo 'SYCC''TPFJBM'
SYCCTPFJBM
root@OpenWrt:~# MARKER='JAXT''TJCAPS' run 'ls /etc/dropbear/dropbear_rsa_host_ke
y'
JAXTTJCAPS[0;0m/etc/dropbear/dropbear_rsa_host_key[m
JAXTTJCAPS 0
root@OpenWrt:~# echo 'FKNW''XEFLMT'
FKNWXEFLMT
root@OpenWrt:~# MARKER='EFMX''EKWMQF' run 'netstat -tlpn | grep 0.0.0.0:22'
EFMXEKWMQFnetstat: showing only processes with your user ID
tcp        0      0 0.0.0.0:22              0.0.0.0:*               LISTEN      1756/dropbear
EFMXEKWMQF 0
root@OpenWrt:~# echo 'KOWC''KFLAJO'
KOWCKFLAJO
root@OpenWrt:~# MARKER='ZQBP''ALALHQ' run 'dmesg | grep br-lan | grep forwarding
'
ZQBPALALHQ[   30.211366] br-lan: port 1(eth0) entered forwarding state
ZQBPALALHQ 0
root@OpenWrt:~# echo 'TPES''UMVHUF'
TPESUMVHUF
root@OpenWrt:~# MARKER='BGVZ''EXEOMZ' run 'ubus call network.interface.lan statu
s '"'"'{}'"'"''
BGVZEXEOMZ{
	"up": true,
	"pending": false,
	"available": true,
	"autostart": true,
	"dynamic": false,
	"uptime": 7,
	"l3_device": "br-lan",
	"proto": "static",
	"device": "br-lan",
	"updated": [
		"addresses"
	],
	"metric": 0,
	"dns_metric": 0,
	"delegation": true,
	"ipv4-address": [
		{
			"address": "192.168.1.1",
			"mask": 24
		}
	],
	"ipv6-address": [
		
	],
	"ipv6-prefix": [
		
	],
	"ipv6-prefix-assignment": [
		{
			"address": "fd48:a56b:af96::",
			"mask": 60,
			"local-address": {
				"address": "fd48:a56b:af96::1",
				"mask": 60
			}
		}
	],
	"route": [
		
	],
	"dns-server": [
		
	],
	"dns-search": [
		
	],
	"neighbors": [
		
	],
	"inactive": {
		"ipv4-address": [
			
		],
		"ipv6-address": [
			
		],
		"route": [
			
		],
		"dns-server": [
			
		],
		"dns-search": [
			
		],
		"neighbors": [
			
		]
	},
	"data": {
		
	}
}
BGVZEXEOMZ 0
root@OpenWrt:~# echo 'CKGG''TPVXYN'
CKGGTPVXYN
root@OpenWrt:~# MARKER='XKQF''GJCQLQ' run 'ip -o addr show dev br-lan'
XKQFGJCQLQ4: br-lan    inet 192.168.1.1/24 brd 192.168.1.255 scope global br-lan\       valid_lft forever preferred_lft forever
4: br-lan    inet6 fd48:a56b:af96::1/60 scope global noprefixroute \       valid_lft forever preferred_lft forever
4: br-lan    inet6 fe80::5054:ff:fe12:3456/64 scope link \       valid_lft forever preferred_lft forever
XKQFGJCQLQ 0
root@OpenWrt:~# echo 'HOUY''UGETFM'
HOUYUGETFM
root@OpenWrt:~# MARKER='BFKA''KZEFHV' run 'ubus call network.interface.wan statu
s '"'"'{}'"'"''
BFKAKZEFHV{
	"up": true,
	"pending": false,
	"available": true,
	"autostart": true,
	"dynamic": false,
	"uptime": 7,
	"l3_device": "eth1",
	"proto": "dhcp",
	"device": "eth1",
	"updated": [
		"addresses",
		"routes",
		"data"
	],
	"metric": 0,
	"dns_metric": 0,
	"delegation": true,
	"ipv4-address": [
		{
			"address": "10.0.2.15",
			"mask": 24
		}
	],
	"ipv6-address": [
		
	],
	"ipv6-prefix": [
		
	],
	"ipv6-prefix-assignment": [
		
	],
	"route": [
		{
			"target": "0.0.0.0",
			"mask": 0,
			"nexthop": "10.0.2.2",
			"source": "10.0.2.15/32"
		}
	],
	"dns-server": [
		"10.0.2.3"
	],
	"dns-search": [
		
	],
	"neighbors": [
		
	],
	"inactive": {
		"ipv4-address": [
			
		],
		"ipv6-address": [
			
		],
		"route": [
			
		],
		"dns-server": [
			
		],
		"dns-search": [
			
		],
		"neighbors": [
			
		]
	},
	"data": {
		"dhcpserver": "10.0.2.2",
		"leasetime": 86400
	}
}
BFKAKZEFHV 0
root@OpenWrt:~# 