Labgrid Console Logfile for main
Logfile started at 2026-04-09 01:29:18.135938
=== Log starts here ===
c[?7l[2J[0mSeaBIOS (version 1.16.3-debian-1.16.3-2)


iPXE (https://ipxe.org) 00:03.0 CA00 PCI2.10 PnP PMM+06FCAE70+06F0AE70 CA00
Press Ctrl-B to configure iPXE (PCI 00:03.0)...                                                                               




iPXE (https://ipxe.org) 00:05.0 CB00 PCI2.10 PnP PMM 06FCAE70 06F0AE70 CB00
Press Ctrl-B to configure iPXE (PCI 00:05.0)...                                                                               


Booting from Hard Disk...
GRUB loading.....
[0;30;47mWelcome to GRUB![01;01H[0m[2J[H[J[1;1H[?25l[m[H[J[1;1H[2;30HGNU GRUB  version 2.12

[m[4;2H+----------------------------------------------------------------------------+[5;2H|[5;79H|[6;2H|[6;79H|[7;2H|[7;79H|[8;2H|[8;79H|[9;2H|[9;79H|[10;2H|[10;79H|[11;2H|[11;79H|[12;2H|[12;79H|[13;2H|[13;79H|[14;2H|[14;79H|[15;2H|[15;79H|[16;2H+----------------------------------------------------------------------------+[m[17;2H[18;2H[m     Use the ^ and v keys to select which entry is highlighted.          
      Press enter to boot the selected OS, `e' to edit the commands       
      before booting or `c' for a command-line. ESC to return             
      previous menu.                                                      [5;80H [7m[5;3H*OpenWrt                                                                    [m[5;78H[m[m[6;3H OpenWrt (failsafe)                                                         [m[6;78H[m[m[7;3H                                                                            [m[7;78H[m[m[8;3H                                                                            [m[8;78H[m[m[9;3H                                                                            [m[9;78H[m[m[10;3H                                                                            [m[10;78H[m[m[11;3H                                                                            [m[11;78H[m[m[12;3H                                                                            [m[12;78H[m[m[13;3H                                                                            [m[13;78H[m[m[14;3H                                                                            [m[14;78H[m[m[15;3H                                                                            [m[15;78H[m[15;80H [5;78H[2J[02;30HGNU GRUB  version 2.12[04;02H┌────────────────────────────────────────────────────────────────────────────┐[05;02H│[05;79H│[06;02H│[06;79H│[07;02H│[07;79H│[08;02H│[08;79H│[09;02H│[09;79H│[10;02H│[10;79H│[11;02H│[11;79H│[12;02H│[12;79H│[13;02H│[13;79H│[14;02H│[14;79H│[15;02H│[15;79H│[16;02H│[16;79H│[17;02H└────────────────────────────────────────────────────────────────────────────┘[19;02H     Use the ↑ and ↓ keys to select which entry is highlighted.          
      Press enter to boot the selected OS, `e' to edit the commands       
      before booting or `c' for a command-line. ESC to return             
      previous menu.                                                      [05;80H [05;03H[0;30;47m*OpenWrt                                                                    [06;03H[0m OpenWrt (failsafe)                                                         [07;03H                                                                            [08;03H                                                                            [09;03H                                                        [09;58H[09;59H                    [10;03H                                                                            [11;03H                                                              [11;64H[11;65H              [12;03H                                                                            [13;03H                                                                            [14;03H                                                                            [15;03H                                                                            [16;03H                                                                            [16;80H 






   The highlighted entry will be executed automatically in 5s.                [22;1H   The highlighted entry will be executed automatically in 5s.                 [5;78H [05;78H

















   The highlighted entry will be executed au[23;44H[23;45Htomatically in 4s.                [22;1H   The highlighted entry will be executed automatically in 4s.                 [5;78H [05;78H

















   The high[23;11H[23;12Hlighted entry will be executed automatically in 3s.                [22;1H   The highlighted entry will be executed automatically in 3s.                 [5;78H [05;78H

















   The highlighted entry will be executed automatically in 2s.                [22;1H   The highlighted entry will be executed automatically in 2s.                 [5;78H [05;78H

















   The highlighted entry will be executed automatically in 1s.                [22;1H   The highlighted entry will be executed automatically in 1s.                 [5;78H [05;78H

















   The highlighted entry will be executed automatically in 0s.        [23;70H[23;71H        [22;1H   The highlighted entry will be executed automatically in 0s.                 [5;78H [01;01H[2J[?25h[H[J[1;1H[H[J[1;1H[2J   Booting `OpenWrt' Booting `OpenWrt

'

[    0.000000] Linux version 6.12.79 (builder@buildhost) (x86_64-openwrt-linux-musl-gcc (OpenWrt GCC 14.3.0 r32842-865229fad9) 14.3.0, GNU ld (GNU Binutils) 2.44) #0 SMP Wed Apr  8 08:04:02 2026
[    0.000000] Command line: BOOT_IMAGE=/boot/vmlinuz root=PARTUUID=ebeef989-02 rootwait console=tty1 console=ttyS0,115200n8 noinitrd
[    0.000000] BIOS-provided physical RAM map:
[    0.000000] BIOS-e820: [mem 0x0000000000000000-0x000000000009fbff] usable
[    0.000000] BIOS-e820: [mem 0x000000000009fc00-0x000000000009ffff] reserved
[    0.000000] BIOS-e820: [mem 0x00000000000f0000-0x00000000000fffff] reserved
[    0.000000] BIOS-e820: [mem 0x0000000000100000-0x0000000007fdcfff] usable
[    0.000000] BIOS-e820: [mem 0x0000000007fdd000-0x0000000007ffffff] reserved
[    0.000000] BIOS-e820: [mem 0x00000000fffc0000-0x00000000ffffffff] reserved
[    0.000000] BIOS-e820: [mem 0x000000fd00000000-0x000000ffffffffff] reserved
[    0.000000] NX (Execute Disable) protection: active
[    0.000000] APIC: Static calls initialized
[    0.000000] SMBIOS 3.0.0 present.
[    0.000000] DMI: QEMU Standard PC (i440FX + PIIX, 1996), BIOS 1.16.3-debian-1.16.3-2 04/01/2014
[    0.000000] DMI: Memory slots populated: 1/1
[    0.000000] tsc: Fast TSC calibration using PIT
[    0.000000] tsc: Detected 2445.421 MHz processor
[    0.007643] last_pfn = 0x7fdd max_arch_pfn = 0x400000000
[    0.008274] MTRR map: 4 entries (3 fixed + 1 variable; max 19), built from 8 variable MTRRs
[    0.008463] x86/PAT: Configuration [0-7]: WB  WC  UC- UC  WB  WP  UC- WT  
[    0.026600] found SMP MP-table at [mem 0x000f5460-0x000f546f]
[    0.028008] Using GB pages for direct mapping
[    0.032698] ACPI: Early table checksum verification disabled
[    0.033058] ACPI: RSDP 0x00000000000F5290 000014 (v00 BOCHS )
[    0.033389] ACPI: RSDT 0x0000000007FE1C64 000034 (v01 BOCHS  BXPC     00000001 BXPC 00000001)
[    0.033906] ACPI: FACP 0x0000000007FE1B18 000074 (v01 BOCHS  BXPC     00000001 BXPC 00000001)
[    0.034520] ACPI: DSDT 0x0000000007FE0040 001AD8 (v01 BOCHS  BXPC     00000001 BXPC 00000001)
[    0.034595] ACPI: FACS 0x0000000007FE0000 000040
[    0.034644] ACPI: APIC 0x0000000007FE1B8C 000078 (v03 BOCHS  BXPC     00000001 BXPC 00000001)
[    0.034665] ACPI: HPET 0x0000000007FE1C04 000038 (v01 BOCHS  BXPC     00000001 BXPC 00000001)
[    0.034683] ACPI: WAET 0x0000000007FE1C3C 000028 (v01 BOCHS  BXPC     00000001 BXPC 00000001)
[    0.034756] ACPI: Reserving FACP table memory at [mem 0x7fe1b18-0x7fe1b8b]
[    0.034807] ACPI: Reserving DSDT table memory at [mem 0x7fe0040-0x7fe1b17]
[    0.034814] ACPI: Reserving FACS table memory at [mem 0x7fe0000-0x7fe003f]
[    0.034819] ACPI: Reserving APIC table memory at [mem 0x7fe1b8c-0x7fe1c03]
[    0.034824] ACPI: Reserving HPET table memory at [mem 0x7fe1c04-0x7fe1c3b]
[    0.034829] ACPI: Reserving WAET table memory at [mem 0x7fe1c3c-0x7fe1c63]
[    0.037917] Zone ranges:
[    0.037945]   DMA      [mem 0x0000000000001000-0x0000000000ffffff]
[    0.038021]   DMA32    [mem 0x0000000001000000-0x0000000007fdcfff]
[    0.038030]   Normal   empty
[    0.038048] Movable zone start for each node
[    0.038081] Early memory node ranges
[    0.038107]   node   0: [mem 0x0000000000001000-0x000000000009efff]
[    0.038162]   node   0: [mem 0x0000000000100000-0x0000000007fdcfff]
[    0.038308] Initmem setup node 0 [mem 0x0000000000001000-0x0000000007fdcfff]
[    0.039367] On node 0, zone DMA: 1 pages in unavailable ranges
[    0.039853] On node 0, zone DMA: 97 pages in unavailable ranges
[    0.041967] On node 0, zone DMA32: 35 pages in unavailable ranges
[    0.042330] ACPI: PM-Timer IO Port: 0x608
[    0.042730] ACPI: LAPIC_NMI (acpi_id[0xff] dfl dfl lint[0x1])
[    0.043145] IOAPIC[0]: apic_id 0, version 32, address 0xfec00000, GSI 0-23
[    0.043270] ACPI: INT_SRC_OVR (bus 0 bus_irq 0 global_irq 2 dfl dfl)
[    0.043541] ACPI: INT_SRC_OVR (bus 0 bus_irq 5 global_irq 5 high level)
[    0.043591] ACPI: INT_SRC_OVR (bus 0 bus_irq 9 global_irq 9 high level)
[    0.043687] ACPI: INT_SRC_OVR (bus 0 bus_irq 10 global_irq 10 high level)
[    0.043695] ACPI: INT_SRC_OVR (bus 0 bus_irq 11 global_irq 11 high level)
[    0.043875] ACPI: Using ACPI (MADT) for SMP configuration information
[    0.043918] ACPI: HPET id: 0x8086a201 base: 0xfed00000
[    0.044326] CPU topo: Max. logical packages:   1
[    0.044341] CPU topo: Max. logical dies:       1
[    0.044350] CPU topo: Max. dies per package:   1
[    0.044396] CPU topo: Max. threads per core:   1
[    0.044550] CPU topo: Num. cores per package:     1
[    0.044565] CPU topo: Num. threads per package:   1
[    0.044574] CPU topo: Allowing 1 present CPUs plus 0 hotplug CPUs
[    0.045781] [mem 0x08000000-0xfffbffff] available for PCI devices
[    0.045851] Booting paravirtualized kernel on bare hardware
[    0.046165] clocksource: refined-jiffies: mask: 0xffffffff max_cycles: 0xffffffff, max_idle_ns: 19112604462750000 ns
[    0.046849] setup_percpu: NR_CPUS:512 nr_cpumask_bits:1 nr_cpu_ids:1 nr_node_ids:1
[    0.048858] percpu: Embedded 48 pages/cpu s158104 r8192 d30312 u2097152
[    0.051197] Kernel command line: BOOT_IMAGE=/boot/vmlinuz root=PARTUUID=ebeef989-02 rootwait console=tty1 console=ttyS0,115200n8 noinitrd
[    0.052911] random: crng init done
[    0.057646] Dentry cache hash table entries: 16384 (order: 5, 131072 bytes, linear)
[    0.058603] Inode-cache hash table entries: 8192 (order: 4, 65536 bytes, linear)
[    0.061254] Built 1 zonelists, mobility grouping on.  Total pages: 32635
[    0.061508] mem auto-init: stack:off, heap alloc:off, heap free:off
[    0.071568] SLUB: HWalign=64, Order=0-3, MinObjects=0, CPUs=1, Nodes=1
[    0.079575] rcu: Hierarchical RCU implementation.
[    0.079605] rcu: 	RCU restricting CPUs from NR_CPUS=512 to nr_cpu_ids=1.
[    0.079755] 	Tracing variant of Tasks RCU enabled.
[    0.079850] rcu: RCU calculated value of scheduler-enlistment delay is 10 jiffies.
[    0.079881] rcu: Adjusting geometry for rcu_fanout_leaf=16, nr_cpu_ids=1
[    0.081055] RCU Tasks Trace: Setting shift to 0 and lim to 1 rcu_task_cb_adjust=1 rcu_task_cpu_ids=1.
[    0.081188] NR_IRQS: 33024, nr_irqs: 256, preallocated irqs: 16
[    0.090123] rcu: srcu_init: Setting srcu_struct sizes based on contention.
[    0.097180] Console: colour VGA+ 80x25
[    0.097630] printk: legacy console [tty1] enabled
[    0.105895] printk: legacy console [ttyS0] enabled
[    0.359326] ACPI: Core revision 20240827
[    0.364721] clocksource: hpet: mask: 0xffffffff max_cycles: 0xffffffff, max_idle_ns: 19112604467 ns
[    0.369498] APIC: Switch to symmetric I/O mode setup
[    0.374124] ..TIMER: vector=0x30 apic1=0 pin1=2 apic2=-1 pin2=-1
[    0.416540] clocksource: tsc-early: mask: 0xffffffffffffffff max_cycles: 0x233fd2df96c, max_idle_ns: 440795235945 ns
[    0.417161] Calibrating delay loop (skipped), value calculated using timer frequency.. 4890.84 BogoMIPS (lpj=24454210)
[    0.419058] x86/cpu: User Mode Instruction Prevention (UMIP) activated
[    0.437310] Last level iTLB entries: 4KB 0, 2MB 0, 4MB 0
[    0.437712] Last level dTLB entries: 4KB 0, 2MB 0, 4MB 0, 1GB 0
[    0.439075] Spectre V1 : Mitigation: usercopy/swapgs barriers and __user pointer sanitization
[    0.440036] Spectre V2 : Mitigation: Retpolines
[    0.440310] Spectre V2 : Spectre v2 / SpectreRSB: Filling RSB on context switch and VMEXIT
[    0.440727] Speculative Store Bypass: Vulnerable
[    0.449069] x86/fpu: Supporting XSAVE feature 0x001: 'x87 floating point registers'
[    0.453795] x86/fpu: Supporting XSAVE feature 0x002: 'SSE registers'
[    0.454067] x86/fpu: Supporting XSAVE feature 0x004: 'AVX registers'
[    0.458074] x86/fpu: Supporting XSAVE feature 0x008: 'MPX bounds registers'
[    0.459638] x86/fpu: Supporting XSAVE feature 0x010: 'MPX CSR'
[    0.460226] x86/fpu: xstate_offset[2]:  576, xstate_sizes[2]:  256
[    0.460581] x86/fpu: xstate_offset[3]:  960, xstate_sizes[3]:   64
[    0.460838] x86/fpu: xstate_offset[4]: 1024, xstate_sizes[4]:   64
[    0.467083] x86/fpu: Enabled xstate features 0x1f, context size is 1088 bytes, using 'standard' format.
[    0.697588] Freeing SMP alternatives memory: 40K
[    0.698438] pid_max: default: 32768 minimum: 301
[    0.707900] Mount-cache hash table entries: 512 (order: 0, 4096 bytes, linear)
[    0.708473] Mountpoint-cache hash table entries: 512 (order: 0, 4096 bytes, linear)
[    0.860993] smpboot: CPU0: AMD QEMU TCG CPU version 2.5+ (family: 0x6, model: 0x6, stepping: 0x3)
[    0.892336] Performance Events: PMU not available due to virtualization, using software events only.
[    0.893920] signal: max sigframe size: 1616
[    0.895748] rcu: Hierarchical SRCU implementation.
[    0.895970] rcu: 	Max phase no-delay instances is 1000.
[    0.902404] smp: Bringing up secondary CPUs ...
[    0.905206] smp: Brought up 1 node, 1 CPU
[    0.905517] smpboot: Total of 1 processors activated (4890.84 BogoMIPS)
[    0.912363] Memory: 103208K/130540K available (14336K kernel code, 1177K rwdata, 2556K rodata, 1492K init, 1304K bss, 25620K reserved, 0K cma-reserved)
[    0.926689] clocksource: jiffies: mask: 0xffffffff max_cycles: 0xffffffff, max_idle_ns: 19112604462750000 ns
[    0.927990] futex hash table entries: 256 (order: 2, 16384 bytes, linear)
[    0.929414] pinctrl core: initialized pinctrl subsystem
[    0.948836] NET: Registered PF_NETLINK/PF_ROUTE protocol family
[    0.955110] thermal_sys: Registered thermal governor 'step_wise'
[    0.955149] thermal_sys: Registered thermal governor 'user_space'
[    0.956121] cpuidle: using governor ladder
[    0.957957] acpiphp: ACPI Hot Plug PCI Controller Driver version: 0.5
[    0.962251] PCI: Using configuration type 1 for base access
[    0.972190] cryptd: max_cpu_qlen set to 1000
[    0.978455] ACPI: Added _OSI(Module Device)
[    0.978655] ACPI: Added _OSI(Processor Device)
[    0.978825] ACPI: Added _OSI(Processor Aggregator Device)
[    0.993108] ACPI: 1 ACPI AML tables successfully acquired and loaded
[    1.010183] ACPI: Interpreter enabled
[    1.011010] ACPI: PM: (supports S0 S5)
[    1.011217] ACPI: Using IOAPIC for interrupt routing
[    1.011795] PCI: Using host bridge windows from ACPI; if necessary, use "pci=nocrs" and report a bug
[    1.012154] PCI: Using E820 reservations for host bridge windows
[    1.018836] ACPI: Enabled 2 GPEs in block 00 to 0F
[    1.054636] ACPI: PCI Root Bridge [PCI0] (domain 0000 [bus 00-ff])
[    1.055588] acpi PNP0A03:00: _OSC: OS supports [ASPM ClockPM Segments MSI HPX-Type3]
[    1.056034] acpi PNP0A03:00: _OSC: not requesting OS control; OS requires [ExtendedConfig ASPM ClockPM MSI]
[    1.056915] acpi PNP0A03:00: fail to add MMCONFIG information, can't access extended configuration space under this bridge
[    1.070755] acpiphp: Slot [3] registered
[    1.071086] acpiphp: Slot [4] registered
[    1.071342] acpiphp: Slot [5] registered
[    1.071611] acpiphp: Slot [6] registered
[    1.076857] acpiphp: Slot [7] registered
[    1.077335] acpiphp: Slot [8] registered
[    1.078929] acpiphp: Slot [9] registered
[    1.079180] acpiphp: Slot [10] registered
[    1.079456] acpiphp: Slot [11] registered
[    1.079710] acpiphp: Slot [12] registered
[    1.087384] acpiphp: Slot [13] registered
[    1.087763] acpiphp: Slot [14] registered
[    1.088096] acpiphp: Slot [15] registered
[    1.088344] acpiphp: Slot [16] registered
[    1.088585] acpiphp: Slot [17] registered
[    1.088867] acpiphp: Slot [18] registered
[    1.097402] acpiphp: Slot [19] registered
[    1.097825] acpiphp: Slot [20] registered
[    1.098128] acpiphp: Slot [21] registered
[    1.098376] acpiphp: Slot [22] registered
[    1.098619] acpiphp: Slot [23] registered
[    1.098930] acpiphp: Slot [24] registered
[    1.107420] acpiphp: Slot [25] registered
[    1.107961] acpiphp: Slot [26] registered
[    1.108296] acpiphp: Slot [27] registered
[    1.108608] acpiphp: Slot [28] registered
[    1.108881] acpiphp: Slot [29] registered
[    1.109145] acpiphp: Slot [30] registered
[    1.117549] acpiphp: Slot [31] registered
[    1.118182] PCI host bridge to bus 0000:00
[    1.118713] pci_bus 0000:00: root bus resource [io  0x0000-0x0cf7 window]
[    1.119086] pci_bus 0000:00: root bus resource [io  0x0d00-0xffff window]
[    1.119371] pci_bus 0000:00: root bus resource [mem 0x000a0000-0x000bffff window]
[    1.127268] pci_bus 0000:00: root bus resource [mem 0x08000000-0xfebfffff window]
[    1.127664] pci_bus 0000:00: root bus resource [mem 0x100000000-0x17fffffff window]
[    1.128174] pci_bus 0000:00: root bus resource [bus 00-ff]
[    1.138817] pci 0000:00:00.0: [8086:1237] type 00 class 0x060000 conventional PCI endpoint
[    1.149899] pci 0000:00:01.0: [8086:7000] type 00 class 0x060100 conventional PCI endpoint
[    1.150839] pci 0000:00:01.1: [8086:7010] type 00 class 0x010180 conventional PCI endpoint
[    1.157783] pci 0000:00:01.1: BAR 4 [io  0xc0e0-0xc0ef]
[    1.159022] pci 0000:00:01.1: BAR 0 [io  0x01f0-0x01f7]: legacy IDE quirk
[    1.159329] pci 0000:00:01.1: BAR 1 [io  0x03f6]: legacy IDE quirk
[    1.159590] pci 0000:00:01.1: BAR 2 [io  0x0170-0x0177]: legacy IDE quirk
[    1.165889] pci 0000:00:01.1: BAR 3 [io  0x0376]: legacy IDE quirk
[    1.167409] pci 0000:00:01.3: [8086:7113] type 00 class 0x068000 conventional PCI endpoint
[    1.168103] pci 0000:00:01.3: quirk: [io  0x0600-0x063f] claimed by PIIX4 ACPI
[    1.168416] pci 0000:00:01.3: quirk: [io  0x0700-0x070f] claimed by PIIX4 SMB
[    1.177438] pci 0000:00:02.0: [1234:1111] type 00 class 0x030000 conventional PCI endpoint
[    1.178297] pci 0000:00:02.0: BAR 0 [mem 0xfd000000-0xfdffffff pref]
[    1.179835] pci 0000:00:02.0: BAR 2 [mem 0xfeb90000-0xfeb90fff]
[    1.189608] pci 0000:00:02.0: ROM [mem 0xfeb80000-0xfeb8ffff pref]
[    1.190106] pci 0000:00:02.0: Video device with shadowed ROM at [mem 0x000c0000-0x000dffff]
[    1.191179] pci 0000:00:03.0: [1af4:1000] type 00 class 0x020000 conventional PCI endpoint
[    1.198042] pci 0000:00:03.0: BAR 0 [io  0xc080-0xc09f]
[    1.200792] pci 0000:00:03.0: BAR 4 [mem 0xfe000000-0xfe003fff 64bit pref]
[    1.202019] pci 0000:00:03.0: ROM [mem 0xfea80000-0xfeafffff pref]
[    1.209138] pci 0000:00:04.0: [1af4:1005] type 00 class 0x00ff00 conventional PCI endpoint
[    1.210667] pci 0000:00:04.0: BAR 0 [io  0xc0a0-0xc0bf]
[    1.211534] pci 0000:00:04.0: BAR 1 [mem 0xfeb91000-0xfeb91fff]
[    1.214616] pci 0000:00:04.0: BAR 4 [mem 0xfe004000-0xfe007fff 64bit pref]
[    1.220335] pci 0000:00:05.0: [1af4:1000] type 00 class 0x020000 conventional PCI endpoint
[    1.222967] pci 0000:00:05.0: BAR 0 [io  0xc0c0-0xc0df]
[    1.223809] pci 0000:00:05.0: BAR 1 [mem 0xfeb92000-0xfeb92fff]
[    1.226044] pci 0000:00:05.0: BAR 4 [mem 0xfe008000-0xfe00bfff 64bit pref]
[    1.227080] pci 0000:00:05.0: ROM [mem 0xfeb00000-0xfeb7ffff pref]
[    1.237231] pci 0000:00:06.0: [1af4:1001] type 00 class 0x010000 conventional PCI endpoint
[    1.238194] pci 0000:00:06.0: BAR 0 [io  0xc000-0xc07f]
[    1.239008] pci 0000:00:06.0: BAR 1 [mem 0xfeb93000-0xfeb93fff]
[    1.240963] pci 0000:00:06.0: BAR 4 [mem 0xfe00c000-0xfe00ffff 64bit pref]
[    1.252455] ACPI: PCI: Interrupt link LNKA configured for IRQ 10
[    1.253296] ACPI: PCI: Interrupt link LNKB configured for IRQ 10
[    1.253944] ACPI: PCI: Interrupt link LNKC configured for IRQ 11
[    1.254576] ACPI: PCI: Interrupt link LNKD configured for IRQ 11
[    1.255187] ACPI: PCI: Interrupt link LNKS configured for IRQ 9
[    1.258890] iommu: Default domain type: Translated
[    1.259116] iommu: DMA domain TLB invalidation policy: lazy mode
[    1.261847] SCSI subsystem initialized
[    1.267440] ACPI: bus type USB registered
[    1.267998] usbcore: registered new interface driver usbfs
[    1.268476] usbcore: registered new interface driver hub
[    1.268836] usbcore: registered new device driver usb
[    1.269372] pps_core: LinuxPPS API ver. 1 registered
[    1.276701] pps_core: Software ver. 5.3.6 - Copyright 2005-2007 Rodolfo Giometti <giometti@linux.it>
[    1.277395] PTP clock support registered
[    1.289003] PCI: Using ACPI for IRQ routing
[    1.291384] hpet0: at MMIO 0xfed00000, IRQs 2, 8, 0
[    1.291690] hpet0: 3 comparators, 64-bit 100.000000 MHz counter
[    1.296783] clocksource: Switched to clocksource tsc-early
[    1.296783] pnp: PnP ACPI init
[    1.296783] pnp: PnP ACPI: found 6 devices
[    1.308506] clocksource: acpi_pm: mask: 0xffffff max_cycles: 0xffffff, max_idle_ns: 2085701024 ns
[    1.309881] NET: Registered PF_INET protocol family
[    1.311089] IP idents hash table entries: 2048 (order: 2, 16384 bytes, linear)
[    1.316659] tcp_listen_portaddr_hash hash table entries: 256 (order: 0, 4096 bytes, linear)
[    1.319382] Table-perturb hash table entries: 65536 (order: 6, 262144 bytes, linear)
[    1.319858] TCP established hash table entries: 1024 (order: 1, 8192 bytes, linear)
[    1.320292] TCP bind hash table entries: 1024 (order: 3, 32768 bytes, linear)
[    1.330034] TCP: Hash tables configured (established 1024 bind 1024)
[    1.331983] MPTCP token hash table entries: 256 (order: 1, 6144 bytes, linear)
[    1.332499] UDP hash table entries: 256 (order: 1, 8192 bytes, linear)
[    1.332958] UDP-Lite hash table entries: 256 (order: 1, 8192 bytes, linear)
[    1.342296] NET: Registered PF_UNIX/PF_LOCAL protocol family
[    1.343484] pci_bus 0000:00: resource 4 [io  0x0000-0x0cf7 window]
[    1.343748] pci_bus 0000:00: resource 5 [io  0x0d00-0xffff window]
[    1.343969] pci_bus 0000:00: resource 6 [mem 0x000a0000-0x000bffff window]
[    1.351699] pci_bus 0000:00: resource 7 [mem 0x08000000-0xfebfffff window]
[    1.352062] pci_bus 0000:00: resource 8 [mem 0x100000000-0x17fffffff window]
[    1.352852] pci 0000:00:01.0: PIIX3: Enabling Passive Release
[    1.362877] pci 0000:00:00.0: Limiting direct PCI/PCI transfers
[    1.363356] PCI: CLS 0 bytes, default 64
[    1.382946] workingset: timestamp_bits=46 max_order=15 bucket_order=0
[    1.385561] squashfs: version 4.0 (2009/01/31) Phillip Lougher
[    1.388650] Block layer SCSI generic (bsg) driver version 0.4 loaded (major 247)
[    1.392915] hv_vmbus: registering driver hyperv_fb
[    1.396977] input: Power Button as /devices/LNXSYSTM:00/LNXPWRBN:00/input/input0
[    1.405343] ACPI: button: Power Button [PWRF]
[    1.564654] ACPI: \_SB_.LNKC: Enabled at IRQ 11
[    1.716069] ACPI: \_SB_.LNKD: Enabled at IRQ 10
[    1.865490] ACPI: \_SB_.LNKA: Enabled at IRQ 10
[    2.015731] ACPI: \_SB_.LNKB: Enabled at IRQ 11
[    2.017862] Serial: 8250/16550 driver, 16 ports, IRQ sharing enabled
[    2.043153] 00:04: ttyS0 at I/O 0x3f8 (irq = 4, base_baud = 115200) is a 16550A
[    2.070672] Non-volatile memory driver v1.3
[    2.082273] Linux agpgart interface v0.103
[    2.083355] ACPI: bus type drm_connector registered
[    2.086212] [drm] Found bochs VGA, ID 0xb0c5.
[    2.086829] [drm] Framebuffer size 16384 kB @ 0xfd000000, mmio @ 0xfeb90000.
[    2.093163] [drm] Found EDID data blob.
[    2.098613] [drm] Initialized bochs-drm 1.0.0 for 0000:00:02.0 on minor 0
[    2.167845] Console: switching to colour frame buffer device 160x50
[    2.177299] bochs-drm 0000:00:02.0: [drm] fb0: bochs-drmdrmfb frame buffer device
[    2.196195] loop: module loaded
[    2.196987] virtio_blk virtio3: 1/0/0 default/read/poll queues
[    2.218784] virtio_blk virtio3: [vda] 246784 512-byte logical blocks (126 MB/121 MiB)
[    2.228279]  vda: vda1 vda2
[    2.230590] Guest personality initialized and is inactive
[    2.231182] VMCI host device registered (name=vmci, major=10, minor=256)
[    2.231466] Initialized host personality
[    2.231847] usbcore: registered new interface driver rtsx_usb
[    2.232862] VMware PVSCSI driver - version 1.0.7.0-k
[    2.241429] hv_vmbus: registering driver hv_storvsc
[    2.257650] scsi host0: ata_piix
[    2.260117] scsi host1: ata_piix
[    2.260986] ata1: PATA max MWDMA2 cmd 0x1f0 ctl 0x3f6 bmdma 0xc0e0 irq 14 lpm-pol 0
[    2.261308] ata2: PATA max MWDMA2 cmd 0x170 ctl 0x376 bmdma 0xc0e8 irq 15 lpm-pol 0
[    2.272185] VMware vmxnet3 virtual NIC driver - version 1.9.0.0-k-NAPI
[    2.272844] hv_vmbus: registering driver hv_netvsc
[    2.273226] Fusion MPT base driver 3.04.20
[    2.273394] Copyright (c) 1999-2008 LSI Corporation
[    2.273812] Fusion MPT SPI Host driver 3.04.20
[    2.283288] Fusion MPT SAS Host driver 3.04.20
[    2.285415] usbcore: registered new interface driver usb-storage
[    2.286888] i8042: PNP: PS/2 Controller [PNP0303:KBD,PNP0f13:MOU] at 0x60,0x64 irq 1,12
[    2.290212] serio: i8042 KBD port at 0x60,0x64 irq 1
[    2.290624] serio: i8042 AUX port at 0x60,0x64 irq 12
[    2.297236] hv_vmbus: registering driver hyperv_keyboard
[    2.299711] rtc_cmos 00:05: RTC can wake from S4
[    2.304817] rtc_cmos 00:05: registered as rtc0
[    2.307742] rtc_cmos 00:05: setting system clock to 2026-04-09T01:29:29 UTC (1775698169)
[    2.310210] rtc_cmos 00:05: alarms up to one day, y3k, 242 bytes nvram, hpet irqs
[    2.312885] intel_powerclamp: CPU does not support MWAIT
[    2.318554] amd_pstate: the _CPC object is not present in SBIOS or ACPI disabled
[    2.320801] sdhci: Secure Digital Host Controller Interface driver
[    2.322739] sdhci: Copyright(c) Pierre Ossman
[    2.325051] VUB300 Driver rom wait states = 1C irqpoll timeout = 0400
[    2.331775] input: AT Translated Set 2 keyboard as /devices/platform/i8042/serio0/input/input1
[    2.355689] usbcore: registered new interface driver vub300
[    2.358254] usbcore: registered new interface driver ushc
[    2.366078] hid: raw HID events driver (C) Jiri Kosina
[    2.368791] hv_vmbus: registering driver hid_hyperv
[    2.371501] usbcore: registered new interface driver usbhid
[    2.373499] usbhid: USB HID core driver
[    2.375641] hv_utils: Registering HyperV Utility Driver
[    2.379246] hv_vmbus: registering driver hv_utils
[    2.381186] hv_vmbus: registering driver hv_balloon
[    2.384615] NET: Registered PF_INET6 protocol family
[    2.400098] Segment Routing with IPv6
[    2.402227] In-situ OAM (IOAM) with IPv6
[    2.404615] NET: Registered PF_PACKET protocol family
[    2.407211] bridge: filtering via arp/ip/ip6tables is no longer available by default. Update your scripts to load br_netfilter if you need this.
[    2.416776] 8021q: 802.1Q VLAN Support v1.8
[    2.419334] NET: Registered PF_VSOCK protocol family
[    2.428214] IPI shorthand broadcast: enabled
[    2.434776] AES CTR mode by8 optimization enabled
[    2.455594] sched_clock: Marking stable (2180094109, 266362545)->(2459214282, -12757628)
[    2.489900] tsc: Refined TSC clocksource calibration: 2445.429 MHz
[    2.492253] clocksource: tsc: mask: 0xffffffffffffffff max_cycles: 0x233fdac2ae5, max_idle_ns: 440795297080 ns
[    2.497318] ata2: found unknown device (class 0)
[    2.543943] clocksource: Switched to clocksource tsc
[    2.553941] ata2.00: ATAPI: QEMU DVD-ROM, 2.5+, max UDMA/100
[    2.571408] scsi 1:0:0:0: CD-ROM            QEMU     QEMU DVD-ROM     2.5+ PQ: 0 ANSI: 5
[    2.582269] clk: Disabling unused clocks
[    2.628387] sr 1:0:0:0: [sr0] scsi3-mmc drive: 4x/4x cd/rw xa/form2 tray
[    2.630948] cdrom: Uniform CD-ROM driver Revision: 3.20
[    2.678802] VFS: Mounted root (squashfs filesystem) readonly on device 254:2.
[    2.748439] Freeing unused kernel image (initmem) memory: 1492K
[    2.750853] Write protecting the kernel read-only data: 18432k
[    2.755092] Freeing unused kernel image (rodata/data gap) memory: 1540K
[    2.757732] Run /sbin/init as init process
[    3.066021] init: Console is alive
[    3.565450] kmodloader: loading kernel modules from /etc/modules-boot.d/*
[    3.622380] button_hotplug: loading out-of-tree module taints kernel.
[    3.629201] Button Hotplug driver version 0.4.1
[    3.650613] Intel(R) 2.5G Ethernet Linux Driver
[    3.652952] Copyright(c) 2018 Intel Corporation.
[    3.667957] igb: Intel(R) Gigabit Ethernet Network Driver
[    3.670342] igb: Copyright (c) 2007-2014 Intel Corporation.
[    3.685730] e1000e: Intel(R) PRO/1000 Network Driver
[    3.688343] e1000e: Copyright(c) 1999 - 2015 Intel Corporation.
[    3.700908] kmodloader: done loading kernel modules from /etc/modules-boot.d/*
[    3.717128] init: - preinit -
[    4.725808] 8021q: adding VLAN 0 to HW filter on device eth0
Press the [f] key and hit [enter] to enter failsafe mode
Press the [1], [2], [3] or [4] key and hit [enter] to select the debug level
[    9.377941] loop0: detected capacity change from 0 to 212992
[    9.416877] loop0: detected capacity change from 212992 to 200960
[    9.429599] mount_root: overlay filesystem in /dev/loop0 has not been formatted yet
[    9.771585] EXT4-fs (loop0): mounted filesystem d898d09f-cf38-4aff-9e03-5617099fba1b r/w with ordered data mode. Quota mode: disabled.
[    9.785582] mount_root: overlay filesystem has not been fully initialized yet
[    9.803936] mount_root: switching to ext4 overlay
[    9.825778] overlayfs: null uuid detected in lower fs '/', falling back to xino=off,index=off,nfs_export=off.
[   10.577486] EXT4-fs (vda1): mounted filesystem 84173db5-fa99-e35a-95c6-28613cc79ea9 r/w without journal. Quota mode: disabled.
[   10.601959] urandom-seed: Seed file not found (/etc/urandom.seed)
[   10.750567] procd: - early -
[   11.501256] procd: - ubus -
[   11.680468] procd: - init -
Please press Enter to activate this console.
root
login[1047]: root login on 'ttyS0'


BusyBox v1.37.0 (2026-04-08 08:04:02 UTC) built-in shell (ash)

  _______                     ________        __
 |       |.-----.-----.-----.|  |  |  |.----.|  |_
 |   -   ||  _  |  -__|     ||  |  |  ||   _||   _|
 |_______||   __|_____|__|__||________||__|  |____|
          |__| W I R E L E S S   F R E E D O M
 -----------------------------------------------------
 OpenWrt 25.12-SNAPSHOT, r32842-865229fad9 Dave's Guitar
 -----------------------------------------------------

 === WARNING! =====================================
 There is no root password defined on this device!
 Use the "passwd" command to set up a new password
 in order to prevent unauthorized SSH logins.
 --------------------------------------------------


 OpenWrt recently switched to the "apk" package manager!

 OPKG Command           APK Equivalent      Description
 ------------------------------------------------------------------
 opkg install <pkg>     apk add <pkg>       Install a package
 opkg remove <pkg>      apk del <pkg>       Remove a package
 opkg upgrade           apk upgrade         Upgrade all packages
 opkg files <pkg>       apk info -L <pkg>   List package contents
 opkg list-installed    apk info            List installed packages
 opkg update            apk update          Update package lists
 opkg search <pkg>      apk search <pkg>    Search for packages
 ------------------------------------------------------------------

For more information visit:
https://openwrt.org/docs/guide-user/additional-software/opkg-to-apk-cheatsheet

root@(none):~# dmesg -n 1
root@(none):~# echo 'VNFU''WYOYJX'
VNFUWYOYJX
root@(none):~# run() { echo -n "$MARKER"; sh -c "$@"; echo "$MARKER $?"; }
root@(none):~# echo 'NXAS''WVKMAX'
NXASWVKMAX
root@(none):~# MARKER='GTHS''NFHBXM' run 'ubus wait_for network.interface.lan'
GTHSNFHBXMGTHSNFHBXM 0
root@OpenWrt:~# echo 'NYLX''EGVAPT'
NYLXEGVAPT
root@OpenWrt:~# MARKER='CVFF''YAMWYK' run 'ubus call network.interface.lan statu
s '"'"'{}'"'"''
CVFFYAMWYK{
	"up": true,
	"pending": false,
	"available": true,
	"autostart": true,
	"dynamic": false,
	"uptime": 0,
	"l3_device": "br-lan",
	"proto": "static",
	"device": "br-lan",
	"updated": [
		"addresses"
	],
	"metric": 0,
	"dns_metric": 0,
	"delegation": true,
	"ipv4-address": [
		{
			"address": "192.168.1.1",
			"mask": 24
		}
	],
	"ipv6-address": [
		
	],
	"ipv6-prefix": [
		
	],
	"ipv6-prefix-assignment": [
		{
			"address": "fd1f:3b2f:1431::",
			"mask": 60,
			"local-address": {
				"address": "fd1f:3b2f:1431::1",
				"mask": 60
			}
		}
	],
	"route": [
		
	],
	"dns-server": [
		
	],
	"dns-search": [
		
	],
	"neighbors": [
		
	],
	"inactive": {
		"ipv4-address": [
			
		],
		"ipv6-address": [
			
		],
		"route": [
			
		],
		"dns-server": [
			
		],
		"dns-search": [
			
		],
		"neighbors": [
			
		]
	},
	"data": {
		
	}
}
CVFFYAMWYK 0
root@OpenWrt:~# echo 'KCFK''MXHOWA'
KCFKMXHOWA
root@OpenWrt:~# MARKER='GYMY''LNCYLA' run true
GYMYLNCYLAGYMYLNCYLA 0
root@OpenWrt:~# echo 'WJYV''CHXHHY'
WJYVCHXHHY
root@OpenWrt:~# MARKER='TWLX''HCQSWE' run 'source /etc/os-release; echo $BUILD_I
D'
TWLXHCQSWEr32842-865229fad9
TWLXHCQSWE 0
root@OpenWrt:~# echo 'VXQO''GUNTAL'
VXQOGUNTAL
root@OpenWrt:~# MARKER='EHQH''HHKTXU' run 'ls /etc/dropbear/dropbear_rsa_host_ke
y'
EHQHHHKTXU[0;0m/etc/dropbear/dropbear_rsa_host_key[m
EHQHHHKTXU 0
root@OpenWrt:~# echo 'FMAZ''JAHNNK'
FMAZJAHNNK
root@OpenWrt:~# MARKER='BAFY''YLJVPF' run 'netstat -tlpn | grep 0.0.0.0:22'
BAFYYLJVPFnetstat: showing only processes with your user ID
tcp        0      0 0.0.0.0:22              0.0.0.0:*               LISTEN      1755/dropbear
BAFYYLJVPF 0
root@OpenWrt:~# echo 'CPGC''KKNUUJ'
CPGCKKNUUJ
root@OpenWrt:~# MARKER='MQNZ''QTEFVL' run 'dmesg | grep br-lan | grep forwarding
'
MQNZQTEFVL[   33.578593] br-lan: port 1(eth0) entered forwarding state
MQNZQTEFVL 0
root@OpenWrt:~# echo 'KHCL''XQZJHO'
KHCLXQZJHO
root@OpenWrt:~# MARKER='GHLT''HLYWOH' run 'ubus call network.interface.lan statu
s '"'"'{}'"'"''
GHLTHLYWOH{
	"up": true,
	"pending": false,
	"available": true,
	"autostart": true,
	"dynamic": false,
	"uptime": 8,
	"l3_device": "br-lan",
	"proto": "static",
	"device": "br-lan",
	"updated": [
		"addresses"
	],
	"metric": 0,
	"dns_metric": 0,
	"delegation": true,
	"ipv4-address": [
		{
			"address": "192.168.1.1",
			"mask": 24
		}
	],
	"ipv6-address": [
		
	],
	"ipv6-prefix": [
		
	],
	"ipv6-prefix-assignment": [
		{
			"address": "fd1f:3b2f:1431::",
			"mask": 60,
			"local-address": {
				"address": "fd1f:3b2f:1431::1",
				"mask": 60
			}
		}
	],
	"route": [
		
	],
	"dns-server": [
		
	],
	"dns-search": [
		
	],
	"neighbors": [
		
	],
	"inactive": {
		"ipv4-address": [
			
		],
		"ipv6-address": [
			
		],
		"route": [
			
		],
		"dns-server": [
			
		],
		"dns-search": [
			
		],
		"neighbors": [
			
		]
	},
	"data": {
		
	}
}
GHLTHLYWOH 0
root@OpenWrt:~# echo 'YXTZ''HOZQQJ'
YXTZHOZQQJ
root@OpenWrt:~# MARKER='CNPE''LCTSOP' run 'ip -o addr show dev br-lan'
CNPELCTSOP4: br-lan    inet 192.168.1.1/24 brd 192.168.1.255 scope global br-lan\       valid_lft forever preferred_lft forever
4: br-lan    inet6 fd1f:3b2f:1431::1/60 scope global noprefixroute \       valid_lft forever preferred_lft forever
4: br-lan    inet6 fe80::5054:ff:fe12:3456/64 scope link \       valid_lft forever preferred_lft forever
CNPELCTSOP 0
root@OpenWrt:~# echo 'MFOB''SOAQUW'
MFOBSOAQUW
root@OpenWrt:~# MARKER='VVLY''YNTANP' run 'ubus call network.interface.wan statu
s '"'"'{}'"'"''
VVLYYNTANP{
	"up": true,
	"pending": false,
	"available": true,
	"autostart": true,
	"dynamic": false,
	"uptime": 7,
	"l3_device": "eth1",
	"proto": "dhcp",
	"device": "eth1",
	"updated": [
		"addresses",
		"routes",
		"data"
	],
	"metric": 0,
	"dns_metric": 0,
	"delegation": true,
	"ipv4-address": [
		{
			"address": "10.0.2.15",
			"mask": 24
		}
	],
	"ipv6-address": [
		
	],
	"ipv6-prefix": [
		
	],
	"ipv6-prefix-assignment": [
		
	],
	"route": [
		{
			"target": "0.0.0.0",
			"mask": 0,
			"nexthop": "10.0.2.2",
			"source": "10.0.2.15/32"
		}
	],
	"dns-server": [
		"10.0.2.3"
	],
	"dns-search": [
		
	],
	"neighbors": [
		
	],
	"inactive": {
		"ipv4-address": [
			
		],
		"ipv6-address": [
			
		],
		"route": [
			
		],
		"dns-server": [
			
		],
		"dns-search": [
			
		],
		"neighbors": [
			
		]
	},
	"data": {
		"dhcpserver": "10.0.2.2",
		"leasetime": 86400
	}
}
VVLYYNTANP 0
root@OpenWrt:~# 