Labgrid Console Logfile for main
Logfile started at 2026-03-29 03:29:04.088205
=== Log starts here ===
c[?7l[2J[0mSeaBIOS (version 1.16.3-debian-1.16.3-2)


iPXE (https://ipxe.org) 00:03.0 CA00 PCI2.10 PnP PMM+06FCAE70+06F0AE70 CA00
Press Ctrl-B to configure iPXE (PCI 00:03.0)...                                                                               




iPXE (https://ipxe.org) 00:05.0 CB00 PCI2.10 PnP PMM 06FCAE70 06F0AE70 CB00
Press Ctrl-B to configure iPXE (PCI 00:05.0)...                                                                               


Booting from Hard Disk...
GRUB loading.....
[0;30;47mWelcome to GRUB!

[01;01H[0m[2J[H[J[1;1H[?25l[m[H[J[1;1H[2;30HGNU GRUB  version 2.12

[m[4;2H+----------------------------------------------------------------------------+[5;2H|[5;79H|[6;2H|[6;79H|[7;2H|[7;79H|[8;2H|[8;79H|[9;2H|[9;79H|[10;2H|[10;79H|[11;2H|[11;79H|[12;2H|[12;79H|[13;2H|[13;79H|[14;2H|[14;79H|[15;2H|[15;79H|[16;2H+----------------------------------------------------------------------------+[m[17;2H[18;2H[m     Use the ^ and v keys to select which entry is highlighted.          
      Press enter to boot the selected OS, `e' to edit the commands       
      before booting or `c' for a command-line. ESC to return             
      previous menu.                                                      [5;80H [7m[5;3H*OpenWrt                                                                    [m[5;78H[m[m[6;3H OpenWrt (failsafe)                                                         [m[6;78H[m[m[7;3H                                                                            [m[7;78H[m[m[8;3H                                                                            [m[8;78H[m[m[9;3H                                                                            [m[9;78H[m[m[10;3H                                                                            [m[10;78H[m[m[11;3H                                                                            [m[11;78H[m[m[12;3H                                                                            [m[12;78H[m[m[13;3H                                                                            [m[13;78H[m[m[14;3H                                                                            [m[14;78H[m[m[15;3H                                                                            [m[15;78H[m[15;80H [5;78H[2J[02;30HGNU GRUB  version 2.12[04;02H┌────────────────────────────────────[04;38H[04;39H────────────────────────────────────────┐[05;02H│[05;79H│[06;02H│[06;79H│[07;02H│[07;79H│[08;02H│[08;79H│[09;02H│[09;79H│[10;02H│[10;79H│[11;02H│[11;79H│[12;02H│[12;79H│[13;02H│[13;79H│[14;02H│[14;79H│[15;02H│[15;79H│[16;02H│[16;79H│[17;02H└────────────────────────────────────────────────────────────────────────────┘[19;02H     Use the ↑ and ↓ keys to select which entry is highlighted.          
      Press enter to boot the selected OS, `e' to edit the commands       
      before boo[21;16H[21;17Hting or `c' for a command-line. ESC to return             
      previous menu.                                                      [05;80H [05;03H[0;30;47m*OpenWrt                                                                    [06;03H[0m OpenWrt (failsafe)                                                         [07;03H                                                                            [08;03H                                                                            [09;03H                                                                            [10;03H                                                                            [11;03H                                                                            [12;03H                                                                            [13;03H                                                                            [14;03H                                                                            [15;03H                                                                            [16;03H                                                                            [16;80H 






   The highlighted entry will be executed automatically in 5s.                [22;1H   The highlighted entry will be executed automatically in 5s.                 [5;78H [05;78H

















   The highlighted entry will be executed automatical[23;53H[23;54Hly in 4s.                [22;1H   The highlighted entry will be executed automatically in 4s.                 [5;78H [05;78H

















   The highlighted entry will be executed automatically in 3s.                [22;1H   The highlighted entry will be executed automatically in 3s.                 [5;78H [05;78H

















   The highlighted entry will be executed automatically in 2s.                [22;1H   The highlighted entry will be executed automatically in 2s.                 [5;78H [05;78H

















   The highlighted entry will be executed automatically in 1s.                [22;1H   The highlighted entry will be executed automatically in 1s.                 [5;78H [05;78H

















   The highlighted entry will be executed automatically in 0s.                [22;1H   The highlighted entry will be executed automatically in 0s.                 [5;78H [01;01H[2J[?25h[H[J[1;1H[H[J[1;1H[2J   Booting `OpenWrt' Booting `OpenWrt

'

[    0.000000] Linux version 6.12.74 (builder@buildhost) (x86_64-openwrt-linux-musl-gcc (OpenWrt GCC 14.3.0 r32806-b2685cef6a) 14.3.0, GNU ld (GNU Binutils) 2.44) #0 SMP Fri Mar 27 19:50:50 2026
[    0.000000] Command line: BOOT_IMAGE=/boot/vmlinuz root=PARTUUID=e052d1f1-02 rootwait console=tty1 console=ttyS0,115200n8 noinitrd
[    0.000000] BIOS-provided physical RAM map:
[    0.000000] BIOS-e820: [mem 0x0000000000000000-0x000000000009fbff] usable
[    0.000000] BIOS-e820: [mem 0x000000000009fc00-0x000000000009ffff] reserved
[    0.000000] BIOS-e820: [mem 0x00000000000f0000-0x00000000000fffff] reserved
[    0.000000] BIOS-e820: [mem 0x0000000000100000-0x0000000007fdcfff] usable
[    0.000000] BIOS-e820: [mem 0x0000000007fdd000-0x0000000007ffffff] reserved
[    0.000000] BIOS-e820: [mem 0x00000000fffc0000-0x00000000ffffffff] reserved
[    0.000000] BIOS-e820: [mem 0x000000fd00000000-0x000000ffffffffff] reserved
[    0.000000] NX (Execute Disable) protection: active
[    0.000000] APIC: Static calls initialized
[    0.000000] SMBIOS 3.0.0 present.
[    0.000000] DMI: QEMU Standard PC (i440FX + PIIX, 1996), BIOS 1.16.3-debian-1.16.3-2 04/01/2014
[    0.000000] DMI: Memory slots populated: 1/1
[    0.000000] tsc: Fast TSC calibration using PIT
[    0.000000] tsc: Detected 2445.429 MHz processor
[    0.007618] last_pfn = 0x7fdd max_arch_pfn = 0x400000000
[    0.008282] MTRR map: 4 entries (3 fixed + 1 variable; max 19), built from 8 variable MTRRs
[    0.008479] x86/PAT: Configuration [0-7]: WB  WC  UC- UC  WB  WP  UC- WT  
[    0.028506] found SMP MP-table at [mem 0x000f5460-0x000f546f]
[    0.029940] Using GB pages for direct mapping
[    0.034358] ACPI: Early table checksum verification disabled
[    0.034732] ACPI: RSDP 0x00000000000F5290 000014 (v00 BOCHS )
[    0.035045] ACPI: RSDT 0x0000000007FE1C64 000034 (v01 BOCHS  BXPC     00000001 BXPC 00000001)
[    0.035562] ACPI: FACP 0x0000000007FE1B18 000074 (v01 BOCHS  BXPC     00000001 BXPC 00000001)
[    0.036167] ACPI: DSDT 0x0000000007FE0040 001AD8 (v01 BOCHS  BXPC     00000001 BXPC 00000001)
[    0.036239] ACPI: FACS 0x0000000007FE0000 000040
[    0.036290] ACPI: APIC 0x0000000007FE1B8C 000078 (v03 BOCHS  BXPC     00000001 BXPC 00000001)
[    0.036310] ACPI: HPET 0x0000000007FE1C04 000038 (v01 BOCHS  BXPC     00000001 BXPC 00000001)
[    0.036328] ACPI: WAET 0x0000000007FE1C3C 000028 (v01 BOCHS  BXPC     00000001 BXPC 00000001)
[    0.036403] ACPI: Reserving FACP table memory at [mem 0x7fe1b18-0x7fe1b8b]
[    0.036453] ACPI: Reserving DSDT table memory at [mem 0x7fe0040-0x7fe1b17]
[    0.036461] ACPI: Reserving FACS table memory at [mem 0x7fe0000-0x7fe003f]
[    0.036467] ACPI: Reserving APIC table memory at [mem 0x7fe1b8c-0x7fe1c03]
[    0.036472] ACPI: Reserving HPET table memory at [mem 0x7fe1c04-0x7fe1c3b]
[    0.036477] ACPI: Reserving WAET table memory at [mem 0x7fe1c3c-0x7fe1c63]
[    0.039570] Zone ranges:
[    0.039601]   DMA      [mem 0x0000000000001000-0x0000000000ffffff]
[    0.039702]   DMA32    [mem 0x0000000001000000-0x0000000007fdcfff]
[    0.039713]   Normal   empty
[    0.039731] Movable zone start for each node
[    0.039765] Early memory node ranges
[    0.039792]   node   0: [mem 0x0000000000001000-0x000000000009efff]
[    0.039846]   node   0: [mem 0x0000000000100000-0x0000000007fdcfff]
[    0.039970] Initmem setup node 0 [mem 0x0000000000001000-0x0000000007fdcfff]
[    0.041015] On node 0, zone DMA: 1 pages in unavailable ranges
[    0.041491] On node 0, zone DMA: 97 pages in unavailable ranges
[    0.043550] On node 0, zone DMA32: 35 pages in unavailable ranges
[    0.043914] ACPI: PM-Timer IO Port: 0x608
[    0.044318] ACPI: LAPIC_NMI (acpi_id[0xff] dfl dfl lint[0x1])
[    0.044751] IOAPIC[0]: apic_id 0, version 32, address 0xfec00000, GSI 0-23
[    0.044867] ACPI: INT_SRC_OVR (bus 0 bus_irq 0 global_irq 2 dfl dfl)
[    0.045131] ACPI: INT_SRC_OVR (bus 0 bus_irq 5 global_irq 5 high level)
[    0.045182] ACPI: INT_SRC_OVR (bus 0 bus_irq 9 global_irq 9 high level)
[    0.045281] ACPI: INT_SRC_OVR (bus 0 bus_irq 10 global_irq 10 high level)
[    0.045290] ACPI: INT_SRC_OVR (bus 0 bus_irq 11 global_irq 11 high level)
[    0.045472] ACPI: Using ACPI (MADT) for SMP configuration information
[    0.045517] ACPI: HPET id: 0x8086a201 base: 0xfed00000
[    0.045926] CPU topo: Max. logical packages:   1
[    0.045941] CPU topo: Max. logical dies:       1
[    0.045951] CPU topo: Max. dies per package:   1
[    0.045997] CPU topo: Max. threads per core:   1
[    0.046170] CPU topo: Num. cores per package:     1
[    0.046187] CPU topo: Num. threads per package:   1
[    0.046197] CPU topo: Allowing 1 present CPUs plus 0 hotplug CPUs
[    0.047385] [mem 0x08000000-0xfffbffff] availabl for PCI devices
[    0.047453] Booting paravirtualized kernel on bare hardware
[    0.047784] clocksource: refined-jiffies: mask: 0xffffffff max_cycles: 0xffffffff, max_idle_ns: 19112604462750000 ns
[    0.048445] setup_percpu: NR_CPUS:512 nr_cpumask_bits:1 nr_cpu_ids:1 nr_node_ids:1
[    0.050462] percpu: Embedded 48 pages/cpu s158104 r8192 d30312 u2097152
[    0.052818] Kernel command line: BOOT_IMAGE=/boot/vmlinuz root=PARTUUID=e052d1f1-02 rootwait console=tty1 console=ttyS0,115200n8 noinitrd
[    0.054473] random: crng init done
[    0.059310] Dentry cache hash table entries: 16384 (order: 5, 131072 bytes, linear)
[    0.060296] Inode-cache hash table entries: 8192 (order: 4, 65536 bytes, linear)
[    0.063008] Built 1 zonelists, mobility grouping on.  Total pages: 32635
[    0.063237] mem auto-init: stack:off, heap alloc:off, heap free:off
[    0.073119] SLUB: HWalign=64, Order=0-3, MinObjects=0, CPUs=1, Nodes=1
[    0.081006] rcu: Hierarchical RCU implementation.
[    0.081034] rcu: 	RCU restricting CPUs from NR_CPUS=512 to nr_cpu_ids=1.
[    0.081186] 	Tracing variant of Tasks RCU enabled.
[    0.081282] rcu: RCU calculated value of scheduler-enlistment delay is 10 jiffies.
[    0.081315] rcu: Adjusting geometry for rcu_fanout_leaf=16, nr_cpu_ids=1
[    0.082496] RCU Tasks Trace: Setting shift to 0 and lim to 1 rcu_task_cb_adjust=1 rcu_task_cpu_ids=1.
[    0.082629] NR_IRQS: 33024, nr_irqs: 256, preallocated irqs: 16
[    0.091434] rcu: srcu_init: Setting srcu_struct sizes based on contention.
[    0.098455] Console: colour VGA+ 80x25
[    0.098907] printk: legacy console [tty1] enabled
[    0.107092] printk: legacy console [ttyS0] enabled
[    0.371730] ACPI: Core revision 20240827
[    0.377275] clocksource: hpet: mask: 0xffffffff max_cycles: 0xffffffff, max_idle_ns: 19112604467 ns
[    0.381943] APIC: Switch to symmetric I/O mode setup
[    0.387232] ..TIMER: vector=0x30 apic1=0 pin1=2 apic2=-1 pin2=-1
[    0.429137] clocksource: tsc-early: mask: 0xffffffffffffffff max_cycles: 0x233fdac2ae5, max_idle_ns: 440795297080 ns
[    0.429919] Calibrating delay loop (skipped), value calculated using timer frequency.. 4890.85 BogoMIPS (lpj=24454290)
[    0.431857] x86/cpu: User Mode Instruction Prevention (UMIP) activated
[    0.451175] Last level iTLB entries: 4KB 0, 2MB 0, 4MB 0
[    0.451567] Last level dTLB entries: 4KB 0, 2MB 0, 4MB 0, 1GB 0
[    0.453329] Spectre V1 : Mitigation: usercopy/swapgs barriers and __user pointer sanitization
[    0.454724] Spectre V2 : Mitigation: Retpolines
[    0.455110] Spectre V2 : Spectre v2 / SpectreRSB: Filling RSB on context switch and VMEXIT
[    0.455670] Speculative Store Bypass: Vulnerable
[    0.462647] x86/fpu: Supporting XSAVE feature 0x001: 'x87 floating point registers'
[    0.473746] x86/fpu: Supporting XSAVE feature 0x002: 'SSE registers'
[    0.474043] x86/fpu: Supporting XSAVE feature 0x004: 'AVX registers'
[    0.474310] x86/fpu: Supporting XSAVE feature 0x008: 'MPX bounds registers'
[    0.474563] x86/fpu: Supporting XSAVE feature 0x010: 'MPX CSR'
[    0.480068] x86/fpu: xstate_offset[2]:  576, xstate_sizes[2]:  256
[    0.480475] x86/fpu: xstate_offset[3]:  960, xstate_sizes[3]:   64
[    0.480700] x86/fpu: xstate_offset[4]: 1024, xstate_sizes[4]:   64
[    0.480943] x86/fpu: Enabled xstate features 0x1f, context size is 1088 bytes, using 'standard' format.
[    0.738581] Freeing SMP alternatives memory: 40K
[    0.739400] pid_max: default: 32768 minimum: 301
[    0.748790] Mount-cache hash table entries: 512 (order: 0, 4096 bytes, linear)
[    0.749183] Mountpoint-cache hash table entries: 512 (order: 0, 4096 bytes, linear)
[    0.899801] smpboot: CPU0: AMD QEMU TCG CPU version 2.5+ (family: 0x6, model: 0x6, stepping: 0x3)
[    0.900796] Performance Events: PMU not available due to virtualization, using software events only.
[    0.902338] signal: max sigframe size: 1616
[    0.923573] rcu: Hierarchical SRCU implementation.
[    0.923876] rcu: 	Max phase no-delay instances is 1000.
[    0.933879] smp: Bringing up secondary CPUs ...
[    0.935845] smp: Brought up 1 node, 1 CPU
[    0.936156] smpboot: Total of 1 processors activated (4890.85 BogoMIPS)
[    0.943321] Memory: 103276K/130540K available (14336K kernel code, 1177K rwdata, 2552K rodata, 1492K init, 1304K bss, 25620K reserved, 0K cma-reserved)
[    0.958129] clocksource: jiffies: mask: 0xffffffff max_cycles: 0xffffffff, max_idle_ns: 19112604462750000 ns
[    0.958971] futex hash table entries: 256 (order: 2, 16384 bytes, linear)
[    0.960278] pinctrl core: initialized pinctrl subsystem
[    0.979480] NET: Registered PF_NETLINK/PF_ROUTE protocol family
[    0.986149] thermal_sys: Registered thermal governor 'step_wise'
[    0.986193] thermal_sys: Registered thermal governor 'user_space'
[    0.987284] cpuidle: using governor ladder
[    0.988937] acpiphp: ACPI Hot Plug PCI Controller Driver version: 0.5
[    0.992651] PCI: Using configuration type 1 for base access
[    1.001825] cryptd: max_cpu_qlen set to 1000
[    1.007601] ACPI: Added _OSI(Module Device)
[    1.007808] ACPI: Added _OSI(Processor Device)
[    1.007985] ACPI: Added _OSI(Processor Aggregator Device)
[    1.022599] ACPI: 1 ACPI AML tables successfully acquired and loaded
[    1.040238] ACPI: Interpreter enabled
[    1.041147] ACPI: PM: (supports S0 S5)
[    1.041373] ACPI: Using IOAPIC for interrupt routing
[    1.042008] PCI: Using host bridge windows from ACPI; if necessary, use "pci=nocrs" and report a bug
[    1.042389] PCI: Using E820 reservations for host bridge windows
[    1.051558] ACPI: Enabled 2 GPEs in block 00 to 0F
[    1.085671] ACPI: PCI Root Bridge [PCI0] (domain 0000 [bus 00-ff])
[    1.086628] acpi PNP0A03:00: _OSC: OS supports [ASPM ClockPM Segments MSI HPX-Type3]
[    1.087121] acpi PNP0A03:00: _OSC: not requesting OS control; OS requires [ExtendedConfig ASPM ClockPM MSI]
[    1.088023] acpi PNP0A03:00: fail to add MMCONFIG information, can't access extended configuration space under this bridge
[    1.101507] acpiphp: Slot [3] registered
[    1.101846] acpiphp: Slot [4] registered
[    1.102137] acpiphp: Slot [5] registered
[    1.102460] acpiphp: Slot [6] registered
[    1.107800] acpiphp: Slot [7] registered
[    1.108234] acpiphp: Slot [8] registered
[    1.109864] acpiphp: Slot [9] registered
[    1.110162] acpiphp: Slot [10] registered
[    1.110423] acpiphp: Slot [11] registered
[    1.110671] acpiphp: Slot [12] registered
[    1.118899] acpiphp: Slot [13] registered
[    1.119342] acpiphp: Slot [14] registered
[    1.119645] acpiphp: Slot [15] registered
[    1.120002] acpiphp: Slot [16] registered
[    1.120267] acpiphp: Slot [17] registered
[    1.120527] acpiphp: Slot [18] registered
[    1.130105] acpiphp: Slot [19] registered
[    1.130527] acpiphp: Slot [20] registered
[    1.130821] acpiphp: Slot [21] registered
[    1.131090] acpiphp: Slot [22] registered
[    1.131342] acpiphp: Slot [23] registered
[    1.131587] acpiphp: Slot [24] registered
[    1.131858] acpiphp: Slot [25] registered
[    1.140114] acpiphp: Slot [26] registered
[    1.140513] acpiphp: Slot [27] registered
[    1.140765] acpiphp: Slot [28] registered
[    1.141026] acpiphp: Slot [29] registered
[    1.141286] acpiphp: Slot [30] registered
[    1.141560] acpiphp: Slot [31] registered
[    1.150593] PCI host bridge to bus 0000:00
[    1.151075] pci_bus 0000:00: root bus resource [io  0x0000-0x0cf7 window]
[    1.151482] pci_bus 0000:00: root bus resource [io  0x0d00-0xffff window]
[    1.151735] pci_bus 0000:00: root bus resource [mem 0x000a0000-0x000bffff window]
[    1.160016] pci_bus 0000:00: root bus resource [mem 0x08000000-0xfebfffff window]
[    1.160373] pci_bus 0000:00: root bus resource [mem 0x100000000-0x17fffffff window]
[    1.160850] pci_bus 0000:00: root bus resource [bus 00-ff]
[    1.171284] pci 0000:00:00.0: [8086:1237] type 00 class 0x060000 conventional PCI endpoint
[    1.180772] pci 0000:00:01.0: [8086:7000] type 00 class 0x060100 conventional PCI endpoint
[    1.181739] pci 0000:00:01.1: [8086:7010] type 00 class 0x010180 conventional PCI endpoint
[    1.188756] pci 0000:00:01.1: BAR 4 [io  0xc0e0-0xc0ef]
[    1.189900] pci 0000:00:01.1: BAR 0 [io  0x01f0-0x01f7]: legacy IDE quirk
[    1.190192] pci 0000:00:01.1: BAR 1 [io  0x03f6]: legacy IDE quirk
[    1.190453] pci 0000:00:01.1: BAR 2 [io  0x0170-0x0177]: legacy IDE quirk
[    1.196906] pci 0000:00:01.1: BAR 3 [io  0x0376]: legacy IDE quirk
[    1.198088] pci 0000:00:01.3: [8086:7113] type 00 class 0x068000 conventional PCI endpoint
[    1.198741] pci 0000:00:01.3: quirk: [io  0x0600-0x063f] claimed by PIIX4 ACPI
[    1.199075] pci 0000:00:01.3: quirk: [io  0x0700-0x070f] claimed by PIIX4 SMB
[    1.200699] pci 0000:00:02.0: [1234:1111] type 00 class 0x030000 conventional PCI endpoint
[    1.209845] pci 0000:00:02.0: BAR 0 [mem 0xfd000000-0xfdffffff pref]
[    1.211370] pci 0000:00:02.0: BAR 2 [mem 0xfeb90000-0xfeb90fff]
[    1.221672] pci 0000:00:02.0: ROM [mem 0xfeb80000-0xfeb8ffff pref]
[    1.222269] pci 0000:00:02.0: Video device with shadowed ROM at [mem 0x000c0000-0x000dffff]
[    1.223496] pci 0000:00:03.0: [1af4:1000] type 00 class 0x020000 conventional PCI endpoint
[    1.224765] pci 0000:00:03.0: BAR 0 [io  0xc080-0xc09f]
[    1.232154] pci 0000:00:03.0: BAR 4 [mem 0xfe000000-0xfe003fff 64bit pref]
[    1.233287] pci 0000:00:03.0: ROM [mem 0xfea80000-0xfeafffff pref]
[    1.238306] pci 0000:00:04.0: [1af4:1005] type 00 class 0x00ff00 conventional PCI endpoint
[    1.241104] pci 0000:00:04.0: BAR 0 [io  0xc0a0-0xc0bf]
[    1.242024] pci 0000:00:04.0: BAR 1 [mem 0xfeb91000-0xfeb91fff]
[    1.245273] pci 0000:00:04.0: BAR 4 [mem 0xfe004000-0xfe007fff 64bit pref]
[    1.252656] pci 0000:00:05.0: [1af4:1000] type 00 class 0x020000 conventional PCI endpoint
[    1.255899] pci 0000:00:05.0: BAR 0 [io  0xc0c0-0xc0df]
[    1.257375] pci 0000:00:05.0: BAR 1 [mem 0xfeb92000-0xfeb92fff]
[    1.259400] pci 0000:00:05.0: BAR 4 [mem 0xfe008000-0xfe00bfff 64bit pref]
[    1.260945] pci 0000:00:05.0: ROM [mem 0xfeb00000-0xfeb7ffff pref]
[    1.264860] pci 0000:00:06.0: [1af4:1001] type 00 class 0x010000 conventional PCI endpoint
[    1.270259] pci 0000:00:06.0: BAR 0 [io  0xc000-0xc07f]
[    1.271696] pci 0000:00:06.0: BAR 1 [mem 0xfeb93000-0xfeb93fff]
[    1.276580] pci 0000:00:06.0: BAR 4 [mem 0xfe00c000-0xfe00ffff 64bit pref]
[    1.286286] ACPI: PCI: Interrupt link LNKA configured for IRQ 10
[    1.287463] ACPI: PCI: Interrupt link LNKB configured for IRQ 10
[    1.288128] ACPI: PCI: Interrupt link LNKC configured for IRQ 11
[    1.288748] ACPI: PCI: Interrupt link LNKD configured for IRQ 11
[    1.289191] ACPI: PCI: Interrupt link LNKS configured for IRQ 9
[    1.302721] iommu: Default domain type: Translated
[    1.302965] iommu: DMA domain TLB invalidation policy: lazy mode
[    1.305908] SCSI subsystem initialized
[    1.307616] ACPI: bus type USB registered
[    1.308196] usbcore: registered new interface driver usbfs
[    1.309399] usbcore: registered new interface driver hub
[    1.309913] usbcore: registered new device driver usb
[    1.310508] pps_core: LinuxPPS API ver. 1 registered
[    1.310716] pps_core: Software ver. 5.3.6 - Copyright 2005-2007 Rodolfo Giometti <giometti@linux.it>
[    1.320274] PTP clock support registered
[    1.332068] PCI: Using ACPI for IRQ routing
[    1.334487] hpet0: at MMIO 0xfed00000, IRQs 2, 8, 0
[    1.334780] hpet0: 3 comparators, 64-bit 100.000000 MHz counter
[    1.340570] clocksource: Switched to clocksource tsc-early
[    1.344611] pnp: PnP ACPI init
[    1.348865] pnp: PnP ACPI: found 6 devices
[    1.362896] clocksource: acpi_pm: mask: 0xffffff max_cycles: 0xffffff, max_idle_ns: 2085701024 ns
[    1.364284] NET: Registered PF_INET protocol family
[    1.365496] IP idents hash table entries: 2048 (order: 2, 16384 bytes, linear)
[    1.371645] tcp_listen_portaddr_hash hash table entries: 256 (order: 0, 4096 bytes, linear)
[    1.373807] Table-perturb hash table entries: 65536 (order: 6, 262144 bytes, linear)
[    1.374403] TCP established hash table entries: 1024 (order: 1, 8192 bytes, linear)
[    1.374905] TCP bind hash table entries: 1024 (order: 3, 32768 bytes, linear)
[    1.385373] TCP: Hash tables configured (established 1024 bind 1024)
[    1.387350] MPTCP token hash table entries: 256 (order: 1, 6144 bytes, linear)
[    1.387930] UDP hash table entries: 256 (order: 1, 8192 bytes, linear)
[    1.388384] UDP-Lite hash table entries: 256 (order: 1, 8192 bytes, linear)
[    1.397827] NET: Registered PF_UNIX/PF_LOCAL protocol family
[    1.399219] pci_bus 0000:00: resource 4 [io  0x0000-0x0cf7 window]
[    1.399542] pci_bus 0000:00: resource 5 [io  0x0d00-0xffff window]
[    1.399804] pci_bus 0000:00: resource 6 [mem 0x000a0000-0x000bffff window]
[    1.407195] pci_bus 0000:00: resource 7 [mem 0x08000000-0xfebfffff window]
[    1.407646] pci_bus 0000:00: resource 8 [mem 0x100000000-0x17fffffff window]
[    1.408580] pci 0000:00:01.0: PIIX3: Enabling Passive Release
[    1.408926] pci 0000:00:00.0: Limiting direct PCI/PCI transfers
[    1.418994] PCI: CLS 0 bytes, default 64
[    1.439819] workingset: timestamp_bits=46 max_order=15 bucket_order=0
[    1.442627] squashfs: version 4.0 (2009/01/31) Phillip Lougher
[    1.445579] Block layer SCSI generic (bsg) driver version 0.4 loaded (major 247)
[    1.451075] hv_vmbus: registering driver hyperv_fb
[    1.454526] input: Power Button as /devices/LNXSYSTM:00/LNXPWRBN:00/input/input0
[    1.464488] ACPI: button: Power Button [PWRF]
[    1.622534] ACPI: \_SB_.LNKC: Enabled at IRQ 11
[    1.774600] ACPI: \_SB_.LNKD: Enabled at IRQ 10
[    1.925236] ACPI: \_SB_.LNKA: Enabled at IRQ 10
[    2.076177] ACPI: \_SB_.LNKB: Enabled at IRQ 11
[    2.078251] Serial: 8250/16550 driver, 16 ports, IRQ sharing enabled
[    2.103351] 00:04: ttyS0 at I/O 0x3f8 (irq = 4, base_baud = 115200) is a 16550A
[    2.129493] Non-volatile memory driver v1.3
[    2.140723] Linux agpgart interface v0.103
[    2.141767] ACPI: bus type drm_connector registered
[    2.144515] [drm] Found bochs VGA, ID 0xb0c5.
[    2.144751] [drm] Framebuffer size 16384 kB @ 0xfd000000, mmio @ 0xfeb90000.
[    2.150630] [drm] Found EDID data blob.
[    2.156441] [drm] Initialized bochs-drm 1.0.0 for 0000:00:02.0 on minor 0
[    2.225719] Console: switching to colour frame buffer device 160x50
[    2.234926] bochs-drm 0000:00:02.0: [drm] fb0: bochs-drmdrmfb frame buffer device
[    2.253975] loop: module loaded
[    2.254670] virtio_blk virtio3: 1/0/0 default/read/poll queues
[    2.276221] virtio_blk virtio3: [vda] 246784 512-byte logical blocks (126 MB/121 MiB)
[    2.285452]  vda: vda1 vda2
[    2.287706] Guest personality initialized and is inactive
[    2.288468] VMCI host device registered (name=vmci, major=10, minor=256)
[    2.288762] Initialized host personality
[    2.289131] usbcore: registered new interface driver rtsx_usb
[    2.290143] VMware PVSCSI driver - version 1.0.7.0-k
[    2.298583] hv_vmbus: registering driver hv_storvsc
[    2.314589] scsi host0: ata_piix
[    2.317079] scsi host1: ata_piix
[    2.318010] ata1: PATA max MWDMA2 cmd 0x1f0 ctl 0x3f6 bmdma 0xc0e0 irq 14 lpm-pol 0
[    2.318344] ata2: PATA max MWDMA2 cmd 0x170 ctl 0x376 bmdma 0xc0e8 irq 15 lpm-pol 0
[    2.328776] VMware vmxnet3 virtual NIC driver - version 1.9.0.0-k-NAPI
[    2.329350] hv_vmbus: registering driver hv_netvsc
[    2.329740] Fusion MPT base driver 3.04.20
[    2.329909] Copyright (c) 1999-2008 LSI Corporation
[    2.330296] Fusion MPT SPI Host driver 3.04.20
[    2.339729] Fusion MPT SAS Host driver 3.04.20
[    2.341882] usbcore: registered new interface driver usb-storage
[    2.343161] i8042: PNP: PS/2 Controller [PNP0303:KBD,PNP0f13:MOU] at 0x60,0x64 irq 1,12
[    2.346481] serio: i8042 KBD port at 0x60,0x64 irq 1
[    2.346885] serio: i8042 AUX port at 0x60,0x64 irq 12
[    2.353429] hv_vmbus: registering driver hyperv_keyboard
[    2.355802] rtc_cmos 00:05: RTC can wake from S4
[    2.360831] rtc_cmos 00:05: registered as rtc0
[    2.363606] rtc_cmos 00:05: setting system clock to 2026-03-29T03:29:15 UTC (1774754955)
[    2.366012] rtc_cmos 00:05: alarms up to one day, y3k, 242 bytes nvram, hpet irqs
[    2.368707] intel_powerclamp: CPU does not support MWAIT
[    2.370882] amd_pstate: the _CPC object is not present in SBIOS or ACPI disabled
[    2.376801] sdhci: Secure Digital Host Controller Interface driver
[    2.378794] sdhci: Copyright(c) Pierre Ossman
[    2.381116] VUB300 Driver rom wait states = 1C irqpoll timeout = 0400
[    2.387520] input: AT Translated Set 2 keyboard as /devices/platform/i8042/serio0/input/input1
[    2.411728] usbcore: registered new interface driver vub300
[    2.414004] usbcore: registered new interface driver ushc
[    2.421858] hid: raw HID events driver (C) Jiri Kosina
[    2.424564] hv_vmbus: registering driver hid_hyperv
[    2.427218] usbcore: registered new interface driver usbhid
[    2.429332] usbhid: USB HID core driver
[    2.431436] hv_utils: Registering HyperV Utility Driver
[    2.433392] hv_vmbus: registering driver hv_utils
[    2.435509] hv_vmbus: registering driver hv_balloon
[    2.439161] NET: Registered PF_INET6 protocol family
[    2.454518] Segment Routing with IPv6
[    2.456640] In-situ OAM (IOAM) with IPv6
[    2.459183] NET: Registered PF_PACKET protocol family
[    2.461597] bridge: filtering via arp/ip/ip6tables is no longer available by default. Update your scripts to load br_netfilter if you need this.
[    2.470988] tsc: Refined TSC clocksource calibration: 2445.412 MHz
[    2.473348] clocksource: tsc: mask: 0xffffffffffffffff max_cycles: 0x233fca61329, max_idle_ns: 440795203427 ns
[    2.475927] clocksource: Switched to clocksource tsc
[    2.482727] 8021q: 802.1Q VLAN Support v1.8
[    2.485359] NET: Registered PF_VSOCK protocol family
[    2.494806] IPI shorthand broadcast: enabled
[    2.501616] AES CTR mode by8 optimization enabled
[    2.523356] sched_clock: Marking stable (2240101226, 277838637)->(2527894555, -9954692)
[    2.558785] ata2: found unknown device (class 0)
[    2.588018] ata2.00: ATAPI: QEMU DVD-ROM, 2.5+, max UDMA/100
[    2.625124] scsi 1:0:0:0: CD-ROM            QEMU     QEMU DVD-ROM     2.5+ PQ: 0 ANSI: 5
[    2.638890] clk: Disabling unused clocks
[    2.679872] sr 1:0:0:0: [sr0] scsi3-mmc drive: 4x/4x cd/rw xa/form2 tray
[    2.682484] cdrom: Uniform CD-ROM driver Revision: 3.20
[    2.740254] VFS: Mounted root (squashfs filesystem) readonly on device 254:2.
[    2.809707] Freeing unused kernel image (initmem) memory: 1492K
[    2.812295] Write protecting the kernel read-only data: 18432k
[    2.816622] Freeing unused kernel image (rodata/data gap) memory: 1544K
[    2.819374] Run /sbin/init as init process
[    3.099863] init: Console is alive
[    3.816070] kmodloader: loading kernel modules from /etc/modules-boot.d/*
[    3.883597] button_hotplug: loading out-of-tree module taints kernel.
[    3.891013] Button Hotplug driver version 0.4.1
[    3.913941] Intel(R) 2.5G Ethernet Linux Driver
[    3.916436] Copyright(c) 2018 Intel Corporation.
[    3.933773] igb: Intel(R) Gigabit Ethernet Network Driver
[    3.936351] igb: Copyright (c) 2007-2014 Intel Corporation.
[    3.953802] e1000e: Intel(R) PRO/1000 Network Driver
[    3.956291] e1000e: Copyright(c) 1999 - 2015 Intel Corporation.
[    3.969983] kmodloader: done loading kernel modules from /etc/modules-boot.d/*
[    3.990511] init: - preinit -
[    5.118209] 8021q: adding VLAN 0 to HW filter on device eth0
Press the [f] key and hit [enter] to enter failsafe mode
Press the [1], [2], [3] or [4] key and hit [enter] to select the debug level
[    9.810433] loop0: detected capacity change from 0 to 212992
[    9.858411] loop0: detected capacity change from 212992 to 196352
[    9.872026] mount_root: overlay filesystem in /dev/loop0 has not been formatted yet
[   10.206804] EXT4-fs (loop0): mounted filesystem 32c7769b-ab5c-46e3-aed1-b14c9e4f7c03 r/w with ordered data mode. Quota mode: disabled.
[   10.220834] mount_root: overlay filesystem has not been fully initialized yet
[   10.238918] mount_root: switching to ext4 overlay
[   10.259860] overlayfs: null uuid detected in lower fs '/', falling back to xino=off,index=off,nfs_export=off.
[   11.031515] EXT4-fs (vda1): mounted filesystem 84173db5-fa99-e35a-95c6-28613cc79ea9 r/w without journal. Quota mode: disabled.
[   11.058597] urandom-seed: Seed file not found (/etc/urandom.seed)
[   11.221628] procd: - early -
[   11.993429] procd: - ubus -
[   12.174854] procd: - init -
Please press Enter to activate this console.
root
login[1047]: root login on 'ttyS0'


BusyBox v1.37.0 (2026-03-26 13:35:28 UTC) built-in shell (ash)

  _______                     ________        __
 |       |.-----.-----.-----.|  |  |  |.----.|  |_
 |   -   ||  _  |  -__|     ||  |  |  ||   _||   _|
 |_______||   __|_____|__|__||________||__|  |____|
          |__| W I R E L E S S   F R E E D O M
 -----------------------------------------------------
 OpenWrt 25.12-SNAPSHOT, r32806-b2685cef6a Dave's Guitar
 -----------------------------------------------------

 === WARNING! =====================================
 There is no root password defined on this device!
 Use the "passwd" command to set up a new password
 in order to prevent unauthorized SSH logins.
 --------------------------------------------------

  ___   __ __                _______             __
 |   |_|__|  |--.----.-----.|   |   |-----.-----|  |--.
 |     |  |  _  |   _|  -__||       |  -__|__ --|     |
 |_____|__|_____|__| |_____||__|_|__|_____|_____|__|__|

 ------------------------------------------------------
 LiMe master development (master rev. 7929208 20260304_1752)
 ------------------------------------------------------
 https://libremesh.org
 ------------------------------------------------------

 === System Notes =================================================

 = edit via http://thisnode.info/app/#/notes or /etc/banner.notes =


 OpenWrt recently switched to the "apk" package manager!

 OPKG Command           APK Equivalent      Description
 ------------------------------------------------------------------
 opkg install <pkg>     apk add <pkg>       Install a package
 opkg remove <pkg>      apk del <pkg>       Remove a package
 opkg upgrade           apk upgrade         Upgrade all packages
 opkg files <pkg>       apk info -L <pkg>   List package contents
 opkg list-installed    apk info            List installed packages
 opkg update            apk update          Update package lists
 opkg search <pkg>      apk search <pkg>    Search for packages
 ------------------------------------------------------------------

For more information visit:
https://openwrt.org/docs/guide-user/additional-software/opkg-to-apk-cheatsheet

root@(none):~# dmesg -n 1
root@(none):~# echo 'GKJT''TNLJQL'
GKJTTNLJQL
root@(none):~# run() { echo -n "$MARKER"; sh -c "$@"; echo "$MARKER $?"; }
root@(none):~# echo 'BHWH''BTGAMF'
BHWHBTGAMF
root@(none):~# MARKER='ASKW''LKAFMY' run 'ubus wait_for network.interface.lan'
ASKWLKAFMY