Labgrid Console Logfile for main
Logfile started at 2026-03-14 02:11:13.499557
=== Log starts here ===
c[?7l[2J[0mSeaBIOS (version 1.16.3-debian-1.16.3-2)


iPXE (https://ipxe.org) 00:03.0 CA00 PCI2.10 PnP PMM+06FCAE70+06F0AE70 CA00
Press Ctrl-B to configure iPXE (PCI 00:03.0)...                                                                               




iPXE (https://ipxe.org) 00:05.0 CB00 PCI2.10 PnP PMM 06FCAE70 06F0AE70 CB00
Press Ctrl-B to configure iPXE (PCI 00:05.0)...                                                                               


Booting from Hard Disk...
GRUB loading.....
[0;30;47mWelcome to GRUB!

[01;01H[0m[2J[H[J[1;1H[?25l[m[H[J[1;1H[2;30HGNU GRUB  version 2.12

[m[4;2H+----------------------------------------------------------------------------+[5;2H|[5;79H|[6;2H|[6;79H|[7;2H|[7;79H|[8;2H|[8;79H|[9;2H|[9;79H|[10;2H|[10;79H|[11;2H|[11;79H|[12;2H|[12;79H|[13;2H|[13;79H|[14;2H|[14;79H|[15;2H|[15;79H|[16;2H+----------------------------------------------------------------------------+[m[17;2H[18;2H[m     Use the ^ and v keys to select which entry is highlighted.          
      Press enter to boot the selected OS, `e' to edit the commands       
      before booting or `c' for a command-line. ESC to return             
      previous menu.                                                      [5;80H [7m[5;3H*OpenWrt                                                                    [m[5;78H[m[m[6;3H OpenWrt (failsafe)                                                         [m[6;78H[m[m[7;3H                                                                            [m[7;78H[m[m[8;3H                                                                            [m[8;78H[m[m[9;3H                                                                            [m[9;78H[m[m[10;3H                                                                            [m[10;78H[m[m[11;3H                                                                            [m[11;78H[m[m[12;3H                                                                            [m[12;78H[m[m[13;3H                                                                            [m[13;78H[m[m[14;3H                                                                            [m[14;78H[m[m[15;3H                                                                            [m[15;78H[m[15;80H [5;78H[2J[02;30HGNU GRUB  version 2.12[04;02H┌────────────────────────────────────────────────────────────────────────────┐[05;02H│[05;79H│[06;02H│[06;79H│[07;02H│[07;79H│[08;02H│[08;79H│[09;02H│[09;79H│[10;02H│[10;79H│[11;02H│[11;79H│[12;02H│[12;79H│[13;02H│[13;79H│[14;02H│[14;79H│[15;02H│[15;79H│[16;02H│[16;79H│[17;02H└────────────────────────────────────────────────────────────────────────────┘[19;02H     Use th[19;12H[19;13He ↑ and ↓ keys to select which entry is highlighted.          
      Press enter to boot the selected OS, `e' to edit the commands       
      before booting or `c'[21;27H[21;28H for a command-line. ESC to return             
      previous menu.                                                      [05;80H [05;03H[0;30;47m*OpenWrt                                                                    [06;03H[0m OpenWrt (failsafe)                                                         [07;03H                                                     [07;55H[07;56H                       [08;03H                                                                            [09;03H                                                                            [10;03H                                                                            [11;03H                                                                           [11;77H[11;78H [12;03H                                                                            [13;03H                                                                            [14;03H        [14;10H[14;11H                                                                    [15;03H                                                                            [16;03H                                                                            [16;80H 






   The highlighted entry will be executed automatically in 5s.                [22;1H   The highlighted entry will be executed automatically in 5s.                 [5;78H [05;78H

















   The highlighted entry will be executed automatically in 4s.                [22;1H   The highlighted entry will be executed automatically in 4s.                 [5;78H [05;78H

















   The highlighted entry will be executed automatically in 3s.                [22;1H   The highlighted entry will be executed automatically in 3s.                 [5;78H [05;78H

















   The highlighted entry will be executed automatically in 2s.                [22;1H   The highlighted entry will be executed automatically in 2s.                 [5;78H [05;78H

















   The highlighted entry will be executed automatically in 1s.                [22;1H   The highlighted entry will be executed automatically in 1s.                 [5;78H [05;78H

















   The highlighted entry will be executed automatically in 0s.                [22;1H   The highlighted entry will be executed automatically in 0s.                 [5;78H [01;01H[2J[?25h[H[J[1;1H[H[J[1;1H[2J   Booting `OpenWrt' Booting `OpenWrt

'

[    0.000000] Linux version 6.12.74 (builder@buildhost) (x86_64-openwrt-linux-musl-gcc (OpenWrt GCC 14.3.0 r32746-d8de9b068b) 14.3.0, GNU ld (GNU Binutils) 2.44) #0 SMP Fri Mar 13 23:17:30 2026
[    0.000000] Command line: BOOT_IMAGE=/boot/vmlinuz root=PARTUUID=b93d3d95-02 rootwait console=tty1 console=ttyS0,115200n8 noinitrd
[    0.000000] BIOS-provided physical RAM map:
[    0.000000] BIOS-e820: [mem 0x0000000000000000-0x000000000009fbff] usable
[    0.000000] BIOS-e820: [mem 0x000000000009fc00-0x000000000009ffff] reserved
[    0.000000] BIOS-e820: [mem 0x00000000000f0000-0x00000000000fffff] reserved
[    0.000000] BIOS-e820: [mem 0x0000000000100000-0x0000000007fdcfff] usable
[    0.000000] BIOS-e820: [mem 0x0000000007fdd000-0x0000000007ffffff] reserved
[    0.000000] BIOS-e820: [mem 0x00000000fffc0000-0x00000000ffffffff] reserved
[    0.000000] BIOS-e820: [mem 0x000000fd00000000-0x000000ffffffffff] reserved
[    0.000000] NX (Execute Disable) protection: active
[    0.000000] APIC: Static calls initialized
[    0.000000] SMBIOS 3.0.0 present.
[    0.000000] DMI: QEMU Standard PC (i440FX + PIIX, 1996), BIOS 1.16.3-debian-1.16.3-2 04/01/2014
[    0.000000] DMI: Memory slots populated: 1/1
[    0.000000] tsc: Fast TSC calibration using PIT
[    0.000000] tsc: Detected 2445.385 MHz processor
[    0.007637] last_pfn = 0x7fdd max_arch_pfn = 0x400000000
[    0.008275] MTRR map: 4 entries (3 fixed + 1 variable; max 19), built from 8 variable MTRRs
[    0.008439] x86/PAT: Configuration [0-7]: WB  WC  UC- UC  WB  WP  UC- WT  
[    0.028240] found SMP MP-table at [mem 0x000f5460-0x000f546f]
[    0.029621] Using GB pages for direct mapping
[    0.034038] ACPI: Early table checksum verification disabled
[    0.034399] ACPI: RSDP 0x00000000000F5290 000014 (v00 BOCHS )
[    0.034702] ACPI: RSDT 0x0000000007FE1C64 000034 (v01 BOCHS  BXPC     00000001 BXPC 00000001)
[    0.035228] ACPI: FACP 0x0000000007FE1B18 000074 (v01 BOCHS  BXPC     00000001 BXPC 00000001)
[    0.035817] ACPI: DSDT 0x0000000007FE0040 001AD8 (v01 BOCHS  BXPC     00000001 BXPC 00000001)
[    0.035889] ACPI: FACS 0x0000000007FE0000 000040
[    0.035937] ACPI: APIC 0x0000000007FE1B8C 000078 (v03 BOCHS  BXPC     00000001 BXPC 00000001)
[    0.035958] ACPI: HPET 0x0000000007FE1C04 000038 (v01 BOCHS  BXPC     00000001 BXPC 00000001)
[    0.035976] ACPI: WAET 0x0000000007FE1C3C 000028 (v01 BOCHS  BXPC     00000001 BXPC 00000001)
[    0.036049] ACPI: Reserving FACP table memory at [mem 0x7fe1b18-0x7fe1b8b]
[    0.036096] ACPI: Reserving DSDT table memory at [mem 0x7fe0040-0x7fe1b17]
[    0.036104] ACPI: Reserving FACS table memory at [mem 0x7fe0000-0x7fe003f]
[    0.036109] ACPI: Reserving APIC table memory at [mem 0x7fe1b8c-0x7fe1c03]
[    0.036115] ACPI: Reserving HPET table memory at [mem 0x7fe1c04-0x7fe1c3b]
[    0.036120] ACPI: Reserving WAET table memory at [mem 0x7fe1c3c-0x7fe1c63]
[    0.039123] Zone ranges:
[    0.039166]   DMA      [mem 0x0000000000001000-0x0000000000ffffff]
[    0.039245]   DMA32    [mem 0x0000000001000000-0x0000000007fdcfff]
[    0.039254]   Normal   empty
[    0.039271] Movable zone start for each node
[    0.039303] Early memory node ranges
[    0.039329]   node   0: [mem 0x0000000000001000-0x000000000009efff]
[    0.039381]   node   0: [mem 0x0000000000100000-0x0000000007fdcfff]
[    0.039503] Initmem setup node 0 [mem 0x0000000000001000-0x0000000007fdcfff]
[    0.040545] On node 0, zone DMA: 1 pages in unavailable ranges
[    0.041017] On node 0, zone DMA: 97 pages in unavailable ranges
[    0.043063] On node 0, zone DMA32: 35 pages in unavailable ranges
[    0.043418] ACPI: PM-Timer IO Port: 0x608
[    0.043814] ACPI: LAPIC_NMI (acpi_id[0xff] dfl dfl lint[0x1])
[    0.044240] IOAPIC[0]: apic_id 0, version 32, address 0xfec00000, GSI 0-23
[    0.044353] ACPI: INT_SRC_OVR (bus 0 bus_irq 0 global_irq 2 dfl dfl)
[    0.044601] ACPI: INT_SRC_OVR (bus 0 bus_irq 5 global_irq 5 high level)
[    0.044648] ACPI: INT_SRC_OVR (bus 0 bus_irq 9 global_irq 9 high level)
[    0.044742] ACPI: INT_SRC_OVR (bus 0 bus_irq 10 global_irq 10 high level)
[    0.044751] ACPI: INT_SRC_OVR (bus 0 bus_irq 11 global_irq 11 high level)
[    0.044939] ACPI: Using ACPI (MADT) for SMP configuration information
[    0.044983] ACPI: HPET id: 0x8086a201 base: 0xfed00000
[    0.045390] CPU topo: Max. logical packages:   1
[    0.045405] CPU topo: Max. logical dies:       1
[    0.045415] CPU topo: Max. dies per package:   1
[    0.045460] CPU topo: Max. threads per core:   1
[    0.045620] CPU topo: Num. cores per package:     1
[    0.045635] CPU topo: Num. threads per package:   1
[    0.045644] CPU topo: Allowing 1 present CPUs plus 0 hotplug CPUs
[    0.046813] [mem 0x08000000-0xfffbffff] available for PCI devices
[    0.046881] Booting paravirtualized kernel on bare hardware
[    0.047189] clocksource: refined-jiffies: mask: 0xffffffff max_cycles: 0xffffffff, max_idle_ns: 19112604462750000 ns
[    0.047838] setup_percpu: NR_CPUS:512 nr_cpumask_bits:1 nr_cpu_ids:1 nr_node_ids:1
[    0.049814] percpu: Embedded 48 pages/cpu s158104 r8192 d30312 u2097152
[    0.052111] Kernel command line: BOOT_IMAGE=/boot/vmlinuz root=PARTUUID=b93d3d95-02 rootwait console=tty1 console=ttyS0,115200n8 noinitrd
[    0.053744] random: crng init done
[    0.058444] Dentry cache hash table entries: 16384 (order: 5, 131072 bytes, linear)
[    0.059388] Inode-cache hash table entries: 8192 (order: 4, 65536 bytes, linear)
[    0.062010] Built 1 zonelists, mobility grouping on.  Total pages: 32635
[    0.062250] mem auto-init: stack:off, heap alloc:off, heap free:off
[    0.071897] SLUB: HWalign=64, Order=0-3, MinObjects=0, CPUs=1, Nodes=1
[    0.079844] rcu: Hierarchical RCU implementation.
[    0.079871] rcu: 	RCU restricting CPUs from NR_CPUS=512 to nr_cpu_ids=1.
[    0.080018] 	Tracing variant of Tasks RCU enabled.
[    0.080111] rcu: RCU calculated value of scheduler-enlistment delay is 10 jiffies.
[    0.080164] rcu: Adjusting geometry for rcu_fanout_leaf=16, nr_cpu_ids=1
[    0.081324] RCU Tasks Trace: Setting shift to 0 and lim to 1 rcu_task_cb_adjust=1 rcu_task_cpu_ids=1.
[    0.081452] NR_IRQS: 33024, nr_irqs: 256, preallocated irqs: 16
[    0.090127] rcu: srcu_init: Setting srcu_struct sizes based on contention.
[    0.097005] Console: colour VGA+ 80x25
[    0.097442] printk: legacy console [tty1] enabled
[    0.105769] printk: legacy console [ttyS0] enabled
[    0.348827] ACPI: Core revision 20240827
[    0.353923] clocksource: hpet: mask: 0xffffffff max_cycles: 0xffffffff, max_idle_ns: 19112604467 ns
[    0.363477] APIC: Switch to symmetric I/O mode setup
[    0.367799] ..TIMER: vector=0x30 apic1=0 pin1=2 apic2=-1 pin2=-1
[    0.410548] clocksource: tsc-early: mask: 0xffffffffffffffff max_cycles: 0x233fb0e61e8, max_idle_ns: 440795250252 ns
[    0.411246] Calibrating delay loop (skipped), value calculated using timer frequency.. 4890.77 BogoMIPS (lpj=24453850)
[    0.413113] x86/cpu: User Mode Instruction Prevention (UMIP) activated
[    0.428575] Last level iTLB entries: 4KB 0, 2MB 0, 4MB 0
[    0.431144] Last level dTLB entries: 4KB 0, 2MB 0, 4MB 0, 1GB 0
[    0.432225] Spectre V1 : Mitigation: usercopy/swapgs barriers and __user pointer sanitization
[    0.433205] Spectre V2 : Mitigation: Retpolines
[    0.433454] Spectre V2 : Spectre v2 / SpectreRSB: Filling RSB on context switch and VMEXIT
[    0.433934] Speculative Store Bypass: Vulnerable
[    0.443071] x86/fpu: Supporting XSAVE feature 0x001: 'x87 floating point registers'
[    0.447785] x86/fpu: Supporting XSAVE feature 0x002: 'SSE registers'
[    0.448079] x86/fpu: Supporting XSAVE feature 0x004: 'AVX registers'
[    0.448343] x86/fpu: Supporting XSAVE feature 0x008: 'MPX bounds registers'
[    0.452140] x86/fpu: Supporting XSAVE feature 0x010: 'MPX CSR'
[    0.452603] x86/fpu: xstate_offset[2]:  576, xstate_sizes[2]:  256
[    0.452979] x86/fpu: xstate_offset[3]:  960, xstate_sizes[3]:   64
[    0.453231] x86/fpu: xstate_offset[4]: 1024, xstate_sizes[4]:   64
[    0.461161] x86/fpu: Enabled xstate features 0x1f, context size is 1088 bytes, using 'standard' format.
[    0.693315] Freeing SMP alternatives memory: 40K
[    0.694042] pid_max: default: 32768 minimum: 301
[    0.703464] Mount-cache hash table entries: 512 (order: 0, 4096 bytes, linear)
[    0.703879] Mountpoint-cache hash table entries: 512 (order: 0, 4096 bytes, linear)
[    0.855111] smpboot: CPU0: AMD QEMU TCG CPU version 2.5+ (family: 0x6, model: 0x6, stepping: 0x3)
[    0.861806] Performance Events: PMU not available due to virtualization, using software events only.
[    0.863418] signal: max sigframe size: 1616
[    0.879641] rcu: Hierarchical SRCU implementation.
[    0.879930] rcu: 	Max phase no-delay instances is 1000.
[    0.891843] smp: Bringing up secondary CPUs ...
[    0.893781] smp: Brought up 1 node, 1 CPU
[    0.894096] smpboot: Total of 1 processors activated (4890.77 BogoMIPS)
[    0.900159] Memory: 103276K/130540K available (14336K kernel code, 1177K rwdata, 2552K rodata, 1492K init, 1304K bss, 25620K reserved, 0K cma-reserved)
[    0.914918] clocksource: jiffies: mask: 0xffffffff max_cycles: 0xffffffff, max_idle_ns: 19112604462750000 ns
[    0.915811] futex hash table entries: 256 (order: 2, 16384 bytes, linear)
[    0.917003] pinctrl core: initialized pinctrl subsystem
[    0.936645] NET: Registered PF_NETLINK/PF_ROUTE protocol family
[    0.942954] thermal_sys: Registered thermal governor 'step_wise'
[    0.942991] thermal_sys: Registered thermal governor 'user_space'
[    0.943995] cpuidle: using governor ladder
[    0.945669] acpiphp: ACPI Hot Plug PCI Controller Driver version: 0.5
[    0.950023] PCI: Using configuration type 1 for base access
[    0.958921] cryptd: max_cpu_qlen set to 1000
[    0.964979] ACPI: Added _OSI(Module Device)
[    0.965218] ACPI: Added _OSI(Processor Device)
[    0.965420] ACPI: Added _OSI(Processor Aggregator Device)
[    0.979642] ACPI: 1 ACPI AML tables successfully acquired and loaded
[    0.996253] ACPI: Interpreter enabled
[    0.997026] ACPI: PM: (supports S0 S5)
[    0.997268] ACPI: Using IOAPIC for interrupt routing
[    0.997849] PCI: Using host bridge windows from ACPI; if necessary, use "pci=nocrs" and report a bug
[    0.998274] PCI: Using E820 reservations for host bridge windows
[    1.002953] ACPI: Enabled 2 GPEs in block 00 to 0F
[    1.039951] ACPI: PCI Root Bridge [PCI0] (domain 0000 [bus 00-ff])
[    1.040855] acpi PNP0A03:00: _OSC: OS supports [ASPM ClockPM Segments MSI HPX-Type3]
[    1.041326] acpi PNP0A03:00: _OSC: not requesting OS control; OS requires [ExtendedConfig ASPM ClockPM MSI]
[    1.042258] acpi PNP0A03:00: fail to add MMCONFIG information, can't access extended configuration space under this bridge
[    1.055135] acpiphp: Slot [3] registered
[    1.055490] acpiphp: Slot [4] registered
[    1.055763] acpiphp: Slot [5] registered
[    1.056025] acpiphp: Slot [6] registered
[    1.061292] acpiphp: Slot [7] registered
[    1.061654] acpiphp: Slot [8] registered
[    1.063344] acpiphp: Slot [9] registered
[    1.063617] acpiphp: Slot [10] registered
[    1.063894] acpiphp: Slot [11] registered
[    1.064183] acpiphp: Slot [12] registered
[    1.064448] acpiphp: Slot [13] registered
[    1.071310] acpiphp: Slot [14] registered
[    1.071719] acpiphp: Slot [15] registered
[    1.072134] acpiphp: Slot [16] registered
[    1.072407] acpiphp: Slot [17] registered
[    1.072707] acpiphp: Slot [18] registered
[    1.072994] acpiphp: Slot [19] registered
[    1.081398] acpiphp: Slot [20] registered
[    1.081861] acpiphp: Slot [21] registered
[    1.082156] acpiphp: Slot [22] registered
[    1.082422] acpiphp: Slot [23] registered
[    1.082718] acpiphp: Slot [24] registered
[    1.082985] acpiphp: Slot [25] registered
[    1.091448] acpiphp: Slot [26] registered
[    1.091907] acpiphp: Slot [27] registered
[    1.092241] acpiphp: Slot [28] registered
[    1.092518] acpiphp: Slot [29] registered
[    1.092842] acpiphp: Slot [30] registered
[    1.093112] acpiphp: Slot [31] registered
[    1.101630] PCI host bridge to bus 0000:00
[    1.102293] pci_bus 0000:00: root bus resource [io  0x0000-0x0cf7 window]
[    1.102725] pci_bus 0000:00: root bus resource [io  0x0d00-0xffff window]
[    1.102999] pci_bus 0000:00: root bus resource [mem 0x000a0000-0x000bffff window]
[    1.111290] pci_bus 0000:00: root bus resource [mem 0x08000000-0xfebfffff window]
[    1.111796] pci_bus 0000:00: root bus resource [mem 0x100000000-0x17fffffff window]
[    1.112365] pci_bus 0000:00: root bus resource [bus 00-ff]
[    1.113759] pci 0000:00:00.0: [8086:1237] type 00 class 0x060000 conventional PCI endpoint
[    1.132285] pci 0000:00:01.0: [8086:7000] type 00 class 0x060100 conventional PCI endpoint
[    1.133207] pci 0000:00:01.1: [8086:7010] type 00 class 0x010180 conventional PCI endpoint
[    1.136079] pci 0000:00:01.1: BAR 4 [io  0xc0e0-0xc0ef]
[    1.140336] pci 0000:00:01.1: BAR 0 [io  0x01f0-0x01f7]: legacy IDE quirk
[    1.140656] pci 0000:00:01.1: BAR 1 [io  0x03f6]: legacy IDE quirk
[    1.140944] pci 0000:00:01.1: BAR 2 [io  0x0170-0x0177]: legacy IDE quirk
[    1.141250] pci 0000:00:01.1: BAR 3 [io  0x0376]: legacy IDE quirk
[    1.151141] pci 0000:00:01.3: [8086:7113] type 00 class 0x068000 conventional PCI endpoint
[    1.151850] pci 0000:00:01.3: quirk: [io  0x0600-0x063f] claimed by PIIX4 ACPI
[    1.152196] pci 0000:00:01.3: quirk: [io  0x0700-0x070f] claimed by PIIX4 SMB
[    1.161770] pci 0000:00:02.0: [1234:1111] type 00 class 0x030000 conventional PCI endpoint
[    1.162587] pci 0000:00:02.0: BAR 0 [mem 0xfd000000-0xfdffffff pref]
[    1.164115] pci 0000:00:02.0: BAR 2 [mem 0xfeb90000-0xfeb90fff]
[    1.173410] pci 0000:00:02.0: ROM [mem 0xfeb80000-0xfeb8ffff pref]
[    1.173929] pci 0000:00:02.0: Video device with shadowed ROM at [mem 0x000c0000-0x000dffff]
[    1.174959] pci 0000:00:03.0: [1af4:1000] type 00 class 0x020000 conventional PCI endpoint
[    1.176296] pci 0000:00:03.0: BAR 0 [io  0xc080-0xc09f]
[    1.183570] pci 0000:00:03.0: BAR 4 [mem 0xfe000000-0xfe003fff 64bit pref]
[    1.184877] pci 0000:00:03.0: ROM [mem 0xfea80000-0xfeafffff pref]
[    1.191533] pci 0000:00:04.0: [1af4:1005] type 00 class 0x00ff00 conventional PCI endpoint
[    1.194525] pci 0000:00:04.0: BAR 0 [io  0xc0a0-0xc0bf]
[    1.195348] pci 0000:00:04.0: BAR 1 [mem 0xfeb91000-0xfeb91fff]
[    1.198282] pci 0000:00:04.0: BAR 4 [mem 0xfe004000-0xfe007fff 64bit pref]
[    1.203509] pci 0000:00:05.0: [1af4:1000] type 00 class 0x020000 conventional PCI endpoint
[    1.205696] pci 0000:00:05.0: BAR 0 [io  0xc0c0-0xc0df]
[    1.206468] pci 0000:00:05.0: BAR 1 [mem 0xfeb92000-0xfeb92fff]
[    1.208268] pci 0000:00:05.0: BAR 4 [mem 0xfe008000-0xfe00bfff 64bit pref]
[    1.209049] pci 0000:00:05.0: ROM [mem 0xfeb00000-0xfeb7ffff pref]
[    1.215115] pci 0000:00:06.0: [1af4:1001] type 00 class 0x010000 conventional PCI endpoint
[    1.215955] pci 0000:00:06.0: BAR 0 [io  0xc000-0xc07f]
[    1.221136] pci 0000:00:06.0: BAR 1 [mem 0xfeb93000-0xfeb93fff]
[    1.222843] pci 0000:00:06.0: BAR 4 [mem 0xfe00c000-0xfe00ffff 64bit pref]
[    1.234569] ACPI: PCI: Interrupt link LNKA configured for IRQ 10
[    1.235457] ACPI: PCI: Interrupt link LNKB configured for IRQ 10
[    1.236101] ACPI: PCI: Interrupt link LNKC configured for IRQ 11
[    1.236764] ACPI: PCI: Interrupt link LNKD configured for IRQ 11
[    1.237929] ACPI: PCI: Interrupt link LNKS configured for IRQ 9
[    1.241337] iommu: Default domain type: Translated
[    1.241582] iommu: DMA domain TLB invalidation policy: lazy mode
[    1.244412] SCSI subsystem initialized
[    1.249983] ACPI: bus type USB registered
[    1.250544] usbcore: registered new interface driver usbfs
[    1.251021] usbcore: registered new interface driver hub
[    1.251342] usbcore: registered new device driver usb
[    1.251913] pps_core: LinuxPPS API ver. 1 registered
[    1.259169] pps_core: Software ver. 5.3.6 - Copyright 2005-2007 Rodolfo Giometti <giometti@linux.it>
[    1.259761] PTP clock support registered
[    1.270657] PCI: Using ACPI for IRQ routing
[    1.273066] hpet0: at MMIO 0xfed00000, IRQs 2, 8, 0
[    1.273389] hpet0: 3 comparators, 64-bit 100.000000 MHz counter
[    1.278161] clocksource: Switched to clocksource tsc-early
[    1.278161] pnp: PnP ACPI init
[    1.279263] pnp: PnP ACPI: found 6 devices
[    1.293074] clocksource: acpi_pm: mask: 0xffffff max_cycles: 0xffffff, max_idle_ns: 2085701024 ns
[    1.294414] NET: Registered PF_INET protocol family
[    1.295970] IP idents hash table entries: 2048 (order: 2, 16384 bytes, linear)
[    1.301640] tcp_listen_portaddr_hash hash table entries: 256 (order: 0, 4096 bytes, linear)
[    1.303860] Table-perturb hash table entries: 65536 (order: 6, 262144 bytes, linear)
[    1.304317] TCP established hash table entries: 1024 (order: 1, 8192 bytes, linear)
[    1.304900] TCP bind hash table entries: 1024 (order: 3, 32768 bytes, linear)
[    1.314851] TCP: Hash tables configured (established 1024 bind 1024)
[    1.316818] MPTCP token hash table entries: 256 (order: 1, 6144 bytes, linear)
[    1.317367] UDP hash table entries: 256 (order: 1, 8192 bytes, linear)
[    1.317854] UDP-Lite hash table entries: 256 (order: 1, 8192 bytes, linear)
[    1.327384] NET: Registered PF_UNIX/PF_LOCAL protocol family
[    1.328871] pci_bus 0000:00: resource 4 [io  0x0000-0x0cf7 window]
[    1.329152] pci_bus 0000:00: resource 5 [io  0x0d00-0xffff window]
[    1.329407] pci_bus 0000:00: resource 6 [mem 0x000a0000-0x000bffff window]
[    1.336629] pci_bus 0000:00: resource 7 [mem 0x08000000-0xfebfffff window]
[    1.337042] pci_bus 0000:00: resource 8 [mem 0x100000000-0x17fffffff window]
[    1.337848] pci 0000:00:01.0: PIIX3: Enabling Passive Release
[    1.347466] pci 0000:00:00.0: Limiting direct PCI/PCI transfers
[    1.348020] PCI: CLS 0 bytes, default 64
[    1.367781] workingset: timestamp_bits=46 max_order=15 bucket_order=0
[    1.370386] squashfs: version 4.0 (2009/01/31) Phillip Lougher
[    1.373211] Block layer SCSI generic (bsg) driver version 0.4 loaded (major 247)
[    1.376935] hv_vmbus: registering driver hyperv_fb
[    1.381556] input: Power Button as /devices/LNXSYSTM:00/LNXPWRBN:00/input/input0
[    1.390294] ACPI: button: Power Button [PWRF]
[    1.551109] ACPI: \_SB_.LNKC: Enabled at IRQ 11
[    1.704645] ACPI: \_SB_.LNKD: Enabled at IRQ 10
[    1.855685] ACPI: \_SB_.LNKA: Enabled at IRQ 10
[    2.007250] ACPI: \_SB_.LNKB: Enabled at IRQ 11
[    2.008886] Serial: 8250/16550 driver, 16 ports, IRQ sharing enabled
[    2.034194] 00:04: ttyS0 at I/O 0x3f8 (irq = 4, base_baud = 115200) is a 16550A
[    2.059437] Non-volatile memory driver v1.3
[    2.070894] Linux agpgart interface v0.103
[    2.071897] ACPI: bus type drm_connector registered
[    2.074564] [drm] Found bochs VGA, ID 0xb0c5.
[    2.074816] [drm] Framebuffer size 16384 kB @ 0xfd000000, mmio @ 0xfeb90000.
[    2.080389] [drm] Found EDID data blob.
[    2.085996] [drm] Initialized bochs-drm 1.0.0 for 0000:00:02.0 on minor 0
[    2.154118] Console: switching to colour frame buffer device 160x50
[    2.163168] bochs-drm 0000:00:02.0: [drm] fb0: bochs-drmdrmfb frame buffer device
[    2.181391] loop: module loaded
[    2.182028] virtio_blk virtio3: 1/0/0 default/read/poll queues
[    2.203390] virtio_blk virtio3: [vda] 246784 512-byte logical blocks (126 MB/121 MiB)
[    2.212264]  vda: vda1 vda2
[    2.214525] Guest personality initialized and is inactive
[    2.215161] VMCI host device registered (name=vmci, major=10, minor=256)
[    2.215487] Initialized host personality
[    2.215896] usbcore: registered new interface driver rtsx_usb
[    2.216936] VMware PVSCSI driver - version 1.0.7.0-k
[    2.225414] hv_vmbus: registering driver hv_storvsc
[    2.241538] scsi host0: ata_piix
[    2.243973] scsi host1: ata_piix
[    2.244842] ata1: PATA max MWDMA2 cmd 0x1f0 ctl 0x3f6 bmdma 0xc0e0 irq 14 lpm-pol 0
[    2.245209] ata2: PATA max MWDMA2 cmd 0x170 ctl 0x376 bmdma 0xc0e8 irq 15 lpm-pol 0
[    2.255423] VMware vmxnet3 virtual NIC driver - version 1.9.0.0-k-NAPI
[    2.256036] hv_vmbus: registering driver hv_netvsc
[    2.256431] Fusion MPT base driver 3.04.20
[    2.256631] Copyright (c) 1999-2008 LSI Corporation
[    2.257044] Fusion MPT SPI Host driver 3.04.20
[    2.266363] Fusion MPT SAS Host driver 3.04.20
[    2.268517] usbcore: registered new interface driver usb-storage
[    2.269793] i8042: PNP: PS/2 Controller [PNP0303:KBD,PNP0f13:MOU] at 0x60,0x64 irq 1,12
[    2.273269] serio: i8042 KBD port at 0x60,0x64 irq 1
[    2.273683] serio: i8042 AUX port at 0x60,0x64 irq 12
[    2.280138] hv_vmbus: registering driver hyperv_keyboard
[    2.282618] rtc_cmos 00:05: RTC can wake from S4
[    2.287583] rtc_cmos 00:05: registered as rtc0
[    2.290345] rtc_cmos 00:05: setting system clock to 2026-03-14T02:11:24 UTC (1773454284)
[    2.292896] rtc_cmos 00:05: alarms up to one day, y3k, 242 bytes nvram, hpet irqs
[    2.295485] intel_powerclamp: CPU does not support MWAIT
[    2.297719] amd_pstate: the _CPC object is not present in SBIOS or ACPI disabled
[    2.303646] sdhci: Secure Digital Host Controller Interface driver
[    2.305576] sdhci: Copyright(c) Pierre Ossman
[    2.307892] VUB300 Driver rom wait states = 1C irqpoll timeout = 0400
[    2.314461] input: AT Translated Set 2 keyboard as /devices/platform/i8042/serio0/input/input1
[    2.336927] usbcore: registered new interface driver vub300
[    2.339104] usbcore: registered new interface driver ushc
[    2.346777] hid: raw HID events driver (C) Jiri Kosina
[    2.349339] hv_vmbus: registering driver hid_hyperv
[    2.352171] usbcore: registered new interface driver usbhid
[    2.354152] usbhid: USB HID core driver
[    2.356270] hv_utils: Registering HyperV Utility Driver
[    2.358283] hv_vmbus: registering driver hv_utils
[    2.360444] hv_vmbus: registering driver hv_balloon
[    2.363936] NET: Registered PF_INET6 protocol family
[    2.378505] Segment Routing with IPv6
[    2.380795] In-situ OAM (IOAM) with IPv6
[    2.383188] NET: Registered PF_PACKET protocol family
[    2.385638] bridge: filtering via arp/ip/ip6tables is no longer available by default. Update your scripts to load br_netfilter if you need this.
[    2.394776] 8021q: 802.1Q VLAN Support v1.8
[    2.397247] NET: Registered PF_VSOCK protocol family
[    2.406184] IPI shorthand broadcast: enabled
[    2.413012] AES CTR mode by8 optimization enabled
[    2.434565] sched_clock: Marking stable (2170076984, 260461375)->(2440113428, -9575069)
[    2.465299] tsc: Refined TSC clocksource calibration: 2445.400 MHz
[    2.467677] clocksource: tsc: mask: 0xffffffffffffffff max_cycles: 0x233fbf27eb4, max_idle_ns: 440795299680 ns
[    2.482935] ata2: found unknown device (class 0)
[    2.497975] clocksource: Switched to clocksource tsc
[    2.529453] ata2.00: ATAPI: QEMU DVD-ROM, 2.5+, max UDMA/100
[    2.546426] scsi 1:0:0:0: CD-ROM            QEMU     QEMU DVD-ROM     2.5+ PQ: 0 ANSI: 5
[    2.558671] clk: Disabling unused clocks
[    2.602403] sr 1:0:0:0: [sr0] scsi3-mmc drive: 4x/4x cd/rw xa/form2 tray
[    2.604893] cdrom: Uniform CD-ROM driver Revision: 3.20
[    2.661475] VFS: Mounted root (squashfs filesystem) readonly on device 254:2.
[    2.728262] Freeing unused kernel image (initmem) memory: 1492K
[    2.730720] Write protecting the kernel read-only data: 18432k
[    2.735024] Freeing unused kernel image (rodata/data gap) memory: 1544K
[    2.737523] Run /sbin/init as init process
[    3.047571] init: Console is alive
[    3.573484] kmodloader: loading kernel modules from /etc/modules-boot.d/*
[    3.631515] button_hotplug: loading out-of-tree module taints kernel.
[    3.637888] Button Hotplug driver version 0.4.1
[    3.657726] Intel(R) 2.5G Ethernet Linux Driver
[    3.660103] Copyright(c) 2018 Intel Corporation.
[    3.675236] igb: Intel(R) Gigabit Ethernet Network Driver
[    3.677733] igb: Copyright (c) 2007-2014 Intel Corporation.
[    3.694007] e1000e: Intel(R) PRO/1000 Network Driver
[    3.696379] e1000e: Copyright(c) 1999 - 2015 Intel Corporation.
[    3.708301] kmodloader: done loading kernel modules from /etc/modules-boot.d/*
[    3.727886] init: - preinit -
[    4.744155] 8021q: adding VLAN 0 to HW filter on device eth0
Press the [f] key and hit [enter] to enter failsafe mode
Press the [1], [2], [3] or [4] key and hit [enter] to select the debug level
[    9.367564] loop0: detected capacity change from 0 to 212992
[    9.410914] loop0: detected capacity change from 212992 to 200960
[    9.423109] mount_root: overlay filesystem in /dev/loop0 has not been formatted yet
[    9.776132] EXT4-fs (loop0): mounted filesystem 1603f653-20f7-48a4-96c0-b86b647d4529 r/w with ordered data mode. Quota mode: disabled.
[    9.789506] mount_root: overlay filesystem has not been fully initialized yet
[    9.806999] mount_root: switching to ext4 overlay
[    9.827568] overlayfs: null uuid detected in lower fs '/', falling back to xino=off,index=off,nfs_export=off.
[   10.543446] EXT4-fs (vda1): mounted filesystem 84173db5-fa99-e35a-95c6-28613cc79ea9 r/w without journal. Quota mode: disabled.
[   10.566908] urandom-seed: Seed file not found (/etc/urandom.seed)
[   10.707980] procd: - early -
[   11.449045] procd: - ubus -
[   11.555718] procd: - init -
Please press Enter to activate this console.
root
login[1048]: root login on 'ttyS0'


BusyBox v1.37.0 (2026-03-13 23:17:30 UTC) built-in shell (ash)

  _______                     ________        __
 |       |.-----.-----.-----.|  |  |  |.----.|  |_
 |   -   ||  _  |  -__|     ||  |  |  ||   _||   _|
 |_______||   __|_____|__|__||________||__|  |____|
          |__| W I R E L E S S   F R E E D O M
 -----------------------------------------------------
 OpenWrt 25.12-SNAPSHOT, r32746-d8de9b068b Dave's Guitar
 -----------------------------------------------------

 === WARNING! =====================================
 There is no root password defined on this device!
 Use the "passwd" command to set up a new password
 in order to prevent unauthorized SSH logins.
 --------------------------------------------------


 OpenWrt recently switched to the "apk" package manager!

 OPKG Command           APK Equivalent      Description
 ------------------------------------------------------------------
 opkg install <pkg>     apk add <pkg>       Install a package
 opkg remove <pkg>      apk del <pkg>       Remove a package
 opkg upgrade           apk upgrade         Upgrade all packages
 opkg files <pkg>       apk info -L <pkg>   List package contents
 opkg list-installed    apk info            List installed packages
 opkg update            apk update          Update package lists
 opkg search <pkg>      apk search <pkg>    Search for packages
 ------------------------------------------------------------------

For more information visit:
https://openwrt.org/docs/guide-user/additional-software/opkg-to-apk-cheatsheet

root@(none):~# dmesg -n 1
root@(none):~# echo 'CFZE''BJEAKA'
CFZEBJEAKA
root@(none):~# run() { echo -n "$MARKER"; sh -c "$@"; echo "$MARKER $?"; }
root@(none):~# echo 'QLHT''NZVKBZ'
QLHTNZVKBZ
root@(none):~# MARKER='PQTN''VELZNT' run 'ubus wait_for network.interface.lan'
PQTNVELZNTPQTNVELZNT 0
root@OpenWrt:~# echo 'AGNW''ZLXXHZ'
AGNWZLXXHZ
root@OpenWrt:~# MARKER='SXCN''QWCLCX' run 'ubus call network.interface.lan statu
s '"'"'{}'"'"''
SXCNQWCLCX{
	"up": true,
	"pending": false,
	"available": true,
	"autostart": true,
	"dynamic": false,
	"uptime": 0,
	"l3_device": "br-lan",
	"proto": "static",
	"device": "br-lan",
	"updated": [
		"addresses"
	],
	"metric": 0,
	"dns_metric": 0,
	"delegation": true,
	"ipv4-address": [
		{
			"address": "192.168.1.1",
			"mask": 24
		}
	],
	"ipv6-address": [
		
	],
	"ipv6-prefix": [
		
	],
	"ipv6-prefix-assignment": [
		{
			"address": "fd0e:9d13:c162::",
			"mask": 60,
			"local-address": {
				"address": "fd0e:9d13:c162::1",
				"mask": 60
			}
		}
	],
	"route": [
		
	],
	"dns-server": [
		
	],
	"dns-search": [
		
	],
	"neighbors": [
		
	],
	"inactive": {
		"ipv4-address": [
			
		],
		"ipv6-address": [
			
		],
		"route": [
			
		],
		"dns-server": [
			
		],
		"dns-search": [
			
		],
		"neighbors": [
			
		]
	},
	"data": {
		
	}
}
SXCNQWCLCX 0
root@OpenWrt:~# echo 'CNKW''FHWFHM'
CNKWFHWFHM
root@OpenWrt:~# MARKER='EUCN''UVLKUV' run true
EUCNUVLKUVEUCNUVLKUV 0
root@OpenWrt:~# echo 'QFWO''FLZGAL'
QFWOFLZGAL
root@OpenWrt:~# MARKER='XAFK''VJWVYT' run 'source /etc/os-release; echo $BUILD_I
D'
XAFKVJWVYTr32746-d8de9b068b
XAFKVJWVYT 0
root@OpenWrt:~# echo 'SOCK''QWPYMK'
SOCKQWPYMK
root@OpenWrt:~# MARKER='JLCY''MOBAHH' run 'ls /etc/dropbear/dropbear_rsa_host_ke
y'
JLCYMOBAHH[0;0m/etc/dropbear/dropbear_rsa_host_key[m
JLCYMOBAHH 0
root@OpenWrt:~# echo 'EFGS''OEPLMU'
EFGSOEPLMU
root@OpenWrt:~# MARKER='XUAH''BZXWNC' run 'netstat -tlpn | grep 0.0.0.0:22'
XUAHBZXWNCnetstat: showing only processes with your user ID
tcp        0      0 0.0.0.0:22              0.0.0.0:*               LISTEN      1756/dropbear
XUAHBZXWNC 0
root@OpenWrt:~# echo 'QTWX''KJLXVJ'
QTWXKJLXVJ
root@OpenWrt:~# MARKER='NSZW''TYMFBE' run 'dmesg | grep br-lan | grep forwarding
'
NSZWTYMFBE[   31.321339] br-lan: port 1(eth0) entered forwarding state
NSZWTYMFBE 0
root@OpenWrt:~# echo 'FNGM''XPPSXC'
FNGMXPPSXC
root@OpenWrt:~# MARKER='BNUZ''CUESNK' run 'ubus call network.interface.lan statu
s '"'"'{}'"'"''
BNUZCUESNK{
	"up": true,
	"pending": false,
	"available": true,
	"autostart": true,
	"dynamic": false,
	"uptime": 7,
	"l3_device": "br-lan",
	"proto": "static",
	"device": "br-lan",
	"updated": [
		"addresses"
	],
	"metric": 0,
	"dns_metric": 0,
	"delegation": true,
	"ipv4-address": [
		{
			"address": "192.168.1.1",
			"mask": 24
		}
	],
	"ipv6-address": [
		
	],
	"ipv6-prefix": [
		
	],
	"ipv6-prefix-assignment": [
		{
			"address": "fd0e:9d13:c162::",
			"mask": 60,
			"local-address": {
				"address": "fd0e:9d13:c162::1",
				"mask": 60
			}
		}
	],
	"route": [
		
	],
	"dns-server": [
		
	],
	"dns-search": [
		
	],
	"neighbors": [
		
	],
	"inactive": {
		"ipv4-address": [
			
		],
		"ipv6-address": [
			
		],
		"route": [
			
		],
		"dns-server": [
			
		],
		"dns-search": [
			
		],
		"neighbors": [
			
		]
	},
	"data": {
		
	}
}
BNUZCUESNK 0
root@OpenWrt:~# echo 'KOQC''GVTEET'
KOQCGVTEET
root@OpenWrt:~# MARKER='BYBN''LBTFVX' run 'ip -o addr show dev br-lan'
BYBNLBTFVX4: br-lan    inet 192.168.1.1/24 brd 192.168.1.255 scope global br-lan\       valid_lft forever preferred_lft forever
4: br-lan    inet6 fd0e:9d13:c162::1/60 scope global noprefixroute \       valid_lft forever preferred_lft forever
4: br-lan    inet6 fe80::5054:ff:fe12:3456/64 scope link \       valid_lft forever preferred_lft forever
BYBNLBTFVX 0
root@OpenWrt:~# echo 'GWXV''ABUHNX'
GWXVABUHNX
root@OpenWrt:~# MARKER='XVFP''ELBYEB' run 'ubus call network.interface.wan statu
s '"'"'{}'"'"''
XVFPELBYEB{
	"up": true,
	"pending": false,
	"available": true,
	"autostart": true,
	"dynamic": false,
	"uptime": 8,
	"l3_device": "eth1",
	"proto": "dhcp",
	"device": "eth1",
	"updated": [
		"addresses",
		"routes",
		"data"
	],
	"metric": 0,
	"dns_metric": 0,
	"delegation": true,
	"ipv4-address": [
		{
			"address": "10.0.2.15",
			"mask": 24
		}
	],
	"ipv6-address": [
		
	],
	"ipv6-prefix": [
		
	],
	"ipv6-prefix-assignment": [
		
	],
	"route": [
		{
			"target": "0.0.0.0",
			"mask": 0,
			"nexthop": "10.0.2.2",
			"source": "10.0.2.15/32"
		}
	],
	"dns-server": [
		"10.0.2.3"
	],
	"dns-search": [
		
	],
	"neighbors": [
		
	],
	"inactive": {
		"ipv4-address": [
			
		],
		"ipv6-address": [
			
		],
		"route": [
			
		],
		"dns-server": [
			
		],
		"dns-search": [
			
		],
		"neighbors": [
			
		]
	},
	"data": {
		"dhcpserver": "10.0.2.2",
		"leasetime": 86400
	}
}
XVFPELBYEB 0
root@OpenWrt:~# 