Labgrid Console Logfile for main
Logfile started at 2026-04-30 03:55:48.984752
=== Log starts here ===
c[?7l[2J[0mSeaBIOS (version 1.16.3-debian-1.16.3-2)


iPXE (https://ipxe.org) 00:03.0 CA00 PCI2.10 PnP PMM+06FCAE70+06F0AE70 CA00
Press Ctrl-B to configure iPXE (PCI 00:03.0)...                                                                               




iPXE (https://ipxe.org) 00:05.0 CB00 PCI2.10 PnP PMM 06FCAE70 06F0AE70 CB00
Press Ctrl-B to configure iPXE (PCI 00:05.0)...                                                                               


Booting from Hard Disk...
GRUB loading.....
[0;30;47mWelcome to GRUB![01;01H[0m[2J[H[J[1;1H[?25l[m[H[J[1;1H[2;30HGNU GRUB  version 2.12

[m[4;2H+----------------------------------------------------------------------------+[5;2H|[5;79H|[6;2H|[6;79H|[7;2H|[7;79H|[8;2H|[8;79H|[9;2H|[9;79H|[10;2H|[10;79H|[11;2H|[11;79H|[12;2H|[12;79H|[13;2H|[13;79H|[14;2H|[14;79H|[15;2H|[15;79H|[16;2H+----------------------------------------------------------------------------+[m[17;2H[18;2H[m     Use the ^ and v keys to select which entry is highlighted.          
      Press enter to boot the selected OS, `e' to edit the commands       
      before booting or `c' for a command-line. ESC to return             
      previous menu.                                                      [5;80H [7m[5;3H*OpenWrt                                                                    [m[5;78H[m[m[6;3H OpenWrt (failsafe)                                                         [m[6;78H[m[m[7;3H                                                                            [m[7;78H[m[m[8;3H                                                                            [m[8;78H[m[m[9;3H                                                                            [m[9;78H[m[m[10;3H                                                                            [m[10;78H[m[m[11;3H                                                                            [m[11;78H[m[m[12;3H                                                                            [m[12;78H[m[m[13;3H                                                                            [m[13;78H[m[m[14;3H                                                                            [m[14;78H[m[m[15;3H                                                                            [m[15;78H[m[15;80H [5;78H[2J[02;30HGNU GRUB  version 2.12[04;02H┌────────────────────────────────────────────────────────────────────────────┐[05;02H│[05;79H│[06;02H│[06;79H│[07;02H│[07;79H│[08;02H│[08;79H│[09;02H│[09;79H│[10;02H│[10;79H│[11;02H│[11;79H│[12;02H│[12;79H│[13;02H│[13;79H│[14;02H│[14;79H│[15;02H│[15;79H│[16;02H│[16;79H│[17;02H└────────────────────────────────────────────────────────────────────────────┘[19;02H     Use the ↑ and ↓ keys to select which entry is highlighted.          
      Press enter to boot the selected OS, `e' to edit the commands       
      before booting or `c' for a command-line[21;46H[21;47H. ESC to return             
      previous menu.                                                      [05;80H [05;03H[0;30;47m*OpenWrt                                                                    [06;03H[0m OpenWrt (failsafe)                                                         [07;03H                                                                            [08;03H                                                                            [09;03H                                                                            [10;03H                                                                            [11;03H                                                                            [12;03H                                                                            [13;03H                                                                            [14;03H                                                                            [15;03H                                                                            [16;03H                                                                            [16;80H 






   The highlighted entry will b[23;31H[23;32He executed automatically in 5s.                [22;1H   The highlighted entry will be executed automatically in 5s.                 [5;78H [05;78H

















   The highlighted entry will be executed automatically in 4s.                [22;1H   The highlighted entry will be executed automatically in 4s.                 [5;78H [05;78H

















   The highlighted entry will be executed automatically in 3s.                [22;1H   The highlighted entry will be executed automatically in 3s.                 [5;78H [05;78H

















   The highlighted entry will be executed automatically in 2s.                [22;1H   The highlighted entry will be executed automatically in 2s.                 [5;78H [05;78H

















   The highlighted entry will be executed automatically in 1s.   [23;65H[23;66H             [22;1H   The highlighted entry will be executed automatically in 1s.                 [5;78H [05;78H

















   The highlighted entry will be executed automatically in 0s.                [22;1H   The highlighted entry will be executed automatically in 0s.                 [5;78H [01;01H[2J[?25h[H[J[1;1H[H[J[1;1H[2J   Booting `OpenWrt' Booting `OpenWrt

'

[    0.000000] Linux version 6.12.79 (builder@buildhost) (x86_64-openwrt-linux-musl-gcc (OpenWrt GCC 14.3.0 r32894-50c18f8214) 14.3.0, GNU ld (GNU Binutils) 2.44) #0 SMP Wed Apr 29 23:48:36 2026
[    0.000000] Command line: BOOT_IMAGE=/boot/vmlinuz root=PARTUUID=1c759859-02 rootwait console=tty1 console=ttyS0,115200n8 noinitrd
[    0.000000] BIOS-provided physical RAM map:
[    0.000000] BIOS-e820: [mem 0x0000000000000000-0x000000000009fbff] usable
[    0.000000] BIOS-e820: [mem 0x000000000009fc00-0x000000000009ffff] reserved
[    0.000000] BIOS-e820: [mem 0x00000000000f0000-0x00000000000fffff] reserved
[    0.000000] BIOS-e820: [mem 0x0000000000100000-0x0000000007fdcfff] usable
[    0.000000] BIOS-e820: [mem 0x0000000007fdd000-0x0000000007ffffff] reserved
[    0.000000] BIOS-e820: [mem 0x00000000fffc0000-0x00000000ffffffff] reserved
[    0.000000] BIOS-e820: [mem 0x000000fd00000000-0x000000ffffffffff] reserved
[    0.000000] NX (Execute Disable) protection: active
[    0.000000] APIC: Static calls initialized
[    0.000000] SMBIOS 3.0.0 present.
[    0.000000] DMI: QEMU Standard PC (i440FX + PIIX, 1996), BIOS 1.16.3-debian-1.16.3-2 04/01/2014
[    0.000000] DMI: Memory slots populated: 1/1
[    0.000000] tsc: Fast TSC calibration using PIT
[    0.000000] tsc: Detected 2596.079 MHz processor
[    0.005940] last_pfn = 0x7fdd max_arch_pfn = 0x400000000
[    0.006422] MTRR map: 4 entries (3 fixed + 1 variable; max 19), built from 8 variable MTRRs
[    0.006555] x86/PAT: Configuration [0-7]: WB  WC  UC- UC  WB  WP  UC- WT  
[    0.020494] found SMP MP-table at [mem 0x000f5460-0x000f546f]
[    0.021568] Using GB pages for direct mapping
[    0.025195] ACPI: Early table checksum verification disabled
[    0.025459] ACPI: RSDP 0x00000000000F5290 000014 (v00 BOCHS )
[    0.025706] ACPI: RSDT 0x0000000007FE1C64 000034 (v01 BOCHS  BXPC     00000001 BXPC 00000001)
[    0.026099] ACPI: FACP 0x0000000007FE1B18 000074 (v01 BOCHS  BXPC     00000001 BXPC 00000001)
[    0.026562] ACPI: DSDT 0x0000000007FE0040 001AD8 (v01 BOCHS  BXPC     00000001 BXPC 00000001)
[    0.026615] ACPI: FACS 0x0000000007FE0000 000040
[    0.026663] ACPI: APIC 0x0000000007FE1B8C 000078 (v03 BOCHS  BXPC     00000001 BXPC 00000001)
[    0.026678] ACPI: HPET 0x0000000007FE1C04 000038 (v01 BOCHS  BXPC     00000001 BXPC 00000001)
[    0.026692] ACPI: WAET 0x0000000007FE1C3C 000028 (v01 BOCHS  BXPC     00000001 BXPC 00000001)
[    0.026748] ACPI: Reserving FACP table memory at [mem 0x7fe1b18-0x7fe1b8b]
[    0.026787] ACPI: Reserving DSDT table memory at [mem 0x7fe0040-0x7fe1b17]
[    0.026792] ACPI: Reserving FACS table memory at [mem 0x7fe0000-0x7fe003f]
[    0.026797] ACPI: Reserving APIC table memory at [mem 0x7fe1b8c-0x7fe1c03]
[    0.026801] ACPI: Reserving HPET table memory at [mem 0x7fe1c04-0x7fe1c3b]
[    0.026805] ACPI: Reserving WAET table memory at [mem 0x7fe1c3c-0x7fe1c63]
[    0.029170] Zone ranges:
[    0.029192]   DMA      [mem 0x0000000000001000-0x0000000000ffffff]
[    0.029253]   DMA32    [mem 0x0000000001000000-0x0000000007fdcfff]
[    0.029260]   Normal   empty
[    0.029273] Movable zone start for each node
[    0.029373] Early memory node ranges
[    0.029395]   node   0: [mem 0x0000000000001000-0x000000000009efff]
[    0.029437]   node   0: [mem 0x0000000000100000-0x0000000007fdcfff]
[    0.029534] Initmem setup node 0 [mem 0x0000000000001000-0x0000000007fdcfff]
[    0.030350] On node 0, zone DMA: 1 pages in unavailable ranges
[    0.030726] On node 0, zone DMA: 97 pages in unavailable ranges
[    0.032307] On node 0, zone DMA32: 35 pages in unavailable ranges
[    0.032572] ACPI: PM-Timer IO Port: 0x608
[    0.032887] ACPI: LAPIC_NMI (acpi_id[0xff] dfl dfl lint[0x1])
[    0.033206] IOAPIC[0]: apic_id 0, version 32, address 0xfec00000, GSI 0-23
[    0.033292] ACPI: INT_SRC_OVR (bus 0 bus_irq 0 global_irq 2 dfl dfl)
[    0.033483] ACPI: INT_SRC_OVR (bus 0 bus_irq 5 global_irq 5 high level)
[    0.033519] ACPI: INT_SRC_OVR (bus 0 bus_irq 9 global_irq 9 high level)
[    0.033600] ACPI: INT_SRC_OVR (bus 0 bus_irq 10 global_irq 10 high level)
[    0.033605] ACPI: INT_SRC_OVR (bus 0 bus_irq 11 global_irq 11 high level)
[    0.033754] ACPI: Using ACPI (MADT) for SMP configuration information
[    0.033788] ACPI: HPET id: 0x8086a201 base: 0xfed00000
[    0.034090] CPU topo: Max. logical packages:   1
[    0.034102] CPU topo: Max. logical dies:       1
[    0.034109] CPU topo: Max. dies per package:   1
[    0.034145] CPU topo: Max. threads per core:   1
[    0.034263] CPU topo: Num. cores per package:     1
[    0.034274] CPU topo: Num. threads per package:   1
[    0.034280] CPU topo: Allowing 1 present CPUs plus 0 hotplug CPUs
[    0.035215] [mem 0x08000000-0xfffbffff] available for PCI devices
[    0.035266] Booting paravirtualized kernel on bare hardware
[    0.035504] clocksource: refined-jiffies: mask: 0xffffffff max_cycles: 0xffffffff, max_idle_ns: 19112604462750000 ns
[    0.036028] setup_percpu: NR_CPUS:512 nr_cpumask_bits:1 nr_cpu_ids:1 nr_node_ids:1
[    0.037471] percpu: Embedded 48 pages/cpu s158104 r8192 d30312 u2097152
[    0.039278] Kernel command line: BOOT_IMAGE=/boot/vmlinuz root=PARTUUID=1c759859-02 rootwait console=tty1 console=ttyS0,115200n8 noinitrd
[    0.040636] random: crng init done
[    0.044646] Dentry cache hash table entries: 16384 (order: 5, 131072 bytes, linear)
[    0.045474] Inode-cache hash table entries: 8192 (order: 4, 65536 bytes, linear)
[    0.047660] Built 1 zonelists, mobility grouping on.  Total pages: 32635
[    0.047837] mem auto-init: stack:off, heap alloc:off, heap free:off
[    0.055507] SLUB: HWalign=64, Order=0-3, MinObjects=0, CPUs=1, Nodes=1
[    0.061579] rcu: Hierarchical RCU implementation.
[    0.061601] rcu: 	RCU restricting CPUs from NR_CPUS=512 to nr_cpu_ids=1.
[    0.061732] 	Tracing variant of Tasks RCU enabled.
[    0.061806] rcu: RCU calculated value of scheduler-enlistment delay is 10 jiffies.
[    0.061829] rcu: Adjusting geometry for rcu_fanout_leaf=16, nr_cpu_ids=1
[    0.062802] RCU Tasks Trace: Setting shift to 0 and lim to 1 rcu_task_cb_adjust=1 rcu_task_cpu_ids=1.
[    0.062902] NR_IRQS: 33024, nr_irqs: 256, preallocated irqs: 16
[    0.069711] rcu: srcu_init: Setting srcu_struct sizes based on contention.
[    0.075000] Console: colour VGA+ 80x25
[    0.075342] printk: legacy console [tty1] enabled
[    0.081256] printk: legacy console [ttyS0] enabled
[    0.328844] ACPI: Core revision 20240827
[    0.333085] clocksource: hpet: mask: 0xffffffff max_cycles: 0xffffffff, max_idle_ns: 19112604467 ns
[    0.336840] APIC: Switch to symmetric I/O mode setup
[    0.340472] ..TIMER: vector=0x30 apic1=0 pin1=2 apic2=-1 pin2=-1
[    0.384691] clocksource: tsc-early: mask: 0xffffffffffffffff max_cycles: 0x256bc42f26f, max_idle_ns: 440795244933 ns
[    0.385265] Calibrating delay loop (skipped), value calculated using timer frequency.. 5192.15 BogoMIPS (lpj=25960790)
[    0.386776] x86/cpu: User Mode Instruction Prevention (UMIP) activated
[    0.401240] Last level iTLB entries: 4KB 0, 2MB 0, 4MB 0
[    0.401562] Last level dTLB entries: 4KB 0, 2MB 0, 4MB 0, 1GB 0
[    0.402372] Spectre V1 : Mitigation: usercopy/swapgs barriers and __user pointer sanitization
[    0.403045] Spectre V2 : Mitigation: Retpolines
[    0.405214] Spectre V2 : Spectre v2 / SpectreRSB: Filling RSB on context switch and VMEXIT
[    0.405714] Speculative Store Bypass: Vulnerable
[    0.407405] x86/fpu: Supporting XSAVE feature 0x001: 'x87 floating point registers'
[    0.411073] x86/fpu: Supporting XSAVE feature 0x002: 'SSE registers'
[    0.415951] x86/fpu: Supporting XSAVE feature 0x004: 'AVX registers'
[    0.416164] x86/fpu: Supporting XSAVE feature 0x008: 'MPX bounds registers'
[    0.416362] x86/fpu: Supporting XSAVE feature 0x010: 'MPX CSR'
[    0.425356] x86/fpu: xstate_offset[2]:  576, xstate_sizes[2]:  256
[    0.425747] x86/fpu: xstate_offset[3]:  960, xstate_sizes[3]:   64
[    0.425921] x86/fpu: xstate_offset[4]: 1024, xstate_sizes[4]:   64
[    0.426113] x86/fpu: Enabled xstate features 0x1f, context size is 1088 bytes, using 'standard' format.
[    0.612179] Freeing SMP alternatives memory: 40K
[    0.612883] pid_max: default: 32768 minimum: 301
[    0.620167] Mount-cache hash table entries: 512 (order: 0, 4096 bytes, linear)
[    0.620500] Mountpoint-cache hash table entries: 512 (order: 0, 4096 bytes, linear)
[    0.765162] smpboot: CPU0: AMD QEMU TCG CPU version 2.5+ (family: 0x6, model: 0x6, stepping: 0x3)
[    0.782418] Performance Events: PMU not available due to virtualization, using software events only.
[    0.783666] signal: max sigframe size: 1616
[    0.784921] rcu: Hierarchical SRCU implementation.
[    0.785103] rcu: 	Max phase no-delay instances is 1000.
[    0.789102] smp: Bringing up secondary CPUs ...
[    0.794711] smp: Brought up 1 node, 1 CPU
[    0.794947] smpboot: Total of 1 processors activated (5192.15 BogoMIPS)
[    0.801133] Memory: 103208K/130540K available (14336K kernel code, 1177K rwdata, 2556K rodata, 1492K init, 1304K bss, 25620K reserved, 0K cma-reserved)
[    0.813334] clocksource: jiffies: mask: 0xffffffff max_cycles: 0xffffffff, max_idle_ns: 19112604462750000 ns
[    0.813996] futex hash table entries: 256 (order: 2, 16384 bytes, linear)
[    0.815096] pinctrl core: initialized pinctrl subsystem
[    0.827946] NET: Registered PF_NETLINK/PF_ROUTE protocol family
[    0.832568] thermal_sys: Registered thermal governor 'step_wise'
[    0.832597] thermal_sys: Registered thermal governor 'user_space'
[    0.833356] cpuidle: using governor ladder
[    0.834643] acpiphp: ACPI Hot Plug PCI Controller Driver version: 0.5
[    0.837433] PCI: Using configuration type 1 for base access
[    0.847322] cryptd: max_cpu_qlen set to 1000
[    0.851891] ACPI: Added _OSI(Module Device)
[    0.852058] ACPI: Added _OSI(Processor Device)
[    0.852189] ACPI: Added _OSI(Processor Aggregator Device)
[    0.862620] ACPI: 1 ACPI AML tables successfully acquired and loaded
[    0.876476] ACPI: Interpreter enabled
[    0.877096] ACPI: PM: (supports S0 S5)
[    0.877254] ACPI: Using IOAPIC for interrupt routing
[    0.877711] PCI: Using host bridge windows from ACPI; if necessary, use "pci=nocrs" and report a bug
[    0.878012] PCI: Using E820 reservations for host bridge windows
[    0.886523] ACPI: Enabled 2 GPEs in block 00 to 0F
[    0.911799] ACPI: PCI Root Bridge [PCI0] (domain 0000 [bus 00-ff])
[    0.912494] acpi PNP0A03:00: _OSC: OS supports [ASPM ClockPM Segments MSI HPX-Type3]
[    0.912841] acpi PNP0A03:00: _OSC: not requesting OS control; OS requires [ExtendedConfig ASPM ClockPM MSI]
[    0.913530] acpi PNP0A03:00: fail to add MMCONFIG information, can't access extended configuration space under this bridge
[    0.926220] acpiphp: Slot [3] registered
[    0.926498] acpiphp: Slot [4] registered
[    0.926702] acpiphp: Slot [5] registered
[    0.926877] acpiphp: Slot [6] registered
[    0.933173] acpiphp: Slot [7] registered
[    0.933501] acpiphp: Slot [8] registered
[    0.934654] acpiphp: Slot [9] registered
[    0.934841] acpiphp: Slot [10] registered
[    0.935021] acpiphp: Slot [11] registered
[    0.935244] acpiphp: Slot [12] registered
[    0.943902] acpiphp: Slot [13] registered
[    0.944204] acpiphp: Slot [14] registered
[    0.944480] acpiphp: Slot [15] registered
[    0.944662] acpiphp: Slot [16] registered
[    0.944835] acpiphp: Slot [17] registered
[    0.945017] acpiphp: Slot [18] registered
[    0.945406] acpiphp: Slot [19] registered
[    0.945699] acpiphp: Slot [20] registered
[    0.955256] acpiphp: Slot [21] registered
[    0.955475] acpiphp: Slot [22] registered
[    0.955650] acpiphp: Slot [23] registered
[    0.955823] acpiphp: Slot [24] registered
[    0.955995] acpiphp: Slot [25] registered
[    0.965427] acpiphp: Slot [26] registered
[    0.965720] acpiphp: Slot [27] registered
[    0.965932] acpiphp: Slot [28] registered
[    0.966115] acpiphp: Slot [29] registered
[    0.966325] acpiphp: Slot [30] registered
[    0.966581] acpiphp: Slot [31] registered
[    0.975653] PCI host bridge to bus 0000:00
[    0.976099] pci_bus 0000:00: root bus resource [io  0x0000-0x0cf7 window]
[    0.976395] pci_bus 0000:00: root bus resource [io  0x0d00-0xffff window]
[    0.976605] pci_bus 0000:00: root bus resource [mem 0x000a0000-0x000bffff window]
[    0.985269] pci_bus 0000:00: root bus resource [mem 0x08000000-0xfebfffff window]
[    0.985595] pci_bus 0000:00: root bus resource [mem 0x100000000-0x17fffffff window]
[    0.986025] pci_bus 0000:00: root bus resource [bus 00-ff]
[    0.987146] pci 0000:00:00.0: [8086:1237] type 00 class 0x060000 conventional PCI endpoint
[    0.998400] pci 0000:00:01.0: [8086:7000] type 00 class 0x060100 conventional PCI endpoint
[    0.999094] pci 0000:00:01.1: [8086:7010] type 00 class 0x010180 conventional PCI endpoint
[    1.001586] pci 0000:00:01.1: BAR 4 [io  0xc0e0-0xc0ef]
[    1.006316] pci 0000:00:01.1: BAR 0 [io  0x01f0-0x01f7]: legacy IDE quirk
[    1.006550] pci 0000:00:01.1: BAR 1 [io  0x03f6]: legacy IDE quirk
[    1.006745] pci 0000:00:01.1: BAR 2 [io  0x0170-0x0177]: legacy IDE quirk
[    1.006943] pci 0000:00:01.1: BAR 3 [io  0x0376]: legacy IDE quirk
[    1.016018] pci 0000:00:01.3: [8086:7113] type 00 class 0x068000 conventional PCI endpoint
[    1.016565] pci 0000:00:01.3: quirk: [io  0x0600-0x063f] claimed by PIIX4 ACPI
[    1.016810] pci 0000:00:01.3: quirk: [io  0x0700-0x070f] claimed by PIIX4 SMB
[    1.025948] pci 0000:00:02.0: [1234:1111] type 00 class 0x030000 conventional PCI endpoint
[    1.026650] pci 0000:00:02.0: BAR 0 [mem 0xfd000000-0xfdffffff pref]
[    1.027990] pci 0000:00:02.0: BAR 2 [mem 0xfeb90000-0xfeb90fff]
[    1.030259] pci 0000:00:02.0: ROM [mem 0xfeb80000-0xfeb8ffff pref]
[    1.035585] pci 0000:00:02.0: Video device with shadowed ROM at [mem 0x000c0000-0x000dffff]
[    1.036435] pci 0000:00:03.0: [1af4:1000] type 00 class 0x020000 conventional PCI endpoint
[    1.037551] pci 0000:00:03.0: BAR 0 [io  0xc080-0xc09f]
[    1.047067] pci 0000:00:03.0: BAR 4 [mem 0xfe000000-0xfe003fff 64bit pref]
[    1.048146] pci 0000:00:03.0: ROM [mem 0xfea80000-0xfeafffff pref]
[    1.057831] pci 0000:00:04.0: [1af4:1005] type 00 class 0x00ff00 conventional PCI endpoint
[    1.062597] pci 0000:00:04.0: BAR 0 [io  0xc0a0-0xc0bf]
[    1.063317] pci 0000:00:04.0: BAR 1 [mem 0xfeb91000-0xfeb91fff]
[    1.065463] pci 0000:00:04.0: BAR 4 [mem 0xfe004000-0xfe007fff 64bit pref]
[    1.068453] pci 0000:00:05.0: [1af4:1000] type 00 class 0x020000 conventional PCI endpoint
[    1.073623] pci 0000:00:05.0: BAR 0 [io  0xc0c0-0xc0df]
[    1.075182] pci 0000:00:05.0: BAR 1 [mem 0xfeb92000-0xfeb92fff]
[    1.076781] pci 0000:00:05.0: BAR 4 [mem 0xfe008000-0xfe00bfff 64bit pref]
[    1.077420] pci 0000:00:05.0: ROM [mem 0xfeb00000-0xfeb7ffff pref]
[    1.085934] pci 0000:00:06.0: [1af4:1001] type 00 class 0x010000 conventional PCI endpoint
[    1.087119] pci 0000:00:06.0: BAR 0 [io  0xc000-0xc07f]
[    1.087889] pci 0000:00:06.0: BAR 1 [mem 0xfeb93000-0xfeb93fff]
[    1.089333] pci 0000:00:06.0: BAR 4 [mem 0xfe00c000-0xfe00ffff 64bit pref]
[    1.100171] ACPI: PCI: Interrupt link LNKA configured for IRQ 10
[    1.100794] ACPI: PCI: Interrupt link LNKB configured for IRQ 10
[    1.101209] ACPI: PCI: Interrupt link LNKC configured for IRQ 11
[    1.101630] ACPI: PCI: Interrupt link LNKD configured for IRQ 11
[    1.104960] ACPI: PCI: Interrupt link LNKS configured for IRQ 9
[    1.107773] iommu: Default domain type: Translated
[    1.107954] iommu: DMA domain TLB invalidation policy: lazy mode
[    1.110046] SCSI subsystem initialized
[    1.111232] ACPI: bus type USB registered
[    1.115702] usbcore: registered new interface driver usbfs
[    1.116157] usbcore: registered new interface driver hub
[    1.116438] usbcore: registered new device driver usb
[    1.116831] pps_core: LinuxPPS API ver. 1 registered
[    1.116985] pps_core: Software ver. 5.3.6 - Copyright 2005-2007 Rodolfo Giometti <giometti@linux.it>
[    1.125454] PTP clock support registered
[    1.135227] PCI: Using ACPI for IRQ routing
[    1.137120] hpet0: at MMIO 0xfed00000, IRQs 2, 8, 0
[    1.137426] hpet0: 3 comparators, 64-bit 100.000000 MHz counter
[    1.142779] clocksource: Switched to clocksource tsc-early
[    1.144795] pnp: PnP ACPI init
[    1.144795] pnp: PnP ACPI: found 6 devices
[    1.151273] clocksource: acpi_pm: mask: 0xffffff max_cycles: 0xffffff, max_idle_ns: 2085701024 ns
[    1.152358] NET: Registered PF_INET protocol family
[    1.153288] IP idents hash table entries: 2048 (order: 2, 16384 bytes, linear)
[    1.157471] tcp_listen_portaddr_hash hash table entries: 256 (order: 0, 4096 bytes, linear)
[    1.161968] Table-perturb hash table entries: 65536 (order: 6, 262144 bytes, linear)
[    1.162334] TCP established hash table entries: 1024 (order: 1, 8192 bytes, linear)
[    1.162683] TCP bind hash table entries: 1024 (order: 3, 32768 bytes, linear)
[    1.172496] TCP: Hash tables configured (established 1024 bind 1024)
[    1.173976] MPTCP token hash table entries: 256 (order: 1, 6144 bytes, linear)
[    1.174400] UDP hash table entries: 256 (order: 1, 8192 bytes, linear)
[    1.174737] UDP-Lite hash table entries: 256 (order: 1, 8192 bytes, linear)
[    1.184355] NET: Registered PF_UNIX/PF_LOCAL protocol family
[    1.185306] pci_bus 0000:00: resource 4 [io  0x0000-0x0cf7 window]
[    1.185501] pci_bus 0000:00: resource 5 [io  0x0d00-0xffff window]
[    1.185676] pci_bus 0000:00: resource 6 [mem 0x000a0000-0x000bffff window]
[    1.193974] pci_bus 0000:00: resource 7 [mem 0x08000000-0xfebfffff window]
[    1.194280] pci_bus 0000:00: resource 8 [mem 0x100000000-0x17fffffff window]
[    1.194885] pci 0000:00:01.0: PIIX3: Enabling Passive Release
[    1.204683] pci 0000:00:00.0: Limiting direct PCI/PCI transfers
[    1.205052] PCI: CLS 0 bytes, default 64
[    1.219723] workingset: timestamp_bits=46 max_order=15 bucket_order=0
[    1.221626] squashfs: version 4.0 (2009/01/31) Phillip Lougher
[    1.223700] Block layer SCSI generic (bsg) driver version 0.4 loaded (major 247)
[    1.226260] hv_vmbus: registering driver hyperv_fb
[    1.232751] input: Power Button as /devices/LNXSYSTM:00/LNXPWRBN:00/input/input0
[    1.238575] ACPI: button: Power Button [PWRF]
[    1.345367] ACPI: \_SB_.LNKC: Enabled at IRQ 11
[    1.449480] ACPI: \_SB_.LNKD: Enabled at IRQ 10
[    1.550608] ACPI: \_SB_.LNKA: Enabled at IRQ 10
[    1.652198] ACPI: \_SB_.LNKB: Enabled at IRQ 11
[    1.653816] Serial: 8250/16550 driver, 16 ports, IRQ sharing enabled
[    1.677826] 00:04: ttyS0 at I/O 0x3f8 (irq = 4, base_baud = 115200) is a 16550A
[    1.695308] Non-volatile memory driver v1.3
[    1.703839] Linux agpgart interface v0.103
[    1.704635] ACPI: bus type drm_connector registered
[    1.707201] [drm] Found bochs VGA, ID 0xb0c5.
[    1.707377] [drm] Framebuffer size 16384 kB @ 0xfd000000, mmio @ 0xfeb90000.
[    1.711715] [drm] Found EDID data blob.
[    1.715865] [drm] Initialized bochs-drm 1.0.0 for 0000:00:02.0 on minor 0
[    1.763583] Console: switching to colour frame buffer device 160x50
[    1.771376] bochs-drm 0000:00:02.0: [drm] fb0: bochs-drmdrmfb frame buffer device
[    1.784566] loop: module loaded
[    1.785251] virtio_blk virtio3: 1/0/0 default/read/poll queues
[    1.798136] virtio_blk virtio3: [vda] 246784 512-byte logical blocks (126 MB/121 MiB)
[    1.805456]  vda: vda1 vda2
[    1.807052] Guest personality initialized and is inactive
[    1.807551] VMCI host device registered (name=vmci, major=10, minor=256)
[    1.807772] Initialized host personality
[    1.808786] usbcore: registered new interface driver rtsx_usb
[    1.809526] VMware PVSCSI driver - version 1.0.7.0-k
[    1.809774] hv_vmbus: registering driver hv_storvsc
[    1.820209] scsi host0: ata_piix
[    1.822018] scsi host1: ata_piix
[    1.822667] ata1: PATA max MWDMA2 cmd 0x1f0 ctl 0x3f6 bmdma 0xc0e0 irq 14 lpm-pol 0
[    1.822926] ata2: PATA max MWDMA2 cmd 0x170 ctl 0x376 bmdma 0xc0e8 irq 15 lpm-pol 0
[    1.830577] VMware vmxnet3 virtual NIC driver - version 1.9.0.0-k-NAPI
[    1.831145] hv_vmbus: registering driver hv_netvsc
[    1.831453] Fusion MPT base driver 3.04.20
[    1.831584] Copyright (c) 1999-2008 LSI Corporation
[    1.831900] Fusion MPT SPI Host driver 3.04.20
[    1.841736] Fusion MPT SAS Host driver 3.04.20
[    1.843266] usbcore: registered new interface driver usb-storage
[    1.844223] i8042: PNP: PS/2 Controller [PNP0303:KBD,PNP0f13:MOU] at 0x60,0x64 irq 1,12
[    1.846865] serio: i8042 KBD port at 0x60,0x64 irq 1
[    1.847186] serio: i8042 AUX port at 0x60,0x64 irq 12
[    1.854805] hv_vmbus: registering driver hyperv_keyboard
[    1.856963] rtc_cmos 00:05: RTC can wake from S4
[    1.861003] rtc_cmos 00:05: registered as rtc0
[    1.863225] rtc_cmos 00:05: setting system clock to 2026-04-30T03:55:58 UTC (1777521358)
[    1.865374] rtc_cmos 00:05: alarms up to one day, y3k, 242 bytes nvram, hpet irqs
[    1.867463] intel_powerclamp: CPU does not support MWAIT
[    1.869272] amd_pstate: the _CPC object is not present in SBIOS or ACPI disabled
[    1.876027] sdhci: Secure Digital Host Controller Interface driver
[    1.877665] sdhci: Copyright(c) Pierre Ossman
[    1.879513] VUB300 Driver rom wait states = 1C irqpoll timeout = 0400
[    1.884159] input: AT Translated Set 2 keyboard as /devices/platform/i8042/serio0/input/input1
[    1.900781] usbcore: registered new interface driver vub300
[    1.902622] usbcore: registered new interface driver ushc
[    1.908428] hid: raw HID events driver (C) Jiri Kosina
[    1.910385] hv_vmbus: registering driver hid_hyperv
[    1.912822] usbcore: registered new interface driver usbhid
[    1.914479] usbhid: USB HID core driver
[    1.916375] hv_utils: Registering HyperV Utility Driver
[    1.918015] hv_vmbus: registering driver hv_utils
[    1.919620] hv_vmbus: registering driver hv_balloon
[    1.922320] NET: Registered PF_INET6 protocol family
[    1.934063] Segment Routing with IPv6
[    1.935968] In-situ OAM (IOAM) with IPv6
[    1.937955] NET: Registered PF_PACKET protocol family
[    1.939992] bridge: filtering via arp/ip/ip6tables is no longer available by default. Update your scripts to load br_netfilter if you need this.
[    1.949730] 8021q: 802.1Q VLAN Support v1.8
[    1.951882] NET: Registered PF_VSOCK protocol family
[    1.958905] IPI shorthand broadcast: enabled
[    1.964080] AES CTR mode by8 optimization enabled
[    1.978098] sched_clock: Marking stable (1720088836, 255033164)->(1991668638, -16546638)
[    2.024577] clk: Disabling unused clocks
[    2.046893] ata2: found unknown device (class 0)
[    2.053720] ata2.00: ATAPI: QEMU DVD-ROM, 2.5+, max UDMA/100
[    2.066021] scsi 1:0:0:0: CD-ROM            QEMU     QEMU DVD-ROM     2.5+ PQ: 0 ANSI: 5
[    2.126647] sr 1:0:0:0: [sr0] scsi3-mmc drive: 4x/4x cd/rw xa/form2 tray
[    2.128614] cdrom: Uniform CD-ROM driver Revision: 3.20
[    2.172020] VFS: Mounted root (squashfs filesystem) readonly on device 254:2.
[    2.231493] Freeing unused kernel image (initmem) memory: 1492K
[    2.233576] Write protecting the kernel read-only data: 18432k
[    2.236795] Freeing unused kernel image (rodata/data gap) memory: 1540K
[    2.238815] Run /sbin/init as init process
[    2.262692] tsc: Refined TSC clocksource calibration: 2596.079 MHz
[    2.264756] clocksource: tsc: mask: 0xffffffffffffffff max_cycles: 0x256bc42f26f, max_idle_ns: 440795244933 ns
[    2.266823] clocksource: Switched to clocksource tsc
[    2.470834] init: Console is alive
[    2.946884] kmodloader: loading kernel modules from /etc/modules-boot.d/*
[    2.996389] button_hotplug: loading out-of-tree module taints kernel.
[    3.001667] Button Hotplug driver version 0.4.1
[    3.016697] Intel(R) 2.5G Ethernet Linux Driver
[    3.018630] Copyright(c) 2018 Intel Corporation.
[    3.029643] igb: Intel(R) Gigabit Ethernet Network Driver
[    3.031692] igb: Copyright (c) 2007-2014 Intel Corporation.
[    3.043696] e1000e: Intel(R) PRO/1000 Network Driver
[    3.045869] e1000e: Copyright(c) 1999 - 2015 Intel Corporation.
[    3.055041] kmodloader: done loading kernel modules from /etc/modules-boot.d/*
[    3.073765] init: - preinit -
[    3.811491] 8021q: adding VLAN 0 to HW filter on device eth0
Press the [f] key and hit [enter] to enter failsafe mode
Press the [1], [2], [3] or [4] key and hit [enter] to select the debug level

[    8.307941] loop0: detected capacity change from 0 to 212992
[    8.345429] loop0: detected capacity change from 212992 to 199808
[    8.355825] mount_root: overlay filesystem in /dev/loop0 has not been formatted yet
[   10.067479] EXT4-fs (loop0): mounted filesystem bd68643e-840b-4f57-b9b6-17b1c6b58dbe r/w with ordered data mode. Quota mode: disabled.
[   10.079051] mount_root: overlay filesystem has not been fully initialized yet
[   10.093342] mount_root: switching to ext4 overlay
[   10.109868] overlayfs: null uuid detected in lower fs '/', falling back to xino=off,index=off,nfs_export=off.
[   10.744422] EXT4-fs (vda1): mounted filesystem 84173db5-fa99-e35a-95c6-28613cc79ea9 r/w without journal. Quota mode: disabled.
[   10.763592] urandom-seed: Seed file not found (/etc/urandom.seed)
[   10.876271] procd: - early -
[   11.538140] procd: - ubus -
[   11.711837] procd: - init -
Please press Enter to activate this console.
root
login[1043]: root login on 'ttyS0'


BusyBox v1.37.0 (2026-04-28 08:07:37 UTC) built-in shell (ash)

  _______                     ________        __
 |       |.-----.-----.-----.|  |  |  |.----.|  |_
 |   -   ||  _  |  -__|     ||  |  |  ||   _||   _|
 |_______||   __|_____|__|__||________||__|  |____|
          |__| W I R E L E S S   F R E E D O M
 -----------------------------------------------------
 OpenWrt 25.12-SNAPSHOT, r32894-50c18f8214 Dave's Guitar
 -----------------------------------------------------

 === WARNING! =====================================
 There is no root password defined on this device!
 Use the "passwd" command to set up a new password
 in order to prevent unauthorized SSH logins.
 --------------------------------------------------

  ___   __ __                _______             __
 |   |_|__|  |--.----.-----.|   |   |-----.-----|  |--.
 |     |  |  _  |   _|  -__||       |  -__|__ --|     |
 |_____|__|_____|__| |_____||__|_|__|_____|_____|__|__|

 ------------------------------------------------------
 LiMe master development (master rev. aebe482 20260416_0843)
 ------------------------------------------------------
 https://libremesh.org
 ------------------------------------------------------

 OpenWrt recently switched to the "apk" package manager!

 OPKG Command           APK Equivalent      Description
 ------------------------------------------------------------------
 opkg install <pkg>     apk add <pkg>       Install a package
 opkg remove <pkg>      apk del <pkg>       Remove a package
 opkg upgrade           apk upgrade         Upgrade all packages
 opkg files <pkg>       apk info -L <pkg>   List package contents
 opkg list-installed    apk info            List installed packages
 opkg update            apk update          Update package lists
 opkg search <pkg>      apk search <pkg>    Search for packages
 ------------------------------------------------------------------

For more information visit:
https://openwrt.org/docs/guide-user/additional-software/opkg-to-apk-cheatsheet

root@(none):~# dmesg -n 1
root@(none):~# echo 'WSXX''VCEPAC'
WSXXVCEPAC
root@LiMe-123456:~# run() { echo -n "$MARKER"; sh -c "$@"; echo "$MARKER $?"; }
root@LiMe-123456:~# echo 'NMBG''WEFTAF'
NMBGWEFTAF
root@LiMe-123456:~# MARKER='FMGK''MCPYCX' run 'ubus wait_for network.interface.l
an'
FMGKMCPYCXFMGKMCPYCX 0
root@LiMe-123456:~# echo 'VQNN''NLOTVO'
VQNNNLOTVO
root@LiMe-123456:~# MARKER='AQSY''GGKPCS' run 'ubus call network.interface.lan s
tatus '"'"'{}'"'"''
AQSYGGKPCS{
	"up": true,
	"pending": false,
	"available": true,
	"autostart": true,
	"dynamic": false,
	"uptime": 1,
	"l3_device": "br-lan",
	"proto": "static",
	"device": "br-lan",
	"updated": [
		"addresses"
	],
	"metric": 0,
	"dns_metric": 0,
	"delegation": true,
	"ipv4-address": [
		{
			"address": "10.13.52.86",
			"mask": 16
		}
	],
	"ipv6-address": [
		{
			"address": "fd0d:fe46:8ce8::12:3456",
			"mask": 64
		}
	],
	"ipv6-prefix": [
		
	],
	"ipv6-prefix-assignment": [
		
	],
	"route": [
		
	],
	"dns-server": [
		
	],
	"dns-search": [
		
	],
	"neighbors": [
		
	],
	"inactive": {
		"ipv4-address": [
			
		],
		"ipv6-address": [
			
		],
		"route": [
			
		],
		"dns-server": [
			
		],
		"dns-search": [
			
		],
		"neighbors": [
			
		]
	},
	"data": {
		
	}
}
AQSYGGKPCS 0
root@LiMe-123456:~# echo 'LQXW''JKALQA'
LQXWJKALQA
root@LiMe-123456:~# MARKER='QTJQ''ZUKXXC' run true
QTJQZUKXXCQTJQZUKXXC 0
root@LiMe-123456:~# echo 'YGNZ''PEHOXP'
YGNZPEHOXP
root@LiMe-123456:~# MARKER='WBKF''SXUJLS' run 'source /etc/os-release; echo $BUI
LD_ID'
WBKFSXUJLSr32894-50c18f8214
WBKFSXUJLS 0
root@LiMe-123456:~# echo 'MJOV''ULQFNN'
MJOVULQFNN
root@LiMe-123456:~# MARKER='XAPA''JKLUEL' run 'ls /etc/dropbear/dropbear_rsa_hos
t_key'
XAPAJKLUEL[0;0m/etc/dropbear/dropbear_rsa_host_key[m
XAPAJKLUEL 0
root@LiMe-123456:~# echo 'QNYZ''VXWAQF'
QNYZVXWAQF
root@LiMe-123456:~# MARKER='UCVE''OPAUWM' run 'netstat -tlpn | grep 0.0.0.0:22'
UCVEOPAUWMtcp        0      0 0.0.0.0:22              0.0.0.0:*               LISTEN      2097/dropbear
UCVEOPAUWM 0
root@LiMe-123456:~# echo 'KHNS''VJTNSO'
KHNSVJTNSO
root@LiMe-123456:~# MARKER='CNXP''CYYQKA' run 'dmesg | grep br-lan | grep forwar
ding'
CNXPCYYQKA[   40.865610] br-lan: port 1(eth0) entered forwarding state
[   43.457855] br-lan: port 2(bat0) entered forwarding state
CNXPCYYQKA 0
root@LiMe-123456:~# echo 'SYSA''CZPJQO'
SYSACZPJQO
root@LiMe-123456:~# MARKER='ZCFL''FLBXLJ' run 'ubus call network.interface.lan s
tatus '"'"'{}'"'"''
ZCFLFLBXLJ{
	"up": true,
	"pending": false,
	"available": true,
	"autostart": true,
	"dynamic": false,
	"uptime": 32,
	"l3_device": "br-lan",
	"proto": "static",
	"device": "br-lan",
	"updated": [
		"addresses"
	],
	"metric": 0,
	"dns_metric": 0,
	"delegation": true,
	"ipv4-address": [
		{
			"address": "10.13.52.86",
			"mask": 16
		}
	],
	"ipv6-address": [
		{
			"address": "fd0d:fe46:8ce8::12:3456",
			"mask": 64
		}
	],
	"ipv6-prefix": [
		
	],
	"ipv6-prefix-assignment": [
		
	],
	"route": [
		
	],
	"dns-server": [
		
	],
	"dns-search": [
		
	],
	"neighbors": [
		
	],
	"inactive": {
		"ipv4-address": [
			
		],
		"ipv6-address": [
			
		],
		"route": [
			
		],
		"dns-server": [
			
		],
		"dns-search": [
			
		],
		"neighbors": [
			
		]
	},
	"data": {
		
	}
}
ZCFLFLBXLJ 0
root@LiMe-123456