Labgrid Console Logfile for main
Logfile started at 2026-04-23 02:00:24.871926
=== Log starts here ===
c[?7l[2J[0mSeaBIOS (version 1.16.3-debian-1.16.3-2)


iPXE (https://ipxe.org) 00:03.0 CA00 PCI2.10 PnP PMM+06FCAE70+06F0AE70 CA00
Press Ctrl-B to configure iPXE (PCI 00:03.0)...                                                                               




iPXE (https://ipxe.org) 00:05.0 CB00 PCI2.10 PnP PMM 06FCAE70 06F0AE70 CB00
Press Ctrl-B to configure iPXE (PCI 00:05.0)...                                                                               


Booting from Hard Disk...
GRUB loading.....
[0;30;47mWelcome to GRUB![01;01H[0m[2J[H[J[1;1H[?25l[m[H[J[1;1H[2;30HGNU GRUB  version 2.12

[m[4;2H+----------------------------------------------------------------------------+[5;2H|[5;79H|[6;2H|[6;79H|[7;2H|[7;79H|[8;2H|[8;79H|[9;2H|[9;79H|[10;2H|[10;79H|[11;2H|[11;79H|[12;2H|[12;79H|[13;2H|[13;79H|[14;2H|[14;79H|[15;2H|[15;79H|[16;2H+----------------------------------------------------------------------------+[m[17;2H[18;2H[m     Use the ^ and v keys to select which entry is highlighted.          
      Press enter to boot the selected OS, `e' to edit the commands       
      before booting or `c' for a command-line. ESC to return             
      previous menu.                                                      [5;80H [7m[5;3H*OpenWrt                                                                    [m[5;78H[m[m[6;3H OpenWrt (failsafe)                                                         [m[6;78H[m[m[7;3H                                                                            [m[7;78H[m[m[8;3H                                                                            [m[8;78H[m[m[9;3H                                                                            [m[9;78H[m[m[10;3H                                                                            [m[10;78H[m[m[11;3H                                                                            [m[11;78H[m[m[12;3H                                                                            [m[12;78H[m[m[13;3H                                                                            [m[13;78H[m[m[14;3H                                                                            [m[14;78H[m[m[15;3H                                                                            [m[15;78H[m[15;80H [5;78H[2J[02;30HGNU GRUB  version 2.12[04;02H┌────────────────────────────────────────────────────────────────────────────┐[05;02H│[05;79H│[06;02H│[06;79H│[07;02H│[07;79H│[08;02H│[08;79H│[09;02H│[09;79H│[10;02H│[10;79H│[11;02H│[11;79H│[12;02H│[12;79H│[13;02H│[13;79H│[14;02H│[14;79H│[15;02H│[15;79H│[16;02H│[16;79H│[17;02H└────────────────────────────────────────────────────────────────────────────┘[19;02H     Use the ↑ and ↓ keys to select which entry is highlighted.          
      Press enter to boot the selected OS, `e' to edit the commands       
      before booting or `c' for a command-line. ESC to return             
      previous menu.                                                      [05;80H [05;03H[0;30;47m*OpenWrt                                                                    [06;03H[0m OpenWrt (failsafe)                                                         [07;03H                                                                            [08;03H                                                                         [08;75H[08;76H   [09;03H                                                                            [10;03H                                                                            [11;03H                                                                            [12;03H                                                                            [13;03H                                                                            [14;03H                                   [14;37H[14;38H                                         [15;03H                                                                            [16;03H                                                                            [16;80H 






   The highlighted entry will be executed automatically in 5s.                [22;1H   The highlighted entry will be executed automatically in 5s.                 [5;78H [05;78H

















   The highlighted entry will be executed automatically in 4s.                [22;1H   The highlighted entry will be executed automatically in 4s.                 [5;78H [05;78H

















   The highlighted entry will be executed automatically in 3s.                [22;1H   The highlighted entry will be executed automatically in 3s.                 [5;78H [05;78H

















   The highlighted entry will be executed automatically in 2s.                [22;1H   The highlighted entry will be executed automatically in 2s.                 [5;78H [05;78H

















   The highlighted entry will be executed automatically in 1s.                [22;1H   The highlighted entry will be executed automatically in 1s.                 [5;78H [05;78H

















   The highlighted entry will be executed automatically in 0s.                [22;1H   The highlighted entry will be executed automatically in 0s.                 [5;78H [01;01H[2J[?25h[H[J[1;1H[H[J[1;1H[2J   Booting `OpenWrt' Booting `OpenWrt

'

[    0.000000] Linux version 6.12.79 (builder@buildhost) (x86_64-openwrt-linux-musl-gcc (OpenWrt GCC 14.3.0 r32881-6cbb072b57) 14.3.0, GNU ld (GNU Binutils) 2.44) #0 SMP Wed Apr 22 18:41:29 2026
[    0.000000] Command line: BOOT_IMAGE=/boot/vmlinuz root=PARTUUID=4a08fd1c-02 rootwait console=tty1 console=ttyS0,115200n8 noinitrd
[    0.000000] BIOS-provided physical RAM map:
[    0.000000] BIOS-e820: [mem 0x0000000000000000-0x000000000009fbff] usable
[    0.000000] BIOS-e820: [mem 0x000000000009fc00-0x000000000009ffff] reserved
[    0.000000] BIOS-e820: [mem 0x00000000000f0000-0x00000000000fffff] reserved
[    0.000000] BIOS-e820: [mem 0x0000000000100000-0x0000000007fdcfff] usable
[    0.000000] BIOS-e820: [mem 0x0000000007fdd000-0x0000000007ffffff] reserved
[    0.000000] BIOS-e820: [mem 0x00000000fffc0000-0x00000000ffffffff] reserved
[    0.000000] BIOS-e820: [mem 0x000000fd00000000-0x000000ffffffffff] reserved
[    0.000000] NX (Execute Disable) protection: active
[    0.000000] APIC: Static calls initialized
[    0.000000] SMBIOS 3.0.0 present.
[    0.000000] DMI: QEMU Standard PC (i440FX + PIIX, 1996), BIOS 1.16.3-debian-1.16.3-2 04/01/2014
[    0.000000] DMI: Memory slots populated: 1/1
[    0.000000] tsc: Fast TSC calibration using PIT
[    0.000000] tsc: Detected 2596.087 MHz processor
[    0.006072] last_pfn = 0x7fdd max_arch_pfn = 0x400000000
[    0.006563] MTRR map: 4 entries (3 fixed + 1 variable; max 19), built from 8 variable MTRRs
[    0.006702] x86/PAT: Configuration [0-7]: WB  WC  UC- UC  WB  WP  UC- WT  
[    0.020668] found SMP MP-table at [mem 0x000f5460-0x000f546f]
[    0.021763] Using GB pages for direct mapping
[    0.025468] ACPI: Early table checksum verification disabled
[    0.025738] ACPI: RSDP 0x00000000000F5290 000014 (v00 BOCHS )
[    0.025980] ACPI: RSDT 0x0000000007FE1C64 000034 (v01 BOCHS  BXPC     00000001 BXPC 00000001)
[    0.026384] ACPI: FACP 0x0000000007FE1B18 000074 (v01 BOCHS  BXPC     00000001 BXPC 00000001)
[    0.026852] ACPI: DSDT 0x0000000007FE0040 001AD8 (v01 BOCHS  BXPC     00000001 BXPC 00000001)
[    0.026904] ACPI: FACS 0x0000000007FE0000 000040
[    0.026942] ACPI: APIC 0x0000000007FE1B8C 000078 (v03 BOCHS  BXPC     00000001 BXPC 00000001)
[    0.026956] ACPI: HPET 0x0000000007FE1C04 000038 (v01 BOCHS  BXPC     00000001 BXPC 00000001)
[    0.026971] ACPI: WAET 0x0000000007FE1C3C 000028 (v01 BOCHS  BXPC     00000001 BXPC 00000001)
[    0.027037] ACPI: Reserving FACP table memory at [mem 0x7fe1b18-0x7fe1b8b]
[    0.027077] ACPI: Reserving DSDT table memory at [mem 0x7fe0040-0x7fe1b17]
[    0.027082] ACPI: Reserving FACS table memory at [mem 0x7fe0000-0x7fe003f]
[    0.027086] ACPI: Reserving APIC table memory at [mem 0x7fe1b8c-0x7fe1c03]
[    0.027090] ACPI: Reserving HPET table memory at [mem 0x7fe1c04-0x7fe1c3b]
[    0.027095] ACPI: Reserving WAET table memory at [mem 0x7fe1c3c-0x7fe1c63]
[    0.029489] Zone ranges:
[    0.029512]   DMA      [mem 0x0000000000001000-0x0000000000ffffff]
[    0.029573]   DMA32    [mem 0x0000000001000000-0x0000000007fdcfff]
[    0.029580]   Normal   empty
[    0.029594] Movable zone start for each node
[    0.029620] Early memory node ranges
[    0.029641]   node   0: [mem 0x0000000000001000-0x000000000009efff]
[    0.029682]   node   0: [mem 0x0000000000100000-0x0000000007fdcfff]
[    0.029778] Initmem setup node 0 [mem 0x0000000000001000-0x0000000007fdcfff]
[    0.030594] On node 0, zone DMA: 1 pages in unavailable ranges
[    0.030966] On node 0, zone DMA: 97 pages in unavailable ranges
[    0.032557] On node 0, zone DMA32: 35 pages in unavailable ranges
[    0.032835] ACPI: PM-Timer IO Port: 0x608
[    0.033164] ACPI: LAPIC_NMI (acpi_id[0xff] dfl dfl lint[0x1])
[    0.033487] IOAPIC[0]: apic_id 0, version 32, address 0xfec00000, GSI 0-23
[    0.033582] ACPI: INT_SRC_OVR (bus 0 bus_irq 0 global_irq 2 dfl dfl)
[    0.033776] ACPI: INT_SRC_OVR (bus 0 bus_irq 5 global_irq 5 high level)
[    0.033813] ACPI: INT_SRC_OVR (bus 0 bus_irq 9 global_irq 9 high level)
[    0.033894] ACPI: INT_SRC_OVR (bus 0 bus_irq 10 global_irq 10 high level)
[    0.033900] ACPI: INT_SRC_OVR (bus 0 bus_irq 11 global_irq 11 high level)
[    0.034049] ACPI: Using ACPI (MADT) for SMP configuration information
[    0.034083] ACPI: HPET id: 0x8086a201 base: 0xfed00000
[    0.034392] CPU topo: Max. logical packages:   1
[    0.034403] CPU topo: Max. logical dies:       1
[    0.034410] CPU topo: Max. dies per package:   1
[    0.034447] CPU topo: Max. threads per core:   1
[    0.034565] CPU topo: Num. cores per package:     1
[    0.034576] CPU topo: Num. threads per package:   1
[    0.034583] CPU topo: Allowing 1 present CPUs plus 0 hotplug CPUs
[    0.035525] [mem 0x08000000-0xfffbffff] available for PCI devices
[    0.035578] Booting paravirtualized kernel on bare hardware
[    0.035823] clocksource: refined-jiffies: mask: 0xffffffff max_cycles: 0xffffffff, max_idle_ns: 19112604462750000 ns
[    0.036358] setup_percpu: NR_CPUS:512 nr_cpumask_bits:1 nr_cpu_ids:1 nr_node_ids:1
[    0.037800] percpu: Embedded 48 pages/cpu s158104 r8192 d30312 u2097152
[    0.039620] Kernel command line: BOOT_IMAGE=/boot/vmlinuz root=PARTUUID=4a08fd1c-02 rootwait console=tty1 console=ttyS0,115200n8 noinitrd
[    0.040926] random: crng init done
[    0.044928] Dentry cache hash table entries: 16384 (order: 5, 131072 bytes, linear)
[    0.045757] Inode-cache hash table entries: 8192 (order: 4, 65536 bytes, linear)
[    0.047949] Built 1 zonelists, mobility grouping on.  Total pages: 32635
[    0.048146] mem auto-init: stack:off, heap alloc:off, heap free:off
[    0.055963] SLUB: HWalign=64, Order=0-3, MinObjects=0, CPUs=1, Nodes=1
[    0.062195] rcu: Hierarchical RCU implementation.
[    0.062221] rcu: 	RCU restricting CPUs from NR_CPUS=512 to nr_cpu_ids=1.
[    0.062339] 	Tracing variant of Tasks RCU enabled.
[    0.062410] rcu: RCU calculated value of scheduler-enlistment delay is 10 jiffies.
[    0.062433] rcu: Adjusting geometry for rcu_fanout_leaf=16, nr_cpu_ids=1
[    0.063335] RCU Tasks Trace: Setting shift to 0 and lim to 1 rcu_task_cb_adjust=1 rcu_task_cpu_ids=1.
[    0.063437] NR_IRQS: 33024, nr_irqs: 256, preallocated irqs: 16
[    0.070358] rcu: srcu_init: Setting srcu_struct sizes based on contention.
[    0.075724] Console: colour VGA+ 80x25
[    0.076162] printk: legacy console [tty1] enabled
[    0.082145] printk: legacy console [ttyS0] enabled
[    0.319595] ACPI: Core revision 20240827
[    0.333632] clocksource: hpet: mask: 0xffffffff max_cycles: 0xffffffff, max_idle_ns: 19112604467 ns
[    0.337297] APIC: Switch to symmetric I/O mode setup
[    0.340966] ..TIMER: vector=0x30 apic1=0 pin1=2 apic2=-1 pin2=-1
[    0.385142] clocksource: tsc-early: mask: 0xffffffffffffffff max_cycles: 0x256bcbb49c1, max_idle_ns: 440795217315 ns
[    0.385749] Calibrating delay loop (skipped), value calculated using timer frequency.. 5192.17 BogoMIPS (lpj=25960870)
[    0.387291] x86/cpu: User Mode Instruction Prevention (UMIP) activated
[    0.401848] Last level iTLB entries: 4KB 0, 2MB 0, 4MB 0
[    0.402194] Last level dTLB entries: 4KB 0, 2MB 0, 4MB 0, 1GB 0
[    0.403020] Spectre V1 : Mitigation: usercopy/swapgs barriers and __user pointer sanitization
[    0.403649] Spectre V2 : Mitigation: Retpolines
[    0.405686] Spectre V2 : Spectre v2 / SpectreRSB: Filling RSB on context switch and VMEXIT
[    0.406193] Speculative Store Bypass: Vulnerable
[    0.407844] x86/fpu: Supporting XSAVE feature 0x001: 'x87 floating point registers'
[    0.411574] x86/fpu: Supporting XSAVE feature 0x002: 'SSE registers'
[    0.416444] x86/fpu: Supporting XSAVE feature 0x004: 'AVX registers'
[    0.416646] x86/fpu: Supporting XSAVE feature 0x008: 'MPX bounds registers'
[    0.416843] x86/fpu: Supporting XSAVE feature 0x010: 'MPX CSR'
[    0.417166] x86/fpu: xstate_offset[2]:  576, xstate_sizes[2]:  256
[    0.425685] x86/fpu: xstate_offset[3]:  960, xstate_sizes[3]:   64
[    0.425957] x86/fpu: xstate_offset[4]: 1024, xstate_sizes[4]:   64
[    0.426236] x86/fpu: Enabled xstate features 0x1f, context size is 1088 bytes, using 'standard' format.
[    0.604021] Freeing SMP alternatives memory: 40K
[    0.604715] pid_max: default: 32768 minimum: 301
[    0.612158] Mount-cache hash table entries: 512 (order: 0, 4096 bytes, linear)
[    0.612476] Mountpoint-cache hash table entries: 512 (order: 0, 4096 bytes, linear)
[    0.757607] smpboot: CPU0: AMD QEMU TCG CPU version 2.5+ (family: 0x6, model: 0x6, stepping: 0x3)
[    0.784010] Performance Events: PMU not available due to virtualization, using software events only.
[    0.785230] signal: max sigframe size: 1616
[    0.786785] rcu: Hierarchical SRCU implementation.
[    0.786971] rcu: 	Max phase no-delay instances is 1000.
[    0.791277] smp: Bringing up secondary CPUs ...
[    0.796992] smp: Brought up 1 node, 1 CPU
[    0.797235] smpboot: Total of 1 processors activated (5192.17 BogoMIPS)
[    0.802770] Memory: 103208K/130540K available (14336K kernel code, 1177K rwdata, 2556K rodata, 1492K init, 1304K bss, 25620K reserved, 0K cma-reserved)
[    0.814733] clocksource: jiffies: mask: 0xffffffff max_cycles: 0xffffffff, max_idle_ns: 19112604462750000 ns
[    0.815418] futex hash table entries: 256 (order: 2, 16384 bytes, linear)
[    0.816848] pinctrl core: initialized pinctrl subsystem
[    0.830013] NET: Registered PF_NETLINK/PF_ROUTE protocol family
[    0.834844] thermal_sys: Registered thermal governor 'step_wise'
[    0.834877] thermal_sys: Registered thermal governor 'user_space'
[    0.835792] cpuidle: using governor ladder
[    0.837175] acpiphp: ACPI Hot Plug PCI Controller Driver version: 0.5
[    0.842577] PCI: Using configuration type 1 for base access
[    0.849872] cryptd: max_cpu_qlen set to 1000
[    0.854670] ACPI: Added _OSI(Module Device)
[    0.854848] ACPI: Added _OSI(Processor Device)
[    0.854983] ACPI: Added _OSI(Processor Aggregator Device)
[    0.865732] ACPI: 1 ACPI AML tables successfully acquired and loaded
[    0.879277] ACPI: Interpreter enabled
[    0.879914] ACPI: PM: (supports S0 S5)
[    0.880089] ACPI: Using IOAPIC for interrupt routing
[    0.880560] PCI: Using host bridge windows from ACPI; if necessary, use "pci=nocrs" and report a bug
[    0.880856] PCI: Using E820 reservations for host bridge windows
[    0.887088] ACPI: Enabled 2 GPEs in block 00 to 0F
[    0.915535] ACPI: PCI Root Bridge [PCI0] (domain 0000 [bus 00-ff])
[    0.916220] acpi PNP0A03:00: _OSC: OS supports [ASPM ClockPM Segments MSI HPX-Type3]
[    0.916587] acpi PNP0A03:00: _OSC: not requesting OS control; OS requires [ExtendedConfig ASPM ClockPM MSI]
[    0.917288] acpi PNP0A03:00: fail to add MMCONFIG information, can't access extended configuration space under this bridge
[    0.929435] acpiphp: Slot [3] registered
[    0.929695] acpiphp: Slot [4] registered
[    0.929886] acpiphp: Slot [5] registered
[    0.930060] acpiphp: Slot [6] registered
[    0.935853] acpiphp: Slot [7] registered
[    0.936170] acpiphp: Slot [8] registered
[    0.937257] acpiphp: Slot [9] registered
[    0.937438] acpiphp: Slot [10] registered
[    0.937644] acpiphp: Slot [11] registered
[    0.937831] acpiphp: Slot [12] registered
[    0.945857] acpiphp: Slot [13] registered
[    0.946150] acpiphp: Slot [14] registered
[    0.946392] acpiphp: Slot [15] registered
[    0.946573] acpiphp: Slot [16] registered
[    0.946750] acpiphp: Slot [17] registered
[    0.946948] acpiphp: Slot [18] registered
[    0.947139] acpiphp: Slot [19] registered
[    0.955955] acpiphp: Slot [20] registered
[    0.956228] acpiphp: Slot [21] registered
[    0.956421] acpiphp: Slot [22] registered
[    0.956598] acpiphp: Slot [23] registered
[    0.956777] acpiphp: Slot [24] registered
[    0.956974] acpiphp: Slot [25] registered
[    0.965923] acpiphp: Slot [26] registered
[    0.966219] acpiphp: Slot [27] registered
[    0.966411] acpiphp: Slot [28] registered
[    0.966599] acpiphp: Slot [29] registered
[    0.966789] acpiphp: Slot [30] registered
[    0.966971] acpiphp: Slot [31] registered
[    0.976148] PCI host bridge to bus 0000:00
[    0.976560] pci_bus 0000:00: root bus resource [io  0x0000-0x0cf7 window]
[    0.976857] pci_bus 0000:00: root bus resource [io  0x0d00-0xffff window]
[    0.977044] pci_bus 0000:00: root bus resource [mem 0x000a0000-0x000bffff window]
[    0.985799] pci_bus 0000:00: root bus resource [mem 0x08000000-0xfebfffff window]
[    0.986121] pci_bus 0000:00: root bus resource [mem 0x100000000-0x17fffffff window]
[    0.986492] pci_bus 0000:00: root bus resource [bus 00-ff]
[    0.987658] pci 0000:00:00.0: [8086:1237] type 00 class 0x060000 conventional PCI endpoint
[    0.998919] pci 0000:00:01.0: [8086:7000] type 00 class 0x060100 conventional PCI endpoint
[    1.006130] pci 0000:00:01.1: [8086:7010] type 00 class 0x010180 conventional PCI endpoint
[    1.008672] pci 0000:00:01.1: BAR 4 [io  0xc0e0-0xc0ef]
[    1.013770] pci 0000:00:01.1: BAR 0 [io  0x01f0-0x01f7]: legacy IDE quirk
[    1.014009] pci 0000:00:01.1: BAR 1 [io  0x03f6]: legacy IDE quirk
[    1.014225] pci 0000:00:01.1: BAR 2 [io  0x0170-0x0177]: legacy IDE quirk
[    1.014423] pci 0000:00:01.1: BAR 3 [io  0x0376]: legacy IDE quirk
[    1.016599] pci 0000:00:01.3: [8086:7113] type 00 class 0x068000 conventional PCI endpoint
[    1.017125] pci 0000:00:01.3: quirk: [io  0x0600-0x063f] claimed by PIIX4 ACPI
[    1.017381] pci 0000:00:01.3: quirk: [io  0x0700-0x070f] claimed by PIIX4 SMB
[    1.026294] pci 0000:00:02.0: [1234:1111] type 00 class 0x030000 conventional PCI endpoint
[    1.027036] pci 0000:00:02.0: BAR 0 [mem 0xfd000000-0xfdffffff pref]
[    1.036844] pci 0000:00:02.0: BAR 2 [mem 0xfeb90000-0xfeb90fff]
[    1.039560] pci 0000:00:02.0: ROM [mem 0xfeb80000-0xfeb8ffff pref]
[    1.045073] pci 0000:00:02.0: Video device with shadowed ROM at [mem 0x000c0000-0x000dffff]
[    1.046172] pci 0000:00:03.0: [1af4:1000] type 00 class 0x020000 conventional PCI endpoint
[    1.047315] pci 0000:00:03.0: BAR 0 [io  0xc080-0xc09f]
[    1.057638] pci 0000:00:03.0: BAR 4 [mem 0xfe000000-0xfe003fff 64bit pref]
[    1.058681] pci 0000:00:03.0: ROM [mem 0xfea80000-0xfeafffff pref]
[    1.063187] pci 0000:00:04.0: [1af4:1005] type 00 class 0x00ff00 conventional PCI endpoint
[    1.064056] pci 0000:00:04.0: BAR 0 [io  0xc0a0-0xc0bf]
[    1.066436] pci 0000:00:04.0: BAR 1 [mem 0xfeb91000-0xfeb91fff]
[    1.070154] pci 0000:00:04.0: BAR 4 [mem 0xfe004000-0xfe007fff 64bit pref]
[    1.073881] pci 0000:00:05.0: [1af4:1000] type 00 class 0x020000 conventional PCI endpoint
[    1.074763] pci 0000:00:05.0: BAR 0 [io  0xc0c0-0xc0df]
[    1.076482] pci 0000:00:05.0: BAR 1 [mem 0xfeb92000-0xfeb92fff]
[    1.079097] pci 0000:00:05.0: BAR 4 [mem 0xfe008000-0xfe00bfff 64bit pref]
[    1.081226] pci 0000:00:05.0: ROM [mem 0xfeb00000-0xfeb7ffff pref]
[    1.086127] pci 0000:00:06.0: [1af4:1001] type 00 class 0x010000 conventional PCI endpoint
[    1.089586] pci 0000:00:06.0: BAR 0 [io  0xc000-0xc07f]
[    1.090314] pci 0000:00:06.0: BAR 1 [mem 0xfeb93000-0xfeb93fff]
[    1.092085] pci 0000:00:06.0: BAR 4 [mem 0xfe00c000-0xfe00ffff 64bit pref]
[    1.099255] ACPI: PCI: Interrupt link LNKA configured for IRQ 10
[    1.099931] ACPI: PCI: Interrupt link LNKB configured for IRQ 10
[    1.100370] ACPI: PCI: Interrupt link LNKC configured for IRQ 11
[    1.100783] ACPI: PCI: Interrupt link LNKD configured for IRQ 11
[    1.101072] ACPI: PCI: Interrupt link LNKS configured for IRQ 9
[    1.109324] iommu: Default domain type: Translated
[    1.109512] iommu: DMA domain TLB invalidation policy: lazy mode
[    1.116780] SCSI subsystem initialized
[    1.117972] ACPI: bus type USB registered
[    1.118381] usbcore: registered new interface driver usbfs
[    1.121859] usbcore: registered new interface driver hub
[    1.122225] usbcore: registered new device driver usb
[    1.122629] pps_core: LinuxPPS API ver. 1 registered
[    1.122784] pps_core: Software ver. 5.3.6 - Copyright 2005-2007 Rodolfo Giometti <giometti@linux.it>
[    1.125940] PTP clock support registered
[    1.141579] PCI: Using ACPI for IRQ routing
[    1.143631] hpet0: at MMIO 0xfed00000, IRQs 2, 8, 0
[    1.143917] hpet0: 3 comparators, 64-bit 100.000000 MHz counter
[    1.148712] clocksource: Switched to clocksource tsc-early
[    1.150841] pnp: PnP ACPI init
[    1.154271] pnp: PnP ACPI: found 6 devices
[    1.163543] clocksource: acpi_pm: mask: 0xffffff max_cycles: 0xffffff, max_idle_ns: 2085701024 ns
[    1.164703] NET: Registered PF_INET protocol family
[    1.165686] IP idents hash table entries: 2048 (order: 2, 16384 bytes, linear)
[    1.170135] tcp_listen_portaddr_hash hash table entries: 256 (order: 0, 4096 bytes, linear)
[    1.174342] Table-perturb hash table entries: 65536 (order: 6, 262144 bytes, linear)
[    1.174721] TCP established hash table entries: 1024 (order: 1, 8192 bytes, linear)
[    1.175068] TCP bind hash table entries: 1024 (order: 3, 32768 bytes, linear)
[    1.185091] TCP: Hash tables configured (established 1024 bind 1024)
[    1.186577] MPTCP token hash table entries: 256 (order: 1, 6144 bytes, linear)
[    1.187014] UDP hash table entries: 256 (order: 1, 8192 bytes, linear)
[    1.187353] UDP-Lite hash table entries: 256 (order: 1, 8192 bytes, linear)
[    1.197021] NET: Registered PF_UNIX/PF_LOCAL protocol family
[    1.197990] pci_bus 0000:00: resource 4 [io  0x0000-0x0cf7 window]
[    1.198188] pci_bus 0000:00: resource 5 [io  0x0d00-0xffff window]
[    1.198366] pci_bus 0000:00: resource 6 [mem 0x000a0000-0x000bffff window]
[    1.206736] pci_bus 0000:00: resource 7 [mem 0x08000000-0xfebfffff window]
[    1.206996] pci_bus 0000:00: resource 8 [mem 0x100000000-0x17fffffff window]
[    1.207648] pci 0000:00:01.0: PIIX3: Enabling Passive Release
[    1.207917] pci 0000:00:00.0: Limiting direct PCI/PCI transfers
[    1.217829] PCI: CLS 0 bytes, default 64
[    1.233532] workingset: timestamp_bits=46 max_order=15 bucket_order=0
[    1.235560] squashfs: version 4.0 (2009/01/31) Phillip Lougher
[    1.237875] Block layer SCSI generic (bsg) driver version 0.4 loaded (major 247)
[    1.240573] hv_vmbus: registering driver hyperv_fb
[    1.246980] input: Power Button as /devices/LNXSYSTM:00/LNXPWRBN:00/input/input0
[    1.252852] ACPI: button: Power Button [PWRF]
[    1.365045] ACPI: \_SB_.LNKC: Enabled at IRQ 11
[    1.474665] ACPI: \_SB_.LNKD: Enabled at IRQ 10
[    1.583450] ACPI: \_SB_.LNKA: Enabled at IRQ 10
[    1.687376] ACPI: \_SB_.LNKB: Enabled at IRQ 11
[    1.689076] Serial: 8250/16550 driver, 16 ports, IRQ sharing enabled
[    1.713304] 00:04: ttyS0 at I/O 0x3f8 (irq = 4, base_baud = 115200) is a 16550A
[    1.731184] Non-volatile memory driver v1.3
[    1.740203] Linux agpgart interface v0.103
[    1.741050] ACPI: bus type drm_connector registered
[    1.743437] [drm] Found bochs VGA, ID 0xb0c5.
[    1.743617] [drm] Framebuffer size 16384 kB @ 0xfd000000, mmio @ 0xfeb90000.
[    1.748242] [drm] Found EDID data blob.
[    1.752406] [drm] Initialized bochs-drm 1.0.0 for 0000:00:02.0 on minor 0
[    1.801960] Console: switching to colour frame buffer device 160x50
[    1.809579] bochs-drm 0000:00:02.0: [drm] fb0: bochs-drmdrmfb frame buffer device
[    1.823406] loop: module loaded
[    1.824030] virtio_blk virtio3: 1/0/0 default/read/poll queues
[    1.837542] virtio_blk virtio3: [vda] 246784 512-byte logical blocks (126 MB/121 MiB)
[    1.844681]  vda: vda1 vda2
[    1.846362] Guest personality initialized and is inactive
[    1.846852] VMCI host device registered (name=vmci, major=10, minor=256)
[    1.847073] Initialized host personality
[    1.848189] usbcore: registered new interface driver rtsx_usb
[    1.849072] VMware PVSCSI driver - version 1.0.7.0-k
[    1.849326] hv_vmbus: registering driver hv_storvsc
[    1.860731] scsi host0: ata_piix
[    1.862588] scsi host1: ata_piix
[    1.863241] ata1: PATA max MWDMA2 cmd 0x1f0 ctl 0x3f6 bmdma 0xc0e0 irq 14 lpm-pol 0
[    1.863503] ata2: PATA max MWDMA2 cmd 0x170 ctl 0x376 bmdma 0xc0e8 irq 15 lpm-pol 0
[    1.871644] VMware vmxnet3 virtual NIC driver - version 1.9.0.0-k-NAPI
[    1.872148] hv_vmbus: registering driver hv_netvsc
[    1.872449] Fusion MPT base driver 3.04.20
[    1.872580] Copyright (c) 1999-2008 LSI Corporation
[    1.872903] Fusion MPT SPI Host driver 3.04.20
[    1.882463] Fusion MPT SAS Host driver 3.04.20
[    1.884091] usbcore: registered new interface driver usb-storage
[    1.885159] i8042: PNP: PS/2 Controller [PNP0303:KBD,PNP0f13:MOU] at 0x60,0x64 irq 1,12
[    1.887909] serio: i8042 KBD port at 0x60,0x64 irq 1
[    1.888224] serio: i8042 AUX port at 0x60,0x64 irq 12
[    1.895728] hv_vmbus: registering driver hyperv_keyboard
[    1.897810] rtc_cmos 00:05: RTC can wake from S4
[    1.901879] rtc_cmos 00:05: registered as rtc0
[    1.904167] rtc_cmos 00:05: setting system clock to 2026-04-23T02:00:34 UTC (1776909634)
[    1.906372] rtc_cmos 00:05: alarms up to one day, y3k, 242 bytes nvram, hpet irqs
[    1.908538] intel_powerclamp: CPU does not support MWAIT
[    1.910352] amd_pstate: the _CPC object is not present in SBIOS or ACPI disabled
[    1.916968] sdhci: Secure Digital Host Controller Interface driver
[    1.918593] sdhci: Copyright(c) Pierre Ossman
[    1.920498] VUB300 Driver rom wait states = 1C irqpoll timeout = 0400
[    1.926002] input: AT Translated Set 2 keyboard as /devices/platform/i8042/serio0/input/input1
[    1.943264] usbcore: registered new interface driver vub300
[    1.945381] usbcore: registered new interface driver ushc
[    1.952317] hid: raw HID events driver (C) Jiri Kosina
[    1.954467] hv_vmbus: registering driver hid_hyperv
[    1.956959] usbcore: registered new interface driver usbhid
[    1.958617] usbhid: USB HID core driver
[    1.960360] hv_utils: Registering HyperV Utility Driver
[    1.962000] hv_vmbus: registering driver hv_utils
[    1.963604] hv_vmbus: registering driver hv_balloon
[    1.968149] NET: Registered PF_INET6 protocol family
[    1.980330] Segment Routing with IPv6
[    1.982205] In-situ OAM (IOAM) with IPv6
[    1.984176] NET: Registered PF_PACKET protocol family
[    1.986368] bridge: filtering via arp/ip/ip6tables is no longer available by default. Update your scripts to load br_netfilter if you need this.
[    1.995784] 8021q: 802.1Q VLAN Support v1.8
[    1.998103] NET: Registered PF_VSOCK protocol family
[    2.005314] IPI shorthand broadcast: enabled
[    2.010498] AES CTR mode by8 optimization enabled
[    2.024495] sched_clock: Marking stable (1760132839, 254856248)->(2019304141, -4315054)
[    2.072604] clk: Disabling unused clocks
[    2.098660] ata2: found unknown device (class 0)
[    2.105787] ata2.00: ATAPI: QEMU DVD-ROM, 2.5+, max UDMA/100
[    2.118666] scsi 1:0:0:0: CD-ROM            QEMU     QEMU DVD-ROM     2.5+ PQ: 0 ANSI: 5
[    2.186597] sr 1:0:0:0: [sr0] scsi3-mmc drive: 4x/4x cd/rw xa/form2 tray
[    2.188686] cdrom: Uniform CD-ROM driver Revision: 3.20
[    2.232887] VFS: Mounted root (squashfs filesystem) readonly on device 254:2.
[    2.293278] Freeing unused kernel image (initmem) memory: 1492K
[    2.295589] Write protecting the kernel read-only data: 18432k
[    2.298898] Freeing unused kernel image (rodata/data gap) memory: 1540K
[    2.301022] Run /sbin/init as init process
[    2.306486] tsc: Refined TSC clocksource calibration: 2596.073 MHz
[    2.308556] clocksource: tsc: mask: 0xffffffffffffffff max_cycles: 0x256bbeb6d3b, max_idle_ns: 440795334689 ns
[    2.310564] clocksource: Switched to clocksource tsc
[    2.539571] init: Console is alive
[    2.946554] kmodloader: loading kernel modules from /etc/modules-boot.d/*
[    2.990957] button_hotplug: loading out-of-tree module taints kernel.
[    2.996749] Button Hotplug driver version 0.4.1
[    3.014769] Intel(R) 2.5G Ethernet Linux Driver
[    3.017045] Copyright(c) 2018 Intel Corporation.
[    3.029350] igb: Intel(R) Gigabit Ethernet Network Driver
[    3.031365] igb: Copyright (c) 2007-2014 Intel Corporation.
[    3.043794] e1000e: Intel(R) PRO/1000 Network Driver
[    3.046000] e1000e: Copyright(c) 1999 - 2015 Intel Corporation.
[    3.055920] kmodloader: done loading kernel modules from /etc/modules-boot.d/*
[    3.074293] init: - preinit -
[    3.885969] 8021q: adding VLAN 0 to HW filter on device eth0
Press the [f] key and hit [enter] to enter failsafe mode
Press the [1], [2], [3] or [4] key and hit [enter] to select the debug level
[    8.410305] loop0: detected capacity change from 0 to 212992
[    8.445283] loop0: detected capacity change from 212992 to 200960
[    8.456841] mount_root: overlay filesystem in /dev/loop0 has not been formatted yet
[    8.845722] EXT4-fs (loop0): mounted filesystem af8ef013-883c-4a21-a980-2efe82b0fa14 r/w with ordered data mode. Quota mode: disabled.
[    8.856928] mount_root: overlay filesystem has not been fully initialized yet
[    8.871374] mount_root: switching to ext4 overlay
[    8.888712] overlayfs: null uuid detected in lower fs '/', falling back to xino=off,index=off,nfs_export=off.
[    9.541468] EXT4-fs (vda1): mounted filesystem 84173db5-fa99-e35a-95c6-28613cc79ea9 r/w without journal. Quota mode: disabled.
[    9.562324] urandom-seed: Seed file not found (/etc/urandom.seed)
[    9.682593] procd: - early -
[   10.370708] procd: - ubus -
[   10.467429] procd: - init -
Please press Enter to activate this console.
root
login[1047]: root login on 'ttyS0'


BusyBox v1.37.0 (2026-04-22 18:41:29 UTC) built-in shell (ash)

  _______                     ________        __
 |       |.-----.-----.-----.|  |  |  |.----.|  |_
 |   -   ||  _  |  -__|     ||  |  |  ||   _||   _|
 |_______||   __|_____|__|__||________||__|  |____|
          |__| W I R E L E S S   F R E E D O M
 -----------------------------------------------------
 OpenWrt 25.12-SNAPSHOT, r32881-6cbb072b57 Dave's Guitar
 -----------------------------------------------------

 === WARNING! =====================================
 There is no root password defined on this device!
 Use the "passwd" command to set up a new password
 in order to prevent unauthorized SSH logins.
 --------------------------------------------------


 OpenWrt recently switched to the "apk" package manager!

 OPKG Command           APK Equivalent      Description
 ------------------------------------------------------------------
 opkg install <pkg>     apk add <pkg>       Install a package
 opkg remove <pkg>      apk del <pkg>       Remove a package
 opkg upgrade           apk upgrade         Upgrade all packages
 opkg files <pkg>       apk info -L <pkg>   List package contents
 opkg list-installed    apk info            List installed packages
 opkg update            apk update          Update package lists
 opkg search <pkg>      apk search <pkg>    Search for packages
 ------------------------------------------------------------------

For more information visit:
https://openwrt.org/docs/guide-user/additional-software/opkg-to-apk-cheatsheet

root@(none):~# dmesg -n 1
root@(none):~# echo 'BAUE''YTZBLB'
BAUEYTZBLB
root@(none):~# run() { echo -n "$MARKER"; sh -c "$@"; echo "$MARKER $?"; }
root@(none):~# echo 'HPAO''KTULZB'
HPAOKTULZB
root@(none):~# MARKER='JKQV''BEUWFC' run 'ubus wait_for network.interface.lan'
JKQVBEUWFCJKQVBEUWFC 0
root@OpenWrt:~# echo 'NZTJ''OCZEUG'
NZTJOCZEUG
root@OpenWrt:~# MARKER='ZYEP''UELXEG' run 'ubus call network.interface.lan statu
s '"'"'{}'"'"''
ZYEPUELXEG{
	"up": true,
	"pending": false,
	"available": true,
	"autostart": true,
	"dynamic": false,
	"uptime": 0,
	"l3_device": "br-lan",
	"proto": "static",
	"device": "br-lan",
	"updated": [
		"addresses"
	],
	"metric": 0,
	"dns_metric": 0,
	"delegation": true,
	"ipv4-address": [
		{
			"address": "192.168.1.1",
			"mask": 24
		}
	],
	"ipv6-address": [
		
	],
	"ipv6-prefix": [
		
	],
	"ipv6-prefix-assignment": [
		{
			"address": "fdbe:f8dd:d650::",
			"mask": 60,
			"local-address": {
				"address": "fdbe:f8dd:d650::1",
				"mask": 60
			}
		}
	],
	"route": [
		
	],
	"dns-server": [
		
	],
	"dns-search": [
		
	],
	"neighbors": [
		
	],
	"inactive": {
		"ipv4-address": [
			
		],
		"ipv6-address": [
			
		],
		"route": [
			
		],
		"dns-server": [
			
		],
		"dns-search": [
			
		],
		"neighbors": [
			
		]
	},
	"data": {
		
	}
}
ZYEPUELXEG 0
root@OpenWrt:~# echo 'CUTC''ZALOQJ'
CUTCZALOQJ
root@OpenWrt:~# MARKER='ZMHL''HMYSUJ' run true
ZMHLHMYSUJZMHLHMYSUJ 0
root@OpenWrt:~# echo 'QNJJ''CEYAGC'
QNJJCEYAGC
root@OpenWrt:~# MARKER='NCWL''AJPLMW' run 'source /etc/os-release; echo $BUILD_I
D'
NCWLAJPLMWr32881-6cbb072b57
NCWLAJPLMW 0
root@OpenWrt:~# echo 'AESU''ZGPMHO'
AESUZGPMHO
root@OpenWrt:~# MARKER='YTEN''XONPFM' run 'ls /etc/dropbear/dropbear_rsa_host_ke
y'
YTENXONPFM[0;0m/etc/dropbear/dropbear_rsa_host_key[m
YTENXONPFM 0
root@OpenWrt:~# echo 'OGPO''MFUTOP'
OGPOMFUTOP
root@OpenWrt:~# MARKER='ANJB''MSOQWP' run 'netstat -tlpn | grep 0.0.0.0:22'
ANJBMSOQWPnetstat: showing only processes with your user ID
tcp        0      0 0.0.0.0:22              0.0.0.0:*               LISTEN      1755/dropbear
ANJBMSOQWP 0
root@OpenWrt:~# echo 'NNAJ''TQKLHW'
NNAJTQKLHW
root@OpenWrt:~# MARKER='BVVS''AASNLH' run 'dmesg | grep br-lan | grep forwarding
'
BVVSAASNLH[   26.335948] br-lan: port 1(eth0) entered forwarding state
BVVSAASNLH 0
root@OpenWrt:~# echo 'MSNQ''APKKZY'
MSNQAPKKZY
root@OpenWrt:~# MARKER='WFLZ''ZPCQFF' run 'ubus call network.interface.lan statu
s '"'"'{}'"'"''
WFLZZPCQFF{
	"up": true,
	"pending": false,
	"available": true,
	"autostart": true,
	"dynamic": false,
	"uptime": 6,
	"l3_device": "br-lan",
	"proto": "static",
	"device": "br-lan",
	"updated": [
		"addresses"
	],
	"metric": 0,
	"dns_metric": 0,
	"delegation": true,
	"ipv4-address": [
		{
			"address": "192.168.1.1",
			"mask": 24
		}
	],
	"ipv6-address": [
		
	],
	"ipv6-prefix": [
		
	],
	"ipv6-prefix-assignment": [
		{
			"address": "fdbe:f8dd:d650::",
			"mask": 60,
			"local-address": {
				"address": "fdbe:f8dd:d650::1",
				"mask": 60
			}
		}
	],
	"route": [
		
	],
	"dns-server": [
		
	],
	"dns-search": [
		
	],
	"neighbors": [
		
	],
	"inactive": {
		"ipv4-address": [
			
		],
		"ipv6-address": [
			
		],
		"route": [
			
		],
		"dns-server": [
			
		],
		"dns-search": [
			
		],
		"neighbors": [
			
		]
	},
	"data": {
		
	}
}
WFLZZPCQFF 0
root@OpenWrt:~# echo 'GWPN''KVUBPK'
GWPNKVUBPK
root@OpenWrt:~# MARKER='LQWF''JCHTTC' run 'ip -o addr show dev br-lan'
LQWFJCHTTC4: br-lan    inet 192.168.1.1/24 brd 192.168.1.255 scope global br-lan\       valid_lft forever preferred_lft forever
4: br-lan    inet6 fdbe:f8dd:d650::1/60 scope global noprefixroute \       valid_lft forever preferred_lft forever
4: br-lan    inet6 fe80::5054:ff:fe12:3456/64 scope link \       valid_lft forever preferred_lft forever
LQWFJCHTTC 0
root@OpenWrt:~# echo 'GCLT''MCLEGL'
GCLTMCLEGL
root@OpenWrt:~# MARKER='WCOS''FPZUTE' run 'ubus call network.interface.wan statu
s '"'"'{}'"'"''
WCOSFPZUTE{
	"up": true,
	"pending": false,
	"available": true,
	"autostart": true,
	"dynamic": false,
	"uptime": 6,
	"l3_device": "eth1",
	"proto": "dhcp",
	"device": "eth1",
	"updated": [
		"addresses",
		"routes",
		"data"
	],
	"metric": 0,
	"dns_metric": 0,
	"delegation": true,
	"ipv4-address": [
		{
			"address": "10.0.2.15",
			"mask": 24
		}
	],
	"ipv6-address": [
		
	],
	"ipv6-prefix": [
		
	],
	"ipv6-prefix-assignment": [
		
	],
	"route": [
		{
			"target": "0.0.0.0",
			"mask": 0,
			"nexthop": "10.0.2.2",
			"source": "10.0.2.15/32"
		}
	],
	"dns-server": [
		"10.0.2.3"
	],
	"dns-search": [
		
	],
	"neighbors": [
		
	],
	"inactive": {
		"ipv4-address": [
			
		],
		"ipv6-address": [
			
		],
		"route": [
			
		],
		"dns-server": [
			
		],
		"dns-search": [
			
		],
		"neighbors": [
			
		]
	},
	"data": {
		"dhcpserver": "10.0.2.2",
		"leasetime": 86400
	}
}
WCOSFPZUTE 0
root@OpenWrt:~# 