Labgrid Console Logfile for main
Logfile started at 2026-05-02 03:37:57.981003
=== Log starts here ===
c[?7l[2J[0mSeaBIOS (version 1.16.3-debian-1.16.3-2)


iPXE (https://ipxe.org) 00:03.0 CA00 PCI2.10 PnP PMM+06FCAE70+06F0AE70 CA00
Press Ctrl-B to configure iPXE (PCI 00:03.0)...                                                                               




iPXE (https://ipxe.org) 00:05.0 CB00 PCI2.10 PnP PMM 06FCAE70 06F0AE70 CB00
Press Ctrl-B to configure iPXE (PCI 00:05.0)...                                                                               


Booting from Hard Disk...
GRUB loading.....
[0;30;47mWelcome to GRUB![01;01H[0m[2J[H[J[1;1H[?25l[m[H[J[1;1H[2;30HGNU GRUB  version 2.12

[m[4;2H+----------------------------------------------------------------------------+[5;2H|[5;79H|[6;2H|[6;79H|[7;2H|[7;79H|[8;2H|[8;79H|[9;2H|[9;79H|[10;2H|[10;79H|[11;2H|[11;79H|[12;2H|[12;79H|[13;2H|[13;79H|[14;2H|[14;79H|[15;2H|[15;79H|[16;2H+----------------------------------------------------------------------------+[m[17;2H[18;2H[m     Use the ^ and v keys to select which entry is highlighted.          
      Press enter to boot the selected OS, `e' to edit the commands       
      before booting or `c' for a command-line. ESC to return             
      previous menu.                                                      [5;80H [7m[5;3H*OpenWrt                                                                    [m[5;78H[m[m[6;3H OpenWrt (failsafe)                                                         [m[6;78H[m[m[7;3H                                                                            [m[7;78H[m[m[8;3H                                                                            [m[8;78H[m[m[9;3H                                                                            [m[9;78H[m[m[10;3H                                                                            [m[10;78H[m[m[11;3H                                                                            [m[11;78H[m[m[12;3H                                                                            [m[12;78H[m[m[13;3H                                                                            [m[13;78H[m[m[14;3H                                                                            [m[14;78H[m[m[15;3H                                                                            [m[15;78H[m[15;80H [5;78H[2J[02;30HGNU GRUB  version 2.12[04;02H┌────────────────────────────────────────────────────────────────────────────┐[05;02H│[05;79H│[06;02H│[06;79H│[07;02H│[07;79H│[08;02H│[08;79H│[09;02H│[09;79H│[10;02H│[10;79H│[11;02H│[11;79H│[12;02H│[12;79H│[13;02H│[13;79H│[14;02H│[14;79H│[15;02H│[15;79H│[16;02H│[16;79H│[17;02H└────────────────────────────────────────────────────────────────────────────┘[19;02H     Use the ↑ and ↓ keys to select w[19;38H[19;39Hhich entry is highlighted.          
      Press enter to boot the selected OS, `e' to edit the commands       
      before booting or `c' for a command-line. ESC t[21;53H[21;54Ho return             
      previous menu.                                                      [05;80H [05;03H[0;30;47m*OpenWrt                                                          [05;68H[05;69H          [06;03H[0m OpenWrt (failsafe)                                                         [07;03H                                                                            [08;03H                                                                            [09;03H                                                                            [10;03H                                                                            [11;03H                                                                            [12;03H                     [12;23H[12;24H                                                       [13;03H                                                                            [14;03H                                                                            [15;03H                                                                            [16;03H                                                                            [16;80H 






   The highlighted entry will be executed automatically in 5s.                [22;1H   The highlighted entry will be executed automatically in 5s.                 [5;78H [05;78H

















   The highlighted entry will be executed automatically in 4s.                [22;1H   The highlighted entry will be executed automatically in 4s.                 [5;78H [05;78H

















   The highlighted entry will be executed automatically in 3s.                [22;1H   The highlighted entry will be executed automatically in 3s.                 [5;78H [05;78H

















   The highlighted ent[23;22H[23;23Hry will be executed automatically in 2s.                [22;1H   The highlighted entry will be executed automatically in 2s.                 [5;78H [05;78H

















   The highlighted entry will be executed automatically in 1s.                [22;1H   The highlighted entry will be executed automatically in 1s.                 [5;78H [05;78H

















   The highlighted entry will be executed automatically in 0s.                [22;1H   The highlighted entry will be executed automatically in 0s.                 [5;78H [01;01H[2J[?25h[H[J[1;1H[H[J[1;1H[2J   Booting `OpenWrt' Booting `OpenWrt

'

[    0.000000] Linux version 6.12.84 (builder@buildhost) (x86_64-openwrt-linux-musl-gcc (OpenWrt GCC 14.3.0 r32899-8a85437738) 14.3.0, GNU ld (GNU Binutils) 2.44) #0 SMP Thu Apr 30 19:18:02 2026
[    0.000000] Command line: BOOT_IMAGE=/boot/vmlinuz root=PARTUUID=d0b0a0bf-02 rootwait console=tty1 console=ttyS0,115200n8 noinitrd
[    0.000000] BIOS-provided physical RAM map:
[    0.000000] BIOS-e820: [mem 0x0000000000000000-0x000000000009fbff] usable
[    0.000000] BIOS-e820: [mem 0x000000000009fc00-0x000000000009ffff] reserved
[    0.000000] BIOS-e820: [mem 0x00000000000f0000-0x00000000000fffff] reserved
[    0.000000] BIOS-e820: [mem 0x0000000000100000-0x0000000007fdcfff] usable
[    0.000000] BIOS-e820: [mem 0x0000000007fdd000-0x0000000007ffffff] reserved
[    0.000000] BIOS-e820: [mem 0x00000000fffc0000-0x00000000ffffffff] reserved
[    0.000000] BIOS-e820: [mem 0x000000fd00000000-0x000000ffffffffff] reserved
[    0.000000] NX (Execute Disable) protection: active
[    0.000000] APIC: Static calls initialized
[    0.000000] SMBIOS 3.0.0 present.
[    0.000000] DMI: QEMU Standard PC (i440FX + PIIX, 1996), BIOS 1.16.3-debian-1.16.3-2 04/01/2014
[    0.000000] DMI: Memory slots populated: 1/1
[    0.000000] tsc: Fast TSC calibration using PIT
[    0.000000] tsc: Detected 2445.446 MHz processor
[    0.007517] last_pfn = 0x7fdd max_arch_pfn = 0x400000000
[    0.008151] MTRR map: 4 entries (3 fixed + 1 variable; max 19), built from 8 variable MTRRs
[    0.008324] x86/PAT: Configuration [0-7]: WB  WC  UC- UC  WB  WP  UC- WT  
[    0.026534] found SMP MP-table at [mem 0x000f5460-0x000f546f]
[    0.027906] Using GB pages for direct mapping
[    0.032470] ACPI: Early table checksum verification disabled
[    0.032817] ACPI: RSDP 0x00000000000F5290 000014 (v00 BOCHS )
[    0.033149] ACPI: RSDT 0x0000000007FE1C64 000034 (v01 BOCHS  BXPC     00000001 BXPC 00000001)
[    0.033668] ACPI: FACP 0x0000000007FE1B18 000074 (v01 BOCHS  BXPC     00000001 BXPC 00000001)
[    0.034269] ACPI: DSDT 0x0000000007FE0040 001AD8 (v01 BOCHS  BXPC     00000001 BXPC 00000001)
[    0.034341] ACPI: FACS 0x0000000007FE0000 000040
[    0.034390] ACPI: APIC 0x0000000007FE1B8C 000078 (v03 BOCHS  BXPC     00000001 BXPC 00000001)
[    0.034411] ACPI: HPET 0x0000000007FE1C04 000038 (v01 BOCHS  BXPC     00000001 BXPC 00000001)
[    0.034429] ACPI: WAET 0x0000000007FE1C3C 000028 (v01 BOCHS  BXPC     00000001 BXPC 00000001)
[    0.034511] ACPI: Reserving FACP table memory at [mem 0x7fe1b18-0x7fe1b8b]
[    0.034561] ACPI: Reserving DSDT table memory at [mem 0x7fe0040-0x7fe1b17]
[    0.034568] ACPI: Reserving FACS table memory at [mem 0x7fe0000-0x7fe003f]
[    0.034573] ACPI: Reserving APIC table memory at [mem 0x7fe1b8c-0x7fe1c03]
[    0.034579] ACPI: Reserving HPET table memory at [mem 0x7fe1c04-0x7fe1c3b]
[    0.034584] ACPI: Reserving WAET table memory at [mem 0x7fe1c3c-0x7fe1c63]
[    0.037641] Zone ranges:
[    0.037670]   DMA      [mem 0x0000000000001000-0x0000000000ffffff]
[    0.037747]   DMA32    [mem 0x0000000001000000-0x0000000007fdcfff]
[    0.037757]   Normal   empty
[    0.037775] Movable zone start for each node
[    0.037808] Early memory node ranges
[    0.037835]   node   0: [mem 0x0000000000001000-0x000000000009efff]
[    0.037888]   node   0: [mem 0x0000000000100000-0x0000000007fdcfff]
[    0.038019] Initmem setup node 0 [mem 0x0000000000001000-0x0000000007fdcfff]
[    0.039070] On node 0, zone DMA: 1 pages in unavailable ranges
[    0.039572] On node 0, zone DMA: 97 pages in unavailable ranges
[    0.041622] On node 0, zone DMA32: 35 pages in unavailable ranges
[    0.041967] ACPI: PM-Timer IO Port: 0x608
[    0.042384] ACPI: LAPIC_NMI (acpi_id[0xff] dfl dfl lint[0x1])
[    0.042798] IOAPIC[0]: apic_id 0, version 32, address 0xfec00000, GSI 0-23
[    0.042915] ACPI: INT_SRC_OVR (bus 0 bus_irq 0 global_irq 2 dfl dfl)
[    0.043192] ACPI: INT_SRC_OVR (bus 0 bus_irq 5 global_irq 5 high level)
[    0.043243] ACPI: INT_SRC_OVR (bus 0 bus_irq 9 global_irq 9 high level)
[    0.043339] ACPI: INT_SRC_OVR (bus 0 bus_irq 10 global_irq 10 high level)
[    0.043347] ACPI: INT_SRC_OVR (bus 0 bus_irq 11 global_irq 11 high level)
[    0.043525] ACPI: Using ACPI (MADT) for SMP configuration information
[    0.043578] ACPI: HPET id: 0x8086a201 base: 0xfed00000
[    0.043957] CPU topo: Max. logical packages:   1
[    0.043973] CPU topo: Max. logical dies:       1
[    0.043982] CPU topo: Max. dies per package:   1
[    0.044028] CPU topo: Max. threads per core:   1
[    0.044207] CPU topo: Num. cores per package:     1
[    0.044225] CPU topo: Num. threads per package:   1
[    0.044233] CPU topo: Allowing 1 present CPUs plus 0 hotplug CPUs
[    0.045520] [mem 0x08000000-0xfffbffff] available for PCI devices
[    0.045588] Booting paravirtualized kernel on bare hardware
[    0.045884] clocksource: refined-jiffies: mask: 0xffffffff max_cycles: 0xffffffff, max_idle_ns: 19112604462750000 ns
[    0.046567] setup_percpu: NR_CPUS:512 nr_cpumask_bits:1 nr_cpu_ids:1 nr_node_ids:1
[    0.048589] percpu: Embedded 48 pages/cpu s158232 r8192 d30184 u2097152
[    0.050938] Kernel command line: BOOT_IMAGE=/boot/vmlinuz root=PARTUUID=d0b0a0bf-02 rootwait console=tty1 console=ttyS0,115200n8 noinitrd
[    0.052578] random: crng init done
[    0.057259] Dentry cache hash table entries: 16384 (order: 5, 131072 bytes, linear)
[    0.058216] Inode-cache hash table entries: 8192 (order: 4, 65536 bytes, linear)
[    0.060898] Built 1 zonelists, mobility grouping on.  Total pages: 32635
[    0.061147] mem auto-init: stack:off, heap alloc:off, heap free:off
[    0.071707] SLUB: HWalign=64, Order=0-3, MinObjects=0, CPUs=1, Nodes=1
[    0.079764] rcu: Hierarchical RCU implementation.
[    0.079793] rcu: 	RCU restricting CPUs from NR_CPUS=512 to nr_cpu_ids=1.
[    0.079941] 	Tracing variant of Tasks RCU enabled.
[    0.080047] rcu: RCU calculated value of scheduler-enlistment delay is 10 jiffies.
[    0.080082] rcu: Adjusting geometry for rcu_fanout_leaf=16, nr_cpu_ids=1
[    0.081270] RCU Tasks Trace: Setting shift to 0 and lim to 1 rcu_task_cb_adjust=1 rcu_task_cpu_ids=1.
[    0.081400] NR_IRQS: 33024, nr_irqs: 256, preallocated irqs: 16
[    0.090295] rcu: srcu_init: Setting srcu_struct sizes based on contention.
[    0.097120] Console: colour VGA+ 80x25
[    0.097544] printk: legacy console [tty1] enabled
[    0.105493] printk: legacy console [ttyS0] enabled
[    0.360240] ACPI: Core revision 20240827
[    0.365635] clocksource: hpet: mask: 0xffffffff max_cycles: 0xffffffff, max_idle_ns: 19112604467 ns
[    0.370605] APIC: Switch to symmetric I/O mode setup
[    0.375158] ..TIMER: vector=0x30 apic1=0 pin1=2 apic2=-1 pin2=-1
[    0.417444] clocksource: tsc-early: mask: 0xffffffffffffffff max_cycles: 0x233fea88e81, max_idle_ns: 440795274968 ns
[    0.418236] Calibrating delay loop (skipped), value calculated using timer frequency.. 4890.89 BogoMIPS (lpj=24454460)
[    0.420155] x86/cpu: User Mode Instruction Prevention (UMIP) activated
[    0.435676] Last level iTLB entries: 4KB 0, 2MB 0, 4MB 0
[    0.438272] Last level dTLB entries: 4KB 0, 2MB 0, 4MB 0, 1GB 0
[    0.439539] Spectre V1 : Mitigation: usercopy/swapgs barriers and __user pointer sanitization
[    0.440522] Spectre V2 : Mitigation: Retpolines
[    0.440747] Spectre V2 : Spectre v2 / SpectreRSB: Filling RSB on context switch and VMEXIT
[    0.441195] Speculative Store Bypass: Vulnerable
[    0.450280] x86/fpu: Supporting XSAVE feature 0x001: 'x87 floating point registers'
[    0.455099] x86/fpu: Supporting XSAVE feature 0x002: 'SSE registers'
[    0.455358] x86/fpu: Supporting XSAVE feature 0x004: 'AVX registers'
[    0.459102] x86/fpu: Supporting XSAVE feature 0x008: 'MPX bounds registers'
[    0.460419] x86/fpu: Supporting XSAVE feature 0x010: 'MPX CSR'
[    0.461105] x86/fpu: xstate_offset[2]:  576, xstate_sizes[2]:  256
[    0.461486] x86/fpu: xstate_offset[3]:  960, xstate_sizes[3]:   64
[    0.461707] x86/fpu: xstate_offset[4]: 1024, xstate_sizes[4]:   64
[    0.468219] x86/fpu: Enabled xstate features 0x1f, context size is 1088 bytes, using 'standard' format.
[    0.695969] Freeing SMP alternatives memory: 40K
[    0.696778] pid_max: default: 32768 minimum: 301
[    0.706502] Mount-cache hash table entries: 512 (order: 0, 4096 bytes, linear)
[    0.707053] Mountpoint-cache hash table entries: 512 (order: 0, 4096 bytes, linear)
[    0.859574] smpboot: CPU0: AMD QEMU TCG CPU version 2.5+ (family: 0x6, model: 0x6, stepping: 0x3)
[    0.892620] Performance Events: PMU not available due to virtualization, using software events only.
[    0.894033] signal: max sigframe size: 1616
[    0.895705] rcu: Hierarchical SRCU implementation.
[    0.895951] rcu: 	Max phase no-delay instances is 1000.
[    0.902398] smp: Bringing up secondary CPUs ...
[    0.905404] smp: Brought up 1 node, 1 CPU
[    0.905685] smpboot: Total of 1 processors activated (4890.89 BogoMIPS)
[    0.912289] Memory: 103208K/130540K available (14336K kernel code, 1177K rwdata, 2556K rodata, 1492K init, 1304K bss, 25620K reserved, 0K cma-reserved)
[    0.927022] clocksource: jiffies: mask: 0xffffffff max_cycles: 0xffffffff, max_idle_ns: 19112604462750000 ns
[    0.927840] futex hash table entries: 256 (order: 2, 16384 bytes, linear)
[    0.929749] pinctrl core: initialized pinctrl subsystem
[    0.948546] NET: Registered PF_NETLINK/PF_ROUTE protocol family
[    0.954669] thermal_sys: Registered thermal governor 'step_wise'
[    0.954702] thermal_sys: Registered thermal governor 'user_space'
[    0.955684] cpuidle: using governor ladder
[    0.957353] acpiphp: ACPI Hot Plug PCI Controller Driver version: 0.5
[    0.961020] PCI: Using configuration type 1 for base access
[    0.971314] cryptd: max_cpu_qlen set to 1000
[    0.977067] ACPI: Added _OSI(Module Device)
[    0.977258] ACPI: Added _OSI(Processor Device)
[    0.977424] ACPI: Added _OSI(Processor Aggregator Device)
[    0.991913] ACPI: 1 ACPI AML tables successfully acquired and loaded
[    1.008904] ACPI: Interpreter enabled
[    1.009660] ACPI: PM: (supports S0 S5)
[    1.009884] ACPI: Using IOAPIC for interrupt routing
[    1.010427] PCI: Using host bridge windows from ACPI; if necessary, use "pci=nocrs" and report a bug
[    1.010805] PCI: Using E820 reservations for host bridge windows
[    1.019816] ACPI: Enabled 2 GPEs in block 00 to 0F
[    1.051958] ACPI: PCI Root Bridge [PCI0] (domain 0000 [bus 00-ff])
[    1.054459] acpi PNP0A03:00: _OSC: OS supports [ASPM ClockPM Segments MSI HPX-Type3]
[    1.054934] acpi PNP0A03:00: _OSC: not requesting OS control; OS requires [ExtendedConfig ASPM ClockPM MSI]
[    1.055793] acpi PNP0A03:00: fail to add MMCONFIG information, can't access extended configuration space under this bridge
[    1.062544] acpiphp: Slot [3] registered
[    1.062879] acpiphp: Slot [4] registered
[    1.068078] acpiphp: Slot [5] registered
[    1.068342] acpiphp: Slot [6] registered
[    1.073853] acpiphp: Slot [7] registered
[    1.074296] acpiphp: Slot [8] registered
[    1.075864] acpiphp: Slot [9] registered
[    1.076147] acpiphp: Slot [10] registered
[    1.076408] acpiphp: Slot [11] registered
[    1.076649] acpiphp: Slot [12] registered
[    1.076917] acpiphp: Slot [13] registered
[    1.078401] acpiphp: Slot [14] registered
[    1.078857] acpiphp: Slot [15] registered
[    1.079155] acpiphp: Slot [16] registered
[    1.079399] acpiphp: Slot [17] registered
[    1.079683] acpiphp: Slot [18] registered
[    1.079937] acpiphp: Slot [19] registered
[    1.088381] acpiphp: Slot [20] registered
[    1.088852] acpiphp: Slot [21] registered
[    1.089125] acpiphp: Slot [22] registered
[    1.089368] acpiphp: Slot [23] registered
[    1.089606] acpiphp: Slot [24] registered
[    1.089869] acpiphp: Slot [25] registered
[    1.098393] acpiphp: Slot [26] registered
[    1.098857] acpiphp: Slot [27] registered
[    1.108227] acpiphp: Slot [28] registered
[    1.108488] acpiphp: Slot [29] registered
[    1.108776] acpiphp: Slot [30] registered
[    1.109027] acpiphp: Slot [31] registered
[    1.118679] PCI host bridge to bus 0000:00
[    1.119219] pci_bus 0000:00: root bus resource [io  0x0000-0x0cf7 window]
[    1.119617] pci_bus 0000:00: root bus resource [io  0x0d00-0xffff window]
[    1.119853] pci_bus 0000:00: root bus resource [mem 0x000a0000-0x000bffff window]
[    1.128256] pci_bus 0000:00: root bus resource [mem 0x08000000-0xfebfffff window]
[    1.128717] pci_bus 0000:00: root bus resource [mem 0x100000000-0x17fffffff window]
[    1.129295] pci_bus 0000:00: root bus resource [bus 00-ff]
[    1.130704] pci 0000:00:00.0: [8086:1237] type 00 class 0x060000 conventional PCI endpoint
[    1.142094] pci 0000:00:01.0: [8086:7000] type 00 class 0x060100 conventional PCI endpoint
[    1.142999] pci 0000:00:01.1: [8086:7010] type 00 class 0x010180 conventional PCI endpoint
[    1.148242] pci 0000:00:01.1: BAR 4 [io  0xc0e0-0xc0ef]
[    1.152761] pci 0000:00:01.1: BAR 0 [io  0x01f0-0x01f7]: legacy IDE quirk
[    1.153048] pci 0000:00:01.1: BAR 1 [io  0x03f6]: legacy IDE quirk
[    1.153293] pci 0000:00:01.1: BAR 2 [io  0x0170-0x0177]: legacy IDE quirk
[    1.153549] pci 0000:00:01.1: BAR 3 [io  0x0376]: legacy IDE quirk
[    1.159046] pci 0000:00:01.3: [8086:7113] type 00 class 0x068000 conventional PCI endpoint
[    1.159752] pci 0000:00:01.3: quirk: [io  0x0600-0x063f] claimed by PIIX4 ACPI
[    1.160051] pci 0000:00:01.3: quirk: [io  0x0700-0x070f] claimed by PIIX4 SMB
[    1.168958] pci 0000:00:02.0: [1234:1111] type 00 class 0x030000 conventional PCI endpoint
[    1.169744] pci 0000:00:02.0: BAR 0 [mem 0xfd000000-0xfdffffff pref]
[    1.171181] pci 0000:00:02.0: BAR 2 [mem 0xfeb90000-0xfeb90fff]
[    1.179109] pci 0000:00:02.0: ROM [mem 0xfeb80000-0xfeb8ffff pref]
[    1.184853] pci 0000:00:02.0: Video device with shadowed ROM at [mem 0x000c0000-0x000dffff]
[    1.185939] pci 0000:00:03.0: [1af4:1000] type 00 class 0x020000 conventional PCI endpoint
[    1.187230] pci 0000:00:03.0: BAR 0 [io  0xc080-0xc09f]
[    1.189467] pci 0000:00:03.0: BAR 4 [mem 0xfe000000-0xfe003fff 64bit pref]
[    1.196735] pci 0000:00:03.0: ROM [mem 0xfea80000-0xfeafffff pref]
[    1.202051] pci 0000:00:04.0: [1af4:1005] type 00 class 0x00ff00 conventional PCI endpoint
[    1.202918] pci 0000:00:04.0: BAR 0 [io  0xc0a0-0xc0bf]
[    1.207151] pci 0000:00:04.0: BAR 1 [mem 0xfeb91000-0xfeb91fff]
[    1.209694] pci 0000:00:04.0: BAR 4 [mem 0xfe004000-0xfe007fff 64bit pref]
[    1.214057] pci 0000:00:05.0: [1af4:1000] type 00 class 0x020000 conventional PCI endpoint
[    1.215122] pci 0000:00:05.0: BAR 0 [io  0xc0c0-0xc0df]
[    1.218731] pci 0000:00:05.0: BAR 1 [mem 0xfeb92000-0xfeb92fff]
[    1.220995] pci 0000:00:05.0: BAR 4 [mem 0xfe008000-0xfe00bfff 64bit pref]
[    1.221799] pci 0000:00:05.0: ROM [mem 0xfeb00000-0xfeb7ffff pref]
[    1.225502] pci 0000:00:06.0: [1af4:1001] type 00 class 0x010000 conventional PCI endpoint
[    1.228975] pci 0000:00:06.0: BAR 0 [io  0xc000-0xc07f]
[    1.229823] pci 0000:00:06.0: BAR 1 [mem 0xfeb93000-0xfeb93fff]
[    1.232050] pci 0000:00:06.0: BAR 4 [mem 0xfe00c000-0xfe00ffff 64bit pref]
[    1.241435] ACPI: PCI: Interrupt link LNKA configured for IRQ 10
[    1.242363] ACPI: PCI: Interrupt link LNKB configured for IRQ 10
[    1.243010] ACPI: PCI: Interrupt link LNKC configured for IRQ 11
[    1.243624] ACPI: PCI: Interrupt link LNKD configured for IRQ 11
[    1.244061] ACPI: PCI: Interrupt link LNKS configured for IRQ 9
[    1.252070] iommu: Default domain type: Translated
[    1.252288] iommu: DMA domain TLB invalidation policy: lazy mode
[    1.258988] SCSI subsystem initialized
[    1.260496] ACPI: bus type USB registered
[    1.261050] usbcore: registered new interface driver usbfs
[    1.263557] usbcore: registered new interface driver hub
[    1.264010] usbcore: registered new device driver usb
[    1.264563] pps_core: LinuxPPS API ver. 1 registered
[    1.264783] pps_core: Software ver. 5.3.6 - Copyright 2005-2007 Rodolfo Giometti <giometti@linux.it>
[    1.268376] PTP clock support registered
[    1.285935] PCI: Using ACPI for IRQ routing
[    1.288217] hpet0: at MMIO 0xfed00000, IRQs 2, 8, 0
[    1.288492] hpet0: 3 comparators, 64-bit 100.000000 MHz counter
[    1.294250] clocksource: Switched to clocksource tsc-early
[    1.297279] pnp: PnP ACPI init
[    1.297279] pnp: PnP ACPI: found 6 devices
[    1.310066] clocksource: acpi_pm: mask: 0xffffff max_cycles: 0xffffff, max_idle_ns: 2085701024 ns
[    1.311402] NET: Registered PF_INET protocol family
[    1.312930] IP idents hash table entries: 2048 (order: 2, 16384 bytes, linear)
[    1.318335] tcp_listen_portaddr_hash hash table entries: 256 (order: 0, 4096 bytes, linear)
[    1.321034] Table-perturb hash table entries: 65536 (order: 6, 262144 bytes, linear)
[    1.321452] TCP established hash table entries: 1024 (order: 1, 8192 bytes, linear)
[    1.321879] TCP bind hash table entries: 1024 (order: 3, 32768 bytes, linear)
[    1.331834] TCP: Hash tables configured (established 1024 bind 1024)
[    1.333693] MPTCP token hash table entries: 256 (order: 1, 6144 bytes, linear)
[    1.334223] UDP hash table entries: 256 (order: 1, 8192 bytes, linear)
[    1.334658] UDP-Lite hash table entries: 256 (order: 1, 8192 bytes, linear)
[    1.344163] NET: Registered PF_UNIX/PF_LOCAL protocol family
[    1.345341] pci_bus 0000:00: resource 4 [io  0x0000-0x0cf7 window]
[    1.345572] pci_bus 0000:00: resource 5 [io  0x0d00-0xffff window]
[    1.345787] pci_bus 0000:00: resource 6 [mem 0x000a0000-0x000bffff window]
[    1.353733] pci_bus 0000:00: resource 7 [mem 0x08000000-0xfebfffff window]
[    1.354136] pci_bus 0000:00: resource 8 [mem 0x100000000-0x17fffffff window]
[    1.354820] pci 0000:00:01.0: PIIX3: Enabling Passive Release
[    1.355152] pci 0000:00:00.0: Limiting direct PCI/PCI transfers
[    1.364989] PCI: CLS 0 bytes, default 64
[    1.384695] workingset: timestamp_bits=46 max_order=15 bucket_order=0
[    1.387319] squashfs: version 4.0 (2009/01/31) Phillip Lougher
[    1.390131] Block layer SCSI generic (bsg) driver version 0.4 loaded (major 247)
[    1.393801] hv_vmbus: registering driver hyperv_fb
[    1.398554] input: Power Button as /devices/LNXSYSTM:00/LNXPWRBN:00/input/input0
[    1.407328] ACPI: button: Power Button [PWRF]
[    1.560185] ACPI: \_SB_.LNKC: Enabled at IRQ 11
[    1.705763] ACPI: \_SB_.LNKD: Enabled at IRQ 10
[    1.849871] ACPI: \_SB_.LNKA: Enabled at IRQ 10
[    1.993397] ACPI: \_SB_.LNKB: Enabled at IRQ 11
[    1.995104] Serial: 8250/16550 driver, 16 ports, IRQ sharing enabled
[    2.020295] 00:04: ttyS0 at I/O 0x3f8 (irq = 4, base_baud = 115200) is a 16550A
[    2.047475] Non-volatile memory driver v1.3
[    2.059219] Linux agpgart interface v0.103
[    2.060248] ACPI: bus type drm_connector registered
[    2.062993] [drm] Found bochs VGA, ID 0xb0c5.
[    2.063196] [drm] Framebuffer size 16384 kB @ 0xfd000000, mmio @ 0xfeb90000.
[    2.069015] [drm] Found EDID data blob.
[    2.074759] [drm] Initialized bochs-drm 1.0.0 for 0000:00:02.0 on minor 0
[    2.143099] Console: switching to colour frame buffer device 160x50
[    2.152285] bochs-drm 0000:00:02.0: [drm] fb0: bochs-drmdrmfb frame buffer device
[    2.187717] loop: module loaded
[    2.188440] virtio_blk virtio3: 1/0/0 default/read/poll queues
[    2.193077] virtio_blk virtio3: [vda] 246784 512-byte logical blocks (126 MB/121 MiB)
[    2.202605]  vda: vda1 vda2
[    2.204585] Guest personality initialized and is inactive
[    2.205184] VMCI host device registered (name=vmci, major=10, minor=256)
[    2.205467] Initialized host personality
[    2.205821] usbcore: registered new interface driver rtsx_usb
[    2.214324] VMware PVSCSI driver - version 1.0.7.0-k
[    2.214645] hv_vmbus: registering driver hv_storvsc
[    2.230829] scsi host0: ata_piix
[    2.233311] scsi host1: ata_piix
[    2.234136] ata1: PATA max MWDMA2 cmd 0x1f0 ctl 0x3f6 bmdma 0xc0e0 irq 14 lpm-pol 0
[    2.234448] ata2: PATA max MWDMA2 cmd 0x170 ctl 0x376 bmdma 0xc0e8 irq 15 lpm-pol 0
[    2.244724] VMware vmxnet3 virtual NIC driver - version 1.9.0.0-k-NAPI
[    2.245328] hv_vmbus: registering driver hv_netvsc
[    2.245698] Fusion MPT base driver 3.04.20
[    2.245860] Copyright (c) 1999-2008 LSI Corporation
[    2.246253] Fusion MPT SPI Host driver 3.04.20
[    2.255677] Fusion MPT SAS Host driver 3.04.20
[    2.257827] usbcore: registered new interface driver usb-storage
[    2.259092] i8042: PNP: PS/2 Controller [PNP0303:KBD,PNP0f13:MOU] at 0x60,0x64 irq 1,12
[    2.262328] serio: i8042 KBD port at 0x60,0x64 irq 1
[    2.262707] serio: i8042 AUX port at 0x60,0x64 irq 12
[    2.269516] hv_vmbus: registering driver hyperv_keyboard
[    2.271893] rtc_cmos 00:05: RTC can wake from S4
[    2.276793] rtc_cmos 00:05: registered as rtc0
[    2.279666] rtc_cmos 00:05: setting system clock to 2026-05-02T03:38:08 UTC (1777693088)
[    2.282135] rtc_cmos 00:05: alarms up to one day, y3k, 242 bytes nvram, hpet irqs
[    2.284752] intel_powerclamp: CPU does not support MWAIT
[    2.286971] amd_pstate: the _CPC object is not present in SBIOS or ACPI disabled
[    2.292866] sdhci: Secure Digital Host Controller Interface driver
[    2.294803] sdhci: Copyright(c) Pierre Ossman
[    2.297114] VUB300 Driver rom wait states = 1C irqpoll timeout = 0400
[    2.303731] input: AT Translated Set 2 keyboard as /devices/platform/i8042/serio0/input/input1
[    2.326965] usbcore: registered new interface driver vub300
[    2.329240] usbcore: registered new interface driver ushc
[    2.337114] hid: raw HID events driver (C) Jiri Kosina
[    2.339857] hv_vmbus: registering driver hid_hyperv
[    2.342532] usbcore: registered new interface driver usbhid
[    2.344528] usbhid: USB HID core driver
[    2.346585] hv_utils: Registering HyperV Utility Driver
[    2.349066] hv_vmbus: registering driver hv_utils
[    2.351055] hv_vmbus: registering driver hv_balloon
[    2.354384] NET: Registered PF_INET6 protocol family
[    2.368783] Segment Routing with IPv6
[    2.370909] In-situ OAM (IOAM) with IPv6
[    2.373286] NET: Registered PF_PACKET protocol family
[    2.375709] bridge: filtering via arp/ip/ip6tables is no longer available by default. Update your scripts to load br_netfilter if you need this.
[    2.385597] 8021q: 802.1Q VLAN Support v1.8
[    2.388250] NET: Registered PF_VSOCK protocol family
[    2.397122] IPI shorthand broadcast: enabled
[    2.403889] AES CTR mode by8 optimization enabled
[    2.425124] sched_clock: Marking stable (2150086266, 267243339)->(2423467522, -6137917)
[    2.457123] tsc: Refined TSC clocksource calibration: 2445.430 MHz
[    2.459573] clocksource: tsc: mask: 0xffffffffffffffff max_cycles: 0x233fdbaba77, max_idle_ns: 440795254155 ns
[    2.477619] ata2: found unknown device (class 0)
[    2.497386] ata2.00: ATAPI: QEMU DVD-ROM, 2.5+, max UDMA/100
[    2.512280] scsi 1:0:0:0: CD-ROM            QEMU     QEMU DVD-ROM     2.5+ PQ: 0 ANSI: 5
[    2.539975] clocksource: Switched to clocksource tsc
[    2.550620] clk: Disabling unused clocks
[    2.589108] sr 1:0:0:0: [sr0] scsi3-mmc drive: 4x/4x cd/rw xa/form2 tray
[    2.591576] cdrom: Uniform CD-ROM driver Revision: 3.20
[    2.649065] VFS: Mounted root (squashfs filesystem) readonly on device 254:2.
[    2.716574] Freeing unused kernel image (initmem) memory: 1492K
[    2.719099] Write protecting the kernel read-only data: 18432k
[    2.723350] Freeing unused kernel image (rodata/data gap) memory: 1540K
[    2.725963] Run /sbin/init as init process
[    3.030510] init: Console is alive
[    3.699434] kmodloader: loading kernel modules from /etc/modules-boot.d/*
[    3.764429] button_hotplug: loading out-of-tree module taints kernel.
[    3.771065] Button Hotplug driver version 0.4.1
[    3.791310] Intel(R) 2.5G Ethernet Linux Driver
[    3.793687] Copyright(c) 2018 Intel Corporation.
[    3.808826] igb: Intel(R) Gigabit Ethernet Network Driver
[    3.811221] igb: Copyright (c) 2007-2014 Intel Corporation.
[    3.826830] e1000e: Intel(R) PRO/1000 Network Driver
[    3.829394] e1000e: Copyright(c) 1999 - 2015 Intel Corporation.
[    3.842165] kmodloader: done loading kernel modules from /etc/modules-boot.d/*
[    3.858241] init: - preinit -
[    4.877569] 8021q: adding VLAN 0 to HW filter on device eth0
Press the [f] key and hit [enter] to enter failsafe mode
Press the [1], [2], [3] or [4] key and hit [enter] to select the debug level

[    9.502099] loop0: detected capacity change from 0 to 212992
[    9.557720] loop0: detected capacity change from 212992 to 199808
[    9.573922] mount_root: overlay filesystem in /dev/loop0 has not been formatted yet
[   10.033150] EXT4-fs (loop0): mounted filesystem 45007a75-7241-45fc-9e21-072c9fd31095 r/w with ordered data mode. Quota mode: disabled.
[   10.046968] mount_root: overlay filesystem has not been fully initialized yet
[   10.065058] mount_root: switching to ext4 overlay
[   10.085913] overlayfs: null uuid detected in lower fs '/', falling back to xino=off,index=off,nfs_export=off.
[   10.827466] EXT4-fs (vda1): mounted filesystem 84173db5-fa99-e35a-95c6-28613cc79ea9 r/w without journal. Quota mode: disabled.
[   10.851510] urandom-seed: Seed file not found (/etc/urandom.seed)
[   10.999769] procd: - early -
[   11.740528] procd: - ubus -
[   11.920692] procd: - init -
Please press Enter to activate this console.
root
login[1048]: root login on 'ttyS0'


BusyBox v1.37.0 (2026-04-30 19:18:02 UTC) built-in shell (ash)

  _______                     ________        __
 |       |.-----.-----.-----.|  |  |  |.----.|  |_
 |   -   ||  _  |  -__|     ||  |  |  ||   _||   _|
 |_______||   __|_____|__|__||________||__|  |____|
          |__| W I R E L E S S   F R E E D O M
 -----------------------------------------------------
 OpenWrt 25.12-SNAPSHOT, r32899-8a85437738 Dave's Guitar
 -----------------------------------------------------

 === WARNING! =====================================
 There is no root password defined on this device!
 Use the "passwd" command to set up a new password
 in order to prevent unauthorized SSH logins.
 --------------------------------------------------

  ___   __ __                _______             __
 |   |_|__|  |--.----.-----.|   |   |-----.-----|  |--.
 |     |  |  _  |   _|  -__||       |  -__|__ --|     |
 |_____|__|_____|__| |_____||__|_|__|_____|_____|__|__|

 ------------------------------------------------------
 LiMe master development (master rev. aebe482 20260416_0843)
 ------------------------------------------------------
 https://libremesh.org
 ------------------------------------------------------

 OpenWrt recently switched to the "apk" package manager!

 OPKG Command           APK Equivalent      Description
 ------------------------------------------------------------------
 opkg install <pkg>     apk add <pkg>       Install a package
 opkg remove <pkg>      apk del <pkg>       Remove a package
 opkg upgrade           apk upgrade         Upgrade all packages
 opkg files <pkg>       apk info -L <pkg>   List package contents
 opkg list-installed    apk info            List installed packages
 opkg update            apk update          Update package lists
 opkg search <pkg>      apk search <pkg>    Search for packages
 ------------------------------------------------------------------

For more information visit:
https://openwrt.org/docs/guide-user/additional-software/opkg-to-apk-cheatsheet

root@(none):~# dmesg -n 1
root@(none):~# echo 'JPHN''LAGGLA'
JPHNLAGGLA
root@LiMe-123456:~# run() { echo -n "$MARKER"; sh -c "$@"; echo "$MARKER $?"; }
root@LiMe-123456:~# echo 'BAHU''CHKWWE'
BAHUCHKWWE
root@LiMe-123456:~# MARKER='QSHE''JLGPSP' run 'ubus wait_for network.interface.l
an'
QSHEJLGPSPQSHEJLGPSP 0
root@LiMe-123456:~# echo 'BMMA''VUVSPB'
BMMAVUVSPB
root@LiMe-123456:~# MARKER='FUVN''POSKLN' run 'ubus call network.interface.lan s
tatus '"'"'{}'"'"''
FUVNPOSKLN{
	"up": true,
	"pending": false,
	"available": true,
	"autostart": true,
	"dynamic": false,
	"uptime": 2,
	"l3_device": "br-lan",
	"proto": "static",
	"device": "br-lan",
	"updated": [
		"addresses"
	],
	"metric": 0,
	"dns_metric": 0,
	"delegation": true,
	"ipv4-address": [
		{
			"address": "10.13.52.86",
			"mask": 16
		}
	],
	"ipv6-address": [
		{
			"address": "fd0d:fe46:8ce8::12:3456",
			"mask": 64
		}
	],
	"ipv6-prefix": [
		
	],
	"ipv6-prefix-assignment": [
		
	],
	"route": [
		
	],
	"dns-server": [
		
	],
	"dns-search": [
		
	],
	"neighbors": [
		
	],
	"inactive": {
		"ipv4-address": [
			
		],
		"ipv6-address": [
			
		],
		"route": [
			
		],
		"dns-server": [
			
		],
		"dns-search": [
			
		],
		"neighbors": [
			
		]
	},
	"data": {
		
	}
}
FUVNPOSKLN 0
root@LiMe-123456:~# echo 'UCFK''PZZSJA'
UCFKPZZSJA
root@LiMe-123456:~# MARKER='TSCE''LXXBYL' run true
TSCELXXBYLTSCELXXBYL 0
root@LiMe-123456:~# echo 'YCQL''UKQNGZ'
YCQLUKQNGZ
root@LiMe-123456:~# MARKER='JCWV''TUJNMF' run 'source /etc/os-release; echo $BUI
LD_ID'
JCWVTUJNMFr32899-8a85437738
JCWVTUJNMF 0
root@LiMe-123456:~# echo 'HJSW''EQVJTN'
HJSWEQVJTN
root@LiMe-123456:~# MARKER='ZMBJ''APPWBJ' run 'ls /etc/dropbear/dropbear_rsa_hos
t_key'
ZMBJAPPWBJ[0;0m/etc/dropbear/dropbear_rsa_host_key[m
ZMBJAPPWBJ 0
root@LiMe-123456:~# echo 'FAKX''PSUCZU'
FAKXPSUCZU
root@LiMe-123456:~# MARKER='UOOU''KHTSQP' run 'netstat -tlpn | grep 0.0.0.0:22'
UOOUKHTSQPnetstat: showing only processes with your user ID
tcp        0      0 0.0.0.0:22              0.0.0.0:*               LISTEN      2124/dropbear
UOOUKHTSQP 0
root@LiMe-123456:~# echo 'SYPQ''UHZBXA'
SYPQUHZBXA
root@LiMe-123456:~# MARKER='WONM''HQZLNB' run 'dmesg | grep br-lan | grep forwar
ding'
WONMHQZLNB[   45.837891] br-lan: port 1(eth0) entered forwarding state
[   50.437879] br-lan: port 2(bat0) entered forwarding state
WONMHQZLNB 0
root@LiMe-123456:~# echo 'QNMY''NNSNWN'
QNMYNNSNWN
root@LiMe-123456:~# MARKER='HWZO''YEHFNA' run 'ubus call network.interface.lan s
tatus '"'"'{}'"'"''
HWZOYEHFNA{
	"up": true,
	"pending": false,
	"available": true,
	"autostart": true,
	"dynamic": false,
	"uptime": 39,
	"l3_device": "br-lan",
	"proto": "static",
	"device": "br-lan",
	"updated": [
		"addresses"
	],
	"metric": 0,
	"dns_metric": 0,
	"delegation": true,
	"ipv4-address": [
		{
			"address": "10.13.52.86",
			"mask": 16
		}
	],
	"ipv6-address": [
		{
			"address": "fd0d:fe46:8ce8::12:3456",
			"mask": 64
		}
	],
	"ipv6-prefix": [
		
	],
	"ipv6-prefix-assignment": [
		
	],
	"route": [
		
	],
	"dns-server": [
		
	],
	"dns-search": [
		
	],
	"neighbors": [
		
	],
	"inactive": {
		"ipv4-address": [
			
		],
		"ipv6-address": [
			
		],
		"route": [
			
		],
		"dns-server": [
			
		],
		"dns-search": [
			
		],
		"neighbors": [
			
		]
	},
	"data": {
		
	}
}
HWZOYEHFNA 0
root@LiMe-123456