Labgrid Console Logfile for main
Logfile started at 2026-04-16 03:39:19.953998
=== Log starts here ===
c[?7l[2J[0mSeaBIOS (version 1.16.3-debian-1.16.3-2)


iPXE (https://ipxe.org) 00:03.0 CA00 PCI2.10 PnP PMM+06FCAE70+06F0AE70 CA00
Press Ctrl-B to configure iPXE (PCI 00:03.0)...                                                                               




iPXE (https://ipxe.org) 00:05.0 CB00 PCI2.10 PnP PMM 06FCAE70 06F0AE70 CB00
Press Ctrl-B to configure iPXE (PCI 00:05.0)...                                                                               


Booting from Hard Disk...
GRUB loading.....
[0;30;47mWelcome to GRUB![01;01H[0m[2J[H[J[1;1H[?25l[m[H[J[1;1H[2;30HGNU GRUB  version 2.12

[m[4;2H+----------------------------------------------------------------------------+[5;2H|[5;79H|[6;2H|[6;79H|[7;2H|[7;79H|[8;2H|[8;79H|[9;2H|[9;79H|[10;2H|[10;79H|[11;2H|[11;79H|[12;2H|[12;79H|[13;2H|[13;79H|[14;2H|[14;79H|[15;2H|[15;79H|[16;2H+----------------------------------------------------------------------------+[m[17;2H[18;2H[m     Use the ^ and v keys to select which entry is highlighted.          
      Press enter to boot the selected OS, `e' to edit the commands       
      before booting or `c' for a command-line. ESC to return             
      previous menu.                                                      [5;80H [7m[5;3H*OpenWrt                                                                    [m[5;78H[m[m[6;3H OpenWrt (failsafe)                                                         [m[6;78H[m[m[7;3H                                                                            [m[7;78H[m[m[8;3H                                                                            [m[8;78H[m[m[9;3H                                                                            [m[9;78H[m[m[10;3H                                                                            [m[10;78H[m[m[11;3H                                                                            [m[11;78H[m[m[12;3H                                                                            [m[12;78H[m[m[13;3H                                                                            [m[13;78H[m[m[14;3H                                                                            [m[14;78H[m[m[15;3H                                                                            [m[15;78H[m[15;80H [5;78H[2J[02;30HGNU GRUB  version 2.12[04;02H┌────────────────────────────────────────────────────────────────────────────┐[05;02H│[05;79H│[06;02H│[06;79H│[07;02H│[07;79H│[08;02H│[08;79H│[09;02H│[09;79H│[10;02H│[10;79H│[11;02H│[11;79H│[12;02H│[12;79H│[13;02H│[13;79H│[14;02H│[14;79H│[15;02H│[15;79H│[16;02H│[16;79H│[17;02H└────────────────────────────────────────────────────────────────────────────┘[19;02H     Use the ↑ and ↓ keys to sel[19;33H[19;34Hect which entry is highlighted.          
      Press enter to boot the selected OS, `e' to edit the commands       
      before booting or `c' for a command-line[21;46H[21;47H. ESC to return             
      previous menu.                                                      [05;80H [05;03H[0;30;47m*OpenWrt                                                                    [06;03H[0m OpenWrt (failsafe)                                                         [07;03H                                                                            [08;03H                                                                            [09;03H                                                                            [10;03H                                                                            [11;03H                                                                            [12;03H                                                                            [13;03H                                                                            [14;03H                                                                            [15;03H                                                                            [16;03H                                                                            [16;80H 






   The highlighted entry will be executed automatically in 5s.                [22;1H   The highlighted entry will be executed automatically in 5s.                 [5;78H [05;78H

















   The highlighted entry will be executed automatically in 4s.                [22;1H   The highlighted entry will be executed automatically in 4s.                 [5;78H [05;78H

















   The highlighted entry will be executed automatically in 3s.                [22;1H   The highlighted entry will be executed automatically in 3s.                 [5;78H [05;78H

















   The highlighted entry will be executed automatically in 2s.                [22;1H   The highlighted entry will be executed automatically in 2s.                 [5;78H [05;78H

















   The highlighted entry will be executed automatically in 1s.                [22;1H   The highlighted entry will be executed automatically in 1s.                 [5;78H [05;78H

















   The highlighted entry will be executed automatically in 0s.                [22;1H   The highlighted entry will be executed automatically in 0s.                 [5;78H [01;01H[2J[?25h[H[J[1;1H[H[J[1;1H[2J   Booting `OpenWrt' Booting `OpenWrt

'

[    0.000000] Linux version 6.12.79 (builder@buildhost) (x86_64-openwrt-linux-musl-gcc (OpenWrt GCC 14.3.0 r32863-12e56ac8d4) 14.3.0, GNU ld (GNU Binutils) 2.44) #0 SMP Tue Apr 14 08:32:56 2026
[    0.000000] Command line: BOOT_IMAGE=/boot/vmlinuz root=PARTUUID=ecd1ebea-02 rootwait console=tty1 console=ttyS0,115200n8 noinitrd
[    0.000000] BIOS-provided physical RAM map:
[    0.000000] BIOS-e820: [mem 0x0000000000000000-0x000000000009fbff] usable
[    0.000000] BIOS-e820: [mem 0x000000000009fc00-0x000000000009ffff] reserved
[    0.000000] BIOS-e820: [mem 0x00000000000f0000-0x00000000000fffff] reserved
[    0.000000] BIOS-e820: [mem 0x0000000000100000-0x0000000007fdcfff] usable
[    0.000000] BIOS-e820: [mem 0x0000000007fdd000-0x0000000007ffffff] reserved
[    0.000000] BIOS-e820: [mem 0x00000000fffc0000-0x00000000ffffffff] reserved
[    0.000000] BIOS-e820: [mem 0x000000fd00000000-0x000000ffffffffff] reserved
[    0.000000] NX (Execute Disable) protection: active
[    0.000000] APIC: Static calls initialized
[    0.000000] SMBIOS 3.0.0 present.
[    0.000000] DMI: QEMU Standard PC (i440FX + PIIX, 1996), BIOS 1.16.3-debian-1.16.3-2 04/01/2014
[    0.000000] DMI: Memory slots populated: 1/1
[    0.000000] tsc: Fast TSC calibration using PIT
[    0.000000] tsc: Detected 2596.109 MHz processor
[    0.007693] last_pfn = 0x7fdd max_arch_pfn = 0x400000000
[    0.008325] MTRR map: 4 entries (3 fixed + 1 variable; max 19), built from 8 variable MTRRs
[    0.008502] x86/PAT: Configuration [0-7]: WB  WC  UC- UC  WB  WP  UC- WT  
[    0.026659] found SMP MP-table at [mem 0x000f5460-0x000f546f]
[    0.028087] Using GB pages for direct mapping
[    0.032798] ACPI: Early table checksum verification disabled
[    0.033152] ACPI: RSDP 0x00000000000F5290 000014 (v00 BOCHS )
[    0.033459] ACPI: RSDT 0x0000000007FE1C64 000034 (v01 BOCHS  BXPC     00000001 BXPC 00000001)
[    0.033972] ACPI: FACP 0x0000000007FE1B18 000074 (v01 BOCHS  BXPC     00000001 BXPC 00000001)
[    0.034562] ACPI: DSDT 0x0000000007FE0040 001AD8 (v01 BOCHS  BXPC     00000001 BXPC 00000001)
[    0.034629] ACPI: FACS 0x0000000007FE0000 000040
[    0.034680] ACPI: APIC 0x0000000007FE1B8C 000078 (v03 BOCHS  BXPC     00000001 BXPC 00000001)
[    0.034699] ACPI: HPET 0x0000000007FE1C04 000038 (v01 BOCHS  BXPC     00000001 BXPC 00000001)
[    0.034717] ACPI: WAET 0x0000000007FE1C3C 000028 (v01 BOCHS  BXPC     00000001 BXPC 00000001)
[    0.034788] ACPI: Reserving FACP table memory at [mem 0x7fe1b18-0x7fe1b8b]
[    0.034837] ACPI: Reserving DSDT table memory at [mem 0x7fe0040-0x7fe1b17]
[    0.034844] ACPI: Reserving FACS table memory at [mem 0x7fe0000-0x7fe003f]
[    0.034849] ACPI: Reserving APIC table memory at [mem 0x7fe1b8c-0x7fe1c03]
[    0.034855] ACPI: Reserving HPET table memory at [mem 0x7fe1c04-0x7fe1c3b]
[    0.034860] ACPI: Reserving WAET table memory at [mem 0x7fe1c3c-0x7fe1c63]
[    0.037979] Zone ranges:
[    0.038009]   DMA      [mem 0x0000000000001000-0x0000000000ffffff]
[    0.038087]   DMA32    [mem 0x0000000001000000-0x0000000007fdcfff]
[    0.038096]   Normal   empty
[    0.038114] Movable zone start for each node
[    0.038146] Early memory node ranges
[    0.038172]   node   0: [mem 0x0000000000001000-0x000000000009efff]
[    0.038224]   node   0: [mem 0x0000000000100000-0x0000000007fdcfff]
[    0.038349] Initmem setup node 0 [mem 0x0000000000001000-0x0000000007fdcfff]
[    0.039393] On node 0, zone DMA: 1 pages in unavailable ranges
[    0.039867] On node 0, zone DMA: 97 pages in unavailable ranges
[    0.041954] On node 0, zone DMA32: 35 pages in unavailable ranges
[    0.042296] ACPI: PM-Timer IO Port: 0x608
[    0.042764] ACPI: LAPIC_NMI (acpi_id[0xff] dfl dfl lint[0x1])
[    0.043183] IOAPIC[0]: apic_id 0, version 32, address 0xfec00000, GSI 0-23
[    0.043302] ACPI: INT_SRC_OVR (bus 0 bus_irq 0 global_irq 2 dfl dfl)
[    0.043549] ACPI: INT_SRC_OVR (bus 0 bus_irq 5 global_irq 5 high level)
[    0.043595] ACPI: INT_SRC_OVR (bus 0 bus_irq 9 global_irq 9 high level)
[    0.043687] ACPI: INT_SRC_OVR (bus 0 bus_irq 10 global_irq 10 high level)
[    0.043694] ACPI: INT_SRC_OVR (bus 0 bus_irq 11 global_irq 11 high level)
[    0.043869] ACPI: Using ACPI (MADT) for SMP configuration information
[    0.043924] ACPI: HPET id: 0x8086a201 base: 0xfed00000
[    0.044314] CPU topo: Max. logical packages:   1
[    0.044329] CPU topo: Max. logical dies:       1
[    0.044339] CPU topo: Max. dies per package:   1
[    0.044385] CPU topo: Max. threads per core:   1
[    0.044543] CPU topo: Num. cores per package:     1
[    0.044558] CPU topo: Num. threads per package:   1
[    0.044566] CPU topo: Allowing 1 present CPUs plus 0 hotplug CPUs
[    0.045758] [mem 0x08000000-0xfffbffff] available for PCI devices
[    0.045826] Booting paravirtualized kernel on bare hardware
[    0.046151] clocksource: refined-jiffies: mask: 0xffffffff max_cycles: 0xffffffff, max_idle_ns: 19112604462750000 ns
[    0.046813] setup_percpu: NR_CPUS:512 nr_cpumask_bits:1 nr_cpu_ids:1 nr_node_ids:1
[    0.048713] percpu: Embedded 48 pages/cpu s158104 r8192 d30312 u2097152
[    0.051064] Kernel command line: BOOT_IMAGE=/boot/vmlinuz root=PARTUUID=ecd1ebea-02 rootwait console=tty1 console=ttyS0,115200n8 noinitrd
[    0.052704] random: crng init done
[    0.057859] Dentry cache hash table entries: 16384 (order: 5, 131072 bytes, linear)
[    0.058936] Inode-cache hash table entries: 8192 (order: 4, 65536 bytes, linear)
[    0.061739] Built 1 zonelists, mobility grouping on.  Total pages: 32635
[    0.061991] mem auto-init: stack:off, heap alloc:off, heap free:off
[    0.071880] SLUB: HWalign=64, Order=0-3, MinObjects=0, CPUs=1, Nodes=1
[    0.079757] rcu: Hierarchical RCU implementation.
[    0.079787] rcu: 	RCU restricting CPUs from NR_CPUS=512 to nr_cpu_ids=1.
[    0.079949] 	Tracing variant of Tasks RCU enabled.
[    0.080040] rcu: RCU calculated value of scheduler-enlistment delay is 10 jiffies.
[    0.080070] rcu: Adjusting geometry for rcu_fanout_leaf=16, nr_cpu_ids=1
[    0.081236] RCU Tasks Trace: Setting shift to 0 and lim to 1 rcu_task_cb_adjust=1 rcu_task_cpu_ids=1.
[    0.081366] NR_IRQS: 33024, nr_irqs: 256, preallocated irqs: 16
[    0.090301] rcu: srcu_init: Setting srcu_struct sizes based on contention.
[    0.097133] Console: colour VGA+ 80x25
[    0.097555] printk: legacy console [tty1] enabled
[    0.105271] printk: legacy console [ttyS0] enabled
[    0.359405] ACPI: Core revision 20240827
[    0.365044] clocksource: hpet: mask: 0xffffffff max_cycles: 0xffffffff, max_idle_ns: 19112604467 ns
[    0.372181] APIC: Switch to symmetric I/O mode setup
[    0.379306] ..TIMER: vector=0x30 apic1=0 pin1=2 apic2=-1 pin2=-1
[    0.427557] clocksource: tsc-early: mask: 0xffffffffffffffff max_cycles: 0x256be037ead, max_idle_ns: 440795225601 ns
[    0.428293] Calibrating delay loop (skipped), value calculated using timer frequency.. 5192.21 BogoMIPS (lpj=25961090)
[    0.430226] x86/cpu: User Mode Instruction Prevention (UMIP) activated
[    0.448512] Last level iTLB entries: 4KB 0, 2MB 0, 4MB 0
[    0.448950] Last level dTLB entries: 4KB 0, 2MB 0, 4MB 0, 1GB 0
[    0.450112] Spectre V1 : Mitigation: usercopy/swapgs barriers and __user pointer sanitization
[    0.451058] Spectre V2 : Mitigation: Retpolines
[    0.451292] Spectre V2 : Spectre v2 / SpectreRSB: Filling RSB on context switch and VMEXIT
[    0.451712] Speculative Store Bypass: Vulnerable
[    0.460564] x86/fpu: Supporting XSAVE feature 0x001: 'x87 floating point registers'
[    0.469272] x86/fpu: Supporting XSAVE feature 0x002: 'SSE registers'
[    0.469562] x86/fpu: Supporting XSAVE feature 0x004: 'AVX registers'
[    0.469814] x86/fpu: Supporting XSAVE feature 0x008: 'MPX bounds registers'
[    0.471282] x86/fpu: Supporting XSAVE feature 0x010: 'MPX CSR'
[    0.471934] x86/fpu: xstate_offset[2]:  576, xstate_sizes[2]:  256
[    0.472406] x86/fpu: xstate_offset[3]:  960, xstate_sizes[3]:   64
[    0.472644] x86/fpu: xstate_offset[4]: 1024, xstate_sizes[4]:   64
[    0.478248] x86/fpu: Enabled xstate features 0x1f, context size is 1088 bytes, using 'standard' format.
[    0.706804] Freeing SMP alternatives memory: 40K
[    0.707667] pid_max: default: 32768 minimum: 301
[    0.717239] Mount-cache hash table entries: 512 (order: 0, 4096 bytes, linear)
[    0.717670] Mountpoint-cache hash table entries: 512 (order: 0, 4096 bytes, linear)
[    0.869657] smpboot: CPU0: AMD QEMU TCG CPU version 2.5+ (family: 0x6, model: 0x6, stepping: 0x3)
[    0.904315] Performance Events: PMU not available due to virtualization, using software events only.
[    0.905807] signal: max sigframe size: 1616
[    0.907400] rcu: Hierarchical SRCU implementation.
[    0.907631] rcu: 	Max phase no-delay instances is 1000.
[    0.913337] smp: Bringing up secondary CPUs ...
[    0.917083] smp: Brought up 1 node, 1 CPU
[    0.917388] smpboot: Total of 1 processors activated (5192.21 BogoMIPS)
[    0.924655] Memory: 103208K/130540K available (14336K kernel code, 1177K rwdata, 2556K rodata, 1492K init, 1304K bss, 25620K reserved, 0K cma-reserved)
[    0.938092] clocksource: jiffies: mask: 0xffffffff max_cycles: 0xffffffff, max_idle_ns: 19112604462750000 ns
[    0.939479] futex hash table entries: 256 (order: 2, 16384 bytes, linear)
[    0.940759] pinctrl core: initialized pinctrl subsystem
[    0.957222] NET: Registered PF_NETLINK/PF_ROUTE protocol family
[    0.963304] thermal_sys: Registered thermal governor 'step_wise'
[    0.963342] thermal_sys: Registered thermal governor 'user_space'
[    0.964299] cpuidle: using governor ladder
[    0.965964] acpiphp: ACPI Hot Plug PCI Controller Driver version: 0.5
[    0.970547] PCI: Using configuration type 1 for base access
[    0.979237] cryptd: max_cpu_qlen set to 1000
[    0.984854] ACPI: Added _OSI(Module Device)
[    0.985059] ACPI: Added _OSI(Processor Device)
[    0.985237] ACPI: Added _OSI(Processor Aggregator Device)
[    0.998611] ACPI: 1 ACPI AML tables successfully acquired and loaded
[    1.015707] ACPI: Interpreter enabled
[    1.016493] ACPI: PM: (supports S0 S5)
[    1.016718] ACPI: Using IOAPIC for interrupt routing
[    1.017294] PCI: Using host bridge windows from ACPI; if necessary, use "pci=nocrs" and report a bug
[    1.017678] PCI: Using E820 reservations for host bridge windows
[    1.028442] ACPI: Enabled 2 GPEs in block 00 to 0F
[    1.058301] ACPI: PCI Root Bridge [PCI0] (domain 0000 [bus 00-ff])
[    1.059217] acpi PNP0A03:00: _OSC: OS supports [ASPM ClockPM Segments MSI HPX-Type3]
[    1.059680] acpi PNP0A03:00: _OSC: not requesting OS control; OS requires [ExtendedConfig ASPM ClockPM MSI]
[    1.060582] acpi PNP0A03:00: fail to add MMCONFIG information, can't access extended configuration space under this bridge
[    1.072837] acpiphp: Slot [3] registered
[    1.073156] acpiphp: Slot [4] registered
[    1.073396] acpiphp: Slot [5] registered
[    1.073660] acpiphp: Slot [6] registered
[    1.078495] acpiphp: Slot [7] registered
[    1.078785] acpiphp: Slot [8] registered
[    1.080162] acpiphp: Slot [9] registered
[    1.080392] acpiphp: Slot [10] registered
[    1.080623] acpiphp: Slot [11] registered
[    1.080852] acpiphp: Slot [12] registered
[    1.088432] acpiphp: Slot [13] registered
[    1.088792] acpiphp: Slot [14] registered
[    1.089069] acpiphp: Slot [15] registered
[    1.089324] acpiphp: Slot [16] registered
[    1.089553] acpiphp: Slot [17] registered
[    1.089787] acpiphp: Slot [18] registered
[    1.098476] acpiphp: Slot [19] registered
[    1.098837] acpiphp: Slot [20] registered
[    1.099098] acpiphp: Slot [21] registered
[    1.099361] acpiphp: Slot [22] registered
[    1.099596] acpiphp: Slot [23] registered
[    1.099821] acpiphp: Slot [24] registered
[    1.108501] acpiphp: Slot [25] registered
[    1.108891] acpiphp: Slot [26] registered
[    1.109164] acpiphp: Slot [27] registered
[    1.109418] acpiphp: Slot [28] registered
[    1.109664] acpiphp: Slot [29] registered
[    1.109907] acpiphp: Slot [30] registered
[    1.110133] acpiphp: Slot [31] registered
[    1.118717] PCI host bridge to bus 0000:00
[    1.119258] pci_bus 0000:00: root bus resource [io  0x0000-0x0cf7 window]
[    1.119658] pci_bus 0000:00: root bus resource [io  0x0d00-0xffff window]
[    1.119907] pci_bus 0000:00: root bus resource [mem 0x000a0000-0x000bffff window]
[    1.128334] pci_bus 0000:00: root bus resource [mem 0x08000000-0xfebfffff window]
[    1.128734] pci_bus 0000:00: root bus resource [mem 0x100000000-0x17fffffff window]
[    1.129234] pci_bus 0000:00: root bus resource [bus 00-ff]
[    1.139675] pci 0000:00:00.0: [8086:1237] type 00 class 0x060000 conventional PCI endpoint
[    1.151159] pci 0000:00:01.0: [8086:7000] type 00 class 0x060100 conventional PCI endpoint
[    1.152051] pci 0000:00:01.1: [8086:7010] type 00 class 0x010180 conventional PCI endpoint
[    1.159480] pci 0000:00:01.1: BAR 4 [io  0xc0e0-0xc0ef]
[    1.160886] pci 0000:00:01.1: BAR 0 [io  0x01f0-0x01f7]: legacy IDE quirk
[    1.161177] pci 0000:00:01.1: BAR 1 [io  0x03f6]: legacy IDE quirk
[    1.161448] pci 0000:00:01.1: BAR 2 [io  0x0170-0x0177]: legacy IDE quirk
[    1.167345] pci 0000:00:01.1: BAR 3 [io  0x0376]: legacy IDE quirk
[    1.168607] pci 0000:00:01.3: [8086:7113] type 00 class 0x068000 conventional PCI endpoint
[    1.169306] pci 0000:00:01.3: quirk: [io  0x0600-0x063f] claimed by PIIX4 ACPI
[    1.169613] pci 0000:00:01.3: quirk: [io  0x0700-0x070f] claimed by PIIX4 SMB
[    1.178985] pci 0000:00:02.0: [1234:1111] type 00 class 0x030000 conventional PCI endpoint
[    1.179846] pci 0000:00:02.0: BAR 0 [mem 0xfd000000-0xfdffffff pref]
[    1.181531] pci 0000:00:02.0: BAR 2 [mem 0xfeb90000-0xfeb90fff]
[    1.190743] pci 0000:00:02.0: ROM [mem 0xfeb80000-0xfeb8ffff pref]
[    1.191258] pci 0000:00:02.0: Video device with shadowed ROM at [mem 0x000c0000-0x000dffff]
[    1.192275] pci 0000:00:03.0: [1af4:1000] type 00 class 0x020000 conventional PCI endpoint
[    1.193715] pci 0000:00:03.0: BAR 0 [io  0xc080-0xc09f]
[    1.200516] pci 0000:00:03.0: BAR 4 [mem 0xfe000000-0xfe003fff 64bit pref]
[    1.201785] pci 0000:00:03.0: ROM [mem 0xfea80000-0xfeafffff pref]
[    1.208727] pci 0000:00:04.0: [1af4:1005] type 00 class 0x00ff00 conventional PCI endpoint
[    1.211717] pci 0000:00:04.0: BAR 0 [io  0xc0a0-0xc0bf]
[    1.212590] pci 0000:00:04.0: BAR 1 [mem 0xfeb91000-0xfeb91fff]
[    1.216013] pci 0000:00:04.0: BAR 4 [mem 0xfe004000-0xfe007fff 64bit pref]
[    1.221067] pci 0000:00:05.0: [1af4:1000] type 00 class 0x020000 conventional PCI endpoint
[    1.223190] pci 0000:00:05.0: BAR 0 [io  0xc0c0-0xc0df]
[    1.224070] pci 0000:00:05.0: BAR 1 [mem 0xfeb92000-0xfeb92fff]
[    1.226012] pci 0000:00:05.0: BAR 4 [mem 0xfe008000-0xfe00bfff 64bit pref]
[    1.226908] pci 0000:00:05.0: ROM [mem 0xfeb00000-0xfeb7ffff pref]
[    1.231557] pci 0000:00:06.0: [1af4:1001] type 00 class 0x010000 conventional PCI endpoint
[    1.232467] pci 0000:00:06.0: BAR 0 [io  0xc000-0xc07f]
[    1.238193] pci 0000:00:06.0: BAR 1 [mem 0xfeb93000-0xfeb93fff]
[    1.240066] pci 0000:00:06.0: BAR 4 [mem 0xfe00c000-0xfe00ffff 64bit pref]
[    1.251796] ACPI: PCI: Interrupt link LNKA configured for IRQ 10
[    1.252603] ACPI: PCI: Interrupt link LNKB configured for IRQ 10
[    1.253179] ACPI: PCI: Interrupt link LNKC configured for IRQ 11
[    1.253723] ACPI: PCI: Interrupt link LNKD configured for IRQ 11
[    1.255419] ACPI: PCI: Interrupt link LNKS configured for IRQ 9
[    1.258798] iommu: Default domain type: Translated
[    1.259022] iommu: DMA domain TLB invalidation policy: lazy mode
[    1.261622] SCSI subsystem initialized
[    1.263093] ACPI: bus type USB registered
[    1.266664] usbcore: registered new interface driver usbfs
[    1.267215] usbcore: registered new interface driver hub
[    1.267563] usbcore: registered new device driver usb
[    1.268099] pps_core: LinuxPPS API ver. 1 registered
[    1.268245] pps_core: Software ver. 5.3.6 - Copyright 2005-2007 Rodolfo Giometti <giometti@linux.it>
[    1.277492] PTP clock support registered
[    1.289016] PCI: Using ACPI for IRQ routing
[    1.291483] hpet0: at MMIO 0xfed00000, IRQs 2, 8, 0
[    1.291790] hpet0: 3 comparators, 64-bit 100.000000 MHz counter
[    1.296487] clocksource: Switched to clocksource tsc-early
[    1.296487] pnp: PnP ACPI init
[    1.296487] pnp: PnP ACPI: found 6 devices
[    1.307834] clocksource: acpi_pm: mask: 0xffffff max_cycles: 0xffffff, max_idle_ns: 2085701024 ns
[    1.309201] NET: Registered PF_INET protocol family
[    1.310756] IP idents hash table entries: 2048 (order: 2, 16384 bytes, linear)
[    1.316189] tcp_listen_portaddr_hash hash table entries: 256 (order: 0, 4096 bytes, linear)
[    1.318743] Table-perturb hash table entries: 65536 (order: 6, 262144 bytes, linear)
[    1.319207] TCP established hash table entries: 1024 (order: 1, 8192 bytes, linear)
[    1.319654] TCP bind hash table entries: 1024 (order: 3, 32768 bytes, linear)
[    1.329625] TCP: Hash tables configured (established 1024 bind 1024)
[    1.331590] MPTCP token hash table entries: 256 (order: 1, 6144 bytes, linear)
[    1.332150] UDP hash table entries: 256 (order: 1, 8192 bytes, linear)
[    1.332585] UDP-Lite hash table entries: 256 (order: 1, 8192 bytes, linear)
[    1.341943] NET: Registered PF_UNIX/PF_LOCAL protocol family
[    1.343153] pci_bus 0000:00: resource 4 [io  0x0000-0x0cf7 window]
[    1.343405] pci_bus 0000:00: resource 5 [io  0x0d00-0xffff window]
[    1.343627] pci_bus 0000:00: resource 6 [mem 0x000a0000-0x000bffff window]
[    1.351438] pci_bus 0000:00: resource 7 [mem 0x08000000-0xfebfffff window]
[    1.351787] pci_bus 0000:00: resource 8 [mem 0x100000000-0x17fffffff window]
[    1.352565] pci 0000:00:01.0: PIIX3: Enabling Passive Release
[    1.352901] pci 0000:00:00.0: Limiting direct PCI/PCI transfers
[    1.362859] PCI: CLS 0 bytes, default 64
[    1.381887] workingset: timestamp_bits=46 max_order=15 bucket_order=0
[    1.384354] squashfs: version 4.0 (2009/01/31) Phillip Lougher
[    1.387094] Block layer SCSI generic (bsg) driver version 0.4 loaded (major 247)
[    1.390760] hv_vmbus: registering driver hyperv_fb
[    1.395693] input: Power Button as /devices/LNXSYSTM:00/LNXPWRBN:00/input/input0
[    1.403660] ACPI: button: Power Button [PWRF]
[    1.541659] ACPI: \_SB_.LNKC: Enabled at IRQ 11
[    1.673902] ACPI: \_SB_.LNKD: Enabled at IRQ 10
[    1.803854] ACPI: \_SB_.LNKA: Enabled at IRQ 10
[    1.933839] ACPI: \_SB_.LNKB: Enabled at IRQ 11
[    1.935869] Serial: 8250/16550 driver, 16 ports, IRQ sharing enabled
[    1.961103] 00:04: ttyS0 at I/O 0x3f8 (irq = 4, base_baud = 115200) is a 16550A
[    1.982550] Non-volatile memory driver v1.3
[    1.994216] Linux agpgart interface v0.103
[    1.995257] ACPI: bus type drm_connector registered
[    1.998316] [drm] Found bochs VGA, ID 0xb0c5.
[    1.998536] [drm] Framebuffer size 16384 kB @ 0xfd000000, mmio @ 0xfeb90000.
[    2.004110] [drm] Found EDID data blob.
[    2.009728] [drm] Initialized bochs-drm 1.0.0 for 0000:00:02.0 on minor 0
[    2.071591] Console: switching to colour frame buffer device 160x50
[    2.081276] bochs-drm 0000:00:02.0: [drm] fb0: bochs-drmdrmfb frame buffer device
[    2.098697] loop: module loaded
[    2.099410] virtio_blk virtio3: 1/0/0 default/read/poll queues
[    2.115723] virtio_blk virtio3: [vda] 246784 512-byte logical blocks (126 MB/121 MiB)
[    2.124968]  vda: vda1 vda2
[    2.127148] Guest personality initialized and is inactive
[    2.127935] VMCI host device registered (name=vmci, major=10, minor=256)
[    2.128249] Initialized host personality
[    2.128586] usbcore: registered new interface driver rtsx_usb
[    2.129483] VMware PVSCSI driver - version 1.0.7.0-k
[    2.138048] hv_vmbus: registering driver hv_storvsc
[    2.152015] scsi host0: ata_piix
[    2.154406] scsi host1: ata_piix
[    2.155266] ata1: PATA max MWDMA2 cmd 0x1f0 ctl 0x3f6 bmdma 0xc0e0 irq 14 lpm-pol 0
[    2.155605] ata2: PATA max MWDMA2 cmd 0x170 ctl 0x376 bmdma 0xc0e8 irq 15 lpm-pol 0
[    2.165518] VMware vmxnet3 virtual NIC driver - version 1.9.0.0-k-NAPI
[    2.166150] hv_vmbus: registering driver hv_netvsc
[    2.166546] Fusion MPT base driver 3.04.20
[    2.166723] Copyright (c) 1999-2008 LSI Corporation
[    2.167145] Fusion MPT SPI Host driver 3.04.20
[    2.176534] Fusion MPT SAS Host driver 3.04.20
[    2.178577] usbcore: registered new interface driver usb-storage
[    2.179825] i8042: PNP: PS/2 Controller [PNP0303:KBD,PNP0f13:MOU] at 0x60,0x64 irq 1,12
[    2.183076] serio: i8042 KBD port at 0x60,0x64 irq 1
[    2.183486] serio: i8042 AUX port at 0x60,0x64 irq 12
[    2.190550] hv_vmbus: registering driver hyperv_keyboard
[    2.193097] rtc_cmos 00:05: RTC can wake from S4
[    2.198478] rtc_cmos 00:05: registered as rtc0
[    2.201180] rtc_cmos 00:05: setting system clock to 2026-04-16T03:39:30 UTC (1776310770)
[    2.203736] rtc_cmos 00:05: alarms up to one day, y3k, 242 bytes nvram, hpet irqs
[    2.206434] intel_powerclamp: CPU does not support MWAIT
[    2.211392] amd_pstate: the _CPC object is not present in SBIOS or ACPI disabled
[    2.213983] sdhci: Secure Digital Host Controller Interface driver
[    2.216034] sdhci: Copyright(c) Pierre Ossman
[    2.218460] VUB300 Driver rom wait states = 1C irqpoll timeout = 0400
[    2.224832] input: AT Translated Set 2 keyboard as /devices/platform/i8042/serio0/input/input1
[    2.246774] usbcore: registered new interface driver vub300
[    2.249348] usbcore: registered new interface driver ushc
[    2.256725] hid: raw HID events driver (C) Jiri Kosina
[    2.259681] hv_vmbus: registering driver hid_hyperv
[    2.262515] usbcore: registered new interface driver usbhid
[    2.264620] usbhid: USB HID core driver
[    2.266816] hv_utils: Registering HyperV Utility Driver
[    2.269039] hv_vmbus: registering driver hv_utils
[    2.271492] hv_vmbus: registering driver hv_balloon
[    2.275032] NET: Registered PF_INET6 protocol family
[    2.289187] Segment Routing with IPv6
[    2.291477] In-situ OAM (IOAM) with IPv6
[    2.293988] NET: Registered PF_PACKET protocol family
[    2.296555] bridge: filtering via arp/ip/ip6tables is no longer available by default. Update your scripts to load br_netfilter if you need this.
[    2.306025] 8021q: 802.1Q VLAN Support v1.8
[    2.308871] NET: Registered PF_VSOCK protocol family
[    2.317889] IPI shorthand broadcast: enabled
[    2.324735] AES CTR mode by8 optimization enabled
[    2.342486] sched_clock: Marking stable (2070117020, 267333082)->(2345531467, -8081365)
[    2.398025] ata2: found unknown device (class 0)
[    2.412587] ata2.00: ATAPI: QEMU DVD-ROM, 2.5+, max UDMA/100
[    2.428356] scsi 1:0:0:0: CD-ROM            QEMU     QEMU DVD-ROM     2.5+ PQ: 0 ANSI: 5
[    2.440621] clk: Disabling unused clocks
[    2.450117] tsc: Refined TSC clocksource calibration: 2596.081 MHz
[    2.452994] clocksource: tsc: mask: 0xffffffffffffffff max_cycles: 0x256bc63c469, max_idle_ns: 440795307072 ns
[    2.463283] clocksource: Switched to clocksource tsc
[    2.489309] sr 1:0:0:0: [sr0] scsi3-mmc drive: 4x/4x cd/rw xa/form2 tray
[    2.492009] cdrom: Uniform CD-ROM driver Revision: 3.20
[    2.539817] VFS: Mounted root (squashfs filesystem) readonly on device 254:2.
[    2.616159] Freeing unused kernel image (initmem) memory: 1492K
[    2.619058] Write protecting the kernel read-only data: 18432k
[    2.623292] Freeing unused kernel image (rodata/data gap) memory: 1540K
[    2.625988] Run /sbin/init as init process
[    2.914972] init: Console is alive
[    3.529506] kmodloader: loading kernel modules from /etc/modules-boot.d/*
[    3.590575] button_hotplug: loading out-of-tree module taints kernel.
[    3.597217] Button Hotplug driver version 0.4.1
[    3.616643] Intel(R) 2.5G Ethernet Linux Driver
[    3.619322] Copyright(c) 2018 Intel Corporation.
[    3.633980] igb: Intel(R) Gigabit Ethernet Network Driver
[    3.636533] igb: Copyright (c) 2007-2014 Intel Corporation.
[    3.651853] e1000e: Intel(R) PRO/1000 Network Driver
[    3.654466] e1000e: Copyright(c) 1999 - 2015 Intel Corporation.
[    3.666081] kmodloader: done loading kernel modules from /etc/modules-boot.d/*
[    3.682391] init: - preinit -
[    4.645843] 8021q: adding VLAN 0 to HW filter on device eth0
Press the [f] key and hit [enter] to enter failsafe mode
Press the [1], [2], [3] or [4] key and hit [enter] to select the debug level

[    9.275818] loop0: detected capacity change from 0 to 212992
[    9.327816] loop0: detected capacity change from 212992 to 199808
[    9.341688] mount_root: overlay filesystem in /dev/loop0 has not been formatted yet
[    9.654188] EXT4-fs (loop0): mounted filesystem 5c06f03e-50b4-4251-9641-336b521b32f9 r/w with ordered data mode. Quota mode: disabled.
[    9.668054] mount_root: overlay filesystem has not been fully initialized yet
[    9.686035] mount_root: switching to ext4 overlay
[    9.707035] overlayfs: null uuid detected in lower fs '/', falling back to xino=off,index=off,nfs_export=off.
[   10.453293] EXT4-fs (vda1): mounted filesystem 84173db5-fa99-e35a-95c6-28613cc79ea9 r/w without journal. Quota mode: disabled.
[   10.478172] urandom-seed: Seed file not found (/etc/urandom.seed)
[   10.622819] procd: - early -
[   11.334520] procd: - ubus -
[   11.515974] procd: - init -
Please press Enter to activate this console.
root
login[1047]: root login on 'ttyS0'


BusyBox v1.37.0 (2026-04-14 08:32:56 UTC) built-in shell (ash)

  _______                     ________        __
 |       |.-----.-----.-----.|  |  |  |.----.|  |_
 |   -   ||  _  |  -__|     ||  |  |  ||   _||   _|
 |_______||   __|_____|__|__||________||__|  |____|
          |__| W I R E L E S S   F R E E D O M
 -----------------------------------------------------
 OpenWrt 25.12-SNAPSHOT, r32863-12e56ac8d4 Dave's Guitar
 -----------------------------------------------------

 === WARNING! =====================================
 There is no root password defined on this device!
 Use the "passwd" command to set up a new password
 in order to prevent unauthorized SSH logins.
 --------------------------------------------------

  ___   __ __                _______             __
 |   |_|__|  |--.----.-----.|   |   |-----.-----|  |--.
 |     |  |  _  |   _|  -__||       |  -__|__ --|     |
 |_____|__|_____|__| |_____||__|_|__|_____|_____|__|__|

 ------------------------------------------------------
 LiMe master development (master rev. 142c27f 20260407_1221)
 ------------------------------------------------------
 https://libremesh.org
 ------------------------------------------------------

 OpenWrt recently switched to the "apk" package manager!

 OPKG Command           APK Equivalent      Description
 ------------------------------------------------------------------
 opkg install <pkg>     apk add <pkg>       Install a package
 opkg remove <pkg>      apk del <pkg>       Remove a package
 opkg upgrade           apk upgrade         Upgrade all packages
 opkg files <pkg>       apk info -L <pkg>   List package contents
 opkg list-installed    apk info            List installed packages
 opkg update            apk update          Update package lists
 opkg search <pkg>      apk search <pkg>    Search for packages
 ------------------------------------------------------------------

For more information visit:
https://openwrt.org/docs/guide-user/additional-software/opkg-to-apk-cheatsheet

root@(none):~# dmesg -n 1
root@(none):~# echo 'PQHF''TZUVGO'
PQHFTZUVGO
root@LiMe-123456:~# run() { echo -n "$MARKER"; sh -c "$@"; echo "$MARKER $?"; }
root@LiMe-123456:~# echo 'QAKJ''GPQBNZ'
QAKJGPQBNZ
root@LiMe-123456:~# MARKER='SOKV''KOLQAZ' run 'ubus wait_for network.interface.l
an'
SOKVKOLQAZSOKVKOLQAZ 0
root@LiMe-123456:~# echo 'MWYK''OGZPUA'
MWYKOGZPUA
root@LiMe-123456:~# MARKER='KZMW''CGUUXQ' run 'ubus call network.interface.lan s
tatus '"'"'{}'"'"''
KZMWCGUUXQ{
	"up": true,
	"pending": false,
	"available": true,
	"autostart": true,
	"dynamic": false,
	"uptime": 1,
	"l3_device": "br-lan",
	"proto": "static",
	"device": "br-lan",
	"updated": [
		"addresses"
	],
	"metric": 0,
	"dns_metric": 0,
	"delegation": true,
	"ipv4-address": [
		{
			"address": "10.13.52.86",
			"mask": 16
		}
	],
	"ipv6-address": [
		{
			"address": "fd0d:fe46:8ce8::12:3456",
			"mask": 64
		}
	],
	"ipv6-prefix": [
		
	],
	"ipv6-prefix-assignment": [
		
	],
	"route": [
		
	],
	"dns-server": [
		
	],
	"dns-search": [
		
	],
	"neighbors": [
		
	],
	"inactive": {
		"ipv4-address": [
			
		],
		"ipv6-address": [
			
		],
		"route": [
			
		],
		"dns-server": [
			
		],
		"dns-search": [
			
		],
		"neighbors": [
			
		]
	},
	"data": {
		
	}
}
KZMWCGUUXQ 0
root@LiMe-123456:~# echo 'OHGF''FEPWEQ'
OHGFFEPWEQ
root@LiMe-123456:~# MARKER='ZSTP''GNWLYO' run true
ZSTPGNWLYOZSTPGNWLYO 0
root@LiMe-123456:~# echo 'CFXA''QCXNCF'
CFXAQCXNCF
root@LiMe-123456:~# MARKER='XTWW''BOAWSS' run 'source /etc/os-release; echo $BUI
LD_ID'
XTWWBOAWSSr32863-12e56ac8d4
XTWWBOAWSS 0
root@LiMe-123456:~# echo 'GQLT''YSNVLC'
GQLTYSNVLC
root@LiMe-123456:~# MARKER='LAXM''QWBOJJ' run 'ls /etc/dropbear/dropbear_rsa_hos
t_key'
LAXMQWBOJJ[0;0m/etc/dropbear/dropbear_rsa_host_key[m
LAXMQWBOJJ 0
root@LiMe-123456:~# echo 'UMGV''TMPGYX'
UMGVTMPGYX
root@LiMe-123456:~# MARKER='BSET''VMBGWC' run 'netstat -tlpn | grep 0.0.0.0:22'
BSETVMBGWCtcp        0      0 0.0.0.0:22              0.0.0.0:*               LISTEN      2123/dropbear
BSETVMBGWC 0
root@LiMe-123456:~# echo 'TVOP''WPUFLN'
TVOPWPUFLN
root@LiMe-123456:~# MARKER='LCYM''QHMBHJ' run 'dmesg | grep br-lan | grep forwar
ding'
LCYMQHMBHJ[   44.248509] br-lan: port 1(eth0) entered forwarding state
[   48.390638] br-lan: port 2(bat0) entered forwarding state
LCYMQHMBHJ 0
root@LiMe-123456:~# echo 'ESVA''FEPTKT'
ESVAFEPTKT
root@LiMe-123456:~# MARKER='NOYF''QLXFMG' run 'ubus call network.interface.lan s
tatus '"'"'{}'"'"''
NOYFQLXFMG{
	"up": true,
	"pending": false,
	"available": true,
	"autostart": true,
	"dynamic": false,
	"uptime": 38,
	"l3_device": "br-lan",
	"proto": "static",
	"device": "br-lan",
	"updated": [
		"addresses"
	],
	"metric": 0,
	"dns_metric": 0,
	"delegation": true,
	"ipv4-address": [
		{
			"address": "10.13.52.86",
			"mask": 16
		}
	],
	"ipv6-address": [
		{
			"address": "fd0d:fe46:8ce8::12:3456",
			"mask": 64
		}
	],
	"ipv6-prefix": [
		
	],
	"ipv6-prefix-assignment": [
		
	],
	"route": [
		
	],
	"dns-server": [
		
	],
	"dns-search": [
		
	],
	"neighbors": [
		
	],
	"inactive": {
		"ipv4-address": [
			
		],
		"ipv6-address": [
			
		],
		"route": [
			
		],
		"dns-server": [
			
		],
		"dns-search": [
			
		],
		"neighbors": [
			
		]
	},
	"data": {
		
	}
}
NOYFQLXFMG 0
root@LiMe-123456