Labgrid Console Logfile for main
Logfile started at 2026-03-25 02:15:09.302580
=== Log starts here ===
c[?7l[2J[0mSeaBIOS (version 1.16.3-debian-1.16.3-2)


iPXE (https://ipxe.org) 00:03.0 CA00 PCI2.10 PnP PMM+06FCAE70+06F0AE70 CA00
Press Ctrl-B to configure iPXE (PCI 00:03.0)...                                                                               




iPXE (https://ipxe.org) 00:05.0 CB00 PCI2.10 PnP PMM 06FCAE70 06F0AE70 CB00
Press Ctrl-B to configure iPXE (PCI 00:05.0)...                                                                               


Booting from Hard Disk...
GRUB loading.....
[0;30;47mWelcome to GRUB![01;01H[0m[2J[H[J[1;1H[?25l[m[H[J[1;1H[2;30HGNU GRUB  version 2.12

[m[4;2H+----------------------------------------------------------------------------+[5;2H|[5;79H|[6;2H|[6;79H|[7;2H|[7;79H|[8;2H|[8;79H|[9;2H|[9;79H|[10;2H|[10;79H|[11;2H|[11;79H|[12;2H|[12;79H|[13;2H|[13;79H|[14;2H|[14;79H|[15;2H|[15;79H|[16;2H+----------------------------------------------------------------------------+[m[17;2H[18;2H[m     Use the ^ and v keys to select which entry is highlighted.          
      Press enter to boot the selected OS, `e' to edit the commands       
      before booting or `c' for a command-line. ESC to return             
      previous menu.                                                      [5;80H [7m[5;3H*OpenWrt                                                                    [m[5;78H[m[m[6;3H OpenWrt (failsafe)                                                         [m[6;78H[m[m[7;3H                                                                            [m[7;78H[m[m[8;3H                                                                            [m[8;78H[m[m[9;3H                                                                            [m[9;78H[m[m[10;3H                                                                            [m[10;78H[m[m[11;3H                                                                            [m[11;78H[m[m[12;3H                                                                            [m[12;78H[m[m[13;3H                                                                            [m[13;78H[m[m[14;3H                                                                            [m[14;78H[m[m[15;3H                                                                            [m[15;78H[m[15;80H [5;78H[2J[02;30HGNU GRUB  version 2.12[04;02H┌────────────────────────────────────────────────────────────────────────────┐[05;02H│[05;79H│[06;02H│[06;79H│[07;02H│[07;79H│[08;02H│[08;79H│[09;02H│[09;79H│[10;02H│[10;79H│[11;02H│[11;79H│[12;02H│[12;79H│[13;02H│[13;79H│[14;02H│[14;79H│[15;02H│[15;79H│[16;02H│[16;79H│[17;02H└────────────────────────────────────────────────────────────────────────────┘[19;02H     Use the ↑[19;15H[19;16H and ↓ keys to select which entry is highlighted.          
      Press enter to boot the selected OS, `e' to edit the commands       
      before booting or `c' for a command-line. ESC to return             
      previous menu.                                                      [05;80H [05;03H[0;30;47m*OpenWrt                                                                    [06;03H[0m OpenWrt (failsafe)                                                         [07;03H                                                                            [08;03H                                                                            [09;03H                                                                       [09;73H[09;74H     [10;03H                                                                            [11;03H                                                                            [12;03H    [12;06H[12;07H                                                                        [13;03H                                                                            [14;03H              [14;16H[14;17H                                                              [15;03H                                                                            [16;03H                                                                            [16;80H 






   The highlighted entry will be executed automatically in 5s.                [22;1H   The highlighted entry will be executed automatically in 5s.                 [5;78H [05;78H

















   The highlighted entry will be executed automatically in 4s.                [22;1H   The highlighted entry will be executed automatically in 4s.                 [5;78H [05;78H

















   The highlighted entry will be e[23;34H[23;35Hxecuted automatically in 3s.                [22;1H   The highlighted entry will be executed automatically in 3s.                 [5;78H [05;78H

















   The highlighted entry will be executed automatically in 2s.                [22;1H   The highlighted entry will be executed automatically in 2s.                 [5;78H [05;78H

















   The highlighted entry will be executed automatically in 1s.                [22;1H   The highlighted entry will be executed automatically in 1s.                 [5;78H [05;78H

















   The highlighted entry will be executed automatically in 0s.                [22;1H   The highlighted entry will be executed automatically in 0s.                 [5;78H [01;01H[2J[?25h[H[J[1;1H[H[J[1;1H[2J   [01;02HBooting `OpenWrt' Booting `OpenWrt

'

[    0.000000] Linux version 6.12.74 (builder@buildhost) (x86_64-openwrt-linux-musl-gcc (OpenWrt GCC 14.3.0 r32796-0bfaaa65d5) 14.3.0, GNU ld (GNU Binutils) 2.44) #0 SMP Tue Mar 24 00:46:35 2026
[    0.000000] Command line: BOOT_IMAGE=/boot/vmlinuz root=PARTUUID=ae2486d1-02 rootwait console=tty1 console=ttyS0,115200n8 noinitrd
[    0.000000] BIOS-provided physical RAM map:
[    0.000000] BIOS-e820: [mem 0x0000000000000000-0x000000000009fbff] usable
[    0.000000] BIOS-e820: [mem 0x000000000009fc00-0x000000000009ffff] reserved
[    0.000000] BIOS-e820: [mem 0x00000000000f0000-0x00000000000fffff] reserved
[    0.000000] BIOS-e820: [mem 0x0000000000100000-0x0000000007fdcfff] usable
[    0.000000] BIOS-e820: [mem 0x0000000007fdd000-0x0000000007ffffff] reserved
[    0.000000] BIOS-e820: [mem 0x00000000fffc0000-0x00000000ffffffff] reserved
[    0.000000] BIOS-e820: [mem 0x000000fd00000000-0x000000ffffffffff] reserved
[    0.000000] NX (Execute Disable) protection: active
[    0.000000] APIC: Static calls initialized
[    0.000000] SMBIOS 3.0.0 present.
[    0.000000] DMI: QEMU Standard PC (i440FX + PIIX, 1996), BIOS 1.16.3-debian-1.16.3-2 04/01/2014
[    0.000000] DMI: Memory slots populated: 1/1
[    0.000000] tsc: Fast TSC calibration using PIT
[    0.000000] tsc: Detected 2445.427 MHz processor
[    0.007394] last_pfn = 0x7fdd max_arch_pfn = 0x400000000
[    0.008031] MTRR map: 4 entries (3 fixed + 1 variable; max 19), built from 8 variable MTRRs
[    0.008194] x86/PAT: Configuration [0-7]: WB  WC  UC- UC  WB  WP  UC- WT  
[    0.028222] found SMP MP-table at [mem 0x000f5460-0x000f546f]
[    0.029617] Using GB pages for direct mapping
[    0.034031] ACPI: Early table checksum verification disabled
[    0.034380] ACPI: RSDP 0x00000000000F5290 000014 (v00 BOCHS )
[    0.034686] ACPI: RSDT 0x0000000007FE1C64 000034 (v01 BOCHS  BXPC     00000001 BXPC 00000001)
[    0.035218] ACPI: FACP 0x0000000007FE1B18 000074 (v01 BOCHS  BXPC     00000001 BXPC 00000001)
[    0.035916] ACPI: DSDT 0x0000000007FE0040 001AD8 (v01 BOCHS  BXPC     00000001 BXPC 00000001)
[    0.035991] ACPI: FACS 0x0000000007FE0000 000040
[    0.036040] ACPI: APIC 0x0000000007FE1B8C 000078 (v03 BOCHS  BXPC     00000001 BXPC 00000001)
[    0.036060] ACPI: HPET 0x0000000007FE1C04 000038 (v01 BOCHS  BXPC     00000001 BXPC 00000001)
[    0.036078] ACPI: WAET 0x0000000007FE1C3C 000028 (v01 BOCHS  BXPC     00000001 BXPC 00000001)
[    0.036150] ACPI: Reserving FACP table memory at [mem 0x7fe1b18-0x7fe1b8b]
[    0.036199] ACPI: Reserving DSDT table memory at [mem 0x7fe0040-0x7fe1b17]
[    0.036206] ACPI: Reserving FACS table memory at [mem 0x7fe0000-0x7fe003f]
[    0.036212] ACPI: Reserving APIC table memory at [mem 0x7fe1b8c-0x7fe1c03]
[    0.036218] ACPI: Reserving HPET table memory at [mem 0x7fe1c04-0x7fe1c3b]
[    0.036223] ACPI: Reserving WAET table memory at [mem 0x7fe1c3c-0x7fe1c63]
[    0.039277] Zone ranges:
[    0.039305]   DMA      [mem 0x0000000000001000-0x0000000000ffffff]
[    0.039381]   DMA32    [mem 0x0000000001000000-0x0000000007fdcfff]
[    0.039390]   Normal   empty
[    0.039408] Movable zone start for each node
[    0.039441] Early memory node ranges
[    0.039467]   node   0: [mem 0x0000000000001000-0x000000000009efff]
[    0.039520]   node   0: [mem 0x0000000000100000-0x0000000007fdcfff]
[    0.039644] Initmem setup node 0 [mem 0x0000000000001000-0x0000000007fdcfff]
[    0.040704] On node 0, zone DMA: 1 pages in unavailable ranges
[    0.041179] On node 0, zone DMA: 97 pages in unavailable ranges
[    0.043220] On node 0, zone DMA32: 35 pages in unavailable ranges
[    0.043572] ACPI: PM-Timer IO Port: 0x608
[    0.043995] ACPI: LAPIC_NMI (acpi_id[0xff] dfl dfl lint[0x1])
[    0.044412] IOAPIC[0]: apic_id 0, version 32, address 0xfec00000, GSI 0-23
[    0.044526] ACPI: INT_SRC_OVR (bus 0 bus_irq 0 global_irq 2 dfl dfl)
[    0.044796] ACPI: INT_SRC_OVR (bus 0 bus_irq 5 global_irq 5 high level)
[    0.044848] ACPI: INT_SRC_OVR (bus 0 bus_irq 9 global_irq 9 high level)
[    0.044946] ACPI: INT_SRC_OVR (bus 0 bus_irq 10 global_irq 10 high level)
[    0.044955] ACPI: INT_SRC_OVR (bus 0 bus_irq 11 global_irq 11 high level)
[    0.045146] ACPI: Using ACPI (MADT) for SMP configuration information
[    0.045191] ACPI: HPET id: 0x8086a201 base: 0xfed00000
[    0.045581] CPU topo: Max. logical packages:   1
[    0.045596] CPU topo: Max. logical dies:       1
[    0.045605] CPU topo: Max. dies per package:   1
[    0.045651] CPU topo: Max. threads per core:   1
[    0.045843] CPU topo: Num. cores per package:     1
[    0.045860] CPU topo: Num. threads per package:   1
[    0.045869] CPU topo: Allowing 1 present CPUs plus 0 hotplug CPUs
[    0.047043] [mem 0x08000000-0xfffbffff] available for PCI devices
[    0.047118] Booting paravirtualized kernel on bare hardware
[    0.047415] clocksource: refined-jiffies: mask: 0xffffffff max_cycles: 0xffffffff, max_idle_ns: 19112604462750000 ns
[    0.048090] setup_percpu: NR_CPUS:512 nr_cpumask_bits:1 nr_cpu_ids:1 nr_node_ids:1
[    0.050080] percpu: Embedded 48 pages/cpu s158104 r8192 d30312 u2097152
[    0.052417] Kernel command line: BOOT_IMAGE=/boot/vmlinuz root=PARTUUID=ae2486d1-02 rootwait console=tty1 console=ttyS0,115200n8 noinitrd
[    0.054061] random: crng init done
[    0.058742] Dentry cache hash table entries: 16384 (order: 5, 131072 bytes, linear)
[    0.059680] Inode-cache hash table entries: 8192 (order: 4, 65536 bytes, linear)
[    0.062319] Built 1 zonelists, mobility grouping on.  Total pages: 32635
[    0.062542] mem auto-init: stack:off, heap alloc:off, heap free:off
[    0.072398] SLUB: HWalign=64, Order=0-3, MinObjects=0, CPUs=1, Nodes=1
[    0.080367] rcu: Hierarchical RCU implementation.
[    0.080395] rcu: 	RCU restricting CPUs from NR_CPUS=512 to nr_cpu_ids=1.
[    0.080543] 	Tracing variant of Tasks RCU enabled.
[    0.080647] rcu: RCU calculated value of scheduler-enlistment delay is 10 jiffies.
[    0.080678] rcu: Adjusting geometry for rcu_fanout_leaf=16, nr_cpu_ids=1
[    0.081853] RCU Tasks Trace: Setting shift to 0 and lim to 1 rcu_task_cb_adjust=1 rcu_task_cpu_ids=1.
[    0.081987] NR_IRQS: 33024, nr_irqs: 256, preallocated irqs: 16
[    0.090938] rcu: srcu_init: Setting srcu_struct sizes based on contention.
[    0.098037] Console: colour VGA+ 80x25
[    0.098461] printk: legacy console [tty1] enabled
[    0.106769] printk: legacy console [ttyS0] enabled
[    0.349609] ACPI: Core revision 20240827
[    0.355061] clocksource: hpet: mask: 0xffffffff max_cycles: 0xffffffff, max_idle_ns: 19112604467 ns
[    0.364214] APIC: Switch to symmetric I/O mode setup
[    0.368576] ..TIMER: vector=0x30 apic1=0 pin1=2 apic2=-1 pin2=-1
[    0.411333] clocksource: tsc-early: mask: 0xffffffffffffffff max_cycles: 0x233fd8a313f, max_idle_ns: 440795252855 ns
[    0.412051] Calibrating delay loop (skipped), value calculated using timer frequency.. 4890.85 BogoMIPS (lpj=24454270)
[    0.413998] x86/cpu: User Mode Instruction Prevention (UMIP) activated
[    0.432002] Last level iTLB entries: 4KB 0, 2MB 0, 4MB 0
[    0.432407] Last level dTLB entries: 4KB 0, 2MB 0, 4MB 0, 1GB 0
[    0.433480] Spectre V1 : Mitigation: usercopy/swapgs barriers and __user pointer sanitization
[    0.434567] Spectre V2 : Mitigation: Retpolines
[    0.434870] Spectre V2 : Spectre v2 / SpectreRSB: Filling RSB on context switch and VMEXIT
[    0.435329] Speculative Store Bypass: Vulnerable
[    0.444032] x86/fpu: Supporting XSAVE feature 0x001: 'x87 floating point registers'
[    0.448743] x86/fpu: Supporting XSAVE feature 0x002: 'SSE registers'
[    0.449038] x86/fpu: Supporting XSAVE feature 0x004: 'AVX registers'
[    0.449322] x86/fpu: Supporting XSAVE feature 0x008: 'MPX bounds registers'
[    0.452958] x86/fpu: Supporting XSAVE feature 0x010: 'MPX CSR'
[    0.453407] x86/fpu: xstate_offset[2]:  576, xstate_sizes[2]:  256
[    0.453785] x86/fpu: xstate_offset[3]:  960, xstate_sizes[3]:   64
[    0.454052] x86/fpu: xstate_offset[4]: 1024, xstate_sizes[4]:   64
[    0.461989] x86/fpu: Enabled xstate features 0x1f, context size is 1088 bytes, using 'standard' format.
[    0.696782] Freeing SMP alternatives memory: 40K
[    0.697634] pid_max: default: 32768 minimum: 301
[    0.707113] Mount-cache hash table entries: 512 (order: 0, 4096 bytes, linear)
[    0.707533] Mountpoint-cache hash table entries: 512 (order: 0, 4096 bytes, linear)
[    0.859401] smpboot: CPU0: AMD QEMU TCG CPU version 2.5+ (family: 0x6, model: 0x6, stepping: 0x3)
[    0.862641] Performance Events: PMU not available due to virtualization, using software events only.
[    0.864283] signal: max sigframe size: 1616
[    0.883514] rcu: Hierarchical SRCU implementation.
[    0.883779] rcu: 	Max phase no-delay instances is 1000.
[    0.891885] smp: Bringing up secondary CPUs ...
[    0.894808] smp: Brought up 1 node, 1 CPU
[    0.895140] smpboot: Total of 1 processors activated (4890.85 BogoMIPS)
[    0.902607] Memory: 103276K/130540K available (14336K kernel code, 1177K rwdata, 2552K rodata, 1492K init, 1304K bss, 25620K reserved, 0K cma-reserved)
[    0.915827] clocksource: jiffies: mask: 0xffffffff max_cycles: 0xffffffff, max_idle_ns: 19112604462750000 ns
[    0.916701] futex hash table entries: 256 (order: 2, 16384 bytes, linear)
[    0.917907] pinctrl core: initialized pinctrl subsystem
[    0.937762] NET: Registered PF_NETLINK/PF_ROUTE protocol family
[    0.944020] thermal_sys: Registered thermal governor 'step_wise'
[    0.944057] thermal_sys: Registered thermal governor 'user_space'
[    0.945038] cpuidle: using governor ladder
[    0.946741] acpiphp: ACPI Hot Plug PCI Controller Driver version: 0.5
[    0.951140] PCI: Using configuration type 1 for base access
[    0.960139] cryptd: max_cpu_qlen set to 1000
[    0.966328] ACPI: Added _OSI(Module Device)
[    0.966578] ACPI: Added _OSI(Processor Device)
[    0.966775] ACPI: Added _OSI(Processor Aggregator Device)
[    0.981124] ACPI: 1 ACPI AML tables successfully acquired and loaded
[    0.998083] ACPI: Interpreter enabled
[    0.998894] ACPI: PM: (supports S0 S5)
[    0.999120] ACPI: Using IOAPIC for interrupt routing
[    0.999752] PCI: Using host bridge windows from ACPI; if necessary, use "pci=nocrs" and report a bug
[    1.000165] PCI: Using E820 reservations for host bridge windows
[    1.003780] ACPI: Enabled 2 GPEs in block 00 to 0F
[    1.043473] ACPI: PCI Root Bridge [PCI0] (domain 0000 [bus 00-ff])
[    1.044392] acpi PNP0A03:00: _OSC: OS supports [ASPM ClockPM Segments MSI HPX-Type3]
[    1.044898] acpi PNP0A03:00: _OSC: not requesting OS control; OS requires [ExtendedConfig ASPM ClockPM MSI]
[    1.045812] acpi PNP0A03:00: fail to add MMCONFIG information, can't access extended configuration space under this bridge
[    1.056529] acpiphp: Slot [3] registered
[    1.056862] acpiphp: Slot [4] registered
[    1.057155] acpiphp: Slot [5] registered
[    1.057419] acpiphp: Slot [6] registered
[    1.057686] acpiphp: Slot [7] registered
[    1.062224] acpiphp: Slot [8] registered
[    1.064140] acpiphp: Slot [9] registered
[    1.064409] acpiphp: Slot [10] registered
[    1.064685] acpiphp: Slot [11] registered
[    1.064953] acpiphp: Slot [12] registered
[    1.065234] acpiphp: Slot [13] registered
[    1.065497] acpiphp: Slot [14] registered
[    1.072290] acpiphp: Slot [15] registered
[    1.072720] acpiphp: Slot [16] registered
[    1.073154] acpiphp: Slot [17] registered
[    1.073435] acpiphp: Slot [18] registered
[    1.073706] acpiphp: Slot [19] registered
[    1.074000] acpiphp: Slot [20] registered
[    1.082225] acpiphp: Slot [21] registered
[    1.082685] acpiphp: Slot [22] registered
[    1.083043] acpiphp: Slot [23] registered
[    1.083307] acpiphp: Slot [24] registered
[    1.083569] acpiphp: Slot [25] registered
[    1.083875] acpiphp: Slot [26] registered
[    1.092235] acpiphp: Slot [27] registered
[    1.092701] acpiphp: Slot [28] registered
[    1.093093] acpiphp: Slot [29] registered
[    1.093370] acpiphp: Slot [30] registered
[    1.093666] acpiphp: Slot [31] registered
[    1.094158] PCI host bridge to bus 0000:00
[    1.102565] pci_bus 0000:00: root bus resource [io  0x0000-0x0cf7 window]
[    1.103133] pci_bus 0000:00: root bus resource [io  0x0d00-0xffff window]
[    1.103408] pci_bus 0000:00: root bus resource [mem 0x000a0000-0x000bffff window]
[    1.112046] pci_bus 0000:00: root bus resource [mem 0x08000000-0xfebfffff window]
[    1.121668] pci_bus 0000:00: root bus resource [mem 0x100000000-0x17fffffff window]
[    1.122290] pci_bus 0000:00: root bus resource [bus 00-ff]
[    1.123769] pci 0000:00:00.0: [8086:1237] type 00 class 0x060000 conventional PCI endpoint
[    1.136242] pci 0000:00:01.0: [8086:7000] type 00 class 0x060100 conventional PCI endpoint
[    1.137203] pci 0000:00:01.1: [8086:7010] type 00 class 0x010180 conventional PCI endpoint
[    1.140186] pci 0000:00:01.1: BAR 4 [io  0xc0e0-0xc0ef]
[    1.143379] pci 0000:00:01.1: BAR 0 [io  0x01f0-0x01f7]: legacy IDE quirk
[    1.143703] pci 0000:00:01.1: BAR 1 [io  0x03f6]: legacy IDE quirk
[    1.144006] pci 0000:00:01.1: BAR 2 [io  0x0170-0x0177]: legacy IDE quirk
[    1.144293] pci 0000:00:01.1: BAR 3 [io  0x0376]: legacy IDE quirk
[    1.153043] pci 0000:00:01.3: [8086:7113] type 00 class 0x068000 conventional PCI endpoint
[    1.153770] pci 0000:00:01.3: quirk: [io  0x0600-0x063f] claimed by PIIX4 ACPI
[    1.154128] pci 0000:00:01.3: quirk: [io  0x0700-0x070f] claimed by PIIX4 SMB
[    1.154955] pci 0000:00:02.0: [1234:1111] type 00 class 0x030000 conventional PCI endpoint
[    1.162896] pci 0000:00:02.0: BAR 0 [mem 0xfd000000-0xfdffffff pref]
[    1.164595] pci 0000:00:02.0: BAR 2 [mem 0xfeb90000-0xfeb90fff]
[    1.167438] pci 0000:00:02.0: ROM [mem 0xfeb80000-0xfeb8ffff pref]
[    1.172047] pci 0000:00:02.0: Video device with shadowed ROM at [mem 0x000c0000-0x000dffff]
[    1.178425] pci 0000:00:03.0: [1af4:1000] type 00 class 0x020000 conventional PCI endpoint
[    1.179855] pci 0000:00:03.0: BAR 0 [io  0xc080-0xc09f]
[    1.182503] pci 0000:00:03.0: BAR 4 [mem 0xfe000000-0xfe003fff 64bit pref]
[    1.189188] pci 0000:00:03.0: ROM [mem 0xfea80000-0xfeafffff pref]
[    1.194621] pci 0000:00:04.0: [1af4:1005] type 00 class 0x00ff00 conventional PCI endpoint
[    1.195605] pci 0000:00:04.0: BAR 0 [io  0xc0a0-0xc0bf]
[    1.196463] pci 0000:00:04.0: BAR 1 [mem 0xfeb91000-0xfeb91fff]
[    1.202706] pci 0000:00:04.0: BAR 4 [mem 0xfe004000-0xfe007fff 64bit pref]
[    1.207981] pci 0000:00:05.0: [1af4:1000] type 00 class 0x020000 conventional PCI endpoint
[    1.208958] pci 0000:00:05.0: BAR 0 [io  0xc0c0-0xc0df]
[    1.209814] pci 0000:00:05.0: BAR 1 [mem 0xfeb92000-0xfeb92fff]
[    1.212495] pci 0000:00:05.0: BAR 4 [mem 0xfe008000-0xfe00bfff 64bit pref]
[    1.214032] pci 0000:00:05.0: ROM [mem 0xfeb00000-0xfeb7ffff pref]
[    1.217668] pci 0000:00:06.0: [1af4:1001] type 00 class 0x010000 conventional PCI endpoint
[    1.221967] pci 0000:00:06.0: BAR 0 [io  0xc000-0xc07f]
[    1.222789] pci 0000:00:06.0: BAR 1 [mem 0xfeb93000-0xfeb93fff]
[    1.224607] pci 0000:00:06.0: BAR 4 [mem 0xfe00c000-0xfe00ffff 64bit pref]
[    1.233871] ACPI: PCI: Interrupt link LNKA configured for IRQ 10
[    1.234787] ACPI: PCI: Interrupt link LNKB configured for IRQ 10
[    1.235457] ACPI: PCI: Interrupt link LNKC configured for IRQ 11
[    1.236124] ACPI: PCI: Interrupt link LNKD configured for IRQ 11
[    1.236574] ACPI: PCI: Interrupt link LNKS configured for IRQ 9
[    1.246686] iommu: Default domain type: Translated
[    1.246933] iommu: DMA domain TLB invalidation policy: lazy mode
[    1.252889] SCSI subsystem initialized
[    1.254485] ACPI: bus type USB registered
[    1.255041] usbcore: registered new interface driver usbfs
[    1.256321] usbcore: registered new interface driver hub
[    1.256871] usbcore: registered new device driver usb
[    1.257483] pps_core: LinuxPPS API ver. 1 registered
[    1.257712] pps_core: Software ver. 5.3.6 - Copyright 2005-2007 Rodolfo Giometti <giometti@linux.it>
[    1.262258] PTP clock support registered
[    1.278564] PCI: Using ACPI for IRQ routing
[    1.280979] hpet0: at MMIO 0xfed00000, IRQs 2, 8, 0
[    1.281543] hpet0: 3 comparators, 64-bit 100.000000 MHz counter
[    1.286341] clocksource: Switched to clocksource tsc-early
[    1.290273] pnp: PnP ACPI init
[    1.290670] pnp: PnP ACPI: found 6 devices
[    1.304817] clocksource: acpi_pm: mask: 0xffffff max_cycles: 0xffffff, max_idle_ns: 2085701024 ns
[    1.306199] NET: Registered PF_INET protocol family
[    1.307755] IP idents hash table entries: 2048 (order: 2, 16384 bytes, linear)
[    1.313943] tcp_listen_portaddr_hash hash table entries: 256 (order: 0, 4096 bytes, linear)
[    1.315606] Table-perturb hash table entries: 65536 (order: 6, 262144 bytes, linear)
[    1.316144] TCP established hash table entries: 1024 (order: 1, 8192 bytes, linear)
[    1.316648] TCP bind hash table entries: 1024 (order: 3, 32768 bytes, linear)
[    1.326540] TCP: Hash tables configured (established 1024 bind 1024)
[    1.328619] MPTCP token hash table entries: 256 (order: 1, 6144 bytes, linear)
[    1.329181] UDP hash table entries: 256 (order: 1, 8192 bytes, linear)
[    1.329667] UDP-Lite hash table entries: 256 (order: 1, 8192 bytes, linear)
[    1.339186] NET: Registered PF_UNIX/PF_LOCAL protocol family
[    1.340616] pci_bus 0000:00: resource 4 [io  0x0000-0x0cf7 window]
[    1.340894] pci_bus 0000:00: resource 5 [io  0x0d00-0xffff window]
[    1.341151] pci_bus 0000:00: resource 6 [mem 0x000a0000-0x000bffff window]
[    1.348525] pci_bus 0000:00: resource 7 [mem 0x08000000-0xfebfffff window]
[    1.348943] pci_bus 0000:00: resource 8 [mem 0x100000000-0x17fffffff window]
[    1.349691] pci 0000:00:01.0: PIIX3: Enabling Passive Release
[    1.359801] pci 0000:00:00.0: Limiting direct PCI/PCI transfers
[    1.360217] PCI: CLS 0 bytes, default 64
[    1.380378] workingset: timestamp_bits=46 max_order=15 bucket_order=0
[    1.383152] squashfs: version 4.0 (2009/01/31) Phillip Lougher
[    1.386065] Block layer SCSI generic (bsg) driver version 0.4 loaded (major 247)
[    1.390419] hv_vmbus: registering driver hyperv_fb
[    1.394002] input: Power Button as /devices/LNXSYSTM:00/LNXPWRBN:00/input/input0
[    1.402320] ACPI: button: Power Button [PWRF]
[    1.564561] ACPI: \_SB_.LNKC: Enabled at IRQ 11
[    1.720456] ACPI: \_SB_.LNKD: Enabled at IRQ 10
[    1.875171] ACPI: \_SB_.LNKA: Enabled at IRQ 10
[    2.030409] ACPI: \_SB_.LNKB: Enabled at IRQ 11
[    2.032455] Serial: 8250/16550 driver, 16 ports, IRQ sharing enabled
[    2.057426] 00:04: ttyS0 at I/O 0x3f8 (irq = 4, base_baud = 115200) is a 16550A
[    2.084150] Non-volatile memory driver v1.3
[    2.095097] Linux agpgart interface v0.103
[    2.096162] ACPI: bus type drm_connector registered
[    2.099006] [drm] Found bochs VGA, ID 0xb0c5.
[    2.099243] [drm] Framebuffer size 16384 kB @ 0xfd000000, mmio @ 0xfeb90000.
[    2.106333] [drm] Found EDID data blob.
[    2.111720] [drm] Initialized bochs-drm 1.0.0 for 0000:00:02.0 on minor 0
[    2.180333] Console: switching to colour frame buffer device 160x50
[    2.189658] bochs-drm 0000:00:02.0: [drm] fb0: bochs-drmdrmfb frame buffer device
[    2.208757] loop: module loaded
[    2.209472] virtio_blk virtio3: 1/0/0 default/read/poll queues
[    2.230691] virtio_blk virtio3: [vda] 246784 512-byte logical blocks (126 MB/121 MiB)
[    2.239715]  vda: vda1 vda2
[    2.242070] Guest personality initialized and is inactive
[    2.242707] VMCI host device registered (name=vmci, major=10, minor=256)
[    2.243009] Initialized host personality
[    2.243417] usbcore: registered new interface driver rtsx_usb
[    2.244466] VMware PVSCSI driver - version 1.0.7.0-k
[    2.252892] hv_vmbus: registering driver hv_storvsc
[    2.268924] scsi host0: ata_piix
[    2.271591] scsi host1: ata_piix
[    2.272437] ata1: PATA max MWDMA2 cmd 0x1f0 ctl 0x3f6 bmdma 0xc0e0 irq 14 lpm-pol 0
[    2.272947] ata2: PATA max MWDMA2 cmd 0x170 ctl 0x376 bmdma 0xc0e8 irq 15 lpm-pol 0
[    2.283594] VMware vmxnet3 virtual NIC driver - version 1.9.0.0-k-NAPI
[    2.284218] hv_vmbus: registering driver hv_netvsc
[    2.284644] Fusion MPT base driver 3.04.20
[    2.284832] Copyright (c) 1999-2008 LSI Corporation
[    2.285246] Fusion MPT SPI Host driver 3.04.20
[    2.294588] Fusion MPT SAS Host driver 3.04.20
[    2.296707] usbcore: registered new interface driver usb-storage
[    2.298015] i8042: PNP: PS/2 Controller [PNP0303:KBD,PNP0f13:MOU] at 0x60,0x64 irq 1,12
[    2.301418] serio: i8042 KBD port at 0x60,0x64 irq 1
[    2.301819] serio: i8042 AUX port at 0x60,0x64 irq 12
[    2.308419] hv_vmbus: registering driver hyperv_keyboard
[    2.310954] rtc_cmos 00:05: RTC can wake from S4
[    2.316052] rtc_cmos 00:05: registered as rtc0
[    2.318865] rtc_cmos 00:05: setting system clock to 2026-03-25T02:15:20 UTC (1774404920)
[    2.321477] rtc_cmos 00:05: alarms up to one day, y3k, 242 bytes nvram, hpet irqs
[    2.324108] intel_powerclamp: CPU does not support MWAIT
[    2.326312] amd_pstate: the _CPC object is not present in SBIOS or ACPI disabled
[    2.330026] sdhci: Secure Digital Host Controller Interface driver
[    2.332081] sdhci: Copyright(c) Pierre Ossman
[    2.334442] VUB300 Driver rom wait states = 1C irqpoll timeout = 0400
[    2.341184] input: AT Translated Set 2 keyboard as /devices/platform/i8042/serio0/input/input1
[    2.365014] usbcore: registered new interface driver vub300
[    2.367255] usbcore: registered new interface driver ushc
[    2.374822] hid: raw HID events driver (C) Jiri Kosina
[    2.377553] hv_vmbus: registering driver hid_hyperv
[    2.380251] usbcore: registered new interface driver usbhid
[    2.382359] usbhid: USB HID core driver
[    2.384454] hv_utils: Registering HyperV Utility Driver
[    2.386426] hv_vmbus: registering driver hv_utils
[    2.388777] hv_vmbus: registering driver hv_balloon
[    2.392258] NET: Registered PF_INET6 protocol family
[    2.407251] Segment Routing with IPv6
[    2.409444] In-situ OAM (IOAM) with IPv6
[    2.411955] NET: Registered PF_PACKET protocol family
[    2.414419] bridge: filtering via arp/ip/ip6tables is no longer available by default. Update your scripts to load br_netfilter if you need this.
[    2.423767] 8021q: 802.1Q VLAN Support v1.8
[    2.426328] NET: Registered PF_VSOCK protocol family
[    2.435433] IPI shorthand broadcast: enabled
[    2.441462] tsc: Refined TSC clocksource calibration: 2445.431 MHz
[    2.443812] clocksource: tsc: mask: 0xffffffffffffffff max_cycles: 0x233fdc46f83, max_idle_ns: 440795225539 ns
[    2.447435] AES CTR mode by8 optimization enabled
[    2.469028] sched_clock: Marking stable (2200080371, 260486819)->(2470877908, -10310718)
[    2.504380] clocksource: Switched to clocksource tsc
[    2.511039] ata2: found unknown device (class 0)
[    2.558119] ata2.00: ATAPI: QEMU DVD-ROM, 2.5+, max UDMA/100
[    2.575152] scsi 1:0:0:0: CD-ROM            QEMU     QEMU DVD-ROM     2.5+ PQ: 0 ANSI: 5
[    2.587018] clk: Disabling unused clocks
[    2.642370] sr 1:0:0:0: [sr0] scsi3-mmc drive: 4x/4x cd/rw xa/form2 tray
[    2.644966] cdrom: Uniform CD-ROM driver Revision: 3.20
[    2.702545] VFS: Mounted root (squashfs filesystem) readonly on device 254:2.
[    2.772782] Freeing unused kernel image (initmem) memory: 1492K
[    2.775370] Write protecting the kernel read-only data: 18432k
[    2.779631] Freeing unused kernel image (rodata/data gap) memory: 1544K
[    2.782287] Run /sbin/init as init process
[    3.105492] init: Console is alive
[    3.630644] kmodloader: loading kernel modules from /etc/modules-boot.d/*
[    3.689248] button_hotplug: loading out-of-tree module taints kernel.
[    3.696263] Button Hotplug driver version 0.4.1
[    3.717179] Intel(R) 2.5G Ethernet Linux Driver
[    3.719704] Copyright(c) 2018 Intel Corporation.
[    3.735238] igb: Intel(R) Gigabit Ethernet Network Driver
[    3.737660] igb: Copyright (c) 2007-2014 Intel Corporation.
[    3.754003] e1000e: Intel(R) PRO/1000 Network Driver
[    3.756438] e1000e: Copyright(c) 1999 - 2015 Intel Corporation.
[    3.768538] kmodloader: done loading kernel modules from /etc/modules-boot.d/*
[    3.787905] init: - preinit -
[    4.821317] 8021q: adding VLAN 0 to HW filter on device eth0
Press the [f] key and hit [enter] to enter failsafe mode
Press the [1], [2], [3] or [4] key and hit [enter] to select the debug level
[    9.474772] loop0: detected capacity change from 0 to 212992
[    9.520972] loop0: detected capacity change from 212992 to 200960
[    9.534177] mount_root: overlay filesystem in /dev/loop0 has not been formatted yet
[    9.874037] EXT4-fs (loop0): mounted filesystem 0b7926d6-fc1d-4f4c-86c6-1cf5eec76f15 r/w with ordered data mode. Quota mode: disabled.
[    9.887901] mount_root: overlay filesystem has not been fully initialized yet
[    9.906349] mount_root: switching to ext4 overlay
[    9.927883] overlayfs: null uuid detected in lower fs '/', falling back to xino=off,index=off,nfs_export=off.
[   10.672343] EXT4-fs (vda1): mounted filesystem 84173db5-fa99-e35a-95c6-28613cc79ea9 r/w without journal. Quota mode: disabled.
[   10.697330] urandom-seed: Seed file not found (/etc/urandom.seed)
[   10.842726] procd: - early -
[   11.610122] procd: - ubus -
[   11.787512] procd: - init -
Please press Enter to activate this console.
root
login[1046]: root login on 'ttyS0'


BusyBox v1.37.0 (2026-03-24 00:46:35 UTC) built-in shell (ash)

  _______                     ________        __
 |       |.-----.-----.-----.|  |  |  |.----.|  |_
 |   -   ||  _  |  -__|     ||  |  |  ||   _||   _|
 |_______||   __|_____|__|__||________||__|  |____|
          |__| W I R E L E S S   F R E E D O M
 -----------------------------------------------------
 OpenWrt 25.12-SNAPSHOT, r32796-0bfaaa65d5 Dave's Guitar
 -----------------------------------------------------

 === WARNING! =====================================
 There is no root password defined on this device!
 Use the "passwd" command to set up a new password
 in order to prevent unauthorized SSH logins.
 --------------------------------------------------


 OpenWrt recently switched to the "apk" package manager!

 OPKG Command           APK Equivalent      Description
 ------------------------------------------------------------------
 opkg install <pkg>     apk add <pkg>       Install a package
 opkg remove <pkg>      apk del <pkg>       Remove a package
 opkg upgrade           apk upgrade         Upgrade all packages
 opkg files <pkg>       apk info -L <pkg>   List package contents
 opkg list-installed    apk info            List installed packages
 opkg update            apk update          Update package lists
 opkg search <pkg>      apk search <pkg>    Search for packages
 ------------------------------------------------------------------

For more information visit:
https://openwrt.org/docs/guide-user/additional-software/opkg-to-apk-cheatsheet

root@(none):~# dmesg -n 1
root@(none):~# echo 'KTNX''TLPXMU'
KTNXTLPXMU
root@(none):~# run() { echo -n "$MARKER"; sh -c "$@"; echo "$MARKER $?"; }
root@(none):~# echo 'UGFX''FXUUVK'
UGFXFXUUVK
root@(none):~# MARKER='HNNM''MBNNGV' run 'ubus wait_for network.interface.lan'
HNNMMBNNGVHNNMMBNNGV 0
root@OpenWrt:~# echo 'XCSO''XEWSCN'
XCSOXEWSCN
root@OpenWrt:~# MARKER='BQSV''WVQQXV' run 'ubus call network.interface.lan statu
s '"'"'{}'"'"''
BQSVWVQQXV{
	"up": true,
	"pending": false,
	"available": true,
	"autostart": true,
	"dynamic": false,
	"uptime": 0,
	"l3_device": "br-lan",
	"proto": "static",
	"device": "br-lan",
	"updated": [
		"addresses"
	],
	"metric": 0,
	"dns_metric": 0,
	"delegation": true,
	"ipv4-address": [
		{
			"address": "192.168.1.1",
			"mask": 24
		}
	],
	"ipv6-address": [
		
	],
	"ipv6-prefix": [
		
	],
	"ipv6-prefix-assignment": [
		{
			"address": "fd6b:3f24:9221::",
			"mask": 60,
			"local-address": {
				"address": "fd6b:3f24:9221::1",
				"mask": 60
			}
		}
	],
	"route": [
		
	],
	"dns-server": [
		
	],
	"dns-search": [
		
	],
	"neighbors": [
		
	],
	"inactive": {
		"ipv4-address": [
			
		],
		"ipv6-address": [
			
		],
		"route": [
			
		],
		"dns-server": [
			
		],
		"dns-search": [
			
		],
		"neighbors": [
			
		]
	},
	"data": {
		
	}
}
BQSVWVQQXV 0
root@OpenWrt:~# echo 'OPWY''LXHMCP'
OPWYLXHMCP
root@OpenWrt:~# MARKER='FFCZ''VCGUQN' run true
FFCZVCGUQNFFCZVCGUQN 0
root@OpenWrt:~# echo 'GQPX''VJCKQV'
GQPXVJCKQV
root@OpenWrt:~# MARKER='BJCP''LFBAXL' run 'source /etc/os-release; echo $BUILD_I
D'
BJCPLFBAXLr32796-0bfaaa65d5
BJCPLFBAXL 0
root@OpenWrt:~# echo 'MLCT''UJUVNL'
MLCTUJUVNL
root@OpenWrt:~# MARKER='YEJX''JBSVVA' run 'ls /etc/dropbear/dropbear_rsa_host_ke
y'
YEJXJBSVVA[0;0m/etc/dropbear/dropbear_rsa_host_key[m
YEJXJBSVVA 0
root@OpenWrt:~# echo 'VFXF''HPUNYU'
VFXFHPUNYU
root@OpenWrt:~# MARKER='TFFU''KKGUBY' run 'netstat -tlpn | grep 0.0.0.0:22'
TFFUKKGUBYnetstat: showing only processes with your user ID
tcp        0      0 0.0.0.0:22              0.0.0.0:*               LISTEN      1756/dropbear
TFFUKKGUBY 0
root@OpenWrt:~# echo 'GXGE''XNPUCO'
GXGEXNPUCO
root@OpenWrt:~# MARKER='NQVX''JJJWPV' run 'dmesg | grep br-lan | grep forwarding
'
NQVXJJJWPV[   31.881508] br-lan: port 1(eth0) entered forwarding state
NQVXJJJWPV 0
root@OpenWrt:~# echo 'YMAL''AEJCMW'
YMALAEJCMW
root@OpenWrt:~# MARKER='KHWF''AQLCEU' run 'ubus call network.interface.lan statu
s '"'"'{}'"'"''
KHWFAQLCEU{
	"up": true,
	"pending": false,
	"available": true,
	"autostart": true,
	"dynamic": false,
	"uptime": 8,
	"l3_device": "br-lan",
	"proto": "static",
	"device": "br-lan",
	"updated": [
		"addresses"
	],
	"metric": 0,
	"dns_metric": 0,
	"delegation": true,
	"ipv4-address": [
		{
			"address": "192.168.1.1",
			"mask": 24
		}
	],
	"ipv6-address": [
		
	],
	"ipv6-prefix": [
		
	],
	"ipv6-prefix-assignment": [
		{
			"address": "fd6b:3f24:9221::",
			"mask": 60,
			"local-address": {
				"address": "fd6b:3f24:9221::1",
				"mask": 60
			}
		}
	],
	"route": [
		
	],
	"dns-server": [
		
	],
	"dns-search": [
		
	],
	"neighbors": [
		
	],
	"inactive": {
		"ipv4-address": [
			
		],
		"ipv6-address": [
			
		],
		"route": [
			
		],
		"dns-server": [
			
		],
		"dns-search": [
			
		],
		"neighbors": [
			
		]
	},
	"data": {
		
	}
}
KHWFAQLCEU 0
root@OpenWrt:~# echo 'FZCF''QCVVKH'
FZCFQCVVKH
root@OpenWrt:~# MARKER='LEQQ''XFFQXT' run 'ip -o addr show dev br-lan'
LEQQXFFQXT4: br-lan    inet 192.168.1.1/24 brd 192.168.1.255 scope global br-lan\       valid_lft forever preferred_lft forever
4: br-lan    inet6 fd6b:3f24:9221::1/60 scope global noprefixroute \       valid_lft forever preferred_lft forever
4: br-lan    inet6 fe80::5054:ff:fe12:3456/64 scope link \       valid_lft forever preferred_lft forever
LEQQXFFQXT 0
root@OpenWrt:~# echo 'SCSJ''KTPWUX'
SCSJKTPWUX
root@OpenWrt:~# MARKER='HQGF''TQZWQY' run 'ubus call network.interface.wan statu
s '"'"'{}'"'"''
HQGFTQZWQY{
	"up": true,
	"pending": false,
	"available": true,
	"autostart": true,
	"dynamic": false,
	"uptime": 7,
	"l3_device": "eth1",
	"proto": "dhcp",
	"device": "eth1",
	"updated": [
		"addresses",
		"routes",
		"data"
	],
	"metric": 0,
	"dns_metric": 0,
	"delegation": true,
	"ipv4-address": [
		{
			"address": "10.0.2.15",
			"mask": 24
		}
	],
	"ipv6-address": [
		
	],
	"ipv6-prefix": [
		
	],
	"ipv6-prefix-assignment": [
		
	],
	"route": [
		{
			"target": "0.0.0.0",
			"mask": 0,
			"nexthop": "10.0.2.2",
			"source": "10.0.2.15/32"
		}
	],
	"dns-server": [
		"10.0.2.3"
	],
	"dns-search": [
		
	],
	"neighbors": [
		
	],
	"inactive": {
		"ipv4-address": [
			
		],
		"ipv6-address": [
			
		],
		"route": [
			
		],
		"dns-server": [
			
		],
		"dns-search": [
			
		],
		"neighbors": [
			
		]
	},
	"data": {
		"dhcpserver": "10.0.2.2",
		"leasetime": 86400
	}
}
HQGFTQZWQY 0
root@OpenWrt:~# 