Labgrid Console Logfile for main
Logfile started at 2026-04-21 03:34:20.843717
=== Log starts here ===
c[?7l[2J[0mSeaBIOS (version 1.16.3-debian-1.16.3-2)


iPXE (https://ipxe.org) 00:03.0 CA00 PCI2.10 PnP PMM+06FCAE70+06F0AE70 CA00
Press Ctrl-B to configure iPXE (PCI 00:03.0)...                                                                               




iPXE (https://ipxe.org) 00:05.0 CB00 PCI2.10 PnP PMM 06FCAE70 06F0AE70 CB00
Press Ctrl-B to configure iPXE (PCI 00:05.0)...                                                                               


Booting from Hard Disk...
GRUB loading.....
[0;30;47mWelcome to GRUB![01;01H[0m[2J[H[J[1;1H[?25l[m[H[J[1;1H[2;30HGNU GRUB  version 2.12

[m[4;2H+----------------------------------------------------------------------------+[5;2H|[5;79H|[6;2H|[6;79H|[7;2H|[7;79H|[8;2H|[8;79H|[9;2H|[9;79H|[10;2H|[10;79H|[11;2H|[11;79H|[12;2H|[12;79H|[13;2H|[13;79H|[14;2H|[14;79H|[15;2H|[15;79H|[16;2H+----------------------------------------------------------------------------+[m[17;2H[18;2H[m     Use the ^ and v keys to select which entry is highlighted.          
      Press enter to boot the selected OS, `e' to edit the commands       
      before booting or `c' for a command-line. ESC to return             
      previous menu.                                                      [5;80H [7m[5;3H*OpenWrt                                                                    [m[5;78H[m[m[6;3H OpenWrt (failsafe)                                                         [m[6;78H[m[m[7;3H                                                                            [m[7;78H[m[m[8;3H                                                                            [m[8;78H[m[m[9;3H                                                                            [m[9;78H[m[m[10;3H                                                                            [m[10;78H[m[m[11;3H                                                                            [m[11;78H[m[m[12;3H                                                                            [m[12;78H[m[m[13;3H                                                                            [m[13;78H[m[m[14;3H                                                                            [m[14;78H[m[m[15;3H                                                                            [m[15;78H[m[15;80H [5;78H[2J[02;30HGNU GRUB  version 2.12[04;02H┌────────────────────────────────────────────────────────────────────────────┐[05;02H│[05;79H│[06;02H│[06;79H│[07;02H│[07;79H│[08;02H│[08;79H│[09;02H│[09;79H│[10;02H│[10;79H│[11;02H│[11;79H│[12;02H│[12;79H│[13;02H│[13;79H│[14;02H│[14;79H│[15;02H│[15;79H│[16;02H│[16;79H│[17;02H└─────────────────────────────────────────────────────────────────────[17;71H[17;72H───────┘[19;02H     Use the ↑ and ↓ keys to select which entry is highlighted.          
      Press enter to boot the selected OS, `e' to edit the commands       
      before booting or `c' for a command-line. ESC to return             
      previous menu.                                                      [05;80H [05;03H[0;30;47m*OpenWrt                                                                    [06;03H[0m OpenWrt (failsafe)                                                         [07;03H                                                                            [08;03H                                                                            [09;03H                                                                            [10;03H                                                                            [11;03H                      [11;24H[11;25H                                                      [12;03H                                                                            [13;03H                                                                            [14;03H                                                                            [15;03H                                [15;34H[15;35H                                            [16;03H                                                                            [16;80H 






   The highlighted entry will be executed automatically in 5s.                [22;1H   The highlighted entry will be executed automatically in 5s.                 [5;78H [05;78H

















   The highlighted entry will be executed automatically in 4s.                [22;1H   The highlighted entry will be executed automatically in 4s.                 [5;78H [05;78H

















   The highlighted entry will be executed automatically in 3s.                [22;1H   The highlighted entry will be executed automatically in 3s.                 [5;78H [05;78H

















   The highlighted entry will be executed automatically in 2s.                [22;1H   The highlighted entry will be executed automatically in 2s.                 [5;78H [05;78H

















   The highlighted entry will be executed automatical[23;53H[23;54Hly in 1s.                [22;1H   The highlighted entry will be executed automatically in 1s.                 [5;78H [05;78H

















   The highlighted entry will be executed automatically in 0s.                [22;1H   The highlighted entry will be executed automatically in 0s.                 [5;78H [01;01H[2J[?25h[H[J[1;1H[H[J[1;1H[2J   Booting `OpenWrt' Booting `OpenWrt

'

[    0.000000] Linux version 6.12.79 (builder@buildhost) (x86_64-openwrt-linux-musl-gcc (OpenWrt GCC 14.3.0 r32873-37326a2aa3) 14.3.0, GNU ld (GNU Binutils) 2.44) #0 SMP Mon Apr 20 14:43:23 2026
[    0.000000] Command line: BOOT_IMAGE=/boot/vmlinuz root=PARTUUID=19450b54-02 rootwait console=tty1 console=ttyS0,115200n8 noinitrd
[    0.000000] BIOS-provided physical RAM map:
[    0.000000] BIOS-e820: [mem 0x0000000000000000-0x000000000009fbff] usable
[    0.000000] BIOS-e820: [mem 0x000000000009fc00-0x000000000009ffff] reserved
[    0.000000] BIOS-e820: [mem 0x00000000000f0000-0x00000000000fffff] reserved
[    0.000000] BIOS-e820: [mem 0x0000000000100000-0x0000000007fdcfff] usable
[    0.000000] BIOS-e820: [mem 0x0000000007fdd000-0x0000000007ffffff] reserved
[    0.000000] BIOS-e820: [mem 0x00000000fffc0000-0x00000000ffffffff] reserved
[    0.000000] BIOS-e820: [mem 0x000000fd00000000-0x000000ffffffffff] reserved
[    0.000000] NX (Execute Disable) protection: active
[    0.000000] APIC: Static calls initialized
[    0.000000] SMBIOS 3.0.0 present.
[    0.000000] DMI: QEMU Standard PC (i440FX + PIIX, 1996), BIOS 1.16.3-debian-1.16.3-2 04/01/2014
[    0.000000] DMI: Memory slots populated: 1/1
[    0.000000] tsc: Fast TSC calibration using PIT
[    0.000000] tsc: Detected 2596.057 MHz processor
[    0.007664] last_pfn = 0x7fdd max_arch_pfn = 0x400000000
[    0.008315] MTRR map: 4 entries (3 fixed + 1 variable; max 19), built from 8 variable MTRRs
[    0.008478] x86/PAT: Configuration [0-7]: WB  WC  UC- UC  WB  WP  UC- WT  
[    0.026883] found SMP MP-table at [mem 0x000f5460-0x000f546f]
[    0.028298] Using GB pages for direct mapping
[    0.032988] ACPI: Early table checksum verification disabled
[    0.033360] ACPI: RSDP 0x00000000000F5290 000014 (v00 BOCHS )
[    0.033681] ACPI: RSDT 0x0000000007FE1C64 000034 (v01 BOCHS  BXPC     00000001 BXPC 00000001)
[    0.034196] ACPI: FACP 0x0000000007FE1B18 000074 (v01 BOCHS  BXPC     00000001 BXPC 00000001)
[    0.034781] ACPI: DSDT 0x0000000007FE0040 001AD8 (v01 BOCHS  BXPC     00000001 BXPC 00000001)
[    0.034856] ACPI: FACS 0x0000000007FE0000 000040
[    0.034903] ACPI: APIC 0x0000000007FE1B8C 000078 (v03 BOCHS  BXPC     00000001 BXPC 00000001)
[    0.034922] ACPI: HPET 0x0000000007FE1C04 000038 (v01 BOCHS  BXPC     00000001 BXPC 00000001)
[    0.034940] ACPI: WAET 0x0000000007FE1C3C 000028 (v01 BOCHS  BXPC     00000001 BXPC 00000001)
[    0.035013] ACPI: Reserving FACP table memory at [mem 0x7fe1b18-0x7fe1b8b]
[    0.035075] ACPI: Reserving DSDT table memory at [mem 0x7fe0040-0x7fe1b17]
[    0.035082] ACPI: Reserving FACS table memory at [mem 0x7fe0000-0x7fe003f]
[    0.035087] ACPI: Reserving APIC table memory at [mem 0x7fe1b8c-0x7fe1c03]
[    0.035093] ACPI: Reserving HPET table memory at [mem 0x7fe1c04-0x7fe1c3b]
[    0.035098] ACPI: Reserving WAET table memory at [mem 0x7fe1c3c-0x7fe1c63]
[    0.038182] Zone ranges:
[    0.038211]   DMA      [mem 0x0000000000001000-0x0000000000ffffff]
[    0.038290]   DMA32    [mem 0x0000000001000000-0x0000000007fdcfff]
[    0.038299]   Normal   empty
[    0.038317] Movable zone start for each node
[    0.038350] Early memory node ranges
[    0.038377]   node   0: [mem 0x0000000000001000-0x000000000009efff]
[    0.038430]   node   0: [mem 0x0000000000100000-0x0000000007fdcfff]
[    0.038555] Initmem setup node 0 [mem 0x0000000000001000-0x0000000007fdcfff]
[    0.039628] On node 0, zone DMA: 1 pages in unavailable ranges
[    0.040123] On node 0, zone DMA: 97 pages in unavailable ranges
[    0.042219] On node 0, zone DMA32: 35 pages in unavailable ranges
[    0.042568] ACPI: PM-Timer IO Port: 0x608
[    0.042966] ACPI: LAPIC_NMI (acpi_id[0xff] dfl dfl lint[0x1])
[    0.043392] IOAPIC[0]: apic_id 0, version 32, address 0xfec00000, GSI 0-23
[    0.043516] ACPI: INT_SRC_OVR (bus 0 bus_irq 0 global_irq 2 dfl dfl)
[    0.043766] ACPI: INT_SRC_OVR (bus 0 bus_irq 5 global_irq 5 high level)
[    0.043812] ACPI: INT_SRC_OVR (bus 0 bus_irq 9 global_irq 9 high level)
[    0.043905] ACPI: INT_SRC_OVR (bus 0 bus_irq 10 global_irq 10 high level)
[    0.043913] ACPI: INT_SRC_OVR (bus 0 bus_irq 11 global_irq 11 high level)
[    0.044103] ACPI: Using ACPI (MADT) for SMP configuration information
[    0.044145] ACPI: HPET id: 0x8086a201 base: 0xfed00000
[    0.044542] CPU topo: Max. logical packages:   1
[    0.044556] CPU topo: Max. logical dies:       1
[    0.044565] CPU topo: Max. dies per package:   1
[    0.044611] CPU topo: Max. threads per core:   1
[    0.044760] CPU topo: Num. cores per package:     1
[    0.044774] CPU topo: Num. threads per package:   1
[    0.044782] CPU topo: Allowing 1 present CPUs plus 0 hotplug CPUs
[    0.045980] [mem 0x08000000-0xfffbffff] available for PCI devices
[    0.046061] Booting paravirtualized kernel on bare hardware
[    0.046377] clocksource: refined-jiffies: mask: 0xffffffff max_cycles: 0xffffffff, max_idle_ns: 19112604462750000 ns
[    0.047067] setup_percpu: NR_CPUS:512 nr_cpumask_bits:1 nr_cpu_ids:1 nr_node_ids:1
[    0.048936] percpu: Embedded 48 pages/cpu s158104 r8192 d30312 u2097152
[    0.051271] Kernel command line: BOOT_IMAGE=/boot/vmlinuz root=PARTUUID=19450b54-02 rootwait console=tty1 console=ttyS0,115200n8 noinitrd
[    0.052929] random: crng init done
[    0.058117] Dentry cache hash table entries: 16384 (order: 5, 131072 bytes, linear)
[    0.059172] Inode-cache hash table entries: 8192 (order: 4, 65536 bytes, linear)
[    0.061977] Built 1 zonelists, mobility grouping on.  Total pages: 32635
[    0.062218] mem auto-init: stack:off, heap alloc:off, heap free:off
[    0.072253] SLUB: HWalign=64, Order=0-3, MinObjects=0, CPUs=1, Nodes=1
[    0.080106] rcu: Hierarchical RCU implementation.
[    0.080136] rcu: 	RCU restricting CPUs from NR_CPUS=512 to nr_cpu_ids=1.
[    0.080286] 	Tracing variant of Tasks RCU enabled.
[    0.080376] rcu: RCU calculated value of scheduler-enlistment delay is 10 jiffies.
[    0.080406] rcu: Adjusting geometry for rcu_fanout_leaf=16, nr_cpu_ids=1
[    0.081565] RCU Tasks Trace: Setting shift to 0 and lim to 1 rcu_task_cb_adjust=1 rcu_task_cpu_ids=1.
[    0.081694] NR_IRQS: 33024, nr_irqs: 256, preallocated irqs: 16
[    0.090650] rcu: srcu_init: Setting srcu_struct sizes based on contention.
[    0.097642] Console: colour VGA+ 80x25
[    0.098088] printk: legacy console [tty1] enabled
[    0.105923] printk: legacy console [ttyS0] enabled
[    0.357641] ACPI: Core revision 20240827
[    0.363017] clocksource: hpet: mask: 0xffffffff max_cycles: 0xffffffff, max_idle_ns: 19112604467 ns
[    0.367727] APIC: Switch to symmetric I/O mode setup
[    0.372343] ..TIMER: vector=0x30 apic1=0 pin1=2 apic2=-1 pin2=-1
[    0.414891] clocksource: tsc-early: mask: 0xffffffffffffffff max_cycles: 0x256baf54720, max_idle_ns: 440795251837 ns
[    0.415651] Calibrating delay loop (skipped), value calculated using timer frequency.. 5192.11 BogoMIPS (lpj=25960570)
[    0.417610] x86/cpu: User Mode Instruction Prevention (UMIP) activated
[    0.435709] Last level iTLB entries: 4KB 0, 2MB 0, 4MB 0
[    0.436161] Last level dTLB entries: 4KB 0, 2MB 0, 4MB 0, 1GB 0
[    0.437236] Spectre V1 : Mitigation: usercopy/swapgs barriers and __user pointer sanitization
[    0.438181] Spectre V2 : Mitigation: Retpolines
[    0.438427] Spectre V2 : Spectre v2 / SpectreRSB: Filling RSB on context switch and VMEXIT
[    0.438838] Speculative Store Bypass: Vulnerable
[    0.440840] x86/fpu: Supporting XSAVE feature 0x001: 'x87 floating point registers'
[    0.447822] x86/fpu: Supporting XSAVE feature 0x002: 'SSE registers'
[    0.448094] x86/fpu: Supporting XSAVE feature 0x004: 'AVX registers'
[    0.448319] x86/fpu: Supporting XSAVE feature 0x008: 'MPX bounds registers'
[    0.448602] x86/fpu: Supporting XSAVE feature 0x010: 'MPX CSR'
[    0.455766] x86/fpu: xstate_offset[2]:  576, xstate_sizes[2]:  256
[    0.456168] x86/fpu: xstate_offset[3]:  960, xstate_sizes[3]:   64
[    0.456385] x86/fpu: xstate_offset[4]: 1024, xstate_sizes[4]:   64
[    0.456627] x86/fpu: Enabled xstate features 0x1f, context size is 1088 bytes, using 'standard' format.
[    0.692072] Freeing SMP alternatives memory: 40K
[    0.692935] pid_max: default: 32768 minimum: 301
[    0.701882] Mount-cache hash table entries: 512 (order: 0, 4096 bytes, linear)
[    0.702316] Mountpoint-cache hash table entries: 512 (order: 0, 4096 bytes, linear)
[    0.855296] smpboot: CPU0: AMD QEMU TCG CPU version 2.5+ (family: 0x6, model: 0x6, stepping: 0x3)
[    0.883082] Performance Events: PMU not available due to virtualization, using software events only.
[    0.884625] signal: max sigframe size: 1616
[    0.886469] rcu: Hierarchical SRCU implementation.
[    0.886722] rcu: 	Max phase no-delay instances is 1000.
[    0.892144] smp: Bringing up secondary CPUs ...
[    0.896932] smp: Brought up 1 node, 1 CPU
[    0.897254] smpboot: Total of 1 processors activated (5192.11 BogoMIPS)
[    0.904458] Memory: 103208K/130540K available (14336K kernel code, 1177K rwdata, 2556K rodata, 1492K init, 1304K bss, 25620K reserved, 0K cma-reserved)
[    0.918479] clocksource: jiffies: mask: 0xffffffff max_cycles: 0xffffffff, max_idle_ns: 19112604462750000 ns
[    0.919388] futex hash table entries: 256 (order: 2, 16384 bytes, linear)
[    0.920837] pinctrl core: initialized pinctrl subsystem
[    0.938268] NET: Registered PF_NETLINK/PF_ROUTE protocol family
[    0.944376] thermal_sys: Registered thermal governor 'step_wise'
[    0.944422] thermal_sys: Registered thermal governor 'user_space'
[    0.945406] cpuidle: using governor ladder
[    0.947297] acpiphp: ACPI Hot Plug PCI Controller Driver version: 0.5
[    0.951641] PCI: Using configuration type 1 for base access
[    0.961218] cryptd: max_cpu_qlen set to 1000
[    0.967251] ACPI: Added _OSI(Module Device)
[    0.967488] ACPI: Added _OSI(Processor Device)
[    0.967660] ACPI: Added _OSI(Processor Aggregator Device)
[    0.981305] ACPI: 1 ACPI AML tables successfully acquired and loaded
[    0.998565] ACPI: Interpreter enabled
[    0.999387] ACPI: PM: (supports S0 S5)
[    0.999618] ACPI: Using IOAPIC for interrupt routing
[    1.000196] PCI: Using host bridge windows from ACPI; if necessary, use "pci=nocrs" and report a bug
[    1.000586] PCI: Using E820 reservations for host bridge windows
[    1.007316] ACPI: Enabled 2 GPEs in block 00 to 0F
[    1.041134] ACPI: PCI Root Bridge [PCI0] (domain 0000 [bus 00-ff])
[    1.042084] acpi PNP0A03:00: _OSC: OS supports [ASPM ClockPM Segments MSI HPX-Type3]
[    1.042578] acpi PNP0A03:00: _OSC: not requesting OS control; OS requires [ExtendedConfig ASPM ClockPM MSI]
[    1.043473] acpi PNP0A03:00: fail to add MMCONFIG information, can't access extended configuration space under this bridge
[    1.056945] acpiphp: Slot [3] registered
[    1.057269] acpiphp: Slot [4] registered
[    1.057516] acpiphp: Slot [5] registered
[    1.057767] acpiphp: Slot [6] registered
[    1.063208] acpiphp: Slot [7] registered
[    1.063613] acpiphp: Slot [8] registered
[    1.065073] acpiphp: Slot [9] registered
[    1.065314] acpiphp: Slot [10] registered
[    1.065684] acpiphp: Slot [11] registered
[    1.065934] acpiphp: Slot [12] registered
[    1.074312] acpiphp: Slot [13] registered
[    1.074718] acpiphp: Slot [14] registered
[    1.075016] acpiphp: Slot [15] registered
[    1.075269] acpiphp: Slot [16] registered
[    1.075560] acpiphp: Slot [17] registered
[    1.075838] acpiphp: Slot [18] registered
[    1.085420] acpiphp: Slot [19] registered
[    1.085732] acpiphp: Slot [20] registered
[    1.086039] acpiphp: Slot [21] registered
[    1.086281] acpiphp: Slot [22] registered
[    1.086528] acpiphp: Slot [23] registered
[    1.086752] acpiphp: Slot [24] registered
[    1.086977] acpiphp: Slot [25] registered
[    1.095915] acpiphp: Slot [26] registered
[    1.096268] acpiphp: Slot [27] registered
[    1.096513] acpiphp: Slot [28] registered
[    1.096776] acpiphp: Slot [29] registered
[    1.097007] acpiphp: Slot [30] registered
[    1.097229] acpiphp: Slot [31] registered
[    1.106071] PCI host bridge to bus 0000:00
[    1.106667] pci_bus 0000:00: root bus resource [io  0x0000-0x0cf7 window]
[    1.107053] pci_bus 0000:00: root bus resource [io  0x0d00-0xffff window]
[    1.107287] pci_bus 0000:00: root bus resource [mem 0x000a0000-0x000bffff window]
[    1.115716] pci_bus 0000:00: root bus resource [mem 0x08000000-0xfebfffff window]
[    1.116116] pci_bus 0000:00: root bus resource [mem 0x100000000-0x17fffffff window]
[    1.116618] pci_bus 0000:00: root bus resource [bus 00-ff]
[    1.118076] pci 0000:00:00.0: [8086:1237] type 00 class 0x060000 conventional PCI endpoint
[    1.129656] pci 0000:00:01.0: [8086:7000] type 00 class 0x060100 conventional PCI endpoint
[    1.130556] pci 0000:00:01.1: [8086:7010] type 00 class 0x010180 conventional PCI endpoint
[    1.138178] pci 0000:00:01.1: BAR 4 [io  0xc0e0-0xc0ef]
[    1.142179] pci 0000:00:01.1: BAR 0 [io  0x01f0-0x01f7]: legacy IDE quirk
[    1.142502] pci 0000:00:01.1: BAR 1 [io  0x03f6]: legacy IDE quirk
[    1.142751] pci 0000:00:01.1: BAR 2 [io  0x0170-0x0177]: legacy IDE quirk
[    1.143007] pci 0000:00:01.1: BAR 3 [io  0x0376]: legacy IDE quirk
[    1.146569] pci 0000:00:01.3: [8086:7113] type 00 class 0x068000 conventional PCI endpoint
[    1.147272] pci 0000:00:01.3: quirk: [io  0x0600-0x063f] claimed by PIIX4 ACPI
[    1.147584] pci 0000:00:01.3: quirk: [io  0x0700-0x070f] claimed by PIIX4 SMB
[    1.156350] pci 0000:00:02.0: [1234:1111] type 00 class 0x030000 conventional PCI endpoint
[    1.157242] pci 0000:00:02.0: BAR 0 [mem 0xfd000000-0xfdffffff pref]
[    1.166355] pci 0000:00:02.0: BAR 2 [mem 0xfeb90000-0xfeb90fff]
[    1.169444] pci 0000:00:02.0: ROM [mem 0xfeb80000-0xfeb8ffff pref]
[    1.174346] pci 0000:00:02.0: Video device with shadowed ROM at [mem 0x000c0000-0x000dffff]
[    1.175634] pci 0000:00:03.0: [1af4:1000] type 00 class 0x020000 conventional PCI endpoint
[    1.177114] pci 0000:00:03.0: BAR 0 [io  0xc080-0xc09f]
[    1.187049] pci 0000:00:03.0: BAR 4 [mem 0xfe000000-0xfe003fff 64bit pref]
[    1.188493] pci 0000:00:03.0: ROM [mem 0xfea80000-0xfeafffff pref]
[    1.193096] pci 0000:00:04.0: [1af4:1005] type 00 class 0x00ff00 conventional PCI endpoint
[    1.194175] pci 0000:00:04.0: BAR 0 [io  0xc0a0-0xc0bf]
[    1.196515] pci 0000:00:04.0: BAR 1 [mem 0xfeb91000-0xfeb91fff]
[    1.199945] pci 0000:00:04.0: BAR 4 [mem 0xfe004000-0xfe007fff 64bit pref]
[    1.203994] pci 0000:00:05.0: [1af4:1000] type 00 class 0x020000 conventional PCI endpoint
[    1.205543] pci 0000:00:05.0: BAR 0 [io  0xc0c0-0xc0df]
[    1.208677] pci 0000:00:05.0: BAR 1 [mem 0xfeb92000-0xfeb92fff]
[    1.212125] pci 0000:00:05.0: BAR 4 [mem 0xfe008000-0xfe00bfff 64bit pref]
[    1.212977] pci 0000:00:05.0: ROM [mem 0xfeb00000-0xfeb7ffff pref]
[    1.216333] pci 0000:00:06.0: [1af4:1001] type 00 class 0x010000 conventional PCI endpoint
[    1.219068] pci 0000:00:06.0: BAR 0 [io  0xc000-0xc07f]
[    1.219954] pci 0000:00:06.0: BAR 1 [mem 0xfeb93000-0xfeb93fff]
[    1.223134] pci 0000:00:06.0: BAR 4 [mem 0xfe00c000-0xfe00ffff 64bit pref]
[    1.231168] ACPI: PCI: Interrupt link LNKA configured for IRQ 10
[    1.232024] ACPI: PCI: Interrupt link LNKB configured for IRQ 10
[    1.232578] ACPI: PCI: Interrupt link LNKC configured for IRQ 11
[    1.233104] ACPI: PCI: Interrupt link LNKD configured for IRQ 11
[    1.233469] ACPI: PCI: Interrupt link LNKS configured for IRQ 9
[    1.238910] iommu: Default domain type: Translated
[    1.239137] iommu: DMA domain TLB invalidation policy: lazy mode
[    1.247945] SCSI subsystem initialized
[    1.249401] ACPI: bus type USB registered
[    1.249914] usbcore: registered new interface driver usbfs
[    1.253086] usbcore: registered new interface driver hub
[    1.253550] usbcore: registered new device driver usb
[    1.254072] pps_core: LinuxPPS API ver. 1 registered
[    1.254272] pps_core: Software ver. 5.3.6 - Copyright 2005-2007 Rodolfo Giometti <giometti@linux.it>
[    1.255858] PTP clock support registered
[    1.275686] PCI: Using ACPI for IRQ routing
[    1.278074] hpet0: at MMIO 0xfed00000, IRQs 2, 8, 0
[    1.278365] hpet0: 3 comparators, 64-bit 100.000000 MHz counter
[    1.283082] clocksource: Switched to clocksource tsc-early
[    1.283082] pnp: PnP ACPI init
[    1.283082] pnp: PnP ACPI: found 6 devices
[    1.296281] clocksource: acpi_pm: mask: 0xffffff max_cycles: 0xffffff, max_idle_ns: 2085701024 ns
[    1.297678] NET: Registered PF_INET protocol family
[    1.299277] IP idents hash table entries: 2048 (order: 2, 16384 bytes, linear)
[    1.304831] tcp_listen_portaddr_hash hash table entries: 256 (order: 0, 4096 bytes, linear)
[    1.307079] Table-perturb hash table entries: 65536 (order: 6, 262144 bytes, linear)
[    1.307498] TCP established hash table entries: 1024 (order: 1, 8192 bytes, linear)
[    1.307939] TCP bind hash table entries: 1024 (order: 3, 32768 bytes, linear)
[    1.317841] TCP: Hash tables configured (established 1024 bind 1024)
[    1.319664] MPTCP token hash table entries: 256 (order: 1, 6144 bytes, linear)
[    1.320195] UDP hash table entries: 256 (order: 1, 8192 bytes, linear)
[    1.320649] UDP-Lite hash table entries: 256 (order: 1, 8192 bytes, linear)
[    1.329967] NET: Registered PF_UNIX/PF_LOCAL protocol family
[    1.331166] pci_bus 0000:00: resource 4 [io  0x0000-0x0cf7 window]
[    1.331428] pci_bus 0000:00: resource 5 [io  0x0d00-0xffff window]
[    1.331652] pci_bus 0000:00: resource 6 [mem 0x000a0000-0x000bffff window]
[    1.339514] pci_bus 0000:00: resource 7 [mem 0x08000000-0xfebfffff window]
[    1.339797] pci_bus 0000:00: resource 8 [mem 0x100000000-0x17fffffff window]
[    1.340514] pci 0000:00:01.0: PIIX3: Enabling Passive Release
[    1.340826] pci 0000:00:00.0: Limiting direct PCI/PCI transfers
[    1.350591] PCI: CLS 0 bytes, default 64
[    1.369535] workingset: timestamp_bits=46 max_order=15 bucket_order=0
[    1.372028] squashfs: version 4.0 (2009/01/31) Phillip Lougher
[    1.374762] Block layer SCSI generic (bsg) driver version 0.4 loaded (major 247)
[    1.378193] hv_vmbus: registering driver hyperv_fb
[    1.383315] input: Power Button as /devices/LNXSYSTM:00/LNXPWRBN:00/input/input0
[    1.390707] ACPI: button: Power Button [PWRF]
[    1.529909] ACPI: \_SB_.LNKC: Enabled at IRQ 11
[    1.662710] ACPI: \_SB_.LNKD: Enabled at IRQ 10
[    1.800395] ACPI: \_SB_.LNKA: Enabled at IRQ 10
[    1.932200] ACPI: \_SB_.LNKB: Enabled at IRQ 11
[    1.934242] Serial: 8250/16550 driver, 16 ports, IRQ sharing enabled
[    1.959667] 00:04: ttyS0 at I/O 0x3f8 (irq = 4, base_baud = 115200) is a 16550A
[    1.981781] Non-volatile memory driver v1.3
[    1.993008] Linux agpgart interface v0.103
[    1.994012] ACPI: bus type drm_connector registered
[    1.997060] [drm] Found bochs VGA, ID 0xb0c5.
[    1.997286] [drm] Framebuffer size 16384 kB @ 0xfd000000, mmio @ 0xfeb90000.
[    2.002738] [drm] Found EDID data blob.
[    2.008248] [drm] Initialized bochs-drm 1.0.0 for 0000:00:02.0 on minor 0
[    2.070107] Console: switching to colour frame buffer device 160x50
[    2.080197] bochs-drm 0000:00:02.0: [drm] fb0: bochs-drmdrmfb frame buffer device
[    2.097852] loop: module loaded
[    2.098583] virtio_blk virtio3: 1/0/0 default/read/poll queues
[    2.115541] virtio_blk virtio3: [vda] 246784 512-byte logical blocks (126 MB/121 MiB)
[    2.125554]  vda: vda1 vda2
[    2.127878] Guest personality initialized and is inactive
[    2.128520] VMCI host device registered (name=vmci, major=10, minor=256)
[    2.128802] Initialized host personality
[    2.129160] usbcore: registered new interface driver rtsx_usb
[    2.130060] VMware PVSCSI driver - version 1.0.7.0-k
[    2.138762] hv_vmbus: registering driver hv_storvsc
[    2.152991] scsi host0: ata_piix
[    2.155542] scsi host1: ata_piix
[    2.156358] ata1: PATA max MWDMA2 cmd 0x1f0 ctl 0x3f6 bmdma 0xc0e0 irq 14 lpm-pol 0
[    2.156710] ata2: PATA max MWDMA2 cmd 0x170 ctl 0x376 bmdma 0xc0e8 irq 15 lpm-pol 0
[    2.166883] VMware vmxnet3 virtual NIC driver - version 1.9.0.0-k-NAPI
[    2.167497] hv_vmbus: registering driver hv_netvsc
[    2.167881] Fusion MPT base driver 3.04.20
[    2.168049] Copyright (c) 1999-2008 LSI Corporation
[    2.168472] Fusion MPT SPI Host driver 3.04.20
[    2.177938] Fusion MPT SAS Host driver 3.04.20
[    2.180036] usbcore: registered new interface driver usb-storage
[    2.181278] i8042: PNP: PS/2 Controller [PNP0303:KBD,PNP0f13:MOU] at 0x60,0x64 irq 1,12
[    2.184797] serio: i8042 KBD port at 0x60,0x64 irq 1
[    2.185199] serio: i8042 AUX port at 0x60,0x64 irq 12
[    2.191953] hv_vmbus: registering driver hyperv_keyboard
[    2.194784] rtc_cmos 00:05: RTC can wake from S4
[    2.200220] rtc_cmos 00:05: registered as rtc0
[    2.202950] rtc_cmos 00:05: setting system clock to 2026-04-21T03:34:31 UTC (1776742471)
[    2.205667] rtc_cmos 00:05: alarms up to one day, y3k, 242 bytes nvram, hpet irqs
[    2.208382] intel_powerclamp: CPU does not support MWAIT
[    2.213238] amd_pstate: the _CPC object is not present in SBIOS or ACPI disabled
[    2.215974] sdhci: Secure Digital Host Controller Interface driver
[    2.218054] sdhci: Copyright(c) Pierre Ossman
[    2.220429] VUB300 Driver rom wait states = 1C irqpoll timeout = 0400
[    2.228065] input: AT Translated Set 2 keyboard as /devices/platform/i8042/serio0/input/input1
[    2.248487] usbcore: registered new interface driver vub300
[    2.250863] usbcore: registered new interface driver ushc
[    2.258534] hid: raw HID events driver (C) Jiri Kosina
[    2.261359] hv_vmbus: registering driver hid_hyperv
[    2.264236] usbcore: registered new interface driver usbhid
[    2.266579] usbhid: USB HID core driver
[    2.268802] hv_utils: Registering HyperV Utility Driver
[    2.270929] hv_vmbus: registering driver hv_utils
[    2.273529] hv_vmbus: registering driver hv_balloon
[    2.277261] NET: Registered PF_INET6 protocol family
[    2.291882] Segment Routing with IPv6
[    2.294206] In-situ OAM (IOAM) with IPv6
[    2.296942] NET: Registered PF_PACKET protocol family
[    2.299529] bridge: filtering via arp/ip/ip6tables is no longer available by default. Update your scripts to load br_netfilter if you need this.
[    2.308552] 8021q: 802.1Q VLAN Support v1.8
[    2.311304] NET: Registered PF_VSOCK protocol family
[    2.320384] IPI shorthand broadcast: enabled
[    2.327211] AES CTR mode by8 optimization enabled
[    2.345177] sched_clock: Marking stable (2080083915, 264298801)->(2360034346, -15651630)
[    2.394958] ata2: found unknown device (class 0)
[    2.417131] ata2.00: ATAPI: QEMU DVD-ROM, 2.5+, max UDMA/100
[    2.434069] scsi 1:0:0:0: CD-ROM            QEMU     QEMU DVD-ROM     2.5+ PQ: 0 ANSI: 5
[    2.445469] clk: Disabling unused clocks
[    2.450094] tsc: Refined TSC clocksource calibration: 2596.076 MHz
[    2.452630] clocksource: tsc: mask: 0xffffffffffffffff max_cycles: 0x256bc11b77e, max_idle_ns: 440795228362 ns
[    2.455528] clocksource: Switched to clocksource tsc
[    2.496241] sr 1:0:0:0: [sr0] scsi3-mmc drive: 4x/4x cd/rw xa/form2 tray
[    2.499009] cdrom: Uniform CD-ROM driver Revision: 3.20
[    2.557464] VFS: Mounted root (squashfs filesystem) readonly on device 254:2.
[    2.633634] Freeing unused kernel image (initmem) memory: 1492K
[    2.636560] Write protecting the kernel read-only data: 18432k
[    2.640728] Freeing unused kernel image (rodata/data gap) memory: 1540K
[    2.643384] Run /sbin/init as init process
[    2.921627] init: Console is alive
[    3.582092] kmodloader: loading kernel modules from /etc/modules-boot.d/*
[    3.643464] button_hotplug: loading out-of-tree module taints kernel.
[    3.650481] Button Hotplug driver version 0.4.1
[    3.670112] Intel(R) 2.5G Ethernet Linux Driver
[    3.672658] Copyright(c) 2018 Intel Corporation.
[    3.687443] igb: Intel(R) Gigabit Ethernet Network Driver
[    3.690130] igb: Copyright (c) 2007-2014 Intel Corporation.
[    3.706199] e1000e: Intel(R) PRO/1000 Network Driver
[    3.708858] e1000e: Copyright(c) 1999 - 2015 Intel Corporation.
[    3.720650] kmodloader: done loading kernel modules from /etc/modules-boot.d/*
[    3.740495] init: - preinit -
[    4.712870] 8021q: adding VLAN 0 to HW filter on device eth0
Press the [f] key and hit [enter] to enter failsafe mode
Press the [1], [2], [3] or [4] key and hit [enter] to select the debug level

[    9.357643] loop0: detected capacity change from 0 to 212992
[    9.404783] loop0: detected capacity change from 212992 to 199808
[    9.418324] mount_root: overlay filesystem in /dev/loop0 has not been formatted yet
[    9.731129] EXT4-fs (loop0): mounted filesystem 0123fa72-444f-4136-a687-54364151ae60 r/w with ordered data mode. Quota mode: disabled.
[    9.745280] mount_root: overlay filesystem has not been fully initialized yet
[    9.763297] mount_root: switching to ext4 overlay
[    9.784154] overlayfs: null uuid detected in lower fs '/', falling back to xino=off,index=off,nfs_export=off.
[   10.524266] EXT4-fs (vda1): mounted filesystem 84173db5-fa99-e35a-95c6-28613cc79ea9 r/w without journal. Quota mode: disabled.
[   10.549053] urandom-seed: Seed file not found (/etc/urandom.seed)
[   10.692600] procd: - early -
[   11.412494] procd: - ubus -
[   11.522979] procd: - init -
Please press Enter to activate this console.
root
login[1047]: root login on 'ttyS0'


BusyBox v1.37.0 (2026-04-16 19:21:04 UTC) built-in shell (ash)

  _______                     ________        __
 |       |.-----.-----.-----.|  |  |  |.----.|  |_
 |   -   ||  _  |  -__|     ||  |  |  ||   _||   _|
 |_______||   __|_____|__|__||________||__|  |____|
          |__| W I R E L E S S   F R E E D O M
 -----------------------------------------------------
 OpenWrt 25.12-SNAPSHOT, r32873-37326a2aa3 Dave's Guitar
 -----------------------------------------------------

 === WARNING! =====================================
 There is no root password defined on this device!
 Use the "passwd" command to set up a new password
 in order to prevent unauthorized SSH logins.
 --------------------------------------------------

  ___   __ __                _______             __
 |   |_|__|  |--.----.-----.|   |   |-----.-----|  |--.
 |     |  |  _  |   _|  -__||       |  -__|__ --|     |
 |_____|__|_____|__| |_____||__|_|__|_____|_____|__|__|

 ------------------------------------------------------
 LiMe master development (master rev. aebe482 20260416_0843)
 ------------------------------------------------------
 https://libremesh.org
 ------------------------------------------------------

 OpenWrt recently switched to the "apk" package manager!

 OPKG Command           APK Equivalent      Description
 ------------------------------------------------------------------
 opkg install <pkg>     apk add <pkg>       Install a package
 opkg remove <pkg>      apk del <pkg>       Remove a package
 opkg upgrade           apk upgrade         Upgrade all packages
 opkg files <pkg>       apk info -L <pkg>   List package contents
 opkg list-installed    apk info            List installed packages
 opkg update            apk update          Update package lists
 opkg search <pkg>      apk search <pkg>    Search for packages
 ------------------------------------------------------------------

For more information visit:
https://openwrt.org/docs/guide-user/additional-software/opkg-to-apk-cheatsheet

root@(none):~# dmesg -n 1
root@(none):~# echo 'EBFH''ATCUAB'
EBFHATCUAB
root@LiMe-123456:~# run() { echo -n "$MARKER"; sh -c "$@"; echo "$MARKER $?"; }
root@LiMe-123456:~# echo 'LFBL''WXBCWE'
LFBLWXBCWE
root@LiMe-123456:~# MARKER='KUSK''XKTSWS' run 'ubus wait_for network.interface.l
an'
KUSKXKTSWSKUSKXKTSWS 0
root@LiMe-123456:~# echo 'BMCU''XWSZTX'
BMCUXWSZTX
root@LiMe-123456:~# MARKER='PXNO''ZKJCUF' run 'ubus call network.interface.lan s
tatus '"'"'{}'"'"''
PXNOZKJCUF{
	"up": true,
	"pending": false,
	"available": true,
	"autostart": true,
	"dynamic": false,
	"uptime": 2,
	"l3_device": "br-lan",
	"proto": "static",
	"device": "br-lan",
	"updated": [
		"addresses"
	],
	"metric": 0,
	"dns_metric": 0,
	"delegation": true,
	"ipv4-address": [
		{
			"address": "10.13.52.86",
			"mask": 16
		}
	],
	"ipv6-address": [
		{
			"address": "fd0d:fe46:8ce8::12:3456",
			"mask": 64
		}
	],
	"ipv6-prefix": [
		
	],
	"ipv6-prefix-assignment": [
		
	],
	"route": [
		
	],
	"dns-server": [
		
	],
	"dns-search": [
		
	],
	"neighbors": [
		
	],
	"inactive": {
		"ipv4-address": [
			
		],
		"ipv6-address": [
			
		],
		"route": [
			
		],
		"dns-server": [
			
		],
		"dns-search": [
			
		],
		"neighbors": [
			
		]
	},
	"data": {
		
	}
}
PXNOZKJCUF 0
root@LiMe-123456:~# echo 'OCTB''MYYVYL'
OCTBMYYVYL
root@LiMe-123456:~# MARKER='JAUW''QTZJJQ' run true
JAUWQTZJJQJAUWQTZJJQ 0
root@LiMe-123456:~# echo 'JSKO''WXKCQX'
JSKOWXKCQX
root@LiMe-123456:~# MARKER='NFWE''UMQSTU' run 'source /etc/os-release; echo $BUI
LD_ID'
NFWEUMQSTUr32873-37326a2aa3
NFWEUMQSTU 0
root@LiMe-123456:~# echo 'YZFK''TBNPOT'
YZFKTBNPOT
root@LiMe-123456:~# MARKER='XBSP''WKKFJE' run 'ls /etc/dropbear/dropbear_rsa_hos
t_key'
XBSPWKKFJE[0;0m/etc/dropbear/dropbear_rsa_host_key[m
XBSPWKKFJE 0
root@LiMe-123456:~# echo 'ONZM''EKXUWY'
ONZMEKXUWY
root@LiMe-123456:~# MARKER='ZYFQ''JCTJST' run 'netstat -tlpn | grep 0.0.0.0:22'
ZYFQJCTJSTtcp        0      0 0.0.0.0:22              0.0.0.0:*               LISTEN      2096/dropbear
ZYFQJCTJST 0
root@LiMe-123456:~# echo 'ZJBZ''KFEQZA'
ZJBZKFEQZA
root@LiMe-123456:~# MARKER='ZMNN''GHGFFM' run 'dmesg | grep br-lan | grep forwar
ding'
ZMNNGHGFFM[   42.155237] br-lan: port 1(eth0) entered forwarding state
[   46.530761] br-lan: port 2(bat0) entered forwarding state
ZMNNGHGFFM 0
root@LiMe-123456:~# echo 'LPFC''PFWVXT'
LPFCPFWVXT
root@LiMe-123456:~# MARKER='GWMW''VOCGBT' run 'ubus call network.interface.lan s
tatus '"'"'{}'"'"''
GWMWVOCGBT{
	"up": true,
	"pending": false,
	"available": true,
	"autostart": true,
	"dynamic": false,
	"uptime": 40,
	"l3_device": "br-lan",
	"proto": "static",
	"device": "br-lan",
	"updated": [
		"addresses"
	],
	"metric": 0,
	"dns_metric": 0,
	"delegation": true,
	"ipv4-address": [
		{
			"address": "10.13.52.86",
			"mask": 16
		}
	],
	"ipv6-address": [
		{
			"address": "fd0d:fe46:8ce8::12:3456",
			"mask": 64
		}
	],
	"ipv6-prefix": [
		
	],
	"ipv6-prefix-assignment": [
		
	],
	"route": [
		
	],
	"dns-server": [
		
	],
	"dns-search": [
		
	],
	"neighbors": [
		
	],
	"inactive": {
		"ipv4-address": [
			
		],
		"ipv6-address": [
			
		],
		"route": [
			
		],
		"dns-server": [
			
		],
		"dns-search": [
			
		],
		"neighbors": [
			
		]
	},
	"data": {
		
	}
}
GWMWVOCGBT 0
root@LiMe-123456