Labgrid Console Logfile for main
Logfile started at 2026-04-17 03:33:00.920417
=== Log starts here ===
c[?7l[2J[0mSeaBIOS (version 1.16.3-debian-1.16.3-2)


iPXE (https://ipxe.org) 00:03.0 CA00 PCI2.10 PnP PMM+06FCAE70+06F0AE70 CA00
Press Ctrl-B to configure iPXE (PCI 00:03.0)...                                                                               




iPXE (https://ipxe.org) 00:05.0 CB00 PCI2.10 PnP PMM 06FCAE70 06F0AE70 CB00
Press Ctrl-B to configure iPXE (PCI 00:05.0)...                                                                               


Booting from Hard Disk...
GRUB loading.....
[0;30;47mWelcome to GRUB!

[01;01H[0m[2J[H[J[1;1H[?25l[m[H[J[1;1H[2;30HGNU GRUB  version 2.12

[m[4;2H+----------------------------------------------------------------------------+[5;2H|[5;79H|[6;2H|[6;79H|[7;2H|[7;79H|[8;2H|[8;79H|[9;2H|[9;79H|[10;2H|[10;79H|[11;2H|[11;79H|[12;2H|[12;79H|[13;2H|[13;79H|[14;2H|[14;79H|[15;2H|[15;79H|[16;2H+----------------------------------------------------------------------------+[m[17;2H[18;2H[m     Use the ^ and v keys to select which entry is highlighted.          
      Press enter to boot the selected OS, `e' to edit the commands       
      before booting or `c' for a command-line. ESC to return             
      previous menu.                                                      [5;80H [7m[5;3H*OpenWrt                                                                    [m[5;78H[m[m[6;3H OpenWrt (failsafe)                                                         [m[6;78H[m[m[7;3H                                                                            [m[7;78H[m[m[8;3H                                                                            [m[8;78H[m[m[9;3H                                                                            [m[9;78H[m[m[10;3H                                                                            [m[10;78H[m[m[11;3H                                                                            [m[11;78H[m[m[12;3H                                                                            [m[12;78H[m[m[13;3H                                                                            [m[13;78H[m[m[14;3H                                                                            [m[14;78H[m[m[15;3H                                                                            [m[15;78H[m[15;80H [5;78H[2J[02;30HGNU GRUB  version 2.12[04;02H┌────────────────────────────────────────────────────────────────────────────┐[05;02H│[05;79H│[06;02H│[06;79H│[07;02H│[07;79H│[08;02H│[08;79H│[09;02H│[09;79H│[10;02H│[10;79H│[11;02H│[11;79H│[12;02H│[12;79H│[13;02H│[13;79H│[14;02H│[14;79H│[15;02H│[15;79H│[16;02H│[16;79H│[17;02H└────────────────────────────────────────────────────────────────────────────┘[19;02H     U[19;07H[19;08Hse the ↑ and ↓ keys to select which entry is highlighted.          
      Press enter to boot the selected OS, `e' to edit the commands       
      before booting or `c' for a command-line. ESC to return             
      previous menu.                                                      [05;80H [05;03H[0;30;47m*OpenWrt                      [05;32H[05;33H                                              [06;03H[0m OpenWrt (failsafe)                                                         [07;03H                                                                            [08;03H                                                                            [09;03H                                                                            [10;03H                                                                            [11;03H                                                                            [12;03H                                                                            [13;03H                                                                   [13;69H[13;70H         [14;03H                                                                            [15;03H                                                                            [16;03H                                                                            [16;80H 






   The highlighted entry will be executed automatically in 5s.                [22;1H   The highlighted entry will be executed automatically in 5s.                 [5;78H [05;78H

















   The highlighted entry will be executed automatically in 4s.                [22;1H   The highlighted entry will be executed automatically in 4s.                 [5;78H [05;78H

















   The highlighted entry will be executed automatically in 3s.                [22;1H   The highlighted entry will be executed automatically in 3s.                 [5;78H [05;78H

















   The highlighted entry will be executed automatically in 2s.                [22;1H   The highlighted entry will be executed automatically in 2s.                 [5;78H [05;78H

















   The highlighted entry will be executed automatically in 1s.                [22;1H   The highlighted entry will be executed automatically in 1s.                 [5;78H [05;78H

















   The highlighted entry will be executed automatically in 0s.                [22;1H   The highlighted entry will be executed automatically in 0s.                 [5;78H [01;01H[2J[?25h[H[J[1;1H[H[J[1;1H[2J   Booting `OpenWrt' Booting `OpenWrt

'

[    0.000000] Linux version 6.12.79 (builder@buildhost) (x86_64-openwrt-linux-musl-gcc (OpenWrt GCC 14.3.0 r32866-99a502bbc4) 14.3.0, GNU ld (GNU Binutils) 2.44) #0 SMP Thu Apr 16 19:21:04 2026
[    0.000000] Command line: BOOT_IMAGE=/boot/vmlinuz root=PARTUUID=e4a471d4-02 rootwait console=tty1 console=ttyS0,115200n8 noinitrd
[    0.000000] BIOS-provided physical RAM map:
[    0.000000] BIOS-e820: [mem 0x0000000000000000-0x000000000009fbff] usable
[    0.000000] BIOS-e820: [mem 0x000000000009fc00-0x000000000009ffff] reserved
[    0.000000] BIOS-e820: [mem 0x00000000000f0000-0x00000000000fffff] reserved
[    0.000000] BIOS-e820: [mem 0x0000000000100000-0x0000000007fdcfff] usable
[    0.000000] BIOS-e820: [mem 0x0000000007fdd000-0x0000000007ffffff] reserved
[    0.000000] BIOS-e820: [mem 0x00000000fffc0000-0x00000000ffffffff] reserved
[    0.000000] BIOS-e820: [mem 0x000000fd00000000-0x000000ffffffffff] reserved
[    0.000000] NX (Execute Disable) protection: active
[    0.000000] APIC: Static calls initialized
[    0.000000] SMBIOS 3.0.0 present.
[    0.000000] DMI: QEMU Standard PC (i440FX + PIIX, 1996), BIOS 1.16.3-debian-1.16.3-2 04/01/2014
[    0.000000] DMI: Memory slots populated: 1/1
[    0.000000] tsc: Fast TSC calibration using PIT
[    0.000000] tsc: Detected 2445.425 MHz processor
[    0.007469] last_pfn = 0x7fdd max_arch_pfn = 0x400000000
[    0.008094] MTRR map: 4 entries (3 fixed + 1 variable; max 19), built from 8 variable MTRRs
[    0.008258] x86/PAT: Configuration [0-7]: WB  WC  UC- UC  WB  WP  UC- WT  
[    0.026561] found SMP MP-table at [mem 0x000f5460-0x000f546f]
[    0.028058] Using GB pages for direct mapping
[    0.032872] ACPI: Early table checksum verification disabled
[    0.033222] ACPI: RSDP 0x00000000000F5290 000014 (v00 BOCHS )
[    0.033548] ACPI: RSDT 0x0000000007FE1C64 000034 (v01 BOCHS  BXPC     00000001 BXPC 00000001)
[    0.034052] ACPI: FACP 0x0000000007FE1B18 000074 (v01 BOCHS  BXPC     00000001 BXPC 00000001)
[    0.034652] ACPI: DSDT 0x0000000007FE0040 001AD8 (v01 BOCHS  BXPC     00000001 BXPC 00000001)
[    0.034731] ACPI: FACS 0x0000000007FE0000 000040
[    0.034783] ACPI: APIC 0x0000000007FE1B8C 000078 (v03 BOCHS  BXPC     00000001 BXPC 00000001)
[    0.034803] ACPI: HPET 0x0000000007FE1C04 000038 (v01 BOCHS  BXPC     00000001 BXPC 00000001)
[    0.034821] ACPI: WAET 0x0000000007FE1C3C 000028 (v01 BOCHS  BXPC     00000001 BXPC 00000001)
[    0.034894] ACPI: Reserving FACP table memory at [mem 0x7fe1b18-0x7fe1b8b]
[    0.034943] ACPI: Reserving DSDT table memory at [mem 0x7fe0040-0x7fe1b17]
[    0.034950] ACPI: Reserving FACS table memory at [mem 0x7fe0000-0x7fe003f]
[    0.034955] ACPI: Reserving APIC table memory at [mem 0x7fe1b8c-0x7fe1c03]
[    0.034961] ACPI: Reserving HPET table memory at [mem 0x7fe1c04-0x7fe1c3b]
[    0.034966] ACPI: Reserving WAET table memory at [mem 0x7fe1c3c-0x7fe1c63]
[    0.038005] Zone ranges:
[    0.038032]   DMA      [mem 0x0000000000001000-0x0000000000ffffff]
[    0.038109]   DMA32    [mem 0x0000000001000000-0x0000000007fdcfff]
[    0.038118]   Normal   empty
[    0.038135] Movable zone start for each node
[    0.038168] Early memory node ranges
[    0.038194]   node   0: [mem 0x0000000000001000-0x000000000009efff]
[    0.038248]   node   0: [mem 0x0000000000100000-0x0000000007fdcfff]
[    0.038374] Initmem setup node 0 [mem 0x0000000000001000-0x0000000007fdcfff]
[    0.039436] On node 0, zone DMA: 1 pages in unavailable ranges
[    0.039907] On node 0, zone DMA: 97 pages in unavailable ranges
[    0.041952] On node 0, zone DMA32: 35 pages in unavailable ranges
[    0.042290] ACPI: PM-Timer IO Port: 0x608
[    0.042718] ACPI: LAPIC_NMI (acpi_id[0xff] dfl dfl lint[0x1])
[    0.043126] IOAPIC[0]: apic_id 0, version 32, address 0xfec00000, GSI 0-23
[    0.043240] ACPI: INT_SRC_OVR (bus 0 bus_irq 0 global_irq 2 dfl dfl)
[    0.043518] ACPI: INT_SRC_OVR (bus 0 bus_irq 5 global_irq 5 high level)
[    0.043569] ACPI: INT_SRC_OVR (bus 0 bus_irq 9 global_irq 9 high level)
[    0.043664] ACPI: INT_SRC_OVR (bus 0 bus_irq 10 global_irq 10 high level)
[    0.043673] ACPI: INT_SRC_OVR (bus 0 bus_irq 11 global_irq 11 high level)
[    0.043852] ACPI: Using ACPI (MADT) for SMP configuration information
[    0.043896] ACPI: HPET id: 0x8086a201 base: 0xfed00000
[    0.044278] CPU topo: Max. logical packages:   1
[    0.044292] CPU topo: Max. logical dies:       1
[    0.044302] CPU topo: Max. dies per package:   1
[    0.044347] CPU topo: Max. threads per core:   1
[    0.044518] CPU topo: Num. cores per package:     1
[    0.044534] CPU topo: Num. threads per package:   1
[    0.044543] CPU topo: Allowing 1 present CPUs plus 0 hotplug CPUs
[    0.045728] [mem 0x08000000-0xfffbffff] available for PCI devices
[    0.045796] Booting paravirtualized kernel on bare hardware
[    0.046110] clocksource: refined-jiffies: mask: 0xffffffff max_cycles: 0xffffffff, max_idle_ns: 19112604462750000 ns
[    0.046781] setup_percpu: NR_CPUS:512 nr_cpumask_bits:1 nr_cpu_ids:1 nr_node_ids:1
[    0.048810] percpu: Embedded 48 pages/cpu s158104 r8192 d30312 u2097152
[    0.051135] Kernel command line: BOOT_IMAGE=/boot/vmlinuz root=PARTUUID=e4a471d4-02 rootwait console=tty1 console=ttyS0,115200n8 noinitrd
[    0.052788] random: crng init done
[    0.057465] Dentry cache hash table entries: 16384 (order: 5, 131072 bytes, linear)
[    0.058427] Inode-cache hash table entries: 8192 (order: 4, 65536 bytes, linear)
[    0.061058] Built 1 zonelists, mobility grouping on.  Total pages: 32635
[    0.061290] mem auto-init: stack:off, heap alloc:off, heap free:off
[    0.071229] SLUB: HWalign=64, Order=0-3, MinObjects=0, CPUs=1, Nodes=1
[    0.079091] rcu: Hierarchical RCU implementation.
[    0.079120] rcu: 	RCU restricting CPUs from NR_CPUS=512 to nr_cpu_ids=1.
[    0.079272] 	Tracing variant of Tasks RCU enabled.
[    0.079366] rcu: RCU calculated value of scheduler-enlistment delay is 10 jiffies.
[    0.079417] rcu: Adjusting geometry for rcu_fanout_leaf=16, nr_cpu_ids=1
[    0.080577] RCU Tasks Trace: Setting shift to 0 and lim to 1 rcu_task_cb_adjust=1 rcu_task_cpu_ids=1.
[    0.080710] NR_IRQS: 33024, nr_irqs: 256, preallocated irqs: 16
[    0.089525] rcu: srcu_init: Setting srcu_struct sizes based on contention.
[    0.096375] Console: colour VGA+ 80x25
[    0.096844] printk: legacy console [tty1] enabled
[    0.104872] printk: legacy console [ttyS0] enabled
[    0.357855] ACPI: Core revision 20240827
[    0.363279] clocksource: hpet: mask: 0xffffffff max_cycles: 0xffffffff, max_idle_ns: 19112604467 ns
[    0.367976] APIC: Switch to symmetric I/O mode setup
[    0.372657] ..TIMER: vector=0x30 apic1=0 pin1=2 apic2=-1 pin2=-1
[    0.415130] clocksource: tsc-early: mask: 0xffffffffffffffff max_cycles: 0x233fd71eca6, max_idle_ns: 440795324395 ns
[    0.415933] Calibrating delay loop (skipped), value calculated using timer frequency.. 4890.85 BogoMIPS (lpj=24454250)
[    0.417908] x86/cpu: User Mode Instruction Prevention (UMIP) activated
[    0.436264] Last level iTLB entries: 4KB 0, 2MB 0, 4MB 0
[    0.436703] Last level dTLB entries: 4KB 0, 2MB 0, 4MB 0, 1GB 0
[    0.437896] Spectre V1 : Mitigation: usercopy/swapgs barriers and __user pointer sanitization
[    0.438893] Spectre V2 : Mitigation: Retpolines
[    0.439123] Spectre V2 : Spectre v2 / SpectreRSB: Filling RSB on context switch and VMEXIT
[    0.439553] Speculative Store Bypass: Vulnerable
[    0.448023] x86/fpu: Supporting XSAVE feature 0x001: 'x87 floating point registers'
[    0.452785] x86/fpu: Supporting XSAVE feature 0x002: 'SSE registers'
[    0.456847] x86/fpu: Supporting XSAVE feature 0x004: 'AVX registers'
[    0.457100] x86/fpu: Supporting XSAVE feature 0x008: 'MPX bounds registers'
[    0.463195] x86/fpu: Supporting XSAVE feature 0x010: 'MPX CSR'
[    0.463841] x86/fpu: xstate_offset[2]:  576, xstate_sizes[2]:  256
[    0.464199] x86/fpu: xstate_offset[3]:  960, xstate_sizes[3]:   64
[    0.464457] x86/fpu: xstate_offset[4]: 1024, xstate_sizes[4]:   64
[    0.465855] x86/fpu: Enabled xstate features 0x1f, context size is 1088 bytes, using 'standard' format.
[    0.701037] Freeing SMP alternatives memory: 40K
[    0.701779] pid_max: default: 32768 minimum: 301
[    0.711206] Mount-cache hash table entries: 512 (order: 0, 4096 bytes, linear)
[    0.711616] Mountpoint-cache hash table entries: 512 (order: 0, 4096 bytes, linear)
[    0.865786] smpboot: CPU0: AMD QEMU TCG CPU version 2.5+ (family: 0x6, model: 0x6, stepping: 0x3)
[    0.896530] Performance Events: PMU not available due to virtualization, using software events only.
[    0.897979] signal: max sigframe size: 1616
[    0.899601] rcu: Hierarchical SRCU implementation.
[    0.899844] rcu: 	Max phase no-delay instances is 1000.
[    0.904825] smp: Bringing up secondary CPUs ...
[    0.908364] smp: Brought up 1 node, 1 CPU
[    0.908664] smpboot: Total of 1 processors activated (4890.85 BogoMIPS)
[    0.917634] Memory: 103208K/130540K available (14336K kernel code, 1177K rwdata, 2556K rodata, 1492K init, 1304K bss, 25620K reserved, 0K cma-reserved)
[    0.930674] clocksource: jiffies: mask: 0xffffffff max_cycles: 0xffffffff, max_idle_ns: 19112604462750000 ns
[    0.931482] futex hash table entries: 256 (order: 2, 16384 bytes, linear)
[    0.932789] pinctrl core: initialized pinctrl subsystem
[    0.951795] NET: Registered PF_NETLINK/PF_ROUTE protocol family
[    0.958174] thermal_sys: Registered thermal governor 'step_wise'
[    0.958213] thermal_sys: Registered thermal governor 'user_space'
[    0.959163] cpuidle: using governor ladder
[    0.960830] acpiphp: ACPI Hot Plug PCI Controller Driver version: 0.5
[    0.965406] PCI: Using configuration type 1 for base access
[    0.974951] cryptd: max_cpu_qlen set to 1000
[    0.981354] ACPI: Added _OSI(Module Device)
[    0.981552] ACPI: Added _OSI(Processor Device)
[    0.981743] ACPI: Added _OSI(Processor Aggregator Device)
[    0.995820] ACPI: 1 ACPI AML tables successfully acquired and loaded
[    1.012019] ACPI: Interpreter enabled
[    1.012801] ACPI: PM: (supports S0 S5)
[    1.013010] ACPI: Using IOAPIC for interrupt routing
[    1.013578] PCI: Using host bridge windows from ACPI; if necessary, use "pci=nocrs" and report a bug
[    1.013935] PCI: Using E820 reservations for host bridge windows
[    1.017595] ACPI: Enabled 2 GPEs in block 00 to 0F
[    1.056554] ACPI: PCI Root Bridge [PCI0] (domain 0000 [bus 00-ff])
[    1.057421] acpi PNP0A03:00: _OSC: OS supports [ASPM ClockPM Segments MSI HPX-Type3]
[    1.057889] acpi PNP0A03:00: _OSC: not requesting OS control; OS requires [ExtendedConfig ASPM ClockPM MSI]
[    1.058762] acpi PNP0A03:00: fail to add MMCONFIG information, can't access extended configuration space under this bridge
[    1.070239] acpiphp: Slot [3] registered
[    1.070558] acpiphp: Slot [4] registered
[    1.070806] acpiphp: Slot [5] registered
[    1.071043] acpiphp: Slot [6] registered
[    1.076151] acpiphp: Slot [7] registered
[    1.076487] acpiphp: Slot [8] registered
[    1.078093] acpiphp: Slot [9] registered
[    1.078340] acpiphp: Slot [10] registered
[    1.078613] acpiphp: Slot [11] registered
[    1.078856] acpiphp: Slot [12] registered
[    1.086108] acpiphp: Slot [13] registered
[    1.086537] acpiphp: Slot [14] registered
[    1.086946] acpiphp: Slot [15] registered
[    1.087310] acpiphp: Slot [16] registered
[    1.087557] acpiphp: Slot [17] registered
[    1.087800] acpiphp: Slot [18] registered
[    1.096093] acpiphp: Slot [19] registered
[    1.096527] acpiphp: Slot [20] registered
[    1.096924] acpiphp: Slot [21] registered
[    1.097320] acpiphp: Slot [22] registered
[    1.097566] acpiphp: Slot [23] registered
[    1.097804] acpiphp: Slot [24] registered
[    1.106069] acpiphp: Slot [25] registered
[    1.106516] acpiphp: Slot [26] registered
[    1.106932] acpiphp: Slot [27] registered
[    1.107301] acpiphp: Slot [28] registered
[    1.107584] acpiphp: Slot [29] registered
[    1.107838] acpiphp: Slot [30] registered
[    1.108078] acpiphp: Slot [31] registered
[    1.116393] PCI host bridge to bus 0000:00
[    1.117113] pci_bus 0000:00: root bus resource [io  0x0000-0x0cf7 window]
[    1.117550] pci_bus 0000:00: root bus resource [io  0x0d00-0xffff window]
[    1.117788] pci_bus 0000:00: root bus resource [mem 0x000a0000-0x000bffff window]
[    1.125991] pci_bus 0000:00: root bus resource [mem 0x08000000-0xfebfffff window]
[    1.126444] pci_bus 0000:00: root bus resource [mem 0x100000000-0x17fffffff window]
[    1.127039] pci_bus 0000:00: root bus resource [bus 00-ff]
[    1.137460] pci 0000:00:00.0: [8086:1237] type 00 class 0x060000 conventional PCI endpoint
[    1.149869] pci 0000:00:01.0: [8086:7000] type 00 class 0x060100 conventional PCI endpoint
[    1.150762] pci 0000:00:01.1: [8086:7010] type 00 class 0x010180 conventional PCI endpoint
[    1.157636] pci 0000:00:01.1: BAR 4 [io  0xc0e0-0xc0ef]
[    1.158876] pci 0000:00:01.1: BAR 0 [io  0x01f0-0x01f7]: legacy IDE quirk
[    1.159158] pci 0000:00:01.1: BAR 1 [io  0x03f6]: legacy IDE quirk
[    1.159425] pci 0000:00:01.1: BAR 2 [io  0x0170-0x0177]: legacy IDE quirk
[    1.165712] pci 0000:00:01.1: BAR 3 [io  0x0376]: legacy IDE quirk
[    1.166836] pci 0000:00:01.3: [8086:7113] type 00 class 0x068000 conventional PCI endpoint
[    1.167502] pci 0000:00:01.3: quirk: [io  0x0600-0x063f] claimed by PIIX4 ACPI
[    1.167814] pci 0000:00:01.3: quirk: [io  0x0700-0x070f] claimed by PIIX4 SMB
[    1.176796] pci 0000:00:02.0: [1234:1111] type 00 class 0x030000 conventional PCI endpoint
[    1.177625] pci 0000:00:02.0: BAR 0 [mem 0xfd000000-0xfdffffff pref]
[    1.179124] pci 0000:00:02.0: BAR 2 [mem 0xfeb90000-0xfeb90fff]
[    1.188325] pci 0000:00:02.0: ROM [mem 0xfeb80000-0xfeb8ffff pref]
[    1.188822] pci 0000:00:02.0: Video device with shadowed ROM at [mem 0x000c0000-0x000dffff]
[    1.189813] pci 0000:00:03.0: [1af4:1000] type 00 class 0x020000 conventional PCI endpoint
[    1.196787] pci 0000:00:03.0: BAR 0 [io  0xc080-0xc09f]
[    1.199517] pci 0000:00:03.0: BAR 4 [mem 0xfe000000-0xfe003fff 64bit pref]
[    1.200750] pci 0000:00:03.0: ROM [mem 0xfea80000-0xfeafffff pref]
[    1.208202] pci 0000:00:04.0: [1af4:1005] type 00 class 0x00ff00 conventional PCI endpoint
[    1.211055] pci 0000:00:04.0: BAR 0 [io  0xc0a0-0xc0bf]
[    1.212313] pci 0000:00:04.0: BAR 1 [mem 0xfeb91000-0xfeb91fff]
[    1.216753] pci 0000:00:04.0: BAR 4 [mem 0xfe004000-0xfe007fff 64bit pref]
[    1.224123] pci 0000:00:05.0: [1af4:1000] type 00 class 0x020000 conventional PCI endpoint
[    1.225854] pci 0000:00:05.0: BAR 0 [io  0xc0c0-0xc0df]
[    1.227160] pci 0000:00:05.0: BAR 1 [mem 0xfeb92000-0xfeb92fff]
[    1.230177] pci 0000:00:05.0: BAR 4 [mem 0xfe008000-0xfe00bfff 64bit pref]
[    1.234311] pci 0000:00:05.0: ROM [mem 0xfeb00000-0xfeb7ffff pref]
[    1.240993] pci 0000:00:06.0: [1af4:1001] type 00 class 0x010000 conventional PCI endpoint
[    1.242960] pci 0000:00:06.0: BAR 0 [io  0xc000-0xc07f]
[    1.244378] pci 0000:00:06.0: BAR 1 [mem 0xfeb93000-0xfeb93fff]
[    1.247485] pci 0000:00:06.0: BAR 4 [mem 0xfe00c000-0xfe00ffff 64bit pref]
[    1.260624] ACPI: PCI: Interrupt link LNKA configured for IRQ 10
[    1.261873] ACPI: PCI: Interrupt link LNKB configured for IRQ 10
[    1.262809] ACPI: PCI: Interrupt link LNKC configured for IRQ 11
[    1.263550] ACPI: PCI: Interrupt link LNKD configured for IRQ 11
[    1.263962] ACPI: PCI: Interrupt link LNKS configured for IRQ 9
[    1.275877] iommu: Default domain type: Translated
[    1.276096] iommu: DMA domain TLB invalidation policy: lazy mode
[    1.278842] SCSI subsystem initialized
[    1.280374] ACPI: bus type USB registered
[    1.280936] usbcore: registered new interface driver usbfs
[    1.282841] usbcore: registered new interface driver hub
[    1.283280] usbcore: registered new device driver usb
[    1.283829] pps_core: LinuxPPS API ver. 1 registered
[    1.284027] pps_core: Software ver. 5.3.6 - Copyright 2005-2007 Rodolfo Giometti <giometti@linux.it>
[    1.286153] PTP clock support registered
[    1.305693] PCI: Using ACPI for IRQ routing
[    1.307885] hpet0: at MMIO 0xfed00000, IRQs 2, 8, 0
[    1.308165] hpet0: 3 comparators, 64-bit 100.000000 MHz counter
[    1.312822] clocksource: Switched to clocksource tsc-early
[    1.315410] pnp: PnP ACPI init
[    1.315410] pnp: PnP ACPI: found 6 devices
[    1.326776] clocksource: acpi_pm: mask: 0xffffff max_cycles: 0xffffff, max_idle_ns: 2085701024 ns
[    1.328151] NET: Registered PF_INET protocol family
[    1.329766] IP idents hash table entries: 2048 (order: 2, 16384 bytes, linear)
[    1.335310] tcp_listen_portaddr_hash hash table entries: 256 (order: 0, 4096 bytes, linear)
[    1.337760] Table-perturb hash table entries: 65536 (order: 6, 262144 bytes, linear)
[    1.338214] TCP established hash table entries: 1024 (order: 1, 8192 bytes, linear)
[    1.338646] TCP bind hash table entries: 1024 (order: 3, 32768 bytes, linear)
[    1.348562] TCP: Hash tables configured (established 1024 bind 1024)
[    1.350534] MPTCP token hash table entries: 256 (order: 1, 6144 bytes, linear)
[    1.351186] UDP hash table entries: 256 (order: 1, 8192 bytes, linear)
[    1.351619] UDP-Lite hash table entries: 256 (order: 1, 8192 bytes, linear)
[    1.361280] NET: Registered PF_UNIX/PF_LOCAL protocol family
[    1.362472] pci_bus 0000:00: resource 4 [io  0x0000-0x0cf7 window]
[    1.362713] pci_bus 0000:00: resource 5 [io  0x0d00-0xffff window]
[    1.362930] pci_bus 0000:00: resource 6 [mem 0x000a0000-0x000bffff window]
[    1.370717] pci_bus 0000:00: resource 7 [mem 0x08000000-0xfebfffff window]
[    1.371075] pci_bus 0000:00: resource 8 [mem 0x100000000-0x17fffffff window]
[    1.371778] pci 0000:00:01.0: PIIX3: Enabling Passive Release
[    1.381680] pci 0000:00:00.0: Limiting direct PCI/PCI transfers
[    1.382153] PCI: CLS 0 bytes, default 64
[    1.402112] workingset: timestamp_bits=46 max_order=15 bucket_order=0
[    1.404610] squashfs: version 4.0 (2009/01/31) Phillip Lougher
[    1.407388] Block layer SCSI generic (bsg) driver version 0.4 loaded (major 247)
[    1.411028] hv_vmbus: registering driver hyperv_fb
[    1.415979] input: Power Button as /devices/LNXSYSTM:00/LNXPWRBN:00/input/input0
[    1.424537] ACPI: button: Power Button [PWRF]
[    1.579672] ACPI: \_SB_.LNKC: Enabled at IRQ 11
[    1.728773] ACPI: \_SB_.LNKD: Enabled at IRQ 10
[    1.876006] ACPI: \_SB_.LNKA: Enabled at IRQ 10
[    2.023561] ACPI: \_SB_.LNKB: Enabled at IRQ 11
[    2.025489] Serial: 8250/16550 driver, 16 ports, IRQ sharing enabled
[    2.050554] 00:04: ttyS0 at I/O 0x3f8 (irq = 4, base_baud = 115200) is a 16550A
[    2.077686] Non-volatile memory driver v1.3
[    2.088832] Linux agpgart interface v0.103
[    2.089855] ACPI: bus type drm_connector registered
[    2.092620] [drm] Found bochs VGA, ID 0xb0c5.
[    2.092825] [drm] Framebuffer size 16384 kB @ 0xfd000000, mmio @ 0xfeb90000.
[    2.098545] [drm] Found EDID data blob.
[    2.104154] [drm] Initialized bochs-drm 1.0.0 for 0000:00:02.0 on minor 0
[    2.172182] Console: switching to colour frame buffer device 160x50
[    2.181293] bochs-drm 0000:00:02.0: [drm] fb0: bochs-drmdrmfb frame buffer device
[    2.200420] loop: module loaded
[    2.201084] virtio_blk virtio3: 1/0/0 default/read/poll queues
[    2.222253] virtio_blk virtio3: [vda] 246784 512-byte logical blocks (126 MB/121 MiB)
[    2.231333]  vda: vda1 vda2
[    2.233623] Guest personality initialized and is inactive
[    2.234273] VMCI host device registered (name=vmci, major=10, minor=256)
[    2.234555] Initialized host personality
[    2.234937] usbcore: registered new interface driver rtsx_usb
[    2.236032] VMware PVSCSI driver - version 1.0.7.0-k
[    2.244459] hv_vmbus: registering driver hv_storvsc
[    2.260651] scsi host0: ata_piix
[    2.263163] scsi host1: ata_piix
[    2.263986] ata1: PATA max MWDMA2 cmd 0x1f0 ctl 0x3f6 bmdma 0xc0e0 irq 14 lpm-pol 0
[    2.264327] ata2: PATA max MWDMA2 cmd 0x170 ctl 0x376 bmdma 0xc0e8 irq 15 lpm-pol 0
[    2.274494] VMware vmxnet3 virtual NIC driver - version 1.9.0.0-k-NAPI
[    2.275102] hv_vmbus: registering driver hv_netvsc
[    2.275483] Fusion MPT base driver 3.04.20
[    2.275649] Copyright (c) 1999-2008 LSI Corporation
[    2.276179] Fusion MPT SPI Host driver 3.04.20
[    2.285426] Fusion MPT SAS Host driver 3.04.20
[    2.287746] usbcore: registered new interface driver usb-storage
[    2.288989] i8042: PNP: PS/2 Controller [PNP0303:KBD,PNP0f13:MOU] at 0x60,0x64 irq 1,12
[    2.292289] serio: i8042 KBD port at 0x60,0x64 irq 1
[    2.292667] serio: i8042 AUX port at 0x60,0x64 irq 12
[    2.299348] hv_vmbus: registering driver hyperv_keyboard
[    2.301752] rtc_cmos 00:05: RTC can wake from S4
[    2.306738] rtc_cmos 00:05: registered as rtc0
[    2.309630] rtc_cmos 00:05: setting system clock to 2026-04-17T03:33:11 UTC (1776396791)
[    2.312144] rtc_cmos 00:05: alarms up to one day, y3k, 242 bytes nvram, hpet irqs
[    2.314768] intel_powerclamp: CPU does not support MWAIT
[    2.317131] amd_pstate: the _CPC object is not present in SBIOS or ACPI disabled
[    2.322853] sdhci: Secure Digital Host Controller Interface driver
[    2.324830] sdhci: Copyright(c) Pierre Ossman
[    2.327267] VUB300 Driver rom wait states = 1C irqpoll timeout = 0400
[    2.333560] input: AT Translated Set 2 keyboard as /devices/platform/i8042/serio0/input/input1
[    2.357386] usbcore: registered new interface driver vub300
[    2.359650] usbcore: registered new interface driver ushc
[    2.367217] hid: raw HID events driver (C) Jiri Kosina
[    2.370012] hv_vmbus: registering driver hid_hyperv
[    2.372792] usbcore: registered new interface driver usbhid
[    2.374826] usbhid: USB HID core driver
[    2.377094] hv_utils: Registering HyperV Utility Driver
[    2.379113] hv_vmbus: registering driver hv_utils
[    2.381572] hv_vmbus: registering driver hv_balloon
[    2.385071] NET: Registered PF_INET6 protocol family
[    2.399821] Segment Routing with IPv6
[    2.401996] In-situ OAM (IOAM) with IPv6
[    2.404439] NET: Registered PF_PACKET protocol family
[    2.407003] bridge: filtering via arp/ip/ip6tables is no longer available by default. Update your scripts to load br_netfilter if you need this.
[    2.416489] 8021q: 802.1Q VLAN Support v1.8
[    2.419116] NET: Registered PF_VSOCK protocol family
[    2.428111] IPI shorthand broadcast: enabled
[    2.434735] AES CTR mode by8 optimization enabled
[    2.455503] sched_clock: Marking stable (2180077339, 265755248)->(2461179931, -15347344)
[    2.481784] tsc: Refined TSC clocksource calibration: 2445.429 MHz
[    2.484207] clocksource: tsc: mask: 0xffffffffffffffff max_cycles: 0x233fdac2ae5, max_idle_ns: 440795297080 ns
[    2.506404] ata2: found unknown device (class 0)
[    2.520984] ata2.00: ATAPI: QEMU DVD-ROM, 2.5+, max UDMA/100
[    2.544986] clocksource: Switched to clocksource tsc
[    2.575376] scsi 1:0:0:0: CD-ROM            QEMU     QEMU DVD-ROM     2.5+ PQ: 0 ANSI: 5
[    2.586752] clk: Disabling unused clocks
[    2.627642] sr 1:0:0:0: [sr0] scsi3-mmc drive: 4x/4x cd/rw xa/form2 tray
[    2.630308] cdrom: Uniform CD-ROM driver Revision: 3.20
[    2.688914] VFS: Mounted root (squashfs filesystem) readonly on device 254:2.
[    2.758231] Freeing unused kernel image (initmem) memory: 1492K
[    2.760770] Write protecting the kernel read-only data: 18432k
[    2.765069] Freeing unused kernel image (rodata/data gap) memory: 1540K
[    2.767811] Run /sbin/init as init process
[    3.071081] init: Console is alive
[    3.693139] kmodloader: loading kernel modules from /etc/modules-boot.d/*
[    3.757782] button_hotplug: loading out-of-tree module taints kernel.
[    3.764288] Button Hotplug driver version 0.4.1
[    3.783441] Intel(R) 2.5G Ethernet Linux Driver
[    3.785962] Copyright(c) 2018 Intel Corporation.
[    3.801842] igb: Intel(R) Gigabit Ethernet Network Driver
[    3.804222] igb: Copyright (c) 2007-2014 Intel Corporation.
[    3.820417] e1000e: Intel(R) PRO/1000 Network Driver
[    3.822823] e1000e: Copyright(c) 1999 - 2015 Intel Corporation.
[    3.834779] kmodloader: done loading kernel modules from /etc/modules-boot.d/*
[    3.850744] init: - preinit -
[    4.837035] 8021q: adding VLAN 0 to HW filter on device eth0
Press the [f] key and hit [enter] to enter failsafe mode
Press the [1], [2], [3] or [4] key and hit [enter] to select the debug level

[    9.462204] loop0: detected capacity change from 0 to 212992
[    9.506311] loop0: detected capacity change from 212992 to 199808
[    9.518951] mount_root: overlay filesystem in /dev/loop0 has not been formatted yet
[    9.865777] EXT4-fs (loop0): mounted filesystem a4aee664-f9c9-4429-b09d-2962fd3721a3 r/w with ordered data mode. Quota mode: disabled.
[    9.879344] mount_root: overlay filesystem has not been fully initialized yet
[    9.897028] mount_root: switching to ext4 overlay
[    9.917601] overlayfs: null uuid detected in lower fs '/', falling back to xino=off,index=off,nfs_export=off.
[   10.649018] EXT4-fs (vda1): mounted filesystem 84173db5-fa99-e35a-95c6-28613cc79ea9 r/w without journal. Quota mode: disabled.
[   10.672223] urandom-seed: Seed file not found (/etc/urandom.seed)
[   10.813915] procd: - early -
[   11.550529] procd: - ubus -
[   11.730076] procd: - init -
Please press Enter to activate this console.
root
login[1044]: root login on 'ttyS0'


BusyBox v1.37.0 (2026-04-14 08:32:56 UTC) built-in shell (ash)

  _______                     ________        __
 |       |.-----.-----.-----.|  |  |  |.----.|  |_
 |   -   ||  _  |  -__|     ||  |  |  ||   _||   _|
 |_______||   __|_____|__|__||________||__|  |____|
          |__| W I R E L E S S   F R E E D O M
 -----------------------------------------------------
 OpenWrt 25.12-SNAPSHOT, r32866-99a502bbc4 Dave's Guitar
 -----------------------------------------------------

 === WARNING! =====================================
 There is no root password defined on this device!
 Use the "passwd" command to set up a new password
 in order to prevent unauthorized SSH logins.
 --------------------------------------------------

  ___   __ __                _______             __
 |   |_|__|  |--.----.-----.|   |   |-----.-----|  |--.
 |     |  |  _  |   _|  -__||       |  -__|__ --|     |
 |_____|__|_____|__| |_____||__|_|__|_____|_____|__|__|

 ------------------------------------------------------
 LiMe master development (master rev. aebe482 20260416_0843)
 ------------------------------------------------------
 https://libremesh.org
 ------------------------------------------------------

 OpenWrt recently switched to the "apk" package manager!

 OPKG Command           APK Equivalent      Description
 ------------------------------------------------------------------
 opkg install <pkg>     apk add <pkg>       Install a package
 opkg remove <pkg>      apk del <pkg>       Remove a package
 opkg upgrade           apk upgrade         Upgrade all packages
 opkg files <pkg>       apk info -L <pkg>   List package contents
 opkg list-installed    apk info            List installed packages
 opkg update            apk update          Update package lists
 opkg search <pkg>      apk search <pkg>    Search for packages
 ------------------------------------------------------------------

For more information visit:
https://openwrt.org/docs/guide-user/additional-software/opkg-to-apk-cheatsheet

root@(none):~# dmesg -n 1
root@(none):~# echo 'VJYO''KJNKBH'
VJYOKJNKBH
root@LiMe-123456:~# run() { echo -n "$MARKER"; sh -c "$@"; echo "$MARKER $?"; }
root@LiMe-123456:~# echo 'KQJQ''FLGCAO'
KQJQFLGCAO
root@LiMe-123456:~# MARKER='SQMY''XHLETY' run 'ubus wait_for network.interface.l
an'
SQMYXHLETYSQMYXHLETY 0
root@LiMe-123456:~# echo 'QFZE''FNCXBS'
QFZEFNCXBS
root@LiMe-123456:~# MARKER='BUFS''CTYQYC' run 'ubus call network.interface.lan s
tatus '"'"'{}'"'"''
BUFSCTYQYC{
	"up": true,
	"pending": false,
	"available": true,
	"autostart": true,
	"dynamic": false,
	"uptime": 2,
	"l3_device": "br-lan",
	"proto": "static",
	"device": "br-lan",
	"updated": [
		"addresses"
	],
	"metric": 0,
	"dns_metric": 0,
	"delegation": true,
	"ipv4-address": [
		{
			"address": "10.13.52.86",
			"mask": 16
		}
	],
	"ipv6-address": [
		{
			"address": "fd0d:fe46:8ce8::12:3456",
			"mask": 64
		}
	],
	"ipv6-prefix": [
		
	],
	"ipv6-prefix-assignment": [
		
	],
	"route": [
		
	],
	"dns-server": [
		
	],
	"dns-search": [
		
	],
	"neighbors": [
		
	],
	"inactive": {
		"ipv4-address": [
			
		],
		"ipv6-address": [
			
		],
		"route": [
			
		],
		"dns-server": [
			
		],
		"dns-search": [
			
		],
		"neighbors": [
			
		]
	},
	"data": {
		
	}
}
BUFSCTYQYC 0
root@LiMe-123456:~# echo 'GXHK''NZPBHN'
GXHKNZPBHN
root@LiMe-123456:~# MARKER='SEOT''OUONMZ' run true
SEOTOUONMZSEOTOUONMZ 0
root@LiMe-123456:~# echo 'MASS''ASNMKY'
MASSASNMKY
root@LiMe-123456:~# MARKER='MBWV''EXUOTL' run 'source /etc/os-release; echo $BUI
LD_ID'
MBWVEXUOTLr32866-99a502bbc4
MBWVEXUOTL 0
root@LiMe-123456:~# echo 'WJTO''BVUHHH'
WJTOBVUHHH
root@LiMe-123456:~# MARKER='JKET''AMGFYP' run 'ls /etc/dropbear/dropbear_rsa_hos
t_key'
JKETAMGFYP[0;0m/etc/dropbear/dropbear_rsa_host_key[m
JKETAMGFYP 0
root@LiMe-123456:~# echo 'YTYK''VEZUJT'
YTYKVEZUJT
root@LiMe-123456:~# MARKER='AVZX''EMBFFA' run 'netstat -tlpn | grep 0.0.0.0:22'
AVZXEMBFFAtcp        0      0 0.0.0.0:22              0.0.0.0:*               LISTEN      2097/dropbear
AVZXEMBFFA 0
root@LiMe-123456:~# echo 'WSQC''WPPLPK'
WSQCWPPLPK
root@LiMe-123456:~# MARKER='CCGX''PGVJBH' run 'dmesg | grep br-lan | grep forwar
ding'
CCGXPGVJBH[   44.126746] br-lan: port 1(eth0) entered forwarding state
[   47.305831] br-lan: port 2(bat0) entered forwarding state
CCGXPGVJBH 0
root@LiMe-123456:~# echo 'GLYU''TVCAWE'
GLYUTVCAWE
root@LiMe-123456:~# MARKER='XBXU''SFNBMV' run 'ubus call network.interface.lan s
tatus '"'"'{}'"'"''
XBXUSFNBMV{
	"up": true,
	"pending": false,
	"available": true,
	"autostart": true,
	"dynamic": false,
	"uptime": 41,
	"l3_device": "br-lan",
	"proto": "static",
	"device": "br-lan",
	"updated": [
		"addresses"
	],
	"metric": 0,
	"dns_metric": 0,
	"delegation": true,
	"ipv4-address": [
		{
			"address": "10.13.52.86",
			"mask": 16
		}
	],
	"ipv6-address": [
		{
			"address": "fd0d:fe46:8ce8::12:3456",
			"mask": 64
		}
	],
	"ipv6-prefix": [
		
	],
	"ipv6-prefix-assignment": [
		
	],
	"route": [
		
	],
	"dns-server": [
		
	],
	"dns-search": [
		
	],
	"neighbors": [
		
	],
	"inactive": {
		"ipv4-address": [
			
		],
		"ipv6-address": [
			
		],
		"route": [
			
		],
		"dns-server": [
			
		],
		"dns-search": [
			
		],
		"neighbors": [
			
		]
	},
	"data": {
		
	}
}
XBXUSFNBMV 0
root@LiMe-1234