Labgrid Console Logfile for main
Logfile started at 2026-03-29 02:16:47.272842
=== Log starts here ===
c[?7l[2J[0mSeaBIOS (version 1.16.3-debian-1.16.3-2)


iPXE (https://ipxe.org) 00:03.0 CA00 PCI2.10 PnP PMM+06FCAE70+06F0AE70 CA00
Press Ctrl-B to configure iPXE (PCI 00:03.0)...                                                                               




iPXE (https://ipxe.org) 00:05.0 CB00 PCI2.10 PnP PMM 06FCAE70 06F0AE70 CB00
Press Ctrl-B to configure iPXE (PCI 00:05.0)...                                                                               


Booting from Hard Disk...
GRUB loading.....
[0;30;47mWelcome to GRUB![01;01H[0m[2J[H[J[1;1H[?25l[m[H[J[1;1H[2;30HGNU GRUB  version 2.12

[m[4;2H+----------------------------------------------------------------------------+[5;2H|[5;79H|[6;2H|[6;79H|[7;2H|[7;79H|[8;2H|[8;79H|[9;2H|[9;79H|[10;2H|[10;79H|[11;2H|[11;79H|[12;2H|[12;79H|[13;2H|[13;79H|[14;2H|[14;79H|[15;2H|[15;79H|[16;2H+----------------------------------------------------------------------------+[m[17;2H[18;2H[m     Use the ^ and v keys to select which entry is highlighted.          
      Press enter to boot the selected OS, `e' to edit the commands       
      before booting or `c' for a command-line. ESC to return             
      previous menu.                                                      [5;80H [7m[5;3H*OpenWrt                                                                    [m[5;78H[m[m[6;3H OpenWrt (failsafe)                                                         [m[6;78H[m[m[7;3H                                                                            [m[7;78H[m[m[8;3H                                                                            [m[8;78H[m[m[9;3H                                                                            [m[9;78H[m[m[10;3H                                                                            [m[10;78H[m[m[11;3H                                                                            [m[11;78H[m[m[12;3H                                                                            [m[12;78H[m[m[13;3H                                                                            [m[13;78H[m[m[14;3H                                                                            [m[14;78H[m[m[15;3H                                                                            [m[15;78H[m[15;80H [5;78H[2J[02;30HGNU GRUB  version 2.12[04;02H┌────────────────────────────────────────────────────────────────────────────┐[05;02H│[05;79H│[06;02H│[06;79H│[07;02H│[07;79H│[08;02H│[08;79H│[09;02H│[09;79H│[10;02H│[10;79H│[11;02H│[11;79H│[12;02H│[12;79H│[13;02H│[13;79H│[14;02H│[14;79H│[15;02H│[15;79H│[16;02H│[16;79H│[17;02H└────────────────────────────────────────────────────────────────────────────┘[19;02H     Use the ↑ and ↓ keys to select which entry is highlighted.          
      Press enter to boot the selected OS, `e' to edit the commands       
      before booting or `c' for a command-line. ESC to return             
      previous menu.                                                      [05;80H [05;03H[0;30;47m*OpenWrt                                                                    [06;03H[0m OpenWrt (failsafe)                                                         [07;03H                                                                            [08;03H                                                                            [09;03H                                                                            [10;03H                                                                            [11;03H                                                                            [12;03H                                                                            [13;03H                                                                          [13;76H[13;77H  [14;03H                                                                            [15;03H                                                                            [16;03H                                                                            [16;80H 






   The highlighted entry will be executed automatically in 5s.                [22;1H   The highlighted entry will be executed automatically in 5s.                 [5;78H [05;78H

















   The highlighted entry will be executed automatically in 4s.                [22;1H   The highlighted entry will be executed automatically in 4s.                 [5;78H [05;78H

















   The highlighted entry will be executed automatically in 3s.                [22;1H   The highlighted entry will be executed automatically in 3s.                 [5;78H [05;78H

















   The highlighted entry will be executed automatically in 2s.                [22;1H   The highlighted entry will be executed automatically in 2s.                 [5;78H [05;78H

















   The highlighted entry will be executed automatically in 1s.                [22;1H   The highlighted entry will be executed automatically in 1s.                 [5;78H [05;78H

















   The highlighted entry will be executed automatically in 0s.              [23;76H[23;77H  [22;1H   The highlighted entry will be executed automatically in 0s.                 [5;78H [01;01H[2J[?25h[H[J[1;1H[H[J[1;1H[2J   Booting `OpenWrt' Booting `OpenWrt

'

[    0.000000] Linux version 6.12.74 (builder@buildhost) (x86_64-openwrt-linux-musl-gcc (OpenWrt GCC 14.3.0 r32806-b2685cef6a) 14.3.0, GNU ld (GNU Binutils) 2.44) #0 SMP Fri Mar 27 19:50:50 2026
[    0.000000] Command line: BOOT_IMAGE=/boot/vmlinuz root=PARTUUID=e052d1f1-02 rootwait console=tty1 console=ttyS0,115200n8 noinitrd
[    0.000000] BIOS-provided physical RAM map:
[    0.000000] BIOS-e820: [mem 0x0000000000000000-0x000000000009fbff] usable
[    0.000000] BIOS-e820: [mem 0x000000000009fc00-0x000000000009ffff] reserved
[    0.000000] BIOS-e820: [mem 0x00000000000f0000-0x00000000000fffff] reserved
[    0.000000] BIOS-e820: [mem 0x0000000000100000-0x0000000007fdcfff] usable
[    0.000000] BIOS-e820: [mem 0x0000000007fdd000-0x0000000007ffffff] reserved
[    0.000000] BIOS-e820: [mem 0x00000000fffc0000-0x00000000ffffffff] reserved
[    0.000000] BIOS-e820: [mem 0x000000fd00000000-0x000000ffffffffff] reserved
[    0.000000] NX (Execute Disable) protection: active
[    0.000000] APIC: Static calls initialized
[    0.000000] SMBIOS 3.0.0 present.
[    0.000000] DMI: QEMU Standard PC (i440FX + PIIX, 1996), BIOS 1.16.3-debian-1.16.3-2 04/01/2014
[    0.000000] DMI: Memory slots populated: 1/1
[    0.000000] tsc: Fast TSC calibration using PIT
[    0.000000] tsc: Detected 2445.452 MHz processor
[    0.007569] last_pfn = 0x7fdd max_arch_pfn = 0x400000000
[    0.008181] MTRR map: 4 entries (3 fixed + 1 variable; max 19), built from 8 variable MTRRs
[    0.008353] x86/PAT: Configuration [0-7]: WB  WC  UC- UC  WB  WP  UC- WT  
[    0.028059] found SMP MP-table at [mem 0x000f5460-0x000f546f]
[    0.029404] Using GB pages for direct mapping
[    0.033756] ACPI: Early table checksum verification disabled
[    0.034095] ACPI: RSDP 0x00000000000F5290 000014 (v00 BOCHS )
[    0.034397] ACPI: RSDT 0x0000000007FE1C64 000034 (v01 BOCHS  BXPC     00000001 BXPC 00000001)
[    0.034930] ACPI: FACP 0x0000000007FE1B18 000074 (v01 BOCHS  BXPC     00000001 BXPC 00000001)
[    0.035532] ACPI: DSDT 0x0000000007FE0040 001AD8 (v01 BOCHS  BXPC     00000001 BXPC 00000001)
[    0.035604] ACPI: FACS 0x0000000007FE0000 000040
[    0.035653] ACPI: APIC 0x0000000007FE1B8C 000078 (v03 BOCHS  BXPC     00000001 BXPC 00000001)
[    0.035674] ACPI: HPET 0x0000000007FE1C04 000038 (v01 BOCHS  BXPC     00000001 BXPC 00000001)
[    0.035692] ACPI: WAET 0x0000000007FE1C3C 000028 (v01 BOCHS  BXPC     00000001 BXPC 00000001)
[    0.035766] ACPI: Reserving FACP table memory at [mem 0x7fe1b18-0x7fe1b8b]
[    0.035815] ACPI: Reserving DSDT table memory at [mem 0x7fe0040-0x7fe1b17]
[    0.035822] ACPI: Reserving FACS table memory at [mem 0x7fe0000-0x7fe003f]
[    0.035828] ACPI: Reserving APIC table memory at [mem 0x7fe1b8c-0x7fe1c03]
[    0.035834] ACPI: Reserving HPET table memory at [mem 0x7fe1c04-0x7fe1c3b]
[    0.035839] ACPI: Reserving WAET table memory at [mem 0x7fe1c3c-0x7fe1c63]
[    0.038869] Zone ranges:
[    0.038898]   DMA      [mem 0x0000000000001000-0x0000000000ffffff]
[    0.038975]   DMA32    [mem 0x0000000001000000-0x0000000007fdcfff]
[    0.038985]   Normal   empty
[    0.039002] Movable zone start for each node
[    0.039034] Early memory node ranges
[    0.039061]   node   0: [mem 0x0000000000001000-0x000000000009efff]
[    0.039114]   node   0: [mem 0x0000000000100000-0x0000000007fdcfff]
[    0.039238] Initmem setup node 0 [mem 0x0000000000001000-0x0000000007fdcfff]
[    0.040277] On node 0, zone DMA: 1 pages in unavailable ranges
[    0.040768] On node 0, zone DMA: 97 pages in unavailable ranges
[    0.042822] On node 0, zone DMA32: 35 pages in unavailable ranges
[    0.043162] ACPI: PM-Timer IO Port: 0x608
[    0.043578] ACPI: LAPIC_NMI (acpi_id[0xff] dfl dfl lint[0x1])
[    0.043993] IOAPIC[0]: apic_id 0, version 32, address 0xfec00000, GSI 0-23
[    0.044107] ACPI: INT_SRC_OVR (bus 0 bus_irq 0 global_irq 2 dfl dfl)
[    0.044371] ACPI: INT_SRC_OVR (bus 0 bus_irq 5 global_irq 5 high level)
[    0.044422] ACPI: INT_SRC_OVR (bus 0 bus_irq 9 global_irq 9 high level)
[    0.044537] ACPI: INT_SRC_OVR (bus 0 bus_irq 10 global_irq 10 high level)
[    0.044547] ACPI: INT_SRC_OVR (bus 0 bus_irq 11 global_irq 11 high level)
[    0.044730] ACPI: Using ACPI (MADT) for SMP configuration information
[    0.044774] ACPI: HPET id: 0x8086a201 base: 0xfed00000
[    0.045154] CPU topo: Max. logical packages:   1
[    0.045169] CPU topo: Max. logical dies:       1
[    0.045179] CPU topo: Max. dies per package:   1
[    0.045224] CPU topo: Max. threads per core:   1
[    0.045397] CPU topo: Num. cores per package:     1
[    0.045413] CPU topo: Num. threads per package:   1
[    0.045423] CPU topo: Allowing 1 present CPUs plus 0 hotplug CPUs
[    0.046609] [mem 0x08000000-0xfffbffff] available for PCI devices
[    0.046677] Booting paravirtualized kernel on bare hardware
[    0.046986] clocksource: refined-jiffies: mask: 0xffffffff max_cycles: 0xffffffff, max_idle_ns: 19112604462750000 ns
[    0.047660] setup_percpu: NR_CPUS:512 nr_cpumask_bits:1 nr_cpu_ids:1 nr_node_ids:1
[    0.049632] percpu: Embedded 48 pages/cpu s158104 r8192 d30312 u2097152
[    0.051942] Kernel command line: BOOT_IMAGE=/boot/vmlinuz root=PARTUUID=e052d1f1-02 rootwait console=tty1 console=ttyS0,115200n8 noinitrd
[    0.053562] random: crng init done
[    0.058264] Dentry cache hash table entries: 16384 (order: 5, 131072 bytes, linear)
[    0.059261] Inode-cache hash table entries: 8192 (order: 4, 65536 bytes, linear)
[    0.061922] Built 1 zonelists, mobility grouping on.  Total pages: 32635
[    0.062147] mem auto-init: stack:off, heap alloc:off, heap free:off
[    0.072016] SLUB: HWalign=64, Order=0-3, MinObjects=0, CPUs=1, Nodes=1
[    0.079877] rcu: Hierarchical RCU implementation.
[    0.079905] rcu: 	RCU restricting CPUs from NR_CPUS=512 to nr_cpu_ids=1.
[    0.080054] 	Tracing variant of Tasks RCU enabled.
[    0.080146] rcu: RCU calculated value of scheduler-enlistment delay is 10 jiffies.
[    0.080177] rcu: Adjusting geometry for rcu_fanout_leaf=16, nr_cpu_ids=1
[    0.081335] RCU Tasks Trace: Setting shift to 0 and lim to 1 rcu_task_cb_adjust=1 rcu_task_cpu_ids=1.
[    0.081483] NR_IRQS: 33024, nr_irqs: 256, preallocated irqs: 16
[    0.090182] rcu: srcu_init: Setting srcu_struct sizes based on contention.
[    0.097289] Console: colour VGA+ 80x25
[    0.097741] printk: legacy console [tty1] enabled
[    0.105859] printk: legacy console [ttyS0] enabled
[    0.359569] ACPI: Core revision 20240827
[    0.364854] clocksource: hpet: mask: 0xffffffff max_cycles: 0xffffffff, max_idle_ns: 19112604467 ns
[    0.369578] APIC: Switch to symmetric I/O mode setup
[    0.374221] ..TIMER: vector=0x30 apic1=0 pin1=2 apic2=-1 pin2=-1
[    0.416687] clocksource: tsc-early: mask: 0xffffffffffffffff max_cycles: 0x233ff04c6cf, max_idle_ns: 440795291877 ns
[    0.417340] Calibrating delay loop (skipped), value calculated using timer frequency.. 4890.90 BogoMIPS (lpj=24454520)
[    0.419240] x86/cpu: User Mode Instruction Prevention (UMIP) activated
[    0.434687] Last level iTLB entries: 4KB 0, 2MB 0, 4MB 0
[    0.437473] Last level dTLB entries: 4KB 0, 2MB 0, 4MB 0, 1GB 0
[    0.438569] Spectre V1 : Mitigation: usercopy/swapgs barriers and __user pointer sanitization
[    0.439669] Spectre V2 : Mitigation: Retpolines
[    0.439900] Spectre V2 : Spectre v2 / SpectreRSB: Filling RSB on context switch and VMEXIT
[    0.440331] Speculative Store Bypass: Vulnerable
[    0.449211] x86/fpu: Supporting XSAVE feature 0x001: 'x87 floating point registers'
[    0.453866] x86/fpu: Supporting XSAVE feature 0x002: 'SSE registers'
[    0.454132] x86/fpu: Supporting XSAVE feature 0x004: 'AVX registers'
[    0.454365] x86/fpu: Supporting XSAVE feature 0x008: 'MPX bounds registers'
[    0.458251] x86/fpu: Supporting XSAVE feature 0x010: 'MPX CSR'
[    0.458792] x86/fpu: xstate_offset[2]:  576, xstate_sizes[2]:  256
[    0.459381] x86/fpu: xstate_offset[3]:  960, xstate_sizes[3]:   64
[    0.459799] x86/fpu: xstate_offset[4]: 1024, xstate_sizes[4]:   64
[    0.467283] x86/fpu: Enabled xstate features 0x1f, context size is 1088 bytes, using 'standard' format.
[    0.698291] Freeing SMP alternatives memory: 40K
[    0.699291] pid_max: default: 32768 minimum: 301
[    0.708660] Mount-cache hash table entries: 512 (order: 0, 4096 bytes, linear)
[    0.709261] Mountpoint-cache hash table entries: 512 (order: 0, 4096 bytes, linear)
[    0.861193] smpboot: CPU0: AMD QEMU TCG CPU version 2.5+ (family: 0x6, model: 0x6, stepping: 0x3)
[    0.868012] Performance Events: PMU not available due to virtualization, using software events only.
[    0.869672] signal: max sigframe size: 1616
[    0.890495] rcu: Hierarchical SRCU implementation.
[    0.890783] rcu: 	Max phase no-delay instances is 1000.
[    0.900600] smp: Bringing up secondary CPUs ...
[    0.902620] smp: Brought up 1 node, 1 CPU
[    0.902910] smpboot: Total of 1 processors activated (4890.90 BogoMIPS)
[    0.909152] Memory: 103276K/130540K available (14336K kernel code, 1177K rwdata, 2552K rodata, 1492K init, 1304K bss, 25620K reserved, 0K cma-reserved)
[    0.923534] clocksource: jiffies: mask: 0xffffffff max_cycles: 0xffffffff, max_idle_ns: 19112604462750000 ns
[    0.924396] futex hash table entries: 256 (order: 2, 16384 bytes, linear)
[    0.925584] pinctrl core: initialized pinctrl subsystem
[    0.945313] NET: Registered PF_NETLINK/PF_ROUTE protocol family
[    0.951500] thermal_sys: Registered thermal governor 'step_wise'
[    0.951536] thermal_sys: Registered thermal governor 'user_space'
[    0.952521] cpuidle: using governor ladder
[    0.954165] acpiphp: ACPI Hot Plug PCI Controller Driver version: 0.5
[    0.958798] PCI: Using configuration type 1 for base access
[    0.967746] cryptd: max_cpu_qlen set to 1000
[    0.973438] ACPI: Added _OSI(Module Device)
[    0.973654] ACPI: Added _OSI(Processor Device)
[    0.973834] ACPI: Added _OSI(Processor Aggregator Device)
[    0.988060] ACPI: 1 ACPI AML tables successfully acquired and loaded
[    1.004787] ACPI: Interpreter enabled
[    1.005580] ACPI: PM: (supports S0 S5)
[    1.005812] ACPI: Using IOAPIC for interrupt routing
[    1.006368] PCI: Using host bridge windows from ACPI; if necessary, use "pci=nocrs" and report a bug
[    1.006753] PCI: Using E820 reservations for host bridge windows
[    1.008985] ACPI: Enabled 2 GPEs in block 00 to 0F
[    1.049235] ACPI: PCI Root Bridge [PCI0] (domain 0000 [bus 00-ff])
[    1.050133] acpi PNP0A03:00: _OSC: OS supports [ASPM ClockPM Segments MSI HPX-Type3]
[    1.050586] acpi PNP0A03:00: _OSC: not requesting OS control; OS requires [ExtendedConfig ASPM ClockPM MSI]
[    1.051476] acpi PNP0A03:00: fail to add MMCONFIG information, can't access extended configuration space under this bridge
[    1.061584] acpiphp: Slot [3] registered
[    1.061924] acpiphp: Slot [4] registered
[    1.062181] acpiphp: Slot [5] registered
[    1.062432] acpiphp: Slot [6] registered
[    1.067620] acpiphp: Slot [7] registered
[    1.068019] acpiphp: Slot [8] registered
[    1.069539] acpiphp: Slot [9] registered
[    1.069800] acpiphp: Slot [10] registered
[    1.070083] acpiphp: Slot [11] registered
[    1.070383] acpiphp: Slot [12] registered
[    1.070695] acpiphp: Slot [13] registered
[    1.077564] acpiphp: Slot [14] registered
[    1.078001] acpiphp: Slot [15] registered
[    1.078305] acpiphp: Slot [16] registered
[    1.078552] acpiphp: Slot [17] registered
[    1.078830] acpiphp: Slot [18] registered
[    1.079095] acpiphp: Slot [19] registered
[    1.087571] acpiphp: Slot [20] registered
[    1.087945] acpiphp: Slot [21] registered
[    1.088258] acpiphp: Slot [22] registered
[    1.088507] acpiphp: Slot [23] registered
[    1.088781] acpiphp: Slot [24] registered
[    1.089026] acpiphp: Slot [25] registered
[    1.097589] acpiphp: Slot [26] registered
[    1.097976] acpiphp: Slot [27] registered
[    1.098283] acpiphp: Slot [28] registered
[    1.098570] acpiphp: Slot [29] registered
[    1.098824] acpiphp: Slot [30] registered
[    1.099071] acpiphp: Slot [31] registered
[    1.107835] PCI host bridge to bus 0000:00
[    1.108408] pci_bus 0000:00: root bus resource [io  0x0000-0x0cf7 window]
[    1.117265] pci_bus 0000:00: root bus resource [io  0x0d00-0xffff window]
[    1.117511] pci_bus 0000:00: root bus resource [mem 0x000a0000-0x000bffff window]
[    1.127031] pci_bus 0000:00: root bus resource [mem 0x08000000-0xfebfffff window]
[    1.127425] pci_bus 0000:00: root bus resource [mem 0x100000000-0x17fffffff window]
[    1.127901] pci_bus 0000:00: root bus resource [bus 00-ff]
[    1.129320] pci 0000:00:00.0: [8086:1237] type 00 class 0x060000 conventional PCI endpoint
[    1.141275] pci 0000:00:01.0: [8086:7000] type 00 class 0x060100 conventional PCI endpoint
[    1.142189] pci 0000:00:01.1: [8086:7010] type 00 class 0x010180 conventional PCI endpoint
[    1.145060] pci 0000:00:01.1: BAR 4 [io  0xc0e0-0xc0ef]
[    1.148599] pci 0000:00:01.1: BAR 0 [io  0x01f0-0x01f7]: legacy IDE quirk
[    1.148935] pci 0000:00:01.1: BAR 1 [io  0x03f6]: legacy IDE quirk
[    1.149213] pci 0000:00:01.1: BAR 2 [io  0x0170-0x0177]: legacy IDE quirk
[    1.149486] pci 0000:00:01.1: BAR 3 [io  0x0376]: legacy IDE quirk
[    1.158425] pci 0000:00:01.3: [8086:7113] type 00 class 0x068000 conventional PCI endpoint
[    1.159114] pci 0000:00:01.3: quirk: [io  0x0600-0x063f] claimed by PIIX4 ACPI
[    1.159433] pci 0000:00:01.3: quirk: [io  0x0700-0x070f] claimed by PIIX4 SMB
[    1.168106] pci 0000:00:02.0: [1234:1111] type 00 class 0x030000 conventional PCI endpoint
[    1.168913] pci 0000:00:02.0: BAR 0 [mem 0xfd000000-0xfdffffff pref]
[    1.170391] pci 0000:00:02.0: BAR 2 [mem 0xfeb90000-0xfeb90fff]
[    1.172979] pci 0000:00:02.0: ROM [mem 0xfeb80000-0xfeb8ffff pref]
[    1.177714] pci 0000:00:02.0: Video device with shadowed ROM at [mem 0x000c0000-0x000dffff]
[    1.178848] pci 0000:00:03.0: [1af4:1000] type 00 class 0x020000 conventional PCI endpoint
[    1.180114] pci 0000:00:03.0: BAR 0 [io  0xc080-0xc09f]
[    1.189436] pci 0000:00:03.0: BAR 4 [mem 0xfe000000-0xfe003fff 64bit pref]
[    1.190862] pci 0000:00:03.0: ROM [mem 0xfea80000-0xfeafffff pref]
[    1.201572] pci 0000:00:04.0: [1af4:1005] type 00 class 0x00ff00 conventional PCI endpoint
[    1.202539] pci 0000:00:04.0: BAR 0 [io  0xc0a0-0xc0bf]
[    1.206655] pci 0000:00:04.0: BAR 1 [mem 0xfeb91000-0xfeb91fff]
[    1.208714] pci 0000:00:04.0: BAR 4 [mem 0xfe004000-0xfe007fff 64bit pref]
[    1.213324] pci 0000:00:05.0: [1af4:1000] type 00 class 0x020000 conventional PCI endpoint
[    1.214904] pci 0000:00:05.0: BAR 0 [io  0xc0c0-0xc0df]
[    1.217605] pci 0000:00:05.0: BAR 1 [mem 0xfeb92000-0xfeb92fff]
[    1.219622] pci 0000:00:05.0: BAR 4 [mem 0xfe008000-0xfe00bfff 64bit pref]
[    1.220410] pci 0000:00:05.0: ROM [mem 0xfeb00000-0xfeb7ffff pref]
[    1.223964] pci 0000:00:06.0: [1af4:1001] type 00 class 0x010000 conventional PCI endpoint
[    1.228164] pci 0000:00:06.0: BAR 0 [io  0xc000-0xc07f]
[    1.229387] pci 0000:00:06.0: BAR 1 [mem 0xfeb93000-0xfeb93fff]
[    1.231376] pci 0000:00:06.0: BAR 4 [mem 0xfe00c000-0xfe00ffff 64bit pref]
[    1.240401] ACPI: PCI: Interrupt link LNKA configured for IRQ 10
[    1.241291] ACPI: PCI: Interrupt link LNKB configured for IRQ 10
[    1.241925] ACPI: PCI: Interrupt link LNKC configured for IRQ 11
[    1.242531] ACPI: PCI: Interrupt link LNKD configured for IRQ 11
[    1.242973] ACPI: PCI: Interrupt link LNKS configured for IRQ 9
[    1.250747] iommu: Default domain type: Translated
[    1.250998] iommu: DMA domain TLB invalidation policy: lazy mode
[    1.257571] SCSI subsystem initialized
[    1.259167] ACPI: bus type USB registered
[    1.259730] usbcore: registered new interface driver usbfs
[    1.262371] usbcore: registered new interface driver hub
[    1.262812] usbcore: registered new device driver usb
[    1.263353] pps_core: LinuxPPS API ver. 1 registered
[    1.263579] pps_core: Software ver. 5.3.6 - Copyright 2005-2007 Rodolfo Giometti <giometti@linux.it>
[    1.267548] PTP clock support registered
[    1.284308] PCI: Using ACPI for IRQ routing
[    1.286497] hpet0: at MMIO 0xfed00000, IRQs 2, 8, 0
[    1.286802] hpet0: 3 comparators, 64-bit 100.000000 MHz counter
[    1.291594] clocksource: Switched to clocksource tsc-early
[    1.295130] pnp: PnP ACPI init
[    1.295432] pnp: PnP ACPI: found 6 devices
[    1.310620] clocksource: acpi_pm: mask: 0xffffff max_cycles: 0xffffff, max_idle_ns: 2085701024 ns
[    1.311957] NET: Registered PF_INET protocol family
[    1.313414] IP idents hash table entries: 2048 (order: 2, 16384 bytes, linear)
[    1.319313] tcp_listen_portaddr_hash hash table entries: 256 (order: 0, 4096 bytes, linear)
[    1.321303] Table-perturb hash table entries: 65536 (order: 6, 262144 bytes, linear)
[    1.321786] TCP established hash table entries: 1024 (order: 1, 8192 bytes, linear)
[    1.322231] TCP bind hash table entries: 1024 (order: 3, 32768 bytes, linear)
[    1.332187] TCP: Hash tables configured (established 1024 bind 1024)
[    1.334099] MPTCP token hash table entries: 256 (order: 1, 6144 bytes, linear)
[    1.334622] UDP hash table entries: 256 (order: 1, 8192 bytes, linear)
[    1.335081] UDP-Lite hash table entries: 256 (order: 1, 8192 bytes, linear)
[    1.344749] NET: Registered PF_UNIX/PF_LOCAL protocol family
[    1.346044] pci_bus 0000:00: resource 4 [io  0x0000-0x0cf7 window]
[    1.346287] pci_bus 0000:00: resource 5 [io  0x0d00-0xffff window]
[    1.346512] pci_bus 0000:00: resource 6 [mem 0x000a0000-0x000bffff window]
[    1.354194] pci_bus 0000:00: resource 7 [mem 0x08000000-0xfebfffff window]
[    1.354537] pci_bus 0000:00: resource 8 [mem 0x100000000-0x17fffffff window]
[    1.355290] pci 0000:00:01.0: PIIX3: Enabling Passive Release
[    1.355588] pci 0000:00:00.0: Limiting direct PCI/PCI transfers
[    1.365421] PCI: CLS 0 bytes, default 64
[    1.385061] workingset: timestamp_bits=46 max_order=15 bucket_order=0
[    1.387610] squashfs: version 4.0 (2009/01/31) Phillip Lougher
[    1.390421] Block layer SCSI generic (bsg) driver version 0.4 loaded (major 247)
[    1.394535] hv_vmbus: registering driver hyperv_fb
[    1.399053] input: Power Button as /devices/LNXSYSTM:00/LNXPWRBN:00/input/input0
[    1.407272] ACPI: button: Power Button [PWRF]
[    1.567461] ACPI: \_SB_.LNKC: Enabled at IRQ 11
[    1.722782] ACPI: \_SB_.LNKD: Enabled at IRQ 10
[    1.875428] ACPI: \_SB_.LNKA: Enabled at IRQ 10
[    2.027876] ACPI: \_SB_.LNKB: Enabled at IRQ 11
[    2.029660] Serial: 8250/16550 driver, 16 ports, IRQ sharing enabled
[    2.054638] 00:04: ttyS0 at I/O 0x3f8 (irq = 4, base_baud = 115200) is a 16550A
[    2.081507] Non-volatile memory driver v1.3
[    2.092503] Linux agpgart interface v0.103
[    2.093532] ACPI: bus type drm_connector registered
[    2.096334] [drm] Found bochs VGA, ID 0xb0c5.
[    2.096546] [drm] Framebuffer size 16384 kB @ 0xfd000000, mmio @ 0xfeb90000.
[    2.102787] [drm] Found EDID data blob.
[    2.108407] [drm] Initialized bochs-drm 1.0.0 for 0000:00:02.0 on minor 0
[    2.176406] Console: switching to colour frame buffer device 160x50
[    2.185484] bochs-drm 0000:00:02.0: [drm] fb0: bochs-drmdrmfb frame buffer device
[    2.204189] loop: module loaded
[    2.204858] virtio_blk virtio3: 1/0/0 default/read/poll queues
[    2.225577] virtio_blk virtio3: [vda] 246784 512-byte logical blocks (126 MB/121 MiB)
[    2.234631]  vda: vda1 vda2
[    2.236990] Guest personality initialized and is inactive
[    2.237607] VMCI host device registered (name=vmci, major=10, minor=256)
[    2.237927] Initialized host personality
[    2.238280] usbcore: registered new interface driver rtsx_usb
[    2.239291] VMware PVSCSI driver - version 1.0.7.0-k
[    2.247912] hv_vmbus: registering driver hv_storvsc
[    2.264917] scsi host0: ata_piix
[    2.268142] scsi host1: ata_piix
[    2.269064] ata1: PATA max MWDMA2 cmd 0x1f0 ctl 0x3f6 bmdma 0xc0e0 irq 14 lpm-pol 0
[    2.269426] ata2: PATA max MWDMA2 cmd 0x170 ctl 0x376 bmdma 0xc0e8 irq 15 lpm-pol 0
[    2.280691] VMware vmxnet3 virtual NIC driver - version 1.9.0.0-k-NAPI
[    2.281363] hv_vmbus: registering driver hv_netvsc
[    2.281768] Fusion MPT base driver 3.04.20
[    2.281937] Copyright (c) 1999-2008 LSI Corporation
[    2.282337] Fusion MPT SPI Host driver 3.04.20
[    2.291801] Fusion MPT SAS Host driver 3.04.20
[    2.293934] usbcore: registered new interface driver usb-storage
[    2.295200] i8042: PNP: PS/2 Controller [PNP0303:KBD,PNP0f13:MOU] at 0x60,0x64 irq 1,12
[    2.298851] serio: i8042 KBD port at 0x60,0x64 irq 1
[    2.299238] serio: i8042 AUX port at 0x60,0x64 irq 12
[    2.305548] hv_vmbus: registering driver hyperv_keyboard
[    2.308039] rtc_cmos 00:05: RTC can wake from S4
[    2.312963] rtc_cmos 00:05: registered as rtc0
[    2.315801] rtc_cmos 00:05: setting system clock to 2026-03-29T02:16:58 UTC (1774750618)
[    2.318328] rtc_cmos 00:05: alarms up to one day, y3k, 242 bytes nvram, hpet irqs
[    2.320940] intel_powerclamp: CPU does not support MWAIT
[    2.323163] amd_pstate: the _CPC object is not present in SBIOS or ACPI disabled
[    2.328998] sdhci: Secure Digital Host Controller Interface driver
[    2.330912] sdhci: Copyright(c) Pierre Ossman
[    2.333203] VUB300 Driver rom wait states = 1C irqpoll timeout = 0400
[    2.340503] input: AT Translated Set 2 keyboard as /devices/platform/i8042/serio0/input/input1
[    2.362651] usbcore: registered new interface driver vub300
[    2.364831] usbcore: registered new interface driver ushc
[    2.372735] hid: raw HID events driver (C) Jiri Kosina
[    2.375430] hv_vmbus: registering driver hid_hyperv
[    2.378214] usbcore: registered new interface driver usbhid
[    2.380189] usbhid: USB HID core driver
[    2.382241] hv_utils: Registering HyperV Utility Driver
[    2.384197] hv_vmbus: registering driver hv_utils
[    2.386471] hv_vmbus: registering driver hv_balloon
[    2.389990] NET: Registered PF_INET6 protocol family
[    2.404926] Segment Routing with IPv6
[    2.407210] In-situ OAM (IOAM) with IPv6
[    2.409581] NET: Registered PF_PACKET protocol family
[    2.412132] bridge: filtering via arp/ip/ip6tables is no longer available by default. Update your scripts to load br_netfilter if you need this.
[    2.421325] 8021q: 802.1Q VLAN Support v1.8
[    2.423878] NET: Registered PF_VSOCK protocol family
[    2.432784] IPI shorthand broadcast: enabled
[    2.439561] AES CTR mode by8 optimization enabled
[    2.460652] sched_clock: Marking stable (2190081677, 266494261)->(2464316975, -7741037)
[    2.491350] tsc: Refined TSC clocksource calibration: 2445.438 MHz
[    2.493675] clocksource: tsc: mask: 0xffffffffffffffff max_cycles: 0x233fe3411a7, max_idle_ns: 440795329598 ns
[    2.509603] ata2: found unknown device (class 0)
[    2.525932] clocksource: Switched to clocksource tsc
[    2.552067] ata2.00: ATAPI: QEMU DVD-ROM, 2.5+, max UDMA/100
[    2.570085] scsi 1:0:0:0: CD-ROM            QEMU     QEMU DVD-ROM     2.5+ PQ: 0 ANSI: 5
[    2.580683] clk: Disabling unused clocks
[    2.628346] sr 1:0:0:0: [sr0] scsi3-mmc drive: 4x/4x cd/rw xa/form2 tray
[    2.630798] cdrom: Uniform CD-ROM driver Revision: 3.20
[    2.678300] VFS: Mounted root (squashfs filesystem) readonly on device 254:2.
[    2.747534] Freeing unused kernel image (initmem) memory: 1492K
[    2.749951] Write protecting the kernel read-only data: 18432k
[    2.754141] Freeing unused kernel image (rodata/data gap) memory: 1544K
[    2.756821] Run /sbin/init as init process
[    3.099612] init: Console is alive
[    3.619347] kmodloader: loading kernel modules from /etc/modules-boot.d/*
[    3.678732] button_hotplug: loading out-of-tree module taints kernel.
[    3.685218] Button Hotplug driver version 0.4.1
[    3.704938] Intel(R) 2.5G Ethernet Linux Driver
[    3.707436] Copyright(c) 2018 Intel Corporation.
[    3.722405] igb: Intel(R) Gigabit Ethernet Network Driver
[    3.724778] igb: Copyright (c) 2007-2014 Intel Corporation.
[    3.740561] e1000e: Intel(R) PRO/1000 Network Driver
[    3.742982] e1000e: Copyright(c) 1999 - 2015 Intel Corporation.
[    3.754954] kmodloader: done loading kernel modules from /etc/modules-boot.d/*
[    3.774189] init: - preinit -
[    4.807259] 8021q: adding VLAN 0 to HW filter on device eth0
Press the [f] key and hit [enter] to enter failsafe mode
Press the [1], [2], [3] or [4] key and hit [enter] to select the debug level
[    9.450410] loop0: detected capacity change from 0 to 212992
[    9.487138] loop0: detected capacity change from 212992 to 200960
[    9.500432] mount_root: overlay filesystem in /dev/loop0 has not been formatted yet
[    9.826029] EXT4-fs (loop0): mounted filesystem 0bb665cf-a8c0-43c1-bf9e-647c9bc2bca4 r/w with ordered data mode. Quota mode: disabled.
[    9.839661] mount_root: overlay filesystem has not been fully initialized yet
[    9.857472] mount_root: switching to ext4 overlay
[    9.878198] overlayfs: null uuid detected in lower fs '/', falling back to xino=off,index=off,nfs_export=off.
[   10.616003] EXT4-fs (vda1): mounted filesystem 84173db5-fa99-e35a-95c6-28613cc79ea9 r/w without journal. Quota mode: disabled.
[   10.639566] urandom-seed: Seed file not found (/etc/urandom.seed)
[   10.781971] procd: - early -
[   11.529820] procd: - ubus -
[   11.708394] procd: - init -
Please press Enter to activate this console.
root
login[1047]: root login on 'ttyS0'


BusyBox v1.37.0 (2026-03-27 19:50:50 UTC) built-in shell (ash)

  _______                     ________        __
 |       |.-----.-----.-----.|  |  |  |.----.|  |_
 |   -   ||  _  |  -__|     ||  |  |  ||   _||   _|
 |_______||   __|_____|__|__||________||__|  |____|
          |__| W I R E L E S S   F R E E D O M
 -----------------------------------------------------
 OpenWrt 25.12-SNAPSHOT, r32806-b2685cef6a Dave's Guitar
 -----------------------------------------------------

 === WARNING! =====================================
 There is no root password defined on this device!
 Use the "passwd" command to set up a new password
 in order to prevent unauthorized SSH logins.
 --------------------------------------------------


 OpenWrt recently switched to the "apk" package manager!

 OPKG Command           APK Equivalent      Description
 ------------------------------------------------------------------
 opkg install <pkg>     apk add <pkg>       Install a package
 opkg remove <pkg>      apk del <pkg>       Remove a package
 opkg upgrade           apk upgrade         Upgrade all packages
 opkg files <pkg>       apk info -L <pkg>   List package contents
 opkg list-installed    apk info            List installed packages
 opkg update            apk update          Update package lists
 opkg search <pkg>      apk search <pkg>    Search for packages
 ------------------------------------------------------------------

For more information visit:
https://openwrt.org/docs/guide-user/additional-software/opkg-to-apk-cheatsheet

root@(none):~# dmesg -n 1
root@(none):~# echo 'ETNO''EGPASJ'
ETNOEGPASJ
root@(none):~# run() { echo -n "$MARKER"; sh -c "$@"; echo "$MARKER $?"; }
root@(none):~# echo 'AAYW''ASCTBE'
AAYWASCTBE
root@(none):~# MARKER='BNWO''LCAMWB' run 'ubus wait_for network.interface.lan'
BNWOLCAMWBBNWOLCAMWB 0
root@OpenWrt:~# echo 'HJNW''YTAPGZ'
HJNWYTAPGZ
root@OpenWrt:~# MARKER='NHNY''EKVSUU' run 'ubus call network.interface.lan statu
s '"'"'{}'"'"''
NHNYEKVSUU{
	"up": true,
	"pending": false,
	"available": true,
	"autostart": true,
	"dynamic": false,
	"uptime": 0,
	"l3_device": "br-lan",
	"proto": "static",
	"device": "br-lan",
	"updated": [
		"addresses"
	],
	"metric": 0,
	"dns_metric": 0,
	"delegation": true,
	"ipv4-address": [
		{
			"address": "192.168.1.1",
			"mask": 24
		}
	],
	"ipv6-address": [
		
	],
	"ipv6-prefix": [
		
	],
	"ipv6-prefix-assignment": [
		{
			"address": "fd45:baa1:5fc::",
			"mask": 60,
			"local-address": {
				"address": "fd45:baa1:5fc::1",
				"mask": 60
			}
		}
	],
	"route": [
		
	],
	"dns-server": [
		
	],
	"dns-search": [
		
	],
	"neighbors": [
		
	],
	"inactive": {
		"ipv4-address": [
			
		],
		"ipv6-address": [
			
		],
		"route": [
			
		],
		"dns-server": [
			
		],
		"dns-search": [
			
		],
		"neighbors": [
			
		]
	},
	"data": {
		
	}
}
NHNYEKVSUU 0
root@OpenWrt:~# echo 'GXZF''VEKBNS'
GXZFVEKBNS
root@OpenWrt:~# MARKER='BSPO''UYKOVX' run true
BSPOUYKOVXBSPOUYKOVX 0
root@OpenWrt:~# echo 'XOQV''YBKSZZ'
XOQVYBKSZZ
root@OpenWrt:~# MARKER='OAJB''WZMEVC' run 'source /etc/os-release; echo $BUILD_I
D'
OAJBWZMEVCr32806-b2685cef6a
OAJBWZMEVC 0
root@OpenWrt:~# echo 'MMEF''BHYSBV'
MMEFBHYSBV
root@OpenWrt:~# MARKER='VCSF''EYEQZF' run 'ls /etc/dropbear/dropbear_rsa_host_ke
y'
VCSFEYEQZF[0;0m/etc/dropbear/dropbear_rsa_host_key[m
VCSFEYEQZF 0
root@OpenWrt:~# echo 'MVAU''LNNYQA'
MVAULNNYQA
root@OpenWrt:~# MARKER='JSJE''OUAPBE' run 'netstat -tlpn | grep 0.0.0.0:22'
JSJEOUAPBEnetstat: showing only processes with your user ID
tcp        0      0 0.0.0.0:22              0.0.0.0:*               LISTEN      1755/dropbear
JSJEOUAPBE 0
root@OpenWrt:~# echo 'ALLF''QCAGAK'
ALLFQCAGAK
root@OpenWrt:~# MARKER='MTSY''AHVXPM' run 'dmesg | grep br-lan | grep forwarding
'
MTSYAHVXPM[   31.168874] br-lan: port 1(eth0) entered forwarding state
MTSYAHVXPM 0
root@OpenWrt:~# echo 'KAMF''LQSQKC'
KAMFLQSQKC
root@OpenWrt:~# MARKER='GFEJ''NQXGJY' run 'ubus call network.interface.lan statu
s '"'"'{}'"'"''
GFEJNQXGJY{
	"up": true,
	"pending": false,
	"available": true,
	"autostart": true,
	"dynamic": false,
	"uptime": 7,
	"l3_device": "br-lan",
	"proto": "static",
	"device": "br-lan",
	"updated": [
		"addresses"
	],
	"metric": 0,
	"dns_metric": 0,
	"delegation": true,
	"ipv4-address": [
		{
			"address": "192.168.1.1",
			"mask": 24
		}
	],
	"ipv6-address": [
		
	],
	"ipv6-prefix": [
		
	],
	"ipv6-prefix-assignment": [
		{
			"address": "fd45:baa1:5fc::",
			"mask": 60,
			"local-address": {
				"address": "fd45:baa1:5fc::1",
				"mask": 60
			}
		}
	],
	"route": [
		
	],
	"dns-server": [
		
	],
	"dns-search": [
		
	],
	"neighbors": [
		
	],
	"inactive": {
		"ipv4-address": [
			
		],
		"ipv6-address": [
			
		],
		"route": [
			
		],
		"dns-server": [
			
		],
		"dns-search": [
			
		],
		"neighbors": [
			
		]
	},
	"data": {
		
	}
}
GFEJNQXGJY 0
root@OpenWrt:~# echo 'QNTK''SQPLJQ'
QNTKSQPLJQ
root@OpenWrt:~# MARKER='NPEX''NKUUNP' run 'ip -o addr show dev br-lan'
NPEXNKUUNP4: br-lan    inet 192.168.1.1/24 brd 192.168.1.255 scope global br-lan\       valid_lft forever preferred_lft forever
4: br-lan    inet6 fd45:baa1:5fc::1/60 scope global noprefixroute \       valid_lft forever preferred_lft forever
4: br-lan    inet6 fe80::5054:ff:fe12:3456/64 scope link \       valid_lft forever preferred_lft forever
NPEXNKUUNP 0
root@OpenWrt:~# echo 'HBLF''JBYUZK'
HBLFJBYUZK
root@OpenWrt:~# MARKER='ANXK''SMFFSQ' run 'ubus call network.interface.wan statu
s '"'"'{}'"'"''
ANXKSMFFSQ{
	"up": true,
	"pending": false,
	"available": true,
	"autostart": true,
	"dynamic": false,
	"uptime": 8,
	"l3_device": "eth1",
	"proto": "dhcp",
	"device": "eth1",
	"updated": [
		"addresses",
		"routes",
		"data"
	],
	"metric": 0,
	"dns_metric": 0,
	"delegation": true,
	"ipv4-address": [
		{
			"address": "10.0.2.15",
			"mask": 24
		}
	],
	"ipv6-address": [
		
	],
	"ipv6-prefix": [
		
	],
	"ipv6-prefix-assignment": [
		
	],
	"route": [
		{
			"target": "0.0.0.0",
			"mask": 0,
			"nexthop": "10.0.2.2",
			"source": "10.0.2.15/32"
		}
	],
	"dns-server": [
		"10.0.2.3"
	],
	"dns-search": [
		
	],
	"neighbors": [
		
	],
	"inactive": {
		"ipv4-address": [
			
		],
		"ipv6-address": [
			
		],
		"route": [
			
		],
		"dns-server": [
			
		],
		"dns-search": [
			
		],
		"neighbors": [
			
		]
	},
	"data": {
		"dhcpserver": "10.0.2.2",
		"leasetime": 86400
	}
}
ANXKSMFFSQ 0
root@OpenWrt:~# 