Labgrid Console Logfile for main
Logfile started at 2026-03-30 03:31:21.259827
=== Log starts here ===
c[?7l[2J[0mSeaBIOS (version 1.16.3-debian-1.16.3-2)


iPXE (https://ipxe.org) 00:03.0 CA00 PCI2.10 PnP PMM+06FCAE70+06F0AE70 CA00
Press Ctrl-B to configure iPXE (PCI 00:03.0)...                                                                               




iPXE (https://ipxe.org) 00:05.0 CB00 PCI2.10 PnP PMM 06FCAE70 06F0AE70 CB00
Press Ctrl-B to configure iPXE (PCI 00:05.0)...                                                                               


Booting from Hard Disk...
GRUB loading.....
[0;30;47mWelcome to GRUB![01;01H[0m[2J[H[J[1;1H[?25l[m[H[J[1;1H[2;30HGNU GRUB  version 2.12

[m[4;2H+----------------------------------------------------------------------------+[5;2H|[5;79H|[6;2H|[6;79H|[7;2H|[7;79H|[8;2H|[8;79H|[9;2H|[9;79H|[10;2H|[10;79H|[11;2H|[11;79H|[12;2H|[12;79H|[13;2H|[13;79H|[14;2H|[14;79H|[15;2H|[15;79H|[16;2H+----------------------------------------------------------------------------+[m[17;2H[18;2H[m     Use the ^ and v keys to select which entry is highlighted.          
      Press enter to boot the selected OS, `e' to edit the commands       
      before booting or `c' for a command-line. ESC to return             
      previous menu.                                                      [5;80H [7m[5;3H*OpenWrt                                                                    [m[5;78H[m[m[6;3H OpenWrt (failsafe)                                                         [m[6;78H[m[m[7;3H                                                                            [m[7;78H[m[m[8;3H                                                                            [m[8;78H[m[m[9;3H                                                                            [m[9;78H[m[m[10;3H                                                                            [m[10;78H[m[m[11;3H                                                                            [m[11;78H[m[m[12;3H                                                                            [m[12;78H[m[m[13;3H                                                                            [m[13;78H[m[m[14;3H                                                                            [m[14;78H[m[m[15;3H                                                                            [m[15;78H[m[15;80H [5;78H[2J[02;30HGNU GRUB  version 2.12[04;02H┌────────────────────────────────────────────────────────────────────────────┐[05;02H│[05;79H│[06;02H│[06;79H│[07;02H│[07;79H│[08;02H│[08;79H│[09;02H│[09;79H│[10;02H│[10;79H│[11;02H│[11;79H│[12;02H│[12;79H│[13;02H│[13;79H│[14;02H│[14;79H│[15;02H│[15;79H│[16;02H│[16;79H│[17;02H└────────────────────────────────────────────────────────────────────────────┘[19;02H     Use the ↑ and ↓ keys to select which entry is highlighted.          
      Press enter to boot the selected OS, `e' to edit the commands       
      before booting or `c' for a command-line. ESC to return             
      previous menu.                                                      [05;80H [05;03H[0;30;47m*OpenWrt                                                                    [06;03H[0m O[06;04H[06;05HpenWrt (failsafe)                                                         [07;03H                                                                            [08;03H             [08;15H[08;16H                                                               [09;03H                                                                            [10;03H                        [10;26H[10;27H                                                    [11;03H                                                                            [12;03H                                                                            [13;03H                                                                            [14;03H                                                                            [15;03H                                                                            [16;03H                                                                            [16;80H 






   The highlighted entry will be executed automatically in 5s.                [22;1H   The highlighted entry will be executed automatically in 5s.                 [5;78H [05;78H

















   The highlighted entry will be executed automatically in 4s.                [22;1H   The highlighted entry will be executed automatically in 4s.                 [5;78H [05;78H

















   The highlighted entry will be executed automatically in 3s.                [22;1H   The highlighted entry will be executed automatically in 3s.                 [5;78H [05;78H

















   The highlighted entry will be executed automatically in 2s.                [22;1H   The highlighted entry will be executed automatically in 2s.                 [5;78H [05;78H

















   The highlighted entry will be executed automatically in 1s.                [22;1H   The highlighted entry will be executed automatically in 1s.                 [5;78H [05;78H

















   The highlighted entry will be executed automatically in 0s.                [22;1H   The highlighted entry will be executed automatically in 0s.                 [5;78H [01;01H[2J[?25h[H[J[1;1H[H[J[1;1H[2J   Booting `OpenWrt' Booting `OpenWrt

'

[    0.000000] Linux version 6.12.74 (builder@buildhost) (x86_64-openwrt-linux-musl-gcc (OpenWrt GCC 14.3.0 r32814-909b0b8880) 14.3.0, GNU ld (GNU Binutils) 2.44) #0 SMP Sun Mar 29 15:35:55 2026
[    0.000000] Command line: BOOT_IMAGE=/boot/vmlinuz root=PARTUUID=4d0d0236-02 rootwait console=tty1 console=ttyS0,115200n8 noinitrd
[    0.000000] BIOS-provided physical RAM map:
[    0.000000] BIOS-e820: [mem 0x0000000000000000-0x000000000009fbff] usable
[    0.000000] BIOS-e820: [mem 0x000000000009fc00-0x000000000009ffff] reserved
[    0.000000] BIOS-e820: [mem 0x00000000000f0000-0x00000000000fffff] reserved
[    0.000000] BIOS-e820: [mem 0x0000000000100000-0x0000000007fdcfff] usable
[    0.000000] BIOS-e820: [mem 0x0000000007fdd000-0x0000000007ffffff] reserved
[    0.000000] BIOS-e820: [mem 0x00000000fffc0000-0x00000000ffffffff] reserved
[    0.000000] BIOS-e820: [mem 0x000000fd00000000-0x000000ffffffffff] reserved
[    0.000000] NX (Execute Disable) protection: active
[    0.000000] APIC: Static calls initialized
[    0.000000] SMBIOS 3.0.0 present.
[    0.000000] DMI: QEMU Standard PC (i440FX + PIIX, 1996), BIOS 1.16.3-debian-1.16.3-2 04/01/2014
[    0.000000] DMI: Memory slots populated: 1/1
[    0.000000] tsc: Fast TSC calibration using PIT
[    0.000000] tsc: Detected 2596.060 MHz processor
[    0.007670] last_pfn = 0x7fdd max_arch_pfn = 0x400000000
[    0.008291] MTRR map: 4 entries (3 fixed + 1 variable; max 19), built from 8 variable MTRRs
[    0.008461] x86/PAT: Configuration [0-7]: WB  WC  UC- UC  WB  WP  UC- WT  
[    0.027884] found SMP MP-table at [mem 0x000f5460-0x000f546f]
[    0.029304] Using GB pages for direct mapping
[    0.033662] ACPI: Early table checksum verification disabled
[    0.034003] ACPI: RSDP 0x00000000000F5290 000014 (v00 BOCHS )
[    0.034329] ACPI: RSDT 0x0000000007FE1C64 000034 (v01 BOCHS  BXPC     00000001 BXPC 00000001)
[    0.034827] ACPI: FACP 0x0000000007FE1B18 000074 (v01 BOCHS  BXPC     00000001 BXPC 00000001)
[    0.035408] ACPI: DSDT 0x0000000007FE0040 001AD8 (v01 BOCHS  BXPC     00000001 BXPC 00000001)
[    0.035476] ACPI: FACS 0x0000000007FE0000 000040
[    0.035521] ACPI: APIC 0x0000000007FE1B8C 000078 (v03 BOCHS  BXPC     00000001 BXPC 00000001)
[    0.035541] ACPI: HPET 0x0000000007FE1C04 000038 (v01 BOCHS  BXPC     00000001 BXPC 00000001)
[    0.035559] ACPI: WAET 0x0000000007FE1C3C 000028 (v01 BOCHS  BXPC     00000001 BXPC 00000001)
[    0.035630] ACPI: Reserving FACP table memory at [mem 0x7fe1b18-0x7fe1b8b]
[    0.035678] ACPI: Reserving DSDT table memory at [mem 0x7fe0040-0x7fe1b17]
[    0.035685] ACPI: Reserving FACS table memory at [mem 0x7fe0000-0x7fe003f]
[    0.035691] ACPI: Reserving APIC table memory at [mem 0x7fe1b8c-0x7fe1c03]
[    0.035696] ACPI: Reserving HPET table memory at [mem 0x7fe1c04-0x7fe1c3b]
[    0.035701] ACPI: Reserving WAET table memory at [mem 0x7fe1c3c-0x7fe1c63]
[    0.038714] Zone ranges:
[    0.038743]   DMA      [mem 0x0000000000001000-0x0000000000ffffff]
[    0.038822]   DMA32    [mem 0x0000000001000000-0x0000000007fdcfff]
[    0.038831]   Normal   empty
[    0.038849] Movable zone start for each node
[    0.038881] Early memory node ranges
[    0.038907]   node   0: [mem 0x0000000000001000-0x000000000009efff]
[    0.038958]   node   0: [mem 0x0000000000100000-0x0000000007fdcfff]
[    0.039080] Initmem setup node 0 [mem 0x0000000000001000-0x0000000007fdcfff]
[    0.040133] On node 0, zone DMA: 1 pages in unavailable ranges
[    0.040605] On node 0, zone DMA: 97 pages in unavailable ranges
[    0.042661] On node 0, zone DMA32: 35 pages in unavailable ranges
[    0.043005] ACPI: PM-Timer IO Port: 0x608
[    0.043406] ACPI: LAPIC_NMI (acpi_id[0xff] dfl dfl lint[0x1])
[    0.043823] IOAPIC[0]: apic_id 0, version 32, address 0xfec00000, GSI 0-23
[    0.043933] ACPI: INT_SRC_OVR (bus 0 bus_irq 0 global_irq 2 dfl dfl)
[    0.044199] ACPI: INT_SRC_OVR (bus 0 bus_irq 5 global_irq 5 high level)
[    0.044247] ACPI: INT_SRC_OVR (bus 0 bus_irq 9 global_irq 9 high level)
[    0.044342] ACPI: INT_SRC_OVR (bus 0 bus_irq 10 global_irq 10 high level)
[    0.044350] ACPI: INT_SRC_OVR (bus 0 bus_irq 11 global_irq 11 high level)
[    0.044529] ACPI: Using ACPI (MADT) for SMP configuration information
[    0.044571] ACPI: HPET id: 0x8086a201 base: 0xfed00000
[    0.044960] CPU topo: Max. logical packages:   1
[    0.044976] CPU topo: Max. logical dies:       1
[    0.044987] CPU topo: Max. dies per package:   1
[    0.045036] CPU topo: Max. threads per core:   1
[    0.045220] CPU topo: Num. cores per package:     1
[    0.045235] CPU topo: Num. threads per package:   1
[    0.045245] CPU topo: Allowing 1 present CPUs plus 0 hotplug CPUs
[    0.046429] [mem 0x08000000-0xfffbffff] available for PCI devices
[    0.046496] Booting paravirtualized kernel on bare hardware
[    0.046804] clocksource: refined-jiffies: mask: 0xffffffff max_cycles: 0xffffffff, max_idle_ns: 19112604462750000 ns
[    0.047463] setup_percpu: NR_CPUS:512 nr_cpumask_bits:1 nr_cpu_ids:1 nr_node_ids:1
[    0.049315] percpu: Embedded 48 pages/cpu s158104 r8192 d30312 u2097152
[    0.051725] Kernel command line: BOOT_IMAGE=/boot/vmlinuz root=PARTUUID=4d0d0236-02 rootwait console=tty1 console=ttyS0,115200n8 noinitrd
[    0.053367] random: crng init done
[    0.058493] Dentry cache hash table entries: 16384 (order: 5, 131072 bytes, linear)
[    0.059549] Inode-cache hash table entries: 8192 (order: 4, 65536 bytes, linear)
[    0.062327] Built 1 zonelists, mobility grouping on.  Total pages: 32635
[    0.062566] mem auto-init: stack:off, heap alloc:off, heap free:off
[    0.072278] SLUB: HWalign=64, Order=0-3, MinObjects=0, CPUs=1, Nodes=1
[    0.079974] rcu: Hierarchical RCU implementation.
[    0.080003] rcu: 	RCU restricting CPUs from NR_CPUS=512 to nr_cpu_ids=1.
[    0.080164] 	Tracing variant of Tasks RCU enabled.
[    0.080256] rcu: RCU calculated value of scheduler-enlistment delay is 10 jiffies.
[    0.080287] rcu: Adjusting geometry for rcu_fanout_leaf=16, nr_cpu_ids=1
[    0.081534] RCU Tasks Trace: Setting shift to 0 and lim to 1 rcu_task_cb_adjust=1 rcu_task_cpu_ids=1.
[    0.081666] NR_IRQS: 33024, nr_irqs: 256, preallocated irqs: 16
[    0.090468] rcu: srcu_init: Setting srcu_struct sizes based on contention.
[    0.097306] Console: colour VGA+ 80x25
[    0.097728] printk: legacy console [tty1] enabled
[    0.105602] printk: legacy console [ttyS0] enabled
[    0.357310] ACPI: Core revision 20240827
[    0.362626] clocksource: hpet: mask: 0xffffffff max_cycles: 0xffffffff, max_idle_ns: 19112604467 ns
[    0.367375] APIC: Switch to symmetric I/O mode setup
[    0.372065] ..TIMER: vector=0x30 apic1=0 pin1=2 apic2=-1 pin2=-1
[    0.414472] clocksource: tsc-early: mask: 0xffffffffffffffff max_cycles: 0x256bb210993, max_idle_ns: 440795283596 ns
[    0.415230] Calibrating delay loop (skipped), value calculated using timer frequency.. 5192.12 BogoMIPS (lpj=25960600)
[    0.417161] x86/cpu: User Mode Instruction Prevention (UMIP) activated
[    0.432599] Last level iTLB entries: 4KB 0, 2MB 0, 4MB 0
[    0.435341] Last level dTLB entries: 4KB 0, 2MB 0, 4MB 0, 1GB 0
[    0.436408] Spectre V1 : Mitigation: usercopy/swapgs barriers and __user pointer sanitization
[    0.437521] Spectre V2 : Mitigation: Retpolines
[    0.437773] Spectre V2 : Spectre v2 / SpectreRSB: Filling RSB on context switch and VMEXIT
[    0.438221] Speculative Store Bypass: Vulnerable
[    0.447145] x86/fpu: Supporting XSAVE feature 0x001: 'x87 floating point registers'
[    0.451895] x86/fpu: Supporting XSAVE feature 0x002: 'SSE registers'
[    0.452174] x86/fpu: Supporting XSAVE feature 0x004: 'AVX registers'
[    0.456116] x86/fpu: Supporting XSAVE feature 0x008: 'MPX bounds registers'
[    0.462423] x86/fpu: Supporting XSAVE feature 0x010: 'MPX CSR'
[    0.463003] x86/fpu: xstate_offset[2]:  576, xstate_sizes[2]:  256
[    0.463378] x86/fpu: xstate_offset[3]:  960, xstate_sizes[3]:   64
[    0.463611] x86/fpu: xstate_offset[4]: 1024, xstate_sizes[4]:   64
[    0.465140] x86/fpu: Enabled xstate features 0x1f, context size is 1088 bytes, using 'standard' format.
[    0.700421] Freeing SMP alternatives memory: 40K
[    0.701292] pid_max: default: 32768 minimum: 301
[    0.710675] Mount-cache hash table entries: 512 (order: 0, 4096 bytes, linear)
[    0.711111] Mountpoint-cache hash table entries: 512 (order: 0, 4096 bytes, linear)
[    0.862424] smpboot: CPU0: AMD QEMU TCG CPU version 2.5+ (family: 0x6, model: 0x6, stepping: 0x3)
[    0.865782] Performance Events: PMU not available due to virtualization, using software events only.
[    0.867409] signal: max sigframe size: 1616
[    0.884288] rcu: Hierarchical SRCU implementation.
[    0.884567] rcu: 	Max phase no-delay instances is 1000.
[    0.896592] smp: Bringing up secondary CPUs ...
[    0.898400] smp: Brought up 1 node, 1 CPU
[    0.898706] smpboot: Total of 1 processors activated (5192.12 BogoMIPS)
[    0.905762] Memory: 103276K/130540K available (14336K kernel code, 1177K rwdata, 2552K rodata, 1492K init, 1304K bss, 25620K reserved, 0K cma-reserved)
[    0.919685] clocksource: jiffies: mask: 0xffffffff max_cycles: 0xffffffff, max_idle_ns: 19112604462750000 ns
[    0.920561] futex hash table entries: 256 (order: 2, 16384 bytes, linear)
[    0.921727] pinctrl core: initialized pinctrl subsystem
[    0.938959] NET: Registered PF_NETLINK/PF_ROUTE protocol family
[    0.944884] thermal_sys: Registered thermal governor 'step_wise'
[    0.944921] thermal_sys: Registered thermal governor 'user_space'
[    0.945960] cpuidle: using governor ladder
[    0.947616] acpiphp: ACPI Hot Plug PCI Controller Driver version: 0.5
[    0.952222] PCI: Using configuration type 1 for base access
[    0.961086] cryptd: max_cpu_qlen set to 1000
[    0.966727] ACPI: Added _OSI(Module Device)
[    0.966949] ACPI: Added _OSI(Processor Device)
[    0.967145] ACPI: Added _OSI(Processor Aggregator Device)
[    0.980505] ACPI: 1 ACPI AML tables successfully acquired and loaded
[    0.997581] ACPI: Interpreter enabled
[    0.998379] ACPI: PM: (supports S0 S5)
[    0.998585] ACPI: Using IOAPIC for interrupt routing
[    0.999202] PCI: Using host bridge windows from ACPI; if necessary, use "pci=nocrs" and report a bug
[    0.999587] PCI: Using E820 reservations for host bridge windows
[    1.006875] ACPI: Enabled 2 GPEs in block 00 to 0F
[    1.039622] ACPI: PCI Root Bridge [PCI0] (domain 0000 [bus 00-ff])
[    1.040540] acpi PNP0A03:00: _OSC: OS supports [ASPM ClockPM Segments MSI HPX-Type3]
[    1.041038] acpi PNP0A03:00: _OSC: not requesting OS control; OS requires [ExtendedConfig ASPM ClockPM MSI]
[    1.041932] acpi PNP0A03:00: fail to add MMCONFIG information, can't access extended configuration space under this bridge
[    1.055805] acpiphp: Slot [3] registered
[    1.056150] acpiphp: Slot [4] registered
[    1.056402] acpiphp: Slot [5] registered
[    1.056634] acpiphp: Slot [6] registered
[    1.062069] acpiphp: Slot [7] registered
[    1.062483] acpiphp: Slot [8] registered
[    1.064043] acpiphp: Slot [9] registered
[    1.064298] acpiphp: Slot [10] registered
[    1.064547] acpiphp: Slot [11] registered
[    1.064785] acpiphp: Slot [12] registered
[    1.065344] acpiphp: Slot [13] registered
[    1.065753] acpiphp: Slot [14] registered
[    1.066115] acpiphp: Slot [15] registered
[    1.066355] acpiphp: Slot [16] registered
[    1.066613] acpiphp: Slot [17] registered
[    1.066857] acpiphp: Slot [18] registered
[    1.075367] acpiphp: Slot [19] registered
[    1.075768] acpiphp: Slot [20] registered
[    1.076109] acpiphp: Slot [21] registered
[    1.076354] acpiphp: Slot [22] registered
[    1.085244] acpiphp: Slot [23] registered
[    1.085482] acpiphp: Slot [24] registered
[    1.094732] acpiphp: Slot [25] registered
[    1.095271] acpiphp: Slot [26] registered
[    1.095647] acpiphp: Slot [27] registered
[    1.095896] acpiphp: Slot [28] registered
[    1.096161] acpiphp: Slot [29] registered
[    1.096399] acpiphp: Slot [30] registered
[    1.096632] acpiphp: Slot [31] registered
[    1.105725] PCI host bridge to bus 0000:00
[    1.106400] pci_bus 0000:00: root bus resource [io  0x0000-0x0cf7 window]
[    1.106803] pci_bus 0000:00: root bus resource [io  0x0d00-0xffff window]
[    1.107066] pci_bus 0000:00: root bus resource [mem 0x000a0000-0x000bffff window]
[    1.115278] pci_bus 0000:00: root bus resource [mem 0x08000000-0xfebfffff window]
[    1.115702] pci_bus 0000:00: root bus resource [mem 0x100000000-0x17fffffff window]
[    1.116184] pci_bus 0000:00: root bus resource [bus 00-ff]
[    1.126605] pci 0000:00:00.0: [8086:1237] type 00 class 0x060000 conventional PCI endpoint
[    1.130776] pci 0000:00:01.0: [8086:7000] type 00 class 0x060100 conventional PCI endpoint
[    1.131682] pci 0000:00:01.1: [8086:7010] type 00 class 0x010180 conventional PCI endpoint
[    1.138163] pci 0000:00:01.1: BAR 4 [io  0xc0e0-0xc0ef]
[    1.139537] pci 0000:00:01.1: BAR 0 [io  0x01f0-0x01f7]: legacy IDE quirk
[    1.139846] pci 0000:00:01.1: BAR 1 [io  0x03f6]: legacy IDE quirk
[    1.140116] pci 0000:00:01.1: BAR 2 [io  0x0170-0x0177]: legacy IDE quirk
[    1.145293] pci 0000:00:01.1: BAR 3 [io  0x0376]: legacy IDE quirk
[    1.146371] pci 0000:00:01.3: [8086:7113] type 00 class 0x068000 conventional PCI endpoint
[    1.147058] pci 0000:00:01.3: quirk: [io  0x0600-0x063f] claimed by PIIX4 ACPI
[    1.147379] pci 0000:00:01.3: quirk: [io  0x0700-0x070f] claimed by PIIX4 SMB
[    1.155881] pci 0000:00:02.0: [1234:1111] type 00 class 0x030000 conventional PCI endpoint
[    1.156726] pci 0000:00:02.0: BAR 0 [mem 0xfd000000-0xfdffffff pref]
[    1.158395] pci 0000:00:02.0: BAR 2 [mem 0xfeb90000-0xfeb90fff]
[    1.167544] pci 0000:00:02.0: ROM [mem 0xfeb80000-0xfeb8ffff pref]
[    1.168050] pci 0000:00:02.0: Video device with shadowed ROM at [mem 0x000c0000-0x000dffff]
[    1.169082] pci 0000:00:03.0: [1af4:1000] type 00 class 0x020000 conventional PCI endpoint
[    1.175906] pci 0000:00:03.0: BAR 0 [io  0xc080-0xc09f]
[    1.185136] pci 0000:00:03.0: BAR 4 [mem 0xfe000000-0xfe003fff 64bit pref]
[    1.186551] pci 0000:00:03.0: ROM [mem 0xfea80000-0xfeafffff pref]
[    1.191085] pci 0000:00:04.0: [1af4:1005] type 00 class 0x00ff00 conventional PCI endpoint
[    1.193036] pci 0000:00:04.0: BAR 0 [io  0xc0a0-0xc0bf]
[    1.193889] pci 0000:00:04.0: BAR 1 [mem 0xfeb91000-0xfeb91fff]
[    1.197389] pci 0000:00:04.0: BAR 4 [mem 0xfe004000-0xfe007fff 64bit pref]
[    1.202060] pci 0000:00:05.0: [1af4:1000] type 00 class 0x020000 conventional PCI endpoint
[    1.204260] pci 0000:00:05.0: BAR 0 [io  0xc0c0-0xc0df]
[    1.205399] pci 0000:00:05.0: BAR 1 [mem 0xfeb92000-0xfeb92fff]
[    1.207459] pci 0000:00:05.0: BAR 4 [mem 0xfe008000-0xfe00bfff 64bit pref]
[    1.208392] pci 0000:00:05.0: ROM [mem 0xfeb00000-0xfeb7ffff pref]
[    1.217929] pci 0000:00:06.0: [1af4:1001] type 00 class 0x010000 conventional PCI endpoint
[    1.218807] pci 0000:00:06.0: BAR 0 [io  0xc000-0xc07f]
[    1.219536] pci 0000:00:06.0: BAR 1 [mem 0xfeb93000-0xfeb93fff]
[    1.226932] pci 0000:00:06.0: BAR 4 [mem 0xfe00c000-0xfe00ffff 64bit pref]
[    1.234578] ACPI: PCI: Interrupt link LNKA configured for IRQ 10
[    1.235763] ACPI: PCI: Interrupt link LNKB configured for IRQ 10
[    1.236342] ACPI: PCI: Interrupt link LNKC configured for IRQ 11
[    1.237435] ACPI: PCI: Interrupt link LNKD configured for IRQ 11
[    1.237884] ACPI: PCI: Interrupt link LNKS configured for IRQ 9
[    1.241089] iommu: Default domain type: Translated
[    1.241326] iommu: DMA domain TLB invalidation policy: lazy mode
[    1.244156] SCSI subsystem initialized
[    1.246681] ACPI: bus type USB registered
[    1.247203] usbcore: registered new interface driver usbfs
[    1.247656] usbcore: registered new interface driver hub
[    1.248059] usbcore: registered new device driver usb
[    1.248580] pps_core: LinuxPPS API ver. 1 registered
[    1.255230] pps_core: Software ver. 5.3.6 - Copyright 2005-2007 Rodolfo Giometti <giometti@linux.it>
[    1.255779] PTP clock support registered
[    1.270617] PCI: Using ACPI for IRQ routing
[    1.272892] hpet0: at MMIO 0xfed00000, IRQs 2, 8, 0
[    1.273197] hpet0: 3 comparators, 64-bit 100.000000 MHz counter
[    1.278370] clocksource: Switched to clocksource tsc-early
[    1.282047] pnp: PnP ACPI init
[    1.284407] pnp: PnP ACPI: found 6 devices
[    1.296369] clocksource: acpi_pm: mask: 0xffffff max_cycles: 0xffffff, max_idle_ns: 2085701024 ns
[    1.297752] NET: Registered PF_INET protocol family
[    1.298933] IP idents hash table entries: 2048 (order: 2, 16384 bytes, linear)
[    1.305559] tcp_listen_portaddr_hash hash table entries: 256 (order: 0, 4096 bytes, linear)
[    1.307100] Table-perturb hash table entries: 65536 (order: 6, 262144 bytes, linear)
[    1.307508] TCP established hash table entries: 1024 (order: 1, 8192 bytes, linear)
[    1.307988] TCP bind hash table entries: 1024 (order: 3, 32768 bytes, linear)
[    1.318049] TCP: Hash tables configured (established 1024 bind 1024)
[    1.319878] MPTCP token hash table entries: 256 (order: 1, 6144 bytes, linear)
[    1.320428] UDP hash table entries: 256 (order: 1, 8192 bytes, linear)
[    1.320890] UDP-Lite hash table entries: 256 (order: 1, 8192 bytes, linear)
[    1.330488] NET: Registered PF_UNIX/PF_LOCAL protocol family
[    1.331971] pci_bus 0000:00: resource 4 [io  0x0000-0x0cf7 window]
[    1.332251] pci_bus 0000:00: resource 5 [io  0x0d00-0xffff window]
[    1.332485] pci_bus 0000:00: resource 6 [mem 0x000a0000-0x000bffff window]
[    1.339718] pci_bus 0000:00: resource 7 [mem 0x08000000-0xfebfffff window]
[    1.340066] pci_bus 0000:00: resource 8 [mem 0x100000000-0x17fffffff window]
[    1.340822] pci 0000:00:01.0: PIIX3: Enabling Passive Release
[    1.350630] pci 0000:00:00.0: Limiting direct PCI/PCI transfers
[    1.351023] PCI: CLS 0 bytes, default 64
[    1.370107] workingset: timestamp_bits=46 max_order=15 bucket_order=0
[    1.372889] squashfs: version 4.0 (2009/01/31) Phillip Lougher
[    1.375601] Block layer SCSI generic (bsg) driver version 0.4 loaded (major 247)
[    1.379073] hv_vmbus: registering driver hyperv_fb
[    1.384059] input: Power Button as /devices/LNXSYSTM:00/LNXPWRBN:00/input/input0
[    1.391166] ACPI: button: Power Button [PWRF]
[    1.534869] ACPI: \_SB_.LNKC: Enabled at IRQ 11
[    1.671051] ACPI: \_SB_.LNKD: Enabled at IRQ 10
[    1.806130] ACPI: \_SB_.LNKA: Enabled at IRQ 10
[    1.941732] ACPI: \_SB_.LNKB: Enabled at IRQ 11
[    1.943735] Serial: 8250/16550 driver, 16 ports, IRQ sharing enabled
[    1.969294] 00:04: ttyS0 at I/O 0x3f8 (irq = 4, base_baud = 115200) is a 16550A
[    1.990298] Non-volatile memory driver v1.3
[    2.001145] Linux agpgart interface v0.103
[    2.002146] ACPI: bus type drm_connector registered
[    2.005168] [drm] Found bochs VGA, ID 0xb0c5.
[    2.005400] [drm] Framebuffer size 16384 kB @ 0xfd000000, mmio @ 0xfeb90000.
[    2.010805] [drm] Found EDID data blob.
[    2.016318] [drm] Initialized bochs-drm 1.0.0 for 0000:00:02.0 on minor 0
[    2.077375] Console: switching to colour frame buffer device 160x50
[    2.086950] bochs-drm 0000:00:02.0: [drm] fb0: bochs-drmdrmfb frame buffer device
[    2.104111] loop: module loaded
[    2.104982] virtio_blk virtio3: 1/0/0 default/read/poll queues
[    2.121059] virtio_blk virtio3: [vda] 246784 512-byte logical blocks (126 MB/121 MiB)
[    2.130102]  vda: vda1 vda2
[    2.132222] Guest personality initialized and is inactive
[    2.132875] VMCI host device registered (name=vmci, major=10, minor=256)
[    2.133203] Initialized host personality
[    2.133545] usbcore: registered new interface driver rtsx_usb
[    2.134654] VMware PVSCSI driver - version 1.0.7.0-k
[    2.142946] hv_vmbus: registering driver hv_storvsc
[    2.157229] scsi host0: ata_piix
[    2.159640] scsi host1: ata_piix
[    2.160440] ata1: PATA max MWDMA2 cmd 0x1f0 ctl 0x3f6 bmdma 0xc0e0 irq 14 lpm-pol 0
[    2.160820] ata2: PATA max MWDMA2 cmd 0x170 ctl 0x376 bmdma 0xc0e8 irq 15 lpm-pol 0
[    2.170505] VMware vmxnet3 virtual NIC driver - version 1.9.0.0-k-NAPI
[    2.171141] hv_vmbus: registering driver hv_netvsc
[    2.171534] Fusion MPT base driver 3.04.20
[    2.171727] Copyright (c) 1999-2008 LSI Corporation
[    2.172127] Fusion MPT SPI Host driver 3.04.20
[    2.181503] Fusion MPT SAS Host driver 3.04.20
[    2.183473] usbcore: registered new interface driver usb-storage
[    2.184788] i8042: PNP: PS/2 Controller [PNP0303:KBD,PNP0f13:MOU] at 0x60,0x64 irq 1,12
[    2.188020] serio: i8042 KBD port at 0x60,0x64 irq 1
[    2.188441] serio: i8042 AUX port at 0x60,0x64 irq 12
[    2.195490] hv_vmbus: registering driver hyperv_keyboard
[    2.198029] rtc_cmos 00:05: RTC can wake from S4
[    2.203152] rtc_cmos 00:05: registered as rtc0
[    2.205975] rtc_cmos 00:05: setting system clock to 2026-03-30T03:31:32 UTC (1774841492)
[    2.208525] rtc_cmos 00:05: alarms up to one day, y3k, 242 bytes nvram, hpet irqs
[    2.211230] intel_powerclamp: CPU does not support MWAIT
[    2.216408] amd_pstate: the _CPC object is not present in SBIOS or ACPI disabled
[    2.218992] sdhci: Secure Digital Host Controller Interface driver
[    2.221026] sdhci: Copyright(c) Pierre Ossman
[    2.223430] VUB300 Driver rom wait states = 1C irqpoll timeout = 0400
[    2.230135] input: AT Translated Set 2 keyboard as /devices/platform/i8042/serio0/input/input1
[    2.251273] usbcore: registered new interface driver vub300
[    2.253631] usbcore: registered new interface driver ushc
[    2.261203] hid: raw HID events driver (C) Jiri Kosina
[    2.264050] hv_vmbus: registering driver hid_hyperv
[    2.267148] usbcore: registered new interface driver usbhid
[    2.269233] usbhid: USB HID core driver
[    2.271403] hv_utils: Registering HyperV Utility Driver
[    2.273477] hv_vmbus: registering driver hv_utils
[    2.276006] hv_vmbus: registering driver hv_balloon
[    2.279618] NET: Registered PF_INET6 protocol family
[    2.294137] Segment Routing with IPv6
[    2.296598] In-situ OAM (IOAM) with IPv6
[    2.299101] NET: Registered PF_PACKET protocol family
[    2.301668] bridge: filtering via arp/ip/ip6tables is no longer available by default. Update your scripts to load br_netfilter if you need this.
[    2.310768] 8021q: 802.1Q VLAN Support v1.8
[    2.313481] NET: Registered PF_VSOCK protocol family
[    2.322738] IPI shorthand broadcast: enabled
[    2.329552] AES CTR mode by8 optimization enabled
[    2.347951] sched_clock: Marking stable (2080094704, 264106616)->(2353756479, -9555159)
[    2.394740] ata2: found unknown device (class 0)
[    2.413330] ata2.00: ATAPI: QEMU DVD-ROM, 2.5+, max UDMA/100
[    2.436886] scsi 1:0:0:0: CD-ROM            QEMU     QEMU DVD-ROM     2.5+ PQ: 0 ANSI: 5
[    2.444998] tsc: Refined TSC clocksource calibration: 2596.086 MHz
[    2.447757] clocksource: tsc: mask: 0xffffffffffffffff max_cycles: 0x256bcaae0be, max_idle_ns: 440795262884 ns
[    2.454983] clocksource: Switched to clocksource tsc
[    2.463710] clk: Disabling unused clocks
[    2.505942] sr 1:0:0:0: [sr0] scsi3-mmc drive: 4x/4x cd/rw xa/form2 tray
[    2.508647] cdrom: Uniform CD-ROM driver Revision: 3.20
[    2.566343] VFS: Mounted root (squashfs filesystem) readonly on device 254:2.
[    2.642488] Freeing unused kernel image (initmem) memory: 1492K
[    2.645340] Write protecting the kernel read-only data: 18432k
[    2.649447] Freeing unused kernel image (rodata/data gap) memory: 1544K
[    2.652097] Run /sbin/init as init process
[    2.973687] init: Console is alive
[    3.656608] kmodloader: loading kernel modules from /etc/modules-boot.d/*
[    3.718291] button_hotplug: loading out-of-tree module taints kernel.
[    3.725954] Button Hotplug driver version 0.4.1
[    3.745248] Intel(R) 2.5G Ethernet Linux Driver
[    3.747756] Copyright(c) 2018 Intel Corporation.
[    3.762122] igb: Intel(R) Gigabit Ethernet Network Driver
[    3.764745] igb: Copyright (c) 2007-2014 Intel Corporation.
[    3.780071] e1000e: Intel(R) PRO/1000 Network Driver
[    3.782648] e1000e: Copyright(c) 1999 - 2015 Intel Corporation.
[    3.794866] kmodloader: done loading kernel modules from /etc/modules-boot.d/*
[    3.815348] init: - preinit -
[    4.884980] 8021q: adding VLAN 0 to HW filter on device eth0
Press the [f] key and hit [enter] to enter failsafe mode
Press the [1], [2], [3] or [4] key and hit [enter] to select the debug level
[    9.541709] loop0: detected capacity change from 0 to 212992
[    9.604549] loop0: detected capacity change from 212992 to 196352
[    9.617886] mount_root: overlay filesystem in /dev/loop0 has not been formatted yet
[    9.954401] EXT4-fs (loop0): mounted filesystem a0c0cf6b-511e-4a83-b402-39103080e1f5 r/w with ordered data mode. Quota mode: disabled.
[    9.968133] mount_root: overlay filesystem has not been fully initialized yet
[    9.986045] mount_root: switching to ext4 overlay
[   10.006566] overlayfs: null uuid detected in lower fs '/', falling back to xino=off,index=off,nfs_export=off.
[   10.729358] EXT4-fs (vda1): mounted filesystem 84173db5-fa99-e35a-95c6-28613cc79ea9 r/w without journal. Quota mode: disabled.
[   10.755000] urandom-seed: Seed file not found (/etc/urandom.seed)
[   10.909570] procd: - early -
[   11.634432] procd: - ubus -
[   11.814340] procd: - init -
Please press Enter to activate this console.
root
login[1047]: root login on 'ttyS0'


BusyBox v1.37.0 (2026-03-27 19:50:50 UTC) built-in shell (ash)

  _______                     ________        __
 |       |.-----.-----.-----.|  |  |  |.----.|  |_
 |   -   ||  _  |  -__|     ||  |  |  ||   _||   _|
 |_______||   __|_____|__|__||________||__|  |____|
          |__| W I R E L E S S   F R E E D O M
 -----------------------------------------------------
 OpenWrt 25.12-SNAPSHOT, r32814-909b0b8880 Dave's Guitar
 -----------------------------------------------------

 === WARNING! =====================================
 There is no root password defined on this device!
 Use the "passwd" command to set up a new password
 in order to prevent unauthorized SSH logins.
 --------------------------------------------------

  ___   __ __                _______             __
 |   |_|__|  |--.----.-----.|   |   |-----.-----|  |--.
 |     |  |  _  |   _|  -__||       |  -__|__ --|     |
 |_____|__|_____|__| |_____||__|_|__|_____|_____|__|__|

 ------------------------------------------------------
 LiMe master development (master rev. 7929208 20260304_1752)
 ------------------------------------------------------
 https://libremesh.org
 ------------------------------------------------------

 === System Notes =================================================

 = edit via http://thisnode.info/app/#/notes or /etc/banner.notes =


 OpenWrt recently switched to the "apk" package manager!

 OPKG Command           APK Equivalent      Description
 ------------------------------------------------------------------
 opkg install <pkg>     apk add <pkg>       Install a package
 opkg remove <pkg>      apk del <pkg>       Remove a package
 opkg upgrade           apk upgrade         Upgrade all packages
 opkg files <pkg>       apk info -L <pkg>   List package contents
 opkg list-installed    apk info            List installed packages
 opkg update            apk update          Update package lists
 opkg search <pkg>      apk search <pkg>    Search for packages
 ------------------------------------------------------------------

For more information visit:
https://openwrt.org/docs/guide-user/additional-software/opkg-to-apk-cheatsheet

root@(none):~# dmesg -n 1
root@(none):~# echo 'ZHYW''XTOQOK'
ZHYWXTOQOK
root@(none):~# run() { echo -n "$MARKER"; sh -c "$@"; echo "$MARKER $?"; }
root@(none):~# echo 'EBNL''POJHGU'
EBNLPOJHGU
root@(none):~# MARKER='PLSE''VTAKXF' run 'ubus wait_for network.interface.lan'
PLSEVTAKXF