Labgrid Console Logfile for main
Logfile started at 2026-04-21 01:57:31.578657
=== Log starts here ===
c[?7l[2J[0mSeaBIOS (version 1.16.3-debian-1.16.3-2)


iPXE (https://ipxe.org) 00:03.0 CA00 PCI2.10 PnP PMM+06FCAE70+06F0AE70 CA00
Press Ctrl-B to configure iPXE (PCI 00:03.0)...                                                                               




iPXE (https://ipxe.org) 00:05.0 CB00 PCI2.10 PnP PMM 06FCAE70 06F0AE70 CB00
Press Ctrl-B to configure iPXE (PCI 00:05.0)...                                                                               


Booting from Hard Disk...
GRUB loading.....
[0;30;47mWelcome to GRUB![01;01H[0m[2J[H[J[1;1H[?25l[m[H[J[1;1H[2;30HGNU GRUB  version 2.12

[m[4;2H+----------------------------------------------------------------------------+[5;2H|[5;79H|[6;2H|[6;79H|[7;2H|[7;79H|[8;2H|[8;79H|[9;2H|[9;79H|[10;2H|[10;79H|[11;2H|[11;79H|[12;2H|[12;79H|[13;2H|[13;79H|[14;2H|[14;79H|[15;2H|[15;79H|[16;2H+----------------------------------------------------------------------------+[m[17;2H[18;2H[m     Use the ^ and v keys to select which entry is highlighted.          
      Press enter to boot the selected OS, `e' to edit the commands       
      before booting or `c' for a command-line. ESC to return             
      previous menu.                                                      [5;80H [7m[5;3H*OpenWrt                                                                    [m[5;78H[m[m[6;3H OpenWrt (failsafe)                                                         [m[6;78H[m[m[7;3H                                                                            [m[7;78H[m[m[8;3H                                                                            [m[8;78H[m[m[9;3H                                                                            [m[9;78H[m[m[10;3H                                                                            [m[10;78H[m[m[11;3H                                                                            [m[11;78H[m[m[12;3H                                                                            [m[12;78H[m[m[13;3H                                                                            [m[13;78H[m[m[14;3H                                                                            [m[14;78H[m[m[15;3H                                                                            [m[15;78H[m[15;80H [5;78H[2J[02;30HGNU GRUB  version 2.12[04;02H┌────────────────────────────────────────────────────────────────────────────┐[05;02H│[05;79H│[06;02H│[06;79H│[07;02H│[07;79H│[08;02H│[08;79H│[09;02H│[09;79H│[10;02H│[10;79H│[11;02H│[11;79H│[12;02H│[12;79H│[13;02H│[13;79H│[14;02H│[14;79H│[15;02H│[15;79H│[16;02H│[16;79H│[17;02H└────────────────────────────────────────────────────────────────────────────┘[19;02H     Use the ↑ and ↓ keys to select which entry is highlighted.          
      Press enter to boot the selected OS, `e' to edit the commands       
      before booting or `c' for a command-line. ESC to return             
      previous menu.                                                      [05;80H [05;03H[0;30;47m*OpenWrt                                                                    [06;03H[0m OpenWrt (failsafe)                                                         [07;03H                                                                            [08;03H                                                                            [09;03H                                                                      [09;72H[09;73H      [10;03H                                                                            [11;03H                                                                            [12;03H                                                                            [13;03H                                                                            [14;03H                                                                            [15;03H                                                                            [16;03H                                                                            [16;80H 






   The highlighted entry will be executed automatically in 5s.                [22;1H   The highlighted entry will be executed automatically in 5s.                 [5;78H [05;78H

















   The highlighted entry will be executed automatically in 4s.[23;62H[23;63H                [22;1H   The highlighted entry will be executed automatically in 4s.                 [5;78H [05;78H

















   The highlighted entry will be executed automatically in 3s.                [22;1H   The highlighted entry will be executed automatically in 3s.                 [5;78H [05;78H

















   The highlighted entry will be executed automatically in 2s.                [22;1H   The highlighted entry will be executed automatically in 2s.                 [5;78H [05;78H

















   The highlighted entry will be executed automatically in 1s.                [22;1H   The highlighted entry will be executed automatically in 1s.                 [5;78H [05;78H

















   The highlighted entry will be executed automatically in 0s.                [22;1H   The highlighted entry will be executed automatically in 0s.                 [5;78H [01;01H[2J[?25h[H[J[1;1H[H[J[1;1H[2J   Booting `OpenWrt' Booting `OpenWrt

'

[    0.000000] Linux version 6.12.79 (builder@buildhost) (x86_64-openwrt-linux-musl-gcc (OpenWrt GCC 14.3.0 r32873-37326a2aa3) 14.3.0, GNU ld (GNU Binutils) 2.44) #0 SMP Mon Apr 20 14:43:23 2026
[    0.000000] Command line: BOOT_IMAGE=/boot/vmlinuz root=PARTUUID=19450b54-02 rootwait console=tty1 console=ttyS0,115200n8 noinitrd
[    0.000000] BIOS-provided physical RAM map:
[    0.000000] BIOS-e820: [mem 0x0000000000000000-0x000000000009fbff] usable
[    0.000000] BIOS-e820: [mem 0x000000000009fc00-0x000000000009ffff] reserved
[    0.000000] BIOS-e820: [mem 0x00000000000f0000-0x00000000000fffff] reserved
[    0.000000] BIOS-e820: [mem 0x0000000000100000-0x0000000007fdcfff] usable
[    0.000000] BIOS-e820: [mem 0x0000000007fdd000-0x0000000007ffffff] reserved
[    0.000000] BIOS-e820: [mem 0x00000000fffc0000-0x00000000ffffffff] reserved
[    0.000000] BIOS-e820: [mem 0x000000fd00000000-0x000000ffffffffff] reserved
[    0.000000] NX (Execute Disable) protection: active
[    0.000000] APIC: Static calls initialized
[    0.000000] SMBIOS 3.0.0 present.
[    0.000000] DMI: QEMU Standard PC (i440FX + PIIX, 1996), BIOS 1.16.3-debian-1.16.3-2 04/01/2014
[    0.000000] DMI: Memory slots populated: 1/1
[    0.000000] tsc: Fast TSC calibration using PIT
[    0.000000] tsc: Detected 2445.415 MHz processor
[    0.007512] last_pfn = 0x7fdd max_arch_pfn = 0x400000000
[    0.008147] MTRR map: 4 entries (3 fixed + 1 variable; max 19), built from 8 variable MTRRs
[    0.008328] x86/PAT: Configuration [0-7]: WB  WC  UC- UC  WB  WP  UC- WT  
[    0.026498] found SMP MP-table at [mem 0x000f5460-0x000f546f]
[    0.027931] Using GB pages for direct mapping
[    0.032637] ACPI: Early table checksum verification disabled
[    0.033004] ACPI: RSDP 0x00000000000F5290 000014 (v00 BOCHS )
[    0.033324] ACPI: RSDT 0x0000000007FE1C64 000034 (v01 BOCHS  BXPC     00000001 BXPC 00000001)
[    0.033824] ACPI: FACP 0x0000000007FE1B18 000074 (v01 BOCHS  BXPC     00000001 BXPC 00000001)
[    0.034435] ACPI: DSDT 0x0000000007FE0040 001AD8 (v01 BOCHS  BXPC     00000001 BXPC 00000001)
[    0.034507] ACPI: FACS 0x0000000007FE0000 000040
[    0.034556] ACPI: APIC 0x0000000007FE1B8C 000078 (v03 BOCHS  BXPC     00000001 BXPC 00000001)
[    0.034576] ACPI: HPET 0x0000000007FE1C04 000038 (v01 BOCHS  BXPC     00000001 BXPC 00000001)
[    0.034594] ACPI: WAET 0x0000000007FE1C3C 000028 (v01 BOCHS  BXPC     00000001 BXPC 00000001)
[    0.034668] ACPI: Reserving FACP table memory at [mem 0x7fe1b18-0x7fe1b8b]
[    0.034718] ACPI: Reserving DSDT table memory at [mem 0x7fe0040-0x7fe1b17]
[    0.034725] ACPI: Reserving FACS table memory at [mem 0x7fe0000-0x7fe003f]
[    0.034731] ACPI: Reserving APIC table memory at [mem 0x7fe1b8c-0x7fe1c03]
[    0.034736] ACPI: Reserving HPET table memory at [mem 0x7fe1c04-0x7fe1c3b]
[    0.034741] ACPI: Reserving WAET table memory at [mem 0x7fe1c3c-0x7fe1c63]
[    0.037918] Zone ranges:
[    0.037947]   DMA      [mem 0x0000000000001000-0x0000000000ffffff]
[    0.038024]   DMA32    [mem 0x0000000001000000-0x0000000007fdcfff]
[    0.038032]   Normal   empty
[    0.038050] Movable zone start for each node
[    0.038083] Early memory node ranges
[    0.038109]   node   0: [mem 0x0000000000001000-0x000000000009efff]
[    0.038163]   node   0: [mem 0x0000000000100000-0x0000000007fdcfff]
[    0.038297] Initmem setup node 0 [mem 0x0000000000001000-0x0000000007fdcfff]
[    0.039352] On node 0, zone DMA: 1 pages in unavailable ranges
[    0.039825] On node 0, zone DMA: 97 pages in unavailable ranges
[    0.041888] On node 0, zone DMA32: 35 pages in unavailable ranges
[    0.042230] ACPI: PM-Timer IO Port: 0x608
[    0.042638] ACPI: LAPIC_NMI (acpi_id[0xff] dfl dfl lint[0x1])
[    0.043070] IOAPIC[0]: apic_id 0, version 32, address 0xfec00000, GSI 0-23
[    0.043186] ACPI: INT_SRC_OVR (bus 0 bus_irq 0 global_irq 2 dfl dfl)
[    0.043435] ACPI: INT_SRC_OVR (bus 0 bus_irq 5 global_irq 5 high level)
[    0.043483] ACPI: INT_SRC_OVR (bus 0 bus_irq 9 global_irq 9 high level)
[    0.043581] ACPI: INT_SRC_OVR (bus 0 bus_irq 10 global_irq 10 high level)
[    0.043590] ACPI: INT_SRC_OVR (bus 0 bus_irq 11 global_irq 11 high level)
[    0.043768] ACPI: Using ACPI (MADT) for SMP configuration information
[    0.043812] ACPI: HPET id: 0x8086a201 base: 0xfed00000
[    0.044239] CPU topo: Max. logical packages:   1
[    0.044254] CPU topo: Max. logical dies:       1
[    0.044263] CPU topo: Max. dies per package:   1
[    0.044309] CPU topo: Max. threads per core:   1
[    0.044460] CPU topo: Num. cores per package:     1
[    0.044475] CPU topo: Num. threads per package:   1
[    0.044484] CPU topo: Allowing 1 present CPUs plus 0 hotplug CPUs
[    0.045679] [mem 0x08000000-0xfffbffff] available for PCI devices
[    0.045747] Booting paravirtualized kernel on bare hardware
[    0.046068] clocksource: refined-jiffies: mask: 0xffffffff max_cycles: 0xffffffff, max_idle_ns: 19112604462750000 ns
[    0.046856] setup_percpu: NR_CPUS:512 nr_cpumask_bits:1 nr_cpu_ids:1 nr_node_ids:1
[    0.048899] percpu: Embedded 48 pages/cpu s158104 r8192 d30312 u2097152
[    0.051266] Kernel command line: BOOT_IMAGE=/boot/vmlinuz root=PARTUUID=19450b54-02 rootwait console=tty1 console=ttyS0,115200n8 noinitrd
[    0.052983] random: crng init done
[    0.057737] Dentry cache hash table entries: 16384 (order: 5, 131072 bytes, linear)
[    0.058705] Inode-cache hash table entries: 8192 (order: 4, 65536 bytes, linear)
[    0.061376] Built 1 zonelists, mobility grouping on.  Total pages: 32635
[    0.061608] mem auto-init: stack:off, heap alloc:off, heap free:off
[    0.071579] SLUB: HWalign=64, Order=0-3, MinObjects=0, CPUs=1, Nodes=1
[    0.079546] rcu: Hierarchical RCU implementation.
[    0.079576] rcu: 	RCU restricting CPUs from NR_CPUS=512 to nr_cpu_ids=1.
[    0.079727] 	Tracing variant of Tasks RCU enabled.
[    0.079820] rcu: RCU calculated value of scheduler-enlistment delay is 10 jiffies.
[    0.079874] rcu: Adjusting geometry for rcu_fanout_leaf=16, nr_cpu_ids=1
[    0.081054] RCU Tasks Trace: Setting shift to 0 and lim to 1 rcu_task_cb_adjust=1 rcu_task_cpu_ids=1.
[    0.081191] NR_IRQS: 33024, nr_irqs: 256, preallocated irqs: 16
[    0.090154] rcu: srcu_init: Setting srcu_struct sizes based on contention.
[    0.097167] Console: colour VGA+ 80x25
[    0.097595] printk: legacy console [tty1] enabled
[    0.105534] printk: legacy console [ttyS0] enabled
[    0.349181] ACPI: Core revision 20240827
[    0.354465] clocksource: hpet: mask: 0xffffffff max_cycles: 0xffffffff, max_idle_ns: 19112604467 ns
[    0.363920] APIC: Switch to symmetric I/O mode setup
[    0.368432] ..TIMER: vector=0x30 apic1=0 pin1=2 apic2=-1 pin2=-1
[    0.411079] clocksource: tsc-early: mask: 0xffffffffffffffff max_cycles: 0x233fcd1c1b7, max_idle_ns: 440795219035 ns
[    0.411771] Calibrating delay loop (skipped), value calculated using timer frequency.. 4890.83 BogoMIPS (lpj=24454150)
[    0.413674] x86/cpu: User Mode Instruction Prevention (UMIP) activated
[    0.431943] Last level iTLB entries: 4KB 0, 2MB 0, 4MB 0
[    0.432337] Last level dTLB entries: 4KB 0, 2MB 0, 4MB 0, 1GB 0
[    0.433378] Spectre V1 : Mitigation: usercopy/swapgs barriers and __user pointer sanitization
[    0.434453] Spectre V2 : Mitigation: Retpolines
[    0.434680] Spectre V2 : Spectre v2 / SpectreRSB: Filling RSB on context switch and VMEXIT
[    0.435131] Speculative Store Bypass: Vulnerable
[    0.443788] x86/fpu: Supporting XSAVE feature 0x001: 'x87 floating point registers'
[    0.448601] x86/fpu: Supporting XSAVE feature 0x002: 'SSE registers'
[    0.452693] x86/fpu: Supporting XSAVE feature 0x004: 'AVX registers'
[    0.452941] x86/fpu: Supporting XSAVE feature 0x008: 'MPX bounds registers'
[    0.454259] x86/fpu: Supporting XSAVE feature 0x010: 'MPX CSR'
[    0.454927] x86/fpu: xstate_offset[2]:  576, xstate_sizes[2]:  256
[    0.455343] x86/fpu: xstate_offset[3]:  960, xstate_sizes[3]:   64
[    0.455557] x86/fpu: xstate_offset[4]: 1024, xstate_sizes[4]:   64
[    0.461701] x86/fpu: Enabled xstate features 0x1f, context size is 1088 bytes, using 'standard' format.
[    0.698413] Freeing SMP alternatives memory: 40K
[    0.699243] pid_max: default: 32768 minimum: 301
[    0.708018] Mount-cache hash table entries: 512 (order: 0, 4096 bytes, linear)
[    0.708428] Mountpoint-cache hash table entries: 512 (order: 0, 4096 bytes, linear)
[    0.860937] smpboot: CPU0: AMD QEMU TCG CPU version 2.5+ (family: 0x6, model: 0x6, stepping: 0x3)
[    0.887236] Performance Events: PMU not available due to virtualization, using software events only.
[    0.888682] signal: max sigframe size: 1616
[    0.890370] rcu: Hierarchical SRCU implementation.
[    0.890587] rcu: 	Max phase no-delay instances is 1000.
[    0.896674] smp: Bringing up secondary CPUs ...
[    0.900040] smp: Brought up 1 node, 1 CPU
[    0.900322] smpboot: Total of 1 processors activated (4890.83 BogoMIPS)
[    0.907588] Memory: 103208K/130540K available (14336K kernel code, 1177K rwdata, 2556K rodata, 1492K init, 1304K bss, 25620K reserved, 0K cma-reserved)
[    0.922407] clocksource: jiffies: mask: 0xffffffff max_cycles: 0xffffffff, max_idle_ns: 19112604462750000 ns
[    0.923221] futex hash table entries: 256 (order: 2, 16384 bytes, linear)
[    0.924623] pinctrl core: initialized pinctrl subsystem
[    0.943759] NET: Registered PF_NETLINK/PF_ROUTE protocol family
[    0.950073] thermal_sys: Registered thermal governor 'step_wise'
[    0.950113] thermal_sys: Registered thermal governor 'user_space'
[    0.951101] cpuidle: using governor ladder
[    0.952933] acpiphp: ACPI Hot Plug PCI Controller Driver version: 0.5
[    0.957238] PCI: Using configuration type 1 for base access
[    0.967183] cryptd: max_cpu_qlen set to 1000
[    0.973260] ACPI: Added _OSI(Module Device)
[    0.973458] ACPI: Added _OSI(Processor Device)
[    0.973625] ACPI: Added _OSI(Processor Aggregator Device)
[    0.987648] ACPI: 1 ACPI AML tables successfully acquired and loaded
[    1.005149] ACPI: Interpreter enabled
[    1.005977] ACPI: PM: (supports S0 S5)
[    1.006181] ACPI: Using IOAPIC for interrupt routing
[    1.006745] PCI: Using host bridge windows from ACPI; if necessary, use "pci=nocrs" and report a bug
[    1.007123] PCI: Using E820 reservations for host bridge windows
[    1.013556] ACPI: Enabled 2 GPEs in block 00 to 0F
[    1.049616] ACPI: PCI Root Bridge [PCI0] (domain 0000 [bus 00-ff])
[    1.050511] acpi PNP0A03:00: _OSC: OS supports [ASPM ClockPM Segments MSI HPX-Type3]
[    1.050973] acpi PNP0A03:00: _OSC: not requesting OS control; OS requires [ExtendedConfig ASPM ClockPM MSI]
[    1.052098] acpi PNP0A03:00: fail to add MMCONFIG information, can't access extended configuration space under this bridge
[    1.065296] acpiphp: Slot [3] registered
[    1.065615] acpiphp: Slot [4] registered
[    1.065892] acpiphp: Slot [5] registered
[    1.066133] acpiphp: Slot [6] registered
[    1.071657] acpiphp: Slot [7] registered
[    1.071956] acpiphp: Slot [8] registered
[    1.073565] acpiphp: Slot [9] registered
[    1.073846] acpiphp: Slot [10] registered
[    1.074094] acpiphp: Slot [11] registered
[    1.074335] acpiphp: Slot [12] registered
[    1.082071] acpiphp: Slot [13] registered
[    1.082452] acpiphp: Slot [14] registered
[    1.082864] acpiphp: Slot [15] registered
[    1.083123] acpiphp: Slot [16] registered
[    1.083362] acpiphp: Slot [17] registered
[    1.083605] acpiphp: Slot [18] registered
[    1.092073] acpiphp: Slot [19] registered
[    1.092456] acpiphp: Slot [20] registered
[    1.092811] acpiphp: Slot [21] registered
[    1.093062] acpiphp: Slot [22] registered
[    1.093302] acpiphp: Slot [23] registered
[    1.093571] acpiphp: Slot [24] registered
[    1.093823] acpiphp: Slot [25] registered
[    1.102005] acpiphp: Slot [26] registered
[    1.102409] acpiphp: Slot [27] registered
[    1.102691] acpiphp: Slot [28] registered
[    1.102948] acpiphp: Slot [29] registered
[    1.103243] acpiphp: Slot [30] registered
[    1.103494] acpiphp: Slot [31] registered
[    1.112304] PCI host bridge to bus 0000:00
[    1.112852] pci_bus 0000:00: root bus resource [io  0x0000-0x0cf7 window]
[    1.113262] pci_bus 0000:00: root bus resource [io  0x0d00-0xffff window]
[    1.113496] pci_bus 0000:00: root bus resource [mem 0x000a0000-0x000bffff window]
[    1.121892] pci_bus 0000:00: root bus resource [mem 0x08000000-0xfebfffff window]
[    1.122300] pci_bus 0000:00: root bus resource [mem 0x100000000-0x17fffffff window]
[    1.122793] pci_bus 0000:00: root bus resource [bus 00-ff]
[    1.124343] pci 0000:00:00.0: [8086:1237] type 00 class 0x060000 conventional PCI endpoint
[    1.143428] pci 0000:00:01.0: [8086:7000] type 00 class 0x060100 conventional PCI endpoint
[    1.144355] pci 0000:00:01.1: [8086:7010] type 00 class 0x010180 conventional PCI endpoint
[    1.147122] pci 0000:00:01.1: BAR 4 [io  0xc0e0-0xc0ef]
[    1.151366] pci 0000:00:01.1: BAR 0 [io  0x01f0-0x01f7]: legacy IDE quirk
[    1.151703] pci 0000:00:01.1: BAR 1 [io  0x03f6]: legacy IDE quirk
[    1.151982] pci 0000:00:01.1: BAR 2 [io  0x0170-0x0177]: legacy IDE quirk
[    1.152231] pci 0000:00:01.1: BAR 3 [io  0x0376]: legacy IDE quirk
[    1.162263] pci 0000:00:01.3: [8086:7113] type 00 class 0x068000 conventional PCI endpoint
[    1.162951] pci 0000:00:01.3: quirk: [io  0x0600-0x063f] claimed by PIIX4 ACPI
[    1.163253] pci 0000:00:01.3: quirk: [io  0x0700-0x070f] claimed by PIIX4 SMB
[    1.172515] pci 0000:00:02.0: [1234:1111] type 00 class 0x030000 conventional PCI endpoint
[    1.173299] pci 0000:00:02.0: BAR 0 [mem 0xfd000000-0xfdffffff pref]
[    1.174821] pci 0000:00:02.0: BAR 2 [mem 0xfeb90000-0xfeb90fff]
[    1.177377] pci 0000:00:02.0: ROM [mem 0xfeb80000-0xfeb8ffff pref]
[    1.182157] pci 0000:00:02.0: Video device with shadowed ROM at [mem 0x000c0000-0x000dffff]
[    1.183322] pci 0000:00:03.0: [1af4:1000] type 00 class 0x020000 conventional PCI endpoint
[    1.184606] pci 0000:00:03.0: BAR 0 [io  0xc080-0xc09f]
[    1.194069] pci 0000:00:03.0: BAR 4 [mem 0xfe000000-0xfe003fff 64bit pref]
[    1.195493] pci 0000:00:03.0: ROM [mem 0xfea80000-0xfeafffff pref]
[    1.203385] pci 0000:00:04.0: [1af4:1005] type 00 class 0x00ff00 conventional PCI endpoint
[    1.204409] pci 0000:00:04.0: BAR 0 [io  0xc0a0-0xc0bf]
[    1.206046] pci 0000:00:04.0: BAR 1 [mem 0xfeb91000-0xfeb91fff]
[    1.209336] pci 0000:00:04.0: BAR 4 [mem 0xfe004000-0xfe007fff 64bit pref]
[    1.214180] pci 0000:00:05.0: [1af4:1000] type 00 class 0x020000 conventional PCI endpoint
[    1.217035] pci 0000:00:05.0: BAR 0 [io  0xc0c0-0xc0df]
[    1.218447] pci 0000:00:05.0: BAR 1 [mem 0xfeb92000-0xfeb92fff]
[    1.221995] pci 0000:00:05.0: BAR 4 [mem 0xfe008000-0xfe00bfff 64bit pref]
[    1.222881] pci 0000:00:05.0: ROM [mem 0xfeb00000-0xfeb7ffff pref]
[    1.231014] pci 0000:00:06.0: [1af4:1001] type 00 class 0x010000 conventional PCI endpoint
[    1.232192] pci 0000:00:06.0: BAR 0 [io  0xc000-0xc07f]
[    1.232975] pci 0000:00:06.0: BAR 1 [mem 0xfeb93000-0xfeb93fff]
[    1.234988] pci 0000:00:06.0: BAR 4 [mem 0xfe00c000-0xfe00ffff 64bit pref]
[    1.247214] ACPI: PCI: Interrupt link LNKA configured for IRQ 10
[    1.248077] ACPI: PCI: Interrupt link LNKB configured for IRQ 10
[    1.248682] ACPI: PCI: Interrupt link LNKC configured for IRQ 11
[    1.249364] ACPI: PCI: Interrupt link LNKD configured for IRQ 11
[    1.250005] ACPI: PCI: Interrupt link LNKS configured for IRQ 9
[    1.253700] iommu: Default domain type: Translated
[    1.253920] iommu: DMA domain TLB invalidation policy: lazy mode
[    1.256578] SCSI subsystem initialized
[    1.262265] ACPI: bus type USB registered
[    1.262814] usbcore: registered new interface driver usbfs
[    1.264104] usbcore: registered new interface driver hub
[    1.264452] usbcore: registered new device driver usb
[    1.265033] pps_core: LinuxPPS API ver. 1 registered
[    1.271848] pps_core: Software ver. 5.3.6 - Copyright 2005-2007 Rodolfo Giometti <giometti@linux.it>
[    1.272390] PTP clock support registered
[    1.283854] PCI: Using ACPI for IRQ routing
[    1.286228] hpet0: at MMIO 0xfed00000, IRQs 2, 8, 0
[    1.286503] hpet0: 3 comparators, 64-bit 100.000000 MHz counter
[    1.291230] clocksource: Switched to clocksource tsc-early
[    1.291230] pnp: PnP ACPI init
[    1.291230] pnp: PnP ACPI: found 6 devices
[    1.303169] clocksource: acpi_pm: mask: 0xffffff max_cycles: 0xffffff, max_idle_ns: 2085701024 ns
[    1.304594] NET: Registered PF_INET protocol family
[    1.305847] IP idents hash table entries: 2048 (order: 2, 16384 bytes, linear)
[    1.311373] tcp_listen_portaddr_hash hash table entries: 256 (order: 0, 4096 bytes, linear)
[    1.314079] Table-perturb hash table entries: 65536 (order: 6, 262144 bytes, linear)
[    1.314448] TCP established hash table entries: 1024 (order: 1, 8192 bytes, linear)
[    1.314907] TCP bind hash table entries: 1024 (order: 3, 32768 bytes, linear)
[    1.325037] TCP: Hash tables configured (established 1024 bind 1024)
[    1.327073] MPTCP token hash table entries: 256 (order: 1, 6144 bytes, linear)
[    1.327608] UDP hash table entries: 256 (order: 1, 8192 bytes, linear)
[    1.328092] UDP-Lite hash table entries: 256 (order: 1, 8192 bytes, linear)
[    1.337554] NET: Registered PF_UNIX/PF_LOCAL protocol family
[    1.338800] pci_bus 0000:00: resource 4 [io  0x0000-0x0cf7 window]
[    1.339048] pci_bus 0000:00: resource 5 [io  0x0d00-0xffff window]
[    1.339263] pci_bus 0000:00: resource 6 [mem 0x000a0000-0x000bffff window]
[    1.347260] pci_bus 0000:00: resource 7 [mem 0x08000000-0xfebfffff window]
[    1.347555] pci_bus 0000:00: resource 8 [mem 0x100000000-0x17fffffff window]
[    1.348281] pci 0000:00:01.0: PIIX3: Enabling Passive Release
[    1.358382] pci 0000:00:00.0: Limiting direct PCI/PCI transfers
[    1.358776] PCI: CLS 0 bytes, default 64
[    1.379152] workingset: timestamp_bits=46 max_order=15 bucket_order=0
[    1.381717] squashfs: version 4.0 (2009/01/31) Phillip Lougher
[    1.384766] Block layer SCSI generic (bsg) driver version 0.4 loaded (major 247)
[    1.388779] hv_vmbus: registering driver hyperv_fb
[    1.393548] input: Power Button as /devices/LNXSYSTM:00/LNXPWRBN:00/input/input0
[    1.401449] ACPI: button: Power Button [PWRF]
[    1.564166] ACPI: \_SB_.LNKC: Enabled at IRQ 11
[    1.717229] ACPI: \_SB_.LNKD: Enabled at IRQ 10
[    1.868039] ACPI: \_SB_.LNKA: Enabled at IRQ 10
[    2.022769] ACPI: \_SB_.LNKB: Enabled at IRQ 11
[    2.024848] Serial: 8250/16550 driver, 16 ports, IRQ sharing enabled
[    2.050250] 00:04: ttyS0 at I/O 0x3f8 (irq = 4, base_baud = 115200) is a 16550A
[    2.077913] Non-volatile memory driver v1.3
[    2.089558] Linux agpgart interface v0.103
[    2.090660] ACPI: bus type drm_connector registered
[    2.093931] [drm] Found bochs VGA, ID 0xb0c5.
[    2.094154] [drm] Framebuffer size 16384 kB @ 0xfd000000, mmio @ 0xfeb90000.
[    2.100021] [drm] Found EDID data blob.
[    2.105965] [drm] Initialized bochs-drm 1.0.0 for 0000:00:02.0 on minor 0
[    2.176010] Console: switching to colour frame buffer device 160x50
[    2.185253] bochs-drm 0000:00:02.0: [drm] fb0: bochs-drmdrmfb frame buffer device
[    2.204233] loop: module loaded
[    2.204968] virtio_blk virtio3: 1/0/0 default/read/poll queues
[    2.226967] virtio_blk virtio3: [vda] 246784 512-byte logical blocks (126 MB/121 MiB)
[    2.236305]  vda: vda1 vda2
[    2.238617] Guest personality initialized and is inactive
[    2.239254] VMCI host device registered (name=vmci, major=10, minor=256)
[    2.239514] Initialized host personality
[    2.239887] usbcore: registered new interface driver rtsx_usb
[    2.240910] VMware PVSCSI driver - version 1.0.7.0-k
[    2.249493] hv_vmbus: registering driver hv_storvsc
[    2.265807] scsi host0: ata_piix
[    2.268281] scsi host1: ata_piix
[    2.269125] ata1: PATA max MWDMA2 cmd 0x1f0 ctl 0x3f6 bmdma 0xc0e0 irq 14 lpm-pol 0
[    2.269438] ata2: PATA max MWDMA2 cmd 0x170 ctl 0x376 bmdma 0xc0e8 irq 15 lpm-pol 0
[    2.279970] VMware vmxnet3 virtual NIC driver - version 1.9.0.0-k-NAPI
[    2.280537] hv_vmbus: registering driver hv_netvsc
[    2.280938] Fusion MPT base driver 3.04.20
[    2.281253] Copyright (c) 1999-2008 LSI Corporation
[    2.281666] Fusion MPT SPI Host driver 3.04.20
[    2.290808] Fusion MPT SAS Host driver 3.04.20
[    2.293061] usbcore: registered new interface driver usb-storage
[    2.294304] i8042: PNP: PS/2 Controller [PNP0303:KBD,PNP0f13:MOU] at 0x60,0x64 irq 1,12
[    2.297583] serio: i8042 KBD port at 0x60,0x64 irq 1
[    2.297981] serio: i8042 AUX port at 0x60,0x64 irq 12
[    2.304836] hv_vmbus: registering driver hyperv_keyboard
[    2.307215] rtc_cmos 00:05: RTC can wake from S4
[    2.312354] rtc_cmos 00:05: registered as rtc0
[    2.315125] rtc_cmos 00:05: setting system clock to 2026-04-21T01:57:42 UTC (1776736662)
[    2.317524] rtc_cmos 00:05: alarms up to one day, y3k, 242 bytes nvram, hpet irqs
[    2.320170] intel_powerclamp: CPU does not support MWAIT
[    2.322517] amd_pstate: the _CPC object is not present in SBIOS or ACPI disabled
[    2.328351] sdhci: Secure Digital Host Controller Interface driver
[    2.330282] sdhci: Copyright(c) Pierre Ossman
[    2.332773] VUB300 Driver rom wait states = 1C irqpoll timeout = 0400
[    2.339191] input: AT Translated Set 2 keyboard as /devices/platform/i8042/serio0/input/input1
[    2.363311] usbcore: registered new interface driver vub300
[    2.365580] usbcore: registered new interface driver ushc
[    2.373710] hid: raw HID events driver (C) Jiri Kosina
[    2.376255] hv_vmbus: registering driver hid_hyperv
[    2.378965] usbcore: registered new interface driver usbhid
[    2.380974] usbhid: USB HID core driver
[    2.383262] hv_utils: Registering HyperV Utility Driver
[    2.386761] hv_vmbus: registering driver hv_utils
[    2.388722] hv_vmbus: registering driver hv_balloon
[    2.392844] NET: Registered PF_INET6 protocol family
[    2.408623] Segment Routing with IPv6
[    2.410785] In-situ OAM (IOAM) with IPv6
[    2.413393] NET: Registered PF_PACKET protocol family
[    2.415871] bridge: filtering via arp/ip/ip6tables is no longer available by default. Update your scripts to load br_netfilter if you need this.
[    2.425265] 8021q: 802.1Q VLAN Support v1.8
[    2.427891] NET: Registered PF_VSOCK protocol family
[    2.437060] IPI shorthand broadcast: enabled
[    2.443220] tsc: Refined TSC clocksource calibration: 2445.437 MHz
[    2.445569] clocksource: tsc: mask: 0xffffffffffffffff max_cycles: 0x233fe20a787, max_idle_ns: 440795242449 ns
[    2.448120] clocksource: Switched to clocksource tsc
[    2.455074] AES CTR mode by8 optimization enabled
[    2.476332] sched_clock: Marking stable (2210088324, 260930579)->(2488197707, -17178804)
[    2.512612] ata2: found unknown device (class 0)
[    2.561193] ata2.00: ATAPI: QEMU DVD-ROM, 2.5+, max UDMA/100
[    2.578441] scsi 1:0:0:0: CD-ROM            QEMU     QEMU DVD-ROM     2.5+ PQ: 0 ANSI: 5
[    2.591448] clk: Disabling unused clocks
[    2.632963] sr 1:0:0:0: [sr0] scsi3-mmc drive: 4x/4x cd/rw xa/form2 tray
[    2.635595] cdrom: Uniform CD-ROM driver Revision: 3.20
[    2.693738] VFS: Mounted root (squashfs filesystem) readonly on device 254:2.
[    2.763939] Freeing unused kernel image (initmem) memory: 1492K
[    2.766529] Write protecting the kernel read-only data: 18432k
[    2.770864] Freeing unused kernel image (rodata/data gap) memory: 1540K
[    2.773638] Run /sbin/init as init process
[    3.083810] init: Console is alive
[    3.606089] kmodloader: loading kernel modules from /etc/modules-boot.d/*
[    3.665612] button_hotplug: loading out-of-tree module taints kernel.
[    3.673782] Button Hotplug driver version 0.4.1
[    3.694830] Intel(R) 2.5G Ethernet Linux Driver
[    3.697321] Copyright(c) 2018 Intel Corporation.
[    3.713657] igb: Intel(R) Gigabit Ethernet Network Driver
[    3.716253] igb: Copyright (c) 2007-2014 Intel Corporation.
[    3.733739] e1000e: Intel(R) PRO/1000 Network Driver
[    3.736318] e1000e: Copyright(c) 1999 - 2015 Intel Corporation.
[    3.749389] kmodloader: done loading kernel modules from /etc/modules-boot.d/*
[    3.769171] init: - preinit -
[    4.832633] 8021q: adding VLAN 0 to HW filter on device eth0
Press the [f] key and hit [enter] to enter failsafe mode
Press the [1], [2], [3] or [4] key and hit [enter] to select the debug level
[    9.521990] loop0: detected capacity change from 0 to 212992
[    9.561362] loop0: detected capacity change from 212992 to 200960
[    9.574714] mount_root: overlay filesystem in /dev/loop0 has not been formatted yet
[    9.955385] EXT4-fs (loop0): mounted filesystem 3af253e2-63b8-4d7e-ab1c-9f413d53b882 r/w with ordered data mode. Quota mode: disabled.
[    9.969079] mount_root: overlay filesystem has not been fully initialized yet
[    9.987154] mount_root: switching to ext4 overlay
[   10.008992] overlayfs: null uuid detected in lower fs '/', falling back to xino=off,index=off,nfs_export=off.
[   10.781920] EXT4-fs (vda1): mounted filesystem 84173db5-fa99-e35a-95c6-28613cc79ea9 r/w without journal. Quota mode: disabled.
[   10.806698] urandom-seed: Seed file not found (/etc/urandom.seed)
[   10.958694] procd: - early -
[   11.713155] procd: - ubus -
[   11.890419] procd: - init -
Please press Enter to activate this console.
root
login[1047]: root login on 'ttyS0'


BusyBox v1.37.0 (2026-04-20 14:43:23 UTC) built-in shell (ash)

  _______                     ________        __
 |       |.-----.-----.-----.|  |  |  |.----.|  |_
 |   -   ||  _  |  -__|     ||  |  |  ||   _||   _|
 |_______||   __|_____|__|__||________||__|  |____|
          |__| W I R E L E S S   F R E E D O M
 -----------------------------------------------------
 OpenWrt 25.12-SNAPSHOT, r32873-37326a2aa3 Dave's Guitar
 -----------------------------------------------------

 === WARNING! =====================================
 There is no root password defined on this device!
 Use the "passwd" command to set up a new password
 in order to prevent unauthorized SSH logins.
 --------------------------------------------------


 OpenWrt recently switched to the "apk" package manager!

 OPKG Command           APK Equivalent      Description
 ------------------------------------------------------------------
 opkg install <pkg>     apk add <pkg>       Install a package
 opkg remove <pkg>      apk del <pkg>       Remove a package
 opkg upgrade           apk upgrade         Upgrade all packages
 opkg files <pkg>       apk info -L <pkg>   List package contents
 opkg list-installed    apk info            List installed packages
 opkg update            apk update          Update package lists
 opkg search <pkg>      apk search <pkg>    Search for packages
 ------------------------------------------------------------------

For more information visit:
https://openwrt.org/docs/guide-user/additional-software/opkg-to-apk-cheatsheet

root@(none):~# dmesg -n 1
root@(none):~# echo 'HSOG''NEUVHG'
HSOGNEUVHG
root@(none):~# run() { echo -n "$MARKER"; sh -c "$@"; echo "$MARKER $?"; }
root@(none):~# echo 'FUGU''YPNLSX'
FUGUYPNLSX
root@(none):~# MARKER='PGPW''NSHFLK' run 'ubus wait_for network.interface.lan'
PGPWNSHFLKPGPWNSHFLK 0
root@OpenWrt:~# echo 'TGXU''BCLWJF'
TGXUBCLWJF
root@OpenWrt:~# MARKER='YNWB''HBETJH' run 'ubus call network.interface.lan statu
s '"'"'{}'"'"''
YNWBHBETJH{
	"up": true,
	"pending": false,
	"available": true,
	"autostart": true,
	"dynamic": false,
	"uptime": 0,
	"l3_device": "br-lan",
	"proto": "static",
	"device": "br-lan",
	"updated": [
		"addresses"
	],
	"metric": 0,
	"dns_metric": 0,
	"delegation": true,
	"ipv4-address": [
		{
			"address": "192.168.1.1",
			"mask": 24
		}
	],
	"ipv6-address": [
		
	],
	"ipv6-prefix": [
		
	],
	"ipv6-prefix-assignment": [
		{
			"address": "fd69:7d88:7b70::",
			"mask": 60,
			"local-address": {
				"address": "fd69:7d88:7b70::1",
				"mask": 60
			}
		}
	],
	"route": [
		
	],
	"dns-server": [
		
	],
	"dns-search": [
		
	],
	"neighbors": [
		
	],
	"inactive": {
		"ipv4-address": [
			
		],
		"ipv6-address": [
			
		],
		"route": [
			
		],
		"dns-server": [
			
		],
		"dns-search": [
			
		],
		"neighbors": [
			
		]
	},
	"data": {
		
	}
}
YNWBHBETJH 0
root@OpenWrt:~# echo 'FBXF''HOOJQM'
FBXFHOOJQM
root@OpenWrt:~# MARKER='WHHP''LTXTYC' run true
WHHPLTXTYCWHHPLTXTYC 0
root@OpenWrt:~# echo 'YLON''BTAQFB'
YLONBTAQFB
root@OpenWrt:~# MARKER='YEFX''NOUQNK' run 'source /etc/os-release; echo $BUILD_I
D'
YEFXNOUQNKr32873-37326a2aa3
YEFXNOUQNK 0
root@OpenWrt:~# echo 'WJMM''LKGKAB'
WJMMLKGKAB
root@OpenWrt:~# MARKER='EMON''SGLXTS' run 'ls /etc/dropbear/dropbear_rsa_host_ke
y'
EMONSGLXTS[0;0m/etc/dropbear/dropbear_rsa_host_key[m
EMONSGLXTS 0
root@OpenWrt:~# echo 'LZOZ''ZQEULK'
LZOZZQEULK
root@OpenWrt:~# MARKER='NGJQ''YWBZUX' run 'netstat -tlpn | grep 0.0.0.0:22'
NGJQYWBZUXnetstat: showing only processes with your user ID
tcp        0      0 0.0.0.0:22              0.0.0.0:*               LISTEN      1755/dropbear
NGJQYWBZUX 0
root@OpenWrt:~# echo 'AYVM''QAHHZP'
AYVMQAHHZP
root@OpenWrt:~# MARKER='PWUQ''WSKEHO' run 'dmesg | grep br-lan | grep forwarding
'
PWUQWSKEHO[   30.201843] br-lan: port 1(eth0) entered forwarding state
PWUQWSKEHO 0
root@OpenWrt:~# echo 'XXVJ''BMCAMW'
XXVJBMCAMW
root@OpenWrt:~# MARKER='NTVC''VKEYZB' run 'ubus call network.interface.lan statu
s '"'"'{}'"'"''
NTVCVKEYZB{
	"up": true,
	"pending": false,
	"available": true,
	"autostart": true,
	"dynamic": false,
	"uptime": 7,
	"l3_device": "br-lan",
	"proto": "static",
	"device": "br-lan",
	"updated": [
		"addresses"
	],
	"metric": 0,
	"dns_metric": 0,
	"delegation": true,
	"ipv4-address": [
		{
			"address": "192.168.1.1",
			"mask": 24
		}
	],
	"ipv6-address": [
		
	],
	"ipv6-prefix": [
		
	],
	"ipv6-prefix-assignment": [
		{
			"address": "fd69:7d88:7b70::",
			"mask": 60,
			"local-address": {
				"address": "fd69:7d88:7b70::1",
				"mask": 60
			}
		}
	],
	"route": [
		
	],
	"dns-server": [
		
	],
	"dns-search": [
		
	],
	"neighbors": [
		
	],
	"inactive": {
		"ipv4-address": [
			
		],
		"ipv6-address": [
			
		],
		"route": [
			
		],
		"dns-server": [
			
		],
		"dns-search": [
			
		],
		"neighbors": [
			
		]
	},
	"data": {
		
	}
}
NTVCVKEYZB 0
root@OpenWrt:~# echo 'AVJJ''TOOPHV'
AVJJTOOPHV
root@OpenWrt:~# MARKER='XTQN''FFNHEW' run 'ip -o addr show dev br-lan'
XTQNFFNHEW4: br-lan    inet 192.168.1.1/24 brd 192.168.1.255 scope global br-lan\       valid_lft forever preferred_lft forever
4: br-lan    inet6 fd69:7d88:7b70::1/60 scope global noprefixroute \       valid_lft forever preferred_lft forever
4: br-lan    inet6 fe80::5054:ff:fe12:3456/64 scope link \       valid_lft forever preferred_lft forever
XTQNFFNHEW 0
root@OpenWrt:~# echo 'LTJV''YNAHCM'
LTJVYNAHCM
root@OpenWrt:~# MARKER='UYTA''TFOLFB' run 'ubus call network.interface.wan statu
s '"'"'{}'"'"''
UYTATFOLFB{
	"up": true,
	"pending": false,
	"available": true,
	"autostart": true,
	"dynamic": false,
	"uptime": 7,
	"l3_device": "eth1",
	"proto": "dhcp",
	"device": "eth1",
	"updated": [
		"addresses",
		"routes",
		"data"
	],
	"metric": 0,
	"dns_metric": 0,
	"delegation": true,
	"ipv4-address": [
		{
			"address": "10.0.2.15",
			"mask": 24
		}
	],
	"ipv6-address": [
		
	],
	"ipv6-prefix": [
		
	],
	"ipv6-prefix-assignment": [
		
	],
	"route": [
		{
			"target": "0.0.0.0",
			"mask": 0,
			"nexthop": "10.0.2.2",
			"source": "10.0.2.15/32"
		}
	],
	"dns-server": [
		"10.0.2.3"
	],
	"dns-search": [
		
	],
	"neighbors": [
		
	],
	"inactive": {
		"ipv4-address": [
			
		],
		"ipv6-address": [
			
		],
		"route": [
			
		],
		"dns-server": [
			
		],
		"dns-search": [
			
		],
		"neighbors": [
			
		]
	},
	"data": {
		"dhcpserver": "10.0.2.2",
		"leasetime": 86400
	}
}
UYTATFOLFB 0
root@OpenWrt:~# 