Labgrid Console Logfile for main
Logfile started at 2026-04-28 03:58:06.560335
=== Log starts here ===
c[?7l[2J[0mSeaBIOS (version 1.16.3-debian-1.16.3-2)


iPXE (https://ipxe.org) 00:03.0 CA00 PCI2.10 PnP PMM+06FCAE70+06F0AE70 CA00
Press Ctrl-B to configure iPXE (PCI 00:03.0)...                                                                               




iPXE (https://ipxe.org) 00:05.0 CB00 PCI2.10 PnP PMM 06FCAE70 06F0AE70 CB00
Press Ctrl-B to configure iPXE (PCI 00:05.0)...                                                                               


Booting from Hard Disk...
GRUB loading.....
[0;30;47mWelcome to GRUB![01;01H[0m[2J[H[J[1;1H[?25l[m[H[J[1;1H[2;30HGNU GRUB  version 2.12

[m[4;2H+----------------------------------------------------------------------------+[5;2H|[5;79H|[6;2H|[6;79H|[7;2H|[7;79H|[8;2H|[8;79H|[9;2H|[9;79H|[10;2H|[10;79H|[11;2H|[11;79H|[12;2H|[12;79H|[13;2H|[13;79H|[14;2H|[14;79H|[15;2H|[15;79H|[16;2H+----------------------------------------------------------------------------+[m[17;2H[18;2H[m     Use the ^ and v keys to select which entry is highlighted.          
      Press enter to boot the selected OS, `e' to edit the commands       
      before booting or `c' for a command-line. ESC to return             
      previous menu.                                                      [5;80H [7m[5;3H*OpenWrt                                                                    [m[5;78H[m[m[6;3H OpenWrt (failsafe)                                                         [m[6;78H[m[m[7;3H                                                                            [m[7;78H[m[m[8;3H                                                                            [m[8;78H[m[m[9;3H                                                                            [m[9;78H[m[m[10;3H                                                                            [m[10;78H[m[m[11;3H                                                                            [m[11;78H[m[m[12;3H                                                                            [m[12;78H[m[m[13;3H                                                                            [m[13;78H[m[m[14;3H                                                                            [m[14;78H[m[m[15;3H                                                                            [m[15;78H[m[15;80H [5;78H[2J[02;30HGNU GRUB  version 2.12[04;02H┌────────────────────────────────────────────────────────────────────────────┐[05;02H│[05;79H│[06;02H│[06;79H│[07;02H│[07;79H│[08;02H│[08;79H│[09;02H│[09;79H│[10;02H│[10;79H│[11;02H│[11;79H│[12;02H│[12;79H│[13;02H│[13;79H│[14;02H│[14;79H│[15;02H│[15;79H│[16;02H│[16;79H│[17;02H└────────────────────────────────────────────────────────────────────────────┘[19;02H     Use the ↑ and ↓ keys to select which entry is highlighted. [19;65H[19;66H         
      Press enter to boot the selected OS, `e' to edit the commands       
      before booting or `c' for a command-line. ESC to return         [21;70H[21;71H    
      previous menu.                                                      [05;80H [05;03H[0;30;47m*OpenWrt                                                                    [06;03H[0m Op[06;05H[06;06HenWrt (failsafe)                                                         [07;03H                                                                            [08;03H                                                                            [09;03H                                                                            [10;03H                                                                            [11;03H                                                                            [12;03H                                                                            [13;03H                                                                            [14;03H                                                                            [15;03H                                                                            [16;03H                                                [16;50H[16;51H                            [16;80H 






   The highlighted entry will be executed automatically in 5s.                [22;1H   The highlighted entry will be executed automatically in 5s.                 [5;78H [05;78H

















   The highlighted entry will be executed automatically in 4s.                [22;1H   The highlighted entry will be executed automatically in 4s.                 [5;78H [05;78H

















   The highlighted entry will be executed automatically in 3s.                [22;1H   The highlighted entry will be executed automatically in 3s.                 [5;78H [05;78H

















   The highlighted entry will be executed automatically in 2s.                [22;1H   The highlighted entry will be executed automatically in 2s.                 [5;78H [05;78H

















   The highlighted entry will be executed automatically in 1s.                [22;1H   The highlighted entry will be executed automatically in 1s.                 [5;78H [05;78H

















   The highlighted entry will be executed automatically in 0s.                [22;1H   The highlighted entry will be executed automatically in 0s.                 [5;78H [01;01H[2J[?25h[H[J[1;1H[H[J[1;1H[2J   Booting `OpenWrt' Booting `OpenWrt'[01;19H



[    0.000000] Linux version 6.12.79 (builder@buildhost) (x86_64-openwrt-linux-musl-gcc (OpenWrt GCC 14.3.0 r32881-6cbb072b57) 14.3.0, GNU ld (GNU Binutils) 2.44) #0 SMP Wed Apr 22 18:41:29 2026
[    0.000000] Command line: BOOT_IMAGE=/boot/vmlinuz root=PARTUUID=4a08fd1c-02 rooconsole=tty1 console=ttyS0,115200n8 noinitrd
[    0.000000] BIOS-provided physical RAM map:
[    0.000000] BIOS-e820: [mem 0x0000000000000000-0x000000000009fbff] usable
[    0.000000] BIOS-e820: [mem 0x000000000009fc00-0x000000000009ffff] reserved
[    0.000000] BIOS-e820: [m0000000000f0000-0x00000000000fffff] reserved
[    0.000000] BIOS-e820: [mem 0x0000000000100000-0x0000000007fdcfff] usable
[    0.000000] BIOS-e820: [mem 0x0000000007fdd000-0x0000000007ffffff] reserved
[    0.000000] BIOS-e820: [mem 0x00000000fffc0000-0x00000000ffffffff] reserv    0.000000] BIOS-e820: [mem 0x000000fd00000000-0x000000ffffffffff] reserved
[    0.000000] NX (Execute Disable) protection: active
[    0.000000] APIC: Static calls initialized
[    0.000000] SMBIOS 3.0.0 present.
[    0.000000] DMI: QEMU Standard PC (i440FX + PIIX, 1996), .16.3-debian-1.16.3-2 04/01/2014
[    0.000000] DMI: Memory slots populated: 1/1
[    0.000000] last_pfn = 0x7fdd max_arch_pfn = 0x400000000
[    0.000000] MTRR map: 4 entries (3 fixed + 1 variable; max 19), built from 8 variable MTRRs
[    0.000000] x86/PAT: Configuration [0B  WC  UC- UC  WB  WP  UC- WT  
[    0.000000] found SMP MP-table at [mem 0x000f5460-0x000f546f]
[    0.000000] Using GB pages for direct mapping
[    0.000000] ACPI: Early table checksum verification disabled
[    0.000000] ACPI: RSDP 0x00000000000F5290 000014 (v00 BOCHS )
[000000] ACPI: RSDT 0x0000000007FE1C64 000034 (v01 BOCHS  BXPC     00000001 BXPC 00000001)
[    0.000000] ACPI: FACP 0x0000000007FE1B18 000074 (v01 BOCHS  BXPC     00000001 BXPC 00000001)
[    0.000000] ACPI: DSDT 0x0000000007FE0040 001AD8 (v01 BOCHS  BXPC     00000001 BXPC 00000001)
[    0.000000] ACCS 0x0000000007FE0000 000040
[    0.000000] ACPI: APIC 0x0000000007FE1B8C 000078 (v03 BOCHS  BXPC     00000001 BXPC 00000001)
[    0.000000] ACPI: HPET 0x0000000007FE1C04 000038 (v01 BOCHS  BXPC     00000001 BXPC 00000001)
[    0.000000] ACPI: WAET 0x0000000007FE1C3C 000028 (vHS  BXPC     00000001 BXPC 00000001)
[    0.000000] ACPI: Reserving FACP table memory at [mem 0x7fe1b18-0x7fe1b8b]
[    0.000000] ACPI: Reserving DSDT table memory at [mem 0x7fe0040-0x7fe1b17]
[    0.000000] ACPI: Reserving FACS table memory at [mem 0x7fe0000-0x7fe003f]
[    0.0 ACPI: Reserving APIC table memory at [mem 0x7fe1b8c-0x7fe1c03]
[    0.000000] ACPI: Reserving HPET table memory at [mem 0x7fe1c04-0x7fe1c3b]
[    0.000000] ACPI: Reserving WAET table memory at [mem 0x7fe1c3c-0x7fe1c63]
[    0.000000] Zone ranges:
[    0.000000]   DMA      [mem 0x0000001000-0x0000000000ffffff]
[    0.000000]   DMA32    [mem 0x0000000001000000-0x0000000007fdcfff]
[    0.000000]   Normal   empty
[    0.000000] Movable zone start for each node
[    0.000000] Early memory node ranges
[    0.000000]   node   0: [mem 0x0000000000001000-0x000009efff]
[    0.000000]   node   0: [mem 0x0000000000100000-0x0000000007fdcfff]
[    0.000000] Initmem setup node 0 [mem 0x0000000000001000-0x0000000007fdcfff]
[    0.000000] On node 0, zone DMA: 1 pages in unavailable ranges
[    0.000000] On node 0, zone DMA: 97 pages in unavailables
[    0.000000] On node 0, zone DMA32: 35 pages in unavailable ranges
[    0.000000] ACPI: PM-Timer IO Port: 0x608
[    0.000000] ACPI: LAPIC_NMI (acpi_id[0xff] dfl dfl lint[0x1])
[    0.000000] IOAPIC[0]: apic_id 0, version 32, address 0xfec00000, GSI 0-23
[    0.000000] ANT_SRC_OVR (bus 0 bus_irq 0 global_irq 2 dfl dfl)
[    0.000000] ACPI: INT_SRC_OVR (bus 0 bus_irq 5 global_irq 5 high level)
[    0.000000] ACPI: INT_SRC_OVR (bus 0 bus_irq 9 global_irq 9 high level)
[    0.000000] ACPI: INT_SRC_OVR (bus 0 bus_irq 10 global_irq 10 high level) 0.000000] ACPI: INT_SRC_OVR (bus 0 bus_irq 11 global_irq 11 high level)
[    0.000000] ACPI: Using ACPI (MADT) for SMP configuration information
[    0.000000] ACPI: HPET id: 0x8086a201 base: 0xfed00000
[    0.000000] CPU topo: Max. logical packages:   1
[    0.000000] CPU tax. logical dies:       1
[    0.000000] CPU topo: Max. dies per package:   1
[    0.000000] CPU topo: Max. threads per core:   1
[    0.000000] CPU topo: Num. cores per package:     1
[    0.000000] CPU topo: Num. threads per package:   1
[    0.000000] CPU topo: Allowing 1nt CPUs plus 0 hotplug CPUs
[    0.000000] [mem 0x08000000-0xfffbffff] available for PCI devices
[    0.000000] Booting paravirtualized kernel on bare hardware
[    0.000000] clocksource: refined-jiffies: mask: 0xffffffff max_cycles: 0xffffffff, max_idle_ns: 19112604462750000     0.000000] setup_percpu: NR_CPUS:512 nr_cpumask_bits:1 nr_cpu_ids:1 nr_node_ids:1
[    0.000000] percpu: Embedded 48 pages/cpu s158104 r8192 d30312 u2097152
[    0.000000] Kernel command line: BOOT_IMAGE=/boot/vmlinuz root=PARTUUID=4a08fd1c-02 rootwait console=tty1 console=t15200n8 noinitrd
[    0.000000] random: crng init done
[    0.000000] Dentry cache hash table entries: 16384 (order: 5, 131072 bytes, linear)
[    0.000000] Inode-cache hash table entries: 8192 (order: 4, 65536 bytes, linear)
[    0.000000] Built 1 zonelists, mobility groupin Total pages: 32635
[    0.000000] mem auto-init: stack:off, heap alloc:off, heap free:off
[    0.000000] SLUB: HWalign=64, Order=0-3, MinObjects=0, CPUs=1, Nodes=1
[    0.000000] rcu: Hierarchical RCU implementation.
[    0.000000] rcu: 	RCU restricting CPUs from NR_CPUS=512_cpu_ids=1.
[    0.000000] 	Tracing variant of Tasks RCU enabled.
[    0.000000] rcu: RCU calculated value of scheduler-enlistment delay is 10 jiffies.
[    0.000000] rcu: Adjusting geometry for rcu_fanout_leaf=16, nr_cpu_ids=1
[    0.000000] RCU Tasks Trace: Setting shift to lim to 1 rcu_task_cb_adjust=1 rcu_task_cpu_ids=1.
[    0.000000] NR_IRQS: 33024, nr_irqs: 256, preallocated irqs: 16
[    0.000000] rcu: srcu_init: Setting srcu_struct sizes based on contention.
[    0.000000] Console: colour VGA+ 80x25
[    0.000000] printk: legacy console  enabled
[    0.000000] printk: legacy console [ttyS0] enabled
[    0.000000] ACPI: Core revision 20240827
[    0.000000] clocksource: hpet: mask: 0xffffffff max_cycles: 0xffffffff, max_idle_ns: 19112604467 ns
[    0.010000] APIC: Switch to symmetric I/O mode setup
[    0.010000] ..TIMER: vector=0x30 apic1=0 pin1=2 apic2=-1 pin2=-1
[    0.090000] tsc: Unable to calibrate against PIT
[    0.090000] tsc: using HPET reference calibration
[    0.090000] tsc: Detected 2443.455 MHz processor
[    0.000351] clocksource: tsc-early: mask: 0xffffffffffffffff max_cycles: 0x233891c0e84, max_idle_ns: 440795261911 ns
[    0.010361] Calibrating delay loop (skipped), value calculated using timer frequency.. 4886.91 BogoMIPS (lpj=24434550)
[    0.012389] x86/cpu: User Mode Instruction Prevention (UMIP) activated
[    0.024577] Last level iTLB entries: 4KB 0, 2MB 0, 4MB 0
[    0.025001] Last level dTLB entries: 4KB 0, 2MB 0, 4MB 0, 1GB 0
[    0.026063] Spectre V1 : Mitigation: usercopy/swapgs barriers and __user pointer sanitization
[    0.026977] Spectre V2 : Mitigation: Retpolines
[    0.030243] Spectre V2 : Spectre v2 / SpectreRSB: Filling RSB on context switch and VMEXIT
[    0.030972] Speculative Store Bypass: Vulnerable
[    0.033065] x86/fpu: Supporting XSAVE feature 0x001: 'x87 floating point registers'
[    0.044002] x86/fpu: Supporting XSAVE feature 0x002: 'SSE registers'
[    0.045391] x86/fpu: Supporting XSAVE feature 0x004: 'AVX registers'
[    0.045731] x86/fpu: Supporting XSAVE feature 0x008: 'MPX bounds registers'
[    0.046099] x86/fpu: Supporting XSAVE feature 0x010: 'MPX CSR'
[    0.046576] x86/fpu: xstate_offset[2]:  576, xstate_sizes[2]:  256
[    0.050281] x86/fpu: xstate_offset[3]:  960, xstate_sizes[3]:   64
[    0.050655] x86/fpu: xstate_offset[4]: 1024, xstate_sizes[4]:   64
[    0.060222] x86/fpu: Enabled xstate features 0x1f, context size is 1088 bytes, using 'standard' format.
[    0.300423] Freeing SMP alternatives memory: 40K
[    0.301222] pid_max: default: 32768 minimum: 301
[    0.310954] Mount-cache hash table entries: 512 (order: 0, 4096 bytes, linear)
[    0.311519] Mountpoint-cache hash table entries: 512 (order: 0, 4096 bytes, linear)
[    0.464328] smpboot: CPU0: AMD QEMU TCG CPU version 2.5+ (family: 0x6, model: 0x6, stepping: 0x3)
[    0.495827] Performance Events: PMU not available due to virtualization, using software events only.
[    0.497312] signal: max sigframe size: 1616
[    0.499194] rcu: Hierarchical SRCU implementation.
[    0.499450] rcu: 	Max phase no-delay instances is 1000.
[    0.505760] smp: Bringing up secondary CPUs ...
[    0.508671] smp: Brought up 1 node, 1 CPU
[    0.508958] smpboot: Total of 1 processors activated (4886.91 BogoMIPS)
[    0.516727] Memory: 103208K/130540K available (14336K kernel code, 1177K rwdata, 2556K rodata, 1492K init, 1304K bss, 25620K reserved, 0K cma-reserved)
[    0.531131] clocksource: jiffies: mask: 0xffffffff max_cycles: 0xffffffff, max_idle_ns: 19112604462750000 ns
[    0.532014] futex hash table entries: 256 (order: 2, 16384 bytes, linear)
[    0.533508] pinctrl core: initialized pinctrl subsystem
[    0.553216] NET: Registered PF_NETLINK/PF_ROUTE protocol family
[    0.559745] thermal_sys: Registered thermal governor 'step_wise'
[    0.559793] thermal_sys: Registered thermal governor 'user_space'
[    0.560996] cpuidle: using governor ladder
[    0.562720] acpiphp: ACPI Hot Plug PCI Controller Driver version: 0.5
[    0.566590] PCI: Using configuration type 1 for base access
[    0.576115] cryptd: max_cpu_qlen set to 1000
[    0.582313] ACPI: Added _OSI(Module Device)
[    0.582549] ACPI: Added _OSI(Processor Device)
[    0.582718] ACPI: Added _OSI(Processor Aggregator Device)
[    0.596973] ACPI: 1 ACPI AML tables successfully acquired and loaded
[    0.614634] ACPI: Interpreter enabled
[    0.615461] ACPI: PM: (supports S0 S5)
[    0.615696] ACPI: Using IOAPIC for interrupt routing
[    0.616290] PCI: Using host bridge windows from ACPI; if necessary, use "pci=nocrs" and report a bug
[    0.616671] PCI: Using E820 reservations for host bridge windows
[    0.622224] ACPI: Enabled 2 GPEs in block 00 to 0F
[    0.660916] ACPI: PCI Root Bridge [PCI0] (domain 0000 [bus 00-ff])
[    0.661878] acpi PNP0A03:00: _OSC: OS supports [ASPM ClockPM Segments MSI HPX-Type3]
[    0.662352] acpi PNP0A03:00: _OSC: not requesting OS control; OS requires [ExtendedConfig ASPM ClockPM MSI]
[    0.663240] acpi PNP0A03:00: fail to add MMCONFIG information, can't access extended configuration space under this bridge
[    0.675022] acpiphp: Slot [3] registered
[    0.675380] acpiphp: Slot [4] registered
[    0.675639] acpiphp: Slot [5] registered
[    0.675881] acpiphp: Slot [6] registered
[    0.680491] acpiphp: Slot [7] registered
[    0.682428] acpiphp: Slot [8] registered
[    0.682706] acpiphp: Slot [9] registered
[    0.682944] acpiphp: Slot [10] registered
[    0.683195] acpiphp: Slot [11] registered
[    0.683435] acpiphp: Slot [12] registered
[    0.690584] acpiphp: Slot [13] registered
[    0.691027] acpiphp: Slot [14] registered
[    0.691461] acpiphp: Slot [15] registered
[    0.691739] acpiphp: Slot [16] registered
[    0.691982] acpiphp: Slot [17] registered
[    0.692226] acpiphp: Slot [18] registered
[    0.700562] acpiphp: Slot [19] registered
[    0.700982] acpiphp: Slot [20] registered
[    0.701424] acpiphp: Slot [21] registered
[    0.701780] acpiphp: Slot [22] registered
[    0.702035] acpiphp: Slot [23] registered
[    0.702275] acpiphp: Slot [24] registered
[    0.710572] acpiphp: Slot [25] registered
[    0.711035] acpiphp: Slot [26] registered
[    0.711483] acpiphp: Slot [27] registered
[    0.711826] acpiphp: Slot [28] registered
[    0.712099] acpiphp: Slot [29] registered
[    0.712378] acpiphp: Slot [30] registered
[    0.720607] acpiphp: Slot [31] registered
[    0.721464] PCI host bridge to bus 0000:00
[    0.722119] pci_bus 0000:00: root bus resource [io  0x0000-0x0cf7 window]
[    0.722528] pci_bus 0000:00: root bus resource [io  0x0d00-0xffff window]
[    0.730260] pci_bus 0000:00: root bus resource [mem 0x000a0000-0x000bffff window]
[    0.738986] pci_bus 0000:00: root bus resource [mem 0x08000000-0xfebfffff window]
[    0.739447] pci_bus 0000:00: root bus resource [mem 0x100000000-0x17fffffff window]
[    0.740358] pci_bus 0000:00: root bus resource [bus 00-ff]
[    0.751859] pci 0000:00:00.0: [8086:1237] type 00 class 0x060000 conventional PCI endpoint
[    0.756284] pci 0000:00:01.0: [8086:7000] type 00 class 0x060100 conventional PCI endpoint
[    0.757347] pci 0000:00:01.1: [8086:7010] type 00 class 0x010180 conventional PCI endpoint
[    0.762977] pci 0000:00:01.1: BAR 4 [io  0xc0e0-0xc0ef]
[    0.764243] pci 0000:00:01.1: BAR 0 [io  0x01f0-0x01f7]: legacy IDE quirk
[    0.764548] pci 0000:00:01.1: BAR 1 [io  0x03f6]: legacy IDE quirk
[    0.764805] pci 0000:00:01.1: BAR 2 [io  0x0170-0x0177]: legacy IDE quirk
[    0.770440] pci 0000:00:01.1: BAR 3 [io  0x0376]: legacy IDE quirk
[    0.771956] pci 0000:00:01.3: [8086:7113] type 00 class 0x068000 conventional PCI endpoint
[    0.772671] pci 0000:00:01.3: quirk: [io  0x0600-0x063f] claimed by PIIX4 ACPI
[    0.772988] pci 0000:00:01.3: quirk: [io  0x0700-0x070f] claimed by PIIX4 SMB
[    0.781492] pci 0000:00:02.0: [1234:1111] type 00 class 0x030000 conventional PCI endpoint
[    0.782414] pci 0000:00:02.0: BAR 0 [mem 0xfd000000-0xfdffffff pref]
[    0.783972] pci 0000:00:02.0: BAR 2 [mem 0xfeb90000-0xfeb90fff]
[    0.792943] pci 0000:00:02.0: ROM [mem 0xfeb80000-0xfeb8ffff pref]
[    0.793556] pci 0000:00:02.0: Video device with shadowed ROM at [mem 0x000c0000-0x000dffff]
[    0.794784] pci 0000:00:03.0: [1af4:1000] type 00 class 0x020000 conventional PCI endpoint
[    0.801391] pci 0000:00:03.0: BAR 0 [io  0xc080-0xc09f]
[    0.804313] pci 0000:00:03.0: BAR 4 [mem 0xfe000000-0xfe003fff 64bit pref]
[    0.811242] pci 0000:00:03.0: ROM [mem 0xfea80000-0xfeafffff pref]
[    0.816680] pci 0000:00:04.0: [1af4:1005] type 00 class 0x00ff00 conventional PCI endpoint
[    0.819344] pci 0000:00:04.0: BAR 0 [io  0xc0a0-0xc0bf]
[    0.820543] pci 0000:00:04.0: BAR 1 [mem 0xfeb91000-0xfeb91fff]
[    0.823729] pci 0000:00:04.0: BAR 4 [mem 0xfe004000-0xfe007fff 64bit pref]
[    0.829352] pci 0000:00:05.0: [1af4:1000] type 00 class 0x020000 conventional PCI endpoint
[    0.830270] pci 0000:00:05.0: BAR 0 [io  0xc0c0-0xc0df]
[    0.831374] pci 0000:00:05.0: BAR 1 [mem 0xfeb92000-0xfeb92fff]
[    0.833462] pci 0000:00:05.0: BAR 4 [mem 0xfe008000-0xfe00bfff 64bit pref]
[    0.840667] pci 0000:00:05.0: ROM [mem 0xfeb00000-0xfeb7ffff pref]
[    0.844726] pci 0000:00:06.0: [1af4:1001] type 00 class 0x010000 conventional PCI endpoint
[    0.846752] pci 0000:00:06.0: BAR 0 [io  0xc000-0xc07f]
[    0.847961] pci 0000:00:06.0: BAR 1 [mem 0xfeb93000-0xfeb93fff]
[    0.852535] pci 0000:00:06.0: BAR 4 [mem 0xfe00c000-0xfe00ffff 64bit pref]
[    0.863773] ACPI: PCI: Interrupt link LNKA configured for IRQ 10
[    0.864757] ACPI: PCI: Interrupt link LNKB configured for IRQ 10
[    0.865402] ACPI: PCI: Interrupt link LNKC configured for IRQ 11
[    0.866047] ACPI: PCI: Interrupt link LNKD configured for IRQ 11
[    0.866460] ACPI: PCI: Interrupt link LNKS configured for IRQ 9
[    0.875407] iommu: Default domain type: Translated
[    0.875666] iommu: DMA domain TLB invalidation policy: lazy mode
[    0.882921] SCSI subsystem initialized
[    0.884530] ACPI: bus type USB registered
[    0.885101] usbcore: registered new interface driver usbfs
[    0.886331] usbcore: registered new interface driver hub
[    0.886859] usbcore: registered new device driver usb
[    0.887424] pps_core: LinuxPPS API ver. 1 registered
[    0.887626] pps_core: Software ver. 5.3.6 - Copyright 2005-2007 Rodolfo Giometti <giometti@linux.it>
[    0.890612] PTP clock support registered
[    0.909579] PCI: Using ACPI for IRQ routing
[    0.912100] hpet0: at MMIO 0xfed00000, IRQs 2, 8, 0
[    0.912385] hpet0: 3 comparators, 64-bit 100.000000 MHz counter
[    0.918150] clocksource: Switched to clocksource tsc-early
[    0.918150] pnp: PnP ACPI init
[    0.918150] pnp: PnP ACPI: found 6 devices
[    0.932111] clocksource: acpi_pm: mask: 0xffffff max_cycles: 0xffffff, max_idle_ns: 2085701024 ns
[    0.933979] NET: Registered PF_INET protocol family
[    0.935296] IP idents hash table entries: 2048 (order: 2, 16384 bytes, linear)
[    0.940927] tcp_listen_portaddr_hash hash table entries: 256 (order: 0, 4096 bytes, linear)
[    0.943172] Table-perturb hash table entries: 65536 (order: 6, 262144 bytes, linear)
[    0.943548] TCP established hash table entries: 1024 (order: 1, 8192 bytes, linear)
[    0.944107] TCP bind hash table entries: 1024 (order: 3, 32768 bytes, linear)
[    0.954134] TCP: Hash tables configured (established 1024 bind 1024)
[    0.956159] MPTCP token hash table entries: 256 (order: 1, 6144 bytes, linear)
[    0.956721] UDP hash table entries: 256 (order: 1, 8192 bytes, linear)
[    0.957183] UDP-Lite hash table entries: 256 (order: 1, 8192 bytes, linear)
[    0.966770] NET: Registered PF_UNIX/PF_LOCAL protocol family
[    0.968006] pci_bus 0000:00: resource 4 [io  0x0000-0x0cf7 window]
[    0.968284] pci_bus 0000:00: resource 5 [io  0x0d00-0xffff window]
[    0.968506] pci_bus 0000:00: resource 6 [mem 0x000a0000-0x000bffff window]
[    0.976234] pci_bus 0000:00: resource 7 [mem 0x08000000-0xfebfffff window]
[    0.976619] pci_bus 0000:00: resource 8 [mem 0x100000000-0x17fffffff window]
[    0.977377] pci 0000:00:01.0: PIIX3: Enabling Passive Release
[    0.977693] pci 0000:00:00.0: Limiting direct PCI/PCI transfers
[    0.987798] PCI: CLS 0 bytes, default 64
[    1.008908] workingset: timestamp_bits=46 max_order=15 bucket_order=0
[    1.011620] squashfs: version 4.0 (2009/01/31) Phillip Lougher
[    1.015322] Block layer SCSI generic (bsg) driver version 0.4 loaded (major 247)
[    1.019349] hv_vmbus: registering driver hyperv_fb
[    1.023804] input: Power Button as /devices/LNXSYSTM:00/LNXPWRBN:00/input/input0
[    1.032534] ACPI: button: Power Button [PWRF]
[    1.190741] ACPI: \_SB_.LNKC: Enabled at IRQ 11
[    1.342127] ACPI: \_SB_.LNKD: Enabled at IRQ 10
[    1.491206] ACPI: \_SB_.LNKA: Enabled at IRQ 10
[    1.640847] ACPI: \_SB_.LNKB: Enabled at IRQ 11
[    1.642993] Serial: 8250/16550 driver, 16 ports, IRQ sharing enabled
[    1.668462] 00:04: ttyS0 at I/O 0x3f8 (irq = 4, base_baud = 115200) is a 16550A
[    1.696554] Non-volatile memory driver v1.3
[    1.708690] Linux agpgart interface v0.103
[    1.709882] ACPI: bus type drm_connector registered
[    1.713170] [drm] Found bochs VGA, ID 0xb0c5.
[    1.713389] [drm] Framebuffer size 16384 kB @ 0xfd000000, mmio @ 0xfeb90000.
[    1.719829] [drm] Found EDID data blob.
[    1.725520] [drm] Initialized bochs-drm 1.0.0 for 0000:00:02.0 on minor 0
[    1.796338] Console: switching to colour frame buffer device 160x50
[    1.806027] bochs-drm 0000:00:02.0: [drm] fb0: bochs-drmdrmfb frame buffer device
[    1.825793] loop: module loaded
[    1.826591] virtio_blk virtio3: 1/0/0 default/read/poll queues
[    1.848731] virtio_blk virtio3: [vda] 246784 512-byte logical blocks (126 MB/121 MiB)
[    1.858389]  vda: vda1 vda2
[    1.861180] Guest personality initialized and is inactive
[    1.861848] VMCI host device registered (name=vmci, major=10, minor=256)
[    1.862148] Initialized host personality
[    1.862503] usbcore: registered new interface driver rtsx_usb
[    1.863547] VMware PVSCSI driver - version 1.0.7.0-k
[    1.872353] hv_vmbus: registering driver hv_storvsc
[    1.889735] scsi host0: ata_piix
[    1.892598] scsi host1: ata_piix
[    1.893489] ata1: PATA max MWDMA2 cmd 0x1f0 ctl 0x3f6 bmdma 0xc0e0 irq 14 lpm-pol 0
[    1.893816] ata2: PATA max MWDMA2 cmd 0x170 ctl 0x376 bmdma 0xc0e8 irq 15 lpm-pol 0
[    1.904735] VMware vmxnet3 virtual NIC driver - version 1.9.0.0-k-NAPI
[    1.905412] hv_vmbus: registering driver hv_netvsc
[    1.905796] Fusion MPT base driver 3.04.20
[    1.905990] Copyright (c) 1999-2008 LSI Corporation
[    1.906391] Fusion MPT SPI Host driver 3.04.20
[    1.916275] Fusion MPT SAS Host driver 3.04.20
[    1.918512] usbcore: registered new interface driver usb-storage
[    1.919853] i8042: PNP: PS/2 Controller [PNP0303:KBD,PNP0f13:MOU] at 0x60,0x64 irq 1,12
[    1.923646] serio: i8042 KBD port at 0x60,0x64 irq 1
[    1.924060] serio: i8042 AUX port at 0x60,0x64 irq 12
[    1.930210] hv_vmbus: registering driver hyperv_keyboard
[    1.933114] rtc_cmos 00:05: RTC can wake from S4
[    1.938843] rtc_cmos 00:05: registered as rtc0
[    1.941791] rtc_cmos 00:05: setting system clock to 2026-04-28T03:58:17 UTC (1777348697)
[    1.944359] rtc_cmos 00:05: alarms up to one day, y3k, 242 bytes nvram, hpet irqs
[    1.947319] intel_powerclamp: CPU does not support MWAIT
[    1.952500] amd_pstate: the _CPC object is not present in SBIOS or ACPI disabled
[    1.954971] sdhci: Secure Digital Host Controller Interface driver
[    1.957037] sdhci: Copyright(c) Pierre Ossman
[    1.959522] VUB300 Driver rom wait states = 1C irqpoll timeout = 0400
[    1.966471] input: AT Translated Set 2 keyboard as /devices/platform/i8042/serio0/input/input1
[    1.991460] usbcore: registered new interface driver vub300
[    1.993872] usbcore: registered new interface driver ushc
[    2.002769] hid: raw HID events driver (C) Jiri Kosina
[    2.005390] hv_vmbus: registering driver hid_hyperv
[    2.008232] usbcore: registered new interface driver usbhid
[    2.010608] usbhid: USB HID core driver
[    2.012844] hv_utils: Registering HyperV Utility Driver
[    2.015406] hv_vmbus: registering driver hv_utils
[    2.017465] hv_vmbus: registering driver hv_balloon
[    2.021338] NET: Registered PF_INET6 protocol family
[    2.036837] Segment Routing with IPv6
[    2.039150] In-situ OAM (IOAM) with IPv6
[    2.041890] NET: Registered PF_PACKET protocol family
[    2.044468] bridge: filtering via arp/ip/ip6tables is no longer available by default. Update your scripts to load br_netfilter if you need this.
[    2.053811] 8021q: 802.1Q VLAN Support v1.8
[    2.056610] NET: Registered PF_VSOCK protocol family
[    2.066088] IPI shorthand broadcast: enabled
[    2.072304] tsc: Refined TSC clocksource calibration: 2445.430 MHz
[    2.074729] clocksource: tsc: mask: 0xffffffffffffffff max_cycles: 0x233fdbaba77, max_idle_ns: 440795254155 ns
[    2.081052] clocksource: Switched to clocksource tsc
[    2.087386] AES CTR mode by8 optimization enabled
[    2.109253] sched_clock: Marking stable (2190111030, -89825139)->(2110537951, -10252060)
[    2.130855] ata2: found unknown device (class 0)
[    2.194717] ata2.00: ATAPI: QEMU DVD-ROM, 2.5+, max UDMA/100
[    2.213423] scsi 1:0:0:0: CD-ROM            QEMU     QEMU DVD-ROM     2.5+ PQ: 0 ANSI: 5
[    2.225172] clk: Disabling unused clocks
[    2.272376] sr 1:0:0:0: [sr0] scsi3-mmc drive: 4x/4x cd/rw xa/form2 tray
[    2.275123] cdrom: Uniform CD-ROM driver Revision: 3.20
[    2.322671] VFS: Mounted root (squashfs filesystem) readonly on device 254:2.
[    2.392375] Freeing unused kernel image (initmem) memory: 1492K
[    2.395044] Write protecting the kernel read-only data: 18432k
[    2.399413] Freeing unused kernel image (rodata/data gap) memory: 1540K
[    2.402272] Run /sbin/init as init process
[    2.722807] init: Console is alive
[    3.380061] kmodloader: loading kernel modules from /etc/modules-boot.d/*
[    3.446509] button_hotplug: loading out-of-tree module taints kernel.
[    3.453520] Button Hotplug driver version 0.4.1
[    3.475709] Intel(R) 2.5G Ethernet Linux Driver
[    3.478298] Copyright(c) 2018 Intel Corporation.
[    3.494927] igb: Intel(R) Gigabit Ethernet Network Driver
[    3.497531] igb: Copyright (c) 2007-2014 Intel Corporation.
[    3.514910] e1000e: Intel(R) PRO/1000 Network Driver
[    3.517481] e1000e: Copyright(c) 1999 - 2015 Intel Corporation.
[    3.531231] kmodloader: done loading kernel modules from /etc/modules-boot.d/*
[    3.551366] init: - preinit -
[    4.596179] 8021q: adding VLAN 0 to HW filter on device eth0
Press the [f] key and hit [enter] to enter failsafe mode
Press the [1], [2], [3] or [4] key and hit [enter] to select the debug level

[    9.283782] loop0: detected capacity change from 0 to 212992
[    9.330747] loop0: detected capacity change from 212992 to 199808
[    9.344755] mount_root: overlay filesystem in /dev/loop0 has not been formatted yet
[    9.683506] EXT4-fs (loop0): mounted filesystem 9b1b4dcd-e7a7-4344-b692-2ad43a4cc1ef r/w with ordered data mode. Quota mode: disabled.
[    9.697481] mount_root: overlay filesystem has not been fully initialized yet
[    9.716344] mount_root: switching to ext4 overlay
[    9.737607] overlayfs: null uuid detected in lower fs '/', falling back to xino=off,index=off,nfs_export=off.
[   10.515145] EXT4-fs (vda1): mounted filesystem 84173db5-fa99-e35a-95c6-28613cc79ea9 r/w without journal. Quota mode: disabled.
[   10.541591] urandom-seed: Seed file not found (/etc/urandom.seed)
[   10.697252] procd: - early -
[   11.457631] procd: - ubus -
[   11.641919] procd: - init -
Please press Enter to activate this console.
root
login[1039]: root login on 'ttyS0'


BusyBox v1.37.0 (2026-04-22 18:41:29 UTC) built-in shell (ash)

  _______                     ________        __
 |       |.-----.-----.-----.|  |  |  |.----.|  |_
 |   -   ||  _  |  -__|     ||  |  |  ||   _||   _|
 |_______||   __|_____|__|__||________||__|  |____|
          |__| W I R E L E S S   F R E E D O M
 -----------------------------------------------------
 OpenWrt 25.12-SNAPSHOT, r32881-6cbb072b57 Dave's Guitar
 -----------------------------------------------------

 === WARNING! =====================================
 There is no root password defined on this device!
 Use the "passwd" command to set up a new password
 in order to prevent unauthorized SSH logins.
 --------------------------------------------------

  ___   __ __                _______             __
 |   |_|__|  |--.----.-----.|   |   |-----.-----|  |--.
 |     |  |  _  |   _|  -__||       |  -__|__ --|     |
 |_____|__|_____|__| |_____||__|_|__|_____|_____|__|__|

 ------------------------------------------------------
 LiMe master development (master rev. aebe482 20260416_0843)
 ------------------------------------------------------
 https://libremesh.org
 ------------------------------------------------------

 OpenWrt recently switched to the "apk" package manager!

 OPKG Command           APK Equivalent      Description
 ------------------------------------------------------------------
 opkg install <pkg>     apk add <pkg>       Install a package
 opkg remove <pkg>      apk del <pkg>       Remove a package
 opkg upgrade           apk upgrade         Upgrade all packages
 opkg files <pkg>       apk info -L <pkg>   List package contents
 opkg list-installed    apk info            List installed packages
 opkg update            apk update          Update package lists
 opkg search <pkg>      apk search <pkg>    Search for packages
 ------------------------------------------------------------------

For more information visit:
https://openwrt.org/docs/guide-user/additional-software/opkg-to-apk-cheatsheet

root@(none):~# dmesg -n 1
root@(none):~# echo 'JMWO''ZSSQQE'
JMWOZSSQQE
root@LiMe-123456:~# run() { echo -n "$MARKER"; sh -c "$@"; echo "$MARKER $?"; }
root@LiMe-123456:~# echo 'VECH''XKHUFQ'
VECHXKHUFQ
root@LiMe-123456:~# MARKER='BEUF''TLPVVK' run 'ubus wait_for network.interface.l
an'
BEUFTLPVVKBEUFTLPVVK 0
root@LiMe-123456:~# echo 'JGVX''XAJGSP'
JGVXXAJGSP
root@LiMe-123456:~# MARKER='SJGP''VYUEKW' run 'ubus call network.interface.lan s
tatus '"'"'{}'"'"''
SJGPVYUEKW{
	"up": true,
	"pending": false,
	"available": true,
	"autostart": true,
	"dynamic": false,
	"uptime": 2,
	"l3_device": "br-lan",
	"proto": "static",
	"device": "br-lan",
	"updated": [
		"addresses"
	],
	"metric": 0,
	"dns_metric": 0,
	"delegation": true,
	"ipv4-address": [
		{
			"address": "10.13.52.86",
			"mask": 16
		}
	],
	"ipv6-address": [
		{
			"address": "fd0d:fe46:8ce8::12:3456",
			"mask": 64
		}
	],
	"ipv6-prefix": [
		
	],
	"ipv6-prefix-assignment": [
		
	],
	"route": [
		
	],
	"dns-server": [
		
	],
	"dns-search": [
		
	],
	"neighbors": [
		
	],
	"inactive": {
		"ipv4-address": [
			
		],
		"ipv6-address": [
			
		],
		"route": [
			
		],
		"dns-server": [
			
		],
		"dns-search": [
			
		],
		"neighbors": [
			
		]
	},
	"data": {
		
	}
}
SJGPVYUEKW 0
root@LiMe-123456:~# echo 'ZGZH''YWNVLP'
ZGZHYWNVLP
root@LiMe-123456:~# MARKER='XCCZ''EVWUUH' run true
XCCZEVWUUHXCCZEVWUUH 0
root@LiMe-123456:~# echo 'LJJO''BYJUNC'
LJJOBYJUNC
root@LiMe-123456:~# MARKER='AZAC''CBXNGX' run 'source /etc/os-release; echo $BUI
LD_ID'
AZACCBXNGXr32881-6cbb072b57
AZACCBXNGX 0
root@LiMe-123456:~# echo 'MPAT''VHFJJX'
MPATVHFJJX
root@LiMe-123456:~# MARKER='QBZX''SNFMWS' run 'ls /etc/dropbear/dropbear_rsa_hos
t_key'
QBZXSNFMWS[0;0m/etc/dropbear/dropbear_rsa_host_key[m
QBZXSNFMWS 0
root@LiMe-123456:~# echo 'MGBQ''YQEJAF'
MGBQYQEJAF
root@LiMe-123456:~# MARKER='TPOO''BFOLVO' run 'netstat -tlpn | grep 0.0.0.0:22'
TPOOBFOLVOtcp        0      0 0.0.0.0:22              0.0.0.0:*               LISTEN      2098/dropbear
TPOOBFOLVO 0
root@LiMe-123456:~# echo 'YQHK''UAWJVC'
YQHKUAWJVC
root@LiMe-123456:~# MARKER='JEVA''XQNBFF' run 'dmesg | grep br-lan | grep forwar
ding'
JEVAXQNBFF[   45.722404] br-lan: port 1(eth0) entered forwarding state
[   50.012591] br-lan: port 2(bat0) entered forwarding state
JEVAXQNBFF 0
root@LiMe-123456:~# echo 'AESP''PLQUKJ'
AESPPLQUKJ
root@LiMe-123456:~# MARKER='FBTP''WCBOLN' run 'ubus call network.interface.lan s
tatus '"'"'{}'"'"''
FBTPWCBOLN{
	"up": true,
	"pending": false,
	"available": true,
	"autostart": true,
	"dynamic": false,
	"uptime": 43,
	"l3_device": "br-lan",
	"proto": "static",
	"device": "br-lan",
	"updated": [
		"addresses"
	],
	"metric": 0,
	"dns_metric": 0,
	"delegation": true,
	"ipv4-address": [
		{
			"address": "10.13.52.86",
			"mask": 16
		}
	],
	"ipv6-address": [
		{
			"address": "fd0d:fe46:8ce8::12:3456",
			"mask": 64
		}
	],
	"ipv6-prefix": [
		
	],
	"ipv6-prefix-assignment": [
		
	],
	"route": [
		
	],
	"dns-server": [
		
	],
	"dns-search": [
		
	],
	"neighbors": [
		
	],
	"inactive": {
		"ipv4-address": [
			
		],
		"ipv6-address": [
			
		],
		"route": [
			
		],
		"dns-server": [
			
		],
		"dns-search": [
			
		],
		"neighbors": [
			
		]
	},
	"data": {
		
	}
}
FBTPWCBOLN 0
root@LiMe-123456