Labgrid Console Logfile for main
Logfile started at 2026-03-16 02:11:55.380206
=== Log starts here ===
c[?7l[2J[0mSeaBIOS (version 1.16.3-debian-1.16.3-2)


iPXE (https://ipxe.org) 00:03.0 CA00 PCI2.10 PnP PMM+06FCAE70+06F0AE70 CA00
Press Ctrl-B to configure iPXE (PCI 00:03.0)...                                                                               




iPXE (https://ipxe.org) 00:05.0 CB00 PCI2.10 PnP PMM 06FCAE70 06F0AE70 CB00
Press Ctrl-B to configure iPXE (PCI 00:05.0)...                                                                               


Booting from Hard Disk...
GRUB loading.....
[0;30;47mWelcome to GRUB![01;01H[0m[2J[H[J[1;1H[?25l[m[H[J[1;1H[2;30HGNU GRUB  version 2.12

[m[4;2H+----------------------------------------------------------------------------+[5;2H|[5;79H|[6;2H|[6;79H|[7;2H|[7;79H|[8;2H|[8;79H|[9;2H|[9;79H|[10;2H|[10;79H|[11;2H|[11;79H|[12;2H|[12;79H|[13;2H|[13;79H|[14;2H|[14;79H|[15;2H|[15;79H|[16;2H+----------------------------------------------------------------------------+[m[17;2H[18;2H[m     Use the ^ and v keys to select which entry is highlighted.          
      Press enter to boot the selected OS, `e' to edit the commands       
      before booting or `c' for a command-line. ESC to return             
      previous menu.                                                      [5;80H [7m[5;3H*OpenWrt                                                                    [m[5;78H[m[m[6;3H OpenWrt (failsafe)                                                         [m[6;78H[m[m[7;3H                                                                            [m[7;78H[m[m[8;3H                                                                            [m[8;78H[m[m[9;3H                                                                            [m[9;78H[m[m[10;3H                                                                            [m[10;78H[m[m[11;3H                                                                            [m[11;78H[m[m[12;3H                                                                            [m[12;78H[m[m[13;3H                                                                            [m[13;78H[m[m[14;3H                                                                            [m[14;78H[m[m[15;3H                                                                            [m[15;78H[m[15;80H [5;78H[2J[02;30HGNU GRUB[02;37H[02;38H  version 2.12[04;02H┌────────────────────────────────────────────────────────────────────────────┐[05;02H│[05;79H│[06;02H│[06;79H│[07;02H│[07;79H│[08;02H│[08;79H│[09;02H│[09;79H│[10;02H│[10;79H│[11;02H│[11;79H│[12;02H│[12;79H│[13;02H│[13;79H│[14;02H│[14;79H│[15;02H│[15;79H│[16;02H│[16;79H│[17;02H└────────────────────────────────────────────────────────────────────────────┘[19;02H     Use the ↑ and ↓ keys to select which entry is highlighted.          
      Press enter to boot the selected OS, `e' to edit the commands       
      before booting or `c' for a command-line. ESC to return             
      previous menu.                                                      [05;80H [05;03H[0;30;47m*OpenWrt                                                                    [06;03H[0m OpenWrt (failsafe)                                                         [07;03H                                                                            [08;03H                                                                            [09;03H                                                                            [10;03H                                                                            [11;03H                          [11;28H[11;29H                                                  [12;03H                                                                            [13;03H                                                                            [14;03H                                                                            [15;03H                                                                            [16;03H                                                                            [16;80H 






   The highlighted entry will be executed automatically in 5s.                [22;1H   The highlighted entry will be executed automatically in 5s.                 [5;78H [05;78H

















   The highlighted entry wil[23;28H[23;29Hl be executed automatically in 4s.                [22;1H   The highlighted entry will be executed automatically in 4s.                 [5;78H [05;78H

















   The highlighted entry will be executed automatically in 3s.                [22;1H   The highlighted entry will be executed automatically in 3s.                 [5;78H [05;78H

















   The highlighted entry will be executed automatically in 2s.                [22;1H   The highlighted entry will be executed automatically in 2s.                 [5;78H [05;78H

















   The highlighted entry will be executed automatically in 1s.                [22;1H   The highlighted entry will be executed automatically in 1s.                 [5;78H [05;78H

















   The highlighted entry will be executed automatical[23;53H[23;54Hly in 0s.                [22;1H   The highlighted entry will be executed automatically in 0s.                 [5;78H [01;01H[2J[?25h[H[J[1;1H[H[J[1;1H[2J   Booting `OpenWrt' Booting `OpenWrt

'

[    0.000000] Linux version 6.12.74 (builder@buildhost) (x86_64-openwrt-linux-musl-gcc (OpenWrt GCC 14.3.0 r32755-008e51950b) 14.3.0, GNU ld (GNU Binutils) 2.44) #0 SMP Sun Mar 15 18:35:03 2026
[    0.000000] Command line: BOOT_IMAGE=/boot/vmlinuz root=PARTUUID=eeee674d-02 rootwait console=tty1 console=ttyS0,115200n8 noinitrd
[    0.000000] BIOS-provided physical RAM map:
[    0.000000] BIOS-e820: [mem 0x0000000000000000-0x000000000009fbff] usable
[    0.000000] BIOS-e820: [mem 0x000000000009fc00-0x000000000009ffff] reserved
[    0.000000] BIOS-e820: [mem 0x00000000000f0000-0x00000000000fffff] reserved
[    0.000000] BIOS-e820: [mem 0x0000000000100000-0x0000000007fdcfff] usable
[    0.000000] BIOS-e820: [mem 0x0000000007fdd000-0x0000000007ffffff] reserved
[    0.000000] BIOS-e820: [mem 0x00000000fffc0000-0x00000000ffffffff] reserved
[    0.000000] BIOS-e820: [mem 0x000000fd00000000-0x000000ffffffffff] reserved
[    0.000000] NX (Execute Disable) protection: active
[    0.000000] APIC: Static calls initialized
[    0.000000] SMBIOS 3.0.0 present.
[    0.000000] DMI: QEMU Standard PC (i440FX + PIIX, 1996), BIOS 1.16.3-debian-1.16.3-2 04/01/2014
[    0.000000] DMI: Memory slots populated: 1/1
[    0.000000] tsc: Fast TSC calibration using PIT
[    0.000000] tsc: Detected 2445.439 MHz processor
[    0.009691] last_pfn = 0x7fdd max_arch_pfn = 0x400000000
[    0.010345] MTRR map: 4 entries (3 fixed + 1 variable; max 19), built from 8 variable MTRRs
[    0.010515] x86/PAT: Configuration [0-7]: WB  WC  UC- UC  WB  WP  UC- WT  
[    0.030551] found SMP MP-table at [mem 0x000f5460-0x000f546f]
[    0.031893] Using GB pages for direct mapping
[    0.036192] ACPI: Early table checksum verification disabled
[    0.036537] ACPI: RSDP 0x00000000000F5290 000014 (v00 BOCHS )
[    0.036831] ACPI: RSDT 0x0000000007FE1C64 000034 (v01 BOCHS  BXPC     00000001 BXPC 00000001)
[    0.037344] ACPI: FACP 0x0000000007FE1B18 000074 (v01 BOCHS  BXPC     00000001 BXPC 00000001)
[    0.037918] ACPI: DSDT 0x0000000007FE0040 001AD8 (v01 BOCHS  BXPC     00000001 BXPC 00000001)
[    0.037990] ACPI: FACS 0x0000000007FE0000 000040
[    0.038055] ACPI: APIC 0x0000000007FE1B8C 000078 (v03 BOCHS  BXPC     00000001 BXPC 00000001)
[    0.038077] ACPI: HPET 0x0000000007FE1C04 000038 (v01 BOCHS  BXPC     00000001 BXPC 00000001)
[    0.038096] ACPI: WAET 0x0000000007FE1C3C 000028 (v01 BOCHS  BXPC     00000001 BXPC 00000001)
[    0.038175] ACPI: Reserving FACP table memory at [mem 0x7fe1b18-0x7fe1b8b]
[    0.038224] ACPI: Reserving DSDT table memory at [mem 0x7fe0040-0x7fe1b17]
[    0.038231] ACPI: Reserving FACS table memory at [mem 0x7fe0000-0x7fe003f]
[    0.038237] ACPI: Reserving APIC table memory at [mem 0x7fe1b8c-0x7fe1c03]
[    0.038242] ACPI: Reserving HPET table memory at [mem 0x7fe1c04-0x7fe1c3b]
[    0.038248] ACPI: Reserving WAET table memory at [mem 0x7fe1c3c-0x7fe1c63]
[    0.041237] Zone ranges:
[    0.041265]   DMA      [mem 0x0000000000001000-0x0000000000ffffff]
[    0.041355]   DMA32    [mem 0x0000000001000000-0x0000000007fdcfff]
[    0.041365]   Normal   empty
[    0.041387] Movable zone start for each node
[    0.041420] Early memory node ranges
[    0.041447]   node   0: [mem 0x0000000000001000-0x000000000009efff]
[    0.041499]   node   0: [mem 0x0000000000100000-0x0000000007fdcfff]
[    0.041620] Initmem setup node 0 [mem 0x0000000000001000-0x0000000007fdcfff]
[    0.042644] On node 0, zone DMA: 1 pages in unavailable ranges
[    0.043127] On node 0, zone DMA: 97 pages in unavailable ranges
[    0.045175] On node 0, zone DMA32: 35 pages in unavailable ranges
[    0.045508] ACPI: PM-Timer IO Port: 0x608
[    0.045907] ACPI: LAPIC_NMI (acpi_id[0xff] dfl dfl lint[0x1])
[    0.046325] IOAPIC[0]: apic_id 0, version 32, address 0xfec00000, GSI 0-23
[    0.046439] ACPI: INT_SRC_OVR (bus 0 bus_irq 0 global_irq 2 dfl dfl)
[    0.046691] ACPI: INT_SRC_OVR (bus 0 bus_irq 5 global_irq 5 high level)
[    0.046740] ACPI: INT_SRC_OVR (bus 0 bus_irq 9 global_irq 9 high level)
[    0.046836] ACPI: INT_SRC_OVR (bus 0 bus_irq 10 global_irq 10 high level)
[    0.046845] ACPI: INT_SRC_OVR (bus 0 bus_irq 11 global_irq 11 high level)
[    0.047049] ACPI: Using ACPI (MADT) for SMP configuration information
[    0.047096] ACPI: HPET id: 0x8086a201 base: 0xfed00000
[    0.047586] CPU topo: Max. logical packages:   1
[    0.047602] CPU topo: Max. logical dies:       1
[    0.047611] CPU topo: Max. dies per package:   1
[    0.047655] CPU topo: Max. threads per core:   1
[    0.047817] CPU topo: Num. cores per package:     1
[    0.047832] CPU topo: Num. threads per package:   1
[    0.047841] CPU topo: Allowing 1 present CPUs plus 0 hotplug CPUs
[    0.049004] [mem 0x08000000-0xfffbffff] available for PCI devices
[    0.049084] Booting paravirtualized kernel on bare hardware
[    0.049375] clocksource: refined-jiffies: mask: 0xffffffff max_cycles: 0xffffffff, max_idle_ns: 19112604462750000 ns
[    0.050011] setup_percpu: NR_CPUS:512 nr_cpumask_bits:1 nr_cpu_ids:1 nr_node_ids:1
[    0.052051] percpu: Embedded 48 pages/cpu s158104 r8192 d30312 u2097152
[    0.054341] Kernel command line: BOOT_IMAGE=/boot/vmlinuz root=PARTUUID=eeee674d-02 rootwait console=tty1 console=ttyS0,115200n8 noinitrd
[    0.055927] random: crng init done
[    0.060662] Dentry cache hash table entries: 16384 (order: 5, 131072 bytes, linear)
[    0.061608] Inode-cache hash table entries: 8192 (order: 4, 65536 bytes, linear)
[    0.064208] Built 1 zonelists, mobility grouping on.  Total pages: 32635
[    0.064437] mem auto-init: stack:off, heap alloc:off, heap free:off
[    0.074041] SLUB: HWalign=64, Order=0-3, MinObjects=0, CPUs=1, Nodes=1
[    0.081923] rcu: Hierarchical RCU implementation.
[    0.081951] rcu: 	RCU restricting CPUs from NR_CPUS=512 to nr_cpu_ids=1.
[    0.082114] 	Tracing variant of Tasks RCU enabled.
[    0.082207] rcu: RCU calculated value of scheduler-enlistment delay is 10 jiffies.
[    0.082238] rcu: Adjusting geometry for rcu_fanout_leaf=16, nr_cpu_ids=1
[    0.083377] RCU Tasks Trace: Setting shift to 0 and lim to 1 rcu_task_cb_adjust=1 rcu_task_cpu_ids=1.
[    0.083504] NR_IRQS: 33024, nr_irqs: 256, preallocated irqs: 16
[    0.092223] rcu: srcu_init: Setting srcu_struct sizes based on contention.
[    0.099003] Console: colour VGA+ 80x25
[    0.099438] printk: legacy console [tty1] enabled
[    0.107502] printk: legacy console [ttyS0] enabled
[    0.360854] ACPI: Core revision 20240827
[    0.366044] clocksource: hpet: mask: 0xffffffff max_cycles: 0xffffffff, max_idle_ns: 19112604467 ns
[    0.370776] APIC: Switch to symmetric I/O mode setup
[    0.375356] ..TIMER: vector=0x30 apic1=0 pin1=2 apic2=-1 pin2=-1
[    0.417805] clocksource: tsc-early: mask: 0xffffffffffffffff max_cycles: 0x233fe42a13f, max_idle_ns: 440795286674 ns
[    0.418508] Calibrating delay loop (skipped), value calculated using timer frequency.. 4890.87 BogoMIPS (lpj=24454390)
[    0.420398] x86/cpu: User Mode Instruction Prevention (UMIP) activated
[    0.435811] Last level iTLB entries: 4KB 0, 2MB 0, 4MB 0
[    0.438434] Last level dTLB entries: 4KB 0, 2MB 0, 4MB 0, 1GB 0
[    0.439502] Spectre V1 : Mitigation: usercopy/swapgs barriers and __user pointer sanitization
[    0.440592] Spectre V2 : Mitigation: Retpolines
[    0.440884] Spectre V2 : Spectre v2 / SpectreRSB: Filling RSB on context switch and VMEXIT
[    0.441337] Speculative Store Bypass: Vulnerable
[    0.450439] x86/fpu: Supporting XSAVE feature 0x001: 'x87 floating point registers'
[    0.455152] x86/fpu: Supporting XSAVE feature 0x002: 'SSE registers'
[    0.455445] x86/fpu: Supporting XSAVE feature 0x004: 'AVX registers'
[    0.455722] x86/fpu: Supporting XSAVE feature 0x008: 'MPX bounds registers'
[    0.459400] x86/fpu: Supporting XSAVE feature 0x010: 'MPX CSR'
[    0.459831] x86/fpu: xstate_offset[2]:  576, xstate_sizes[2]:  256
[    0.460226] x86/fpu: xstate_offset[3]:  960, xstate_sizes[3]:   64
[    0.460477] x86/fpu: xstate_offset[4]: 1024, xstate_sizes[4]:   64
[    0.468461] x86/fpu: Enabled xstate features 0x1f, context size is 1088 bytes, using 'standard' format.
[    0.703572] Freeing SMP alternatives memory: 40K
[    0.704318] pid_max: default: 32768 minimum: 301
[    0.713895] Mount-cache hash table entries: 512 (order: 0, 4096 bytes, linear)
[    0.714454] Mountpoint-cache hash table entries: 512 (order: 0, 4096 bytes, linear)
[    0.865855] smpboot: CPU0: AMD QEMU TCG CPU version 2.5+ (family: 0x6, model: 0x6, stepping: 0x3)
[    0.868951] Performance Events: PMU not available due to virtualization, using software events only.
[    0.870480] signal: max sigframe size: 1616
[    0.888905] rcu: Hierarchical SRCU implementation.
[    0.889192] rcu: 	Max phase no-delay instances is 1000.
[    0.897912] smp: Bringing up secondary CPUs ...
[    0.900890] smp: Brought up 1 node, 1 CPU
[    0.901229] smpboot: Total of 1 processors activated (4890.87 BogoMIPS)
[    0.908569] Memory: 103276K/130540K available (14336K kernel code, 1177K rwdata, 2552K rodata, 1492K init, 1304K bss, 25620K reserved, 0K cma-reserved)
[    0.920791] clocksource: jiffies: mask: 0xffffffff max_cycles: 0xffffffff, max_idle_ns: 19112604462750000 ns
[    0.921666] futex hash table entries: 256 (order: 2, 16384 bytes, linear)
[    0.922909] pinctrl core: initialized pinctrl subsystem
[    0.942573] NET: Registered PF_NETLINK/PF_ROUTE protocol family
[    0.948818] thermal_sys: Registered thermal governor 'step_wise'
[    0.948855] thermal_sys: Registered thermal governor 'user_space'
[    0.949816] cpuidle: using governor ladder
[    0.951443] acpiphp: ACPI Hot Plug PCI Controller Driver version: 0.5
[    0.955929] PCI: Using configuration type 1 for base access
[    0.964579] cryptd: max_cpu_qlen set to 1000
[    0.970819] ACPI: Added _OSI(Module Device)
[    0.971035] ACPI: Added _OSI(Processor Device)
[    0.971225] ACPI: Added _OSI(Processor Aggregator Device)
[    0.985304] ACPI: 1 ACPI AML tables successfully acquired and loaded
[    1.002430] ACPI: Interpreter enabled
[    1.003209] ACPI: PM: (supports S0 S5)
[    1.003433] ACPI: Using IOAPIC for interrupt routing
[    1.004037] PCI: Using host bridge windows from ACPI; if necessary, use "pci=nocrs" and report a bug
[    1.004446] PCI: Using E820 reservations for host bridge windows
[    1.010247] ACPI: Enabled 2 GPEs in block 00 to 0F
[    1.046594] ACPI: PCI Root Bridge [PCI0] (domain 0000 [bus 00-ff])
[    1.047483] acpi PNP0A03:00: _OSC: OS supports [ASPM ClockPM Segments MSI HPX-Type3]
[    1.047989] acpi PNP0A03:00: _OSC: not requesting OS control; OS requires [ExtendedConfig ASPM ClockPM MSI]
[    1.048977] acpi PNP0A03:00: fail to add MMCONFIG information, can't access extended configuration space under this bridge
[    1.061986] acpiphp: Slot [3] registered
[    1.062335] acpiphp: Slot [4] registered
[    1.062612] acpiphp: Slot [5] registered
[    1.062889] acpiphp: Slot [6] registered
[    1.068364] acpiphp: Slot [7] registered
[    1.068885] acpiphp: Slot [8] registered
[    1.070569] acpiphp: Slot [9] registered
[    1.070850] acpiphp: Slot [10] registered
[    1.071125] acpiphp: Slot [11] registered
[    1.071390] acpiphp: Slot [12] registered
[    1.071653] acpiphp: Slot [13] registered
[    1.078676] acpiphp: Slot [14] registered
[    1.079134] acpiphp: Slot [15] registered
[    1.079490] acpiphp: Slot [16] registered
[    1.079751] acpiphp: Slot [17] registered
[    1.080060] acpiphp: Slot [18] registered
[    1.080332] acpiphp: Slot [19] registered
[    1.088661] acpiphp: Slot [20] registered
[    1.089108] acpiphp: Slot [21] registered
[    1.089474] acpiphp: Slot [22] registered
[    1.089738] acpiphp: Slot [23] registered
[    1.090040] acpiphp: Slot [24] registered
[    1.090304] acpiphp: Slot [25] registered
[    1.098643] acpiphp: Slot [26] registered
[    1.099126] acpiphp: Slot [27] registered
[    1.099507] acpiphp: Slot [28] registered
[    1.099816] acpiphp: Slot [29] registered
[    1.100096] acpiphp: Slot [30] registered
[    1.100358] acpiphp: Slot [31] registered
[    1.108997] PCI host bridge to bus 0000:00
[    1.109701] pci_bus 0000:00: root bus resource [io  0x0000-0x0cf7 window]
[    1.110097] pci_bus 0000:00: root bus resource [io  0x0d00-0xffff window]
[    1.110368] pci_bus 0000:00: root bus resource [mem 0x000a0000-0x000bffff window]
[    1.118515] pci_bus 0000:00: root bus resource [mem 0x08000000-0xfebfffff window]
[    1.119006] pci_bus 0000:00: root bus resource [mem 0x100000000-0x17fffffff window]
[    1.119588] pci_bus 0000:00: root bus resource [bus 00-ff]
[    1.120971] pci 0000:00:00.0: [8086:1237] type 00 class 0x060000 conventional PCI endpoint
[    1.139028] pci 0000:00:01.0: [8086:7000] type 00 class 0x060100 conventional PCI endpoint
[    1.139975] pci 0000:00:01.1: [8086:7010] type 00 class 0x010180 conventional PCI endpoint
[    1.142925] pci 0000:00:01.1: BAR 4 [io  0xc0e0-0xc0ef]
[    1.147239] pci 0000:00:01.1: BAR 0 [io  0x01f0-0x01f7]: legacy IDE quirk
[    1.147558] pci 0000:00:01.1: BAR 1 [io  0x03f6]: legacy IDE quirk
[    1.147854] pci 0000:00:01.1: BAR 2 [io  0x0170-0x0177]: legacy IDE quirk
[    1.148142] pci 0000:00:01.1: BAR 3 [io  0x0376]: legacy IDE quirk
[    1.149457] pci 0000:00:01.3: [8086:7113] type 00 class 0x068000 conventional PCI endpoint
[    1.158576] pci 0000:00:01.3: quirk: [io  0x0600-0x063f] claimed by PIIX4 ACPI
[    1.158955] pci 0000:00:01.3: quirk: [io  0x0700-0x070f] claimed by PIIX4 SMB
[    1.159768] pci 0000:00:02.0: [1234:1111] type 00 class 0x030000 conventional PCI endpoint
[    1.168736] pci 0000:00:02.0: BAR 0 [mem 0xfd000000-0xfdffffff pref]
[    1.170279] pci 0000:00:02.0: BAR 2 [mem 0xfeb90000-0xfeb90fff]
[    1.172807] pci 0000:00:02.0: ROM [mem 0xfeb80000-0xfeb8ffff pref]
[    1.178806] pci 0000:00:02.0: Video device with shadowed ROM at [mem 0x000c0000-0x000dffff]
[    1.180093] pci 0000:00:03.0: [1af4:1000] type 00 class 0x020000 conventional PCI endpoint
[    1.181476] pci 0000:00:03.0: BAR 0 [io  0xc080-0xc09f]
[    1.183858] pci 0000:00:03.0: BAR 4 [mem 0xfe000000-0xfe003fff 64bit pref]
[    1.189695] pci 0000:00:03.0: ROM [mem 0xfea80000-0xfeafffff pref]
[    1.194504] pci 0000:00:04.0: [1af4:1005] type 00 class 0x00ff00 conventional PCI endpoint
[    1.196330] pci 0000:00:04.0: BAR 0 [io  0xc0a0-0xc0bf]
[    1.198699] pci 0000:00:04.0: BAR 1 [mem 0xfeb91000-0xfeb91fff]
[    1.202490] pci 0000:00:04.0: BAR 4 [mem 0xfe004000-0xfe007fff 64bit pref]
[    1.207129] pci 0000:00:05.0: [1af4:1000] type 00 class 0x020000 conventional PCI endpoint
[    1.208400] pci 0000:00:05.0: BAR 0 [io  0xc0c0-0xc0df]
[    1.209353] pci 0000:00:05.0: BAR 1 [mem 0xfeb92000-0xfeb92fff]
[    1.211258] pci 0000:00:05.0: BAR 4 [mem 0xfe008000-0xfe00bfff 64bit pref]
[    1.212014] pci 0000:00:05.0: ROM [mem 0xfeb00000-0xfeb7ffff pref]
[    1.218700] pci 0000:00:06.0: [1af4:1001] type 00 class 0x010000 conventional PCI endpoint
[    1.223789] pci 0000:00:06.0: BAR 0 [io  0xc000-0xc07f]
[    1.224502] pci 0000:00:06.0: BAR 1 [mem 0xfeb93000-0xfeb93fff]
[    1.226370] pci 0000:00:06.0: BAR 4 [mem 0xfe00c000-0xfe00ffff 64bit pref]
[    1.235386] ACPI: PCI: Interrupt link LNKA configured for IRQ 10
[    1.236275] ACPI: PCI: Interrupt link LNKB configured for IRQ 10
[    1.237213] ACPI: PCI: Interrupt link LNKC configured for IRQ 11
[    1.237973] ACPI: PCI: Interrupt link LNKD configured for IRQ 11
[    1.238556] ACPI: PCI: Interrupt link LNKS configured for IRQ 9
[    1.250325] iommu: Default domain type: Translated
[    1.250572] iommu: DMA domain TLB invalidation policy: lazy mode
[    1.253428] SCSI subsystem initialized
[    1.254992] ACPI: bus type USB registered
[    1.255530] usbcore: registered new interface driver usbfs
[    1.257344] usbcore: registered new interface driver hub
[    1.257838] usbcore: registered new device driver usb
[    1.258458] pps_core: LinuxPPS API ver. 1 registered
[    1.258690] pps_core: Software ver. 5.3.6 - Copyright 2005-2007 Rodolfo Giometti <giometti@linux.it>
[    1.268118] PTP clock support registered
[    1.279072] PCI: Using ACPI for IRQ routing
[    1.281343] hpet0: at MMIO 0xfed00000, IRQs 2, 8, 0
[    1.281647] hpet0: 3 comparators, 64-bit 100.000000 MHz counter
[    1.287448] clocksource: Switched to clocksource tsc-early
[    1.287448] pnp: PnP ACPI init
[    1.287448] pnp: PnP ACPI: found 6 devices
[    1.300533] clocksource: acpi_pm: mask: 0xffffff max_cycles: 0xffffff, max_idle_ns: 2085701024 ns
[    1.301883] NET: Registered PF_INET protocol family
[    1.303082] IP idents hash table entries: 2048 (order: 2, 16384 bytes, linear)
[    1.308792] tcp_listen_portaddr_hash hash table entries: 256 (order: 0, 4096 bytes, linear)
[    1.311309] Table-perturb hash table entries: 65536 (order: 6, 262144 bytes, linear)
[    1.311837] TCP established hash table entries: 1024 (order: 1, 8192 bytes, linear)
[    1.312389] TCP bind hash table entries: 1024 (order: 3, 32768 bytes, linear)
[    1.322018] TCP: Hash tables configured (established 1024 bind 1024)
[    1.324029] MPTCP token hash table entries: 256 (order: 1, 6144 bytes, linear)
[    1.324651] UDP hash table entries: 256 (order: 1, 8192 bytes, linear)
[    1.325152] UDP-Lite hash table entries: 256 (order: 1, 8192 bytes, linear)
[    1.334512] NET: Registered PF_UNIX/PF_LOCAL protocol family
[    1.335816] pci_bus 0000:00: resource 4 [io  0x0000-0x0cf7 window]
[    1.336087] pci_bus 0000:00: resource 5 [io  0x0d00-0xffff window]
[    1.336358] pci_bus 0000:00: resource 6 [mem 0x000a0000-0x000bffff window]
[    1.343764] pci_bus 0000:00: resource 7 [mem 0x08000000-0xfebfffff window]
[    1.344205] pci_bus 0000:00: resource 8 [mem 0x100000000-0x17fffffff window]
[    1.345006] pci 0000:00:01.0: PIIX3: Enabling Passive Release
[    1.345363] pci 0000:00:00.0: Limiting direct PCI/PCI transfers
[    1.354902] PCI: CLS 0 bytes, default 64
[    1.374264] workingset: timestamp_bits=46 max_order=15 bucket_order=0
[    1.376875] squashfs: version 4.0 (2009/01/31) Phillip Lougher
[    1.379694] Block layer SCSI generic (bsg) driver version 0.4 loaded (major 247)
[    1.383367] hv_vmbus: registering driver hyperv_fb
[    1.387967] input: Power Button as /devices/LNXSYSTM:00/LNXPWRBN:00/input/input0
[    1.396702] ACPI: button: Power Button [PWRF]
[    1.558876] ACPI: \_SB_.LNKC: Enabled at IRQ 11
[    1.713656] ACPI: \_SB_.LNKD: Enabled at IRQ 10
[    1.866572] ACPI: \_SB_.LNKA: Enabled at IRQ 10
[    2.019229] ACPI: \_SB_.LNKB: Enabled at IRQ 11
[    2.020943] Serial: 8250/16550 driver, 16 ports, IRQ sharing enabled
[    2.045880] 00:04: ttyS0 at I/O 0x3f8 (irq = 4, base_baud = 115200) is a 16550A
[    2.071404] Non-volatile memory driver v1.3
[    2.082123] Linux agpgart interface v0.103
[    2.083148] ACPI: bus type drm_connector registered
[    2.086204] [drm] Found bochs VGA, ID 0xb0c5.
[    2.086439] [drm] Framebuffer size 16384 kB @ 0xfd000000, mmio @ 0xfeb90000.
[    2.092036] [drm] Found EDID data blob.
[    2.097693] [drm] Initialized bochs-drm 1.0.0 for 0000:00:02.0 on minor 0
[    2.165397] Console: switching to colour frame buffer device 160x50
[    2.174525] bochs-drm 0000:00:02.0: [drm] fb0: bochs-drmdrmfb frame buffer device
[    2.193437] loop: module loaded
[    2.194112] virtio_blk virtio3: 1/0/0 default/read/poll queues
[    2.214890] virtio_blk virtio3: [vda] 246784 512-byte logical blocks (126 MB/121 MiB)
[    2.224085]  vda: vda1 vda2
[    2.226297] Guest personality initialized and is inactive
[    2.226917] VMCI host device registered (name=vmci, major=10, minor=256)
[    2.227255] Initialized host personality
[    2.227629] usbcore: registered new interface driver rtsx_usb
[    2.228653] VMware PVSCSI driver - version 1.0.7.0-k
[    2.237081] hv_vmbus: registering driver hv_storvsc
[    2.252771] scsi host0: ata_piix
[    2.255191] scsi host1: ata_piix
[    2.256204] ata1: PATA max MWDMA2 cmd 0x1f0 ctl 0x3f6 bmdma 0xc0e0 irq 14 lpm-pol 0
[    2.256572] ata2: PATA max MWDMA2 cmd 0x170 ctl 0x376 bmdma 0xc0e8 irq 15 lpm-pol 0
[    2.266924] VMware vmxnet3 virtual NIC driver - version 1.9.0.0-k-NAPI
[    2.267547] hv_vmbus: registering driver hv_netvsc
[    2.267943] Fusion MPT base driver 3.04.20
[    2.268144] Copyright (c) 1999-2008 LSI Corporation
[    2.268562] Fusion MPT SPI Host driver 3.04.20
[    2.277805] Fusion MPT SAS Host driver 3.04.20
[    2.279912] usbcore: registered new interface driver usb-storage
[    2.281228] i8042: PNP: PS/2 Controller [PNP0303:KBD,PNP0f13:MOU] at 0x60,0x64 irq 1,12
[    2.284459] serio: i8042 KBD port at 0x60,0x64 irq 1
[    2.284854] serio: i8042 AUX port at 0x60,0x64 irq 12
[    2.291518] hv_vmbus: registering driver hyperv_keyboard
[    2.293889] rtc_cmos 00:05: RTC can wake from S4
[    2.298877] rtc_cmos 00:05: registered as rtc0
[    2.301705] rtc_cmos 00:05: setting system clock to 2026-03-16T02:12:06 UTC (1773627126)
[    2.304132] rtc_cmos 00:05: alarms up to one day, y3k, 242 bytes nvram, hpet irqs
[    2.306922] intel_powerclamp: CPU does not support MWAIT
[    2.309139] amd_pstate: the _CPC object is not present in SBIOS or ACPI disabled
[    2.314888] sdhci: Secure Digital Host Controller Interface driver
[    2.316910] sdhci: Copyright(c) Pierre Ossman
[    2.319256] VUB300 Driver rom wait states = 1C irqpoll timeout = 0400
[    2.325516] input: AT Translated Set 2 keyboard as /devices/platform/i8042/serio0/input/input1
[    2.348589] usbcore: registered new interface driver vub300
[    2.350783] usbcore: registered new interface driver ushc
[    2.358289] hid: raw HID events driver (C) Jiri Kosina
[    2.361029] hv_vmbus: registering driver hid_hyperv
[    2.363747] usbcore: registered new interface driver usbhid
[    2.365849] usbhid: USB HID core driver
[    2.367955] hv_utils: Registering HyperV Utility Driver
[    2.369932] hv_vmbus: registering driver hv_utils
[    2.372289] hv_vmbus: registering driver hv_balloon
[    2.375835] NET: Registered PF_INET6 protocol family
[    2.391186] Segment Routing with IPv6
[    2.393365] In-situ OAM (IOAM) with IPv6
[    2.395849] NET: Registered PF_PACKET protocol family
[    2.398336] bridge: filtering via arp/ip/ip6tables is no longer available by default. Update your scripts to load br_netfilter if you need this.
[    2.408132] 8021q: 802.1Q VLAN Support v1.8
[    2.410679] NET: Registered PF_VSOCK protocol family
[    2.419953] IPI shorthand broadcast: enabled
[    2.426548] AES CTR mode by8 optimization enabled
[    2.447899] sched_clock: Marking stable (2180056202, 265671040)->(2460652608, -14925366)
[    2.483502] tsc: Refined TSC clocksource calibration: 2445.436 MHz
[    2.485942] clocksource: tsc: mask: 0xffffffffffffffff max_cycles: 0x233fe1217f0, max_idle_ns: 440795285373 ns
[    2.496259] ata2: found unknown device (class 0)
[    2.536193] clocksource: Switched to clocksource tsc
[    2.543823] ata2.00: ATAPI: QEMU DVD-ROM, 2.5+, max UDMA/100
[    2.560987] scsi 1:0:0:0: CD-ROM            QEMU     QEMU DVD-ROM     2.5+ PQ: 0 ANSI: 5
[    2.571889] clk: Disabling unused clocks
[    2.617506] sr 1:0:0:0: [sr0] scsi3-mmc drive: 4x/4x cd/rw xa/form2 tray
[    2.620009] cdrom: Uniform CD-ROM driver Revision: 3.20
[    2.666784] VFS: Mounted root (squashfs filesystem) readonly on device 254:2.
[    2.734976] Freeing unused kernel image (initmem) memory: 1492K
[    2.737458] Write protecting the kernel read-only data: 18432k
[    2.741681] Freeing unused kernel image (rodata/data gap) memory: 1544K
[    2.744217] Run /sbin/init as init process
[    3.069083] init: Console is alive
[    3.589370] kmodloader: loading kernel modules from /etc/modules-boot.d/*
[    3.648715] button_hotplug: loading out-of-tree module taints kernel.
[    3.655079] Button Hotplug driver version 0.4.1
[    3.675152] Intel(R) 2.5G Ethernet Linux Driver
[    3.677620] Copyright(c) 2018 Intel Corporation.
[    3.692294] igb: Intel(R) Gigabit Ethernet Network Driver
[    3.694660] igb: Copyright (c) 2007-2014 Intel Corporation.
[    3.710911] e1000e: Intel(R) PRO/1000 Network Driver
[    3.713307] e1000e: Copyright(c) 1999 - 2015 Intel Corporation.
[    3.725429] kmodloader: done loading kernel modules from /etc/modules-boot.d/*
[    3.744882] init: - preinit -
[    4.766111] 8021q: adding VLAN 0 to HW filter on device eth0
Press the [f] key and hit [enter] to enter failsafe mode
Press the [1], [2], [3] or [4] key and hit [enter] to select the debug level
[    9.389761] loop0: detected capacity change from 0 to 212992
[    9.426034] loop0: detected capacity change from 212992 to 200960
[    9.438682] mount_root: overlay filesystem in /dev/loop0 has not been formatted yet
[    9.820141] EXT4-fs (loop0): mounted filesystem 659a5059-6c98-4559-958c-c49d3c48a5a9 r/w with ordered data mode. Quota mode: disabled.
[    9.833890] mount_root: overlay filesystem has not been fully initialized yet
[    9.851595] mount_root: switching to ext4 overlay
[    9.872688] overlayfs: null uuid detected in lower fs '/', falling back to xino=off,index=off,nfs_export=off.
[   10.599578] EXT4-fs (vda1): mounted filesystem 84173db5-fa99-e35a-95c6-28613cc79ea9 r/w without journal. Quota mode: disabled.
[   10.623223] urandom-seed: Seed file not found (/etc/urandom.seed)
[   10.764027] procd: - early -
[   11.509537] procd: - ubus -
[   11.687230] procd: - init -
Please press Enter to activate this console.
root
login[1047]: root login on 'ttyS0'


BusyBox v1.37.0 (2026-03-15 18:35:03 UTC) built-in shell (ash)

  _______                     ________        __
 |       |.-----.-----.-----.|  |  |  |.----.|  |_
 |   -   ||  _  |  -__|     ||  |  |  ||   _||   _|
 |_______||   __|_____|__|__||________||__|  |____|
          |__| W I R E L E S S   F R E E D O M
 -----------------------------------------------------
 OpenWrt 25.12-SNAPSHOT, r32755-008e51950b Dave's Guitar
 -----------------------------------------------------

 === WARNING! =====================================
 There is no root password defined on this device!
 Use the "passwd" command to set up a new password
 in order to prevent unauthorized SSH logins.
 --------------------------------------------------


 OpenWrt recently switched to the "apk" package manager!

 OPKG Command           APK Equivalent      Description
 ------------------------------------------------------------------
 opkg install <pkg>     apk add <pkg>       Install a package
 opkg remove <pkg>      apk del <pkg>       Remove a package
 opkg upgrade           apk upgrade         Upgrade all packages
 opkg files <pkg>       apk info -L <pkg>   List package contents
 opkg list-installed    apk info            List installed packages
 opkg update            apk update          Update package lists
 opkg search <pkg>      apk search <pkg>    Search for packages
 ------------------------------------------------------------------

For more information visit:
https://openwrt.org/docs/guide-user/additional-software/opkg-to-apk-cheatsheet

root@(none):~# dmesg -n 1
root@(none):~# echo 'KCXN''NJPNBV'
KCXNNJPNBV
root@(none):~# run() { echo -n "$MARKER"; sh -c "$@"; echo "$MARKER $?"; }
root@(none):~# echo 'YJAU''FNSXYG'
YJAUFNSXYG
root@(none):~# MARKER='CHVU''TMOBBB' run 'ubus wait_for network.interface.lan'
CHVUTMOBBBCHVUTMOBBB 0
root@OpenWrt:~# echo 'YXTQ''JCJVXW'
YXTQJCJVXW
root@OpenWrt:~# MARKER='GSNB''PMHSFT' run 'ubus call network.interface.lan statu
s '"'"'{}'"'"''
GSNBPMHSFT{
	"up": true,
	"pending": false,
	"available": true,
	"autostart": true,
	"dynamic": false,
	"uptime": 0,
	"l3_device": "br-lan",
	"proto": "static",
	"device": "br-lan",
	"updated": [
		"addresses"
	],
	"metric": 0,
	"dns_metric": 0,
	"delegation": true,
	"ipv4-address": [
		{
			"address": "192.168.1.1",
			"mask": 24
		}
	],
	"ipv6-address": [
		
	],
	"ipv6-prefix": [
		
	],
	"ipv6-prefix-assignment": [
		{
			"address": "fd3f:d333:8b75::",
			"mask": 60,
			"local-address": {
				"address": "fd3f:d333:8b75::1",
				"mask": 60
			}
		}
	],
	"route": [
		
	],
	"dns-server": [
		
	],
	"dns-search": [
		
	],
	"neighbors": [
		
	],
	"inactive": {
		"ipv4-address": [
			
		],
		"ipv6-address": [
			
		],
		"route": [
			
		],
		"dns-server": [
			
		],
		"dns-search": [
			
		],
		"neighbors": [
			
		]
	},
	"data": {
		
	}
}
GSNBPMHSFT 0
root@OpenWrt:~# echo 'GHCS''CFTYQS'
GHCSCFTYQS
root@OpenWrt:~# MARKER='FLUA''FWVOCB' run true
FLUAFWVOCBFLUAFWVOCB 0
root@OpenWrt:~# echo 'QCQW''QMFVKB'
QCQWQMFVKB
root@OpenWrt:~# MARKER='LEVW''LXMGHM' run 'source /etc/os-release; echo $BUILD_I
D'
LEVWLXMGHMr32755-008e51950b
LEVWLXMGHM 0
root@OpenWrt:~# echo 'FUCW''WQSTPJ'
FUCWWQSTPJ
root@OpenWrt:~# MARKER='FNPG''BMHFTM' run 'ls /etc/dropbear/dropbear_rsa_host_ke
y'
FNPGBMHFTM[0;0m/etc/dropbear/dropbear_rsa_host_key[m
FNPGBMHFTM 0
root@OpenWrt:~# echo 'QAWE''JLGCAZ'
QAWEJLGCAZ
root@OpenWrt:~# MARKER='WGEE''NYFNQQ' run 'netstat -tlpn | grep 0.0.0.0:22'
WGEENYFNQQnetstat: showing only processes with your user ID
tcp        0      0 0.0.0.0:22              0.0.0.0:*               LISTEN      1755/dropbear
WGEENYFNQQ 0
root@OpenWrt:~# echo 'BYME''QMXXQV'
BYMEQMXXQV
root@OpenWrt:~# MARKER='EPOG''UQXWNC' run 'dmesg | grep br-lan | grep forwarding
'
EPOGUQXWNC[   31.006425] br-lan: port 1(eth0) entered forwarding state
EPOGUQXWNC 0
root@OpenWrt:~# echo 'ZXHK''EMYKMH'
ZXHKEMYKMH
root@OpenWrt:~# MARKER='FTJM''NCUFOJ' run 'ubus call network.interface.lan statu
s '"'"'{}'"'"''
FTJMNCUFOJ{
	"up": true,
	"pending": false,
	"available": true,
	"autostart": true,
	"dynamic": false,
	"uptime": 8,
	"l3_device": "br-lan",
	"proto": "static",
	"device": "br-lan",
	"updated": [
		"addresses"
	],
	"metric": 0,
	"dns_metric": 0,
	"delegation": true,
	"ipv4-address": [
		{
			"address": "192.168.1.1",
			"mask": 24
		}
	],
	"ipv6-address": [
		
	],
	"ipv6-prefix": [
		
	],
	"ipv6-prefix-assignment": [
		{
			"address": "fd3f:d333:8b75::",
			"mask": 60,
			"local-address": {
				"address": "fd3f:d333:8b75::1",
				"mask": 60
			}
		}
	],
	"route": [
		
	],
	"dns-server": [
		
	],
	"dns-search": [
		
	],
	"neighbors": [
		
	],
	"inactive": {
		"ipv4-address": [
			
		],
		"ipv6-address": [
			
		],
		"route": [
			
		],
		"dns-server": [
			
		],
		"dns-search": [
			
		],
		"neighbors": [
			
		]
	},
	"data": {
		
	}
}
FTJMNCUFOJ 0
root@OpenWrt:~# echo 'YCJE''PXZBXT'
YCJEPXZBXT
root@OpenWrt:~# MARKER='JUVX''XHUVNJ' run 'ip -o addr show dev br-lan'
JUVXXHUVNJ4: br-lan    inet 192.168.1.1/24 brd 192.168.1.255 scope global br-lan\       valid_lft forever preferred_lft forever
4: br-lan    inet6 fd3f:d333:8b75::1/60 scope global noprefixroute \       valid_lft forever preferred_lft forever
4: br-lan    inet6 fe80::5054:ff:fe12:3456/64 scope link \       valid_lft forever preferred_lft forever
JUVXXHUVNJ 0
root@OpenWrt:~# echo 'AFPO''WPBNCG'
AFPOWPBNCG
root@OpenWrt:~# MARKER='ZGXL''EKXUXY' run 'ubus call network.interface.wan statu
s '"'"'{}'"'"''
ZGXLEKXUXY{
	"up": true,
	"pending": false,
	"available": true,
	"autostart": true,
	"dynamic": false,
	"uptime": 7,
	"l3_device": "eth1",
	"proto": "dhcp",
	"device": "eth1",
	"updated": [
		"addresses",
		"routes",
		"data"
	],
	"metric": 0,
	"dns_metric": 0,
	"delegation": true,
	"ipv4-address": [
		{
			"address": "10.0.2.15",
			"mask": 24
		}
	],
	"ipv6-address": [
		
	],
	"ipv6-prefix": [
		
	],
	"ipv6-prefix-assignment": [
		
	],
	"route": [
		{
			"target": "0.0.0.0",
			"mask": 0,
			"nexthop": "10.0.2.2",
			"source": "10.0.2.15/32"
		}
	],
	"dns-server": [
		"10.0.2.3"
	],
	"dns-search": [
		
	],
	"neighbors": [
		
	],
	"inactive": {
		"ipv4-address": [
			
		],
		"ipv6-address": [
			
		],
		"route": [
			
		],
		"dns-server": [
			
		],
		"dns-search": [
			
		],
		"neighbors": [
			
		]
	},
	"data": {
		"dhcpserver": "10.0.2.2",
		"leasetime": 86400
	}
}
ZGXLEKXUXY 0
root@OpenWrt:~# 