Labgrid Console Logfile for main
Logfile started at 2026-03-30 22:05:06.415492
=== Log starts here ===
c[?7l[2J[0mSeaBIOS (version 1.16.3-debian-1.16.3-2)


iPXE (https://ipxe.org) 00:03.0 CA00 PCI2.10 PnP PMM+06FCAE70+06F0AE70 CA00
Press Ctrl-B to configure iPXE (PCI 00:03.0)...                                                                               




iPXE (https://ipxe.org) 00:05.0 CB00 PCI2.10 PnP PMM 06FCAE70 06F0AE70 CB00
Press Ctrl-B to configure iPXE (PCI 00:05.0)...                                                                               


Booting from Hard Disk...
GRUB loading.....
[0;30;47mWelcome to GRUB![01;01H[0m[2J[H[J[1;1H[?25l[m[H[J[1;1H[2;30HGNU GRUB  version 2.12

[m[4;2H+----------------------------------------------------------------------------+[5;2H|[5;79H|[6;2H|[6;79H|[7;2H|[7;79H|[8;2H|[8;79H|[9;2H|[9;79H|[10;2H|[10;79H|[11;2H|[11;79H|[12;2H|[12;79H|[13;2H|[13;79H|[14;2H|[14;79H|[15;2H|[15;79H|[16;2H+----------------------------------------------------------------------------+[m[17;2H[18;2H[m     Use the ^ and v keys to select which entry is highlighted.          
      Press enter to boot the selected OS, `e' to edit the commands       
      before booting or `c' for a command-line. ESC to return             
      previous menu.                                                      [5;80H [7m[5;3H*OpenWrt                                                                    [m[5;78H[m[m[6;3H OpenWrt (failsafe)                                                         [m[6;78H[m[m[7;3H                                                                            [m[7;78H[m[m[8;3H                                                                            [m[8;78H[m[m[9;3H                                                                            [m[9;78H[m[m[10;3H                                                                            [m[10;78H[m[m[11;3H                                                                            [m[11;78H[m[m[12;3H                                                                            [m[12;78H[m[m[13;3H                                                                            [m[13;78H[m[m[14;3H                                                                            [m[14;78H[m[m[15;3H                                                                            [m[15;78H[m[15;80H [5;78H[2J[02;30HGNU GRUB  version 2.12[04;02H┌────────────────────────────────────────────────────────────────────────────┐[05;02H│[05;79H│[06;02H│[06;79H│[07;02H│[07;79H│[08;02H│[08;79H│[09;02H│[09;79H│[10;02H│[10;79H│[11;02H│[11;79H│[12;02H│[12;79H│[13;02H│[13;79H│[14;02H│[14;79H│[15;02H│[15;02H[15;79H│[16;02H│[16;79H│[17;02H└────────────────────────────────────────────────────────────────────────────┘[19;02H     Use the ↑ and ↓ keys to select which entry is highlighted.          
      Press enter to boot the selected OS, `e' to edit the commands       
      before booting or `c' for a command-line. ESC to return             
      previous m[22;16H[22;17Henu.                                                      [05;80H [05;03H[0;30;47m*OpenWrt                                                                    [06;03H[0m OpenWrt (failsafe)                                                         [07;03H                                                                            [08;03H                                                                            [09;03H                                                                            [10;03H                                           [10;45H[10;46H                                 [11;03H                                                                            [12;03H                                                                            [13;03H                                                                            [14;03H                                                                            [15;03H                                                                            [16;03H                                                                            [16;80H 






   The highlighted entry will be executed automatically in 5s.                [22;1H   The highlighted entry will be executed automatically in 5s.                 [5;78H [05;78H

















   The highlighted entry will be executed automatically in 4s.                [22;1H   The highlighted entry will be executed automatically in 4s.                 [5;78H [05;78H

















   The highlighted entry will be executed automatically in 3s.                [22;1H   The highlighted entry will be executed automatically in 3s.                 [5;78H [05;78H

















   The highlighted entry will be executed automatic[23;51H[23;52Hally in 2s.                [22;1H   The highlighted entry will be executed automatically in 2s.                 [5;78H [05;78H

















   The highlighte[23;17H[23;18Hd entry will be executed automatically in 1s.                [22;1H   The highlighted entry will be executed automatically in 1s.                 [5;78H [05;78H

















   The highlighted entry will be executed automatically in 0s.                [22;1H   The highlighted entry will be executed automatically in 0s.                 [5;78H [01;01H[2J[?25h[H[J[1;1H[H[J[1;1H[2J   Booting `OpenWrt' Booting `OpenWrt

'

[    0.000000] Linux version 6.12.74 (builder@buildhost) (x86_64-openwrt-linux-musl-gcc (OpenWrt GCC 14.3.0 r32824-8a18e84a88) 14.3.0, GNU ld (GNU Binutils) 2.44) #0 SMP Mon Mar 30 11:02:58 2026
[    0.000000] Command line: BOOT_IMAGE=/boot/vmlinuz root=PARTUUID=f959174d-02 rootwait console=tty1 console=ttyS0,115200n8 noinitrd
[    0.000000] BIOS-provided physical RAM map:
[    0.000000] BIOS-e820: [mem 0x0000000000000000-0x000000000009fbff] usable
[    0.000000] BIOS-e820: [mem 0x000000000009fc00-0x000000000009ffff] reserved
[    0.000000] BIOS-e820: [mem 0x00000000000f0000-0x00000000000fffff] reserved
[    0.000000] BIOS-e820: [mem 0x0000000000100000-0x0000000007fdcfff] usable
[    0.000000] BIOS-e820: [mem 0x0000000007fdd000-0x0000000007ffffff] reserved
[    0.000000] BIOS-e820: [mem 0x00000000fffc0000-0x00000000ffffffff] reserved
[    0.000000] BIOS-e820: [mem 0x000000fd00000000-0x000000ffffffffff] reserved
[    0.000000] NX (Execute Disable) protection: active
[    0.000000] APIC: Static calls initialized
[    0.000000] SMBIOS 3.0.0 present.
[    0.000000] DMI: QEMU Standard PC (i440FX + PIIX, 1996), BIOS 1.16.3-debian-1.16.3-2 04/01/2014
[    0.000000] DMI: Memory slots populated: 1/1
[    0.000000] tsc: Fast TSC calibration using PIT
[    0.000000] tsc: Detected 2445.402 MHz processor
[    0.007457] last_pfn = 0x7fdd max_arch_pfn = 0x400000000
[    0.008063] MTRR map: 4 entries (3 fixed + 1 variable; max 19), built from 8 variable MTRRs
[    0.008254] x86/PAT: Configuration [0-7]: WB  WC  UC- UC  WB  WP  UC- WT  
[    0.028292] found SMP MP-table at [mem 0x000f5460-0x000f546f]
[    0.029662] Using GB pages for direct mapping
[    0.033974] ACPI: Early table checksum verification disabled
[    0.034336] ACPI: RSDP 0x00000000000F5290 000014 (v00 BOCHS )
[    0.034642] ACPI: RSDT 0x0000000007FE1C64 000034 (v01 BOCHS  BXPC     00000001 BXPC 00000001)
[    0.035164] ACPI: FACP 0x0000000007FE1B18 000074 (v01 BOCHS  BXPC     00000001 BXPC 00000001)
[    0.035742] ACPI: DSDT 0x0000000007FE0040 001AD8 (v01 BOCHS  BXPC     00000001 BXPC 00000001)
[    0.035814] ACPI: FACS 0x0000000007FE0000 000040
[    0.035862] ACPI: APIC 0x0000000007FE1B8C 000078 (v03 BOCHS  BXPC     00000001 BXPC 00000001)
[    0.035883] ACPI: HPET 0x0000000007FE1C04 000038 (v01 BOCHS  BXPC     00000001 BXPC 00000001)
[    0.035901] ACPI: WAET 0x0000000007FE1C3C 000028 (v01 BOCHS  BXPC     00000001 BXPC 00000001)
[    0.035975] ACPI: Reserving FACP table memory at [mem 0x7fe1b18-0x7fe1b8b]
[    0.036024] ACPI: Reserving DSDT table memory at [mem 0x7fe0040-0x7fe1b17]
[    0.036032] ACPI: Reserving FACS table memory at [mem 0x7fe0000-0x7fe003f]
[    0.036037] ACPI: Reserving APIC table memory at [mem 0x7fe1b8c-0x7fe1c03]
[    0.036043] ACPI: Reserving HPET table memory at [mem 0x7fe1c04-0x7fe1c3b]
[    0.036048] ACPI: Reserving WAET table memory at [mem 0x7fe1c3c-0x7fe1c63]
[    0.039092] Zone ranges:
[    0.039122]   DMA      [mem 0x0000000000001000-0x0000000000ffffff]
[    0.039200]   DMA32    [mem 0x0000000001000000-0x0000000007fdcfff]
[    0.039209]   Normal   empty
[    0.039226] Movable zone start for each node
[    0.039259] Early memory node ranges
[    0.039284]   node   0: [mem 0x0000000000001000-0x000000000009efff]
[    0.039338]   node   0: [mem 0x0000000000100000-0x0000000007fdcfff]
[    0.039461] Initmem setup node 0 [mem 0x0000000000001000-0x0000000007fdcfff]
[    0.040493] On node 0, zone DMA: 1 pages in unavailable ranges
[    0.040965] On node 0, zone DMA: 97 pages in unavailable ranges
[    0.043017] On node 0, zone DMA32: 35 pages in unavailable ranges
[    0.043373] ACPI: PM-Timer IO Port: 0x608
[    0.043767] ACPI: LAPIC_NMI (acpi_id[0xff] dfl dfl lint[0x1])
[    0.044211] IOAPIC[0]: apic_id 0, version 32, address 0xfec00000, GSI 0-23
[    0.044330] ACPI: INT_SRC_OVR (bus 0 bus_irq 0 global_irq 2 dfl dfl)
[    0.044582] ACPI: INT_SRC_OVR (bus 0 bus_irq 5 global_irq 5 high level)
[    0.044632] ACPI: INT_SRC_OVR (bus 0 bus_irq 9 global_irq 9 high level)
[    0.044728] ACPI: INT_SRC_OVR (bus 0 bus_irq 10 global_irq 10 high level)
[    0.044737] ACPI: INT_SRC_OVR (bus 0 bus_irq 11 global_irq 11 high level)
[    0.044918] ACPI: Using ACPI (MADT) for SMP configuration information
[    0.044962] ACPI: HPET id: 0x8086a201 base: 0xfed00000
[    0.045382] CPU topo: Max. logical packages:   1
[    0.045398] CPU topo: Max. logical dies:       1
[    0.045407] CPU topo: Max. dies per package:   1
[    0.045452] CPU topo: Max. threads per core:   1
[    0.045624] CPU topo: Num. cores per package:     1
[    0.045640] CPU topo: Num. threads per package:   1
[    0.045649] CPU topo: Allowing 1 present CPUs plus 0 hotplug CPUs
[    0.046822] [mem 0x08000000-0xfffbffff] available for PCI devices
[    0.046891] Booting paravirtualized kernel on bare hardware
[    0.047219] clocksource: refined-jiffies: mask: 0xffffffff max_cycles: 0xffffffff, max_idle_ns: 19112604462750000 ns
[    0.047865] setup_percpu: NR_CPUS:512 nr_cpumask_bits:1 nr_cpu_ids:1 nr_node_ids:1
[    0.049903] percpu: Embedded 48 pages/cpu s158104 r8192 d30312 u2097152
[    0.052281] Kernel command line: BOOT_IMAGE=/boot/vmlinuz root=PARTUUID=f959174d-02 rootwait console=tty1 console=ttyS0,115200n8 noinitrd
[    0.054002] random: crng init done
[    0.058749] Dentry cache hash table entries: 16384 (order: 5, 131072 bytes, linear)
[    0.059708] Inode-cache hash table entries: 8192 (order: 4, 65536 bytes, linear)
[    0.062348] Built 1 zonelists, mobility grouping on.  Total pages: 32635
[    0.062569] mem auto-init: stack:off, heap alloc:off, heap free:off
[    0.072226] SLUB: HWalign=64, Order=0-3, MinObjects=0, CPUs=1, Nodes=1
[    0.080036] rcu: Hierarchical RCU implementation.
[    0.080065] rcu: 	RCU restricting CPUs from NR_CPUS=512 to nr_cpu_ids=1.
[    0.080234] 	Tracing variant of Tasks RCU enabled.
[    0.080327] rcu: RCU calculated value of scheduler-enlistment delay is 10 jiffies.
[    0.080358] rcu: Adjusting geometry for rcu_fanout_leaf=16, nr_cpu_ids=1
[    0.081503] RCU Tasks Trace: Setting shift to 0 and lim to 1 rcu_task_cb_adjust=1 rcu_task_cpu_ids=1.
[    0.081631] NR_IRQS: 33024, nr_irqs: 256, preallocated irqs: 16
[    0.090434] rcu: srcu_init: Setting srcu_struct sizes based on contention.
[    0.097304] Console: colour VGA+ 80x25
[    0.097718] printk: legacy console [tty1] enabled
[    0.105712] printk: legacy console [ttyS0] enabled
[    0.348317] ACPI: Core revision 20240827
[    0.353484] clocksource: hpet: mask: 0xffffffff max_cycles: 0xffffffff, max_idle_ns: 19112604467 ns
[    0.362993] APIC: Switch to symmetric I/O mode setup
[    0.367307] ..TIMER: vector=0x30 apic1=0 pin1=2 apic2=-1 pin2=-1
[    0.410198] clocksource: tsc-early: mask: 0xffffffffffffffff max_cycles: 0x233fc0f9daa, max_idle_ns: 440795213832 ns
[    0.410819] Calibrating delay loop (skipped), value calculated using timer frequency.. 4890.80 BogoMIPS (lpj=24454020)
[    0.412686] x86/cpu: User Mode Instruction Prevention (UMIP) activated
[    0.428022] Last level iTLB entries: 4KB 0, 2MB 0, 4MB 0
[    0.430745] Last level dTLB entries: 4KB 0, 2MB 0, 4MB 0, 1GB 0
[    0.431812] Spectre V1 : Mitigation: usercopy/swapgs barriers and __user pointer sanitization
[    0.432838] Spectre V2 : Mitigation: Retpolines
[    0.433124] Spectre V2 : Spectre v2 / SpectreRSB: Filling RSB on context switch and VMEXIT
[    0.433531] Speculative Store Bypass: Vulnerable
[    0.435519] x86/fpu: Supporting XSAVE feature 0x001: 'x87 floating point registers'
[    0.442995] x86/fpu: Supporting XSAVE feature 0x002: 'SSE registers'
[    0.443261] x86/fpu: Supporting XSAVE feature 0x004: 'AVX registers'
[    0.443494] x86/fpu: Supporting XSAVE feature 0x008: 'MPX bounds registers'
[    0.443744] x86/fpu: Supporting XSAVE feature 0x010: 'MPX CSR'
[    0.450975] x86/fpu: xstate_offset[2]:  576, xstate_sizes[2]:  256
[    0.451574] x86/fpu: xstate_offset[3]:  960, xstate_sizes[3]:   64
[    0.451804] x86/fpu: xstate_offset[4]: 1024, xstate_sizes[4]:   64
[    0.452051] x86/fpu: Enabled xstate features 0x1f, context size is 1088 bytes, using 'standard' format.
[    0.691800] Freeing SMP alternatives memory: 40K
[    0.692522] pid_max: default: 32768 minimum: 301
[    0.701759] Mount-cache hash table entries: 512 (order: 0, 4096 bytes, linear)
[    0.702193] Mountpoint-cache hash table entries: 512 (order: 0, 4096 bytes, linear)
[    0.853764] smpboot: CPU0: AMD QEMU TCG CPU version 2.5+ (family: 0x6, model: 0x6, stepping: 0x3)
[    0.861723] Performance Events: PMU not available due to virtualization, using software events only.
[    0.863211] signal: max sigframe size: 1616
[    0.879352] rcu: Hierarchical SRCU implementation.
[    0.879609] rcu: 	Max phase no-delay instances is 1000.
[    0.890513] smp: Bringing up secondary CPUs ...
[    0.892508] smp: Brought up 1 node, 1 CPU
[    0.892821] smpboot: Total of 1 processors activated (4890.80 BogoMIPS)
[    0.899515] Memory: 103276K/130540K available (14336K kernel code, 1177K rwdata, 2552K rodata, 1492K init, 1304K bss, 25620K reserved, 0K cma-reserved)
[    0.913724] clocksource: jiffies: mask: 0xffffffff max_cycles: 0xffffffff, max_idle_ns: 19112604462750000 ns
[    0.914553] futex hash table entries: 256 (order: 2, 16384 bytes, linear)
[    0.915730] pinctrl core: initialized pinctrl subsystem
[    0.935522] NET: Registered PF_NETLINK/PF_ROUTE protocol family
[    0.941736] thermal_sys: Registered thermal governor 'step_wise'
[    0.941772] thermal_sys: Registered thermal governor 'user_space'
[    0.942721] cpuidle: using governor ladder
[    0.944350] acpiphp: ACPI Hot Plug PCI Controller Driver version: 0.5
[    0.948877] PCI: Using configuration type 1 for base access
[    0.957745] cryptd: max_cpu_qlen set to 1000
[    0.963653] ACPI: Added _OSI(Module Device)
[    0.963854] ACPI: Added _OSI(Processor Device)
[    0.964030] ACPI: Added _OSI(Processor Aggregator Device)
[    0.977941] ACPI: 1 ACPI AML tables successfully acquired and loaded
[    0.994796] ACPI: Interpreter enabled
[    0.995568] ACPI: PM: (supports S0 S5)
[    0.995777] ACPI: Using IOAPIC for interrupt routing
[    0.996369] PCI: Using host bridge windows from ACPI; if necessary, use "pci=nocrs" and report a bug
[    0.996737] PCI: Using E820 reservations for host bridge windows
[    1.002516] ACPI: Enabled 2 GPEs in block 00 to 0F
[    1.039312] ACPI: PCI Root Bridge [PCI0] (domain 0000 [bus 00-ff])
[    1.040191] acpi PNP0A03:00: _OSC: OS supports [ASPM ClockPM Segments MSI HPX-Type3]
[    1.040656] acpi PNP0A03:00: _OSC: not requesting OS control; OS requires [ExtendedConfig ASPM ClockPM MSI]
[    1.041358] acpi PNP0A03:00: fail to add MMCONFIG information, can't access extended configuration space under this bridge
[    1.054749] acpiphp: Slot [3] registered
[    1.055067] acpiphp: Slot [4] registered
[    1.055349] acpiphp: Slot [5] registered
[    1.055594] acpiphp: Slot [6] registered
[    1.061036] acpiphp: Slot [7] registered
[    1.061472] acpiphp: Slot [8] registered
[    1.063043] acpiphp: Slot [9] registered
[    1.063292] acpiphp: Slot [10] registered
[    1.063551] acpiphp: Slot [11] registered
[    1.063801] acpiphp: Slot [12] registered
[    1.071007] acpiphp: Slot [13] registered
[    1.071425] acpiphp: Slot [14] registered
[    1.071738] acpiphp: Slot [15] registered
[    1.072024] acpiphp: Slot [16] registered
[    1.072275] acpiphp: Slot [17] registered
[    1.072528] acpiphp: Slot [18] registered
[    1.081021] acpiphp: Slot [19] registered
[    1.081440] acpiphp: Slot [20] registered
[    1.081742] acpiphp: Slot [21] registered
[    1.082002] acpiphp: Slot [22] registered
[    1.082250] acpiphp: Slot [23] registered
[    1.082495] acpiphp: Slot [24] registered
[    1.082763] acpiphp: Slot [25] registered
[    1.091011] acpiphp: Slot [26] registered
[    1.091439] acpiphp: Slot [27] registered
[    1.091777] acpiphp: Slot [28] registered
[    1.092038] acpiphp: Slot [29] registered
[    1.092294] acpiphp: Slot [30] registered
[    1.092583] acpiphp: Slot [31] registered
[    1.101267] PCI host bridge to bus 0000:00
[    1.101777] pci_bus 0000:00: root bus resource [io  0x0000-0x0cf7 window]
[    1.102185] pci_bus 0000:00: root bus resource [io  0x0d00-0xffff window]
[    1.102437] pci_bus 0000:00: root bus resource [mem 0x000a0000-0x000bffff window]
[    1.110922] pci_bus 0000:00: root bus resource [mem 0x08000000-0xfebfffff window]
[    1.111372] pci_bus 0000:00: root bus resource [mem 0x100000000-0x17fffffff window]
[    1.111859] pci_bus 0000:00: root bus resource [bus 00-ff]
[    1.122224] pci 0000:00:00.0: [8086:1237] type 00 class 0x060000 conventional PCI endpoint
[    1.133734] pci 0000:00:01.0: [8086:7000] type 00 class 0x060100 conventional PCI endpoint
[    1.134642] pci 0000:00:01.1: [8086:7010] type 00 class 0x010180 conventional PCI endpoint
[    1.141828] pci 0000:00:01.1: BAR 4 [io  0xc0e0-0xc0ef]
[    1.143031] pci 0000:00:01.1: BAR 0 [io  0x01f0-0x01f7]: legacy IDE quirk
[    1.143315] pci 0000:00:01.1: BAR 1 [io  0x03f6]: legacy IDE quirk
[    1.143577] pci 0000:00:01.1: BAR 2 [io  0x0170-0x0177]: legacy IDE quirk
[    1.150261] pci 0000:00:01.1: BAR 3 [io  0x0376]: legacy IDE quirk
[    1.151502] pci 0000:00:01.3: [8086:7113] type 00 class 0x068000 conventional PCI endpoint
[    1.152241] pci 0000:00:01.3: quirk: [io  0x0600-0x063f] claimed by PIIX4 ACPI
[    1.152585] pci 0000:00:01.3: quirk: [io  0x0700-0x070f] claimed by PIIX4 SMB
[    1.161635] pci 0000:00:02.0: [1234:1111] type 00 class 0x030000 conventional PCI endpoint
[    1.162463] pci 0000:00:02.0: BAR 0 [mem 0xfd000000-0xfdffffff pref]
[    1.163895] pci 0000:00:02.0: BAR 2 [mem 0xfeb90000-0xfeb90fff]
[    1.173001] pci 0000:00:02.0: ROM [mem 0xfeb80000-0xfeb8ffff pref]
[    1.173470] pci 0000:00:02.0: Video device with shadowed ROM at [mem 0x000c0000-0x000dffff]
[    1.174470] pci 0000:00:03.0: [1af4:1000] type 00 class 0x020000 conventional PCI endpoint
[    1.175708] pci 0000:00:03.0: BAR 0 [io  0xc080-0xc09f]
[    1.182900] pci 0000:00:03.0: BAR 4 [mem 0xfe000000-0xfe003fff 64bit pref]
[    1.184013] pci 0000:00:03.0: ROM [mem 0xfea80000-0xfeafffff pref]
[    1.191360] pci 0000:00:04.0: [1af4:1005] type 00 class 0x00ff00 conventional PCI endpoint
[    1.195171] pci 0000:00:04.0: BAR 0 [io  0xc0a0-0xc0bf]
[    1.195915] pci 0000:00:04.0: BAR 1 [mem 0xfeb91000-0xfeb91fff]
[    1.198750] pci 0000:00:04.0: BAR 4 [mem 0xfe004000-0xfe007fff 64bit pref]
[    1.203753] pci 0000:00:05.0: [1af4:1000] type 00 class 0x020000 conventional PCI endpoint
[    1.206492] pci 0000:00:05.0: BAR 0 [io  0xc0c0-0xc0df]
[    1.207230] pci 0000:00:05.0: BAR 1 [mem 0xfeb92000-0xfeb92fff]
[    1.209019] pci 0000:00:05.0: BAR 4 [mem 0xfe008000-0xfe00bfff 64bit pref]
[    1.209859] pci 0000:00:05.0: ROM [mem 0xfeb00000-0xfeb7ffff pref]
[    1.214588] pci 0000:00:06.0: [1af4:1001] type 00 class 0x010000 conventional PCI endpoint
[    1.221013] pci 0000:00:06.0: BAR 0 [io  0xc000-0xc07f]
[    1.221705] pci 0000:00:06.0: BAR 1 [mem 0xfeb93000-0xfeb93fff]
[    1.223334] pci 0000:00:06.0: BAR 4 [mem 0xfe00c000-0xfe00ffff 64bit pref]
[    1.235604] ACPI: PCI: Interrupt link LNKA configured for IRQ 10
[    1.236486] ACPI: PCI: Interrupt link LNKB configured for IRQ 10
[    1.237140] ACPI: PCI: Interrupt link LNKC configured for IRQ 11
[    1.237768] ACPI: PCI: Interrupt link LNKD configured for IRQ 11
[    1.238602] ACPI: PCI: Interrupt link LNKS configured for IRQ 9
[    1.242098] iommu: Default domain type: Translated
[    1.242348] iommu: DMA domain TLB invalidation policy: lazy mode
[    1.245240] SCSI subsystem initialized
[    1.246744] ACPI: bus type USB registered
[    1.249751] usbcore: registered new interface driver usbfs
[    1.250340] usbcore: registered new interface driver hub
[    1.250768] usbcore: registered new device driver usb
[    1.251378] pps_core: LinuxPPS API ver. 1 registered
[    1.251589] pps_core: Software ver. 5.3.6 - Copyright 2005-2007 Rodolfo Giometti <giometti@linux.it>
[    1.260734] PTP clock support registered
[    1.274397] PCI: Using ACPI for IRQ routing
[    1.277706] hpet0: at MMIO 0xfed00000, IRQs 2, 8, 0
[    1.278174] hpet0: 3 comparators, 64-bit 100.000000 MHz counter
[    1.282567] clocksource: Switched to clocksource tsc-early
[    1.287453] pnp: PnP ACPI init
[    1.290723] pnp: PnP ACPI: found 6 devices
[    1.305365] clocksource: acpi_pm: mask: 0xffffff max_cycles: 0xffffff, max_idle_ns: 2085701024 ns
[    1.306699] NET: Registered PF_INET protocol family
[    1.308238] IP idents hash table entries: 2048 (order: 2, 16384 bytes, linear)
[    1.314206] tcp_listen_portaddr_hash hash table entries: 256 (order: 0, 4096 bytes, linear)
[    1.316305] Table-perturb hash table entries: 65536 (order: 6, 262144 bytes, linear)
[    1.316932] TCP established hash table entries: 1024 (order: 1, 8192 bytes, linear)
[    1.317506] TCP bind hash table entries: 1024 (order: 3, 32768 bytes, linear)
[    1.327933] TCP: Hash tables configured (established 1024 bind 1024)
[    1.329843] MPTCP token hash table entries: 256 (order: 1, 6144 bytes, linear)
[    1.330375] UDP hash table entries: 256 (order: 1, 8192 bytes, linear)
[    1.330848] UDP-Lite hash table entries: 256 (order: 1, 8192 bytes, linear)
[    1.340491] NET: Registered PF_UNIX/PF_LOCAL protocol family
[    1.341894] pci_bus 0000:00: resource 4 [io  0x0000-0x0cf7 window]
[    1.342187] pci_bus 0000:00: resource 5 [io  0x0d00-0xffff window]
[    1.350201] pci_bus 0000:00: resource 6 [mem 0x000a0000-0x000bffff window]
[    1.350505] pci_bus 0000:00: resource 7 [mem 0x08000000-0xfebfffff window]
[    1.350744] pci_bus 0000:00: resource 8 [mem 0x100000000-0x17fffffff window]
[    1.351486] pci 0000:00:01.0: PIIX3: Enabling Passive Release
[    1.361563] pci 0000:00:00.0: Limiting direct PCI/PCI transfers
[    1.362030] PCI: CLS 0 bytes, default 64
[    1.381698] workingset: timestamp_bits=46 max_order=15 bucket_order=0
[    1.384530] squashfs: version 4.0 (2009/01/31) Phillip Lougher
[    1.387353] Block layer SCSI generic (bsg) driver version 0.4 loaded (major 247)
[    1.391493] hv_vmbus: registering driver hyperv_fb
[    1.395725] input: Power Button as /devices/LNXSYSTM:00/LNXPWRBN:00/input/input0
[    1.404440] ACPI: button: Power Button [PWRF]
[    1.567324] ACPI: \_SB_.LNKC: Enabled at IRQ 11
[    1.722619] ACPI: \_SB_.LNKD: Enabled at IRQ 10
[    1.877148] ACPI: \_SB_.LNKA: Enabled at IRQ 10
[    2.031724] ACPI: \_SB_.LNKB: Enabled at IRQ 11
[    2.033362] Serial: 8250/16550 driver, 16 ports, IRQ sharing enabled
[    2.058219] 00:04: ttyS0 at I/O 0x3f8 (irq = 4, base_baud = 115200) is a 16550A
[    2.084659] Non-volatile memory driver v1.3
[    2.095276] Linux agpgart interface v0.103
[    2.096314] ACPI: bus type drm_connector registered
[    2.099044] [drm] Found bochs VGA, ID 0xb0c5.
[    2.099254] [drm] Framebuffer size 16384 kB @ 0xfd000000, mmio @ 0xfeb90000.
[    2.105481] [drm] Found EDID data blob.
[    2.111196] [drm] Initialized bochs-drm 1.0.0 for 0000:00:02.0 on minor 0
[    2.179485] Console: switching to colour frame buffer device 160x50
[    2.188494] bochs-drm 0000:00:02.0: [drm] fb0: bochs-drmdrmfb frame buffer device
[    2.207176] loop: module loaded
[    2.207840] virtio_blk virtio3: 1/0/0 default/read/poll queues
[    2.228966] virtio_blk virtio3: [vda] 246784 512-byte logical blocks (126 MB/121 MiB)
[    2.238013]  vda: vda1 vda2
[    2.240401] Guest personality initialized and is inactive
[    2.241055] VMCI host device registered (name=vmci, major=10, minor=256)
[    2.241347] Initialized host personality
[    2.241700] usbcore: registered new interface driver rtsx_usb
[    2.242740] VMware PVSCSI driver - version 1.0.7.0-k
[    2.251307] hv_vmbus: registering driver hv_storvsc
[    2.267264] scsi host0: ata_piix
[    2.269695] scsi host1: ata_piix
[    2.270971] ata1: PATA max MWDMA2 cmd 0x1f0 ctl 0x3f6 bmdma 0xc0e0 irq 14 lpm-pol 0
[    2.271304] ata2: PATA max MWDMA2 cmd 0x170 ctl 0x376 bmdma 0xc0e8 irq 15 lpm-pol 0
[    2.281466] VMware vmxnet3 virtual NIC driver - version 1.9.0.0-k-NAPI
[    2.282077] hv_vmbus: registering driver hv_netvsc
[    2.282454] Fusion MPT base driver 3.04.20
[    2.282618] Copyright (c) 1999-2008 LSI Corporation
[    2.283022] Fusion MPT SPI Host driver 3.04.20
[    2.292468] Fusion MPT SAS Host driver 3.04.20
[    2.294552] usbcore: registered new interface driver usb-storage
[    2.295783] i8042: PNP: PS/2 Controller [PNP0303:KBD,PNP0f13:MOU] at 0x60,0x64 irq 1,12
[    2.299022] serio: i8042 KBD port at 0x60,0x64 irq 1
[    2.299399] serio: i8042 AUX port at 0x60,0x64 irq 12
[    2.306416] hv_vmbus: registering driver hyperv_keyboard
[    2.308794] rtc_cmos 00:05: RTC can wake from S4
[    2.313754] rtc_cmos 00:05: registered as rtc0
[    2.316622] rtc_cmos 00:05: setting system clock to 2026-03-30T22:05:17 UTC (1774908317)
[    2.319114] rtc_cmos 00:05: alarms up to one day, y3k, 242 bytes nvram, hpet irqs
[    2.321782] intel_powerclamp: CPU does not support MWAIT
[    2.323977] amd_pstate: the _CPC object is not present in SBIOS or ACPI disabled
[    2.329932] sdhci: Secure Digital Host Controller Interface driver
[    2.331866] sdhci: Copyright(c) Pierre Ossman
[    2.334162] VUB300 Driver rom wait states = 1C irqpoll timeout = 0400
[    2.340634] input: AT Translated Set 2 keyboard as /devices/platform/i8042/serio0/input/input1
[    2.363859] usbcore: registered new interface driver vub300
[    2.366052] usbcore: registered new interface driver ushc
[    2.373560] hid: raw HID events driver (C) Jiri Kosina
[    2.376287] hv_vmbus: registering driver hid_hyperv
[    2.378951] usbcore: registered new interface driver usbhid
[    2.380991] usbhid: USB HID core driver
[    2.383041] hv_utils: Registering HyperV Utility Driver
[    2.384989] hv_vmbus: registering driver hv_utils
[    2.387039] hv_vmbus: registering driver hv_balloon
[    2.390746] NET: Registered PF_INET6 protocol family
[    2.405586] Segment Routing with IPv6
[    2.407708] In-situ OAM (IOAM) with IPv6
[    2.410216] NET: Registered PF_PACKET protocol family
[    2.412622] bridge: filtering via arp/ip/ip6tables is no longer available by default. Update your scripts to load br_netfilter if you need this.
[    2.422044] 8021q: 802.1Q VLAN Support v1.8
[    2.424534] NET: Registered PF_VSOCK protocol family
[    2.433613] IPI shorthand broadcast: enabled
[    2.440200] tsc: Refined TSC clocksource calibration: 2445.429 MHz
[    2.442738] clocksource: tsc: mask: 0xffffffffffffffff max_cycles: 0x233fdac2ae5, max_idle_ns: 440795297080 ns
[    2.445342] clocksource: Switched to clocksource tsc
[    2.451609] AES CTR mode by8 optimization enabled
[    2.473145] sched_clock: Marking stable (2210062735, 259768331)->(2474123268, -4292202)
[    2.513369] ata2: found unknown device (class 0)
[    2.526996] ata2.00: ATAPI: QEMU DVD-ROM, 2.5+, max UDMA/100
[    2.570141] scsi 1:0:0:0: CD-ROM            QEMU     QEMU DVD-ROM     2.5+ PQ: 0 ANSI: 5
[    2.586089] clk: Disabling unused clocks
[    2.631701] sr 1:0:0:0: [sr0] scsi3-mmc drive: 4x/4x cd/rw xa/form2 tray
[    2.634153] cdrom: Uniform CD-ROM driver Revision: 3.20
[    2.681049] VFS: Mounted root (squashfs filesystem) readonly on device 254:2.
[    2.749152] Freeing unused kernel image (initmem) memory: 1492K
[    2.751552] Write protecting the kernel read-only data: 18432k
[    2.755794] Freeing unused kernel image (rodata/data gap) memory: 1544K
[    2.758280] Run /sbin/init as init process
[    3.024979] init: Console is alive
[    3.708297] kmodloader: loading kernel modules from /etc/modules-boot.d/*
[    3.773009] button_hotplug: loading out-of-tree module taints kernel.
[    3.779278] Button Hotplug driver version 0.4.1
[    3.799154] Intel(R) 2.5G Ethernet Linux Driver
[    3.801628] Copyright(c) 2018 Intel Corporation.
[    3.816723] igb: Intel(R) Gigabit Ethernet Network Driver
[    3.819070] igb: Copyright (c) 2007-2014 Intel Corporation.
[    3.835269] e1000e: Intel(R) PRO/1000 Network Driver
[    3.837685] e1000e: Copyright(c) 1999 - 2015 Intel Corporation.
[    3.849504] kmodloader: done loading kernel modules from /etc/modules-boot.d/*
[    3.868923] init: - preinit -
[    4.901420] 8021q: adding VLAN 0 to HW filter on device eth0
Press the [f] key and hit [enter] to enter failsafe mode
Press the [1], [2], [3] or [4] key and hit [enter] to select the debug level
[    9.542294] loop0: detected capacity change from 0 to 212992
[    9.580212] loop0: detected capacity change from 212992 to 199808
[    9.592871] mount_root: overlay filesystem in /dev/loop0 has not been formatted yet
[    9.906697] EXT4-fs (loop0): mounted filesystem 5c16c48f-b13c-47f7-a6ec-f929d96db497 r/w with ordered data mode. Quota mode: disabled.
[    9.920239] mount_root: overlay filesystem has not been fully initialized yet
[    9.937539] mount_root: switching to ext4 overlay
[    9.957767] overlayfs: null uuid detected in lower fs '/', falling back to xino=off,index=off,nfs_export=off.
[   10.683090] EXT4-fs (vda1): mounted filesystem 84173db5-fa99-e35a-95c6-28613cc79ea9 r/w without journal. Quota mode: disabled.
[   10.706479] urandom-seed: Seed file not found (/etc/urandom.seed)
[   10.848926] procd: - early -
[   11.588668] procd: - ubus -
[   11.768746] procd: - init -
Please press Enter to activate this console.
root
login[1049]: root login on 'ttyS0'


BusyBox v1.37.0 (2026-03-29 15:35:55 UTC) built-in shell (ash)

  _______                     ________        __
 |       |.-----.-----.-----.|  |  |  |.----.|  |_
 |   -   ||  _  |  -__|     ||  |  |  ||   _||   _|
 |_______||   __|_____|__|__||________||__|  |____|
          |__| W I R E L E S S   F R E E D O M
 -----------------------------------------------------
 OpenWrt 25.12-SNAPSHOT, r32824-8a18e84a88 Dave's Guitar
 -----------------------------------------------------

 === WARNING! =====================================
 There is no root password defined on this device!
 Use the "passwd" command to set up a new password
 in order to prevent unauthorized SSH logins.
 --------------------------------------------------

  ___   __ __                _______             __
 |   |_|__|  |--.----.-----.|   |   |-----.-----|  |--.
 |     |  |  _  |   _|  -__||       |  -__|__ --|     |
 |_____|__|_____|__| |_____||__|_|__|_____|_____|__|__|

 ------------------------------------------------------
 LiMe master development (master rev. 7929208 20260304_1752)
 ------------------------------------------------------
 https://libremesh.org
 ------------------------------------------------------

 OpenWrt recently switched to the "apk" package manager!

 OPKG Command           APK Equivalent      Description
 ------------------------------------------------------------------
 opkg install <pkg>     apk add <pkg>       Install a package
 opkg remove <pkg>      apk del <pkg>       Remove a package
 opkg upgrade           apk upgrade         Upgrade all packages
 opkg files <pkg>       apk info -L <pkg>   List package contents
 opkg list-installed    apk info            List installed packages
 opkg update            apk update          Update package lists
 opkg search <pkg>      apk search <pkg>    Search for packages
 ------------------------------------------------------------------

For more information visit:
https://openwrt.org/docs/guide-user/additional-software/opkg-to-apk-cheatsheet

root@(none):~# dmesg -n 1
root@(none):~# echo 'WVJY''KULGFA'
WVJYKULGFA
root@(none):~# run() { echo -n "$MARKER"; sh -c "$@"; echo "$MARKER $?"; }
root@(none):~# echo 'AYPU''OJKHBZ'
AYPUOJKHBZ
root@(none):~# MARKER='QHZS''MJKYMW' run 'ubus wait_for network.interface.lan'
QHZSMJKYMW