Labgrid Console Logfile for main
Logfile started at 2026-04-13 03:40:44.534343
=== Log starts here ===
c[?7l[2J[0mSeaBIOS (version 1.16.3-debian-1.16.3-2)


iPXE (https://ipxe.org) 00:03.0 CA00 PCI2.10 PnP PMM+06FCAE70+06F0AE70 CA00
Press Ctrl-B to configure iPXE (PCI 00:03.0)...                                                                               




iPXE (https://ipxe.org) 00:05.0 CB00 PCI2.10 PnP PMM 06FCAE70 06F0AE70 CB00
Press Ctrl-B to configure iPXE (PCI 00:05.0)...                                                                               


Booting from Hard Disk...
GRUB loading.....
[0;30;47mWelcome to GRUB![01;01H[0m[2J[H[J[1;1H[?25l[m[H[J[1;1H[2;30HGNU GRUB  version 2.12

[m[4;2H+----------------------------------------------------------------------------+[5;2H|[5;79H|[6;2H|[6;79H|[7;2H|[7;79H|[8;2H|[8;79H|[9;2H|[9;79H|[10;2H|[10;79H|[11;2H|[11;79H|[12;2H|[12;79H|[13;2H|[13;79H|[14;2H|[14;79H|[15;2H|[15;79H|[16;2H+----------------------------------------------------------------------------+[m[17;2H[18;2H[m     Use the ^ and v keys to select which entry is highlighted.          
      Press enter to boot the selected OS, `e' to edit the commands       
      before booting or `c' for a command-line. ESC to return             
      previous menu.                                                      [5;80H [7m[5;3H*OpenWrt                                                                    [m[5;78H[m[m[6;3H OpenWrt (failsafe)                                                         [m[6;78H[m[m[7;3H                                                                            [m[7;78H[m[m[8;3H                                                                            [m[8;78H[m[m[9;3H                                                                            [m[9;78H[m[m[10;3H                                                                            [m[10;78H[m[m[11;3H                                                                            [m[11;78H[m[m[12;3H                                                                            [m[12;78H[m[m[13;3H                                                                            [m[13;78H[m[m[14;3H                                                                            [m[14;78H[m[m[15;3H                                                                            [m[15;78H[m[15;80H [5;78H[2J[02;30HGNU GRUB  version 2.12[04;02H┌────────────────────────────────────────────────────────────────────────────┐[05;02H│[05;79H│[06;02H│[06;79H│[07;02H│[07;79H│[08;02H│[08;79H│[09;02H│[09;79H│[10;02H│[10;79H│[11;02H│[11;79H│[12;02H│[12;79H│[13;02H│[13;79H│[14;02H│[14;79H│[15;02H│[15;79H│[16;02H│[16;79H│[17;02H└────────────────────────────────────────────────────────────────────────────┘[19;02H     Use the ↑ and ↓ keys to[19;29H[19;30H select which entry is highlighted.          
      Press enter to boot the selected OS, `e' to edit the commands       
      before booting or `c' for a command-line. ESC to return             
      previous menu.                                                      [05;80H [05;03H[0;30;47m*OpenWrt                                                 [05;59H[05;60H                   [06;03H[0m OpenWrt (failsafe)                                                         [07;03H                                                                            [08;03H                                                                            [09;03H                                                                            [10;03H                                                                            [11;03H                                                                            [12;03H              [12;16H[12;17H                                                              [13;03H                                                                            [14;03H                                                                            [15;03H                                                                            [16;03H                                    [16;38H[16;39H                                        [16;80H 






   The highlighted entry will be executed automatically in 5s.                [22;1H   The highlighted entry will be executed automatically in 5s.                 [5;78H [05;78H

















   The highlighted entry will be executed automatically in 4s.                [22;1H   The highlighted entry will be executed automatically in 4s.                 [5;78H [05;78H

















   The highlighted entry will be executed automatica[23;52H[23;53Hlly in 3s.                [22;1H   The highlighted entry will be executed automatically in 3s.                 [5;78H [05;78H

















   The highlighted entry will be executed automatically in 2s.                [22;1H   The highlighted entry will be executed automatically in 2s.                 [5;78H [05;78H

















   The highlighted entry will be executed automatically in 1s.                [22;1H   The highlighted entry will be executed automatically in 1s.                 [5;78H [05;78H

















   The highlighted entry will be executed automatically in 0s.                [22;1H   The highlighted entry will be executed automatically in 0s.                 [5;78H [01;01H[2J[?25h[H[J[1;1H[H[J[1;1H[2J   Booting `OpenWrt' Booting `Op[01;13H[01;14HenWrt

'

[    0.000000] Linux version 6.12.79 (builder@buildhost) (x86_64-openwrt-linux-musl-gcc (OpenWrt GCC 14.3.0 r32848-1f535037b1) 14.3.0, GNU ld (GNU Binutils) 2.44) #0 SMP Fri Apr 10 16:30:34 2026
[    0.000000] Command line: BOOT_IMAGE=/boot/vmlinuz root=PARTUUID=4ed483a0-02 rootwait console=tty1 console=ttyS0,115200n8 noinitrd
[    0.000000] BIOS-provided physical RAM map:
[    0.000000] BIOS-e820: [mem 0x0000000000000000-0x000000000009fbff] usable
[    0.000000] BIOS-e820: [mem 0x000000000009fc00-0x000000000009ffff] reserved
[    0.000000] BIOS-e820: [mem 0x00000000000f0000-0x00000000000fffff] reserved
[    0.000000] BIOS-e820: [mem 0x0000000000100000-0x0000000007fdcfff] usable
[    0.000000] BIOS-e820: [mem 0x0000000007fdd000-0x0000000007ffffff] reserved
[    0.000000] BIOS-e820: [mem 0x00000000fffc0000-0x00000000ffffffff] reserved
[    0.000000] BIOS-e820: [mem 0x000000fd00000000-0x000000ffffffffff] reserved
[    0.000000] NX (Execute Disable) protection: active
[    0.000000] APIC: Static calls initialized
[    0.000000] SMBIOS 3.0.0 present.
[    0.000000] DMI: QEMU Standard PC (i440FX + PIIX, 1996), BIOS 1.16.3-debian-1.16.3-2 04/01/2014
[    0.000000] DMI: Memory slots populated: 1/1
[    0.000000] tsc: Fast TSC calibration using PIT
[    0.000000] tsc: Detected 2445.442 MHz processor
[    0.007514] last_pfn = 0x7fdd max_arch_pfn = 0x400000000
[    0.008118] MTRR map: 4 entries (3 fixed + 1 variable; max 19), built from 8 variable MTRRs
[    0.008313] x86/PAT: Configuration [0-7]: WB  WC  UC- UC  WB  WP  UC- WT  
[    0.026588] found SMP MP-table at [mem 0x000f5460-0x000f546f]
[    0.027939] Using GB pages for direct mapping
[    0.032599] ACPI: Early table checksum verification disabled
[    0.032935] ACPI: RSDP 0x00000000000F5290 000014 (v00 BOCHS )
[    0.033256] ACPI: RSDT 0x0000000007FE1C64 000034 (v01 BOCHS  BXPC     00000001 BXPC 00000001)
[    0.033754] ACPI: FACP 0x0000000007FE1B18 000074 (v01 BOCHS  BXPC     00000001 BXPC 00000001)
[    0.034361] ACPI: DSDT 0x0000000007FE0040 001AD8 (v01 BOCHS  BXPC     00000001 BXPC 00000001)
[    0.034433] ACPI: FACS 0x0000000007FE0000 000040
[    0.034483] ACPI: APIC 0x0000000007FE1B8C 000078 (v03 BOCHS  BXPC     00000001 BXPC 00000001)
[    0.034503] ACPI: HPET 0x0000000007FE1C04 000038 (v01 BOCHS  BXPC     00000001 BXPC 00000001)
[    0.034521] ACPI: WAET 0x0000000007FE1C3C 000028 (v01 BOCHS  BXPC     00000001 BXPC 00000001)
[    0.034594] ACPI: Reserving FACP table memory at [mem 0x7fe1b18-0x7fe1b8b]
[    0.034644] ACPI: Reserving DSDT table memory at [mem 0x7fe0040-0x7fe1b17]
[    0.034651] ACPI: Reserving FACS table memory at [mem 0x7fe0000-0x7fe003f]
[    0.034656] ACPI: Reserving APIC table memory at [mem 0x7fe1b8c-0x7fe1c03]
[    0.034662] ACPI: Reserving HPET table memory at [mem 0x7fe1c04-0x7fe1c3b]
[    0.034667] ACPI: Reserving WAET table memory at [mem 0x7fe1c3c-0x7fe1c63]
[    0.037675] Zone ranges:
[    0.037703]   DMA      [mem 0x0000000000001000-0x0000000000ffffff]
[    0.037779]   DMA32    [mem 0x0000000001000000-0x0000000007fdcfff]
[    0.037788]   Normal   empty
[    0.037805] Movable zone start for each node
[    0.037838] Early memory node ranges
[    0.037865]   node   0: [mem 0x0000000000001000-0x000000000009efff]
[    0.037919]   node   0: [mem 0x0000000000100000-0x0000000007fdcfff]
[    0.038044] Initmem setup node 0 [mem 0x0000000000001000-0x0000000007fdcfff]
[    0.039080] On node 0, zone DMA: 1 pages in unavailable ranges
[    0.039600] On node 0, zone DMA: 97 pages in unavailable ranges
[    0.041656] On node 0, zone DMA32: 35 pages in unavailable ranges
[    0.041997] ACPI: PM-Timer IO Port: 0x608
[    0.042414] ACPI: LAPIC_NMI (acpi_id[0xff] dfl dfl lint[0x1])
[    0.042822] IOAPIC[0]: apic_id 0, version 32, address 0xfec00000, GSI 0-23
[    0.042938] ACPI: INT_SRC_OVR (bus 0 bus_irq 0 global_irq 2 dfl dfl)
[    0.043205] ACPI: INT_SRC_OVR (bus 0 bus_irq 5 global_irq 5 high level)
[    0.043257] ACPI: INT_SRC_OVR (bus 0 bus_irq 9 global_irq 9 high level)
[    0.043352] ACPI: INT_SRC_OVR (bus 0 bus_irq 10 global_irq 10 high level)
[    0.043361] ACPI: INT_SRC_OVR (bus 0 bus_irq 11 global_irq 11 high level)
[    0.043540] ACPI: Using ACPI (MADT) for SMP configuration information
[    0.043584] ACPI: HPET id: 0x8086a201 base: 0xfed00000
[    0.043974] CPU topo: Max. logical packages:   1
[    0.043988] CPU topo: Max. logical dies:       1
[    0.043998] CPU topo: Max. dies per package:   1
[    0.044043] CPU topo: Max. threads per core:   1
[    0.044213] CPU topo: Num. cores per package:     1
[    0.044229] CPU topo: Num. threads per package:   1
[    0.044238] CPU topo: Allowing 1 present CPUs plus 0 hotplug CPUs
[    0.045417] [mem 0x08000000-0xfffbffff] available for PCI devices
[    0.045485] Booting paravirtualized kernel on bare hardware
[    0.045897] clocksource: refined-jiffies: mask: 0xffffffff max_cycles: 0xffffffff, max_idle_ns: 19112604462750000 ns
[    0.046565] setup_percpu: NR_CPUS:512 nr_cpumask_bits:1 nr_cpu_ids:1 nr_node_ids:1
[    0.048588] percpu: Embedded 48 pages/cpu s158104 r8192 d30312 u2097152
[    0.050990] Kernel command line: BOOT_IMAGE=/boot/vmlinuz root=PARTUUID=4ed483a0-02 rootwait console=tty1 console=ttyS0,115200n8 noinitrd
[    0.052628] random: crng init done
[    0.060033] Dentry cache hash table entries: 16384 (order: 5, 131072 bytes, linear)
[    0.061516] Inode-cache hash table entries: 8192 (order: 4, 65536 bytes, linear)
[    0.064729] Built 1 zonelists, mobility grouping on.  Total pages: 32635
[    0.064960] mem auto-init: stack:off, heap alloc:off, heap free:off
[    0.074781] SLUB: HWalign=64, Order=0-3, MinObjects=0, CPUs=1, Nodes=1
[    0.082889] rcu: Hierarchical RCU implementation.
[    0.082917] rcu: 	RCU restricting CPUs from NR_CPUS=512 to nr_cpu_ids=1.
[    0.083063] 	Tracing variant of Tasks RCU enabled.
[    0.083177] rcu: RCU calculated value of scheduler-enlistment delay is 10 jiffies.
[    0.083209] rcu: Adjusting geometry for rcu_fanout_leaf=16, nr_cpu_ids=1
[    0.084361] RCU Tasks Trace: Setting shift to 0 and lim to 1 rcu_task_cb_adjust=1 rcu_task_cpu_ids=1.
[    0.084492] NR_IRQS: 33024, nr_irqs: 256, preallocated irqs: 16
[    0.093288] rcu: srcu_init: Setting srcu_struct sizes based on contention.
[    0.100075] Console: colour VGA+ 80x25
[    0.100513] printk: legacy console [tty1] enabled
[    0.108414] printk: legacy console [ttyS0] enabled
[    0.351151] ACPI: Core revision 20240827
[    0.356367] clocksource: hpet: mask: 0xffffffff max_cycles: 0xffffffff, max_idle_ns: 19112604467 ns
[    0.365775] APIC: Switch to symmetric I/O mode setup
[    0.370203] ..TIMER: vector=0x30 apic1=0 pin1=2 apic2=-1 pin2=-1
[    0.412941] clocksource: tsc-early: mask: 0xffffffffffffffff max_cycles: 0x233fe6e500e, max_idle_ns: 440795302283 ns
[    0.413582] Calibrating delay loop (skipped), value calculated using timer frequency.. 4890.88 BogoMIPS (lpj=24454420)
[    0.415420] x86/cpu: User Mode Instruction Prevention (UMIP) activated
[    0.430949] Last level iTLB entries: 4KB 0, 2MB 0, 4MB 0
[    0.433494] Last level dTLB entries: 4KB 0, 2MB 0, 4MB 0, 1GB 0
[    0.434535] Spectre V1 : Mitigation: usercopy/swapgs barriers and __user pointer sanitization
[    0.435591] Spectre V2 : Mitigation: Retpolines
[    0.435818] Spectre V2 : Spectre v2 / SpectreRSB: Filling RSB on context switch and VMEXIT
[    0.436254] Speculative Store Bypass: Vulnerable
[    0.445545] x86/fpu: Supporting XSAVE feature 0x001: 'x87 floating point registers'
[    0.450267] x86/fpu: Supporting XSAVE feature 0x002: 'SSE registers'
[    0.450523] x86/fpu: Supporting XSAVE feature 0x004: 'AVX registers'
[    0.450770] x86/fpu: Supporting XSAVE feature 0x008: 'MPX bounds registers'
[    0.454469] x86/fpu: Supporting XSAVE feature 0x010: 'MPX CSR'
[    0.454871] x86/fpu: xstate_offset[2]:  576, xstate_sizes[2]:  256
[    0.455207] x86/fpu: xstate_offset[3]:  960, xstate_sizes[3]:   64
[    0.455448] x86/fpu: xstate_offset[4]: 1024, xstate_sizes[4]:   64
[    0.463508] x86/fpu: Enabled xstate features 0x1f, context size is 1088 bytes, using 'standard' format.
[    0.690311] Freeing SMP alternatives memory: 40K
[    0.691018] pid_max: default: 32768 minimum: 301
[    0.699727] Mount-cache hash table entries: 512 (order: 0, 4096 bytes, linear)
[    0.700096] Mountpoint-cache hash table entries: 512 (order: 0, 4096 bytes, linear)
[    0.851832] smpboot: CPU0: AMD QEMU TCG CPU version 2.5+ (family: 0x6, model: 0x6, stepping: 0x3)
[    0.876505] Performance Events: PMU not available due to virtualization, using software events only.
[    0.877888] signal: max sigframe size: 1616
[    0.879401] rcu: Hierarchical SRCU implementation.
[    0.879618] rcu: 	Max phase no-delay instances is 1000.
[    0.885378] smp: Bringing up secondary CPUs ...
[    0.888294] smp: Brought up 1 node, 1 CPU
[    0.888580] smpboot: Total of 1 processors activated (4890.88 BogoMIPS)
[    0.895373] Memory: 103208K/130540K available (14336K kernel code, 1177K rwdata, 2556K rodata, 1492K init, 1304K bss, 25620K reserved, 0K cma-reserved)
[    0.910264] clocksource: jiffies: mask: 0xffffffff max_cycles: 0xffffffff, max_idle_ns: 19112604462750000 ns
[    0.911063] futex hash table entries: 256 (order: 2, 16384 bytes, linear)
[    0.912327] pinctrl core: initialized pinctrl subsystem
[    0.931468] NET: Registered PF_NETLINK/PF_ROUTE protocol family
[    0.937656] thermal_sys: Registered thermal governor 'step_wise'
[    0.937693] thermal_sys: Registered thermal governor 'user_space'
[    0.938656] cpuidle: using governor ladder
[    0.940300] acpiphp: ACPI Hot Plug PCI Controller Driver version: 0.5
[    0.944771] PCI: Using configuration type 1 for base access
[    0.953723] cryptd: max_cpu_qlen set to 1000
[    0.959430] ACPI: Added _OSI(Module Device)
[    0.959621] ACPI: Added _OSI(Processor Device)
[    0.959811] ACPI: Added _OSI(Processor Aggregator Device)
[    0.973703] ACPI: 1 ACPI AML tables successfully acquired and loaded
[    0.990312] ACPI: Interpreter enabled
[    0.991075] ACPI: PM: (supports S0 S5)
[    0.991272] ACPI: Using IOAPIC for interrupt routing
[    0.991799] PCI: Using host bridge windows from ACPI; if necessary, use "pci=nocrs" and report a bug
[    0.992183] PCI: Using E820 reservations for host bridge windows
[    0.995371] ACPI: Enabled 2 GPEs in block 00 to 0F
[    1.033930] ACPI: PCI Root Bridge [PCI0] (domain 0000 [bus 00-ff])
[    1.034759] acpi PNP0A03:00: _OSC: OS supports [ASPM ClockPM Segments MSI HPX-Type3]
[    1.035213] acpi PNP0A03:00: _OSC: not requesting OS control; OS requires [ExtendedConfig ASPM ClockPM MSI]
[    1.036073] acpi PNP0A03:00: fail to add MMCONFIG information, can't access extended configuration space under this bridge
[    1.048057] acpiphp: Slot [3] registered
[    1.048366] acpiphp: Slot [4] registered
[    1.048639] acpiphp: Slot [5] registered
[    1.048881] acpiphp: Slot [6] registered
[    1.053709] acpiphp: Slot [7] registered
[    1.054158] acpiphp: Slot [8] registered
[    1.055822] acpiphp: Slot [9] registered
[    1.056092] acpiphp: Slot [10] registered
[    1.056341] acpiphp: Slot [11] registered
[    1.056581] acpiphp: Slot [12] registered
[    1.056819] acpiphp: Slot [13] registered
[    1.063708] acpiphp: Slot [14] registered
[    1.064143] acpiphp: Slot [15] registered
[    1.064521] acpiphp: Slot [16] registered
[    1.064767] acpiphp: Slot [17] registered
[    1.065041] acpiphp: Slot [18] registered
[    1.065289] acpiphp: Slot [19] registered
[    1.073744] acpiphp: Slot [20] registered
[    1.074160] acpiphp: Slot [21] registered
[    1.074511] acpiphp: Slot [22] registered
[    1.074776] acpiphp: Slot [23] registered
[    1.075015] acpiphp: Slot [24] registered
[    1.075253] acpiphp: Slot [25] registered
[    1.083756] acpiphp: Slot [26] registered
[    1.084176] acpiphp: Slot [27] registered
[    1.084550] acpiphp: Slot [28] registered
[    1.084827] acpiphp: Slot [29] registered
[    1.085070] acpiphp: Slot [30] registered
[    1.085310] acpiphp: Slot [31] registered
[    1.085731] PCI host bridge to bus 0000:00
[    1.094125] pci_bus 0000:00: root bus resource [io  0x0000-0x0cf7 window]
[    1.094580] pci_bus 0000:00: root bus resource [io  0x0d00-0xffff window]
[    1.094805] pci_bus 0000:00: root bus resource [mem 0x000a0000-0x000bffff window]
[    1.103619] pci_bus 0000:00: root bus resource [mem 0x08000000-0xfebfffff window]
[    1.104045] pci_bus 0000:00: root bus resource [mem 0x100000000-0x17fffffff window]
[    1.104548] pci_bus 0000:00: root bus resource [bus 00-ff]
[    1.113750] pci 0000:00:00.0: [8086:1237] type 00 class 0x060000 conventional PCI endpoint
[    1.126209] pci 0000:00:01.0: [8086:7000] type 00 class 0x060100 conventional PCI endpoint
[    1.127092] pci 0000:00:01.1: [8086:7010] type 00 class 0x010180 conventional PCI endpoint
[    1.129849] pci 0000:00:01.1: BAR 4 [io  0xc0e0-0xc0ef]
[    1.134009] pci 0000:00:01.1: BAR 0 [io  0x01f0-0x01f7]: legacy IDE quirk
[    1.134292] pci 0000:00:01.1: BAR 1 [io  0x03f6]: legacy IDE quirk
[    1.134537] pci 0000:00:01.1: BAR 2 [io  0x0170-0x0177]: legacy IDE quirk
[    1.134805] pci 0000:00:01.1: BAR 3 [io  0x0376]: legacy IDE quirk
[    1.144478] pci 0000:00:01.3: [8086:7113] type 00 class 0x068000 conventional PCI endpoint
[    1.145099] pci 0000:00:01.3: quirk: [io  0x0600-0x063f] claimed by PIIX4 ACPI
[    1.145412] pci 0000:00:01.3: quirk: [io  0x0700-0x070f] claimed by PIIX4 SMB
[    1.154413] pci 0000:00:02.0: [1234:1111] type 00 class 0x030000 conventional PCI endpoint
[    1.155159] pci 0000:00:02.0: BAR 0 [mem 0xfd000000-0xfdffffff pref]
[    1.156593] pci 0000:00:02.0: BAR 2 [mem 0xfeb90000-0xfeb90fff]
[    1.159089] pci 0000:00:02.0: ROM [mem 0xfeb80000-0xfeb8ffff pref]
[    1.163940] pci 0000:00:02.0: Video device with shadowed ROM at [mem 0x000c0000-0x000dffff]
[    1.165055] pci 0000:00:03.0: [1af4:1000] type 00 class 0x020000 conventional PCI endpoint
[    1.166271] pci 0000:00:03.0: BAR 0 [io  0xc080-0xc09f]
[    1.175609] pci 0000:00:03.0: BAR 4 [mem 0xfe000000-0xfe003fff 64bit pref]
[    1.176968] pci 0000:00:03.0: ROM [mem 0xfea80000-0xfeafffff pref]
[    1.185046] pci 0000:00:04.0: [1af4:1005] type 00 class 0x00ff00 conventional PCI endpoint
[    1.186016] pci 0000:00:04.0: BAR 0 [io  0xc0a0-0xc0bf]
[    1.188688] pci 0000:00:04.0: BAR 1 [mem 0xfeb91000-0xfeb91fff]
[    1.191851] pci 0000:00:04.0: BAR 4 [mem 0xfe004000-0xfe007fff 64bit pref]
[    1.196075] pci 0000:00:05.0: [1af4:1000] type 00 class 0x020000 conventional PCI endpoint
[    1.199502] pci 0000:00:05.0: BAR 0 [io  0xc0c0-0xc0df]
[    1.200215] pci 0000:00:05.0: BAR 1 [mem 0xfeb92000-0xfeb92fff]
[    1.203168] pci 0000:00:05.0: BAR 4 [mem 0xfe008000-0xfe00bfff 64bit pref]
[    1.203988] pci 0000:00:05.0: ROM [mem 0xfeb00000-0xfeb7ffff pref]
[    1.213791] pci 0000:00:06.0: [1af4:1001] type 00 class 0x010000 conventional PCI endpoint
[    1.214645] pci 0000:00:06.0: BAR 0 [io  0xc000-0xc07f]
[    1.215345] pci 0000:00:06.0: BAR 1 [mem 0xfeb93000-0xfeb93fff]
[    1.217382] pci 0000:00:06.0: BAR 4 [mem 0xfe00c000-0xfe00ffff 64bit pref]
[    1.229857] ACPI: PCI: Interrupt link LNKA configured for IRQ 10
[    1.230685] ACPI: PCI: Interrupt link LNKB configured for IRQ 10
[    1.231312] ACPI: PCI: Interrupt link LNKC configured for IRQ 11
[    1.232224] ACPI: PCI: Interrupt link LNKD configured for IRQ 11
[    1.232932] ACPI: PCI: Interrupt link LNKS configured for IRQ 9
[    1.236611] iommu: Default domain type: Translated
[    1.236848] iommu: DMA domain TLB invalidation policy: lazy mode
[    1.239512] SCSI subsystem initialized
[    1.244862] ACPI: bus type USB registered
[    1.245390] usbcore: registered new interface driver usbfs
[    1.245861] usbcore: registered new interface driver hub
[    1.246200] usbcore: registered new device driver usb
[    1.246753] pps_core: LinuxPPS API ver. 1 registered
[    1.253634] pps_core: Software ver. 5.3.6 - Copyright 2005-2007 Rodolfo Giometti <giometti@linux.it>
[    1.254224] PTP clock support registered
[    1.266456] PCI: Using ACPI for IRQ routing
[    1.268708] hpet0: at MMIO 0xfed00000, IRQs 2, 8, 0
[    1.269007] hpet0: 3 comparators, 64-bit 100.000000 MHz counter
[    1.274714] clocksource: Switched to clocksource tsc-early
[    1.277936] pnp: PnP ACPI init
[    1.281991] pnp: PnP ACPI: found 6 devices
[    1.295061] clocksource: acpi_pm: mask: 0xffffff max_cycles: 0xffffff, max_idle_ns: 2085701024 ns
[    1.296416] NET: Registered PF_INET protocol family
[    1.297600] IP idents hash table entries: 2048 (order: 2, 16384 bytes, linear)
[    1.303110] tcp_listen_portaddr_hash hash table entries: 256 (order: 0, 4096 bytes, linear)
[    1.306041] Table-perturb hash table entries: 65536 (order: 6, 262144 bytes, linear)
[    1.306550] TCP established hash table entries: 1024 (order: 1, 8192 bytes, linear)
[    1.306999] TCP bind hash table entries: 1024 (order: 3, 32768 bytes, linear)
[    1.317071] TCP: Hash tables configured (established 1024 bind 1024)
[    1.318953] MPTCP token hash table entries: 256 (order: 1, 6144 bytes, linear)
[    1.319516] UDP hash table entries: 256 (order: 1, 8192 bytes, linear)
[    1.319954] UDP-Lite hash table entries: 256 (order: 1, 8192 bytes, linear)
[    1.329488] NET: Registered PF_UNIX/PF_LOCAL protocol family
[    1.330663] pci_bus 0000:00: resource 4 [io  0x0000-0x0cf7 window]
[    1.330900] pci_bus 0000:00: resource 5 [io  0x0d00-0xffff window]
[    1.331137] pci_bus 0000:00: resource 6 [mem 0x000a0000-0x000bffff window]
[    1.338917] pci_bus 0000:00: resource 7 [mem 0x08000000-0xfebfffff window]
[    1.339320] pci_bus 0000:00: resource 8 [mem 0x100000000-0x17fffffff window]
[    1.340149] pci 0000:00:01.0: PIIX3: Enabling Passive Release
[    1.350217] pci 0000:00:00.0: Limiting direct PCI/PCI transfers
[    1.350669] PCI: CLS 0 bytes, default 64
[    1.369810] workingset: timestamp_bits=46 max_order=15 bucket_order=0
[    1.372264] squashfs: version 4.0 (2009/01/31) Phillip Lougher
[    1.375285] Block layer SCSI generic (bsg) driver version 0.4 loaded (major 247)
[    1.378853] hv_vmbus: registering driver hyperv_fb
[    1.383751] input: Power Button as /devices/LNXSYSTM:00/LNXPWRBN:00/input/input0
[    1.391289] ACPI: button: Power Button [PWRF]
[    1.548024] ACPI: \_SB_.LNKC: Enabled at IRQ 11
[    1.696393] ACPI: \_SB_.LNKD: Enabled at IRQ 10
[    1.842536] ACPI: \_SB_.LNKA: Enabled at IRQ 10
[    1.988720] ACPI: \_SB_.LNKB: Enabled at IRQ 11
[    1.990350] Serial: 8250/16550 driver, 16 ports, IRQ sharing enabled
[    2.015218] 00:04: ttyS0 at I/O 0x3f8 (irq = 4, base_baud = 115200) is a 16550A
[    2.040813] Non-volatile memory driver v1.3
[    2.051711] Linux agpgart interface v0.103
[    2.052692] ACPI: bus type drm_connector registered
[    2.055428] [drm] Found bochs VGA, ID 0xb0c5.
[    2.055635] [drm] Framebuffer size 16384 kB @ 0xfd000000, mmio @ 0xfeb90000.
[    2.061381] [drm] Found EDID data blob.
[    2.066829] [drm] Initialized bochs-drm 1.0.0 for 0000:00:02.0 on minor 0
[    2.134780] Console: switching to colour frame buffer device 160x50
[    2.143788] bochs-drm 0000:00:02.0: [drm] fb0: bochs-drmdrmfb frame buffer device
[    2.162053] loop: module loaded
[    2.162676] virtio_blk virtio3: 1/0/0 default/read/poll queues
[    2.183846] virtio_blk virtio3: [vda] 246784 512-byte logical blocks (126 MB/121 MiB)
[    2.192794]  vda: vda1 vda2
[    2.194948] Guest personality initialized and is inactive
[    2.195544] VMCI host device registered (name=vmci, major=10, minor=256)
[    2.195824] Initialized host personality
[    2.196194] usbcore: registered new interface driver rtsx_usb
[    2.197222] VMware PVSCSI driver - version 1.0.7.0-k
[    2.205749] hv_vmbus: registering driver hv_storvsc
[    2.221733] scsi host0: ata_piix
[    2.224181] scsi host1: ata_piix
[    2.225026] ata1: PATA max MWDMA2 cmd 0x1f0 ctl 0x3f6 bmdma 0xc0e0 irq 14 lpm-pol 0
[    2.225338] ata2: PATA max MWDMA2 cmd 0x170 ctl 0x376 bmdma 0xc0e8 irq 15 lpm-pol 0
[    2.235669] VMware vmxnet3 virtual NIC driver - version 1.9.0.0-k-NAPI
[    2.236260] hv_vmbus: registering driver hv_netvsc
[    2.236650] Fusion MPT base driver 3.04.20
[    2.236811] Copyright (c) 1999-2008 LSI Corporation
[    2.237217] Fusion MPT SPI Host driver 3.04.20
[    2.246508] Fusion MPT SAS Host driver 3.04.20
[    2.248767] usbcore: registered new interface driver usb-storage
[    2.250128] i8042: PNP: PS/2 Controller [PNP0303:KBD,PNP0f13:MOU] at 0x60,0x64 irq 1,12
[    2.253344] serio: i8042 KBD port at 0x60,0x64 irq 1
[    2.253714] serio: i8042 AUX port at 0x60,0x64 irq 12
[    2.260577] hv_vmbus: registering driver hyperv_keyboard
[    2.262933] rtc_cmos 00:05: RTC can wake from S4
[    2.267875] rtc_cmos 00:05: registered as rtc0
[    2.270778] rtc_cmos 00:05: setting system clock to 2026-04-13T03:40:55 UTC (1776051655)
[    2.273195] rtc_cmos 00:05: alarms up to one day, y3k, 242 bytes nvram, hpet irqs
[    2.275764] intel_powerclamp: CPU does not support MWAIT
[    2.278005] amd_pstate: the _CPC object is not present in SBIOS or ACPI disabled
[    2.283952] sdhci: Secure Digital Host Controller Interface driver
[    2.285949] sdhci: Copyright(c) Pierre Ossman
[    2.288303] VUB300 Driver rom wait states = 1C irqpoll timeout = 0400
[    2.294856] input: AT Translated Set 2 keyboard as /devices/platform/i8042/serio0/input/input1
[    2.318067] usbcore: registered new interface driver vub300
[    2.320377] usbcore: registered new interface driver ushc
[    2.327852] hid: raw HID events driver (C) Jiri Kosina
[    2.330557] hv_vmbus: registering driver hid_hyperv
[    2.333218] usbcore: registered new interface driver usbhid
[    2.335194] usbhid: USB HID core driver
[    2.337250] hv_utils: Registering HyperV Utility Driver
[    2.339206] hv_vmbus: registering driver hv_utils
[    2.341349] hv_vmbus: registering driver hv_balloon
[    2.344949] NET: Registered PF_INET6 protocol family
[    2.359613] Segment Routing with IPv6
[    2.361858] In-situ OAM (IOAM) with IPv6
[    2.364320] NET: Registered PF_PACKET protocol family
[    2.366763] bridge: filtering via arp/ip/ip6tables is no longer available by default. Update your scripts to load br_netfilter if you need this.
[    2.376048] 8021q: 802.1Q VLAN Support v1.8
[    2.378545] NET: Registered PF_VSOCK protocol family
[    2.387247] IPI shorthand broadcast: enabled
[    2.393830] AES CTR mode by8 optimization enabled
[    2.414420] sched_clock: Marking stable (2150057111, 259663714)->(2417874722, -8153897)
[    2.445740] tsc: Refined TSC clocksource calibration: 2445.434 MHz
[    2.448093] clocksource: tsc: mask: 0xffffffffffffffff max_cycles: 0x233fdf4f8c5, max_idle_ns: 440795226840 ns
[    2.460737] ata2: found unknown device (class 0)
[    2.500206] clocksource: Switched to clocksource tsc
[    2.508281] ata2.00: ATAPI: QEMU DVD-ROM, 2.5+, max UDMA/100
[    2.526226] scsi 1:0:0:0: CD-ROM            QEMU     QEMU DVD-ROM     2.5+ PQ: 0 ANSI: 5
[    2.536712] clk: Disabling unused clocks
[    2.591687] sr 1:0:0:0: [sr0] scsi3-mmc drive: 4x/4x cd/rw xa/form2 tray
[    2.594182] cdrom: Uniform CD-ROM driver Revision: 3.20
[    2.650925] VFS: Mounted root (squashfs filesystem) readonly on device 254:2.
[    2.718201] Freeing unused kernel image (initmem) memory: 1492K
[    2.720650] Write protecting the kernel read-only data: 18432k
[    2.724824] Freeing unused kernel image (rodata/data gap) memory: 1540K
[    2.727328] Run /sbin/init as init process
[    3.026995] init: Console is alive
[    3.645835] kmodloader: loading kernel modules from /etc/modules-boot.d/*
[    3.710888] button_hotplug: loading out-of-tree module taints kernel.
[    3.717325] Button Hotplug driver version 0.4.1
[    3.736225] Intel(R) 2.5G Ethernet Linux Driver
[    3.738583] Copyright(c) 2018 Intel Corporation.
[    3.753485] igb: Intel(R) Gigabit Ethernet Network Driver
[    3.755829] igb: Copyright (c) 2007-2014 Intel Corporation.
[    3.771429] e1000e: Intel(R) PRO/1000 Network Driver
[    3.773807] e1000e: Copyright(c) 1999 - 2015 Intel Corporation.
[    3.785431] kmodloader: done loading kernel modules from /etc/modules-boot.d/*
[    3.802051] init: - preinit -
[    4.773338] 8021q: adding VLAN 0 to HW filter on device eth0
Press the [f] key and hit [enter] to enter failsafe mode
Press the [1], [2], [3] or [4] key and hit [enter] to select the debug level

[    9.390197] loop0: detected capacity change from 0 to 212992
[    9.440208] loop0: detected capacity change from 212992 to 199808
[    9.452993] mount_root: overlay filesystem in /dev/loop0 has not been formatted yet
[    9.791547] EXT4-fs (loop0): mounted filesystem fb2152a1-a78e-4ec2-823c-a64380a1a80c r/w with ordered data mode. Quota mode: disabled.
[    9.805293] mount_root: overlay filesystem has not been fully initialized yet
[    9.823195] mount_root: switching to ext4 overlay
[    9.843778] overlayfs: null uuid detected in lower fs '/', falling back to xino=off,index=off,nfs_export=off.
[   10.563388] EXT4-fs (vda1): mounted filesystem 84173db5-fa99-e35a-95c6-28613cc79ea9 r/w without journal. Quota mode: disabled.
[   10.586622] urandom-seed: Seed file not found (/etc/urandom.seed)
[   10.727677] procd: - early -
[   11.466302] procd: - ubus -
[   11.657883] procd: - init -
Please press Enter to activate this console.
root
login[1047]: root login on 'ttyS0'


BusyBox v1.37.0 (2026-04-10 16:30:34 UTC) built-in shell (ash)

  _______                     ________        __
 |       |.-----.-----.-----.|  |  |  |.----.|  |_
 |   -   ||  _  |  -__|     ||  |  |  ||   _||   _|
 |_______||   __|_____|__|__||________||__|  |____|
          |__| W I R E L E S S   F R E E D O M
 -----------------------------------------------------
 OpenWrt 25.12-SNAPSHOT, r32848-1f535037b1 Dave's Guitar
 -----------------------------------------------------

 === WARNING! =====================================
 There is no root password defined on this device!
 Use the "passwd" command to set up a new password
 in order to prevent unauthorized SSH logins.
 --------------------------------------------------

  ___   __ __                _______             __
 |   |_|__|  |--.----.-----.|   |   |-----.-----|  |--.
 |     |  |  _  |   _|  -__||       |  -__|__ --|     |
 |_____|__|_____|__| |_____||__|_|__|_____|_____|__|__|

 ------------------------------------------------------
 LiMe master development (master rev. 142c27f 20260407_1221)
 ------------------------------------------------------
 https://libremesh.org
 ------------------------------------------------------

 OpenWrt recently switched to the "apk" package manager!

 OPKG Command           APK Equivalent      Description
 ------------------------------------------------------------------
 opkg install <pkg>     apk add <pkg>       Install a package
 opkg remove <pkg>      apk del <pkg>       Remove a package
 opkg upgrade           apk upgrade         Upgrade all packages
 opkg files <pkg>       apk info -L <pkg>   List package contents
 opkg list-installed    apk info            List installed packages
 opkg update            apk update          Update package lists
 opkg search <pkg>      apk search <pkg>    Search for packages
 ------------------------------------------------------------------

For more information visit:
https://openwrt.org/docs/guide-user/additional-software/opkg-to-apk-cheatsheet

root@(none):~# dmesg -n 1
root@(none):~# echo 'SPVC''LYSXCF'
SPVCLYSXCF
root@LiMe-123456:~# run() { echo -n "$MARKER"; sh -c "$@"; echo "$MARKER $?"; }
root@LiMe-123456:~# echo 'UHAK''TGUEPA'
UHAKTGUEPA
root@LiMe-123456:~# MARKER='BBUN''EQPCGO' run 'ubus wait_for network.interface.l
an'
BBUNEQPCGOBBUNEQPCGO 0
root@LiMe-123456:~# echo 'XXZL''SCGESF'
XXZLSCGESF
root@LiMe-123456:~# MARKER='ABZX''FPGFSB' run 'ubus call network.interface.lan s
tatus '"'"'{}'"'"''
ABZXFPGFSB{
	"up": true,
	"pending": false,
	"available": true,
	"autostart": true,
	"dynamic": false,
	"uptime": 2,
	"l3_device": "br-lan",
	"proto": "static",
	"device": "br-lan",
	"updated": [
		"addresses"
	],
	"metric": 0,
	"dns_metric": 0,
	"delegation": true,
	"ipv4-address": [
		{
			"address": "10.13.52.86",
			"mask": 16
		}
	],
	"ipv6-address": [
		{
			"address": "fd0d:fe46:8ce8::12:3456",
			"mask": 64
		}
	],
	"ipv6-prefix": [
		
	],
	"ipv6-prefix-assignment": [
		
	],
	"route": [
		
	],
	"dns-server": [
		
	],
	"dns-search": [
		
	],
	"neighbors": [
		
	],
	"inactive": {
		"ipv4-address": [
			
		],
		"ipv6-address": [
			
		],
		"route": [
			
		],
		"dns-server": [
			
		],
		"dns-search": [
			
		],
		"neighbors": [
			
		]
	},
	"data": {
		
	}
}
ABZXFPGFSB 0
root@LiMe-123456:~# echo 'ASGE''OGMUNB'
ASGEOGMUNB
root@LiMe-123456:~# MARKER='KQMZ''JZFMPJ' run true
KQMZJZFMPJKQMZJZFMPJ 0
root@LiMe-123456:~# echo 'NAGQ''TLBBCW'
NAGQTLBBCW
root@LiMe-123456:~# MARKER='WTVV''NSUQTA' run 'source /etc/os-release; echo $BUI
LD_ID'
WTVVNSUQTAr32848-1f535037b1
WTVVNSUQTA 0
root@LiMe-123456:~# echo 'ZEOX''SETMOK'
ZEOXSETMOK
root@LiMe-123456:~# MARKER='HSAN''MWVAQM' run 'ls /etc/dropbear/dropbear_rsa_hos
t_key'
HSANMWVAQM[0;0m/etc/dropbear/dropbear_rsa_host_key[m
HSANMWVAQM 0
root@LiMe-123456:~# echo 'ZJHS''MOCBKE'
ZJHSMOCBKE
root@LiMe-123456:~# MARKER='APVO''QGMNXG' run 'netstat -tlpn | grep 0.0.0.0:22'
APVOQGMNXGnetstat: showing only processes with your user ID
tcp        0      0 0.0.0.0:22              0.0.0.0:*               LISTEN      2097/dropbear
APVOQGMNXG 0
root@LiMe-123456:~# echo 'XCTZ''NHKJXC'
XCTZNHKJXC
root@LiMe-123456:~# MARKER='PASF''ZBNCBK' run 'dmesg | grep br-lan | grep forwar
ding'
PASFZBNCBK[   43.770341] br-lan: port 1(eth0) entered forwarding state
[   46.871573] br-lan: port 2(bat0) entered forwarding state
PASFZBNCBK 0
root@LiMe-123456:~# echo 'UTQF''AWZEKH'
UTQFAWZEKH
root@LiMe-123456:~# MARKER='BLYA''VSANFN' run 'ubus call network.interface.lan s
tatus '"'"'{}'"'"''
BLYAVSANFN{
	"up": true,
	"pending": false,
	"available": true,
	"autostart": true,
	"dynamic": false,
	"uptime": 41,
	"l3_device": "br-lan",
	"proto": "static",
	"device": "br-lan",
	"updated": [
		"addresses"
	],
	"metric": 0,
	"dns_metric": 0,
	"delegation": true,
	"ipv4-address": [
		{
			"address": "10.13.52.86",
			"mask": 16
		}
	],
	"ipv6-address": [
		{
			"address": "fd0d:fe46:8ce8::12:3456",
			"mask": 64
		}
	],
	"ipv6-prefix": [
		
	],
	"ipv6-prefix-assignment": [
		
	],
	"route": [
		
	],
	"dns-server": [
		
	],
	"dns-search": [
		
	],
	"neighbors": [
		
	],
	"inactive": {
		"ipv4-address": [
			
		],
		"ipv6-address": [
			
		],
		"route": [
			
		],
		"dns-server": [
			
		],
		"dns-search": [
			
		],
		"neighbors": [
			
		]
	},
	"data": {
		
	}
}
BLYAVSANFN 0
root@LiMe-123456