Labgrid Console Logfile for main
Logfile started at 2026-04-11 02:55:28.785811
=== Log starts here ===
c[?7l[2J[0mSeaBIOS (version 1.16.3-debian-1.16.3-2)


iPXE (https://ipxe.org) 00:03.0 CA00 PCI2.10 PnP PMM+06FCAE70+06F0AE70 CA00
Press Ctrl-B to configure iPXE (PCI 00:03.0)...                                                                               




iPXE (https://ipxe.org) 00:05.0 CB00 PCI2.10 PnP PMM 06FCAE70 06F0AE70 CB00
Press Ctrl-B to configure iPXE (PCI 00:05.0)...                                                                               


Booting from Hard Disk...
GRUB loading.....
[0;30;47mWelcome to GRUB![01;01H[0m[2J[H[J[1;1H[?25l[m[H[J[1;1H[2;30HGNU GRUB  version 2.12

[m[4;2H+----------------------------------------------------------------------------+[5;2H|[5;79H|[6;2H|[6;79H|[7;2H|[7;79H|[8;2H|[8;79H|[9;2H|[9;79H|[10;2H|[10;79H|[11;2H|[11;79H|[12;2H|[12;79H|[13;2H|[13;79H|[14;2H|[14;79H|[15;2H|[15;79H|[16;2H+----------------------------------------------------------------------------+[m[17;2H[18;2H[m     Use the ^ and v keys to select which entry is highlighted.          
      Press enter to boot the selected OS, `e' to edit the commands       
      before booting or `c' for a command-line. ESC to return             
      previous menu.                                                      [5;80H [7m[5;3H*OpenWrt                                                                    [m[5;78H[m[m[6;3H OpenWrt (failsafe)                                                         [m[6;78H[m[m[7;3H                                                                            [m[7;78H[m[m[8;3H                                                                            [m[8;78H[m[m[9;3H                                                                            [m[9;78H[m[m[10;3H                                                                            [m[10;78H[m[m[11;3H                                                                            [m[11;78H[m[m[12;3H                                                                            [m[12;78H[m[m[13;3H                                                                            [m[13;78H[m[m[14;3H                                                                            [m[14;78H[m[m[15;3H                                                                            [m[15;78H[m[15;80H [5;78H[2J[02;30HGNU GRUB  version 2.12[04;02H┌────────────────────────────────────────────────────────────────────────────┐[05;02H│[05;79H│[06;02H│[06;79H│[07;02H│[07;79H│[08;02H│[08;79H│[09;02H│[09;79H│[10;02H│[10;79H│[11;02H│[11;79H│[12;02H│[12;79H│[13;02H│[13;79H│[14;02H│[14;79H│[15;02H│[15;79H│[16;02H│[16;79H│[17;02H└────────────────────────────────────────────────────────────────────────────┘[19;02H     Use the ↑ and ↓ keys to select which en[19;45H[19;46Htry is highlighted.          
      Press enter to boot the selected OS, `e' to edit the commands       
      before booting or `c' for a command-line. ESC to return             
      previous menu.                                                      [05;80H [05;03H[0;30;47m*OpenWrt                                                            [05;70H[05;71H        [06;03H[0m OpenWrt (failsafe)                                                         [07;03H                                                                            [08;03H                                                                            [09;03H                                                                            [10;03H                                                                            [11;03H                                                                            [12;03H                  [12;20H[12;21H                                                          [13;03H                                                                            [14;03H                                                                            [15;03H                                                                            [16;03H                                                                            [16;80H 






   The highlighted entry will be executed automatically in 5s.                [22;1H   The highlighted entry will be executed automatically in 5s.                 [5;78H [05;78H

















   The highlighted entry will be executed automatically in 4s.                [22;1H   The highlighted entry will be executed automatically in 4s.                 [5;78H [05;78H

















   The highlighted entry will be executed automatically in 3s.                [22;1H   The highlighted entry will be executed automatically in 3s.                 [5;78H [05;78H

















   The highli[23;13H[23;14Hghted entry will be executed automatically in 2s.                [22;1H   The highlighted entry will be executed automatically in 2s.                 [5;78H [05;78H

















   The highlighted entry will be executed automatically in 1s.                [22;1H   The highlighted entry will be executed automatically in 1s.                 [5;78H [05;78H

















   The highlighted entry will be executed automatically in 0s.                [22;1H   The highlighted entry will be executed automatically in 0s.                 [5;78H [01;01H[2J[?25h[H[J[1;1H[H[J[1;1H[2J   Booting `OpenWrt' Booting `OpenWrt

'

[    0.000000] Linux version 6.12.79 (builder@buildhost) (x86_64-openwrt-linux-musl-gcc (OpenWrt GCC 14.3.0 r32842-865229fad9) 14.3.0, GNU ld (GNU Binutils) 2.44) #0 SMP Wed Apr  8 08:04:02 2026
[    0.000000] Command line: BOOT_IMAGE=/boot/vmlinuz root=PARTUUID=ebeef989-02 rootwait console=tty1 console=ttyS0,115200n8 noinitrd
[    0.000000] BIOS-provided physical RAM map:
[    0.000000] BIOS-e820: [mem 0x0000000000000000-0x000000000009fbff] usable
[    0.000000] BIOS-e820: [mem 0x000000000009fc00-0x000000000009ffff] reserved
[    0.000000] BIOS-e820: [mem 0x00000000000f0000-0x00000000000fffff] reserved
[    0.000000] BIOS-e820: [mem 0x0000000000100000-0x0000000007fdcfff] usable
[    0.000000] BIOS-e820: [mem 0x0000000007fdd000-0x0000000007ffffff] reserved
[    0.000000] BIOS-e820: [mem 0x00000000fffc0000-0x00000000ffffffff] reserved
[    0.000000] BIOS-e820: [mem 0x000000fd00000000-0x000000ffffffffff] reserved
[    0.000000] NX (Execute Disable) protection: active
[    0.000000] APIC: Static calls initialized
[    0.000000] SMBIOS 3.0.0 present.
[    0.000000] DMI: QEMU Standard PC (i440FX + PIIX, 1996), BIOS 1.16.3-debian-1.16.3-2 04/01/2014
[    0.000000] DMI: Memory slots populated: 1/1
[    0.000000] tsc: Fast TSC calibration using PIT
[    0.000000] tsc: Detected 2445.416 MHz processor
[    0.007409] last_pfn = 0x7fdd max_arch_pfn = 0x400000000
[    0.008027] MTRR map: 4 entries (3 fixed + 1 variable; max 19), built from 8 variable MTRRs
[    0.008189] x86/PAT: Configuration [0-7]: WB  WC  UC- UC  WB  WP  UC- WT  
[    0.026293] found SMP MP-table at [mem 0x000f5460-0x000f546f]
[    0.027694] Using GB pages for direct mapping
[    0.032374] ACPI: Early table checksum verification disabled
[    0.032721] ACPI: RSDP 0x00000000000F5290 000014 (v00 BOCHS )
[    0.033021] ACPI: RSDT 0x0000000007FE1C64 000034 (v01 BOCHS  BXPC     00000001 BXPC 00000001)
[    0.033540] ACPI: FACP 0x0000000007FE1B18 000074 (v01 BOCHS  BXPC     00000001 BXPC 00000001)
[    0.034129] ACPI: DSDT 0x0000000007FE0040 001AD8 (v01 BOCHS  BXPC     00000001 BXPC 00000001)
[    0.034201] ACPI: FACS 0x0000000007FE0000 000040
[    0.034250] ACPI: APIC 0x0000000007FE1B8C 000078 (v03 BOCHS  BXPC     00000001 BXPC 00000001)
[    0.034270] ACPI: HPET 0x0000000007FE1C04 000038 (v01 BOCHS  BXPC     00000001 BXPC 00000001)
[    0.034288] ACPI: WAET 0x0000000007FE1C3C 000028 (v01 BOCHS  BXPC     00000001 BXPC 00000001)
[    0.034380] ACPI: Reserving FACP table memory at [mem 0x7fe1b18-0x7fe1b8b]
[    0.034431] ACPI: Reserving DSDT table memory at [mem 0x7fe0040-0x7fe1b17]
[    0.034438] ACPI: Reserving FACS table memory at [mem 0x7fe0000-0x7fe003f]
[    0.034443] ACPI: Reserving APIC table memory at [mem 0x7fe1b8c-0x7fe1c03]
[    0.034448] ACPI: Reserving HPET table memory at [mem 0x7fe1c04-0x7fe1c3b]
[    0.034453] ACPI: Reserving WAET table memory at [mem 0x7fe1c3c-0x7fe1c63]
[    0.037464] Zone ranges:
[    0.037492]   DMA      [mem 0x0000000000001000-0x0000000000ffffff]
[    0.037570]   DMA32    [mem 0x0000000001000000-0x0000000007fdcfff]
[    0.037579]   Normal   empty
[    0.037597] Movable zone start for each node
[    0.037629] Early memory node ranges
[    0.037656]   node   0: [mem 0x0000000000001000-0x000000000009efff]
[    0.037709]   node   0: [mem 0x0000000000100000-0x0000000007fdcfff]
[    0.037835] Initmem setup node 0 [mem 0x0000000000001000-0x0000000007fdcfff]
[    0.038881] On node 0, zone DMA: 1 pages in unavailable ranges
[    0.039369] On node 0, zone DMA: 97 pages in unavailable ranges
[    0.041414] On node 0, zone DMA32: 35 pages in unavailable ranges
[    0.041752] ACPI: PM-Timer IO Port: 0x608
[    0.042139] ACPI: LAPIC_NMI (acpi_id[0xff] dfl dfl lint[0x1])
[    0.042562] IOAPIC[0]: apic_id 0, version 32, address 0xfec00000, GSI 0-23
[    0.042677] ACPI: INT_SRC_OVR (bus 0 bus_irq 0 global_irq 2 dfl dfl)
[    0.042923] ACPI: INT_SRC_OVR (bus 0 bus_irq 5 global_irq 5 high level)
[    0.042971] ACPI: INT_SRC_OVR (bus 0 bus_irq 9 global_irq 9 high level)
[    0.043064] ACPI: INT_SRC_OVR (bus 0 bus_irq 10 global_irq 10 high level)
[    0.043073] ACPI: INT_SRC_OVR (bus 0 bus_irq 11 global_irq 11 high level)
[    0.043264] ACPI: Using ACPI (MADT) for SMP configuration information
[    0.043308] ACPI: HPET id: 0x8086a201 base: 0xfed00000
[    0.043712] CPU topo: Max. logical packages:   1
[    0.043727] CPU topo: Max. logical dies:       1
[    0.043736] CPU topo: Max. dies per package:   1
[    0.043781] CPU topo: Max. threads per core:   1
[    0.043933] CPU topo: Num. cores per package:     1
[    0.043948] CPU topo: Num. threads per package:   1
[    0.043957] CPU topo: Allowing 1 present CPUs plus 0 hotplug CPUs
[    0.045135] [mem 0x08000000-0xfffbffff] available for PCI devices
[    0.045203] Booting paravirtualized kernel on bare hardware
[    0.045579] clocksource: refined-jiffies: mask: 0xffffffff max_cycles: 0xffffffff, max_idle_ns: 19112604462750000 ns
[    0.046239] setup_percpu: NR_CPUS:512 nr_cpumask_bits:1 nr_cpu_ids:1 nr_node_ids:1
[    0.048258] percpu: Embedded 48 pages/cpu s158104 r8192 d30312 u2097152
[    0.050570] Kernel command line: BOOT_IMAGE=/boot/vmlinuz root=PARTUUID=ebeef989-02 rootwait console=tty1 console=ttyS0,115200n8 noinitrd
[    0.052304] random: crng init done
[    0.056990] Dentry cache hash table entries: 16384 (order: 5, 131072 bytes, linear)
[    0.057953] Inode-cache hash table entries: 8192 (order: 4, 65536 bytes, linear)
[    0.060605] Built 1 zonelists, mobility grouping on.  Total pages: 32635
[    0.060826] mem auto-init: stack:off, heap alloc:off, heap free:off
[    0.070559] SLUB: HWalign=64, Order=0-3, MinObjects=0, CPUs=1, Nodes=1
[    0.078394] rcu: Hierarchical RCU implementation.
[    0.078423] rcu: 	RCU restricting CPUs from NR_CPUS=512 to nr_cpu_ids=1.
[    0.078570] 	Tracing variant of Tasks RCU enabled.
[    0.078669] rcu: RCU calculated value of scheduler-enlistment delay is 10 jiffies.
[    0.078700] rcu: Adjusting geometry for rcu_fanout_leaf=16, nr_cpu_ids=1
[    0.079857] RCU Tasks Trace: Setting shift to 0 and lim to 1 rcu_task_cb_adjust=1 rcu_task_cpu_ids=1.
[    0.079986] NR_IRQS: 33024, nr_irqs: 256, preallocated irqs: 16
[    0.088804] rcu: srcu_init: Setting srcu_struct sizes based on contention.
[    0.095639] Console: colour VGA+ 80x25
[    0.096058] printk: legacy console [tty1] enabled
[    0.103967] printk: legacy console [ttyS0] enabled
[    0.346203] ACPI: Core revision 20240827
[    0.351585] clocksource: hpet: mask: 0xffffffff max_cycles: 0xffffffff, max_idle_ns: 19112604467 ns
[    0.356194] APIC: Switch to symmetric I/O mode setup
[    0.360900] ..TIMER: vector=0x30 apic1=0 pin1=2 apic2=-1 pin2=-1
[    0.403399] clocksource: tsc-early: mask: 0xffffffffffffffff max_cycles: 0x233fce52bc0, max_idle_ns: 440795306184 ns
[    0.404027] Calibrating delay loop (skipped), value calculated using timer frequency.. 4890.83 BogoMIPS (lpj=24454160)
[    0.405899] x86/cpu: User Mode Instruction Prevention (UMIP) activated
[    0.421487] Last level iTLB entries: 4KB 0, 2MB 0, 4MB 0
[    0.424124] Last level dTLB entries: 4KB 0, 2MB 0, 4MB 0, 1GB 0
[    0.425199] Spectre V1 : Mitigation: usercopy/swapgs barriers and __user pointer sanitization
[    0.426248] Spectre V2 : Mitigation: Retpolines
[    0.426477] Spectre V2 : Spectre v2 / SpectreRSB: Filling RSB on context switch and VMEXIT
[    0.426876] Speculative Store Bypass: Vulnerable
[    0.435962] x86/fpu: Supporting XSAVE feature 0x001: 'x87 floating point registers'
[    0.440942] x86/fpu: Supporting XSAVE feature 0x002: 'SSE registers'
[    0.441200] x86/fpu: Supporting XSAVE feature 0x004: 'AVX registers'
[    0.441427] x86/fpu: Supporting XSAVE feature 0x008: 'MPX bounds registers'
[    0.444918] x86/fpu: Supporting XSAVE feature 0x010: 'MPX CSR'
[    0.445323] x86/fpu: xstate_offset[2]:  576, xstate_sizes[2]:  256
[    0.445704] x86/fpu: xstate_offset[3]:  960, xstate_sizes[3]:   64
[    0.445923] x86/fpu: xstate_offset[4]: 1024, xstate_sizes[4]:   64
[    0.453950] x86/fpu: Enabled xstate features 0x1f, context size is 1088 bytes, using 'standard' format.
[    0.681299] Freeing SMP alternatives memory: 40K
[    0.682028] pid_max: default: 32768 minimum: 301
[    0.691328] Mount-cache hash table entries: 512 (order: 0, 4096 bytes, linear)
[    0.691701] Mountpoint-cache hash table entries: 512 (order: 0, 4096 bytes, linear)
[    0.843594] smpboot: CPU0: AMD QEMU TCG CPU version 2.5+ (family: 0x6, model: 0x6, stepping: 0x3)
[    0.868680] Performance Events: PMU not available due to virtualization, using software events only.
[    0.870094] signal: max sigframe size: 1616
[    0.871754] rcu: Hierarchical SRCU implementation.
[    0.871977] rcu: 	Max phase no-delay instances is 1000.
[    0.878801] smp: Bringing up secondary CPUs ...
[    0.881464] smp: Brought up 1 node, 1 CPU
[    0.881778] smpboot: Total of 1 processors activated (4890.83 BogoMIPS)
[    0.888440] Memory: 103208K/130540K available (14336K kernel code, 1177K rwdata, 2556K rodata, 1492K init, 1304K bss, 25620K reserved, 0K cma-reserved)
[    0.902689] clocksource: jiffies: mask: 0xffffffff max_cycles: 0xffffffff, max_idle_ns: 19112604462750000 ns
[    0.903517] futex hash table entries: 256 (order: 2, 16384 bytes, linear)
[    0.905044] pinctrl core: initialized pinctrl subsystem
[    0.924265] NET: Registered PF_NETLINK/PF_ROUTE protocol family
[    0.930651] thermal_sys: Registered thermal governor 'step_wise'
[    0.930688] thermal_sys: Registered thermal governor 'user_space'
[    0.931644] cpuidle: using governor ladder
[    0.933304] acpiphp: ACPI Hot Plug PCI Controller Driver version: 0.5
[    0.936758] PCI: Using configuration type 1 for base access
[    0.946696] cryptd: max_cpu_qlen set to 1000
[    0.952613] ACPI: Added _OSI(Module Device)
[    0.952824] ACPI: Added _OSI(Processor Device)
[    0.952990] ACPI: Added _OSI(Processor Aggregator Device)
[    0.966965] ACPI: 1 ACPI AML tables successfully acquired and loaded
[    0.983881] ACPI: Interpreter enabled
[    0.984721] ACPI: PM: (supports S0 S5)
[    0.984926] ACPI: Using IOAPIC for interrupt routing
[    0.985478] PCI: Using host bridge windows from ACPI; if necessary, use "pci=nocrs" and report a bug
[    0.985852] PCI: Using E820 reservations for host bridge windows
[    0.995754] ACPI: Enabled 2 GPEs in block 00 to 0F
[    1.027575] ACPI: PCI Root Bridge [PCI0] (domain 0000 [bus 00-ff])
[    1.028442] acpi PNP0A03:00: _OSC: OS supports [ASPM ClockPM Segments MSI HPX-Type3]
[    1.028879] acpi PNP0A03:00: _OSC: not requesting OS control; OS requires [ExtendedConfig ASPM ClockPM MSI]
[    1.029737] acpi PNP0A03:00: fail to add MMCONFIG information, can't access extended configuration space under this bridge
[    1.038597] acpiphp: Slot [3] registered
[    1.038928] acpiphp: Slot [4] registered
[    1.044026] acpiphp: Slot [5] registered
[    1.044275] acpiphp: Slot [6] registered
[    1.044522] acpiphp: Slot [7] registered
[    1.049705] acpiphp: Slot [8] registered
[    1.051561] acpiphp: Slot [9] registered
[    1.051832] acpiphp: Slot [10] registered
[    1.052079] acpiphp: Slot [11] registered
[    1.052320] acpiphp: Slot [12] registered
[    1.052557] acpiphp: Slot [13] registered
[    1.054227] acpiphp: Slot [14] registered
[    1.054653] acpiphp: Slot [15] registered
[    1.054987] acpiphp: Slot [16] registered
[    1.055255] acpiphp: Slot [17] registered
[    1.055500] acpiphp: Slot [18] registered
[    1.055747] acpiphp: Slot [19] registered
[    1.055986] acpiphp: Slot [20] registered
[    1.064195] acpiphp: Slot [21] registered
[    1.064608] acpiphp: Slot [22] registered
[    1.065028] acpiphp: Slot [23] registered
[    1.065420] acpiphp: Slot [24] registered
[    1.065724] acpiphp: Slot [25] registered
[    1.074078] acpiphp: Slot [26] registered
[    1.083214] acpiphp: Slot [27] registered
[    1.083618] acpiphp: Slot [28] registered
[    1.084108] acpiphp: Slot [29] registered
[    1.084389] acpiphp: Slot [30] registered
[    1.084639] acpiphp: Slot [31] registered
[    1.085076] PCI host bridge to bus 0000:00
[    1.094457] pci_bus 0000:00: root bus resource [io  0x0000-0x0cf7 window]
[    1.094868] pci_bus 0000:00: root bus resource [io  0x0d00-0xffff window]
[    1.095097] pci_bus 0000:00: root bus resource [mem 0x000a0000-0x000bffff window]
[    1.095426] pci_bus 0000:00: root bus resource [mem 0x08000000-0xfebfffff window]
[    1.104079] pci_bus 0000:00: root bus resource [mem 0x100000000-0x17fffffff window]
[    1.104715] pci_bus 0000:00: root bus resource [bus 00-ff]
[    1.106098] pci 0000:00:00.0: [8086:1237] type 00 class 0x060000 conventional PCI endpoint
[    1.118181] pci 0000:00:01.0: [8086:7000] type 00 class 0x060100 conventional PCI endpoint
[    1.119107] pci 0000:00:01.1: [8086:7010] type 00 class 0x010180 conventional PCI endpoint
[    1.124104] pci 0000:00:01.1: BAR 4 [io  0xc0e0-0xc0ef]
[    1.125357] pci 0000:00:01.1: BAR 0 [io  0x01f0-0x01f7]: legacy IDE quirk
[    1.130907] pci 0000:00:01.1: BAR 1 [io  0x03f6]: legacy IDE quirk
[    1.131307] pci 0000:00:01.1: BAR 2 [io  0x0170-0x0177]: legacy IDE quirk
[    1.131645] pci 0000:00:01.1: BAR 3 [io  0x0376]: legacy IDE quirk
[    1.132553] pci 0000:00:01.3: [8086:7113] type 00 class 0x068000 conventional PCI endpoint
[    1.134656] pci 0000:00:01.3: quirk: [io  0x0600-0x063f] claimed by PIIX4 ACPI
[    1.135019] pci 0000:00:01.3: quirk: [io  0x0700-0x070f] claimed by PIIX4 SMB
[    1.135837] pci 0000:00:02.0: [1234:1111] type 00 class 0x030000 conventional PCI endpoint
[    1.144763] pci 0000:00:02.0: BAR 0 [mem 0xfd000000-0xfdffffff pref]
[    1.155192] pci 0000:00:02.0: BAR 2 [mem 0xfeb90000-0xfeb90fff]
[    1.158726] pci 0000:00:02.0: ROM [mem 0xfeb80000-0xfeb8ffff pref]
[    1.159188] pci 0000:00:02.0: Video device with shadowed ROM at [mem 0x000c0000-0x000dffff]
[    1.164998] pci 0000:00:03.0: [1af4:1000] type 00 class 0x020000 conventional PCI endpoint
[    1.165831] pci 0000:00:03.0: BAR 0 [io  0xc080-0xc09f]
[    1.168052] pci 0000:00:03.0: BAR 4 [mem 0xfe000000-0xfe003fff 64bit pref]
[    1.168979] pci 0000:00:03.0: ROM [mem 0xfea80000-0xfeafffff pref]
[    1.178996] pci 0000:00:04.0: [1af4:1005] type 00 class 0x00ff00 conventional PCI endpoint
[    1.179931] pci 0000:00:04.0: BAR 0 [io  0xc0a0-0xc0bf]
[    1.180758] pci 0000:00:04.0: BAR 1 [mem 0xfeb91000-0xfeb91fff]
[    1.183934] pci 0000:00:04.0: BAR 4 [mem 0xfe004000-0xfe007fff 64bit pref]
[    1.189827] pci 0000:00:05.0: [1af4:1000] type 00 class 0x020000 conventional PCI endpoint
[    1.190694] pci 0000:00:05.0: BAR 0 [io  0xc0c0-0xc0df]
[    1.191407] pci 0000:00:05.0: BAR 1 [mem 0xfeb92000-0xfeb92fff]
[    1.195963] pci 0000:00:05.0: BAR 4 [mem 0xfe008000-0xfe00bfff 64bit pref]
[    1.196717] pci 0000:00:05.0: ROM [mem 0xfeb00000-0xfeb7ffff pref]
[    1.200326] pci 0000:00:06.0: [1af4:1001] type 00 class 0x010000 conventional PCI endpoint
[    1.203934] pci 0000:00:06.0: BAR 0 [io  0xc000-0xc07f]
[    1.208420] pci 0000:00:06.0: BAR 1 [mem 0xfeb93000-0xfeb93fff]
[    1.210112] pci 0000:00:06.0: BAR 4 [mem 0xfe00c000-0xfe00ffff 64bit pref]
[    1.218388] ACPI: PCI: Interrupt link LNKA configured for IRQ 10
[    1.219472] ACPI: PCI: Interrupt link LNKB configured for IRQ 10
[    1.220116] ACPI: PCI: Interrupt link LNKC configured for IRQ 11
[    1.220743] ACPI: PCI: Interrupt link LNKD configured for IRQ 11
[    1.221153] ACPI: PCI: Interrupt link LNKS configured for IRQ 9
[    1.228115] iommu: Default domain type: Translated
[    1.228354] iommu: DMA domain TLB invalidation policy: lazy mode
[    1.236413] SCSI subsystem initialized
[    1.237950] ACPI: bus type USB registered
[    1.238475] usbcore: registered new interface driver usbfs
[    1.240719] usbcore: registered new interface driver hub
[    1.241197] usbcore: registered new device driver usb
[    1.241757] pps_core: LinuxPPS API ver. 1 registered
[    1.241953] pps_core: Software ver. 5.3.6 - Copyright 2005-2007 Rodolfo Giometti <giometti@linux.it>
[    1.244245] PTP clock support registered
[    1.262995] PCI: Using ACPI for IRQ routing
[    1.265281] hpet0: at MMIO 0xfed00000, IRQs 2, 8, 0
[    1.265556] hpet0: 3 comparators, 64-bit 100.000000 MHz counter
[    1.271219] clocksource: Switched to clocksource tsc-early
[    1.271219] pnp: PnP ACPI init
[    1.271337] pnp: PnP ACPI: found 6 devices
[    1.285033] clocksource: acpi_pm: mask: 0xffffff max_cycles: 0xffffff, max_idle_ns: 2085701024 ns
[    1.286345] NET: Registered PF_INET protocol family
[    1.287939] IP idents hash table entries: 2048 (order: 2, 16384 bytes, linear)
[    1.293333] tcp_listen_portaddr_hash hash table entries: 256 (order: 0, 4096 bytes, linear)
[    1.295865] Table-perturb hash table entries: 65536 (order: 6, 262144 bytes, linear)
[    1.296322] TCP established hash table entries: 1024 (order: 1, 8192 bytes, linear)
[    1.296746] TCP bind hash table entries: 1024 (order: 3, 32768 bytes, linear)
[    1.306557] TCP: Hash tables configured (established 1024 bind 1024)
[    1.308577] MPTCP token hash table entries: 256 (order: 1, 6144 bytes, linear)
[    1.309105] UDP hash table entries: 256 (order: 1, 8192 bytes, linear)
[    1.309529] UDP-Lite hash table entries: 256 (order: 1, 8192 bytes, linear)
[    1.318925] NET: Registered PF_UNIX/PF_LOCAL protocol family
[    1.320088] pci_bus 0000:00: resource 4 [io  0x0000-0x0cf7 window]
[    1.320320] pci_bus 0000:00: resource 5 [io  0x0d00-0xffff window]
[    1.320531] pci_bus 0000:00: resource 6 [mem 0x000a0000-0x000bffff window]
[    1.328330] pci_bus 0000:00: resource 7 [mem 0x08000000-0xfebfffff window]
[    1.328692] pci_bus 0000:00: resource 8 [mem 0x100000000-0x17fffffff window]
[    1.329467] pci 0000:00:01.0: PIIX3: Enabling Passive Release
[    1.329767] pci 0000:00:00.0: Limiting direct PCI/PCI transfers
[    1.339384] PCI: CLS 0 bytes, default 64
[    1.358914] workingset: timestamp_bits=46 max_order=15 bucket_order=0
[    1.361405] squashfs: version 4.0 (2009/01/31) Phillip Lougher
[    1.364251] Block layer SCSI generic (bsg) driver version 0.4 loaded (major 247)
[    1.367919] hv_vmbus: registering driver hyperv_fb
[    1.372572] input: Power Button as /devices/LNXSYSTM:00/LNXPWRBN:00/input/input0
[    1.381344] ACPI: button: Power Button [PWRF]
[    1.537385] ACPI: \_SB_.LNKC: Enabled at IRQ 11
[    1.686714] ACPI: \_SB_.LNKD: Enabled at IRQ 10
[    1.834612] ACPI: \_SB_.LNKA: Enabled at IRQ 10
[    1.991524] ACPI: \_SB_.LNKB: Enabled at IRQ 11
[    1.993462] Serial: 8250/16550 driver, 16 ports, IRQ sharing enabled
[    2.018926] 00:04: ttyS0 at I/O 0x3f8 (irq = 4, base_baud = 115200) is a 16550A
[    2.046297] Non-volatile memory driver v1.3
[    2.057570] Linux agpgart interface v0.103
[    2.058621] ACPI: bus type drm_connector registered
[    2.061454] [drm] Found bochs VGA, ID 0xb0c5.
[    2.061660] [drm] Framebuffer size 16384 kB @ 0xfd000000, mmio @ 0xfeb90000.
[    2.069147] [drm] Found EDID data blob.
[    2.074399] [drm] Initialized bochs-drm 1.0.0 for 0000:00:02.0 on minor 0
[    2.142339] Console: switching to colour frame buffer device 160x50
[    2.151492] bochs-drm 0000:00:02.0: [drm] fb0: bochs-drmdrmfb frame buffer device
[    2.170306] loop: module loaded
[    2.170949] virtio_blk virtio3: 1/0/0 default/read/poll queues
[    2.192164] virtio_blk virtio3: [vda] 246784 512-byte logical blocks (126 MB/121 MiB)
[    2.201200]  vda: vda1 vda2
[    2.203366] Guest personality initialized and is inactive
[    2.203979] VMCI host device registered (name=vmci, major=10, minor=256)
[    2.204259] Initialized host personality
[    2.204736] usbcore: registered new interface driver rtsx_usb
[    2.205812] VMware PVSCSI driver - version 1.0.7.0-k
[    2.213978] hv_vmbus: registering driver hv_storvsc
[    2.229937] scsi host0: ata_piix
[    2.232370] scsi host1: ata_piix
[    2.233247] ata1: PATA max MWDMA2 cmd 0x1f0 ctl 0x3f6 bmdma 0xc0e0 irq 14 lpm-pol 0
[    2.233570] ata2: PATA max MWDMA2 cmd 0x170 ctl 0x376 bmdma 0xc0e8 irq 15 lpm-pol 0
[    2.243919] VMware vmxnet3 virtual NIC driver - version 1.9.0.0-k-NAPI
[    2.244471] hv_vmbus: registering driver hv_netvsc
[    2.245112] Fusion MPT base driver 3.04.20
[    2.245282] Copyright (c) 1999-2008 LSI Corporation
[    2.245667] Fusion MPT SPI Host driver 3.04.20
[    2.254917] Fusion MPT SAS Host driver 3.04.20
[    2.257144] usbcore: registered new interface driver usb-storage
[    2.258399] i8042: PNP: PS/2 Controller [PNP0303:KBD,PNP0f13:MOU] at 0x60,0x64 irq 1,12
[    2.261740] serio: i8042 KBD port at 0x60,0x64 irq 1
[    2.262144] serio: i8042 AUX port at 0x60,0x64 irq 12
[    2.268901] hv_vmbus: registering driver hyperv_keyboard
[    2.271309] rtc_cmos 00:05: RTC can wake from S4
[    2.276700] rtc_cmos 00:05: registered as rtc0
[    2.279334] rtc_cmos 00:05: setting system clock to 2026-04-11T02:55:39 UTC (1775876139)
[    2.281762] rtc_cmos 00:05: alarms up to one day, y3k, 242 bytes nvram, hpet irqs
[    2.284417] intel_powerclamp: CPU does not support MWAIT
[    2.289882] amd_pstate: the _CPC object is not present in SBIOS or ACPI disabled
[    2.292342] sdhci: Secure Digital Host Controller Interface driver
[    2.294313] sdhci: Copyright(c) Pierre Ossman
[    2.296797] VUB300 Driver rom wait states = 1C irqpoll timeout = 0400
[    2.303265] input: AT Translated Set 2 keyboard as /devices/platform/i8042/serio0/input/input1
[    2.327719] usbcore: registered new interface driver vub300
[    2.330041] usbcore: registered new interface driver ushc
[    2.338327] hid: raw HID events driver (C) Jiri Kosina
[    2.341027] hv_vmbus: registering driver hid_hyperv
[    2.343789] usbcore: registered new interface driver usbhid
[    2.345990] usbhid: USB HID core driver
[    2.348109] hv_utils: Registering HyperV Utility Driver
[    2.351240] hv_vmbus: registering driver hv_utils
[    2.353208] hv_vmbus: registering driver hv_balloon
[    2.356848] NET: Registered PF_INET6 protocol family
[    2.371685] Segment Routing with IPv6
[    2.373861] In-situ OAM (IOAM) with IPv6
[    2.376469] NET: Registered PF_PACKET protocol family
[    2.378964] bridge: filtering via arp/ip/ip6tables is no longer available by default. Update your scripts to load br_netfilter if you need this.
[    2.388354] 8021q: 802.1Q VLAN Support v1.8
[    2.390975] NET: Registered PF_VSOCK protocol family
[    2.400247] IPI shorthand broadcast: enabled
[    2.407041] AES CTR mode by8 optimization enabled
[    2.428336] sched_clock: Marking stable (2170099346, 254553666)->(2440202769, -15549757)
[    2.461096] tsc: Refined TSC clocksource calibration: 2445.426 MHz
[    2.463550] clocksource: tsc: mask: 0xffffffffffffffff max_cycles: 0x233fd7ba1b0, max_idle_ns: 440795295779 ns
[    2.475249] ata2: found unknown device (class 0)
[    2.522142] clocksource: Switched to clocksource tsc
[    2.532813] ata2.00: ATAPI: QEMU DVD-ROM, 2.5+, max UDMA/100
[    2.550027] scsi 1:0:0:0: CD-ROM            QEMU     QEMU DVD-ROM     2.5+ PQ: 0 ANSI: 5
[    2.560493] clk: Disabling unused clocks
[    2.616460] sr 1:0:0:0: [sr0] scsi3-mmc drive: 4x/4x cd/rw xa/form2 tray
[    2.618992] cdrom: Uniform CD-ROM driver Revision: 3.20
[    2.676753] VFS: Mounted root (squashfs filesystem) readonly on device 254:2.
[    2.746103] Freeing unused kernel image (initmem) memory: 1492K
[    2.748569] Write protecting the kernel read-only data: 18432k
[    2.752745] Freeing unused kernel image (rodata/data gap) memory: 1540K
[    2.755390] Run /sbin/init as init process
[    3.046311] init: Console is alive
[    3.677651] kmodloader: loading kernel modules from /etc/modules-boot.d/*
[    3.741656] button_hotplug: loading out-of-tree module taints kernel.
[    3.748325] Button Hotplug driver version 0.4.1
[    3.768575] Intel(R) 2.5G Ethernet Linux Driver
[    3.770944] Copyright(c) 2018 Intel Corporation.
[    3.786381] igb: Intel(R) Gigabit Ethernet Network Driver
[    3.788738] igb: Copyright (c) 2007-2014 Intel Corporation.
[    3.804078] e1000e: Intel(R) PRO/1000 Network Driver
[    3.806714] e1000e: Copyright(c) 1999 - 2015 Intel Corporation.
[    3.819026] kmodloader: done loading kernel modules from /etc/modules-boot.d/*
[    3.835160] init: - preinit -
[    4.823724] 8021q: adding VLAN 0 to HW filter on device eth0
Press the [f] key and hit [enter] to enter failsafe mode
Press the [1], [2], [3] or [4] key and hit [enter] to select the debug level

[    9.447003] loop0: detected capacity change from 0 to 212992
[    9.485144] loop0: detected capacity change from 212992 to 199808
[    9.497924] mount_root: overlay filesystem in /dev/loop0 has not been formatted yet
[    9.833052] EXT4-fs (loop0): mounted filesystem ba2c9a3c-ee70-47d1-b60b-398a8cc1d8cf r/w with ordered data mode. Quota mode: disabled.
[    9.847175] mount_root: overlay filesystem has not been fully initialized yet
[    9.865479] mount_root: switching to ext4 overlay
[    9.886374] overlayfs: null uuid detected in lower fs '/', falling back to xino=off,index=off,nfs_export=off.
[   10.611323] EXT4-fs (vda1): mounted filesystem 84173db5-fa99-e35a-95c6-28613cc79ea9 r/w without journal. Quota mode: disabled.
[   10.635550] urandom-seed: Seed file not found (/etc/urandom.seed)
[   10.778245] procd: - early -
[   11.516922] procd: - ubus -
[   11.697586] procd: - init -
Please press Enter to activate this console.
root
login[1045]: root login on 'ttyS0'


BusyBox v1.37.0 (2026-04-08 08:04:02 UTC) built-in shell (ash)

  _______                     ________        __
 |       |.-----.-----.-----.|  |  |  |.----.|  |_
 |   -   ||  _  |  -__|     ||  |  |  ||   _||   _|
 |_______||   __|_____|__|__||________||__|  |____|
          |__| W I R E L E S S   F R E E D O M
 -----------------------------------------------------
 OpenWrt 25.12-SNAPSHOT, r32842-865229fad9 Dave's Guitar
 -----------------------------------------------------

 === WARNING! =====================================
 There is no root password defined on this device!
 Use the "passwd" command to set up a new password
 in order to prevent unauthorized SSH logins.
 --------------------------------------------------

  ___   __ __                _______             __
 |   |_|__|  |--.----.-----.|   |   |-----.-----|  |--.
 |     |  |  _  |   _|  -__||       |  -__|__ --|     |
 |_____|__|_____|__| |_____||__|_|__|_____|_____|__|__|

 ------------------------------------------------------
 LiMe master development (master rev. 142c27f 20260407_1221)
 ------------------------------------------------------
 https://libremesh.org
 ------------------------------------------------------

 OpenWrt recently switched to the "apk" package manager!

 OPKG Command           APK Equivalent      Description
 ------------------------------------------------------------------
 opkg install <pkg>     apk add <pkg>       Install a package
 opkg remove <pkg>      apk del <pkg>       Remove a package
 opkg upgrade           apk upgrade         Upgrade all packages
 opkg files <pkg>       apk info -L <pkg>   List package contents
 opkg list-installed    apk info            List installed packages
 opkg update            apk update          Update package lists
 opkg search <pkg>      apk search <pkg>    Search for packages
 ------------------------------------------------------------------

For more information visit:
https://openwrt.org/docs/guide-user/additional-software/opkg-to-apk-cheatsheet

root@(none):~# dmesg -n 1
root@(none):~# echo 'LVEC''XFMMWJ'
LVECXFMMWJ
root@LiMe-123456:~# run() { echo -n "$MARKER"; sh -c "$@"; echo "$MARKER $?"; }
root@LiMe-123456:~# echo 'PMPW''GGGPFF'
PMPWGGGPFF
root@LiMe-123456:~# MARKER='MZEJ''VEPHCW' run 'ubus wait_for network.interface.l
an'
MZEJVEPHCWMZEJVEPHCW 0
root@LiMe-123456:~# echo 'PNOM''YEZAKU'
PNOMYEZAKU
root@LiMe-123456:~# MARKER='AHCZ''LNZLWO' run 'ubus call network.interface.lan s
tatus '"'"'{}'"'"''
AHCZLNZLWO{
	"up": true,
	"pending": false,
	"available": true,
	"autostart": true,
	"dynamic": false,
	"uptime": 2,
	"l3_device": "br-lan",
	"proto": "static",
	"device": "br-lan",
	"updated": [
		"addresses"
	],
	"metric": 0,
	"dns_metric": 0,
	"delegation": true,
	"ipv4-address": [
		{
			"address": "10.13.52.86",
			"mask": 16
		}
	],
	"ipv6-address": [
		{
			"address": "fd0d:fe46:8ce8::12:3456",
			"mask": 64
		}
	],
	"ipv6-prefix": [
		
	],
	"ipv6-prefix-assignment": [
		
	],
	"route": [
		
	],
	"dns-server": [
		
	],
	"dns-search": [
		
	],
	"neighbors": [
		
	],
	"inactive": {
		"ipv4-address": [
			
		],
		"ipv6-address": [
			
		],
		"route": [
			
		],
		"dns-server": [
			
		],
		"dns-search": [
			
		],
		"neighbors": [
			
		]
	},
	"data": {
		
	}
}
AHCZLNZLWO 0
root@LiMe-123456:~# echo 'QOZZ''XZNLNZ'
QOZZXZNLNZ
root@LiMe-123456:~# MARKER='HAYO''SJJJKN' run true
HAYOSJJJKNHAYOSJJJKN 0
root@LiMe-123456:~# echo 'SXXZ''MMQWMC'
SXXZMMQWMC
root@LiMe-123456:~# MARKER='WEKU''TPOONW' run 'source /etc/os-release; echo $BUI
LD_ID'
WEKUTPOONWr32842-865229fad9
WEKUTPOONW 0
root@LiMe-123456:~# echo 'TZLH''YYHWTB'
TZLHYYHWTB
root@LiMe-123456:~# MARKER='ZQHL''GGGXVE' run 'ls /etc/dropbear/dropbear_rsa_hos
t_key'
ZQHLGGGXVE[0;0m/etc/dropbear/dropbear_rsa_host_key[m
ZQHLGGGXVE 0
root@LiMe-123456:~# echo 'AFXM''EVMEKT'
AFXMEVMEKT
root@LiMe-123456:~# MARKER='ULCH''JLMHLP' run 'netstat -tlpn | grep 0.0.0.0:22'
ULCHJLMHLPtcp        0      0 0.0.0.0:22              0.0.0.0:*               LISTEN      2098/dropbear
ULCHJLMHLP 0
root@LiMe-123456:~# echo 'GSJX''FWGNNU'
GSJXFWGNNU
root@LiMe-123456:~# MARKER='MAEA''XBAAHV' run 'dmesg | grep br-lan | grep forwar
ding'
MAEAXBAAHV[   42.006449] br-lan: port 1(eth0) entered forwarding state
[   46.596361] br-lan: port 2(bat0) entered forwarding state
MAEAXBAAHV 0
root@LiMe-123456:~# echo 'CLBE''AWOBSZ'
CLBEAWOBSZ
root@LiMe-123456:~# MARKER='AWMC''CHFNFZ' run 'ubus call network.interface.lan s
tatus '"'"'{}'"'"''
AWMCCHFNFZ{
	"up": true,
	"pending": false,
	"available": true,
	"autostart": true,
	"dynamic": false,
	"uptime": 40,
	"l3_device": "br-lan",
	"proto": "static",
	"device": "br-lan",
	"updated": [
		"addresses"
	],
	"metric": 0,
	"dns_metric": 0,
	"delegation": true,
	"ipv4-address": [
		{
			"address": "10.13.52.86",
			"mask": 16
		}
	],
	"ipv6-address": [
		{
			"address": "fd0d:fe46:8ce8::12:3456",
			"mask": 64
		}
	],
	"ipv6-prefix": [
		
	],
	"ipv6-prefix-assignment": [
		
	],
	"route": [
		
	],
	"dns-server": [
		
	],
	"dns-search": [
		
	],
	"neighbors": [
		
	],
	"inactive": {
		"ipv4-address": [
			
		],
		"ipv6-address": [
			
		],
		"route": [
			
		],
		"dns-server": [
			
		],
		"dns-search": [
			
		],
		"neighbors": [
			
		]
	},
	"data": {
		
	}
}
AWMCCHFNFZ 0
root@LiMe-123456