Labgrid Console Logfile for main
Logfile started at 2026-03-10 02:09:38.532001
=== Log starts here ===
c[?7l[2J[0mSeaBIOS (version 1.16.3-debian-1.16.3-2)


iPXE (https://ipxe.org) 00:03.0 CA00 PCI2.10 PnP PMM+06FCAE70+06F0AE70 CA00
Press Ctrl-B to configure iPXE (PCI 00:03.0)...                                                                               




iPXE (https://ipxe.org) 00:05.0 CB00 PCI2.10 PnP PMM 06FCAE70 06F0AE70 CB00
Press Ctrl-B to configure iPXE (PCI 00:05.0)...                                                                               


Booting from Hard Disk...
GRUB loading.....
[0;30;47mWelcome to GRUB!

[01;01H[0m[2J[H[J[1;1H[?25l[m[H[J[1;1H[2;30HGNU GRUB  version 2.12

[m[4;2H+----------------------------------------------------------------------------+[5;2H|[5;79H|[6;2H|[6;79H|[7;2H|[7;79H|[8;2H|[8;79H|[9;2H|[9;79H|[10;2H|[10;79H|[11;2H|[11;79H|[12;2H|[12;79H|[13;2H|[13;79H|[14;2H|[14;79H|[15;2H|[15;79H|[16;2H+----------------------------------------------------------------------------+[m[17;2H[18;2H[m     Use the ^ and v keys to select which entry is highlighted.          
      Press enter to boot the selected OS, `e' to edit the commands       
      before booting or `c' for a command-line. ESC to return             
      previous menu.                                                      [5;80H [7m[5;3H*OpenWrt                                                                    [m[5;78H[m[m[6;3H OpenWrt (failsafe)                                                         [m[6;78H[m[m[7;3H                                                                            [m[7;78H[m[m[8;3H                                                                            [m[8;78H[m[m[9;3H                                                                            [m[9;78H[m[m[10;3H                                                                            [m[10;78H[m[m[11;3H                                                                            [m[11;78H[m[m[12;3H                                                                            [m[12;78H[m[m[13;3H                                                                            [m[13;78H[m[m[14;3H                                                                            [m[14;78H[m[m[15;3H                                                                            [m[15;78H[m[15;80H [5;78H[2J[02;30HGNU GRUB  version 2.12[04;02H┌────────────────────────────────────────────────────────────────────────────┐[05;02H│[05;79H│[06;02H│[06;79H│[07;02H│[07;79H│[08;02H│[08;79H│[09;02H│[09;79H│[10;02H│[10;79H│[11;02H│[11;79H│[12;02H│[12;79H│[13;02H│[13;79H│[14;02H│[14;79H│[15;02H│[15;79H│[16;02H│[16;79H│[17;02H└─────────────────────────────────────────────────────────────────────[17;71H[17;72H───────┘[19;02H     Use the ↑ and ↓ keys to select which entry is highlighted.          
      Press enter to boot the selected OS, `e'[20;46H[20;47H to edit the commands       
      before booting or `c' for a command-line. ESC to return             
      previous menu.                    [22;40H[22;41H                                  [05;80H [05;03H[0;30;47m*OpenWrt                                                                    [06;03H[0m OpenWrt (failsafe)                                                         [07;03H                                                                            [08;03H                                                 [08;51H[08;52H                           [09;03H                                                                            [10;03H                                                            [10;62H[10;63H                [11;03H                                                                            [12;03H                                                                            [13;03H                                                                            [14;03H                                                                            [15;03H   [15;05H[15;06H                                                                         [16;03H                                                                            [16;80H 






   The high[23;11H[23;12Hlighted entry will be executed automatically in 5s.                [22;1H   The highlighted entry will be executed automatically in 5s.                 [5;78H [05;78H

















   The highlighted entry will be executed automatically in 4s.                [22;1H   The highlighted entry will be executed automatically in 4s.                 [5;78H [05;78H

















   The highlighted entry will be executed automatically in 3s.                [22;1H   The highlighted entry will be executed automatically in 3s.                 [5;78H [05;78H

















   The highlighted entry will be executed automatically in 2s.           [23;73H[23;74H     [22;1H   The highlighted entry will be executed automatically in 2s.                 [5;78H [05;78H

















   The highlighted entry will be execu[23;38H[23;39Hted automatically in 1s.                [22;1H   The highlighted entry will be executed automatically in 1s.                 [5;78H [05;78H

















   The highlighted entry will be executed automatically in 0s.                [22;1H   The highlighted entry will be executed automatically in 0s.                 [5;78H [01;01H[2J[?25h[H[J[1;1H[H[J[1;1H[2J   Booting `OpenWrt' Booting `OpenWrt

'

[    0.000000] Linux version 6.12.74 (builder@buildhost) (x86_64-openwrt-linux-musl-gcc (OpenWrt GCC 14.3.0 r32729-445814147f) 14.3.0, GNU ld (GNU Binutils) 2.44) #0 SMP Sun Mar  8 18:46:23 2026
[    0.000000] Command line: BOOT_IMAGE=/boot/vmlinuz root=PARTUUID=6a3a575f-02 rootwait console=tty1 console=ttyS0,115200n8 noinitrd
[    0.000000] BIOS-provided physical RAM map:
[    0.000000] BIOS-e820: [mem 0x0000000000000000-0x000000000009fbff] usable
[    0.000000] BIOS-e820: [mem 0x000000000009fc00-0x000000000009ffff] reserved
[    0.000000] BIOS-e820: [mem 0x00000000000f0000-0x00000000000fffff] reserved
[    0.000000] BIOS-e820: [mem 0x0000000000100000-0x0000000007fdcfff] usable
[    0.000000] BIOS-e820: [mem 0x0000000007fdd000-0x0000000007ffffff] reserved
[    0.000000] BIOS-e820: [mem 0x00000000fffc0000-0x00000000ffffffff] reserved
[    0.000000] BIOS-e820: [mem 0x000000fd00000000-0x000000ffffffffff] reserved
[    0.000000] NX (Execute Disable) protection: active
[    0.000000] APIC: Static calls initialized
[    0.000000] SMBIOS 3.0.0 present.
[    0.000000] DMI: QEMU Standard PC (i440FX + PIIX, 1996), BIOS 1.16.3-debian-1.16.3-2 04/01/2014
[    0.000000] DMI: Memory slots populated: 1/1
[    0.000000] tsc: Fast TSC calibration using PIT
[    0.000000] tsc: Detected 2445.447 MHz processor
[    0.007419] last_pfn = 0x7fdd max_arch_pfn = 0x400000000
[    0.008026] MTRR map: 4 entries (3 fixed + 1 variable; max 19), built from 8 variable MTRRs
[    0.008220] x86/PAT: Configuration [0-7]: WB  WC  UC- UC  WB  WP  UC- WT  
[    0.027866] found SMP MP-table at [mem 0x000f5460-0x000f546f]
[    0.029269] Using GB pages for direct mapping
[    0.033609] ACPI: Early table checksum verification disabled
[    0.033952] ACPI: RSDP 0x00000000000F5290 000014 (v00 BOCHS )
[    0.034282] ACPI: RSDT 0x0000000007FE1C64 000034 (v01 BOCHS  BXPC     00000001 BXPC 00000001)
[    0.034792] ACPI: FACP 0x0000000007FE1B18 000074 (v01 BOCHS  BXPC     00000001 BXPC 00000001)
[    0.035389] ACPI: DSDT 0x0000000007FE0040 001AD8 (v01 BOCHS  BXPC     00000001 BXPC 00000001)
[    0.035463] ACPI: FACS 0x0000000007FE0000 000040
[    0.035512] ACPI: APIC 0x0000000007FE1B8C 000078 (v03 BOCHS  BXPC     00000001 BXPC 00000001)
[    0.035533] ACPI: HPET 0x0000000007FE1C04 000038 (v01 BOCHS  BXPC     00000001 BXPC 00000001)
[    0.035551] ACPI: WAET 0x0000000007FE1C3C 000028 (v01 BOCHS  BXPC     00000001 BXPC 00000001)
[    0.035625] ACPI: Reserving FACP table memory at [mem 0x7fe1b18-0x7fe1b8b]
[    0.035675] ACPI: Reserving DSDT table memory at [mem 0x7fe0040-0x7fe1b17]
[    0.035683] ACPI: Reserving FACS table memory at [mem 0x7fe0000-0x7fe003f]
[    0.035688] ACPI: Reserving APIC table memory at [mem 0x7fe1b8c-0x7fe1c03]
[    0.035694] ACPI: Reserving HPET table memory at [mem 0x7fe1c04-0x7fe1c3b]
[    0.035699] ACPI: Reserving WAET table memory at [mem 0x7fe1c3c-0x7fe1c63]
[    0.038857] Zone ranges:
[    0.038886]   DMA      [mem 0x0000000000001000-0x0000000000ffffff]
[    0.038963]   DMA32    [mem 0x0000000001000000-0x0000000007fdcfff]
[    0.038973]   Normal   empty
[    0.038990] Movable zone start for each node
[    0.039022] Early memory node ranges
[    0.039049]   node   0: [mem 0x0000000000001000-0x000000000009efff]
[    0.039103]   node   0: [mem 0x0000000000100000-0x0000000007fdcfff]
[    0.039245] Initmem setup node 0 [mem 0x0000000000001000-0x0000000007fdcfff]
[    0.040289] On node 0, zone DMA: 1 pages in unavailable ranges
[    0.040766] On node 0, zone DMA: 97 pages in unavailable ranges
[    0.042906] On node 0, zone DMA32: 35 pages in unavailable ranges
[    0.043275] ACPI: PM-Timer IO Port: 0x608
[    0.043678] ACPI: LAPIC_NMI (acpi_id[0xff] dfl dfl lint[0x1])
[    0.044099] IOAPIC[0]: apic_id 0, version 32, address 0xfec00000, GSI 0-23
[    0.044232] ACPI: INT_SRC_OVR (bus 0 bus_irq 0 global_irq 2 dfl dfl)
[    0.044489] ACPI: INT_SRC_OVR (bus 0 bus_irq 5 global_irq 5 high level)
[    0.044538] ACPI: INT_SRC_OVR (bus 0 bus_irq 9 global_irq 9 high level)
[    0.044636] ACPI: INT_SRC_OVR (bus 0 bus_irq 10 global_irq 10 high level)
[    0.044645] ACPI: INT_SRC_OVR (bus 0 bus_irq 11 global_irq 11 high level)
[    0.044825] ACPI: Using ACPI (MADT) for SMP configuration information
[    0.044870] ACPI: HPET id: 0x8086a201 base: 0xfed00000
[    0.045267] CPU topo: Max. logical packages:   1
[    0.045283] CPU topo: Max. logical dies:       1
[    0.045292] CPU topo: Max. dies per package:   1
[    0.045337] CPU topo: Max. threads per core:   1
[    0.045511] CPU topo: Num. cores per package:     1
[    0.045527] CPU topo: Num. threads per package:   1
[    0.045536] CPU topo: Allowing 1 present CPUs plus 0 hotplug CPUs
[    0.046713] [mem 0x08000000-0xfffbffff] available for PCI devices
[    0.046780] Booting paravirtualized kernel on bare hardware
[    0.047094] clocksource: refined-jiffies: mask: 0xffffffff max_cycles: 0xffffffff, max_idle_ns: 19112604462750000 ns
[    0.047758] setup_percpu: NR_CPUS:512 nr_cpumask_bits:1 nr_cpu_ids:1 nr_node_ids:1
[    0.049745] percpu: Embedded 48 pages/cpu s158104 r8192 d30312 u2097152
[    0.052080] Kernel command line: BOOT_IMAGE=/boot/vmlinuz root=PARTUUID=6a3a575f-02 rootwait console=tty1 console=ttyS0,115200n8 noinitrd
[    0.053713] random: crng init done
[    0.058425] Dentry cache hash table entries: 16384 (order: 5, 131072 bytes, linear)
[    0.059373] Inode-cache hash table entries: 8192 (order: 4, 65536 bytes, linear)
[    0.061988] Built 1 zonelists, mobility grouping on.  Total pages: 32635
[    0.062228] mem auto-init: stack:off, heap alloc:off, heap free:off
[    0.071911] SLUB: HWalign=64, Order=0-3, MinObjects=0, CPUs=1, Nodes=1
[    0.079820] rcu: Hierarchical RCU implementation.
[    0.079849] rcu: 	RCU restricting CPUs from NR_CPUS=512 to nr_cpu_ids=1.
[    0.080000] 	Tracing variant of Tasks RCU enabled.
[    0.080219] rcu: RCU calculated value of scheduler-enlistment delay is 10 jiffies.
[    0.080252] rcu: Adjusting geometry for rcu_fanout_leaf=16, nr_cpu_ids=1
[    0.081418] RCU Tasks Trace: Setting shift to 0 and lim to 1 rcu_task_cb_adjust=1 rcu_task_cpu_ids=1.
[    0.081548] NR_IRQS: 33024, nr_irqs: 256, preallocated irqs: 16
[    0.090319] rcu: srcu_init: Setting srcu_struct sizes based on contention.
[    0.097231] Console: colour VGA+ 80x25
[    0.097666] printk: legacy console [tty1] enabled
[    0.105745] printk: legacy console [ttyS0] enabled
[    0.359141] ACPI: Core revision 20240827
[    0.364530] clocksource: hpet: mask: 0xffffffff max_cycles: 0xffffffff, max_idle_ns: 19112604467 ns
[    0.369324] APIC: Switch to symmetric I/O mode setup
[    0.373917] ..TIMER: vector=0x30 apic1=0 pin1=2 apic2=-1 pin2=-1
[    0.416467] clocksource: tsc-early: mask: 0xffffffffffffffff max_cycles: 0x233feb71e1f, max_idle_ns: 440795232043 ns
[    0.417144] Calibrating delay loop (skipped), value calculated using timer frequency.. 4890.89 BogoMIPS (lpj=24454470)
[    0.419085] x86/cpu: User Mode Instruction Prevention (UMIP) activated
[    0.434606] Last level iTLB entries: 4KB 0, 2MB 0, 4MB 0
[    0.437283] Last level dTLB entries: 4KB 0, 2MB 0, 4MB 0, 1GB 0
[    0.438356] Spectre V1 : Mitigation: usercopy/swapgs barriers and __user pointer sanitization
[    0.439329] Spectre V2 : Mitigation: Retpolines
[    0.439580] Spectre V2 : Spectre v2 / SpectreRSB: Filling RSB on context switch and VMEXIT
[    0.440047] Speculative Store Bypass: Vulnerable
[    0.449200] x86/fpu: Supporting XSAVE feature 0x001: 'x87 floating point registers'
[    0.453947] x86/fpu: Supporting XSAVE feature 0x002: 'SSE registers'
[    0.454244] x86/fpu: Supporting XSAVE feature 0x004: 'AVX registers'
[    0.458055] x86/fpu: Supporting XSAVE feature 0x008: 'MPX bounds registers'
[    0.459361] x86/fpu: Supporting XSAVE feature 0x010: 'MPX CSR'
[    0.460002] x86/fpu: xstate_offset[2]:  576, xstate_sizes[2]:  256
[    0.460386] x86/fpu: xstate_offset[3]:  960, xstate_sizes[3]:   64
[    0.460647] x86/fpu: xstate_offset[4]: 1024, xstate_sizes[4]:   64
[    0.467088] x86/fpu: Enabled xstate features 0x1f, context size is 1088 bytes, using 'standard' format.
[    0.710004] Freeing SMP alternatives memory: 40K
[    0.710850] pid_max: default: 32768 minimum: 301
[    0.720413] Mount-cache hash table entries: 512 (order: 0, 4096 bytes, linear)
[    0.720894] Mountpoint-cache hash table entries: 512 (order: 0, 4096 bytes, linear)
[    0.872778] smpboot: CPU0: AMD QEMU TCG CPU version 2.5+ (family: 0x6, model: 0x6, stepping: 0x3)
[    0.877960] Performance Events: PMU not available due to virtualization, using software events only.
[    0.879467] signal: max sigframe size: 1616
[    0.898573] rcu: Hierarchical SRCU implementation.
[    0.898842] rcu: 	Max phase no-delay instances is 1000.
[    0.906765] smp: Bringing up secondary CPUs ...
[    0.909715] smp: Brought up 1 node, 1 CPU
[    0.910030] smpboot: Total of 1 processors activated (4890.89 BogoMIPS)
[    0.917794] Memory: 103276K/130540K available (14336K kernel code, 1177K rwdata, 2552K rodata, 1492K init, 1304K bss, 25620K reserved, 0K cma-reserved)
[    0.930335] clocksource: jiffies: mask: 0xffffffff max_cycles: 0xffffffff, max_idle_ns: 19112604462750000 ns
[    0.931198] futex hash table entries: 256 (order: 2, 16384 bytes, linear)
[    0.932404] pinctrl core: initialized pinctrl subsystem
[    0.951466] NET: Registered PF_NETLINK/PF_ROUTE protocol family
[    0.957751] thermal_sys: Registered thermal governor 'step_wise'
[    0.957787] thermal_sys: Registered thermal governor 'user_space'
[    0.958881] cpuidle: using governor ladder
[    0.960553] acpiphp: ACPI Hot Plug PCI Controller Driver version: 0.5
[    0.964922] PCI: Using configuration type 1 for base access
[    0.973842] cryptd: max_cpu_qlen set to 1000
[    0.979492] ACPI: Added _OSI(Module Device)
[    0.979711] ACPI: Added _OSI(Processor Device)
[    0.979911] ACPI: Added _OSI(Processor Aggregator Device)
[    0.994125] ACPI: 1 ACPI AML tables successfully acquired and loaded
[    1.011377] ACPI: Interpreter enabled
[    1.012221] ACPI: PM: (supports S0 S5)
[    1.012450] ACPI: Using IOAPIC for interrupt routing
[    1.013084] PCI: Using host bridge windows from ACPI; if necessary, use "pci=nocrs" and report a bug
[    1.013514] PCI: Using E820 reservations for host bridge windows
[    1.018944] ACPI: Enabled 2 GPEs in block 00 to 0F
[    1.056682] ACPI: PCI Root Bridge [PCI0] (domain 0000 [bus 00-ff])
[    1.057549] acpi PNP0A03:00: _OSC: OS supports [ASPM ClockPM Segments MSI HPX-Type3]
[    1.058069] acpi PNP0A03:00: _OSC: not requesting OS control; OS requires [ExtendedConfig ASPM ClockPM MSI]
[    1.058990] acpi PNP0A03:00: fail to add MMCONFIG information, can't access extended configuration space under this bridge
[    1.071728] acpiphp: Slot [3] registered
[    1.072080] acpiphp: Slot [4] registered
[    1.072553] acpiphp: Slot [5] registered
[    1.072812] acpiphp: Slot [6] registered
[    1.077350] acpiphp: Slot [7] registered
[    1.077822] acpiphp: Slot [8] registered
[    1.079414] acpiphp: Slot [9] registered
[    1.079684] acpiphp: Slot [10] registered
[    1.079954] acpiphp: Slot [11] registered
[    1.080235] acpiphp: Slot [12] registered
[    1.087391] acpiphp: Slot [13] registered
[    1.087830] acpiphp: Slot [14] registered
[    1.088152] acpiphp: Slot [15] registered
[    1.088433] acpiphp: Slot [16] registered
[    1.088692] acpiphp: Slot [17] registered
[    1.088961] acpiphp: Slot [18] registered
[    1.097319] acpiphp: Slot [19] registered
[    1.097776] acpiphp: Slot [20] registered
[    1.098185] acpiphp: Slot [21] registered
[    1.098461] acpiphp: Slot [22] registered
[    1.098721] acpiphp: Slot [23] registered
[    1.098983] acpiphp: Slot [24] registered
[    1.099269] acpiphp: Slot [25] registered
[    1.107431] acpiphp: Slot [26] registered
[    1.107850] acpiphp: Slot [27] registered
[    1.108113] acpiphp: Slot [28] registered
[    1.108391] acpiphp: Slot [29] registered
[    1.108681] acpiphp: Slot [30] registered
[    1.108949] acpiphp: Slot [31] registered
[    1.117657] PCI host bridge to bus 0000:00
[    1.118303] pci_bus 0000:00: root bus resource [io  0x0000-0x0cf7 window]
[    1.118736] pci_bus 0000:00: root bus resource [io  0x0d00-0xffff window]
[    1.119013] pci_bus 0000:00: root bus resource [mem 0x000a0000-0x000bffff window]
[    1.127250] pci_bus 0000:00: root bus resource [mem 0x08000000-0xfebfffff window]
[    1.127765] pci_bus 0000:00: root bus resource [mem 0x100000000-0x17fffffff window]
[    1.128388] pci_bus 0000:00: root bus resource [bus 00-ff]
[    1.138564] pci 0000:00:00.0: [8086:1237] type 00 class 0x060000 conventional PCI endpoint
[    1.151222] pci 0000:00:01.0: [8086:7000] type 00 class 0x060100 conventional PCI endpoint
[    1.152171] pci 0000:00:01.1: [8086:7010] type 00 class 0x010180 conventional PCI endpoint
[    1.159296] pci 0000:00:01.1: BAR 4 [io  0xc0e0-0xc0ef]
[    1.160662] pci 0000:00:01.1: BAR 0 [io  0x01f0-0x01f7]: legacy IDE quirk
[    1.160979] pci 0000:00:01.1: BAR 1 [io  0x03f6]: legacy IDE quirk
[    1.161275] pci 0000:00:01.1: BAR 2 [io  0x0170-0x0177]: legacy IDE quirk
[    1.167251] pci 0000:00:01.1: BAR 3 [io  0x0376]: legacy IDE quirk
[    1.168526] pci 0000:00:01.3: [8086:7113] type 00 class 0x068000 conventional PCI endpoint
[    1.169256] pci 0000:00:01.3: quirk: [io  0x0600-0x063f] claimed by PIIX4 ACPI
[    1.169595] pci 0000:00:01.3: quirk: [io  0x0700-0x070f] claimed by PIIX4 SMB
[    1.178136] pci 0000:00:02.0: [1234:1111] type 00 class 0x030000 conventional PCI endpoint
[    1.179047] pci 0000:00:02.0: BAR 0 [mem 0xfd000000-0xfdffffff pref]
[    1.180657] pci 0000:00:02.0: BAR 2 [mem 0xfeb90000-0xfeb90fff]
[    1.189564] pci 0000:00:02.0: ROM [mem 0xfeb80000-0xfeb8ffff pref]
[    1.190134] pci 0000:00:02.0: Video device with shadowed ROM at [mem 0x000c0000-0x000dffff]
[    1.191312] pci 0000:00:03.0: [1af4:1000] type 00 class 0x020000 conventional PCI endpoint
[    1.192676] pci 0000:00:03.0: BAR 0 [io  0xc080-0xc09f]
[    1.199431] pci 0000:00:03.0: BAR 4 [mem 0xfe000000-0xfe003fff 64bit pref]
[    1.200667] pci 0000:00:03.0: ROM [mem 0xfea80000-0xfeafffff pref]
[    1.209459] pci 0000:00:04.0: [1af4:1005] type 00 class 0x00ff00 conventional PCI endpoint
[    1.211742] pci 0000:00:04.0: BAR 0 [io  0xc0a0-0xc0bf]
[    1.212941] pci 0000:00:04.0: BAR 1 [mem 0xfeb91000-0xfeb91fff]
[    1.216027] pci 0000:00:04.0: BAR 4 [mem 0xfe004000-0xfe007fff 64bit pref]
[    1.221443] pci 0000:00:05.0: [1af4:1000] type 00 class 0x020000 conventional PCI endpoint
[    1.224287] pci 0000:00:05.0: BAR 0 [io  0xc0c0-0xc0df]
[    1.225127] pci 0000:00:05.0: BAR 1 [mem 0xfeb92000-0xfeb92fff]
[    1.227389] pci 0000:00:05.0: BAR 4 [mem 0xfe008000-0xfe00bfff 64bit pref]
[    1.228358] pci 0000:00:05.0: ROM [mem 0xfeb00000-0xfeb7ffff pref]
[    1.238850] pci 0000:00:06.0: [1af4:1001] type 00 class 0x010000 conventional PCI endpoint
[    1.239805] pci 0000:00:06.0: BAR 0 [io  0xc000-0xc07f]
[    1.240602] pci 0000:00:06.0: BAR 1 [mem 0xfeb93000-0xfeb93fff]
[    1.242406] pci 0000:00:06.0: BAR 4 [mem 0xfe00c000-0xfe00ffff 64bit pref]
[    1.253699] ACPI: PCI: Interrupt link LNKA configured for IRQ 10
[    1.254588] ACPI: PCI: Interrupt link LNKB configured for IRQ 10
[    1.255241] ACPI: PCI: Interrupt link LNKC configured for IRQ 11
[    1.255905] ACPI: PCI: Interrupt link LNKD configured for IRQ 11
[    1.256591] ACPI: PCI: Interrupt link LNKS configured for IRQ 9
[    1.260058] iommu: Default domain type: Translated
[    1.260308] iommu: DMA domain TLB invalidation policy: lazy mode
[    1.263233] SCSI subsystem initialized
[    1.268810] ACPI: bus type USB registered
[    1.269358] usbcore: registered new interface driver usbfs
[    1.269858] usbcore: registered new interface driver hub
[    1.270227] usbcore: registered new device driver usb
[    1.270813] pps_core: LinuxPPS API ver. 1 registered
[    1.277151] pps_core: Software ver. 5.3.6 - Copyright 2005-2007 Rodolfo Giometti <giometti@linux.it>
[    1.277853] PTP clock support registered
[    1.290085] PCI: Using ACPI for IRQ routing
[    1.292411] hpet0: at MMIO 0xfed00000, IRQs 2, 8, 0
[    1.292734] hpet0: 3 comparators, 64-bit 100.000000 MHz counter
[    1.298382] clocksource: Switched to clocksource tsc-early
[    1.302191] pnp: PnP ACPI init
[    1.306388] pnp: PnP ACPI: found 6 devices
[    1.319781] clocksource: acpi_pm: mask: 0xffffff max_cycles: 0xffffff, max_idle_ns: 2085701024 ns
[    1.321153] NET: Registered PF_INET protocol family
[    1.322377] IP idents hash table entries: 2048 (order: 2, 16384 bytes, linear)
[    1.328272] tcp_listen_portaddr_hash hash table entries: 256 (order: 0, 4096 bytes, linear)
[    1.330578] Table-perturb hash table entries: 65536 (order: 6, 262144 bytes, linear)
[    1.331120] TCP established hash table entries: 1024 (order: 1, 8192 bytes, linear)
[    1.331615] TCP bind hash table entries: 1024 (order: 3, 32768 bytes, linear)
[    1.341524] TCP: Hash tables configured (established 1024 bind 1024)
[    1.343501] MPTCP token hash table entries: 256 (order: 1, 6144 bytes, linear)
[    1.344055] UDP hash table entries: 256 (order: 1, 8192 bytes, linear)
[    1.344537] UDP-Lite hash table entries: 256 (order: 1, 8192 bytes, linear)
[    1.354135] NET: Registered PF_UNIX/PF_LOCAL protocol family
[    1.355612] pci_bus 0000:00: resource 4 [io  0x0000-0x0cf7 window]
[    1.356003] pci_bus 0000:00: resource 5 [io  0x0d00-0xffff window]
[    1.356269] pci_bus 0000:00: resource 6 [mem 0x000a0000-0x000bffff window]
[    1.364993] pci_bus 0000:00: resource 7 [mem 0x08000000-0xfebfffff window]
[    1.365458] pci_bus 0000:00: resource 8 [mem 0x100000000-0x17fffffff window]
[    1.366341] pci 0000:00:01.0: PIIX3: Enabling Passive Release
[    1.366693] pci 0000:00:00.0: Limiting direct PCI/PCI transfers
[    1.376920] PCI: CLS 0 bytes, default 64
[    1.397231] workingset: timestamp_bits=46 max_order=15 bucket_order=0
[    1.399864] squashfs: version 4.0 (2009/01/31) Phillip Lougher
[    1.402735] Block layer SCSI generic (bsg) driver version 0.4 loaded (major 247)
[    1.406497] hv_vmbus: registering driver hyperv_fb
[    1.411001] input: Power Button as /devices/LNXSYSTM:00/LNXPWRBN:00/input/input0
[    1.419636] ACPI: button: Power Button [PWRF]
[    1.579606] ACPI: \_SB_.LNKC: Enabled at IRQ 11
[    1.732815] ACPI: \_SB_.LNKD: Enabled at IRQ 10
[    1.883805] ACPI: \_SB_.LNKA: Enabled at IRQ 10
[    2.035558] ACPI: \_SB_.LNKB: Enabled at IRQ 11
[    2.037628] Serial: 8250/16550 driver, 16 ports, IRQ sharing enabled
[    2.063026] 00:04: ttyS0 at I/O 0x3f8 (irq = 4, base_baud = 115200) is a 16550A
[    2.089404] Non-volatile memory driver v1.3
[    2.100357] Linux agpgart interface v0.103
[    2.101396] ACPI: bus type drm_connector registered
[    2.104146] [drm] Found bochs VGA, ID 0xb0c5.
[    2.104398] [drm] Framebuffer size 16384 kB @ 0xfd000000, mmio @ 0xfeb90000.
[    2.111780] [drm] Found EDID data blob.
[    2.117193] [drm] Initialized bochs-drm 1.0.0 for 0000:00:02.0 on minor 0
[    2.184882] Console: switching to colour frame buffer device 160x50
[    2.194107] bochs-drm 0000:00:02.0: [drm] fb0: bochs-drmdrmfb frame buffer device
[    2.217144] loop: module loaded
[    2.218108] virtio_blk virtio3: 1/0/0 default/read/poll queues
[    2.240920] virtio_blk virtio3: [vda] 246784 512-byte logical blocks (126 MB/121 MiB)
[    2.250177]  vda: vda1 vda2
[    2.252550] Guest personality initialized and is inactive
[    2.253188] VMCI host device registered (name=vmci, major=10, minor=256)
[    2.253512] Initialized host personality
[    2.253895] usbcore: registered new interface driver rtsx_usb
[    2.254928] VMware PVSCSI driver - version 1.0.7.0-k
[    2.263538] hv_vmbus: registering driver hv_storvsc
[    2.279836] scsi host0: ata_piix
[    2.282283] scsi host1: ata_piix
[    2.283133] ata1: PATA max MWDMA2 cmd 0x1f0 ctl 0x3f6 bmdma 0xc0e0 irq 14 lpm-pol 0
[    2.283522] ata2: PATA max MWDMA2 cmd 0x170 ctl 0x376 bmdma 0xc0e8 irq 15 lpm-pol 0
[    2.293922] VMware vmxnet3 virtual NIC driver - version 1.9.0.0-k-NAPI
[    2.294561] hv_vmbus: registering driver hv_netvsc
[    2.294959] Fusion MPT base driver 3.04.20
[    2.295146] Copyright (c) 1999-2008 LSI Corporation
[    2.295571] Fusion MPT SPI Host driver 3.04.20
[    2.304923] Fusion MPT SAS Host driver 3.04.20
[    2.307099] usbcore: registered new interface driver usb-storage
[    2.308391] i8042: PNP: PS/2 Controller [PNP0303:KBD,PNP0f13:MOU] at 0x60,0x64 irq 1,12
[    2.311692] serio: i8042 KBD port at 0x60,0x64 irq 1
[    2.312098] serio: i8042 AUX port at 0x60,0x64 irq 12
[    2.318806] hv_vmbus: registering driver hyperv_keyboard
[    2.321176] rtc_cmos 00:05: RTC can wake from S4
[    2.326062] rtc_cmos 00:05: registered as rtc0
[    2.328969] rtc_cmos 00:05: setting system clock to 2026-03-10T02:09:49 UTC (1773108589)
[    2.331549] rtc_cmos 00:05: alarms up to one day, y3k, 242 bytes nvram, hpet irqs
[    2.334155] intel_powerclamp: CPU does not support MWAIT
[    2.336398] amd_pstate: the _CPC object is not present in SBIOS or ACPI disabled
[    2.342232] sdhci: Secure Digital Host Controller Interface driver
[    2.344172] sdhci: Copyright(c) Pierre Ossman
[    2.346595] VUB300 Driver rom wait states = 1C irqpoll timeout = 0400
[    2.352952] input: AT Translated Set 2 keyboard as /devices/platform/i8042/serio0/input/input1
[    2.376693] usbcore: registered new interface driver vub300
[    2.378924] usbcore: registered new interface driver ushc
[    2.386463] hid: raw HID events driver (C) Jiri Kosina
[    2.389171] hv_vmbus: registering driver hid_hyperv
[    2.391875] usbcore: registered new interface driver usbhid
[    2.393861] usbhid: USB HID core driver
[    2.395921] hv_utils: Registering HyperV Utility Driver
[    2.397972] hv_vmbus: registering driver hv_utils
[    2.400278] hv_vmbus: registering driver hv_balloon
[    2.403698] NET: Registered PF_INET6 protocol family
[    2.418207] Segment Routing with IPv6
[    2.420363] In-situ OAM (IOAM) with IPv6
[    2.422750] NET: Registered PF_PACKET protocol family
[    2.425186] bridge: filtering via arp/ip/ip6tables is no longer available by default. Update your scripts to load br_netfilter if you need this.
[    2.435088] 8021q: 802.1Q VLAN Support v1.8
[    2.437771] NET: Registered PF_VSOCK protocol family
[    2.446934] IPI shorthand broadcast: enabled
[    2.449620] tsc: Refined TSC clocksource calibration: 2445.415 MHz
[    2.451965] clocksource: tsc: mask: 0xffffffffffffffff max_cycles: 0x233fcd1c1b7, max_idle_ns: 440795219035 ns
[    2.458558] clocksource: Switched to clocksource tsc
[    2.464717] AES CTR mode by8 optimization enabled
[    2.486142] sched_clock: Marking stable (2210071898, 266200310)->(2482064687, -5792479)
[    2.526697] ata2: found unknown device (class 0)
[    2.564675] ata2.00: ATAPI: QEMU DVD-ROM, 2.5+, max UDMA/100
[    2.589462] scsi 1:0:0:0: CD-ROM            QEMU     QEMU DVD-ROM     2.5+ PQ: 0 ANSI: 5
[    2.600406] clk: Disabling unused clocks
[    2.648076] sr 1:0:0:0: [sr0] scsi3-mmc drive: 4x/4x cd/rw xa/form2 tray
[    2.650660] cdrom: Uniform CD-ROM driver Revision: 3.20
[    2.697478] VFS: Mounted root (squashfs filesystem) readonly on device 254:2.
[    2.764847] Freeing unused kernel image (initmem) memory: 1492K
[    2.767509] Write protecting the kernel read-only data: 18432k
[    2.771731] Freeing unused kernel image (rodata/data gap) memory: 1544K
[    2.774387] Run /sbin/init as init process
[    3.070891] init: Console is alive
[    3.625975] kmodloader: loading kernel modules from /etc/modules-boot.d/*
[    3.684286] button_hotplug: loading out-of-tree module taints kernel.
[    3.691114] Button Hotplug driver version 0.4.1
[    3.710996] Intel(R) 2.5G Ethernet Linux Driver
[    3.713374] Copyright(c) 2018 Intel Corporation.
[    3.728641] igb: Intel(R) Gigabit Ethernet Network Driver
[    3.731073] igb: Copyright (c) 2007-2014 Intel Corporation.
[    3.746880] e1000e: Intel(R) PRO/1000 Network Driver
[    3.749218] e1000e: Copyright(c) 1999 - 2015 Intel Corporation.
[    3.761234] kmodloader: done loading kernel modules from /etc/modules-boot.d/*
[    3.780298] init: - preinit -
[    4.825356] 8021q: adding VLAN 0 to HW filter on device eth0
Press the [f] key and hit [enter] to enter failsafe mode
Press the [1], [2], [3] or [4] key and hit [enter] to select the debug level
[    9.469586] loop0: detected capacity change from 0 to 212992
[    9.496686] loop0: detected capacity change from 212992 to 200960
[    9.509225] mount_root: overlay filesystem in /dev/loop0 has not been formatted yet
[    9.851272] EXT4-fs (loop0): mounted filesystem bf1fb1ed-a79b-4f6e-b34e-f3e58212fa69 r/w with ordered data mode. Quota mode: disabled.
[    9.864827] mount_root: overlay filesystem has not been fully initialized yet
[    9.882385] mount_root: switching to ext4 overlay
[    9.903294] overlayfs: null uuid detected in lower fs '/', falling back to xino=off,index=off,nfs_export=off.
[   10.632926] EXT4-fs (vda1): mounted filesystem 84173db5-fa99-e35a-95c6-28613cc79ea9 r/w without journal. Quota mode: disabled.
[   10.656381] urandom-seed: Seed file not found (/etc/urandom.seed)
[   10.801933] procd: - early -
[   11.546783] procd: - ubus -
[   11.653006] procd: - init -
Please press Enter to activate this console.
root
login[1046]: root login on 'ttyS0'


BusyBox v1.37.0 (2026-03-08 18:46:23 UTC) built-in shell (ash)

  _______                     ________        __
 |       |.-----.-----.-----.|  |  |  |.----.|  |_
 |   -   ||  _  |  -__|     ||  |  |  ||   _||   _|
 |_______||   __|_____|__|__||________||__|  |____|
          |__| W I R E L E S S   F R E E D O M
 -----------------------------------------------------
 OpenWrt 25.12-SNAPSHOT, r32729-445814147f Dave's Guitar
 -----------------------------------------------------

 === WARNING! =====================================
 There is no root password defined on this device!
 Use the "passwd" command to set up a new password
 in order to prevent unauthorized SSH logins.
 --------------------------------------------------


 OpenWrt recently switched to the "apk" package manager!

 OPKG Command           APK Equivalent      Description
 ------------------------------------------------------------------
 opkg install <pkg>     apk add <pkg>       Install a package
 opkg remove <pkg>      apk del <pkg>       Remove a package
 opkg upgrade           apk upgrade         Upgrade all packages
 opkg files <pkg>       apk info -L <pkg>   List package contents
 opkg list-installed    apk info            List installed packages
 opkg update            apk update          Update package lists
 opkg search <pkg>      apk search <pkg>    Search for packages
 ------------------------------------------------------------------

For more information visit:
https://openwrt.org/docs/guide-user/additional-software/opkg-to-apk-cheatsheet

root@(none):~# dmesg -n 1
root@(none):~# echo 'TPZN''VKPWPE'
TPZNVKPWPE
root@(none):~# run() { echo -n "$MARKER"; sh -c "$@"; echo "$MARKER $?"; }
root@(none):~# echo 'NWLW''FXTWXY'
NWLWFXTWXY
root@(none):~# MARKER='MBXB''HFJXJT' run 'ubus wait_for network.interface.lan'
MBXBHFJXJTMBXBHFJXJT 0
root@OpenWrt:~# echo 'NOHK''VCXXCW'
NOHKVCXXCW
root@OpenWrt:~# MARKER='YZKP''GAAZSB' run 'ubus call network.interface.lan statu
s '"'"'{}'"'"''
YZKPGAAZSB{
	"up": true,
	"pending": false,
	"available": true,
	"autostart": true,
	"dynamic": false,
	"uptime": 0,
	"l3_device": "br-lan",
	"proto": "static",
	"device": "br-lan",
	"updated": [
		"addresses"
	],
	"metric": 0,
	"dns_metric": 0,
	"delegation": true,
	"ipv4-address": [
		{
			"address": "192.168.1.1",
			"mask": 24
		}
	],
	"ipv6-address": [
		
	],
	"ipv6-prefix": [
		
	],
	"ipv6-prefix-assignment": [
		{
			"address": "fd7c:9b47:4d67::",
			"mask": 60,
			"local-address": {
				"address": "fd7c:9b47:4d67::1",
				"mask": 60
			}
		}
	],
	"route": [
		
	],
	"dns-server": [
		
	],
	"dns-search": [
		
	],
	"neighbors": [
		
	],
	"inactive": {
		"ipv4-address": [
			
		],
		"ipv6-address": [
			
		],
		"route": [
			
		],
		"dns-server": [
			
		],
		"dns-search": [
			
		],
		"neighbors": [
			
		]
	},
	"data": {
		
	}
}
YZKPGAAZSB 0
root@OpenWrt:~# echo 'WLPQ''GBETXF'
WLPQGBETXF
root@OpenWrt:~# MARKER='KTUK''HBXUHJ' run true
KTUKHBXUHJKTUKHBXUHJ 0
root@OpenWrt:~# echo 'NOLH''BGWQUN'
NOLHBGWQUN
root@OpenWrt:~# MARKER='UBTC''OQTVSB' run 'source /etc/os-release; echo $BUILD_I
D'
UBTCOQTVSBr32729-445814147f
UBTCOQTVSB 0
root@OpenWrt:~# echo 'PKTZ''FUYVVN'
PKTZFUYVVN
root@OpenWrt:~# MARKER='JTLN''YFVEOZ' run 'ls /etc/dropbear/dropbear_rsa_host_ke
y'
JTLNYFVEOZ[0;0m/etc/dropbear/dropbear_rsa_host_key[m
JTLNYFVEOZ 0
root@OpenWrt:~# echo 'JNOX''XOMLMC'
JNOXXOMLMC
root@OpenWrt:~# MARKER='PEFG''KHJUHK' run 'netstat -tlpn | grep 0.0.0.0:22'
PEFGKHJUHKnetstat: showing only processes with your user ID
tcp        0      0 0.0.0.0:22              0.0.0.0:*               LISTEN      1756/dropbear
PEFGKHJUHK 0
root@OpenWrt:~# echo 'QCCE''KFEGOZ'
QCCEKFEGOZ
root@OpenWrt:~# MARKER='UWAT''THXQJH' run 'dmesg | grep br-lan | grep forwarding
'
UWATTHXQJH[   33.487092] br-lan: port 1(eth0) entered forwarding state
UWATTHXQJH 0
root@OpenWrt:~# echo 'JHQG''CPHBZZ'
JHQGCPHBZZ
root@OpenWrt:~# MARKER='PUKS''OSGNZS' run 'ubus call network.interface.lan statu
s '"'"'{}'"'"''
PUKSOSGNZS{
	"up": true,
	"pending": false,
	"available": true,
	"autostart": true,
	"dynamic": false,
	"uptime": 7,
	"l3_device": "br-lan",
	"proto": "static",
	"device": "br-lan",
	"updated": [
		"addresses"
	],
	"metric": 0,
	"dns_metric": 0,
	"delegation": true,
	"ipv4-address": [
		{
			"address": "192.168.1.1",
			"mask": 24
		}
	],
	"ipv6-address": [
		
	],
	"ipv6-prefix": [
		
	],
	"ipv6-prefix-assignment": [
		{
			"address": "fd7c:9b47:4d67::",
			"mask": 60,
			"local-address": {
				"address": "fd7c:9b47:4d67::1",
				"mask": 60
			}
		}
	],
	"route": [
		
	],
	"dns-server": [
		
	],
	"dns-search": [
		
	],
	"neighbors": [
		
	],
	"inactive": {
		"ipv4-address": [
			
		],
		"ipv6-address": [
			
		],
		"route": [
			
		],
		"dns-server": [
			
		],
		"dns-search": [
			
		],
		"neighbors": [
			
		]
	},
	"data": {
		
	}
}
PUKSOSGNZS 0
root@OpenWrt:~# echo 'GNWS''UWVLZL'
GNWSUWVLZL
root@OpenWrt:~# MARKER='CYXB''ELYQBM' run 'ip -o addr show dev br-lan'
CYXBELYQBM4: br-lan    inet 192.168.1.1/24 brd 192.168.1.255 scope global br-lan\       valid_lft forever preferred_lft forever
4: br-lan    inet6 fd7c:9b47:4d67::1/60 scope global noprefixroute \       valid_lft forever preferred_lft forever
4: br-lan    inet6 fe80::5054:ff:fe12:3456/64 scope link \       valid_lft forever preferred_lft forever
CYXBELYQBM 0
root@OpenWrt:~# echo 'SQFU''OPKKCV'
SQFUOPKKCV
root@OpenWrt:~# MARKER='EFFK''MXCOFH' run 'ubus call network.interface.wan statu
s '"'"'{}'"'"''
EFFKMXCOFH{
	"up": true,
	"pending": false,
	"available": true,
	"autostart": true,
	"dynamic": false,
	"uptime": 8,
	"l3_device": "eth1",
	"proto": "dhcp",
	"device": "eth1",
	"updated": [
		"addresses",
		"routes",
		"data"
	],
	"metric": 0,
	"dns_metric": 0,
	"delegation": true,
	"ipv4-address": [
		{
			"address": "10.0.2.15",
			"mask": 24
		}
	],
	"ipv6-address": [
		
	],
	"ipv6-prefix": [
		
	],
	"ipv6-prefix-assignment": [
		
	],
	"route": [
		{
			"target": "0.0.0.0",
			"mask": 0,
			"nexthop": "10.0.2.2",
			"source": "10.0.2.15/32"
		}
	],
	"dns-server": [
		"10.0.2.3"
	],
	"dns-search": [
		
	],
	"neighbors": [
		
	],
	"inactive": {
		"ipv4-address": [
			
		],
		"ipv6-address": [
			
		],
		"route": [
			
		],
		"dns-server": [
			
		],
		"dns-search": [
			
		],
		"neighbors": [
			
		]
	},
	"data": {
		"dhcpserver": "10.0.2.2",
		"leasetime": 86400
	}
}
EFFKMXCOFH 0
root@OpenWrt:~# 