Labgrid Console Logfile for main
Logfile started at 2026-03-09 02:09:14.831766
=== Log starts here ===
c[?7l[2J[0mSeaBIOS (version 1.16.3-debian-1.16.3-2)


iPXE (https://ipxe.org) 00:03.0 CA00 PCI2.10 PnP PMM+06FCAE70+06F0AE70 CA00
Press Ctrl-B to configure iPXE (PCI 00:03.0)...                                                                               




iPXE (https://ipxe.org) 00:05.0 CB00 PCI2.10 PnP PMM 06FCAE70 06F0AE70 CB00
Press Ctrl-B to configure iPXE (PCI 00:05.0)...                                                                               


Booting from Hard Disk...
GRUB loading.....
[0;30;47mWelcome to GRUB!

[01;01H[0m[2J[H[J[1;1H[?25l[m[H[J[1;1H[2;30HGNU GRUB  version 2.12

[m[4;2H+----------------------------------------------------------------------------+[5;2H|[5;79H|[6;2H|[6;79H|[7;2H|[7;79H|[8;2H|[8;79H|[9;2H|[9;79H|[10;2H|[10;79H|[11;2H|[11;79H|[12;2H|[12;79H|[13;2H|[13;79H|[14;2H|[14;79H|[15;2H|[15;79H|[16;2H+----------------------------------------------------------------------------+[m[17;2H[18;2H[m     Use the ^ and v keys to select which entry is highlighted.          
      Press enter to boot the selected OS, `e' to edit the commands       
      before booting or `c' for a command-line. ESC to return             
      previous menu.                                                      [5;80H [7m[5;3H*OpenWrt                                                                    [m[5;78H[m[m[6;3H OpenWrt (failsafe)                                                         [m[6;78H[m[m[7;3H                                                                            [m[7;78H[m[m[8;3H                                                                            [m[8;78H[m[m[9;3H                                                                            [m[9;78H[m[m[10;3H                                                                            [m[10;78H[m[m[11;3H                                                                            [m[11;78H[m[m[12;3H                                                                            [m[12;78H[m[m[13;3H                                                                            [m[13;78H[m[m[14;3H                                                                            [m[14;78H[m[m[15;3H                                                                            [m[15;78H[m[15;80H [5;78H[2J[02;30HGNU GRUB  version 2.12[04;02H┌───────────────────────────────────────[04;41H[04;42H─────────────────────────────────────┐[05;02H│[05;79H│[06;02H│[06;79H│[07;02H│[07;79H│[08;02H│[08;79H│[09;02H│[09;79H│[10;02H│[10;79H│[11;02H│[11;79H│[12;02H│[12;79H│[13;02H│[13;79H│[14;02H│[14;79H│[15;02H│[15;79H│[16;02H│[16;79H│[17;02H└────────────────────────────────────────────────────────────────────────────┘[19;02H     U[19;07H[19;08Hse the ↑ and ↓ keys to select which entry is highlighted.          
      Press enter to boot the selected OS, `e' to edit the commands       
      before booting or `c' for a command-line. ESC to return             
      previous menu.                                                      [05;80H [05;03H[0;30;47m*OpenWrt                       [05;33H[05;34H                                             [06;03H[0m OpenWrt (failsafe)                                                         [07;03H                                          [07;44H[07;45H                                  [08;03H                                                                            [09;03H                                                   [09;53H[09;54H                         [10;03H                                                                            [11;03H                                                             [11;63H[11;64H               [12;03H                                                                            [13;03H                                                                       [13;73H[13;74H     [14;03H                                                                            [15;03H                                                                            [16;03H                                                                            [16;80H 






   The highlighted entry will be executed automatically in 5s.                [22;1H   The highlighted entry will be executed automatically in 5s.                 [5;78H [05;78H

















   The highlighted entry will be executed automaticall[23;54H[23;55Hy in 4s.                [22;1H   The highlighted entry will be executed automatically in 4s.                 [5;78H [05;78H

















   The highlighted entry will be executed automatically in 3s.                [22;1H   The highlighted entry will be executed automatically in 3s.                 [5;78H [05;78H

















   The highlighted entry will be executed automatically in 2s.                [22;1H   The highlighted entry will be executed automatically in 2s.                 [5;78H [05;78H

















   The highlighted entry will be executed automatically in 1s.                [22;1H   The highlighted entry will be executed automatically in 1s.                 [5;78H [05;78H

















   The highlighted entry will be executed automatically in 0s.                 [22;1H   The highlighted entry will be executed automatically in 0s.                 [5;78H[01;01H[2J[?25h[H[J[1;1H[H[J[1;1H[2J   Booting `OpenWrt' Booting `OpenWrt

'

[    0.000000] Linux version 6.12.71 (builder@buildhost) (x86_64-openwrt-linux-musl-gcc (OpenWrt GCC 14.3.0 r32722-65041d9860) 14.3.0, GNU ld (GNU Binutils) 2.44) #0 SMP Sun Mar  8 07:26:48 2026
[    0.000000] Command line: BOOT_IMAGE=/boot/vmlinuz root=PARTUUID=b89b6f70-02 rootwait console=tty1 console=ttyS0,115200n8 noinitrd
[    0.000000] BIOS-provided physical RAM map:
[    0.000000] BIOS-e820: [mem 0x0000000000000000-0x000000000009fbff] usable
[    0.000000] BIOS-e820: [mem 0x000000000009fc00-0x000000000009ffff] reserved
[    0.000000] BIOS-e820: [mem 0x00000000000f0000-0x00000000000fffff] reserved
[    0.000000] BIOS-e820: [mem 0x0000000000100000-0x0000000007fdcfff] usable
[    0.000000] BIOS-e820: [mem 0x0000000007fdd000-0x0000000007ffffff] reserved
[    0.000000] BIOS-e820: [mem 0x00000000fffc0000-0x00000000ffffffff] reserved
[    0.000000] BIOS-e820: [mem 0x000000fd00000000-0x000000ffffffffff] reserved
[    0.000000] NX (Execute Disable) protection: active
[    0.000000] APIC: Static calls initialized
[    0.000000] SMBIOS 3.0.0 present.
[    0.000000] DMI: QEMU Standard PC (i440FX + PIIX, 1996), BIOS 1.16.3-debian-1.16.3-2 04/01/2014
[    0.000000] DMI: Memory slots populated: 1/1
[    0.000000] tsc: Fast TSC calibration using PIT
[    0.000000] tsc: Detected 2445.428 MHz processor
[    0.007369] last_pfn = 0x7fdd max_arch_pfn = 0x400000000
[    0.008013] MTRR map: 4 entries (3 fixed + 1 variable; max 19), built from 8 variable MTRRs
[    0.008200] x86/PAT: Configuration [0-7]: WB  WC  UC- UC  WB  WP  UC- WT  
[    0.028415] found SMP MP-table at [mem 0x000f5460-0x000f546f]
[    0.029815] Using GB pages for direct mapping
[    0.034209] ACPI: Early table checksum verification disabled
[    0.034563] ACPI: RSDP 0x00000000000F5290 000014 (v00 BOCHS )
[    0.034874] ACPI: RSDT 0x0000000007FE1C64 000034 (v01 BOCHS  BXPC     00000001 BXPC 00000001)
[    0.035399] ACPI: FACP 0x0000000007FE1B18 000074 (v01 BOCHS  BXPC     00000001 BXPC 00000001)
[    0.036006] ACPI: DSDT 0x0000000007FE0040 001AD8 (v01 BOCHS  BXPC     00000001 BXPC 00000001)
[    0.036078] ACPI: FACS 0x0000000007FE0000 000040
[    0.036128] ACPI: APIC 0x0000000007FE1B8C 000078 (v03 BOCHS  BXPC     00000001 BXPC 00000001)
[    0.036149] ACPI: HPET 0x0000000007FE1C04 000038 (v01 BOCHS  BXPC     00000001 BXPC 00000001)
[    0.036167] ACPI: WAET 0x0000000007FE1C3C 000028 (v01 BOCHS  BXPC     00000001 BXPC 00000001)
[    0.036241] ACPI: Reserving FACP table memory at [mem 0x7fe1b18-0x7fe1b8b]
[    0.036292] ACPI: Reserving DSDT table memory at [mem 0x7fe0040-0x7fe1b17]
[    0.036300] ACPI: Reserving FACS table memory at [mem 0x7fe0000-0x7fe003f]
[    0.036305] ACPI: Reserving APIC table memory at [mem 0x7fe1b8c-0x7fe1c03]
[    0.036311] ACPI: Reserving HPET table memory at [mem 0x7fe1c04-0x7fe1c3b]
[    0.036317] ACPI: Reserving WAET table memory at [mem 0x7fe1c3c-0x7fe1c63]
[    0.039395] Zone ranges:
[    0.039424]   DMA      [mem 0x0000000000001000-0x0000000000ffffff]
[    0.039505]   DMA32    [mem 0x0000000001000000-0x0000000007fdcfff]
[    0.039515]   Normal   empty
[    0.039533] Movable zone start for each node
[    0.039565] Early memory node ranges
[    0.039592]   node   0: [mem 0x0000000000001000-0x000000000009efff]
[    0.039646]   node   0: [mem 0x0000000000100000-0x0000000007fdcfff]
[    0.039772] Initmem setup node 0 [mem 0x0000000000001000-0x0000000007fdcfff]
[    0.040822] On node 0, zone DMA: 1 pages in unavailable ranges
[    0.041313] On node 0, zone DMA: 97 pages in unavailable ranges
[    0.043419] On node 0, zone DMA32: 35 pages in unavailable ranges
[    0.043779] ACPI: PM-Timer IO Port: 0x608
[    0.044196] ACPI: LAPIC_NMI (acpi_id[0xff] dfl dfl lint[0x1])
[    0.044614] IOAPIC[0]: apic_id 0, version 32, address 0xfec00000, GSI 0-23
[    0.044730] ACPI: INT_SRC_OVR (bus 0 bus_irq 0 global_irq 2 dfl dfl)
[    0.045002] ACPI: INT_SRC_OVR (bus 0 bus_irq 5 global_irq 5 high level)
[    0.045053] ACPI: INT_SRC_OVR (bus 0 bus_irq 9 global_irq 9 high level)
[    0.045152] ACPI: INT_SRC_OVR (bus 0 bus_irq 10 global_irq 10 high level)
[    0.045166] ACPI: INT_SRC_OVR (bus 0 bus_irq 11 global_irq 11 high level)
[    0.045374] ACPI: Using ACPI (MADT) for SMP configuration information
[    0.045421] ACPI: HPET id: 0x8086a201 base: 0xfed00000
[    0.045811] CPU topo: Max. logical packages:   1
[    0.045827] CPU topo: Max. logical dies:       1
[    0.045836] CPU topo: Max. dies per package:   1
[    0.045882] CPU topo: Max. threads per core:   1
[    0.046066] CPU topo: Num. cores per package:     1
[    0.046083] CPU topo: Num. threads per package:   1
[    0.046092] CPU topo: Allowing 1 present CPUs plus 0 hotplug CPUs
[    0.047287] [mem 0x08000000-0xfffbffff] available for PCI devices
[    0.047358] Booting paravirtualized kernel on bare hardware
[    0.047684] clocksource: refined-jiffies: mask: 0xffffffff max_cycles: 0xffffffff, max_idle_ns: 19112604462750000 ns
[    0.048361] setup_percpu: NR_CPUS:512 nr_cpumask_bits:1 nr_cpu_ids:1 nr_node_ids:1
[    0.050371] percpu: Embedded 48 pages/cpu s158104 r8192 d30312 u2097152
[    0.052702] Kernel command line: BOOT_IMAGE=/boot/vmlinuz root=PARTUUID=b89b6f70-02 rootwait console=tty1 console=ttyS0,115200n8 noinitrd
[    0.054371] random: crng init done
[    0.059126] Dentry cache hash table entries: 16384 (order: 5, 131072 bytes, linear)
[    0.060077] Inode-cache hash table entries: 8192 (order: 4, 65536 bytes, linear)
[    0.062701] Built 1 zonelists, mobility grouping on.  Total pages: 32635
[    0.062940] mem auto-init: stack:off, heap alloc:off, heap free:off
[    0.073049] SLUB: HWalign=64, Order=0-3, MinObjects=0, CPUs=1, Nodes=1
[    0.080981] rcu: Hierarchical RCU implementation.
[    0.081011] rcu: 	RCU restricting CPUs from NR_CPUS=512 to nr_cpu_ids=1.
[    0.081163] 	Tracing variant of Tasks RCU enabled.
[    0.081258] rcu: RCU calculated value of scheduler-enlistment delay is 10 jiffies.
[    0.081291] rcu: Adjusting geometry for rcu_fanout_leaf=16, nr_cpu_ids=1
[    0.082450] RCU Tasks Trace: Setting shift to 0 and lim to 1 rcu_task_cb_adjust=1 rcu_task_cpu_ids=1.
[    0.082580] NR_IRQS: 33024, nr_irqs: 256, preallocated irqs: 16
[    0.091391] rcu: srcu_init: Setting srcu_struct sizes based on contention.
[    0.098405] Console: colour VGA+ 80x25
[    0.098987] printk: legacy console [tty1] enabled
[    0.107194] printk: legacy console [ttyS0] enabled
[    0.351715] ACPI: Core revision 20240827
[    0.367183] clocksource: hpet: mask: 0xffffffff max_cycles: 0xffffffff, max_idle_ns: 19112604467 ns
[    0.372008] APIC: Switch to symmetric I/O mode setup
[    0.376357] ..TIMER: vector=0x30 apic1=0 pin1=2 apic2=-1 pin2=-1
[    0.419087] clocksource: tsc-early: mask: 0xffffffffffffffff max_cycles: 0x233fd98c0cf, max_idle_ns: 440795209930 ns
[    0.419840] Calibrating delay loop (skipped), value calculated using timer frequency.. 4890.85 BogoMIPS (lpj=24454280)
[    0.421810] x86/cpu: User Mode Instruction Prevention (UMIP) activated
[    0.439935] Last level iTLB entries: 4KB 0, 2MB 0, 4MB 0
[    0.440354] Last level dTLB entries: 4KB 0, 2MB 0, 4MB 0, 1GB 0
[    0.441448] Spectre V1 : Mitigation: usercopy/swapgs barriers and __user pointer sanitization
[    0.442565] Spectre V2 : Mitigation: Retpolines
[    0.442818] Spectre V2 : Spectre v2 / SpectreRSB: Filling RSB on context switch and VMEXIT
[    0.443314] Speculative Store Bypass: Vulnerable
[    0.451809] x86/fpu: Supporting XSAVE feature 0x001: 'x87 floating point registers'
[    0.456571] x86/fpu: Supporting XSAVE feature 0x002: 'SSE registers'
[    0.456867] x86/fpu: Supporting XSAVE feature 0x004: 'AVX registers'
[    0.460725] x86/fpu: Supporting XSAVE feature 0x008: 'MPX bounds registers'
[    0.462201] x86/fpu: Supporting XSAVE feature 0x010: 'MPX CSR'
[    0.462907] x86/fpu: xstate_offset[2]:  576, xstate_sizes[2]:  256
[    0.463307] x86/fpu: xstate_offset[3]:  960, xstate_sizes[3]:   64
[    0.463563] x86/fpu: xstate_offset[4]: 1024, xstate_sizes[4]:   64
[    0.469766] x86/fpu: Enabled xstate features 0x1f, context size is 1088 bytes, using 'standard' format.
[    0.694114] Freeing SMP alternatives memory: 40K
[    0.694944] pid_max: default: 32768 minimum: 301
[    0.704509] Mount-cache hash table entries: 512 (order: 0, 4096 bytes, linear)
[    0.704972] Mountpoint-cache hash table entries: 512 (order: 0, 4096 bytes, linear)
[    0.857083] smpboot: CPU0: AMD QEMU TCG CPU version 2.5+ (family: 0x6, model: 0x6, stepping: 0x3)
[    0.860585] Performance Events: PMU not available due to virtualization, using software events only.
[    0.862254] signal: max sigframe size: 1616
[    0.880481] rcu: Hierarchical SRCU implementation.
[    0.880798] rcu: 	Max phase no-delay instances is 1000.
[    0.891572] smp: Bringing up secondary CPUs ...
[    0.893389] smp: Brought up 1 node, 1 CPU
[    0.893695] smpboot: Total of 1 processors activated (4890.85 BogoMIPS)
[    0.901653] Memory: 103276K/130540K available (14336K kernel code, 1177K rwdata, 2552K rodata, 1492K init, 1304K bss, 25620K reserved, 0K cma-reserved)
[    0.916016] clocksource: jiffies: mask: 0xffffffff max_cycles: 0xffffffff, max_idle_ns: 19112604462750000 ns
[    0.916896] futex hash table entries: 256 (order: 2, 16384 bytes, linear)
[    0.918128] pinctrl core: initialized pinctrl subsystem
[    0.938368] NET: Registered PF_NETLINK/PF_ROUTE protocol family
[    0.944954] thermal_sys: Registered thermal governor 'step_wise'
[    0.944999] thermal_sys: Registered thermal governor 'user_space'
[    0.946037] cpuidle: using governor ladder
[    0.947795] acpiphp: ACPI Hot Plug PCI Controller Driver version: 0.5
[    0.951901] PCI: Using configuration type 1 for base access
[    0.961308] cryptd: max_cpu_qlen set to 1000
[    0.967160] ACPI: Added _OSI(Module Device)
[    0.967394] ACPI: Added _OSI(Processor Device)
[    0.967591] ACPI: Added _OSI(Processor Aggregator Device)
[    0.982005] ACPI: 1 ACPI AML tables successfully acquired and loaded
[    0.999074] ACPI: Interpreter enabled
[    0.999948] ACPI: PM: (supports S0 S5)
[    1.000180] ACPI: Using IOAPIC for interrupt routing
[    1.000831] PCI: Using host bridge windows from ACPI; if necessary, use "pci=nocrs" and report a bug
[    1.001236] PCI: Using E820 reservations for host bridge windows
[    1.011393] ACPI: Enabled 2 GPEs in block 00 to 0F
[    1.042248] ACPI: PCI Root Bridge [PCI0] (domain 0000 [bus 00-ff])
[    1.043189] acpi PNP0A03:00: _OSC: OS supports [ASPM ClockPM Segments MSI HPX-Type3]
[    1.045489] acpi PNP0A03:00: _OSC: not requesting OS control; OS requires [ExtendedConfig ASPM ClockPM MSI]
[    1.046478] acpi PNP0A03:00: fail to add MMCONFIG information, can't access extended configuration space under this bridge
[    1.054306] acpiphp: Slot [3] registered
[    1.054671] acpiphp: Slot [4] registered
[    1.054941] acpiphp: Slot [5] registered
[    1.055202] acpiphp: Slot [6] registered
[    1.060022] acpiphp: Slot [7] registered
[    1.060507] acpiphp: Slot [8] registered
[    1.062197] acpiphp: Slot [9] registered
[    1.062460] acpiphp: Slot [10] registered
[    1.062755] acpiphp: Slot [11] registered
[    1.063020] acpiphp: Slot [12] registered
[    1.063287] acpiphp: Slot [13] registered
[    1.070060] acpiphp: Slot [14] registered
[    1.070549] acpiphp: Slot [15] registered
[    1.070955] acpiphp: Slot [16] registered
[    1.071221] acpiphp: Slot [17] registered
[    1.071517] acpiphp: Slot [18] registered
[    1.071796] acpiphp: Slot [19] registered
[    1.079957] acpiphp: Slot [20] registered
[    1.080449] acpiphp: Slot [21] registered
[    1.080883] acpiphp: Slot [22] registered
[    1.081150] acpiphp: Slot [23] registered
[    1.081437] acpiphp: Slot [24] registered
[    1.081703] acpiphp: Slot [25] registered
[    1.090125] acpiphp: Slot [26] registered
[    1.090550] acpiphp: Slot [27] registered
[    1.090896] acpiphp: Slot [28] registered
[    1.091197] acpiphp: Slot [29] registered
[    1.091474] acpiphp: Slot [30] registered
[    1.091741] acpiphp: Slot [31] registered
[    1.100329] PCI host bridge to bus 0000:00
[    1.110063] pci_bus 0000:00: root bus resource [io  0x0000-0x0cf7 window]
[    1.110469] pci_bus 0000:00: root bus resource [io  0x0d00-0xffff window]
[    1.110740] pci_bus 0000:00: root bus resource [mem 0x000a0000-0x000bffff window]
[    1.119946] pci_bus 0000:00: root bus resource [mem 0x08000000-0xfebfffff window]
[    1.120431] pci_bus 0000:00: root bus resource [mem 0x100000000-0x17fffffff window]
[    1.120942] pci_bus 0000:00: root bus resource [bus 00-ff]
[    1.122395] pci 0000:00:00.0: [8086:1237] type 00 class 0x060000 conventional PCI endpoint
[    1.133832] pci 0000:00:01.0: [8086:7000] type 00 class 0x060100 conventional PCI endpoint
[    1.134793] pci 0000:00:01.1: [8086:7010] type 00 class 0x010180 conventional PCI endpoint
[    1.137829] pci 0000:00:01.1: BAR 4 [io  0xc0e0-0xc0ef]
[    1.141175] pci 0000:00:01.1: BAR 0 [io  0x01f0-0x01f7]: legacy IDE quirk
[    1.141501] pci 0000:00:01.1: BAR 1 [io  0x03f6]: legacy IDE quirk
[    1.141786] pci 0000:00:01.1: BAR 2 [io  0x0170-0x0177]: legacy IDE quirk
[    1.142107] pci 0000:00:01.1: BAR 3 [io  0x0376]: legacy IDE quirk
[    1.150963] pci 0000:00:01.3: [8086:7113] type 00 class 0x068000 conventional PCI endpoint
[    1.151651] pci 0000:00:01.3: quirk: [io  0x0600-0x063f] claimed by PIIX4 ACPI
[    1.152011] pci 0000:00:01.3: quirk: [io  0x0700-0x070f] claimed by PIIX4 SMB
[    1.160613] pci 0000:00:02.0: [1234:1111] type 00 class 0x030000 conventional PCI endpoint
[    1.161469] pci 0000:00:02.0: BAR 0 [mem 0xfd000000-0xfdffffff pref]
[    1.163132] pci 0000:00:02.0: BAR 2 [mem 0xfeb90000-0xfeb90fff]
[    1.170699] pci 0000:00:02.0: ROM [mem 0xfeb80000-0xfeb8ffff pref]
[    1.175849] pci 0000:00:02.0: Video device with shadowed ROM at [mem 0x000c0000-0x000dffff]
[    1.177023] pci 0000:00:03.0: [1af4:1000] type 00 class 0x020000 conventional PCI endpoint
[    1.178554] pci 0000:00:03.0: BAR 0 [io  0xc080-0xc09f]
[    1.182495] pci 0000:00:03.0: BAR 4 [mem 0xfe000000-0xfe003fff 64bit pref]
[    1.190251] pci 0000:00:03.0: ROM [mem 0xfea80000-0xfeafffff pref]
[    1.195357] pci 0000:00:04.0: [1af4:1005] type 00 class 0x00ff00 conventional PCI endpoint
[    1.196429] pci 0000:00:04.0: BAR 0 [io  0xc0a0-0xc0bf]
[    1.198719] pci 0000:00:04.0: BAR 1 [mem 0xfeb91000-0xfeb91fff]
[    1.201150] pci 0000:00:04.0: BAR 4 [mem 0xfe004000-0xfe007fff 64bit pref]
[    1.205874] pci 0000:00:05.0: [1af4:1000] type 00 class 0x020000 conventional PCI endpoint
[    1.207662] pci 0000:00:05.0: BAR 0 [io  0xc0c0-0xc0df]
[    1.210558] pci 0000:00:05.0: BAR 1 [mem 0xfeb92000-0xfeb92fff]
[    1.213442] pci 0000:00:05.0: BAR 4 [mem 0xfe008000-0xfe00bfff 64bit pref]
[    1.214263] pci 0000:00:05.0: ROM [mem 0xfeb00000-0xfeb7ffff pref]
[    1.218052] pci 0000:00:06.0: [1af4:1001] type 00 class 0x010000 conventional PCI endpoint
[    1.220720] pci 0000:00:06.0: BAR 0 [io  0xc000-0xc07f]
[    1.221726] pci 0000:00:06.0: BAR 1 [mem 0xfeb93000-0xfeb93fff]
[    1.224499] pci 0000:00:06.0: BAR 4 [mem 0xfe00c000-0xfe00ffff 64bit pref]
[    1.233690] ACPI: PCI: Interrupt link LNKA configured for IRQ 10
[    1.234637] ACPI: PCI: Interrupt link LNKB configured for IRQ 10
[    1.235297] ACPI: PCI: Interrupt link LNKC configured for IRQ 11
[    1.235994] ACPI: PCI: Interrupt link LNKD configured for IRQ 11
[    1.236452] ACPI: PCI: Interrupt link LNKS configured for IRQ 9
[    1.243323] iommu: Default domain type: Translated
[    1.243568] iommu: DMA domain TLB invalidation policy: lazy mode
[    1.251266] SCSI subsystem initialized
[    1.252898] ACPI: bus type USB registered
[    1.253463] usbcore: registered new interface driver usbfs
[    1.255714] usbcore: registered new interface driver hub
[    1.256274] usbcore: registered new device driver usb
[    1.256872] pps_core: LinuxPPS API ver. 1 registered
[    1.257133] pps_core: Software ver. 5.3.6 - Copyright 2005-2007 Rodolfo Giometti <giometti@linux.it>
[    1.260062] PTP clock support registered
[    1.277943] PCI: Using ACPI for IRQ routing
[    1.280377] hpet0: at MMIO 0xfed00000, IRQs 2, 8, 0
[    1.280689] hpet0: 3 comparators, 64-bit 100.000000 MHz counter
[    1.286436] clocksource: Switched to clocksource tsc-early
[    1.286436] pnp: PnP ACPI init
[    1.289053] pnp: PnP ACPI: found 6 devices
[    1.304797] clocksource: acpi_pm: mask: 0xffffff max_cycles: 0xffffff, max_idle_ns: 2085701024 ns
[    1.306601] NET: Registered PF_INET protocol family
[    1.308185] IP idents hash table entries: 2048 (order: 2, 16384 bytes, linear)
[    1.315633] tcp_listen_portaddr_hash hash table entries: 256 (order: 0, 4096 bytes, linear)
[    1.316174] Table-perturb hash table entries: 65536 (order: 6, 262144 bytes, linear)
[    1.316631] TCP established hash table entries: 1024 (order: 1, 8192 bytes, linear)
[    1.317243] TCP bind hash table entries: 1024 (order: 3, 32768 bytes, linear)
[    1.326719] TCP: Hash tables configured (established 1024 bind 1024)
[    1.328750] MPTCP token hash table entries: 256 (order: 1, 6144 bytes, linear)
[    1.329319] UDP hash table entries: 256 (order: 1, 8192 bytes, linear)
[    1.337590] UDP-Lite hash table entries: 256 (order: 1, 8192 bytes, linear)
[    1.339566] NET: Registered PF_UNIX/PF_LOCAL protocol family
[    1.341000] pci_bus 0000:00: resource 4 [io  0x0000-0x0cf7 window]
[    1.341294] pci_bus 0000:00: resource 5 [io  0x0d00-0xffff window]
[    1.348172] pci_bus 0000:00: resource 6 [mem 0x000a0000-0x000bffff window]
[    1.348614] pci_bus 0000:00: resource 7 [mem 0x08000000-0xfebfffff window]
[    1.349015] pci_bus 0000:00: resource 8 [mem 0x100000000-0x17fffffff window]
[    1.349769] pci 0000:00:01.0: PIIX3: Enabling Passive Release
[    1.359392] pci 0000:00:00.0: Limiting direct PCI/PCI transfers
[    1.359955] PCI: CLS 0 bytes, default 64
[    1.380233] workingset: timestamp_bits=46 max_order=15 bucket_order=0
[    1.383056] squashfs: version 4.0 (2009/01/31) Phillip Lougher
[    1.386107] Block layer SCSI generic (bsg) driver version 0.4 loaded (major 247)
[    1.389962] hv_vmbus: registering driver hyperv_fb
[    1.395076] input: Power Button as /devices/LNXSYSTM:00/LNXPWRBN:00/input/input0
[    1.403958] ACPI: button: Power Button [PWRF]
[    1.564230] ACPI: \_SB_.LNKC: Enabled at IRQ 11
[    1.718425] ACPI: \_SB_.LNKD: Enabled at IRQ 10
[    1.869914] ACPI: \_SB_.LNKA: Enabled at IRQ 10
[    2.022505] ACPI: \_SB_.LNKB: Enabled at IRQ 11
[    2.024348] Serial: 8250/16550 driver, 16 ports, IRQ sharing enabled
[    2.049760] 00:04: ttyS0 at I/O 0x3f8 (irq = 4, base_baud = 115200) is a 16550A
[    2.075645] Non-volatile memory driver v1.3
[    2.086907] Linux agpgart interface v0.103
[    2.088237] ACPI: bus type drm_connector registered
[    2.091171] [drm] Found bochs VGA, ID 0xb0c5.
[    2.091407] [drm] Framebuffer size 16384 kB @ 0xfd000000, mmio @ 0xfeb90000.
[    2.097083] [drm] Found EDID data blob.
[    2.102832] [drm] Initialized bochs-drm 1.0.0 for 0000:00:02.0 on minor 0
[    2.171705] Console: switching to colour frame buffer device 160x50
[    2.180949] bochs-drm 0000:00:02.0: [drm] fb0: bochs-drmdrmfb frame buffer device
[    2.199995] loop: module loaded
[    2.200683] virtio_blk virtio3: 1/0/0 default/read/poll queues
[    2.222839] virtio_blk virtio3: [vda] 246784 512-byte logical blocks (126 MB/121 MiB)
[    2.232122]  vda: vda1 vda2
[    2.234495] Guest personality initialized and is inactive
[    2.235130] VMCI host device registered (name=vmci, major=10, minor=256)
[    2.235447] Initialized host personality
[    2.235837] usbcore: registered new interface driver rtsx_usb
[    2.236899] VMware PVSCSI driver - version 1.0.7.0-k
[    2.245381] hv_vmbus: registering driver hv_storvsc
[    2.261935] scsi host0: ata_piix
[    2.264437] scsi host1: ata_piix
[    2.265286] ata1: PATA max MWDMA2 cmd 0x1f0 ctl 0x3f6 bmdma 0xc0e0 irq 14 lpm-pol 0
[    2.265654] ata2: PATA max MWDMA2 cmd 0x170 ctl 0x376 bmdma 0xc0e8 irq 15 lpm-pol 0
[    2.276234] VMware vmxnet3 virtual NIC driver - version 1.9.0.0-k-NAPI
[    2.276973] hv_vmbus: registering driver hv_netvsc
[    2.277374] Fusion MPT base driver 3.04.20
[    2.277578] Copyright (c) 1999-2008 LSI Corporation
[    2.278140] Fusion MPT SPI Host driver 3.04.20
[    2.287064] Fusion MPT SAS Host driver 3.04.20
[    2.289400] usbcore: registered new interface driver usb-storage
[    2.290716] i8042: PNP: PS/2 Controller [PNP0303:KBD,PNP0f13:MOU] at 0x60,0x64 irq 1,12
[    2.294048] serio: i8042 KBD port at 0x60,0x64 irq 1
[    2.294479] serio: i8042 AUX port at 0x60,0x64 irq 12
[    2.301171] hv_vmbus: registering driver hyperv_keyboard
[    2.303619] rtc_cmos 00:05: RTC can wake from S4
[    2.308678] rtc_cmos 00:05: registered as rtc0
[    2.311399] rtc_cmos 00:05: setting system clock to 2026-03-09T02:09:25 UTC (1773022165)
[    2.313844] rtc_cmos 00:05: alarms up to one day, y3k, 242 bytes nvram, hpet irqs
[    2.316579] intel_powerclamp: CPU does not support MWAIT
[    2.321934] amd_pstate: the _CPC object is not present in SBIOS or ACPI disabled
[    2.324480] sdhci: Secure Digital Host Controller Interface driver
[    2.326466] sdhci: Copyright(c) Pierre Ossman
[    2.329025] VUB300 Driver rom wait states = 1C irqpoll timeout = 0400
[    2.335449] input: AT Translated Set 2 keyboard as /devices/platform/i8042/serio0/input/input1
[    2.359480] usbcore: registered new interface driver vub300
[    2.361717] usbcore: registered new interface driver ushc
[    2.369782] hid: raw HID events driver (C) Jiri Kosina
[    2.372481] hv_vmbus: registering driver hid_hyperv
[    2.375195] usbcore: registered new interface driver usbhid
[    2.377192] usbhid: USB HID core driver
[    2.379516] hv_utils: Registering HyperV Utility Driver
[    2.382903] hv_vmbus: registering driver hv_utils
[    2.384871] hv_vmbus: registering driver hv_balloon
[    2.388649] NET: Registered PF_INET6 protocol family
[    2.403929] Segment Routing with IPv6
[    2.406165] In-situ OAM (IOAM) with IPv6
[    2.408901] NET: Registered PF_PACKET protocol family
[    2.411382] bridge: filtering via arp/ip/ip6tables is no longer available by default. Update your scripts to load br_netfilter if you need this.
[    2.420626] 8021q: 802.1Q VLAN Support v1.8
[    2.423239] NET: Registered PF_VSOCK protocol family
[    2.432834] IPI shorthand broadcast: enabled
[    2.439681] AES CTR mode by8 optimization enabled
[    2.460991] sched_clock: Marking stable (2190095552, 267800836)->(2470364352, -12467964)
[    2.492154] tsc: Refined TSC clocksource calibration: 2445.431 MHz
[    2.494750] clocksource: tsc: mask: 0xffffffffffffffff max_cycles: 0x233fdc46f83, max_idle_ns: 440795225539 ns
[    2.508434] ata2: found unknown device (class 0)
[    2.523794] ata2.00: ATAPI: QEMU DVD-ROM, 2.5+, max UDMA/100
[    2.541625] clocksource: Switched to clocksource tsc
[    2.546279] scsi 1:0:0:0: CD-ROM            QEMU     QEMU DVD-ROM     2.5+ PQ: 0 ANSI: 5
[    2.590098] clk: Disabling unused clocks
[    2.629841] sr 1:0:0:0: [sr0] scsi3-mmc drive: 4x/4x cd/rw xa/form2 tray
[    2.632477] cdrom: Uniform CD-ROM driver Revision: 3.20
[    2.690425] VFS: Mounted root (squashfs filesystem) readonly on device 254:2.
[    2.759191] Freeing unused kernel image (initmem) memory: 1492K
[    2.761851] Write protecting the kernel read-only data: 18432k
[    2.766139] Freeing unused kernel image (rodata/data gap) memory: 1544K
[    2.768883] Run /sbin/init as init process
[    3.082484] init: Console is alive
[    3.591230] kmodloader: loading kernel modules from /etc/modules-boot.d/*
[    3.651382] button_hotplug: loading out-of-tree module taints kernel.
[    3.658433] Button Hotplug driver version 0.4.1
[    3.677673] Intel(R) 2.5G Ethernet Linux Driver
[    3.680229] Copyright(c) 2018 Intel Corporation.
[    3.695885] igb: Intel(R) Gigabit Ethernet Network Driver
[    3.698477] igb: Copyright (c) 2007-2014 Intel Corporation.
[    3.715264] e1000e: Intel(R) PRO/1000 Network Driver
[    3.717787] e1000e: Copyright(c) 1999 - 2015 Intel Corporation.
[    3.731321] kmodloader: done loading kernel modules from /etc/modules-boot.d/*
[    3.744669] init: - preinit -
[    4.813465] 8021q: adding VLAN 0 to HW filter on device eth0
Press the [f] key and hit [enter] to enter failsafe mode
Press the [1], [2], [3] or [4] key and hit [enter] to select the debug level
[    9.503845] loop0: detected capacity change from 0 to 212992
[    9.538605] loop0: detected capacity change from 212992 to 200960
[    9.552486] mount_root: overlay filesystem in /dev/loop0 has not been formatted yet
[    9.893619] EXT4-fs (loop0): mounted filesystem 38093c76-3da2-4306-87cc-077d80a2eefc r/w with ordered data mode. Quota mode: disabled.
[    9.908172] mount_root: overlay filesystem has not been fully initialized yet
[    9.926756] mount_root: switching to ext4 overlay
[    9.949323] overlayfs: null uuid detected in lower fs '/', falling back to xino=off,index=off,nfs_export=off.
[   10.720812] EXT4-fs (vda1): mounted filesystem 84173db5-fa99-e35a-95c6-28613cc79ea9 r/w without journal. Quota mode: disabled.
[   10.746713] urandom-seed: Seed file not found (/etc/urandom.seed)
[   10.900252] procd: - early -
[   11.659200] procd: - ubus -
[   11.764311] procd: - init -
Please press Enter to activate this console.
root
login[1044]: root login on 'ttyS0'


BusyBox v1.37.0 (2026-03-08 07:26:48 UTC) built-in shell (ash)

  _______                     ________        __
 |       |.-----.-----.-----.|  |  |  |.----.|  |_
 |   -   ||  _  |  -__|     ||  |  |  ||   _||   _|
 |_______||   __|_____|__|__||________||__|  |____|
          |__| W I R E L E S S   F R E E D O M
 -----------------------------------------------------
 OpenWrt 25.12-SNAPSHOT, r32722-65041d9860 Dave's Guitar
 -----------------------------------------------------

 === WARNING! =====================================
 There is no root password defined on this device!
 Use the "passwd" command to set up a new password
 in order to prevent unauthorized SSH logins.
 --------------------------------------------------


 OpenWrt recently switched to the "apk" package manager!

 OPKG Command           APK Equivalent      Description
 ------------------------------------------------------------------
 opkg install <pkg>     apk add <pkg>       Install a package
 opkg remove <pkg>      apk del <pkg>       Remove a package
 opkg upgrade           apk upgrade         Upgrade all packages
 opkg files <pkg>       apk info -L <pkg>   List package contents
 opkg list-installed    apk info            List installed packages
 opkg update            apk update          Update package lists
 opkg search <pkg>      apk search <pkg>    Search for packages
 ------------------------------------------------------------------

For more information visit:
https://openwrt.org/docs/guide-user/additional-software/opkg-to-apk-cheatsheet

root@(none):~# dmesg -n 1
root@(none):~# echo 'ZPBL''EUNFMO'
ZPBLEUNFMO
root@(none):~# run() { echo -n "$MARKER"; sh -c "$@"; echo "$MARKER $?"; }
root@(none):~# echo 'XMNH''YOPOKM'
XMNHYOPOKM
root@(none):~# MARKER='XEMA''HSMJBP' run 'ubus wait_for network.interface.lan'
XEMAHSMJBPXEMAHSMJBP 0
root@OpenWrt:~# echo 'YJWL''YSTPMA'
YJWLYSTPMA
root@OpenWrt:~# MARKER='MXBX''KPTGFV' run 'ubus call network.interface.lan statu
s '"'"'{}'"'"''
MXBXKPTGFV{
	"up": true,
	"pending": false,
	"available": true,
	"autostart": true,
	"dynamic": false,
	"uptime": 0,
	"l3_device": "br-lan",
	"proto": "static",
	"device": "br-lan",
	"updated": [
		"addresses"
	],
	"metric": 0,
	"dns_metric": 0,
	"delegation": true,
	"ipv4-address": [
		{
			"address": "192.168.1.1",
			"mask": 24
		}
	],
	"ipv6-address": [
		
	],
	"ipv6-prefix": [
		
	],
	"ipv6-prefix-assignment": [
		{
			"address": "fd5d:3974:741::",
			"mask": 60,
			"local-address": {
				"address": "fd5d:3974:741::1",
				"mask": 60
			}
		}
	],
	"route": [
		
	],
	"dns-server": [
		
	],
	"dns-search": [
		
	],
	"neighbors": [
		
	],
	"inactive": {
		"ipv4-address": [
			
		],
		"ipv6-address": [
			
		],
		"route": [
			
		],
		"dns-server": [
			
		],
		"dns-search": [
			
		],
		"neighbors": [
			
		]
	},
	"data": {
		
	}
}
MXBXKPTGFV 0
root@OpenWrt:~# echo 'GAKZ''HWTQZW'
GAKZHWTQZW
root@OpenWrt:~# MARKER='TKXX''CQAGPZ' run true
TKXXCQAGPZTKXXCQAGPZ 0
root@OpenWrt:~# echo 'SNLA''NHHPZL'
SNLANHHPZL
root@OpenWrt:~# MARKER='AJEO''EPVUXE' run 'source /etc/os-release; echo $BUILD_I
D'
AJEOEPVUXEr32722-65041d9860
AJEOEPVUXE 0
root@OpenWrt:~# echo 'WKMM''SXZWAA'
WKMMSXZWAA
root@OpenWrt:~# MARKER='JQXE''COFMUJ' run 'ls /etc/dropbear/dropbear_rsa_host_ke
y'
JQXECOFMUJ[0;0m/etc/dropbear/dropbear_rsa_host_key[m
JQXECOFMUJ 0
root@OpenWrt:~# echo 'ZNJA''XBWPCF'
ZNJAXBWPCF
root@OpenWrt:~# MARKER='PEQN''ZYAUPL' run 'netstat -tlpn | grep 0.0.0.0:22'
PEQNZYAUPLnetstat: showing only processes with your user ID
tcp        0      0 0.0.0.0:22              0.0.0.0:*               LISTEN      1755/dropbear
PEQNZYAUPL 0
root@OpenWrt:~# echo 'UKQV''KMGVPB'
UKQVKMGVPB
root@OpenWrt:~# MARKER='ALFK''XAJLPZ' run 'dmesg | grep br-lan | grep forwarding
'
ALFKXAJLPZ[   32.848513] br-lan: port 1(eth0) entered forwarding state
ALFKXAJLPZ 0
root@OpenWrt:~# echo 'BBQL''XSUVEJ'
BBQLXSUVEJ
root@OpenWrt:~# MARKER='WGLC''XKUOHZ' run 'ubus call network.interface.lan statu
s '"'"'{}'"'"''
WGLCXKUOHZ{
	"up": true,
	"pending": false,
	"available": true,
	"autostart": true,
	"dynamic": false,
	"uptime": 8,
	"l3_device": "br-lan",
	"proto": "static",
	"device": "br-lan",
	"updated": [
		"addresses"
	],
	"metric": 0,
	"dns_metric": 0,
	"delegation": true,
	"ipv4-address": [
		{
			"address": "192.168.1.1",
			"mask": 24
		}
	],
	"ipv6-address": [
		
	],
	"ipv6-prefix": [
		
	],
	"ipv6-prefix-assignment": [
		{
			"address": "fd5d:3974:741::",
			"mask": 60,
			"local-address": {
				"address": "fd5d:3974:741::1",
				"mask": 60
			}
		}
	],
	"route": [
		
	],
	"dns-server": [
		
	],
	"dns-search": [
		
	],
	"neighbors": [
		
	],
	"inactive": {
		"ipv4-address": [
			
		],
		"ipv6-address": [
			
		],
		"route": [
			
		],
		"dns-server": [
			
		],
		"dns-search": [
			
		],
		"neighbors": [
			
		]
	},
	"data": {
		
	}
}
WGLCXKUOHZ 0
root@OpenWrt:~# echo 'ZPOJ''CAVMUE'
ZPOJCAVMUE
root@OpenWrt:~# MARKER='QJCW''TBTQTA' run 'ip -o addr show dev br-lan'
QJCWTBTQTA4: br-lan    inet 192.168.1.1/24 brd 192.168.1.255 scope global br-lan\       valid_lft forever preferred_lft forever
4: br-lan    inet6 fd5d:3974:741::1/60 scope global noprefixroute \       valid_lft forever preferred_lft forever
4: br-lan    inet6 fe80::5054:ff:fe12:3456/64 scope link \       valid_lft forever preferred_lft forever
QJCWTBTQTA 0
root@OpenWrt:~# echo 'UGUM''GABCVL'
UGUMGABCVL
root@OpenWrt:~# MARKER='KKMV''UZTMJE' run 'ubus call network.interface.wan statu
s '"'"'{}'"'"''
KKMVUZTMJE{
	"up": true,
	"pending": false,
	"available": true,
	"autostart": true,
	"dynamic": false,
	"uptime": 8,
	"l3_device": "eth1",
	"proto": "dhcp",
	"device": "eth1",
	"updated": [
		"addresses",
		"routes",
		"data"
	],
	"metric": 0,
	"dns_metric": 0,
	"delegation": true,
	"ipv4-address": [
		{
			"address": "10.0.2.15",
			"mask": 24
		}
	],
	"ipv6-address": [
		
	],
	"ipv6-prefix": [
		
	],
	"ipv6-prefix-assignment": [
		
	],
	"route": [
		{
			"target": "0.0.0.0",
			"mask": 0,
			"nexthop": "10.0.2.2",
			"source": "10.0.2.15/32"
		}
	],
	"dns-server": [
		"10.0.2.3"
	],
	"dns-search": [
		
	],
	"neighbors": [
		
	],
	"inactive": {
		"ipv4-address": [
			
		],
		"ipv6-address": [
			
		],
		"route": [
			
		],
		"dns-server": [
			
		],
		"dns-search": [
			
		],
		"neighbors": [
			
		]
	},
	"data": {
		"dhcpserver": "10.0.2.2",
		"leasetime": 86400
	}
}
KKMVUZTMJE 0
root@OpenWrt:~# 