Labgrid Console Logfile for main
Logfile started at 2026-04-23 03:52:39.269408
=== Log starts here ===
c[?7l[2J[0mSeaBIOS (version 1.16.3-debian-1.16.3-2)


iPXE (https://ipxe.org) 00:03.0 CA00 PCI2.10 PnP PMM+06FCAE70+06F0AE70 CA00
Press Ctrl-B to configure iPXE (PCI 00:03.0)...                                                                               




iPXE (https://ipxe.org) 00:05.0 CB00 PCI2.10 PnP PMM 06FCAE70 06F0AE70 CB00
Press Ctrl-B to configure iPXE (PCI 00:05.0)...                                                                               


Booting from Hard Disk...
GRUB loading.....
[0;30;47mWelcome to GRUB![01;01H[0m[2J[H[J[1;1H[?25l[m[H[J[1;1H[2;30HGNU GRUB  version 2.12

[m[4;2H+----------------------------------------------------------------------------+[5;2H|[5;79H|[6;2H|[6;79H|[7;2H|[7;79H|[8;2H|[8;79H|[9;2H|[9;79H|[10;2H|[10;79H|[11;2H|[11;79H|[12;2H|[12;79H|[13;2H|[13;79H|[14;2H|[14;79H|[15;2H|[15;79H|[16;2H+----------------------------------------------------------------------------+[m[17;2H[18;2H[m     Use the ^ and v keys to select which entry is highlighted.          
      Press enter to boot the selected OS, `e' to edit the commands       
      before booting or `c' for a command-line. ESC to return             
      previous menu.                                                      [5;80H [7m[5;3H*OpenWrt                                                                    [m[5;78H[m[m[6;3H OpenWrt (failsafe)                                                         [m[6;78H[m[m[7;3H                                                                            [m[7;78H[m[m[8;3H                                                                            [m[8;78H[m[m[9;3H                                                                            [m[9;78H[m[m[10;3H                                                                            [m[10;78H[m[m[11;3H                                                                            [m[11;78H[m[m[12;3H                                                                            [m[12;78H[m[m[13;3H                                                                            [m[13;78H[m[m[14;3H                                                                            [m[14;78H[m[m[15;3H                                                                            [m[15;78H[m[15;80H [5;78H[2J[02;30HGNU GRUB  version 2.12[04;02H┌────────────────────────────────────────────────────────────────────────────┐[05;02H│[05;79H│[06;02H│[06;79H│[07;02H│[07;79H│[08;02H│[08;79H│[09;02H│[09;79H│[10;02H│[10;79H│[11;02H│[11;79H│[12;02H│[12;79H│[13;02H│[13;79H│[14;02H│[14;79H│[15;02H│[15;79H│[16;02H│[16;79H│[17;02H└────────────────────────────────────────────────────────────────────────────┘[19;02H     Use the ↑ and ↓ keys to select which entry is highlight[19;61H[19;62Hed.          
      Press enter to boot the selected OS, `e' to edit the commands       
      before booting or `c' for a command-line. ESC to return             
      previous menu.                                                      [05;80H [05;03H[0;30;47m*OpenWrt                                                                    [06;03H[0m OpenWrt (failsafe)                                                         [07;03H   [07;05H[07;06H                                                                         [08;03H                                                                            [09;03H                                                  [09;52H[09;53H                          [10;03H                                                                            [11;03H                                                                            [12;03H                                                                            [13;03H                                                                            [14;03H                                                                 [14;67H[14;68H           [15;03H                                                                            [16;03H                                                                            [16;80H 






   The highlighted entry will be executed automatically in 5s.                [22;1H   The highlighted entry will be executed automatically in 5s.                 [5;78H [05;78H

















   The highlighted entry will be executed automatically in 4s.                [22;1H   The highlighted entry will be executed automatically in 4s.                 [5;78H [05;78H

















   The highlighted entry will be executed automatically in 3s.                [22;1H   The highlighted entry will be executed automatically in 3s.                 [5;78H [05;78H

















   The highlighted entry will be executed automatically in 2s.                [22;1H   The highlighted entry will be executed automatically in 2s.                 [5;78H [05;78H

















   The highlighted entry will be executed automatically in 1s[23;61H[23;62H.                [22;1H   The highlighted entry will be executed automatically in 1s.                 [5;78H [05;78H

















   The highlighted entry will be executed automatically in 0s.                [22;1H   The highlighted entry will be executed automatically in 0s.                 [5;78H [01;01H[2J[?25h[H[J[1;1H[H[J[1;1H[2J   Booting `OpenWrt' Booting `OpenWrt

'

[    0.000000] Linux version 6.12.79 (builder@buildhost) (x86_64-openwrt-linux-musl-gcc (OpenWrt GCC 14.3.0 r32881-6cbb072b57) 14.3.0, GNU ld (GNU Binutils) 2.44) #0 SMP Wed Apr 22 18:41:29 2026
[    0.000000] Command line: BOOT_IMAGE=/boot/vmlinuz root=PARTUUID=4a08fd1c-02 rootwait console=tty1 console=ttyS0,115200n8 noinitrd
[    0.000000] BIOS-provided physical RAM map:
[    0.000000] BIOS-e820: [mem 0x0000000000000000-0x000000000009fbff] usable
[    0.000000] BIOS-e820: [mem 0x000000000009fc00-0x000000000009ffff] reserved
[    0.000000] BIOS-e820: [mem 0x00000000000f0000-0x00000000000fffff] reserved
[    0.000000] BIOS-e820: [mem 0x0000000000100000-0x0000000007fdcfff] usable
[    0.000000] BIOS-e820: [mem 0x0000000007fdd000-0x0000000007ffffff] reserved
[    0.000000] BIOS-e820: [mem 0x00000000fffc0000-0x00000000ffffffff] reserved
[    0.000000] BIOS-e820: [mem 0x000000fd00000000-0x000000ffffffffff] reserved
[    0.000000] NX (Execute Disable) protection: active
[    0.000000] APIC: Static calls initialized
[    0.000000] SMBIOS 3.0.0 present.
[    0.000000] DMI: QEMU Standard PC (i440FX + PIIX, 1996), BIOS 1.16.3-debian-1.16.3-2 04/01/2014
[    0.000000] DMI: Memory slots populated: 1/1
[    0.000000] tsc: Fast TSC calibration using PIT
[    0.000000] tsc: Detected 2793.381 MHz processor
[    0.006709] last_pfn = 0x7fdd max_arch_pfn = 0x400000000
[    0.007332] MTRR map: 4 entries (3 fixed + 1 variable; max 19), built from 8 variable MTRRs
[    0.007506] x86/PAT: Configuration [0-7]: WB  WC  UC- UC  WB  WP  UC- WT  
[    0.025304] found SMP MP-table at [mem 0x000f5460-0x000f546f]
[    0.026705] Using GB pages for direct mapping
[    0.031183] ACPI: Early table checksum verification disabled
[    0.031525] ACPI: RSDP 0x00000000000F5290 000014 (v00 BOCHS )
[    0.031843] ACPI: RSDT 0x0000000007FE1C64 000034 (v01 BOCHS  BXPC     00000001 BXPC 00000001)
[    0.032351] ACPI: FACP 0x0000000007FE1B18 000074 (v01 BOCHS  BXPC     00000001 BXPC 00000001)
[    0.032967] ACPI: DSDT 0x0000000007FE0040 001AD8 (v01 BOCHS  BXPC     00000001 BXPC 00000001)
[    0.033037] ACPI: FACS 0x0000000007FE0000 000040
[    0.033084] ACPI: APIC 0x0000000007FE1B8C 000078 (v03 BOCHS  BXPC     00000001 BXPC 00000001)
[    0.033103] ACPI: HPET 0x0000000007FE1C04 000038 (v01 BOCHS  BXPC     00000001 BXPC 00000001)
[    0.033121] ACPI: WAET 0x0000000007FE1C3C 000028 (v01 BOCHS  BXPC     00000001 BXPC 00000001)
[    0.033191] ACPI: Reserving FACP table memory at [mem 0x7fe1b18-0x7fe1b8b]
[    0.033240] ACPI: Reserving DSDT table memory at [mem 0x7fe0040-0x7fe1b17]
[    0.033247] ACPI: Reserving FACS table memory at [mem 0x7fe0000-0x7fe003f]
[    0.033252] ACPI: Reserving APIC table memory at [mem 0x7fe1b8c-0x7fe1c03]
[    0.033258] ACPI: Reserving HPET table memory at [mem 0x7fe1c04-0x7fe1c3b]
[    0.033263] ACPI: Reserving WAET table memory at [mem 0x7fe1c3c-0x7fe1c63]
[    0.036260] Zone ranges:
[    0.036289]   DMA      [mem 0x0000000000001000-0x0000000000ffffff]
[    0.036369]   DMA32    [mem 0x0000000001000000-0x0000000007fdcfff]
[    0.036378]   Normal   empty
[    0.036397] Movable zone start for each node
[    0.036429] Early memory node ranges
[    0.036455]   node   0: [mem 0x0000000000001000-0x000000000009efff]
[    0.036508]   node   0: [mem 0x0000000000100000-0x0000000007fdcfff]
[    0.036654] Initmem setup node 0 [mem 0x0000000000001000-0x0000000007fdcfff]
[    0.037712] On node 0, zone DMA: 1 pages in unavailable ranges
[    0.038170] On node 0, zone DMA: 97 pages in unavailable ranges
[    0.040059] On node 0, zone DMA32: 35 pages in unavailable ranges
[    0.040424] ACPI: PM-Timer IO Port: 0x608
[    0.040857] ACPI: LAPIC_NMI (acpi_id[0xff] dfl dfl lint[0x1])
[    0.041275] IOAPIC[0]: apic_id 0, version 32, address 0xfec00000, GSI 0-23
[    0.041384] ACPI: INT_SRC_OVR (bus 0 bus_irq 0 global_irq 2 dfl dfl)
[    0.041642] ACPI: INT_SRC_OVR (bus 0 bus_irq 5 global_irq 5 high level)
[    0.041691] ACPI: INT_SRC_OVR (bus 0 bus_irq 9 global_irq 9 high level)
[    0.041785] ACPI: INT_SRC_OVR (bus 0 bus_irq 10 global_irq 10 high level)
[    0.041792] ACPI: INT_SRC_OVR (bus 0 bus_irq 11 global_irq 11 high level)
[    0.041980] ACPI: Using ACPI (MADT) for SMP configuration information
[    0.042024] ACPI: HPET id: 0x8086a201 base: 0xfed00000
[    0.042417] CPU topo: Max. logical packages:   1
[    0.042430] CPU topo: Max. logical dies:       1
[    0.042439] CPU topo: Max. dies per package:   1
[    0.042485] CPU topo: Max. threads per core:   1
[    0.042660] CPU topo: Num. cores per package:     1
[    0.042675] CPU topo: Num. threads per package:   1
[    0.042683] CPU topo: Allowing 1 present CPUs plus 0 hotplug CPUs
[    0.043826] [mem 0x08000000-0xfffbffff] available for PCI devices
[    0.043892] Booting paravirtualized kernel on bare hardware
[    0.044200] clocksource: refined-jiffies: mask: 0xffffffff max_cycles: 0xffffffff, max_idle_ns: 19112604462750000 ns
[    0.044866] setup_percpu: NR_CPUS:512 nr_cpumask_bits:1 nr_cpu_ids:1 nr_node_ids:1
[    0.046972] percpu: Embedded 48 pages/cpu s158104 r8192 d30312 u2097152
[    0.049309] Kernel command line: BOOT_IMAGE=/boot/vmlinuz root=PARTUUID=4a08fd1c-02 rootwait console=tty1 console=ttyS0,115200n8 noinitrd
[    0.050941] random: crng init done
[    0.055018] Dentry cache hash table entries: 16384 (order: 5, 131072 bytes, linear)
[    0.055860] Inode-cache hash table entries: 8192 (order: 4, 65536 bytes, linear)
[    0.058347] Built 1 zonelists, mobility grouping on.  Total pages: 32635
[    0.058595] mem auto-init: stack:off, heap alloc:off, heap free:off
[    0.068579] SLUB: HWalign=64, Order=0-3, MinObjects=0, CPUs=1, Nodes=1
[    0.076820] rcu: Hierarchical RCU implementation.
[    0.076850] rcu: 	RCU restricting CPUs from NR_CPUS=512 to nr_cpu_ids=1.
[    0.076998] 	Tracing variant of Tasks RCU enabled.
[    0.077091] rcu: RCU calculated value of scheduler-enlistment delay is 10 jiffies.
[    0.077120] rcu: Adjusting geometry for rcu_fanout_leaf=16, nr_cpu_ids=1
[    0.078292] RCU Tasks Trace: Setting shift to 0 and lim to 1 rcu_task_cb_adjust=1 rcu_task_cpu_ids=1.
[    0.078422] NR_IRQS: 33024, nr_irqs: 256, preallocated irqs: 16
[    0.087673] rcu: srcu_init: Setting srcu_struct sizes based on contention.
[    0.094752] Console: colour VGA+ 80x25
[    0.095175] printk: legacy console [tty1] enabled
[    0.103338] printk: legacy console [ttyS0] enabled
[    0.355194] ACPI: Core revision 20240827
[    0.360506] clocksource: hpet: mask: 0xffffffff max_cycles: 0xffffffff, max_idle_ns: 19112604467 ns
[    0.365206] APIC: Switch to symmetric I/O mode setup
[    0.370155] ..TIMER: vector=0x30 apic1=0 pin1=2 apic2=-1 pin2=-1
[    0.412291] clocksource: tsc-early: mask: 0xffffffffffffffff max_cycles: 0x2843d406863, max_idle_ns: 440795307618 ns
[    0.412965] Calibrating delay loop (skipped), value calculated using timer frequency.. 5586.76 BogoMIPS (lpj=27933810)
[    0.414815] x86/cpu: User Mode Instruction Prevention (UMIP) activated
[    0.432973] Last level iTLB entries: 4KB 0, 2MB 0, 4MB 0
[    0.433364] Last level dTLB entries: 4KB 0, 2MB 0, 4MB 0, 1GB 0
[    0.434364] Spectre V1 : Mitigation: usercopy/swapgs barriers and __user pointer sanitization
[    0.435475] Spectre V2 : Mitigation: Retpolines
[    0.435694] Spectre V2 : Spectre v2 / SpectreRSB: Filling RSB on context switch and VMEXIT
[    0.436044] Speculative Store Bypass: Vulnerable
[    0.444886] x86/fpu: Supporting XSAVE feature 0x001: 'x87 floating point registers'
[    0.449636] x86/fpu: Supporting XSAVE feature 0x002: 'SSE registers'
[    0.449854] x86/fpu: Supporting XSAVE feature 0x004: 'AVX registers'
[    0.453887] x86/fpu: Supporting XSAVE feature 0x008: 'MPX bounds registers'
[    0.455286] x86/fpu: Supporting XSAVE feature 0x010: 'MPX CSR'
[    0.455828] x86/fpu: xstate_offset[2]:  576, xstate_sizes[2]:  256
[    0.456163] x86/fpu: xstate_offset[3]:  960, xstate_sizes[3]:   64
[    0.456330] x86/fpu: xstate_offset[4]: 1024, xstate_sizes[4]:   64
[    0.462905] x86/fpu: Enabled xstate features 0x1f, context size is 1088 bytes, using 'standard' format.
[    0.678787] Freeing SMP alternatives memory: 40K
[    0.679603] pid_max: default: 32768 minimum: 301
[    0.689235] Mount-cache hash table entries: 512 (order: 0, 4096 bytes, linear)
[    0.689789] Mountpoint-cache hash table entries: 512 (order: 0, 4096 bytes, linear)
[    0.842257] smpboot: CPU0: AMD QEMU TCG CPU version 2.5+ (family: 0x6, model: 0x6, stepping: 0x3)
[    0.864509] Performance Events: PMU not available due to virtualization, using software events only.
[    0.865918] signal: max sigframe size: 1616
[    0.867596] rcu: Hierarchical SRCU implementation.
[    0.867791] rcu: 	Max phase no-delay instances is 1000.
[    0.874296] smp: Bringing up secondary CPUs ...
[    0.876821] smp: Brought up 1 node, 1 CPU
[    0.877090] smpboot: Total of 1 processors activated (5586.76 BogoMIPS)
[    0.884321] Memory: 103208K/130540K available (14336K kernel code, 1177K rwdata, 2556K rodata, 1492K init, 1304K bss, 25620K reserved, 0K cma-reserved)
[    0.899866] clocksource: jiffies: mask: 0xffffffff max_cycles: 0xffffffff, max_idle_ns: 19112604462750000 ns
[    0.900716] futex hash table entries: 256 (order: 2, 16384 bytes, linear)
[    0.902099] pinctrl core: initialized pinctrl subsystem
[    0.919947] NET: Registered PF_NETLINK/PF_ROUTE protocol family
[    0.926746] thermal_sys: Registered thermal governor 'step_wise'
[    0.926791] thermal_sys: Registered thermal governor 'user_space'
[    0.927763] cpuidle: using governor ladder
[    0.929393] acpiphp: ACPI Hot Plug PCI Controller Driver version: 0.5
[    0.933227] PCI: Using configuration type 1 for base access
[    0.943281] cryptd: max_cpu_qlen set to 1000
[    0.949447] ACPI: Added _OSI(Module Device)
[    0.949624] ACPI: Added _OSI(Processor Device)
[    0.949759] ACPI: Added _OSI(Processor Aggregator Device)
[    0.963329] ACPI: 1 ACPI AML tables successfully acquired and loaded
[    0.980685] ACPI: Interpreter enabled
[    0.981493] ACPI: PM: (supports S0 S5)
[    0.981674] ACPI: Using IOAPIC for interrupt routing
[    0.982211] PCI: Using host bridge windows from ACPI; if necessary, use "pci=nocrs" and report a bug
[    0.982513] PCI: Using E820 reservations for host bridge windows
[    0.993099] ACPI: Enabled 2 GPEs in block 00 to 0F
[    1.024137] ACPI: PCI Root Bridge [PCI0] (domain 0000 [bus 00-ff])
[    1.025045] acpi PNP0A03:00: _OSC: OS supports [ASPM ClockPM Segments MSI HPX-Type3]
[    1.025443] acpi PNP0A03:00: _OSC: not requesting OS control; OS requires [ExtendedConfig ASPM ClockPM MSI]
[    1.026221] acpi PNP0A03:00: fail to add MMCONFIG information, can't access extended configuration space under this bridge
[    1.037595] acpiphp: Slot [3] registered
[    1.037898] acpiphp: Slot [4] registered
[    1.038117] acpiphp: Slot [5] registered
[    1.038359] acpiphp: Slot [6] registered
[    1.043214] acpiphp: Slot [7] registered
[    1.043666] acpiphp: Slot [8] registered
[    1.045245] acpiphp: Slot [9] registered
[    1.045459] acpiphp: Slot [10] registered
[    1.045681] acpiphp: Slot [11] registered
[    1.045887] acpiphp: Slot [12] registered
[    1.053131] acpiphp: Slot [13] registered
[    1.053530] acpiphp: Slot [14] registered
[    1.053900] acpiphp: Slot [15] registered
[    1.054121] acpiphp: Slot [16] registered
[    1.054327] acpiphp: Slot [17] registered
[    1.054539] acpiphp: Slot [18] registered
[    1.063149] acpiphp: Slot [19] registered
[    1.063542] acpiphp: Slot [20] registered
[    1.063864] acpiphp: Slot [21] registered
[    1.064099] acpiphp: Slot [22] registered
[    1.064309] acpiphp: Slot [23] registered
[    1.064515] acpiphp: Slot [24] registered
[    1.073089] acpiphp: Slot [25] registered
[    1.073519] acpiphp: Slot [26] registered
[    1.073883] acpiphp: Slot [27] registered
[    1.074095] acpiphp: Slot [28] registered
[    1.074333] acpiphp: Slot [29] registered
[    1.074551] acpiphp: Slot [30] registered
[    1.083111] acpiphp: Slot [31] registered
[    1.083726] PCI host bridge to bus 0000:00
[    1.084186] pci_bus 0000:00: root bus resource [io  0x0000-0x0cf7 window]
[    1.084524] pci_bus 0000:00: root bus resource [io  0x0d00-0xffff window]
[    1.084700] pci_bus 0000:00: root bus resource [mem 0x000a0000-0x000bffff window]
[    1.093057] pci_bus 0000:00: root bus resource [mem 0x08000000-0xfebfffff window]
[    1.093398] pci_bus 0000:00: root bus resource [mem 0x100000000-0x17fffffff window]
[    1.093788] pci_bus 0000:00: root bus resource [bus 00-ff]
[    1.104366] pci 0000:00:00.0: [8086:1237] type 00 class 0x060000 conventional PCI endpoint
[    1.116667] pci 0000:00:01.0: [8086:7000] type 00 class 0x060100 conventional PCI endpoint
[    1.117514] pci 0000:00:01.1: [8086:7010] type 00 class 0x010180 conventional PCI endpoint
[    1.123801] pci 0000:00:01.1: BAR 4 [io  0xc0e0-0xc0ef]
[    1.124827] pci 0000:00:01.1: BAR 0 [io  0x01f0-0x01f7]: legacy IDE quirk
[    1.125070] pci 0000:00:01.1: BAR 1 [io  0x03f6]: legacy IDE quirk
[    1.125264] pci 0000:00:01.1: BAR 2 [io  0x0170-0x0177]: legacy IDE quirk
[    1.132590] pci 0000:00:01.1: BAR 3 [io  0x0376]: legacy IDE quirk
[    1.133834] pci 0000:00:01.3: [8086:7113] type 00 class 0x068000 conventional PCI endpoint
[    1.134444] pci 0000:00:01.3: quirk: [io  0x0600-0x063f] claimed by PIIX4 ACPI
[    1.134688] pci 0000:00:01.3: quirk: [io  0x0700-0x070f] claimed by PIIX4 SMB
[    1.143723] pci 0000:00:02.0: [1234:1111] type 00 class 0x030000 conventional PCI endpoint
[    1.144521] pci 0000:00:02.0: BAR 0 [mem 0xfd000000-0xfdffffff pref]
[    1.145842] pci 0000:00:02.0: BAR 2 [mem 0xfeb90000-0xfeb90fff]
[    1.155175] pci 0000:00:02.0: ROM [mem 0xfeb80000-0xfeb8ffff pref]
[    1.155681] pci 0000:00:02.0: Video device with shadowed ROM at [mem 0x000c0000-0x000dffff]
[    1.156747] pci 0000:00:03.0: [1af4:1000] type 00 class 0x020000 conventional PCI endpoint
[    1.163751] pci 0000:00:03.0: BAR 0 [io  0xc080-0xc09f]
[    1.166140] pci 0000:00:03.0: BAR 4 [mem 0xfe000000-0xfe003fff 64bit pref]
[    1.167125] pci 0000:00:03.0: ROM [mem 0xfea80000-0xfeafffff pref]
[    1.173754] pci 0000:00:04.0: [1af4:1005] type 00 class 0x00ff00 conventional PCI endpoint
[    1.176213] pci 0000:00:04.0: BAR 0 [io  0xc0a0-0xc0bf]
[    1.177054] pci 0000:00:04.0: BAR 1 [mem 0xfeb91000-0xfeb91fff]
[    1.179688] pci 0000:00:04.0: BAR 4 [mem 0xfe004000-0xfe007fff 64bit pref]
[    1.184437] pci 0000:00:05.0: [1af4:1000] type 00 class 0x020000 conventional PCI endpoint
[    1.187236] pci 0000:00:05.0: BAR 0 [io  0xc0c0-0xc0df]
[    1.188010] pci 0000:00:05.0: BAR 1 [mem 0xfeb92000-0xfeb92fff]
[    1.190073] pci 0000:00:05.0: BAR 4 [mem 0xfe008000-0xfe00bfff 64bit pref]
[    1.190970] pci 0000:00:05.0: ROM [mem 0xfeb00000-0xfeb7ffff pref]
[    1.196643] pci 0000:00:06.0: [1af4:1001] type 00 class 0x010000 conventional PCI endpoint
[    1.197496] pci 0000:00:06.0: BAR 0 [io  0xc000-0xc07f]
[    1.198239] pci 0000:00:06.0: BAR 1 [mem 0xfeb93000-0xfeb93fff]
[    1.204833] pci 0000:00:06.0: BAR 4 [mem 0xfe00c000-0xfe00ffff 64bit pref]
[    1.217683] ACPI: PCI: Interrupt link LNKA configured for IRQ 10
[    1.218478] ACPI: PCI: Interrupt link LNKB configured for IRQ 10
[    1.219041] ACPI: PCI: Interrupt link LNKC configured for IRQ 11
[    1.220496] ACPI: PCI: Interrupt link LNKD configured for IRQ 11
[    1.220868] ACPI: PCI: Interrupt link LNKS configured for IRQ 9
[    1.224316] iommu: Default domain type: Translated
[    1.224529] iommu: DMA domain TLB invalidation policy: lazy mode
[    1.227115] SCSI subsystem initialized
[    1.232306] ACPI: bus type USB registered
[    1.232855] usbcore: registered new interface driver usbfs
[    1.233282] usbcore: registered new interface driver hub
[    1.233604] usbcore: registered new device driver usb
[    1.234073] pps_core: LinuxPPS API ver. 1 registered
[    1.241517] pps_core: Software ver. 5.3.6 - Copyright 2005-2007 Rodolfo Giometti <giometti@linux.it>
[    1.242047] PTP clock support registered
[    1.253314] PCI: Using ACPI for IRQ routing
[    1.255609] hpet0: at MMIO 0xfed00000, IRQs 2, 8, 0
[    1.255852] hpet0: 3 comparators, 64-bit 100.000000 MHz counter
[    1.260502] clocksource: Switched to clocksource tsc-early
[    1.260502] pnp: PnP ACPI init
[    1.260502] pnp: PnP ACPI: found 6 devices
[    1.273693] clocksource: acpi_pm: mask: 0xffffff max_cycles: 0xffffff, max_idle_ns: 2085701024 ns
[    1.274950] NET: Registered PF_INET protocol family
[    1.276986] IP idents hash table entries: 2048 (order: 2, 16384 bytes, linear)
[    1.282515] tcp_listen_portaddr_hash hash table entries: 256 (order: 0, 4096 bytes, linear)
[    1.284428] Table-perturb hash table entries: 65536 (order: 6, 262144 bytes, linear)
[    1.284751] TCP established hash table entries: 1024 (order: 1, 8192 bytes, linear)
[    1.285119] TCP bind hash table entries: 1024 (order: 3, 32768 bytes, linear)
[    1.294985] TCP: Hash tables configured (established 1024 bind 1024)
[    1.296834] MPTCP token hash table entries: 256 (order: 1, 6144 bytes, linear)
[    1.297328] UDP hash table entries: 256 (order: 1, 8192 bytes, linear)
[    1.297711] UDP-Lite hash table entries: 256 (order: 1, 8192 bytes, linear)
[    1.306975] NET: Registered PF_UNIX/PF_LOCAL protocol family
[    1.308131] pci_bus 0000:00: resource 4 [io  0x0000-0x0cf7 window]
[    1.308337] pci_bus 0000:00: resource 5 [io  0x0d00-0xffff window]
[    1.308502] pci_bus 0000:00: resource 6 [mem 0x000a0000-0x000bffff window]
[    1.316369] pci_bus 0000:00: resource 7 [mem 0x08000000-0xfebfffff window]
[    1.316679] pci_bus 0000:00: resource 8 [mem 0x100000000-0x17fffffff window]
[    1.317331] pci 0000:00:01.0: PIIX3: Enabling Passive Release
[    1.327181] pci 0000:00:00.0: Limiting direct PCI/PCI transfers
[    1.327530] PCI: CLS 0 bytes, default 64
[    1.347486] workingset: timestamp_bits=46 max_order=15 bucket_order=0
[    1.349900] squashfs: version 4.0 (2009/01/31) Phillip Lougher
[    1.352598] Block layer SCSI generic (bsg) driver version 0.4 loaded (major 247)
[    1.356235] hv_vmbus: registering driver hyperv_fb
[    1.361015] input: Power Button as /devices/LNXSYSTM:00/LNXPWRBN:00/input/input0
[    1.369090] ACPI: button: Power Button [PWRF]
[    1.513259] ACPI: \_SB_.LNKC: Enabled at IRQ 11
[    1.649027] ACPI: \_SB_.LNKD: Enabled at IRQ 10
[    1.781015] ACPI: \_SB_.LNKA: Enabled at IRQ 10
[    1.916288] ACPI: \_SB_.LNKB: Enabled at IRQ 11
[    1.918166] Serial: 8250/16550 driver, 16 ports, IRQ sharing enabled
[    1.943287] 00:04: ttyS0 at I/O 0x3f8 (irq = 4, base_baud = 115200) is a 16550A
[    1.968411] Non-volatile memory driver v1.3
[    1.979407] Linux agpgart interface v0.103
[    1.980447] ACPI: bus type drm_connector registered
[    1.983266] [drm] Found bochs VGA, ID 0xb0c5.
[    1.983454] [drm] Framebuffer size 16384 kB @ 0xfd000000, mmio @ 0xfeb90000.
[    1.989899] [drm] Found EDID data blob.
[    1.995755] [drm] Initialized bochs-drm 1.0.0 for 0000:00:02.0 on minor 0
[    2.058175] Console: switching to colour frame buffer device 160x50
[    2.066884] bochs-drm 0000:00:02.0: [drm] fb0: bochs-drmdrmfb frame buffer device
[    2.085722] loop: module loaded
[    2.086454] virtio_blk virtio3: 1/0/0 default/read/poll queues
[    2.105109] virtio_blk virtio3: [vda] 246784 512-byte logical blocks (126 MB/121 MiB)
[    2.114221]  vda: vda1 vda2
[    2.116519] Guest personality initialized and is inactive
[    2.117107] VMCI host device registered (name=vmci, major=10, minor=256)
[    2.117350] Initialized host personality
[    2.117675] usbcore: registered new interface driver rtsx_usb
[    2.118858] VMware PVSCSI driver - version 1.0.7.0-k
[    2.127377] hv_vmbus: registering driver hv_storvsc
[    2.142592] scsi host0: ata_piix
[    2.145299] scsi host1: ata_piix
[    2.146171] ata1: PATA max MWDMA2 cmd 0x1f0 ctl 0x3f6 bmdma 0xc0e0 irq 14 lpm-pol 0
[    2.146451] ata2: PATA max MWDMA2 cmd 0x170 ctl 0x376 bmdma 0xc0e8 irq 15 lpm-pol 0
[    2.156706] VMware vmxnet3 virtual NIC driver - version 1.9.0.0-k-NAPI
[    2.157259] hv_vmbus: registering driver hv_netvsc
[    2.157620] Fusion MPT base driver 3.04.20
[    2.157751] Copyright (c) 1999-2008 LSI Corporation
[    2.158107] Fusion MPT SPI Host driver 3.04.20
[    2.167609] Fusion MPT SAS Host driver 3.04.20
[    2.169672] usbcore: registered new interface driver usb-storage
[    2.170907] i8042: PNP: PS/2 Controller [PNP0303:KBD,PNP0f13:MOU] at 0x60,0x64 irq 1,12
[    2.174250] serio: i8042 KBD port at 0x60,0x64 irq 1
[    2.174617] serio: i8042 AUX port at 0x60,0x64 irq 12
[    2.181269] hv_vmbus: registering driver hyperv_keyboard
[    2.183644] rtc_cmos 00:05: RTC can wake from S4
[    2.188601] rtc_cmos 00:05: registered as rtc0
[    2.191228] rtc_cmos 00:05: setting system clock to 2026-04-23T03:52:50 UTC (1776916370)
[    2.193462] rtc_cmos 00:05: alarms up to one day, y3k, 242 bytes nvram, hpet irqs
[    2.195978] intel_powerclamp: CPU does not support MWAIT
[    2.198014] amd_pstate: the _CPC object is not present in SBIOS or ACPI disabled
[    2.204128] sdhci: Secure Digital Host Controller Interface driver
[    2.206025] sdhci: Copyright(c) Pierre Ossman
[    2.208194] VUB300 Driver rom wait states = 1C irqpoll timeout = 0400
[    2.214629] input: AT Translated Set 2 keyboard as /devices/platform/i8042/serio0/input/input1
[    2.237221] usbcore: registered new interface driver vub300
[    2.239481] usbcore: registered new interface driver ushc
[    2.247301] hid: raw HID events driver (C) Jiri Kosina
[    2.249789] hv_vmbus: registering driver hid_hyperv
[    2.252357] usbcore: registered new interface driver usbhid
[    2.254172] usbhid: USB HID core driver
[    2.256339] hv_utils: Registering HyperV Utility Driver
[    2.258125] hv_vmbus: registering driver hv_utils
[    2.259951] hv_vmbus: registering driver hv_balloon
[    2.263537] NET: Registered PF_INET6 protocol family
[    2.278690] Segment Routing with IPv6
[    2.280970] In-situ OAM (IOAM) with IPv6
[    2.283389] NET: Registered PF_PACKET protocol family
[    2.286054] bridge: filtering via arp/ip/ip6tables is no longer available by default. Update your scripts to load br_netfilter if you need this.
[    2.295379] 8021q: 802.1Q VLAN Support v1.8
[    2.297994] NET: Registered PF_VSOCK protocol family
[    2.306927] IPI shorthand broadcast: enabled
[    2.313156] AES CTR mode by8 optimization enabled
[    2.331782] sched_clock: Marking stable (2060116535, 264623643)->(2340159903, -15419725)
[    2.363676] tsc: Refined TSC clocksource calibration: 2793.440 MHz
[    2.366337] clocksource: tsc: mask: 0xffffffffffffffff max_cycles: 0x28440bd63ce, max_idle_ns: 440795312078 ns
[    2.385334] ata2: found unknown device (class 0)
[    2.408124] ata2.00: ATAPI: QEMU DVD-ROM, 2.5+, max UDMA/100
[    2.424992] scsi 1:0:0:0: CD-ROM            QEMU     QEMU DVD-ROM     2.5+ PQ: 0 ANSI: 5
[    2.440532] clocksource: Switched to clocksource tsc
[    2.452096] clk: Disabling unused clocks
[    2.496529] sr 1:0:0:0: [sr0] scsi3-mmc drive: 4x/4x cd/rw xa/form2 tray
[    2.499066] cdrom: Uniform CD-ROM driver Revision: 3.20
[    2.557340] VFS: Mounted root (squashfs filesystem) readonly on device 254:2.
[    2.616749] Freeing unused kernel image (initmem) memory: 1492K
[    2.619344] Write protecting the kernel read-only data: 18432k
[    2.623438] Freeing unused kernel image (rodata/data gap) memory: 1540K
[    2.626086] Run /sbin/init as init process
[    2.905292] init: Console is alive
[    3.569282] kmodloader: loading kernel modules from /etc/modules-boot.d/*
[    3.631692] button_hotplug: loading out-of-tree module taints kernel.
[    3.638597] Button Hotplug driver version 0.4.1
[    3.658684] Intel(R) 2.5G Ethernet Linux Driver
[    3.661019] Copyright(c) 2018 Intel Corporation.
[    3.676240] igb: Intel(R) Gigabit Ethernet Network Driver
[    3.678588] igb: Copyright (c) 2007-2014 Intel Corporation.
[    3.693949] e1000e: Intel(R) PRO/1000 Network Driver
[    3.696645] e1000e: Copyright(c) 1999 - 2015 Intel Corporation.
[    3.709545] kmodloader: done loading kernel modules from /etc/modules-boot.d/*
[    3.726242] init: - preinit -
[    4.732007] 8021q: adding VLAN 0 to HW filter on device eth0
Press the [f] key and hit [enter] to enter failsafe mode
Press the [1], [2], [3] or [4] key and hit [enter] to select the debug level

[    9.396879] loop0: detected capacity change from 0 to 212992
[    9.444971] loop0: detected capacity change from 212992 to 199808
[    9.458093] mount_root: overlay filesystem in /dev/loop0 has not been formatted yet
[    9.765172] EXT4-fs (loop0): mounted filesystem 8c78e7d3-31c1-4dcf-acf0-ed612bf01cad r/w with ordered data mode. Quota mode: disabled.
[    9.780590] mount_root: overlay filesystem has not been fully initialized yet
[    9.799608] mount_root: switching to ext4 overlay
[    9.821102] overlayfs: null uuid detected in lower fs '/', falling back to xino=off,index=off,nfs_export=off.
[   10.574614] EXT4-fs (vda1): mounted filesystem 84173db5-fa99-e35a-95c6-28613cc79ea9 r/w without journal. Quota mode: disabled.
[   10.599798] urandom-seed: Seed file not found (/etc/urandom.seed)
[   10.748374] procd: - early -
[   11.492127] procd: - ubus -
[   11.673540] procd: - init -
Please press Enter to activate this console.
root
login[1049]: root login on 'ttyS0'


BusyBox v1.37.0 (2026-04-20 14:43:23 UTC) built-in shell (ash)

  _______                     ________        __
 |       |.-----.-----.-----.|  |  |  |.----.|  |_
 |   -   ||  _  |  -__|     ||  |  |  ||   _||   _|
 |_______||   __|_____|__|__||________||__|  |____|
          |__| W I R E L E S S   F R E E D O M
 -----------------------------------------------------
 OpenWrt 25.12-SNAPSHOT, r32881-6cbb072b57 Dave's Guitar
 -----------------------------------------------------

 === WARNING! =====================================
 There is no root password defined on this device!
 Use the "passwd" command to set up a new password
 in order to prevent unauthorized SSH logins.
 --------------------------------------------------

  ___   __ __                _______             __
 |   |_|__|  |--.----.-----.|   |   |-----.-----|  |--.
 |     |  |  _  |   _|  -__||       |  -__|__ --|     |
 |_____|__|_____|__| |_____||__|_|__|_____|_____|__|__|

 ------------------------------------------------------
 LiMe master development (master rev. aebe482 20260416_0843)
 ------------------------------------------------------
 https://libremesh.org
 ------------------------------------------------------

 OpenWrt recently switched to the "apk" package manager!

 OPKG Command           APK Equivalent      Description
 ------------------------------------------------------------------
 opkg install <pkg>     apk add <pkg>       Install a package
 opkg remove <pkg>      apk del <pkg>       Remove a package
 opkg upgrade           apk upgrade         Upgrade all packages
 opkg files <pkg>       apk info -L <pkg>   List package contents
 opkg list-installed    apk info            List installed packages
 opkg update            apk update          Update package lists
 opkg search <pkg>      apk search <pkg>    Search for packages
 ------------------------------------------------------------------

For more information visit:
https://openwrt.org/docs/guide-user/additional-software/opkg-to-apk-cheatsheet

root@(none):~# dmesg -n 1
root@(none):~# echo 'LGOC''LJSCFM'
LGOCLJSCFM
root@LiMe-123456:~# run() { echo -n "$MARKER"; sh -c "$@"; echo "$MARKER $?"; }
root@LiMe-123456:~# echo 'KXEA''PGQLHZ'
KXEAPGQLHZ
root@LiMe-123456:~# MARKER='ENLA''TMZYTF' run 'ubus wait_for network.interface.l
an'
ENLATMZYTFENLATMZYTF 0
root@LiMe-123456:~# echo 'PQUA''SNWBGW'
PQUASNWBGW
root@LiMe-123456:~# MARKER='AYMM''PFENXO' run 'ubus call network.interface.lan s
tatus '"'"'{}'"'"''
AYMMPFENXO{
	"up": true,
	"pending": false,
	"available": true,
	"autostart": true,
	"dynamic": false,
	"uptime": 2,
	"l3_device": "br-lan",
	"proto": "static",
	"device": "br-lan",
	"updated": [
		"addresses"
	],
	"metric": 0,
	"dns_metric": 0,
	"delegation": true,
	"ipv4-address": [
		{
			"address": "10.13.52.86",
			"mask": 16
		}
	],
	"ipv6-address": [
		{
			"address": "fd0d:fe46:8ce8::12:3456",
			"mask": 64
		}
	],
	"ipv6-prefix": [
		
	],
	"ipv6-prefix-assignment": [
		
	],
	"route": [
		
	],
	"dns-server": [
		
	],
	"dns-search": [
		
	],
	"neighbors": [
		
	],
	"inactive": {
		"ipv4-address": [
			
		],
		"ipv6-address": [
			
		],
		"route": [
			
		],
		"dns-server": [
			
		],
		"dns-search": [
			
		],
		"neighbors": [
			
		]
	},
	"data": {
		
	}
}
AYMMPFENXO 0
root@LiMe-123456:~# echo 'ZWZL''KOQTXU'
ZWZLKOQTXU
root@LiMe-123456:~# MARKER='GVZS''ZJPNNZ' run true
GVZSZJPNNZGVZSZJPNNZ 0
root@LiMe-123456:~# echo 'CWBK''NQKKFC'
CWBKNQKKFC
root@LiMe-123456:~# MARKER='YNOY''QYBZVZ' run 'source /etc/os-release; echo $BUI
LD_ID'
YNOYQYBZVZr32881-6cbb072b57
YNOYQYBZVZ 0
root@LiMe-123456:~# echo 'QCET''GNUWQL'
QCETGNUWQL
root@LiMe-123456:~# MARKER='EKGQ''BSKBZQ' run 'ls /etc/dropbear/dropbear_rsa_hos
t_key'
EKGQBSKBZQ[0;0m/etc/dropbear/dropbear_rsa_host_key[m
EKGQBSKBZQ 0
root@LiMe-123456:~# echo 'JSSB''TOLZXQ'
JSSBTOLZXQ
root@LiMe-123456:~# MARKER='YKTT''YSJPQW' run 'netstat -tlpn | grep 0.0.0.0:22'
YKTTYSJPQWtcp        0      0 0.0.0.0:22              0.0.0.0:*               LISTEN      2099/dropbear
YKTTYSJPQW 0
root@LiMe-123456:~# echo 'VXBC''XNECQG'
VXBCXNECQG
root@LiMe-123456:~# MARKER='ECHF''ZVQYUM' run 'dmesg | grep br-lan | grep forwar
ding'
ECHFZVQYUM[   42.975389] br-lan: port 1(eth0) entered forwarding state
[   47.626633] br-lan: port 2(bat0) entered forwarding state
ECHFZVQYUM 0
root@LiMe-123456:~# echo 'ZVWB''GZVAUT'
ZVWBGZVAUT
root@LiMe-123456:~# MARKER='ZVWY''UOKOPT' run 'ubus call network.interface.lan s
tatus '"'"'{}'"'"''
ZVWYUOKOPT{
	"up": true,
	"pending": false,
	"available": true,
	"autostart": true,
	"dynamic": false,
	"uptime": 41,
	"l3_device": "br-lan",
	"proto": "static",
	"device": "br-lan",
	"updated": [
		"addresses"
	],
	"metric": 0,
	"dns_metric": 0,
	"delegation": true,
	"ipv4-address": [
		{
			"address": "10.13.52.86",
			"mask": 16
		}
	],
	"ipv6-address": [
		{
			"address": "fd0d:fe46:8ce8::12:3456",
			"mask": 64
		}
	],
	"ipv6-prefix": [
		
	],
	"ipv6-prefix-assignment": [
		
	],
	"route": [
		
	],
	"dns-server": [
		
	],
	"dns-search": [
		
	],
	"neighbors": [
		
	],
	"inactive": {
		"ipv4-address": [
			
		],
		"ipv6-address": [
			
		],
		"route": [
			
		],
		"dns-server": [
			
		],
		"dns-search": [
			
		],
		"neighbors": [
			
		]
	},
	"data": {
		
	}
}
ZVWYUOKOPT 0
root@LiMe-123456:~# 