Labgrid Console Logfile for main
Logfile started at 2026-05-02 02:04:35.263887
=== Log starts here ===
c[?7l[2J[0mSeaBIOS (version 1.16.3-debian-1.16.3-2)


iPXE (https://ipxe.org) 00:03.0 CA00 PCI2.10 PnP PMM+06FCAE70+06F0AE70 CA00
Press Ctrl-B to configure iPXE (PCI 00:03.0)...                                                                               




iPXE (https://ipxe.org) 00:05.0 CB00 PCI2.10 PnP PMM 06FCAE70 06F0AE70 CB00
Press Ctrl-B to configure iPXE (PCI 00:05.0)...                                                                               


Booting from Hard Disk...
GRUB loading.....
[0;30;47mWelcome to GRUB![01;01H[0m[2J[H[J[1;1H[?25l[m[H[J[1;1H[2;30HGNU GRUB  version 2.12

[m[4;2H+----------------------------------------------------------------------------+[5;2H|[5;79H|[6;2H|[6;79H|[7;2H|[7;79H|[8;2H|[8;79H|[9;2H|[9;79H|[10;2H|[10;79H|[11;2H|[11;79H|[12;2H|[12;79H|[13;2H|[13;79H|[14;2H|[14;79H|[15;2H|[15;79H|[16;2H+----------------------------------------------------------------------------+[m[17;2H[18;2H[m     Use the ^ and v keys to select which entry is highlighted.          
      Press enter to boot the selected OS, `e' to edit the commands       
      before booting or `c' for a command-line. ESC to return             
      previous menu.                                                      [5;80H [7m[5;3H*OpenWrt                                                                    [m[5;78H[m[m[6;3H OpenWrt (failsafe)                                                         [m[6;78H[m[m[7;3H                                                                            [m[7;78H[m[m[8;3H                                                                            [m[8;78H[m[m[9;3H                                                                            [m[9;78H[m[m[10;3H                                                                            [m[10;78H[m[m[11;3H                                                                            [m[11;78H[m[m[12;3H                                                                            [m[12;78H[m[m[13;3H                                                                            [m[13;78H[m[m[14;3H                                                                            [m[14;78H[m[m[15;3H                                                                            [m[15;78H[m[15;80H [5;78H[2J[02;30HGNU GRUB  version 2.12[04;02H┌────────────────────────────────────────────────────────────────────────────┐[05;02H│[05;79H│[06;02H│[06;79H│[07;02H│[07;79H│[08;02H│[08;79H│[09;02H│[09;79H│[10;02H│[10;79H│[11;02H│[11;79H│[12;02H│[12;79H│[13;02H│[13;79H│[14;02H│[14;79H│[15;02H│[15;79H│[16;02H│[16;79H│[17;02H└────────────────────────────────────────────────────────────────────────────┘[19;02H     Use the ↑ and ↓ keys to select which entry is highlighted.          
      Press enter to boot the selected OS, `e' to edit the commands       
      before booting or `c' for a command-line. ESC to return             
      previous m[22;16H[22;17Henu.                                                      [05;80H [05;03H[0;30;47m*OpenWrt                                                                    [06;03H[0m OpenWrt (failsafe)        [06;29H[06;30H                                                 [07;03H                                                                            [08;03H                                                                            [09;03H                                                                            [10;03H                                                  [10;52H[10;53H                          [11;03H                                                                            [12;03H                                                             [12;63H[12;64H               [13;03H                                                                            [14;03H                                                                            [15;03H                                                                            [16;03H                                                                            [16;80H 






   The highlighted entry will be executed automatically in 5s.                [22;1H   The highlighted entry will be executed automatically in 5s.                 [5;78H [05;78H

















   The highlighted entry will be executed automatically in 4s.                [22;1H   The highlighted entry will be executed automatically in 4s.                 [5;78H [05;78H

















   The highlighted entry will be executed automatically in 3s.                [22;1H   The highlighted entry will be executed automatically in 3s.                 [5;78H [05;78H

















   The highlighted entry will be executed automatically in 2s.                [22;1H   The highlighted entry will be executed automatically in 2s.                 [5;78H [05;78H

















   The highlighted entry will be executed automatically in 1s.                [22;1H   The highlighted entry will be executed automatically in 1s.                 [5;78H [05;78H

















   The highlighted entry will be executed automatically in 0s.                [22;1H   The highlighted entry will be executed automatically in 0s.                 [5;78H [01;01H[2J[?25h[H[J[1;1H[H[J[1;1H[2J   Booting `OpenWrt' Booting `OpenWrt

'

[    0.000000] Linux version 6.12.84 (builder@buildhost) (x86_64-openwrt-linux-musl-gcc (OpenWrt GCC 14.3.0 r32899-8a85437738) 14.3.0, GNU ld (GNU Binutils) 2.44) #0 SMP Thu Apr 30 19:18:02 2026
[    0.000000] Command line: BOOT_IMAGE=/boot/vmlinuz root=PARTUUID=d0b0a0bf-02 rootwait console=tty1 console=ttyS0,115200n8 noinitrd
[    0.000000] BIOS-provided physical RAM map:
[    0.000000] BIOS-e820: [mem 0x0000000000000000-0x000000000009fbff] usable
[    0.000000] BIOS-e820: [mem 0x000000000009fc00-0x000000000009ffff] reserved
[    0.000000] BIOS-e820: [mem 0x00000000000f0000-0x00000000000fffff] reserved
[    0.000000] BIOS-e820: [mem 0x0000000000100000-0x0000000007fdcfff] usable
[    0.000000] BIOS-e820: [mem 0x0000000007fdd000-0x0000000007ffffff] reserved
[    0.000000] BIOS-e820: [mem 0x00000000fffc0000-0x00000000ffffffff] reserved
[    0.000000] BIOS-e820: [mem 0x000000fd00000000-0x000000ffffffffff] reserved
[    0.000000] NX (Execute Disable) protection: active
[    0.000000] APIC: Static calls initialized
[    0.000000] SMBIOS 3.0.0 present.
[    0.000000] DMI: QEMU Standard PC (i440FX + PIIX, 1996), BIOS 1.16.3-debian-1.16.3-2 04/01/2014
[    0.000000] DMI: Memory slots populated: 1/1
[    0.000000] tsc: Fast TSC calibration using PIT
[    0.000000] tsc: Detected 2445.445 MHz processor
[    0.007371] last_pfn = 0x7fdd max_arch_pfn = 0x400000000
[    0.007990] MTRR map: 4 entries (3 fixed + 1 variable; max 19), built from 8 variable MTRRs
[    0.008159] x86/PAT: Configuration [0-7]: WB  WC  UC- UC  WB  WP  UC- WT  
[    0.026255] found SMP MP-table at [mem 0x000f5460-0x000f546f]
[    0.027605] Using GB pages for direct mapping
[    0.032107] ACPI: Early table checksum verification disabled
[    0.032442] ACPI: RSDP 0x00000000000F5290 000014 (v00 BOCHS )
[    0.032759] ACPI: RSDT 0x0000000007FE1C64 000034 (v01 BOCHS  BXPC     00000001 BXPC 00000001)
[    0.033271] ACPI: FACP 0x0000000007FE1B18 000074 (v01 BOCHS  BXPC     00000001 BXPC 00000001)
[    0.033860] ACPI: DSDT 0x0000000007FE0040 001AD8 (v01 BOCHS  BXPC     00000001 BXPC 00000001)
[    0.033930] ACPI: FACS 0x0000000007FE0000 000040
[    0.033978] ACPI: APIC 0x0000000007FE1B8C 000078 (v03 BOCHS  BXPC     00000001 BXPC 00000001)
[    0.033998] ACPI: HPET 0x0000000007FE1C04 000038 (v01 BOCHS  BXPC     00000001 BXPC 00000001)
[    0.034016] ACPI: WAET 0x0000000007FE1C3C 000028 (v01 BOCHS  BXPC     00000001 BXPC 00000001)
[    0.034088] ACPI: Reserving FACP table memory at [mem 0x7fe1b18-0x7fe1b8b]
[    0.034136] ACPI: Reserving DSDT table memory at [mem 0x7fe0040-0x7fe1b17]
[    0.034143] ACPI: Reserving FACS table memory at [mem 0x7fe0000-0x7fe003f]
[    0.034148] ACPI: Reserving APIC table memory at [mem 0x7fe1b8c-0x7fe1c03]
[    0.034153] ACPI: Reserving HPET table memory at [mem 0x7fe1c04-0x7fe1c3b]
[    0.034159] ACPI: Reserving WAET table memory at [mem 0x7fe1c3c-0x7fe1c63]
[    0.037149] Zone ranges:
[    0.037177]   DMA      [mem 0x0000000000001000-0x0000000000ffffff]
[    0.037252]   DMA32    [mem 0x0000000001000000-0x0000000007fdcfff]
[    0.037261]   Normal   empty
[    0.037278] Movable zone start for each node
[    0.037311] Early memory node ranges
[    0.037337]   node   0: [mem 0x0000000000001000-0x000000000009efff]
[    0.037389]   node   0: [mem 0x0000000000100000-0x0000000007fdcfff]
[    0.037513] Initmem setup node 0 [mem 0x0000000000001000-0x0000000007fdcfff]
[    0.038548] On node 0, zone DMA: 1 pages in unavailable ranges
[    0.039041] On node 0, zone DMA: 97 pages in unavailable ranges
[    0.041087] On node 0, zone DMA32: 35 pages in unavailable ranges
[    0.041418] ACPI: PM-Timer IO Port: 0x608
[    0.041929] ACPI: LAPIC_NMI (acpi_id[0xff] dfl dfl lint[0x1])
[    0.042342] IOAPIC[0]: apic_id 0, version 32, address 0xfec00000, GSI 0-23
[    0.042455] ACPI: INT_SRC_OVR (bus 0 bus_irq 0 global_irq 2 dfl dfl)
[    0.042719] ACPI: INT_SRC_OVR (bus 0 bus_irq 5 global_irq 5 high level)
[    0.042769] ACPI: INT_SRC_OVR (bus 0 bus_irq 9 global_irq 9 high level)
[    0.042863] ACPI: INT_SRC_OVR (bus 0 bus_irq 10 global_irq 10 high level)
[    0.042872] ACPI: INT_SRC_OVR (bus 0 bus_irq 11 global_irq 11 high level)
[    0.043047] ACPI: Using ACPI (MADT) for SMP configuration information
[    0.043091] ACPI: HPET id: 0x8086a201 base: 0xfed00000
[    0.043478] CPU topo: Max. logical packages:   1
[    0.043493] CPU topo: Max. logical dies:       1
[    0.043502] CPU topo: Max. dies per package:   1
[    0.043546] CPU topo: Max. threads per core:   1
[    0.043712] CPU topo: Num. cores per package:     1
[    0.043728] CPU topo: Num. threads per package:   1
[    0.043736] CPU topo: Allowing 1 present CPUs plus 0 hotplug CPUs
[    0.044949] [mem 0x08000000-0xfffbffff] available for PCI devices
[    0.045025] Booting paravirtualized kernel on bare hardware
[    0.045323] clocksource: refined-jiffies: mask: 0xffffffff max_cycles: 0xffffffff, max_idle_ns: 19112604462750000 ns
[    0.045994] setup_percpu: NR_CPUS:512 nr_cpumask_bits:1 nr_cpu_ids:1 nr_node_ids:1
[    0.047990] percpu: Embedded 48 pages/cpu s158232 r8192 d30184 u2097152
[    0.050294] Kernel command line: BOOT_IMAGE=/boot/vmlinuz root=PARTUUID=d0b0a0bf-02 rootwait console=tty1 console=ttyS0,115200n8 noinitrd
[    0.051889] random: crng init done
[    0.056559] Dentry cache hash table entries: 16384 (order: 5, 131072 bytes, linear)
[    0.057515] Inode-cache hash table entries: 8192 (order: 4, 65536 bytes, linear)
[    0.060195] Built 1 zonelists, mobility grouping on.  Total pages: 32635
[    0.060415] mem auto-init: stack:off, heap alloc:off, heap free:off
[    0.070826] SLUB: HWalign=64, Order=0-3, MinObjects=0, CPUs=1, Nodes=1
[    0.078630] rcu: Hierarchical RCU implementation.
[    0.078658] rcu: 	RCU restricting CPUs from NR_CPUS=512 to nr_cpu_ids=1.
[    0.078822] 	Tracing variant of Tasks RCU enabled.
[    0.078916] rcu: RCU calculated value of scheduler-enlistment delay is 10 jiffies.
[    0.078949] rcu: Adjusting geometry for rcu_fanout_leaf=16, nr_cpu_ids=1
[    0.080076] RCU Tasks Trace: Setting shift to 0 and lim to 1 rcu_task_cb_adjust=1 rcu_task_cpu_ids=1.
[    0.080202] NR_IRQS: 33024, nr_irqs: 256, preallocated irqs: 16
[    0.088937] rcu: srcu_init: Setting srcu_struct sizes based on contention.
[    0.095602] Console: colour VGA+ 80x25
[    0.096026] printk: legacy console [tty1] enabled
[    0.103721] printk: legacy console [ttyS0] enabled
[    0.355555] ACPI: Core revision 20240827
[    0.360820] clocksource: hpet: mask: 0xffffffff max_cycles: 0xffffffff, max_idle_ns: 19112604467 ns
[    0.365536] APIC: Switch to symmetric I/O mode setup
[    0.370040] ..TIMER: vector=0x30 apic1=0 pin1=2 apic2=-1 pin2=-1
[    0.412550] clocksource: tsc-early: mask: 0xffffffffffffffff max_cycles: 0x233fe9ed96d, max_idle_ns: 440795303584 ns
[    0.413169] Calibrating delay loop (skipped), value calculated using timer frequency.. 4890.89 BogoMIPS (lpj=24454450)
[    0.414962] x86/cpu: User Mode Instruction Prevention (UMIP) activated
[    0.430385] Last level iTLB entries: 4KB 0, 2MB 0, 4MB 0
[    0.430787] Last level dTLB entries: 4KB 0, 2MB 0, 4MB 0, 1GB 0
[    0.434111] Spectre V1 : Mitigation: usercopy/swapgs barriers and __user pointer sanitization
[    0.435118] Spectre V2 : Mitigation: Retpolines
[    0.435367] Spectre V2 : Spectre v2 / SpectreRSB: Filling RSB on context switch and VMEXIT
[    0.435796] Speculative Store Bypass: Vulnerable
[    0.437704] x86/fpu: Supporting XSAVE feature 0x001: 'x87 floating point registers'
[    0.445279] x86/fpu: Supporting XSAVE feature 0x002: 'SSE registers'
[    0.445532] x86/fpu: Supporting XSAVE feature 0x004: 'AVX registers'
[    0.445792] x86/fpu: Supporting XSAVE feature 0x008: 'MPX bounds registers'
[    0.446030] x86/fpu: Supporting XSAVE feature 0x010: 'MPX CSR'
[    0.453432] x86/fpu: xstate_offset[2]:  576, xstate_sizes[2]:  256
[    0.453964] x86/fpu: xstate_offset[3]:  960, xstate_sizes[3]:   64
[    0.454201] x86/fpu: xstate_offset[4]: 1024, xstate_sizes[4]:   64
[    0.454442] x86/fpu: Enabled xstate features 0x1f, context size is 1088 bytes, using 'standard' format.
[    0.686721] Freeing SMP alternatives memory: 40K
[    0.687438] pid_max: default: 32768 minimum: 301
[    0.696724] Mount-cache hash table entries: 512 (order: 0, 4096 bytes, linear)
[    0.697093] Mountpoint-cache hash table entries: 512 (order: 0, 4096 bytes, linear)
[    0.848316] smpboot: CPU0: AMD QEMU TCG CPU version 2.5+ (family: 0x6, model: 0x6, stepping: 0x3)
[    0.876704] Performance Events: PMU not available due to virtualization, using software events only.
[    0.878043] signal: max sigframe size: 1616
[    0.879711] rcu: Hierarchical SRCU implementation.
[    0.879927] rcu: 	Max phase no-delay instances is 1000.
[    0.886227] smp: Bringing up secondary CPUs ...
[    0.889164] smp: Brought up 1 node, 1 CPU
[    0.889468] smpboot: Total of 1 processors activated (4890.89 BogoMIPS)
[    0.895936] Memory: 103208K/130540K available (14336K kernel code, 1177K rwdata, 2556K rodata, 1492K init, 1304K bss, 25620K reserved, 0K cma-reserved)
[    0.910498] clocksource: jiffies: mask: 0xffffffff max_cycles: 0xffffffff, max_idle_ns: 19112604462750000 ns
[    0.911279] futex hash table entries: 256 (order: 2, 16384 bytes, linear)
[    0.912574] pinctrl core: initialized pinctrl subsystem
[    0.931341] NET: Registered PF_NETLINK/PF_ROUTE protocol family
[    0.937421] thermal_sys: Registered thermal governor 'step_wise'
[    0.937479] thermal_sys: Registered thermal governor 'user_space'
[    0.938409] cpuidle: using governor ladder
[    0.940043] acpiphp: ACPI Hot Plug PCI Controller Driver version: 0.5
[    0.944674] PCI: Using configuration type 1 for base access
[    0.953446] cryptd: max_cpu_qlen set to 1000
[    0.959037] ACPI: Added _OSI(Module Device)
[    0.959228] ACPI: Added _OSI(Processor Device)
[    0.959396] ACPI: Added _OSI(Processor Aggregator Device)
[    0.973368] ACPI: 1 ACPI AML tables successfully acquired and loaded
[    0.989835] ACPI: Interpreter enabled
[    0.990594] ACPI: PM: (supports S0 S5)
[    0.990789] ACPI: Using IOAPIC for interrupt routing
[    0.991323] PCI: Using host bridge windows from ACPI; if necessary, use "pci=nocrs" and report a bug
[    0.991695] PCI: Using E820 reservations for host bridge windows
[    0.994780] ACPI: Enabled 2 GPEs in block 00 to 0F
[    1.031416] ACPI: PCI Root Bridge [PCI0] (domain 0000 [bus 00-ff])
[    1.033195] acpi PNP0A03:00: _OSC: OS supports [ASPM ClockPM Segments MSI HPX-Type3]
[    1.033667] acpi PNP0A03:00: _OSC: not requesting OS control; OS requires [ExtendedConfig ASPM ClockPM MSI]
[    1.034525] acpi PNP0A03:00: fail to add MMCONFIG information, can't access extended configuration space under this bridge
[    1.046839] acpiphp: Slot [3] registered
[    1.047145] acpiphp: Slot [4] registered
[    1.047394] acpiphp: Slot [5] registered
[    1.047662] acpiphp: Slot [6] registered
[    1.053302] acpiphp: Slot [7] registered
[    1.053744] acpiphp: Slot [8] registered
[    1.055302] acpiphp: Slot [9] registered
[    1.055569] acpiphp: Slot [10] registered
[    1.055849] acpiphp: Slot [11] registered
[    1.056090] acpiphp: Slot [12] registered
[    1.063379] acpiphp: Slot [13] registered
[    1.063800] acpiphp: Slot [14] registered
[    1.064122] acpiphp: Slot [15] registered
[    1.064362] acpiphp: Slot [16] registered
[    1.064627] acpiphp: Slot [17] registered
[    1.064901] acpiphp: Slot [18] registered
[    1.073421] acpiphp: Slot [19] registered
[    1.073878] acpiphp: Slot [20] registered
[    1.074223] acpiphp: Slot [21] registered
[    1.074477] acpiphp: Slot [22] registered
[    1.074713] acpiphp: Slot [23] registered
[    1.074950] acpiphp: Slot [24] registered
[    1.075192] acpiphp: Slot [25] registered
[    1.083391] acpiphp: Slot [26] registered
[    1.083821] acpiphp: Slot [27] registered
[    1.084079] acpiphp: Slot [28] registered
[    1.084330] acpiphp: Slot [29] registered
[    1.084586] acpiphp: Slot [30] registered
[    1.084856] acpiphp: Slot [31] registered
[    1.093649] PCI host bridge to bus 0000:00
[    1.094154] pci_bus 0000:00: root bus resource [io  0x0000-0x0cf7 window]
[    1.094507] pci_bus 0000:00: root bus resource [io  0x0d00-0xffff window]
[    1.094761] pci_bus 0000:00: root bus resource [mem 0x000a0000-0x000bffff window]
[    1.103265] pci_bus 0000:00: root bus resource [mem 0x08000000-0xfebfffff window]
[    1.103682] pci_bus 0000:00: root bus resource [mem 0x100000000-0x17fffffff window]
[    1.104119] pci_bus 0000:00: root bus resource [bus 00-ff]
[    1.105492] pci 0000:00:00.0: [8086:1237] type 00 class 0x060000 conventional PCI endpoint
[    1.124245] pci 0000:00:01.0: [8086:7000] type 00 class 0x060100 conventional PCI endpoint
[    1.125145] pci 0000:00:01.1: [8086:7010] type 00 class 0x010180 conventional PCI endpoint
[    1.127935] pci 0000:00:01.1: BAR 4 [io  0xc0e0-0xc0ef]
[    1.132418] pci 0000:00:01.1: BAR 0 [io  0x01f0-0x01f7]: legacy IDE quirk
[    1.132721] pci 0000:00:01.1: BAR 1 [io  0x03f6]: legacy IDE quirk
[    1.132967] pci 0000:00:01.1: BAR 2 [io  0x0170-0x0177]: legacy IDE quirk
[    1.133166] pci 0000:00:01.1: BAR 3 [io  0x0376]: legacy IDE quirk
[    1.143093] pci 0000:00:01.3: [8086:7113] type 00 class 0x068000 conventional PCI endpoint
[    1.143738] pci 0000:00:01.3: quirk: [io  0x0600-0x063f] claimed by PIIX4 ACPI
[    1.144036] pci 0000:00:01.3: quirk: [io  0x0700-0x070f] claimed by PIIX4 SMB
[    1.153805] pci 0000:00:02.0: [1234:1111] type 00 class 0x030000 conventional PCI endpoint
[    1.154621] pci 0000:00:02.0: BAR 0 [mem 0xfd000000-0xfdffffff pref]
[    1.156150] pci 0000:00:02.0: BAR 2 [mem 0xfeb90000-0xfeb90fff]
[    1.158742] pci 0000:00:02.0: ROM [mem 0xfeb80000-0xfeb8ffff pref]
[    1.163578] pci 0000:00:02.0: Video device with shadowed ROM at [mem 0x000c0000-0x000dffff]
[    1.164604] pci 0000:00:03.0: [1af4:1000] type 00 class 0x020000 conventional PCI endpoint
[    1.165892] pci 0000:00:03.0: BAR 0 [io  0xc080-0xc09f]
[    1.175192] pci 0000:00:03.0: BAR 4 [mem 0xfe000000-0xfe003fff 64bit pref]
[    1.176575] pci 0000:00:03.0: ROM [mem 0xfea80000-0xfeafffff pref]
[    1.183427] pci 0000:00:04.0: [1af4:1005] type 00 class 0x00ff00 conventional PCI endpoint
[    1.184364] pci 0000:00:04.0: BAR 0 [io  0xc0a0-0xc0bf]
[    1.186914] pci 0000:00:04.0: BAR 1 [mem 0xfeb91000-0xfeb91fff]
[    1.189729] pci 0000:00:04.0: BAR 4 [mem 0xfe004000-0xfe007fff 64bit pref]
[    1.193994] pci 0000:00:05.0: [1af4:1000] type 00 class 0x020000 conventional PCI endpoint
[    1.194963] pci 0000:00:05.0: BAR 0 [io  0xc0c0-0xc0df]
[    1.198481] pci 0000:00:05.0: BAR 1 [mem 0xfeb92000-0xfeb92fff]
[    1.201575] pci 0000:00:05.0: BAR 4 [mem 0xfe008000-0xfe00bfff 64bit pref]
[    1.202378] pci 0000:00:05.0: ROM [mem 0xfeb00000-0xfeb7ffff pref]
[    1.206127] pci 0000:00:06.0: [1af4:1001] type 00 class 0x010000 conventional PCI endpoint
[    1.208972] pci 0000:00:06.0: BAR 0 [io  0xc000-0xc07f]
[    1.209814] pci 0000:00:06.0: BAR 1 [mem 0xfeb93000-0xfeb93fff]
[    1.212597] pci 0000:00:06.0: BAR 4 [mem 0xfe00c000-0xfe00ffff 64bit pref]
[    1.221034] ACPI: PCI: Interrupt link LNKA configured for IRQ 10
[    1.221944] ACPI: PCI: Interrupt link LNKB configured for IRQ 10
[    1.222569] ACPI: PCI: Interrupt link LNKC configured for IRQ 11
[    1.223621] ACPI: PCI: Interrupt link LNKD configured for IRQ 11
[    1.224030] ACPI: PCI: Interrupt link LNKS configured for IRQ 9
[    1.235225] iommu: Default domain type: Translated
[    1.235437] iommu: DMA domain TLB invalidation policy: lazy mode
[    1.238040] SCSI subsystem initialized
[    1.239536] ACPI: bus type USB registered
[    1.240057] usbcore: registered new interface driver usbfs
[    1.243063] usbcore: registered new interface driver hub
[    1.243231] usbcore: registered new device driver usb
[    1.243761] pps_core: LinuxPPS API ver. 1 registered
[    1.243978] pps_core: Software ver. 5.3.6 - Copyright 2005-2007 Rodolfo Giometti <giometti@linux.it>
[    1.253386] PTP clock support registered
[    1.265282] PCI: Using ACPI for IRQ routing
[    1.267607] hpet0: at MMIO 0xfed00000, IRQs 2, 8, 0
[    1.267879] hpet0: 3 comparators, 64-bit 100.000000 MHz counter
[    1.272919] clocksource: Switched to clocksource tsc-early
[    1.272919] pnp: PnP ACPI init
[    1.272919] pnp: PnP ACPI: found 6 devices
[    1.284603] clocksource: acpi_pm: mask: 0xffffff max_cycles: 0xffffff, max_idle_ns: 2085701024 ns
[    1.285955] NET: Registered PF_INET protocol family
[    1.287143] IP idents hash table entries: 2048 (order: 2, 16384 bytes, linear)
[    1.292517] tcp_listen_portaddr_hash hash table entries: 256 (order: 0, 4096 bytes, linear)
[    1.295612] Table-perturb hash table entries: 65536 (order: 6, 262144 bytes, linear)
[    1.296021] TCP established hash table entries: 1024 (order: 1, 8192 bytes, linear)
[    1.296475] TCP bind hash table entries: 1024 (order: 3, 32768 bytes, linear)
[    1.306376] TCP: Hash tables configured (established 1024 bind 1024)
[    1.308181] MPTCP token hash table entries: 256 (order: 1, 6144 bytes, linear)
[    1.308709] UDP hash table entries: 256 (order: 1, 8192 bytes, linear)
[    1.309130] UDP-Lite hash table entries: 256 (order: 1, 8192 bytes, linear)
[    1.318676] NET: Registered PF_UNIX/PF_LOCAL protocol family
[    1.319847] pci_bus 0000:00: resource 4 [io  0x0000-0x0cf7 window]
[    1.320084] pci_bus 0000:00: resource 5 [io  0x0d00-0xffff window]
[    1.320297] pci_bus 0000:00: resource 6 [mem 0x000a0000-0x000bffff window]
[    1.328194] pci_bus 0000:00: resource 7 [mem 0x08000000-0xfebfffff window]
[    1.328578] pci_bus 0000:00: resource 8 [mem 0x100000000-0x17fffffff window]
[    1.329266] pci 0000:00:01.0: PIIX3: Enabling Passive Release
[    1.329592] pci 0000:00:00.0: Limiting direct PCI/PCI transfers
[    1.339378] PCI: CLS 0 bytes, default 64
[    1.358611] workingset: timestamp_bits=46 max_order=15 bucket_order=0
[    1.361160] squashfs: version 4.0 (2009/01/31) Phillip Lougher
[    1.364027] Block layer SCSI generic (bsg) driver version 0.4 loaded (major 247)
[    1.367644] hv_vmbus: registering driver hyperv_fb
[    1.372491] input: Power Button as /devices/LNXSYSTM:00/LNXPWRBN:00/input/input0
[    1.380914] ACPI: button: Power Button [PWRF]
[    1.533311] ACPI: \_SB_.LNKC: Enabled at IRQ 11
[    1.677295] ACPI: \_SB_.LNKD: Enabled at IRQ 10
[    1.820604] ACPI: \_SB_.LNKA: Enabled at IRQ 10
[    1.964052] ACPI: \_SB_.LNKB: Enabled at IRQ 11
[    1.965722] Serial: 8250/16550 driver, 16 ports, IRQ sharing enabled
[    1.990669] 00:04: ttyS0 at I/O 0x3f8 (irq = 4, base_baud = 115200) is a 16550A
[    2.017021] Non-volatile memory driver v1.3
[    2.027829] Linux agpgart interface v0.103
[    2.028841] ACPI: bus type drm_connector registered
[    2.031540] [drm] Found bochs VGA, ID 0xb0c5.
[    2.031740] [drm] Framebuffer size 16384 kB @ 0xfd000000, mmio @ 0xfeb90000.
[    2.038576] [drm] Found EDID data blob.
[    2.043940] [drm] Initialized bochs-drm 1.0.0 for 0000:00:02.0 on minor 0
[    2.110902] Console: switching to colour frame buffer device 160x50
[    2.120046] bochs-drm 0000:00:02.0: [drm] fb0: bochs-drmdrmfb frame buffer device
[    2.155096] loop: module loaded
[    2.155775] virtio_blk virtio3: 1/0/0 default/read/poll queues
[    2.160179] virtio_blk virtio3: [vda] 246784 512-byte logical blocks (126 MB/121 MiB)
[    2.169364]  vda: vda1 vda2
[    2.171320] Guest personality initialized and is inactive
[    2.171919] VMCI host device registered (name=vmci, major=10, minor=256)
[    2.172202] Initialized host personality
[    2.172573] usbcore: registered new interface driver rtsx_usb
[    2.181005] VMware PVSCSI driver - version 1.0.7.0-k
[    2.181367] hv_vmbus: registering driver hv_storvsc
[    2.197026] scsi host0: ata_piix
[    2.199544] scsi host1: ata_piix
[    2.200434] ata1: PATA max MWDMA2 cmd 0x1f0 ctl 0x3f6 bmdma 0xc0e0 irq 14 lpm-pol 0
[    2.200743] ata2: PATA max MWDMA2 cmd 0x170 ctl 0x376 bmdma 0xc0e8 irq 15 lpm-pol 0
[    2.210756] VMware vmxnet3 virtual NIC driver - version 1.9.0.0-k-NAPI
[    2.211327] hv_vmbus: registering driver hv_netvsc
[    2.211726] Fusion MPT base driver 3.04.20
[    2.211889] Copyright (c) 1999-2008 LSI Corporation
[    2.212253] Fusion MPT SPI Host driver 3.04.20
[    2.221723] Fusion MPT SAS Host driver 3.04.20
[    2.223872] usbcore: registered new interface driver usb-storage
[    2.225115] i8042: PNP: PS/2 Controller [PNP0303:KBD,PNP0f13:MOU] at 0x60,0x64 irq 1,12
[    2.228373] serio: i8042 KBD port at 0x60,0x64 irq 1
[    2.228783] serio: i8042 AUX port at 0x60,0x64 irq 12
[    2.235549] hv_vmbus: registering driver hyperv_keyboard
[    2.237929] rtc_cmos 00:05: RTC can wake from S4
[    2.242840] rtc_cmos 00:05: registered as rtc0
[    2.245749] rtc_cmos 00:05: setting system clock to 2026-05-02T02:04:46 UTC (1777687486)
[    2.248183] rtc_cmos 00:05: alarms up to one day, y3k, 242 bytes nvram, hpet irqs
[    2.250785] intel_powerclamp: CPU does not support MWAIT
[    2.252972] amd_pstate: the _CPC object is not present in SBIOS or ACPI disabled
[    2.258919] sdhci: Secure Digital Host Controller Interface driver
[    2.260830] sdhci: Copyright(c) Pierre Ossman
[    2.263095] VUB300 Driver rom wait states = 1C irqpoll timeout = 0400
[    2.269898] input: AT Translated Set 2 keyboard as /devices/platform/i8042/serio0/input/input1
[    2.293490] usbcore: registered new interface driver vub300
[    2.295774] usbcore: registered new interface driver ushc
[    2.303429] hid: raw HID events driver (C) Jiri Kosina
[    2.306225] hv_vmbus: registering driver hid_hyperv
[    2.309114] usbcore: registered new interface driver usbhid
[    2.311133] usbhid: USB HID core driver
[    2.313204] hv_utils: Registering HyperV Utility Driver
[    2.315247] hv_vmbus: registering driver hv_utils
[    2.317620] hv_vmbus: registering driver hv_balloon
[    2.320990] NET: Registered PF_INET6 protocol family
[    2.335392] Segment Routing with IPv6
[    2.337500] In-situ OAM (IOAM) with IPv6
[    2.339835] NET: Registered PF_PACKET protocol family
[    2.342237] bridge: filtering via arp/ip/ip6tables is no longer available by default. Update your scripts to load br_netfilter if you need this.
[    2.352218] 8021q: 802.1Q VLAN Support v1.8
[    2.354839] NET: Registered PF_VSOCK protocol family
[    2.362893] tsc: Refined TSC clocksource calibration: 2445.428 MHz
[    2.365381] clocksource: tsc: mask: 0xffffffffffffffff max_cycles: 0x233fd98c0cf, max_idle_ns: 440795209930 ns
[    2.371471] clocksource: Switched to clocksource tsc
[    2.378075] IPI shorthand broadcast: enabled
[    2.384738] AES CTR mode by8 optimization enabled
[    2.405795] sched_clock: Marking stable (2140053694, 263617554)->(2417949683, -14278435)
[    2.434628] ata2: found unknown device (class 0)
[    2.488435] ata2.00: ATAPI: QEMU DVD-ROM, 2.5+, max UDMA/100
[    2.506616] scsi 1:0:0:0: CD-ROM            QEMU     QEMU DVD-ROM     2.5+ PQ: 0 ANSI: 5
[    2.519219] clk: Disabling unused clocks
[    2.555328] sr 1:0:0:0: [sr0] scsi3-mmc drive: 4x/4x cd/rw xa/form2 tray
[    2.557807] cdrom: Uniform CD-ROM driver Revision: 3.20
[    2.614734] VFS: Mounted root (squashfs filesystem) readonly on device 254:2.
[    2.682787] Freeing unused kernel image (initmem) memory: 1492K
[    2.686116] Write protecting the kernel read-only data: 18432k
[    2.690428] Freeing unused kernel image (rodata/data gap) memory: 1540K
[    2.692991] Run /sbin/init as init process
[    3.005983] init: Console is alive
[    3.534951] kmodloader: loading kernel modules from /etc/modules-boot.d/*
[    3.592850] button_hotplug: loading out-of-tree module taints kernel.
[    3.599687] Button Hotplug driver version 0.4.1
[    3.619532] Intel(R) 2.5G Ethernet Linux Driver
[    3.621884] Copyright(c) 2018 Intel Corporation.
[    3.636798] igb: Intel(R) Gigabit Ethernet Network Driver
[    3.639163] igb: Copyright (c) 2007-2014 Intel Corporation.
[    3.654615] e1000e: Intel(R) PRO/1000 Network Driver
[    3.656972] e1000e: Copyright(c) 1999 - 2015 Intel Corporation.
[    3.668737] kmodloader: done loading kernel modules from /etc/modules-boot.d/*
[    3.684644] init: - preinit -
[    4.691603] 8021q: adding VLAN 0 to HW filter on device eth0
Press the [f] key and hit [enter] to enter failsafe mode
Press the [1], [2], [3] or [4] key and hit [enter] to select the debug level
[    9.317143] loop0: detected capacity change from 0 to 212992
[    9.354061] loop0: detected capacity change from 212992 to 200960
[    9.366238] mount_root: overlay filesystem in /dev/loop0 has not been formatted yet
[    9.702859] EXT4-fs (loop0): mounted filesystem b8c4b8c6-6f28-45d7-bed0-d037894e2d71 r/w with ordered data mode. Quota mode: disabled.
[    9.716716] mount_root: overlay filesystem has not been fully initialized yet
[    9.734365] mount_root: switching to ext4 overlay
[    9.754906] overlayfs: null uuid detected in lower fs '/', falling back to xino=off,index=off,nfs_export=off.
[   10.474496] EXT4-fs (vda1): mounted filesystem 84173db5-fa99-e35a-95c6-28613cc79ea9 r/w without journal. Quota mode: disabled.
[   10.497900] urandom-seed: Seed file not found (/etc/urandom.seed)
[   10.642066] procd: - early -
[   11.389654] procd: - ubus -
[   11.499451] procd: - init -
Please press Enter to activate this console.
root
login[1048]: root login on 'ttyS0'


BusyBox v1.37.0 (2026-04-30 19:18:02 UTC) built-in shell (ash)

  _______                     ________        __
 |       |.-----.-----.-----.|  |  |  |.----.|  |_
 |   -   ||  _  |  -__|     ||  |  |  ||   _||   _|
 |_______||   __|_____|__|__||________||__|  |____|
          |__| W I R E L E S S   F R E E D O M
 -----------------------------------------------------
 OpenWrt 25.12-SNAPSHOT, r32899-8a85437738 Dave's Guitar
 -----------------------------------------------------

 === WARNING! =====================================
 There is no root password defined on this device!
 Use the "passwd" command to set up a new password
 in order to prevent unauthorized SSH logins.
 --------------------------------------------------


 OpenWrt recently switched to the "apk" package manager!

 OPKG Command           APK Equivalent      Description
 ------------------------------------------------------------------
 opkg install <pkg>     apk add <pkg>       Install a package
 opkg remove <pkg>      apk del <pkg>       Remove a package
 opkg upgrade           apk upgrade         Upgrade all packages
 opkg files <pkg>       apk info -L <pkg>   List package contents
 opkg list-installed    apk info            List installed packages
 opkg update            apk update          Update package lists
 opkg search <pkg>      apk search <pkg>    Search for packages
 ------------------------------------------------------------------

For more information visit:
https://openwrt.org/docs/guide-user/additional-software/opkg-to-apk-cheatsheet

root@(none):~# dmesg -n 1
root@(none):~# echo 'SYMS''SBSVCF'
SYMSSBSVCF
root@(none):~# run() { echo -n "$MARKER"; sh -c "$@"; echo "$MARKER $?"; }
root@(none):~# echo 'FLAT''GBJZML'
FLATGBJZML
root@(none):~# MARKER='HXVP''ECSEGS' run 'ubus wait_for network.interface.lan'
HXVPECSEGSHXVPECSEGS 0
root@OpenWrt:~# echo 'AXQA''CAANHO'
AXQACAANHO
root@OpenWrt:~# MARKER='EJUT''KXZHAV' run 'ubus call network.interface.lan statu
s '"'"'{}'"'"''
EJUTKXZHAV{
	"up": true,
	"pending": false,
	"available": true,
	"autostart": true,
	"dynamic": false,
	"uptime": 0,
	"l3_device": "br-lan",
	"proto": "static",
	"device": "br-lan",
	"updated": [
		"addresses"
	],
	"metric": 0,
	"dns_metric": 0,
	"delegation": true,
	"ipv4-address": [
		{
			"address": "192.168.1.1",
			"mask": 24
		}
	],
	"ipv6-address": [
		
	],
	"ipv6-prefix": [
		
	],
	"ipv6-prefix-assignment": [
		{
			"address": "fd08:91ff:6d1b::",
			"mask": 60,
			"local-address": {
				"address": "fd08:91ff:6d1b::1",
				"mask": 60
			}
		}
	],
	"route": [
		
	],
	"dns-server": [
		
	],
	"dns-search": [
		
	],
	"neighbors": [
		
	],
	"inactive": {
		"ipv4-address": [
			
		],
		"ipv6-address": [
			
		],
		"route": [
			
		],
		"dns-server": [
			
		],
		"dns-search": [
			
		],
		"neighbors": [
			
		]
	},
	"data": {
		
	}
}
EJUTKXZHAV 0
root@OpenWrt:~# echo 'QNSX''FVKVHC'
QNSXFVKVHC
root@OpenWrt:~# MARKER='JSUO''WMNFBV' run true
JSUOWMNFBVJSUOWMNFBV 0
root@OpenWrt:~# echo 'TJKM''EQZQZO'
TJKMEQZQZO
root@OpenWrt:~# MARKER='CUFV''TAXJEP' run 'source /etc/os-release; echo $BUILD_I
D'
CUFVTAXJEPr32899-8a85437738
CUFVTAXJEP 0
root@OpenWrt:~# echo 'GJGX''QKHTGP'
GJGXQKHTGP
root@OpenWrt:~# MARKER='LGBE''GKOVVQ' run 'ls /etc/dropbear/dropbear_rsa_host_ke
y'
LGBEGKOVVQ[0;0m/etc/dropbear/dropbear_rsa_host_key[m
LGBEGKOVVQ 0
root@OpenWrt:~# echo 'JNFW''HUWGPY'
JNFWHUWGPY
root@OpenWrt:~# MARKER='KOJC''KBAAWQ' run 'netstat -tlpn | grep 0.0.0.0:22'
KOJCKBAAWQnetstat: showing only processes with your user ID
tcp        0      0 0.0.0.0:22              0.0.0.0:*               LISTEN      1756/dropbear
KOJCKBAAWQ 0
root@OpenWrt:~# echo 'VGVS''HMGGVC'
VGVSHMGGVC
root@OpenWrt:~# MARKER='WKSB''KTPVAH' run 'dmesg | grep br-lan | grep forwarding
'
WKSBKTPVAH[   35.075959] br-lan: port 1(eth0) entered forwarding state
WKSBKTPVAH 0
root@OpenWrt:~# echo 'NFJU''PQWQTF'
NFJUPQWQTF
root@OpenWrt:~# MARKER='JHNU''LYANXE' run 'ubus call network.interface.lan statu
s '"'"'{}'"'"''
JHNULYANXE{
	"up": true,
	"pending": false,
	"available": true,
	"autostart": true,
	"dynamic": false,
	"uptime": 8,
	"l3_device": "br-lan",
	"proto": "static",
	"device": "br-lan",
	"updated": [
		"addresses"
	],
	"metric": 0,
	"dns_metric": 0,
	"delegation": true,
	"ipv4-address": [
		{
			"address": "192.168.1.1",
			"mask": 24
		}
	],
	"ipv6-address": [
		
	],
	"ipv6-prefix": [
		
	],
	"ipv6-prefix-assignment": [
		{
			"address": "fd08:91ff:6d1b::",
			"mask": 60,
			"local-address": {
				"address": "fd08:91ff:6d1b::1",
				"mask": 60
			}
		}
	],
	"route": [
		
	],
	"dns-server": [
		
	],
	"dns-search": [
		
	],
	"neighbors": [
		
	],
	"inactive": {
		"ipv4-address": [
			
		],
		"ipv6-address": [
			
		],
		"route": [
			
		],
		"dns-server": [
			
		],
		"dns-search": [
			
		],
		"neighbors": [
			
		]
	},
	"data": {
		
	}
}
JHNULYANXE 0
root@OpenWrt:~# echo 'FOXK''VOJBAS'
FOXKVOJBAS
root@OpenWrt:~# MARKER='WXBO''WOSVJJ' run 'ip -o addr show dev br-lan'
WXBOWOSVJJ4: br-lan    inet 192.168.1.1/24 brd 192.168.1.255 scope global br-lan\       valid_lft forever preferred_lft forever
4: br-lan    inet6 fd08:91ff:6d1b::1/60 scope global noprefixroute \       valid_lft forever preferred_lft forever
4: br-lan    inet6 fe80::5054:ff:fe12:3456/64 scope link \       valid_lft forever preferred_lft forever
WXBOWOSVJJ 0
root@OpenWrt:~# echo 'GZHN''NATZTO'
GZHNNATZTO
root@OpenWrt:~# MARKER='KVTV''MGWGLY' run 'ubus call network.interface.wan statu
s '"'"'{}'"'"''
KVTVMGWGLY{
	"up": true,
	"pending": false,
	"available": true,
	"autostart": true,
	"dynamic": false,
	"uptime": 8,
	"l3_device": "eth1",
	"proto": "dhcp",
	"device": "eth1",
	"updated": [
		"addresses",
		"routes",
		"data"
	],
	"metric": 0,
	"dns_metric": 0,
	"delegation": true,
	"ipv4-address": [
		{
			"address": "10.0.2.15",
			"mask": 24
		}
	],
	"ipv6-address": [
		
	],
	"ipv6-prefix": [
		
	],
	"ipv6-prefix-assignment": [
		
	],
	"route": [
		{
			"target": "0.0.0.0",
			"mask": 0,
			"nexthop": "10.0.2.2",
			"source": "10.0.2.15/32"
		}
	],
	"dns-server": [
		"10.0.2.3"
	],
	"dns-search": [
		
	],
	"neighbors": [
		
	],
	"inactive": {
		"ipv4-address": [
			
		],
		"ipv6-address": [
			
		],
		"route": [
			
		],
		"dns-server": [
			
		],
		"dns-search": [
			
		],
		"neighbors": [
			
		]
	},
	"data": {
		"dhcpserver": "10.0.2.2",
		"leasetime": 86400
	}
}
KVTVMGWGLY 0
root@OpenWrt:~# 