Labgrid Console Logfile for main
Logfile started at 2026-03-15 03:25:36.906931
=== Log starts here ===
c[?7l[2J[0mSeaBIOS (version 1.16.3-debian-1.16.3-2)


iPXE (https://ipxe.org) 00:03.0 CA00 PCI2.10 PnP PMM+06FCAE70+06F0AE70 CA00
Press Ctrl-B to configure iPXE (PCI 00:03.0)...                                                                               




iPXE (https://ipxe.org) 00:05.0 CB00 PCI2.10 PnP PMM 06FCAE70 06F0AE70 CB00
Press Ctrl-B to configure iPXE (PCI 00:05.0)...                                                                               


Booting from Hard Disk...
GRUB loading.....
[0;30;47mWelcome to GRUB![01;01H[0m[2J[H[J[1;1H[?25l[m[H[J[1;1H[2;30HGNU GRUB  version 2.12

[m[4;2H+----------------------------------------------------------------------------+[5;2H|[5;79H|[6;2H|[6;79H|[7;2H|[7;79H|[8;2H|[8;79H|[9;2H|[9;79H|[10;2H|[10;79H|[11;2H|[11;79H|[12;2H|[12;79H|[13;2H|[13;79H|[14;2H|[14;79H|[15;2H|[15;79H|[16;2H+----------------------------------------------------------------------------+[m[17;2H[18;2H[m     Use the ^ and v keys to select which entry is highlighted.          
      Press enter to boot the selected OS, `e' to edit the commands       
      before booting or `c' for a command-line. ESC to return             
      previous menu.                                                      [5;80H [7m[5;3H*OpenWrt                                                                    [m[5;78H[m[m[6;3H OpenWrt (failsafe)                                                         [m[6;78H[m[m[7;3H                                                                            [m[7;78H[m[m[8;3H                                                                            [m[8;78H[m[m[9;3H                                                                            [m[9;78H[m[m[10;3H                                                                            [m[10;78H[m[m[11;3H                                                                            [m[11;78H[m[m[12;3H                                                                            [m[12;78H[m[m[13;3H                                                                            [m[13;78H[m[m[14;3H                                                                            [m[14;78H[m[m[15;3H                                                                            [m[15;78H[m[15;80H [5;78H[2J[02;30HGNU GRUB  version 2.12[04;02H┌────────────────────────────────────────────────────────────────────────────┐[05;02H│[05;79H│[06;02H│[06;79H│[07;02H│[07;79H│[08;02H│[08;79H│[09;02H│[09;79H│[10;02H│[10;79H│[11;02H│[11;79H│[12;02H│[12;79H│[13;02H│[13;79H│[14;02H│[14;79H│[15;02H│[15;79H│[16;02H│[16;79H│[17;02H└────────────────────────────────────────────────────────────────────────────┘[19;02H     Use the ↑ and ↓ keys to select which entry is highlighted.          
      Press enter to boot the selected OS, `e' to edit the commands       
      before booting or `c' for [21;32H[21;33Ha command-line. ESC to return             
      previous menu.                                                      [05;80H [05;03H[0;30;47m*OpenWrt                                      [05;48H[05;49H                              [06;03H[0m OpenWrt (failsafe)                                                         [07;03H                                                                            [08;03H                                                                            [09;03H                                                                      [09;72H[09;73H      [10;03H                                                                            [11;03H                                                                            [12;03H    [12;06H[12;07H                                                                        [13;03H                                                                            [14;03H                [14;18H[14;19H                                                            [15;03H                                                                            [16;03H                           [16;29H[16;30H                                                 [16;80H 






   The highlighted entry will be executed automatically in 5s.                [22;1H   The highlighted entry will be executed automatically in 5s.                 [5;78H [05;78H

















   The highlighted entry will be executed automatically in 4s.                 [23;79H[22;1H   The highlighted entry will be executed automatically in 4s.                 [5;78H[05;78H

















   The highlighted entry will be executed au[23;44H[23;45Htomatically in 3s.                [22;1H   The highlighted entry will be executed automatically in 3s.                 [5;78H [05;78H

















   The highlighted entry will be executed automatically in 2s.                [22;1H   The highlighted entry will be executed automatically in 2s.                 [5;78H [05;78H

















   The highlighted entry will be executed automatically in 1s.                [22;1H   The highlighted entry will be executed automatically in 1s.                 [5;78H [05;78H

















   The highlighted entry will be executed automatically in 0s.                [22;1H   The highlighted entry will be executed automatically in 0s.                 [5;78H [01;01H[2J[?25h[H[J[1;1H[H[J[1;1H[2J   Booting `OpenWrt' Booting `OpenWrt

'

[    0.000000] Linux version 6.12.74 (builder@buildhost) (x86_64-openwrt-linux-musl-gcc (OpenWrt GCC 14.3.0 r32748-ca04893ec7) 14.3.0, GNU ld (GNU Binutils) 2.44) #0 SMP Sat Mar 14 18:08:43 2026
[    0.000000] Command line: BOOT_IMAGE=/boot/vmlinuz root=PARTUUID=ca3ac853-02 rootwait console=tty1 console=ttyS0,115200n8 noinitrd
[    0.000000] BIOS-provided physical RAM map:
[    0.000000] BIOS-e820: [mem 0x0000000000000000-0x000000000009fbff] usable
[    0.000000] BIOS-e820: [mem 0x000000000009fc00-0x000000000009ffff] reserved
[    0.000000] BIOS-e820: [mem 0x00000000000f0000-0x00000000000fffff] reserved
[    0.000000] BIOS-e820: [mem 0x0000000000100000-0x0000000007fdcfff] usable
[    0.000000] BIOS-e820: [mem 0x0000000007fdd000-0x0000000007ffffff] reserved
[    0.000000] BIOS-e820: [mem 0x00000000fffc0000-0x00000000ffffffff] reserved
[    0.000000] BIOS-e820: [mem 0x000000fd00000000-0x000000ffffffffff] reserved
[    0.000000] NX (Execute Disable) protection: active
[    0.000000] APIC: Static calls initialized
[    0.000000] SMBIOS 3.0.0 present.
[    0.000000] DMI: QEMU Standard PC (i440FX + PIIX, 1996), BIOS 1.16.3-debian-1.16.3-2 04/01/2014
[    0.000000] DMI: Memory slots populated: 1/1
[    0.000000] tsc: Fast TSC calibration using PIT
[    0.000000] tsc: Detected 2445.402 MHz processor
[    0.007564] last_pfn = 0x7fdd max_arch_pfn = 0x400000000
[    0.008206] MTRR map: 4 entries (3 fixed + 1 variable; max 19), built from 8 variable MTRRs
[    0.008370] x86/PAT: Configuration [0-7]: WB  WC  UC- UC  WB  WP  UC- WT  
[    0.028074] found SMP MP-table at [mem 0x000f5460-0x000f546f]
[    0.029478] Using GB pages for direct mapping
[    0.033828] ACPI: Early table checksum verification disabled
[    0.034190] ACPI: RSDP 0x00000000000F5290 000014 (v00 BOCHS )
[    0.034514] ACPI: RSDT 0x0000000007FE1C64 000034 (v01 BOCHS  BXPC     00000001 BXPC 00000001)
[    0.035029] ACPI: FACP 0x0000000007FE1B18 000074 (v01 BOCHS  BXPC     00000001 BXPC 00000001)
[    0.035613] ACPI: DSDT 0x0000000007FE0040 001AD8 (v01 BOCHS  BXPC     00000001 BXPC 00000001)
[    0.035684] ACPI: FACS 0x0000000007FE0000 000040
[    0.035734] ACPI: APIC 0x0000000007FE1B8C 000078 (v03 BOCHS  BXPC     00000001 BXPC 00000001)
[    0.035764] ACPI: HPET 0x0000000007FE1C04 000038 (v01 BOCHS  BXPC     00000001 BXPC 00000001)
[    0.035810] ACPI: WAET 0x0000000007FE1C3C 000028 (v01 BOCHS  BXPC     00000001 BXPC 00000001)
[    0.035948] ACPI: Reserving FACP table memory at [mem 0x7fe1b18-0x7fe1b8b]
[    0.036016] ACPI: Reserving DSDT table memory at [mem 0x7fe0040-0x7fe1b17]
[    0.036024] ACPI: Reserving FACS table memory at [mem 0x7fe0000-0x7fe003f]
[    0.036029] ACPI: Reserving APIC table memory at [mem 0x7fe1b8c-0x7fe1c03]
[    0.036035] ACPI: Reserving HPET table memory at [mem 0x7fe1c04-0x7fe1c3b]
[    0.036040] ACPI: Reserving WAET table memory at [mem 0x7fe1c3c-0x7fe1c63]
[    0.039184] Zone ranges:
[    0.039213]   DMA      [mem 0x0000000000001000-0x0000000000ffffff]
[    0.039289]   DMA32    [mem 0x0000000001000000-0x0000000007fdcfff]
[    0.039298]   Normal   empty
[    0.039316] Movable zone start for each node
[    0.039348] Early memory node ranges
[    0.039373]   node   0: [mem 0x0000000000001000-0x000000000009efff]
[    0.039426]   node   0: [mem 0x0000000000100000-0x0000000007fdcfff]
[    0.039547] Initmem setup node 0 [mem 0x0000000000001000-0x0000000007fdcfff]
[    0.040573] On node 0, zone DMA: 1 pages in unavailable ranges
[    0.041062] On node 0, zone DMA: 97 pages in unavailable ranges
[    0.043107] On node 0, zone DMA32: 35 pages in unavailable ranges
[    0.043442] ACPI: PM-Timer IO Port: 0x608
[    0.043843] ACPI: LAPIC_NMI (acpi_id[0xff] dfl dfl lint[0x1])
[    0.044265] IOAPIC[0]: apic_id 0, version 32, address 0xfec00000, GSI 0-23
[    0.044382] ACPI: INT_SRC_OVR (bus 0 bus_irq 0 global_irq 2 dfl dfl)
[    0.044633] ACPI: INT_SRC_OVR (bus 0 bus_irq 5 global_irq 5 high level)
[    0.044682] ACPI: INT_SRC_OVR (bus 0 bus_irq 9 global_irq 9 high level)
[    0.044776] ACPI: INT_SRC_OVR (bus 0 bus_irq 10 global_irq 10 high level)
[    0.044785] ACPI: INT_SRC_OVR (bus 0 bus_irq 11 global_irq 11 high level)
[    0.044964] ACPI: Using ACPI (MADT) for SMP configuration information
[    0.045024] ACPI: HPET id: 0x8086a201 base: 0xfed00000
[    0.045446] CPU topo: Max. logical packages:   1
[    0.045462] CPU topo: Max. logical dies:       1
[    0.045471] CPU topo: Max. dies per package:   1
[    0.045517] CPU topo: Max. threads per core:   1
[    0.045678] CPU topo: Num. cores per package:     1
[    0.045693] CPU topo: Num. threads per package:   1
[    0.045702] CPU topo: Allowing 1 present CPUs plus 0 hotplug CPUs
[    0.046866] [mem 0x08000000-0xfffbffff] available for PCI devices
[    0.046934] Booting paravirtualized kernel on bare hardware
[    0.047256] clocksource: refined-jiffies: mask: 0xffffffff max_cycles: 0xffffffff, max_idle_ns: 19112604462750000 ns
[    0.047900] setup_percpu: NR_CPUS:512 nr_cpumask_bits:1 nr_cpu_ids:1 nr_node_ids:1
[    0.049898] percpu: Embedded 48 pages/cpu s158104 r8192 d30312 u2097152
[    0.052237] Kernel command line: BOOT_IMAGE=/boot/vmlinuz root=PARTUUID=ca3ac853-02 rootwait console=tty1 console=ttyS0,115200n8 noinitrd
[    0.053870] random: crng init done
[    0.058575] Dentry cache hash table entries: 16384 (order: 5, 131072 bytes, linear)
[    0.059551] Inode-cache hash table entries: 8192 (order: 4, 65536 bytes, linear)
[    0.062287] Built 1 zonelists, mobility grouping on.  Total pages: 32635
[    0.062509] mem auto-init: stack:off, heap alloc:off, heap free:off
[    0.072201] SLUB: HWalign=64, Order=0-3, MinObjects=0, CPUs=1, Nodes=1
[    0.080250] rcu: Hierarchical RCU implementation.
[    0.080279] rcu: 	RCU restricting CPUs from NR_CPUS=512 to nr_cpu_ids=1.
[    0.080427] 	Tracing variant of Tasks RCU enabled.
[    0.080519] rcu: RCU calculated value of scheduler-enlistment delay is 10 jiffies.
[    0.080550] rcu: Adjusting geometry for rcu_fanout_leaf=16, nr_cpu_ids=1
[    0.081691] RCU Tasks Trace: Setting shift to 0 and lim to 1 rcu_task_cb_adjust=1 rcu_task_cpu_ids=1.
[    0.081820] NR_IRQS: 33024, nr_irqs: 256, preallocated irqs: 16
[    0.090510] rcu: srcu_init: Setting srcu_struct sizes based on contention.
[    0.097366] Console: colour VGA+ 80x25
[    0.097793] printk: legacy console [tty1] enabled
[    0.105845] printk: legacy console [ttyS0] enabled
[    0.348393] ACPI: Core revision 20240827
[    0.353715] clocksource: hpet: mask: 0xffffffff max_cycles: 0xffffffff, max_idle_ns: 19112604467 ns
[    0.362919] APIC: Switch to symmetric I/O mode setup
[    0.367348] ..TIMER: vector=0x30 apic1=0 pin1=2 apic2=-1 pin2=-1
[    0.410105] clocksource: tsc-early: mask: 0xffffffffffffffff max_cycles: 0x233fc0f9daa, max_idle_ns: 440795213832 ns
[    0.410822] Calibrating delay loop (skipped), value calculated using timer frequency.. 4890.80 BogoMIPS (lpj=24454020)
[    0.412751] x86/cpu: User Mode Instruction Prevention (UMIP) activated
[    0.428238] Last level iTLB entries: 4KB 0, 2MB 0, 4MB 0
[    0.430743] Last level dTLB entries: 4KB 0, 2MB 0, 4MB 0, 1GB 0
[    0.431826] Spectre V1 : Mitigation: usercopy/swapgs barriers and __user pointer sanitization
[    0.432828] Spectre V2 : Mitigation: Retpolines
[    0.433083] Spectre V2 : Spectre v2 / SpectreRSB: Filling RSB on context switch and VMEXIT
[    0.433540] Speculative Store Bypass: Vulnerable
[    0.442860] x86/fpu: Supporting XSAVE feature 0x001: 'x87 floating point registers'
[    0.447556] x86/fpu: Supporting XSAVE feature 0x002: 'SSE registers'
[    0.447854] x86/fpu: Supporting XSAVE feature 0x004: 'AVX registers'
[    0.451727] x86/fpu: Supporting XSAVE feature 0x008: 'MPX bounds registers'
[    0.453393] x86/fpu: Supporting XSAVE feature 0x010: 'MPX CSR'
[    0.453957] x86/fpu: xstate_offset[2]:  576, xstate_sizes[2]:  256
[    0.454334] x86/fpu: xstate_offset[3]:  960, xstate_sizes[3]:   64
[    0.454605] x86/fpu: xstate_offset[4]: 1024, xstate_sizes[4]:   64
[    0.460760] x86/fpu: Enabled xstate features 0x1f, context size is 1088 bytes, using 'standard' format.
[    0.696386] Freeing SMP alternatives memory: 40K
[    0.697245] pid_max: default: 32768 minimum: 301
[    0.706692] Mount-cache hash table entries: 512 (order: 0, 4096 bytes, linear)
[    0.707135] Mountpoint-cache hash table entries: 512 (order: 0, 4096 bytes, linear)
[    0.859026] smpboot: CPU0: AMD QEMU TCG CPU version 2.5+ (family: 0x6, model: 0x6, stepping: 0x3)
[    0.861743] Performance Events: PMU not available due to virtualization, using software events only.
[    0.863426] signal: max sigframe size: 1616
[    0.879431] rcu: Hierarchical SRCU implementation.
[    0.879754] rcu: 	Max phase no-delay instances is 1000.
[    0.891673] smp: Bringing up secondary CPUs ...
[    0.893562] smp: Brought up 1 node, 1 CPU
[    0.893870] smpboot: Total of 1 processors activated (4890.80 BogoMIPS)
[    0.901037] Memory: 103276K/130540K available (14336K kernel code, 1177K rwdata, 2552K rodata, 1492K init, 1304K bss, 25620K reserved, 0K cma-reserved)
[    0.915528] clocksource: jiffies: mask: 0xffffffff max_cycles: 0xffffffff, max_idle_ns: 19112604462750000 ns
[    0.916463] futex hash table entries: 256 (order: 2, 16384 bytes, linear)
[    0.917695] pinctrl core: initialized pinctrl subsystem
[    0.937825] NET: Registered PF_NETLINK/PF_ROUTE protocol family
[    0.944469] thermal_sys: Registered thermal governor 'step_wise'
[    0.944508] thermal_sys: Registered thermal governor 'user_space'
[    0.945662] cpuidle: using governor ladder
[    0.947400] acpiphp: ACPI Hot Plug PCI Controller Driver version: 0.5
[    0.951459] PCI: Using configuration type 1 for base access
[    0.960732] cryptd: max_cpu_qlen set to 1000
[    0.966555] ACPI: Added _OSI(Module Device)
[    0.966783] ACPI: Added _OSI(Processor Device)
[    0.966996] ACPI: Added _OSI(Processor Aggregator Device)
[    0.981180] ACPI: 1 ACPI AML tables successfully acquired and loaded
[    0.998728] ACPI: Interpreter enabled
[    0.999607] ACPI: PM: (supports S0 S5)
[    0.999838] ACPI: Using IOAPIC for interrupt routing
[    1.000475] PCI: Using host bridge windows from ACPI; if necessary, use "pci=nocrs" and report a bug
[    1.000795] PCI: Using E820 reservations for host bridge windows
[    1.011270] ACPI: Enabled 2 GPEs in block 00 to 0F
[    1.044218] ACPI: PCI Root Bridge [PCI0] (domain 0000 [bus 00-ff])
[    1.045201] acpi PNP0A03:00: _OSC: OS supports [ASPM ClockPM Segments MSI HPX-Type3]
[    1.045717] acpi PNP0A03:00: _OSC: not requesting OS control; OS requires [ExtendedConfig ASPM ClockPM MSI]
[    1.046759] acpi PNP0A03:00: fail to add MMCONFIG information, can't access extended configuration space under this bridge
[    1.055290] acpiphp: Slot [3] registered
[    1.055648] acpiphp: Slot [4] registered
[    1.060830] acpiphp: Slot [5] registered
[    1.061127] acpiphp: Slot [6] registered
[    1.066611] acpiphp: Slot [7] registered
[    1.067099] acpiphp: Slot [8] registered
[    1.068709] acpiphp: Slot [9] registered
[    1.068997] acpiphp: Slot [10] registered
[    1.069274] acpiphp: Slot [11] registered
[    1.069620] acpiphp: Slot [12] registered
[    1.069920] acpiphp: Slot [13] registered
[    1.071074] acpiphp: Slot [14] registered
[    1.071494] acpiphp: Slot [15] registered
[    1.071826] acpiphp: Slot [16] registered
[    1.072114] acpiphp: Slot [17] registered
[    1.072389] acpiphp: Slot [18] registered
[    1.072666] acpiphp: Slot [19] registered
[    1.081053] acpiphp: Slot [20] registered
[    1.081459] acpiphp: Slot [21] registered
[    1.081808] acpiphp: Slot [22] registered
[    1.082077] acpiphp: Slot [23] registered
[    1.082343] acpiphp: Slot [24] registered
[    1.090893] acpiphp: Slot [25] registered
[    1.100488] acpiphp: Slot [26] registered
[    1.101003] acpiphp: Slot [27] registered
[    1.101286] acpiphp: Slot [28] registered
[    1.101570] acpiphp: Slot [29] registered
[    1.101868] acpiphp: Slot [30] registered
[    1.102137] acpiphp: Slot [31] registered
[    1.111453] PCI host bridge to bus 0000:00
[    1.112045] pci_bus 0000:00: root bus resource [io  0x0000-0x0cf7 window]
[    1.112478] pci_bus 0000:00: root bus resource [io  0x0d00-0xffff window]
[    1.112749] pci_bus 0000:00: root bus resource [mem 0x000a0000-0x000bffff window]
[    1.120933] pci_bus 0000:00: root bus resource [mem 0x08000000-0xfebfffff window]
[    1.121396] pci_bus 0000:00: root bus resource [mem 0x100000000-0x17fffffff window]
[    1.121910] pci_bus 0000:00: root bus resource [bus 00-ff]
[    1.123400] pci 0000:00:00.0: [8086:1237] type 00 class 0x060000 conventional PCI endpoint
[    1.134976] pci 0000:00:01.0: [8086:7000] type 00 class 0x060100 conventional PCI endpoint
[    1.135970] pci 0000:00:01.1: [8086:7010] type 00 class 0x010180 conventional PCI endpoint
[    1.142449] pci 0000:00:01.1: BAR 4 [io  0xc0e0-0xc0ef]
[    1.146302] pci 0000:00:01.1: BAR 0 [io  0x01f0-0x01f7]: legacy IDE quirk
[    1.146633] pci 0000:00:01.1: BAR 1 [io  0x03f6]: legacy IDE quirk
[    1.146949] pci 0000:00:01.1: BAR 2 [io  0x0170-0x0177]: legacy IDE quirk
[    1.147240] pci 0000:00:01.1: BAR 3 [io  0x0376]: legacy IDE quirk
[    1.151901] pci 0000:00:01.3: [8086:7113] type 00 class 0x068000 conventional PCI endpoint
[    1.152628] pci 0000:00:01.3: quirk: [io  0x0600-0x063f] claimed by PIIX4 ACPI
[    1.152975] pci 0000:00:01.3: quirk: [io  0x0700-0x070f] claimed by PIIX4 SMB
[    1.161620] pci 0000:00:02.0: [1234:1111] type 00 class 0x030000 conventional PCI endpoint
[    1.162547] pci 0000:00:02.0: BAR 0 [mem 0xfd000000-0xfdffffff pref]
[    1.164212] pci 0000:00:02.0: BAR 2 [mem 0xfeb90000-0xfeb90fff]
[    1.173198] pci 0000:00:02.0: ROM [mem 0xfeb80000-0xfeb8ffff pref]
[    1.178086] pci 0000:00:02.0: Video device with shadowed ROM at [mem 0x000c0000-0x000dffff]
[    1.179430] pci 0000:00:03.0: [1af4:1000] type 00 class 0x020000 conventional PCI endpoint
[    1.181286] pci 0000:00:03.0: BAR 0 [io  0xc080-0xc09f]
[    1.191888] pci 0000:00:03.0: BAR 4 [mem 0xfe000000-0xfe003fff 64bit pref]
[    1.193753] pci 0000:00:03.0: ROM [mem 0xfea80000-0xfeafffff pref]
[    1.198949] pci 0000:00:04.0: [1af4:1005] type 00 class 0x00ff00 conventional PCI endpoint
[    1.200015] pci 0000:00:04.0: BAR 0 [io  0xc0a0-0xc0bf]
[    1.201708] pci 0000:00:04.0: BAR 1 [mem 0xfeb91000-0xfeb91fff]
[    1.204655] pci 0000:00:04.0: BAR 4 [mem 0xfe004000-0xfe007fff 64bit pref]
[    1.211477] pci 0000:00:05.0: [1af4:1000] type 00 class 0x020000 conventional PCI endpoint
[    1.213308] pci 0000:00:05.0: BAR 0 [io  0xc0c0-0xc0df]
[    1.215269] pci 0000:00:05.0: BAR 1 [mem 0xfeb92000-0xfeb92fff]
[    1.218915] pci 0000:00:05.0: BAR 4 [mem 0xfe008000-0xfe00bfff 64bit pref]
[    1.219825] pci 0000:00:05.0: ROM [mem 0xfeb00000-0xfeb7ffff pref]
[    1.223872] pci 0000:00:06.0: [1af4:1001] type 00 class 0x010000 conventional PCI endpoint
[    1.227489] pci 0000:00:06.0: BAR 0 [io  0xc000-0xc07f]
[    1.229434] pci 0000:00:06.0: BAR 1 [mem 0xfeb93000-0xfeb93fff]
[    1.231295] pci 0000:00:06.0: BAR 4 [mem 0xfe00c000-0xfe00ffff 64bit pref]
[    1.240046] ACPI: PCI: Interrupt link LNKA configured for IRQ 10
[    1.241418] ACPI: PCI: Interrupt link LNKB configured for IRQ 10
[    1.242080] ACPI: PCI: Interrupt link LNKC configured for IRQ 11
[    1.242781] ACPI: PCI: Interrupt link LNKD configured for IRQ 11
[    1.243231] ACPI: PCI: Interrupt link LNKS configured for IRQ 9
[    1.254574] iommu: Default domain type: Translated
[    1.255467] iommu: DMA domain TLB invalidation policy: lazy mode
[    1.258500] SCSI subsystem initialized
[    1.260206] ACPI: bus type USB registered
[    1.260989] usbcore: registered new interface driver usbfs
[    1.262396] usbcore: registered new interface driver hub
[    1.262810] usbcore: registered new device driver usb
[    1.263428] pps_core: LinuxPPS API ver. 1 registered
[    1.263652] pps_core: Software ver. 5.3.6 - Copyright 2005-2007 Rodolfo Giometti <giometti@linux.it>
[    1.271050] PTP clock support registered
[    1.284648] PCI: Using ACPI for IRQ routing
[    1.287058] hpet0: at MMIO 0xfed00000, IRQs 2, 8, 0
[    1.287363] hpet0: 3 comparators, 64-bit 100.000000 MHz counter
[    1.292031] clocksource: Switched to clocksource tsc-early
[    1.295895] pnp: PnP ACPI init
[    1.300178] pnp: PnP ACPI: found 6 devices
[    1.313712] clocksource: acpi_pm: mask: 0xffffff max_cycles: 0xffffff, max_idle_ns: 2085701024 ns
[    1.315196] NET: Registered PF_INET protocol family
[    1.316449] IP idents hash table entries: 2048 (order: 2, 16384 bytes, linear)
[    1.322379] tcp_listen_portaddr_hash hash table entries: 256 (order: 0, 4096 bytes, linear)
[    1.324484] Table-perturb hash table entries: 65536 (order: 6, 262144 bytes, linear)
[    1.324963] TCP established hash table entries: 1024 (order: 1, 8192 bytes, linear)
[    1.325451] TCP bind hash table entries: 1024 (order: 3, 32768 bytes, linear)
[    1.335459] TCP: Hash tables configured (established 1024 bind 1024)
[    1.337356] MPTCP token hash table entries: 256 (order: 1, 6144 bytes, linear)
[    1.337908] UDP hash table entries: 256 (order: 1, 8192 bytes, linear)
[    1.338391] UDP-Lite hash table entries: 256 (order: 1, 8192 bytes, linear)
[    1.347875] NET: Registered PF_UNIX/PF_LOCAL protocol family
[    1.349345] pci_bus 0000:00: resource 4 [io  0x0000-0x0cf7 window]
[    1.349619] pci_bus 0000:00: resource 5 [io  0x0d00-0xffff window]
[    1.349998] pci_bus 0000:00: resource 6 [mem 0x000a0000-0x000bffff window]
[    1.357269] pci_bus 0000:00: resource 7 [mem 0x08000000-0xfebfffff window]
[    1.357635] pci_bus 0000:00: resource 8 [mem 0x100000000-0x17fffffff window]
[    1.358403] pci 0000:00:01.0: PIIX3: Enabling Passive Release
[    1.358731] pci 0000:00:00.0: Limiting direct PCI/PCI transfers
[    1.368766] PCI: CLS 0 bytes, default 64
[    1.388475] workingset: timestamp_bits=46 max_order=15 bucket_order=0
[    1.391355] squashfs: version 4.0 (2009/01/31) Phillip Lougher
[    1.394219] Block layer SCSI generic (bsg) driver version 0.4 loaded (major 247)
[    1.398293] hv_vmbus: registering driver hyperv_fb
[    1.402553] input: Power Button as /devices/LNXSYSTM:00/LNXPWRBN:00/input/input0
[    1.410610] ACPI: button: Power Button [PWRF]
[    1.571194] ACPI: \_SB_.LNKC: Enabled at IRQ 11
[    1.724598] ACPI: \_SB_.LNKD: Enabled at IRQ 10
[    1.882096] ACPI: \_SB_.LNKA: Enabled at IRQ 10
[    2.032412] ACPI: \_SB_.LNKB: Enabled at IRQ 11
[    2.034387] Serial: 8250/16550 driver, 16 ports, IRQ sharing enabled
[    2.059864] 00:04: ttyS0 at I/O 0x3f8 (irq = 4, base_baud = 115200) is a 16550A
[    2.086085] Non-volatile memory driver v1.3
[    2.097356] Linux agpgart interface v0.103
[    2.098446] ACPI: bus type drm_connector registered
[    2.101583] [drm] Found bochs VGA, ID 0xb0c5.
[    2.101824] [drm] Framebuffer size 16384 kB @ 0xfd000000, mmio @ 0xfeb90000.
[    2.107757] [drm] Found EDID data blob.
[    2.113605] [drm] Initialized bochs-drm 1.0.0 for 0000:00:02.0 on minor 0
[    2.182674] Console: switching to colour frame buffer device 160x50
[    2.192032] bochs-drm 0000:00:02.0: [drm] fb0: bochs-drmdrmfb frame buffer device
[    2.210963] loop: module loaded
[    2.211709] virtio_blk virtio3: 1/0/0 default/read/poll queues
[    2.233677] virtio_blk virtio3: [vda] 246784 512-byte logical blocks (126 MB/121 MiB)
[    2.243060]  vda: vda1 vda2
[    2.245481] Guest personality initialized and is inactive
[    2.246155] VMCI host device registered (name=vmci, major=10, minor=256)
[    2.246457] Initialized host personality
[    2.246843] usbcore: registered new interface driver rtsx_usb
[    2.247891] VMware PVSCSI driver - version 1.0.7.0-k
[    2.256652] hv_vmbus: registering driver hv_storvsc
[    2.273612] scsi host0: ata_piix
[    2.276184] scsi host1: ata_piix
[    2.277048] ata1: PATA max MWDMA2 cmd 0x1f0 ctl 0x3f6 bmdma 0xc0e0 irq 14 lpm-pol 0
[    2.277431] ata2: PATA max MWDMA2 cmd 0x170 ctl 0x376 bmdma 0xc0e8 irq 15 lpm-pol 0
[    2.288295] VMware vmxnet3 virtual NIC driver - version 1.9.0.0-k-NAPI
[    2.288991] hv_vmbus: registering driver hv_netvsc
[    2.289405] Fusion MPT base driver 3.04.20
[    2.289594] Copyright (c) 1999-2008 LSI Corporation
[    2.290152] Fusion MPT SPI Host driver 3.04.20
[    2.299286] Fusion MPT SAS Host driver 3.04.20
[    2.301572] usbcore: registered new interface driver usb-storage
[    2.302880] i8042: PNP: PS/2 Controller [PNP0303:KBD,PNP0f13:MOU] at 0x60,0x64 irq 1,12
[    2.306266] serio: i8042 KBD port at 0x60,0x64 irq 1
[    2.306675] serio: i8042 AUX port at 0x60,0x64 irq 12
[    2.313467] hv_vmbus: registering driver hyperv_keyboard
[    2.315984] rtc_cmos 00:05: RTC can wake from S4
[    2.321327] rtc_cmos 00:05: registered as rtc0
[    2.324073] rtc_cmos 00:05: setting system clock to 2026-03-15T03:25:47 UTC (1773545147)
[    2.326570] rtc_cmos 00:05: alarms up to one day, y3k, 242 bytes nvram, hpet irqs
[    2.329300] intel_powerclamp: CPU does not support MWAIT
[    2.334860] amd_pstate: the _CPC object is not present in SBIOS or ACPI disabled
[    2.337168] sdhci: Secure Digital Host Controller Interface driver
[    2.339150] sdhci: Copyright(c) Pierre Ossman
[    2.341633] VUB300 Driver rom wait states = 1C irqpoll timeout = 0400
[    2.348096] input: AT Translated Set 2 keyboard as /devices/platform/i8042/serio0/input/input1
[    2.372267] usbcore: registered new interface driver vub300
[    2.374618] usbcore: registered new interface driver ushc
[    2.382664] hid: raw HID events driver (C) Jiri Kosina
[    2.385368] hv_vmbus: registering driver hid_hyperv
[    2.388118] usbcore: registered new interface driver usbhid
[    2.390248] usbhid: USB HID core driver
[    2.392376] hv_utils: Registering HyperV Utility Driver
[    2.395857] hv_vmbus: registering driver hv_utils
[    2.397870] hv_vmbus: registering driver hv_balloon
[    2.401452] NET: Registered PF_INET6 protocol family
[    2.416579] Segment Routing with IPv6
[    2.418766] In-situ OAM (IOAM) with IPv6
[    2.421359] NET: Registered PF_PACKET protocol family
[    2.423815] bridge: filtering via arp/ip/ip6tables is no longer available by default. Update your scripts to load br_netfilter if you need this.
[    2.433227] 8021q: 802.1Q VLAN Support v1.8
[    2.435814] NET: Registered PF_VSOCK protocol family
[    2.444279] tsc: Refined TSC clocksource calibration: 2445.433 MHz
[    2.446744] clocksource: tsc: mask: 0xffffffffffffffff max_cycles: 0x233fde66930, max_idle_ns: 440795269764 ns
[    2.449114] clocksource: Switched to clocksource tsc
[    2.456545] IPI shorthand broadcast: enabled
[    2.463330] AES CTR mode by8 optimization enabled
[    2.484908] sched_clock: Marking stable (2220049804, 259672781)->(2487781051, -8058466)
[    2.521532] ata2: found unknown device (class 0)
[    2.551931] ata2.00: ATAPI: QEMU DVD-ROM, 2.5+, max UDMA/100
[    2.588424] scsi 1:0:0:0: CD-ROM            QEMU     QEMU DVD-ROM     2.5+ PQ: 0 ANSI: 5
[    2.600450] clk: Disabling unused clocks
[    2.641678] sr 1:0:0:0: [sr0] scsi3-mmc drive: 4x/4x cd/rw xa/form2 tray
[    2.644336] cdrom: Uniform CD-ROM driver Revision: 3.20
[    2.701924] VFS: Mounted root (squashfs filesystem) readonly on device 254:2.
[    2.770542] Freeing unused kernel image (initmem) memory: 1492K
[    2.773191] Write protecting the kernel read-only data: 18432k
[    2.777518] Freeing unused kernel image (rodata/data gap) memory: 1544K
[    2.780315] Run /sbin/init as init process
[    3.121424] init: Console is alive
[    3.794407] kmodloader: loading kernel modules from /etc/modules-boot.d/*
[    3.858050] button_hotplug: loading out-of-tree module taints kernel.
[    3.865070] Button Hotplug driver version 0.4.1
[    3.884411] Intel(R) 2.5G Ethernet Linux Driver
[    3.886840] Copyright(c) 2018 Intel Corporation.
[    3.902886] igb: Intel(R) Gigabit Ethernet Network Driver
[    3.905319] igb: Copyright (c) 2007-2014 Intel Corporation.
[    3.922123] e1000e: Intel(R) PRO/1000 Network Driver
[    3.924608] e1000e: Copyright(c) 1999 - 2015 Intel Corporation.
[    3.937130] kmodloader: done loading kernel modules from /etc/modules-boot.d/*
[    3.957001] init: - preinit -
[    5.063336] 8021q: adding VLAN 0 to HW filter on device eth0
Press the [f] key and hit [enter] to enter failsafe mode
Press the [1], [2], [3] or [4] key and hit [enter] to select the debug level
[    9.737847] loop0: detected capacity change from 0 to 212992
[    9.770361] loop0: detected capacity change from 212992 to 196352
[    9.786492] mount_root: overlay filesystem in /dev/loop0 has not been formatted yet
[   10.125613] EXT4-fs (loop0): mounted filesystem 42c13623-3263-4953-a4d4-717995b5b1e3 r/w with ordered data mode. Quota mode: disabled.
[   10.139371] mount_root: overlay filesystem has not been fully initialized yet
[   10.158007] mount_root: switching to ext4 overlay
[   10.178909] overlayfs: null uuid detected in lower fs '/', falling back to xino=off,index=off,nfs_export=off.
[   10.932880] EXT4-fs (vda1): mounted filesystem 84173db5-fa99-e35a-95c6-28613cc79ea9 r/w without journal. Quota mode: disabled.
[   10.958575] urandom-seed: Seed file not found (/etc/urandom.seed)
[   11.115381] procd: - early -
[   11.873235] procd: - ubus -
[   12.053578] procd: - init -
Please press Enter to activate this console.
root
login[1047]: root login on 'ttyS0'


BusyBox v1.37.0 (2026-03-13 00:39:30 UTC) built-in shell (ash)

  _______                     ________        __
 |       |.-----.-----.-----.|  |  |  |.----.|  |_
 |   -   ||  _  |  -__|     ||  |  |  ||   _||   _|
 |_______||   __|_____|__|__||________||__|  |____|
          |__| W I R E L E S S   F R E E D O M
 -----------------------------------------------------
 OpenWrt 25.12-SNAPSHOT, r32748-ca04893ec7 Dave's Guitar
 -----------------------------------------------------

 === WARNING! =====================================
 There is no root password defined on this device!
 Use the "passwd" command to set up a new password
 in order to prevent unauthorized SSH logins.
 --------------------------------------------------

  ___   __ __                _______             __
 |   |_|__|  |--.----.-----.|   |   |-----.-----|  |--.
 |     |  |  _  |   _|  -__||       |  -__|__ --|     |
 |_____|__|_____|__| |_____||__|_|__|_____|_____|__|__|

 ------------------------------------------------------
 LiMe master development (master rev. 7929208 20260304_1752)
 ------------------------------------------------------
 https://libremesh.org
 ------------------------------------------------------

 === System Notes =================================================

 = edit via http://thisnode.info/app/#/notes or /etc/banner.notes =


 OpenWrt recently switched to the "apk" package manager!

 OPKG Command           APK Equivalent      Description
 ------------------------------------------------------------------
 opkg install <pkg>     apk add <pkg>       Install a package
 opkg remove <pkg>      apk del <pkg>       Remove a package
 opkg upgrade           apk upgrade         Upgrade all packages
 opkg files <pkg>       apk info -L <pkg>   List package contents
 opkg list-installed    apk info            List installed packages
 opkg update            apk update          Update package lists
 opkg search <pkg>      apk search <pkg>    Search for packages
 ------------------------------------------------------------------

For more information visit:
https://openwrt.org/docs/guide-user/additional-software/opkg-to-apk-cheatsheet

root@(none):~# dmesg -n 1
root@(none):~# echo 'BVMX''OJZZAL'
BVMXOJZZAL
root@(none):~# run() { echo -n "$MARKER"; sh -c "$@"; echo "$MARKER $?"; }
root@(none):~# echo 'TVZS''AZSHGE'
TVZSAZSHGE
root@(none):~# MARKER='KLCJ''WZEVWB' run 'ubus wait_for network.interface.lan'
KLCJWZEVWB