Labgrid Console Logfile for main
Logfile started at 2026-03-06 02:47:41.586129
=== Log starts here ===
c[?7l[2J[0mSeaBIOS (version 1.16.3-debian-1.16.3-2)


iPXE (https://ipxe.org) 00:03.0 CA00 PCI2.10 PnP PMM+06FCAE70+06F0AE70 CA00
Press Ctrl-B to configure iPXE (PCI 00:03.0)...                                                                               




iPXE (https://ipxe.org) 00:05.0 CB00 PCI2.10 PnP PMM 06FCAE70 06F0AE70 CB00
Press Ctrl-B to configure iPXE (PCI 00:05.0)...                                                                               


Booting from Hard Disk...
GRUB loading.....
[0;30;47mWelcome to GRUB![01;01H[0m[2J[H[J[1;1H[?25l[m[H[J[1;1H[2;30HGNU GRUB  version 2.12

[m[4;2H+----------------------------------------------------------------------------+[5;2H|[5;79H|[6;2H|[6;79H|[7;2H|[7;79H|[8;2H|[8;79H|[9;2H|[9;79H|[10;2H|[10;79H|[11;2H|[11;79H|[12;2H|[12;79H|[13;2H|[13;79H|[14;2H|[14;79H|[15;2H|[15;79H|[16;2H+----------------------------------------------------------------------------+[m[17;2H[18;2H[m     Use the ^ and v keys to select which entry is highlighted.          
      Press enter to boot the selected OS, `e' to edit the commands       
      before booting or `c' for a command-line. ESC to return             
      previous menu.                                                      [5;80H [7m[5;3H*OpenWrt                                                                    [m[5;78H[m[m[6;3H OpenWrt (failsafe)                                                         [m[6;78H[m[m[7;3H                                                                            [m[7;78H[m[m[8;3H                                                                            [m[8;78H[m[m[9;3H                                                                            [m[9;78H[m[m[10;3H                                                                            [m[10;78H[m[m[11;3H                                                                            [m[11;78H[m[m[12;3H                                                                            [m[12;78H[m[m[13;3H                                                                            [m[13;78H[m[m[14;3H                                                                            [m[14;78H[m[m[15;3H                                                                            [m[15;78H[m[15;80H [5;78H[2J[02;30HGNU GRUB  version 2.12[04;02H┌────────────────────────────────────────────────────────────────────────────┐[05;02H│[05;79H│[06;02H│[06;79H│[07;02H│[07;79H│[08;02H│[08;79H│[09;02H│[09;79H│[10;02H│[10;79H│[11;02H│[11;79H│[12;02H│[12;79H│[13;02H│[13;79H│[14;02H│[14;79H│[15;02H│[15;79H│[16;02H│[16;79H│[17;02H└────────────────────────────────────────────────────────────────────────────┘[19;02H     Use the ↑ and ↓ keys to select which entry is highlighted.          
      Press enter to boot the selected OS, `e' to edit the commands       
      before booting or `c' for a command-line. ESC to return             
      previous [22;15H[22;16Hmenu.                                                      [05;80H [05;03H[0;30;47m*OpenWrt                                                                    [06;03H[0m OpenWrt (failsafe)                                                         [07;03H                                                                            [08;03H                                                                            [09;03H                                                                            [10;03H                                                                            [11;03H                                                                            [12;03H          [12;12H[12;13H                                                                  [13;03H                                                                            [14;03H                                                         [14;59H[14;60H                   [15;03H                                                                            [16;03H                                                                            [16;80H 






   The highlighted entry w[23;26H[23;27Hill be executed automatically in 5s.                [22;1H   The highlighted entry will be executed automatically in 5s.                 [5;78H [05;78H

















   The highlighted entry will be executed automatically in 4s.                [22;1H   The highlighted entry will be executed automatically in 4s.                 [5;78H [05;78H

















   The highlighted entry will be executed automatically in 3s.                [22;1H   The highlighted entry will be executed automatically in 3s.                 [5;78H [05;78H

















   The highlighted entry will be executed automatically in 2s.                [22;1H   The highlighted entry will be executed automatically in 2s.                 [5;78H [05;78H

















   The highlighted entry will be executed automatically in 1s.                [22;1H   The highlighted entry will be executed automatically in 1s.                 [5;78H [05;78H

















   The highlighted entry will be executed automatically in 0s.                [22;1H   The highlighted entry will be executed automatically in 0s.                 [5;78H [01;01H[2J[?25h[H[J[1;1H[H[J[1;1H[2J   Booting `OpenWrt' Booting `OpenWrt

'

[    0.000000] Linux version 6.12.71 (builder@buildhost) (x86_64-openwrt-linux-musl-gcc (OpenWrt GCC 14.3.0 r32716-360b1c8d11) 14.3.0, GNU ld (GNU Binutils) 2.44) #0 SMP Thu Mar  5 17:27:01 2026
[    0.000000] Command line: BOOT_IMAGE=/boot/vmlinuz root=PARTUUID=efad7912-02 rootwait console=tty1 console=ttyS0,115200n8 noinitrd
[    0.000000] BIOS-provided physical RAM map:
[    0.000000] BIOS-e820: [mem 0x0000000000000000-0x000000000009fbff] usable
[    0.000000] BIOS-e820: [mem 0x000000000009fc00-0x000000000009ffff] reserved
[    0.000000] BIOS-e820: [mem 0x00000000000f0000-0x00000000000fffff] reserved
[    0.000000] BIOS-e820: [mem 0x0000000000100000-0x0000000007fdcfff] usable
[    0.000000] BIOS-e820: [mem 0x0000000007fdd000-0x0000000007ffffff] reserved
[    0.000000] BIOS-e820: [mem 0x00000000fffc0000-0x00000000ffffffff] reserved
[    0.000000] BIOS-e820: [mem 0x000000fd00000000-0x000000ffffffffff] reserved
[    0.000000] NX (Execute Disable) protection: active
[    0.000000] APIC: Static calls initialized
[    0.000000] SMBIOS 3.0.0 present.
[    0.000000] DMI: QEMU Standard PC (i440FX + PIIX, 1996), BIOS 1.16.3-debian-1.16.3-2 04/01/2014
[    0.000000] DMI: Memory slots populated: 1/1
[    0.000000] tsc: Fast TSC calibration using PIT
[    0.000000] tsc: Detected 2793.410 MHz processor
[    0.007780] last_pfn = 0x7fdd max_arch_pfn = 0x400000000
[    0.008407] MTRR map: 4 entries (3 fixed + 1 variable; max 19), built from 8 variable MTRRs
[    0.008582] x86/PAT: Configuration [0-7]: WB  WC  UC- UC  WB  WP  UC- WT  
[    0.028679] found SMP MP-table at [mem 0x000f5460-0x000f546f]
[    0.030060] Using GB pages for direct mapping
[    0.034509] ACPI: Early table checksum verification disabled
[    0.034864] ACPI: RSDP 0x00000000000F5290 000014 (v00 BOCHS )
[    0.035180] ACPI: RSDT 0x0000000007FE1C64 000034 (v01 BOCHS  BXPC     00000001 BXPC 00000001)
[    0.035691] ACPI: FACP 0x0000000007FE1B18 000074 (v01 BOCHS  BXPC     00000001 BXPC 00000001)
[    0.036291] ACPI: DSDT 0x0000000007FE0040 001AD8 (v01 BOCHS  BXPC     00000001 BXPC 00000001)
[    0.036370] ACPI: FACS 0x0000000007FE0000 000040
[    0.036419] ACPI: APIC 0x0000000007FE1B8C 000078 (v03 BOCHS  BXPC     00000001 BXPC 00000001)
[    0.036439] ACPI: HPET 0x0000000007FE1C04 000038 (v01 BOCHS  BXPC     00000001 BXPC 00000001)
[    0.036457] ACPI: WAET 0x0000000007FE1C3C 000028 (v01 BOCHS  BXPC     00000001 BXPC 00000001)
[    0.036530] ACPI: Reserving FACP table memory at [mem 0x7fe1b18-0x7fe1b8b]
[    0.036580] ACPI: Reserving DSDT table memory at [mem 0x7fe0040-0x7fe1b17]
[    0.036588] ACPI: Reserving FACS table memory at [mem 0x7fe0000-0x7fe003f]
[    0.036594] ACPI: Reserving APIC table memory at [mem 0x7fe1b8c-0x7fe1c03]
[    0.036599] ACPI: Reserving HPET table memory at [mem 0x7fe1c04-0x7fe1c3b]
[    0.036604] ACPI: Reserving WAET table memory at [mem 0x7fe1c3c-0x7fe1c63]
[    0.039856] Zone ranges:
[    0.039889]   DMA      [mem 0x0000000000001000-0x0000000000ffffff]
[    0.039972]   DMA32    [mem 0x0000000001000000-0x0000000007fdcfff]
[    0.039982]   Normal   empty
[    0.039999] Movable zone start for each node
[    0.040031] Early memory node ranges
[    0.040058]   node   0: [mem 0x0000000000001000-0x000000000009efff]
[    0.040111]   node   0: [mem 0x0000000000100000-0x0000000007fdcfff]
[    0.040237] Initmem setup node 0 [mem 0x0000000000001000-0x0000000007fdcfff]
[    0.041288] On node 0, zone DMA: 1 pages in unavailable ranges
[    0.041777] On node 0, zone DMA: 97 pages in unavailable ranges
[    0.043985] On node 0, zone DMA32: 35 pages in unavailable ranges
[    0.044358] ACPI: PM-Timer IO Port: 0x608
[    0.044767] ACPI: LAPIC_NMI (acpi_id[0xff] dfl dfl lint[0x1])
[    0.045187] IOAPIC[0]: apic_id 0, version 32, address 0xfec00000, GSI 0-23
[    0.045295] ACPI: INT_SRC_OVR (bus 0 bus_irq 0 global_irq 2 dfl dfl)
[    0.045557] ACPI: INT_SRC_OVR (bus 0 bus_irq 5 global_irq 5 high level)
[    0.045607] ACPI: INT_SRC_OVR (bus 0 bus_irq 9 global_irq 9 high level)
[    0.045701] ACPI: INT_SRC_OVR (bus 0 bus_irq 10 global_irq 10 high level)
[    0.045709] ACPI: INT_SRC_OVR (bus 0 bus_irq 11 global_irq 11 high level)
[    0.045886] ACPI: Using ACPI (MADT) for SMP configuration information
[    0.045929] ACPI: HPET id: 0x8086a201 base: 0xfed00000
[    0.046323] CPU topo: Max. logical packages:   1
[    0.046349] CPU topo: Max. logical dies:       1
[    0.046359] CPU topo: Max. dies per package:   1
[    0.046409] CPU topo: Max. threads per core:   1
[    0.046580] CPU topo: Num. cores per package:     1
[    0.046595] CPU topo: Num. threads per package:   1
[    0.046604] CPU topo: Allowing 1 present CPUs plus 0 hotplug CPUs
[    0.047711] [mem 0x08000000-0xfffbffff] available for PCI devices
[    0.047779] Booting paravirtualized kernel on bare hardware
[    0.048088] clocksource: refined-jiffies: mask: 0xffffffff max_cycles: 0xffffffff, max_idle_ns: 19112604462750000 ns
[    0.048726] setup_percpu: NR_CPUS:512 nr_cpumask_bits:1 nr_cpu_ids:1 nr_node_ids:1
[    0.050598] percpu: Embedded 48 pages/cpu s158104 r8192 d30312 u2097152
[    0.052893] Kernel command line: BOOT_IMAGE=/boot/vmlinuz root=PARTUUID=efad7912-02 rootwait console=tty1 console=ttyS0,115200n8 noinitrd
[    0.054522] random: crng init done
[    0.058643] Dentry cache hash table entries: 16384 (order: 5, 131072 bytes, linear)
[    0.059460] Inode-cache hash table entries: 8192 (order: 4, 65536 bytes, linear)
[    0.061919] Built 1 zonelists, mobility grouping on.  Total pages: 32635
[    0.062145] mem auto-init: stack:off, heap alloc:off, heap free:off
[    0.072211] SLUB: HWalign=64, Order=0-3, MinObjects=0, CPUs=1, Nodes=1
[    0.080530] rcu: Hierarchical RCU implementation.
[    0.080559] rcu: 	RCU restricting CPUs from NR_CPUS=512 to nr_cpu_ids=1.
[    0.080706] 	Tracing variant of Tasks RCU enabled.
[    0.080800] rcu: RCU calculated value of scheduler-enlistment delay is 10 jiffies.
[    0.080831] rcu: Adjusting geometry for rcu_fanout_leaf=16, nr_cpu_ids=1
[    0.082045] RCU Tasks Trace: Setting shift to 0 and lim to 1 rcu_task_cb_adjust=1 rcu_task_cpu_ids=1.
[    0.082178] NR_IRQS: 33024, nr_irqs: 256, preallocated irqs: 16
[    0.091003] rcu: srcu_init: Setting srcu_struct sizes based on contention.
[    0.097876] Console: colour VGA+ 80x25
[    0.098302] printk: legacy console [tty1] enabled
[    0.106423] printk: legacy console [ttyS0] enabled
[    0.344686] ACPI: Core revision 20240827
[    0.360211] clocksource: hpet: mask: 0xffffffff max_cycles: 0xffffffff, max_idle_ns: 19112604467 ns
[    0.364753] APIC: Switch to symmetric I/O mode setup
[    0.369407] ..TIMER: vector=0x30 apic1=0 pin1=2 apic2=-1 pin2=-1
[    0.411899] clocksource: tsc-early: mask: 0xffffffffffffffff max_cycles: 0x2843efbba3d, max_idle_ns: 440795318021 ns
[    0.412484] Calibrating delay loop (skipped), value calculated using timer frequency.. 5586.82 BogoMIPS (lpj=27934100)
[    0.414255] x86/cpu: User Mode Instruction Prevention (UMIP) activated
[    0.430033] Last level iTLB entries: 4KB 0, 2MB 0, 4MB 0
[    0.432549] Last level dTLB entries: 4KB 0, 2MB 0, 4MB 0, 1GB 0
[    0.433563] Spectre V1 : Mitigation: usercopy/swapgs barriers and __user pointer sanitization
[    0.434588] Spectre V2 : Mitigation: Retpolines
[    0.434782] Spectre V2 : Spectre v2 / SpectreRSB: Filling RSB on context switch and VMEXIT
[    0.435169] Speculative Store Bypass: Vulnerable
[    0.444656] x86/fpu: Supporting XSAVE feature 0x001: 'x87 floating point registers'
[    0.449304] x86/fpu: Supporting XSAVE feature 0x002: 'SSE registers'
[    0.449517] x86/fpu: Supporting XSAVE feature 0x004: 'AVX registers'
[    0.449690] x86/fpu: Supporting XSAVE feature 0x008: 'MPX bounds registers'
[    0.453412] x86/fpu: Supporting XSAVE feature 0x010: 'MPX CSR'
[    0.453806] x86/fpu: xstate_offset[2]:  576, xstate_sizes[2]:  256
[    0.454105] x86/fpu: xstate_offset[3]:  960, xstate_sizes[3]:   64
[    0.454271] x86/fpu: xstate_offset[4]: 1024, xstate_sizes[4]:   64
[    0.462425] x86/fpu: Enabled xstate features 0x1f, context size is 1088 bytes, using 'standard' format.
[    0.673771] Freeing SMP alternatives memory: 40K
[    0.674562] pid_max: default: 32768 minimum: 301
[    0.684035] Mount-cache hash table entries: 512 (order: 0, 4096 bytes, linear)
[    0.684395] Mountpoint-cache hash table entries: 512 (order: 0, 4096 bytes, linear)
[    0.836681] smpboot: CPU0: AMD QEMU TCG CPU version 2.5+ (family: 0x6, model: 0x6, stepping: 0x3)
[    0.842981] Performance Events: PMU not available due to virtualization, using software events only.
[    0.844392] signal: max sigframe size: 1616
[    0.857330] rcu: Hierarchical SRCU implementation.
[    0.857545] rcu: 	Max phase no-delay instances is 1000.
[    0.868667] smp: Bringing up secondary CPUs ...
[    0.870478] smp: Brought up 1 node, 1 CPU
[    0.870736] smpboot: Total of 1 processors activated (5586.82 BogoMIPS)
[    0.877705] Memory: 103276K/130540K available (14336K kernel code, 1177K rwdata, 2552K rodata, 1492K init, 1304K bss, 25620K reserved, 0K cma-reserved)
[    0.891564] clocksource: jiffies: mask: 0xffffffff max_cycles: 0xffffffff, max_idle_ns: 19112604462750000 ns
[    0.892437] futex hash table entries: 256 (order: 2, 16384 bytes, linear)
[    0.893596] pinctrl core: initialized pinctrl subsystem
[    0.911285] NET: Registered PF_NETLINK/PF_ROUTE protocol family
[    0.917761] thermal_sys: Registered thermal governor 'step_wise'
[    0.917802] thermal_sys: Registered thermal governor 'user_space'
[    0.918755] cpuidle: using governor ladder
[    0.920329] acpiphp: ACPI Hot Plug PCI Controller Driver version: 0.5
[    0.925072] PCI: Using configuration type 1 for base access
[    0.933989] cryptd: max_cpu_qlen set to 1000
[    0.939680] ACPI: Added _OSI(Module Device)
[    0.939854] ACPI: Added _OSI(Processor Device)
[    0.939986] ACPI: Added _OSI(Processor Aggregator Device)
[    0.953495] ACPI: 1 ACPI AML tables successfully acquired and loaded
[    0.970379] ACPI: Interpreter enabled
[    0.971157] ACPI: PM: (supports S0 S5)
[    0.971338] ACPI: Using IOAPIC for interrupt routing
[    0.971887] PCI: Using host bridge windows from ACPI; if necessary, use "pci=nocrs" and report a bug
[    0.972188] PCI: Using E820 reservations for host bridge windows
[    0.982590] ACPI: Enabled 2 GPEs in block 00 to 0F
[    1.012281] ACPI: PCI Root Bridge [PCI0] (domain 0000 [bus 00-ff])
[    1.012990] acpi PNP0A03:00: _OSC: OS supports [ASPM ClockPM Segments MSI HPX-Type3]
[    1.014974] acpi PNP0A03:00: _OSC: not requesting OS control; OS requires [ExtendedConfig ASPM ClockPM MSI]
[    1.015809] acpi PNP0A03:00: fail to add MMCONFIG information, can't access extended configuration space under this bridge
[    1.026718] acpiphp: Slot [3] registered
[    1.027010] acpiphp: Slot [4] registered
[    1.027242] acpiphp: Slot [5] registered
[    1.027451] acpiphp: Slot [6] registered
[    1.032686] acpiphp: Slot [7] registered
[    1.032994] acpiphp: Slot [8] registered
[    1.034618] acpiphp: Slot [9] registered
[    1.034831] acpiphp: Slot [10] registered
[    1.035043] acpiphp: Slot [11] registered
[    1.035246] acpiphp: Slot [12] registered
[    1.042609] acpiphp: Slot [13] registered
[    1.042987] acpiphp: Slot [14] registered
[    1.043213] acpiphp: Slot [15] registered
[    1.043421] acpiphp: Slot [16] registered
[    1.043621] acpiphp: Slot [17] registered
[    1.043877] acpiphp: Slot [18] registered
[    1.044103] acpiphp: Slot [19] registered
[    1.052637] acpiphp: Slot [20] registered
[    1.052992] acpiphp: Slot [21] registered
[    1.053216] acpiphp: Slot [22] registered
[    1.053424] acpiphp: Slot [23] registered
[    1.053627] acpiphp: Slot [24] registered
[    1.053874] acpiphp: Slot [25] registered
[    1.062639] acpiphp: Slot [26] registered
[    1.063011] acpiphp: Slot [27] registered
[    1.063227] acpiphp: Slot [28] registered
[    1.063451] acpiphp: Slot [29] registered
[    1.063667] acpiphp: Slot [30] registered
[    1.063900] acpiphp: Slot [31] registered
[    1.072923] PCI host bridge to bus 0000:00
[    1.073414] pci_bus 0000:00: root bus resource [io  0x0000-0x0cf7 window]
[    1.073816] pci_bus 0000:00: root bus resource [io  0x0d00-0xffff window]
[    1.074020] pci_bus 0000:00: root bus resource [mem 0x000a0000-0x000bffff window]
[    1.082509] pci_bus 0000:00: root bus resource [mem 0x08000000-0xfebfffff window]
[    1.082908] pci_bus 0000:00: root bus resource [mem 0x100000000-0x17fffffff window]
[    1.083323] pci_bus 0000:00: root bus resource [bus 00-ff]
[    1.084700] pci 0000:00:00.0: [8086:1237] type 00 class 0x060000 conventional PCI endpoint
[    1.103515] pci 0000:00:01.0: [8086:7000] type 00 class 0x060100 conventional PCI endpoint
[    1.104362] pci 0000:00:01.1: [8086:7010] type 00 class 0x010180 conventional PCI endpoint
[    1.106640] pci 0000:00:01.1: BAR 4 [io  0xc0e0-0xc0ef]
[    1.111156] pci 0000:00:01.1: BAR 0 [io  0x01f0-0x01f7]: legacy IDE quirk
[    1.111400] pci 0000:00:01.1: BAR 1 [io  0x03f6]: legacy IDE quirk
[    1.111592] pci 0000:00:01.1: BAR 2 [io  0x0170-0x0177]: legacy IDE quirk
[    1.111788] pci 0000:00:01.1: BAR 3 [io  0x0376]: legacy IDE quirk
[    1.113366] pci 0000:00:01.3: [8086:7113] type 00 class 0x068000 conventional PCI endpoint
[    1.122601] pci 0000:00:01.3: quirk: [io  0x0600-0x063f] claimed by PIIX4 ACPI
[    1.122853] pci 0000:00:01.3: quirk: [io  0x0700-0x070f] claimed by PIIX4 SMB
[    1.132481] pci 0000:00:02.0: [1234:1111] type 00 class 0x030000 conventional PCI endpoint
[    1.133303] pci 0000:00:02.0: BAR 0 [mem 0xfd000000-0xfdffffff pref]
[    1.134699] pci 0000:00:02.0: BAR 2 [mem 0xfeb90000-0xfeb90fff]
[    1.137271] pci 0000:00:02.0: ROM [mem 0xfeb80000-0xfeb8ffff pref]
[    1.142837] pci 0000:00:02.0: Video device with shadowed ROM at [mem 0x000c0000-0x000dffff]
[    1.143871] pci 0000:00:03.0: [1af4:1000] type 00 class 0x020000 conventional PCI endpoint
[    1.144868] pci 0000:00:03.0: BAR 0 [io  0xc080-0xc09f]
[    1.148102] pci 0000:00:03.0: BAR 4 [mem 0xfe000000-0xfe003fff 64bit pref]
[    1.153071] pci 0000:00:03.0: ROM [mem 0xfea80000-0xfeafffff pref]
[    1.157877] pci 0000:00:04.0: [1af4:1005] type 00 class 0x00ff00 conventional PCI endpoint
[    1.159513] pci 0000:00:04.0: BAR 0 [io  0xc0a0-0xc0bf]
[    1.163260] pci 0000:00:04.0: BAR 1 [mem 0xfeb91000-0xfeb91fff]
[    1.166102] pci 0000:00:04.0: BAR 4 [mem 0xfe004000-0xfe007fff 64bit pref]
[    1.170594] pci 0000:00:05.0: [1af4:1000] type 00 class 0x020000 conventional PCI endpoint
[    1.173917] pci 0000:00:05.0: BAR 0 [io  0xc0c0-0xc0df]
[    1.175343] pci 0000:00:05.0: BAR 1 [mem 0xfeb92000-0xfeb92fff]
[    1.177403] pci 0000:00:05.0: BAR 4 [mem 0xfe008000-0xfe00bfff 64bit pref]
[    1.178393] pci 0000:00:05.0: ROM [mem 0xfeb00000-0xfeb7ffff pref]
[    1.182579] pci 0000:00:06.0: [1af4:1001] type 00 class 0x010000 conventional PCI endpoint
[    1.187234] pci 0000:00:06.0: BAR 0 [io  0xc000-0xc07f]
[    1.188018] pci 0000:00:06.0: BAR 1 [mem 0xfeb93000-0xfeb93fff]
[    1.189880] pci 0000:00:06.0: BAR 4 [mem 0xfe00c000-0xfe00ffff 64bit pref]
[    1.198049] ACPI: PCI: Interrupt link LNKA configured for IRQ 10
[    1.198869] ACPI: PCI: Interrupt link LNKB configured for IRQ 10
[    1.199452] ACPI: PCI: Interrupt link LNKC configured for IRQ 11
[    1.200003] ACPI: PCI: Interrupt link LNKD configured for IRQ 11
[    1.200384] ACPI: PCI: Interrupt link LNKS configured for IRQ 9
[    1.212684] iommu: Default domain type: Translated
[    1.212880] iommu: DMA domain TLB invalidation policy: lazy mode
[    1.215679] SCSI subsystem initialized
[    1.217254] ACPI: bus type USB registered
[    1.217750] usbcore: registered new interface driver usbfs
[    1.219856] usbcore: registered new interface driver hub
[    1.220199] usbcore: registered new device driver usb
[    1.220694] pps_core: LinuxPPS API ver. 1 registered
[    1.220856] pps_core: Software ver. 5.3.6 - Copyright 2005-2007 Rodolfo Giometti <giometti@linux.it>
[    1.222728] PTP clock support registered
[    1.241881] PCI: Using ACPI for IRQ routing
[    1.244273] hpet0: at MMIO 0xfed00000, IRQs 2, 8, 0
[    1.244524] hpet0: 3 comparators, 64-bit 100.000000 MHz counter
[    1.250217] clocksource: Switched to clocksource tsc-early
[    1.250217] pnp: PnP ACPI init
[    1.250691] pnp: PnP ACPI: found 6 devices
[    1.263907] clocksource: acpi_pm: mask: 0xffffff max_cycles: 0xffffff, max_idle_ns: 2085701024 ns
[    1.265512] NET: Registered PF_INET protocol family
[    1.266691] IP idents hash table entries: 2048 (order: 2, 16384 bytes, linear)
[    1.272519] tcp_listen_portaddr_hash hash table entries: 256 (order: 0, 4096 bytes, linear)
[    1.274527] Table-perturb hash table entries: 65536 (order: 6, 262144 bytes, linear)
[    1.274964] TCP established hash table entries: 1024 (order: 1, 8192 bytes, linear)
[    1.275356] TCP bind hash table entries: 1024 (order: 3, 32768 bytes, linear)
[    1.285289] TCP: Hash tables configured (established 1024 bind 1024)
[    1.287254] MPTCP token hash table entries: 256 (order: 1, 6144 bytes, linear)
[    1.287754] UDP hash table entries: 256 (order: 1, 8192 bytes, linear)
[    1.288131] UDP-Lite hash table entries: 256 (order: 1, 8192 bytes, linear)
[    1.297539] NET: Registered PF_UNIX/PF_LOCAL protocol family
[    1.298867] pci_bus 0000:00: resource 4 [io  0x0000-0x0cf7 window]
[    1.299083] pci_bus 0000:00: resource 5 [io  0x0d00-0xffff window]
[    1.299255] pci_bus 0000:00: resource 6 [mem 0x000a0000-0x000bffff window]
[    1.306771] pci_bus 0000:00: resource 7 [mem 0x08000000-0xfebfffff window]
[    1.307061] pci_bus 0000:00: resource 8 [mem 0x100000000-0x17fffffff window]
[    1.307726] pci 0000:00:01.0: PIIX3: Enabling Passive Release
[    1.307998] pci 0000:00:00.0: Limiting direct PCI/PCI transfers
[    1.317723] PCI: CLS 0 bytes, default 64
[    1.337523] workingset: timestamp_bits=46 max_order=15 bucket_order=0
[    1.340074] squashfs: version 4.0 (2009/01/31) Phillip Lougher
[    1.342821] Block layer SCSI generic (bsg) driver version 0.4 loaded (major 247)
[    1.346375] hv_vmbus: registering driver hyperv_fb
[    1.351024] input: Power Button as /devices/LNXSYSTM:00/LNXPWRBN:00/input/input0
[    1.359047] ACPI: button: Power Button [PWRF]
[    1.500286] ACPI: \_SB_.LNKC: Enabled at IRQ 11
[    1.642718] ACPI: \_SB_.LNKD: Enabled at IRQ 10
[    1.777213] ACPI: \_SB_.LNKA: Enabled at IRQ 10
[    1.912236] ACPI: \_SB_.LNKB: Enabled at IRQ 11
[    1.914219] Serial: 8250/16550 driver, 16 ports, IRQ sharing enabled
[    1.939172] 00:04: ttyS0 at I/O 0x3f8 (irq = 4, base_baud = 115200) is a 16550A
[    1.964781] Non-volatile memory driver v1.3
[    1.975967] Linux agpgart interface v0.103
[    1.976998] ACPI: bus type drm_connector registered
[    1.979832] [drm] Found bochs VGA, ID 0xb0c5.
[    1.980017] [drm] Framebuffer size 16384 kB @ 0xfd000000, mmio @ 0xfeb90000.
[    1.986745] [drm] Found EDID data blob.
[    1.992166] [drm] Initialized bochs-drm 1.0.0 for 0000:00:02.0 on minor 0
[    2.055223] Console: switching to colour frame buffer device 160x50
[    2.063984] bochs-drm 0000:00:02.0: [drm] fb0: bochs-drmdrmfb frame buffer device
[    2.082958] loop: module loaded
[    2.083684] virtio_blk virtio3: 1/0/0 default/read/poll queues
[    2.103181] virtio_blk virtio3: [vda] 246784 512-byte logical blocks (126 MB/121 MiB)
[    2.112589]  vda: vda1 vda2
[    2.114927] Guest personality initialized and is inactive
[    2.115517] VMCI host device registered (name=vmci, major=10, minor=256)
[    2.115811] Initialized host personality
[    2.116141] usbcore: registered new interface driver rtsx_usb
[    2.117027] VMware PVSCSI driver - version 1.0.7.0-k
[    2.125754] hv_vmbus: registering driver hv_storvsc
[    2.141150] scsi host0: ata_piix
[    2.143726] scsi host1: ata_piix
[    2.144618] ata1: PATA max MWDMA2 cmd 0x1f0 ctl 0x3f6 bmdma 0xc0e0 irq 14 lpm-pol 0
[    2.144889] ata2: PATA max MWDMA2 cmd 0x170 ctl 0x376 bmdma 0xc0e8 irq 15 lpm-pol 0
[    2.155431] VMware vmxnet3 virtual NIC driver - version 1.9.0.0-k-NAPI
[    2.156019] hv_vmbus: registering driver hv_netvsc
[    2.156385] Fusion MPT base driver 3.04.20
[    2.156527] Copyright (c) 1999-2008 LSI Corporation
[    2.156913] Fusion MPT SPI Host driver 3.04.20
[    2.166351] Fusion MPT SAS Host driver 3.04.20
[    2.168383] usbcore: registered new interface driver usb-storage
[    2.169616] i8042: PNP: PS/2 Controller [PNP0303:KBD,PNP0f13:MOU] at 0x60,0x64 irq 1,12
[    2.173035] serio: i8042 KBD port at 0x60,0x64 irq 1
[    2.173399] serio: i8042 AUX port at 0x60,0x64 irq 12
[    2.180556] hv_vmbus: registering driver hyperv_keyboard
[    2.183140] rtc_cmos 00:05: RTC can wake from S4
[    2.188467] rtc_cmos 00:05: registered as rtc0
[    2.191073] rtc_cmos 00:05: setting system clock to 2026-03-06T02:47:53 UTC (1772765273)
[    2.193283] rtc_cmos 00:05: alarms up to one day, y3k, 242 bytes nvram, hpet irqs
[    2.195656] intel_powerclamp: CPU does not support MWAIT
[    2.200828] amd_pstate: the _CPC object is not present in SBIOS or ACPI disabled
[    2.203172] sdhci: Secure Digital Host Controller Interface driver
[    2.204900] sdhci: Copyright(c) Pierre Ossman
[    2.207028] VUB300 Driver rom wait states = 1C irqpoll timeout = 0400
[    2.213490] input: AT Translated Set 2 keyboard as /devices/platform/i8042/serio0/input/input1
[    2.235097] usbcore: registered new interface driver vub300
[    2.237070] usbcore: registered new interface driver ushc
[    2.244639] hid: raw HID events driver (C) Jiri Kosina
[    2.247005] hv_vmbus: registering driver hid_hyperv
[    2.249466] usbcore: registered new interface driver usbhid
[    2.251375] usbhid: USB HID core driver
[    2.253253] hv_utils: Registering HyperV Utility Driver
[    2.255019] hv_vmbus: registering driver hv_utils
[    2.256752] hv_vmbus: registering driver hv_balloon
[    2.260675] NET: Registered PF_INET6 protocol family
[    2.275412] Segment Routing with IPv6
[    2.277359] In-situ OAM (IOAM) with IPv6
[    2.279570] NET: Registered PF_PACKET protocol family
[    2.281993] bridge: filtering via arp/ip/ip6tables is no longer available by default. Update your scripts to load br_netfilter if you need this.
[    2.291838] 8021q: 802.1Q VLAN Support v1.8
[    2.294182] NET: Registered PF_VSOCK protocol family
[    2.302910] IPI shorthand broadcast: enabled
[    2.308862] AES CTR mode by8 optimization enabled
[    2.327484] sched_clock: Marking stable (2060082339, 260820204)->(2331658459, -10755916)
[    2.369544] tsc: Refined TSC clocksource calibration: 2793.441 MHz
[    2.371953] clocksource: tsc: mask: 0xffffffffffffffff max_cycles: 0x28440ca0e79, max_idle_ns: 440795279390 ns
[    2.381553] ata2: found unknown device (class 0)
[    2.411410] clocksource: Switched to clocksource tsc
[    2.418012] ata2.00: ATAPI: QEMU DVD-ROM, 2.5+, max UDMA/100
[    2.435895] scsi 1:0:0:0: CD-ROM            QEMU     QEMU DVD-ROM     2.5+ PQ: 0 ANSI: 5
[    2.446562] clk: Disabling unused clocks
[    2.493181] sr 1:0:0:0: [sr0] scsi3-mmc drive: 4x/4x cd/rw xa/form2 tray
[    2.495693] cdrom: Uniform CD-ROM driver Revision: 3.20
[    2.553240] VFS: Mounted root (squashfs filesystem) readonly on device 254:2.
[    2.611381] Freeing unused kernel image (initmem) memory: 1492K
[    2.613958] Write protecting the kernel read-only data: 18432k
[    2.618121] Freeing unused kernel image (rodata/data gap) memory: 1544K
[    2.620511] Run /sbin/init as init process
[    2.918523] init: Console is alive
[    3.546803] kmodloader: loading kernel modules from /etc/modules-boot.d/*
[    3.606139] button_hotplug: loading out-of-tree module taints kernel.
[    3.612657] Button Hotplug driver version 0.4.1
[    3.631759] Intel(R) 2.5G Ethernet Linux Driver
[    3.634025] Copyright(c) 2018 Intel Corporation.
[    3.648423] igb: Intel(R) Gigabit Ethernet Network Driver
[    3.650573] igb: Copyright (c) 2007-2014 Intel Corporation.
[    3.665339] e1000e: Intel(R) PRO/1000 Network Driver
[    3.667583] e1000e: Copyright(c) 1999 - 2015 Intel Corporation.
[    3.679165] kmodloader: done loading kernel modules from /etc/modules-boot.d/*
[    3.694952] init: - preinit -
[    4.777531] 8021q: adding VLAN 0 to HW filter on device eth0
Press the [f] key and hit [enter] to enter failsafe mode
Press the [1], [2], [3] or [4] key and hit [enter] to select the debug level
[    9.441186] loop0: detected capacity change from 0 to 212992
[    9.481247] loop0: detected capacity change from 212992 to 196352
[    9.494450] mount_root: overlay filesystem in /dev/loop0 has not been formatted yet
[    9.831506] EXT4-fs (loop0): mounted filesystem 341aa103-98a7-4182-bd6a-3a267b43cae5 r/w with ordered data mode. Quota mode: disabled.
[    9.845463] mount_root: overlay filesystem has not been fully initialized yet
[    9.863716] mount_root: switching to ext4 overlay
[    9.884978] overlayfs: null uuid detected in lower fs '/', falling back to xino=off,index=off,nfs_export=off.
[   10.635849] EXT4-fs (vda1): mounted filesystem 84173db5-fa99-e35a-95c6-28613cc79ea9 r/w without journal. Quota mode: disabled.
[   10.663257] urandom-seed: Seed file not found (/etc/urandom.seed)
[   10.818630] procd: - early -
[   11.574272] procd: - ubus -
[   11.755902] procd: - init -
Please press Enter to activate this console.
root
login[1044]: root login on 'ttyS0'


BusyBox v1.37.0 (2026-03-03 00:16:20 UTC) built-in shell (ash)

  _______                     ________        __
 |       |.-----.-----.-----.|  |  |  |.----.|  |_
 |   -   ||  _  |  -__|     ||  |  |  ||   _||   _|
 |_______||   __|_____|__|__||________||__|  |____|
          |__| W I R E L E S S   F R E E D O M
 -----------------------------------------------------
 OpenWrt 25.12-SNAPSHOT, r32716-360b1c8d11 Dave's Guitar
 -----------------------------------------------------

 === WARNING! =====================================
 There is no root password defined on this device!
 Use the "passwd" command to set up a new password
 in order to prevent unauthorized SSH logins.
 --------------------------------------------------

  ___   __ __                _______             __
 |   |_|__|  |--.----.-----.|   |   |-----.-----|  |--.
 |     |  |  _  |   _|  -__||       |  -__|__ --|     |
 |_____|__|_____|__| |_____||__|_|__|_____|_____|__|__|

 ------------------------------------------------------
 LiMe master development (master rev. 7929208 20260304_1752)
 ------------------------------------------------------
 https://libremesh.org
 ------------------------------------------------------

 === System Notes =================================================

 = edit via http://thisnode.info/app/#/notes or /etc/banner.notes =


 OpenWrt recently switched to the "apk" package manager!

 OPKG Command           APK Equivalent      Description
 ------------------------------------------------------------------
 opkg install <pkg>     apk add <pkg>       Install a package
 opkg remove <pkg>      apk del <pkg>       Remove a package
 opkg upgrade           apk upgrade         Upgrade all packages
 opkg files <pkg>       apk info -L <pkg>   List package contents
 opkg list-installed    apk info            List installed packages
 opkg update            apk update          Update package lists
 opkg search <pkg>      apk search <pkg>    Search for packages
 ------------------------------------------------------------------

For more information visit:
https://openwrt.org/docs/guide-user/additional-software/opkg-to-apk-cheatsheet

root@(none):~# dmesg -n 1
root@(none):~# echo 'PWCJ''TZFNCM'
PWCJTZFNCM
root@(none):~# run() { echo -n "$MARKER"; sh -c "$@"; echo "$MARKER $?"; }
root@(none):~# echo 'TCHW''KLVMXX'
TCHWKLVMXX
root@(none):~# MARKER='KXMN''FECZWK' run 'ubus wait_for network.interface.lan'
KXMNFECZWK