Labgrid Console Logfile for main
Logfile started at 2026-04-04 01:28:50.654506
=== Log starts here ===
c[?7l[2J[0mSeaBIOS (version 1.16.3-debian-1.16.3-2)


iPXE (https://ipxe.org) 00:03.0 CA00 PCI2.10 PnP PMM+06FCAE70+06F0AE70 CA00
Press Ctrl-B to configure iPXE (PCI 00:03.0)...                                                                               




iPXE (https://ipxe.org) 00:05.0 CB00 PCI2.10 PnP PMM 06FCAE70 06F0AE70 CB00
Press Ctrl-B to configure iPXE (PCI 00:05.0)...                                                                               


Booting from Hard Disk...
GRUB loading.....
[0;30;47mWelcome to GRUB!

[01;01H[0m[2J[H[J[1;1H[?25l[m[H[J[1;1H[2;30HGNU GRUB  version 2.12

[m[4;2H+----------------------------------------------------------------------------+[5;2H|[5;79H|[6;2H|[6;79H|[7;2H|[7;79H|[8;2H|[8;79H|[9;2H|[9;79H|[10;2H|[10;79H|[11;2H|[11;79H|[12;2H|[12;79H|[13;2H|[13;79H|[14;2H|[14;79H|[15;2H|[15;79H|[16;2H+----------------------------------------------------------------------------+[m[17;2H[18;2H[m     Use the ^ and v keys to select which entry is highlighted.          
      Press enter to boot the selected OS, `e' to edit the commands       
      before booting or `c' for a command-line. ESC to return             
      previous menu.                                                      [5;80H [7m[5;3H*OpenWrt                                                                    [m[5;78H[m[m[6;3H OpenWrt (failsafe)                                                         [m[6;78H[m[m[7;3H                                                                            [m[7;78H[m[m[8;3H                                                                            [m[8;78H[m[m[9;3H                                                                            [m[9;78H[m[m[10;3H                                                                            [m[10;78H[m[m[11;3H                                                                            [m[11;78H[m[m[12;3H                                                                            [m[12;78H[m[m[13;3H                                                                            [m[13;78H[m[m[14;3H                                                                            [m[14;78H[m[m[15;3H                                                                            [m[15;78H[m[15;80H [5;78H[2J[02;30HGNU GRUB  version 2.12[04;02H┌─────────────────────────────────────────────[04;47H[04;48H───────────────────────────────┐[05;02H│[05;79H│[06;02H│[06;79H│[07;02H│[07;79H│[08;02H│[08;79H│[09;02H│[09;79H│[10;02H│[10;79H│[11;02H│[11;79H│[12;02H│[12;79H│[13;02H│[13;79H│[14;02H│[14;79H│[15;02H│[15;79H│[16;02H│[16;79H│[17;02H└────────────────────────────────────────────────────────────────────────────┘[19;02H     Use the ↑ and ↓ keys to select which entry is highlighted.          
      Press enter to boot the selected OS, `e' to edit the commands       
      before booting or `c[21;26H[21;27H' for a command-line. ESC to return             
      previous menu.                                                      [05;80H [05;03H[0;30;47m*OpenWrt                                                                    [06;03H[0m OpenWrt (failsafe)                                                         [07;03H                                                                            [08;03H                                                                            [09;03H                                                                            [10;03H                                                                            [11;03H                                     [11;39H[11;40H                                       [12;03H                                                                            [13;03H                                             [13;47H[13;48H                               [14;03H                                                                            [15;03H                                                                            [16;03H                                                                            [16;80H 






   The highlighted entry will be executed automatically in 5s.                [22;1H   The highlighted entry will be executed automatically in 5s.                 [5;78H [05;78H

















   The highlighted entry wi[23;27H[23;28Hll be executed automatically in 4s.                [22;1H   The highlighted entry will be executed automatically in 4s.                 [5;78H [05;78H

















   The highlighted entry will be executed automatically in 3s.                [22;1H   The highlighted entry will be executed automatically in 3s.                 [5;78H [05;78H

















   The highlighted entry will be executed automatically in 2s.                [22;1H   The highlighted entry will be executed automatically in 2s.                 [5;78H [05;78H

















   The highlighted entry will be executed automatically in 1s.                [22;1H   The highlighted entry will be executed automatically in 1s.                 [5;78H [05;78H

















   The highlighted entry will be executed automatically in 0s.                [22;1H   The highlighted entry will be executed automatically in 0s.                 [5;78H [01;01H[2J[?25h[H[J[1;1H[H[J[1;1H[2J   Booting `OpenWrt' Booting `OpenWrt

'

[    0.000000] Linux version 6.12.79 (builder@buildhost) (x86_64-openwrt-linux-musl-gcc (OpenWrt GCC 14.3.0 r32838-57fe3e077e) 14.3.0, GNU ld (GNU Binutils) 2.44) #0 SMP Thu Apr  2 21:32:42 2026
[    0.000000] Command line: BOOT_IMAGE=/boot/vmlinuz root=PARTUUID=c6e94c60-02 rootwait console=tty1 console=ttyS0,115200n8 noinitrd
[    0.000000] BIOS-provided physical RAM map:
[    0.000000] BIOS-e820: [mem 0x0000000000000000-0x000000000009fbff] usable
[    0.000000] BIOS-e820: [mem 0x000000000009fc00-0x000000000009ffff] reserved
[    0.000000] BIOS-e820: [mem 0x00000000000f0000-0x00000000000fffff] reserved
[    0.000000] BIOS-e820: [mem 0x0000000000100000-0x0000000007fdcfff] usable
[    0.000000] BIOS-e820: [mem 0x0000000007fdd000-0x0000000007ffffff] reserved
[    0.000000] BIOS-e820: [mem 0x00000000fffc0000-0x00000000ffffffff] reserved
[    0.000000] BIOS-e820: [mem 0x000000fd00000000-0x000000ffffffffff] reserved
[    0.000000] NX (Execute Disable) protection: active
[    0.000000] APIC: Static calls initialized
[    0.000000] SMBIOS 3.0.0 present.
[    0.000000] DMI: QEMU Standard PC (i440FX + PIIX, 1996), BIOS 1.16.3-debian-1.16.3-2 04/01/2014
[    0.000000] DMI: Memory slots populated: 1/1
[    0.000000] tsc: Fast TSC calibration using PIT
[    0.000000] tsc: Detected 2445.426 MHz processor
[    0.007390] last_pfn = 0x7fdd max_arch_pfn = 0x400000000
[    0.008079] MTRR map: 4 entries (3 fixed + 1 variable; max 19), built from 8 variable MTRRs
[    0.008278] x86/PAT: Configuration [0-7]: WB  WC  UC- UC  WB  WP  UC- WT  
[    0.025947] found SMP MP-table at [mem 0x000f5460-0x000f546f]
[    0.027340] Using GB pages for direct mapping
[    0.032042] ACPI: Early table checksum verification disabled
[    0.032405] ACPI: RSDP 0x00000000000F5290 000014 (v00 BOCHS )
[    0.032710] ACPI: RSDT 0x0000000007FE1C64 000034 (v01 BOCHS  BXPC     00000001 BXPC 00000001)
[    0.033241] ACPI: FACP 0x0000000007FE1B18 000074 (v01 BOCHS  BXPC     00000001 BXPC 00000001)
[    0.033836] ACPI: DSDT 0x0000000007FE0040 001AD8 (v01 BOCHS  BXPC     00000001 BXPC 00000001)
[    0.033906] ACPI: FACS 0x0000000007FE0000 000040
[    0.033954] ACPI: APIC 0x0000000007FE1B8C 000078 (v03 BOCHS  BXPC     00000001 BXPC 00000001)
[    0.033974] ACPI: HPET 0x0000000007FE1C04 000038 (v01 BOCHS  BXPC     00000001 BXPC 00000001)
[    0.033991] ACPI: WAET 0x0000000007FE1C3C 000028 (v01 BOCHS  BXPC     00000001 BXPC 00000001)
[    0.034070] ACPI: Reserving FACP table memory at [mem 0x7fe1b18-0x7fe1b8b]
[    0.034120] ACPI: Reserving DSDT table memory at [mem 0x7fe0040-0x7fe1b17]
[    0.034127] ACPI: Reserving FACS table memory at [mem 0x7fe0000-0x7fe003f]
[    0.034132] ACPI: Reserving APIC table memory at [mem 0x7fe1b8c-0x7fe1c03]
[    0.034138] ACPI: Reserving HPET table memory at [mem 0x7fe1c04-0x7fe1c3b]
[    0.034143] ACPI: Reserving WAET table memory at [mem 0x7fe1c3c-0x7fe1c63]
[    0.037358] Zone ranges:
[    0.037399]   DMA      [mem 0x0000000000001000-0x0000000000ffffff]
[    0.037476]   DMA32    [mem 0x0000000001000000-0x0000000007fdcfff]
[    0.037485]   Normal   empty
[    0.037502] Movable zone start for each node
[    0.037535] Early memory node ranges
[    0.037561]   node   0: [mem 0x0000000000001000-0x000000000009efff]
[    0.037616]   node   0: [mem 0x0000000000100000-0x0000000007fdcfff]
[    0.037743] Initmem setup node 0 [mem 0x0000000000001000-0x0000000007fdcfff]
[    0.038824] On node 0, zone DMA: 1 pages in unavailable ranges
[    0.039321] On node 0, zone DMA: 97 pages in unavailable ranges
[    0.041423] On node 0, zone DMA32: 35 pages in unavailable ranges
[    0.041765] ACPI: PM-Timer IO Port: 0x608
[    0.042160] ACPI: LAPIC_NMI (acpi_id[0xff] dfl dfl lint[0x1])
[    0.042591] IOAPIC[0]: apic_id 0, version 32, address 0xfec00000, GSI 0-23
[    0.042716] ACPI: INT_SRC_OVR (bus 0 bus_irq 0 global_irq 2 dfl dfl)
[    0.042967] ACPI: INT_SRC_OVR (bus 0 bus_irq 5 global_irq 5 high level)
[    0.043015] ACPI: INT_SRC_OVR (bus 0 bus_irq 9 global_irq 9 high level)
[    0.043111] ACPI: INT_SRC_OVR (bus 0 bus_irq 10 global_irq 10 high level)
[    0.043120] ACPI: INT_SRC_OVR (bus 0 bus_irq 11 global_irq 11 high level)
[    0.043325] ACPI: Using ACPI (MADT) for SMP configuration information
[    0.043369] ACPI: HPET id: 0x8086a201 base: 0xfed00000
[    0.043753] CPU topo: Max. logical packages:   1
[    0.043767] CPU topo: Max. logical dies:       1
[    0.043777] CPU topo: Max. dies per package:   1
[    0.043822] CPU topo: Max. threads per core:   1
[    0.043976] CPU topo: Num. cores per package:     1
[    0.043992] CPU topo: Num. threads per package:   1
[    0.044000] CPU topo: Allowing 1 present CPUs plus 0 hotplug CPUs
[    0.045225] [mem 0x08000000-0xfffbffff] available for PCI devices
[    0.045295] Booting paravirtualized kernel on bare hardware
[    0.045610] clocksource: refined-jiffies: mask: 0xffffffff max_cycles: 0xffffffff, max_idle_ns: 19112604462750000 ns
[    0.046298] setup_percpu: NR_CPUS:512 nr_cpumask_bits:1 nr_cpu_ids:1 nr_node_ids:1
[    0.048307] percpu: Embedded 48 pages/cpu s158104 r8192 d30312 u2097152
[    0.050666] Kernel command line: BOOT_IMAGE=/boot/vmlinuz root=PARTUUID=c6e94c60-02 rootwait console=tty1 console=ttyS0,115200n8 noinitrd
[    0.052349] random: crng init done
[    0.057099] Dentry cache hash table entries: 16384 (order: 5, 131072 bytes, linear)
[    0.058064] Inode-cache hash table entries: 8192 (order: 4, 65536 bytes, linear)
[    0.060801] Built 1 zonelists, mobility grouping on.  Total pages: 32635
[    0.061033] mem auto-init: stack:off, heap alloc:off, heap free:off
[    0.071243] SLUB: HWalign=64, Order=0-3, MinObjects=0, CPUs=1, Nodes=1
[    0.079313] rcu: Hierarchical RCU implementation.
[    0.079342] rcu: 	RCU restricting CPUs from NR_CPUS=512 to nr_cpu_ids=1.
[    0.079495] 	Tracing variant of Tasks RCU enabled.
[    0.079590] rcu: RCU calculated value of scheduler-enlistment delay is 10 jiffies.
[    0.079622] rcu: Adjusting geometry for rcu_fanout_leaf=16, nr_cpu_ids=1
[    0.080799] RCU Tasks Trace: Setting shift to 0 and lim to 1 rcu_task_cb_adjust=1 rcu_task_cpu_ids=1.
[    0.080930] NR_IRQS: 33024, nr_irqs: 256, preallocated irqs: 16
[    0.089873] rcu: srcu_init: Setting srcu_struct sizes based on contention.
[    0.096952] Console: colour VGA+ 80x25
[    0.097405] printk: legacy console [tty1] enabled
[    0.105467] printk: legacy console [ttyS0] enabled
[    0.358946] ACPI: Core revision 20240827
[    0.364296] clocksource: hpet: mask: 0xffffffff max_cycles: 0xffffffff, max_idle_ns: 19112604467 ns
[    0.369027] APIC: Switch to symmetric I/O mode setup
[    0.373725] ..TIMER: vector=0x30 apic1=0 pin1=2 apic2=-1 pin2=-1
[    0.416108] clocksource: tsc-early: mask: 0xffffffffffffffff max_cycles: 0x233fd7ba1b0, max_idle_ns: 440795295779 ns
[    0.416847] Calibrating delay loop (skipped), value calculated using timer frequency.. 4890.85 BogoMIPS (lpj=24454260)
[    0.418765] x86/cpu: User Mode Instruction Prevention (UMIP) activated
[    0.436836] Last level iTLB entries: 4KB 0, 2MB 0, 4MB 0
[    0.437238] Last level dTLB entries: 4KB 0, 2MB 0, 4MB 0, 1GB 0
[    0.438293] Spectre V1 : Mitigation: usercopy/swapgs barriers and __user pointer sanitization
[    0.439334] Spectre V2 : Mitigation: Retpolines
[    0.439564] Spectre V2 : Spectre v2 / SpectreRSB: Filling RSB on context switch and VMEXIT
[    0.439970] Speculative Store Bypass: Vulnerable
[    0.448722] x86/fpu: Supporting XSAVE feature 0x001: 'x87 floating point registers'
[    0.453416] x86/fpu: Supporting XSAVE feature 0x002: 'SSE registers'
[    0.453697] x86/fpu: Supporting XSAVE feature 0x004: 'AVX registers'
[    0.453926] x86/fpu: Supporting XSAVE feature 0x008: 'MPX bounds registers'
[    0.457748] x86/fpu: Supporting XSAVE feature 0x010: 'MPX CSR'
[    0.458158] x86/fpu: xstate_offset[2]:  576, xstate_sizes[2]:  256
[    0.458534] x86/fpu: xstate_offset[3]:  960, xstate_sizes[3]:   64
[    0.458758] x86/fpu: xstate_offset[4]: 1024, xstate_sizes[4]:   64
[    0.466754] x86/fpu: Enabled xstate features 0x1f, context size is 1088 bytes, using 'standard' format.
[    0.694202] Freeing SMP alternatives memory: 40K
[    0.694968] pid_max: default: 32768 minimum: 301
[    0.704485] Mount-cache hash table entries: 512 (order: 0, 4096 bytes, linear)
[    0.704990] Mountpoint-cache hash table entries: 512 (order: 0, 4096 bytes, linear)
[    0.858942] smpboot: CPU0: AMD QEMU TCG CPU version 2.5+ (family: 0x6, model: 0x6, stepping: 0x3)
[    0.892388] Performance Events: PMU not available due to virtualization, using software events only.
[    0.893892] signal: max sigframe size: 1616
[    0.895585] rcu: Hierarchical SRCU implementation.
[    0.895809] rcu: 	Max phase no-delay instances is 1000.
[    0.902218] smp: Bringing up secondary CPUs ...
[    0.905313] smp: Brought up 1 node, 1 CPU
[    0.905600] smpboot: Total of 1 processors activated (4890.85 BogoMIPS)
[    0.912710] Memory: 103208K/130540K available (14336K kernel code, 1177K rwdata, 2556K rodata, 1492K init, 1304K bss, 25620K reserved, 0K cma-reserved)
[    0.927719] clocksource: jiffies: mask: 0xffffffff max_cycles: 0xffffffff, max_idle_ns: 19112604462750000 ns
[    0.928577] futex hash table entries: 256 (order: 2, 16384 bytes, linear)
[    0.929997] pinctrl core: initialized pinctrl subsystem
[    0.949502] NET: Registered PF_NETLINK/PF_ROUTE protocol family
[    0.955867] thermal_sys: Registered thermal governor 'step_wise'
[    0.955906] thermal_sys: Registered thermal governor 'user_space'
[    0.957053] cpuidle: using governor ladder
[    0.958800] acpiphp: ACPI Hot Plug PCI Controller Driver version: 0.5
[    0.962957] PCI: Using configuration type 1 for base access
[    0.972250] cryptd: max_cpu_qlen set to 1000
[    0.978277] ACPI: Added _OSI(Module Device)
[    0.978472] ACPI: Added _OSI(Processor Device)
[    0.978644] ACPI: Added _OSI(Processor Aggregator Device)
[    0.992883] ACPI: 1 ACPI AML tables successfully acquired and loaded
[    1.010343] ACPI: Interpreter enabled
[    1.011146] ACPI: PM: (supports S0 S5)
[    1.011377] ACPI: Using IOAPIC for interrupt routing
[    1.011987] PCI: Using host bridge windows from ACPI; if necessary, use "pci=nocrs" and report a bug
[    1.012371] PCI: Using E820 reservations for host bridge windows
[    1.018485] ACPI: Enabled 2 GPEs in block 00 to 0F
[    1.054407] ACPI: PCI Root Bridge [PCI0] (domain 0000 [bus 00-ff])
[    1.055340] acpi PNP0A03:00: _OSC: OS supports [ASPM ClockPM Segments MSI HPX-Type3]
[    1.055785] acpi PNP0A03:00: _OSC: not requesting OS control; OS requires [ExtendedConfig ASPM ClockPM MSI]
[    1.056677] acpi PNP0A03:00: fail to add MMCONFIG information, can't access extended configuration space under this bridge
[    1.070046] acpiphp: Slot [3] registered
[    1.070400] acpiphp: Slot [4] registered
[    1.070655] acpiphp: Slot [5] registered
[    1.070893] acpiphp: Slot [6] registered
[    1.076474] acpiphp: Slot [7] registered
[    1.076962] acpiphp: Slot [8] registered
[    1.078543] acpiphp: Slot [9] registered
[    1.078786] acpiphp: Slot [10] registered
[    1.079037] acpiphp: Slot [11] registered
[    1.079301] acpiphp: Slot [12] registered
[    1.087040] acpiphp: Slot [13] registered
[    1.087476] acpiphp: Slot [14] registered
[    1.087835] acpiphp: Slot [15] registered
[    1.088081] acpiphp: Slot [16] registered
[    1.088319] acpiphp: Slot [17] registered
[    1.088564] acpiphp: Slot [18] registered
[    1.088841] acpiphp: Slot [19] registered
[    1.097040] acpiphp: Slot [20] registered
[    1.097498] acpiphp: Slot [21] registered
[    1.097822] acpiphp: Slot [22] registered
[    1.098064] acpiphp: Slot [23] registered
[    1.098352] acpiphp: Slot [24] registered
[    1.098601] acpiphp: Slot [25] registered
[    1.106971] acpiphp: Slot [26] registered
[    1.107411] acpiphp: Slot [27] registered
[    1.107776] acpiphp: Slot [28] registered
[    1.108057] acpiphp: Slot [29] registered
[    1.108314] acpiphp: Slot [30] registered
[    1.108557] acpiphp: Slot [31] registered
[    1.117252] PCI host bridge to bus 0000:00
[    1.117909] pci_bus 0000:00: root bus resource [io  0x0000-0x0cf7 window]
[    1.118281] pci_bus 0000:00: root bus resource [io  0x0d00-0xffff window]
[    1.118517] pci_bus 0000:00: root bus resource [mem 0x000a0000-0x000bffff window]
[    1.126913] pci_bus 0000:00: root bus resource [mem 0x08000000-0xfebfffff window]
[    1.127338] pci_bus 0000:00: root bus resource [mem 0x100000000-0x17fffffff window]
[    1.127846] pci_bus 0000:00: root bus resource [bus 00-ff]
[    1.129259] pci 0000:00:00.0: [8086:1237] type 00 class 0x060000 conventional PCI endpoint
[    1.147582] pci 0000:00:01.0: [8086:7000] type 00 class 0x060100 conventional PCI endpoint
[    1.148490] pci 0000:00:01.1: [8086:7010] type 00 class 0x010180 conventional PCI endpoint
[    1.151299] pci 0000:00:01.1: BAR 4 [io  0xc0e0-0xc0ef]
[    1.155530] pci 0000:00:01.1: BAR 0 [io  0x01f0-0x01f7]: legacy IDE quirk
[    1.155824] pci 0000:00:01.1: BAR 1 [io  0x03f6]: legacy IDE quirk
[    1.156071] pci 0000:00:01.1: BAR 2 [io  0x0170-0x0177]: legacy IDE quirk
[    1.156346] pci 0000:00:01.1: BAR 3 [io  0x0376]: legacy IDE quirk
[    1.157762] pci 0000:00:01.3: [8086:7113] type 00 class 0x068000 conventional PCI endpoint
[    1.166866] pci 0000:00:01.3: quirk: [io  0x0600-0x063f] claimed by PIIX4 ACPI
[    1.167173] pci 0000:00:01.3: quirk: [io  0x0700-0x070f] claimed by PIIX4 SMB
[    1.176881] pci 0000:00:02.0: [1234:1111] type 00 class 0x030000 conventional PCI endpoint
[    1.177713] pci 0000:00:02.0: BAR 0 [mem 0xfd000000-0xfdffffff pref]
[    1.179233] pci 0000:00:02.0: BAR 2 [mem 0xfeb90000-0xfeb90fff]
[    1.189288] pci 0000:00:02.0: ROM [mem 0xfeb80000-0xfeb8ffff pref]
[    1.189772] pci 0000:00:02.0: Video device with shadowed ROM at [mem 0x000c0000-0x000dffff]
[    1.190799] pci 0000:00:03.0: [1af4:1000] type 00 class 0x020000 conventional PCI endpoint
[    1.192251] pci 0000:00:03.0: BAR 0 [io  0xc080-0xc09f]
[    1.199377] pci 0000:00:03.0: BAR 4 [mem 0xfe000000-0xfe003fff 64bit pref]
[    1.200543] pci 0000:00:03.0: ROM [mem 0xfea80000-0xfeafffff pref]
[    1.208497] pci 0000:00:04.0: [1af4:1005] type 00 class 0x00ff00 conventional PCI endpoint
[    1.211465] pci 0000:00:04.0: BAR 0 [io  0xc0a0-0xc0bf]
[    1.212323] pci 0000:00:04.0: BAR 1 [mem 0xfeb91000-0xfeb91fff]
[    1.215004] pci 0000:00:04.0: BAR 4 [mem 0xfe004000-0xfe007fff 64bit pref]
[    1.219545] pci 0000:00:05.0: [1af4:1000] type 00 class 0x020000 conventional PCI endpoint
[    1.222876] pci 0000:00:05.0: BAR 0 [io  0xc0c0-0xc0df]
[    1.224687] pci 0000:00:05.0: BAR 1 [mem 0xfeb92000-0xfeb92fff]
[    1.226740] pci 0000:00:05.0: BAR 4 [mem 0xfe008000-0xfe00bfff 64bit pref]
[    1.227654] pci 0000:00:05.0: ROM [mem 0xfeb00000-0xfeb7ffff pref]
[    1.235621] pci 0000:00:06.0: [1af4:1001] type 00 class 0x010000 conventional PCI endpoint
[    1.237138] pci 0000:00:06.0: BAR 0 [io  0xc000-0xc07f]
[    1.237871] pci 0000:00:06.0: BAR 1 [mem 0xfeb93000-0xfeb93fff]
[    1.239609] pci 0000:00:06.0: BAR 4 [mem 0xfe00c000-0xfe00ffff 64bit pref]
[    1.251795] ACPI: PCI: Interrupt link LNKA configured for IRQ 10
[    1.252639] ACPI: PCI: Interrupt link LNKB configured for IRQ 10
[    1.253290] ACPI: PCI: Interrupt link LNKC configured for IRQ 11
[    1.253907] ACPI: PCI: Interrupt link LNKD configured for IRQ 11
[    1.254475] ACPI: PCI: Interrupt link LNKS configured for IRQ 9
[    1.258077] iommu: Default domain type: Translated
[    1.258315] iommu: DMA domain TLB invalidation policy: lazy mode
[    1.261016] SCSI subsystem initialized
[    1.262538] ACPI: bus type USB registered
[    1.265756] usbcore: registered new interface driver usbfs
[    1.266310] usbcore: registered new interface driver hub
[    1.266731] usbcore: registered new device driver usb
[    1.267326] pps_core: LinuxPPS API ver. 1 registered
[    1.276023] pps_core: Software ver. 5.3.6 - Copyright 2005-2007 Rodolfo Giometti <giometti@linux.it>
[    1.276745] PTP clock support registered
[    1.288042] PCI: Using ACPI for IRQ routing
[    1.290245] hpet0: at MMIO 0xfed00000, IRQs 2, 8, 0
[    1.290525] hpet0: 3 comparators, 64-bit 100.000000 MHz counter
[    1.295210] clocksource: Switched to clocksource tsc-early
[    1.295210] pnp: PnP ACPI init
[    1.295210] pnp: PnP ACPI: found 6 devices
[    1.307797] clocksource: acpi_pm: mask: 0xffffff max_cycles: 0xffffff, max_idle_ns: 2085701024 ns
[    1.309494] NET: Registered PF_INET protocol family
[    1.310702] IP idents hash table entries: 2048 (order: 2, 16384 bytes, linear)
[    1.316345] tcp_listen_portaddr_hash hash table entries: 256 (order: 0, 4096 bytes, linear)
[    1.318713] Table-perturb hash table entries: 65536 (order: 6, 262144 bytes, linear)
[    1.319177] TCP established hash table entries: 1024 (order: 1, 8192 bytes, linear)
[    1.319607] TCP bind hash table entries: 1024 (order: 3, 32768 bytes, linear)
[    1.329342] TCP: Hash tables configured (established 1024 bind 1024)
[    1.331326] MPTCP token hash table entries: 256 (order: 1, 6144 bytes, linear)
[    1.331839] UDP hash table entries: 256 (order: 1, 8192 bytes, linear)
[    1.332290] UDP-Lite hash table entries: 256 (order: 1, 8192 bytes, linear)
[    1.341568] NET: Registered PF_UNIX/PF_LOCAL protocol family
[    1.342754] pci_bus 0000:00: resource 4 [io  0x0000-0x0cf7 window]
[    1.342986] pci_bus 0000:00: resource 5 [io  0x0d00-0xffff window]
[    1.343225] pci_bus 0000:00: resource 6 [mem 0x000a0000-0x000bffff window]
[    1.350907] pci_bus 0000:00: resource 7 [mem 0x08000000-0xfebfffff window]
[    1.351291] pci_bus 0000:00: resource 8 [mem 0x100000000-0x17fffffff window]
[    1.352013] pci 0000:00:01.0: PIIX3: Enabling Passive Release
[    1.361998] pci 0000:00:00.0: Limiting direct PCI/PCI transfers
[    1.362417] PCI: CLS 0 bytes, default 64
[    1.382171] workingset: timestamp_bits=46 max_order=15 bucket_order=0
[    1.384734] squashfs: version 4.0 (2009/01/31) Phillip Lougher
[    1.387570] Block layer SCSI generic (bsg) driver version 0.4 loaded (major 247)
[    1.391898] hv_vmbus: registering driver hyperv_fb
[    1.396127] input: Power Button as /devices/LNXSYSTM:00/LNXPWRBN:00/input/input0
[    1.404564] ACPI: button: Power Button [PWRF]
[    1.560397] ACPI: \_SB_.LNKC: Enabled at IRQ 11
[    1.717154] ACPI: \_SB_.LNKD: Enabled at IRQ 10
[    1.884175] ACPI: \_SB_.LNKA: Enabled at IRQ 10
[    2.054705] ACPI: \_SB_.LNKB: Enabled at IRQ 11
[    2.056702] Serial: 8250/16550 driver, 16 ports, IRQ sharing enabled
[    2.081835] 00:04: ttyS0 at I/O 0x3f8 (irq = 4, base_baud = 115200) is a 16550A
[    2.111850] Non-volatile memory driver v1.3
[    2.122761] Linux agpgart interface v0.103
[    2.123775] ACPI: bus type drm_connector registered
[    2.128388] [drm] Found bochs VGA, ID 0xb0c5.
[    2.128751] [drm] Framebuffer size 16384 kB @ 0xfd000000, mmio @ 0xfeb90000.
[    2.137473] [drm] Found EDID data blob.
[    2.145826] [drm] Initialized bochs-drm 1.0.0 for 0000:00:02.0 on minor 0
[    2.233254] Console: switching to colour frame buffer device 160x50
[    2.245967] bochs-drm 0000:00:02.0: [drm] fb0: bochs-drmdrmfb frame buffer device
[    2.270489] loop: module loaded
[    2.271164] virtio_blk virtio3: 1/0/0 default/read/poll queues
[    2.292963] virtio_blk virtio3: [vda] 246784 512-byte logical blocks (126 MB/121 MiB)
[    2.301927]  vda: vda1 vda2
[    2.304019] Guest personality initialized and is inactive
[    2.304613] VMCI host device registered (name=vmci, major=10, minor=256)
[    2.304887] Initialized host personality
[    2.305255] usbcore: registered new interface driver rtsx_usb
[    2.306254] VMware PVSCSI driver - version 1.0.7.0-k
[    2.314824] hv_vmbus: registering driver hv_storvsc
[    2.331146] scsi host0: ata_piix
[    2.333596] scsi host1: ata_piix
[    2.334419] ata1: PATA max MWDMA2 cmd 0x1f0 ctl 0x3f6 bmdma 0xc0e0 irq 14 lpm-pol 0
[    2.334729] ata2: PATA max MWDMA2 cmd 0x170 ctl 0x376 bmdma 0xc0e8 irq 15 lpm-pol 0
[    2.344797] VMware vmxnet3 virtual NIC driver - version 1.9.0.0-k-NAPI
[    2.345364] hv_vmbus: registering driver hv_netvsc
[    2.345740] Fusion MPT base driver 3.04.20
[    2.345905] Copyright (c) 1999-2008 LSI Corporation
[    2.346398] Fusion MPT SPI Host driver 3.04.20
[    2.355549] Fusion MPT SAS Host driver 3.04.20
[    2.357763] usbcore: registered new interface driver usb-storage
[    2.358998] i8042: PNP: PS/2 Controller [PNP0303:KBD,PNP0f13:MOU] at 0x60,0x64 irq 1,12
[    2.362263] serio: i8042 KBD port at 0x60,0x64 irq 1
[    2.362640] serio: i8042 AUX port at 0x60,0x64 irq 12
[    2.369494] hv_vmbus: registering driver hyperv_keyboard
[    2.371910] rtc_cmos 00:05: RTC can wake from S4
[    2.376964] rtc_cmos 00:05: registered as rtc0
[    2.379603] rtc_cmos 00:05: setting system clock to 2026-04-04T01:29:01 UTC (1775266141)
[    2.382030] rtc_cmos 00:05: alarms up to one day, y3k, 242 bytes nvram, hpet irqs
[    2.384656] intel_powerclamp: CPU does not support MWAIT
[    2.390994] amd_pstate: the _CPC object is not present in SBIOS or ACPI disabled
[    2.393311] sdhci: Secure Digital Host Controller Interface driver
[    2.395230] sdhci: Copyright(c) Pierre Ossman
[    2.397583] VUB300 Driver rom wait states = 1C irqpoll timeout = 0400
[    2.403815] input: AT Translated Set 2 keyboard as /devices/platform/i8042/serio0/input/input1
[    2.427844] usbcore: registered new interface driver vub300
[    2.430100] usbcore: registered new interface driver ushc
[    2.437883] hid: raw HID events driver (C) Jiri Kosina
[    2.440622] hv_vmbus: registering driver hid_hyperv
[    2.443321] usbcore: registered new interface driver usbhid
[    2.445278] usbhid: USB HID core driver
[    2.447494] hv_utils: Registering HyperV Utility Driver
[    2.449449] hv_vmbus: registering driver hv_utils
[    2.451777] hv_vmbus: registering driver hv_balloon
[    2.455383] NET: Registered PF_INET6 protocol family
[    2.462800] tsc: Refined TSC clocksource calibration: 2445.442 MHz
[    2.465188] clocksource: tsc: mask: 0xffffffffffffffff max_cycles: 0x233fe6e500e, max_idle_ns: 440795302283 ns
[    2.472893] clocksource: Switched to clocksource tsc
[    2.485585] Segment Routing with IPv6
[    2.487783] In-situ OAM (IOAM) with IPv6
[    2.490193] NET: Registered PF_PACKET protocol family
[    2.492619] bridge: filtering via arp/ip/ip6tables is no longer available by default. Update your scripts to load br_netfilter if you need this.
[    2.502143] 8021q: 802.1Q VLAN Support v1.8
[    2.504693] NET: Registered PF_VSOCK protocol family
[    2.513366] IPI shorthand broadcast: enabled
[    2.520091] AES CTR mode by8 optimization enabled
[    2.540919] sched_clock: Marking stable (2270088619, 266276919)->(2545531160, -9165622)
[    2.576806] ata2: found unknown device (class 0)
[    2.598981] ata2.00: ATAPI: QEMU DVD-ROM, 2.5+, max UDMA/100
[    2.637399] scsi 1:0:0:0: CD-ROM            QEMU     QEMU DVD-ROM     2.5+ PQ: 0 ANSI: 5
[    2.650671] clk: Disabling unused clocks
[    2.698325] sr 1:0:0:0: [sr0] scsi3-mmc drive: 4x/4x cd/rw xa/form2 tray
[    2.700788] cdrom: Uniform CD-ROM driver Revision: 3.20
[    2.748468] VFS: Mounted root (squashfs filesystem) readonly on device 254:2.
[    2.818172] Freeing unused kernel image (initmem) memory: 1492K
[    2.820548] Write protecting the kernel read-only data: 18432k
[    2.824731] Freeing unused kernel image (rodata/data gap) memory: 1540K
[    2.827372] Run /sbin/init as init process
[    3.149837] init: Console is alive
[    3.653173] kmodloader: loading kernel modules from /etc/modules-boot.d/*
[    3.710830] button_hotplug: loading out-of-tree module taints kernel.
[    3.717532] Button Hotplug driver version 0.4.1
[    3.737437] Intel(R) 2.5G Ethernet Linux Driver
[    3.739820] Copyright(c) 2018 Intel Corporation.
[    3.754883] igb: Intel(R) Gigabit Ethernet Network Driver
[    3.757420] igb: Copyright (c) 2007-2014 Intel Corporation.
[    3.773430] e1000e: Intel(R) PRO/1000 Network Driver
[    3.775871] e1000e: Copyright(c) 1999 - 2015 Intel Corporation.
[    3.788120] kmodloader: done loading kernel modules from /etc/modules-boot.d/*
[    3.804227] init: - preinit -
[    4.833168] 8021q: adding VLAN 0 to HW filter on device eth0
Press the [f] key and hit [enter] to enter failsafe mode
Press the [1], [2], [3] or [4] key and hit [enter] to select the debug level
[    9.498262] loop0: detected capacity change from 0 to 212992
[    9.536775] loop0: detected capacity change from 212992 to 200960
[    9.550176] mount_root: overlay filesystem in /dev/loop0 has not been formatted yet
[    9.874343] EXT4-fs (loop0): mounted filesystem 927e0634-d8b1-4da0-882c-2f386c329ab0 r/w with ordered data mode. Quota mode: disabled.
[    9.888239] mount_root: overlay filesystem has not been fully initialized yet
[    9.906202] mount_root: switching to ext4 overlay
[    9.927271] overlayfs: null uuid detected in lower fs '/', falling back to xino=off,index=off,nfs_export=off.
[   10.659264] EXT4-fs (vda1): mounted filesystem 84173db5-fa99-e35a-95c6-28613cc79ea9 r/w without journal. Quota mode: disabled.
[   10.682948] urandom-seed: Seed file not found (/etc/urandom.seed)
[   10.830276] procd: - early -
[   11.576681] procd: - ubus -
[   11.681594] procd: - init -
Please press Enter to activate this console.
root
login[1048]: root login on 'ttyS0'


BusyBox v1.37.0 (2026-04-02 21:32:42 UTC) built-in shell (ash)

  _______                     ________        __
 |       |.-----.-----.-----.|  |  |  |.----.|  |_
 |   -   ||  _  |  -__|     ||  |  |  ||   _||   _|
 |_______||   __|_____|__|__||________||__|  |____|
          |__| W I R E L E S S   F R E E D O M
 -----------------------------------------------------
 OpenWrt 25.12-SNAPSHOT, r32838-57fe3e077e Dave's Guitar
 -----------------------------------------------------

 === WARNING! =====================================
 There is no root password defined on this device!
 Use the "passwd" command to set up a new password
 in order to prevent unauthorized SSH logins.
 --------------------------------------------------


 OpenWrt recently switched to the "apk" package manager!

 OPKG Command           APK Equivalent      Description
 ------------------------------------------------------------------
 opkg install <pkg>     apk add <pkg>       Install a package
 opkg remove <pkg>      apk del <pkg>       Remove a package
 opkg upgrade           apk upgrade         Upgrade all packages
 opkg files <pkg>       apk info -L <pkg>   List package contents
 opkg list-installed    apk info            List installed packages
 opkg update            apk update          Update package lists
 opkg search <pkg>      apk search <pkg>    Search for packages
 ------------------------------------------------------------------

For more information visit:
https://openwrt.org/docs/guide-user/additional-software/opkg-to-apk-cheatsheet

root@(none):~# dmesg -n 1
root@(none):~# echo 'BLTK''TNEWKJ'
BLTKTNEWKJ
root@(none):~# run() { echo -n "$MARKER"; sh -c "$@"; echo "$MARKER $?"; }
root@(none):~# echo 'PKSA''OGTTJK'
PKSAOGTTJK
root@(none):~# MARKER='FBHN''OGKMXP' run 'ubus wait_for network.interface.lan'
FBHNOGKMXPFBHNOGKMXP 0
root@OpenWrt:~# echo 'UKYG''OZNUNC'
UKYGOZNUNC
root@OpenWrt:~# MARKER='FWKS''VXCHOQ' run 'ubus call network.interface.lan statu
s '"'"'{}'"'"''
FWKSVXCHOQ{
	"up": true,
	"pending": false,
	"available": true,
	"autostart": true,
	"dynamic": false,
	"uptime": 0,
	"l3_device": "br-lan",
	"proto": "static",
	"device": "br-lan",
	"updated": [
		"addresses"
	],
	"metric": 0,
	"dns_metric": 0,
	"delegation": true,
	"ipv4-address": [
		{
			"address": "192.168.1.1",
			"mask": 24
		}
	],
	"ipv6-address": [
		
	],
	"ipv6-prefix": [
		
	],
	"ipv6-prefix-assignment": [
		{
			"address": "fda8:34c5:8b2e::",
			"mask": 60,
			"local-address": {
				"address": "fda8:34c5:8b2e::1",
				"mask": 60
			}
		}
	],
	"route": [
		
	],
	"dns-server": [
		
	],
	"dns-search": [
		
	],
	"neighbors": [
		
	],
	"inactive": {
		"ipv4-address": [
			
		],
		"ipv6-address": [
			
		],
		"route": [
			
		],
		"dns-server": [
			
		],
		"dns-search": [
			
		],
		"neighbors": [
			
		]
	},
	"data": {
		
	}
}
FWKSVXCHOQ 0
root@OpenWrt:~# echo 'XSGO''ZLSJEU'
XSGOZLSJEU
root@OpenWrt:~# MARKER='BYMO''JOEEGB' run true
BYMOJOEEGBBYMOJOEEGB 0
root@OpenWrt:~# echo 'JPKU''XVHHSS'
JPKUXVHHSS
root@OpenWrt:~# MARKER='HBJW''JTATUC' run 'source /etc/os-release; echo $BUILD_I
D'
HBJWJTATUCr32838-57fe3e077e
HBJWJTATUC 0
root@OpenWrt:~# echo 'VYVX''SXATUJ'
VYVXSXATUJ
root@OpenWrt:~# MARKER='GZML''MPTJQQ' run 'ls /etc/dropbear/dropbear_rsa_host_ke
y'
GZMLMPTJQQ[0;0m/etc/dropbear/dropbear_rsa_host_key[m
GZMLMPTJQQ 0
root@OpenWrt:~# echo 'XVUG''QGGOSM'
XVUGQGGOSM
root@OpenWrt:~# MARKER='HKEK''BSMBQU' run 'netstat -tlpn | grep 0.0.0.0:22'
HKEKBSMBQUnetstat: showing only processes with your user ID
tcp        0      0 0.0.0.0:22              0.0.0.0:*               LISTEN      1756/dropbear
HKEKBSMBQU 0
root@OpenWrt:~# echo 'FAYT''BUCPEH'
FAYTBUCPEH
root@OpenWrt:~# MARKER='ALVH''ENHONJ' run 'dmesg | grep br-lan | grep forwarding
'
ALVHENHONJ[   33.887101] br-lan: port 1(eth0) entered forwarding state
ALVHENHONJ 0
root@OpenWrt:~# echo 'WXOB''WMFXPX'
WXOBWMFXPX
root@OpenWrt:~# MARKER='UXNW''BHKWGH' run 'ubus call network.interface.lan statu
s '"'"'{}'"'"''
UXNWBHKWGH{
	"up": true,
	"pending": false,
	"available": true,
	"autostart": true,
	"dynamic": false,
	"uptime": 8,
	"l3_device": "br-lan",
	"proto": "static",
	"device": "br-lan",
	"updated": [
		"addresses"
	],
	"metric": 0,
	"dns_metric": 0,
	"delegation": true,
	"ipv4-address": [
		{
			"address": "192.168.1.1",
			"mask": 24
		}
	],
	"ipv6-address": [
		
	],
	"ipv6-prefix": [
		
	],
	"ipv6-prefix-assignment": [
		{
			"address": "fda8:34c5:8b2e::",
			"mask": 60,
			"local-address": {
				"address": "fda8:34c5:8b2e::1",
				"mask": 60
			}
		}
	],
	"route": [
		
	],
	"dns-server": [
		
	],
	"dns-search": [
		
	],
	"neighbors": [
		
	],
	"inactive": {
		"ipv4-address": [
			
		],
		"ipv6-address": [
			
		],
		"route": [
			
		],
		"dns-server": [
			
		],
		"dns-search": [
			
		],
		"neighbors": [
			
		]
	},
	"data": {
		
	}
}
UXNWBHKWGH 0
root@OpenWrt:~# echo 'VULQ''WOVSOV'
VULQWOVSOV
root@OpenWrt:~# MARKER='YGOQ''LOGNUT' run 'ip -o addr show dev br-lan'
YGOQLOGNUT4: br-lan    inet 192.168.1.1/24 brd 192.168.1.255 scope global br-lan\       valid_lft forever preferred_lft forever
4: br-lan    inet6 fda8:34c5:8b2e::1/60 scope global noprefixroute \       valid_lft forever preferred_lft forever
4: br-lan    inet6 fe80::5054:ff:fe12:3456/64 scope link \       valid_lft forever preferred_lft forever
YGOQLOGNUT 0
root@OpenWrt:~# echo 'NXCO''KTJPZL'
NXCOKTJPZL
root@OpenWrt:~# MARKER='XAUG''CZTOSO' run 'ubus call network.interface.wan statu
s '"'"'{}'"'"''
XAUGCZTOSO{
	"up": true,
	"pending": false,
	"available": true,
	"autostart": true,
	"dynamic": false,
	"uptime": 7,
	"l3_device": "eth1",
	"proto": "dhcp",
	"device": "eth1",
	"updated": [
		"addresses",
		"routes",
		"data"
	],
	"metric": 0,
	"dns_metric": 0,
	"delegation": true,
	"ipv4-address": [
		{
			"address": "10.0.2.15",
			"mask": 24
		}
	],
	"ipv6-address": [
		
	],
	"ipv6-prefix": [
		
	],
	"ipv6-prefix-assignment": [
		
	],
	"route": [
		{
			"target": "0.0.0.0",
			"mask": 0,
			"nexthop": "10.0.2.2",
			"source": "10.0.2.15/32"
		}
	],
	"dns-server": [
		"10.0.2.3"
	],
	"dns-search": [
		
	],
	"neighbors": [
		
	],
	"inactive": {
		"ipv4-address": [
			
		],
		"ipv6-address": [
			
		],
		"route": [
			
		],
		"dns-server": [
			
		],
		"dns-search": [
			
		],
		"neighbors": [
			
		]
	},
	"data": {
		"dhcpserver": "10.0.2.2",
		"leasetime": 86400
	}
}
XAUGCZTOSO 0
root@OpenWrt:~# 