Labgrid Console Logfile for main
Logfile started at 2026-03-30 21:12:15.122997
=== Log starts here ===
c[?7l[2J[0mSeaBIOS (version 1.16.3-debian-1.16.3-2)


iPXE (https://ipxe.org) 00:03.0 CA00 PCI2.10 PnP PMM+06FCAE70+06F0AE70 CA00
Press Ctrl-B to configure iPXE (PCI 00:03.0)...                                                                               




iPXE (https://ipxe.org) 00:05.0 CB00 PCI2.10 PnP PMM 06FCAE70 06F0AE70 CB00
Press Ctrl-B to configure iPXE (PCI 00:05.0)...                                                                               


Booting from Hard Disk...
GRUB loading.....
[0;30;47mWelcome to GRUB[16;15H[16;16H![01;01H[0m[2J[H[J[1;1H[?25l[m[H[J[1;1H[2;30HGNU GRUB  version 2.12

[m[4;2H+----------------------------------------------------------------------------+[5;2H|[5;79H|[6;2H|[6;79H|[7;2H|[7;79H|[8;2H|[8;79H|[9;2H|[9;79H|[10;2H|[10;79H|[11;2H|[11;79H|[12;2H|[12;79H|[13;2H|[13;79H|[14;2H|[14;79H|[15;2H|[15;79H|[16;2H+----------------------------------------------------------------------------+[m[17;2H[18;2H[m     Use the ^ and v keys to select which entry is highlighted.          
      Press enter to boot the selected OS, `e' to edit the commands       
      before booting or `c' for a command-line. ESC to return             
      previous menu.                                                      [5;80H [7m[5;3H*OpenWrt                                                                    [m[5;78H[m[m[6;3H OpenWrt (failsafe)                                                         [m[6;78H[m[m[7;3H                                                                            [m[7;78H[m[m[8;3H                                                                            [m[8;78H[m[m[9;3H                                                                            [m[9;78H[m[m[10;3H                                                                            [m[10;78H[m[m[11;3H                                                                            [m[11;78H[m[m[12;3H                                                                            [m[12;78H[m[m[13;3H                                                                            [m[13;78H[m[m[14;3H                                                                            [m[14;78H[m[m[15;3H                                                                            [m[15;78H[m[15;80H [5;78H[2J[02;30HGNU GRUB  version 2.12[04;02H┌────────────────────────────────────────────────────────────────────────────┐[05;02H│[05;79H│[06;02H│[06;79H│[07;02H│[07;79H│[08;02H│[08;79H│[09;02H│[09;79H│[10;02H│[10;79H│[11;02H│[11;79H│[12;02H│[12;79H│[13;02H│[13;79H│[14;02H│[14;79H│[15;02H│[15;79H│[16;02H│[16;79H│[17;02H└───────────────────────────────────────────────────────[17;57H[17;58H─────────────────────┘[19;02H     Use the ↑ and ↓ keys to select which entry is highlighted.          
      Press enter to boot the selected OS, `e' to edit the commands       
      before booting or `c' for a command-line. ESC to return             
      previous menu.                                                      [05;80H [05;03H[0;30;47m*OpenWrt                                                                    [06;03H[0m OpenWrt (failsafe)                                                         [07;03H         [07;11H[07;12H                                                                   [08;03H                                                                            [09;03H                                                                            [10;03H                                                                            [11;03H                                                                            [12;03H                                                                            [13;03H                                                                            [14;03H                                                                            [15;03H                                                                            [16;03H                                                                            [16;80H 






   The highlighted entry will be executed automatically in 5s.                [22;1H   The highlighted entry will be executed automatically in 5s.                 [5;78H [05;78H

















   The highlighted[23;18H[23;19H entry will be executed automatically in 4s.                [22;1H   The highlighted entry will be executed automatically in 4s.                 [5;78H [05;78H

















   The highlighted entry will be executed automatically in 3s.                [22;1H   The highlighted entry will be executed automatically in 3s.                 [5;78H [05;78H

















   The highlighted entry will be executed automatically in 2s.                [22;1H   The highlighted entry will be executed automatically in 2s.                 [5;78H [05;78H

















   The highlighted entry will be executed automatically in 1s.                [22;1H   The highlighted entry will be executed automatically in 1s.                 [5;78H [05;78H

















   The highlighted entry will be executed automatically in 0s.                [22;1H   The highlighted entry will be executed automatically in 0s.                 [5;78H [01;01H[2J[?25h[H[J[1;1H[H[J[1;1H[2J   Booting `OpenWrt' Booting `OpenWrt

'

[    0.000000] Linux version 6.12.74 (builder@buildhost) (x86_64-openwrt-linux-musl-gcc (OpenWrt GCC 14.3.0 r32824-8a18e84a88) 14.3.0, GNU ld (GNU Binutils) 2.44) #0 SMP Mon Mar 30 11:02:58 2026
[    0.000000] Command line: BOOT_IMAGE=/boot/vmlinuz root=PARTUUID=f959174d-02 rootwait console=tty1 console=ttyS0,115200n8 noinitrd
[    0.000000] BIOS-provided physical RAM map:
[    0.000000] BIOS-e820: [mem 0x0000000000000000-0x000000000009fbff] usable
[    0.000000] BIOS-e820: [mem 0x000000000009fc00-0x000000000009ffff] reserved
[    0.000000] BIOS-e820: [mem 0x00000000000f0000-0x00000000000fffff] reserved
[    0.000000] BIOS-e820: [mem 0x0000000000100000-0x0000000007fdcfff] usable
[    0.000000] BIOS-e820: [mem 0x0000000007fdd000-0x0000000007ffffff] reserved
[    0.000000] BIOS-e820: [mem 0x00000000fffc0000-0x00000000ffffffff] reserved
[    0.000000] BIOS-e820: [mem 0x000000fd00000000-0x000000ffffffffff] reserved
[    0.000000] NX (Execute Disable) protection: active
[    0.000000] APIC: Static calls initialized
[    0.000000] SMBIOS 3.0.0 present.
[    0.000000] DMI: QEMU Standard PC (i440FX + PIIX, 1996), BIOS 1.16.3-debian-1.16.3-2 04/01/2014
[    0.000000] DMI: Memory slots populated: 1/1
[    0.000000] tsc: Fast TSC calibration using PIT
[    0.000000] tsc: Detected 2445.402 MHz processor
[    0.007921] last_pfn = 0x7fdd max_arch_pfn = 0x400000000
[    0.008525] MTRR map: 4 entries (3 fixed + 1 variable; max 19), built from 8 variable MTRRs
[    0.008721] x86/PAT: Configuration [0-7]: WB  WC  UC- UC  WB  WP  UC- WT  
[    0.028585] found SMP MP-table at [mem 0x000f5460-0x000f546f]
[    0.029939] Using GB pages for direct mapping
[    0.034252] ACPI: Early table checksum verification disabled
[    0.034618] ACPI: RSDP 0x00000000000F5290 000014 (v00 BOCHS )
[    0.034918] ACPI: RSDT 0x0000000007FE1C64 000034 (v01 BOCHS  BXPC     00000001 BXPC 00000001)
[    0.035417] ACPI: FACP 0x0000000007FE1B18 000074 (v01 BOCHS  BXPC     00000001 BXPC 00000001)
[    0.036034] ACPI: DSDT 0x0000000007FE0040 001AD8 (v01 BOCHS  BXPC     00000001 BXPC 00000001)
[    0.036108] ACPI: FACS 0x0000000007FE0000 000040
[    0.036157] ACPI: APIC 0x0000000007FE1B8C 000078 (v03 BOCHS  BXPC     00000001 BXPC 00000001)
[    0.036177] ACPI: HPET 0x0000000007FE1C04 000038 (v01 BOCHS  BXPC     00000001 BXPC 00000001)
[    0.036195] ACPI: WAET 0x0000000007FE1C3C 000028 (v01 BOCHS  BXPC     00000001 BXPC 00000001)
[    0.036279] ACPI: Reserving FACP table memory at [mem 0x7fe1b18-0x7fe1b8b]
[    0.036328] ACPI: Reserving DSDT table memory at [mem 0x7fe0040-0x7fe1b17]
[    0.036336] ACPI: Reserving FACS table memory at [mem 0x7fe0000-0x7fe003f]
[    0.036341] ACPI: Reserving APIC table memory at [mem 0x7fe1b8c-0x7fe1c03]
[    0.036347] ACPI: Reserving HPET table memory at [mem 0x7fe1c04-0x7fe1c3b]
[    0.036352] ACPI: Reserving WAET table memory at [mem 0x7fe1c3c-0x7fe1c63]
[    0.039365] Zone ranges:
[    0.039393]   DMA      [mem 0x0000000000001000-0x0000000000ffffff]
[    0.039471]   DMA32    [mem 0x0000000001000000-0x0000000007fdcfff]
[    0.039480]   Normal   empty
[    0.039498] Movable zone start for each node
[    0.039531] Early memory node ranges
[    0.039557]   node   0: [mem 0x0000000000001000-0x000000000009efff]
[    0.039630]   node   0: [mem 0x0000000000100000-0x0000000007fdcfff]
[    0.039756] Initmem setup node 0 [mem 0x0000000000001000-0x0000000007fdcfff]
[    0.040794] On node 0, zone DMA: 1 pages in unavailable ranges
[    0.041265] On node 0, zone DMA: 97 pages in unavailable ranges
[    0.043316] On node 0, zone DMA32: 35 pages in unavailable ranges
[    0.043673] ACPI: PM-Timer IO Port: 0x608
[    0.044069] ACPI: LAPIC_NMI (acpi_id[0xff] dfl dfl lint[0x1])
[    0.044484] IOAPIC[0]: apic_id 0, version 32, address 0xfec00000, GSI 0-23
[    0.044624] ACPI: INT_SRC_OVR (bus 0 bus_irq 0 global_irq 2 dfl dfl)
[    0.044877] ACPI: INT_SRC_OVR (bus 0 bus_irq 5 global_irq 5 high level)
[    0.044926] ACPI: INT_SRC_OVR (bus 0 bus_irq 9 global_irq 9 high level)
[    0.045022] ACPI: INT_SRC_OVR (bus 0 bus_irq 10 global_irq 10 high level)
[    0.045031] ACPI: INT_SRC_OVR (bus 0 bus_irq 11 global_irq 11 high level)
[    0.045212] ACPI: Using ACPI (MADT) for SMP configuration information
[    0.045257] ACPI: HPET id: 0x8086a201 base: 0xfed00000
[    0.045668] CPU topo: Max. logical packages:   1
[    0.045684] CPU topo: Max. logical dies:       1
[    0.045694] CPU topo: Max. dies per package:   1
[    0.045739] CPU topo: Max. threads per core:   1
[    0.045902] CPU topo: Num. cores per package:     1
[    0.045917] CPU topo: Num. threads per package:   1
[    0.045926] CPU topo: Allowing 1 present CPUs plus 0 hotplug CPUs
[    0.047092] [mem 0x08000000-0xfffbffff] available for PCI devices
[    0.047160] Booting paravirtualized kernel on bare hardware
[    0.047469] clocksource: refined-jiffies: mask: 0xffffffff max_cycles: 0xffffffff, max_idle_ns: 19112604462750000 ns
[    0.048136] setup_percpu: NR_CPUS:512 nr_cpumask_bits:1 nr_cpu_ids:1 nr_node_ids:1
[    0.050145] percpu: Embedded 48 pages/cpu s158104 r8192 d30312 u2097152
[    0.052454] Kernel command line: BOOT_IMAGE=/boot/vmlinuz root=PARTUUID=f959174d-02 rootwait console=tty1 console=ttyS0,115200n8 noinitrd
[    0.054105] random: crng init done
[    0.058850] Dentry cache hash table entries: 16384 (order: 5, 131072 bytes, linear)
[    0.059813] Inode-cache hash table entries: 8192 (order: 4, 65536 bytes, linear)
[    0.062442] Built 1 zonelists, mobility grouping on.  Total pages: 32635
[    0.062682] mem auto-init: stack:off, heap alloc:off, heap free:off
[    0.072529] SLUB: HWalign=64, Order=0-3, MinObjects=0, CPUs=1, Nodes=1
[    0.080302] rcu: Hierarchical RCU implementation.
[    0.080330] rcu: 	RCU restricting CPUs from NR_CPUS=512 to nr_cpu_ids=1.
[    0.080477] 	Tracing variant of Tasks RCU enabled.
[    0.080588] rcu: RCU calculated value of scheduler-enlistment delay is 10 jiffies.
[    0.080621] rcu: Adjusting geometry for rcu_fanout_leaf=16, nr_cpu_ids=1
[    0.081767] RCU Tasks Trace: Setting shift to 0 and lim to 1 rcu_task_cb_adjust=1 rcu_task_cpu_ids=1.
[    0.081896] NR_IRQS: 33024, nr_irqs: 256, preallocated irqs: 16
[    0.090539] rcu: srcu_init: Setting srcu_struct sizes based on contention.
[    0.097628] Console: colour VGA+ 80x25
[    0.098054] printk: legacy console [tty1] enabled
[    0.106099] printk: legacy console [ttyS0] enabled
[    0.348674] ACPI: Core revision 20240827
[    0.353832] clocksource: hpet: mask: 0xffffffff max_cycles: 0xffffffff, max_idle_ns: 19112604467 ns
[    0.358437] APIC: Switch to symmetric I/O mode setup
[    0.363111] ..TIMER: vector=0x30 apic1=0 pin1=2 apic2=-1 pin2=-1
[    0.405619] clocksource: tsc-early: mask: 0xffffffffffffffff max_cycles: 0x233fc0f9daa, max_idle_ns: 440795213832 ns
[    0.406265] Calibrating delay loop (skipped), value calculated using timer frequency.. 4890.80 BogoMIPS (lpj=24454020)
[    0.408170] x86/cpu: User Mode Instruction Prevention (UMIP) activated
[    0.423614] Last level iTLB entries: 4KB 0, 2MB 0, 4MB 0
[    0.426183] Last level dTLB entries: 4KB 0, 2MB 0, 4MB 0, 1GB 0
[    0.427232] Spectre V1 : Mitigation: usercopy/swapgs barriers and __user pointer sanitization
[    0.428311] Spectre V2 : Mitigation: Retpolines
[    0.428561] Spectre V2 : Spectre v2 / SpectreRSB: Filling RSB on context switch and VMEXIT
[    0.428972] Speculative Store Bypass: Vulnerable
[    0.430987] x86/fpu: Supporting XSAVE feature 0x001: 'x87 floating point registers'
[    0.438371] x86/fpu: Supporting XSAVE feature 0x002: 'SSE registers'
[    0.438656] x86/fpu: Supporting XSAVE feature 0x004: 'AVX registers'
[    0.438891] x86/fpu: Supporting XSAVE feature 0x008: 'MPX bounds registers'
[    0.446177] x86/fpu: Supporting XSAVE feature 0x010: 'MPX CSR'
[    0.446824] x86/fpu: xstate_offset[2]:  576, xstate_sizes[2]:  256
[    0.447298] x86/fpu: xstate_offset[3]:  960, xstate_sizes[3]:   64
[    0.447523] x86/fpu: xstate_offset[4]: 1024, xstate_sizes[4]:   64
[    0.456206] x86/fpu: Enabled xstate features 0x1f, context size is 1088 bytes, using 'standard' format.
[    0.688781] Freeing SMP alternatives memory: 40K
[    0.689558] pid_max: default: 32768 minimum: 301
[    0.698841] Mount-cache hash table entries: 512 (order: 0, 4096 bytes, linear)
[    0.699227] Mountpoint-cache hash table entries: 512 (order: 0, 4096 bytes, linear)
[    0.850751] smpboot: CPU0: AMD QEMU TCG CPU version 2.5+ (family: 0x6, model: 0x6, stepping: 0x3)
[    0.856765] Performance Events: PMU not available due to virtualization, using software events only.
[    0.858317] signal: max sigframe size: 1616
[    0.874545] rcu: Hierarchical SRCU implementation.
[    0.874789] rcu: 	Max phase no-delay instances is 1000.
[    0.885801] smp: Bringing up secondary CPUs ...
[    0.887876] smp: Brought up 1 node, 1 CPU
[    0.888163] smpboot: Total of 1 processors activated (4890.80 BogoMIPS)
[    0.894856] Memory: 103276K/130540K available (14336K kernel code, 1177K rwdata, 2552K rodata, 1492K init, 1304K bss, 25620K reserved, 0K cma-reserved)
[    0.909355] clocksource: jiffies: mask: 0xffffffff max_cycles: 0xffffffff, max_idle_ns: 19112604462750000 ns
[    0.910188] futex hash table entries: 256 (order: 2, 16384 bytes, linear)
[    0.911367] pinctrl core: initialized pinctrl subsystem
[    0.930991] NET: Registered PF_NETLINK/PF_ROUTE protocol family
[    0.937172] thermal_sys: Registered thermal governor 'step_wise'
[    0.937211] thermal_sys: Registered thermal governor 'user_space'
[    0.938170] cpuidle: using governor ladder
[    0.939757] acpiphp: ACPI Hot Plug PCI Controller Driver version: 0.5
[    0.944274] PCI: Using configuration type 1 for base access
[    0.953214] cryptd: max_cpu_qlen set to 1000
[    0.958587] ACPI: Added _OSI(Module Device)
[    0.958805] ACPI: Added _OSI(Processor Device)
[    0.958978] ACPI: Added _OSI(Processor Aggregator Device)
[    0.973216] ACPI: 1 ACPI AML tables successfully acquired and loaded
[    0.989822] ACPI: Interpreter enabled
[    0.990592] ACPI: PM: (supports S0 S5)
[    0.990801] ACPI: Using IOAPIC for interrupt routing
[    0.991388] PCI: Using host bridge windows from ACPI; if necessary, use "pci=nocrs" and report a bug
[    0.991752] PCI: Using E820 reservations for host bridge windows
[    0.998021] ACPI: Enabled 2 GPEs in block 00 to 0F
[    1.033845] ACPI: PCI Root Bridge [PCI0] (domain 0000 [bus 00-ff])
[    1.034742] acpi PNP0A03:00: _OSC: OS supports [ASPM ClockPM Segments MSI HPX-Type3]
[    1.035216] acpi PNP0A03:00: _OSC: not requesting OS control; OS requires [ExtendedConfig ASPM ClockPM MSI]
[    1.036064] acpi PNP0A03:00: fail to add MMCONFIG information, can't access extended configuration space under this bridge
[    1.049514] acpiphp: Slot [3] registered
[    1.049832] acpiphp: Slot [4] registered
[    1.050094] acpiphp: Slot [5] registered
[    1.050368] acpiphp: Slot [6] registered
[    1.055862] acpiphp: Slot [7] registered
[    1.056353] acpiphp: Slot [8] registered
[    1.058009] acpiphp: Slot [9] registered
[    1.058303] acpiphp: Slot [10] registered
[    1.058577] acpiphp: Slot [11] registered
[    1.058834] acpiphp: Slot [12] registered
[    1.066363] acpiphp: Slot [13] registered
[    1.066787] acpiphp: Slot [14] registered
[    1.067195] acpiphp: Slot [15] registered
[    1.067501] acpiphp: Slot [16] registered
[    1.067781] acpiphp: Slot [17] registered
[    1.068038] acpiphp: Slot [18] registered
[    1.068299] acpiphp: Slot [19] registered
[    1.076450] acpiphp: Slot [20] registered
[    1.076850] acpiphp: Slot [21] registered
[    1.077201] acpiphp: Slot [22] registered
[    1.077488] acpiphp: Slot [23] registered
[    1.077738] acpiphp: Slot [24] registered
[    1.077982] acpiphp: Slot [25] registered
[    1.086432] acpiphp: Slot [26] registered
[    1.086874] acpiphp: Slot [27] registered
[    1.087238] acpiphp: Slot [28] registered
[    1.087613] acpiphp: Slot [29] registered
[    1.087920] acpiphp: Slot [30] registered
[    1.088204] acpiphp: Slot [31] registered
[    1.096678] PCI host bridge to bus 0000:00
[    1.097335] pci_bus 0000:00: root bus resource [io  0x0000-0x0cf7 window]
[    1.097706] pci_bus 0000:00: root bus resource [io  0x0d00-0xffff window]
[    1.097946] pci_bus 0000:00: root bus resource [mem 0x000a0000-0x000bffff window]
[    1.106314] pci_bus 0000:00: root bus resource [mem 0x08000000-0xfebfffff window]
[    1.106752] pci_bus 0000:00: root bus resource [mem 0x100000000-0x17fffffff window]
[    1.107364] pci_bus 0000:00: root bus resource [bus 00-ff]
[    1.108772] pci 0000:00:00.0: [8086:1237] type 00 class 0x060000 conventional PCI endpoint
[    1.126382] pci 0000:00:01.0: [8086:7000] type 00 class 0x060100 conventional PCI endpoint
[    1.127284] pci 0000:00:01.1: [8086:7010] type 00 class 0x010180 conventional PCI endpoint
[    1.130028] pci 0000:00:01.1: BAR 4 [io  0xc0e0-0xc0ef]
[    1.134496] pci 0000:00:01.1: BAR 0 [io  0x01f0-0x01f7]: legacy IDE quirk
[    1.134788] pci 0000:00:01.1: BAR 1 [io  0x03f6]: legacy IDE quirk
[    1.135043] pci 0000:00:01.1: BAR 2 [io  0x0170-0x0177]: legacy IDE quirk
[    1.135325] pci 0000:00:01.1: BAR 3 [io  0x0376]: legacy IDE quirk
[    1.137070] pci 0000:00:01.3: [8086:7113] type 00 class 0x068000 conventional PCI endpoint
[    1.146493] pci 0000:00:01.3: quirk: [io  0x0600-0x063f] claimed by PIIX4 ACPI
[    1.146801] pci 0000:00:01.3: quirk: [io  0x0700-0x070f] claimed by PIIX4 SMB
[    1.147585] pci 0000:00:02.0: [1234:1111] type 00 class 0x030000 conventional PCI endpoint
[    1.156800] pci 0000:00:02.0: BAR 0 [mem 0xfd000000-0xfdffffff pref]
[    1.158287] pci 0000:00:02.0: BAR 2 [mem 0xfeb90000-0xfeb90fff]
[    1.160730] pci 0000:00:02.0: ROM [mem 0xfeb80000-0xfeb8ffff pref]
[    1.166585] pci 0000:00:02.0: Video device with shadowed ROM at [mem 0x000c0000-0x000dffff]
[    1.167824] pci 0000:00:03.0: [1af4:1000] type 00 class 0x020000 conventional PCI endpoint
[    1.169137] pci 0000:00:03.0: BAR 0 [io  0xc080-0xc09f]
[    1.171358] pci 0000:00:03.0: BAR 4 [mem 0xfe000000-0xfe003fff 64bit pref]
[    1.177364] pci 0000:00:03.0: ROM [mem 0xfea80000-0xfeafffff pref]
[    1.182215] pci 0000:00:04.0: [1af4:1005] type 00 class 0x00ff00 conventional PCI endpoint
[    1.184011] pci 0000:00:04.0: BAR 0 [io  0xc0a0-0xc0bf]
[    1.186845] pci 0000:00:04.0: BAR 1 [mem 0xfeb91000-0xfeb91fff]
[    1.190782] pci 0000:00:04.0: BAR 4 [mem 0xfe004000-0xfe007fff 64bit pref]
[    1.195133] pci 0000:00:05.0: [1af4:1000] type 00 class 0x020000 conventional PCI endpoint
[    1.196151] pci 0000:00:05.0: BAR 0 [io  0xc0c0-0xc0df]
[    1.197080] pci 0000:00:05.0: BAR 1 [mem 0xfeb92000-0xfeb92fff]
[    1.198814] pci 0000:00:05.0: BAR 4 [mem 0xfe008000-0xfe00bfff 64bit pref]
[    1.199605] pci 0000:00:05.0: ROM [mem 0xfeb00000-0xfeb7ffff pref]
[    1.206879] pci 0000:00:06.0: [1af4:1001] type 00 class 0x010000 conventional PCI endpoint
[    1.212122] pci 0000:00:06.0: BAR 0 [io  0xc000-0xc07f]
[    1.212795] pci 0000:00:06.0: BAR 1 [mem 0xfeb93000-0xfeb93fff]
[    1.214412] pci 0000:00:06.0: BAR 4 [mem 0xfe00c000-0xfe00ffff 64bit pref]
[    1.222984] ACPI: PCI: Interrupt link LNKA configured for IRQ 10
[    1.223860] ACPI: PCI: Interrupt link LNKB configured for IRQ 10
[    1.224505] ACPI: PCI: Interrupt link LNKC configured for IRQ 11
[    1.225152] ACPI: PCI: Interrupt link LNKD configured for IRQ 11
[    1.225573] ACPI: PCI: Interrupt link LNKS configured for IRQ 9
[    1.238117] iommu: Default domain type: Translated
[    1.238340] iommu: DMA domain TLB invalidation policy: lazy mode
[    1.241216] SCSI subsystem initialized
[    1.242763] ACPI: bus type USB registered
[    1.243321] usbcore: registered new interface driver usbfs
[    1.244890] usbcore: registered new interface driver hub
[    1.245379] usbcore: registered new device driver usb
[    1.245915] pps_core: LinuxPPS API ver. 1 registered
[    1.246186] pps_core: Software ver. 5.3.6 - Copyright 2005-2007 Rodolfo Giometti <giometti@linux.it>
[    1.255606] PTP clock support registered
[    1.266417] PCI: Using ACPI for IRQ routing
[    1.268648] hpet0: at MMIO 0xfed00000, IRQs 2, 8, 0
[    1.268929] hpet0: 3 comparators, 64-bit 100.000000 MHz counter
[    1.274654] clocksource: Switched to clocksource tsc-early
[    1.274654] pnp: PnP ACPI init
[    1.274654] pnp: PnP ACPI: found 6 devices
[    1.288500] clocksource: acpi_pm: mask: 0xffffff max_cycles: 0xffffff, max_idle_ns: 2085701024 ns
[    1.289844] NET: Registered PF_INET protocol family
[    1.291035] IP idents hash table entries: 2048 (order: 2, 16384 bytes, linear)
[    1.296919] tcp_listen_portaddr_hash hash table entries: 256 (order: 0, 4096 bytes, linear)
[    1.299352] Table-perturb hash table entries: 65536 (order: 6, 262144 bytes, linear)
[    1.299816] TCP established hash table entries: 1024 (order: 1, 8192 bytes, linear)
[    1.300295] TCP bind hash table entries: 1024 (order: 3, 32768 bytes, linear)
[    1.310304] TCP: Hash tables configured (established 1024 bind 1024)
[    1.312202] MPTCP token hash table entries: 256 (order: 1, 6144 bytes, linear)
[    1.312723] UDP hash table entries: 256 (order: 1, 8192 bytes, linear)
[    1.313181] UDP-Lite hash table entries: 256 (order: 1, 8192 bytes, linear)
[    1.322865] NET: Registered PF_UNIX/PF_LOCAL protocol family
[    1.324283] pci_bus 0000:00: resource 4 [io  0x0000-0x0cf7 window]
[    1.324543] pci_bus 0000:00: resource 5 [io  0x0d00-0xffff window]
[    1.324770] pci_bus 0000:00: resource 6 [mem 0x000a0000-0x000bffff window]
[    1.332268] pci_bus 0000:00: resource 7 [mem 0x08000000-0xfebfffff window]
[    1.332673] pci_bus 0000:00: resource 8 [mem 0x100000000-0x17fffffff window]
[    1.333406] pci 0000:00:01.0: PIIX3: Enabling Passive Release
[    1.343247] pci 0000:00:00.0: Limiting direct PCI/PCI transfers
[    1.343730] PCI: CLS 0 bytes, default 64
[    1.363249] workingset: timestamp_bits=46 max_order=15 bucket_order=0
[    1.365933] squashfs: version 4.0 (2009/01/31) Phillip Lougher
[    1.368833] Block layer SCSI generic (bsg) driver version 0.4 loaded (major 247)
[    1.372504] hv_vmbus: registering driver hyperv_fb
[    1.377093] input: Power Button as /devices/LNXSYSTM:00/LNXPWRBN:00/input/input0
[    1.385959] ACPI: button: Power Button [PWRF]
[    1.548144] ACPI: \_SB_.LNKC: Enabled at IRQ 11
[    1.700015] ACPI: \_SB_.LNKD: Enabled at IRQ 10
[    1.851098] ACPI: \_SB_.LNKA: Enabled at IRQ 10
[    2.004220] ACPI: \_SB_.LNKB: Enabled at IRQ 11
[    2.006230] Serial: 8250/16550 driver, 16 ports, IRQ sharing enabled
[    2.031444] 00:04: ttyS0 at I/O 0x3f8 (irq = 4, base_baud = 115200) is a 16550A
[    2.057223] Non-volatile memory driver v1.3
[    2.068135] Linux agpgart interface v0.103
[    2.069196] ACPI: bus type drm_connector registered
[    2.071918] [drm] Found bochs VGA, ID 0xb0c5.
[    2.072160] [drm] Framebuffer size 16384 kB @ 0xfd000000, mmio @ 0xfeb90000.
[    2.077871] [drm] Found EDID data blob.
[    2.083507] [drm] Initialized bochs-drm 1.0.0 for 0000:00:02.0 on minor 0
[    2.151064] Console: switching to colour frame buffer device 160x50
[    2.160087] bochs-drm 0000:00:02.0: [drm] fb0: bochs-drmdrmfb frame buffer device
[    2.179023] loop: module loaded
[    2.179685] virtio_blk virtio3: 1/0/0 default/read/poll queues
[    2.200586] virtio_blk virtio3: [vda] 246784 512-byte logical blocks (126 MB/121 MiB)
[    2.209492]  vda: vda1 vda2
[    2.211803] Guest personality initialized and is inactive
[    2.212444] VMCI host device registered (name=vmci, major=10, minor=256)
[    2.212736] Initialized host personality
[    2.213109] usbcore: registered new interface driver rtsx_usb
[    2.214130] VMware PVSCSI driver - version 1.0.7.0-k
[    2.222712] hv_vmbus: registering driver hv_storvsc
[    2.238512] scsi host0: ata_piix
[    2.240919] scsi host1: ata_piix
[    2.241818] ata1: PATA max MWDMA2 cmd 0x1f0 ctl 0x3f6 bmdma 0xc0e0 irq 14 lpm-pol 0
[    2.242176] ata2: PATA max MWDMA2 cmd 0x170 ctl 0x376 bmdma 0xc0e8 irq 15 lpm-pol 0
[    2.252284] VMware vmxnet3 virtual NIC driver - version 1.9.0.0-k-NAPI
[    2.252862] hv_vmbus: registering driver hv_netvsc
[    2.253265] Fusion MPT base driver 3.04.20
[    2.253432] Copyright (c) 1999-2008 LSI Corporation
[    2.253811] Fusion MPT SPI Host driver 3.04.20
[    2.263233] Fusion MPT SAS Host driver 3.04.20
[    2.265389] usbcore: registered new interface driver usb-storage
[    2.266619] i8042: PNP: PS/2 Controller [PNP0303:KBD,PNP0f13:MOU] at 0x60,0x64 irq 1,12
[    2.269806] serio: i8042 KBD port at 0x60,0x64 irq 1
[    2.270201] serio: i8042 AUX port at 0x60,0x64 irq 12
[    2.277131] hv_vmbus: registering driver hyperv_keyboard
[    2.279486] rtc_cmos 00:05: RTC can wake from S4
[    2.284386] rtc_cmos 00:05: registered as rtc0
[    2.287297] rtc_cmos 00:05: setting system clock to 2026-03-30T21:12:26 UTC (1774905146)
[    2.289722] rtc_cmos 00:05: alarms up to one day, y3k, 242 bytes nvram, hpet irqs
[    2.292334] intel_powerclamp: CPU does not support MWAIT
[    2.294555] amd_pstate: the _CPC object is not present in SBIOS or ACPI disabled
[    2.300478] sdhci: Secure Digital Host Controller Interface driver
[    2.302419] sdhci: Copyright(c) Pierre Ossman
[    2.304797] VUB300 Driver rom wait states = 1C irqpoll timeout = 0400
[    2.311429] input: AT Translated Set 2 keyboard as /devices/platform/i8042/serio0/input/input1
[    2.334368] usbcore: registered new interface driver vub300
[    2.336652] usbcore: registered new interface driver ushc
[    2.344140] hid: raw HID events driver (C) Jiri Kosina
[    2.346954] hv_vmbus: registering driver hid_hyperv
[    2.349650] usbcore: registered new interface driver usbhid
[    2.351651] usbhid: USB HID core driver
[    2.353732] hv_utils: Registering HyperV Utility Driver
[    2.355756] hv_vmbus: registering driver hv_utils
[    2.358094] hv_vmbus: registering driver hv_balloon
[    2.361501] NET: Registered PF_INET6 protocol family
[    2.376748] Segment Routing with IPv6
[    2.378985] In-situ OAM (IOAM) with IPv6
[    2.381377] NET: Registered PF_PACKET protocol family
[    2.383796] bridge: filtering via arp/ip/ip6tables is no longer available by default. Update your scripts to load br_netfilter if you need this.
[    2.393356] 8021q: 802.1Q VLAN Support v1.8
[    2.396050] NET: Registered PF_VSOCK protocol family
[    2.405335] IPI shorthand broadcast: enabled
[    2.411912] AES CTR mode by8 optimization enabled
[    2.433231] sched_clock: Marking stable (2170115181, 255071796)->(2436791700, -11604723)
[    2.459407] tsc: Refined TSC clocksource calibration: 2445.401 MHz
[    2.461784] clocksource: tsc: mask: 0xffffffffffffffff max_cycles: 0x233fc010e2f, max_idle_ns: 440795256756 ns
[    2.485328] ata2: found unknown device (class 0)
[    2.493740] ata2.00: ATAPI: QEMU DVD-ROM, 2.5+, max UDMA/100
[    2.524549] scsi 1:0:0:0: CD-ROM            QEMU     QEMU DVD-ROM     2.5+ PQ: 0 ANSI: 5
[    2.539053] clocksource: Switched to clocksource tsc
[    2.556151] clk: Disabling unused clocks
[    2.597158] sr 1:0:0:0: [sr0] scsi3-mmc drive: 4x/4x cd/rw xa/form2 tray
[    2.599647] cdrom: Uniform CD-ROM driver Revision: 3.20
[    2.657535] VFS: Mounted root (squashfs filesystem) readonly on device 254:2.
[    2.726355] Freeing unused kernel image (initmem) memory: 1492K
[    2.728776] Write protecting the kernel read-only data: 18432k
[    2.732959] Freeing unused kernel image (rodata/data gap) memory: 1544K
[    2.735614] Run /sbin/init as init process
[    3.029485] init: Console is alive
[    3.752879] kmodloader: loading kernel modules from /etc/modules-boot.d/*
[    3.818425] button_hotplug: loading out-of-tree module taints kernel.
[    3.825257] Button Hotplug driver version 0.4.1
[    3.845722] Intel(R) 2.5G Ethernet Linux Driver
[    3.848173] Copyright(c) 2018 Intel Corporation.
[    3.863333] igb: Intel(R) Gigabit Ethernet Network Driver
[    3.865857] igb: Copyright (c) 2007-2014 Intel Corporation.
[    3.882296] e1000e: Intel(R) PRO/1000 Network Driver
[    3.884707] e1000e: Copyright(c) 1999 - 2015 Intel Corporation.
[    3.897337] kmodloader: done loading kernel modules from /etc/modules-boot.d/*
[    3.913164] init: - preinit -
[    4.998652] 8021q: adding VLAN 0 to HW filter on device eth0
Press the [f] key and hit [enter] to enter failsafe mode
Press the [1], [2], [3] or [4] key and hit [enter] to select the debug level
[    9.667396] loop0: detected capacity change from 0 to 212992
[    9.725595] loop0: detected capacity change from 212992 to 196352
[    9.738585] mount_root: overlay filesystem in /dev/loop0 has not been formatted yet
[   10.080626] EXT4-fs (loop0): mounted filesystem a601d082-3674-4369-9a64-0586144700e0 r/w with ordered data mode. Quota mode: disabled.
[   10.094333] mount_root: overlay filesystem has not been fully initialized yet
[   10.112129] mount_root: switching to ext4 overlay
[   10.132426] overlayfs: null uuid detected in lower fs '/', falling back to xino=off,index=off,nfs_export=off.
[   10.862501] EXT4-fs (vda1): mounted filesystem 84173db5-fa99-e35a-95c6-28613cc79ea9 r/w without journal. Quota mode: disabled.
[   10.888044] urandom-seed: Seed file not found (/etc/urandom.seed)
[   11.041242] procd: - early -
[   11.793863] procd: - ubus -
[   11.976169] procd: - init -
Please press Enter to activate this console.
root
login[1047]: root login on 'ttyS0'


BusyBox v1.37.0 (2026-03-29 15:35:55 UTC) built-in shell (ash)

  _______                     ________        __
 |       |.-----.-----.-----.|  |  |  |.----.|  |_
 |   -   ||  _  |  -__|     ||  |  |  ||   _||   _|
 |_______||   __|_____|__|__||________||__|  |____|
          |__| W I R E L E S S   F R E E D O M
 -----------------------------------------------------
 OpenWrt 25.12-SNAPSHOT, r32824-8a18e84a88 Dave's Guitar
 -----------------------------------------------------

 === WARNING! =====================================
 There is no root password defined on this device!
 Use the "passwd" command to set up a new password
 in order to prevent unauthorized SSH logins.
 --------------------------------------------------

  ___   __ __                _______             __
 |   |_|__|  |--.----.-----.|   |   |-----.-----|  |--.
 |     |  |  _  |   _|  -__||       |  -__|__ --|     |
 |_____|__|_____|__| |_____||__|_|__|_____|_____|__|__|

 ------------------------------------------------------
 LiMe master development (master rev. 7929208 20260304_1752)
 ------------------------------------------------------
 https://libremesh.org
 ------------------------------------------------------

 === System Notes =================================================

 = edit via http://thisnode.info/app/#/notes or /etc/banner.notes =


 OpenWrt recently switched to the "apk" package manager!

 OPKG Command           APK Equivalent      Description
 ------------------------------------------------------------------
 opkg install <pkg>     apk add <pkg>       Install a package
 opkg remove <pkg>      apk del <pkg>       Remove a package
 opkg upgrade           apk upgrade         Upgrade all packages
 opkg files <pkg>       apk info -L <pkg>   List package contents
 opkg list-installed    apk info            List installed packages
 opkg update            apk update          Update package lists
 opkg search <pkg>      apk search <pkg>    Search for packages
 ------------------------------------------------------------------

For more information visit:
https://openwrt.org/docs/guide-user/additional-software/opkg-to-apk-cheatsheet

root@(none):~# dmesg -n 1
root@(none):~# echo 'ZEHE''YNKASK'
ZEHEYNKASK
root@(none):~# run() { echo -n "$MARKER"; sh -c "$@"; echo "$MARKER $?"; }
root@(none):~# echo 'BTXE''PMYVEK'
BTXEPMYVEK
root@(none):~# MARKER='WMGK''BPPWMV' run 'ubus wait_for network.interface.lan'
WMGKBPPWMV