Labgrid Console Logfile for main
Logfile started at 2026-04-29 03:56:07.722525
=== Log starts here ===
c[?7l[2J[0mSeaBIOS (version 1.16.3-debian-1.16.3-2)


iPXE (https://ipxe.org) 00:03.0 CA00 PCI2.10 PnP PMM+06FCAE70+06F0AE70 CA00
Press Ctrl-B to configure iPXE (PCI 00:03.0)...                                                                               




iPXE (https://ipxe.org) 00:05.0 CB00 PCI2.10 PnP PMM 06FCAE70 06F0AE70 CB00
Press Ctrl-B to configure iPXE (PCI 00:05.0)...                                                                               


Booting from Hard Disk...
GRUB loading.....
[0;30;47mWelcome to GRUB!

[01;01H[0m[2J[H[J[1;1H[?25l[m[H[J[1;1H[2;30HGNU GRUB  version 2.12

[m[4;2H+----------------------------------------------------------------------------+[5;2H|[5;79H|[6;2H|[6;79H|[7;2H|[7;79H|[8;2H|[8;79H|[9;2H|[9;79H|[10;2H|[10;79H|[11;2H|[11;79H|[12;2H|[12;79H|[13;2H|[13;79H|[14;2H|[14;79H|[15;2H|[15;79H|[16;2H+----------------------------------------------------------------------------+[m[17;2H[18;2H[m     Use the ^ and v keys to select which entry is highlighted.          
      Press enter to boot the selected OS, `e' to edit the commands       
      before booting or `c' for a command-line. ESC to return             
      previous menu.                                                      [5;80H [7m[5;3H*OpenWrt                                                                    [m[5;78H[m[m[6;3H OpenWrt (failsafe)                                                         [m[6;78H[m[m[7;3H                                                                            [m[7;78H[m[m[8;3H                                                                            [m[8;78H[m[m[9;3H                                                                            [m[9;78H[m[m[10;3H                                                                            [m[10;78H[m[m[11;3H                                                                            [m[11;78H[m[m[12;3H                                                                            [m[12;78H[m[m[13;3H                                                                            [m[13;78H[m[m[14;3H                                                                            [m[14;78H[m[m[15;3H                                                                            [m[15;78H[m[15;80H [5;78H[2J[02;30HGNU GRUB  version 2.12[04;02H┌────────────────────────────────────────────────────────────────────────────┐[05;02H│[05;79H│[06;02H│[06;79H│[07;02H│[07;79H│[08;02H│[08;79H│[09;02H│[09;79H│[10;02H│[10;79H│[11;02H│[11;79H│[12;02H│[12;79H│[13;02H│[13;79H│[14;02H│[14;79H│[15;02H│[15;79H│[16;02H│[16;79H│[17;02H└────────────────────────────────────────────────────────────────────────────┘[19;02H     Use the ↑ and ↓ keys to select which entry is highlighted.          
      Press enter to boot the selected OS, `e' to edit the commands       
      before booting or `c' for a command-line. ESC to return             
      previous menu.                                                      [05;80H [05;03H[0;30;47m*OpenWrt                                                                    [06;03H[0m OpenWrt (failsafe)                                                         [07;03H                                                                            [08;03H                                                                            [09;03H                                                                            [10;03H                                                                            [11;03H                                                                            [12;03H                                                                            [13;03H                                                                            [14;03H         [14;11H[14;12H                                                                   [15;03H                                                                            [16;03H                                                                            [16;80H 






   The highlighted entry will be executed automatically in 5s.                [22;1H   The highlighted entry will be executed automatically in 5s.                 [5;78H [05;78H

















   The highlighted entry will be executed automatically in 4s.                [22;1H   The highlighted entry will be executed automatically in 4s.                 [5;78H [05;78H

















   The highlighted entry will be executed automatically in 3s.                [22;1H   The highlighted entry will be executed automatically in 3s.                 [5;78H [05;78H

















   The highlighted entry will be executed automatically in 2s.                [22;1H   The highlighted entry will be executed automatically in 2s.                 [5;78H [05;78H

















   The highlighted entry will be executed automatically in 1s.                [22;1H   The highlighted entry will be executed automatically in 1s.                 [5;78H [05;78H

















   The highlighted entry will be executed automatically in 0s.                [22;1H   The highlighted entry will be executed automatically in 0s.                 [5;78H [01;01H[2J[?25h[H[J[1;1H[H[J[1;1H[2J   Booting `OpenWrt' Booting `OpenWrt

'

[    0.000000] Linux version 6.12.79 (builder@buildhost) (x86_64-openwrt-linux-musl-gcc (OpenWrt GCC 14.3.0 r32883-956a6e2c23) 14.3.0, GNU ld (GNU Binutils) 2.44) #0 SMP Tue Apr 28 08:07:37 2026
[    0.000000] Command line: BOOT_IMAGE=/boot/vmlinuz root=PARTUUID=c7cabd5b-02 rootwait console=tty1 console=ttyS0,115200n8 noinitrd
[    0.000000] BIOS-provided physical RAM map:
[    0.000000] BIOS-e820: [mem 0x0000000000000000-0x000000000009fbff] usable
[    0.000000] BIOS-e820: [mem 0x000000000009fc00-0x000000000009ffff] reserved
[    0.000000] BIOS-e820: [mem 0x00000000000f0000-0x00000000000fffff] reserved
[    0.000000] BIOS-e820: [mem 0x0000000000100000-0x0000000007fdcfff] usable
[    0.000000] BIOS-e820: [mem 0x0000000007fdd000-0x0000000007ffffff] reserved
[    0.000000] BIOS-e820: [mem 0x00000000fffc0000-0x00000000ffffffff] reserved
[    0.000000] BIOS-e820: [mem 0x000000fd00000000-0x000000ffffffffff] reserved
[    0.000000] NX (Execute Disable) protection: active
[    0.000000] APIC: Static calls initialized
[    0.000000] SMBIOS 3.0.0 present.
[    0.000000] DMI: QEMU Standard PC (i440FX + PIIX, 1996), BIOS 1.16.3-debian-1.16.3-2 04/01/2014
[    0.000000] DMI: Memory slots populated: 1/1
[    0.000000] tsc: Fast TSC calibration using PIT
[    0.000000] tsc: Detected 2445.426 MHz processor
[    0.007422] last_pfn = 0x7fdd max_arch_pfn = 0x400000000
[    0.008025] MTRR map: 4 entries (3 fixed + 1 variable; max 19), built from 8 variable MTRRs
[    0.008216] x86/PAT: Configuration [0-7]: WB  WC  UC- UC  WB  WP  UC- WT  
[    0.026538] found SMP MP-table at [mem 0x000f5460-0x000f546f]
[    0.027915] Using GB pages for direct mapping
[    0.032608] ACPI: Early table checksum verification disabled
[    0.032948] ACPI: RSDP 0x00000000000F5290 000014 (v00 BOCHS )
[    0.033272] ACPI: RSDT 0x0000000007FE1C64 000034 (v01 BOCHS  BXPC     00000001 BXPC 00000001)
[    0.033792] ACPI: FACP 0x0000000007FE1B18 000074 (v01 BOCHS  BXPC     00000001 BXPC 00000001)
[    0.034389] ACPI: DSDT 0x0000000007FE0040 001AD8 (v01 BOCHS  BXPC     00000001 BXPC 00000001)
[    0.034461] ACPI: FACS 0x0000000007FE0000 000040
[    0.034511] ACPI: APIC 0x0000000007FE1B8C 000078 (v03 BOCHS  BXPC     00000001 BXPC 00000001)
[    0.034532] ACPI: HPET 0x0000000007FE1C04 000038 (v01 BOCHS  BXPC     00000001 BXPC 00000001)
[    0.034555] ACPI: WAET 0x0000000007FE1C3C 000028 (v01 BOCHS  BXPC     00000001 BXPC 00000001)
[    0.034628] ACPI: Reserving FACP table memory at [mem 0x7fe1b18-0x7fe1b8b]
[    0.034679] ACPI: Reserving DSDT table memory at [mem 0x7fe0040-0x7fe1b17]
[    0.034686] ACPI: Reserving FACS table memory at [mem 0x7fe0000-0x7fe003f]
[    0.034691] ACPI: Reserving APIC table memory at [mem 0x7fe1b8c-0x7fe1c03]
[    0.034697] ACPI: Reserving HPET table memory at [mem 0x7fe1c04-0x7fe1c3b]
[    0.034702] ACPI: Reserving WAET table memory at [mem 0x7fe1c3c-0x7fe1c63]
[    0.037743] Zone ranges:
[    0.037771]   DMA      [mem 0x0000000000001000-0x0000000000ffffff]
[    0.037848]   DMA32    [mem 0x0000000001000000-0x0000000007fdcfff]
[    0.037857]   Normal   empty
[    0.037875] Movable zone start for each node
[    0.037908] Early memory node ranges
[    0.037935]   node   0: [mem 0x0000000000001000-0x000000000009efff]
[    0.037988]   node   0: [mem 0x0000000000100000-0x0000000007fdcfff]
[    0.038113] Initmem setup node 0 [mem 0x0000000000001000-0x0000000007fdcfff]
[    0.039275] On node 0, zone DMA: 1 pages in unavailable ranges
[    0.039751] On node 0, zone DMA: 97 pages in unavailable ranges
[    0.041841] On node 0, zone DMA32: 35 pages in unavailable ranges
[    0.042198] ACPI: PM-Timer IO Port: 0x608
[    0.042588] ACPI: LAPIC_NMI (acpi_id[0xff] dfl dfl lint[0x1])
[    0.043000] IOAPIC[0]: apic_id 0, version 32, address 0xfec00000, GSI 0-23
[    0.043114] ACPI: INT_SRC_OVR (bus 0 bus_irq 0 global_irq 2 dfl dfl)
[    0.043380] ACPI: INT_SRC_OVR (bus 0 bus_irq 5 global_irq 5 high level)
[    0.043430] ACPI: INT_SRC_OVR (bus 0 bus_irq 9 global_irq 9 high level)
[    0.043524] ACPI: INT_SRC_OVR (bus 0 bus_irq 10 global_irq 10 high level)
[    0.043533] ACPI: INT_SRC_OVR (bus 0 bus_irq 11 global_irq 11 high level)
[    0.043712] ACPI: Using ACPI (MADT) for SMP configuration information
[    0.043755] ACPI: HPET id: 0x8086a201 base: 0xfed00000
[    0.044152] CPU topo: Max. logical packages:   1
[    0.044169] CPU topo: Max. logical dies:       1
[    0.044179] CPU topo: Max. dies per package:   1
[    0.044224] CPU topo: Max. threads per core:   1
[    0.044383] CPU topo: Num. cores per package:     1
[    0.044399] CPU topo: Num. threads per package:   1
[    0.044407] CPU topo: Allowing 1 present CPUs plus 0 hotplug CPUs
[    0.045585] [mem 0x08000000-0xfffbffff] available for PCI devices
[    0.045652] Booting paravirtualized kernel on bare hardware
[    0.045948] clocksource: refined-jiffies: mask: 0xffffffff max_cycles: 0xffffffff, max_idle_ns: 19112604462750000 ns
[    0.046617] setup_percpu: NR_CPUS:512 nr_cpumask_bits:1 nr_cpu_ids:1 nr_node_ids:1
[    0.048638] percpu: Embedded 48 pages/cpu s158104 r8192 d30312 u2097152
[    0.050955] Kernel command line: BOOT_IMAGE=/boot/vmlinuz root=PARTUUID=c7cabd5b-02 rootwait console=tty1 console=ttyS0,115200n8 noinitrd
[    0.052600] random: crng init done
[    0.057274] Dentry cache hash table entries: 16384 (order: 5, 131072 bytes, linear)
[    0.058225] Inode-cache hash table entries: 8192 (order: 4, 65536 bytes, linear)
[    0.060848] Built 1 zonelists, mobility grouping on.  Total pages: 32635
[    0.061072] mem auto-init: stack:off, heap alloc:off, heap free:off
[    0.070910] SLUB: HWalign=64, Order=0-3, MinObjects=0, CPUs=1, Nodes=1
[    0.078797] rcu: Hierarchical RCU implementation.
[    0.078825] rcu: 	RCU restricting CPUs from NR_CPUS=512 to nr_cpu_ids=1.
[    0.078973] 	Tracing variant of Tasks RCU enabled.
[    0.079065] rcu: RCU calculated value of scheduler-enlistment delay is 10 jiffies.
[    0.079096] rcu: Adjusting geometry for rcu_fanout_leaf=16, nr_cpu_ids=1
[    0.080373] RCU Tasks Trace: Setting shift to 0 and lim to 1 rcu_task_cb_adjust=1 rcu_task_cpu_ids=1.
[    0.080504] NR_IRQS: 33024, nr_irqs: 256, preallocated irqs: 16
[    0.089277] rcu: srcu_init: Setting srcu_struct sizes based on contention.
[    0.096203] Console: colour VGA+ 80x25
[    0.096630] printk: legacy console [tty1] enabled
[    0.104470] printk: legacy console [ttyS0] enabled
[    0.357318] ACPI: Core revision 20240827
[    0.362565] clocksource: hpet: mask: 0xffffffff max_cycles: 0xffffffff, max_idle_ns: 19112604467 ns
[    0.367351] APIC: Switch to symmetric I/O mode setup
[    0.371984] ..TIMER: vector=0x30 apic1=0 pin1=2 apic2=-1 pin2=-1
[    0.414362] clocksource: tsc-early: mask: 0xffffffffffffffff max_cycles: 0x233fd7ba1b0, max_idle_ns: 440795295779 ns
[    0.414994] Calibrating delay loop (skipped), value calculated using timer frequency.. 4890.85 BogoMIPS (lpj=24454260)
[    0.416882] x86/cpu: User Mode Instruction Prevention (UMIP) activated
[    0.432403] Last level iTLB entries: 4KB 0, 2MB 0, 4MB 0
[    0.435121] Last level dTLB entries: 4KB 0, 2MB 0, 4MB 0, 1GB 0
[    0.436177] Spectre V1 : Mitigation: usercopy/swapgs barriers and __user pointer sanitization
[    0.437239] Spectre V2 : Mitigation: Retpolines
[    0.437467] Spectre V2 : Spectre v2 / SpectreRSB: Filling RSB on context switch and VMEXIT
[    0.437872] Speculative Store Bypass: Vulnerable
[    0.446925] x86/fpu: Supporting XSAVE feature 0x001: 'x87 floating point registers'
[    0.451672] x86/fpu: Supporting XSAVE feature 0x002: 'SSE registers'
[    0.451935] x86/fpu: Supporting XSAVE feature 0x004: 'AVX registers'
[    0.452166] x86/fpu: Supporting XSAVE feature 0x008: 'MPX bounds registers'
[    0.455889] x86/fpu: Supporting XSAVE feature 0x010: 'MPX CSR'
[    0.456296] x86/fpu: xstate_offset[2]:  576, xstate_sizes[2]:  256
[    0.456670] x86/fpu: xstate_offset[3]:  960, xstate_sizes[3]:   64
[    0.456895] x86/fpu: xstate_offset[4]: 1024, xstate_sizes[4]:   64
[    0.464926] x86/fpu: Enabled xstate features 0x1f, context size is 1088 bytes, using 'standard' format.
[    0.695289] Freeing SMP alternatives memory: 40K
[    0.696111] pid_max: default: 32768 minimum: 301
[    0.705472] Mount-cache hash table entries: 512 (order: 0, 4096 bytes, linear)
[    0.705849] Mountpoint-cache hash table entries: 512 (order: 0, 4096 bytes, linear)
[    0.857790] smpboot: CPU0: AMD QEMU TCG CPU version 2.5+ (family: 0x6, model: 0x6, stepping: 0x3)
[    0.890618] Performance Events: PMU not available due to virtualization, using software events only.
[    0.892055] signal: max sigframe size: 1616
[    0.893704] rcu: Hierarchical SRCU implementation.
[    0.893928] rcu: 	Max phase no-delay instances is 1000.
[    0.899659] smp: Bringing up secondary CPUs ...
[    0.903576] smp: Brought up 1 node, 1 CPU
[    0.903859] smpboot: Total of 1 processors activated (4890.85 BogoMIPS)
[    0.910715] Memory: 103208K/130540K available (14336K kernel code, 1177K rwdata, 2556K rodata, 1492K init, 1304K bss, 25620K reserved, 0K cma-reserved)
[    0.924682] clocksource: jiffies: mask: 0xffffffff max_cycles: 0xffffffff, max_idle_ns: 19112604462750000 ns
[    0.925796] futex hash table entries: 256 (order: 2, 16384 bytes, linear)
[    0.927103] pinctrl core: initialized pinctrl subsystem
[    0.947573] NET: Registered PF_NETLINK/PF_ROUTE protocol family
[    0.953921] thermal_sys: Registered thermal governor 'step_wise'
[    0.953959] thermal_sys: Registered thermal governor 'user_space'
[    0.955023] cpuidle: using governor ladder
[    0.956851] acpiphp: ACPI Hot Plug PCI Controller Driver version: 0.5
[    0.960920] PCI: Using configuration type 1 for base access
[    0.970208] cryptd: max_cpu_qlen set to 1000
[    0.976192] ACPI: Added _OSI(Module Device)
[    0.976414] ACPI: Added _OSI(Processor Device)
[    0.976587] ACPI: Added _OSI(Processor Aggregator Device)
[    0.990887] ACPI: 1 ACPI AML tables successfully acquired and loaded
[    1.008144] ACPI: Interpreter enabled
[    1.008945] ACPI: PM: (supports S0 S5)
[    1.009155] ACPI: Using IOAPIC for interrupt routing
[    1.009741] PCI: Using host bridge windows from ACPI; if necessary, use "pci=nocrs" and report a bug
[    1.010103] PCI: Using E820 reservations for host bridge windows
[    1.016808] ACPI: Enabled 2 GPEs in block 00 to 0F
[    1.053230] ACPI: PCI Root Bridge [PCI0] (domain 0000 [bus 00-ff])
[    1.054133] acpi PNP0A03:00: _OSC: OS supports [ASPM ClockPM Segments MSI HPX-Type3]
[    1.054601] acpi PNP0A03:00: _OSC: not requesting OS control; OS requires [ExtendedConfig ASPM ClockPM MSI]
[    1.055608] acpi PNP0A03:00: fail to add MMCONFIG information, can't access extended configuration space under this bridge
[    1.068931] acpiphp: Slot [3] registered
[    1.069251] acpiphp: Slot [4] registered
[    1.069534] acpiphp: Slot [5] registered
[    1.069783] acpiphp: Slot [6] registered
[    1.075065] acpiphp: Slot [7] registered
[    1.075533] acpiphp: Slot [8] registered
[    1.077112] acpiphp: Slot [9] registered
[    1.077385] acpiphp: Slot [10] registered
[    1.077643] acpiphp: Slot [11] registered
[    1.077888] acpiphp: Slot [12] registered
[    1.085141] acpiphp: Slot [13] registered
[    1.085573] acpiphp: Slot [14] registered
[    1.085950] acpiphp: Slot [15] registered
[    1.086200] acpiphp: Slot [16] registered
[    1.086450] acpiphp: Slot [17] registered
[    1.086782] acpiphp: Slot [18] registered
[    1.095173] acpiphp: Slot [19] registered
[    1.095613] acpiphp: Slot [20] registered
[    1.095958] acpiphp: Slot [21] registered
[    1.096212] acpiphp: Slot [22] registered
[    1.096489] acpiphp: Slot [23] registered
[    1.096739] acpiphp: Slot [24] registered
[    1.105140] acpiphp: Slot [25] registered
[    1.105590] acpiphp: Slot [26] registered
[    1.105974] acpiphp: Slot [27] registered
[    1.106224] acpiphp: Slot [28] registered
[    1.106511] acpiphp: Slot [29] registered
[    1.106765] acpiphp: Slot [30] registered
[    1.115189] acpiphp: Slot [31] registered
[    1.115845] PCI host bridge to bus 0000:00
[    1.116406] pci_bus 0000:00: root bus resource [io  0x0000-0x0cf7 window]
[    1.116778] pci_bus 0000:00: root bus resource [io  0x0d00-0xffff window]
[    1.117013] pci_bus 0000:00: root bus resource [mem 0x000a0000-0x000bffff window]
[    1.125105] pci_bus 0000:00: root bus resource [mem 0x08000000-0xfebfffff window]
[    1.125538] pci_bus 0000:00: root bus resource [mem 0x100000000-0x17fffffff window]
[    1.126026] pci_bus 0000:00: root bus resource [bus 00-ff]
[    1.136441] pci 0000:00:00.0: [8086:1237] type 00 class 0x060000 conventional PCI endpoint
[    1.146887] pci 0000:00:01.0: [8086:7000] type 00 class 0x060100 conventional PCI endpoint
[    1.147813] pci 0000:00:01.1: [8086:7010] type 00 class 0x010180 conventional PCI endpoint
[    1.154714] pci 0000:00:01.1: BAR 4 [io  0xc0e0-0xc0ef]
[    1.155976] pci 0000:00:01.1: BAR 0 [io  0x01f0-0x01f7]: legacy IDE quirk
[    1.156270] pci 0000:00:01.1: BAR 1 [io  0x03f6]: legacy IDE quirk
[    1.156546] pci 0000:00:01.1: BAR 2 [io  0x0170-0x0177]: legacy IDE quirk
[    1.163016] pci 0000:00:01.1: BAR 3 [io  0x0376]: legacy IDE quirk
[    1.164223] pci 0000:00:01.3: [8086:7113] type 00 class 0x068000 conventional PCI endpoint
[    1.165081] pci 0000:00:01.3: quirk: [io  0x0600-0x063f] claimed by PIIX4 ACPI
[    1.165424] pci 0000:00:01.3: quirk: [io  0x0700-0x070f] claimed by PIIX4 SMB
[    1.174935] pci 0000:00:02.0: [1234:1111] type 00 class 0x030000 conventional PCI endpoint
[    1.175714] pci 0000:00:02.0: BAR 0 [mem 0xfd000000-0xfdffffff pref]
[    1.177174] pci 0000:00:02.0: BAR 2 [mem 0xfeb90000-0xfeb90fff]
[    1.186755] pci 0000:00:02.0: ROM [mem 0xfeb80000-0xfeb8ffff pref]
[    1.187241] pci 0000:00:02.0: Video device with shadowed ROM at [mem 0x000c0000-0x000dffff]
[    1.188249] pci 0000:00:03.0: [1af4:1000] type 00 class 0x020000 conventional PCI endpoint
[    1.195722] pci 0000:00:03.0: BAR 0 [io  0xc080-0xc09f]
[    1.198386] pci 0000:00:03.0: BAR 4 [mem 0xfe000000-0xfe003fff 64bit pref]
[    1.199582] pci 0000:00:03.0: ROM [mem 0xfea80000-0xfeafffff pref]
[    1.205344] pci 0000:00:04.0: [1af4:1005] type 00 class 0x00ff00 conventional PCI endpoint
[    1.207222] pci 0000:00:04.0: BAR 0 [io  0xc0a0-0xc0bf]
[    1.208030] pci 0000:00:04.0: BAR 1 [mem 0xfeb91000-0xfeb91fff]
[    1.210946] pci 0000:00:04.0: BAR 4 [mem 0xfe004000-0xfe007fff 64bit pref]
[    1.216114] pci 0000:00:05.0: [1af4:1000] type 00 class 0x020000 conventional PCI endpoint
[    1.218425] pci 0000:00:05.0: BAR 0 [io  0xc0c0-0xc0df]
[    1.219168] pci 0000:00:05.0: BAR 1 [mem 0xfeb92000-0xfeb92fff]
[    1.221101] pci 0000:00:05.0: BAR 4 [mem 0xfe008000-0xfe00bfff 64bit pref]
[    1.222045] pci 0000:00:05.0: ROM [mem 0xfeb00000-0xfeb7ffff pref]
[    1.228749] pci 0000:00:06.0: [1af4:1001] type 00 class 0x010000 conventional PCI endpoint
[    1.229588] pci 0000:00:06.0: BAR 0 [io  0xc000-0xc07f]
[    1.230320] pci 0000:00:06.0: BAR 1 [mem 0xfeb93000-0xfeb93fff]
[    1.236980] pci 0000:00:06.0: BAR 4 [mem 0xfe00c000-0xfe00ffff 64bit pref]
[    1.249783] ACPI: PCI: Interrupt link LNKA configured for IRQ 10
[    1.250669] ACPI: PCI: Interrupt link LNKB configured for IRQ 10
[    1.251302] ACPI: PCI: Interrupt link LNKC configured for IRQ 11
[    1.252236] ACPI: PCI: Interrupt link LNKD configured for IRQ 11
[    1.252706] ACPI: PCI: Interrupt link LNKS configured for IRQ 9
[    1.256452] iommu: Default domain type: Translated
[    1.256677] iommu: DMA domain TLB invalidation policy: lazy mode
[    1.259345] SCSI subsystem initialized
[    1.264340] ACPI: bus type USB registered
[    1.264977] usbcore: registered new interface driver usbfs
[    1.265467] usbcore: registered new interface driver hub
[    1.265855] usbcore: registered new device driver usb
[    1.266426] pps_core: LinuxPPS API ver. 1 registered
[    1.273753] pps_core: Software ver. 5.3.6 - Copyright 2005-2007 Rodolfo Giometti <giometti@linux.it>
[    1.274387] PTP clock support registered
[    1.285685] PCI: Using ACPI for IRQ routing
[    1.287931] hpet0: at MMIO 0xfed00000, IRQs 2, 8, 0
[    1.288208] hpet0: 3 comparators, 64-bit 100.000000 MHz counter
[    1.293854] clocksource: Switched to clocksource tsc-early
[    1.293854] pnp: PnP ACPI init
[    1.293854] pnp: PnP ACPI: found 6 devices
[    1.306971] clocksource: acpi_pm: mask: 0xffffff max_cycles: 0xffffff, max_idle_ns: 2085701024 ns
[    1.308327] NET: Registered PF_INET protocol family
[    1.309533] IP idents hash table entries: 2048 (order: 2, 16384 bytes, linear)
[    1.315620] tcp_listen_portaddr_hash hash table entries: 256 (order: 0, 4096 bytes, linear)
[    1.317817] Table-perturb hash table entries: 65536 (order: 6, 262144 bytes, linear)
[    1.318190] TCP established hash table entries: 1024 (order: 1, 8192 bytes, linear)
[    1.318619] TCP bind hash table entries: 1024 (order: 3, 32768 bytes, linear)
[    1.328549] TCP: Hash tables configured (established 1024 bind 1024)
[    1.330399] MPTCP token hash table entries: 256 (order: 1, 6144 bytes, linear)
[    1.330991] UDP hash table entries: 256 (order: 1, 8192 bytes, linear)
[    1.331443] UDP-Lite hash table entries: 256 (order: 1, 8192 bytes, linear)
[    1.340741] NET: Registered PF_UNIX/PF_LOCAL protocol family
[    1.341944] pci_bus 0000:00: resource 4 [io  0x0000-0x0cf7 window]
[    1.342187] pci_bus 0000:00: resource 5 [io  0x0d00-0xffff window]
[    1.342409] pci_bus 0000:00: resource 6 [mem 0x000a0000-0x000bffff window]
[    1.350385] pci_bus 0000:00: resource 7 [mem 0x08000000-0xfebfffff window]
[    1.350792] pci_bus 0000:00: resource 8 [mem 0x100000000-0x17fffffff window]
[    1.351496] pci 0000:00:01.0: PIIX3: Enabling Passive Release
[    1.361634] pci 0000:00:00.0: Limiting direct PCI/PCI transfers
[    1.362024] PCI: CLS 0 bytes, default 64
[    1.381674] workingset: timestamp_bits=46 max_order=15 bucket_order=0
[    1.384196] squashfs: version 4.0 (2009/01/31) Phillip Lougher
[    1.387165] Block layer SCSI generic (bsg) driver version 0.4 loaded (major 247)
[    1.391219] hv_vmbus: registering driver hyperv_fb
[    1.395478] input: Power Button as /devices/LNXSYSTM:00/LNXPWRBN:00/input/input0
[    1.404280] ACPI: button: Power Button [PWRF]
[    1.569609] ACPI: \_SB_.LNKC: Enabled at IRQ 11
[    1.726669] ACPI: \_SB_.LNKD: Enabled at IRQ 10
[    1.882200] ACPI: \_SB_.LNKA: Enabled at IRQ 10
[    2.037518] ACPI: \_SB_.LNKB: Enabled at IRQ 11
[    2.039490] Serial: 8250/16550 driver, 16 ports, IRQ sharing enabled
[    2.064859] 00:04: ttyS0 at I/O 0x3f8 (irq = 4, base_baud = 115200) is a 16550A
[    2.092487] Non-volatile memory driver v1.3
[    2.103595] Linux agpgart interface v0.103
[    2.104640] ACPI: bus type drm_connector registered
[    2.107743] [drm] Found bochs VGA, ID 0xb0c5.
[    2.107955] [drm] Framebuffer size 16384 kB @ 0xfd000000, mmio @ 0xfeb90000.
[    2.113834] [drm] Found EDID data blob.
[    2.119498] [drm] Initialized bochs-drm 1.0.0 for 0000:00:02.0 on minor 0
[    2.192987] Console: switching to colour frame buffer device 160x50
[    2.202122] bochs-drm 0000:00:02.0: [drm] fb0: bochs-drmdrmfb frame buffer device
[    2.221556] loop: module loaded
[    2.222249] virtio_blk virtio3: 1/0/0 default/read/poll queues
[    2.246043] virtio_blk virtio3: [vda] 246784 512-byte logical blocks (126 MB/121 MiB)
[    2.255197]  vda: vda1 vda2
[    2.257487] Guest personality initialized and is inactive
[    2.258124] VMCI host device registered (name=vmci, major=10, minor=256)
[    2.258390] Initialized host personality
[    2.258786] usbcore: registered new interface driver rtsx_usb
[    2.259822] VMware PVSCSI driver - version 1.0.7.0-k
[    2.268431] hv_vmbus: registering driver hv_storvsc
[    2.285201] scsi host0: ata_piix
[    2.287834] scsi host1: ata_piix
[    2.288687] ata1: PATA max MWDMA2 cmd 0x1f0 ctl 0x3f6 bmdma 0xc0e0 irq 14 lpm-pol 0
[    2.289022] ata2: PATA max MWDMA2 cmd 0x170 ctl 0x376 bmdma 0xc0e8 irq 15 lpm-pol 0
[    2.299528] VMware vmxnet3 virtual NIC driver - version 1.9.0.0-k-NAPI
[    2.300138] hv_vmbus: registering driver hv_netvsc
[    2.300513] Fusion MPT base driver 3.04.20
[    2.300677] Copyright (c) 1999-2008 LSI Corporation
[    2.301098] Fusion MPT SPI Host driver 3.04.20
[    2.310671] Fusion MPT SAS Host driver 3.04.20
[    2.312906] usbcore: registered new interface driver usb-storage
[    2.314155] i8042: PNP: PS/2 Controller [PNP0303:KBD,PNP0f13:MOU] at 0x60,0x64 irq 1,12
[    2.317578] serio: i8042 KBD port at 0x60,0x64 irq 1
[    2.317975] serio: i8042 AUX port at 0x60,0x64 irq 12
[    2.324227] hv_vmbus: registering driver hyperv_keyboard
[    2.326831] rtc_cmos 00:05: RTC can wake from S4
[    2.331949] rtc_cmos 00:05: registered as rtc0
[    2.334607] rtc_cmos 00:05: setting system clock to 2026-04-29T03:56:18 UTC (1777434978)
[    2.337340] rtc_cmos 00:05: alarms up to one day, y3k, 242 bytes nvram, hpet irqs
[    2.339975] intel_powerclamp: CPU does not support MWAIT
[    2.345313] amd_pstate: the _CPC object is not present in SBIOS or ACPI disabled
[    2.347845] sdhci: Secure Digital Host Controller Interface driver
[    2.349801] sdhci: Copyright(c) Pierre Ossman
[    2.352149] VUB300 Driver rom wait states = 1C irqpoll timeout = 0400
[    2.358847] input: AT Translated Set 2 keyboard as /devices/platform/i8042/serio0/input/input1
[    2.382854] usbcore: registered new interface driver vub300
[    2.385293] usbcore: registered new interface driver ushc
[    2.392999] hid: raw HID events driver (C) Jiri Kosina
[    2.395917] hv_vmbus: registering driver hid_hyperv
[    2.398619] usbcore: registered new interface driver usbhid
[    2.400626] usbhid: USB HID core driver
[    2.402739] hv_utils: Registering HyperV Utility Driver
[    2.404738] hv_vmbus: registering driver hv_utils
[    2.407162] hv_vmbus: registering driver hv_balloon
[    2.410565] NET: Registered PF_INET6 protocol family
[    2.426149] Segment Routing with IPv6
[    2.428282] In-situ OAM (IOAM) with IPv6
[    2.430674] NET: Registered PF_PACKET protocol family
[    2.433117] bridge: filtering via arp/ip/ip6tables is no longer available by default. Update your scripts to load br_netfilter if you need this.
[    2.442205] tsc: Refined TSC clocksource calibration: 2445.418 MHz
[    2.444605] clocksource: tsc: mask: 0xffffffffffffffff max_cycles: 0x233fd024acf, max_idle_ns: 440795220336 ns
[    2.447298] clocksource: Switched to clocksource tsc
[    2.454021] 8021q: 802.1Q VLAN Support v1.8
[    2.456859] NET: Registered PF_VSOCK protocol family
[    2.466187] IPI shorthand broadcast: enabled
[    2.472637] AES CTR mode by8 optimization enabled
[    2.494792] sched_clock: Marking stable (2220091753, 265017107)->(2495519575, -10410715)
[    2.525982] ata2: found unknown device (class 0)
[    2.557573] ata2.00: ATAPI: QEMU DVD-ROM, 2.5+, max UDMA/100
[    2.602061] scsi 1:0:0:0: CD-ROM            QEMU     QEMU DVD-ROM     2.5+ PQ: 0 ANSI: 5
[    2.614251] clk: Disabling unused clocks
[    2.657133] sr 1:0:0:0: [sr0] scsi3-mmc drive: 4x/4x cd/rw xa/form2 tray
[    2.659756] cdrom: Uniform CD-ROM driver Revision: 3.20
[    2.708546] VFS: Mounted root (squashfs filesystem) readonly on device 254:2.
[    2.778213] Freeing unused kernel image (initmem) memory: 1492K
[    2.780798] Write protecting the kernel read-only data: 18432k
[    2.785329] Freeing unused kernel image (rodata/data gap) memory: 1540K
[    2.787970] Run /sbin/init as init process
[    3.082429] init: Console is alive
[    3.705933] kmodloader: loading kernel modules from /etc/modules-boot.d/*
[    3.774387] button_hotplug: loading out-of-tree module taints kernel.
[    3.781332] Button Hotplug driver version 0.4.1
[    3.802270] Intel(R) 2.5G Ethernet Linux Driver
[    3.804763] Copyright(c) 2018 Intel Corporation.
[    3.820682] igb: Intel(R) Gigabit Ethernet Network Driver
[    3.823134] igb: Copyright (c) 2007-2014 Intel Corporation.
[    3.839988] e1000e: Intel(R) PRO/1000 Network Driver
[    3.842459] e1000e: Copyright(c) 1999 - 2015 Intel Corporation.
[    3.854735] kmodloader: done loading kernel modules from /etc/modules-boot.d/*
[    3.870705] init: - preinit -
[    4.892558] 8021q: adding VLAN 0 to HW filter on device eth0
Press the [f] key and hit [enter] to enter failsafe mode
Press the [1], [2], [3] or [4] key and hit [enter] to select the debug level

[    9.529927] loop0: detected capacity change from 0 to 212992
[    9.575519] loop0: detected capacity change from 212992 to 199808
[    9.589052] mount_root: overlay filesystem in /dev/loop0 has not been formatted yet
[    9.916048] EXT4-fs (loop0): mounted filesystem e68982f8-9412-4fe6-a05a-459fbc8d8898 r/w with ordered data mode. Quota mode: disabled.
[    9.931000] mount_root: overlay filesystem has not been fully initialized yet
[    9.949688] mount_root: switching to ext4 overlay
[    9.971331] overlayfs: null uuid detected in lower fs '/', falling back to xino=off,index=off,nfs_export=off.
[   10.710365] EXT4-fs (vda1): mounted filesystem 84173db5-fa99-e35a-95c6-28613cc79ea9 r/w without journal. Quota mode: disabled.
[   10.735545] urandom-seed: Seed file not found (/etc/urandom.seed)
[   10.881733] procd: - early -
[   11.631300] procd: - ubus -
[   11.742624] procd: - init -
Please press Enter to activate this console.
root
login[1048]: root login on 'ttyS0'


BusyBox v1.37.0 (2026-04-28 08:07:37 UTC) built-in shell (ash)

  _______                     ________        __
 |       |.-----.-----.-----.|  |  |  |.----.|  |_
 |   -   ||  _  |  -__|     ||  |  |  ||   _||   _|
 |_______||   __|_____|__|__||________||__|  |____|
          |__| W I R E L E S S   F R E E D O M
 -----------------------------------------------------
 OpenWrt 25.12-SNAPSHOT, r32883-956a6e2c23 Dave's Guitar
 -----------------------------------------------------

 === WARNING! =====================================
 There is no root password defined on this device!
 Use the "passwd" command to set up a new password
 in order to prevent unauthorized SSH logins.
 --------------------------------------------------

  ___   __ __                _______             __
 |   |_|__|  |--.----.-----.|   |   |-----.-----|  |--.
 |     |  |  _  |   _|  -__||       |  -__|__ --|     |
 |_____|__|_____|__| |_____||__|_|__|_____|_____|__|__|

 ------------------------------------------------------
 LiMe master development (master rev. aebe482 20260416_0843)
 ------------------------------------------------------
 https://libremesh.org
 ------------------------------------------------------

 OpenWrt recently switched to the "apk" package manager!

 OPKG Command           APK Equivalent      Description
 ------------------------------------------------------------------
 opkg install <pkg>     apk add <pkg>       Install a package
 opkg remove <pkg>      apk del <pkg>       Remove a package
 opkg upgrade           apk upgrade         Upgrade all packages
 opkg files <pkg>       apk info -L <pkg>   List package contents
 opkg list-installed    apk info            List installed packages
 opkg update            apk update          Update package lists
 opkg search <pkg>      apk search <pkg>    Search for packages
 ------------------------------------------------------------------

For more information visit:
https://openwrt.org/docs/guide-user/additional-software/opkg-to-apk-cheatsheet

root@(none):~# dmesg -n 1
root@(none):~# echo 'SOSE''WOMAQN'
SOSEWOMAQN
root@LiMe-123456:~# run() { echo -n "$MARKER"; sh -c "$@"; echo "$MARKER $?"; }
root@LiMe-123456:~# echo 'VSMC''ABBBUN'
VSMCABBBUN
root@LiMe-123456:~# MARKER='MEEJ''BZOOGE' run 'ubus wait_for network.interface.l
an'
MEEJBZOOGEMEEJBZOOGE 0
root@LiMe-123456:~# echo 'FAWQ''GTSWKK'
FAWQGTSWKK
root@LiMe-123456:~# MARKER='GUSW''HSXXEM' run 'ubus call network.interface.lan s
tatus '"'"'{}'"'"''
GUSWHSXXEM{
	"up": true,
	"pending": false,
	"available": true,
	"autostart": true,
	"dynamic": false,
	"uptime": 2,
	"l3_device": "br-lan",
	"proto": "static",
	"device": "br-lan",
	"updated": [
		"addresses"
	],
	"metric": 0,
	"dns_metric": 0,
	"delegation": true,
	"ipv4-address": [
		{
			"address": "10.13.52.86",
			"mask": 16
		}
	],
	"ipv6-address": [
		{
			"address": "fd0d:fe46:8ce8::12:3456",
			"mask": 64
		}
	],
	"ipv6-prefix": [
		
	],
	"ipv6-prefix-assignment": [
		
	],
	"route": [
		
	],
	"dns-server": [
		
	],
	"dns-search": [
		
	],
	"neighbors": [
		
	],
	"inactive": {
		"ipv4-address": [
			
		],
		"ipv6-address": [
			
		],
		"route": [
			
		],
		"dns-server": [
			
		],
		"dns-search": [
			
		],
		"neighbors": [
			
		]
	},
	"data": {
		
	}
}
GUSWHSXXEM 0
root@LiMe-123456:~# echo 'CZFL''UYAFKL'
CZFLUYAFKL
root@LiMe-123456:~# MARKER='NQZM''GYMXWH' run true
NQZMGYMXWHNQZMGYMXWH 0
root@LiMe-123456:~# echo 'TEOY''FYYPPP'
TEOYFYYPPP
root@LiMe-123456:~# MARKER='MAXC''QBUTXU' run 'source /etc/os-release; echo $BUI
LD_ID'
MAXCQBUTXUr32883-956a6e2c23
MAXCQBUTXU 0
root@LiMe-123456:~# echo 'GGAQ''KZKBSY'
GGAQKZKBSY
root@LiMe-123456:~# MARKER='BHGG''KZUVYO' run 'ls /etc/dropbear/dropbear_rsa_hos
t_key'
BHGGKZUVYO[0;0m/etc/dropbear/dropbear_rsa_host_key[m
BHGGKZUVYO 0
root@LiMe-123456:~# echo 'WEBS''MSPQNL'
WEBSMSPQNL
root@LiMe-123456:~# MARKER='EPZP''UYCLSM' run 'netstat -tlpn | grep 0.0.0.0:22'
EPZPUYCLSMnetstat: showing only processes with your user ID
tcp        0      0 0.0.0.0:22              0.0.0.0:*               LISTEN      2123/dropbear
EPZPUYCLSM 0
root@LiMe-123456:~# echo 'AJQO''TYKTGP'
AJQOTYKTGP
root@LiMe-123456:~# MARKER='UYQY''YUJCEC' run 'dmesg | grep br-lan | grep forwar
ding'
UYQYYUJCEC[   48.093373] br-lan: port 1(eth0) entered forwarding state
[   52.956900] br-lan: port 2(bat0) entered forwarding state
UYQYYUJCEC 0
root@LiMe-123456:~# echo 'ZZZQ''BTNTWP'
ZZZQBTNTWP
root@LiMe-123456:~# MARKER='OSLQ''OVTXCX' run 'ubus call network.interface.lan s
tatus '"'"'{}'"'"''
OSLQOVTXCX{
	"up": true,
	"pending": false,
	"available": true,
	"autostart": true,
	"dynamic": false,
	"uptime": 41,
	"l3_device": "br-lan",
	"proto": "static",
	"device": "br-lan",
	"updated": [
		"addresses"
	],
	"metric": 0,
	"dns_metric": 0,
	"delegation": true,
	"ipv4-address": [
		{
			"address": "10.13.52.86",
			"mask": 16
		}
	],
	"ipv6-address": [
		{
			"address": "fd0d:fe46:8ce8::12:3456",
			"mask": 64
		}
	],
	"ipv6-prefix": [
		
	],
	"ipv6-prefix-assignment": [
		
	],
	"route": [
		
	],
	"dns-server": [
		
	],
	"dns-search": [
		
	],
	"neighbors": [
		
	],
	"inactive": {
		"ipv4-address": [
			
		],
		"ipv6-address": [
			
		],
		"route": [
			
		],
		"dns-server": [
			
		],
		"dns-search": [
			
		],
		"neighbors": [
			
		]
	},
	"data": {
		
	}
}
OSLQOVTXCX 0
root@LiMe-1234