Labgrid Console Logfile for main
Logfile started at 2026-04-24 02:00:23.873479
=== Log starts here ===
[    0.000000] Booting Linux on physical CPU 0x0000000000 [0x411fd070]
[    0.000000] Linux version 6.12.79 (builder@buildhost) (aarch64-openwrt-linux-musl-gcc (OpenWrt GCC 14.3.0 r32881-6cbb072b57) 14.3.0, GNU ld (GNU Binutils) 2.44) #0 SMP Wed Apr 22 18:41:29 2026
[    0.000000] KASLR enabled
[    0.000000] random: crng init done
[    0.000000] Machine model: linux,dummy-virt
[    0.000000] efi: UEFI not found.
[    0.000000] OF: reserved mem: Reserved memory: No reserved-memory node in the DT
[    0.000000] NUMA: Faking a node at [mem 0x0000000040000000-0x0000000047ffffff]
[    0.000000] NODE_DATA(0) allocated [mem 0x47fb7e80-0x47fbabff]
[    0.000000] Zone ranges:
[    0.000000]   DMA      [mem 0x0000000040000000-0x0000000047ffffff]
[    0.000000]   DMA32    empty
[    0.000000]   Normal   empty
[    0.000000] Movable zone start for each node
[    0.000000] Early memory node ranges
[    0.000000]   node   0: [mem 0x0000000040000000-0x0000000047ffffff]
[    0.000000] Initmem setup node 0 [mem 0x0000000040000000-0x0000000047ffffff]
[    0.000000] cma: Reserved 32 MiB at 0x0000000045c00000 on node -1
[    0.000000] psci: probing for conduit method from DT.
[    0.000000] psci: PSCIv1.1 detected in firmware.
[    0.000000] psci: Using standard PSCI v0.2 function IDs
[    0.000000] psci: Trusted OS migration not required
[    0.000000] psci: SMC Calling Convention v1.0
[    0.000000] percpu: Embedded 23 pages/cpu s53400 r8192 d32616 u94208
[    0.000000] Detected PIPT I-cache on CPU0
[    0.000000] CPU features: detected: Spectre-v2
[    0.000000] CPU features: detected: Spectre-v3a
[    0.000000] CPU features: detected: Spectre-v4
[    0.000000] CPU features: detected: Spectre-BHB
[    0.000000] CPU features: kernel page table isolation forced ON by KASLR
[    0.000000] CPU features: detected: Kernel page table isolation (KPTI)
[    0.000000] CPU features: detected: ARM erratum 834220
[    0.000000] CPU features: detected: ARM erratum 832075
[    0.000000] CPU features: detected: ARM errata 1165522, 1319367, or 1530923
[    0.000000] alternatives: applying boot alternatives
[    0.000000] Kernel command line: 
[    0.000000] Dentry cache hash table entries: 16384 (order: 5, 131072 bytes, linear)
[    0.000000] Inode-cache hash table entries: 8192 (order: 4, 65536 bytes, linear)
[    0.000000] Fallback order for Node 0: 0 
[    0.000000] Built 1 zonelists, mobility grouping on.  Total pages: 32768
[    0.000000] Policy zone: DMA
[    0.000000] mem auto-init: stack:off, heap alloc:off, heap free:off
[    0.000000] software IO TLB: SWIOTLB bounce buffer size adjusted to 0MB
[    0.000000] software IO TLB: area num 1.
[    0.000000] software IO TLB: mapped [mem 0x0000000047f1a000-0x0000000047f5a000] (0MB)
[    0.000000] SLUB: HWalign=64, Order=0-3, MinObjects=0, CPUs=1, Nodes=1
[    0.000000] rcu: Hierarchical RCU implementation.
[    0.000000] rcu: 	RCU restricting CPUs from NR_CPUS=256 to nr_cpu_ids=1.
[    0.000000] 	Tracing variant of Tasks RCU enabled.
[    0.000000] rcu: RCU calculated value of scheduler-enlistment delay is 10 jiffies.
[    0.000000] rcu: Adjusting geometry for rcu_fanout_leaf=16, nr_cpu_ids=1
[    0.000000] RCU Tasks Trace: Setting shift to 0 and lim to 1 rcu_task_cb_adjust=1 rcu_task_cpu_ids=1.
[    0.000000] NR_IRQS: 64, nr_irqs: 64, preallocated irqs: 0
[    0.000000] Root IRQ handler: 0xffffa4b75b0100c0
[    0.000000] GICv2m: range[mem 0x08020000-0x08020fff], SPI[80:143]
[    0.000000] rcu: srcu_init: Setting srcu_struct sizes based on contention.
[    0.000000] arch_timer: cp15 timer(s) running at 62.50MHz (virt).
[    0.000000] clocksource: arch_sys_counter: mask: 0x1ffffffffffffff max_cycles: 0x1cd42e208c, max_idle_ns: 881590405314 ns
[    0.000059] sched_clock: 57 bits at 63MHz, resolution 16ns, wraps every 4398046511096ns
[    0.002988] Console: colour dummy device 80x25
[    0.003398] printk: legacy console [tty0] enabled
[    0.007222] Calibrating delay loop (skipped), value calculated using timer frequency.. 125.00 BogoMIPS (lpj=625000)
[    0.007368] pid_max: default: 32768 minimum: 301
[    0.012379] Mount-cache hash table entries: 512 (order: 0, 4096 bytes, linear)
[    0.012441] Mountpoint-cache hash table entries: 512 (order: 0, 4096 bytes, linear)
[    0.038393] cacheinfo: Unable to detect cache hierarchy for CPU 0
[    0.048661] rcu: Hierarchical SRCU implementation.
[    0.048730] rcu: 	Max phase no-delay instances is 1000.
[    0.051824] EFI services will not be available.
[    0.053582] smp: Bringing up secondary CPUs ...
[    0.054214] smp: Brought up 1 node, 1 CPU
[    0.054257] SMP: Total of 1 processors activated.
[    0.054304] CPU: All CPU(s) started at EL1
[    0.054523] CPU features: detected: 32-bit EL0 Support
[    0.054550] CPU features: detected: 32-bit EL1 Support
[    0.054626] CPU features: detected: CRC32 instructions
[    0.060179] alternatives: applying system-wide alternatives
[    0.074335] CPU features: emulated: Privileged Access Never (PAN) using TTBR0_EL1 switching
[    0.086777] Memory: 53248K/131072K available (12608K kernel code, 1572K rwdata, 3424K rodata, 21120K init, 763K bss, 43732K reserved, 32768K cma-reserved)
[    0.118366] clocksource: jiffies: mask: 0xffffffff max_cycles: 0xffffffff, max_idle_ns: 19112604462750000 ns
[    0.118967] futex hash table entries: 256 (order: 2, 16384 bytes, linear)
[    0.121140] 2G module region forced by RANDOMIZE_MODULE_REGION_FULL
[    0.121194] 0 pages in range for non-PLT usage
[    0.121242] 514352 pages in range for PLT usage
[    0.122385] pinctrl core: initialized pinctrl subsystem
[    0.134344] DMI not present or invalid.
[    0.150255] NET: Registered PF_NETLINK/PF_ROUTE protocol family
[    0.159999] DMA: preallocated 128 KiB GFP_KERNEL pool for atomic allocations
[    0.160547] DMA: preallocated 128 KiB GFP_KERNEL|GFP_DMA pool for atomic allocations
[    0.160836] DMA: preallocated 128 KiB GFP_KERNEL|GFP_DMA32 pool for atomic allocations
[    0.164620] thermal_sys: Registered thermal governor 'step_wise'
[    0.164934] cpuidle: using governor ladder
[    0.165122] cpuidle: using governor menu
[    0.165854] ASID allocator initialised with 32768 entries
[    0.167686] Serial: AMBA PL011 UART driver
[    0.197709] 9000000.pl011: ttyAMA0 at MMIO 0x9000000 (irq = 13, base_baud = 0) is a PL011 rev1
[    0.199200] printk: legacy console [ttyAMA0] enabled
[    0.435434] HugeTLB: registered 1.00 GiB page size, pre-allocated 0 pages
[    0.435731] HugeTLB: 0 KiB vmemmap can be freed for a 1.00 GiB page
[    0.435949] HugeTLB: registered 32.0 MiB page size, pre-allocated 0 pages
[    0.436163] HugeTLB: 0 KiB vmemmap can be freed for a 32.0 MiB page
[    0.445973] HugeTLB: registered 2.00 MiB page size, pre-allocated 0 pages
[    0.446293] HugeTLB: 0 KiB vmemmap can be freed for a 2.00 MiB page
[    0.446537] HugeTLB: registered 64.0 KiB page size, pre-allocated 0 pages
[    0.446750] HugeTLB: 0 KiB vmemmap can be freed for a 64.0 KiB page
[    0.463231] cryptd: max_cpu_qlen set to 1000
[    0.467727] ACPI: Interpreter disabled.
[    0.470226] iommu: Default domain type: Passthrough
[    0.472451] SCSI subsystem initialized
[    0.474699] usbcore: registered new interface driver usbfs
[    0.475205] usbcore: registered new interface driver hub
[    0.475506] usbcore: registered new device driver usb
[    0.491576] clocksource: Switched to clocksource arch_sys_counter
[    0.493768] netfs: FS-Cache loaded
[    0.494670] pnp: PnP ACPI: disabled
[    0.503813] NET: Registered PF_INET protocol family
[    0.505412] IP idents hash table entries: 2048 (order: 2, 16384 bytes, linear)
[    0.510841] tcp_listen_portaddr_hash hash table entries: 256 (order: 0, 4096 bytes, linear)
[    0.511216] Table-perturb hash table entries: 65536 (order: 6, 262144 bytes, linear)
[    0.514365] TCP established hash table entries: 1024 (order: 1, 8192 bytes, linear)
[    0.514914] TCP bind hash table entries: 1024 (order: 3, 32768 bytes, linear)
[    0.515292] TCP: Hash tables configured (established 1024 bind 1024)
[    0.517037] MPTCP token hash table entries: 256 (order: 1, 6144 bytes, linear)
[    0.525607] UDP hash table entries: 256 (order: 1, 8192 bytes, linear)
[    0.526135] UDP-Lite hash table entries: 256 (order: 1, 8192 bytes, linear)
[    0.527685] NET: Registered PF_UNIX/PF_LOCAL protocol family
[    0.528392] PCI: CLS 0 bytes, default 64
[    0.561077] kvm [1]: HYP mode not available
[    0.565519] workingset: timestamp_bits=42 max_order=15 bucket_order=0
[    0.567400] squashfs: version 4.0 (2009/01/31) Phillip Lougher
[    0.567626] jffs2: version 2.2 (NAND) (SUMMARY) (LZMA) (RTIME) (CMODE_PRIORITY) (c) 2001-2006 Red Hat, Inc.
[    0.581810] 9p: Installing v9fs 9p2000 file system support
[    0.584423] Block layer SCSI generic (bsg) driver version 0.4 loaded (major 250)
[    0.594410] atomic64_test: passed
[    0.605543] pl061_gpio 9030000.pl061: PL061 GPIO chip registered
[    0.607951] pci-host-generic 4010000000.pcie: host bridge /pcie@10000000 ranges:
[    0.608772] pci-host-generic 4010000000.pcie:       IO 0x003eff0000..0x003effffff -> 0x0000000000
[    0.609594] pci-host-generic 4010000000.pcie:      MEM 0x0010000000..0x003efeffff -> 0x0010000000
[    0.616330] pci-host-generic 4010000000.pcie:      MEM 0x8000000000..0xffffffffff -> 0x8000000000
[    0.617208] pci-host-generic 4010000000.pcie: Memory resource size exceeds max for 32 bits
[    0.618982] pci-host-generic 4010000000.pcie: ECAM at [mem 0x4010000000-0x401fffffff] for [bus 00-ff]
[    0.628377] pci-host-generic 4010000000.pcie: PCI host bridge to bus 0000:00
[    0.628937] pci_bus 0000:00: root bus resource [bus 00-ff]
[    0.629189] pci_bus 0000:00: root bus resource [io  0x0000-0xffff]
[    0.629423] pci_bus 0000:00: root bus resource [mem 0x10000000-0x3efeffff]
[    0.637966] pci_bus 0000:00: root bus resource [mem 0x8000000000-0xffffffffff]
[    0.639734] pci 0000:00:00.0: [1b36:0008] type 00 class 0x060000 conventional PCI endpoint
[    0.643187] pci 0000:00:01.0: [1af4:1000] type 00 class 0x020000 conventional PCI endpoint
[    0.643699] pci 0000:00:01.0: BAR 0 [io  0x0000-0x001f]
[    0.649044] pci 0000:00:01.0: BAR 4 [mem 0x00000000-0x00003fff 64bit pref]
[    0.649485] pci 0000:00:01.0: ROM [mem 0x00000000-0x0007ffff pref]
[    0.650071] pci 0000:00:02.0: [1af4:1005] type 00 class 0x00ff00 conventional PCI endpoint
[    0.650488] pci 0000:00:02.0: BAR 0 [io  0x0000-0x001f]
[    0.659904] pci 0000:00:02.0: BAR 1 [mem 0x00000000-0x00000fff]
[    0.660252] pci 0000:00:02.0: BAR 4 [mem 0x00000000-0x00003fff 64bit pref]
[    0.661035] pci 0000:00:03.0: [1af4:1000] type 00 class 0x020000 conventional PCI endpoint
[    0.661338] pci 0000:00:03.0: BAR 0 [io  0x0000-0x001f]
[    0.671354] pci 0000:00:03.0: BAR 1 [mem 0x00000000-0x00000fff]
[    0.671624] pci 0000:00:03.0: BAR 4 [mem 0x00000000-0x00003fff 64bit pref]
[    0.671867] pci 0000:00:03.0: ROM [mem 0x00000000-0x0007ffff pref]
[    0.674222] pci 0000:00:01.0: ROM [mem 0x10000000-0x1007ffff pref]: assigned
[    0.681971] pci 0000:00:03.0: ROM [mem 0x10080000-0x100fffff pref]: assigned
[    0.682360] pci 0000:00:01.0: BAR 4 [mem 0x8000000000-0x8000003fff 64bit pref]: assigned
[    0.682724] pci 0000:00:02.0: BAR 4 [mem 0x8000004000-0x8000007fff 64bit pref]: assigned
[    0.683055] pci 0000:00:03.0: BAR 4 [mem 0x8000008000-0x800000bfff 64bit pref]: assigned
[    0.692911] pci 0000:00:02.0: BAR 1 [mem 0x10100000-0x10100fff]: assigned
[    0.693182] pci 0000:00:03.0: BAR 1 [mem 0x10101000-0x10101fff]: assigned
[    0.693422] pci 0000:00:01.0: BAR 0 [io  0x1000-0x101f]: assigned
[    0.693650] pci 0000:00:02.0: BAR 0 [io  0x1020-0x103f]: assigned
[    0.703581] pci 0000:00:03.0: BAR 0 [io  0x1040-0x105f]: assigned
[    0.704140] pci_bus 0000:00: resource 4 [io  0x0000-0xffff]
[    0.704349] pci_bus 0000:00: resource 5 [mem 0x10000000-0x3efeffff]
[    0.704562] pci_bus 0000:00: resource 6 [mem 0x8000000000-0xffffffffff]
[    0.717062] hv_vmbus: registering driver hyperv_fb
[    0.819843] virtio-pci 0000:00:01.0: enabling device (0000 -> 0003)
[    0.823053] virtio-pci 0000:00:02.0: enabling device (0000 -> 0003)
[    0.824454] virtio-pci 0000:00:03.0: enabling device (0000 -> 0003)
[    0.827188] Serial: 8250/16550 driver, 16 ports, IRQ sharing enabled
[    0.836098] SuperH (H)SCI(F) driver initialized
[    0.870477] loop: module loaded
[    0.871536] hv_vmbus: registering driver hv_storvsc
[    0.885414] hv_vmbus: registering driver hv_netvsc
[    0.888059] usbcore: registered new interface driver usb-storage
[    0.891175] hv_vmbus: registering driver hyperv_keyboard
[    0.893979] rtc-pl031 9010000.pl031: registered as rtc0
[    0.894746] rtc-pl031 9010000.pl031: setting system clock to 2026-04-24T02:00:24 UTC (1776996024)
[    0.899278] sdhci: Secure Digital Host Controller Interface driver
[    0.899493] sdhci: Copyright(c) Pierre Ossman
[    0.900114] Synopsys Designware Multimedia Card Interface Driver
[    0.901034] sdhci-pltfm: SDHCI platform and OF driver helper
[    0.902874] hid: raw HID events driver (C) Jiri Kosina
[    0.907399] usbcore: registered new interface driver usbhid
[    0.907658] usbhid: USB HID core driver
[    0.910456] NET: Registered PF_INET6 protocol family
[    0.928459] Segment Routing with IPv6
[    0.928844] In-situ OAM (IOAM) with IPv6
[    0.929456] NET: Registered PF_PACKET protocol family
[    0.930113] bridge: filtering via arp/ip/ip6tables is no longer available by default. Update your scripts to load br_netfilter if you need this.
[    0.939841] 8021q: 802.1Q VLAN Support v1.8
[    0.940833] 9pnet: Installing 9P2000 support
[    0.993008] Demotion targets for Node 0: null
[    1.001721] clk: Disabling unused clocks
[    1.002134] PM: genpd: Disabling unused power domains
[    1.051337] Freeing unused kernel memory: 21120K
[    1.055548] Run /init as init process
[    2.919006] init: Console is alive
[    3.011522] kmodloader: loading kernel modules from /etc/modules-boot.d/*
[    3.038553] pps_core: LinuxPPS API ver. 1 registered
[    3.038826] pps_core: Software ver. 5.3.6 - Copyright 2005-2007 Rodolfo Giometti <giometti@linux.it>
[    3.077695] PTP clock support registered
[    3.101378] e1000e: Intel(R) PRO/1000 Network Driver
[    3.101613] e1000e: Copyright(c) 1999 - 2015 Intel Corporation.
[    3.103733] kmodloader: done loading kernel modules from /etc/modules-boot.d/*
[    3.116416] init: - preinit -
[    4.929075] 8021q: adding VLAN 0 to HW filter on device eth0
Press the [f] key and hit [enter] to enter failsafe mode
Press the [1], [2], [3] or [4] key and hit [enter] to select the debug level
[    9.933189] procd: - early -
[   11.005059] procd: - ubus -
[   11.214758] procd: - init -
Please press Enter to activate this console.
root
login[1150]: root login on 'ttyAMA0'


BusyBox v1.37.0 (2026-04-22 18:41:29 UTC) built-in shell (ash)

  _______                     ________        __
 |       |.-----.-----.-----.|  |  |  |.----.|  |_
 |   -   ||  _  |  -__|     ||  |  |  ||   _||   _|
 |_______||   __|_____|__|__||________||__|  |____|
          |__| W I R E L E S S   F R E E D O M
 -----------------------------------------------------
 OpenWrt 25.12-SNAPSHOT, r32881-6cbb072b57 Dave's Guitar
 -----------------------------------------------------

 === WARNING! =====================================
 There is no root password defined on this device!
 Use the "passwd" command to set up a new password
 in order to prevent unauthorized SSH logins.
 --------------------------------------------------


 OpenWrt recently switched to the "apk" package manager!

 OPKG Command           APK Equivalent      Description
 ------------------------------------------------------------------
 opkg install <pkg>     apk add <pkg>       Install a package
 opkg remove <pkg>      apk del <pkg>       Remove a package
 opkg upgrade           apk upgrade         Upgrade all packages
 opkg files <pkg>       apk info -L <pkg>   List package contents
 opkg list-installed    apk info            List installed packages
 opkg update            apk update          Update package lists
 opkg search <pkg>      apk search <pkg>    Search for packages
 ------------------------------------------------------------------

For more information visit:
https://openwrt.org/docs/guide-user/additional-software/opkg-to-apk-cheatsheet

root@(none):~# dmesg -n 1
root@(none):~# echo 'CCQX''GEFBNS'
CCQXGEFBNS
root@(none):~# run() { echo -n "$MARKER"; sh -c "$@"; echo "$MARKER $?"; }
root@(none):~# echo 'BGKE''JXCQQC'
BGKEJXCQQC
root@(none):~# MARKER='TNBW''NBBXMO' run 'ubus wait_for network.interface.lan'
TNBWNBBXMOTNBWNBBXMO 0
