Labgrid Console Logfile for main
Logfile started at 2026-03-12 02:10:36.542955
=== Log starts here ===
[    0.000000] Booting Linux on physical CPU 0x0000000000 [0x411fd070]
[    0.000000] Linux version 6.12.74 (builder@buildhost) (aarch64-openwrt-linux-musl-gcc (OpenWrt GCC 14.3.0 r32740-568caba81f) 14.3.0, GNU ld (GNU Binutils) 2.44) #0 SMP Tue Mar 10 22:58:18 2026
[    0.000000] KASLR enabled
[    0.000000] random: crng init done
[    0.000000] Machine model: linux,dummy-virt
[    0.000000] efi: UEFI not found.
[    0.000000] OF: reserved mem: Reserved memory: No reserved-memory node in the DT
[    0.000000] NUMA: Faking a node at [mem 0x0000000040000000-0x0000000047ffffff]
[    0.000000] NODE_DATA(0) allocated [mem 0x47fb7e80-0x47fbabff]
[    0.000000] Zone ranges:
[    0.000000]   DMA      [mem 0x0000000040000000-0x0000000047ffffff]
[    0.000000]   DMA32    empty
[    0.000000]   Normal   empty
[    0.000000] Movable zone start for each node
[    0.000000] Early memory node ranges
[    0.000000]   node   0: [mem 0x0000000040000000-0x0000000047ffffff]
[    0.000000] Initmem setup node 0 [mem 0x0000000040000000-0x0000000047ffffff]
[    0.000000] cma: Reserved 32 MiB at 0x0000000045c00000 on node -1
[    0.000000] psci: probing for conduit method from DT.
[    0.000000] psci: PSCIv1.1 detected in firmware.
[    0.000000] psci: Using standard PSCI v0.2 function IDs
[    0.000000] psci: Trusted OS migration not required
[    0.000000] psci: SMC Calling Convention v1.0
[    0.000000] percpu: Embedded 23 pages/cpu s53400 r8192 d32616 u94208
[    0.000000] Detected PIPT I-cache on CPU0
[    0.000000] CPU features: detected: Spectre-v2
[    0.000000] CPU features: detected: Spectre-v3a
[    0.000000] CPU features: detected: Spectre-v4
[    0.000000] CPU features: detected: Spectre-BHB
[    0.000000] CPU features: kernel page table isolation forced ON by KASLR
[    0.000000] CPU features: detected: Kernel page table isolation (KPTI)
[    0.000000] CPU features: detected: ARM erratum 834220
[    0.000000] CPU features: detected: ARM erratum 832075
[    0.000000] CPU features: detected: ARM errata 1165522, 1319367, or 1530923
[    0.000000] alternatives: applying boot alternatives
[    0.000000] Kernel command line: 
[    0.000000] Dentry cache hash table entries: 16384 (order: 5, 131072 bytes, linear)
[    0.000000] Inode-cache hash table entries: 8192 (order: 4, 65536 bytes, linear)
[    0.000000] Fallback order for Node 0: 0 
[    0.000000] Built 1 zonelists, mobility grouping on.  Total pages: 32768
[    0.000000] Policy zone: DMA
[    0.000000] mem auto-init: stack:off, heap alloc:off, heap free:off
[    0.000000] software IO TLB: SWIOTLB bounce buffer size adjusted to 0MB
[    0.000000] software IO TLB: area num 1.
[    0.000000] software IO TLB: mapped [mem 0x0000000047f1a000-0x0000000047f5a000] (0MB)
[    0.000000] SLUB: HWalign=64, Order=0-3, MinObjects=0, CPUs=1, Nodes=1
[    0.000000] rcu: Hierarchical RCU implementation.
[    0.000000] rcu: 	RCU restricting CPUs from NR_CPUS=256 to nr_cpu_ids=1.
[    0.000000] 	Tracing variant of Tasks RCU enabled.
[    0.000000] rcu: RCU calculated value of scheduler-enlistment delay is 10 jiffies.
[    0.000000] rcu: Adjusting geometry for rcu_fanout_leaf=16, nr_cpu_ids=1
[    0.000000] RCU Tasks Trace: Setting shift to 0 and lim to 1 rcu_task_cb_adjust=1 rcu_task_cpu_ids=1.
[    0.000000] NR_IRQS: 64, nr_irqs: 64, preallocated irqs: 0
[    0.000000] Root IRQ handler: 0xffffa53eb54100c0
[    0.000000] GICv2m: range[mem 0x08020000-0x08020fff], SPI[80:143]
[    0.000000] rcu: srcu_init: Setting srcu_struct sizes based on contention.
[    0.000000] arch_timer: cp15 timer(s) running at 62.50MHz (virt).
[    0.000000] clocksource: arch_sys_counter: mask: 0x1ffffffffffffff max_cycles: 0x1cd42e208c, max_idle_ns: 881590405314 ns
[    0.000059] sched_clock: 57 bits at 63MHz, resolution 16ns, wraps every 4398046511096ns
[    0.002862] Console: colour dummy device 80x25
[    0.003281] printk: legacy console [tty0] enabled
[    0.007084] Calibrating delay loop (skipped), value calculated using timer frequency.. 125.00 BogoMIPS (lpj=625000)
[    0.007224] pid_max: default: 32768 minimum: 301
[    0.012339] Mount-cache hash table entries: 512 (order: 0, 4096 bytes, linear)
[    0.012400] Mountpoint-cache hash table entries: 512 (order: 0, 4096 bytes, linear)
[    0.038588] cacheinfo: Unable to detect cache hierarchy for CPU 0
[    0.049119] rcu: Hierarchical SRCU implementation.
[    0.049203] rcu: 	Max phase no-delay instances is 1000.
[    0.053044] EFI services will not be available.
[    0.054384] smp: Bringing up secondary CPUs ...
[    0.055069] smp: Brought up 1 node, 1 CPU
[    0.055112] SMP: Total of 1 processors activated.
[    0.055162] CPU: All CPU(s) started at EL1
[    0.055394] CPU features: detected: 32-bit EL0 Support
[    0.055426] CPU features: detected: 32-bit EL1 Support
[    0.055504] CPU features: detected: CRC32 instructions
[    0.061058] alternatives: applying system-wide alternatives
[    0.074326] CPU features: emulated: Privileged Access Never (PAN) using TTBR0_EL1 switching
[    0.085974] Memory: 53252K/131072K available (12608K kernel code, 1572K rwdata, 3420K rodata, 21120K init, 763K bss, 43732K reserved, 32768K cma-reserved)
[    0.119548] clocksource: jiffies: mask: 0xffffffff max_cycles: 0xffffffff, max_idle_ns: 19112604462750000 ns
[    0.120152] futex hash table entries: 256 (order: 2, 16384 bytes, linear)
[    0.122229] 2G module region forced by RANDOMIZE_MODULE_REGION_FULL
[    0.122285] 0 pages in range for non-PLT usage
[    0.122336] 514352 pages in range for PLT usage
[    0.123596] pinctrl core: initialized pinctrl subsystem
[    0.135621] DMI not present or invalid.
[    0.149422] NET: Registered PF_NETLINK/PF_ROUTE protocol family
[    0.159382] DMA: preallocated 128 KiB GFP_KERNEL pool for atomic allocations
[    0.159910] DMA: preallocated 128 KiB GFP_KERNEL|GFP_DMA pool for atomic allocations
[    0.160185] DMA: preallocated 128 KiB GFP_KERNEL|GFP_DMA32 pool for atomic allocations
[    0.164251] thermal_sys: Registered thermal governor 'step_wise'
[    0.164553] cpuidle: using governor ladder
[    0.164751] cpuidle: using governor menu
[    0.165509] ASID allocator initialised with 32768 entries
[    0.167588] Serial: AMBA PL011 UART driver
[    0.195095] 9000000.pl011: ttyAMA0 at MMIO 0x9000000 (irq = 13, base_baud = 0) is a PL011 rev1
[    0.196679] printk: legacy console [ttyAMA0] enabled
[    0.418651] HugeTLB: registered 1.00 GiB page size, pre-allocated 0 pages
[    0.422449] HugeTLB: 0 KiB vmemmap can be freed for a 1.00 GiB page
[    0.422789] HugeTLB: registered 32.0 MiB page size, pre-allocated 0 pages
[    0.423158] HugeTLB: 0 KiB vmemmap can be freed for a 32.0 MiB page
[    0.423502] HugeTLB: registered 2.00 MiB page size, pre-allocated 0 pages
[    0.433867] HugeTLB: 0 KiB vmemmap can be freed for a 2.00 MiB page
[    0.434243] HugeTLB: registered 64.0 KiB page size, pre-allocated 0 pages
[    0.434555] HugeTLB: 0 KiB vmemmap can be freed for a 64.0 KiB page
[    0.440966] cryptd: max_cpu_qlen set to 1000
[    0.445995] ACPI: Interpreter disabled.
[    0.448505] iommu: Default domain type: Passthrough
[    0.450850] SCSI subsystem initialized
[    0.452748] usbcore: registered new interface driver usbfs
[    0.453220] usbcore: registered new interface driver hub
[    0.453535] usbcore: registered new device driver usb
[    0.472247] clocksource: Switched to clocksource arch_sys_counter
[    0.474539] netfs: FS-Cache loaded
[    0.475456] pnp: PnP ACPI: disabled
[    0.484621] NET: Registered PF_INET protocol family
[    0.486270] IP idents hash table entries: 2048 (order: 2, 16384 bytes, linear)
[    0.491714] tcp_listen_portaddr_hash hash table entries: 256 (order: 0, 4096 bytes, linear)
[    0.492115] Table-perturb hash table entries: 65536 (order: 6, 262144 bytes, linear)
[    0.495053] TCP established hash table entries: 1024 (order: 1, 8192 bytes, linear)
[    0.495644] TCP bind hash table entries: 1024 (order: 3, 32768 bytes, linear)
[    0.496236] TCP: Hash tables configured (established 1024 bind 1024)
[    0.497907] MPTCP token hash table entries: 256 (order: 1, 6144 bytes, linear)
[    0.506610] UDP hash table entries: 256 (order: 1, 8192 bytes, linear)
[    0.507244] UDP-Lite hash table entries: 256 (order: 1, 8192 bytes, linear)
[    0.508799] NET: Registered PF_UNIX/PF_LOCAL protocol family
[    0.509533] PCI: CLS 0 bytes, default 64
[    0.551301] kvm [1]: HYP mode not available
[    0.556539] workingset: timestamp_bits=42 max_order=15 bucket_order=0
[    0.558495] squashfs: version 4.0 (2009/01/31) Phillip Lougher
[    0.558732] jffs2: version 2.2 (NAND) (SUMMARY) (LZMA) (RTIME) (CMODE_PRIORITY) (c) 2001-2006 Red Hat, Inc.
[    0.572303] 9p: Installing v9fs 9p2000 file system support
[    0.574983] Block layer SCSI generic (bsg) driver version 0.4 loaded (major 250)
[    0.586025] atomic64_test: passed
[    0.597550] pl061_gpio 9030000.pl061: PL061 GPIO chip registered
[    0.599838] pci-host-generic 4010000000.pcie: host bridge /pcie@10000000 ranges:
[    0.600687] pci-host-generic 4010000000.pcie:       IO 0x003eff0000..0x003effffff -> 0x0000000000
[    0.601935] pci-host-generic 4010000000.pcie:      MEM 0x0010000000..0x003efeffff -> 0x0010000000
[    0.608149] pci-host-generic 4010000000.pcie:      MEM 0x8000000000..0xffffffffff -> 0x8000000000
[    0.609097] pci-host-generic 4010000000.pcie: Memory resource size exceeds max for 32 bits
[    0.609847] pci-host-generic 4010000000.pcie: ECAM at [mem 0x4010000000-0x401fffffff] for [bus 00-ff]
[    0.621826] pci-host-generic 4010000000.pcie: PCI host bridge to bus 0000:00
[    0.622441] pci_bus 0000:00: root bus resource [bus 00-ff]
[    0.622711] pci_bus 0000:00: root bus resource [io  0x0000-0xffff]
[    0.622978] pci_bus 0000:00: root bus resource [mem 0x10000000-0x3efeffff]
[    0.632192] pci_bus 0000:00: root bus resource [mem 0x8000000000-0xffffffffff]
[    0.633994] pci 0000:00:00.0: [1b36:0008] type 00 class 0x060000 conventional PCI endpoint
[    0.637196] pci 0000:00:01.0: [1af4:1000] type 00 class 0x020000 conventional PCI endpoint
[    0.637719] pci 0000:00:01.0: BAR 0 [io  0x0000-0x001f]
[    0.643809] pci 0000:00:01.0: BAR 4 [mem 0x00000000-0x00003fff 64bit pref]
[    0.644328] pci 0000:00:01.0: ROM [mem 0x00000000-0x0007ffff pref]
[    0.644880] pci 0000:00:02.0: [1af4:1005] type 00 class 0x00ff00 conventional PCI endpoint
[    0.645219] pci 0000:00:02.0: BAR 0 [io  0x0000-0x001f]
[    0.655107] pci 0000:00:02.0: BAR 1 [mem 0x00000000-0x00000fff]
[    0.655434] pci 0000:00:02.0: BAR 4 [mem 0x00000000-0x00003fff 64bit pref]
[    0.656347] pci 0000:00:03.0: [1af4:1000] type 00 class 0x020000 conventional PCI endpoint
[    0.656783] pci 0000:00:03.0: BAR 0 [io  0x0000-0x001f]
[    0.666162] pci 0000:00:03.0: BAR 1 [mem 0x00000000-0x00000fff]
[    0.666514] pci 0000:00:03.0: BAR 4 [mem 0x00000000-0x00003fff 64bit pref]
[    0.666895] pci 0000:00:03.0: ROM [mem 0x00000000-0x0007ffff pref]
[    0.669301] pci 0000:00:01.0: ROM [mem 0x10000000-0x1007ffff pref]: assigned
[    0.678374] pci 0000:00:03.0: ROM [mem 0x10080000-0x100fffff pref]: assigned
[    0.678813] pci 0000:00:01.0: BAR 4 [mem 0x8000000000-0x8000003fff 64bit pref]: assigned
[    0.679232] pci 0000:00:02.0: BAR 4 [mem 0x8000004000-0x8000007fff 64bit pref]: assigned
[    0.688407] pci 0000:00:03.0: BAR 4 [mem 0x8000008000-0x800000bfff 64bit pref]: assigned
[    0.688847] pci 0000:00:02.0: BAR 1 [mem 0x10100000-0x10100fff]: assigned
[    0.689241] pci 0000:00:03.0: BAR 1 [mem 0x10101000-0x10101fff]: assigned
[    0.689565] pci 0000:00:01.0: BAR 0 [io  0x1000-0x101f]: assigned
[    0.699561] pci 0000:00:02.0: BAR 0 [io  0x1020-0x103f]: assigned
[    0.699901] pci 0000:00:03.0: BAR 0 [io  0x1040-0x105f]: assigned
[    0.700469] pci_bus 0000:00: resource 4 [io  0x0000-0xffff]
[    0.700692] pci_bus 0000:00: resource 5 [mem 0x10000000-0x3efeffff]
[    0.700915] pci_bus 0000:00: resource 6 [mem 0x8000000000-0xffffffffff]
[    0.714090] hv_vmbus: registering driver hyperv_fb
[    0.839351] virtio-pci 0000:00:01.0: enabling device (0000 -> 0003)
[    0.842622] virtio-pci 0000:00:02.0: enabling device (0000 -> 0003)
[    0.844069] virtio-pci 0000:00:03.0: enabling device (0000 -> 0003)
[    0.846922] Serial: 8250/16550 driver, 16 ports, IRQ sharing enabled
[    0.855524] SuperH (H)SCI(F) driver initialized
[    0.889781] loop: module loaded
[    0.890912] hv_vmbus: registering driver hv_storvsc
[    0.905766] hv_vmbus: registering driver hv_netvsc
[    0.908547] usbcore: registered new interface driver usb-storage
[    0.911490] hv_vmbus: registering driver hyperv_keyboard
[    0.914234] rtc-pl031 9010000.pl031: registered as rtc0
[    0.915022] rtc-pl031 9010000.pl031: setting system clock to 2026-03-12T02:10:37 UTC (1773281437)
[    0.920065] sdhci: Secure Digital Host Controller Interface driver
[    0.920320] sdhci: Copyright(c) Pierre Ossman
[    0.920989] Synopsys Designware Multimedia Card Interface Driver
[    0.921883] sdhci-pltfm: SDHCI platform and OF driver helper
[    0.923837] hid: raw HID events driver (C) Jiri Kosina
[    0.931152] usbcore: registered new interface driver usbhid
[    0.931431] usbhid: USB HID core driver
[    0.934169] NET: Registered PF_INET6 protocol family
[    0.954970] Segment Routing with IPv6
[    0.955371] In-situ OAM (IOAM) with IPv6
[    0.956015] NET: Registered PF_PACKET protocol family
[    0.956671] bridge: filtering via arp/ip/ip6tables is no longer available by default. Update your scripts to load br_netfilter if you need this.
[    0.966302] 8021q: 802.1Q VLAN Support v1.8
[    0.967240] 9pnet: Installing 9P2000 support
[    1.023730] Demotion targets for Node 0: null
[    1.032208] clk: Disabling unused clocks
[    1.032575] PM: genpd: Disabling unused power domains
[    1.076672] Freeing unused kernel memory: 21120K
[    1.080424] Run /init as init process
[    3.022288] init: Console is alive
[    3.116287] kmodloader: loading kernel modules from /etc/modules-boot.d/*
[    3.141593] pps_core: LinuxPPS API ver. 1 registered
[    3.141838] pps_core: Software ver. 5.3.6 - Copyright 2005-2007 Rodolfo Giometti <giometti@linux.it>
[    3.182673] PTP clock support registered
[    3.220203] e1000e: Intel(R) PRO/1000 Network Driver
[    3.220458] e1000e: Copyright(c) 1999 - 2015 Intel Corporation.
[    3.222348] kmodloader: done loading kernel modules from /etc/modules-boot.d/*
[    3.235359] init: - preinit -
[    5.043463] 8021q: adding VLAN 0 to HW filter on device eth0
Press the [f] key and hit [enter] to enter failsafe mode
Press the [1], [2], [3] or [4] key and hit [enter] to select the debug level
[   10.059662] procd: - early -
[   11.143758] procd: - ubus -
[   11.351833] procd: - init -
Please press Enter to activate this console.
root
login[1150]: root login on 'ttyAMA0'


BusyBox v1.37.0 (2026-03-10 22:58:18 UTC) built-in shell (ash)

  _______                     ________        __
 |       |.-----.-----.-----.|  |  |  |.----.|  |_
 |   -   ||  _  |  -__|     ||  |  |  ||   _||   _|
 |_______||   __|_____|__|__||________||__|  |____|
          |__| W I R E L E S S   F R E E D O M
 -----------------------------------------------------
 OpenWrt 25.12-SNAPSHOT, r32740-568caba81f Dave's Guitar
 -----------------------------------------------------

 === WARNING! =====================================
 There is no root password defined on this device!
 Use the "passwd" command to set up a new password
 in order to prevent unauthorized SSH logins.
 --------------------------------------------------


 OpenWrt recently switched to the "apk" package manager!

 OPKG Command           APK Equivalent      Description
 ------------------------------------------------------------------
 opkg install <pkg>     apk add <pkg>       Install a package
 opkg remove <pkg>      apk del <pkg>       Remove a package
 opkg upgrade           apk upgrade         Upgrade all packages
 opkg files <pkg>       apk info -L <pkg>   List package contents
 opkg list-installed    apk info            List installed packages
 opkg update            apk update          Update package lists
 opkg search <pkg>      apk search <pkg>    Search for packages
 ------------------------------------------------------------------

For more information visit:
https://openwrt.org/docs/guide-user/additional-software/opkg-to-apk-cheatsheet

root@(none):~# dmesg -n 1
root@(none):~# echo 'HBTJ''SZJNNG'
HBTJSZJNNG
root@(none):~# run() { echo -n "$MARKER"; sh -c "$@"; echo "$MARKER $?"; }
root@(none):~# echo 'OZQB''LCTQCE'
OZQBLCTQCE
root@(none):~# MARKER='JAQZ''ZNZSHC' run 'ubus wait_for network.interface.lan'
JAQZZNZSHCJAQZZNZSHC 0
root@OpenWrt:~# echo 'KAPE''EFMWKZ'
KAPEEFMWKZ
root@OpenWrt:~# MARKER='VWFB''ZQZLUX' run 'ubus call network.interface.lan statu
s '"'"'{}'"'"''
VWFBZQZLUX{
	"up": true,
	"pending": false,
	"available": true,
	"autostart": true,
	"dynamic": false,
	"uptime": 0,
	"l3_device": "br-lan",
	"proto": "static",
	"device": "br-lan",
	"updated": [
		"addresses"
	],
	"metric": 0,
	"dns_metric": 0,
	"delegation": true,
	"ipv4-address": [
		{
			"address": "192.168.1.1",
			"mask": 24
		}
	],
	"ipv6-address": [
		
	],
	"ipv6-prefix": [
		
	],
	"ipv6-prefix-assignment": [
		{
			"address": "fdb7:ad75:c204::",
			"mask": 60,
			"local-address": {
				"address": "fdb7:ad75:c204::1",
				"mask": 60
			}
		}
	],
	"route": [
		
	],
	"dns-server": [
		
	],
	"dns-search": [
		
	],
	"neighbors": [
		
	],
	"inactive": {
		"ipv4-address": [
			
		],
		"ipv6-address": [
			
		],
		"route": [
			
		],
		"dns-server": [
			
		],
		"dns-search": [
			
		],
		"neighbors": [
			
		]
	},
	"data": {
		
	}
}
VWFBZQZLUX 0
root@OpenWrt:~# echo 'OSWE''OKWYZN'
OSWEOKWYZN
root@OpenWrt:~# MARKER='GZVB''NEEGSH' run true
GZVBNEEGSHGZVBNEEGSH 0
root@OpenWrt:~# echo 'XUYV''PHHJBV'
XUYVPHHJBV
root@OpenWrt:~# MARKER='EEZW''WJEJNH' run 'source /etc/os-release; echo $BUILD_I
D'
EEZWWJEJNHr32740-568caba81f
EEZWWJEJNH 0
root@OpenWrt:~# echo 'ECHQ''JOSMJU'
ECHQJOSMJU
root@OpenWrt:~# MARKER='JONY''UTUAES' run 'ls /etc/dropbear/dropbear_rsa_host_ke
y'
JONYUTUAES[0;0m/etc/dropbear/dropbear_rsa_host_key[m
JONYUTUAES 0
root@OpenWrt:~# echo 'USHC''ONXNHE'
USHCONXNHE
root@OpenWrt:~# MARKER='UBBQ''HMQEGK' run 'netstat -tlpn | grep 0.0.0.0:22'
UBBQHMQEGKnetstat: showing only processes with your user ID
tcp        0      0 0.0.0.0:22              0.0.0.0:*               LISTEN      1996/dropbear
UBBQHMQEGK 0
root@OpenWrt:~# echo 'SKJA''HPKFCX'
SKJAHPKFCX
root@OpenWrt:~# MARKER='MQCW''JKLOUF' run 'dmesg | grep br-lan | grep forwarding
'
MQCWJKLOUF[   42.961777] br-lan: port 1(eth0) entered forwarding state
MQCWJKLOUF 0
root@OpenWrt:~# echo 'EAGT''FFAFVG'
EAGTFFAFVG
root@OpenWrt:~# MARKER='YEBP''SVMMEK' run 'ubus call network.interface.lan statu
s '"'"'{}'"'"''
YEBPSVMMEK{
	"up": true,
	"pending": false,
	"available": true,
	"autostart": true,
	"dynamic": false,
	"uptime": 13,
	"l3_device": "br-lan",
	"proto": "static",
	"device": "br-lan",
	"updated": [
		"addresses"
	],
	"metric": 0,
	"dns_metric": 0,
	"delegation": true,
	"ipv4-address": [
		{
			"address": "192.168.1.1",
			"mask": 24
		}
	],
	"ipv6-address": [
		
	],
	"ipv6-prefix": [
		
	],
	"ipv6-prefix-assignment": [
		{
			"address": "fdb7:ad75:c204::",
			"mask": 60,
			"local-address": {
				"address": "fdb7:ad75:c204::1",
				"mask": 60
			}
		}
	],
	"route": [
		
	],
	"dns-server": [
		
	],
	"dns-search": [
		
	],
	"neighbors": [
		
	],
	"inactive": {
		"ipv4-address": [
			
		],
		"ipv6-address": [
			
		],
		"route": [
			
		],
		"dns-server": [
			
		],
		"dns-search": [
			
		],
		"neighbors": [
			
		]
	},
	"data": {
		
	}
}
YEBPSVMMEK 0
root@OpenWrt:~# echo 'FGMT''BWNYJH'
FGMTBWNYJH
root@OpenWrt:~# MARKER='MYLV''PXKEQS' run 'ip -o addr show dev br-lan'
MYLVPXKEQS4: br-lan    inet 192.168.1.1/24 brd 192.168.1.255 scope global br-lan\       valid_lft forever preferred_lft forever
4: br-lan    inet6 fdb7:ad75:c204::1/60 scope global noprefixroute \       valid_lft forever preferred_lft forever
4: br-lan    inet6 fe80::5054:ff:fe12:3456/64 scope link \       valid_lft forever preferred_lft forever
MYLVPXKEQS 0
root@OpenWrt:~# echo 'HPXJ''MPVXGS'
HPXJMPVXGS
root@OpenWrt:~# MARKER='KBUL''EEWXWL' run 'ubus call network.interface.wan statu
s '"'"'{}'"'"''
KBULEEWXWL{
	"up": true,
	"pending": false,
	"available": true,
	"autostart": true,
	"dynamic": false,
	"uptime": 12,
	"l3_device": "eth1",
	"proto": "dhcp",
	"device": "eth1",
	"updated": [
		"addresses",
		"routes",
		"data"
	],
	"metric": 0,
	"dns_metric": 0,
	"delegation": true,
	"ipv4-address": [
		{
			"address": "10.0.2.15",
			"mask": 24
		}
	],
	"ipv6-address": [
		
	],
	"ipv6-prefix": [
		
	],
	"ipv6-prefix-assignment": [
		
	],
	"route": [
		{
			"target": "0.0.0.0",
			"mask": 0,
			"nexthop": "10.0.2.2",
			"source": "10.0.2.15/32"
		}
	],
	"dns-server": [
		"10.0.2.3"
	],
	"dns-search": [
		
	],
	"neighbors": [
		
	],
	"inactive": {
		"ipv4-address": [
			
		],
		"ipv6-address": [
			
		],
		"route": [
			
		],
		"dns-server": [
			
		],
		"dns-search": [
			
		],
		"neighbors": [
			
		]
	},
	"data": {
		"dhcpserver": "10.0.2.2",
		"leasetime": 86400
	}
}
KBULEEWXWL 0
root@OpenWrt:~# 