Labgrid Console Logfile for main
Logfile started at 2026-03-24 02:14:39.719561
=== Log starts here ===
[    0.000000] Booting Linux on physical CPU 0x0000000000 [0x411fd070]
[    0.000000] Linux version 6.12.74 (builder@buildhost) (aarch64-openwrt-linux-musl-gcc (OpenWrt GCC 14.3.0 r32795-16775c4852) 14.3.0, GNU ld (GNU Binutils) 2.44) #0 SMP Mon Mar 23 10:31:58 2026
[    0.000000] KASLR enabled
[    0.000000] random: crng init done
[    0.000000] Machine model: linux,dummy-virt
[    0.000000] efi: UEFI not found.
[    0.000000] OF: reserved mem: Reserved memory: No reserved-memory node in the DT
[    0.000000] NUMA: Faking a node at [mem 0x0000000040000000-0x0000000047ffffff]
[    0.000000] NODE_DATA(0) allocated [mem 0x47fb7e80-0x47fbabff]
[    0.000000] Zone ranges:
[    0.000000]   DMA      [mem 0x0000000040000000-0x0000000047ffffff]
[    0.000000]   DMA32    empty
[    0.000000]   Normal   empty
[    0.000000] Movable zone start for each node
[    0.000000] Early memory node ranges
[    0.000000]   node   0: [mem 0x0000000040000000-0x0000000047ffffff]
[    0.000000] Initmem setup node 0 [mem 0x0000000040000000-0x0000000047ffffff]
[    0.000000] cma: Reserved 32 MiB at 0x0000000045c00000 on node -1
[    0.000000] psci: probing for conduit method from DT.
[    0.000000] psci: PSCIv1.1 detected in firmware.
[    0.000000] psci: Using standard PSCI v0.2 function IDs
[    0.000000] psci: Trusted OS migration not required
[    0.000000] psci: SMC Calling Convention v1.0
[    0.000000] percpu: Embedded 23 pages/cpu s53400 r8192 d32616 u94208
[    0.000000] Detected PIPT I-cache on CPU0
[    0.000000] CPU features: detected: Spectre-v2
[    0.000000] CPU features: detected: Spectre-v3a
[    0.000000] CPU features: detected: Spectre-v4
[    0.000000] CPU features: detected: Spectre-BHB
[    0.000000] CPU features: kernel page table isolation forced ON by KASLR
[    0.000000] CPU features: detected: Kernel page table isolation (KPTI)
[    0.000000] CPU features: detected: ARM erratum 834220
[    0.000000] CPU features: detected: ARM erratum 832075
[    0.000000] CPU features: detected: ARM errata 1165522, 1319367, or 1530923
[    0.000000] alternatives: applying boot alternatives
[    0.000000] Kernel command line: 
[    0.000000] Dentry cache hash table entries: 16384 (order: 5, 131072 bytes, linear)
[    0.000000] Inode-cache hash table entries: 8192 (order: 4, 65536 bytes, linear)
[    0.000000] Fallback order for Node 0: 0 
[    0.000000] Built 1 zonelists, mobility grouping on.  Total pages: 32768
[    0.000000] Policy zone: DMA
[    0.000000] mem auto-init: stack:off, heap alloc:off, heap free:off
[    0.000000] software IO TLB: SWIOTLB bounce buffer size adjusted to 0MB
[    0.000000] software IO TLB: area num 1.
[    0.000000] software IO TLB: mapped [mem 0x0000000047f1a000-0x0000000047f5a000] (0MB)
[    0.000000] SLUB: HWalign=64, Order=0-3, MinObjects=0, CPUs=1, Nodes=1
[    0.000000] rcu: Hierarchical RCU implementation.
[    0.000000] rcu: 	RCU restricting CPUs from NR_CPUS=256 to nr_cpu_ids=1.
[    0.000000] 	Tracing variant of Tasks RCU enabled.
[    0.000000] rcu: RCU calculated value of scheduler-enlistment delay is 10 jiffies.
[    0.000000] rcu: Adjusting geometry for rcu_fanout_leaf=16, nr_cpu_ids=1
[    0.000000] RCU Tasks Trace: Setting shift to 0 and lim to 1 rcu_task_cb_adjust=1 rcu_task_cpu_ids=1.
[    0.000000] NR_IRQS: 64, nr_irqs: 64, preallocated irqs: 0
[    0.000000] Root IRQ handler: 0xffffc3d236a100c0
[    0.000000] GICv2m: range[mem 0x08020000-0x08020fff], SPI[80:143]
[    0.000000] rcu: srcu_init: Setting srcu_struct sizes based on contention.
[    0.000000] arch_timer: cp15 timer(s) running at 62.50MHz (virt).
[    0.000000] clocksource: arch_sys_counter: mask: 0x1ffffffffffffff max_cycles: 0x1cd42e208c, max_idle_ns: 881590405314 ns
[    0.000057] sched_clock: 57 bits at 63MHz, resolution 16ns, wraps every 4398046511096ns
[    0.002964] Console: colour dummy device 80x25
[    0.003383] printk: legacy console [tty0] enabled
[    0.007168] Calibrating delay loop (skipped), value calculated using timer frequency.. 125.00 BogoMIPS (lpj=625000)
[    0.007310] pid_max: default: 32768 minimum: 301
[    0.012608] Mount-cache hash table entries: 512 (order: 0, 4096 bytes, linear)
[    0.012669] Mountpoint-cache hash table entries: 512 (order: 0, 4096 bytes, linear)
[    0.048368] cacheinfo: Unable to detect cache hierarchy for CPU 0
[    0.059269] rcu: Hierarchical SRCU implementation.
[    0.059356] rcu: 	Max phase no-delay instances is 1000.
[    0.062956] EFI services will not be available.
[    0.064307] smp: Bringing up secondary CPUs ...
[    0.065024] smp: Brought up 1 node, 1 CPU
[    0.065073] SMP: Total of 1 processors activated.
[    0.065132] CPU: All CPU(s) started at EL1
[    0.065394] CPU features: detected: 32-bit EL0 Support
[    0.065458] CPU features: detected: 32-bit EL1 Support
[    0.065562] CPU features: detected: CRC32 instructions
[    0.071493] alternatives: applying system-wide alternatives
[    0.085080] CPU features: emulated: Privileged Access Never (PAN) using TTBR0_EL1 switching
[    0.096319] Memory: 53252K/131072K available (12608K kernel code, 1572K rwdata, 3420K rodata, 21120K init, 763K bss, 43732K reserved, 32768K cma-reserved)
[    0.131237] clocksource: jiffies: mask: 0xffffffff max_cycles: 0xffffffff, max_idle_ns: 19112604462750000 ns
[    0.131880] futex hash table entries: 256 (order: 2, 16384 bytes, linear)
[    0.134025] 2G module region forced by RANDOMIZE_MODULE_REGION_FULL
[    0.134089] 0 pages in range for non-PLT usage
[    0.134143] 514352 pages in range for PLT usage
[    0.135355] pinctrl core: initialized pinctrl subsystem
[    0.147945] DMI not present or invalid.
[    0.161901] NET: Registered PF_NETLINK/PF_ROUTE protocol family
[    0.172205] DMA: preallocated 128 KiB GFP_KERNEL pool for atomic allocations
[    0.172756] DMA: preallocated 128 KiB GFP_KERNEL|GFP_DMA pool for atomic allocations
[    0.173017] DMA: preallocated 128 KiB GFP_KERNEL|GFP_DMA32 pool for atomic allocations
[    0.177279] thermal_sys: Registered thermal governor 'step_wise'
[    0.177671] cpuidle: using governor ladder
[    0.177897] cpuidle: using governor menu
[    0.178667] ASID allocator initialised with 32768 entries
[    0.180616] Serial: AMBA PL011 UART driver
[    0.208949] 9000000.pl011: ttyAMA0 at MMIO 0x9000000 (irq = 13, base_baud = 0) is a PL011 rev1
[    0.210487] printk: legacy console [ttyAMA0] enabled
[    0.451266] HugeTLB: registered 1.00 GiB page size, pre-allocated 0 pages
[    0.451565] HugeTLB: 0 KiB vmemmap can be freed for a 1.00 GiB page
[    0.451808] HugeTLB: registered 32.0 MiB page size, pre-allocated 0 pages
[    0.452118] HugeTLB: 0 KiB vmemmap can be freed for a 32.0 MiB page
[    0.455441] HugeTLB: registered 2.00 MiB page size, pre-allocated 0 pages
[    0.455816] HugeTLB: 0 KiB vmemmap can be freed for a 2.00 MiB page
[    0.456163] HugeTLB: registered 64.0 KiB page size, pre-allocated 0 pages
[    0.456518] HugeTLB: 0 KiB vmemmap can be freed for a 64.0 KiB page
[    0.473411] cryptd: max_cpu_qlen set to 1000
[    0.478949] ACPI: Interpreter disabled.
[    0.481496] iommu: Default domain type: Passthrough
[    0.482866] SCSI subsystem initialized
[    0.485235] usbcore: registered new interface driver usbfs
[    0.485735] usbcore: registered new interface driver hub
[    0.486061] usbcore: registered new device driver usb
[    0.502318] clocksource: Switched to clocksource arch_sys_counter
[    0.504700] netfs: FS-Cache loaded
[    0.505657] pnp: PnP ACPI: disabled
[    0.515341] NET: Registered PF_INET protocol family
[    0.516981] IP idents hash table entries: 2048 (order: 2, 16384 bytes, linear)
[    0.522634] tcp_listen_portaddr_hash hash table entries: 256 (order: 0, 4096 bytes, linear)
[    0.523030] Table-perturb hash table entries: 65536 (order: 6, 262144 bytes, linear)
[    0.525778] TCP established hash table entries: 1024 (order: 1, 8192 bytes, linear)
[    0.526400] TCP bind hash table entries: 1024 (order: 3, 32768 bytes, linear)
[    0.527023] TCP: Hash tables configured (established 1024 bind 1024)
[    0.528786] MPTCP token hash table entries: 256 (order: 1, 6144 bytes, linear)
[    0.537357] UDP hash table entries: 256 (order: 1, 8192 bytes, linear)
[    0.538061] UDP-Lite hash table entries: 256 (order: 1, 8192 bytes, linear)
[    0.539760] NET: Registered PF_UNIX/PF_LOCAL protocol family
[    0.540555] PCI: CLS 0 bytes, default 64
[    0.571965] kvm [1]: HYP mode not available
[    0.581689] workingset: timestamp_bits=42 max_order=15 bucket_order=0
[    0.584022] squashfs: version 4.0 (2009/01/31) Phillip Lougher
[    0.584283] jffs2: version 2.2 (NAND) (SUMMARY) (LZMA) (RTIME) (CMODE_PRIORITY) (c) 2001-2006 Red Hat, Inc.
[    0.586397] 9p: Installing v9fs 9p2000 file system support
[    0.589243] Block layer SCSI generic (bsg) driver version 0.4 loaded (major 250)
[    0.615235] atomic64_test: passed
[    0.627109] pl061_gpio 9030000.pl061: PL061 GPIO chip registered
[    0.629454] pci-host-generic 4010000000.pcie: host bridge /pcie@10000000 ranges:
[    0.630344] pci-host-generic 4010000000.pcie:       IO 0x003eff0000..0x003effffff -> 0x0000000000
[    0.631582] pci-host-generic 4010000000.pcie:      MEM 0x0010000000..0x003efeffff -> 0x0010000000
[    0.637815] pci-host-generic 4010000000.pcie:      MEM 0x8000000000..0xffffffffff -> 0x8000000000
[    0.639859] pci-host-generic 4010000000.pcie: Memory resource size exceeds max for 32 bits
[    0.640659] pci-host-generic 4010000000.pcie: ECAM at [mem 0x4010000000-0x401fffffff] for [bus 00-ff]
[    0.650059] pci-host-generic 4010000000.pcie: PCI host bridge to bus 0000:00
[    0.650725] pci_bus 0000:00: root bus resource [bus 00-ff]
[    0.651095] pci_bus 0000:00: root bus resource [io  0x0000-0xffff]
[    0.651374] pci_bus 0000:00: root bus resource [mem 0x10000000-0x3efeffff]
[    0.660326] pci_bus 0000:00: root bus resource [mem 0x8000000000-0xffffffffff]
[    0.662554] pci 0000:00:00.0: [1b36:0008] type 00 class 0x060000 conventional PCI endpoint
[    0.665967] pci 0000:00:01.0: [1af4:1000] type 00 class 0x020000 conventional PCI endpoint
[    0.666519] pci 0000:00:01.0: BAR 0 [io  0x0000-0x001f]
[    0.666840] pci 0000:00:01.0: BAR 4 [mem 0x00000000-0x00003fff 64bit pref]
[    0.673217] pci 0000:00:01.0: ROM [mem 0x00000000-0x0007ffff pref]
[    0.674041] pci 0000:00:02.0: [1af4:1005] type 00 class 0x00ff00 conventional PCI endpoint
[    0.674373] pci 0000:00:02.0: BAR 0 [io  0x0000-0x001f]
[    0.674607] pci 0000:00:02.0: BAR 1 [mem 0x00000000-0x00000fff]
[    0.684345] pci 0000:00:02.0: BAR 4 [mem 0x00000000-0x00003fff 64bit pref]
[    0.685342] pci 0000:00:03.0: [1af4:1000] type 00 class 0x020000 conventional PCI endpoint
[    0.685753] pci 0000:00:03.0: BAR 0 [io  0x0000-0x001f]
[    0.685966] pci 0000:00:03.0: BAR 1 [mem 0x00000000-0x00000fff]
[    0.696374] pci 0000:00:03.0: BAR 4 [mem 0x00000000-0x00003fff 64bit pref]
[    0.696708] pci 0000:00:03.0: ROM [mem 0x00000000-0x0007ffff pref]
[    0.699079] pci 0000:00:01.0: ROM [mem 0x10000000-0x1007ffff pref]: assigned
[    0.699503] pci 0000:00:03.0: ROM [mem 0x10080000-0x100fffff pref]: assigned
[    0.707117] pci 0000:00:01.0: BAR 4 [mem 0x8000000000-0x8000003fff 64bit pref]: assigned
[    0.707668] pci 0000:00:02.0: BAR 4 [mem 0x8000004000-0x8000007fff 64bit pref]: assigned
[    0.708021] pci 0000:00:03.0: BAR 4 [mem 0x8000008000-0x800000bfff 64bit pref]: assigned
[    0.718169] pci 0000:00:02.0: BAR 1 [mem 0x10100000-0x10100fff]: assigned
[    0.718600] pci 0000:00:03.0: BAR 1 [mem 0x10101000-0x10101fff]: assigned
[    0.718903] pci 0000:00:01.0: BAR 0 [io  0x1000-0x101f]: assigned
[    0.719168] pci 0000:00:02.0: BAR 0 [io  0x1020-0x103f]: assigned
[    0.729463] pci 0000:00:03.0: BAR 0 [io  0x1040-0x105f]: assigned
[    0.730233] pci_bus 0000:00: resource 4 [io  0x0000-0xffff]
[    0.730600] pci_bus 0000:00: resource 5 [mem 0x10000000-0x3efeffff]
[    0.730877] pci_bus 0000:00: resource 6 [mem 0x8000000000-0xffffffffff]
[    0.743610] hv_vmbus: registering driver hyperv_fb
[    0.866742] virtio-pci 0000:00:01.0: enabling device (0000 -> 0003)
[    0.869817] virtio-pci 0000:00:02.0: enabling device (0000 -> 0003)
[    0.871487] virtio-pci 0000:00:03.0: enabling device (0000 -> 0003)
[    0.874329] Serial: 8250/16550 driver, 16 ports, IRQ sharing enabled
[    0.883594] SuperH (H)SCI(F) driver initialized
[    0.917834] loop: module loaded
[    0.918956] hv_vmbus: registering driver hv_storvsc
[    0.934845] hv_vmbus: registering driver hv_netvsc
[    0.937656] usbcore: registered new interface driver usb-storage
[    0.940463] hv_vmbus: registering driver hyperv_keyboard
[    0.943429] rtc-pl031 9010000.pl031: registered as rtc0
[    0.944238] rtc-pl031 9010000.pl031: setting system clock to 2026-03-24T02:14:40 UTC (1774318480)
[    0.949251] sdhci: Secure Digital Host Controller Interface driver
[    0.949497] sdhci: Copyright(c) Pierre Ossman
[    0.950167] Synopsys Designware Multimedia Card Interface Driver
[    0.950986] sdhci-pltfm: SDHCI platform and OF driver helper
[    0.953138] hid: raw HID events driver (C) Jiri Kosina
[    0.960101] usbcore: registered new interface driver usbhid
[    0.960427] usbhid: USB HID core driver
[    0.963553] NET: Registered PF_INET6 protocol family
[    0.983553] Segment Routing with IPv6
[    0.983890] In-situ OAM (IOAM) with IPv6
[    0.984545] NET: Registered PF_PACKET protocol family
[    0.985263] bridge: filtering via arp/ip/ip6tables is no longer available by default. Update your scripts to load br_netfilter if you need this.
[    0.994969] 8021q: 802.1Q VLAN Support v1.8
[    0.995946] 9pnet: Installing 9P2000 support
[    1.053164] Demotion targets for Node 0: null
[    1.061653] clk: Disabling unused clocks
[    1.062021] PM: genpd: Disabling unused power domains
[    1.107942] Freeing unused kernel memory: 21120K
[    1.109538] Run /init as init process
[    3.095560] init: Console is alive
[    3.191571] kmodloader: loading kernel modules from /etc/modules-boot.d/*
[    3.216502] pps_core: LinuxPPS API ver. 1 registered
[    3.216817] pps_core: Software ver. 5.3.6 - Copyright 2005-2007 Rodolfo Giometti <giometti@linux.it>
[    3.257232] PTP clock support registered
[    3.295810] e1000e: Intel(R) PRO/1000 Network Driver
[    3.296106] e1000e: Copyright(c) 1999 - 2015 Intel Corporation.
[    3.297881] kmodloader: done loading kernel modules from /etc/modules-boot.d/*
[    3.307024] init: - preinit -
[    5.132006] 8021q: adding VLAN 0 to HW filter on device eth0
Press the [f] key and hit [enter] to enter failsafe mode
Press the [1], [2], [3] or [4] key and hit [enter] to select the debug level
[   10.157802] procd: - early -
[   11.263967] procd: - ubus -
[   11.475160] procd: - init -
Please press Enter to activate this console.
root
login[1151]: root login on 'ttyAMA0'


BusyBox v1.37.0 (2026-03-23 10:31:58 UTC) built-in shell (ash)

  _______                     ________        __
 |       |.-----.-----.-----.|  |  |  |.----.|  |_
 |   -   ||  _  |  -__|     ||  |  |  ||   _||   _|
 |_______||   __|_____|__|__||________||__|  |____|
          |__| W I R E L E S S   F R E E D O M
 -----------------------------------------------------
 OpenWrt 25.12-SNAPSHOT, r32795-16775c4852 Dave's Guitar
 -----------------------------------------------------

 === WARNING! =====================================
 There is no root password defined on this device!
 Use the "passwd" command to set up a new password
 in order to prevent unauthorized SSH logins.
 --------------------------------------------------


 OpenWrt recently switched to the "apk" package manager!

 OPKG Command           APK Equivalent      Description
 ------------------------------------------------------------------
 opkg install <pkg>     apk add <pkg>       Install a package
 opkg remove <pkg>      apk del <pkg>       Remove a package
 opkg upgrade           apk upgrade         Upgrade all packages
 opkg files <pkg>       apk info -L <pkg>   List package contents
 opkg list-installed    apk info            List installed packages
 opkg update            apk update          Update package lists
 opkg search <pkg>      apk search <pkg>    Search for packages
 ------------------------------------------------------------------

For more information visit:
https://openwrt.org/docs/guide-user/additional-software/opkg-to-apk-cheatsheet

root@(none):~# dmesg -n 1
root@(none):~# echo 'NTVN''JYBVYZ'
NTVNJYBVYZ
root@(none):~# run() { echo -n "$MARKER"; sh -c "$@"; echo "$MARKER $?"; }
root@(none):~# echo 'UPCQ''GFFHTN'
UPCQGFFHTN
root@(none):~# MARKER='XBVH''SAPOWE' run 'ubus wait_for network.interface.lan'
XBVHSAPOWE