Labgrid Console Logfile for main
Logfile started at 2026-04-26 02:03:28.453482
=== Log starts here ===
[    0.000000] Booting Linux on physical CPU 0x0000000000 [0x411fd070]
[    0.000000] Linux version 6.12.79 (builder@buildhost) (aarch64-openwrt-linux-musl-gcc (OpenWrt GCC 14.3.0 r32881-6cbb072b57) 14.3.0, GNU ld (GNU Binutils) 2.44) #0 SMP Wed Apr 22 18:41:29 2026
[    0.000000] KASLR enabled
[    0.000000] random: crng init done
[    0.000000] Machine model: linux,dummy-virt
[    0.000000] efi: UEFI not found.
[    0.000000] OF: reserved mem: Reserved memory: No reserved-memory node in the DT
[    0.000000] NUMA: Faking a node at [mem 0x0000000040000000-0x0000000047ffffff]
[    0.000000] NODE_DATA(0) allocated [mem 0x47fb7e80-0x47fbabff]
[    0.000000] Zone ranges:
[    0.000000]   DMA      [mem 0x0000000040000000-0x0000000047ffffff]
[    0.000000]   DMA32    empty
[    0.000000]   Normal   empty
[    0.000000] Movable zone start for each node
[    0.000000] Early memory node ranges
[    0.000000]   node   0: [mem 0x0000000040000000-0x0000000047ffffff]
[    0.000000] Initmem setup node 0 [mem 0x0000000040000000-0x0000000047ffffff]
[    0.000000] cma: Reserved 32 MiB at 0x0000000045c00000 on node -1
[    0.000000] psci: probing for conduit method from DT.
[    0.000000] psci: PSCIv1.1 detected in firmware.
[    0.000000] psci: Using standard PSCI v0.2 function IDs
[    0.000000] psci: Trusted OS migration not required
[    0.000000] psci: SMC Calling Convention v1.0
[    0.000000] percpu: Embedded 23 pages/cpu s53400 r8192 d32616 u94208
[    0.000000] Detected PIPT I-cache on CPU0
[    0.000000] CPU features: detected: Spectre-v2
[    0.000000] CPU features: detected: Spectre-v3a
[    0.000000] CPU features: detected: Spectre-v4
[    0.000000] CPU features: detected: Spectre-BHB
[    0.000000] CPU features: kernel page table isolation forced ON by KASLR
[    0.000000] CPU features: detected: Kernel page table isolation (KPTI)
[    0.000000] CPU features: detected: ARM erratum 834220
[    0.000000] CPU features: detected: ARM erratum 832075
[    0.000000] CPU features: detected: ARM errata 1165522, 1319367, or 1530923
[    0.000000] alternatives: applying boot alternatives
[    0.000000] Kernel command line: 
[    0.000000] Dentry cache hash table entries: 16384 (order: 5, 131072 bytes, linear)
[    0.000000] Inode-cache hash table entries: 8192 (order: 4, 65536 bytes, linear)
[    0.000000] Fallback order for Node 0: 0 
[    0.000000] Built 1 zonelists, mobility grouping on.  Total pages: 32768
[    0.000000] Policy zone: DMA
[    0.000000] mem auto-init: stack:off, heap alloc:off, heap free:off
[    0.000000] software IO TLB: SWIOTLB bounce buffer size adjusted to 0MB
[    0.000000] software IO TLB: area num 1.
[    0.000000] software IO TLB: mapped [mem 0x0000000047f1b000-0x0000000047f5b000] (0MB)
[    0.000000] SLUB: HWalign=64, Order=0-3, MinObjects=0, CPUs=1, Nodes=1
[    0.000000] rcu: Hierarchical RCU implementation.
[    0.000000] rcu: 	RCU restricting CPUs from NR_CPUS=256 to nr_cpu_ids=1.
[    0.000000] 	Tracing variant of Tasks RCU enabled.
[    0.000000] rcu: RCU calculated value of scheduler-enlistment delay is 10 jiffies.
[    0.000000] rcu: Adjusting geometry for rcu_fanout_leaf=16, nr_cpu_ids=1
[    0.000000] RCU Tasks Trace: Setting shift to 0 and lim to 1 rcu_task_cb_adjust=1 rcu_task_cpu_ids=1.
[    0.000000] NR_IRQS: 64, nr_irqs: 64, preallocated irqs: 0
[    0.000000] Root IRQ handler: 0xffffbfeb3f4100c0
[    0.000000] GICv2m: range[mem 0x08020000-0x08020fff], SPI[80:143]
[    0.000000] rcu: srcu_init: Setting srcu_struct sizes based on contention.
[    0.000000] arch_timer: cp15 timer(s) running at 62.50MHz (virt).
[    0.000000] clocksource: arch_sys_counter: mask: 0x1ffffffffffffff max_cycles: 0x1cd42e208c, max_idle_ns: 881590405314 ns
[    0.000086] sched_clock: 57 bits at 63MHz, resolution 16ns, wraps every 4398046511096ns
[    0.004467] Console: colour dummy device 80x25
[    0.005109] printk: legacy console [tty0] enabled
[    0.013973] Calibrating delay loop (skipped), value calculated using timer frequency.. 125.00 BogoMIPS (lpj=625000)
[    0.014123] pid_max: default: 32768 minimum: 301
[    0.016924] Mount-cache hash table entries: 512 (order: 0, 4096 bytes, linear)
[    0.016990] Mountpoint-cache hash table entries: 512 (order: 0, 4096 bytes, linear)
[    0.043930] cacheinfo: Unable to detect cache hierarchy for CPU 0
[    0.054534] rcu: Hierarchical SRCU implementation.
[    0.054613] rcu: 	Max phase no-delay instances is 1000.
[    0.057981] EFI services will not be available.
[    0.058832] smp: Bringing up secondary CPUs ...
[    0.059422] smp: Brought up 1 node, 1 CPU
[    0.059464] SMP: Total of 1 processors activated.
[    0.059513] CPU: All CPU(s) started at EL1
[    0.059748] CPU features: detected: 32-bit EL0 Support
[    0.059776] CPU features: detected: 32-bit EL1 Support
[    0.059878] CPU features: detected: CRC32 instructions
[    0.070831] alternatives: applying system-wide alternatives
[    0.080260] CPU features: emulated: Privileged Access Never (PAN) using TTBR0_EL1 switching
[    0.093033] Memory: 53252K/131072K available (12608K kernel code, 1572K rwdata, 3424K rodata, 21120K init, 763K bss, 43728K reserved, 32768K cma-reserved)
[    0.125619] clocksource: jiffies: mask: 0xffffffff max_cycles: 0xffffffff, max_idle_ns: 19112604462750000 ns
[    0.126864] futex hash table entries: 256 (order: 2, 16384 bytes, linear)
[    0.129097] 2G module region forced by RANDOMIZE_MODULE_REGION_FULL
[    0.129159] 0 pages in range for non-PLT usage
[    0.129207] 514352 pages in range for PLT usage
[    0.130429] pinctrl core: initialized pinctrl subsystem
[    0.142514] DMI not present or invalid.
[    0.159361] NET: Registered PF_NETLINK/PF_ROUTE protocol family
[    0.169355] DMA: preallocated 128 KiB GFP_KERNEL pool for atomic allocations
[    0.169925] DMA: preallocated 128 KiB GFP_KERNEL|GFP_DMA pool for atomic allocations
[    0.170217] DMA: preallocated 128 KiB GFP_KERNEL|GFP_DMA32 pool for atomic allocations
[    0.174221] thermal_sys: Registered thermal governor 'step_wise'
[    0.174529] cpuidle: using governor ladder
[    0.174719] cpuidle: using governor menu
[    0.175466] ASID allocator initialised with 32768 entries
[    0.177489] Serial: AMBA PL011 UART driver
[    0.205558] 9000000.pl011: ttyAMA0 at MMIO 0x9000000 (irq = 13, base_baud = 0) is a PL011 rev1
[    0.207110] printk: legacy console [ttyAMA0] enabled
[    0.436750] HugeTLB: registered 1.00 GiB page size, pre-allocated 0 pages
[    0.437042] HugeTLB: 0 KiB vmemmap can be freed for a 1.00 GiB page
[    0.437291] HugeTLB: registered 32.0 MiB page size, pre-allocated 0 pages
[    0.440140] HugeTLB: 0 KiB vmemmap can be freed for a 32.0 MiB page
[    0.440416] HugeTLB: registered 2.00 MiB page size, pre-allocated 0 pages
[    0.440707] HugeTLB: 0 KiB vmemmap can be freed for a 2.00 MiB page
[    0.440994] HugeTLB: registered 64.0 KiB page size, pre-allocated 0 pages
[    0.452842] HugeTLB: 0 KiB vmemmap can be freed for a 64.0 KiB page
[    0.461033] cryptd: max_cpu_qlen set to 1000
[    0.466566] ACPI: Interpreter disabled.
[    0.469156] iommu: Default domain type: Passthrough
[    0.470489] SCSI subsystem initialized
[    0.472402] usbcore: registered new interface driver usbfs
[    0.472846] usbcore: registered new interface driver hub
[    0.473150] usbcore: registered new device driver usb
[    0.497871] clocksource: Switched to clocksource arch_sys_counter
[    0.500739] netfs: FS-Cache loaded
[    0.501664] pnp: PnP ACPI: disabled
[    0.509608] NET: Registered PF_INET protocol family
[    0.511201] IP idents hash table entries: 2048 (order: 2, 16384 bytes, linear)
[    0.516486] tcp_listen_portaddr_hash hash table entries: 256 (order: 0, 4096 bytes, linear)
[    0.516994] Table-perturb hash table entries: 65536 (order: 6, 262144 bytes, linear)
[    0.520042] TCP established hash table entries: 1024 (order: 1, 8192 bytes, linear)
[    0.520579] TCP bind hash table entries: 1024 (order: 3, 32768 bytes, linear)
[    0.520969] TCP: Hash tables configured (established 1024 bind 1024)
[    0.522638] MPTCP token hash table entries: 256 (order: 1, 6144 bytes, linear)
[    0.531930] UDP hash table entries: 256 (order: 1, 8192 bytes, linear)
[    0.532556] UDP-Lite hash table entries: 256 (order: 1, 8192 bytes, linear)
[    0.534267] NET: Registered PF_UNIX/PF_LOCAL protocol family
[    0.534990] PCI: CLS 0 bytes, default 64
[    0.567426] kvm [1]: HYP mode not available
[    0.572047] workingset: timestamp_bits=42 max_order=15 bucket_order=0
[    0.573990] squashfs: version 4.0 (2009/01/31) Phillip Lougher
[    0.574214] jffs2: version 2.2 (NAND) (SUMMARY) (LZMA) (RTIME) (CMODE_PRIORITY) (c) 2001-2006 Red Hat, Inc.
[    0.588104] 9p: Installing v9fs 9p2000 file system support
[    0.590748] Block layer SCSI generic (bsg) driver version 0.4 loaded (major 250)
[    0.602506] atomic64_test: passed
[    0.618261] pl061_gpio 9030000.pl061: PL061 GPIO chip registered
[    0.620615] pci-host-generic 4010000000.pcie: host bridge /pcie@10000000 ranges:
[    0.621501] pci-host-generic 4010000000.pcie:       IO 0x003eff0000..0x003effffff -> 0x0000000000
[    0.622419] pci-host-generic 4010000000.pcie:      MEM 0x0010000000..0x003efeffff -> 0x0010000000
[    0.629253] pci-host-generic 4010000000.pcie:      MEM 0x8000000000..0xffffffffff -> 0x8000000000
[    0.630215] pci-host-generic 4010000000.pcie: Memory resource size exceeds max for 32 bits
[    0.632040] pci-host-generic 4010000000.pcie: ECAM at [mem 0x4010000000-0x401fffffff] for [bus 00-ff]
[    0.641382] pci-host-generic 4010000000.pcie: PCI host bridge to bus 0000:00
[    0.641977] pci_bus 0000:00: root bus resource [bus 00-ff]
[    0.642251] pci_bus 0000:00: root bus resource [io  0x0000-0xffff]
[    0.642495] pci_bus 0000:00: root bus resource [mem 0x10000000-0x3efeffff]
[    0.651244] pci_bus 0000:00: root bus resource [mem 0x8000000000-0xffffffffff]
[    0.653133] pci 0000:00:00.0: [1b36:0008] type 00 class 0x060000 conventional PCI endpoint
[    0.656439] pci 0000:00:01.0: [1af4:1000] type 00 class 0x020000 conventional PCI endpoint
[    0.662642] pci 0000:00:01.0: BAR 0 [io  0x0000-0x001f]
[    0.663012] pci 0000:00:01.0: BAR 4 [mem 0x00000000-0x00003fff 64bit pref]
[    0.663318] pci 0000:00:01.0: ROM [mem 0x00000000-0x0007ffff pref]
[    0.663867] pci 0000:00:02.0: [1af4:1005] type 00 class 0x00ff00 conventional PCI endpoint
[    0.673304] pci 0000:00:02.0: BAR 0 [io  0x0000-0x001f]
[    0.673609] pci 0000:00:02.0: BAR 1 [mem 0x00000000-0x00000fff]
[    0.673942] pci 0000:00:02.0: BAR 4 [mem 0x00000000-0x00003fff 64bit pref]
[    0.674518] pci 0000:00:03.0: [1af4:1000] type 00 class 0x020000 conventional PCI endpoint
[    0.684788] pci 0000:00:03.0: BAR 0 [io  0x0000-0x001f]
[    0.685117] pci 0000:00:03.0: BAR 1 [mem 0x00000000-0x00000fff]
[    0.685404] pci 0000:00:03.0: BAR 4 [mem 0x00000000-0x00003fff 64bit pref]
[    0.685717] pci 0000:00:03.0: ROM [mem 0x00000000-0x0007ffff pref]
[    0.697459] pci 0000:00:01.0: ROM [mem 0x10000000-0x1007ffff pref]: assigned
[    0.697905] pci 0000:00:03.0: ROM [mem 0x10080000-0x100fffff pref]: assigned
[    0.698214] pci 0000:00:01.0: BAR 4 [mem 0x8000000000-0x8000003fff 64bit pref]: assigned
[    0.698573] pci 0000:00:02.0: BAR 4 [mem 0x8000004000-0x8000007fff 64bit pref]: assigned
[    0.708205] pci 0000:00:03.0: BAR 4 [mem 0x8000008000-0x800000bfff 64bit pref]: assigned
[    0.708552] pci 0000:00:02.0: BAR 1 [mem 0x10100000-0x10100fff]: assigned
[    0.708821] pci 0000:00:03.0: BAR 1 [mem 0x10101000-0x10101fff]: assigned
[    0.719030] pci 0000:00:01.0: BAR 0 [io  0x1000-0x101f]: assigned
[    0.719366] pci 0000:00:02.0: BAR 0 [io  0x1020-0x103f]: assigned
[    0.719664] pci 0000:00:03.0: BAR 0 [io  0x1040-0x105f]: assigned
[    0.720252] pci_bus 0000:00: resource 4 [io  0x0000-0xffff]
[    0.720471] pci_bus 0000:00: resource 5 [mem 0x10000000-0x3efeffff]
[    0.730490] pci_bus 0000:00: resource 6 [mem 0x8000000000-0xffffffffff]
[    0.733768] hv_vmbus: registering driver hyperv_fb
[    0.837271] virtio-pci 0000:00:01.0: enabling device (0000 -> 0003)
[    0.840438] virtio-pci 0000:00:02.0: enabling device (0000 -> 0003)
[    0.841906] virtio-pci 0000:00:03.0: enabling device (0000 -> 0003)
[    0.844692] Serial: 8250/16550 driver, 16 ports, IRQ sharing enabled
[    0.853155] SuperH (H)SCI(F) driver initialized
[    0.888347] loop: module loaded
[    0.889378] hv_vmbus: registering driver hv_storvsc
[    0.903982] hv_vmbus: registering driver hv_netvsc
[    0.906740] usbcore: registered new interface driver usb-storage
[    0.909828] hv_vmbus: registering driver hyperv_keyboard
[    0.912616] rtc-pl031 9010000.pl031: registered as rtc0
[    0.913400] rtc-pl031 9010000.pl031: setting system clock to 2026-04-26T02:03:29 UTC (1777169009)
[    0.918160] sdhci: Secure Digital Host Controller Interface driver
[    0.918411] sdhci: Copyright(c) Pierre Ossman
[    0.919051] Synopsys Designware Multimedia Card Interface Driver
[    0.919782] sdhci-pltfm: SDHCI platform and OF driver helper
[    0.921606] hid: raw HID events driver (C) Jiri Kosina
[    0.929311] usbcore: registered new interface driver usbhid
[    0.929524] usbhid: USB HID core driver
[    0.932237] NET: Registered PF_INET6 protocol family
[    0.951554] Segment Routing with IPv6
[    0.951928] In-situ OAM (IOAM) with IPv6
[    0.952560] NET: Registered PF_PACKET protocol family
[    0.953225] bridge: filtering via arp/ip/ip6tables is no longer available by default. Update your scripts to load br_netfilter if you need this.
[    0.962715] 8021q: 802.1Q VLAN Support v1.8
[    0.963671] 9pnet: Installing 9P2000 support
[    1.016347] Demotion targets for Node 0: null
[    1.025640] clk: Disabling unused clocks
[    1.026022] PM: genpd: Disabling unused power domains
[    1.074705] Freeing unused kernel memory: 21120K
[    1.079178] Run /init as init process
[    2.962007] init: Console is alive
[    3.053751] kmodloader: loading kernel modules from /etc/modules-boot.d/*
[    3.079115] pps_core: LinuxPPS API ver. 1 registered
[    3.079367] pps_core: Software ver. 5.3.6 - Copyright 2005-2007 Rodolfo Giometti <giometti@linux.it>
[    3.118744] PTP clock support registered
[    3.153863] e1000e: Intel(R) PRO/1000 Network Driver
[    3.154102] e1000e: Copyright(c) 1999 - 2015 Intel Corporation.
[    3.156262] kmodloader: done loading kernel modules from /etc/modules-boot.d/*
[    3.170584] init: - preinit -
[    4.967950] 8021q: adding VLAN 0 to HW filter on device eth0
Press the [f] key and hit [enter] to enter failsafe mode
Press the [1], [2], [3] or [4] key and hit [enter] to select the debug level
[    9.986063] procd: - early -
[   11.078969] procd: - ubus -
[   11.288769] procd: - init -
Please press Enter to activate this console.
root
login[1150]: root login on 'ttyAMA0'


BusyBox v1.37.0 (2026-04-22 18:41:29 UTC) built-in shell (ash)

  _______                     ________        __
 |       |.-----.-----.-----.|  |  |  |.----.|  |_
 |   -   ||  _  |  -__|     ||  |  |  ||   _||   _|
 |_______||   __|_____|__|__||________||__|  |____|
          |__| W I R E L E S S   F R E E D O M
 -----------------------------------------------------
 OpenWrt 25.12-SNAPSHOT, r32881-6cbb072b57 Dave's Guitar
 -----------------------------------------------------

 === WARNING! =====================================
 There is no root password defined on this device!
 Use the "passwd" command to set up a new password
 in order to prevent unauthorized SSH logins.
 --------------------------------------------------


 OpenWrt recently switched to the "apk" package manager!

 OPKG Command           APK Equivalent      Description
 ------------------------------------------------------------------
 opkg install <pkg>     apk add <pkg>       Install a package
 opkg remove <pkg>      apk del <pkg>       Remove a package
 opkg upgrade           apk upgrade         Upgrade all packages
 opkg files <pkg>       apk info -L <pkg>   List package contents
 opkg list-installed    apk info            List installed packages
 opkg update            apk update          Update package lists
 opkg search <pkg>      apk search <pkg>    Search for packages
 ------------------------------------------------------------------

For more information visit:
https://openwrt.org/docs/guide-user/additional-software/opkg-to-apk-cheatsheet

root@(none):~# dmesg -n 1
root@(none):~# echo 'SCVU''KWKOVN'
SCVUKWKOVN
root@(none):~# run() { echo -n "$MARKER"; sh -c "$@"; echo "$MARKER $?"; }
root@(none):~# echo 'HOHZ''GTFQVB'
HOHZGTFQVB
root@(none):~# MARKER='LKLL''YGLCUZ' run 'ubus wait_for network.interface.lan'
LKLLYGLCUZ