Labgrid Console Logfile for main
Logfile started at 2026-05-02 02:05:26.101257
=== Log starts here ===
[    0.000000] Booting Linux on physical CPU 0x0000000000 [0x411fd070]
[    0.000000] Linux version 6.12.84 (builder@buildhost) (aarch64-openwrt-linux-musl-gcc (OpenWrt GCC 14.3.0 r32899-8a85437738) 14.3.0, GNU ld (GNU Binutils) 2.44) #0 SMP Thu Apr 30 19:18:02 2026
[    0.000000] KASLR enabled
[    0.000000] random: crng init done
[    0.000000] Machine model: linux,dummy-virt
[    0.000000] efi: UEFI not found.
[    0.000000] OF: reserved mem: Reserved memory: No reserved-memory node in the DT
[    0.000000] NUMA: Faking a node at [mem 0x0000000040000000-0x0000000047ffffff]
[    0.000000] NODE_DATA(0) allocated [mem 0x47fb7e80-0x47fbabff]
[    0.000000] Zone ranges:
[    0.000000]   DMA      [mem 0x0000000040000000-0x0000000047ffffff]
[    0.000000]   DMA32    empty
[    0.000000]   Normal   empty
[    0.000000] Movable zone start for each node
[    0.000000] Early memory node ranges
[    0.000000]   node   0: [mem 0x0000000040000000-0x0000000047ffffff]
[    0.000000] Initmem setup node 0 [mem 0x0000000040000000-0x0000000047ffffff]
[    0.000000] cma: Reserved 32 MiB at 0x0000000045c00000 on node -1
[    0.000000] psci: probing for conduit method from DT.
[    0.000000] psci: PSCIv1.1 detected in firmware.
[    0.000000] psci: Using standard PSCI v0.2 function IDs
[    0.000000] psci: Trusted OS migration not required
[    0.000000] psci: SMC Calling Convention v1.0
[    0.000000] percpu: Embedded 23 pages/cpu s53400 r8192 d32616 u94208
[    0.000000] Detected PIPT I-cache on CPU0
[    0.000000] CPU features: detected: Spectre-v2
[    0.000000] CPU features: detected: Spectre-v3a
[    0.000000] CPU features: detected: Spectre-v4
[    0.000000] CPU features: detected: Spectre-BHB
[    0.000000] CPU features: kernel page table isolation forced ON by KASLR
[    0.000000] CPU features: detected: Kernel page table isolation (KPTI)
[    0.000000] CPU features: detected: ARM erratum 834220
[    0.000000] CPU features: detected: ARM erratum 832075
[    0.000000] CPU features: detected: ARM errata 1165522, 1319367, or 1530923
[    0.000000] alternatives: applying boot alternatives
[    0.000000] Kernel command line: 
[    0.000000] Dentry cache hash table entries: 16384 (order: 5, 131072 bytes, linear)
[    0.000000] Inode-cache hash table entries: 8192 (order: 4, 65536 bytes, linear)
[    0.000000] Fallback order for Node 0: 0 
[    0.000000] Built 1 zonelists, mobility grouping on.  Total pages: 32768
[    0.000000] Policy zone: DMA
[    0.000000] mem auto-init: stack:off, heap alloc:off, heap free:off
[    0.000000] software IO TLB: SWIOTLB bounce buffer size adjusted to 0MB
[    0.000000] software IO TLB: area num 1.
[    0.000000] software IO TLB: mapped [mem 0x0000000047f1a000-0x0000000047f5a000] (0MB)
[    0.000000] SLUB: HWalign=64, Order=0-3, MinObjects=0, CPUs=1, Nodes=1
[    0.000000] rcu: Hierarchical RCU implementation.
[    0.000000] rcu: 	RCU restricting CPUs from NR_CPUS=256 to nr_cpu_ids=1.
[    0.000000] 	Tracing variant of Tasks RCU enabled.
[    0.000000] rcu: RCU calculated value of scheduler-enlistment delay is 10 jiffies.
[    0.000000] rcu: Adjusting geometry for rcu_fanout_leaf=16, nr_cpu_ids=1
[    0.000000] RCU Tasks Trace: Setting shift to 0 and lim to 1 rcu_task_cb_adjust=1 rcu_task_cpu_ids=1.
[    0.000000] NR_IRQS: 64, nr_irqs: 64, preallocated irqs: 0
[    0.000000] Root IRQ handler: 0xffffcc37f7a100c0
[    0.000000] GICv2m: range[mem 0x08020000-0x08020fff], SPI[80:143]
[    0.000000] rcu: srcu_init: Setting srcu_struct sizes based on contention.
[    0.000000] arch_timer: cp15 timer(s) running at 62.50MHz (virt).
[    0.000000] clocksource: arch_sys_counter: mask: 0x1ffffffffffffff max_cycles: 0x1cd42e208c, max_idle_ns: 881590405314 ns
[    0.000046] sched_clock: 57 bits at 63MHz, resolution 16ns, wraps every 4398046511096ns
[    0.002328] Console: colour dummy device 80x25
[    0.002654] printk: legacy console [tty0] enabled
[    0.005689] Calibrating delay loop (skipped), value calculated using timer frequency.. 125.00 BogoMIPS (lpj=625000)
[    0.005799] pid_max: default: 32768 minimum: 301
[    0.007924] Mount-cache hash table entries: 512 (order: 0, 4096 bytes, linear)
[    0.007970] Mountpoint-cache hash table entries: 512 (order: 0, 4096 bytes, linear)
[    0.031631] cacheinfo: Unable to detect cache hierarchy for CPU 0
[    0.039563] rcu: Hierarchical SRCU implementation.
[    0.039612] rcu: 	Max phase no-delay instances is 1000.
[    0.042742] EFI services will not be available.
[    0.043397] smp: Bringing up secondary CPUs ...
[    0.044023] smp: Brought up 1 node, 1 CPU
[    0.044071] SMP: Total of 1 processors activated.
[    0.044148] CPU: All CPU(s) started at EL1
[    0.044380] CPU features: detected: 32-bit EL0 Support
[    0.044408] CPU features: detected: 32-bit EL1 Support
[    0.044479] CPU features: detected: CRC32 instructions
[    0.048957] alternatives: applying system-wide alternatives
[    0.061321] CPU features: emulated: Privileged Access Never (PAN) using TTBR0_EL1 switching
[    0.074398] Memory: 53184K/131072K available (12672K kernel code, 1572K rwdata, 3424K rodata, 21120K init, 764K bss, 43796K reserved, 32768K cma-reserved)
[    0.101898] clocksource: jiffies: mask: 0xffffffff max_cycles: 0xffffffff, max_idle_ns: 19112604462750000 ns
[    0.102394] futex hash table entries: 256 (order: 2, 16384 bytes, linear)
[    0.104491] 2G module region forced by RANDOMIZE_MODULE_REGION_FULL
[    0.104549] 0 pages in range for non-PLT usage
[    0.104589] 514336 pages in range for PLT usage
[    0.105534] pinctrl core: initialized pinctrl subsystem
[    0.114722] DMI not present or invalid.
[    0.125533] NET: Registered PF_NETLINK/PF_ROUTE protocol family
[    0.133069] DMA: preallocated 128 KiB GFP_KERNEL pool for atomic allocations
[    0.133503] DMA: preallocated 128 KiB GFP_KERNEL|GFP_DMA pool for atomic allocations
[    0.133701] DMA: preallocated 128 KiB GFP_KERNEL|GFP_DMA32 pool for atomic allocations
[    0.137018] thermal_sys: Registered thermal governor 'step_wise'
[    0.137279] cpuidle: using governor ladder
[    0.137427] cpuidle: using governor menu
[    0.138002] ASID allocator initialised with 32768 entries
[    0.139424] Serial: AMBA PL011 UART driver
[    0.161539] 9000000.pl011: ttyAMA0 at MMIO 0x9000000 (irq = 13, base_baud = 0) is a PL011 rev1
[    0.162728] printk: legacy console [ttyAMA0] enabled
[    0.399567] HugeTLB: registered 1.00 GiB page size, pre-allocated 0 pages
[    0.400001] HugeTLB: 0 KiB vmemmap can be freed for a 1.00 GiB page
[    0.400430] HugeTLB: registered 32.0 MiB page size, pre-allocated 0 pages
[    0.400781] HugeTLB: 0 KiB vmemmap can be freed for a 32.0 MiB page
[    0.401021] HugeTLB: registered 2.00 MiB page size, pre-allocated 0 pages
[    0.401302] HugeTLB: 0 KiB vmemmap can be freed for a 2.00 MiB page
[    0.401529] HugeTLB: registered 64.0 KiB page size, pre-allocated 0 pages
[    0.401758] HugeTLB: 0 KiB vmemmap can be freed for a 64.0 KiB page
[    0.418651] cryptd: max_cpu_qlen set to 1000
[    0.422710] ACPI: Interpreter disabled.
[    0.424831] iommu: Default domain type: Passthrough
[    0.426723] SCSI subsystem initialized
[    0.428238] usbcore: registered new interface driver usbfs
[    0.428586] usbcore: registered new interface driver hub
[    0.428824] usbcore: registered new device driver usb
[    0.446297] clocksource: Switched to clocksource arch_sys_counter
[    0.448036] netfs: FS-Cache loaded
[    0.448748] pnp: PnP ACPI: disabled
[    0.456040] NET: Registered PF_INET protocol family
[    0.457244] IP idents hash table entries: 2048 (order: 2, 16384 bytes, linear)
[    0.461563] tcp_listen_portaddr_hash hash table entries: 256 (order: 0, 4096 bytes, linear)
[    0.461841] Table-perturb hash table entries: 65536 (order: 6, 262144 bytes, linear)
[    0.462101] TCP established hash table entries: 1024 (order: 1, 8192 bytes, linear)
[    0.467955] TCP bind hash table entries: 1024 (order: 3, 32768 bytes, linear)
[    0.468366] TCP: Hash tables configured (established 1024 bind 1024)
[    0.469661] MPTCP token hash table entries: 256 (order: 1, 6144 bytes, linear)
[    0.470069] UDP hash table entries: 256 (order: 1, 8192 bytes, linear)
[    0.478762] UDP-Lite hash table entries: 256 (order: 1, 8192 bytes, linear)
[    0.480020] NET: Registered PF_UNIX/PF_LOCAL protocol family
[    0.480592] PCI: CLS 0 bytes, default 64
[    0.505938] kvm [1]: HYP mode not available
[    0.515670] workingset: timestamp_bits=42 max_order=15 bucket_order=0
[    0.517437] squashfs: version 4.0 (2009/01/31) Phillip Lougher
[    0.517620] jffs2: version 2.2 (NAND) (SUMMARY) (LZMA) (RTIME) (CMODE_PRIORITY) (c) 2001-2006 Red Hat, Inc.
[    0.518966] 9p: Installing v9fs 9p2000 file system support
[    0.520997] Block layer SCSI generic (bsg) driver version 0.4 loaded (major 250)
[    0.549403] atomic64_test: passed
[    0.558820] pl061_gpio 9030000.pl061: PL061 GPIO chip registered
[    0.560975] pci-host-generic 4010000000.pcie: host bridge /pcie@10000000 ranges:
[    0.561767] pci-host-generic 4010000000.pcie:       IO 0x003eff0000..0x003effffff -> 0x0000000000
[    0.563371] pci-host-generic 4010000000.pcie:      MEM 0x0010000000..0x003efeffff -> 0x0010000000
[    0.571349] pci-host-generic 4010000000.pcie:      MEM 0x8000000000..0xffffffffff -> 0x8000000000
[    0.572134] pci-host-generic 4010000000.pcie: Memory resource size exceeds max for 32 bits
[    0.572798] pci-host-generic 4010000000.pcie: ECAM at [mem 0x4010000000-0x401fffffff] for [bus 00-ff]
[    0.583249] pci-host-generic 4010000000.pcie: PCI host bridge to bus 0000:00
[    0.583696] pci_bus 0000:00: root bus resource [bus 00-ff]
[    0.583890] pci_bus 0000:00: root bus resource [io  0x0000-0xffff]
[    0.584070] pci_bus 0000:00: root bus resource [mem 0x10000000-0x3efeffff]
[    0.593510] pci_bus 0000:00: root bus resource [mem 0x8000000000-0xffffffffff]
[    0.594951] pci 0000:00:00.0: [1b36:0008] type 00 class 0x060000 conventional PCI endpoint
[    0.597620] pci 0000:00:01.0: [1af4:1000] type 00 class 0x020000 conventional PCI endpoint
[    0.598009] pci 0000:00:01.0: BAR 0 [io  0x0000-0x001f]
[    0.604310] pci 0000:00:01.0: BAR 4 [mem 0x00000000-0x00003fff 64bit pref]
[    0.604665] pci 0000:00:01.0: ROM [mem 0x00000000-0x0007ffff pref]
[    0.605209] pci 0000:00:02.0: [1af4:1005] type 00 class 0x00ff00 conventional PCI endpoint
[    0.605545] pci 0000:00:02.0: BAR 0 [io  0x0000-0x001f]
[    0.614943] pci 0000:00:02.0: BAR 1 [mem 0x00000000-0x00000fff]
[    0.615185] pci 0000:00:02.0: BAR 4 [mem 0x00000000-0x00003fff 64bit pref]
[    0.616018] pci 0000:00:03.0: [1af4:1000] type 00 class 0x020000 conventional PCI endpoint
[    0.616281] pci 0000:00:03.0: BAR 0 [io  0x0000-0x001f]
[    0.625791] pci 0000:00:03.0: BAR 1 [mem 0x00000000-0x00000fff]
[    0.626124] pci 0000:00:03.0: BAR 4 [mem 0x00000000-0x00003fff 64bit pref]
[    0.626358] pci 0000:00:03.0: ROM [mem 0x00000000-0x0007ffff pref]
[    0.628666] pci 0000:00:01.0: ROM [mem 0x10000000-0x1007ffff pref]: assigned
[    0.636667] pci 0000:00:03.0: ROM [mem 0x10080000-0x100fffff pref]: assigned
[    0.637053] pci 0000:00:01.0: BAR 4 [mem 0x8000000000-0x8000003fff 64bit pref]: assigned
[    0.637424] pci 0000:00:02.0: BAR 4 [mem 0x8000004000-0x8000007fff 64bit pref]: assigned
[    0.637730] pci 0000:00:03.0: BAR 4 [mem 0x8000008000-0x800000bfff 64bit pref]: assigned
[    0.647394] pci 0000:00:02.0: BAR 1 [mem 0x10100000-0x10100fff]: assigned
[    0.647640] pci 0000:00:03.0: BAR 1 [mem 0x10101000-0x10101fff]: assigned
[    0.647832] pci 0000:00:01.0: BAR 0 [io  0x1000-0x101f]: assigned
[    0.648019] pci 0000:00:02.0: BAR 0 [io  0x1020-0x103f]: assigned
[    0.658025] pci 0000:00:03.0: BAR 0 [io  0x1040-0x105f]: assigned
[    0.658485] pci_bus 0000:00: resource 4 [io  0x0000-0xffff]
[    0.658651] pci_bus 0000:00: resource 5 [mem 0x10000000-0x3efeffff]
[    0.658806] pci_bus 0000:00: resource 6 [mem 0x8000000000-0xffffffffff]
[    0.672074] hv_vmbus: registering driver hyperv_fb
[    0.751495] virtio-pci 0000:00:01.0: enabling device (0000 -> 0003)
[    0.753972] virtio-pci 0000:00:02.0: enabling device (0000 -> 0003)
[    0.755141] virtio-pci 0000:00:03.0: enabling device (0000 -> 0003)
[    0.757535] Serial: 8250/16550 driver, 16 ports, IRQ sharing enabled
[    0.766467] SuperH (H)SCI(F) driver initialized
[    0.793276] loop: module loaded
[    0.794127] hv_vmbus: registering driver hv_storvsc
[    0.806274] hv_vmbus: registering driver hv_netvsc
[    0.808388] usbcore: registered new interface driver usb-storage
[    0.810549] hv_vmbus: registering driver hyperv_keyboard
[    0.812694] rtc-pl031 9010000.pl031: registered as rtc0
[    0.813300] rtc-pl031 9010000.pl031: setting system clock to 2026-05-02T02:05:26 UTC (1777687526)
[    0.819545] sdhci: Secure Digital Host Controller Interface driver
[    0.819716] sdhci: Copyright(c) Pierre Ossman
[    0.820228] Synopsys Designware Multimedia Card Interface Driver
[    0.820824] sdhci-pltfm: SDHCI platform and OF driver helper
[    0.829126] hid: raw HID events driver (C) Jiri Kosina
[    0.829570] usbcore: registered new interface driver usbhid
[    0.829718] usbhid: USB HID core driver
[    0.831912] NET: Registered PF_INET6 protocol family
[    0.846452] Segment Routing with IPv6
[    0.846734] In-situ OAM (IOAM) with IPv6
[    0.847233] NET: Registered PF_PACKET protocol family
[    0.847736] bridge: filtering via arp/ip/ip6tables is no longer available by default. Update your scripts to load br_netfilter if you need this.
[    0.857400] 8021q: 802.1Q VLAN Support v1.8
[    0.858059] 9pnet: Installing 9P2000 support
[    0.904135] Demotion targets for Node 0: null
[    0.911518] clk: Disabling unused clocks
[    0.911807] PM: genpd: Disabling unused power domains
[    0.949767] Freeing unused kernel memory: 21120K
[    0.950819] Run /init as init process
[    2.393615] init: Console is alive
[    2.463654] kmodloader: loading kernel modules from /etc/modules-boot.d/*
[    2.486830] pps_core: LinuxPPS API ver. 1 registered
[    2.487075] pps_core: Software ver. 5.3.6 - Copyright 2005-2007 Rodolfo Giometti <giometti@linux.it>
[    2.519549] PTP clock support registered
[    2.551769] e1000e: Intel(R) PRO/1000 Network Driver
[    2.552016] e1000e: Copyright(c) 1999 - 2015 Intel Corporation.
[    2.553508] kmodloader: done loading kernel modules from /etc/modules-boot.d/*
[    2.569260] init: - preinit -
[    3.972973] 8021q: adding VLAN 0 to HW filter on device eth0
Press the [f] key and hit [enter] to enter failsafe mode
Press the [1], [2], [3] or [4] key and hit [enter] to select the debug level
[    8.764678] procd: - early -
[    9.701498] procd: - ubus -
[    9.896988] procd: - init -
Please press Enter to activate this console.
root
login[1151]: root login on 'ttyAMA0'


BusyBox v1.37.0 (2026-04-30 19:18:02 UTC) built-in shell (ash)

  _______                     ________        __
 |       |.-----.-----.-----.|  |  |  |.----.|  |_
 |   -   ||  _  |  -__|     ||  |  |  ||   _||   _|
 |_______||   __|_____|__|__||________||__|  |____|
          |__| W I R E L E S S   F R E E D O M
 -----------------------------------------------------
 OpenWrt 25.12-SNAPSHOT, r32899-8a85437738 Dave's Guitar
 -----------------------------------------------------

 === WARNING! =====================================
 There is no root password defined on this device!
 Use the "passwd" command to set up a new password
 in order to prevent unauthorized SSH logins.
 --------------------------------------------------


 OpenWrt recently switched to the "apk" package manager!

 OPKG Command           APK Equivalent      Description
 ------------------------------------------------------------------
 opkg install <pkg>     apk add <pkg>       Install a package
 opkg remove <pkg>      apk del <pkg>       Remove a package
 opkg upgrade           apk upgrade         Upgrade all packages
 opkg files <pkg>       apk info -L <pkg>   List package contents
 opkg list-installed    apk info            List installed packages
 opkg update            apk update          Update package lists
 opkg search <pkg>      apk search <pkg>    Search for packages
 ------------------------------------------------------------------

For more information visit:
https://openwrt.org/docs/guide-user/additional-software/opkg-to-apk-cheatsheet

root@(none):~# dmesg -n 1
root@(none):~# echo 'JKZP''HASHYA'
JKZPHASHYA
root@(none):~# run() { echo -n "$MARKER"; sh -c "$@"; echo "$MARKER $?"; }
root@(none):~# echo 'MENP''PXEWTE'
MENPPXEWTE
root@(none):~# MARKER='UZBC''PAGPUO' run 'ubus wait_for network.interface.lan'
UZBCPAGPUOUZBCPAGPUO 0
root@OpenWrt:~# echo 'HOFJ''MJOXTW'
HOFJMJOXTW
root@OpenWrt:~# MARKER='MMUW''YGJZHF' run 'ubus call network.interface.lan statu
s '"'"'{}'"'"''
MMUWYGJZHF{
	"up": true,
	"pending": false,
	"available": true,
	"autostart": true,
	"dynamic": false,
	"uptime": 1,
	"l3_device": "br-lan",
	"proto": "static",
	"device": "br-lan",
	"updated": [
		"addresses"
	],
	"metric": 0,
	"dns_metric": 0,
	"delegation": true,
	"ipv4-address": [
		{
			"address": "192.168.1.1",
			"mask": 24
		}
	],
	"ipv6-address": [
		
	],
	"ipv6-prefix": [
		
	],
	"ipv6-prefix-assignment": [
		{
			"address": "fd85:5020:706a::",
			"mask": 60,
			"local-address": {
				"address": "fd85:5020:706a::1",
				"mask": 60
			}
		}
	],
	"route": [
		
	],
	"dns-server": [
		
	],
	"dns-search": [
		
	],
	"neighbors": [
		
	],
	"inactive": {
		"ipv4-address": [
			
		],
		"ipv6-address": [
			
		],
		"route": [
			
		],
		"dns-server": [
			
		],
		"dns-search": [
			
		],
		"neighbors": [
			
		]
	},
	"data": {
		
	}
}
MMUWYGJZHF 0
root@OpenWrt:~# echo 'PBWS''OXOOON'
PBWSOXOOON
root@OpenWrt:~# MARKER='LTJO''MQBYKM' run true
LTJOMQBYKMLTJOMQBYKM 0
root@OpenWrt:~# echo 'QEPX''ZNVTJU'
QEPXZNVTJU
root@OpenWrt:~# MARKER='GTET''HTOTWU' run 'source /etc/os-release; echo $BUILD_I
D'
GTETHTOTWUr32899-8a85437738
GTETHTOTWU 0
root@OpenWrt:~# echo 'KSGA''BNVKQK'
KSGABNVKQK
root@OpenWrt:~# MARKER='TWJX''LGMEHL' run 'ls /etc/dropbear/dropbear_rsa_host_ke
y'
TWJXLGMEHL[0;0m/etc/dropbear/dropbear_rsa_host_key[m
TWJXLGMEHL 0
root@OpenWrt:~# echo 'AFKV''SMMQJN'
AFKVSMMQJN
root@OpenWrt:~# MARKER='LQSW''OUCZSM' run 'netstat -tlpn | grep 0.0.0.0:22'
LQSWOUCZSMnetstat: showing only processes with your user ID
tcp        0      0 0.0.0.0:22              0.0.0.0:*               LISTEN      1998/dropbear
LQSWOUCZSM 0
root@OpenWrt:~# echo 'ZPWP''WWFZMA'
ZPWPWWFZMA
root@OpenWrt:~# MARKER='KVAB''CUSFUO' run 'dmesg | grep br-lan | grep forwarding
'
KVABCUSFUO[   39.772586] br-lan: port 1(eth0) entered forwarding state
KVABCUSFUO 0
root@OpenWrt:~# echo 'CQCS''XEFQUL'
CQCSXEFQUL
root@OpenWrt:~# MARKER='FEZH''GOUSQZ' run 'ubus call network.interface.lan statu
s '"'"'{}'"'"''
FEZHGOUSQZ{
	"up": true,
	"pending": false,
	"available": true,
	"autostart": true,
	"dynamic": false,
	"uptime": 10,
	"l3_device": "br-lan",
	"proto": "static",
	"device": "br-lan",
	"updated": [
		"addresses"
	],
	"metric": 0,
	"dns_metric": 0,
	"delegation": true,
	"ipv4-address": [
		{
			"address": "192.168.1.1",
			"mask": 24
		}
	],
	"ipv6-address": [
		
	],
	"ipv6-prefix": [
		
	],
	"ipv6-prefix-assignment": [
		{
			"address": "fd85:5020:706a::",
			"mask": 60,
			"local-address": {
				"address": "fd85:5020:706a::1",
				"mask": 60
			}
		}
	],
	"route": [
		
	],
	"dns-server": [
		
	],
	"dns-search": [
		
	],
	"neighbors": [
		
	],
	"inactive": {
		"ipv4-address": [
			
		],
		"ipv6-address": [
			
		],
		"route": [
			
		],
		"dns-server": [
			
		],
		"dns-search": [
			
		],
		"neighbors": [
			
		]
	},
	"data": {
		
	}
}
FEZHGOUSQZ 0
root@OpenWrt:~# echo 'NQXN''WPNZZQ'
NQXNWPNZZQ
root@OpenWrt:~# MARKER='WPEW''JAGUFJ' run 'ip -o addr show dev br-lan'
WPEWJAGUFJ4: br-lan    inet 192.168.1.1/24 brd 192.168.1.255 scope global br-lan\       valid_lft forever preferred_lft forever
4: br-lan    inet6 fd85:5020:706a::1/60 scope global noprefixroute \       valid_lft forever preferred_lft forever
4: br-lan    inet6 fe80::5054:ff:fe12:3456/64 scope link \       valid_lft forever preferred_lft forever
WPEWJAGUFJ 0
root@OpenWrt:~# echo 'OXGJ''FJGEGA'
OXGJFJGEGA
root@OpenWrt:~# MARKER='NOBN''CGXEYO' run 'ubus call network.interface.wan statu
s '"'"'{}'"'"''
NOBNCGXEYO{
	"up": true,
	"pending": false,
	"available": true,
	"autostart": true,
	"dynamic": false,
	"uptime": 8,
	"l3_device": "eth1",
	"proto": "dhcp",
	"device": "eth1",
	"updated": [
		"addresses",
		"routes",
		"data"
	],
	"metric": 0,
	"dns_metric": 0,
	"delegation": true,
	"ipv4-address": [
		{
			"address": "10.0.2.15",
			"mask": 24
		}
	],
	"ipv6-address": [
		
	],
	"ipv6-prefix": [
		
	],
	"ipv6-prefix-assignment": [
		
	],
	"route": [
		{
			"target": "0.0.0.0",
			"mask": 0,
			"nexthop": "10.0.2.2",
			"source": "10.0.2.15/32"
		}
	],
	"dns-server": [
		"10.0.2.3"
	],
	"dns-search": [
		
	],
	"neighbors": [
		
	],
	"inactive": {
		"ipv4-address": [
			
		],
		"ipv6-address": [
			
		],
		"route": [
			
		],
		"dns-server": [
			
		],
		"dns-search": [
			
		],
		"neighbors": [
			
		]
	},
	"data": {
		"dhcpserver": "10.0.2.2",
		"leasetime": 86400
	}
}
NOBNCGXEYO 0
root@OpenWrt:~# 