Labgrid Console Logfile for main
Logfile started at 2026-03-19 02:13:01.082540
=== Log starts here ===
[    0.000000] Booting Linux on physical CPU 0x0000000000 [0x411fd070]
[    0.000000] Linux version 6.12.74 (builder@buildhost) (aarch64-openwrt-linux-musl-gcc (OpenWrt GCC 14.3.0 r32770-f3a9a42c33) 14.3.0, GNU ld (GNU Binutils) 2.44) #0 SMP Tue Mar 17 22:31:00 2026
[    0.000000] KASLR enabled
[    0.000000] random: crng init done
[    0.000000] Machine model: linux,dummy-virt
[    0.000000] efi: UEFI not found.
[    0.000000] OF: reserved mem: Reserved memory: No reserved-memory node in the DT
[    0.000000] NUMA: Faking a node at [mem 0x0000000040000000-0x0000000047ffffff]
[    0.000000] NODE_DATA(0) allocated [mem 0x47fb7e80-0x47fbabff]
[    0.000000] Zone ranges:
[    0.000000]   DMA      [mem 0x0000000040000000-0x0000000047ffffff]
[    0.000000]   DMA32    empty
[    0.000000]   Normal   empty
[    0.000000] Movable zone start for each node
[    0.000000] Early memory node ranges
[    0.000000]   node   0: [mem 0x0000000040000000-0x0000000047ffffff]
[    0.000000] Initmem setup node 0 [mem 0x0000000040000000-0x0000000047ffffff]
[    0.000000] cma: Reserved 32 MiB at 0x0000000045c00000 on node -1
[    0.000000] psci: probing for conduit method from DT.
[    0.000000] psci: PSCIv1.1 detected in firmware.
[    0.000000] psci: Using standard PSCI v0.2 function IDs
[    0.000000] psci: Trusted OS migration not required
[    0.000000] psci: SMC Calling Convention v1.0
[    0.000000] percpu: Embedded 23 pages/cpu s53400 r8192 d32616 u94208
[    0.000000] Detected PIPT I-cache on CPU0
[    0.000000] CPU features: detected: Spectre-v2
[    0.000000] CPU features: detected: Spectre-v3a
[    0.000000] CPU features: detected: Spectre-v4
[    0.000000] CPU features: detected: Spectre-BHB
[    0.000000] CPU features: kernel page table isolation forced ON by KASLR
[    0.000000] CPU features: detected: Kernel page table isolation (KPTI)
[    0.000000] CPU features: detected: ARM erratum 834220
[    0.000000] CPU features: detected: ARM erratum 832075
[    0.000000] CPU features: detected: ARM errata 1165522, 1319367, or 1530923
[    0.000000] alternatives: applying boot alternatives
[    0.000000] Kernel command line: 
[    0.000000] Dentry cache hash table entries: 16384 (order: 5, 131072 bytes, linear)
[    0.000000] Inode-cache hash table entries: 8192 (order: 4, 65536 bytes, linear)
[    0.000000] Fallback order for Node 0: 0 
[    0.000000] Built 1 zonelists, mobility grouping on.  Total pages: 32768
[    0.000000] Policy zone: DMA
[    0.000000] mem auto-init: stack:off, heap alloc:off, heap free:off
[    0.000000] software IO TLB: SWIOTLB bounce buffer size adjusted to 0MB
[    0.000000] software IO TLB: area num 1.
[    0.000000] software IO TLB: mapped [mem 0x0000000047f1a000-0x0000000047f5a000] (0MB)
[    0.000000] SLUB: HWalign=64, Order=0-3, MinObjects=0, CPUs=1, Nodes=1
[    0.000000] rcu: Hierarchical RCU implementation.
[    0.000000] rcu: 	RCU restricting CPUs from NR_CPUS=256 to nr_cpu_ids=1.
[    0.000000] 	Tracing variant of Tasks RCU enabled.
[    0.000000] rcu: RCU calculated value of scheduler-enlistment delay is 10 jiffies.
[    0.000000] rcu: Adjusting geometry for rcu_fanout_leaf=16, nr_cpu_ids=1
[    0.000000] RCU Tasks Trace: Setting shift to 0 and lim to 1 rcu_task_cb_adjust=1 rcu_task_cpu_ids=1.
[    0.000000] NR_IRQS: 64, nr_irqs: 64, preallocated irqs: 0
[    0.000000] Root IRQ handler: 0xffffc0e38da100c0
[    0.000000] GICv2m: range[mem 0x08020000-0x08020fff], SPI[80:143]
[    0.000000] rcu: srcu_init: Setting srcu_struct sizes based on contention.
[    0.000000] arch_timer: cp15 timer(s) running at 62.50MHz (virt).
[    0.000000] clocksource: arch_sys_counter: mask: 0x1ffffffffffffff max_cycles: 0x1cd42e208c, max_idle_ns: 881590405314 ns
[    0.000058] sched_clock: 57 bits at 63MHz, resolution 16ns, wraps every 4398046511096ns
[    0.002897] Console: colour dummy device 80x25
[    0.003299] printk: legacy console [tty0] enabled
[    0.007039] Calibrating delay loop (skipped), value calculated using timer frequency.. 125.00 BogoMIPS (lpj=625000)
[    0.007176] pid_max: default: 32768 minimum: 301
[    0.012273] Mount-cache hash table entries: 512 (order: 0, 4096 bytes, linear)
[    0.012331] Mountpoint-cache hash table entries: 512 (order: 0, 4096 bytes, linear)
[    0.038037] cacheinfo: Unable to detect cache hierarchy for CPU 0
[    0.048332] rcu: Hierarchical SRCU implementation.
[    0.048397] rcu: 	Max phase no-delay instances is 1000.
[    0.051469] EFI services will not be available.
[    0.053278] smp: Bringing up secondary CPUs ...
[    0.053946] smp: Brought up 1 node, 1 CPU
[    0.053991] SMP: Total of 1 processors activated.
[    0.054046] CPU: All CPU(s) started at EL1
[    0.054260] CPU features: detected: 32-bit EL0 Support
[    0.054294] CPU features: detected: 32-bit EL1 Support
[    0.054377] CPU features: detected: CRC32 instructions
[    0.060007] alternatives: applying system-wide alternatives
[    0.073542] CPU features: emulated: Privileged Access Never (PAN) using TTBR0_EL1 switching
[    0.084767] Memory: 53252K/131072K available (12608K kernel code, 1572K rwdata, 3420K rodata, 21120K init, 763K bss, 43732K reserved, 32768K cma-reserved)
[    0.117420] clocksource: jiffies: mask: 0xffffffff max_cycles: 0xffffffff, max_idle_ns: 19112604462750000 ns
[    0.118017] futex hash table entries: 256 (order: 2, 16384 bytes, linear)
[    0.120093] 2G module region forced by RANDOMIZE_MODULE_REGION_FULL
[    0.120154] 0 pages in range for non-PLT usage
[    0.120207] 514352 pages in range for PLT usage
[    0.121366] pinctrl core: initialized pinctrl subsystem
[    0.133180] DMI not present or invalid.
[    0.146550] NET: Registered PF_NETLINK/PF_ROUTE protocol family
[    0.156240] DMA: preallocated 128 KiB GFP_KERNEL pool for atomic allocations
[    0.156736] DMA: preallocated 128 KiB GFP_KERNEL|GFP_DMA pool for atomic allocations
[    0.157014] DMA: preallocated 128 KiB GFP_KERNEL|GFP_DMA32 pool for atomic allocations
[    0.160916] thermal_sys: Registered thermal governor 'step_wise'
[    0.161224] cpuidle: using governor ladder
[    0.161424] cpuidle: using governor menu
[    0.162159] ASID allocator initialised with 32768 entries
[    0.164045] Serial: AMBA PL011 UART driver
[    0.191384] 9000000.pl011: ttyAMA0 at MMIO 0x9000000 (irq = 13, base_baud = 0) is a PL011 rev1
[    0.192864] printk: legacy console [ttyAMA0] enabled
[    0.422439] HugeTLB: registered 1.00 GiB page size, pre-allocated 0 pages
[    0.422726] HugeTLB: 0 KiB vmemmap can be freed for a 1.00 GiB page
[    0.422975] HugeTLB: registered 32.0 MiB page size, pre-allocated 0 pages
[    0.423213] HugeTLB: 0 KiB vmemmap can be freed for a 32.0 MiB page
[    0.426694] HugeTLB: registered 2.00 MiB page size, pre-allocated 0 pages
[    0.427019] HugeTLB: 0 KiB vmemmap can be freed for a 2.00 MiB page
[    0.427427] HugeTLB: registered 64.0 KiB page size, pre-allocated 0 pages
[    0.427780] HugeTLB: 0 KiB vmemmap can be freed for a 64.0 KiB page
[    0.444722] cryptd: max_cpu_qlen set to 1000
[    0.449449] ACPI: Interpreter disabled.
[    0.452030] iommu: Default domain type: Passthrough
[    0.454198] SCSI subsystem initialized
[    0.456133] usbcore: registered new interface driver usbfs
[    0.456585] usbcore: registered new interface driver hub
[    0.456935] usbcore: registered new device driver usb
[    0.475123] clocksource: Switched to clocksource arch_sys_counter
[    0.477390] netfs: FS-Cache loaded
[    0.478325] pnp: PnP ACPI: disabled
[    0.487390] NET: Registered PF_INET protocol family
[    0.488956] IP idents hash table entries: 2048 (order: 2, 16384 bytes, linear)
[    0.494326] tcp_listen_portaddr_hash hash table entries: 256 (order: 0, 4096 bytes, linear)
[    0.494715] Table-perturb hash table entries: 65536 (order: 6, 262144 bytes, linear)
[    0.497795] TCP established hash table entries: 1024 (order: 1, 8192 bytes, linear)
[    0.498355] TCP bind hash table entries: 1024 (order: 3, 32768 bytes, linear)
[    0.498920] TCP: Hash tables configured (established 1024 bind 1024)
[    0.500550] MPTCP token hash table entries: 256 (order: 1, 6144 bytes, linear)
[    0.501091] UDP hash table entries: 256 (order: 1, 8192 bytes, linear)
[    0.509336] UDP-Lite hash table entries: 256 (order: 1, 8192 bytes, linear)
[    0.511088] NET: Registered PF_UNIX/PF_LOCAL protocol family
[    0.511794] PCI: CLS 0 bytes, default 64
[    0.544561] kvm [1]: HYP mode not available
[    0.548975] workingset: timestamp_bits=42 max_order=15 bucket_order=0
[    0.550917] squashfs: version 4.0 (2009/01/31) Phillip Lougher
[    0.551168] jffs2: version 2.2 (NAND) (SUMMARY) (LZMA) (RTIME) (CMODE_PRIORITY) (c) 2001-2006 Red Hat, Inc.
[    0.565271] 9p: Installing v9fs 9p2000 file system support
[    0.567942] Block layer SCSI generic (bsg) driver version 0.4 loaded (major 250)
[    0.572108] atomic64_test: passed
[    0.583580] pl061_gpio 9030000.pl061: PL061 GPIO chip registered
[    0.586008] pci-host-generic 4010000000.pcie: host bridge /pcie@10000000 ranges:
[    0.586850] pci-host-generic 4010000000.pcie:       IO 0x003eff0000..0x003effffff -> 0x0000000000
[    0.587707] pci-host-generic 4010000000.pcie:      MEM 0x0010000000..0x003efeffff -> 0x0010000000
[    0.594209] pci-host-generic 4010000000.pcie:      MEM 0x8000000000..0xffffffffff -> 0x8000000000
[    0.595347] pci-host-generic 4010000000.pcie: Memory resource size exceeds max for 32 bits
[    0.596146] pci-host-generic 4010000000.pcie: ECAM at [mem 0x4010000000-0x401fffffff] for [bus 00-ff]
[    0.606443] pci-host-generic 4010000000.pcie: PCI host bridge to bus 0000:00
[    0.607059] pci_bus 0000:00: root bus resource [bus 00-ff]
[    0.607342] pci_bus 0000:00: root bus resource [io  0x0000-0xffff]
[    0.607635] pci_bus 0000:00: root bus resource [mem 0x10000000-0x3efeffff]
[    0.616782] pci_bus 0000:00: root bus resource [mem 0x8000000000-0xffffffffff]
[    0.619667] pci 0000:00:00.0: [1b36:0008] type 00 class 0x060000 conventional PCI endpoint
[    0.622871] pci 0000:00:01.0: [1af4:1000] type 00 class 0x020000 conventional PCI endpoint
[    0.623456] pci 0000:00:01.0: BAR 0 [io  0x0000-0x001f]
[    0.628122] pci 0000:00:01.0: BAR 4 [mem 0x00000000-0x00003fff 64bit pref]
[    0.628641] pci 0000:00:01.0: ROM [mem 0x00000000-0x0007ffff pref]
[    0.629224] pci 0000:00:02.0: [1af4:1005] type 00 class 0x00ff00 conventional PCI endpoint
[    0.629553] pci 0000:00:02.0: BAR 0 [io  0x0000-0x001f]
[    0.638936] pci 0000:00:02.0: BAR 1 [mem 0x00000000-0x00000fff]
[    0.639243] pci 0000:00:02.0: BAR 4 [mem 0x00000000-0x00003fff 64bit pref]
[    0.640020] pci 0000:00:03.0: [1af4:1000] type 00 class 0x020000 conventional PCI endpoint
[    0.640353] pci 0000:00:03.0: BAR 0 [io  0x0000-0x001f]
[    0.649978] pci 0000:00:03.0: BAR 1 [mem 0x00000000-0x00000fff]
[    0.650269] pci 0000:00:03.0: BAR 4 [mem 0x00000000-0x00003fff 64bit pref]
[    0.650657] pci 0000:00:03.0: ROM [mem 0x00000000-0x0007ffff pref]
[    0.652972] pci 0000:00:01.0: ROM [mem 0x10000000-0x1007ffff pref]: assigned
[    0.653394] pci 0000:00:03.0: ROM [mem 0x10080000-0x100fffff pref]: assigned
[    0.661418] pci 0000:00:01.0: BAR 4 [mem 0x8000000000-0x8000003fff 64bit pref]: assigned
[    0.662004] pci 0000:00:02.0: BAR 4 [mem 0x8000004000-0x8000007fff 64bit pref]: assigned
[    0.662358] pci 0000:00:03.0: BAR 4 [mem 0x8000008000-0x800000bfff 64bit pref]: assigned
[    0.672761] pci 0000:00:02.0: BAR 1 [mem 0x10100000-0x10100fff]: assigned
[    0.673141] pci 0000:00:03.0: BAR 1 [mem 0x10101000-0x10101fff]: assigned
[    0.673412] pci 0000:00:01.0: BAR 0 [io  0x1000-0x101f]: assigned
[    0.673676] pci 0000:00:02.0: BAR 0 [io  0x1020-0x103f]: assigned
[    0.683128] pci 0000:00:03.0: BAR 0 [io  0x1040-0x105f]: assigned
[    0.684028] pci_bus 0000:00: resource 4 [io  0x0000-0xffff]
[    0.684265] pci_bus 0000:00: resource 5 [mem 0x10000000-0x3efeffff]
[    0.684495] pci_bus 0000:00: resource 6 [mem 0x8000000000-0xffffffffff]
[    0.687444] hv_vmbus: registering driver hyperv_fb
[    0.815552] virtio-pci 0000:00:01.0: enabling device (0000 -> 0003)
[    0.818625] virtio-pci 0000:00:02.0: enabling device (0000 -> 0003)
[    0.820071] virtio-pci 0000:00:03.0: enabling device (0000 -> 0003)
[    0.822833] Serial: 8250/16550 driver, 16 ports, IRQ sharing enabled
[    0.831814] SuperH (H)SCI(F) driver initialized
[    0.866789] loop: module loaded
[    0.867805] hv_vmbus: registering driver hv_storvsc
[    0.881764] hv_vmbus: registering driver hv_netvsc
[    0.885115] usbcore: registered new interface driver usb-storage
[    0.887939] hv_vmbus: registering driver hyperv_keyboard
[    0.890640] rtc-pl031 9010000.pl031: registered as rtc0
[    0.891460] rtc-pl031 9010000.pl031: setting system clock to 2026-03-19T02:13:01 UTC (1773886381)
[    0.895959] sdhci: Secure Digital Host Controller Interface driver
[    0.896201] sdhci: Copyright(c) Pierre Ossman
[    0.896865] Synopsys Designware Multimedia Card Interface Driver
[    0.897700] sdhci-pltfm: SDHCI platform and OF driver helper
[    0.899617] hid: raw HID events driver (C) Jiri Kosina
[    0.907076] usbcore: registered new interface driver usbhid
[    0.907300] usbhid: USB HID core driver
[    0.910052] NET: Registered PF_INET6 protocol family
[    0.930093] Segment Routing with IPv6
[    0.930416] In-situ OAM (IOAM) with IPv6
[    0.931052] NET: Registered PF_PACKET protocol family
[    0.931705] bridge: filtering via arp/ip/ip6tables is no longer available by default. Update your scripts to load br_netfilter if you need this.
[    0.941099] 8021q: 802.1Q VLAN Support v1.8
[    0.941978] 9pnet: Installing 9P2000 support
[    0.996516] Demotion targets for Node 0: null
[    1.004773] clk: Disabling unused clocks
[    1.005181] PM: genpd: Disabling unused power domains
[    1.048969] Freeing unused kernel memory: 21120K
[    1.052499] Run /init as init process
[    2.989411] init: Console is alive
[    3.082701] kmodloader: loading kernel modules from /etc/modules-boot.d/*
[    3.107708] pps_core: LinuxPPS API ver. 1 registered
[    3.107954] pps_core: Software ver. 5.3.6 - Copyright 2005-2007 Rodolfo Giometti <giometti@linux.it>
[    3.149611] PTP clock support registered
[    3.187820] e1000e: Intel(R) PRO/1000 Network Driver
[    3.188085] e1000e: Copyright(c) 1999 - 2015 Intel Corporation.
[    3.189802] kmodloader: done loading kernel modules from /etc/modules-boot.d/*
[    3.201903] init: - preinit -
[    4.987171] 8021q: adding VLAN 0 to HW filter on device eth0
Press the [f] key and hit [enter] to enter failsafe mode
Press the [1], [2], [3] or [4] key and hit [enter] to select the debug level
[    9.952382] procd: - early -
[   11.030832] procd: - ubus -
[   11.240599] procd: - init -
Please press Enter to activate this console.
root
login[1150]: root login on 'ttyAMA0'


BusyBox v1.37.0 (2026-03-17 22:31:00 UTC) built-in shell (ash)

  _______                     ________        __
 |       |.-----.-----.-----.|  |  |  |.----.|  |_
 |   -   ||  _  |  -__|     ||  |  |  ||   _||   _|
 |_______||   __|_____|__|__||________||__|  |____|
          |__| W I R E L E S S   F R E E D O M
 -----------------------------------------------------
 OpenWrt 25.12-SNAPSHOT, r32770-f3a9a42c33 Dave's Guitar
 -----------------------------------------------------

 === WARNING! =====================================
 There is no root password defined on this device!
 Use the "passwd" command to set up a new password
 in order to prevent unauthorized SSH logins.
 --------------------------------------------------


 OpenWrt recently switched to the "apk" package manager!

 OPKG Command           APK Equivalent      Description
 ------------------------------------------------------------------
 opkg install <pkg>     apk add <pkg>       Install a package
 opkg remove <pkg>      apk del <pkg>       Remove a package
 opkg upgrade           apk upgrade         Upgrade all packages
 opkg files <pkg>       apk info -L <pkg>   List package contents
 opkg list-installed    apk info            List installed packages
 opkg update            apk update          Update package lists
 opkg search <pkg>      apk search <pkg>    Search for packages
 ------------------------------------------------------------------

For more information visit:
https://openwrt.org/docs/guide-user/additional-software/opkg-to-apk-cheatsheet

root@(none):~# dmesg -n 1
root@(none):~# echo 'PULV''YFPGLM'
PULVYFPGLM
root@(none):~# run() { echo -n "$MARKER"; sh -c "$@"; echo "$MARKER $?"; }
root@(none):~# echo 'ETAL''TPUOCS'
ETALTPUOCS
root@(none):~# MARKER='AXOJ''UQYPVJ' run 'ubus wait_for network.interface.lan'
AXOJUQYPVJAXOJUQYPVJ 0
root@OpenWrt:~# echo 'ZFJC''POANXU'
ZFJCPOANXU
root@OpenWrt:~# MARKER='CTAO''THHWOT' run 'ubus call network.interface.lan statu
s '"'"'{}'"'"''
CTAOTHHWOT{
	"up": true,
	"pending": false,
	"available": true,
	"autostart": true,
	"dynamic": false,
	"uptime": 0,
	"l3_device": "br-lan",
	"proto": "static",
	"device": "br-lan",
	"updated": [
		"addresses"
	],
	"metric": 0,
	"dns_metric": 0,
	"delegation": true,
	"ipv4-address": [
		{
			"address": "192.168.1.1",
			"mask": 24
		}
	],
	"ipv6-address": [
		
	],
	"ipv6-prefix": [
		
	],
	"ipv6-prefix-assignment": [
		{
			"address": "fd18:15a1:b4cd::",
			"mask": 60,
			"local-address": {
				"address": "fd18:15a1:b4cd::1",
				"mask": 60
			}
		}
	],
	"route": [
		
	],
	"dns-server": [
		
	],
	"dns-search": [
		
	],
	"neighbors": [
		
	],
	"inactive": {
		"ipv4-address": [
			
		],
		"ipv6-address": [
			
		],
		"route": [
			
		],
		"dns-server": [
			
		],
		"dns-search": [
			
		],
		"neighbors": [
			
		]
	},
	"data": {
		
	}
}
CTAOTHHWOT 0
root@OpenWrt:~# echo 'GOOJ''TZBYHY'
GOOJTZBYHY
root@OpenWrt:~# MARKER='NQAA''CQHPHL' run true
NQAACQHPHLNQAACQHPHL 0
root@OpenWrt:~# echo 'MWFP''AAMATN'
MWFPAAMATN
root@OpenWrt:~# MARKER='WVJF''JAEATP' run 'source /etc/os-release; echo $BUILD_I
D'
WVJFJAEATPr32770-f3a9a42c33
WVJFJAEATP 0
root@OpenWrt:~# echo 'UTJZ''WWXYHP'
UTJZWWXYHP
root@OpenWrt:~# MARKER='NUZU''WHNAKQ' run 'ls /etc/dropbear/dropbear_rsa_host_ke
y'
NUZUWHNAKQ[0;0m/etc/dropbear/dropbear_rsa_host_key[m
NUZUWHNAKQ 0
root@OpenWrt:~# echo 'YEUP''XVWMXY'
YEUPXVWMXY
root@OpenWrt:~# MARKER='JAQG''UWONCO' run 'netstat -tlpn | grep 0.0.0.0:22'
JAQGUWONCOnetstat: showing only processes with your user ID
tcp        0      0 0.0.0.0:22              0.0.0.0:*               LISTEN      1995/dropbear
JAQGUWONCO 0
root@OpenWrt:~# echo 'QXUL''WLHCNC'
QXULWLHCNC
root@OpenWrt:~# MARKER='ZFPW''COPCHV' run 'dmesg | grep br-lan | grep forwarding
'
ZFPWCOPCHV[   43.124529] br-lan: port 1(eth0) entered forwarding state
ZFPWCOPCHV 0
root@OpenWrt:~# echo 'GCSF''YUGEWP'
GCSFYUGEWP
root@OpenWrt:~# MARKER='GLKS''ZAYCME' run 'ubus call network.interface.lan statu
s '"'"'{}'"'"''
GLKSZAYCME{
	"up": true,
	"pending": false,
	"available": true,
	"autostart": true,
	"dynamic": false,
	"uptime": 12,
	"l3_device": "br-lan",
	"proto": "static",
	"device": "br-lan",
	"updated": [
		"addresses"
	],
	"metric": 0,
	"dns_metric": 0,
	"delegation": true,
	"ipv4-address": [
		{
			"address": "192.168.1.1",
			"mask": 24
		}
	],
	"ipv6-address": [
		
	],
	"ipv6-prefix": [
		
	],
	"ipv6-prefix-assignment": [
		{
			"address": "fd18:15a1:b4cd::",
			"mask": 60,
			"local-address": {
				"address": "fd18:15a1:b4cd::1",
				"mask": 60
			}
		}
	],
	"route": [
		
	],
	"dns-server": [
		
	],
	"dns-search": [
		
	],
	"neighbors": [
		
	],
	"inactive": {
		"ipv4-address": [
			
		],
		"ipv6-address": [
			
		],
		"route": [
			
		],
		"dns-server": [
			
		],
		"dns-search": [
			
		],
		"neighbors": [
			
		]
	},
	"data": {
		
	}
}
GLKSZAYCME 0
root@OpenWrt:~# echo 'VXZJ''CCNMXL'
VXZJCCNMXL
root@OpenWrt:~# MARKER='XJYP''TSNYHC' run 'ip -o addr show dev br-lan'
XJYPTSNYHC4: br-lan    inet 192.168.1.1/24 brd 192.168.1.255 scope global br-lan\       valid_lft forever preferred_lft forever
4: br-lan    inet6 fd18:15a1:b4cd::1/60 scope global noprefixroute \       valid_lft forever preferred_lft forever
4: br-lan    inet6 fe80::5054:ff:fe12:3456/64 scope link \       valid_lft forever preferred_lft forever
XJYPTSNYHC 0
root@OpenWrt:~# echo 'CUJF''ZLQSSP'
CUJFZLQSSP
root@OpenWrt:~# MARKER='JOVV''NCCYKL' run 'ubus call network.interface.wan statu
s '"'"'{}'"'"''
JOVVNCCYKL{
	"up": true,
	"pending": false,
	"available": true,
	"autostart": true,
	"dynamic": false,
	"uptime": 11,
	"l3_device": "eth1",
	"proto": "dhcp",
	"device": "eth1",
	"updated": [
		"addresses",
		"routes",
		"data"
	],
	"metric": 0,
	"dns_metric": 0,
	"delegation": true,
	"ipv4-address": [
		{
			"address": "10.0.2.15",
			"mask": 24
		}
	],
	"ipv6-address": [
		
	],
	"ipv6-prefix": [
		
	],
	"ipv6-prefix-assignment": [
		
	],
	"route": [
		{
			"target": "0.0.0.0",
			"mask": 0,
			"nexthop": "10.0.2.2",
			"source": "10.0.2.15/32"
		}
	],
	"dns-server": [
		"10.0.2.3"
	],
	"dns-search": [
		
	],
	"neighbors": [
		
	],
	"inactive": {
		"ipv4-address": [
			
		],
		"ipv6-address": [
			
		],
		"route": [
			
		],
		"dns-server": [
			
		],
		"dns-search": [
			
		],
		"neighbors": [
			
		]
	},
	"data": {
		"dhcpserver": "10.0.2.2",
		"leasetime": 86400
	}
}
JOVVNCCYKL 0
root@OpenWrt:~# 