Labgrid Console Logfile for main
Logfile started at 2026-03-27 02:15:46.410987
=== Log starts here ===
[    0.000000] Booting Linux on physical CPU 0x0000000000 [0x411fd070]
[    0.000000] Linux version 6.12.74 (builder@buildhost) (aarch64-openwrt-linux-musl-gcc (OpenWrt GCC 14.3.0 r32804-211df89596) 14.3.0, GNU ld (GNU Binutils) 2.44) #0 SMP Thu Mar 26 13:35:28 2026
[    0.000000] KASLR enabled
[    0.000000] random: crng init done
[    0.000000] Machine model: linux,dummy-virt
[    0.000000] efi: UEFI not found.
[    0.000000] OF: reserved mem: Reserved memory: No reserved-memory node in the DT
[    0.000000] NUMA: Faking a node at [mem 0x0000000040000000-0x0000000047ffffff]
[    0.000000] NODE_DATA(0) allocated [mem 0x47fb7e80-0x47fbabff]
[    0.000000] Zone ranges:
[    0.000000]   DMA      [mem 0x0000000040000000-0x0000000047ffffff]
[    0.000000]   DMA32    empty
[    0.000000]   Normal   empty
[    0.000000] Movable zone start for each node
[    0.000000] Early memory node ranges
[    0.000000]   node   0: [mem 0x0000000040000000-0x0000000047ffffff]
[    0.000000] Initmem setup node 0 [mem 0x0000000040000000-0x0000000047ffffff]
[    0.000000] cma: Reserved 32 MiB at 0x0000000045c00000 on node -1
[    0.000000] psci: probing for conduit method from DT.
[    0.000000] psci: PSCIv1.1 detected in firmware.
[    0.000000] psci: Using standard PSCI v0.2 function IDs
[    0.000000] psci: Trusted OS migration not required
[    0.000000] psci: SMC Calling Convention v1.0
[    0.000000] percpu: Embedded 23 pages/cpu s53400 r8192 d32616 u94208
[    0.000000] Detected PIPT I-cache on CPU0
[    0.000000] CPU features: detected: Spectre-v2
[    0.000000] CPU features: detected: Spectre-v3a
[    0.000000] CPU features: detected: Spectre-v4
[    0.000000] CPU features: detected: Spectre-BHB
[    0.000000] CPU features: kernel page table isolation forced ON by KASLR
[    0.000000] CPU features: detected: Kernel page table isolation (KPTI)
[    0.000000] CPU features: detected: ARM erratum 834220
[    0.000000] CPU features: detected: ARM erratum 832075
[    0.000000] CPU features: detected: ARM errata 1165522, 1319367, or 1530923
[    0.000000] alternatives: applying boot alternatives
[    0.000000] Kernel command line: 
[    0.000000] Dentry cache hash table entries: 16384 (order: 5, 131072 bytes, linear)
[    0.000000] Inode-cache hash table entries: 8192 (order: 4, 65536 bytes, linear)
[    0.000000] Fallback order for Node 0: 0 
[    0.000000] Built 1 zonelists, mobility grouping on.  Total pages: 32768
[    0.000000] Policy zone: DMA
[    0.000000] mem auto-init: stack:off, heap alloc:off, heap free:off
[    0.000000] software IO TLB: SWIOTLB bounce buffer size adjusted to 0MB
[    0.000000] software IO TLB: area num 1.
[    0.000000] software IO TLB: mapped [mem 0x0000000047f1b000-0x0000000047f5b000] (0MB)
[    0.000000] SLUB: HWalign=64, Order=0-3, MinObjects=0, CPUs=1, Nodes=1
[    0.000000] rcu: Hierarchical RCU implementation.
[    0.000000] rcu: 	RCU restricting CPUs from NR_CPUS=256 to nr_cpu_ids=1.
[    0.000000] 	Tracing variant of Tasks RCU enabled.
[    0.000000] rcu: RCU calculated value of scheduler-enlistment delay is 10 jiffies.
[    0.000000] rcu: Adjusting geometry for rcu_fanout_leaf=16, nr_cpu_ids=1
[    0.000000] RCU Tasks Trace: Setting shift to 0 and lim to 1 rcu_task_cb_adjust=1 rcu_task_cpu_ids=1.
[    0.000000] NR_IRQS: 64, nr_irqs: 64, preallocated irqs: 0
[    0.000000] Root IRQ handler: 0xffffc6476c0100c0
[    0.000000] GICv2m: range[mem 0x08020000-0x08020fff], SPI[80:143]
[    0.000000] rcu: srcu_init: Setting srcu_struct sizes based on contention.
[    0.000000] arch_timer: cp15 timer(s) running at 62.50MHz (virt).
[    0.000000] clocksource: arch_sys_counter: mask: 0x1ffffffffffffff max_cycles: 0x1cd42e208c, max_idle_ns: 881590405314 ns
[    0.000061] sched_clock: 57 bits at 63MHz, resolution 16ns, wraps every 4398046511096ns
[    0.002982] Console: colour dummy device 80x25
[    0.003411] printk: legacy console [tty0] enabled
[    0.007225] Calibrating delay loop (skipped), value calculated using timer frequency.. 125.00 BogoMIPS (lpj=625000)
[    0.007370] pid_max: default: 32768 minimum: 301
[    0.012575] Mount-cache hash table entries: 512 (order: 0, 4096 bytes, linear)
[    0.012638] Mountpoint-cache hash table entries: 512 (order: 0, 4096 bytes, linear)
[    0.039331] cacheinfo: Unable to detect cache hierarchy for CPU 0
[    0.049932] rcu: Hierarchical SRCU implementation.
[    0.049996] rcu: 	Max phase no-delay instances is 1000.
[    0.053648] EFI services will not be available.
[    0.055007] smp: Bringing up secondary CPUs ...
[    0.055812] smp: Brought up 1 node, 1 CPU
[    0.055858] SMP: Total of 1 processors activated.
[    0.055909] CPU: All CPU(s) started at EL1
[    0.056143] CPU features: detected: 32-bit EL0 Support
[    0.056171] CPU features: detected: 32-bit EL1 Support
[    0.056250] CPU features: detected: CRC32 instructions
[    0.061932] alternatives: applying system-wide alternatives
[    0.075722] CPU features: emulated: Privileged Access Never (PAN) using TTBR0_EL1 switching
[    0.087310] Memory: 53256K/131072K available (12608K kernel code, 1572K rwdata, 3420K rodata, 21120K init, 763K bss, 43728K reserved, 32768K cma-reserved)
[    0.121632] clocksource: jiffies: mask: 0xffffffff max_cycles: 0xffffffff, max_idle_ns: 19112604462750000 ns
[    0.122230] futex hash table entries: 256 (order: 2, 16384 bytes, linear)
[    0.124291] 2G module region forced by RANDOMIZE_MODULE_REGION_FULL
[    0.124348] 0 pages in range for non-PLT usage
[    0.124400] 514352 pages in range for PLT usage
[    0.125596] pinctrl core: initialized pinctrl subsystem
[    0.137677] DMI not present or invalid.
[    0.151722] NET: Registered PF_NETLINK/PF_ROUTE protocol family
[    0.161794] DMA: preallocated 128 KiB GFP_KERNEL pool for atomic allocations
[    0.162313] DMA: preallocated 128 KiB GFP_KERNEL|GFP_DMA pool for atomic allocations
[    0.162569] DMA: preallocated 128 KiB GFP_KERNEL|GFP_DMA32 pool for atomic allocations
[    0.166365] thermal_sys: Registered thermal governor 'step_wise'
[    0.166688] cpuidle: using governor ladder
[    0.166885] cpuidle: using governor menu
[    0.167727] ASID allocator initialised with 32768 entries
[    0.169545] Serial: AMBA PL011 UART driver
[    0.196704] 9000000.pl011: ttyAMA0 at MMIO 0x9000000 (irq = 13, base_baud = 0) is a PL011 rev1
[    0.198349] printk: legacy console [ttyAMA0] enabled
[    0.443543] HugeTLB: registered 1.00 GiB page size, pre-allocated 0 pages
[    0.443729] HugeTLB: 0 KiB vmemmap can be freed for a 1.00 GiB page
[    0.443864] HugeTLB: registered 32.0 MiB page size, pre-allocated 0 pages
[    0.447787] HugeTLB: 0 KiB vmemmap can be freed for a 32.0 MiB page
[    0.448024] HugeTLB: registered 2.00 MiB page size, pre-allocated 0 pages
[    0.448259] HugeTLB: 0 KiB vmemmap can be freed for a 2.00 MiB page
[    0.448486] HugeTLB: registered 64.0 KiB page size, pre-allocated 0 pages
[    0.458670] HugeTLB: 0 KiB vmemmap can be freed for a 64.0 KiB page
[    0.465305] cryptd: max_cpu_qlen set to 1000
[    0.470072] ACPI: Interpreter disabled.
[    0.472526] iommu: Default domain type: Passthrough
[    0.474638] SCSI subsystem initialized
[    0.476768] usbcore: registered new interface driver usbfs
[    0.477146] usbcore: registered new interface driver hub
[    0.477389] usbcore: registered new device driver usb
[    0.496440] clocksource: Switched to clocksource arch_sys_counter
[    0.498649] netfs: FS-Cache loaded
[    0.499531] pnp: PnP ACPI: disabled
[    0.508453] NET: Registered PF_INET protocol family
[    0.509997] IP idents hash table entries: 2048 (order: 2, 16384 bytes, linear)
[    0.515425] tcp_listen_portaddr_hash hash table entries: 256 (order: 0, 4096 bytes, linear)
[    0.515697] Table-perturb hash table entries: 65536 (order: 6, 262144 bytes, linear)
[    0.518853] TCP established hash table entries: 1024 (order: 1, 8192 bytes, linear)
[    0.519367] TCP bind hash table entries: 1024 (order: 3, 32768 bytes, linear)
[    0.519714] TCP: Hash tables configured (established 1024 bind 1024)
[    0.531230] MPTCP token hash table entries: 256 (order: 1, 6144 bytes, linear)
[    0.531671] UDP hash table entries: 256 (order: 1, 8192 bytes, linear)
[    0.532023] UDP-Lite hash table entries: 256 (order: 1, 8192 bytes, linear)
[    0.533460] NET: Registered PF_UNIX/PF_LOCAL protocol family
[    0.541120] PCI: CLS 0 bytes, default 64
[    0.575368] kvm [1]: HYP mode not available
[    0.579853] workingset: timestamp_bits=42 max_order=15 bucket_order=0
[    0.581725] squashfs: version 4.0 (2009/01/31) Phillip Lougher
[    0.581888] jffs2: version 2.2 (NAND) (SUMMARY) (LZMA) (RTIME) (CMODE_PRIORITY) (c) 2001-2006 Red Hat, Inc.
[    0.596433] 9p: Installing v9fs 9p2000 file system support
[    0.599227] Block layer SCSI generic (bsg) driver version 0.4 loaded (major 250)
[    0.609689] atomic64_test: passed
[    0.620201] pl061_gpio 9030000.pl061: PL061 GPIO chip registered
[    0.622360] pci-host-generic 4010000000.pcie: host bridge /pcie@10000000 ranges:
[    0.623135] pci-host-generic 4010000000.pcie:       IO 0x003eff0000..0x003effffff -> 0x0000000000
[    0.624102] pci-host-generic 4010000000.pcie:      MEM 0x0010000000..0x003efeffff -> 0x0010000000
[    0.631068] pci-host-generic 4010000000.pcie:      MEM 0x8000000000..0xffffffffff -> 0x8000000000
[    0.631927] pci-host-generic 4010000000.pcie: Memory resource size exceeds max for 32 bits
[    0.632614] pci-host-generic 4010000000.pcie: ECAM at [mem 0x4010000000-0x401fffffff] for [bus 00-ff]
[    0.643071] pci-host-generic 4010000000.pcie: PCI host bridge to bus 0000:00
[    0.644792] pci_bus 0000:00: root bus resource [bus 00-ff]
[    0.645010] pci_bus 0000:00: root bus resource [io  0x0000-0xffff]
[    0.645300] pci_bus 0000:00: root bus resource [mem 0x10000000-0x3efeffff]
[    0.652382] pci_bus 0000:00: root bus resource [mem 0x8000000000-0xffffffffff]
[    0.654206] pci 0000:00:00.0: [1b36:0008] type 00 class 0x060000 conventional PCI endpoint
[    0.657432] pci 0000:00:01.0: [1af4:1000] type 00 class 0x020000 conventional PCI endpoint
[    0.663527] pci 0000:00:01.0: BAR 0 [io  0x0000-0x001f]
[    0.663892] pci 0000:00:01.0: BAR 4 [mem 0x00000000-0x00003fff 64bit pref]
[    0.664132] pci 0000:00:01.0: ROM [mem 0x00000000-0x0007ffff pref]
[    0.664586] pci 0000:00:02.0: [1af4:1005] type 00 class 0x00ff00 conventional PCI endpoint
[    0.674114] pci 0000:00:02.0: BAR 0 [io  0x0000-0x001f]
[    0.674354] pci 0000:00:02.0: BAR 1 [mem 0x00000000-0x00000fff]
[    0.674604] pci 0000:00:02.0: BAR 4 [mem 0x00000000-0x00003fff 64bit pref]
[    0.675045] pci 0000:00:03.0: [1af4:1000] type 00 class 0x020000 conventional PCI endpoint
[    0.684779] pci 0000:00:03.0: BAR 0 [io  0x0000-0x001f]
[    0.685017] pci 0000:00:03.0: BAR 1 [mem 0x00000000-0x00000fff]
[    0.685343] pci 0000:00:03.0: BAR 4 [mem 0x00000000-0x00003fff 64bit pref]
[    0.685502] pci 0000:00:03.0: ROM [mem 0x00000000-0x0007ffff pref]
[    0.698304] pci 0000:00:01.0: ROM [mem 0x10000000-0x1007ffff pref]: assigned
[    0.698630] pci 0000:00:03.0: ROM [mem 0x10080000-0x100fffff pref]: assigned
[    0.698862] pci 0000:00:01.0: BAR 4 [mem 0x8000000000-0x8000003fff 64bit pref]: assigned
[    0.706417] pci 0000:00:02.0: BAR 4 [mem 0x8000004000-0x8000007fff 64bit pref]: assigned
[    0.706816] pci 0000:00:03.0: BAR 4 [mem 0x8000008000-0x800000bfff 64bit pref]: assigned
[    0.707042] pci 0000:00:02.0: BAR 1 [mem 0x10100000-0x10100fff]: assigned
[    0.707237] pci 0000:00:03.0: BAR 1 [mem 0x10101000-0x10101fff]: assigned
[    0.717174] pci 0000:00:01.0: BAR 0 [io  0x1000-0x101f]: assigned
[    0.717451] pci 0000:00:02.0: BAR 0 [io  0x1020-0x103f]: assigned
[    0.717645] pci 0000:00:03.0: BAR 0 [io  0x1040-0x105f]: assigned
[    0.718039] pci_bus 0000:00: resource 4 [io  0x0000-0xffff]
[    0.727978] pci_bus 0000:00: resource 5 [mem 0x10000000-0x3efeffff]
[    0.728212] pci_bus 0000:00: resource 6 [mem 0x8000000000-0xffffffffff]
[    0.730896] hv_vmbus: registering driver hyperv_fb
[    0.839168] virtio-pci 0000:00:01.0: enabling device (0000 -> 0003)
[    0.842028] virtio-pci 0000:00:02.0: enabling device (0000 -> 0003)
[    0.843307] virtio-pci 0000:00:03.0: enabling device (0000 -> 0003)
[    0.846050] Serial: 8250/16550 driver, 16 ports, IRQ sharing enabled
[    0.854723] SuperH (H)SCI(F) driver initialized
[    0.888268] loop: module loaded
[    0.889255] hv_vmbus: registering driver hv_storvsc
[    0.903176] hv_vmbus: registering driver hv_netvsc
[    0.906021] usbcore: registered new interface driver usb-storage
[    0.908636] hv_vmbus: registering driver hyperv_keyboard
[    0.911280] rtc-pl031 9010000.pl031: registered as rtc0
[    0.912020] rtc-pl031 9010000.pl031: setting system clock to 2026-03-27T02:15:47 UTC (1774577747)
[    0.916970] sdhci: Secure Digital Host Controller Interface driver
[    0.917123] sdhci: Copyright(c) Pierre Ossman
[    0.917700] Synopsys Designware Multimedia Card Interface Driver
[    0.918352] sdhci-pltfm: SDHCI platform and OF driver helper
[    0.920064] hid: raw HID events driver (C) Jiri Kosina
[    0.925087] usbcore: registered new interface driver usbhid
[    0.925411] usbhid: USB HID core driver
[    0.928055] NET: Registered PF_INET6 protocol family
[    0.946749] Segment Routing with IPv6
[    0.947037] In-situ OAM (IOAM) with IPv6
[    0.947622] NET: Registered PF_PACKET protocol family
[    0.948252] bridge: filtering via arp/ip/ip6tables is no longer available by default. Update your scripts to load br_netfilter if you need this.
[    0.957915] 8021q: 802.1Q VLAN Support v1.8
[    0.958791] 9pnet: Installing 9P2000 support
[    1.008806] Demotion targets for Node 0: null
[    1.016737] clk: Disabling unused clocks
[    1.017062] PM: genpd: Disabling unused power domains
[    1.057289] Freeing unused kernel memory: 21120K
[    1.060113] Run /init as init process
[    2.998972] init: Console is alive
[    3.094501] kmodloader: loading kernel modules from /etc/modules-boot.d/*
[    3.120091] pps_core: LinuxPPS API ver. 1 registered
[    3.120292] pps_core: Software ver. 5.3.6 - Copyright 2005-2007 Rodolfo Giometti <giometti@linux.it>
[    3.161060] PTP clock support registered
[    3.197698] e1000e: Intel(R) PRO/1000 Network Driver
[    3.197893] e1000e: Copyright(c) 1999 - 2015 Intel Corporation.
[    3.199585] kmodloader: done loading kernel modules from /etc/modules-boot.d/*
[    3.210051] init: - preinit -
[    5.031068] 8021q: adding VLAN 0 to HW filter on device eth0
Press the [f] key and hit [enter] to enter failsafe mode
Press the [1], [2], [3] or [4] key and hit [enter] to select the debug level
[   10.020848] procd: - early -
[   11.127907] procd: - ubus -
[   11.338836] procd: - init -
Please press Enter to activate this console.
root
login[1150]: root login on 'ttyAMA0'


BusyBox v1.37.0 (2026-03-26 13:35:28 UTC) built-in shell (ash)

  _______                     ________        __
 |       |.-----.-----.-----.|  |  |  |.----.|  |_
 |   -   ||  _  |  -__|     ||  |  |  ||   _||   _|
 |_______||   __|_____|__|__||________||__|  |____|
          |__| W I R E L E S S   F R E E D O M
 -----------------------------------------------------
 OpenWrt 25.12-SNAPSHOT, r32804-211df89596 Dave's Guitar
 -----------------------------------------------------

 === WARNING! =====================================
 There is no root password defined on this device!
 Use the "passwd" command to set up a new password
 in order to prevent unauthorized SSH logins.
 --------------------------------------------------


 OpenWrt recently switched to the "apk" package manager!

 OPKG Command           APK Equivalent      Description
 ------------------------------------------------------------------
 opkg install <pkg>     apk add <pkg>       Install a package
 opkg remove <pkg>      apk del <pkg>       Remove a package
 opkg upgrade           apk upgrade         Upgrade all packages
 opkg files <pkg>       apk info -L <pkg>   List package contents
 opkg list-installed    apk info            List installed packages
 opkg update            apk update          Update package lists
 opkg search <pkg>      apk search <pkg>    Search for packages
 ------------------------------------------------------------------

For more information visit:
https://openwrt.org/docs/guide-user/additional-software/opkg-to-apk-cheatsheet

root@(none):~# dmesg -n 1
root@(none):~# echo 'UBJE''NYJJVX'
UBJENYJJVX
root@(none):~# run() { echo -n "$MARKER"; sh -c "$@"; echo "$MARKER $?"; }
root@(none):~# echo 'PMOP''CBTGSV'
PMOPCBTGSV
root@(none):~# MARKER='QOYU''PEFLGU' run 'ubus wait_for network.interface.lan'
QOYUPEFLGUQOYUPEFLGU 0
root@OpenWrt:~# echo 'JATU''WOSBPC'
JATUWOSBPC
root@OpenWrt:~# MARKER='HTAF''JNXTVF' run 'ubus call network.interface.lan statu
s '"'"'{}'"'"''
HTAFJNXTVF{
	"up": true,
	"pending": false,
	"available": true,
	"autostart": true,
	"dynamic": false,
	"uptime": 1,
	"l3_device": "br-lan",
	"proto": "static",
	"device": "br-lan",
	"updated": [
		"addresses"
	],
	"metric": 0,
	"dns_metric": 0,
	"delegation": true,
	"ipv4-address": [
		{
			"address": "192.168.1.1",
			"mask": 24
		}
	],
	"ipv6-address": [
		
	],
	"ipv6-prefix": [
		
	],
	"ipv6-prefix-assignment": [
		{
			"address": "fd8b:c25c:1490::",
			"mask": 60,
			"local-address": {
				"address": "fd8b:c25c:1490::1",
				"mask": 60
			}
		}
	],
	"route": [
		
	],
	"dns-server": [
		
	],
	"dns-search": [
		
	],
	"neighbors": [
		
	],
	"inactive": {
		"ipv4-address": [
			
		],
		"ipv6-address": [
			
		],
		"route": [
			
		],
		"dns-server": [
			
		],
		"dns-search": [
			
		],
		"neighbors": [
			
		]
	},
	"data": {
		
	}
}
HTAFJNXTVF 0
root@OpenWrt:~# echo 'VGGT''HPMYSS'
VGGTHPMYSS
root@OpenWrt:~# MARKER='SPJT''PEQHKZ' run true
SPJTPEQHKZSPJTPEQHKZ 0
root@OpenWrt:~# echo 'XNPV''NQYGUQ'
XNPVNQYGUQ
root@OpenWrt:~# MARKER='TSNO''PQAPZA' run 'source /etc/os-release; echo $BUILD_I
D'
TSNOPQAPZAr32804-211df89596
TSNOPQAPZA 0
root@OpenWrt:~# echo 'QUKP''QBOMAM'
QUKPQBOMAM
root@OpenWrt:~# MARKER='EXFL''JGBPPM' run 'ls /etc/dropbear/dropbear_rsa_host_ke
y'
EXFLJGBPPM[0;0m/etc/dropbear/dropbear_rsa_host_key[m
EXFLJGBPPM 0
root@OpenWrt:~# echo 'WTWT''FWQHXF'
WTWTFWQHXF
root@OpenWrt:~# MARKER='YFMC''MBLELP' run 'netstat -tlpn | grep 0.0.0.0:22'
YFMCMBLELPnetstat: showing only processes with your user ID
tcp        0      0 0.0.0.0:22              0.0.0.0:*               LISTEN      1995/dropbear
YFMCMBLELP 0
root@OpenWrt:~# echo 'PNOJ''ZQAPSY'
PNOJZQAPSY
root@OpenWrt:~# MARKER='WJGN''FZWOQO' run 'dmesg | grep br-lan | grep forwarding
'
WJGNFZWOQO[   43.445835] br-lan: port 1(eth0) entered forwarding state
WJGNFZWOQO 0
root@OpenWrt:~# echo 'PEQB''WYFEZF'
PEQBWYFEZF
root@OpenWrt:~# MARKER='VTUC''PLLQOG' run 'ubus call network.interface.lan statu
s '"'"'{}'"'"''
VTUCPLLQOG{
	"up": true,
	"pending": false,
	"available": true,
	"autostart": true,
	"dynamic": false,
	"uptime": 13,
	"l3_device": "br-lan",
	"proto": "static",
	"device": "br-lan",
	"updated": [
		"addresses"
	],
	"metric": 0,
	"dns_metric": 0,
	"delegation": true,
	"ipv4-address": [
		{
			"address": "192.168.1.1",
			"mask": 24
		}
	],
	"ipv6-address": [
		
	],
	"ipv6-prefix": [
		
	],
	"ipv6-prefix-assignment": [
		{
			"address": "fd8b:c25c:1490::",
			"mask": 60,
			"local-address": {
				"address": "fd8b:c25c:1490::1",
				"mask": 60
			}
		}
	],
	"route": [
		
	],
	"dns-server": [
		
	],
	"dns-search": [
		
	],
	"neighbors": [
		
	],
	"inactive": {
		"ipv4-address": [
			
		],
		"ipv6-address": [
			
		],
		"route": [
			
		],
		"dns-server": [
			
		],
		"dns-search": [
			
		],
		"neighbors": [
			
		]
	},
	"data": {
		
	}
}
VTUCPLLQOG 0
root@OpenWrt:~# echo 'SJLX''KGBWVS'
SJLXKGBWVS
root@OpenWrt:~# MARKER='SNMC''QYZHOL' run 'ip -o addr show dev br-lan'
SNMCQYZHOL4: br-lan    inet 192.168.1.1/24 brd 192.168.1.255 scope global br-lan\       valid_lft forever preferred_lft forever
4: br-lan    inet6 fd8b:c25c:1490::1/60 scope global noprefixroute \       valid_lft forever preferred_lft forever
4: br-lan    inet6 fe80::5054:ff:fe12:3456/64 scope link \       valid_lft forever preferred_lft forever
SNMCQYZHOL 0
root@OpenWrt:~# echo 'VWYN''EBHLXV'
VWYNEBHLXV
root@OpenWrt:~# MARKER='ZWKN''MHXEPH' run 'ubus call network.interface.wan statu
s '"'"'{}'"'"''
ZWKNMHXEPH{
	"up": true,
	"pending": false,
	"available": true,
	"autostart": true,
	"dynamic": false,
	"uptime": 12,
	"l3_device": "eth1",
	"proto": "dhcp",
	"device": "eth1",
	"updated": [
		"addresses",
		"routes",
		"data"
	],
	"metric": 0,
	"dns_metric": 0,
	"delegation": true,
	"ipv4-address": [
		{
			"address": "10.0.2.15",
			"mask": 24
		}
	],
	"ipv6-address": [
		
	],
	"ipv6-prefix": [
		
	],
	"ipv6-prefix-assignment": [
		
	],
	"route": [
		{
			"target": "0.0.0.0",
			"mask": 0,
			"nexthop": "10.0.2.2",
			"source": "10.0.2.15/32"
		}
	],
	"dns-server": [
		"10.0.2.3"
	],
	"dns-search": [
		
	],
	"neighbors": [
		
	],
	"inactive": {
		"ipv4-address": [
			
		],
		"ipv6-address": [
			
		],
		"route": [
			
		],
		"dns-server": [
			
		],
		"dns-search": [
			
		],
		"neighbors": [
			
		]
	},
	"data": {
		"dhcpserver": "10.0.2.2",
		"leasetime": 86400
	}
}
ZWKNMHXEPH 0
root@OpenWrt:~# 