Labgrid Console Logfile for main
Logfile started at 2026-03-28 02:16:08.915537
=== Log starts here ===
[    0.000000] Booting Linux on physical CPU 0x0000000000 [0x411fd070]
[    0.000000] Linux version 6.12.74 (builder@buildhost) (aarch64-openwrt-linux-musl-gcc (OpenWrt GCC 14.3.0 r32806-b2685cef6a) 14.3.0, GNU ld (GNU Binutils) 2.44) #0 SMP Fri Mar 27 19:50:50 2026
[    0.000000] KASLR enabled
[    0.000000] random: crng init done
[    0.000000] Machine model: linux,dummy-virt
[    0.000000] efi: UEFI not found.
[    0.000000] OF: reserved mem: Reserved memory: No reserved-memory node in the DT
[    0.000000] NUMA: Faking a node at [mem 0x0000000040000000-0x0000000047ffffff]
[    0.000000] NODE_DATA(0) allocated [mem 0x47fb7e80-0x47fbabff]
[    0.000000] Zone ranges:
[    0.000000]   DMA      [mem 0x0000000040000000-0x0000000047ffffff]
[    0.000000]   DMA32    empty
[    0.000000]   Normal   empty
[    0.000000] Movable zone start for each node
[    0.000000] Early memory node ranges
[    0.000000]   node   0: [mem 0x0000000040000000-0x0000000047ffffff]
[    0.000000] Initmem setup node 0 [mem 0x0000000040000000-0x0000000047ffffff]
[    0.000000] cma: Reserved 32 MiB at 0x0000000045c00000 on node -1
[    0.000000] psci: probing for conduit method from DT.
[    0.000000] psci: PSCIv1.1 detected in firmware.
[    0.000000] psci: Using standard PSCI v0.2 function IDs
[    0.000000] psci: Trusted OS migration not required
[    0.000000] psci: SMC Calling Convention v1.0
[    0.000000] percpu: Embedded 23 pages/cpu s53400 r8192 d32616 u94208
[    0.000000] Detected PIPT I-cache on CPU0
[    0.000000] CPU features: detected: Spectre-v2
[    0.000000] CPU features: detected: Spectre-v3a
[    0.000000] CPU features: detected: Spectre-v4
[    0.000000] CPU features: detected: Spectre-BHB
[    0.000000] CPU features: kernel page table isolation forced ON by KASLR
[    0.000000] CPU features: detected: Kernel page table isolation (KPTI)
[    0.000000] CPU features: detected: ARM erratum 834220
[    0.000000] CPU features: detected: ARM erratum 832075
[    0.000000] CPU features: detected: ARM errata 1165522, 1319367, or 1530923
[    0.000000] alternatives: applying boot alternatives
[    0.000000] Kernel command line: 
[    0.000000] Dentry cache hash table entries: 16384 (order: 5, 131072 bytes, linear)
[    0.000000] Inode-cache hash table entries: 8192 (order: 4, 65536 bytes, linear)
[    0.000000] Fallback order for Node 0: 0 
[    0.000000] Built 1 zonelists, mobility grouping on.  Total pages: 32768
[    0.000000] Policy zone: DMA
[    0.000000] mem auto-init: stack:off, heap alloc:off, heap free:off
[    0.000000] software IO TLB: SWIOTLB bounce buffer size adjusted to 0MB
[    0.000000] software IO TLB: area num 1.
[    0.000000] software IO TLB: mapped [mem 0x0000000047f1a000-0x0000000047f5a000] (0MB)
[    0.000000] SLUB: HWalign=64, Order=0-3, MinObjects=0, CPUs=1, Nodes=1
[    0.000000] rcu: Hierarchical RCU implementation.
[    0.000000] rcu: 	RCU restricting CPUs from NR_CPUS=256 to nr_cpu_ids=1.
[    0.000000] 	Tracing variant of Tasks RCU enabled.
[    0.000000] rcu: RCU calculated value of scheduler-enlistment delay is 10 jiffies.
[    0.000000] rcu: Adjusting geometry for rcu_fanout_leaf=16, nr_cpu_ids=1
[    0.000000] RCU Tasks Trace: Setting shift to 0 and lim to 1 rcu_task_cb_adjust=1 rcu_task_cpu_ids=1.
[    0.000000] NR_IRQS: 64, nr_irqs: 64, preallocated irqs: 0
[    0.000000] Root IRQ handler: 0xffffb517a52100c0
[    0.000000] GICv2m: range[mem 0x08020000-0x08020fff], SPI[80:143]
[    0.000000] rcu: srcu_init: Setting srcu_struct sizes based on contention.
[    0.000000] arch_timer: cp15 timer(s) running at 62.50MHz (virt).
[    0.000000] clocksource: arch_sys_counter: mask: 0x1ffffffffffffff max_cycles: 0x1cd42e208c, max_idle_ns: 881590405314 ns
[    0.000061] sched_clock: 57 bits at 63MHz, resolution 16ns, wraps every 4398046511096ns
[    0.002980] Console: colour dummy device 80x25
[    0.003407] printk: legacy console [tty0] enabled
[    0.007201] Calibrating delay loop (skipped), value calculated using timer frequency.. 125.00 BogoMIPS (lpj=625000)
[    0.007345] pid_max: default: 32768 minimum: 301
[    0.012544] Mount-cache hash table entries: 512 (order: 0, 4096 bytes, linear)
[    0.012604] Mountpoint-cache hash table entries: 512 (order: 0, 4096 bytes, linear)
[    0.039110] cacheinfo: Unable to detect cache hierarchy for CPU 0
[    0.049391] rcu: Hierarchical SRCU implementation.
[    0.049458] rcu: 	Max phase no-delay instances is 1000.
[    0.052481] EFI services will not be available.
[    0.054338] smp: Bringing up secondary CPUs ...
[    0.055144] smp: Brought up 1 node, 1 CPU
[    0.055194] SMP: Total of 1 processors activated.
[    0.055247] CPU: All CPU(s) started at EL1
[    0.055482] CPU features: detected: 32-bit EL0 Support
[    0.055517] CPU features: detected: 32-bit EL1 Support
[    0.055601] CPU features: detected: CRC32 instructions
[    0.061430] alternatives: applying system-wide alternatives
[    0.075589] CPU features: emulated: Privileged Access Never (PAN) using TTBR0_EL1 switching
[    0.087033] Memory: 53252K/131072K available (12608K kernel code, 1572K rwdata, 3420K rodata, 21120K init, 763K bss, 43732K reserved, 32768K cma-reserved)
[    0.120259] clocksource: jiffies: mask: 0xffffffff max_cycles: 0xffffffff, max_idle_ns: 19112604462750000 ns
[    0.120849] futex hash table entries: 256 (order: 2, 16384 bytes, linear)
[    0.122910] 2G module region forced by RANDOMIZE_MODULE_REGION_FULL
[    0.122974] 0 pages in range for non-PLT usage
[    0.123026] 514352 pages in range for PLT usage
[    0.124199] pinctrl core: initialized pinctrl subsystem
[    0.136247] DMI not present or invalid.
[    0.150227] NET: Registered PF_NETLINK/PF_ROUTE protocol family
[    0.160007] DMA: preallocated 128 KiB GFP_KERNEL pool for atomic allocations
[    0.160511] DMA: preallocated 128 KiB GFP_KERNEL|GFP_DMA pool for atomic allocations
[    0.160758] DMA: preallocated 128 KiB GFP_KERNEL|GFP_DMA32 pool for atomic allocations
[    0.164555] thermal_sys: Registered thermal governor 'step_wise'
[    0.164872] cpuidle: using governor ladder
[    0.165076] cpuidle: using governor menu
[    0.165823] ASID allocator initialised with 32768 entries
[    0.167773] Serial: AMBA PL011 UART driver
[    0.194717] 9000000.pl011: ttyAMA0 at MMIO 0x9000000 (irq = 13, base_baud = 0) is a PL011 rev1
[    0.196247] printk: legacy console [ttyAMA0] enabled
[    0.442656] HugeTLB: registered 1.00 GiB page size, pre-allocated 0 pages
[    0.442862] HugeTLB: 0 KiB vmemmap can be freed for a 1.00 GiB page
[    0.443004] HugeTLB: registered 32.0 MiB page size, pre-allocated 0 pages
[    0.443145] HugeTLB: 0 KiB vmemmap can be freed for a 32.0 MiB page
[    0.447126] HugeTLB: registered 2.00 MiB page size, pre-allocated 0 pages
[    0.447381] HugeTLB: 0 KiB vmemmap can be freed for a 2.00 MiB page
[    0.447559] HugeTLB: registered 64.0 KiB page size, pre-allocated 0 pages
[    0.447704] HugeTLB: 0 KiB vmemmap can be freed for a 64.0 KiB page
[    0.464208] cryptd: max_cpu_qlen set to 1000
[    0.468702] ACPI: Interpreter disabled.
[    0.471281] iommu: Default domain type: Passthrough
[    0.473369] SCSI subsystem initialized
[    0.475188] usbcore: registered new interface driver usbfs
[    0.475568] usbcore: registered new interface driver hub
[    0.475838] usbcore: registered new device driver usb
[    0.495257] clocksource: Switched to clocksource arch_sys_counter
[    0.497463] netfs: FS-Cache loaded
[    0.498348] pnp: PnP ACPI: disabled
[    0.506835] NET: Registered PF_INET protocol family
[    0.508360] IP idents hash table entries: 2048 (order: 2, 16384 bytes, linear)
[    0.513680] tcp_listen_portaddr_hash hash table entries: 256 (order: 0, 4096 bytes, linear)
[    0.514027] Table-perturb hash table entries: 65536 (order: 6, 262144 bytes, linear)
[    0.517246] TCP established hash table entries: 1024 (order: 1, 8192 bytes, linear)
[    0.517624] TCP bind hash table entries: 1024 (order: 3, 32768 bytes, linear)
[    0.517938] TCP: Hash tables configured (established 1024 bind 1024)
[    0.529413] MPTCP token hash table entries: 256 (order: 1, 6144 bytes, linear)
[    0.529861] UDP hash table entries: 256 (order: 1, 8192 bytes, linear)
[    0.530215] UDP-Lite hash table entries: 256 (order: 1, 8192 bytes, linear)
[    0.531634] NET: Registered PF_UNIX/PF_LOCAL protocol family
[    0.540391] PCI: CLS 0 bytes, default 64
[    0.574176] kvm [1]: HYP mode not available
[    0.578484] workingset: timestamp_bits=42 max_order=15 bucket_order=0
[    0.580317] squashfs: version 4.0 (2009/01/31) Phillip Lougher
[    0.580481] jffs2: version 2.2 (NAND) (SUMMARY) (LZMA) (RTIME) (CMODE_PRIORITY) (c) 2001-2006 Red Hat, Inc.
[    0.595522] 9p: Installing v9fs 9p2000 file system support
[    0.598054] Block layer SCSI generic (bsg) driver version 0.4 loaded (major 250)
[    0.608282] atomic64_test: passed
[    0.618609] pl061_gpio 9030000.pl061: PL061 GPIO chip registered
[    0.620706] pci-host-generic 4010000000.pcie: host bridge /pcie@10000000 ranges:
[    0.621475] pci-host-generic 4010000000.pcie:       IO 0x003eff0000..0x003effffff -> 0x0000000000
[    0.622451] pci-host-generic 4010000000.pcie:      MEM 0x0010000000..0x003efeffff -> 0x0010000000
[    0.629396] pci-host-generic 4010000000.pcie:      MEM 0x8000000000..0xffffffffff -> 0x8000000000
[    0.630251] pci-host-generic 4010000000.pcie: Memory resource size exceeds max for 32 bits
[    0.632424] pci-host-generic 4010000000.pcie: ECAM at [mem 0x4010000000-0x401fffffff] for [bus 00-ff]
[    0.641352] pci-host-generic 4010000000.pcie: PCI host bridge to bus 0000:00
[    0.641880] pci_bus 0000:00: root bus resource [bus 00-ff]
[    0.642093] pci_bus 0000:00: root bus resource [io  0x0000-0xffff]
[    0.642264] pci_bus 0000:00: root bus resource [mem 0x10000000-0x3efeffff]
[    0.650792] pci_bus 0000:00: root bus resource [mem 0x8000000000-0xffffffffff]
[    0.652790] pci 0000:00:00.0: [1b36:0008] type 00 class 0x060000 conventional PCI endpoint
[    0.656091] pci 0000:00:01.0: [1af4:1000] type 00 class 0x020000 conventional PCI endpoint
[    0.661610] pci 0000:00:01.0: BAR 0 [io  0x0000-0x001f]
[    0.662018] pci 0000:00:01.0: BAR 4 [mem 0x00000000-0x00003fff 64bit pref]
[    0.662319] pci 0000:00:01.0: ROM [mem 0x00000000-0x0007ffff pref]
[    0.662788] pci 0000:00:02.0: [1af4:1005] type 00 class 0x00ff00 conventional PCI endpoint
[    0.672293] pci 0000:00:02.0: BAR 0 [io  0x0000-0x001f]
[    0.672528] pci 0000:00:02.0: BAR 1 [mem 0x00000000-0x00000fff]
[    0.672767] pci 0000:00:02.0: BAR 4 [mem 0x00000000-0x00003fff 64bit pref]
[    0.673241] pci 0000:00:03.0: [1af4:1000] type 00 class 0x020000 conventional PCI endpoint
[    0.683391] pci 0000:00:03.0: BAR 0 [io  0x0000-0x001f]
[    0.683615] pci 0000:00:03.0: BAR 1 [mem 0x00000000-0x00000fff]
[    0.683762] pci 0000:00:03.0: BAR 4 [mem 0x00000000-0x00003fff 64bit pref]
[    0.683946] pci 0000:00:03.0: ROM [mem 0x00000000-0x0007ffff pref]
[    0.696053] pci 0000:00:01.0: ROM [mem 0x10000000-0x1007ffff pref]: assigned
[    0.696377] pci 0000:00:03.0: ROM [mem 0x10080000-0x100fffff pref]: assigned
[    0.696613] pci 0000:00:01.0: BAR 4 [mem 0x8000000000-0x8000003fff 64bit pref]: assigned
[    0.696896] pci 0000:00:02.0: BAR 4 [mem 0x8000004000-0x8000007fff 64bit pref]: assigned
[    0.706651] pci 0000:00:03.0: BAR 4 [mem 0x8000008000-0x800000bfff 64bit pref]: assigned
[    0.707015] pci 0000:00:02.0: BAR 1 [mem 0x10100000-0x10100fff]: assigned
[    0.707197] pci 0000:00:03.0: BAR 1 [mem 0x10101000-0x10101fff]: assigned
[    0.717062] pci 0000:00:01.0: BAR 0 [io  0x1000-0x101f]: assigned
[    0.717349] pci 0000:00:02.0: BAR 0 [io  0x1020-0x103f]: assigned
[    0.717603] pci 0000:00:03.0: BAR 0 [io  0x1040-0x105f]: assigned
[    0.718130] pci_bus 0000:00: resource 4 [io  0x0000-0xffff]
[    0.718283] pci_bus 0000:00: resource 5 [mem 0x10000000-0x3efeffff]
[    0.728146] pci_bus 0000:00: resource 6 [mem 0x8000000000-0xffffffffff]
[    0.730839] hv_vmbus: registering driver hyperv_fb
[    0.837262] virtio-pci 0000:00:01.0: enabling device (0000 -> 0003)
[    0.840140] virtio-pci 0000:00:02.0: enabling device (0000 -> 0003)
[    0.841399] virtio-pci 0000:00:03.0: enabling device (0000 -> 0003)
[    0.843901] Serial: 8250/16550 driver, 16 ports, IRQ sharing enabled
[    0.853138] SuperH (H)SCI(F) driver initialized
[    0.886305] loop: module loaded
[    0.887201] hv_vmbus: registering driver hv_storvsc
[    0.900549] hv_vmbus: registering driver hv_netvsc
[    0.903117] usbcore: registered new interface driver usb-storage
[    0.905773] hv_vmbus: registering driver hyperv_keyboard
[    0.908402] rtc-pl031 9010000.pl031: registered as rtc0
[    0.909134] rtc-pl031 9010000.pl031: setting system clock to 2026-03-28T02:16:09 UTC (1774664169)
[    0.914229] sdhci: Secure Digital Host Controller Interface driver
[    0.914401] sdhci: Copyright(c) Pierre Ossman
[    0.914969] Synopsys Designware Multimedia Card Interface Driver
[    0.915616] sdhci-pltfm: SDHCI platform and OF driver helper
[    0.917322] hid: raw HID events driver (C) Jiri Kosina
[    0.925161] usbcore: registered new interface driver usbhid
[    0.925349] usbhid: USB HID core driver
[    0.927888] NET: Registered PF_INET6 protocol family
[    0.945537] Segment Routing with IPv6
[    0.945840] In-situ OAM (IOAM) with IPv6
[    0.946397] NET: Registered PF_PACKET protocol family
[    0.946992] bridge: filtering via arp/ip/ip6tables is no longer available by default. Update your scripts to load br_netfilter if you need this.
[    0.956501] 8021q: 802.1Q VLAN Support v1.8
[    0.957366] 9pnet: Installing 9P2000 support
[    1.005456] Demotion targets for Node 0: null
[    1.013151] clk: Disabling unused clocks
[    1.013459] PM: genpd: Disabling unused power domains
[    1.055856] Freeing unused kernel memory: 21120K
[    1.057394] Run /init as init process
[    2.979276] init: Console is alive
[    3.073738] kmodloader: loading kernel modules from /etc/modules-boot.d/*
[    3.098532] pps_core: LinuxPPS API ver. 1 registered
[    3.098736] pps_core: Software ver. 5.3.6 - Copyright 2005-2007 Rodolfo Giometti <giometti@linux.it>
[    3.137638] PTP clock support registered
[    3.173662] e1000e: Intel(R) PRO/1000 Network Driver
[    3.173860] e1000e: Copyright(c) 1999 - 2015 Intel Corporation.
[    3.176000] kmodloader: done loading kernel modules from /etc/modules-boot.d/*
[    3.191095] init: - preinit -
[    4.968661] 8021q: adding VLAN 0 to HW filter on device eth0
Press the [f] key and hit [enter] to enter failsafe mode
Press the [1], [2], [3] or [4] key and hit [enter] to select the debug level
[    9.978266] procd: - early -
[   11.072939] procd: - ubus -
[   11.280688] procd: - init -
Please press Enter to activate this console.
root
login[1150]: root login on 'ttyAMA0'


BusyBox v1.37.0 (2026-03-27 19:50:50 UTC) built-in shell (ash)

  _______                     ________        __
 |       |.-----.-----.-----.|  |  |  |.----.|  |_
 |   -   ||  _  |  -__|     ||  |  |  ||   _||   _|
 |_______||   __|_____|__|__||________||__|  |____|
          |__| W I R E L E S S   F R E E D O M
 -----------------------------------------------------
 OpenWrt 25.12-SNAPSHOT, r32806-b2685cef6a Dave's Guitar
 -----------------------------------------------------

 === WARNING! =====================================
 There is no root password defined on this device!
 Use the "passwd" command to set up a new password
 in order to prevent unauthorized SSH logins.
 --------------------------------------------------


 OpenWrt recently switched to the "apk" package manager!

 OPKG Command           APK Equivalent      Description
 ------------------------------------------------------------------
 opkg install <pkg>     apk add <pkg>       Install a package
 opkg remove <pkg>      apk del <pkg>       Remove a package
 opkg upgrade           apk upgrade         Upgrade all packages
 opkg files <pkg>       apk info -L <pkg>   List package contents
 opkg list-installed    apk info            List installed packages
 opkg update            apk update          Update package lists
 opkg search <pkg>      apk search <pkg>    Search for packages
 ------------------------------------------------------------------

For more information visit:
https://openwrt.org/docs/guide-user/additional-software/opkg-to-apk-cheatsheet

root@(none):~# dmesg -n 1
root@(none):~# echo 'LNVW''GQYMUH'
LNVWGQYMUH
root@(none):~# run() { echo -n "$MARKER"; sh -c "$@"; echo "$MARKER $?"; }
root@(none):~# echo 'SVAS''TVVZOC'
SVASTVVZOC
root@(none):~# MARKER='TCCP''JFHMJV' run 'ubus wait_for network.interface.lan'
TCCPJFHMJVTCCPJFHMJV 0
root@OpenWrt:~# echo 'ZJCL''ZSVJVQ'
ZJCLZSVJVQ
root@OpenWrt:~# MARKER='NVTJ''OUASHJ' run 'ubus call network.interface.lan statu
s '"'"'{}'"'"''
NVTJOUASHJ{
	"up": true,
	"pending": false,
	"available": true,
	"autostart": true,
	"dynamic": false,
	"uptime": 0,
	"l3_device": "br-lan",
	"proto": "static",
	"device": "br-lan",
	"updated": [
		"addresses"
	],
	"metric": 0,
	"dns_metric": 0,
	"delegation": true,
	"ipv4-address": [
		{
			"address": "192.168.1.1",
			"mask": 24
		}
	],
	"ipv6-address": [
		
	],
	"ipv6-prefix": [
		
	],
	"ipv6-prefix-assignment": [
		{
			"address": "fd94:fb23:8d11::",
			"mask": 60,
			"local-address": {
				"address": "fd94:fb23:8d11::1",
				"mask": 60
			}
		}
	],
	"route": [
		
	],
	"dns-server": [
		
	],
	"dns-search": [
		
	],
	"neighbors": [
		
	],
	"inactive": {
		"ipv4-address": [
			
		],
		"ipv6-address": [
			
		],
		"route": [
			
		],
		"dns-server": [
			
		],
		"dns-search": [
			
		],
		"neighbors": [
			
		]
	},
	"data": {
		
	}
}
NVTJOUASHJ 0
root@OpenWrt:~# echo 'GFQL''UWOKHX'
GFQLUWOKHX
root@OpenWrt:~# MARKER='ZHFB''QMGGWT' run true
ZHFBQMGGWTZHFBQMGGWT 0
root@OpenWrt:~# echo 'HNVB''HUMNPZ'
HNVBHUMNPZ
root@OpenWrt:~# MARKER='HTZL''GVTTBH' run 'source /etc/os-release; echo $BUILD_I
D'
HTZLGVTTBHr32806-b2685cef6a
HTZLGVTTBH 0
root@OpenWrt:~# echo 'OYVX''NXHVKB'
OYVXNXHVKB
root@OpenWrt:~# MARKER='ULHC''KSQXMX' run 'ls /etc/dropbear/dropbear_rsa_host_ke
y'
ULHCKSQXMX[0;0m/etc/dropbear/dropbear_rsa_host_key[m
ULHCKSQXMX 0
root@OpenWrt:~# echo 'UOMQ''LZBXOW'
UOMQLZBXOW
root@OpenWrt:~# MARKER='LFXB''ZKEQHU' run 'netstat -tlpn | grep 0.0.0.0:22'
LFXBZKEQHUnetstat: showing only processes with your user ID
tcp        0      0 0.0.0.0:22              0.0.0.0:*               LISTEN      1995/dropbear
LFXBZKEQHU 0
root@OpenWrt:~# echo 'FHSJ''QCTEVJ'
FHSJQCTEVJ
root@OpenWrt:~# MARKER='SMMY''ABGTLL' run 'dmesg | grep br-lan | grep forwarding
'
SMMYABGTLL[   42.924726] br-lan: port 1(eth0) entered forwarding state
SMMYABGTLL 0
root@OpenWrt:~# echo 'UAZO''TAJZGW'
UAZOTAJZGW
root@OpenWrt:~# MARKER='ANYG''VQEJCX' run 'ubus call network.interface.lan statu
s '"'"'{}'"'"''
ANYGVQEJCX{
	"up": true,
	"pending": false,
	"available": true,
	"autostart": true,
	"dynamic": false,
	"uptime": 12,
	"l3_device": "br-lan",
	"proto": "static",
	"device": "br-lan",
	"updated": [
		"addresses"
	],
	"metric": 0,
	"dns_metric": 0,
	"delegation": true,
	"ipv4-address": [
		{
			"address": "192.168.1.1",
			"mask": 24
		}
	],
	"ipv6-address": [
		
	],
	"ipv6-prefix": [
		
	],
	"ipv6-prefix-assignment": [
		{
			"address": "fd94:fb23:8d11::",
			"mask": 60,
			"local-address": {
				"address": "fd94:fb23:8d11::1",
				"mask": 60
			}
		}
	],
	"route": [
		
	],
	"dns-server": [
		
	],
	"dns-search": [
		
	],
	"neighbors": [
		
	],
	"inactive": {
		"ipv4-address": [
			
		],
		"ipv6-address": [
			
		],
		"route": [
			
		],
		"dns-server": [
			
		],
		"dns-search": [
			
		],
		"neighbors": [
			
		]
	},
	"data": {
		
	}
}
ANYGVQEJCX 0
root@OpenWrt:~# echo 'VPYK''AYVAAX'
VPYKAYVAAX
root@OpenWrt:~# MARKER='BEQS''MSXWSE' run 'ip -o addr show dev br-lan'
BEQSMSXWSE4: br-lan    inet 192.168.1.1/24 brd 192.168.1.255 scope global br-lan\       valid_lft forever preferred_lft forever
4: br-lan    inet6 fd94:fb23:8d11::1/60 scope global noprefixroute \       valid_lft forever preferred_lft forever
4: br-lan    inet6 fe80::5054:ff:fe12:3456/64 scope link \       valid_lft forever preferred_lft forever
BEQSMSXWSE 0
root@OpenWrt:~# echo 'QNYQ''LOUJTC'
QNYQLOUJTC
root@OpenWrt:~# MARKER='JVHG''SWBPCG' run 'ubus call network.interface.wan statu
s '"'"'{}'"'"''
JVHGSWBPCG{
	"up": true,
	"pending": false,
	"available": true,
	"autostart": true,
	"dynamic": false,
	"uptime": 11,
	"l3_device": "eth1",
	"proto": "dhcp",
	"device": "eth1",
	"updated": [
		"addresses",
		"routes",
		"data"
	],
	"metric": 0,
	"dns_metric": 0,
	"delegation": true,
	"ipv4-address": [
		{
			"address": "10.0.2.15",
			"mask": 24
		}
	],
	"ipv6-address": [
		
	],
	"ipv6-prefix": [
		
	],
	"ipv6-prefix-assignment": [
		
	],
	"route": [
		{
			"target": "0.0.0.0",
			"mask": 0,
			"nexthop": "10.0.2.2",
			"source": "10.0.2.15/32"
		}
	],
	"dns-server": [
		"10.0.2.3"
	],
	"dns-search": [
		
	],
	"neighbors": [
		
	],
	"inactive": {
		"ipv4-address": [
			
		],
		"ipv6-address": [
			
		],
		"route": [
			
		],
		"dns-server": [
			
		],
		"dns-search": [
			
		],
		"neighbors": [
			
		]
	},
	"data": {
		"dhcpserver": "10.0.2.2",
		"leasetime": 86400
	}
}
JVHGSWBPCG 0
root@OpenWrt:~# 